runsolver version 3.4.0 (svn: 3018) Copyright (C) 2010-2013 Olivier ROUSSEL

This program is distributed in the hope that it will be useful,
but WITHOUT ANY WARRANTY; without even the implied warranty of
MERCHANTABILITY or FITNESS FOR A PARTICULAR PURPOSE.  See the
GNU General Public License for more details.

NUMA information:
  number of nodes: 2
  memory of node 0: 257634 MiB (180162 MiB free)
  memory of node 1: 257994 MiB (185882 MiB free)
  node distances:
     10  20
     20  10

command line: /dev/shm/374881de-2e81-11f1-ac62-000c298f4621/input/runsolver -w /dev/shm/374881de-2e81-11f1-ac62-000c298f4621/output/runsolver.log -v /dev/shm/374881de-2e81-11f1-ac62-000c298f4621/output/varfile.log -W 1205 --rss-swap-limit 16384 -d 5 --sigint /usr/bin/perf stat -B -e task-clock,cache-references,cache-misses,cycles,instructions,branches,faults,migrations,context-switches -o /dev/shm/374881de-2e81-11f1-ac62-000c298f4621/output/perf.log clingo /home/guests/mmacri/AMOSUM/benchmarks/GraphColouring/encoding-plain-amo.asp /dev/shm/374881de-2e81-11f1-ac62-000c298f4621/input/0016-graph_colouring-130-0_4992.asp 

running on 2 cores: 24-25

Enforcing wall clock limit (soft limit, will send SIGTERM then SIGKILL): 1205 seconds
Enforcing RSS+Swap limit (soft limit, will send SIGTERM then SIGKILL): 16777216 KiB
Linux 5.15.0-131-generic
solver pid=4057509, runsolver pid=4057501
Current StackSize limit: 8192 KiB


[startup+0.100065 s]*
/proc/loadavg: 14.46 14.46 13.31 19/828 4057539
/proc/meminfo: memFree=374809476/528004312 swapFree=8388604/8388604
[pid=4057509] ppid=4057501 vsize=26908 memory=13612 CPUtime=0.07 cores=24-25
/proc/4057509/stat : 4057509 (perf) S 4057501 4057509 4057142 0 -1 0 1738 237 0 0 5 2 0 0 20 0 1 0 923018005 27553792 3403 17179869184 93824994299904 93824996572973 140737488338256 0 0 0 134217728 4 74274 1 0 0 17 24 0 0 0 0 0 93824998874888 93825001005840 93825001308160 140737488340073 140737488340470 140737488340470 140737488351179 0
/proc/4057509/statm: 6727 3403 2098 555 0 1769 0
[pid=4057534] ppid=4057509 vsize=18900 memory=10636 CPUtime=0.01 cores=24-25
/proc/4057534/stat : 4057534 (clingo) R 4057509 4057509 4057142 0 -1 0 868 0 0 0 1 0 0 0 20 0 1 0 923018014 19353600 2659 17179869184 93824992301056 93824992468925 140737488338416 0 0 0 134217728 4 25184771 0 0 0 17 25 0 0 0 0 0 93824992533936 93824992571272 93824992575488 140737488340183 140737488340354 140737488340354 140737488351170 0
/proc/4057534/statm: 4725 2659 2038 41 0 804 0
Current children cumulated CPU time: 0.08 s
Current children cumulated vsize: 45808 KiB
Current children cumulated memory: 24248 KiB

[startup+0.226791 s]*
/proc/loadavg: 14.46 14.46 13.31 20/829 4057575
/proc/meminfo: memFree=374779656/528004312 swapFree=8388604/8388604
[pid=4057509] ppid=4057501 vsize=26908 memory=13612 CPUtime=0.07 cores=24-25
/proc/4057509/stat : 4057509 (perf) S 4057501 4057509 4057142 0 -1 0 1738 237 0 0 5 2 0 0 20 0 1 0 923018005 27553792 3403 17179869184 93824994299904 93824996572973 140737488338256 0 0 0 134217728 4 74274 1 0 0 17 24 0 0 0 0 0 93824998874888 93825001005840 93825001308160 140737488340073 140737488340470 140737488340470 140737488351179 0
/proc/4057509/statm: 6727 3403 2098 555 0 1769 0
[pid=4057534] ppid=4057509 vsize=24568 memory=16648 CPUtime=0.13 cores=24-25
/proc/4057534/stat : 4057534 (clingo) R 4057509 4057509 4057142 0 -1 0 2384 0 0 0 13 0 0 0 20 0 1 0 923018014 25157632 4162 17179869184 93824992301056 93824992468925 140737488338416 0 0 0 134217728 4 25184771 0 0 0 17 25 0 0 0 0 0 93824992533936 93824992571272 93824992575488 140737488340183 140737488340354 140737488340354 140737488351170 0
/proc/4057534/statm: 6142 4162 2085 41 0 2221 0
Current children cumulated CPU time: 0.2 s
Current children cumulated vsize: 51476 KiB
Current children cumulated memory: 30260 KiB

[startup+0.334301 s]*
/proc/loadavg: 14.46 14.46 13.31 17/830 4057576
/proc/meminfo: memFree=374758740/528004312 swapFree=8388604/8388604
[pid=4057509] ppid=4057501 vsize=26908 memory=13612 CPUtime=0.07 cores=24-25
/proc/4057509/stat : 4057509 (perf) S 4057501 4057509 4057142 0 -1 0 1738 237 0 0 5 2 0 0 20 0 1 0 923018005 27553792 3403 17179869184 93824994299904 93824996572973 140737488338256 0 0 0 134217728 4 74274 1 0 0 17 24 0 0 0 0 0 93824998874888 93825001005840 93825001308160 140737488340073 140737488340470 140737488340470 140737488351179 0
/proc/4057509/statm: 6727 3403 2098 555 0 1769 0
[pid=4057534] ppid=4057509 vsize=25624 memory=17440 CPUtime=0.21 cores=24-25
/proc/4057534/stat : 4057534 (clingo) R 4057509 4057509 4057142 0 -1 0 2641 0 0 0 21 0 0 0 20 0 1 0 923018014 26238976 4360 17179869184 93824992301056 93824992468925 140737488338416 0 0 0 134217728 4 25184771 0 0 0 17 25 0 0 0 0 0 93824992533936 93824992571272 93824992575488 140737488340183 140737488340354 140737488340354 140737488351170 0
/proc/4057534/statm: 6406 4360 2085 41 0 2485 0
Current children cumulated CPU time: 0.28 s
Current children cumulated vsize: 52532 KiB
Current children cumulated memory: 31052 KiB

[startup+0.700323 s]
/proc/loadavg: 14.46 14.46 13.31 20/830 4057576
/proc/meminfo: memFree=374741624/528004312 swapFree=8388604/8388604
[pid=4057509] ppid=4057501 vsize=26908 memory=13612 CPUtime=0.07 cores=24-25
/proc/4057509/stat : 4057509 (perf) S 4057501 4057509 4057142 0 -1 0 1738 237 0 0 5 2 0 0 20 0 1 0 923018005 27553792 3403 17179869184 93824994299904 93824996572973 140737488338256 0 0 0 134217728 4 74274 1 0 0 17 24 0 0 0 0 0 93824998874888 93825001005840 93825001308160 140737488340073 140737488340470 140737488340470 140737488351179 0
/proc/4057509/statm: 6727 3403 2098 555 0 1769 0
[pid=4057534] ppid=4057509 vsize=27232 memory=19024 CPUtime=0.51 cores=24-25
/proc/4057534/stat : 4057534 (clingo) R 4057509 4057509 4057142 0 -1 0 3036 0 0 0 51 0 0 0 20 0 1 0 923018014 27885568 4756 17179869184 93824992301056 93824992468925 140737488338416 0 0 0 134217728 4 25184771 0 0 0 17 25 0 0 0 0 0 93824992533936 93824992571272 93824992575488 140737488340183 140737488340354 140737488340354 140737488351170 0
/proc/4057534/statm: 6808 4756 2085 41 0 2887 0
Current children cumulated CPU time: 0.58 s
Current children cumulated vsize: 54140 KiB
Current children cumulated memory: 32636 KiB

[startup+1.50032 s]
/proc/loadavg: 14.46 14.46 13.31 18/830 4057576
/proc/meminfo: memFree=374716676/528004312 swapFree=8388604/8388604
[pid=4057509] ppid=4057501 vsize=26908 memory=13612 CPUtime=0.07 cores=24-25
/proc/4057509/stat : 4057509 (perf) S 4057501 4057509 4057142 0 -1 0 1738 237 0 0 5 2 0 0 20 0 1 0 923018005 27553792 3403 17179869184 93824994299904 93824996572973 140737488338256 0 0 0 134217728 4 74274 1 0 0 17 24 0 0 0 0 0 93824998874888 93825001005840 93825001308160 140737488340073 140737488340470 140737488340470 140737488351179 0
/proc/4057509/statm: 6727 3403 2098 555 0 1769 0
[pid=4057534] ppid=4057509 vsize=29624 memory=21400 CPUtime=1.28 cores=24-25
/proc/4057534/stat : 4057534 (clingo) R 4057509 4057509 4057142 0 -1 0 3613 0 0 0 128 0 0 0 20 0 1 0 923018014 30334976 5350 17179869184 93824992301056 93824992468925 140737488338416 0 0 0 134217728 4 25184771 0 0 0 17 25 0 0 0 0 0 93824992533936 93824992571272 93824992575488 140737488340183 140737488340354 140737488340354 140737488351170 0
/proc/4057534/statm: 7406 5350 2085 41 0 3485 0
Current children cumulated CPU time: 1.35 s
Current children cumulated vsize: 56532 KiB
Current children cumulated memory: 35012 KiB

[startup+3.11936 s]
/proc/loadavg: 14.42 14.45 13.31 17/832 4057681
/proc/meminfo: memFree=374690824/528004312 swapFree=8388604/8388604
[pid=4057509] ppid=4057501 vsize=26908 memory=13612 CPUtime=0.07 cores=24-25
/proc/4057509/stat : 4057509 (perf) S 4057501 4057509 4057142 0 -1 0 1738 237 0 0 5 2 0 0 20 0 1 0 923018005 27553792 3403 17179869184 93824994299904 93824996572973 140737488338256 0 0 0 134217728 4 74274 1 0 0 17 24 0 0 0 0 0 93824998874888 93825001005840 93825001308160 140737488340073 140737488340470 140737488340470 140737488351179 0
/proc/4057509/statm: 6727 3403 2098 555 0 1769 0
[pid=4057534] ppid=4057509 vsize=32340 memory=24080 CPUtime=2.88 cores=24-25
/proc/4057534/stat : 4057534 (clingo) R 4057509 4057509 4057142 0 -1 0 4370 0 0 0 288 0 0 0 20 0 1 0 923018014 33116160 6020 17179869184 93824992301056 93824992468925 140737488338416 0 0 0 134217728 4 25184771 0 0 0 17 24 0 0 0 0 0 93824992533936 93824992571272 93824992575488 140737488340183 140737488340354 140737488340354 140737488351170 0
/proc/4057534/statm: 8085 6020 2085 41 0 4164 0
Current children cumulated CPU time: 2.95 s
Current children cumulated vsize: 59248 KiB
Current children cumulated memory: 37692 KiB

[startup+6.30028 s]
/proc/loadavg: 14.42 14.45 13.31 17/832 4057784
/proc/meminfo: memFree=374640700/528004312 swapFree=8388604/8388604
[pid=4057509] ppid=4057501 vsize=26908 memory=13612 CPUtime=0.07 cores=24-25
/proc/4057509/stat : 4057509 (perf) S 4057501 4057509 4057142 0 -1 0 1738 237 0 0 5 2 0 0 20 0 1 0 923018005 27553792 3403 17179869184 93824994299904 93824996572973 140737488338256 0 0 0 134217728 4 74274 1 0 0 17 24 0 0 0 0 0 93824998874888 93825001005840 93825001308160 140737488340073 140737488340470 140737488340470 140737488351179 0
/proc/4057509/statm: 6727 3403 2098 555 0 1769 0
[pid=4057534] ppid=4057509 vsize=35188 memory=26984 CPUtime=6.06 cores=24-25
/proc/4057534/stat : 4057534 (clingo) R 4057509 4057509 4057142 0 -1 0 5059 0 0 0 605 1 0 0 20 0 1 0 923018014 36032512 6746 17179869184 93824992301056 93824992468925 140737488338416 0 0 0 134217728 4 25184771 0 0 0 17 24 0 0 0 0 0 93824992533936 93824992571272 93824992575488 140737488340183 140737488340354 140737488340354 140737488351170 0
/proc/4057534/statm: 8797 6746 2085 41 0 4876 0
Current children cumulated CPU time: 6.13 s
Current children cumulated vsize: 62096 KiB
Current children cumulated memory: 40596 KiB

[startup+12.7003 s]
/proc/loadavg: 14.36 14.44 13.32 17/832 4057784
/proc/meminfo: memFree=374588460/528004312 swapFree=8388604/8388604
[pid=4057509] ppid=4057501 vsize=26908 memory=13612 CPUtime=0.07 cores=24-25
/proc/4057509/stat : 4057509 (perf) S 4057501 4057509 4057142 0 -1 0 1738 237 0 0 5 2 0 0 20 0 1 0 923018005 27553792 3403 17179869184 93824994299904 93824996572973 140737488338256 0 0 0 134217728 4 74274 1 0 0 17 24 0 0 0 0 0 93824998874888 93825001005840 93825001308160 140737488340073 140737488340470 140737488340470 140737488351179 0
/proc/4057509/statm: 6727 3403 2098 555 0 1769 0
[pid=4057534] ppid=4057509 vsize=38944 memory=30416 CPUtime=12.46 cores=24-25
/proc/4057534/stat : 4057534 (clingo) R 4057509 4057509 4057142 0 -1 0 5938 0 0 0 1245 1 0 0 20 0 1 0 923018014 39878656 7604 17179869184 93824992301056 93824992468925 140737488338416 0 0 0 134217728 4 25184771 0 0 0 17 24 0 0 0 0 0 93824992533936 93824992571272 93824992575488 140737488340183 140737488340354 140737488340354 140737488351170 0
/proc/4057534/statm: 9736 7604 2085 41 0 5815 0
Current children cumulated CPU time: 12.53 s
Current children cumulated vsize: 65852 KiB
Current children cumulated memory: 44028 KiB

[startup+25.5003 s]
/proc/loadavg: 14.38 14.44 13.33 17/832 4057784
/proc/meminfo: memFree=374511532/528004312 swapFree=8388604/8388604
[pid=4057509] ppid=4057501 vsize=26908 memory=13612 CPUtime=0.07 cores=24-25
/proc/4057509/stat : 4057509 (perf) S 4057501 4057509 4057142 0 -1 0 1738 237 0 0 5 2 0 0 20 0 1 0 923018005 27553792 3403 17179869184 93824994299904 93824996572973 140737488338256 0 0 0 134217728 4 74274 1 0 0 17 24 0 0 0 0 0 93824998874888 93825001005840 93825001308160 140737488340073 140737488340470 140737488340470 140737488351179 0
/proc/4057509/statm: 6727 3403 2098 555 0 1769 0
[pid=4057534] ppid=4057509 vsize=43300 memory=34376 CPUtime=25.25 cores=24-25
/proc/4057534/stat : 4057534 (clingo) R 4057509 4057509 4057142 0 -1 0 6910 0 0 0 2524 1 0 0 20 0 1 0 923018014 44339200 8594 17179869184 93824992301056 93824992468925 140737488338416 0 0 0 134217728 4 25184771 0 0 0 17 24 0 0 0 0 0 93824992533936 93824992571272 93824992575488 140737488340183 140737488340354 140737488340354 140737488351170 0
/proc/4057534/statm: 10825 8594 2085 41 0 6904 0
Current children cumulated CPU time: 25.32 s
Current children cumulated vsize: 70208 KiB
Current children cumulated memory: 47988 KiB

[startup+51.1198 s]
/proc/loadavg: 15.03 14.57 13.40 17/833 4057888
/proc/meminfo: memFree=374508124/528004312 swapFree=8388604/8388604
[pid=4057509] ppid=4057501 vsize=26908 memory=13612 CPUtime=0.07 cores=24-25
/proc/4057509/stat : 4057509 (perf) S 4057501 4057509 4057142 0 -1 0 1738 237 0 0 5 2 0 0 20 0 1 0 923018005 27553792 3403 17179869184 93824994299904 93824996572973 140737488338256 0 0 0 134217728 4 74274 1 0 0 17 24 0 0 0 0 0 93824998874888 93825001005840 93825001308160 140737488340073 140737488340470 140737488340470 140737488351179 0
/proc/4057509/statm: 6727 3403 2098 555 0 1769 0
[pid=4057534] ppid=4057509 vsize=50140 memory=40976 CPUtime=50.88 cores=24-25
/proc/4057534/stat : 4057534 (clingo) R 4057509 4057509 4057142 0 -1 0 8578 0 0 0 5086 2 0 0 20 0 1 0 923018014 51343360 10244 17179869184 93824992301056 93824992468925 140737488338416 0 0 0 134217728 4 25184771 0 0 0 17 24 0 0 0 0 0 93824992533936 93824992571272 93824992575488 140737488340183 140737488340354 140737488340354 140737488351170 0
/proc/4057534/statm: 12535 10244 2085 41 0 8614 0
Current children cumulated CPU time: 50.95 s
Current children cumulated vsize: 77048 KiB
Current children cumulated memory: 54588 KiB

[startup+102.3 s]
/proc/loadavg: 15.16 14.75 13.54 17/834 4057935
/proc/meminfo: memFree=374349144/528004312 swapFree=8388604/8388604
[pid=4057509] ppid=4057501 vsize=26908 memory=13612 CPUtime=0.07 cores=24-25
/proc/4057509/stat : 4057509 (perf) S 4057501 4057509 4057142 0 -1 0 1738 237 0 0 5 2 0 0 20 0 1 0 923018005 27553792 3403 17179869184 93824994299904 93824996572973 140737488338256 0 0 0 134217728 4 74274 1 0 0 17 24 0 0 0 0 0 93824998874888 93825001005840 93825001308160 140737488340073 140737488340470 140737488340470 140737488351179 0
/proc/4057509/statm: 6727 3403 2098 555 0 1769 0
[pid=4057534] ppid=4057509 vsize=62276 memory=51800 CPUtime=102.06 cores=24-25
/proc/4057534/stat : 4057534 (clingo) R 4057509 4057509 4057142 0 -1 0 11258 0 0 0 10204 2 0 0 20 0 1 0 923018014 63770624 12950 17179869184 93824992301056 93824992468925 140737488338416 0 0 0 134217728 4 25184771 0 0 0 17 24 0 0 0 0 0 93824992533936 93824992571272 93824992575488 140737488340183 140737488340354 140737488340354 140737488351170 0
/proc/4057534/statm: 15569 12950 2085 41 0 11648 0
Current children cumulated CPU time: 102.13 s
Current children cumulated vsize: 89184 KiB
Current children cumulated memory: 65412 KiB

[startup+162.3 s]
/proc/loadavg: 14.57 14.64 13.58 17/834 4057938
/proc/meminfo: memFree=374237020/528004312 swapFree=8388604/8388604
[pid=4057509] ppid=4057501 vsize=26908 memory=13612 CPUtime=0.07 cores=24-25
/proc/4057509/stat : 4057509 (perf) S 4057501 4057509 4057142 0 -1 0 1738 237 0 0 5 2 0 0 20 0 1 0 923018005 27553792 3403 17179869184 93824994299904 93824996572973 140737488338256 0 0 0 134217728 4 74274 1 0 0 17 24 0 0 0 0 0 93824998874888 93825001005840 93825001308160 140737488340073 140737488340470 140737488340470 140737488351179 0
/proc/4057509/statm: 6727 3403 2098 555 0 1769 0
[pid=4057534] ppid=4057509 vsize=71972 memory=60552 CPUtime=162.06 cores=24-25
/proc/4057534/stat : 4057534 (clingo) R 4057509 4057509 4057142 0 -1 0 13635 0 0 0 16204 2 0 0 20 0 1 0 923018014 73699328 15138 17179869184 93824992301056 93824992468925 140737488338416 0 0 0 134217728 4 25184771 0 0 0 17 24 0 0 0 0 0 93824992533936 93824992571272 93824992575488 140737488340183 140737488340354 140737488340354 140737488351170 0
/proc/4057534/statm: 17993 15138 2085 41 0 14072 0
Current children cumulated CPU time: 162.13 s
Current children cumulated vsize: 98880 KiB
Current children cumulated memory: 74164 KiB

[startup+222.3 s]
/proc/loadavg: 14.28 14.54 13.62 17/834 4057941
/proc/meminfo: memFree=374141840/528004312 swapFree=8388604/8388604
[pid=4057509] ppid=4057501 vsize=26908 memory=13612 CPUtime=0.07 cores=24-25
/proc/4057509/stat : 4057509 (perf) S 4057501 4057509 4057142 0 -1 0 1738 237 0 0 5 2 0 0 20 0 1 0 923018005 27553792 3403 17179869184 93824994299904 93824996572973 140737488338256 0 0 0 134217728 4 74274 1 0 0 17 24 0 0 0 0 0 93824998874888 93825001005840 93825001308160 140737488340073 140737488340470 140737488340470 140737488351179 0
/proc/4057509/statm: 6727 3403 2098 555 0 1769 0
[pid=4057534] ppid=4057509 vsize=78488 memory=66888 CPUtime=222.06 cores=24-25
/proc/4057534/stat : 4057534 (clingo) R 4057509 4057509 4057142 0 -1 0 15220 0 0 0 22204 2 0 0 20 0 1 0 923018014 80371712 16722 17179869184 93824992301056 93824992468925 140737488338416 0 0 0 134217728 4 25184771 0 0 0 17 24 0 0 0 0 0 93824992533936 93824992571272 93824992575488 140737488340183 140737488340354 140737488340354 140737488351170 0
/proc/4057534/statm: 19622 16722 2085 41 0 15701 0
Current children cumulated CPU time: 222.13 s
Current children cumulated vsize: 105396 KiB
Current children cumulated memory: 80500 KiB

[startup+282.3 s]
/proc/loadavg: 14.32 14.49 13.66 17/834 4057944
/proc/meminfo: memFree=374058952/528004312 swapFree=8388604/8388604
[pid=4057509] ppid=4057501 vsize=26908 memory=13612 CPUtime=0.07 cores=24-25
/proc/4057509/stat : 4057509 (perf) S 4057501 4057509 4057142 0 -1 0 1738 237 0 0 5 2 0 0 20 0 1 0 923018005 27553792 3403 17179869184 93824994299904 93824996572973 140737488338256 0 0 0 134217728 4 74274 1 0 0 17 24 0 0 0 0 0 93824998874888 93825001005840 93825001308160 140737488340073 140737488340470 140737488340470 140737488351179 0
/proc/4057509/statm: 6727 3403 2098 555 0 1769 0
[pid=4057534] ppid=4057509 vsize=82532 memory=70584 CPUtime=282.06 cores=24-25
/proc/4057534/stat : 4057534 (clingo) R 4057509 4057509 4057142 0 -1 0 16127 0 0 0 28204 2 0 0 20 0 1 0 923018014 84512768 17646 17179869184 93824992301056 93824992468925 140737488338416 0 0 0 134217728 4 25184771 0 0 0 17 24 0 0 0 0 0 93824992533936 93824992571272 93824992575488 140737488340183 140737488340354 140737488340354 140737488351170 0
/proc/4057534/statm: 20633 17646 2085 41 0 16712 0
Current children cumulated CPU time: 282.13 s
Current children cumulated vsize: 109440 KiB
Current children cumulated memory: 84196 KiB

[startup+342.3 s]
/proc/loadavg: 14.26 14.44 13.70 17/810 4057949
/proc/meminfo: memFree=373997076/528004312 swapFree=8388604/8388604
[pid=4057509] ppid=4057501 vsize=26908 memory=13612 CPUtime=0.07 cores=24-25
/proc/4057509/stat : 4057509 (perf) S 4057501 4057509 4057142 0 -1 0 1738 237 0 0 5 2 0 0 20 0 1 0 923018005 27553792 3403 17179869184 93824994299904 93824996572973 140737488338256 0 0 0 134217728 4 74274 1 0 0 17 24 0 0 0 0 0 93824998874888 93825001005840 93825001308160 140737488340073 140737488340470 140737488340470 140737488351179 0
/proc/4057509/statm: 6727 3403 2098 555 0 1769 0
[pid=4057534] ppid=4057509 vsize=88620 memory=75864 CPUtime=342.06 cores=24-25
/proc/4057534/stat : 4057534 (clingo) R 4057509 4057509 4057142 0 -1 0 17491 0 0 0 34203 3 0 0 20 0 1 0 923018014 90746880 18966 17179869184 93824992301056 93824992468925 140737488338416 0 0 0 134217728 4 25184771 0 0 0 17 24 0 0 0 0 0 93824992533936 93824992571272 93824992575488 140737488340183 140737488340354 140737488340354 140737488351170 0
/proc/4057534/statm: 22155 18966 2085 41 0 18234 0
Current children cumulated CPU time: 342.13 s
Current children cumulated vsize: 115528 KiB
Current children cumulated memory: 89476 KiB

[startup+402.3 s]
/proc/loadavg: 14.10 14.36 13.72 17/807 4057952
/proc/meminfo: memFree=373930816/528004312 swapFree=8388604/8388604
[pid=4057509] ppid=4057501 vsize=26908 memory=13612 CPUtime=0.07 cores=24-25
/proc/4057509/stat : 4057509 (perf) S 4057501 4057509 4057142 0 -1 0 1738 237 0 0 5 2 0 0 20 0 1 0 923018005 27553792 3403 17179869184 93824994299904 93824996572973 140737488338256 0 0 0 134217728 4 74274 1 0 0 17 24 0 0 0 0 0 93824998874888 93825001005840 93825001308160 140737488340073 140737488340470 140737488340470 140737488351179 0
/proc/4057509/statm: 6727 3403 2098 555 0 1769 0
[pid=4057534] ppid=4057509 vsize=92856 memory=79560 CPUtime=402.06 cores=24-25
/proc/4057534/stat : 4057534 (clingo) R 4057509 4057509 4057142 0 -1 0 18368 0 0 0 40203 3 0 0 20 0 1 0 923018014 95084544 19890 17179869184 93824992301056 93824992468925 140737488338416 0 0 0 134217728 4 25184771 0 0 0 17 24 0 0 0 0 0 93824992533936 93824992571272 93824992575488 140737488340183 140737488340354 140737488340354 140737488351170 0
/proc/4057534/statm: 23214 19890 2085 41 0 19293 0
Current children cumulated CPU time: 402.13 s
Current children cumulated vsize: 119764 KiB
Current children cumulated memory: 93172 KiB

[startup+462.3 s]
/proc/loadavg: 14.30 14.37 13.77 17/808 4057956
/proc/meminfo: memFree=373870100/528004312 swapFree=8388604/8388604
[pid=4057509] ppid=4057501 vsize=26908 memory=13612 CPUtime=0.07 cores=24-25
/proc/4057509/stat : 4057509 (perf) S 4057501 4057509 4057142 0 -1 0 1738 237 0 0 5 2 0 0 20 0 1 0 923018005 27553792 3403 17179869184 93824994299904 93824996572973 140737488338256 0 0 0 134217728 4 74274 1 0 0 17 24 0 0 0 0 0 93824998874888 93825001005840 93825001308160 140737488340073 140737488340470 140737488340470 140737488351179 0
/proc/4057509/statm: 6727 3403 2098 555 0 1769 0
[pid=4057534] ppid=4057509 vsize=99724 memory=85632 CPUtime=462.06 cores=24-25
/proc/4057534/stat : 4057534 (clingo) R 4057509 4057509 4057142 0 -1 0 19901 0 0 0 46203 3 0 0 20 0 1 0 923018014 102117376 21408 17179869184 93824992301056 93824992468925 140737488338416 0 0 0 134217728 4 25184771 0 0 0 17 24 0 0 0 0 0 93824992533936 93824992571272 93824992575488 140737488340183 140737488340354 140737488340354 140737488351170 0
/proc/4057534/statm: 24931 21408 2085 41 0 21010 0
Current children cumulated CPU time: 462.13 s
Current children cumulated vsize: 126632 KiB
Current children cumulated memory: 99244 KiB

[startup+522.3 s]
/proc/loadavg: 14.22 14.33 13.80 17/808 4057960
/proc/meminfo: memFree=373817736/528004312 swapFree=8388604/8388604
[pid=4057509] ppid=4057501 vsize=26908 memory=13612 CPUtime=0.07 cores=24-25
/proc/4057509/stat : 4057509 (perf) S 4057501 4057509 4057142 0 -1 0 1738 237 0 0 5 2 0 0 20 0 1 0 923018005 27553792 3403 17179869184 93824994299904 93824996572973 140737488338256 0 0 0 134217728 4 74274 1 0 0 17 24 0 0 0 0 0 93824998874888 93825001005840 93825001308160 140737488340073 140737488340470 140737488340470 140737488351179 0
/proc/4057509/statm: 6727 3403 2098 555 0 1769 0
[pid=4057534] ppid=4057509 vsize=104844 memory=90120 CPUtime=522.05 cores=24-25
/proc/4057534/stat : 4057534 (clingo) R 4057509 4057509 4057142 0 -1 0 21029 0 0 0 52202 3 0 0 20 0 1 0 923018014 107360256 22530 17179869184 93824992301056 93824992468925 140737488338416 0 0 0 134217728 4 25184771 0 0 0 17 24 0 0 0 0 0 93824992533936 93824992571272 93824992575488 140737488340183 140737488340354 140737488340354 140737488351170 0
/proc/4057534/statm: 26211 22530 2085 41 0 22290 0
Current children cumulated CPU time: 522.12 s
Current children cumulated vsize: 131752 KiB
Current children cumulated memory: 103732 KiB

[startup+582.3 s]
/proc/loadavg: 14.08 14.27 13.81 17/808 4057963
/proc/meminfo: memFree=373774176/528004312 swapFree=8388604/8388604
[pid=4057509] ppid=4057501 vsize=26908 memory=13612 CPUtime=0.07 cores=24-25
/proc/4057509/stat : 4057509 (perf) S 4057501 4057509 4057142 0 -1 0 1738 237 0 0 5 2 0 0 20 0 1 0 923018005 27553792 3403 17179869184 93824994299904 93824996572973 140737488338256 0 0 0 134217728 4 74274 1 0 0 17 24 0 0 0 0 0 93824998874888 93825001005840 93825001308160 140737488340073 140737488340470 140737488340470 140737488351179 0
/proc/4057509/statm: 6727 3403 2098 555 0 1769 0
[pid=4057534] ppid=4057509 vsize=105700 memory=90912 CPUtime=582.05 cores=24-25
/proc/4057534/stat : 4057534 (clingo) R 4057509 4057509 4057142 0 -1 0 21258 0 0 0 58202 3 0 0 20 0 1 0 923018014 108236800 22728 17179869184 93824992301056 93824992468925 140737488338416 0 0 0 134217728 4 25184771 0 0 0 17 24 0 0 0 0 0 93824992533936 93824992571272 93824992575488 140737488340183 140737488340354 140737488340354 140737488351170 0
/proc/4057534/statm: 26425 22728 2085 41 0 22504 0
Current children cumulated CPU time: 582.12 s
Current children cumulated vsize: 132608 KiB
Current children cumulated memory: 104524 KiB

[startup+642.3 s]
/proc/loadavg: 14.60 14.42 13.90 17/808 4057966
/proc/meminfo: memFree=373727052/528004312 swapFree=8388604/8388604
[pid=4057509] ppid=4057501 vsize=26908 memory=13612 CPUtime=0.07 cores=24-25
/proc/4057509/stat : 4057509 (perf) S 4057501 4057509 4057142 0 -1 0 1738 237 0 0 5 2 0 0 20 0 1 0 923018005 27553792 3403 17179869184 93824994299904 93824996572973 140737488338256 0 0 0 134217728 4 74274 1 0 0 17 24 0 0 0 0 0 93824998874888 93825001005840 93825001308160 140737488340073 140737488340470 140737488340470 140737488351179 0
/proc/4057509/statm: 6727 3403 2098 555 0 1769 0
[pid=4057534] ppid=4057509 vsize=108020 memory=93552 CPUtime=642.06 cores=24-25
/proc/4057534/stat : 4057534 (clingo) R 4057509 4057509 4057142 0 -1 0 21872 0 0 0 64202 4 0 0 20 0 1 0 923018014 110612480 23388 17179869184 93824992301056 93824992468925 140737488338416 0 0 0 134217728 4 25184771 0 0 0 17 24 0 0 0 0 0 93824992533936 93824992571272 93824992575488 140737488340183 140737488340354 140737488340354 140737488351170 0
/proc/4057534/statm: 27005 23388 2085 41 0 23084 0
Current children cumulated CPU time: 642.13 s
Current children cumulated vsize: 134928 KiB
Current children cumulated memory: 107164 KiB

[startup+702.3 s]
/proc/loadavg: 14.25 14.36 13.91 17/808 4057969
/proc/meminfo: memFree=373686776/528004312 swapFree=8388604/8388604
[pid=4057509] ppid=4057501 vsize=26908 memory=13612 CPUtime=0.07 cores=24-25
/proc/4057509/stat : 4057509 (perf) S 4057501 4057509 4057142 0 -1 0 1738 237 0 0 5 2 0 0 20 0 1 0 923018005 27553792 3403 17179869184 93824994299904 93824996572973 140737488338256 0 0 0 134217728 4 74274 1 0 0 17 24 0 0 0 0 0 93824998874888 93825001005840 93825001308160 140737488340073 140737488340470 140737488340470 140737488351179 0
/proc/4057509/statm: 6727 3403 2098 555 0 1769 0
[pid=4057534] ppid=4057509 vsize=112100 memory=97248 CPUtime=702.06 cores=24-25
/proc/4057534/stat : 4057534 (clingo) R 4057509 4057509 4057142 0 -1 0 22786 0 0 0 70202 4 0 0 20 0 1 0 923018014 114790400 24312 17179869184 93824992301056 93824992468925 140737488338416 0 0 0 134217728 4 25184771 0 0 0 17 24 0 0 0 0 0 93824992533936 93824992571272 93824992575488 140737488340183 140737488340354 140737488340354 140737488351170 0
/proc/4057534/statm: 28025 24312 2085 41 0 24104 0
Current children cumulated CPU time: 702.13 s
Current children cumulated vsize: 139008 KiB
Current children cumulated memory: 110860 KiB

[startup+762.3 s]
/proc/loadavg: 14.09 14.29 13.92 17/807 4057971
/proc/meminfo: memFree=373647748/528004312 swapFree=8388604/8388604
[pid=4057509] ppid=4057501 vsize=26908 memory=13612 CPUtime=0.07 cores=24-25
/proc/4057509/stat : 4057509 (perf) S 4057501 4057509 4057142 0 -1 0 1738 237 0 0 5 2 0 0 20 0 1 0 923018005 27553792 3403 17179869184 93824994299904 93824996572973 140737488338256 0 0 0 134217728 4 74274 1 0 0 17 24 0 0 0 0 0 93824998874888 93825001005840 93825001308160 140737488340073 140737488340470 140737488340470 140737488351179 0
/proc/4057509/statm: 6727 3403 2098 555 0 1769 0
[pid=4057534] ppid=4057509 vsize=113908 memory=99096 CPUtime=762.06 cores=24-25
/proc/4057534/stat : 4057534 (clingo) R 4057509 4057509 4057142 0 -1 0 23263 0 0 0 76201 5 0 0 20 0 1 0 923018014 116641792 24774 17179869184 93824992301056 93824992468925 140737488338416 0 0 0 134217728 4 25184771 0 0 0 17 24 0 0 0 0 0 93824992533936 93824992571272 93824992575488 140737488340183 140737488340354 140737488340354 140737488351170 0
/proc/4057534/statm: 28477 24774 2085 41 0 24556 0
Current children cumulated CPU time: 762.13 s
Current children cumulated vsize: 140816 KiB
Current children cumulated memory: 112708 KiB

[startup+822.3 s]
/proc/loadavg: 14.07 14.25 13.93 17/809 4057976
/proc/meminfo: memFree=373610216/528004312 swapFree=8388604/8388604
[pid=4057509] ppid=4057501 vsize=26908 memory=13612 CPUtime=0.07 cores=24-25
/proc/4057509/stat : 4057509 (perf) S 4057501 4057509 4057142 0 -1 0 1738 237 0 0 5 2 0 0 20 0 1 0 923018005 27553792 3403 17179869184 93824994299904 93824996572973 140737488338256 0 0 0 134217728 4 74274 1 0 0 17 24 0 0 0 0 0 93824998874888 93825001005840 93825001308160 140737488340073 140737488340470 140737488340470 140737488351179 0
/proc/4057509/statm: 6727 3403 2098 555 0 1769 0
[pid=4057534] ppid=4057509 vsize=116280 memory=101472 CPUtime=822.06 cores=24-25
/proc/4057534/stat : 4057534 (clingo) R 4057509 4057509 4057142 0 -1 0 23892 0 0 0 82201 5 0 0 20 0 1 0 923018014 119070720 25368 17179869184 93824992301056 93824992468925 140737488338416 0 0 0 134217728 4 25184771 0 0 0 17 24 0 0 0 0 0 93824992533936 93824992571272 93824992575488 140737488340183 140737488340354 140737488340354 140737488351170 0
/proc/4057534/statm: 29070 25368 2085 41 0 25149 0
Current children cumulated CPU time: 822.13 s
Current children cumulated vsize: 143188 KiB
Current children cumulated memory: 115084 KiB

[startup+882.3 s]
/proc/loadavg: 14.06 14.22 13.94 17/809 4057979
/proc/meminfo: memFree=373572940/528004312 swapFree=8388604/8388604
[pid=4057509] ppid=4057501 vsize=26908 memory=13612 CPUtime=0.07 cores=24-25
/proc/4057509/stat : 4057509 (perf) S 4057501 4057509 4057142 0 -1 0 1738 237 0 0 5 2 0 0 20 0 1 0 923018005 27553792 3403 17179869184 93824994299904 93824996572973 140737488338256 0 0 0 134217728 4 74274 1 0 0 17 24 0 0 0 0 0 93824998874888 93825001005840 93825001308160 140737488340073 140737488340470 140737488340470 140737488351179 0
/proc/4057509/statm: 6727 3403 2098 555 0 1769 0
[pid=4057534] ppid=4057509 vsize=118864 memory=104112 CPUtime=882.06 cores=24-25
/proc/4057534/stat : 4057534 (clingo) R 4057509 4057509 4057142 0 -1 0 24516 0 0 0 88201 5 0 0 20 0 1 0 923018014 121716736 26028 17179869184 93824992301056 93824992468925 140737488338416 0 0 0 134217728 4 25184771 0 0 0 17 24 0 0 0 0 0 93824992533936 93824992571272 93824992575488 140737488340183 140737488340354 140737488340354 140737488351170 0
/proc/4057534/statm: 29716 26028 2085 41 0 25795 0
Current children cumulated CPU time: 882.13 s
Current children cumulated vsize: 145772 KiB
Current children cumulated memory: 117724 KiB

[startup+942.3 s]
/proc/loadavg: 14.28 14.24 13.97 17/809 4057984
/proc/meminfo: memFree=373527864/528004312 swapFree=8388604/8388604
[pid=4057509] ppid=4057501 vsize=26908 memory=13612 CPUtime=0.07 cores=24-25
/proc/4057509/stat : 4057509 (perf) S 4057501 4057509 4057142 0 -1 0 1738 237 0 0 5 2 0 0 20 0 1 0 923018005 27553792 3403 17179869184 93824994299904 93824996572973 140737488338256 0 0 0 134217728 4 74274 1 0 0 17 24 0 0 0 0 0 93824998874888 93825001005840 93825001308160 140737488340073 140737488340470 140737488340470 140737488351179 0
/proc/4057509/statm: 6727 3403 2098 555 0 1769 0
[pid=4057534] ppid=4057509 vsize=122204 memory=107016 CPUtime=942.06 cores=24-25
/proc/4057534/stat : 4057534 (clingo) R 4057509 4057509 4057142 0 -1 0 25233 0 0 0 94201 5 0 0 20 0 1 0 923018014 125136896 26754 17179869184 93824992301056 93824992468925 140737488338416 0 0 0 134217728 4 25184771 0 0 0 17 24 0 0 0 0 0 93824992533936 93824992571272 93824992575488 140737488340183 140737488340354 140737488340354 140737488351170 0
/proc/4057534/statm: 30551 26754 2085 41 0 26630 0
Current children cumulated CPU time: 942.13 s
Current children cumulated vsize: 149112 KiB
Current children cumulated memory: 120628 KiB

[startup+1002.3 s]
/proc/loadavg: 14.55 14.34 14.02 17/809 4057987
/proc/meminfo: memFree=373491844/528004312 swapFree=8388604/8388604
[pid=4057509] ppid=4057501 vsize=26908 memory=13612 CPUtime=0.07 cores=24-25
/proc/4057509/stat : 4057509 (perf) S 4057501 4057509 4057142 0 -1 0 1738 237 0 0 5 2 0 0 20 0 1 0 923018005 27553792 3403 17179869184 93824994299904 93824996572973 140737488338256 0 0 0 134217728 4 74274 1 0 0 17 24 0 0 0 0 0 93824998874888 93825001005840 93825001308160 140737488340073 140737488340470 140737488340470 140737488351179 0
/proc/4057509/statm: 6727 3403 2098 555 0 1769 0
[pid=4057534] ppid=4057509 vsize=127388 memory=111504 CPUtime=1002.06 cores=24-25
/proc/4057534/stat : 4057534 (clingo) R 4057509 4057509 4057142 0 -1 0 26405 0 0 0 100201 5 0 0 20 0 1 0 923018014 130445312 27876 17179869184 93824992301056 93824992468925 140737488338416 0 0 0 134217728 4 25184771 0 0 0 17 24 0 0 0 0 0 93824992533936 93824992571272 93824992575488 140737488340183 140737488340354 140737488340354 140737488351170 0
/proc/4057534/statm: 31847 27876 2085 41 0 27926 0
Current children cumulated CPU time: 1002.13 s
Current children cumulated vsize: 154296 KiB
Current children cumulated memory: 125116 KiB

[startup+1062.3 s]
/proc/loadavg: 14.24 14.29 14.02 17/809 4057989
/proc/meminfo: memFree=373451796/528004312 swapFree=8388604/8388604
[pid=4057509] ppid=4057501 vsize=26908 memory=13612 CPUtime=0.07 cores=24-25
/proc/4057509/stat : 4057509 (perf) S 4057501 4057509 4057142 0 -1 0 1738 237 0 0 5 2 0 0 20 0 1 0 923018005 27553792 3403 17179869184 93824994299904 93824996572973 140737488338256 0 0 0 134217728 4 74274 1 0 0 17 24 0 0 0 0 0 93824998874888 93825001005840 93825001308160 140737488340073 140737488340470 140737488340470 140737488351179 0
/proc/4057509/statm: 6727 3403 2098 555 0 1769 0
[pid=4057534] ppid=4057509 vsize=129116 memory=113088 CPUtime=1062.06 cores=24-25
/proc/4057534/stat : 4057534 (clingo) R 4057509 4057509 4057142 0 -1 0 26808 0 0 0 106201 5 0 0 20 0 1 0 923018014 132214784 28272 17179869184 93824992301056 93824992468925 140737488338416 0 0 0 134217728 4 25184771 0 0 0 17 24 0 0 0 0 0 93824992533936 93824992571272 93824992575488 140737488340183 140737488340354 140737488340354 140737488351170 0
/proc/4057534/statm: 32279 28272 2085 41 0 28358 0
Current children cumulated CPU time: 1062.13 s
Current children cumulated vsize: 156024 KiB
Current children cumulated memory: 126700 KiB

[startup+1122.3 s]
/proc/loadavg: 14.17 14.27 14.03 17/808 4057993
/proc/meminfo: memFree=373424064/528004312 swapFree=8388604/8388604
[pid=4057509] ppid=4057501 vsize=26908 memory=13612 CPUtime=0.07 cores=24-25
/proc/4057509/stat : 4057509 (perf) S 4057501 4057509 4057142 0 -1 0 1738 237 0 0 5 2 0 0 20 0 1 0 923018005 27553792 3403 17179869184 93824994299904 93824996572973 140737488338256 0 0 0 134217728 4 74274 1 0 0 17 24 0 0 0 0 0 93824998874888 93825001005840 93825001308160 140737488340073 140737488340470 140737488340470 140737488351179 0
/proc/4057509/statm: 6727 3403 2098 555 0 1769 0
[pid=4057534] ppid=4057509 vsize=131708 memory=115464 CPUtime=1122.06 cores=24-25
/proc/4057534/stat : 4057534 (clingo) R 4057509 4057509 4057142 0 -1 0 27343 0 0 0 112201 5 0 0 20 0 1 0 923018014 134868992 28866 17179869184 93824992301056 93824992468925 140737488338416 0 0 0 134217728 4 25184771 0 0 0 17 24 0 0 0 0 0 93824992533936 93824992571272 93824992575488 140737488340183 140737488340354 140737488340354 140737488351170 0
/proc/4057534/statm: 32927 28866 2085 41 0 29006 0
Current children cumulated CPU time: 1122.13 s
Current children cumulated vsize: 158616 KiB
Current children cumulated memory: 129076 KiB

[startup+1182.3 s]
/proc/loadavg: 14.11 14.23 14.03 17/808 4057996
/proc/meminfo: memFree=373392580/528004312 swapFree=8388604/8388604
[pid=4057509] ppid=4057501 vsize=26908 memory=13612 CPUtime=0.07 cores=24-25
/proc/4057509/stat : 4057509 (perf) S 4057501 4057509 4057142 0 -1 0 1738 237 0 0 5 2 0 0 20 0 1 0 923018005 27553792 3403 17179869184 93824994299904 93824996572973 140737488338256 0 0 0 134217728 4 74274 1 0 0 17 24 0 0 0 0 0 93824998874888 93825001005840 93825001308160 140737488340073 140737488340470 140737488340470 140737488351179 0
/proc/4057509/statm: 6727 3403 2098 555 0 1769 0
[pid=4057534] ppid=4057509 vsize=133148 memory=116784 CPUtime=1182.06 cores=24-25
/proc/4057534/stat : 4057534 (clingo) R 4057509 4057509 4057142 0 -1 0 27694 0 0 0 118201 5 0 0 20 0 1 0 923018014 136343552 29196 17179869184 93824992301056 93824992468925 140737488338416 0 0 0 134217728 4 25184771 0 0 0 17 24 0 0 0 0 0 93824992533936 93824992571272 93824992575488 140737488340183 140737488340354 140737488340354 140737488351170 0
/proc/4057534/statm: 33287 29196 2085 41 0 29366 0
Current children cumulated CPU time: 1182.13 s
Current children cumulated vsize: 160056 KiB
Current children cumulated memory: 130396 KiB



Maximum wall clock time exceeded: sending SIGTERM then SIGKILL

[startup+1205 s]*
/proc/loadavg: 14.08 14.21 14.03 12/746 4058237
/proc/meminfo: memFree=373886376/528004312 swapFree=8388604/8388604
[pid=4057509] ppid=4057501 vsize=26908 memory=13612 CPUtime=0.07 cores=24-25
/proc/4057509/stat : 4057509 (perf) S 4057501 4057509 4057142 0 -1 0 1738 237 0 0 5 2 0 0 20 0 1 0 923018005 27553792 3403 17179869184 93824994299904 93824996572973 140737488338256 0 0 0 134217728 4 74274 1 0 0 17 24 0 0 0 0 0 93824998874888 93825001005840 93825001308160 140737488340073 140737488340470 140737488340470 140737488351179 0
/proc/4057509/statm: 6727 3403 2098 555 0 1769 0
[pid=4057534] ppid=4057509 vsize=134588 memory=117840 CPUtime=1204.77 cores=24-25
/proc/4057534/stat : 4057534 (clingo) R 4057509 4057509 4057142 0 -1 0 27980 0 0 0 120472 5 0 0 20 0 1 0 923018014 137818112 29460 17179869184 93824992301056 93824992468925 140737488338416 0 0 0 134217728 4 25184771 0 0 0 17 24 0 0 0 0 0 93824992533936 93824992571272 93824992575488 140737488340183 140737488340354 140737488340354 140737488351170 0
/proc/4057534/statm: 33647 29460 2085 41 0 29726 0
Current children cumulated CPU time: 1204.84 s
Current children cumulated vsize: 161496 KiB
Current children cumulated memory: 131452 KiB

Sending SIGINT to process tree (bottom up)
Sleeping 5 seconds

[startup+1205.03 s]
# the end of solver process 4057509 was just reported to runsolver
# cumulated CPU time of all completed processes:  user=1204.79 s, system=0.094667 s

Solver just ended.
??? end of watcher thread
Dumping a history of the last processes samples

Child status: 1
Real time (s): 1205.03
CPU time (s): 1204.88
CPU user time (s): 1204.79
CPU system time (s): 0.094667
CPU usage (%): 99.9882
Max. virtual memory (cumulated for all children) (KiB): 161496
Max. memory (cumulated for all children) (KiB): 131452

getrusage(RUSAGE_CHILDREN,...) data:
user time used= 1204.79
system time used= 0.094667
maximum resident set size= 118052
integral shared memory size= 0
integral unshared data size= 0
integral unshared stack size= 0
page reclaims= 29995
page faults= 0
swaps= 0
block input operations= 0
block output operations= 0
messages sent= 0
messages received= 0
signals received= 0
voluntary context switches= 21
involuntary context switches= 1023


# summary of solver processes directly reported to runsolver:
#   pid: 4057509
#   total CPU time (s): 1204.88
#   total CPU user time (s): 1204.79
#   total CPU system time (s): 0.094667

??? end of timestamper thread
runsolver used 8.57116 second user time and 15.6179 second system time

The end
