runsolver version 3.4.0 (svn: 3018) Copyright (C) 2010-2013 Olivier ROUSSEL

This program is distributed in the hope that it will be useful,
but WITHOUT ANY WARRANTY; without even the implied warranty of
MERCHANTABILITY or FITNESS FOR A PARTICULAR PURPOSE.  See the
GNU General Public License for more details.

NUMA information:
  number of nodes: 2
  memory of node 0: 257635 MiB (185477 MiB free)
  memory of node 1: 257994 MiB (191366 MiB free)
  node distances:
     10  20
     20  10

command line: /dev/shm/3736956e-2e81-11f1-ac62-000c298f4621/input/runsolver -w /dev/shm/3736956e-2e81-11f1-ac62-000c298f4621/output/runsolver.log -v /dev/shm/3736956e-2e81-11f1-ac62-000c298f4621/output/varfile.log -W 1205 --rss-swap-limit 16384 -d 5 --sigint /usr/bin/perf stat -B -e task-clock,cache-references,cache-misses,cycles,instructions,branches,faults,migrations,context-switches -o /dev/shm/3736956e-2e81-11f1-ac62-000c298f4621/output/perf.log clingo /home/guests/mmacri/AMOSUM/benchmarks/GraphColouring/encoding-plain-amo.asp /dev/shm/3736956e-2e81-11f1-ac62-000c298f4621/input/0006-graph_colouring-125-0_6000.asp 

running on 2 cores: 22-23

Enforcing wall clock limit (soft limit, will send SIGTERM then SIGKILL): 1205 seconds
Enforcing RSS+Swap limit (soft limit, will send SIGTERM then SIGKILL): 16777216 KiB
Linux 5.15.0-131-generic
Current StackSize limit: 8192 KiB

solver pid=3551059, runsolver pid=3551058

[startup+0.100068 s]*
/proc/loadavg: 14.19 13.92 10.43 17/833 3551078
/proc/meminfo: memFree=385877324/528004520 swapFree=8388604/8388604
[pid=3551059] ppid=3551058 vsize=26908 memory=13612 CPUtime=0.07 cores=22-23
/proc/3551059/stat : 3551059 (perf) S 3551058 3551059 3551017 0 -1 0 1738 237 0 0 5 2 0 0 20 0 1 0 922878355 27553792 3403 17179869184 93824994299904 93824996572973 140737488338256 0 0 0 134217728 4 74274 1 0 0 17 22 0 0 0 0 0 93824998874888 93825001005840 93825001308160 140737488340073 140737488340470 140737488340470 140737488351179 0
/proc/3551059/statm: 6727 3403 2098 555 0 1769 0
[pid=3551072] ppid=3551059 vsize=19408 memory=11136 CPUtime=0.02 cores=22-23
/proc/3551072/stat : 3551072 (clingo) R 3551059 3551059 3551017 0 -1 0 1078 0 0 0 2 0 0 0 20 0 1 0 922878363 19873792 2784 17179869184 93824992301056 93824992468925 140737488338416 0 0 0 134217728 4 25184771 0 0 0 17 23 0 0 0 0 0 93824992533936 93824992571272 93824992575488 140737488340183 140737488340354 140737488340354 140737488351170 0
/proc/3551072/statm: 4852 2784 2042 41 0 931 0
Current children cumulated CPU time: 0.09 s
Current children cumulated vsize: 46316 KiB
Current children cumulated memory: 24748 KiB

[startup+0.224083 s]*
/proc/loadavg: 14.19 13.92 10.43 15/833 3551106
/proc/meminfo: memFree=385864952/528004520 swapFree=8388604/8388604
[pid=3551059] ppid=3551058 vsize=26908 memory=13612 CPUtime=0.07 cores=22-23
/proc/3551059/stat : 3551059 (perf) S 3551058 3551059 3551017 0 -1 0 1738 237 0 0 5 2 0 0 20 0 1 0 922878355 27553792 3403 17179869184 93824994299904 93824996572973 140737488338256 0 0 0 134217728 4 74274 1 0 0 17 22 0 0 0 0 0 93824998874888 93825001005840 93825001308160 140737488340073 140737488340470 140737488340470 140737488351179 0
/proc/3551059/statm: 6727 3403 2098 555 0 1769 0
[pid=3551072] ppid=3551059 vsize=23516 memory=15264 CPUtime=0.13 cores=22-23
/proc/3551072/stat : 3551072 (clingo) R 3551059 3551059 3551017 0 -1 0 2093 0 0 0 13 0 0 0 20 0 1 0 922878363 24080384 3816 17179869184 93824992301056 93824992468925 140737488338416 0 0 0 134217728 4 25184771 0 0 0 17 23 0 0 0 0 0 93824992533936 93824992571272 93824992575488 140737488340183 140737488340354 140737488340354 140737488351170 0
/proc/3551072/statm: 5879 3816 2088 41 0 1958 0
Current children cumulated CPU time: 0.2 s
Current children cumulated vsize: 50424 KiB
Current children cumulated memory: 28876 KiB

[startup+0.334816 s]*
/proc/loadavg: 14.19 13.92 10.43 14/840 3551124
/proc/meminfo: memFree=385854624/528004520 swapFree=8388604/8388604
[pid=3551059] ppid=3551058 vsize=26908 memory=13612 CPUtime=0.07 cores=22-23
/proc/3551059/stat : 3551059 (perf) S 3551058 3551059 3551017 0 -1 0 1738 237 0 0 5 2 0 0 20 0 1 0 922878355 27553792 3403 17179869184 93824994299904 93824996572973 140737488338256 0 0 0 134217728 4 74274 1 0 0 17 22 0 0 0 0 0 93824998874888 93825001005840 93825001308160 140737488340073 140737488340470 140737488340470 140737488351179 0
/proc/3551059/statm: 6727 3403 2098 555 0 1769 0
[pid=3551072] ppid=3551059 vsize=24584 memory=16584 CPUtime=0.22 cores=22-23
/proc/3551072/stat : 3551072 (clingo) R 3551059 3551059 3551017 0 -1 0 2388 0 0 0 22 0 0 0 20 0 1 0 922878363 25174016 4146 17179869184 93824992301056 93824992468925 140737488338416 0 0 0 134217728 4 25184771 0 0 0 17 23 0 0 0 0 0 93824992533936 93824992571272 93824992575488 140737488340183 140737488340354 140737488340354 140737488351170 0
/proc/3551072/statm: 6146 4146 2088 41 0 2225 0
Current children cumulated CPU time: 0.29 s
Current children cumulated vsize: 51492 KiB
Current children cumulated memory: 30196 KiB

[startup+0.700343 s]
/proc/loadavg: 14.19 13.92 10.43 15/846 3551165
/proc/meminfo: memFree=385838016/528004520 swapFree=8388604/8388604
[pid=3551059] ppid=3551058 vsize=26908 memory=13612 CPUtime=0.07 cores=22-23
/proc/3551059/stat : 3551059 (perf) S 3551058 3551059 3551017 0 -1 0 1738 237 0 0 5 2 0 0 20 0 1 0 922878355 27553792 3403 17179869184 93824994299904 93824996572973 140737488338256 0 0 0 134217728 4 74274 1 0 0 17 22 0 0 0 0 0 93824998874888 93825001005840 93825001308160 140737488340073 140737488340470 140737488340470 140737488351179 0
/proc/3551059/statm: 6727 3403 2098 555 0 1769 0
[pid=3551072] ppid=3551059 vsize=26056 memory=17904 CPUtime=0.53 cores=22-23
/proc/3551072/stat : 3551072 (clingo) R 3551059 3551059 3551017 0 -1 0 2725 0 0 0 53 0 0 0 20 0 1 0 922878363 26681344 4476 17179869184 93824992301056 93824992468925 140737488338416 0 0 0 134217728 4 25184771 0 0 0 17 22 0 0 0 0 0 93824992533936 93824992571272 93824992575488 140737488340183 140737488340354 140737488340354 140737488351170 0
/proc/3551072/statm: 6514 4476 2088 41 0 2593 0
Current children cumulated CPU time: 0.6 s
Current children cumulated vsize: 52964 KiB
Current children cumulated memory: 31516 KiB

[startup+1.50035 s]
/proc/loadavg: 14.19 13.92 10.43 15/847 3551166
/proc/meminfo: memFree=385764180/528004520 swapFree=8388604/8388604
[pid=3551059] ppid=3551058 vsize=26908 memory=13612 CPUtime=0.07 cores=22-23
/proc/3551059/stat : 3551059 (perf) S 3551058 3551059 3551017 0 -1 0 1738 237 0 0 5 2 0 0 20 0 1 0 922878355 27553792 3403 17179869184 93824994299904 93824996572973 140737488338256 0 0 0 134217728 4 74274 1 0 0 17 22 0 0 0 0 0 93824998874888 93825001005840 93825001308160 140737488340073 140737488340470 140737488340470 140737488351179 0
/proc/3551059/statm: 6727 3403 2098 555 0 1769 0
[pid=3551072] ppid=3551059 vsize=27944 memory=19752 CPUtime=1.33 cores=22-23
/proc/3551072/stat : 3551072 (clingo) R 3551059 3551059 3551017 0 -1 0 3184 0 0 0 133 0 0 0 20 0 1 0 922878363 28614656 4938 17179869184 93824992301056 93824992468925 140737488338416 0 0 0 134217728 4 25184771 0 0 0 17 22 0 0 0 0 0 93824992533936 93824992571272 93824992575488 140737488340183 140737488340354 140737488340354 140737488351170 0
/proc/3551072/statm: 6986 4938 2088 41 0 3065 0
Current children cumulated CPU time: 1.4 s
Current children cumulated vsize: 54852 KiB
Current children cumulated memory: 33364 KiB

[startup+3.11859 s]
/proc/loadavg: 14.18 13.93 10.45 15/847 3551166
/proc/meminfo: memFree=385491588/528004520 swapFree=8388604/8388604
[pid=3551059] ppid=3551058 vsize=26908 memory=13612 CPUtime=0.07 cores=22-23
/proc/3551059/stat : 3551059 (perf) S 3551058 3551059 3551017 0 -1 0 1738 237 0 0 5 2 0 0 20 0 1 0 922878355 27553792 3403 17179869184 93824994299904 93824996572973 140737488338256 0 0 0 134217728 4 74274 1 0 0 17 22 0 0 0 0 0 93824998874888 93825001005840 93825001308160 140737488340073 140737488340470 140737488340470 140737488351179 0
/proc/3551059/statm: 6727 3403 2098 555 0 1769 0
[pid=3551072] ppid=3551059 vsize=31312 memory=22920 CPUtime=2.95 cores=22-23
/proc/3551072/stat : 3551072 (clingo) R 3551059 3551059 3551017 0 -1 0 3962 0 0 0 295 0 0 0 20 0 1 0 922878363 32063488 5730 17179869184 93824992301056 93824992468925 140737488338416 0 0 0 134217728 4 25184771 0 0 0 17 22 0 0 0 0 0 93824992533936 93824992571272 93824992575488 140737488340183 140737488340354 140737488340354 140737488351170 0
/proc/3551072/statm: 7828 5730 2088 41 0 3907 0
Current children cumulated CPU time: 3.02 s
Current children cumulated vsize: 58220 KiB
Current children cumulated memory: 36532 KiB

[startup+6.3003 s]
/proc/loadavg: 14.18 13.93 10.45 15/847 3551166
/proc/meminfo: memFree=385403956/528004520 swapFree=8388604/8388604
[pid=3551059] ppid=3551058 vsize=26908 memory=13612 CPUtime=0.07 cores=22-23
/proc/3551059/stat : 3551059 (perf) S 3551058 3551059 3551017 0 -1 0 1738 237 0 0 5 2 0 0 20 0 1 0 922878355 27553792 3403 17179869184 93824994299904 93824996572973 140737488338256 0 0 0 134217728 4 74274 1 0 0 17 22 0 0 0 0 0 93824998874888 93825001005840 93825001308160 140737488340073 140737488340470 140737488340470 140737488351179 0
/proc/3551059/statm: 6727 3403 2098 555 0 1769 0
[pid=3551072] ppid=3551059 vsize=33992 memory=25296 CPUtime=6.13 cores=22-23
/proc/3551072/stat : 3551072 (clingo) R 3551059 3551059 3551017 0 -1 0 4566 0 0 0 613 0 0 0 20 0 1 0 922878363 34807808 6324 17179869184 93824992301056 93824992468925 140737488338416 0 0 0 134217728 4 25184771 0 0 0 17 22 0 0 0 0 0 93824992533936 93824992571272 93824992575488 140737488340183 140737488340354 140737488340354 140737488351170 0
/proc/3551072/statm: 8498 6324 2088 41 0 4577 0
Current children cumulated CPU time: 6.2 s
Current children cumulated vsize: 60900 KiB
Current children cumulated memory: 38908 KiB

[startup+12.7003 s]
/proc/loadavg: 14.15 13.93 10.49 15/847 3551167
/proc/meminfo: memFree=384756212/528004520 swapFree=8388604/8388604
[pid=3551059] ppid=3551058 vsize=26908 memory=13612 CPUtime=0.07 cores=22-23
/proc/3551059/stat : 3551059 (perf) S 3551058 3551059 3551017 0 -1 0 1738 237 0 0 5 2 0 0 20 0 1 0 922878355 27553792 3403 17179869184 93824994299904 93824996572973 140737488338256 0 0 0 134217728 4 74274 1 0 0 17 22 0 0 0 0 0 93824998874888 93825001005840 93825001308160 140737488340073 140737488340470 140737488340470 140737488351179 0
/proc/3551059/statm: 6727 3403 2098 555 0 1769 0
[pid=3551072] ppid=3551059 vsize=36776 memory=27672 CPUtime=12.53 cores=22-23
/proc/3551072/stat : 3551072 (clingo) R 3551059 3551059 3551017 0 -1 0 5191 0 0 0 1253 0 0 0 20 0 1 0 922878363 37658624 6918 17179869184 93824992301056 93824992468925 140737488338416 0 0 0 134217728 4 25184771 0 0 0 17 22 0 0 0 0 0 93824992533936 93824992571272 93824992575488 140737488340183 140737488340354 140737488340354 140737488351170 0
/proc/3551072/statm: 9194 6918 2088 41 0 5273 0
Current children cumulated CPU time: 12.6 s
Current children cumulated vsize: 63684 KiB
Current children cumulated memory: 41284 KiB

[startup+25.5004 s]
/proc/loadavg: 14.13 13.93 10.53 15/847 3551167
/proc/meminfo: memFree=384326232/528004520 swapFree=8388604/8388604
[pid=3551059] ppid=3551058 vsize=26908 memory=13612 CPUtime=0.07 cores=22-23
/proc/3551059/stat : 3551059 (perf) S 3551058 3551059 3551017 0 -1 0 1738 237 0 0 5 2 0 0 20 0 1 0 922878355 27553792 3403 17179869184 93824994299904 93824996572973 140737488338256 0 0 0 134217728 4 74274 1 0 0 17 22 0 0 0 0 0 93824998874888 93825001005840 93825001308160 140737488340073 140737488340470 140737488340470 140737488351179 0
/proc/3551059/statm: 6727 3403 2098 555 0 1769 0
[pid=3551072] ppid=3551059 vsize=41608 memory=32160 CPUtime=25.34 cores=22-23
/proc/3551072/stat : 3551072 (clingo) R 3551059 3551059 3551017 0 -1 0 6266 0 0 0 2533 1 0 0 20 0 1 0 922878363 42606592 8040 17179869184 93824992301056 93824992468925 140737488338416 0 0 0 134217728 4 25184771 0 0 0 17 22 0 0 0 0 0 93824992533936 93824992571272 93824992575488 140737488340183 140737488340354 140737488340354 140737488351170 0
/proc/3551072/statm: 10402 8040 2088 41 0 6481 0
Current children cumulated CPU time: 25.41 s
Current children cumulated vsize: 68516 KiB
Current children cumulated memory: 45772 KiB

[startup+51.1188 s]
/proc/loadavg: 14.14 13.95 10.63 15/847 3551167
/proc/meminfo: memFree=383313608/528004520 swapFree=8388604/8388604
[pid=3551059] ppid=3551058 vsize=26908 memory=13612 CPUtime=0.07 cores=22-23
/proc/3551059/stat : 3551059 (perf) S 3551058 3551059 3551017 0 -1 0 1738 237 0 0 5 2 0 0 20 0 1 0 922878355 27553792 3403 17179869184 93824994299904 93824996572973 140737488338256 0 0 0 134217728 4 74274 1 0 0 17 22 0 0 0 0 0 93824998874888 93825001005840 93825001308160 140737488340073 140737488340470 140737488340470 140737488351179 0
/proc/3551059/statm: 6727 3403 2098 555 0 1769 0
[pid=3551072] ppid=3551059 vsize=45840 memory=36384 CPUtime=50.95 cores=22-23
/proc/3551072/stat : 3551072 (clingo) R 3551059 3551059 3551017 0 -1 0 7365 0 0 0 5094 1 0 0 20 0 1 0 922878363 46940160 9096 17179869184 93824992301056 93824992468925 140737488338416 0 0 0 134217728 4 25184771 0 0 0 17 22 0 0 0 0 0 93824992533936 93824992571272 93824992575488 140737488340183 140737488340354 140737488340354 140737488351170 0
/proc/3551072/statm: 11460 9096 2088 41 0 7539 0
Current children cumulated CPU time: 51.02 s
Current children cumulated vsize: 72748 KiB
Current children cumulated memory: 49996 KiB

[startup+102.3 s]
/proc/loadavg: 14.05 13.96 10.82 15/848 3551169
/proc/meminfo: memFree=381969540/528004520 swapFree=8388604/8388604
[pid=3551059] ppid=3551058 vsize=26908 memory=13612 CPUtime=0.07 cores=22-23
/proc/3551059/stat : 3551059 (perf) S 3551058 3551059 3551017 0 -1 0 1738 237 0 0 5 2 0 0 20 0 1 0 922878355 27553792 3403 17179869184 93824994299904 93824996572973 140737488338256 0 0 0 134217728 4 74274 1 0 0 17 22 0 0 0 0 0 93824998874888 93825001005840 93825001308160 140737488340073 140737488340470 140737488340470 140737488351179 0
/proc/3551059/statm: 6727 3403 2098 555 0 1769 0
[pid=3551072] ppid=3551059 vsize=52584 memory=42456 CPUtime=102.14 cores=22-23
/proc/3551072/stat : 3551072 (clingo) R 3551059 3551059 3551017 0 -1 0 8831 0 0 0 10212 2 0 0 20 0 1 0 922878363 53846016 10614 17179869184 93824992301056 93824992468925 140737488338416 0 0 0 134217728 4 25184771 0 0 0 17 22 0 0 0 0 0 93824992533936 93824992571272 93824992575488 140737488340183 140737488340354 140737488340354 140737488351170 0
/proc/3551072/statm: 13146 10614 2088 41 0 9225 0
Current children cumulated CPU time: 102.21 s
Current children cumulated vsize: 79492 KiB
Current children cumulated memory: 56068 KiB

[startup+162.3 s]
/proc/loadavg: 14.09 13.99 11.03 15/848 3551170
/proc/meminfo: memFree=380816140/528004520 swapFree=8388604/8388604
[pid=3551059] ppid=3551058 vsize=26908 memory=13612 CPUtime=0.07 cores=22-23
/proc/3551059/stat : 3551059 (perf) S 3551058 3551059 3551017 0 -1 0 1738 237 0 0 5 2 0 0 20 0 1 0 922878355 27553792 3403 17179869184 93824994299904 93824996572973 140737488338256 0 0 0 134217728 4 74274 1 0 0 17 22 0 0 0 0 0 93824998874888 93825001005840 93825001308160 140737488340073 140737488340470 140737488340470 140737488351179 0
/proc/3551059/statm: 6727 3403 2098 555 0 1769 0
[pid=3551072] ppid=3551059 vsize=58680 memory=48264 CPUtime=162.13 cores=22-23
/proc/3551072/stat : 3551072 (clingo) R 3551059 3551059 3551017 0 -1 0 10336 0 0 0 16211 2 0 0 20 0 1 0 922878363 60088320 12066 17179869184 93824992301056 93824992468925 140737488338416 0 0 0 134217728 4 25184771 0 0 0 17 22 0 0 0 0 0 93824992533936 93824992571272 93824992575488 140737488340183 140737488340354 140737488340354 140737488351170 0
/proc/3551072/statm: 14670 12066 2088 41 0 10749 0
Current children cumulated CPU time: 162.2 s
Current children cumulated vsize: 85588 KiB
Current children cumulated memory: 61876 KiB

[startup+222.3 s]
/proc/loadavg: 14.28 14.07 11.24 15/848 3551173
/proc/meminfo: memFree=379972576/528004520 swapFree=8388604/8388604
[pid=3551059] ppid=3551058 vsize=26908 memory=13612 CPUtime=0.07 cores=22-23
/proc/3551059/stat : 3551059 (perf) S 3551058 3551059 3551017 0 -1 0 1738 237 0 0 5 2 0 0 20 0 1 0 922878355 27553792 3403 17179869184 93824994299904 93824996572973 140737488338256 0 0 0 134217728 4 74274 1 0 0 17 22 0 0 0 0 0 93824998874888 93825001005840 93825001308160 140737488340073 140737488340470 140737488340470 140737488351179 0
/proc/3551059/statm: 6727 3403 2098 555 0 1769 0
[pid=3551072] ppid=3551059 vsize=62660 memory=51960 CPUtime=222.13 cores=22-23
/proc/3551072/stat : 3551072 (clingo) R 3551059 3551059 3551017 0 -1 0 11248 0 0 0 22211 2 0 0 20 0 1 0 922878363 64163840 12990 17179869184 93824992301056 93824992468925 140737488338416 0 0 0 134217728 4 25184771 0 0 0 17 22 0 0 0 0 0 93824992533936 93824992571272 93824992575488 140737488340183 140737488340354 140737488340354 140737488351170 0
/proc/3551072/statm: 15665 12990 2088 41 0 11744 0
Current children cumulated CPU time: 222.2 s
Current children cumulated vsize: 89568 KiB
Current children cumulated memory: 65572 KiB

[startup+282.3 s]
/proc/loadavg: 14.17 14.07 11.42 15/848 3551174
/proc/meminfo: memFree=378612612/528004520 swapFree=8388604/8388604
[pid=3551059] ppid=3551058 vsize=26908 memory=13612 CPUtime=0.07 cores=22-23
/proc/3551059/stat : 3551059 (perf) S 3551058 3551059 3551017 0 -1 0 1738 237 0 0 5 2 0 0 20 0 1 0 922878355 27553792 3403 17179869184 93824994299904 93824996572973 140737488338256 0 0 0 134217728 4 74274 1 0 0 17 22 0 0 0 0 0 93824998874888 93825001005840 93825001308160 140737488340073 140737488340470 140737488340470 140737488351179 0
/proc/3551059/statm: 6727 3403 2098 555 0 1769 0
[pid=3551072] ppid=3551059 vsize=68732 memory=56976 CPUtime=282.13 cores=22-23
/proc/3551072/stat : 3551072 (clingo) R 3551059 3551059 3551017 0 -1 0 12499 0 0 0 28210 3 0 0 20 0 1 0 922878363 70381568 14244 17179869184 93824992301056 93824992468925 140737488338416 0 0 0 134217728 4 25184771 0 0 0 17 22 0 0 0 0 0 93824992533936 93824992571272 93824992575488 140737488340183 140737488340354 140737488340354 140737488351170 0
/proc/3551072/statm: 17183 14244 2088 41 0 13262 0
Current children cumulated CPU time: 282.2 s
Current children cumulated vsize: 95640 KiB
Current children cumulated memory: 70588 KiB

[startup+342.3 s]
/proc/loadavg: 14.06 14.05 11.59 15/828 3551177
/proc/meminfo: memFree=377808744/528004520 swapFree=8388604/8388604
[pid=3551059] ppid=3551058 vsize=26908 memory=13612 CPUtime=0.07 cores=22-23
/proc/3551059/stat : 3551059 (perf) S 3551058 3551059 3551017 0 -1 0 1738 237 0 0 5 2 0 0 20 0 1 0 922878355 27553792 3403 17179869184 93824994299904 93824996572973 140737488338256 0 0 0 134217728 4 74274 1 0 0 17 22 0 0 0 0 0 93824998874888 93825001005840 93825001308160 140737488340073 140737488340470 140737488340470 140737488351179 0
/proc/3551059/statm: 6727 3403 2098 555 0 1769 0
[pid=3551072] ppid=3551059 vsize=74232 memory=61728 CPUtime=342.13 cores=22-23
/proc/3551072/stat : 3551072 (clingo) R 3551059 3551059 3551017 0 -1 0 13690 0 0 0 34210 3 0 0 20 0 1 0 922878363 76013568 15432 17179869184 93824992301056 93824992468925 140737488338416 0 0 0 134217728 4 25184771 0 0 0 17 22 0 0 0 0 0 93824992533936 93824992571272 93824992575488 140737488340183 140737488340354 140737488340354 140737488351170 0
/proc/3551072/statm: 18558 15432 2088 41 0 14637 0
Current children cumulated CPU time: 342.2 s
Current children cumulated vsize: 101140 KiB
Current children cumulated memory: 75340 KiB

[startup+402.3 s]
/proc/loadavg: 14.10 14.06 11.75 15/826 3551179
/proc/meminfo: memFree=377478624/528004520 swapFree=8388604/8388604
[pid=3551059] ppid=3551058 vsize=26908 memory=13612 CPUtime=0.07 cores=22-23
/proc/3551059/stat : 3551059 (perf) S 3551058 3551059 3551017 0 -1 0 1738 237 0 0 5 2 0 0 20 0 1 0 922878355 27553792 3403 17179869184 93824994299904 93824996572973 140737488338256 0 0 0 134217728 4 74274 1 0 0 17 22 0 0 0 0 0 93824998874888 93825001005840 93825001308160 140737488340073 140737488340470 140737488340470 140737488351179 0
/proc/3551059/statm: 6727 3403 2098 555 0 1769 0
[pid=3551072] ppid=3551059 vsize=78404 memory=65424 CPUtime=402.13 cores=22-23
/proc/3551072/stat : 3551072 (clingo) R 3551059 3551059 3551017 0 -1 0 14601 0 0 0 40210 3 0 0 20 0 1 0 922878363 80285696 16356 17179869184 93824992301056 93824992468925 140737488338416 0 0 0 134217728 4 25184771 0 0 0 17 22 0 0 0 0 0 93824992533936 93824992571272 93824992575488 140737488340183 140737488340354 140737488340354 140737488351170 0
/proc/3551072/statm: 19601 16356 2088 41 0 15680 0
Current children cumulated CPU time: 402.2 s
Current children cumulated vsize: 105312 KiB
Current children cumulated memory: 79036 KiB

[startup+462.3 s]
/proc/loadavg: 14.04 14.05 11.89 15/826 3551180
/proc/meminfo: memFree=377129360/528004520 swapFree=8388604/8388604
[pid=3551059] ppid=3551058 vsize=26908 memory=13612 CPUtime=0.07 cores=22-23
/proc/3551059/stat : 3551059 (perf) S 3551058 3551059 3551017 0 -1 0 1738 237 0 0 5 2 0 0 20 0 1 0 922878355 27553792 3403 17179869184 93824994299904 93824996572973 140737488338256 0 0 0 134217728 4 74274 1 0 0 17 22 0 0 0 0 0 93824998874888 93825001005840 93825001308160 140737488340073 140737488340470 140737488340470 140737488351179 0
/proc/3551059/statm: 6727 3403 2098 555 0 1769 0
[pid=3551072] ppid=3551059 vsize=79732 memory=67008 CPUtime=462.13 cores=22-23
/proc/3551072/stat : 3551072 (clingo) R 3551059 3551059 3551017 0 -1 0 15008 0 0 0 46210 3 0 0 20 0 1 0 922878363 81645568 16752 17179869184 93824992301056 93824992468925 140737488338416 0 0 0 134217728 4 25184771 0 0 0 17 22 0 0 0 0 0 93824992533936 93824992571272 93824992575488 140737488340183 140737488340354 140737488340354 140737488351170 0
/proc/3551072/statm: 19933 16752 2088 41 0 16012 0
Current children cumulated CPU time: 462.2 s
Current children cumulated vsize: 106640 KiB
Current children cumulated memory: 80620 KiB

[startup+522.3 s]
/proc/loadavg: 14.01 14.04 12.03 15/826 3551181
/proc/meminfo: memFree=376670220/528004520 swapFree=8388604/8388604
[pid=3551059] ppid=3551058 vsize=26908 memory=13612 CPUtime=0.07 cores=22-23
/proc/3551059/stat : 3551059 (perf) S 3551058 3551059 3551017 0 -1 0 1738 237 0 0 5 2 0 0 20 0 1 0 922878355 27553792 3403 17179869184 93824994299904 93824996572973 140737488338256 0 0 0 134217728 4 74274 1 0 0 17 22 0 0 0 0 0 93824998874888 93825001005840 93825001308160 140737488340073 140737488340470 140737488340470 140737488351179 0
/proc/3551059/statm: 6727 3403 2098 555 0 1769 0
[pid=3551072] ppid=3551059 vsize=80300 memory=68064 CPUtime=522.13 cores=22-23
/proc/3551072/stat : 3551072 (clingo) R 3551059 3551059 3551017 0 -1 0 15230 0 0 0 52210 3 0 0 20 0 1 0 922878363 82227200 17016 17179869184 93824992301056 93824992468925 140737488338416 0 0 0 134217728 4 25184771 0 0 0 17 22 0 0 0 0 0 93824992533936 93824992571272 93824992575488 140737488340183 140737488340354 140737488340354 140737488351170 0
/proc/3551072/statm: 20075 17016 2088 41 0 16154 0
Current children cumulated CPU time: 522.2 s
Current children cumulated vsize: 107208 KiB
Current children cumulated memory: 81676 KiB

[startup+582.3 s]
/proc/loadavg: 14.03 14.04 12.16 15/826 3551186
/proc/meminfo: memFree=375827368/528004520 swapFree=8388604/8388604
[pid=3551059] ppid=3551058 vsize=26908 memory=13612 CPUtime=0.07 cores=22-23
/proc/3551059/stat : 3551059 (perf) S 3551058 3551059 3551017 0 -1 0 1738 237 0 0 5 2 0 0 20 0 1 0 922878355 27553792 3403 17179869184 93824994299904 93824996572973 140737488338256 0 0 0 134217728 4 74274 1 0 0 17 22 0 0 0 0 0 93824998874888 93825001005840 93825001308160 140737488340073 140737488340470 140737488340470 140737488351179 0
/proc/3551059/statm: 6727 3403 2098 555 0 1769 0
[pid=3551072] ppid=3551059 vsize=81580 memory=69648 CPUtime=582.13 cores=22-23
/proc/3551072/stat : 3551072 (clingo) R 3551059 3551059 3551017 0 -1 0 15627 0 0 0 58210 3 0 0 20 0 1 0 922878363 83537920 17412 17179869184 93824992301056 93824992468925 140737488338416 0 0 0 134217728 4 25184771 0 0 0 17 22 0 0 0 0 0 93824992533936 93824992571272 93824992575488 140737488340183 140737488340354 140737488340354 140737488351170 0
/proc/3551072/statm: 20395 17412 2088 41 0 16474 0
Current children cumulated CPU time: 582.2 s
Current children cumulated vsize: 108488 KiB
Current children cumulated memory: 83260 KiB

[startup+642.3 s]
/proc/loadavg: 14.01 14.03 12.28 15/826 3551188
/proc/meminfo: memFree=374890188/528004520 swapFree=8388604/8388604
[pid=3551059] ppid=3551058 vsize=26908 memory=13612 CPUtime=0.07 cores=22-23
/proc/3551059/stat : 3551059 (perf) S 3551058 3551059 3551017 0 -1 0 1738 237 0 0 5 2 0 0 20 0 1 0 922878355 27553792 3403 17179869184 93824994299904 93824996572973 140737488338256 0 0 0 134217728 4 74274 1 0 0 17 22 0 0 0 0 0 93824998874888 93825001005840 93825001308160 140737488340073 140737488340470 140737488340470 140737488351179 0
/proc/3551059/statm: 6727 3403 2098 555 0 1769 0
[pid=3551072] ppid=3551059 vsize=83204 memory=71496 CPUtime=642.13 cores=22-23
/proc/3551072/stat : 3551072 (clingo) R 3551059 3551059 3551017 0 -1 0 16099 0 0 0 64210 3 0 0 20 0 1 0 922878363 85200896 17874 17179869184 93824992301056 93824992468925 140737488338416 0 0 0 134217728 4 25184771 0 0 0 17 22 0 0 0 0 0 93824992533936 93824992571272 93824992575488 140737488340183 140737488340354 140737488340354 140737488351170 0
/proc/3551072/statm: 20801 17874 2088 41 0 16880 0
Current children cumulated CPU time: 642.2 s
Current children cumulated vsize: 110112 KiB
Current children cumulated memory: 85108 KiB

[startup+702.3 s]
/proc/loadavg: 14.04 14.04 12.39 15/826 3551189
/proc/meminfo: memFree=373820200/528004520 swapFree=8388604/8388604
[pid=3551059] ppid=3551058 vsize=26908 memory=13612 CPUtime=0.07 cores=22-23
/proc/3551059/stat : 3551059 (perf) S 3551058 3551059 3551017 0 -1 0 1738 237 0 0 5 2 0 0 20 0 1 0 922878355 27553792 3403 17179869184 93824994299904 93824996572973 140737488338256 0 0 0 134217728 4 74274 1 0 0 17 22 0 0 0 0 0 93824998874888 93825001005840 93825001308160 140737488340073 140737488340470 140737488340470 140737488351179 0
/proc/3551059/statm: 6727 3403 2098 555 0 1769 0
[pid=3551072] ppid=3551059 vsize=86192 memory=74328 CPUtime=702.13 cores=22-23
/proc/3551072/stat : 3551072 (clingo) R 3551059 3551059 3551017 0 -1 0 16998 0 0 0 70210 3 0 0 20 0 1 0 922878363 88260608 18582 17179869184 93824992301056 93824992468925 140737488338416 0 0 0 134217728 4 25184771 0 0 0 17 22 0 0 0 0 0 93824992533936 93824992571272 93824992575488 140737488340183 140737488340354 140737488340354 140737488351170 0
/proc/3551072/statm: 21548 18582 2088 41 0 17627 0
Current children cumulated CPU time: 702.2 s
Current children cumulated vsize: 113100 KiB
Current children cumulated memory: 87940 KiB

[startup+762.3 s]
/proc/loadavg: 14.01 14.03 12.49 15/826 3551190
/proc/meminfo: memFree=372838172/528004520 swapFree=8388604/8388604
[pid=3551059] ppid=3551058 vsize=26908 memory=13612 CPUtime=0.07 cores=22-23
/proc/3551059/stat : 3551059 (perf) S 3551058 3551059 3551017 0 -1 0 1738 237 0 0 5 2 0 0 20 0 1 0 922878355 27553792 3403 17179869184 93824994299904 93824996572973 140737488338256 0 0 0 134217728 4 74274 1 0 0 17 22 0 0 0 0 0 93824998874888 93825001005840 93825001308160 140737488340073 140737488340470 140737488340470 140737488351179 0
/proc/3551059/statm: 6727 3403 2098 555 0 1769 0
[pid=3551072] ppid=3551059 vsize=88784 memory=76704 CPUtime=762.13 cores=22-23
/proc/3551072/stat : 3551072 (clingo) R 3551059 3551059 3551017 0 -1 0 17559 0 0 0 76210 3 0 0 20 0 1 0 922878363 90914816 19176 17179869184 93824992301056 93824992468925 140737488338416 0 0 0 134217728 4 25184771 0 0 0 17 22 0 0 0 0 0 93824992533936 93824992571272 93824992575488 140737488340183 140737488340354 140737488340354 140737488351170 0
/proc/3551072/statm: 22196 19176 2088 41 0 18275 0
Current children cumulated CPU time: 762.2 s
Current children cumulated vsize: 115692 KiB
Current children cumulated memory: 90316 KiB

[startup+822.3 s]
/proc/loadavg: 14.30 14.11 12.62 15/826 3551192
/proc/meminfo: memFree=372115340/528004520 swapFree=8388604/8388604
[pid=3551059] ppid=3551058 vsize=26908 memory=13612 CPUtime=0.07 cores=22-23
/proc/3551059/stat : 3551059 (perf) S 3551058 3551059 3551017 0 -1 0 1738 237 0 0 5 2 0 0 20 0 1 0 922878355 27553792 3403 17179869184 93824994299904 93824996572973 140737488338256 0 0 0 134217728 4 74274 1 0 0 17 22 0 0 0 0 0 93824998874888 93825001005840 93825001308160 140737488340073 140737488340470 140737488340470 140737488351179 0
/proc/3551059/statm: 6727 3403 2098 555 0 1769 0
[pid=3551072] ppid=3551059 vsize=91088 memory=78552 CPUtime=822.13 cores=22-23
/proc/3551072/stat : 3551072 (clingo) R 3551059 3551059 3551017 0 -1 0 18038 0 0 0 82210 3 0 0 20 0 1 0 922878363 93274112 19638 17179869184 93824992301056 93824992468925 140737488338416 0 0 0 134217728 4 25184771 0 0 0 17 22 0 0 0 0 0 93824992533936 93824992571272 93824992575488 140737488340183 140737488340354 140737488340354 140737488351170 0
/proc/3551072/statm: 22772 19638 2088 41 0 18851 0
Current children cumulated CPU time: 822.2 s
Current children cumulated vsize: 117996 KiB
Current children cumulated memory: 92164 KiB

[startup+882.3 s]
/proc/loadavg: 15.69 14.45 12.82 15/826 3551194
/proc/meminfo: memFree=371732804/528004520 swapFree=8388604/8388604
[pid=3551059] ppid=3551058 vsize=26908 memory=13612 CPUtime=0.07 cores=22-23
/proc/3551059/stat : 3551059 (perf) S 3551058 3551059 3551017 0 -1 0 1738 237 0 0 5 2 0 0 20 0 1 0 922878355 27553792 3403 17179869184 93824994299904 93824996572973 140737488338256 0 0 0 134217728 4 74274 1 0 0 17 22 0 0 0 0 0 93824998874888 93825001005840 93825001308160 140737488340073 140737488340470 140737488340470 140737488351179 0
/proc/3551059/statm: 6727 3403 2098 555 0 1769 0
[pid=3551072] ppid=3551059 vsize=94256 memory=80928 CPUtime=882.12 cores=22-23
/proc/3551072/stat : 3551072 (clingo) R 3551059 3551059 3551017 0 -1 0 18632 0 0 0 88209 3 0 0 20 0 1 0 922878363 96518144 20232 17179869184 93824992301056 93824992468925 140737488338416 0 0 0 134217728 4 25184771 0 0 0 17 22 0 0 0 0 0 93824992533936 93824992571272 93824992575488 140737488340183 140737488340354 140737488340354 140737488351170 0
/proc/3551072/statm: 23564 20232 2088 41 0 19643 0
Current children cumulated CPU time: 882.19 s
Current children cumulated vsize: 121164 KiB
Current children cumulated memory: 94540 KiB

[startup+942.3 s]
/proc/loadavg: 15.44 14.68 13.01 15/826 3551195
/proc/meminfo: memFree=371533476/528004520 swapFree=8388604/8388604
[pid=3551059] ppid=3551058 vsize=26908 memory=13612 CPUtime=0.07 cores=22-23
/proc/3551059/stat : 3551059 (perf) S 3551058 3551059 3551017 0 -1 0 1738 237 0 0 5 2 0 0 20 0 1 0 922878355 27553792 3403 17179869184 93824994299904 93824996572973 140737488338256 0 0 0 134217728 4 74274 1 0 0 17 22 0 0 0 0 0 93824998874888 93825001005840 93825001308160 140737488340073 140737488340470 140737488340470 140737488351179 0
/proc/3551059/statm: 6727 3403 2098 555 0 1769 0
[pid=3551072] ppid=3551059 vsize=96272 memory=82512 CPUtime=942.13 cores=22-23
/proc/3551072/stat : 3551072 (clingo) R 3551059 3551059 3551017 0 -1 0 19049 0 0 0 94210 3 0 0 20 0 1 0 922878363 98582528 20628 17179869184 93824992301056 93824992468925 140737488338416 0 0 0 134217728 4 25184771 0 0 0 17 22 0 0 0 0 0 93824992533936 93824992571272 93824992575488 140737488340183 140737488340354 140737488340354 140737488351170 0
/proc/3551072/statm: 24068 20628 2088 41 0 20147 0
Current children cumulated CPU time: 942.2 s
Current children cumulated vsize: 123180 KiB
Current children cumulated memory: 96124 KiB

[startup+1002.3 s]
/proc/loadavg: 14.69 14.61 13.10 15/826 3551197
/proc/meminfo: memFree=371430412/528004520 swapFree=8388604/8388604
[pid=3551059] ppid=3551058 vsize=26908 memory=13612 CPUtime=0.07 cores=22-23
/proc/3551059/stat : 3551059 (perf) S 3551058 3551059 3551017 0 -1 0 1738 237 0 0 5 2 0 0 20 0 1 0 922878355 27553792 3403 17179869184 93824994299904 93824996572973 140737488338256 0 0 0 134217728 4 74274 1 0 0 17 22 0 0 0 0 0 93824998874888 93825001005840 93825001308160 140737488340073 140737488340470 140737488340470 140737488351179 0
/proc/3551059/statm: 6727 3403 2098 555 0 1769 0
[pid=3551072] ppid=3551059 vsize=98000 memory=84096 CPUtime=1002.12 cores=22-23
/proc/3551072/stat : 3551072 (clingo) R 3551059 3551059 3551017 0 -1 0 19402 0 0 0 100209 3 0 0 20 0 1 0 922878363 100352000 21024 17179869184 93824992301056 93824992468925 140737488338416 0 0 0 134217728 4 25184771 0 0 0 17 22 0 0 0 0 0 93824992533936 93824992571272 93824992575488 140737488340183 140737488340354 140737488340354 140737488351170 0
/proc/3551072/statm: 24500 21024 2088 41 0 20579 0
Current children cumulated CPU time: 1002.19 s
Current children cumulated vsize: 124908 KiB
Current children cumulated memory: 97708 KiB

[startup+1062.3 s]
/proc/loadavg: 14.33 14.53 13.17 15/826 3551199
/proc/meminfo: memFree=371295112/528004520 swapFree=8388604/8388604
[pid=3551059] ppid=3551058 vsize=26908 memory=13612 CPUtime=0.07 cores=22-23
/proc/3551059/stat : 3551059 (perf) S 3551058 3551059 3551017 0 -1 0 1738 237 0 0 5 2 0 0 20 0 1 0 922878355 27553792 3403 17179869184 93824994299904 93824996572973 140737488338256 0 0 0 134217728 4 74274 1 0 0 17 22 0 0 0 0 0 93824998874888 93825001005840 93825001308160 140737488340073 140737488340470 140737488340470 140737488351179 0
/proc/3551059/statm: 6727 3403 2098 555 0 1769 0
[pid=3551072] ppid=3551059 vsize=103760 memory=88584 CPUtime=1062.13 cores=22-23
/proc/3551072/stat : 3551072 (clingo) R 3551059 3551059 3551017 0 -1 0 20538 0 0 0 106210 3 0 0 20 0 1 0 922878363 106250240 22146 17179869184 93824992301056 93824992468925 140737488338416 0 0 0 134217728 4 25184771 0 0 0 17 22 0 0 0 0 0 93824992533936 93824992571272 93824992575488 140737488340183 140737488340354 140737488340354 140737488351170 0
/proc/3551072/statm: 25940 22146 2088 41 0 22019 0
Current children cumulated CPU time: 1062.2 s
Current children cumulated vsize: 130668 KiB
Current children cumulated memory: 102196 KiB

[startup+1122.3 s]
/proc/loadavg: 14.12 14.43 13.22 15/826 3551201
/proc/meminfo: memFree=371102100/528004520 swapFree=8388604/8388604
[pid=3551059] ppid=3551058 vsize=26908 memory=13612 CPUtime=0.07 cores=22-23
/proc/3551059/stat : 3551059 (perf) S 3551058 3551059 3551017 0 -1 0 1738 237 0 0 5 2 0 0 20 0 1 0 922878355 27553792 3403 17179869184 93824994299904 93824996572973 140737488338256 0 0 0 134217728 4 74274 1 0 0 17 22 0 0 0 0 0 93824998874888 93825001005840 93825001308160 140737488340073 140737488340470 140737488340470 140737488351179 0
/proc/3551059/statm: 6727 3403 2098 555 0 1769 0
[pid=3551072] ppid=3551059 vsize=105776 memory=90168 CPUtime=1122.12 cores=22-23
/proc/3551072/stat : 3551072 (clingo) R 3551059 3551059 3551017 0 -1 0 20981 0 0 0 112209 3 0 0 20 0 1 0 922878363 108314624 22542 17179869184 93824992301056 93824992468925 140737488338416 0 0 0 134217728 4 25184771 0 0 0 17 22 0 0 0 0 0 93824992533936 93824992571272 93824992575488 140737488340183 140737488340354 140737488340354 140737488351170 0
/proc/3551072/statm: 26444 22542 2088 41 0 22523 0
Current children cumulated CPU time: 1122.19 s
Current children cumulated vsize: 132684 KiB
Current children cumulated memory: 103780 KiB

[startup+1182.3 s]
/proc/loadavg: 14.29 14.44 13.30 15/826 3551204
/proc/meminfo: memFree=370819128/528004520 swapFree=8388604/8388604
[pid=3551059] ppid=3551058 vsize=26908 memory=13612 CPUtime=0.07 cores=22-23
/proc/3551059/stat : 3551059 (perf) S 3551058 3551059 3551017 0 -1 0 1738 237 0 0 5 2 0 0 20 0 1 0 922878355 27553792 3403 17179869184 93824994299904 93824996572973 140737488338256 0 0 0 134217728 4 74274 1 0 0 17 22 0 0 0 0 0 93824998874888 93825001005840 93825001308160 140737488340073 140737488340470 140737488340470 140737488351179 0
/proc/3551059/statm: 6727 3403 2098 555 0 1769 0
[pid=3551072] ppid=3551059 vsize=108944 memory=92808 CPUtime=1182.13 cores=22-23
/proc/3551072/stat : 3551072 (clingo) R 3551059 3551059 3551017 0 -1 0 21606 0 0 0 118210 3 0 0 20 0 1 0 922878363 111558656 23202 17179869184 93824992301056 93824992468925 140737488338416 0 0 0 134217728 4 25184771 0 0 0 17 22 0 0 0 0 0 93824992533936 93824992571272 93824992575488 140737488340183 140737488340354 140737488340354 140737488351170 0
/proc/3551072/statm: 27236 23202 2088 41 0 23315 0
Current children cumulated CPU time: 1182.2 s
Current children cumulated vsize: 135852 KiB
Current children cumulated memory: 106420 KiB



Maximum wall clock time exceeded: sending SIGTERM then SIGKILL

[startup+1205 s]*
/proc/loadavg: 14.43 14.45 13.34 15/845 3552677
/proc/meminfo: memFree=386106124/528004520 swapFree=8388604/8388604
[pid=3551059] ppid=3551058 vsize=26908 memory=13612 CPUtime=0.07 cores=22-23
/proc/3551059/stat : 3551059 (perf) S 3551058 3551059 3551017 0 -1 0 1738 237 0 0 5 2 0 0 20 0 1 0 922878355 27553792 3403 17179869184 93824994299904 93824996572973 140737488338256 0 0 0 134217728 4 74274 1 0 0 17 22 0 0 0 0 0 93824998874888 93825001005840 93825001308160 140737488340073 140737488340470 140737488340470 140737488351179 0
/proc/3551059/statm: 6727 3403 2098 555 0 1769 0
[pid=3551072] ppid=3551059 vsize=108944 memory=92808 CPUtime=1204.85 cores=22-23
/proc/3551072/stat : 3551072 (clingo) R 3551059 3551059 3551017 0 -1 0 21607 0 0 0 120481 4 0 0 20 0 1 0 922878363 111558656 23202 17179869184 93824992301056 93824992468925 140737488338416 0 0 0 134217728 4 25184771 0 0 0 17 22 0 0 0 0 0 93824992533936 93824992571272 93824992575488 140737488340183 140737488340354 140737488340354 140737488351170 0
/proc/3551072/statm: 27236 23202 2088 41 0 23315 0
Current children cumulated CPU time: 1204.92 s
Current children cumulated vsize: 135852 KiB
Current children cumulated memory: 106420 KiB

Sending SIGINT to process tree (bottom up)
Sleeping 5 seconds

[startup+1205.02 s]
# the end of solver process 3551059 was just reported to runsolver
# cumulated CPU time of all completed processes:  user=1204.88 s, system=0.068195 s

Solver just ended.
??? end of watcher thread
Dumping a history of the last processes samples

Child status: 1
Real time (s): 1205.02
CPU time (s): 1204.94
CPU user time (s): 1204.88
CPU system time (s): 0.068195
CPU usage (%): 99.9933
Max. virtual memory (cumulated for all children) (KiB): 135852
Max. memory (cumulated for all children) (KiB): 106420

getrusage(RUSAGE_CHILDREN,...) data:
user time used= 1204.88
system time used= 0.068195
maximum resident set size= 92932
integral shared memory size= 0
integral unshared data size= 0
integral unshared stack size= 0
page reclaims= 23622
page faults= 0
swaps= 0
block input operations= 0
block output operations= 0
messages sent= 0
messages received= 0
signals received= 0
voluntary context switches= 18
involuntary context switches= 961


# summary of solver processes directly reported to runsolver:
#   pid: 3551059
#   total CPU time (s): 1204.94
#   total CPU user time (s): 1204.88
#   total CPU system time (s): 0.068195

??? end of timestamper thread
runsolver used 12.5375 second user time and 11.165 second system time

The end
