runsolver version 3.4.0 (svn: 3018) Copyright (C) 2010-2013 Olivier ROUSSEL

This program is distributed in the hope that it will be useful,
but WITHOUT ANY WARRANTY; without even the implied warranty of
MERCHANTABILITY or FITNESS FOR A PARTICULAR PURPOSE.  See the
GNU General Public License for more details.

NUMA information:
  number of nodes: 2
  memory of node 0: 257635 MiB (187370 MiB free)
  memory of node 1: 257994 MiB (190610 MiB free)
  node distances:
     10  20
     20  10

command line: /dev/shm/3739b276-2e81-11f1-ac62-000c298f4621/input/runsolver -w /dev/shm/3739b276-2e81-11f1-ac62-000c298f4621/output/runsolver.log -v /dev/shm/3739b276-2e81-11f1-ac62-000c298f4621/output/varfile.log -W 1205 --rss-swap-limit 16384 -d 5 --sigint /usr/bin/perf stat -B -e task-clock,cache-references,cache-misses,cycles,instructions,branches,faults,migrations,context-switches -o /dev/shm/3739b276-2e81-11f1-ac62-000c298f4621/output/perf.log clingo /home/guests/mmacri/AMOSUM/benchmarks/GraphColouring/encoding-plain-amo.asp /dev/shm/3739b276-2e81-11f1-ac62-000c298f4621/input/0008-graph_colouring-125-0_4800.asp 

running on 2 cores: 8-9

Enforcing wall clock limit (soft limit, will send SIGTERM then SIGKILL): 1205 seconds
Enforcing RSS+Swap limit (soft limit, will send SIGTERM then SIGKILL): 16777216 KiB
Linux 5.15.0-131-generic
Current StackSize limit: 8192 KiB

solver pid=1841582, runsolver pid=1841581

[startup+0.10007 s]*
/proc/loadavg: 14.00 13.82 10.37 15/849 1841586
/proc/meminfo: memFree=387040576/528004524 swapFree=8388604/8388604
[pid=1841582] ppid=1841581 vsize=26908 memory=13616 CPUtime=0.07 cores=8-9
/proc/1841582/stat : 1841582 (perf) S 1841581 1841582 1841540 0 -1 0 1738 237 0 0 5 2 0 0 20 0 1 0 922852738 27553792 3404 17179869184 93824994299904 93824996572973 140737488338256 0 0 0 134217728 4 74274 1 0 0 17 8 0 0 0 0 0 93824998874888 93825001005840 93825001308160 140737488340073 140737488340470 140737488340470 140737488351179 0
/proc/1841582/statm: 6727 3404 2099 555 0 1769 0
[pid=1841586] ppid=1841582 vsize=19928 memory=11840 CPUtime=0.03 cores=8-9
/proc/1841586/stat : 1841586 (clingo) R 1841582 1841582 1841540 0 -1 0 1173 0 0 0 3 0 0 0 20 0 1 0 922852746 20406272 2960 17179869184 93824992301056 93824992468925 140737488338416 0 0 0 134217728 4 25184771 0 0 0 17 9 0 0 0 0 0 93824992533936 93824992571272 93824992575488 140737488340183 140737488340354 140737488340354 140737488351170 0
/proc/1841586/statm: 4982 2960 2091 41 0 1061 0
Current children cumulated CPU time: 0.1 s
Current children cumulated vsize: 46836 KiB
Current children cumulated memory: 25456 KiB

[startup+0.235328 s]*
/proc/loadavg: 14.00 13.82 10.37 15/849 1841586
/proc/meminfo: memFree=387021872/528004524 swapFree=8388604/8388604
[pid=1841582] ppid=1841581 vsize=26908 memory=13616 CPUtime=0.07 cores=8-9
/proc/1841582/stat : 1841582 (perf) S 1841581 1841582 1841540 0 -1 0 1738 237 0 0 5 2 0 0 20 0 1 0 922852738 27553792 3404 17179869184 93824994299904 93824996572973 140737488338256 0 0 0 134217728 4 74274 1 0 0 17 8 0 0 0 0 0 93824998874888 93825001005840 93825001308160 140737488340073 140737488340470 140737488340470 140737488351179 0
/proc/1841582/statm: 6727 3404 2099 555 0 1769 0
[pid=1841586] ppid=1841582 vsize=24308 memory=16328 CPUtime=0.14 cores=8-9
/proc/1841586/stat : 1841586 (clingo) R 1841582 1841582 1841540 0 -1 0 2285 0 0 0 14 0 0 0 20 0 1 0 922852746 24891392 4082 17179869184 93824992301056 93824992468925 140737488338416 0 0 0 134217728 4 25184771 0 0 0 17 8 0 0 0 0 0 93824992533936 93824992571272 93824992575488 140737488340183 140737488340354 140737488340354 140737488351170 0
/proc/1841586/statm: 6077 4082 2091 41 0 2156 0
Current children cumulated CPU time: 0.21 s
Current children cumulated vsize: 51216 KiB
Current children cumulated memory: 29944 KiB

[startup+0.318949 s]*
/proc/loadavg: 14.00 13.82 10.37 15/849 1841586
/proc/meminfo: memFree=387010308/528004524 swapFree=8388604/8388604
[pid=1841582] ppid=1841581 vsize=26908 memory=13616 CPUtime=0.07 cores=8-9
/proc/1841582/stat : 1841582 (perf) S 1841581 1841582 1841540 0 -1 0 1738 237 0 0 5 2 0 0 20 0 1 0 922852738 27553792 3404 17179869184 93824994299904 93824996572973 140737488338256 0 0 0 134217728 4 74274 1 0 0 17 8 0 0 0 0 0 93824998874888 93825001005840 93825001308160 140737488340073 140737488340470 140737488340470 140737488351179 0
/proc/1841582/statm: 6727 3404 2099 555 0 1769 0
[pid=1841586] ppid=1841582 vsize=25500 memory=17384 CPUtime=0.23 cores=8-9
/proc/1841586/stat : 1841586 (clingo) R 1841582 1841582 1841540 0 -1 0 2556 0 0 0 22 1 0 0 20 0 1 0 922852746 26112000 4346 17179869184 93824992301056 93824992468925 140737488338416 0 0 0 134217728 4 25184771 0 0 0 17 8 0 0 0 0 0 93824992533936 93824992571272 93824992575488 140737488340183 140737488340354 140737488340354 140737488351170 0
/proc/1841586/statm: 6375 4346 2091 41 0 2454 0
Current children cumulated CPU time: 0.3 s
Current children cumulated vsize: 52408 KiB
Current children cumulated memory: 31000 KiB

[startup+0.700345 s]
/proc/loadavg: 14.00 13.82 10.37 15/849 1841586
/proc/meminfo: memFree=386987628/528004524 swapFree=8388604/8388604
[pid=1841582] ppid=1841581 vsize=26908 memory=13616 CPUtime=0.07 cores=8-9
/proc/1841582/stat : 1841582 (perf) S 1841581 1841582 1841540 0 -1 0 1738 237 0 0 5 2 0 0 20 0 1 0 922852738 27553792 3404 17179869184 93824994299904 93824996572973 140737488338256 0 0 0 134217728 4 74274 1 0 0 17 8 0 0 0 0 0 93824998874888 93825001005840 93825001308160 140737488340073 140737488340470 140737488340470 140737488351179 0
/proc/1841582/statm: 6727 3404 2099 555 0 1769 0
[pid=1841586] ppid=1841582 vsize=27612 memory=19496 CPUtime=0.59 cores=8-9
/proc/1841586/stat : 1841586 (clingo) R 1841582 1841582 1841540 0 -1 0 3098 0 0 0 58 1 0 0 20 0 1 0 922852746 28274688 4874 17179869184 93824992301056 93824992468925 140737488338416 0 0 0 134217728 4 25184771 0 0 0 17 8 0 0 0 0 0 93824992533936 93824992571272 93824992575488 140737488340183 140737488340354 140737488340354 140737488351170 0
/proc/1841586/statm: 6903 4874 2091 41 0 2982 0
Current children cumulated CPU time: 0.66 s
Current children cumulated vsize: 54520 KiB
Current children cumulated memory: 33112 KiB

[startup+1.50035 s]
/proc/loadavg: 14.00 13.82 10.37 15/849 1841586
/proc/meminfo: memFree=386922360/528004524 swapFree=8388604/8388604
[pid=1841582] ppid=1841581 vsize=26908 memory=13616 CPUtime=0.07 cores=8-9
/proc/1841582/stat : 1841582 (perf) S 1841581 1841582 1841540 0 -1 0 1738 237 0 0 5 2 0 0 20 0 1 0 922852738 27553792 3404 17179869184 93824994299904 93824996572973 140737488338256 0 0 0 134217728 4 74274 1 0 0 17 8 0 0 0 0 0 93824998874888 93825001005840 93825001308160 140737488340073 140737488340470 140737488340470 140737488351179 0
/proc/1841582/statm: 6727 3404 2099 555 0 1769 0
[pid=1841586] ppid=1841582 vsize=29072 memory=21080 CPUtime=1.39 cores=8-9
/proc/1841586/stat : 1841586 (clingo) R 1841582 1841582 1841540 0 -1 0 3459 0 0 0 138 1 0 0 20 0 1 0 922852746 29769728 5270 17179869184 93824992301056 93824992468925 140737488338416 0 0 0 134217728 4 25184771 0 0 0 17 8 0 0 0 0 0 93824992533936 93824992571272 93824992575488 140737488340183 140737488340354 140737488340354 140737488351170 0
/proc/1841586/statm: 7268 5270 2091 41 0 3347 0
Current children cumulated CPU time: 1.46 s
Current children cumulated vsize: 55980 KiB
Current children cumulated memory: 34696 KiB

[startup+3.11883 s]
/proc/loadavg: 14.00 13.82 10.39 15/849 1841586
/proc/meminfo: memFree=386705300/528004524 swapFree=8388604/8388604
[pid=1841582] ppid=1841581 vsize=26908 memory=13616 CPUtime=0.07 cores=8-9
/proc/1841582/stat : 1841582 (perf) S 1841581 1841582 1841540 0 -1 0 1738 237 0 0 5 2 0 0 20 0 1 0 922852738 27553792 3404 17179869184 93824994299904 93824996572973 140737488338256 0 0 0 134217728 4 74274 1 0 0 17 8 0 0 0 0 0 93824998874888 93825001005840 93825001308160 140737488340073 140737488340470 140737488340470 140737488351179 0
/proc/1841582/statm: 6727 3404 2099 555 0 1769 0
[pid=1841586] ppid=1841582 vsize=31952 memory=23720 CPUtime=3 cores=8-9
/proc/1841586/stat : 1841586 (clingo) R 1841582 1841582 1841540 0 -1 0 4162 0 0 0 299 1 0 0 20 0 1 0 922852746 32718848 5930 17179869184 93824992301056 93824992468925 140737488338416 0 0 0 134217728 4 25184771 0 0 0 17 8 0 0 0 0 0 93824992533936 93824992571272 93824992575488 140737488340183 140737488340354 140737488340354 140737488351170 0
/proc/1841586/statm: 7988 5930 2091 41 0 4067 0
Current children cumulated CPU time: 3.07 s
Current children cumulated vsize: 58860 KiB
Current children cumulated memory: 37336 KiB

[startup+6.30029 s]
/proc/loadavg: 14.00 13.82 10.39 15/849 1841586
/proc/meminfo: memFree=386463284/528004524 swapFree=8388604/8388604
[pid=1841582] ppid=1841581 vsize=26908 memory=13616 CPUtime=0.07 cores=8-9
/proc/1841582/stat : 1841582 (perf) S 1841581 1841582 1841540 0 -1 0 1738 237 0 0 5 2 0 0 20 0 1 0 922852738 27553792 3404 17179869184 93824994299904 93824996572973 140737488338256 0 0 0 134217728 4 74274 1 0 0 17 8 0 0 0 0 0 93824998874888 93825001005840 93825001308160 140737488340073 140737488340470 140737488340470 140737488351179 0
/proc/1841582/statm: 6727 3404 2099 555 0 1769 0
[pid=1841586] ppid=1841582 vsize=35692 memory=27416 CPUtime=6.18 cores=8-9
/proc/1841586/stat : 1841586 (clingo) R 1841582 1841582 1841540 0 -1 0 5042 0 0 0 617 1 0 0 20 0 1 0 922852746 36548608 6854 17179869184 93824992301056 93824992468925 140737488338416 0 0 0 134217728 4 25184771 0 0 0 17 8 0 0 0 0 0 93824992533936 93824992571272 93824992575488 140737488340183 140737488340354 140737488340354 140737488351170 0
/proc/1841586/statm: 8923 6854 2091 41 0 5002 0
Current children cumulated CPU time: 6.25 s
Current children cumulated vsize: 62600 KiB
Current children cumulated memory: 41032 KiB

[startup+12.7003 s]
/proc/loadavg: 14.00 13.82 10.41 15/849 1841586
/proc/meminfo: memFree=386303448/528004524 swapFree=8388604/8388604
[pid=1841582] ppid=1841581 vsize=26908 memory=13616 CPUtime=0.07 cores=8-9
/proc/1841582/stat : 1841582 (perf) S 1841581 1841582 1841540 0 -1 0 1738 237 0 0 5 2 0 0 20 0 1 0 922852738 27553792 3404 17179869184 93824994299904 93824996572973 140737488338256 0 0 0 134217728 4 74274 1 0 0 17 8 0 0 0 0 0 93824998874888 93825001005840 93825001308160 140737488340073 140737488340470 140737488340470 140737488351179 0
/proc/1841582/statm: 6727 3404 2099 555 0 1769 0
[pid=1841586] ppid=1841582 vsize=40204 memory=31636 CPUtime=12.59 cores=8-9
/proc/1841586/stat : 1841586 (clingo) R 1841582 1841582 1841540 0 -1 0 6162 0 0 0 1257 2 0 0 20 0 1 0 922852746 41168896 7909 17179869184 93824992301056 93824992468925 140737488338416 0 0 0 134217728 4 25184771 0 0 0 17 8 0 0 0 0 0 93824992533936 93824992571272 93824992575488 140737488340183 140737488340354 140737488340354 140737488351170 0
/proc/1841586/statm: 10051 7909 2091 41 0 6130 0
Current children cumulated CPU time: 12.66 s
Current children cumulated vsize: 67112 KiB
Current children cumulated memory: 45252 KiB

[startup+25.5004 s]
/proc/loadavg: 14.16 13.87 10.48 15/849 1841587
/proc/meminfo: memFree=385479868/528004524 swapFree=8388604/8388604
[pid=1841582] ppid=1841581 vsize=26908 memory=13616 CPUtime=0.07 cores=8-9
/proc/1841582/stat : 1841582 (perf) S 1841581 1841582 1841540 0 -1 0 1738 237 0 0 5 2 0 0 20 0 1 0 922852738 27553792 3404 17179869184 93824994299904 93824996572973 140737488338256 0 0 0 134217728 4 74274 1 0 0 17 8 0 0 0 0 0 93824998874888 93825001005840 93825001308160 140737488340073 140737488340470 140737488340470 140737488351179 0
/proc/1841582/statm: 6727 3404 2099 555 0 1769 0
[pid=1841586] ppid=1841582 vsize=45228 memory=35860 CPUtime=25.39 cores=8-9
/proc/1841586/stat : 1841586 (clingo) R 1841582 1841582 1841540 0 -1 0 7254 0 0 0 2537 2 0 0 20 0 1 0 922852746 46313472 8965 17179869184 93824992301056 93824992468925 140737488338416 0 0 0 134217728 4 25184771 0 0 0 17 8 0 0 0 0 0 93824992533936 93824992571272 93824992575488 140737488340183 140737488340354 140737488340354 140737488351170 0
/proc/1841586/statm: 11307 8965 2091 41 0 7386 0
Current children cumulated CPU time: 25.46 s
Current children cumulated vsize: 72136 KiB
Current children cumulated memory: 49476 KiB

[startup+51.1189 s]
/proc/loadavg: 14.63 14.00 10.62 15/849 1841587
/proc/meminfo: memFree=384441128/528004524 swapFree=8388604/8388604
[pid=1841582] ppid=1841581 vsize=26908 memory=13616 CPUtime=0.07 cores=8-9
/proc/1841582/stat : 1841582 (perf) S 1841581 1841582 1841540 0 -1 0 1738 237 0 0 5 2 0 0 20 0 1 0 922852738 27553792 3404 17179869184 93824994299904 93824996572973 140737488338256 0 0 0 134217728 4 74274 1 0 0 17 8 0 0 0 0 0 93824998874888 93825001005840 93825001308160 140737488340073 140737488340470 140737488340470 140737488351179 0
/proc/1841582/statm: 6727 3404 2099 555 0 1769 0
[pid=1841586] ppid=1841582 vsize=50640 memory=40612 CPUtime=51.01 cores=8-9
/proc/1841586/stat : 1841586 (clingo) R 1841582 1841582 1841540 0 -1 0 8459 0 0 0 5099 2 0 0 20 0 1 0 922852746 51855360 10153 17179869184 93824992301056 93824992468925 140737488338416 0 0 0 134217728 4 25184771 0 0 0 17 8 0 0 0 0 0 93824992533936 93824992571272 93824992575488 140737488340183 140737488340354 140737488340354 140737488351170 0
/proc/1841586/statm: 12660 10153 2091 41 0 8739 0
Current children cumulated CPU time: 51.08 s
Current children cumulated vsize: 77548 KiB
Current children cumulated memory: 54228 KiB

[startup+102.3 s]
/proc/loadavg: 14.49 14.05 10.81 15/850 1841589
/proc/meminfo: memFree=382716812/528004524 swapFree=8388604/8388604
[pid=1841582] ppid=1841581 vsize=26908 memory=13616 CPUtime=0.07 cores=8-9
/proc/1841582/stat : 1841582 (perf) S 1841581 1841582 1841540 0 -1 0 1738 237 0 0 5 2 0 0 20 0 1 0 922852738 27553792 3404 17179869184 93824994299904 93824996572973 140737488338256 0 0 0 134217728 4 74274 1 0 0 17 8 0 0 0 0 0 93824998874888 93825001005840 93825001308160 140737488340073 140737488340470 140737488340470 140737488351179 0
/proc/1841582/statm: 6727 3404 2099 555 0 1769 0
[pid=1841586] ppid=1841582 vsize=59560 memory=49600 CPUtime=102.18 cores=8-9
/proc/1841586/stat : 1841586 (clingo) R 1841582 1841582 1841540 0 -1 0 10760 0 0 0 10216 2 0 0 20 0 1 0 922852746 60989440 12400 17179869184 93824992301056 93824992468925 140737488338416 0 0 0 134217728 4 25184771 0 0 0 17 8 0 0 0 0 0 93824992533936 93824992571272 93824992575488 140737488340183 140737488340354 140737488340354 140737488351170 0
/proc/1841586/statm: 14890 12400 2091 41 0 10969 0
Current children cumulated CPU time: 102.25 s
Current children cumulated vsize: 86468 KiB
Current children cumulated memory: 63216 KiB

[startup+162.3 s]
/proc/loadavg: 14.25 14.07 11.03 15/850 1841590
/proc/meminfo: memFree=381526608/528004524 swapFree=8388604/8388604
[pid=1841582] ppid=1841581 vsize=26908 memory=13616 CPUtime=0.07 cores=8-9
/proc/1841582/stat : 1841582 (perf) S 1841581 1841582 1841540 0 -1 0 1738 237 0 0 5 2 0 0 20 0 1 0 922852738 27553792 3404 17179869184 93824994299904 93824996572973 140737488338256 0 0 0 134217728 4 74274 1 0 0 17 8 0 0 0 0 0 93824998874888 93825001005840 93825001308160 140737488340073 140737488340470 140737488340470 140737488351179 0
/proc/1841582/statm: 6727 3404 2099 555 0 1769 0
[pid=1841586] ppid=1841582 vsize=68884 memory=57876 CPUtime=162.18 cores=8-9
/proc/1841586/stat : 1841586 (clingo) R 1841582 1841582 1841540 0 -1 0 12918 0 0 0 16216 2 0 0 20 0 1 0 922852746 70537216 14469 17179869184 93824992301056 93824992468925 140737488338416 0 0 0 134217728 4 25184771 0 0 0 17 8 0 0 0 0 0 93824992533936 93824992571272 93824992575488 140737488340183 140737488340354 140737488340354 140737488351170 0
/proc/1841586/statm: 17221 14469 2091 41 0 13300 0
Current children cumulated CPU time: 162.25 s
Current children cumulated vsize: 95792 KiB
Current children cumulated memory: 71492 KiB

[startup+222.3 s]
/proc/loadavg: 14.09 14.05 11.22 15/850 1841593
/proc/meminfo: memFree=380610860/528004524 swapFree=8388604/8388604
[pid=1841582] ppid=1841581 vsize=26908 memory=13616 CPUtime=0.07 cores=8-9
/proc/1841582/stat : 1841582 (perf) S 1841581 1841582 1841540 0 -1 0 1738 237 0 0 5 2 0 0 20 0 1 0 922852738 27553792 3404 17179869184 93824994299904 93824996572973 140737488338256 0 0 0 134217728 4 74274 1 0 0 17 8 0 0 0 0 0 93824998874888 93825001005840 93825001308160 140737488340073 140737488340470 140737488340470 140737488351179 0
/proc/1841582/statm: 6727 3404 2099 555 0 1769 0
[pid=1841586] ppid=1841582 vsize=75500 memory=63948 CPUtime=222.19 cores=8-9
/proc/1841586/stat : 1841586 (clingo) R 1841582 1841582 1841540 0 -1 0 14437 0 0 0 22216 3 0 0 20 0 1 0 922852746 77312000 15987 17179869184 93824992301056 93824992468925 140737488338416 0 0 0 134217728 4 25184771 0 0 0 17 8 0 0 0 0 0 93824992533936 93824992571272 93824992575488 140737488340183 140737488340354 140737488340354 140737488351170 0
/proc/1841586/statm: 18875 15987 2091 41 0 14954 0
Current children cumulated CPU time: 222.26 s
Current children cumulated vsize: 102408 KiB
Current children cumulated memory: 77564 KiB

[startup+282.3 s]
/proc/loadavg: 14.07 14.06 11.40 15/850 1841594
/proc/meminfo: memFree=378688104/528004524 swapFree=8388604/8388604
[pid=1841582] ppid=1841581 vsize=26908 memory=13616 CPUtime=0.07 cores=8-9
/proc/1841582/stat : 1841582 (perf) S 1841581 1841582 1841540 0 -1 0 1738 237 0 0 5 2 0 0 20 0 1 0 922852738 27553792 3404 17179869184 93824994299904 93824996572973 140737488338256 0 0 0 134217728 4 74274 1 0 0 17 8 0 0 0 0 0 93824998874888 93825001005840 93825001308160 140737488340073 140737488340470 140737488340470 140737488351179 0
/proc/1841582/statm: 6727 3404 2099 555 0 1769 0
[pid=1841586] ppid=1841582 vsize=79040 memory=67116 CPUtime=282.19 cores=8-9
/proc/1841586/stat : 1841586 (clingo) R 1841582 1841582 1841540 0 -1 0 15262 0 0 0 28216 3 0 0 20 0 1 0 922852746 80936960 16779 17179869184 93824992301056 93824992468925 140737488338416 0 0 0 134217728 4 25184771 0 0 0 17 8 0 0 0 0 0 93824992533936 93824992571272 93824992575488 140737488340183 140737488340354 140737488340354 140737488351170 0
/proc/1841586/statm: 19760 16779 2091 41 0 15839 0
Current children cumulated CPU time: 282.26 s
Current children cumulated vsize: 105948 KiB
Current children cumulated memory: 80732 KiB

[startup+342.3 s]
/proc/loadavg: 14.02 14.04 11.56 15/826 1841597
/proc/meminfo: memFree=377679348/528004524 swapFree=8388604/8388604
[pid=1841582] ppid=1841581 vsize=26908 memory=13616 CPUtime=0.07 cores=8-9
/proc/1841582/stat : 1841582 (perf) S 1841581 1841582 1841540 0 -1 0 1738 237 0 0 5 2 0 0 20 0 1 0 922852738 27553792 3404 17179869184 93824994299904 93824996572973 140737488338256 0 0 0 134217728 4 74274 1 0 0 17 8 0 0 0 0 0 93824998874888 93825001005840 93825001308160 140737488340073 140737488340470 140737488340470 140737488351179 0
/proc/1841582/statm: 6727 3404 2099 555 0 1769 0
[pid=1841586] ppid=1841582 vsize=83592 memory=71604 CPUtime=342.19 cores=8-9
/proc/1841586/stat : 1841586 (clingo) R 1841582 1841582 1841540 0 -1 0 16330 0 0 0 34216 3 0 0 20 0 1 0 922852746 85598208 17901 17179869184 93824992301056 93824992468925 140737488338416 0 0 0 134217728 4 25184771 0 0 0 17 8 0 0 0 0 0 93824992533936 93824992571272 93824992575488 140737488340183 140737488340354 140737488340354 140737488351170 0
/proc/1841586/statm: 20898 17901 2091 41 0 16977 0
Current children cumulated CPU time: 342.26 s
Current children cumulated vsize: 110500 KiB
Current children cumulated memory: 85220 KiB

[startup+402.3 s]
/proc/loadavg: 15.71 14.49 11.87 15/822 1841599
/proc/meminfo: memFree=377489388/528004524 swapFree=8388604/8388604
[pid=1841582] ppid=1841581 vsize=26908 memory=13616 CPUtime=0.07 cores=8-9
/proc/1841582/stat : 1841582 (perf) S 1841581 1841582 1841540 0 -1 0 1738 237 0 0 5 2 0 0 20 0 1 0 922852738 27553792 3404 17179869184 93824994299904 93824996572973 140737488338256 0 0 0 134217728 4 74274 1 0 0 17 8 0 0 0 0 0 93824998874888 93825001005840 93825001308160 140737488340073 140737488340470 140737488340470 140737488351179 0
/proc/1841582/statm: 6727 3404 2099 555 0 1769 0
[pid=1841586] ppid=1841582 vsize=89504 memory=76884 CPUtime=402.19 cores=8-9
/proc/1841586/stat : 1841586 (clingo) R 1841582 1841582 1841540 0 -1 0 17706 0 0 0 40216 3 0 0 20 0 1 0 922852746 91652096 19221 17179869184 93824992301056 93824992468925 140737488338416 0 0 0 134217728 4 25184771 0 0 0 17 8 0 0 0 0 0 93824992533936 93824992571272 93824992575488 140737488340183 140737488340354 140737488340354 140737488351170 0
/proc/1841586/statm: 22376 19221 2091 41 0 18455 0
Current children cumulated CPU time: 402.26 s
Current children cumulated vsize: 116412 KiB
Current children cumulated memory: 90500 KiB

[startup+462.3 s]
/proc/loadavg: 14.63 14.40 12.01 15/822 1841600
/proc/meminfo: memFree=377240668/528004524 swapFree=8388604/8388604
[pid=1841582] ppid=1841581 vsize=26908 memory=13616 CPUtime=0.07 cores=8-9
/proc/1841582/stat : 1841582 (perf) S 1841581 1841582 1841540 0 -1 0 1738 237 0 0 5 2 0 0 20 0 1 0 922852738 27553792 3404 17179869184 93824994299904 93824996572973 140737488338256 0 0 0 134217728 4 74274 1 0 0 17 8 0 0 0 0 0 93824998874888 93825001005840 93825001308160 140737488340073 140737488340470 140737488340470 140737488351179 0
/proc/1841582/statm: 6727 3404 2099 555 0 1769 0
[pid=1841586] ppid=1841582 vsize=94368 memory=81372 CPUtime=462.19 cores=8-9
/proc/1841586/stat : 1841586 (clingo) R 1841582 1841582 1841540 0 -1 0 18807 0 0 0 46215 4 0 0 20 0 1 0 922852746 96632832 20343 17179869184 93824992301056 93824992468925 140737488338416 0 0 0 134217728 4 25184771 0 0 0 17 8 0 0 0 0 0 93824992533936 93824992571272 93824992575488 140737488340183 140737488340354 140737488340354 140737488351170 0
/proc/1841586/statm: 23592 20343 2091 41 0 19671 0
Current children cumulated CPU time: 462.26 s
Current children cumulated vsize: 121276 KiB
Current children cumulated memory: 94988 KiB

[startup+522.3 s]
/proc/loadavg: 14.23 14.32 12.13 15/822 1841601
/proc/meminfo: memFree=376660820/528004524 swapFree=8388604/8388604
[pid=1841582] ppid=1841581 vsize=26908 memory=13616 CPUtime=0.07 cores=8-9
/proc/1841582/stat : 1841582 (perf) S 1841581 1841582 1841540 0 -1 0 1738 237 0 0 5 2 0 0 20 0 1 0 922852738 27553792 3404 17179869184 93824994299904 93824996572973 140737488338256 0 0 0 134217728 4 74274 1 0 0 17 8 0 0 0 0 0 93824998874888 93825001005840 93825001308160 140737488340073 140737488340470 140737488340470 140737488351179 0
/proc/1841582/statm: 6727 3404 2099 555 0 1769 0
[pid=1841586] ppid=1841582 vsize=96908 memory=83748 CPUtime=522.19 cores=8-9
/proc/1841586/stat : 1841586 (clingo) R 1841582 1841582 1841540 0 -1 0 19413 0 0 0 52215 4 0 0 20 0 1 0 922852746 99233792 20937 17179869184 93824992301056 93824992468925 140737488338416 0 0 0 134217728 4 25184771 0 0 0 17 8 0 0 0 0 0 93824992533936 93824992571272 93824992575488 140737488340183 140737488340354 140737488340354 140737488351170 0
/proc/1841586/statm: 24227 20937 2091 41 0 20306 0
Current children cumulated CPU time: 522.26 s
Current children cumulated vsize: 123816 KiB
Current children cumulated memory: 97364 KiB

[startup+582.3 s]
/proc/loadavg: 14.13 14.28 12.26 15/822 1841607
/proc/meminfo: memFree=375702064/528004524 swapFree=8388604/8388604
[pid=1841582] ppid=1841581 vsize=26908 memory=13616 CPUtime=0.07 cores=8-9
/proc/1841582/stat : 1841582 (perf) S 1841581 1841582 1841540 0 -1 0 1738 237 0 0 5 2 0 0 20 0 1 0 922852738 27553792 3404 17179869184 93824994299904 93824996572973 140737488338256 0 0 0 134217728 4 74274 1 0 0 17 8 0 0 0 0 0 93824998874888 93825001005840 93825001308160 140737488340073 140737488340470 140737488340470 140737488351179 0
/proc/1841582/statm: 6727 3404 2099 555 0 1769 0
[pid=1841586] ppid=1841582 vsize=99868 memory=86388 CPUtime=582.18 cores=8-9
/proc/1841586/stat : 1841586 (clingo) R 1841582 1841582 1841540 0 -1 0 20079 0 0 0 58214 4 0 0 20 0 1 0 922852746 102264832 21597 17179869184 93824992301056 93824992468925 140737488338416 0 0 0 134217728 4 25184771 0 0 0 17 8 0 0 0 0 0 93824992533936 93824992571272 93824992575488 140737488340183 140737488340354 140737488340354 140737488351170 0
/proc/1841586/statm: 24967 21597 2091 41 0 21046 0
Current children cumulated CPU time: 582.25 s
Current children cumulated vsize: 126776 KiB
Current children cumulated memory: 100004 KiB

[startup+642.3 s]
/proc/loadavg: 14.28 14.27 12.39 15/823 1841609
/proc/meminfo: memFree=374431528/528004524 swapFree=8388604/8388604
[pid=1841582] ppid=1841581 vsize=26908 memory=13616 CPUtime=0.07 cores=8-9
/proc/1841582/stat : 1841582 (perf) S 1841581 1841582 1841540 0 -1 0 1738 237 0 0 5 2 0 0 20 0 1 0 922852738 27553792 3404 17179869184 93824994299904 93824996572973 140737488338256 0 0 0 134217728 4 74274 1 0 0 17 8 0 0 0 0 0 93824998874888 93825001005840 93825001308160 140737488340073 140737488340470 140737488340470 140737488351179 0
/proc/1841582/statm: 6727 3404 2099 555 0 1769 0
[pid=1841586] ppid=1841582 vsize=102092 memory=88500 CPUtime=642.18 cores=8-9
/proc/1841586/stat : 1841586 (clingo) R 1841582 1841582 1841540 0 -1 0 20575 0 0 0 64214 4 0 0 20 0 1 0 922852746 104542208 22125 17179869184 93824992301056 93824992468925 140737488338416 0 0 0 134217728 4 25184771 0 0 0 17 8 0 0 0 0 0 93824992533936 93824992571272 93824992575488 140737488340183 140737488340354 140737488340354 140737488351170 0
/proc/1841586/statm: 25523 22125 2091 41 0 21602 0
Current children cumulated CPU time: 642.25 s
Current children cumulated vsize: 129000 KiB
Current children cumulated memory: 102116 KiB

[startup+702.3 s]
/proc/loadavg: 14.35 14.32 12.53 15/823 1841610
/proc/meminfo: memFree=373038820/528004524 swapFree=8388604/8388604
[pid=1841582] ppid=1841581 vsize=26908 memory=13616 CPUtime=0.07 cores=8-9
/proc/1841582/stat : 1841582 (perf) S 1841581 1841582 1841540 0 -1 0 1738 237 0 0 5 2 0 0 20 0 1 0 922852738 27553792 3404 17179869184 93824994299904 93824996572973 140737488338256 0 0 0 134217728 4 74274 1 0 0 17 8 0 0 0 0 0 93824998874888 93825001005840 93825001308160 140737488340073 140737488340470 140737488340470 140737488351179 0
/proc/1841582/statm: 6727 3404 2099 555 0 1769 0
[pid=1841586] ppid=1841582 vsize=104944 memory=91140 CPUtime=702.18 cores=8-9
/proc/1841586/stat : 1841586 (clingo) R 1841582 1841582 1841540 0 -1 0 21265 0 0 0 70214 4 0 0 20 0 1 0 922852746 107462656 22785 17179869184 93824992301056 93824992468925 140737488338416 0 0 0 134217728 4 25184771 0 0 0 17 8 0 0 0 0 0 93824992533936 93824992571272 93824992575488 140737488340183 140737488340354 140737488340354 140737488351170 0
/proc/1841586/statm: 26236 22785 2091 41 0 22315 0
Current children cumulated CPU time: 702.25 s
Current children cumulated vsize: 131852 KiB
Current children cumulated memory: 104756 KiB

[startup+762.3 s]
/proc/loadavg: 14.13 14.26 12.62 15/824 1841612
/proc/meminfo: memFree=371781592/528004524 swapFree=8388604/8388604
[pid=1841582] ppid=1841581 vsize=26908 memory=13616 CPUtime=0.07 cores=8-9
/proc/1841582/stat : 1841582 (perf) S 1841581 1841582 1841540 0 -1 0 1738 237 0 0 5 2 0 0 20 0 1 0 922852738 27553792 3404 17179869184 93824994299904 93824996572973 140737488338256 0 0 0 134217728 4 74274 1 0 0 17 8 0 0 0 0 0 93824998874888 93825001005840 93825001308160 140737488340073 140737488340470 140737488340470 140737488351179 0
/proc/1841582/statm: 6727 3404 2099 555 0 1769 0
[pid=1841586] ppid=1841582 vsize=106648 memory=93252 CPUtime=762.18 cores=8-9
/proc/1841586/stat : 1841586 (clingo) R 1841582 1841582 1841540 0 -1 0 21780 0 0 0 76214 4 0 0 20 0 1 0 922852746 109207552 23313 17179869184 93824992301056 93824992468925 140737488338416 0 0 0 134217728 4 25184771 0 0 0 17 8 0 0 0 0 0 93824992533936 93824992571272 93824992575488 140737488340183 140737488340354 140737488340354 140737488351170 0
/proc/1841586/statm: 26662 23313 2091 41 0 22741 0
Current children cumulated CPU time: 762.25 s
Current children cumulated vsize: 133556 KiB
Current children cumulated memory: 106868 KiB

[startup+822.3 s]
/proc/loadavg: 14.09 14.22 12.72 15/824 1841614
/proc/meminfo: memFree=370728532/528004524 swapFree=8388604/8388604
[pid=1841582] ppid=1841581 vsize=26908 memory=13616 CPUtime=0.07 cores=8-9
/proc/1841582/stat : 1841582 (perf) S 1841581 1841582 1841540 0 -1 0 1738 237 0 0 5 2 0 0 20 0 1 0 922852738 27553792 3404 17179869184 93824994299904 93824996572973 140737488338256 0 0 0 134217728 4 74274 1 0 0 17 8 0 0 0 0 0 93824998874888 93825001005840 93825001308160 140737488340073 140737488340470 140737488340470 140737488351179 0
/proc/1841582/statm: 6727 3404 2099 555 0 1769 0
[pid=1841586] ppid=1841582 vsize=108932 memory=95364 CPUtime=822.18 cores=8-9
/proc/1841586/stat : 1841586 (clingo) R 1841582 1841582 1841540 0 -1 0 22289 0 0 0 82214 4 0 0 20 0 1 0 922852746 111546368 23841 17179869184 93824992301056 93824992468925 140737488338416 0 0 0 134217728 4 25184771 0 0 0 17 8 0 0 0 0 0 93824992533936 93824992571272 93824992575488 140737488340183 140737488340354 140737488340354 140737488351170 0
/proc/1841586/statm: 27233 23841 2091 41 0 23312 0
Current children cumulated CPU time: 822.25 s
Current children cumulated vsize: 135840 KiB
Current children cumulated memory: 108980 KiB

[startup+882.3 s]
/proc/loadavg: 14.35 14.26 12.83 15/824 1841616
/proc/meminfo: memFree=370275444/528004524 swapFree=8388604/8388604
[pid=1841582] ppid=1841581 vsize=26908 memory=13616 CPUtime=0.07 cores=8-9
/proc/1841582/stat : 1841582 (perf) S 1841581 1841582 1841540 0 -1 0 1738 237 0 0 5 2 0 0 20 0 1 0 922852738 27553792 3404 17179869184 93824994299904 93824996572973 140737488338256 0 0 0 134217728 4 74274 1 0 0 17 8 0 0 0 0 0 93824998874888 93825001005840 93825001308160 140737488340073 140737488340470 140737488340470 140737488351179 0
/proc/1841582/statm: 6727 3404 2099 555 0 1769 0
[pid=1841586] ppid=1841582 vsize=111096 memory=97780 CPUtime=882.18 cores=8-9
/proc/1841586/stat : 1841586 (clingo) R 1841582 1841582 1841540 0 -1 0 22970 0 0 0 88214 4 0 0 20 0 1 0 922852746 113762304 24445 17179869184 93824992301056 93824992468925 140737488338416 0 0 0 134217728 4 25184771 0 0 0 17 8 0 0 0 0 0 93824992533936 93824992571272 93824992575488 140737488340183 140737488340354 140737488340354 140737488351170 0
/proc/1841586/statm: 27774 24445 2091 41 0 23853 0
Current children cumulated CPU time: 882.25 s
Current children cumulated vsize: 138004 KiB
Current children cumulated memory: 111396 KiB

[startup+942.3 s]
/proc/loadavg: 14.13 14.21 12.90 15/824 1841617
/proc/meminfo: memFree=370091232/528004524 swapFree=8388604/8388604
[pid=1841582] ppid=1841581 vsize=26908 memory=13616 CPUtime=0.07 cores=8-9
/proc/1841582/stat : 1841582 (perf) S 1841581 1841582 1841540 0 -1 0 1738 237 0 0 5 2 0 0 20 0 1 0 922852738 27553792 3404 17179869184 93824994299904 93824996572973 140737488338256 0 0 0 134217728 4 74274 1 0 0 17 8 0 0 0 0 0 93824998874888 93825001005840 93825001308160 140737488340073 140737488340470 140737488340470 140737488351179 0
/proc/1841582/statm: 6727 3404 2099 555 0 1769 0
[pid=1841586] ppid=1841582 vsize=115676 memory=102268 CPUtime=942.18 cores=8-9
/proc/1841586/stat : 1841586 (clingo) R 1841582 1841582 1841540 0 -1 0 24122 0 0 0 94214 4 0 0 20 0 1 0 922852746 118452224 25567 17179869184 93824992301056 93824992468925 140737488338416 0 0 0 134217728 4 25184771 0 0 0 17 8 0 0 0 0 0 93824992533936 93824992571272 93824992575488 140737488340183 140737488340354 140737488340354 140737488351170 0
/proc/1841586/statm: 28919 25567 2091 41 0 24998 0
Current children cumulated CPU time: 942.25 s
Current children cumulated vsize: 142584 KiB
Current children cumulated memory: 115884 KiB

[startup+1002.3 s]
/proc/loadavg: 14.04 14.17 12.97 15/824 1841619
/proc/meminfo: memFree=369998504/528004524 swapFree=8388604/8388604
[pid=1841582] ppid=1841581 vsize=26908 memory=13616 CPUtime=0.07 cores=8-9
/proc/1841582/stat : 1841582 (perf) S 1841581 1841582 1841540 0 -1 0 1738 237 0 0 5 2 0 0 20 0 1 0 922852738 27553792 3404 17179869184 93824994299904 93824996572973 140737488338256 0 0 0 134217728 4 74274 1 0 0 17 8 0 0 0 0 0 93824998874888 93825001005840 93825001308160 140737488340073 140737488340470 140737488340470 140737488351179 0
/proc/1841582/statm: 6727 3404 2099 555 0 1769 0
[pid=1841586] ppid=1841582 vsize=117380 memory=103852 CPUtime=1002.18 cores=8-9
/proc/1841586/stat : 1841586 (clingo) R 1841582 1841582 1841540 0 -1 0 24517 0 0 0 100214 4 0 0 20 0 1 0 922852746 120197120 25963 17179869184 93824992301056 93824992468925 140737488338416 0 0 0 134217728 4 25184771 0 0 0 17 8 0 0 0 0 0 93824992533936 93824992571272 93824992575488 140737488340183 140737488340354 140737488340354 140737488351170 0
/proc/1841586/statm: 29345 25963 2091 41 0 25424 0
Current children cumulated CPU time: 1002.25 s
Current children cumulated vsize: 144288 KiB
Current children cumulated memory: 117468 KiB

[startup+1062.3 s]
/proc/loadavg: 14.55 14.29 13.09 15/823 1841621
/proc/meminfo: memFree=369849068/528004524 swapFree=8388604/8388604
[pid=1841582] ppid=1841581 vsize=26908 memory=13616 CPUtime=0.07 cores=8-9
/proc/1841582/stat : 1841582 (perf) S 1841581 1841582 1841540 0 -1 0 1738 237 0 0 5 2 0 0 20 0 1 0 922852738 27553792 3404 17179869184 93824994299904 93824996572973 140737488338256 0 0 0 134217728 4 74274 1 0 0 17 8 0 0 0 0 0 93824998874888 93825001005840 93825001308160 140737488340073 140737488340470 140737488340470 140737488351179 0
/proc/1841582/statm: 6727 3404 2099 555 0 1769 0
[pid=1841586] ppid=1841582 vsize=120212 memory=106748 CPUtime=1062.18 cores=8-9
/proc/1841586/stat : 1841586 (clingo) R 1841582 1841582 1841540 0 -1 0 25277 0 0 0 106214 4 0 0 20 0 1 0 922852746 123097088 26687 17179869184 93824992301056 93824992468925 140737488338416 0 0 0 134217728 4 25184771 0 0 0 17 8 0 0 0 0 0 93824992533936 93824992571272 93824992575488 140737488340183 140737488340354 140737488340354 140737488351170 0
/proc/1841586/statm: 30053 26687 2091 41 0 26132 0
Current children cumulated CPU time: 1062.25 s
Current children cumulated vsize: 147120 KiB
Current children cumulated memory: 120364 KiB

[startup+1122.3 s]
/proc/loadavg: 14.20 14.24 13.15 15/823 1841624
/proc/meminfo: memFree=369632856/528004524 swapFree=8388604/8388604
[pid=1841582] ppid=1841581 vsize=26908 memory=13616 CPUtime=0.07 cores=8-9
/proc/1841582/stat : 1841582 (perf) S 1841581 1841582 1841540 0 -1 0 1738 237 0 0 5 2 0 0 20 0 1 0 922852738 27553792 3404 17179869184 93824994299904 93824996572973 140737488338256 0 0 0 134217728 4 74274 1 0 0 17 8 0 0 0 0 0 93824998874888 93825001005840 93825001308160 140737488340073 140737488340470 140737488340470 140737488351179 0
/proc/1841582/statm: 6727 3404 2099 555 0 1769 0
[pid=1841586] ppid=1841582 vsize=122152 memory=108340 CPUtime=1122.18 cores=8-9
/proc/1841586/stat : 1841586 (clingo) R 1841582 1841582 1841540 0 -1 0 26034 0 0 0 112214 4 0 0 20 0 1 0 922852746 125083648 27085 17179869184 93824992301056 93824992468925 140737488338416 0 0 0 134217728 4 25184771 0 0 0 17 8 0 0 0 0 0 93824992533936 93824992571272 93824992575488 140737488340183 140737488340354 140737488340354 140737488351170 0
/proc/1841586/statm: 30538 27085 2091 41 0 26617 0
Current children cumulated CPU time: 1122.25 s
Current children cumulated vsize: 149060 KiB
Current children cumulated memory: 121956 KiB

[startup+1182.3 s]
/proc/loadavg: 14.07 14.19 13.21 15/823 1841627
/proc/meminfo: memFree=369485184/528004524 swapFree=8388604/8388604
[pid=1841582] ppid=1841581 vsize=26908 memory=13616 CPUtime=0.07 cores=8-9
/proc/1841582/stat : 1841582 (perf) S 1841581 1841582 1841540 0 -1 0 1738 237 0 0 5 2 0 0 20 0 1 0 922852738 27553792 3404 17179869184 93824994299904 93824996572973 140737488338256 0 0 0 134217728 4 74274 1 0 0 17 8 0 0 0 0 0 93824998874888 93825001005840 93825001308160 140737488340073 140737488340470 140737488340470 140737488351179 0
/proc/1841582/statm: 6727 3404 2099 555 0 1769 0
[pid=1841586] ppid=1841582 vsize=124064 memory=110292 CPUtime=1182.18 cores=8-9
/proc/1841586/stat : 1841586 (clingo) R 1841582 1841582 1841540 0 -1 0 26774 0 0 0 118214 4 0 0 20 0 1 0 922852746 127041536 27573 17179869184 93824992301056 93824992468925 140737488338416 0 0 0 134217728 4 25184771 0 0 0 17 8 0 0 0 0 0 93824992533936 93824992571272 93824992575488 140737488340183 140737488340354 140737488340354 140737488351170 0
/proc/1841586/statm: 31016 27573 2091 41 0 27095 0
Current children cumulated CPU time: 1182.25 s
Current children cumulated vsize: 150972 KiB
Current children cumulated memory: 123908 KiB



Maximum wall clock time exceeded: sending SIGTERM then SIGKILL

[startup+1205 s]*
/proc/loadavg: 14.05 14.17 13.23 15/835 1843298
/proc/meminfo: memFree=387795548/528004524 swapFree=8388604/8388604
[pid=1841582] ppid=1841581 vsize=26908 memory=13616 CPUtime=0.07 cores=8-9
/proc/1841582/stat : 1841582 (perf) S 1841581 1841582 1841540 0 -1 0 1738 237 0 0 5 2 0 0 20 0 1 0 922852738 27553792 3404 17179869184 93824994299904 93824996572973 140737488338256 0 0 0 134217728 4 74274 1 0 0 17 8 0 0 0 0 0 93824998874888 93825001005840 93825001308160 140737488340073 140737488340470 140737488340470 140737488351179 0
/proc/1841582/statm: 6727 3404 2099 555 0 1769 0
[pid=1841586] ppid=1841582 vsize=125356 memory=111424 CPUtime=1204.89 cores=8-9
/proc/1841586/stat : 1841586 (clingo) R 1841582 1841582 1841540 0 -1 0 27183 0 0 0 120485 4 0 0 20 0 1 0 922852746 128364544 27856 17179869184 93824992301056 93824992468925 140737488338416 0 0 0 134217728 4 25184771 0 0 0 17 8 0 0 0 0 0 93824992533936 93824992571272 93824992575488 140737488340183 140737488340354 140737488340354 140737488351170 0
/proc/1841586/statm: 31339 27856 2091 41 0 27418 0
Current children cumulated CPU time: 1204.96 s
Current children cumulated vsize: 152264 KiB
Current children cumulated memory: 125040 KiB

Sending SIGINT to process tree (bottom up)
Sleeping 5 seconds

[startup+1205.03 s]
# the end of solver process 1841582 was just reported to runsolver
# cumulated CPU time of all completed processes:  user=1204.93 s, system=0.072843 s

Solver just ended.
??? end of watcher thread
Dumping a history of the last processes samples

Child status: 1
Real time (s): 1205.03
CPU time (s): 1205
CPU user time (s): 1204.93
CPU system time (s): 0.072843
CPU usage (%): 99.9978
Max. virtual memory (cumulated for all children) (KiB): 152264
Max. memory (cumulated for all children) (KiB): 125040

getrusage(RUSAGE_CHILDREN,...) data:
user time used= 1204.93
system time used= 0.072843
maximum resident set size= 111644
integral shared memory size= 0
integral unshared data size= 0
integral unshared stack size= 0
page reclaims= 29198
page faults= 0
swaps= 0
block input operations= 0
block output operations= 0
messages sent= 0
messages received= 0
signals received= 0
voluntary context switches= 18
involuntary context switches= 1050


# summary of solver processes directly reported to runsolver:
#   pid: 1841582
#   total CPU time (s): 1205
#   total CPU user time (s): 1204.93
#   total CPU system time (s): 0.072843

??? end of timestamper thread
runsolver used 8.9422 second user time and 14.8696 second system time

The end
