runsolver version 3.4.0 (svn: 3018) Copyright (C) 2010-2013 Olivier ROUSSEL

This program is distributed in the hope that it will be useful,
but WITHOUT ANY WARRANTY; without even the implied warranty of
MERCHANTABILITY or FITNESS FOR A PARTICULAR PURPOSE.  See the
GNU General Public License for more details.

NUMA information:
  number of nodes: 2
  memory of node 0: 257635 MiB (181401 MiB free)
  memory of node 1: 257994 MiB (175306 MiB free)
  node distances:
     10  20
     20  10

command line: /dev/shm/378b7b4c-2e81-11f1-ac62-000c298f4621/input/runsolver -w /dev/shm/378b7b4c-2e81-11f1-ac62-000c298f4621/output/runsolver.log -v /dev/shm/378b7b4c-2e81-11f1-ac62-000c298f4621/output/varfile.log -W 1205 --rss-swap-limit 16384 -d 5 --sigint /usr/bin/perf stat -B -e task-clock,cache-references,cache-misses,cycles,instructions,branches,faults,migrations,context-switches -o /dev/shm/378b7b4c-2e81-11f1-ac62-000c298f4621/output/perf.log clingo /home/guests/mmacri/AMOSUM/benchmarks/GraphColouring/encoding-plain-amo.asp /dev/shm/378b7b4c-2e81-11f1-ac62-000c298f4621/input/0052-graph_colouring-150-0_2880.asp 

running on 2 cores: 4-5

Enforcing wall clock limit (soft limit, will send SIGTERM then SIGKILL): 1205 seconds
Enforcing RSS+Swap limit (soft limit, will send SIGTERM then SIGKILL): 16777216 KiB
Linux 5.15.0-131-generic
Current StackSize limit: 8192 KiB

solver pid=1306700, runsolver pid=1306695

[startup+0.100067 s]*
/proc/loadavg: 14.48 14.27 14.01 18/820 1306713
/proc/meminfo: memFree=365250264/528004516 swapFree=8388604/8388604
[pid=1306700] ppid=1306695 vsize=26908 memory=13612 CPUtime=0.07 cores=4-5
/proc/1306700/stat : 1306700 (perf) S 1306695 1306700 1306518 0 -1 0 1738 237 0 0 7 0 0 0 20 0 1 0 923128683 27553792 3403 17179869184 93824994299904 93824996572973 140737488338256 0 0 0 134217728 4 74274 1 0 0 17 4 0 0 0 0 0 93824998874888 93825001005840 93825001308160 140737488340073 140737488340470 140737488340470 140737488351179 0
/proc/1306700/statm: 6727 3403 2098 555 0 1769 0
[pid=1306712] ppid=1306700 vsize=18752 memory=10416 CPUtime=0.02 cores=4-5
/proc/1306712/stat : 1306712 (clingo) R 1306700 1306700 1306518 0 -1 0 852 0 0 0 2 0 0 0 20 0 1 0 923128690 19202048 2604 17179869184 93824992301056 93824992468925 140737488338416 0 0 0 134217728 4 25184771 0 0 0 17 5 0 0 0 0 0 93824992533936 93824992571272 93824992575488 140737488340183 140737488340354 140737488340354 140737488351170 0
/proc/1306712/statm: 4688 2604 2045 41 0 767 0
Current children cumulated CPU time: 0.09 s
Current children cumulated vsize: 45660 KiB
Current children cumulated memory: 24028 KiB

[startup+0.217822 s]*
/proc/loadavg: 14.44 14.27 14.01 17/820 1306748
/proc/meminfo: memFree=365239256/528004516 swapFree=8388604/8388604
[pid=1306700] ppid=1306695 vsize=26908 memory=13612 CPUtime=0.07 cores=4-5
/proc/1306700/stat : 1306700 (perf) S 1306695 1306700 1306518 0 -1 0 1738 237 0 0 7 0 0 0 20 0 1 0 923128683 27553792 3403 17179869184 93824994299904 93824996572973 140737488338256 0 0 0 134217728 4 74274 1 0 0 17 4 0 0 0 0 0 93824998874888 93825001005840 93825001308160 140737488340073 140737488340470 140737488340470 140737488351179 0
/proc/1306700/statm: 6727 3403 2098 555 0 1769 0
[pid=1306712] ppid=1306700 vsize=26480 memory=18296 CPUtime=0.13 cores=4-5
/proc/1306712/stat : 1306712 (clingo) R 1306700 1306700 1306518 0 -1 0 2829 0 0 0 13 0 0 0 20 0 1 0 923128690 27115520 4574 17179869184 93824992301056 93824992468925 140737488338416 0 0 0 134217728 4 25184771 0 0 0 17 5 0 0 0 0 0 93824992533936 93824992571272 93824992575488 140737488340183 140737488340354 140737488340354 140737488351170 0
/proc/1306712/statm: 6620 4574 2091 41 0 2699 0
Current children cumulated CPU time: 0.2 s
Current children cumulated vsize: 53388 KiB
Current children cumulated memory: 31908 KiB

[startup+0.334447 s]*
/proc/loadavg: 14.44 14.27 14.01 17/821 1306749
/proc/meminfo: memFree=365226152/528004516 swapFree=8388604/8388604
[pid=1306700] ppid=1306695 vsize=26908 memory=13612 CPUtime=0.07 cores=4-5
/proc/1306700/stat : 1306700 (perf) S 1306695 1306700 1306518 0 -1 0 1738 237 0 0 7 0 0 0 20 0 1 0 923128683 27553792 3403 17179869184 93824994299904 93824996572973 140737488338256 0 0 0 134217728 4 74274 1 0 0 17 4 0 0 0 0 0 93824998874888 93825001005840 93825001308160 140737488340073 140737488340470 140737488340470 140737488351179 0
/proc/1306700/statm: 6727 3403 2098 555 0 1769 0
[pid=1306712] ppid=1306700 vsize=28592 memory=20408 CPUtime=0.23 cores=4-5
/proc/1306712/stat : 1306712 (clingo) R 1306700 1306700 1306518 0 -1 0 3355 0 0 0 23 0 0 0 20 0 1 0 923128690 29278208 5102 17179869184 93824992301056 93824992468925 140737488338416 0 0 0 134217728 4 25184771 0 0 0 17 5 0 0 0 0 0 93824992533936 93824992571272 93824992575488 140737488340183 140737488340354 140737488340354 140737488351170 0
/proc/1306712/statm: 7148 5102 2091 41 0 3227 0
Current children cumulated CPU time: 0.3 s
Current children cumulated vsize: 55500 KiB
Current children cumulated memory: 34020 KiB

[startup+0.70033 s]
/proc/loadavg: 14.44 14.27 14.01 16/821 1306749
/proc/meminfo: memFree=365215596/528004516 swapFree=8388604/8388604
[pid=1306700] ppid=1306695 vsize=26908 memory=13612 CPUtime=0.07 cores=4-5
/proc/1306700/stat : 1306700 (perf) S 1306695 1306700 1306518 0 -1 0 1738 237 0 0 7 0 0 0 20 0 1 0 923128683 27553792 3403 17179869184 93824994299904 93824996572973 140737488338256 0 0 0 134217728 4 74274 1 0 0 17 4 0 0 0 0 0 93824998874888 93825001005840 93825001308160 140737488340073 140737488340470 140737488340470 140737488351179 0
/proc/1306700/statm: 6727 3403 2098 555 0 1769 0
[pid=1306712] ppid=1306700 vsize=32040 memory=24104 CPUtime=0.52 cores=4-5
/proc/1306712/stat : 1306712 (clingo) R 1306700 1306700 1306518 0 -1 0 4242 0 0 0 52 0 0 0 20 0 1 0 923128690 32808960 6026 17179869184 93824992301056 93824992468925 140737488338416 0 0 0 134217728 4 25184771 0 0 0 17 5 0 0 0 0 0 93824992533936 93824992571272 93824992575488 140737488340183 140737488340354 140737488340354 140737488351170 0
/proc/1306712/statm: 8010 6026 2091 41 0 4089 0
Current children cumulated CPU time: 0.59 s
Current children cumulated vsize: 58948 KiB
Current children cumulated memory: 37716 KiB

[startup+1.50031 s]
/proc/loadavg: 14.44 14.27 14.01 17/821 1306749
/proc/meminfo: memFree=365198208/528004516 swapFree=8388604/8388604
[pid=1306700] ppid=1306695 vsize=26908 memory=13612 CPUtime=0.07 cores=4-5
/proc/1306700/stat : 1306700 (perf) S 1306695 1306700 1306518 0 -1 0 1738 237 0 0 7 0 0 0 20 0 1 0 923128683 27553792 3403 17179869184 93824994299904 93824996572973 140737488338256 0 0 0 134217728 4 74274 1 0 0 17 4 0 0 0 0 0 93824998874888 93825001005840 93825001308160 140737488340073 140737488340470 140737488340470 140737488351179 0
/proc/1306700/statm: 6727 3403 2098 555 0 1769 0
[pid=1306712] ppid=1306700 vsize=36036 memory=28064 CPUtime=1.31 cores=4-5
/proc/1306712/stat : 1306712 (clingo) R 1306700 1306700 1306518 0 -1 0 5230 0 0 0 130 1 0 0 20 0 1 0 923128690 36900864 7016 17179869184 93824992301056 93824992468925 140737488338416 0 0 0 134217728 4 25184771 0 0 0 17 5 0 0 0 0 0 93824992533936 93824992571272 93824992575488 140737488340183 140737488340354 140737488340354 140737488351170 0
/proc/1306712/statm: 9009 7016 2091 41 0 5088 0
Current children cumulated CPU time: 1.38 s
Current children cumulated vsize: 62944 KiB
Current children cumulated memory: 41676 KiB

[startup+3.11701 s]
/proc/loadavg: 14.44 14.27 14.01 15/795 1307160
/proc/meminfo: memFree=365503856/528004516 swapFree=8388604/8388604
[pid=1306700] ppid=1306695 vsize=26908 memory=13612 CPUtime=0.07 cores=4-5
/proc/1306700/stat : 1306700 (perf) S 1306695 1306700 1306518 0 -1 0 1738 237 0 0 7 0 0 0 20 0 1 0 923128683 27553792 3403 17179869184 93824994299904 93824996572973 140737488338256 0 0 0 134217728 4 74274 1 0 0 17 4 0 0 0 0 0 93824998874888 93825001005840 93825001308160 140737488340073 140737488340470 140737488340470 140737488351179 0
/proc/1306700/statm: 6727 3403 2098 555 0 1769 0
[pid=1306712] ppid=1306700 vsize=37892 memory=29648 CPUtime=2.91 cores=4-5
/proc/1306712/stat : 1306712 (clingo) R 1306700 1306700 1306518 0 -1 0 5675 0 0 0 290 1 0 0 20 0 1 0 923128690 38801408 7412 17179869184 93824992301056 93824992468925 140737488338416 0 0 0 134217728 4 25184771 0 0 0 17 4 0 0 0 0 0 93824992533936 93824992571272 93824992575488 140737488340183 140737488340354 140737488340354 140737488351170 0
/proc/1306712/statm: 9473 7412 2091 41 0 5552 0
Current children cumulated CPU time: 2.98 s
Current children cumulated vsize: 64800 KiB
Current children cumulated memory: 43260 KiB

[startup+6.30024 s]
/proc/loadavg: 14.41 14.26 14.01 15/807 1307653
/proc/meminfo: memFree=365385300/528004516 swapFree=8388604/8388604
[pid=1306700] ppid=1306695 vsize=26908 memory=13612 CPUtime=0.07 cores=4-5
/proc/1306700/stat : 1306700 (perf) S 1306695 1306700 1306518 0 -1 0 1738 237 0 0 7 0 0 0 20 0 1 0 923128683 27553792 3403 17179869184 93824994299904 93824996572973 140737488338256 0 0 0 134217728 4 74274 1 0 0 17 4 0 0 0 0 0 93824998874888 93825001005840 93825001308160 140737488340073 140737488340470 140737488340470 140737488351179 0
/proc/1306700/statm: 6727 3403 2098 555 0 1769 0
[pid=1306712] ppid=1306700 vsize=41912 memory=33812 CPUtime=6.09 cores=4-5
/proc/1306712/stat : 1306712 (clingo) R 1306700 1306700 1306518 0 -1 0 6918 0 0 0 607 2 0 0 20 0 1 0 923128690 42917888 8453 17179869184 93824992301056 93824992468925 140737488338416 0 0 0 134217728 4 25184771 0 0 0 17 4 0 0 0 0 0 93824992533936 93824992571272 93824992575488 140737488340183 140737488340354 140737488340354 140737488351170 0
/proc/1306712/statm: 10478 8453 2091 41 0 6557 0
Current children cumulated CPU time: 6.16 s
Current children cumulated vsize: 68820 KiB
Current children cumulated memory: 47424 KiB

[startup+12.7003 s]
/proc/loadavg: 14.37 14.26 14.01 17/861 1308062
/proc/meminfo: memFree=365080540/528004516 swapFree=8388604/8388604
[pid=1306700] ppid=1306695 vsize=26908 memory=13612 CPUtime=0.07 cores=4-5
/proc/1306700/stat : 1306700 (perf) S 1306695 1306700 1306518 0 -1 0 1738 237 0 0 7 0 0 0 20 0 1 0 923128683 27553792 3403 17179869184 93824994299904 93824996572973 140737488338256 0 0 0 134217728 4 74274 1 0 0 17 4 0 0 0 0 0 93824998874888 93825001005840 93825001308160 140737488340073 140737488340470 140737488340470 140737488351179 0
/proc/1306700/statm: 6727 3403 2098 555 0 1769 0
[pid=1306712] ppid=1306700 vsize=48888 memory=40632 CPUtime=12.49 cores=4-5
/proc/1306712/stat : 1306712 (clingo) R 1306700 1306700 1306518 0 -1 0 8769 0 0 0 1247 2 0 0 20 0 1 0 923128690 50061312 10158 17179869184 93824992301056 93824992468925 140737488338416 0 0 0 134217728 4 25184771 0 0 0 17 4 0 0 0 0 0 93824992533936 93824992571272 93824992575488 140737488340183 140737488340354 140737488340354 140737488351170 0
/proc/1306712/statm: 12222 10158 2091 41 0 8301 0
Current children cumulated CPU time: 12.56 s
Current children cumulated vsize: 75796 KiB
Current children cumulated memory: 54244 KiB

[startup+25.5004 s]
/proc/loadavg: 14.32 14.25 14.00 17/861 1308063
/proc/meminfo: memFree=364868296/528004516 swapFree=8388604/8388604
[pid=1306700] ppid=1306695 vsize=26908 memory=13612 CPUtime=0.07 cores=4-5
/proc/1306700/stat : 1306700 (perf) S 1306695 1306700 1306518 0 -1 0 1738 237 0 0 7 0 0 0 20 0 1 0 923128683 27553792 3403 17179869184 93824994299904 93824996572973 140737488338256 0 0 0 134217728 4 74274 1 0 0 17 4 0 0 0 0 0 93824998874888 93825001005840 93825001308160 140737488340073 140737488340470 140737488340470 140737488351179 0
/proc/1306700/statm: 6727 3403 2098 555 0 1769 0
[pid=1306712] ppid=1306700 vsize=56772 memory=48688 CPUtime=25.3 cores=4-5
/proc/1306712/stat : 1306712 (clingo) R 1306700 1306700 1306518 0 -1 0 11271 0 0 0 2527 3 0 0 20 0 1 0 923128690 58134528 12172 17179869184 93824992301056 93824992468925 140737488338416 0 0 0 134217728 4 25184771 0 0 0 17 4 0 0 0 0 0 93824992533936 93824992571272 93824992575488 140737488340183 140737488340354 140737488340354 140737488351170 0
/proc/1306712/statm: 14193 12172 2091 41 0 10272 0
Current children cumulated CPU time: 25.37 s
Current children cumulated vsize: 83680 KiB
Current children cumulated memory: 62300 KiB

[startup+51.1188 s]
/proc/loadavg: 14.25 14.24 14.01 17/865 1308172
/proc/meminfo: memFree=364513380/528004516 swapFree=8388604/8388604
[pid=1306700] ppid=1306695 vsize=26908 memory=13612 CPUtime=0.07 cores=4-5
/proc/1306700/stat : 1306700 (perf) S 1306695 1306700 1306518 0 -1 0 1738 237 0 0 7 0 0 0 20 0 1 0 923128683 27553792 3403 17179869184 93824994299904 93824996572973 140737488338256 0 0 0 134217728 4 74274 1 0 0 17 4 0 0 0 0 0 93824998874888 93825001005840 93825001308160 140737488340073 140737488340470 140737488340470 140737488351179 0
/proc/1306700/statm: 6727 3403 2098 555 0 1769 0
[pid=1306712] ppid=1306700 vsize=65224 memory=57080 CPUtime=50.91 cores=4-5
/proc/1306712/stat : 1306712 (clingo) R 1306700 1306700 1306518 0 -1 0 14559 0 0 0 5088 3 0 0 20 0 1 0 923128690 66789376 14270 17179869184 93824992301056 93824992468925 140737488338416 0 0 0 134217728 4 25184771 0 0 0 17 4 0 0 0 0 0 93824992533936 93824992571272 93824992575488 140737488340183 140737488340354 140737488340354 140737488351170 0
/proc/1306712/statm: 16306 14270 2091 41 0 12385 0
Current children cumulated CPU time: 50.98 s
Current children cumulated vsize: 92132 KiB
Current children cumulated memory: 70692 KiB

[startup+102.3 s]
/proc/loadavg: 14.16 14.22 14.01 17/866 1308176
/proc/meminfo: memFree=364142632/528004516 swapFree=8388604/8388604
[pid=1306700] ppid=1306695 vsize=26908 memory=13612 CPUtime=0.07 cores=4-5
/proc/1306700/stat : 1306700 (perf) S 1306695 1306700 1306518 0 -1 0 1738 237 0 0 7 0 0 0 20 0 1 0 923128683 27553792 3403 17179869184 93824994299904 93824996572973 140737488338256 0 0 0 134217728 4 74274 1 0 0 17 4 0 0 0 0 0 93824998874888 93825001005840 93825001308160 140737488340073 140737488340470 140737488340470 140737488351179 0
/proc/1306700/statm: 6727 3403 2098 555 0 1769 0
[pid=1306712] ppid=1306700 vsize=81144 memory=72592 CPUtime=102.09 cores=4-5
/proc/1306712/stat : 1306712 (clingo) R 1306700 1306700 1306518 0 -1 0 19670 0 0 0 10205 4 0 0 20 0 1 0 923128690 83091456 18148 17179869184 93824992301056 93824992468925 140737488338416 0 0 0 134217728 4 25184771 0 0 0 17 4 0 0 0 0 0 93824992533936 93824992571272 93824992575488 140737488340183 140737488340354 140737488340354 140737488351170 0
/proc/1306712/statm: 20286 18148 2091 41 0 16365 0
Current children cumulated CPU time: 102.16 s
Current children cumulated vsize: 108052 KiB
Current children cumulated memory: 86204 KiB

[startup+162.3 s]
/proc/loadavg: 14.55 14.34 14.07 17/866 1308179
/proc/meminfo: memFree=363766560/528004516 swapFree=8388604/8388604
[pid=1306700] ppid=1306695 vsize=26908 memory=13612 CPUtime=0.07 cores=4-5
/proc/1306700/stat : 1306700 (perf) S 1306695 1306700 1306518 0 -1 0 1738 237 0 0 7 0 0 0 20 0 1 0 923128683 27553792 3403 17179869184 93824994299904 93824996572973 140737488338256 0 0 0 134217728 4 74274 1 0 0 17 4 0 0 0 0 0 93824998874888 93825001005840 93825001308160 140737488340073 140737488340470 140737488340470 140737488351179 0
/proc/1306700/statm: 6727 3403 2098 555 0 1769 0
[pid=1306712] ppid=1306700 vsize=88824 memory=80320 CPUtime=162.09 cores=4-5
/proc/1306712/stat : 1306712 (clingo) R 1306700 1306700 1306518 0 -1 0 23020 0 0 0 16205 4 0 0 20 0 1 0 923128690 90955776 20080 17179869184 93824992301056 93824992468925 140737488338416 0 0 0 134217728 4 25184771 0 0 0 17 4 0 0 0 0 0 93824992533936 93824992571272 93824992575488 140737488340183 140737488340354 140737488340354 140737488351170 0
/proc/1306712/statm: 22206 20080 2091 41 0 18285 0
Current children cumulated CPU time: 162.16 s
Current children cumulated vsize: 115732 KiB
Current children cumulated memory: 93932 KiB

[startup+222.3 s]
/proc/loadavg: 14.26 14.29 14.07 17/866 1308183
/proc/meminfo: memFree=363615140/528004516 swapFree=8388604/8388604
[pid=1306700] ppid=1306695 vsize=26908 memory=13612 CPUtime=0.07 cores=4-5
/proc/1306700/stat : 1306700 (perf) S 1306695 1306700 1306518 0 -1 0 1738 237 0 0 7 0 0 0 20 0 1 0 923128683 27553792 3403 17179869184 93824994299904 93824996572973 140737488338256 0 0 0 134217728 4 74274 1 0 0 17 4 0 0 0 0 0 93824998874888 93825001005840 93825001308160 140737488340073 140737488340470 140737488340470 140737488351179 0
/proc/1306700/statm: 6727 3403 2098 555 0 1769 0
[pid=1306712] ppid=1306700 vsize=97876 memory=89472 CPUtime=222.09 cores=4-5
/proc/1306712/stat : 1306712 (clingo) R 1306700 1306700 1306518 0 -1 0 27154 0 0 0 22204 5 0 0 20 0 1 0 923128690 100225024 22368 17179869184 93824992301056 93824992468925 140737488338416 0 0 0 134217728 4 25184771 0 0 0 17 4 0 0 0 0 0 93824992533936 93824992571272 93824992575488 140737488340183 140737488340354 140737488340354 140737488351170 0
/proc/1306712/statm: 24469 22368 2091 41 0 20548 0
Current children cumulated CPU time: 222.16 s
Current children cumulated vsize: 124784 KiB
Current children cumulated memory: 103084 KiB

[startup+282.3 s]
/proc/loadavg: 14.17 14.25 14.07 17/866 1308184
/proc/meminfo: memFree=363399688/528004516 swapFree=8388604/8388604
[pid=1306700] ppid=1306695 vsize=26908 memory=13612 CPUtime=0.07 cores=4-5
/proc/1306700/stat : 1306700 (perf) S 1306695 1306700 1306518 0 -1 0 1738 237 0 0 7 0 0 0 20 0 1 0 923128683 27553792 3403 17179869184 93824994299904 93824996572973 140737488338256 0 0 0 134217728 4 74274 1 0 0 17 4 0 0 0 0 0 93824998874888 93825001005840 93825001308160 140737488340073 140737488340470 140737488340470 140737488351179 0
/proc/1306700/statm: 6727 3403 2098 555 0 1769 0
[pid=1306712] ppid=1306700 vsize=104848 memory=96568 CPUtime=282.09 cores=4-5
/proc/1306712/stat : 1306712 (clingo) R 1306700 1306700 1306518 0 -1 0 30786 0 0 0 28203 6 0 0 20 0 1 0 923128690 107364352 24142 17179869184 93824992301056 93824992468925 140737488338416 0 0 0 134217728 4 25184771 0 0 0 17 4 0 0 0 0 0 93824992533936 93824992571272 93824992575488 140737488340183 140737488340354 140737488340354 140737488351170 0
/proc/1306712/statm: 26212 24142 2091 41 0 22291 0
Current children cumulated CPU time: 282.16 s
Current children cumulated vsize: 131756 KiB
Current children cumulated memory: 110180 KiB

[startup+342.3 s]
/proc/loadavg: 14.12 14.22 14.07 17/842 1308189
/proc/meminfo: memFree=363296692/528004516 swapFree=8388604/8388604
[pid=1306700] ppid=1306695 vsize=26908 memory=13612 CPUtime=0.07 cores=4-5
/proc/1306700/stat : 1306700 (perf) S 1306695 1306700 1306518 0 -1 0 1738 237 0 0 7 0 0 0 20 0 1 0 923128683 27553792 3403 17179869184 93824994299904 93824996572973 140737488338256 0 0 0 134217728 4 74274 1 0 0 17 4 0 0 0 0 0 93824998874888 93825001005840 93825001308160 140737488340073 140737488340470 140737488340470 140737488351179 0
/proc/1306700/statm: 6727 3403 2098 555 0 1769 0
[pid=1306712] ppid=1306700 vsize=109288 memory=101020 CPUtime=342.09 cores=4-5
/proc/1306712/stat : 1306712 (clingo) R 1306700 1306700 1306518 0 -1 0 32802 0 0 0 34203 6 0 0 20 0 1 0 923128690 111910912 25255 17179869184 93824992301056 93824992468925 140737488338416 0 0 0 134217728 4 25184771 0 0 0 17 4 0 0 0 0 0 93824992533936 93824992571272 93824992575488 140737488340183 140737488340354 140737488340354 140737488351170 0
/proc/1306712/statm: 27322 25255 2091 41 0 23401 0
Current children cumulated CPU time: 342.16 s
Current children cumulated vsize: 136196 KiB
Current children cumulated memory: 114632 KiB

[startup+402.3 s]
/proc/loadavg: 14.04 14.18 14.06 17/834 1308193
/proc/meminfo: memFree=363173984/528004516 swapFree=8388604/8388604
[pid=1306700] ppid=1306695 vsize=26908 memory=13612 CPUtime=0.07 cores=4-5
/proc/1306700/stat : 1306700 (perf) S 1306695 1306700 1306518 0 -1 0 1738 237 0 0 7 0 0 0 20 0 1 0 923128683 27553792 3403 17179869184 93824994299904 93824996572973 140737488338256 0 0 0 134217728 4 74274 1 0 0 17 4 0 0 0 0 0 93824998874888 93825001005840 93825001308160 140737488340073 140737488340470 140737488340470 140737488351179 0
/proc/1306700/statm: 6727 3403 2098 555 0 1769 0
[pid=1306712] ppid=1306700 vsize=113320 memory=105016 CPUtime=402.09 cores=4-5
/proc/1306712/stat : 1306712 (clingo) R 1306700 1306700 1306518 0 -1 0 35252 0 0 0 40202 7 0 0 20 0 1 0 923128690 116039680 26254 17179869184 93824992301056 93824992468925 140737488338416 0 0 0 134217728 4 25184771 0 0 0 17 4 0 0 0 0 0 93824992533936 93824992571272 93824992575488 140737488340183 140737488340354 140737488340354 140737488351170 0
/proc/1306712/statm: 28330 26254 2091 41 0 24409 0
Current children cumulated CPU time: 402.16 s
Current children cumulated vsize: 140228 KiB
Current children cumulated memory: 118628 KiB

[startup+462.3 s]
/proc/loadavg: 14.27 14.21 14.08 17/835 1308198
/proc/meminfo: memFree=363064632/528004516 swapFree=8388604/8388604
[pid=1306700] ppid=1306695 vsize=26908 memory=13612 CPUtime=0.07 cores=4-5
/proc/1306700/stat : 1306700 (perf) S 1306695 1306700 1306518 0 -1 0 1738 237 0 0 7 0 0 0 20 0 1 0 923128683 27553792 3403 17179869184 93824994299904 93824996572973 140737488338256 0 0 0 134217728 4 74274 1 0 0 17 4 0 0 0 0 0 93824998874888 93825001005840 93825001308160 140737488340073 140737488340470 140737488340470 140737488351179 0
/proc/1306700/statm: 6727 3403 2098 555 0 1769 0
[pid=1306712] ppid=1306700 vsize=118004 memory=109704 CPUtime=462.09 cores=4-5
/proc/1306712/stat : 1306712 (clingo) R 1306700 1306700 1306518 0 -1 0 37416 0 0 0 46202 7 0 0 20 0 1 0 923128690 120836096 27426 17179869184 93824992301056 93824992468925 140737488338416 0 0 0 134217728 4 25184771 0 0 0 17 4 0 0 0 0 0 93824992533936 93824992571272 93824992575488 140737488340183 140737488340354 140737488340354 140737488351170 0
/proc/1306712/statm: 29501 27426 2091 41 0 25580 0
Current children cumulated CPU time: 462.16 s
Current children cumulated vsize: 144912 KiB
Current children cumulated memory: 123316 KiB

[startup+522.3 s]
/proc/loadavg: 14.16 14.19 14.08 17/836 1308202
/proc/meminfo: memFree=362977916/528004516 swapFree=8388604/8388604
[pid=1306700] ppid=1306695 vsize=26908 memory=13612 CPUtime=0.07 cores=4-5
/proc/1306700/stat : 1306700 (perf) S 1306695 1306700 1306518 0 -1 0 1738 237 0 0 7 0 0 0 20 0 1 0 923128683 27553792 3403 17179869184 93824994299904 93824996572973 140737488338256 0 0 0 134217728 4 74274 1 0 0 17 4 0 0 0 0 0 93824998874888 93825001005840 93825001308160 140737488340073 140737488340470 140737488340470 140737488351179 0
/proc/1306700/statm: 6727 3403 2098 555 0 1769 0
[pid=1306712] ppid=1306700 vsize=122284 memory=113936 CPUtime=522.09 cores=4-5
/proc/1306712/stat : 1306712 (clingo) R 1306700 1306700 1306518 0 -1 0 39787 0 0 0 52202 7 0 0 20 0 1 0 923128690 125218816 28484 17179869184 93824992301056 93824992468925 140737488338416 0 0 0 134217728 4 25184771 0 0 0 17 4 0 0 0 0 0 93824992533936 93824992571272 93824992575488 140737488340183 140737488340354 140737488340354 140737488351170 0
/proc/1306712/statm: 30571 28484 2091 41 0 26650 0
Current children cumulated CPU time: 522.16 s
Current children cumulated vsize: 149192 KiB
Current children cumulated memory: 127548 KiB

[startup+582.3 s]
/proc/loadavg: 14.32 14.22 14.10 17/836 1308206
/proc/meminfo: memFree=362918696/528004516 swapFree=8388604/8388604
[pid=1306700] ppid=1306695 vsize=26908 memory=13612 CPUtime=0.07 cores=4-5
/proc/1306700/stat : 1306700 (perf) S 1306695 1306700 1306518 0 -1 0 1738 237 0 0 7 0 0 0 20 0 1 0 923128683 27553792 3403 17179869184 93824994299904 93824996572973 140737488338256 0 0 0 134217728 4 74274 1 0 0 17 4 0 0 0 0 0 93824998874888 93825001005840 93825001308160 140737488340073 140737488340470 140737488340470 140737488351179 0
/proc/1306700/statm: 6727 3403 2098 555 0 1769 0
[pid=1306712] ppid=1306700 vsize=123428 memory=115108 CPUtime=582.09 cores=4-5
/proc/1306712/stat : 1306712 (clingo) R 1306700 1306700 1306518 0 -1 0 41328 0 0 0 58202 7 0 0 20 0 1 0 923128690 126390272 28777 17179869184 93824992301056 93824992468925 140737488338416 0 0 0 134217728 4 25184771 0 0 0 17 4 0 0 0 0 0 93824992533936 93824992571272 93824992575488 140737488340183 140737488340354 140737488340354 140737488351170 0
/proc/1306712/statm: 30857 28777 2091 41 0 26936 0
Current children cumulated CPU time: 582.16 s
Current children cumulated vsize: 150336 KiB
Current children cumulated memory: 128720 KiB

[startup+642.3 s]
/proc/loadavg: 14.37 14.26 14.12 17/836 1308207
/proc/meminfo: memFree=362741348/528004516 swapFree=8388604/8388604
[pid=1306700] ppid=1306695 vsize=26908 memory=13612 CPUtime=0.07 cores=4-5
/proc/1306700/stat : 1306700 (perf) S 1306695 1306700 1306518 0 -1 0 1738 237 0 0 7 0 0 0 20 0 1 0 923128683 27553792 3403 17179869184 93824994299904 93824996572973 140737488338256 0 0 0 134217728 4 74274 1 0 0 17 4 0 0 0 0 0 93824998874888 93825001005840 93825001308160 140737488340073 140737488340470 140737488340470 140737488351179 0
/proc/1306700/statm: 6727 3403 2098 555 0 1769 0
[pid=1306712] ppid=1306700 vsize=127220 memory=118916 CPUtime=642.09 cores=4-5
/proc/1306712/stat : 1306712 (clingo) R 1306700 1306700 1306518 0 -1 0 45785 0 0 0 64200 9 0 0 20 0 1 0 923128690 130273280 29729 17179869184 93824992301056 93824992468925 140737488338416 0 0 0 134217728 4 25184771 0 0 0 17 4 0 0 0 0 0 93824992533936 93824992571272 93824992575488 140737488340183 140737488340354 140737488340354 140737488351170 0
/proc/1306712/statm: 31805 29729 2091 41 0 27884 0
Current children cumulated CPU time: 642.16 s
Current children cumulated vsize: 154128 KiB
Current children cumulated memory: 132528 KiB

[startup+702.3 s]
/proc/loadavg: 14.46 14.31 14.15 17/836 1308209
/proc/meminfo: memFree=362721220/528004516 swapFree=8388604/8388604
[pid=1306700] ppid=1306695 vsize=26908 memory=13612 CPUtime=0.07 cores=4-5
/proc/1306700/stat : 1306700 (perf) S 1306695 1306700 1306518 0 -1 0 1738 237 0 0 7 0 0 0 20 0 1 0 923128683 27553792 3403 17179869184 93824994299904 93824996572973 140737488338256 0 0 0 134217728 4 74274 1 0 0 17 4 0 0 0 0 0 93824998874888 93825001005840 93825001308160 140737488340073 140737488340470 140737488340470 140737488351179 0
/proc/1306700/statm: 6727 3403 2098 555 0 1769 0
[pid=1306712] ppid=1306700 vsize=132856 memory=124288 CPUtime=702.09 cores=4-5
/proc/1306712/stat : 1306712 (clingo) R 1306700 1306700 1306518 0 -1 0 48114 0 0 0 70199 10 0 0 20 0 1 0 923128690 136044544 31072 17179869184 93824992301056 93824992468925 140737488338416 0 0 0 134217728 4 25184771 0 0 0 17 4 0 0 0 0 0 93824992533936 93824992571272 93824992575488 140737488340183 140737488340354 140737488340354 140737488351170 0
/proc/1306712/statm: 33214 31072 2091 41 0 29293 0
Current children cumulated CPU time: 702.16 s
Current children cumulated vsize: 159764 KiB
Current children cumulated memory: 137900 KiB

[startup+762.3 s]
/proc/loadavg: 14.17 14.25 14.14 17/841 1308323
/proc/meminfo: memFree=362837116/528004516 swapFree=8388604/8388604
[pid=1306700] ppid=1306695 vsize=26908 memory=13612 CPUtime=0.07 cores=4-5
/proc/1306700/stat : 1306700 (perf) S 1306695 1306700 1306518 0 -1 0 1738 237 0 0 7 0 0 0 20 0 1 0 923128683 27553792 3403 17179869184 93824994299904 93824996572973 140737488338256 0 0 0 134217728 4 74274 1 0 0 17 4 0 0 0 0 0 93824998874888 93825001005840 93825001308160 140737488340073 140737488340470 140737488340470 140737488351179 0
/proc/1306700/statm: 6727 3403 2098 555 0 1769 0
[pid=1306712] ppid=1306700 vsize=136640 memory=128248 CPUtime=762.09 cores=4-5
/proc/1306712/stat : 1306712 (clingo) R 1306700 1306700 1306518 0 -1 0 50882 0 0 0 76198 11 0 0 20 0 1 0 923128690 139919360 32062 17179869184 93824992301056 93824992468925 140737488338416 0 0 0 134217728 4 25184771 0 0 0 17 4 0 0 0 0 0 93824992533936 93824992571272 93824992575488 140737488340183 140737488340354 140737488340354 140737488351170 0
/proc/1306712/statm: 34160 32062 2091 41 0 30239 0
Current children cumulated CPU time: 762.16 s
Current children cumulated vsize: 163548 KiB
Current children cumulated memory: 141860 KiB

[startup+822.3 s]
/proc/loadavg: 14.06 14.20 14.12 17/846 1308330
/proc/meminfo: memFree=362777644/528004516 swapFree=8388604/8388604
[pid=1306700] ppid=1306695 vsize=26908 memory=13612 CPUtime=0.07 cores=4-5
/proc/1306700/stat : 1306700 (perf) S 1306695 1306700 1306518 0 -1 0 1738 237 0 0 7 0 0 0 20 0 1 0 923128683 27553792 3403 17179869184 93824994299904 93824996572973 140737488338256 0 0 0 134217728 4 74274 1 0 0 17 4 0 0 0 0 0 93824998874888 93825001005840 93825001308160 140737488340073 140737488340470 140737488340470 140737488351179 0
/proc/1306700/statm: 6727 3403 2098 555 0 1769 0
[pid=1306712] ppid=1306700 vsize=139056 memory=130824 CPUtime=822.09 cores=4-5
/proc/1306712/stat : 1306712 (clingo) R 1306700 1306700 1306518 0 -1 0 52863 0 0 0 82198 11 0 0 20 0 1 0 923128690 142393344 32706 17179869184 93824992301056 93824992468925 140737488338416 0 0 0 134217728 4 25184771 0 0 0 17 4 0 0 0 0 0 93824992533936 93824992571272 93824992575488 140737488340183 140737488340354 140737488340354 140737488351170 0
/proc/1306712/statm: 34764 32706 2091 41 0 30843 0
Current children cumulated CPU time: 822.16 s
Current children cumulated vsize: 165964 KiB
Current children cumulated memory: 144436 KiB

[startup+882.3 s]
/proc/loadavg: 14.10 14.18 14.12 17/846 1308374
/proc/meminfo: memFree=362718528/528004516 swapFree=8388604/8388604
[pid=1306700] ppid=1306695 vsize=26908 memory=13612 CPUtime=0.07 cores=4-5
/proc/1306700/stat : 1306700 (perf) S 1306695 1306700 1306518 0 -1 0 1738 237 0 0 7 0 0 0 20 0 1 0 923128683 27553792 3403 17179869184 93824994299904 93824996572973 140737488338256 0 0 0 134217728 4 74274 1 0 0 17 4 0 0 0 0 0 93824998874888 93825001005840 93825001308160 140737488340073 140737488340470 140737488340470 140737488351179 0
/proc/1306700/statm: 6727 3403 2098 555 0 1769 0
[pid=1306712] ppid=1306700 vsize=146824 memory=138368 CPUtime=882.08 cores=4-5
/proc/1306712/stat : 1306712 (clingo) R 1306700 1306700 1306518 0 -1 0 55959 0 0 0 88197 11 0 0 20 0 1 0 923128690 150347776 34592 17179869184 93824992301056 93824992468925 140737488338416 0 0 0 134217728 4 25184771 0 0 0 17 4 0 0 0 0 0 93824992533936 93824992571272 93824992575488 140737488340183 140737488340354 140737488340354 140737488351170 0
/proc/1306712/statm: 36706 34592 2091 41 0 32785 0
Current children cumulated CPU time: 882.15 s
Current children cumulated vsize: 173732 KiB
Current children cumulated memory: 151980 KiB

[startup+942.3 s]
/proc/loadavg: 14.34 14.26 14.15 17/846 1308375
/proc/meminfo: memFree=362573412/528004516 swapFree=8388604/8388604
[pid=1306700] ppid=1306695 vsize=26908 memory=13612 CPUtime=0.07 cores=4-5
/proc/1306700/stat : 1306700 (perf) S 1306695 1306700 1306518 0 -1 0 1738 237 0 0 7 0 0 0 20 0 1 0 923128683 27553792 3403 17179869184 93824994299904 93824996572973 140737488338256 0 0 0 134217728 4 74274 1 0 0 17 4 0 0 0 0 0 93824998874888 93825001005840 93825001308160 140737488340073 140737488340470 140737488340470 140737488351179 0
/proc/1306700/statm: 6727 3403 2098 555 0 1769 0
[pid=1306712] ppid=1306700 vsize=146032 memory=137824 CPUtime=942.08 cores=4-5
/proc/1306712/stat : 1306712 (clingo) R 1306700 1306700 1306518 0 -1 0 57146 0 0 0 94197 11 0 0 20 0 1 0 923128690 149536768 34456 17179869184 93824992301056 93824992468925 140737488338416 0 0 0 134217728 4 25184771 0 0 0 17 4 0 0 0 0 0 93824992533936 93824992571272 93824992575488 140737488340183 140737488340354 140737488340354 140737488351170 0
/proc/1306712/statm: 36508 34456 2091 41 0 32587 0
Current children cumulated CPU time: 942.15 s
Current children cumulated vsize: 172940 KiB
Current children cumulated memory: 151436 KiB

[startup+1002.3 s]
/proc/loadavg: 14.40 14.29 14.17 17/847 1308377
/proc/meminfo: memFree=362483956/528004516 swapFree=8388604/8388604
[pid=1306700] ppid=1306695 vsize=26908 memory=13612 CPUtime=0.07 cores=4-5
/proc/1306700/stat : 1306700 (perf) S 1306695 1306700 1306518 0 -1 0 1738 237 0 0 7 0 0 0 20 0 1 0 923128683 27553792 3403 17179869184 93824994299904 93824996572973 140737488338256 0 0 0 134217728 4 74274 1 0 0 17 4 0 0 0 0 0 93824998874888 93825001005840 93825001308160 140737488340073 140737488340470 140737488340470 140737488351179 0
/proc/1306700/statm: 6727 3403 2098 555 0 1769 0
[pid=1306712] ppid=1306700 vsize=148060 memory=139748 CPUtime=1002.09 cores=4-5
/proc/1306712/stat : 1306712 (clingo) R 1306700 1306700 1306518 0 -1 0 59951 0 0 0 100197 12 0 0 20 0 1 0 923128690 151613440 34937 17179869184 93824992301056 93824992468925 140737488338416 0 0 0 134217728 4 25184771 0 0 0 17 4 0 0 0 0 0 93824992533936 93824992571272 93824992575488 140737488340183 140737488340354 140737488340354 140737488351170 0
/proc/1306712/statm: 37015 34937 2091 41 0 33094 0
Current children cumulated CPU time: 1002.16 s
Current children cumulated vsize: 174968 KiB
Current children cumulated memory: 153360 KiB

[startup+1062.3 s]
/proc/loadavg: 14.41 14.31 14.18 17/843 1308382
/proc/meminfo: memFree=362373316/528004516 swapFree=8388604/8388604
[pid=1306700] ppid=1306695 vsize=26908 memory=13612 CPUtime=0.07 cores=4-5
/proc/1306700/stat : 1306700 (perf) S 1306695 1306700 1306518 0 -1 0 1738 237 0 0 7 0 0 0 20 0 1 0 923128683 27553792 3403 17179869184 93824994299904 93824996572973 140737488338256 0 0 0 134217728 4 74274 1 0 0 17 4 0 0 0 0 0 93824998874888 93825001005840 93825001308160 140737488340073 140737488340470 140737488340470 140737488351179 0
/proc/1306700/statm: 6727 3403 2098 555 0 1769 0
[pid=1306712] ppid=1306700 vsize=156648 memory=148320 CPUtime=1062.09 cores=4-5
/proc/1306712/stat : 1306712 (clingo) R 1306700 1306700 1306518 0 -1 0 64308 0 0 0 106195 14 0 0 20 0 1 0 923128690 160407552 37080 17179869184 93824992301056 93824992468925 140737488338416 0 0 0 134217728 4 25184771 0 0 0 17 4 0 0 0 0 0 93824992533936 93824992571272 93824992575488 140737488340183 140737488340354 140737488340354 140737488351170 0
/proc/1306712/statm: 39162 37080 2091 41 0 35241 0
Current children cumulated CPU time: 1062.16 s
Current children cumulated vsize: 183556 KiB
Current children cumulated memory: 161932 KiB

[startup+1122.3 s]
/proc/loadavg: 14.35 14.33 14.20 17/846 1308398
/proc/meminfo: memFree=362303044/528004516 swapFree=8388604/8388604
[pid=1306700] ppid=1306695 vsize=26908 memory=13612 CPUtime=0.07 cores=4-5
/proc/1306700/stat : 1306700 (perf) S 1306695 1306700 1306518 0 -1 0 1738 237 0 0 7 0 0 0 20 0 1 0 923128683 27553792 3403 17179869184 93824994299904 93824996572973 140737488338256 0 0 0 134217728 4 74274 1 0 0 17 4 0 0 0 0 0 93824998874888 93825001005840 93825001308160 140737488340073 140737488340470 140737488340470 140737488351179 0
/proc/1306700/statm: 6727 3403 2098 555 0 1769 0
[pid=1306712] ppid=1306700 vsize=156300 memory=148088 CPUtime=1122.09 cores=4-5
/proc/1306712/stat : 1306712 (clingo) R 1306700 1306700 1306518 0 -1 0 66119 0 0 0 112195 14 0 0 20 0 1 0 923128690 160051200 37022 17179869184 93824992301056 93824992468925 140737488338416 0 0 0 134217728 4 25184771 0 0 0 17 4 0 0 0 0 0 93824992533936 93824992571272 93824992575488 140737488340183 140737488340354 140737488340354 140737488351170 0
/proc/1306712/statm: 39075 37022 2091 41 0 35154 0
Current children cumulated CPU time: 1122.16 s
Current children cumulated vsize: 183208 KiB
Current children cumulated memory: 161700 KiB

[startup+1182.3 s]
/proc/loadavg: 14.92 14.45 14.24 17/845 1308400
/proc/meminfo: memFree=362234488/528004516 swapFree=8388604/8388604
[pid=1306700] ppid=1306695 vsize=26908 memory=13612 CPUtime=0.07 cores=4-5
/proc/1306700/stat : 1306700 (perf) S 1306695 1306700 1306518 0 -1 0 1738 237 0 0 7 0 0 0 20 0 1 0 923128683 27553792 3403 17179869184 93824994299904 93824996572973 140737488338256 0 0 0 134217728 4 74274 1 0 0 17 4 0 0 0 0 0 93824998874888 93825001005840 93825001308160 140737488340073 140737488340470 140737488340470 140737488351179 0
/proc/1306700/statm: 6727 3403 2098 555 0 1769 0
[pid=1306712] ppid=1306700 vsize=157972 memory=149836 CPUtime=1182.08 cores=4-5
/proc/1306712/stat : 1306712 (clingo) R 1306700 1306700 1306518 0 -1 0 67806 0 0 0 118194 14 0 0 20 0 1 0 923128690 161763328 37459 17179869184 93824992301056 93824992468925 140737488338416 0 0 0 134217728 4 25184771 0 0 0 17 4 0 0 0 0 0 93824992533936 93824992571272 93824992575488 140737488340183 140737488340354 140737488340354 140737488351170 0
/proc/1306712/statm: 39493 37459 2091 41 0 35572 0
Current children cumulated CPU time: 1182.15 s
Current children cumulated vsize: 184880 KiB
Current children cumulated memory: 163448 KiB



Maximum wall clock time exceeded: sending SIGTERM then SIGKILL

[startup+1205 s]*
/proc/loadavg: 15.06 14.51 14.27 18/819 1308424
/proc/meminfo: memFree=362442072/528004516 swapFree=8388604/8388604
[pid=1306700] ppid=1306695 vsize=26908 memory=13612 CPUtime=0.07 cores=4-5
/proc/1306700/stat : 1306700 (perf) S 1306695 1306700 1306518 0 -1 0 1738 237 0 0 7 0 0 0 20 0 1 0 923128683 27553792 3403 17179869184 93824994299904 93824996572973 140737488338256 0 0 0 134217728 4 74274 1 0 0 17 4 0 0 0 0 0 93824998874888 93825001005840 93825001308160 140737488340073 140737488340470 140737488340470 140737488351179 0
/proc/1306700/statm: 6727 3403 2098 555 0 1769 0
[pid=1306712] ppid=1306700 vsize=160480 memory=152208 CPUtime=1204.8 cores=4-5
/proc/1306712/stat : 1306712 (clingo) R 1306700 1306700 1306518 0 -1 0 68431 0 0 0 120465 15 0 0 20 0 1 0 923128690 164331520 38052 17179869184 93824992301056 93824992468925 140737488338416 0 0 0 134217728 4 25184771 0 0 0 17 4 0 0 0 0 0 93824992533936 93824992571272 93824992575488 140737488340183 140737488340354 140737488340354 140737488351170 0
/proc/1306712/statm: 40120 38052 2091 41 0 36199 0
Current children cumulated CPU time: 1204.87 s
Current children cumulated vsize: 187388 KiB
Current children cumulated memory: 165820 KiB

Sending SIGINT to process tree (bottom up)
Sleeping 5 seconds

[startup+1205.03 s]
# the end of solver process 1306700 was just reported to runsolver
# cumulated CPU time of all completed processes:  user=1204.74 s, system=0.159998 s

Solver just ended.
??? end of watcher thread
Dumping a history of the last processes samples

Child status: 1
Real time (s): 1205.03
CPU time (s): 1204.9
CPU user time (s): 1204.74
CPU system time (s): 0.159998
CPU usage (%): 99.9896
Max. virtual memory (cumulated for all children) (KiB): 187388
Max. memory (cumulated for all children) (KiB): 165820

getrusage(RUSAGE_CHILDREN,...) data:
user time used= 1204.74
system time used= 0.159998
maximum resident set size= 152348
integral shared memory size= 0
integral unshared data size= 0
integral unshared stack size= 0
page reclaims= 70446
page faults= 0
swaps= 0
block input operations= 0
block output operations= 0
messages sent= 0
messages received= 0
signals received= 0
voluntary context switches= 24
involuntary context switches= 1152


# summary of solver processes directly reported to runsolver:
#   pid: 1306700
#   total CPU time (s): 1204.9
#   total CPU user time (s): 1204.74
#   total CPU system time (s): 0.159998

??? end of timestamper thread
runsolver used 9.17073 second user time and 14.6653 second system time

The end
