runsolver version 3.4.0 (svn: 3018) Copyright (C) 2010-2013 Olivier ROUSSEL

This program is distributed in the hope that it will be useful,
but WITHOUT ANY WARRANTY; without even the implied warranty of
MERCHANTABILITY or FITNESS FOR A PARTICULAR PURPOSE.  See the
GNU General Public License for more details.

NUMA information:
  number of nodes: 2
  memory of node 0: 257635 MiB (185550 MiB free)
  memory of node 1: 257994 MiB (191419 MiB free)
  node distances:
     10  20
     20  10

command line: /dev/shm/375110ec-2e81-11f1-ac62-000c298f4621/input/runsolver -w /dev/shm/375110ec-2e81-11f1-ac62-000c298f4621/output/runsolver.log -v /dev/shm/375110ec-2e81-11f1-ac62-000c298f4621/output/varfile.log -W 1205 --rss-swap-limit 16384 -d 5 --sigint /usr/bin/perf stat -B -e task-clock,cache-references,cache-misses,cycles,instructions,branches,faults,migrations,context-switches -o /dev/shm/375110ec-2e81-11f1-ac62-000c298f4621/output/perf.log clingo /home/guests/mmacri/AMOSUM/benchmarks/GraphColouring/encoding-plain-amo.asp /dev/shm/375110ec-2e81-11f1-ac62-000c298f4621/input/0021-graph_colouring-135-0_2592.asp 

running on 2 cores: 2-3

Enforcing wall clock limit (soft limit, will send SIGTERM then SIGKILL): 1205 seconds
Enforcing RSS+Swap limit (soft limit, will send SIGTERM then SIGKILL): 16777216 KiB
Linux 5.15.0-131-generic
Current StackSize limit: 8192 KiB

solver pid=3552212, runsolver pid=3552202

[startup+0.100062 s]*
/proc/loadavg: 14.20 14.41 13.32 17/838 3552258
/proc/meminfo: memFree=386063720/528004520 swapFree=8388604/8388604
[pid=3552212] ppid=3552202 vsize=26908 memory=13612 CPUtime=0.07 cores=2-3
/proc/3552212/stat : 3552212 (perf) S 3552202 3552212 3551688 0 -1 0 1742 237 0 0 5 2 0 0 20 0 1 0 922998575 27553792 3403 17179869184 93824994299904 93824996572973 140737488338256 0 0 0 134217728 4 74274 1 0 0 17 2 0 0 0 0 0 93824998874888 93825001005840 93825001308160 140737488340073 140737488340470 140737488340470 140737488351179 0
/proc/3552212/statm: 6727 3403 2098 555 0 1769 0
[pid=3552251] ppid=3552212 vsize=19340 memory=11012 CPUtime=0.02 cores=2-3
/proc/3552251/stat : 3552251 (clingo) R 3552212 3552212 3551688 0 -1 0 1085 0 1 0 2 0 0 0 20 0 1 0 922998584 19804160 2753 17179869184 93824992301056 93824992468925 140737488338416 0 0 0 134217728 4 25184771 0 0 0 17 3 0 0 0 0 0 93824992533936 93824992571272 93824992575488 140737488340183 140737488340354 140737488340354 140737488351170 0
/proc/3552251/statm: 4835 2753 1994 41 0 914 0
Current children cumulated CPU time: 0.09 s
Current children cumulated vsize: 46248 KiB
Current children cumulated memory: 24624 KiB

[startup+0.238784 s]*
/proc/loadavg: 14.43 14.45 13.34 21/837 3552259
/proc/meminfo: memFree=386106352/528004520 swapFree=8388604/8388604
[pid=3552212] ppid=3552202 vsize=26908 memory=13612 CPUtime=0.07 cores=2-3
/proc/3552212/stat : 3552212 (perf) S 3552202 3552212 3551688 0 -1 0 1742 237 0 0 5 2 0 0 20 0 1 0 922998575 27553792 3403 17179869184 93824994299904 93824996572973 140737488338256 0 0 0 134217728 4 74274 1 0 0 17 2 0 0 0 0 0 93824998874888 93825001005840 93825001308160 140737488340073 140737488340470 140737488340470 140737488351179 0
/proc/3552212/statm: 6727 3403 2098 555 0 1769 0
[pid=3552251] ppid=3552212 vsize=25804 memory=17580 CPUtime=0.13 cores=2-3
/proc/3552251/stat : 3552251 (clingo) R 3552212 3552212 3551688 0 -1 0 2704 0 1 0 13 0 0 0 20 0 1 0 922998584 26423296 4395 17179869184 93824992301056 93824992468925 140737488338416 0 0 0 134217728 4 25184771 0 0 0 17 2 0 0 0 0 0 93824992533936 93824992571272 93824992575488 140737488340183 140737488340354 140737488340354 140737488351170 0
/proc/3552251/statm: 6451 4395 2059 41 0 2530 0
Current children cumulated CPU time: 0.2 s
Current children cumulated vsize: 52712 KiB
Current children cumulated memory: 31192 KiB

[startup+0.318855 s]*
/proc/loadavg: 14.43 14.45 13.34 15/836 3552262
/proc/meminfo: memFree=386093232/528004520 swapFree=8388604/8388604
[pid=3552212] ppid=3552202 vsize=26908 memory=13612 CPUtime=0.07 cores=2-3
/proc/3552212/stat : 3552212 (perf) S 3552202 3552212 3551688 0 -1 0 1742 237 0 0 5 2 0 0 20 0 1 0 922998575 27553792 3403 17179869184 93824994299904 93824996572973 140737488338256 0 0 0 134217728 4 74274 1 0 0 17 2 0 0 0 0 0 93824998874888 93825001005840 93825001308160 140737488340073 140737488340470 140737488340470 140737488351179 0
/proc/3552212/statm: 6727 3403 2098 555 0 1769 0
[pid=3552251] ppid=3552212 vsize=27156 memory=18900 CPUtime=0.21 cores=2-3
/proc/3552251/stat : 3552251 (clingo) R 3552212 3552212 3551688 0 -1 0 3049 0 1 0 21 0 0 0 20 0 1 0 922998584 27807744 4725 17179869184 93824992301056 93824992468925 140737488338416 0 0 0 134217728 4 25184771 0 0 0 17 2 0 0 0 0 0 93824992533936 93824992571272 93824992575488 140737488340183 140737488340354 140737488340354 140737488351170 0
/proc/3552251/statm: 6789 4725 2059 41 0 2868 0
Current children cumulated CPU time: 0.28 s
Current children cumulated vsize: 54064 KiB
Current children cumulated memory: 32512 KiB

[startup+0.700337 s]
/proc/loadavg: 14.43 14.45 13.34 16/825 3552310
/proc/meminfo: memFree=386077384/528004520 swapFree=8388604/8388604
[pid=3552212] ppid=3552202 vsize=26908 memory=13612 CPUtime=0.07 cores=2-3
/proc/3552212/stat : 3552212 (perf) S 3552202 3552212 3551688 0 -1 0 1742 237 0 0 5 2 0 0 20 0 1 0 922998575 27553792 3403 17179869184 93824994299904 93824996572973 140737488338256 0 0 0 134217728 4 74274 1 0 0 17 2 0 0 0 0 0 93824998874888 93825001005840 93825001308160 140737488340073 140737488340470 140737488340470 140737488351179 0
/proc/3552212/statm: 6727 3403 2098 555 0 1769 0
[pid=3552251] ppid=3552212 vsize=30764 memory=22596 CPUtime=0.57 cores=2-3
/proc/3552251/stat : 3552251 (clingo) R 3552212 3552212 3551688 0 -1 0 3953 0 1 0 57 0 0 0 20 0 1 0 922998584 31502336 5649 17179869184 93824992301056 93824992468925 140737488338416 0 0 0 134217728 4 25184771 0 0 0 17 2 0 0 0 0 0 93824992533936 93824992571272 93824992575488 140737488340183 140737488340354 140737488340354 140737488351170 0
/proc/3552251/statm: 7691 5649 2059 41 0 3770 0
Current children cumulated CPU time: 0.64 s
Current children cumulated vsize: 57672 KiB
Current children cumulated memory: 36208 KiB

[startup+1.50027 s]
/proc/loadavg: 14.43 14.45 13.34 16/831 3552424
/proc/meminfo: memFree=386155212/528004520 swapFree=8388604/8388604
[pid=3552212] ppid=3552202 vsize=26908 memory=13612 CPUtime=0.07 cores=2-3
/proc/3552212/stat : 3552212 (perf) S 3552202 3552212 3551688 0 -1 0 1742 237 0 0 5 2 0 0 20 0 1 0 922998575 27553792 3403 17179869184 93824994299904 93824996572973 140737488338256 0 0 0 134217728 4 74274 1 0 0 17 2 0 0 0 0 0 93824998874888 93825001005840 93825001308160 140737488340073 140737488340470 140737488340470 140737488351179 0
/proc/3552212/statm: 6727 3403 2098 555 0 1769 0
[pid=3552251] ppid=3552212 vsize=35120 memory=26820 CPUtime=1.37 cores=2-3
/proc/3552251/stat : 3552251 (clingo) R 3552212 3552212 3551688 0 -1 0 5015 0 1 0 137 0 0 0 20 0 1 0 922998584 35962880 6705 17179869184 93824992301056 93824992468925 140737488338416 0 0 0 134217728 4 25184771 0 0 0 17 2 0 0 0 0 0 93824992533936 93824992571272 93824992575488 140737488340183 140737488340354 140737488340354 140737488351170 0
/proc/3552251/statm: 8780 6705 2059 41 0 4859 0
Current children cumulated CPU time: 1.44 s
Current children cumulated vsize: 62028 KiB
Current children cumulated memory: 40432 KiB

[startup+3.11992 s]
/proc/loadavg: 14.43 14.45 13.34 18/843 3552684
/proc/meminfo: memFree=386164844/528004520 swapFree=8388604/8388604
[pid=3552212] ppid=3552202 vsize=26908 memory=13612 CPUtime=0.07 cores=2-3
/proc/3552212/stat : 3552212 (perf) S 3552202 3552212 3551688 0 -1 0 1742 237 0 0 5 2 0 0 20 0 1 0 922998575 27553792 3403 17179869184 93824994299904 93824996572973 140737488338256 0 0 0 134217728 4 74274 1 0 0 17 2 0 0 0 0 0 93824998874888 93825001005840 93825001308160 140737488340073 140737488340470 140737488340470 140737488351179 0
/proc/3552212/statm: 6727 3403 2098 555 0 1769 0
[pid=3552251] ppid=3552212 vsize=36624 memory=28352 CPUtime=2.99 cores=2-3
/proc/3552251/stat : 3552251 (clingo) R 3552212 3552212 3551688 0 -1 0 5599 0 1 0 299 0 0 0 20 0 1 0 922998584 37502976 7088 17179869184 93824992301056 93824992468925 140737488338416 0 0 0 134217728 4 25184771 0 0 0 17 2 0 0 0 0 0 93824992533936 93824992571272 93824992575488 140737488340183 140737488340354 140737488340354 140737488351170 0
/proc/3552251/statm: 9156 7088 2059 41 0 5235 0
Current children cumulated CPU time: 3.06 s
Current children cumulated vsize: 63532 KiB
Current children cumulated memory: 41964 KiB

[startup+6.30027 s]
/proc/loadavg: 14.39 14.45 13.34 17/845 3552986
/proc/meminfo: memFree=386234588/528004520 swapFree=8388604/8388604
[pid=3552212] ppid=3552202 vsize=26908 memory=13612 CPUtime=0.07 cores=2-3
/proc/3552212/stat : 3552212 (perf) S 3552202 3552212 3551688 0 -1 0 1742 237 0 0 5 2 0 0 20 0 1 0 922998575 27553792 3403 17179869184 93824994299904 93824996572973 140737488338256 0 0 0 134217728 4 74274 1 0 0 17 2 0 0 0 0 0 93824998874888 93825001005840 93825001308160 140737488340073 140737488340470 140737488340470 140737488351179 0
/proc/3552212/statm: 6727 3403 2098 555 0 1769 0
[pid=3552251] ppid=3552212 vsize=39960 memory=31804 CPUtime=6.17 cores=2-3
/proc/3552251/stat : 3552251 (clingo) R 3552212 3552212 3551688 0 -1 0 6524 0 1 0 617 0 0 0 20 0 1 0 922998584 40919040 7951 17179869184 93824992301056 93824992468925 140737488338416 0 0 0 134217728 4 25184771 0 0 0 17 2 0 0 0 0 0 93824992533936 93824992571272 93824992575488 140737488340183 140737488340354 140737488340354 140737488351170 0
/proc/3552251/statm: 9990 7951 2059 41 0 6069 0
Current children cumulated CPU time: 6.24 s
Current children cumulated vsize: 66868 KiB
Current children cumulated memory: 45416 KiB

[startup+12.7003 s]
/proc/loadavg: 14.36 14.44 13.35 17/845 3552986
/proc/meminfo: memFree=386153672/528004520 swapFree=8388604/8388604
[pid=3552212] ppid=3552202 vsize=26908 memory=13612 CPUtime=0.07 cores=2-3
/proc/3552212/stat : 3552212 (perf) S 3552202 3552212 3551688 0 -1 0 1742 237 0 0 5 2 0 0 20 0 1 0 922998575 27553792 3403 17179869184 93824994299904 93824996572973 140737488338256 0 0 0 134217728 4 74274 1 0 0 17 2 0 0 0 0 0 93824998874888 93825001005840 93825001308160 140737488340073 140737488340470 140737488340470 140737488351179 0
/proc/3552212/statm: 6727 3403 2098 555 0 1769 0
[pid=3552251] ppid=3552212 vsize=46900 memory=38632 CPUtime=12.57 cores=2-3
/proc/3552251/stat : 3552251 (clingo) R 3552212 3552212 3551688 0 -1 0 8333 0 1 0 1257 0 0 0 20 0 1 0 922998584 48025600 9658 17179869184 93824992301056 93824992468925 140737488338416 0 0 0 134217728 4 25184771 0 0 0 17 2 0 0 0 0 0 93824992533936 93824992571272 93824992575488 140737488340183 140737488340354 140737488340354 140737488351170 0
/proc/3552251/statm: 11725 9658 2059 41 0 7804 0
Current children cumulated CPU time: 12.64 s
Current children cumulated vsize: 73808 KiB
Current children cumulated memory: 52244 KiB

[startup+25.5003 s]
/proc/loadavg: 14.31 14.42 13.35 17/845 3552986
/proc/meminfo: memFree=386061032/528004520 swapFree=8388604/8388604
[pid=3552212] ppid=3552202 vsize=26908 memory=13612 CPUtime=0.07 cores=2-3
/proc/3552212/stat : 3552212 (perf) S 3552202 3552212 3551688 0 -1 0 1742 237 0 0 5 2 0 0 20 0 1 0 922998575 27553792 3403 17179869184 93824994299904 93824996572973 140737488338256 0 0 0 134217728 4 74274 1 0 0 17 2 0 0 0 0 0 93824998874888 93825001005840 93825001308160 140737488340073 140737488340470 140737488340470 140737488351179 0
/proc/3552212/statm: 6727 3403 2098 555 0 1769 0
[pid=3552251] ppid=3552212 vsize=54636 memory=46376 CPUtime=25.37 cores=2-3
/proc/3552251/stat : 3552251 (clingo) R 3552212 3552212 3551688 0 -1 0 10551 0 1 0 2536 1 0 0 20 0 1 0 922998584 55947264 11594 17179869184 93824992301056 93824992468925 140737488338416 0 0 0 134217728 4 25184771 0 0 0 17 2 0 0 0 0 0 93824992533936 93824992571272 93824992575488 140737488340183 140737488340354 140737488340354 140737488351170 0
/proc/3552251/statm: 13659 11594 2059 41 0 9738 0
Current children cumulated CPU time: 25.44 s
Current children cumulated vsize: 81544 KiB
Current children cumulated memory: 59988 KiB

[startup+51.1205 s]
/proc/loadavg: 14.24 14.40 13.38 17/845 3552987
/proc/meminfo: memFree=385950184/528004520 swapFree=8388604/8388604
[pid=3552212] ppid=3552202 vsize=26908 memory=13612 CPUtime=0.07 cores=2-3
/proc/3552212/stat : 3552212 (perf) S 3552202 3552212 3551688 0 -1 0 1742 237 0 0 5 2 0 0 20 0 1 0 922998575 27553792 3403 17179869184 93824994299904 93824996572973 140737488338256 0 0 0 134217728 4 74274 1 0 0 17 2 0 0 0 0 0 93824998874888 93825001005840 93825001308160 140737488340073 140737488340470 140737488340470 140737488351179 0
/proc/3552212/statm: 6727 3403 2098 555 0 1769 0
[pid=3552251] ppid=3552212 vsize=63164 memory=54692 CPUtime=50.99 cores=2-3
/proc/3552251/stat : 3552251 (clingo) R 3552212 3552212 3551688 0 -1 0 13417 0 1 0 5097 2 0 0 20 0 1 0 922998584 64679936 13673 17179869184 93824992301056 93824992468925 140737488338416 0 0 0 134217728 4 25184771 0 0 0 17 2 0 0 0 0 0 93824992533936 93824992571272 93824992575488 140737488340183 140737488340354 140737488340354 140737488351170 0
/proc/3552251/statm: 15791 13673 2059 41 0 11870 0
Current children cumulated CPU time: 51.06 s
Current children cumulated vsize: 90072 KiB
Current children cumulated memory: 68304 KiB

[startup+102.3 s]
/proc/loadavg: 14.10 14.33 13.41 17/846 3553034
/proc/meminfo: memFree=385806024/528004520 swapFree=8388604/8388604
[pid=3552212] ppid=3552202 vsize=26908 memory=13612 CPUtime=0.07 cores=2-3
/proc/3552212/stat : 3552212 (perf) S 3552202 3552212 3551688 0 -1 0 1742 237 0 0 5 2 0 0 20 0 1 0 922998575 27553792 3403 17179869184 93824994299904 93824996572973 140737488338256 0 0 0 134217728 4 74274 1 0 0 17 2 0 0 0 0 0 93824998874888 93825001005840 93825001308160 140737488340073 140737488340470 140737488340470 140737488351179 0
/proc/3552212/statm: 6727 3403 2098 555 0 1769 0
[pid=3552251] ppid=3552212 vsize=74564 memory=66192 CPUtime=102.17 cores=2-3
/proc/3552251/stat : 3552251 (clingo) R 3552212 3552212 3551688 0 -1 0 17374 0 1 0 10214 3 0 0 20 0 1 0 922998584 76353536 16548 17179869184 93824992301056 93824992468925 140737488338416 0 0 0 134217728 4 25184771 0 0 0 17 2 0 0 0 0 0 93824992533936 93824992571272 93824992575488 140737488340183 140737488340354 140737488340354 140737488351170 0
/proc/3552251/statm: 18641 16548 2059 41 0 14720 0
Current children cumulated CPU time: 102.24 s
Current children cumulated vsize: 101472 KiB
Current children cumulated memory: 79804 KiB

[startup+162.3 s]
/proc/loadavg: 14.11 14.29 13.46 17/846 3553037
/proc/meminfo: memFree=385684088/528004520 swapFree=8388604/8388604
[pid=3552212] ppid=3552202 vsize=26908 memory=13612 CPUtime=0.07 cores=2-3
/proc/3552212/stat : 3552212 (perf) S 3552202 3552212 3551688 0 -1 0 1742 237 0 0 5 2 0 0 20 0 1 0 922998575 27553792 3403 17179869184 93824994299904 93824996572973 140737488338256 0 0 0 134217728 4 74274 1 0 0 17 2 0 0 0 0 0 93824998874888 93825001005840 93825001308160 140737488340073 140737488340470 140737488340470 140737488351179 0
/proc/3552212/statm: 6727 3403 2098 555 0 1769 0
[pid=3552251] ppid=3552212 vsize=84448 memory=76088 CPUtime=162.17 cores=2-3
/proc/3552251/stat : 3552251 (clingo) R 3552212 3552212 3551688 0 -1 0 21837 0 1 0 16213 4 0 0 20 0 1 0 922998584 86474752 19022 17179869184 93824992301056 93824992468925 140737488338416 0 0 0 134217728 4 25184771 0 0 0 17 2 0 0 0 0 0 93824992533936 93824992571272 93824992575488 140737488340183 140737488340354 140737488340354 140737488351170 0
/proc/3552251/statm: 21112 19022 2059 41 0 17191 0
Current children cumulated CPU time: 162.24 s
Current children cumulated vsize: 111356 KiB
Current children cumulated memory: 89700 KiB

[startup+222.3 s]
/proc/loadavg: 14.04 14.23 13.50 17/846 3553040
/proc/meminfo: memFree=385582456/528004520 swapFree=8388604/8388604
[pid=3552212] ppid=3552202 vsize=26908 memory=13612 CPUtime=0.07 cores=2-3
/proc/3552212/stat : 3552212 (perf) S 3552202 3552212 3551688 0 -1 0 1742 237 0 0 5 2 0 0 20 0 1 0 922998575 27553792 3403 17179869184 93824994299904 93824996572973 140737488338256 0 0 0 134217728 4 74274 1 0 0 17 2 0 0 0 0 0 93824998874888 93825001005840 93825001308160 140737488340073 140737488340470 140737488340470 140737488351179 0
/proc/3552212/statm: 6727 3403 2098 555 0 1769 0
[pid=3552251] ppid=3552212 vsize=89012 memory=80676 CPUtime=222.16 cores=2-3
/proc/3552251/stat : 3552251 (clingo) R 3552212 3552212 3551688 0 -1 0 24683 0 1 0 22212 4 0 0 20 0 1 0 922998584 91148288 20169 17179869184 93824992301056 93824992468925 140737488338416 0 0 0 134217728 4 25184771 0 0 0 17 2 0 0 0 0 0 93824992533936 93824992571272 93824992575488 140737488340183 140737488340354 140737488340354 140737488351170 0
/proc/3552251/statm: 22253 20169 2059 41 0 18332 0
Current children cumulated CPU time: 222.23 s
Current children cumulated vsize: 115920 KiB
Current children cumulated memory: 94288 KiB

[startup+282.3 s]
/proc/loadavg: 14.09 14.20 13.54 17/846 3553043
/proc/meminfo: memFree=385493280/528004520 swapFree=8388604/8388604
[pid=3552212] ppid=3552202 vsize=26908 memory=13612 CPUtime=0.07 cores=2-3
/proc/3552212/stat : 3552212 (perf) S 3552202 3552212 3551688 0 -1 0 1742 237 0 0 5 2 0 0 20 0 1 0 922998575 27553792 3403 17179869184 93824994299904 93824996572973 140737488338256 0 0 0 134217728 4 74274 1 0 0 17 2 0 0 0 0 0 93824998874888 93825001005840 93825001308160 140737488340073 140737488340470 140737488340470 140737488351179 0
/proc/3552212/statm: 6727 3403 2098 555 0 1769 0
[pid=3552251] ppid=3552212 vsize=98236 memory=89948 CPUtime=282.17 cores=2-3
/proc/3552251/stat : 3552251 (clingo) R 3552212 3552212 3551688 0 -1 0 29610 0 1 0 28212 5 0 0 20 0 1 0 922998584 100593664 22487 17179869184 93824992301056 93824992468925 140737488338416 0 0 0 134217728 4 25184771 0 0 0 17 2 0 0 0 0 0 93824992533936 93824992571272 93824992575488 140737488340183 140737488340354 140737488340354 140737488351170 0
/proc/3552251/statm: 24559 22487 2059 41 0 20638 0
Current children cumulated CPU time: 282.24 s
Current children cumulated vsize: 125144 KiB
Current children cumulated memory: 103560 KiB

[startup+342.3 s]
/proc/loadavg: 14.03 14.16 13.57 17/820 3553048
/proc/meminfo: memFree=385423296/528004520 swapFree=8388604/8388604
[pid=3552212] ppid=3552202 vsize=26908 memory=13612 CPUtime=0.07 cores=2-3
/proc/3552212/stat : 3552212 (perf) S 3552202 3552212 3551688 0 -1 0 1742 237 0 0 5 2 0 0 20 0 1 0 922998575 27553792 3403 17179869184 93824994299904 93824996572973 140737488338256 0 0 0 134217728 4 74274 1 0 0 17 2 0 0 0 0 0 93824998874888 93825001005840 93825001308160 140737488340073 140737488340470 140737488340470 140737488351179 0
/proc/3552212/statm: 6727 3403 2098 555 0 1769 0
[pid=3552251] ppid=3552212 vsize=104360 memory=96000 CPUtime=342.16 cores=2-3
/proc/3552251/stat : 3552251 (clingo) R 3552212 3552212 3551688 0 -1 0 32583 0 1 0 34211 5 0 0 20 0 1 0 922998584 106864640 24000 17179869184 93824992301056 93824992468925 140737488338416 0 0 0 134217728 4 25184771 0 0 0 17 2 0 0 0 0 0 93824992533936 93824992571272 93824992575488 140737488340183 140737488340354 140737488340354 140737488351170 0
/proc/3552251/statm: 26090 24000 2059 41 0 22169 0
Current children cumulated CPU time: 342.23 s
Current children cumulated vsize: 131268 KiB
Current children cumulated memory: 109612 KiB

[startup+402.3 s]
/proc/loadavg: 14.16 14.17 13.61 17/818 3553052
/proc/meminfo: memFree=385351024/528004520 swapFree=8388604/8388604
[pid=3552212] ppid=3552202 vsize=26908 memory=13612 CPUtime=0.07 cores=2-3
/proc/3552212/stat : 3552212 (perf) S 3552202 3552212 3551688 0 -1 0 1742 237 0 0 5 2 0 0 20 0 1 0 922998575 27553792 3403 17179869184 93824994299904 93824996572973 140737488338256 0 0 0 134217728 4 74274 1 0 0 17 2 0 0 0 0 0 93824998874888 93825001005840 93825001308160 140737488340073 140737488340470 140737488340470 140737488351179 0
/proc/3552212/statm: 6727 3403 2098 555 0 1769 0
[pid=3552251] ppid=3552212 vsize=107204 memory=98904 CPUtime=402.16 cores=2-3
/proc/3552251/stat : 3552251 (clingo) R 3552212 3552212 3551688 0 -1 0 34787 0 1 0 40211 5 0 0 20 0 1 0 922998584 109776896 24726 17179869184 93824992301056 93824992468925 140737488338416 0 0 0 134217728 4 25184771 0 0 0 17 2 0 0 0 0 0 93824992533936 93824992571272 93824992575488 140737488340183 140737488340354 140737488340354 140737488351170 0
/proc/3552251/statm: 26801 24726 2059 41 0 22880 0
Current children cumulated CPU time: 402.23 s
Current children cumulated vsize: 134112 KiB
Current children cumulated memory: 112516 KiB

[startup+462.3 s]
/proc/loadavg: 14.20 14.19 13.65 17/818 3553055
/proc/meminfo: memFree=385292584/528004520 swapFree=8388604/8388604
[pid=3552212] ppid=3552202 vsize=26908 memory=13612 CPUtime=0.07 cores=2-3
/proc/3552212/stat : 3552212 (perf) S 3552202 3552212 3551688 0 -1 0 1742 237 0 0 5 2 0 0 20 0 1 0 922998575 27553792 3403 17179869184 93824994299904 93824996572973 140737488338256 0 0 0 134217728 4 74274 1 0 0 17 2 0 0 0 0 0 93824998874888 93825001005840 93825001308160 140737488340073 140737488340470 140737488340470 140737488351179 0
/proc/3552212/statm: 6727 3403 2098 555 0 1769 0
[pid=3552251] ppid=3552212 vsize=113064 memory=104812 CPUtime=462.16 cores=2-3
/proc/3552251/stat : 3552251 (clingo) R 3552212 3552212 3551688 0 -1 0 37781 0 1 0 46210 6 0 0 20 0 1 0 922998584 115777536 26203 17179869184 93824992301056 93824992468925 140737488338416 0 0 0 134217728 4 25184771 0 0 0 17 2 0 0 0 0 0 93824992533936 93824992571272 93824992575488 140737488340183 140737488340354 140737488340354 140737488351170 0
/proc/3552251/statm: 28266 26203 2059 41 0 24345 0
Current children cumulated CPU time: 462.23 s
Current children cumulated vsize: 139972 KiB
Current children cumulated memory: 118424 KiB

[startup+522.3 s]
/proc/loadavg: 14.63 14.31 13.73 17/818 3553059
/proc/meminfo: memFree=385250800/528004520 swapFree=8388604/8388604
[pid=3552212] ppid=3552202 vsize=26908 memory=13612 CPUtime=0.07 cores=2-3
/proc/3552212/stat : 3552212 (perf) S 3552202 3552212 3551688 0 -1 0 1742 237 0 0 5 2 0 0 20 0 1 0 922998575 27553792 3403 17179869184 93824994299904 93824996572973 140737488338256 0 0 0 134217728 4 74274 1 0 0 17 2 0 0 0 0 0 93824998874888 93825001005840 93825001308160 140737488340073 140737488340470 140737488340470 140737488351179 0
/proc/3552212/statm: 6727 3403 2098 555 0 1769 0
[pid=3552251] ppid=3552212 vsize=115488 memory=107240 CPUtime=522.16 cores=2-3
/proc/3552251/stat : 3552251 (clingo) R 3552212 3552212 3551688 0 -1 0 39805 0 1 0 52210 6 0 0 20 0 1 0 922998584 118259712 26810 17179869184 93824992301056 93824992468925 140737488338416 0 0 0 134217728 4 25184771 0 0 0 17 2 0 0 0 0 0 93824992533936 93824992571272 93824992575488 140737488340183 140737488340354 140737488340354 140737488351170 0
/proc/3552251/statm: 28872 26810 2059 41 0 24951 0
Current children cumulated CPU time: 522.23 s
Current children cumulated vsize: 142396 KiB
Current children cumulated memory: 120852 KiB

[startup+582.3 s]
/proc/loadavg: 14.35 14.28 13.76 17/818 3553063
/proc/meminfo: memFree=385197428/528004520 swapFree=8388604/8388604
[pid=3552212] ppid=3552202 vsize=26908 memory=13612 CPUtime=0.07 cores=2-3
/proc/3552212/stat : 3552212 (perf) S 3552202 3552212 3551688 0 -1 0 1742 237 0 0 5 2 0 0 20 0 1 0 922998575 27553792 3403 17179869184 93824994299904 93824996572973 140737488338256 0 0 0 134217728 4 74274 1 0 0 17 2 0 0 0 0 0 93824998874888 93825001005840 93825001308160 140737488340073 140737488340470 140737488340470 140737488351179 0
/proc/3552212/statm: 6727 3403 2098 555 0 1769 0
[pid=3552251] ppid=3552212 vsize=121636 memory=113428 CPUtime=582.16 cores=2-3
/proc/3552251/stat : 3552251 (clingo) R 3552212 3552212 3551688 0 -1 0 43559 0 1 0 58209 7 0 0 20 0 1 0 922998584 124555264 28357 17179869184 93824992301056 93824992468925 140737488338416 0 0 0 134217728 4 25184771 0 0 0 17 2 0 0 0 0 0 93824992533936 93824992571272 93824992575488 140737488340183 140737488340354 140737488340354 140737488351170 0
/proc/3552251/statm: 30409 28357 2059 41 0 26488 0
Current children cumulated CPU time: 582.23 s
Current children cumulated vsize: 148544 KiB
Current children cumulated memory: 127040 KiB

[startup+642.3 s]
/proc/loadavg: 14.12 14.23 13.78 17/818 3553066
/proc/meminfo: memFree=385145768/528004520 swapFree=8388604/8388604
[pid=3552212] ppid=3552202 vsize=26908 memory=13612 CPUtime=0.07 cores=2-3
/proc/3552212/stat : 3552212 (perf) S 3552202 3552212 3551688 0 -1 0 1742 237 0 0 5 2 0 0 20 0 1 0 922998575 27553792 3403 17179869184 93824994299904 93824996572973 140737488338256 0 0 0 134217728 4 74274 1 0 0 17 2 0 0 0 0 0 93824998874888 93825001005840 93825001308160 140737488340073 140737488340470 140737488340470 140737488351179 0
/proc/3552212/statm: 6727 3403 2098 555 0 1769 0
[pid=3552251] ppid=3552212 vsize=125116 memory=116776 CPUtime=642.16 cores=2-3
/proc/3552251/stat : 3552251 (clingo) R 3552212 3552212 3551688 0 -1 0 44736 0 1 0 64209 7 0 0 20 0 1 0 922998584 128118784 29194 17179869184 93824992301056 93824992468925 140737488338416 0 0 0 134217728 4 25184771 0 0 0 17 2 0 0 0 0 0 93824992533936 93824992571272 93824992575488 140737488340183 140737488340354 140737488340354 140737488351170 0
/proc/3552251/statm: 31279 29194 2059 41 0 27358 0
Current children cumulated CPU time: 642.23 s
Current children cumulated vsize: 152024 KiB
Current children cumulated memory: 130388 KiB

[startup+702.3 s]
/proc/loadavg: 14.08 14.20 13.80 17/816 3553069
/proc/meminfo: memFree=385099016/528004520 swapFree=8388604/8388604
[pid=3552212] ppid=3552202 vsize=26908 memory=13612 CPUtime=0.07 cores=2-3
/proc/3552212/stat : 3552212 (perf) S 3552202 3552212 3551688 0 -1 0 1742 237 0 0 5 2 0 0 20 0 1 0 922998575 27553792 3403 17179869184 93824994299904 93824996572973 140737488338256 0 0 0 134217728 4 74274 1 0 0 17 2 0 0 0 0 0 93824998874888 93825001005840 93825001308160 140737488340073 140737488340470 140737488340470 140737488351179 0
/proc/3552212/statm: 6727 3403 2098 555 0 1769 0
[pid=3552251] ppid=3552212 vsize=125112 memory=116980 CPUtime=702.16 cores=2-3
/proc/3552251/stat : 3552251 (clingo) R 3552212 3552212 3551688 0 -1 0 48716 0 1 0 70208 8 0 0 20 0 1 0 922998584 128114688 29245 17179869184 93824992301056 93824992468925 140737488338416 0 0 0 134217728 4 25184771 0 0 0 17 2 0 0 0 0 0 93824992533936 93824992571272 93824992575488 140737488340183 140737488340354 140737488340354 140737488351170 0
/proc/3552251/statm: 31278 29245 2059 41 0 27357 0
Current children cumulated CPU time: 702.23 s
Current children cumulated vsize: 152020 KiB
Current children cumulated memory: 130592 KiB

[startup+762.3 s]
/proc/loadavg: 14.03 14.16 13.82 17/817 3553072
/proc/meminfo: memFree=385055960/528004520 swapFree=8388604/8388604
[pid=3552212] ppid=3552202 vsize=26908 memory=13612 CPUtime=0.07 cores=2-3
/proc/3552212/stat : 3552212 (perf) S 3552202 3552212 3551688 0 -1 0 1742 237 0 0 5 2 0 0 20 0 1 0 922998575 27553792 3403 17179869184 93824994299904 93824996572973 140737488338256 0 0 0 134217728 4 74274 1 0 0 17 2 0 0 0 0 0 93824998874888 93825001005840 93825001308160 140737488340073 140737488340470 140737488340470 140737488351179 0
/proc/3552212/statm: 6727 3403 2098 555 0 1769 0
[pid=3552251] ppid=3552212 vsize=132176 memory=124036 CPUtime=762.16 cores=2-3
/proc/3552251/stat : 3552251 (clingo) R 3552212 3552212 3551688 0 -1 0 52366 0 1 0 76207 9 0 0 20 0 1 0 922998584 135348224 31009 17179869184 93824992301056 93824992468925 140737488338416 0 0 0 134217728 4 25184771 0 0 0 17 2 0 0 0 0 0 93824992533936 93824992571272 93824992575488 140737488340183 140737488340354 140737488340354 140737488351170 0
/proc/3552251/statm: 33044 31009 2059 41 0 29123 0
Current children cumulated CPU time: 762.23 s
Current children cumulated vsize: 159084 KiB
Current children cumulated memory: 137648 KiB

[startup+822.3 s]
/proc/loadavg: 14.25 14.20 13.86 17/817 3553075
/proc/meminfo: memFree=385017172/528004520 swapFree=8388604/8388604
[pid=3552212] ppid=3552202 vsize=26908 memory=13612 CPUtime=0.07 cores=2-3
/proc/3552212/stat : 3552212 (perf) S 3552202 3552212 3551688 0 -1 0 1742 237 0 0 5 2 0 0 20 0 1 0 922998575 27553792 3403 17179869184 93824994299904 93824996572973 140737488338256 0 0 0 134217728 4 74274 1 0 0 17 2 0 0 0 0 0 93824998874888 93825001005840 93825001308160 140737488340073 140737488340470 140737488340470 140737488351179 0
/proc/3552212/statm: 6727 3403 2098 555 0 1769 0
[pid=3552251] ppid=3552212 vsize=134828 memory=126692 CPUtime=822.15 cores=2-3
/proc/3552251/stat : 3552251 (clingo) R 3552212 3552212 3551688 0 -1 0 54303 0 1 0 82205 10 0 0 20 0 1 0 922998584 138063872 31673 17179869184 93824992301056 93824992468925 140737488338416 0 0 0 134217728 4 25184771 0 0 0 17 2 0 0 0 0 0 93824992533936 93824992571272 93824992575488 140737488340183 140737488340354 140737488340354 140737488351170 0
/proc/3552251/statm: 33707 31673 2059 41 0 29786 0
Current children cumulated CPU time: 822.22 s
Current children cumulated vsize: 161736 KiB
Current children cumulated memory: 140304 KiB

[startup+882.3 s]
/proc/loadavg: 14.13 14.18 13.87 17/817 3553078
/proc/meminfo: memFree=384972836/528004520 swapFree=8388604/8388604
[pid=3552212] ppid=3552202 vsize=26908 memory=13612 CPUtime=0.07 cores=2-3
/proc/3552212/stat : 3552212 (perf) S 3552202 3552212 3551688 0 -1 0 1742 237 0 0 5 2 0 0 20 0 1 0 922998575 27553792 3403 17179869184 93824994299904 93824996572973 140737488338256 0 0 0 134217728 4 74274 1 0 0 17 2 0 0 0 0 0 93824998874888 93825001005840 93825001308160 140737488340073 140737488340470 140737488340470 140737488351179 0
/proc/3552212/statm: 6727 3403 2098 555 0 1769 0
[pid=3552251] ppid=3552212 vsize=137068 memory=128860 CPUtime=882.15 cores=2-3
/proc/3552251/stat : 3552251 (clingo) R 3552212 3552212 3551688 0 -1 0 55680 0 1 0 88205 10 0 0 20 0 1 0 922998584 140357632 32215 17179869184 93824992301056 93824992468925 140737488338416 0 0 0 134217728 4 25184771 0 0 0 17 2 0 0 0 0 0 93824992533936 93824992571272 93824992575488 140737488340183 140737488340354 140737488340354 140737488351170 0
/proc/3552251/statm: 34267 32215 2059 41 0 30346 0
Current children cumulated CPU time: 882.22 s
Current children cumulated vsize: 163976 KiB
Current children cumulated memory: 142472 KiB

[startup+942.3 s]
/proc/loadavg: 14.04 14.14 13.89 17/817 3553082
/proc/meminfo: memFree=384943660/528004520 swapFree=8388604/8388604
[pid=3552212] ppid=3552202 vsize=26908 memory=13612 CPUtime=0.07 cores=2-3
/proc/3552212/stat : 3552212 (perf) S 3552202 3552212 3551688 0 -1 0 1742 237 0 0 5 2 0 0 20 0 1 0 922998575 27553792 3403 17179869184 93824994299904 93824996572973 140737488338256 0 0 0 134217728 4 74274 1 0 0 17 2 0 0 0 0 0 93824998874888 93825001005840 93825001308160 140737488340073 140737488340470 140737488340470 140737488351179 0
/proc/3552212/statm: 6727 3403 2098 555 0 1769 0
[pid=3552251] ppid=3552212 vsize=142180 memory=133716 CPUtime=942.15 cores=2-3
/proc/3552251/stat : 3552251 (clingo) R 3552212 3552212 3551688 0 -1 0 58950 0 1 0 94204 11 0 0 20 0 1 0 922998584 145592320 33429 17179869184 93824992301056 93824992468925 140737488338416 0 0 0 134217728 4 25184771 0 0 0 17 2 0 0 0 0 0 93824992533936 93824992571272 93824992575488 140737488340183 140737488340354 140737488340354 140737488351170 0
/proc/3552251/statm: 35545 33429 2059 41 0 31624 0
Current children cumulated CPU time: 942.22 s
Current children cumulated vsize: 169088 KiB
Current children cumulated memory: 147328 KiB

[startup+1002.3 s]
/proc/loadavg: 14.01 14.12 13.90 17/817 3553085
/proc/meminfo: memFree=384894796/528004520 swapFree=8388604/8388604
[pid=3552212] ppid=3552202 vsize=26908 memory=13612 CPUtime=0.07 cores=2-3
/proc/3552212/stat : 3552212 (perf) S 3552202 3552212 3551688 0 -1 0 1742 237 0 0 5 2 0 0 20 0 1 0 922998575 27553792 3403 17179869184 93824994299904 93824996572973 140737488338256 0 0 0 134217728 4 74274 1 0 0 17 2 0 0 0 0 0 93824998874888 93825001005840 93825001308160 140737488340073 140737488340470 140737488340470 140737488351179 0
/proc/3552212/statm: 6727 3403 2098 555 0 1769 0
[pid=3552251] ppid=3552212 vsize=145716 memory=137492 CPUtime=1002.15 cores=2-3
/proc/3552251/stat : 3552251 (clingo) R 3552212 3552212 3551688 0 -1 0 60699 0 1 0 100204 11 0 0 20 0 1 0 922998584 149213184 34373 17179869184 93824992301056 93824992468925 140737488338416 0 0 0 134217728 4 25184771 0 0 0 17 2 0 0 0 0 0 93824992533936 93824992571272 93824992575488 140737488340183 140737488340354 140737488340354 140737488351170 0
/proc/3552251/statm: 36429 34373 2059 41 0 32508 0
Current children cumulated CPU time: 1002.22 s
Current children cumulated vsize: 172624 KiB
Current children cumulated memory: 151104 KiB

[startup+1062.3 s]
/proc/loadavg: 14.22 14.17 13.93 17/817 3553087
/proc/meminfo: memFree=384860276/528004520 swapFree=8388604/8388604
[pid=3552212] ppid=3552202 vsize=26908 memory=13612 CPUtime=0.07 cores=2-3
/proc/3552212/stat : 3552212 (perf) S 3552202 3552212 3551688 0 -1 0 1742 237 0 0 5 2 0 0 20 0 1 0 922998575 27553792 3403 17179869184 93824994299904 93824996572973 140737488338256 0 0 0 134217728 4 74274 1 0 0 17 2 0 0 0 0 0 93824998874888 93825001005840 93825001308160 140737488340073 140737488340470 140737488340470 140737488351179 0
/proc/3552212/statm: 6727 3403 2098 555 0 1769 0
[pid=3552251] ppid=3552212 vsize=146368 memory=138152 CPUtime=1062.15 cores=2-3
/proc/3552251/stat : 3552251 (clingo) R 3552212 3552212 3551688 0 -1 0 61545 0 1 0 106204 11 0 0 20 0 1 0 922998584 149880832 34538 17179869184 93824992301056 93824992468925 140737488338416 0 0 0 134217728 4 25184771 0 0 0 17 2 0 0 0 0 0 93824992533936 93824992571272 93824992575488 140737488340183 140737488340354 140737488340354 140737488351170 0
/proc/3552251/statm: 36592 34538 2059 41 0 32671 0
Current children cumulated CPU time: 1062.22 s
Current children cumulated vsize: 173276 KiB
Current children cumulated memory: 151764 KiB

[startup+1122.3 s]
/proc/loadavg: 16.26 14.78 14.16 17/816 3553090
/proc/meminfo: memFree=384833604/528004520 swapFree=8388604/8388604
[pid=3552212] ppid=3552202 vsize=26908 memory=13612 CPUtime=0.07 cores=2-3
/proc/3552212/stat : 3552212 (perf) S 3552202 3552212 3551688 0 -1 0 1742 237 0 0 5 2 0 0 20 0 1 0 922998575 27553792 3403 17179869184 93824994299904 93824996572973 140737488338256 0 0 0 134217728 4 74274 1 0 0 17 2 0 0 0 0 0 93824998874888 93825001005840 93825001308160 140737488340073 140737488340470 140737488340470 140737488351179 0
/proc/3552212/statm: 6727 3403 2098 555 0 1769 0
[pid=3552251] ppid=3552212 vsize=147332 memory=139112 CPUtime=1122.15 cores=2-3
/proc/3552251/stat : 3552251 (clingo) R 3552212 3552212 3551688 0 -1 0 62724 0 1 0 112203 12 0 0 20 0 1 0 922998584 150867968 34778 17179869184 93824992301056 93824992468925 140737488338416 0 0 0 134217728 4 25184771 0 0 0 17 2 0 0 0 0 0 93824992533936 93824992571272 93824992575488 140737488340183 140737488340354 140737488340354 140737488351170 0
/proc/3552251/statm: 36833 34778 2059 41 0 32912 0
Current children cumulated CPU time: 1122.22 s
Current children cumulated vsize: 174240 KiB
Current children cumulated memory: 152724 KiB

[startup+1182.3 s]
/proc/loadavg: 14.91 14.66 14.16 17/817 3553095
/proc/meminfo: memFree=384802644/528004520 swapFree=8388604/8388604
[pid=3552212] ppid=3552202 vsize=26908 memory=13612 CPUtime=0.07 cores=2-3
/proc/3552212/stat : 3552212 (perf) S 3552202 3552212 3551688 0 -1 0 1742 237 0 0 5 2 0 0 20 0 1 0 922998575 27553792 3403 17179869184 93824994299904 93824996572973 140737488338256 0 0 0 134217728 4 74274 1 0 0 17 2 0 0 0 0 0 93824998874888 93825001005840 93825001308160 140737488340073 140737488340470 140737488340470 140737488351179 0
/proc/3552212/statm: 6727 3403 2098 555 0 1769 0
[pid=3552251] ppid=3552212 vsize=148180 memory=139960 CPUtime=1182.15 cores=2-3
/proc/3552251/stat : 3552251 (clingo) R 3552212 3552212 3551688 0 -1 0 64117 0 1 0 118203 12 0 0 20 0 1 0 922998584 151736320 34990 17179869184 93824992301056 93824992468925 140737488338416 0 0 0 134217728 4 25184771 0 0 0 17 2 0 0 0 0 0 93824992533936 93824992571272 93824992575488 140737488340183 140737488340354 140737488340354 140737488351170 0
/proc/3552251/statm: 37045 34990 2059 41 0 33124 0
Current children cumulated CPU time: 1182.22 s
Current children cumulated vsize: 175088 KiB
Current children cumulated memory: 153572 KiB



Maximum wall clock time exceeded: sending SIGTERM then SIGKILL

[startup+1205 s]*
/proc/loadavg: 14.65 14.62 14.15 17/817 3553096
/proc/meminfo: memFree=384791336/528004520 swapFree=8388604/8388604
[pid=3552212] ppid=3552202 vsize=26908 memory=13612 CPUtime=0.07 cores=2-3
/proc/3552212/stat : 3552212 (perf) S 3552202 3552212 3551688 0 -1 0 1742 237 0 0 5 2 0 0 20 0 1 0 922998575 27553792 3403 17179869184 93824994299904 93824996572973 140737488338256 0 0 0 134217728 4 74274 1 0 0 17 2 0 0 0 0 0 93824998874888 93825001005840 93825001308160 140737488340073 140737488340470 140737488340470 140737488351179 0
/proc/3552212/statm: 6727 3403 2098 555 0 1769 0
[pid=3552251] ppid=3552212 vsize=148604 memory=140380 CPUtime=1204.87 cores=2-3
/proc/3552251/stat : 3552251 (clingo) R 3552212 3552212 3551688 0 -1 0 64730 0 1 0 120475 12 0 0 20 0 1 0 922998584 152170496 35095 17179869184 93824992301056 93824992468925 140737488338416 0 0 0 134217728 4 25184771 0 0 0 17 2 0 0 0 0 0 93824992533936 93824992571272 93824992575488 140737488340183 140737488340354 140737488340354 140737488351170 0
/proc/3552251/statm: 37151 35095 2059 41 0 33230 0
Current children cumulated CPU time: 1204.94 s
Current children cumulated vsize: 175512 KiB
Current children cumulated memory: 153992 KiB

Sending SIGINT to process tree (bottom up)
Sleeping 5 seconds

[startup+1205.03 s]
# the end of solver process 3552212 was just reported to runsolver
# cumulated CPU time of all completed processes:  user=1204.82 s, system=0.163161 s

Solver just ended.
??? end of watcher thread
Dumping a history of the last processes samples

Child status: 1
Real time (s): 1205.03
CPU time (s): 1204.99
CPU user time (s): 1204.82
CPU system time (s): 0.163161
CPU usage (%): 99.9963
Max. virtual memory (cumulated for all children) (KiB): 177672
Max. memory (cumulated for all children) (KiB): 156020

getrusage(RUSAGE_CHILDREN,...) data:
user time used= 1204.82
system time used= 0.163161
maximum resident set size= 142408
integral shared memory size= 0
integral unshared data size= 0
integral unshared stack size= 0
page reclaims= 66750
page faults= 1
swaps= 0
block input operations= 0
block output operations= 0
messages sent= 0
messages received= 0
signals received= 0
voluntary context switches= 20
involuntary context switches= 1715


# summary of solver processes directly reported to runsolver:
#   pid: 3552212
#   total CPU time (s): 1204.99
#   total CPU user time (s): 1204.82
#   total CPU system time (s): 0.163161

??? end of timestamper thread
runsolver used 8.3926 second user time and 17.1374 second system time

The end
