runsolver version 3.4.0 (svn: 3018) Copyright (C) 2010-2013 Olivier ROUSSEL

This program is distributed in the hope that it will be useful,
but WITHOUT ANY WARRANTY; without even the implied warranty of
MERCHANTABILITY or FITNESS FOR A PARTICULAR PURPOSE.  See the
GNU General Public License for more details.

NUMA information:
  number of nodes: 2
  memory of node 0: 257635 MiB (178567 MiB free)
  memory of node 1: 257994 MiB (182830 MiB free)
  node distances:
     10  20
     20  10

command line: /dev/shm/375fbafc-2e81-11f1-ac62-000c298f4621/input/runsolver -w /dev/shm/375fbafc-2e81-11f1-ac62-000c298f4621/output/runsolver.log -v /dev/shm/375fbafc-2e81-11f1-ac62-000c298f4621/output/varfile.log -W 1205 --rss-swap-limit 16384 -d 5 --sigint /usr/bin/perf stat -B -e task-clock,cache-references,cache-misses,cycles,instructions,branches,faults,migrations,context-switches -o /dev/shm/375fbafc-2e81-11f1-ac62-000c298f4621/output/perf.log clingo /home/guests/mmacri/AMOSUM/benchmarks/GraphColouring/encoding-plain-amo.asp /dev/shm/375fbafc-2e81-11f1-ac62-000c298f4621/input/0028-graph_colouring-135-0_3888.asp 

running on 2 cores: 18-19

Enforcing wall clock limit (soft limit, will send SIGTERM then SIGKILL): 1205 seconds
Enforcing RSS+Swap limit (soft limit, will send SIGTERM then SIGKILL): 16777216 KiB
Linux 5.15.0-131-generic
solver pid=328890, runsolver pid=328887
Current StackSize limit: 8192 KiB


[startup+0.100068 s]*
/proc/loadavg: 14.34 14.25 13.26 12/780 328931
/proc/meminfo: memFree=370225908/528004516 swapFree=8388604/8388604
[pid=328890] ppid=328887 vsize=26908 memory=13616 CPUtime=0.07 cores=18-19
/proc/328890/stat : 328890 (perf) S 328887 328890 328471 0 -1 0 1738 237 0 0 6 1 0 0 20 0 1 0 922980395 27553792 3404 17179869184 93824994299904 93824996572973 140737488338256 0 0 0 134217728 4 74274 1 0 0 17 18 0 0 0 0 0 93824998874888 93825001005840 93825001308160 140737488340074 140737488340471 140737488340471 140737488351179 0
/proc/328890/statm: 6727 3404 2099 555 0 1769 0
[pid=328928] ppid=328890 vsize=20000 memory=11844 CPUtime=0.02 cores=18-19
/proc/328928/stat : 328928 (clingo) R 328890 328890 328471 0 -1 0 1221 0 0 0 2 0 0 0 20 0 1 0 922980403 20480000 2961 17179869184 93824992301056 93824992468925 140737488338416 0 0 0 134217728 4 25184771 0 0 0 17 19 0 0 0 0 0 93824992533936 93824992571272 93824992575488 140737488340184 140737488340355 140737488340355 140737488351170 0
/proc/328928/statm: 5000 2961 2075 41 0 1079 0
Current children cumulated CPU time: 0.09 s
Current children cumulated vsize: 46908 KiB
Current children cumulated memory: 25460 KiB

[startup+0.23407 s]*
/proc/loadavg: 14.34 14.25 13.26 14/807 328967
/proc/meminfo: memFree=370190576/528004516 swapFree=8388604/8388604
[pid=328890] ppid=328887 vsize=26908 memory=13616 CPUtime=0.07 cores=18-19
/proc/328890/stat : 328890 (perf) S 328887 328890 328471 0 -1 0 1738 237 0 0 6 1 0 0 20 0 1 0 922980395 27553792 3404 17179869184 93824994299904 93824996572973 140737488338256 0 0 0 134217728 4 74274 1 0 0 17 18 0 0 0 0 0 93824998874888 93825001005840 93825001308160 140737488340074 140737488340471 140737488340471 140737488351179 0
/proc/328890/statm: 6727 3404 2099 555 0 1769 0
[pid=328928] ppid=328890 vsize=25288 memory=17184 CPUtime=0.14 cores=18-19
/proc/328928/stat : 328928 (clingo) R 328890 328890 328471 0 -1 0 2555 0 0 0 14 0 0 0 20 0 1 0 922980403 25894912 4296 17179869184 93824992301056 93824992468925 140737488338416 0 0 0 134217728 4 25184771 0 0 0 17 19 0 0 0 0 0 93824992533936 93824992571272 93824992575488 140737488340184 140737488340355 140737488340355 140737488351170 0
/proc/328928/statm: 6322 4296 2091 41 0 2401 0
Current children cumulated CPU time: 0.21 s
Current children cumulated vsize: 52196 KiB
Current children cumulated memory: 30800 KiB

[startup+0.334552 s]*
/proc/loadavg: 14.34 14.25 13.26 17/828 328988
/proc/meminfo: memFree=370172980/528004516 swapFree=8388604/8388604
[pid=328890] ppid=328887 vsize=26908 memory=13616 CPUtime=0.07 cores=18-19
/proc/328890/stat : 328890 (perf) S 328887 328890 328471 0 -1 0 1738 237 0 0 6 1 0 0 20 0 1 0 922980395 27553792 3404 17179869184 93824994299904 93824996572973 140737488338256 0 0 0 134217728 4 74274 1 0 0 17 18 0 0 0 0 0 93824998874888 93825001005840 93825001308160 140737488340074 140737488340471 140737488340471 140737488351179 0
/proc/328890/statm: 6727 3404 2099 555 0 1769 0
[pid=328928] ppid=328890 vsize=26740 memory=18768 CPUtime=0.22 cores=18-19
/proc/328928/stat : 328928 (clingo) R 328890 328890 328471 0 -1 0 2929 0 0 0 21 1 0 0 20 0 1 0 922980403 27381760 4692 17179869184 93824992301056 93824992468925 140737488338416 0 0 0 134217728 4 25184771 0 0 0 17 18 0 0 0 0 0 93824992533936 93824992571272 93824992575488 140737488340184 140737488340355 140737488340355 140737488351170 0
/proc/328928/statm: 6685 4692 2091 41 0 2764 0
Current children cumulated CPU time: 0.29 s
Current children cumulated vsize: 53648 KiB
Current children cumulated memory: 32384 KiB

[startup+0.700336 s]
/proc/loadavg: 14.34 14.25 13.26 18/828 329093
/proc/meminfo: memFree=370177344/528004516 swapFree=8388604/8388604
[pid=328890] ppid=328887 vsize=26908 memory=13616 CPUtime=0.07 cores=18-19
/proc/328890/stat : 328890 (perf) S 328887 328890 328471 0 -1 0 1738 237 0 0 6 1 0 0 20 0 1 0 922980395 27553792 3404 17179869184 93824994299904 93824996572973 140737488338256 0 0 0 134217728 4 74274 1 0 0 17 18 0 0 0 0 0 93824998874888 93825001005840 93825001308160 140737488340074 140737488340471 140737488340471 140737488351179 0
/proc/328890/statm: 6727 3404 2099 555 0 1769 0
[pid=328928] ppid=328890 vsize=29524 memory=21408 CPUtime=0.57 cores=18-19
/proc/328928/stat : 328928 (clingo) R 328890 328890 328471 0 -1 0 3590 0 0 0 56 1 0 0 20 0 1 0 922980403 30232576 5352 17179869184 93824992301056 93824992468925 140737488338416 0 0 0 134217728 4 25184771 0 0 0 17 18 0 0 0 0 0 93824992533936 93824992571272 93824992575488 140737488340184 140737488340355 140737488340355 140737488351170 0
/proc/328928/statm: 7381 5352 2091 41 0 3460 0
Current children cumulated CPU time: 0.64 s
Current children cumulated vsize: 56432 KiB
Current children cumulated memory: 35024 KiB

[startup+1.50034 s]
/proc/loadavg: 14.34 14.25 13.26 15/819 329149
/proc/meminfo: memFree=370135896/528004516 swapFree=8388604/8388604
[pid=328890] ppid=328887 vsize=26908 memory=13616 CPUtime=0.07 cores=18-19
/proc/328890/stat : 328890 (perf) S 328887 328890 328471 0 -1 0 1738 237 0 0 6 1 0 0 20 0 1 0 922980395 27553792 3404 17179869184 93824994299904 93824996572973 140737488338256 0 0 0 134217728 4 74274 1 0 0 17 18 0 0 0 0 0 93824998874888 93825001005840 93825001308160 140737488340074 140737488340471 140737488340471 140737488351179 0
/proc/328890/statm: 6727 3404 2099 555 0 1769 0
[pid=328928] ppid=328890 vsize=32824 memory=24576 CPUtime=1.36 cores=18-19
/proc/328928/stat : 328928 (clingo) R 328890 328890 328471 0 -1 0 4415 0 0 0 135 1 0 0 20 0 1 0 922980403 33611776 6144 17179869184 93824992301056 93824992468925 140737488338416 0 0 0 134217728 4 25184771 0 0 0 17 18 0 0 0 0 0 93824992533936 93824992571272 93824992575488 140737488340184 140737488340355 140737488340355 140737488351170 0
/proc/328928/statm: 8206 6144 2091 41 0 4285 0
Current children cumulated CPU time: 1.43 s
Current children cumulated vsize: 59732 KiB
Current children cumulated memory: 38192 KiB

[startup+3.11858 s]
/proc/loadavg: 14.15 14.21 13.25 15/829 329403
/proc/meminfo: memFree=370290588/528004516 swapFree=8388604/8388604
[pid=328890] ppid=328887 vsize=26908 memory=13616 CPUtime=0.07 cores=18-19
/proc/328890/stat : 328890 (perf) S 328887 328890 328471 0 -1 0 1738 237 0 0 6 1 0 0 20 0 1 0 922980395 27553792 3404 17179869184 93824994299904 93824996572973 140737488338256 0 0 0 134217728 4 74274 1 0 0 17 18 0 0 0 0 0 93824998874888 93825001005840 93825001308160 140737488340074 140737488340471 140737488340471 140737488351179 0
/proc/328890/statm: 6727 3404 2099 555 0 1769 0
[pid=328928] ppid=328890 vsize=34012 memory=25896 CPUtime=2.98 cores=18-19
/proc/328928/stat : 328928 (clingo) R 328890 328890 328471 0 -1 0 4720 0 0 0 297 1 0 0 20 0 1 0 922980403 34828288 6474 17179869184 93824992301056 93824992468925 140737488338416 0 0 0 134217728 4 25184771 0 0 0 17 18 0 0 0 0 0 93824992533936 93824992571272 93824992575488 140737488340184 140737488340355 140737488340355 140737488351170 0
/proc/328928/statm: 8503 6474 2091 41 0 4582 0
Current children cumulated CPU time: 3.05 s
Current children cumulated vsize: 60920 KiB
Current children cumulated memory: 39512 KiB

[startup+6.30022 s]
/proc/loadavg: 14.15 14.21 13.25 15/829 329403
/proc/meminfo: memFree=370255828/528004516 swapFree=8388604/8388604
[pid=328890] ppid=328887 vsize=26908 memory=13616 CPUtime=0.07 cores=18-19
/proc/328890/stat : 328890 (perf) S 328887 328890 328471 0 -1 0 1738 237 0 0 6 1 0 0 20 0 1 0 922980395 27553792 3404 17179869184 93824994299904 93824996572973 140737488338256 0 0 0 134217728 4 74274 1 0 0 17 18 0 0 0 0 0 93824998874888 93825001005840 93825001308160 140737488340074 140737488340471 140737488340471 140737488351179 0
/proc/328890/statm: 6727 3404 2099 555 0 1769 0
[pid=328928] ppid=328890 vsize=38208 memory=30280 CPUtime=6.16 cores=18-19
/proc/328928/stat : 328928 (clingo) R 328890 328890 328471 0 -1 0 6000 0 0 0 615 1 0 0 20 0 1 0 922980403 39124992 7570 17179869184 93824992301056 93824992468925 140737488338416 0 0 0 134217728 4 25184771 0 0 0 17 18 0 0 0 0 0 93824992533936 93824992571272 93824992575488 140737488340184 140737488340355 140737488340355 140737488351170 0
/proc/328928/statm: 9552 7570 2091 41 0 5631 0
Current children cumulated CPU time: 6.23 s
Current children cumulated vsize: 65116 KiB
Current children cumulated memory: 43896 KiB

[startup+12.7003 s]
/proc/loadavg: 14.13 14.20 13.26 15/829 329403
/proc/meminfo: memFree=370197392/528004516 swapFree=8388604/8388604
[pid=328890] ppid=328887 vsize=26908 memory=13616 CPUtime=0.07 cores=18-19
/proc/328890/stat : 328890 (perf) S 328887 328890 328471 0 -1 0 1738 237 0 0 6 1 0 0 20 0 1 0 922980395 27553792 3404 17179869184 93824994299904 93824996572973 140737488338256 0 0 0 134217728 4 74274 1 0 0 17 18 0 0 0 0 0 93824998874888 93825001005840 93825001308160 140737488340074 140737488340471 140737488340471 140737488351179 0
/proc/328890/statm: 6727 3404 2099 555 0 1769 0
[pid=328928] ppid=328890 vsize=45160 memory=36908 CPUtime=12.56 cores=18-19
/proc/328928/stat : 328928 (clingo) R 328890 328890 328471 0 -1 0 7891 0 0 0 1255 1 0 0 20 0 1 0 922980403 46243840 9227 17179869184 93824992301056 93824992468925 140737488338416 0 0 0 134217728 4 25184771 0 0 0 17 18 0 0 0 0 0 93824992533936 93824992571272 93824992575488 140737488340184 140737488340355 140737488340355 140737488351170 0
/proc/328928/statm: 11290 9227 2091 41 0 7369 0
Current children cumulated CPU time: 12.63 s
Current children cumulated vsize: 72068 KiB
Current children cumulated memory: 50524 KiB

[startup+25.5004 s]
/proc/loadavg: 14.04 14.18 13.27 15/829 329506
/proc/meminfo: memFree=370228260/528004516 swapFree=8388604/8388604
[pid=328890] ppid=328887 vsize=26908 memory=13616 CPUtime=0.07 cores=18-19
/proc/328890/stat : 328890 (perf) S 328887 328890 328471 0 -1 0 1738 237 0 0 6 1 0 0 20 0 1 0 922980395 27553792 3404 17179869184 93824994299904 93824996572973 140737488338256 0 0 0 134217728 4 74274 1 0 0 17 18 0 0 0 0 0 93824998874888 93825001005840 93825001308160 140737488340074 140737488340471 140737488340471 140737488351179 0
/proc/328890/statm: 6727 3404 2099 555 0 1769 0
[pid=328928] ppid=328890 vsize=51548 memory=43504 CPUtime=25.36 cores=18-19
/proc/328928/stat : 328928 (clingo) R 328890 328890 328471 0 -1 0 9886 0 0 0 2534 2 0 0 20 0 1 0 922980403 52785152 10876 17179869184 93824992301056 93824992468925 140737488338416 0 0 0 134217728 4 25184771 0 0 0 17 18 0 0 0 0 0 93824992533936 93824992571272 93824992575488 140737488340184 140737488340355 140737488340355 140737488351170 0
/proc/328928/statm: 12887 10876 2091 41 0 8966 0
Current children cumulated CPU time: 25.43 s
Current children cumulated vsize: 78456 KiB
Current children cumulated memory: 57120 KiB

[startup+51.1188 s]
/proc/loadavg: 14.02 14.16 13.29 15/828 329507
/proc/meminfo: memFree=370118400/528004516 swapFree=8388604/8388604
[pid=328890] ppid=328887 vsize=26908 memory=13616 CPUtime=0.07 cores=18-19
/proc/328890/stat : 328890 (perf) S 328887 328890 328471 0 -1 0 1738 237 0 0 6 1 0 0 20 0 1 0 922980395 27553792 3404 17179869184 93824994299904 93824996572973 140737488338256 0 0 0 134217728 4 74274 1 0 0 17 18 0 0 0 0 0 93824998874888 93825001005840 93825001308160 140737488340074 140737488340471 140737488340471 140737488351179 0
/proc/328890/statm: 6727 3404 2099 555 0 1769 0
[pid=328928] ppid=328890 vsize=59852 memory=51748 CPUtime=50.98 cores=18-19
/proc/328928/stat : 328928 (clingo) R 328890 328890 328471 0 -1 0 12626 0 0 0 5095 3 0 0 20 0 1 0 922980403 61288448 12937 17179869184 93824992301056 93824992468925 140737488338416 0 0 0 134217728 4 25184771 0 0 0 17 18 0 0 0 0 0 93824992533936 93824992571272 93824992575488 140737488340184 140737488340355 140737488340355 140737488351170 0
/proc/328928/statm: 14963 12937 2091 41 0 11042 0
Current children cumulated CPU time: 51.05 s
Current children cumulated vsize: 86760 KiB
Current children cumulated memory: 65364 KiB

[startup+102.3 s]
/proc/loadavg: 14.22 14.21 13.36 15/829 329554
/proc/meminfo: memFree=369978636/528004516 swapFree=8388604/8388604
[pid=328890] ppid=328887 vsize=26908 memory=13616 CPUtime=0.07 cores=18-19
/proc/328890/stat : 328890 (perf) S 328887 328890 328471 0 -1 0 1738 237 0 0 6 1 0 0 20 0 1 0 922980395 27553792 3404 17179869184 93824994299904 93824996572973 140737488338256 0 0 0 134217728 4 74274 1 0 0 17 18 0 0 0 0 0 93824998874888 93825001005840 93825001308160 140737488340074 140737488340471 140737488340471 140737488351179 0
/proc/328890/statm: 6727 3404 2099 555 0 1769 0
[pid=328928] ppid=328890 vsize=71140 memory=62788 CPUtime=102.16 cores=18-19
/proc/328928/stat : 328928 (clingo) R 328890 328890 328471 0 -1 0 16699 0 0 0 10211 5 0 0 20 0 1 0 922980403 72847360 15697 17179869184 93824992301056 93824992468925 140737488338416 0 0 0 134217728 4 25184771 0 0 0 17 18 0 0 0 0 0 93824992533936 93824992571272 93824992575488 140737488340184 140737488340355 140737488340355 140737488351170 0
/proc/328928/statm: 17785 15697 2091 41 0 13864 0
Current children cumulated CPU time: 102.23 s
Current children cumulated vsize: 98048 KiB
Current children cumulated memory: 76404 KiB

[startup+162.3 s]
/proc/loadavg: 14.08 14.17 13.40 15/829 329557
/proc/meminfo: memFree=369875292/528004516 swapFree=8388604/8388604
[pid=328890] ppid=328887 vsize=26908 memory=13616 CPUtime=0.07 cores=18-19
/proc/328890/stat : 328890 (perf) S 328887 328890 328471 0 -1 0 1738 237 0 0 6 1 0 0 20 0 1 0 922980395 27553792 3404 17179869184 93824994299904 93824996572973 140737488338256 0 0 0 134217728 4 74274 1 0 0 17 18 0 0 0 0 0 93824998874888 93825001005840 93825001308160 140737488340074 140737488340471 140737488340471 140737488351179 0
/proc/328890/statm: 6727 3404 2099 555 0 1769 0
[pid=328928] ppid=328890 vsize=81816 memory=73284 CPUtime=162.16 cores=18-19
/proc/328928/stat : 328928 (clingo) R 328890 328890 328471 0 -1 0 20780 0 0 0 16209 7 0 0 20 0 1 0 922980403 83779584 18321 17179869184 93824992301056 93824992468925 140737488338416 0 0 0 134217728 4 25184771 0 0 0 17 18 0 0 0 0 0 93824992533936 93824992571272 93824992575488 140737488340184 140737488340355 140737488340355 140737488351170 0
/proc/328928/statm: 20454 18321 2091 41 0 16533 0
Current children cumulated CPU time: 162.23 s
Current children cumulated vsize: 108724 KiB
Current children cumulated memory: 86900 KiB

[startup+222.3 s]
/proc/loadavg: 14.03 14.14 13.44 15/829 329560
/proc/meminfo: memFree=369784276/528004516 swapFree=8388604/8388604
[pid=328890] ppid=328887 vsize=26908 memory=13616 CPUtime=0.07 cores=18-19
/proc/328890/stat : 328890 (perf) S 328887 328890 328471 0 -1 0 1738 237 0 0 6 1 0 0 20 0 1 0 922980395 27553792 3404 17179869184 93824994299904 93824996572973 140737488338256 0 0 0 134217728 4 74274 1 0 0 17 18 0 0 0 0 0 93824998874888 93825001005840 93825001308160 140737488340074 140737488340471 140737488340471 140737488351179 0
/proc/328890/statm: 6727 3404 2099 555 0 1769 0
[pid=328928] ppid=328890 vsize=89044 memory=80468 CPUtime=222.16 cores=18-19
/proc/328928/stat : 328928 (clingo) R 328890 328890 328471 0 -1 0 23059 0 0 0 22209 7 0 0 20 0 1 0 922980403 91181056 20117 17179869184 93824992301056 93824992468925 140737488338416 0 0 0 134217728 4 25184771 0 0 0 17 18 0 0 0 0 0 93824992533936 93824992571272 93824992575488 140737488340184 140737488340355 140737488340355 140737488351170 0
/proc/328928/statm: 22261 20117 2091 41 0 18340 0
Current children cumulated CPU time: 222.23 s
Current children cumulated vsize: 115952 KiB
Current children cumulated memory: 94084 KiB

[startup+282.3 s]
/proc/loadavg: 14.01 14.11 13.47 15/829 329563
/proc/meminfo: memFree=369707668/528004516 swapFree=8388604/8388604
[pid=328890] ppid=328887 vsize=26908 memory=13616 CPUtime=0.07 cores=18-19
/proc/328890/stat : 328890 (perf) S 328887 328890 328471 0 -1 0 1738 237 0 0 6 1 0 0 20 0 1 0 922980395 27553792 3404 17179869184 93824994299904 93824996572973 140737488338256 0 0 0 134217728 4 74274 1 0 0 17 18 0 0 0 0 0 93824998874888 93825001005840 93825001308160 140737488340074 140737488340471 140737488340471 140737488351179 0
/proc/328890/statm: 6727 3404 2099 555 0 1769 0
[pid=328928] ppid=328890 vsize=94952 memory=86052 CPUtime=282.16 cores=18-19
/proc/328928/stat : 328928 (clingo) R 328890 328890 328471 0 -1 0 25020 0 0 0 28208 8 0 0 20 0 1 0 922980403 97230848 21513 17179869184 93824992301056 93824992468925 140737488338416 0 0 0 134217728 4 25184771 0 0 0 17 18 0 0 0 0 0 93824992533936 93824992571272 93824992575488 140737488340184 140737488340355 140737488340355 140737488351170 0
/proc/328928/statm: 23738 21513 2091 41 0 19817 0
Current children cumulated CPU time: 282.23 s
Current children cumulated vsize: 121860 KiB
Current children cumulated memory: 99668 KiB

[startup+342.3 s]
/proc/loadavg: 15.64 14.53 13.66 15/810 329568
/proc/meminfo: memFree=369635000/528004516 swapFree=8388604/8388604
[pid=328890] ppid=328887 vsize=26908 memory=13616 CPUtime=0.07 cores=18-19
/proc/328890/stat : 328890 (perf) S 328887 328890 328471 0 -1 0 1738 237 0 0 6 1 0 0 20 0 1 0 922980395 27553792 3404 17179869184 93824994299904 93824996572973 140737488338256 0 0 0 134217728 4 74274 1 0 0 17 18 0 0 0 0 0 93824998874888 93825001005840 93825001308160 140737488340074 140737488340471 140737488340471 140737488351179 0
/proc/328890/statm: 6727 3404 2099 555 0 1769 0
[pid=328928] ppid=328890 vsize=100328 memory=90848 CPUtime=342.16 cores=18-19
/proc/328928/stat : 328928 (clingo) R 328890 328890 328471 0 -1 0 26732 0 0 0 34207 9 0 0 20 0 1 0 922980403 102735872 22712 17179869184 93824992301056 93824992468925 140737488338416 0 0 0 134217728 4 25184771 0 0 0 17 18 0 0 0 0 0 93824992533936 93824992571272 93824992575488 140737488340184 140737488340355 140737488340355 140737488351170 0
/proc/328928/statm: 25082 22712 2091 41 0 21161 0
Current children cumulated CPU time: 342.23 s
Current children cumulated vsize: 127236 KiB
Current children cumulated memory: 104464 KiB

[startup+402.3 s]
/proc/loadavg: 14.66 14.44 13.69 15/807 329570
/proc/meminfo: memFree=369571008/528004516 swapFree=8388604/8388604
[pid=328890] ppid=328887 vsize=26908 memory=13616 CPUtime=0.07 cores=18-19
/proc/328890/stat : 328890 (perf) S 328887 328890 328471 0 -1 0 1738 237 0 0 6 1 0 0 20 0 1 0 922980395 27553792 3404 17179869184 93824994299904 93824996572973 140737488338256 0 0 0 134217728 4 74274 1 0 0 17 18 0 0 0 0 0 93824998874888 93825001005840 93825001308160 140737488340074 140737488340471 140737488340471 140737488351179 0
/proc/328890/statm: 6727 3404 2099 555 0 1769 0
[pid=328928] ppid=328890 vsize=104680 memory=94592 CPUtime=402.16 cores=18-19
/proc/328928/stat : 328928 (clingo) R 328890 328890 328471 0 -1 0 28333 0 0 0 40207 9 0 0 20 0 1 0 922980403 107192320 23648 17179869184 93824992301056 93824992468925 140737488338416 0 0 0 134217728 4 25184771 0 0 0 17 18 0 0 0 0 0 93824992533936 93824992571272 93824992575488 140737488340184 140737488340355 140737488340355 140737488351170 0
/proc/328928/statm: 26170 23648 2091 41 0 22249 0
Current children cumulated CPU time: 402.23 s
Current children cumulated vsize: 131588 KiB
Current children cumulated memory: 108208 KiB

[startup+462.3 s]
/proc/loadavg: 14.24 14.36 13.71 15/808 329574
/proc/meminfo: memFree=369510832/528004516 swapFree=8388604/8388604
[pid=328890] ppid=328887 vsize=26908 memory=13616 CPUtime=0.07 cores=18-19
/proc/328890/stat : 328890 (perf) S 328887 328890 328471 0 -1 0 1738 237 0 0 6 1 0 0 20 0 1 0 922980395 27553792 3404 17179869184 93824994299904 93824996572973 140737488338256 0 0 0 134217728 4 74274 1 0 0 17 18 0 0 0 0 0 93824998874888 93825001005840 93825001308160 140737488340074 140737488340471 140737488340471 140737488351179 0
/proc/328890/statm: 6727 3404 2099 555 0 1769 0
[pid=328928] ppid=328890 vsize=110972 memory=100344 CPUtime=462.16 cores=18-19
/proc/328928/stat : 328928 (clingo) R 328890 328890 328471 0 -1 0 30498 0 0 0 46207 9 0 0 20 0 1 0 922980403 113635328 25086 17179869184 93824992301056 93824992468925 140737488338416 0 0 0 134217728 4 25184771 0 0 0 17 18 0 0 0 0 0 93824992533936 93824992571272 93824992575488 140737488340184 140737488340355 140737488340355 140737488351170 0
/proc/328928/statm: 27743 25086 2091 41 0 23822 0
Current children cumulated CPU time: 462.23 s
Current children cumulated vsize: 137880 KiB
Current children cumulated memory: 113960 KiB

[startup+522.3 s]
/proc/loadavg: 14.09 14.29 13.73 15/808 329578
/proc/meminfo: memFree=369469332/528004516 swapFree=8388604/8388604
[pid=328890] ppid=328887 vsize=26908 memory=13616 CPUtime=0.07 cores=18-19
/proc/328890/stat : 328890 (perf) S 328887 328890 328471 0 -1 0 1738 237 0 0 6 1 0 0 20 0 1 0 922980395 27553792 3404 17179869184 93824994299904 93824996572973 140737488338256 0 0 0 134217728 4 74274 1 0 0 17 18 0 0 0 0 0 93824998874888 93825001005840 93825001308160 140737488340074 140737488340471 140737488340471 140737488351179 0
/proc/328890/statm: 6727 3404 2099 555 0 1769 0
[pid=328928] ppid=328890 vsize=113500 memory=102636 CPUtime=522.16 cores=18-19
/proc/328928/stat : 328928 (clingo) R 328890 328890 328471 0 -1 0 32027 0 0 0 52207 9 0 0 20 0 1 0 922980403 116224000 25659 17179869184 93824992301056 93824992468925 140737488338416 0 0 0 134217728 4 25184771 0 0 0 17 18 0 0 0 0 0 93824992533936 93824992571272 93824992575488 140737488340184 140737488340355 140737488340355 140737488351170 0
/proc/328928/statm: 28375 25659 2091 41 0 24454 0
Current children cumulated CPU time: 522.23 s
Current children cumulated vsize: 140408 KiB
Current children cumulated memory: 116252 KiB

[startup+582.3 s]
/proc/loadavg: 14.32 14.30 13.77 15/809 329582
/proc/meminfo: memFree=369412920/528004516 swapFree=8388604/8388604
[pid=328890] ppid=328887 vsize=26908 memory=13616 CPUtime=0.07 cores=18-19
/proc/328890/stat : 328890 (perf) S 328887 328890 328471 0 -1 0 1738 237 0 0 6 1 0 0 20 0 1 0 922980395 27553792 3404 17179869184 93824994299904 93824996572973 140737488338256 0 0 0 134217728 4 74274 1 0 0 17 18 0 0 0 0 0 93824998874888 93825001005840 93825001308160 140737488340074 140737488340471 140737488340471 140737488351179 0
/proc/328890/statm: 6727 3404 2099 555 0 1769 0
[pid=328928] ppid=328890 vsize=118992 memory=108284 CPUtime=582.16 cores=18-19
/proc/328928/stat : 328928 (clingo) R 328890 328890 328471 0 -1 0 34901 0 0 0 58207 9 0 0 20 0 1 0 922980403 121847808 27071 17179869184 93824992301056 93824992468925 140737488338416 0 0 0 134217728 4 25184771 0 0 0 17 18 0 0 0 0 0 93824992533936 93824992571272 93824992575488 140737488340184 140737488340355 140737488340355 140737488351170 0
/proc/328928/statm: 29748 27071 2091 41 0 25827 0
Current children cumulated CPU time: 582.23 s
Current children cumulated vsize: 145900 KiB
Current children cumulated memory: 121900 KiB

[startup+642.3 s]
/proc/loadavg: 14.15 14.26 13.79 15/808 329585
/proc/meminfo: memFree=369372380/528004516 swapFree=8388604/8388604
[pid=328890] ppid=328887 vsize=26908 memory=13616 CPUtime=0.07 cores=18-19
/proc/328890/stat : 328890 (perf) S 328887 328890 328471 0 -1 0 1738 237 0 0 6 1 0 0 20 0 1 0 922980395 27553792 3404 17179869184 93824994299904 93824996572973 140737488338256 0 0 0 134217728 4 74274 1 0 0 17 18 0 0 0 0 0 93824998874888 93825001005840 93825001308160 140737488340074 140737488340471 140737488340471 140737488351179 0
/proc/328890/statm: 6727 3404 2099 555 0 1769 0
[pid=328928] ppid=328890 vsize=123556 memory=111976 CPUtime=642.16 cores=18-19
/proc/328928/stat : 328928 (clingo) R 328890 328890 328471 0 -1 0 36531 0 0 0 64207 9 0 0 20 0 1 0 922980403 126521344 27994 17179869184 93824992301056 93824992468925 140737488338416 0 0 0 134217728 4 25184771 0 0 0 17 18 0 0 0 0 0 93824992533936 93824992571272 93824992575488 140737488340184 140737488340355 140737488340355 140737488351170 0
/proc/328928/statm: 30889 27994 2091 41 0 26968 0
Current children cumulated CPU time: 642.23 s
Current children cumulated vsize: 150464 KiB
Current children cumulated memory: 125592 KiB

[startup+702.3 s]
/proc/loadavg: 14.05 14.21 13.81 15/809 329589
/proc/meminfo: memFree=369324028/528004516 swapFree=8388604/8388604
[pid=328890] ppid=328887 vsize=26908 memory=13616 CPUtime=0.07 cores=18-19
/proc/328890/stat : 328890 (perf) S 328887 328890 328471 0 -1 0 1738 237 0 0 6 1 0 0 20 0 1 0 922980395 27553792 3404 17179869184 93824994299904 93824996572973 140737488338256 0 0 0 134217728 4 74274 1 0 0 17 18 0 0 0 0 0 93824998874888 93825001005840 93825001308160 140737488340074 140737488340471 140737488340471 140737488351179 0
/proc/328890/statm: 6727 3404 2099 555 0 1769 0
[pid=328928] ppid=328890 vsize=127000 memory=114808 CPUtime=702.16 cores=18-19
/proc/328928/stat : 328928 (clingo) R 328890 328890 328471 0 -1 0 37462 0 0 0 70206 10 0 0 20 0 1 0 922980403 130048000 28702 17179869184 93824992301056 93824992468925 140737488338416 0 0 0 134217728 4 25184771 0 0 0 17 18 0 0 0 0 0 93824992533936 93824992571272 93824992575488 140737488340184 140737488340355 140737488340355 140737488351170 0
/proc/328928/statm: 31750 28702 2091 41 0 27829 0
Current children cumulated CPU time: 702.23 s
Current children cumulated vsize: 153908 KiB
Current children cumulated memory: 128424 KiB

[startup+762.3 s]
/proc/loadavg: 14.18 14.20 13.84 15/810 329592
/proc/meminfo: memFree=369278164/528004516 swapFree=8388604/8388604
[pid=328890] ppid=328887 vsize=26908 memory=13616 CPUtime=0.07 cores=18-19
/proc/328890/stat : 328890 (perf) S 328887 328890 328471 0 -1 0 1738 237 0 0 6 1 0 0 20 0 1 0 922980395 27553792 3404 17179869184 93824994299904 93824996572973 140737488338256 0 0 0 134217728 4 74274 1 0 0 17 18 0 0 0 0 0 93824998874888 93825001005840 93825001308160 140737488340074 140737488340471 140737488340471 140737488351179 0
/proc/328890/statm: 6727 3404 2099 555 0 1769 0
[pid=328928] ppid=328890 vsize=129952 memory=117712 CPUtime=762.16 cores=18-19
/proc/328928/stat : 328928 (clingo) R 328890 328890 328471 0 -1 0 38184 0 0 0 76205 11 0 0 20 0 1 0 922980403 133070848 29428 17179869184 93824992301056 93824992468925 140737488338416 0 0 0 134217728 4 25184771 0 0 0 17 18 0 0 0 0 0 93824992533936 93824992571272 93824992575488 140737488340184 140737488340355 140737488340355 140737488351170 0
/proc/328928/statm: 32488 29428 2091 41 0 28567 0
Current children cumulated CPU time: 762.23 s
Current children cumulated vsize: 156860 KiB
Current children cumulated memory: 131328 KiB

[startup+822.3 s]
/proc/loadavg: 15.30 14.52 13.97 15/810 329595
/proc/meminfo: memFree=369234836/528004516 swapFree=8388604/8388604
[pid=328890] ppid=328887 vsize=26908 memory=13616 CPUtime=0.07 cores=18-19
/proc/328890/stat : 328890 (perf) S 328887 328890 328471 0 -1 0 1738 237 0 0 6 1 0 0 20 0 1 0 922980395 27553792 3404 17179869184 93824994299904 93824996572973 140737488338256 0 0 0 134217728 4 74274 1 0 0 17 18 0 0 0 0 0 93824998874888 93825001005840 93825001308160 140737488340074 140737488340471 140737488340471 140737488351179 0
/proc/328890/statm: 6727 3404 2099 555 0 1769 0
[pid=328928] ppid=328890 vsize=131152 memory=118816 CPUtime=822.16 cores=18-19
/proc/328928/stat : 328928 (clingo) R 328890 328890 328471 0 -1 0 38555 0 0 0 82205 11 0 0 20 0 1 0 922980403 134299648 29704 17179869184 93824992301056 93824992468925 140737488338416 0 0 0 134217728 4 25184771 0 0 0 17 18 0 0 0 0 0 93824992533936 93824992571272 93824992575488 140737488340184 140737488340355 140737488340355 140737488351170 0
/proc/328928/statm: 32788 29704 2091 41 0 28867 0
Current children cumulated CPU time: 822.23 s
Current children cumulated vsize: 158060 KiB
Current children cumulated memory: 132432 KiB

[startup+882.3 s]
/proc/loadavg: 14.56 14.44 13.98 15/810 329598
/proc/meminfo: memFree=369193792/528004516 swapFree=8388604/8388604
[pid=328890] ppid=328887 vsize=26908 memory=13616 CPUtime=0.07 cores=18-19
/proc/328890/stat : 328890 (perf) S 328887 328890 328471 0 -1 0 1738 237 0 0 6 1 0 0 20 0 1 0 922980395 27553792 3404 17179869184 93824994299904 93824996572973 140737488338256 0 0 0 134217728 4 74274 1 0 0 17 18 0 0 0 0 0 93824998874888 93825001005840 93825001308160 140737488340074 140737488340471 140737488340471 140737488351179 0
/proc/328890/statm: 6727 3404 2099 555 0 1769 0
[pid=328928] ppid=328890 vsize=134700 memory=122140 CPUtime=882.16 cores=18-19
/proc/328928/stat : 328928 (clingo) R 328890 328890 328471 0 -1 0 40133 0 0 0 88205 11 0 0 20 0 1 0 922980403 137932800 30535 17179869184 93824992301056 93824992468925 140737488338416 0 0 0 134217728 4 25184771 0 0 0 17 18 0 0 0 0 0 93824992533936 93824992571272 93824992575488 140737488340184 140737488340355 140737488340355 140737488351170 0
/proc/328928/statm: 33675 30535 2091 41 0 29754 0
Current children cumulated CPU time: 882.23 s
Current children cumulated vsize: 161608 KiB
Current children cumulated memory: 135756 KiB

[startup+942.3 s]
/proc/loadavg: 14.31 14.40 14.00 15/810 329602
/proc/meminfo: memFree=369157032/528004516 swapFree=8388604/8388604
[pid=328890] ppid=328887 vsize=26908 memory=13616 CPUtime=0.07 cores=18-19
/proc/328890/stat : 328890 (perf) S 328887 328890 328471 0 -1 0 1738 237 0 0 6 1 0 0 20 0 1 0 922980395 27553792 3404 17179869184 93824994299904 93824996572973 140737488338256 0 0 0 134217728 4 74274 1 0 0 17 18 0 0 0 0 0 93824998874888 93825001005840 93825001308160 140737488340074 140737488340471 140737488340471 140737488351179 0
/proc/328890/statm: 6727 3404 2099 555 0 1769 0
[pid=328928] ppid=328890 vsize=138972 memory=125476 CPUtime=942.16 cores=18-19
/proc/328928/stat : 328928 (clingo) R 328890 328890 328471 0 -1 0 41345 0 0 0 94205 11 0 0 20 0 1 0 922980403 142307328 31369 17179869184 93824992301056 93824992468925 140737488338416 0 0 0 134217728 4 25184771 0 0 0 17 18 0 0 0 0 0 93824992533936 93824992571272 93824992575488 140737488340184 140737488340355 140737488340355 140737488351170 0
/proc/328928/statm: 34743 31369 2091 41 0 30822 0
Current children cumulated CPU time: 942.23 s
Current children cumulated vsize: 165880 KiB
Current children cumulated memory: 139092 KiB

[startup+1002.3 s]
/proc/loadavg: 14.11 14.32 14.00 15/809 329605
/proc/meminfo: memFree=369113184/528004516 swapFree=8388604/8388604
[pid=328890] ppid=328887 vsize=26908 memory=13616 CPUtime=0.07 cores=18-19
/proc/328890/stat : 328890 (perf) S 328887 328890 328471 0 -1 0 1738 237 0 0 6 1 0 0 20 0 1 0 922980395 27553792 3404 17179869184 93824994299904 93824996572973 140737488338256 0 0 0 134217728 4 74274 1 0 0 17 18 0 0 0 0 0 93824998874888 93825001005840 93825001308160 140737488340074 140737488340471 140737488340471 140737488351179 0
/proc/328890/statm: 6727 3404 2099 555 0 1769 0
[pid=328928] ppid=328890 vsize=140716 memory=127564 CPUtime=1002.16 cores=18-19
/proc/328928/stat : 328928 (clingo) R 328890 328890 328471 0 -1 0 43477 0 0 0 100205 11 0 0 20 0 1 0 922980403 144093184 31891 17179869184 93824992301056 93824992468925 140737488338416 0 0 0 134217728 4 25184771 0 0 0 17 18 0 0 0 0 0 93824992533936 93824992571272 93824992575488 140737488340184 140737488340355 140737488340355 140737488351170 0
/proc/328928/statm: 35179 31891 2091 41 0 31258 0
Current children cumulated CPU time: 1002.23 s
Current children cumulated vsize: 167624 KiB
Current children cumulated memory: 141180 KiB

[startup+1062.3 s]
/proc/loadavg: 14.04 14.26 14.00 15/808 329608
/proc/meminfo: memFree=369073888/528004516 swapFree=8388604/8388604
[pid=328890] ppid=328887 vsize=26908 memory=13616 CPUtime=0.07 cores=18-19
/proc/328890/stat : 328890 (perf) S 328887 328890 328471 0 -1 0 1738 237 0 0 6 1 0 0 20 0 1 0 922980395 27553792 3404 17179869184 93824994299904 93824996572973 140737488338256 0 0 0 134217728 4 74274 1 0 0 17 18 0 0 0 0 0 93824998874888 93825001005840 93825001308160 140737488340074 140737488340471 140737488340471 140737488351179 0
/proc/328890/statm: 6727 3404 2099 555 0 1769 0
[pid=328928] ppid=328890 vsize=142600 memory=129552 CPUtime=1062.15 cores=18-19
/proc/328928/stat : 328928 (clingo) R 328890 328890 328471 0 -1 0 44684 0 0 0 106204 11 0 0 20 0 1 0 922980403 146022400 32388 17179869184 93824992301056 93824992468925 140737488338416 0 0 0 134217728 4 25184771 0 0 0 17 18 0 0 0 0 0 93824992533936 93824992571272 93824992575488 140737488340184 140737488340355 140737488340355 140737488351170 0
/proc/328928/statm: 35650 32388 2091 41 0 31729 0
Current children cumulated CPU time: 1062.22 s
Current children cumulated vsize: 169508 KiB
Current children cumulated memory: 143168 KiB

[startup+1122.3 s]
/proc/loadavg: 14.04 14.23 14.00 15/809 329612
/proc/meminfo: memFree=369040676/528004516 swapFree=8388604/8388604
[pid=328890] ppid=328887 vsize=26908 memory=13616 CPUtime=0.07 cores=18-19
/proc/328890/stat : 328890 (perf) S 328887 328890 328471 0 -1 0 1738 237 0 0 6 1 0 0 20 0 1 0 922980395 27553792 3404 17179869184 93824994299904 93824996572973 140737488338256 0 0 0 134217728 4 74274 1 0 0 17 18 0 0 0 0 0 93824998874888 93825001005840 93825001308160 140737488340074 140737488340471 140737488340471 140737488351179 0
/proc/328890/statm: 6727 3404 2099 555 0 1769 0
[pid=328928] ppid=328890 vsize=147344 memory=133724 CPUtime=1122.15 cores=18-19
/proc/328928/stat : 328928 (clingo) R 328890 328890 328471 0 -1 0 46204 0 0 0 112204 11 0 0 20 0 1 0 922980403 150880256 33431 17179869184 93824992301056 93824992468925 140737488338416 0 0 0 134217728 4 25184771 0 0 0 17 18 0 0 0 0 0 93824992533936 93824992571272 93824992575488 140737488340184 140737488340355 140737488340355 140737488351170 0
/proc/328928/statm: 36836 33431 2091 41 0 32915 0
Current children cumulated CPU time: 1122.22 s
Current children cumulated vsize: 174252 KiB
Current children cumulated memory: 147340 KiB

[startup+1182.3 s]
/proc/loadavg: 14.01 14.18 14.00 15/810 329616
/proc/meminfo: memFree=369011444/528004516 swapFree=8388604/8388604
[pid=328890] ppid=328887 vsize=26908 memory=13616 CPUtime=0.07 cores=18-19
/proc/328890/stat : 328890 (perf) S 328887 328890 328471 0 -1 0 1738 237 0 0 6 1 0 0 20 0 1 0 922980395 27553792 3404 17179869184 93824994299904 93824996572973 140737488338256 0 0 0 134217728 4 74274 1 0 0 17 18 0 0 0 0 0 93824998874888 93825001005840 93825001308160 140737488340074 140737488340471 140737488340471 140737488351179 0
/proc/328890/statm: 6727 3404 2099 555 0 1769 0
[pid=328928] ppid=328890 vsize=149352 memory=135304 CPUtime=1182.15 cores=18-19
/proc/328928/stat : 328928 (clingo) R 328890 328890 328471 0 -1 0 46635 0 0 0 118204 11 0 0 20 0 1 0 922980403 152936448 33826 17179869184 93824992301056 93824992468925 140737488338416 0 0 0 134217728 4 25184771 0 0 0 17 18 0 0 0 0 0 93824992533936 93824992571272 93824992575488 140737488340184 140737488340355 140737488340355 140737488351170 0
/proc/328928/statm: 37338 33826 2091 41 0 33417 0
Current children cumulated CPU time: 1182.22 s
Current children cumulated vsize: 176260 KiB
Current children cumulated memory: 148920 KiB



Maximum wall clock time exceeded: sending SIGTERM then SIGKILL

[startup+1205 s]*
/proc/loadavg: 14.01 14.17 14.00 15/806 329623
/proc/meminfo: memFree=369087060/528004516 swapFree=8388604/8388604
[pid=328890] ppid=328887 vsize=26908 memory=13616 CPUtime=0.07 cores=18-19
/proc/328890/stat : 328890 (perf) S 328887 328890 328471 0 -1 0 1738 237 0 0 6 1 0 0 20 0 1 0 922980395 27553792 3404 17179869184 93824994299904 93824996572973 140737488338256 0 0 0 134217728 4 74274 1 0 0 17 18 0 0 0 0 0 93824998874888 93825001005840 93825001308160 140737488340074 140737488340471 140737488340471 140737488351179 0
/proc/328890/statm: 6727 3404 2099 555 0 1769 0
[pid=328928] ppid=328890 vsize=150968 memory=136888 CPUtime=1204.87 cores=18-19
/proc/328928/stat : 328928 (clingo) R 328890 328890 328471 0 -1 0 46987 0 0 0 120476 11 0 0 20 0 1 0 922980403 154591232 34222 17179869184 93824992301056 93824992468925 140737488338416 0 0 0 134217728 4 25184771 0 0 0 17 18 0 0 0 0 0 93824992533936 93824992571272 93824992575488 140737488340184 140737488340355 140737488340355 140737488351170 0
/proc/328928/statm: 37742 34222 2091 41 0 33821 0
Current children cumulated CPU time: 1204.94 s
Current children cumulated vsize: 177876 KiB
Current children cumulated memory: 150504 KiB

Sending SIGINT to process tree (bottom up)
Sleeping 5 seconds

[startup+1205.03 s]
# the end of solver process 328890 was just reported to runsolver
# cumulated CPU time of all completed processes:  user=1204.84 s, system=0.13993 s

Solver just ended.
??? end of watcher thread
Dumping a history of the last processes samples

Child status: 1
Real time (s): 1205.03
CPU time (s): 1204.98
CPU user time (s): 1204.84
CPU system time (s): 0.13993
CPU usage (%): 99.9956
Max. virtual memory (cumulated for all children) (KiB): 177876
Max. memory (cumulated for all children) (KiB): 150504

getrusage(RUSAGE_CHILDREN,...) data:
user time used= 1204.84
system time used= 0.13993
maximum resident set size= 136960
integral shared memory size= 0
integral unshared data size= 0
integral unshared stack size= 0
page reclaims= 49002
page faults= 0
swaps= 0
block input operations= 0
block output operations= 0
messages sent= 0
messages received= 0
signals received= 0
voluntary context switches= 18
involuntary context switches= 1461


# summary of solver processes directly reported to runsolver:
#   pid: 328890
#   total CPU time (s): 1204.98
#   total CPU user time (s): 1204.84
#   total CPU system time (s): 0.13993

??? end of timestamper thread
runsolver used 9.11576 second user time and 14.7148 second system time

The end
