runsolver version 3.4.0 (svn: 3018) Copyright (C) 2010-2013 Olivier ROUSSEL

This program is distributed in the hope that it will be useful,
but WITHOUT ANY WARRANTY; without even the implied warranty of
MERCHANTABILITY or FITNESS FOR A PARTICULAR PURPOSE.  See the
GNU General Public License for more details.

NUMA information:
  number of nodes: 2
  memory of node 0: 257635 MiB (187707 MiB free)
  memory of node 1: 257994 MiB (191037 MiB free)
  node distances:
     10  20
     20  10

command line: /dev/shm/372de112-2e81-11f1-ac62-000c298f4621/input/runsolver -w /dev/shm/372de112-2e81-11f1-ac62-000c298f4621/output/runsolver.log -v /dev/shm/372de112-2e81-11f1-ac62-000c298f4621/output/varfile.log -W 1205 --rss-swap-limit 16384 -d 5 --sigint /usr/bin/perf stat -B -e task-clock,cache-references,cache-misses,cycles,instructions,branches,faults,migrations,context-switches -o /dev/shm/372de112-2e81-11f1-ac62-000c298f4621/output/perf.log clingo /home/guests/mmacri/AMOSUM/benchmarks/GraphColouring/encoding-plain-amo.asp /dev/shm/372de112-2e81-11f1-ac62-000c298f4621/input/0003-graph_colouring-125-0_4800.asp 

running on 2 cores: 26-27

Enforcing wall clock limit (soft limit, will send SIGTERM then SIGKILL): 1205 seconds
Enforcing RSS+Swap limit (soft limit, will send SIGTERM then SIGKILL): 16777216 KiB
Linux 5.15.0-131-generic
Current StackSize limit: 8192 KiB

solver pid=1841301, runsolver pid=1841295

[startup+0.100069 s]*
/proc/loadavg: 14.00 13.81 10.33 16/838 1841329
/proc/meminfo: memFree=387814508/528004524 swapFree=8388604/8388604
[pid=1841301] ppid=1841295 vsize=26908 memory=13616 CPUtime=0.07 cores=26-27
/proc/1841301/stat : 1841301 (perf) S 1841295 1841301 1841166 0 -1 0 1737 237 0 0 6 1 0 0 20 0 1 0 922851821 27553792 3404 17179869184 93824994299904 93824996572973 140737488338256 0 0 0 134217728 4 74274 1 0 0 17 26 0 0 0 0 0 93824998874888 93825001005840 93825001308160 140737488340073 140737488340470 140737488340470 140737488351179 0
/proc/1841301/statm: 6727 3404 2099 555 0 1769 0
[pid=1841320] ppid=1841301 vsize=18784 memory=10600 CPUtime=0.01 cores=26-27
/proc/1841320/stat : 1841320 (clingo) R 1841301 1841301 1841166 0 -1 0 848 0 0 0 1 0 0 0 20 0 1 0 922851829 19234816 2650 17179869184 93824992301056 93824992468925 140737488338416 0 0 0 134217728 4 25184771 0 0 0 17 27 0 0 0 0 0 93824992533936 93824992571272 93824992575488 140737488340183 140737488340354 140737488340354 140737488351170 0
/proc/1841320/statm: 4696 2650 2045 41 0 775 0
Current children cumulated CPU time: 0.08 s
Current children cumulated vsize: 45692 KiB
Current children cumulated memory: 24216 KiB

[startup+0.219253 s]*
/proc/loadavg: 14.00 13.81 10.33 15/846 1841340
/proc/meminfo: memFree=387789592/528004524 swapFree=8388604/8388604
[pid=1841301] ppid=1841295 vsize=26908 memory=13616 CPUtime=0.07 cores=26-27
/proc/1841301/stat : 1841301 (perf) S 1841295 1841301 1841166 0 -1 0 1737 237 0 0 6 1 0 0 20 0 1 0 922851821 27553792 3404 17179869184 93824994299904 93824996572973 140737488338256 0 0 0 134217728 4 74274 1 0 0 17 26 0 0 0 0 0 93824998874888 93825001005840 93825001308160 140737488340073 140737488340470 140737488340470 140737488351179 0
/proc/1841301/statm: 6727 3404 2099 555 0 1769 0
[pid=1841320] ppid=1841301 vsize=24476 memory=16300 CPUtime=0.12 cores=26-27
/proc/1841320/stat : 1841320 (clingo) R 1841301 1841301 1841166 0 -1 0 2330 0 0 0 12 0 0 0 20 0 1 0 922851829 25063424 4075 17179869184 93824992301056 93824992468925 140737488338416 0 0 0 134217728 4 25184771 0 0 0 17 27 0 0 0 0 0 93824992533936 93824992571272 93824992575488 140737488340183 140737488340354 140737488340354 140737488351170 0
/proc/1841320/statm: 6119 4075 2091 41 0 2198 0
Current children cumulated CPU time: 0.19 s
Current children cumulated vsize: 51384 KiB
Current children cumulated memory: 29916 KiB

[startup+0.335183 s]*
/proc/loadavg: 14.00 13.81 10.33 16/849 1841378
/proc/meminfo: memFree=387770196/528004524 swapFree=8388604/8388604
[pid=1841301] ppid=1841295 vsize=26908 memory=13616 CPUtime=0.07 cores=26-27
/proc/1841301/stat : 1841301 (perf) S 1841295 1841301 1841166 0 -1 0 1737 237 0 0 6 1 0 0 20 0 1 0 922851821 27553792 3404 17179869184 93824994299904 93824996572973 140737488338256 0 0 0 134217728 4 74274 1 0 0 17 26 0 0 0 0 0 93824998874888 93825001005840 93825001308160 140737488340073 140737488340470 140737488340470 140737488351179 0
/proc/1841301/statm: 6727 3404 2099 555 0 1769 0
[pid=1841320] ppid=1841301 vsize=25400 memory=17356 CPUtime=0.21 cores=26-27
/proc/1841320/stat : 1841320 (clingo) R 1841301 1841301 1841166 0 -1 0 2567 0 0 0 21 0 0 0 20 0 1 0 922851829 26009600 4339 17179869184 93824992301056 93824992468925 140737488338416 0 0 0 134217728 4 25184771 0 0 0 17 26 0 0 0 0 0 93824992533936 93824992571272 93824992575488 140737488340183 140737488340354 140737488340354 140737488351170 0
/proc/1841320/statm: 6350 4339 2091 41 0 2429 0
Current children cumulated CPU time: 0.28 s
Current children cumulated vsize: 52308 KiB
Current children cumulated memory: 30972 KiB

[startup+0.700339 s]
/proc/loadavg: 14.00 13.81 10.33 18/850 1841379
/proc/meminfo: memFree=387718516/528004524 swapFree=8388604/8388604
[pid=1841301] ppid=1841295 vsize=26908 memory=13616 CPUtime=0.07 cores=26-27
/proc/1841301/stat : 1841301 (perf) S 1841295 1841301 1841166 0 -1 0 1737 237 0 0 6 1 0 0 20 0 1 0 922851821 27553792 3404 17179869184 93824994299904 93824996572973 140737488338256 0 0 0 134217728 4 74274 1 0 0 17 26 0 0 0 0 0 93824998874888 93825001005840 93825001308160 140737488340073 140737488340470 140737488340470 140737488351179 0
/proc/1841301/statm: 6727 3404 2099 555 0 1769 0
[pid=1841320] ppid=1841301 vsize=27412 memory=19468 CPUtime=0.56 cores=26-27
/proc/1841320/stat : 1841320 (clingo) R 1841301 1841301 1841166 0 -1 0 3077 0 0 0 56 0 0 0 20 0 1 0 922851829 28069888 4867 17179869184 93824992301056 93824992468925 140737488338416 0 0 0 134217728 4 25184771 0 0 0 17 26 0 0 0 0 0 93824992533936 93824992571272 93824992575488 140737488340183 140737488340354 140737488340354 140737488351170 0
/proc/1841320/statm: 6853 4867 2091 41 0 2932 0
Current children cumulated CPU time: 0.63 s
Current children cumulated vsize: 54320 KiB
Current children cumulated memory: 33084 KiB

[startup+1.50028 s]
/proc/loadavg: 14.00 13.81 10.33 16/850 1841379
/proc/meminfo: memFree=387611164/528004524 swapFree=8388604/8388604
[pid=1841301] ppid=1841295 vsize=26908 memory=13616 CPUtime=0.07 cores=26-27
/proc/1841301/stat : 1841301 (perf) S 1841295 1841301 1841166 0 -1 0 1737 237 0 0 6 1 0 0 20 0 1 0 922851821 27553792 3404 17179869184 93824994299904 93824996572973 140737488338256 0 0 0 134217728 4 74274 1 0 0 17 26 0 0 0 0 0 93824998874888 93825001005840 93825001308160 140737488340073 140737488340470 140737488340470 140737488351179 0
/proc/1841301/statm: 6727 3404 2099 555 0 1769 0
[pid=1841320] ppid=1841301 vsize=28876 memory=20788 CPUtime=1.36 cores=26-27
/proc/1841320/stat : 1841320 (clingo) R 1841301 1841301 1841166 0 -1 0 3443 0 0 0 136 0 0 0 20 0 1 0 922851829 29569024 5197 17179869184 93824992301056 93824992468925 140737488338416 0 0 0 134217728 4 25184771 0 0 0 17 26 0 0 0 0 0 93824992533936 93824992571272 93824992575488 140737488340183 140737488340354 140737488340354 140737488351170 0
/proc/1841320/statm: 7219 5197 2091 41 0 3298 0
Current children cumulated CPU time: 1.43 s
Current children cumulated vsize: 55784 KiB
Current children cumulated memory: 34404 KiB

[startup+3.119 s]
/proc/loadavg: 14.00 13.81 10.35 16/830 1841415
/proc/meminfo: memFree=387448172/528004524 swapFree=8388604/8388604
[pid=1841301] ppid=1841295 vsize=26908 memory=13616 CPUtime=0.07 cores=26-27
/proc/1841301/stat : 1841301 (perf) S 1841295 1841301 1841166 0 -1 0 1737 237 0 0 6 1 0 0 20 0 1 0 922851821 27553792 3404 17179869184 93824994299904 93824996572973 140737488338256 0 0 0 134217728 4 74274 1 0 0 17 26 0 0 0 0 0 93824998874888 93825001005840 93825001308160 140737488340073 140737488340470 140737488340470 140737488351179 0
/proc/1841301/statm: 6727 3404 2099 555 0 1769 0
[pid=1841320] ppid=1841301 vsize=31892 memory=23692 CPUtime=2.98 cores=26-27
/proc/1841320/stat : 1841320 (clingo) R 1841301 1841301 1841166 0 -1 0 4187 0 0 0 298 0 0 0 20 0 1 0 922851829 32657408 5923 17179869184 93824992301056 93824992468925 140737488338416 0 0 0 134217728 4 25184771 0 0 0 17 26 0 0 0 0 0 93824992533936 93824992571272 93824992575488 140737488340183 140737488340354 140737488340354 140737488351170 0
/proc/1841320/statm: 7973 5923 2091 41 0 4052 0
Current children cumulated CPU time: 3.05 s
Current children cumulated vsize: 58800 KiB
Current children cumulated memory: 37308 KiB

[startup+6.30029 s]
/proc/loadavg: 14.00 13.81 10.35 16/850 1841483
/proc/meminfo: memFree=387064808/528004524 swapFree=8388604/8388604
[pid=1841301] ppid=1841295 vsize=26908 memory=13616 CPUtime=0.07 cores=26-27
/proc/1841301/stat : 1841301 (perf) S 1841295 1841301 1841166 0 -1 0 1737 237 0 0 6 1 0 0 20 0 1 0 922851821 27553792 3404 17179869184 93824994299904 93824996572973 140737488338256 0 0 0 134217728 4 74274 1 0 0 17 26 0 0 0 0 0 93824998874888 93825001005840 93825001308160 140737488340073 140737488340470 140737488340470 140737488351179 0
/proc/1841301/statm: 6727 3404 2099 555 0 1769 0
[pid=1841320] ppid=1841301 vsize=36056 memory=27652 CPUtime=6.16 cores=26-27
/proc/1841320/stat : 1841320 (clingo) R 1841301 1841301 1841166 0 -1 0 5155 0 0 0 616 0 0 0 20 0 1 0 922851829 36921344 6913 17179869184 93824992301056 93824992468925 140737488338416 0 0 0 134217728 4 25184771 0 0 0 17 26 0 0 0 0 0 93824992533936 93824992571272 93824992575488 140737488340183 140737488340354 140737488340354 140737488351170 0
/proc/1841320/statm: 9014 6913 2091 41 0 5093 0
Current children cumulated CPU time: 6.23 s
Current children cumulated vsize: 62964 KiB
Current children cumulated memory: 41268 KiB

[startup+12.7002 s]
/proc/loadavg: 14.00 13.82 10.39 16/849 1841586
/proc/meminfo: memFree=386722436/528004524 swapFree=8388604/8388604
[pid=1841301] ppid=1841295 vsize=26908 memory=13616 CPUtime=0.07 cores=26-27
/proc/1841301/stat : 1841301 (perf) S 1841295 1841301 1841166 0 -1 0 1737 237 0 0 6 1 0 0 20 0 1 0 922851821 27553792 3404 17179869184 93824994299904 93824996572973 140737488338256 0 0 0 134217728 4 74274 1 0 0 17 26 0 0 0 0 0 93824998874888 93825001005840 93825001308160 140737488340073 140737488340470 140737488340470 140737488351179 0
/proc/1841301/statm: 6727 3404 2099 555 0 1769 0
[pid=1841320] ppid=1841301 vsize=39948 memory=31084 CPUtime=12.56 cores=26-27
/proc/1841320/stat : 1841320 (clingo) R 1841301 1841301 1841166 0 -1 0 6032 0 0 0 1256 0 0 0 20 0 1 0 922851829 40906752 7771 17179869184 93824992301056 93824992468925 140737488338416 0 0 0 134217728 4 25184771 0 0 0 17 26 0 0 0 0 0 93824992533936 93824992571272 93824992575488 140737488340183 140737488340354 140737488340354 140737488351170 0
/proc/1841320/statm: 9987 7771 2091 41 0 6066 0
Current children cumulated CPU time: 12.63 s
Current children cumulated vsize: 66856 KiB
Current children cumulated memory: 44700 KiB

[startup+25.5004 s]
/proc/loadavg: 14.00 13.83 10.43 16/849 1841587
/proc/meminfo: memFree=386134972/528004524 swapFree=8388604/8388604
[pid=1841301] ppid=1841295 vsize=26908 memory=13616 CPUtime=0.07 cores=26-27
/proc/1841301/stat : 1841301 (perf) S 1841295 1841301 1841166 0 -1 0 1737 237 0 0 6 1 0 0 20 0 1 0 922851821 27553792 3404 17179869184 93824994299904 93824996572973 140737488338256 0 0 0 134217728 4 74274 1 0 0 17 26 0 0 0 0 0 93824998874888 93825001005840 93825001308160 140737488340073 140737488340470 140737488340470 140737488351179 0
/proc/1841301/statm: 6727 3404 2099 555 0 1769 0
[pid=1841320] ppid=1841301 vsize=43996 memory=35044 CPUtime=25.36 cores=26-27
/proc/1841320/stat : 1841320 (clingo) R 1841301 1841301 1841166 0 -1 0 7035 0 0 0 2536 0 0 0 20 0 1 0 922851829 45051904 8761 17179869184 93824992301056 93824992468925 140737488338416 0 0 0 134217728 4 25184771 0 0 0 17 26 0 0 0 0 0 93824992533936 93824992571272 93824992575488 140737488340183 140737488340354 140737488340354 140737488351170 0
/proc/1841320/statm: 10999 8761 2091 41 0 7078 0
Current children cumulated CPU time: 25.43 s
Current children cumulated vsize: 70904 KiB
Current children cumulated memory: 48660 KiB

[startup+51.1196 s]
/proc/loadavg: 14.57 13.97 10.57 16/849 1841587
/proc/meminfo: memFree=384705728/528004524 swapFree=8388604/8388604
[pid=1841301] ppid=1841295 vsize=26908 memory=13616 CPUtime=0.07 cores=26-27
/proc/1841301/stat : 1841301 (perf) S 1841295 1841301 1841166 0 -1 0 1737 237 0 0 6 1 0 0 20 0 1 0 922851821 27553792 3404 17179869184 93824994299904 93824996572973 140737488338256 0 0 0 134217728 4 74274 1 0 0 17 26 0 0 0 0 0 93824998874888 93825001005840 93825001308160 140737488340073 140737488340470 140737488340470 140737488351179 0
/proc/1841301/statm: 6727 3404 2099 555 0 1769 0
[pid=1841320] ppid=1841301 vsize=49824 memory=40324 CPUtime=50.98 cores=26-27
/proc/1841320/stat : 1841320 (clingo) R 1841301 1841301 1841166 0 -1 0 8345 0 0 0 5098 0 0 0 20 0 1 0 922851829 51019776 10081 17179869184 93824992301056 93824992468925 140737488338416 0 0 0 134217728 4 25184771 0 0 0 17 26 0 0 0 0 0 93824992533936 93824992571272 93824992575488 140737488340183 140737488340354 140737488340354 140737488351170 0
/proc/1841320/statm: 12456 10081 2091 41 0 8535 0
Current children cumulated CPU time: 51.05 s
Current children cumulated vsize: 76732 KiB
Current children cumulated memory: 53940 KiB

[startup+102.3 s]
/proc/loadavg: 14.45 14.03 10.79 16/850 1841589
/proc/meminfo: memFree=383167764/528004524 swapFree=8388604/8388604
[pid=1841301] ppid=1841295 vsize=26908 memory=13616 CPUtime=0.07 cores=26-27
/proc/1841301/stat : 1841301 (perf) S 1841295 1841301 1841166 0 -1 0 1737 237 0 0 6 1 0 0 20 0 1 0 922851821 27553792 3404 17179869184 93824994299904 93824996572973 140737488338256 0 0 0 134217728 4 74274 1 0 0 17 26 0 0 0 0 0 93824998874888 93825001005840 93825001308160 140737488340073 140737488340470 140737488340470 140737488351179 0
/proc/1841301/statm: 6727 3404 2099 555 0 1769 0
[pid=1841320] ppid=1841301 vsize=59828 memory=49564 CPUtime=102.16 cores=26-27
/proc/1841320/stat : 1841320 (clingo) R 1841301 1841301 1841166 0 -1 0 10644 0 0 0 10215 1 0 0 20 0 1 0 922851829 61263872 12391 17179869184 93824992301056 93824992468925 140737488338416 0 0 0 134217728 4 25184771 0 0 0 17 26 0 0 0 0 0 93824992533936 93824992571272 93824992575488 140737488340183 140737488340354 140737488340354 140737488351170 0
/proc/1841320/statm: 14957 12391 2091 41 0 11036 0
Current children cumulated CPU time: 102.23 s
Current children cumulated vsize: 86736 KiB
Current children cumulated memory: 63180 KiB

[startup+162.3 s]
/proc/loadavg: 14.27 14.07 11.01 16/850 1841590
/proc/meminfo: memFree=381549792/528004524 swapFree=8388604/8388604
[pid=1841301] ppid=1841295 vsize=26908 memory=13616 CPUtime=0.07 cores=26-27
/proc/1841301/stat : 1841301 (perf) S 1841295 1841301 1841166 0 -1 0 1737 237 0 0 6 1 0 0 20 0 1 0 922851821 27553792 3404 17179869184 93824994299904 93824996572973 140737488338256 0 0 0 134217728 4 74274 1 0 0 17 26 0 0 0 0 0 93824998874888 93825001005840 93825001308160 140737488340073 140737488340470 140737488340470 140737488351179 0
/proc/1841301/statm: 6727 3404 2099 555 0 1769 0
[pid=1841320] ppid=1841301 vsize=68140 memory=57256 CPUtime=162.16 cores=26-27
/proc/1841320/stat : 1841320 (clingo) R 1841301 1841301 1841166 0 -1 0 12639 0 0 0 16215 1 0 0 20 0 1 0 922851829 69775360 14314 17179869184 93824992301056 93824992468925 140737488338416 0 0 0 134217728 4 25184771 0 0 0 17 26 0 0 0 0 0 93824992533936 93824992571272 93824992575488 140737488340183 140737488340354 140737488340354 140737488351170 0
/proc/1841320/statm: 17035 14314 2091 41 0 13114 0
Current children cumulated CPU time: 162.23 s
Current children cumulated vsize: 95048 KiB
Current children cumulated memory: 70872 KiB

[startup+222.3 s]
/proc/loadavg: 14.10 14.05 11.20 16/850 1841593
/proc/meminfo: memFree=380879492/528004524 swapFree=8388604/8388604
[pid=1841301] ppid=1841295 vsize=26908 memory=13616 CPUtime=0.07 cores=26-27
/proc/1841301/stat : 1841301 (perf) S 1841295 1841301 1841166 0 -1 0 1737 237 0 0 6 1 0 0 20 0 1 0 922851821 27553792 3404 17179869184 93824994299904 93824996572973 140737488338256 0 0 0 134217728 4 74274 1 0 0 17 26 0 0 0 0 0 93824998874888 93825001005840 93825001308160 140737488340073 140737488340470 140737488340470 140737488351179 0
/proc/1841301/statm: 6727 3404 2099 555 0 1769 0
[pid=1841320] ppid=1841301 vsize=74288 memory=63064 CPUtime=222.16 cores=26-27
/proc/1841320/stat : 1841320 (clingo) R 1841301 1841301 1841166 0 -1 0 14097 0 0 0 22214 2 0 0 20 0 1 0 922851829 76070912 15766 17179869184 93824992301056 93824992468925 140737488338416 0 0 0 134217728 4 25184771 0 0 0 17 26 0 0 0 0 0 93824992533936 93824992571272 93824992575488 140737488340183 140737488340354 140737488340354 140737488351170 0
/proc/1841320/statm: 18572 15766 2091 41 0 14651 0
Current children cumulated CPU time: 222.23 s
Current children cumulated vsize: 101196 KiB
Current children cumulated memory: 76680 KiB

[startup+282.3 s]
/proc/loadavg: 14.07 14.06 11.38 16/850 1841594
/proc/meminfo: memFree=378968580/528004524 swapFree=8388604/8388604
[pid=1841301] ppid=1841295 vsize=26908 memory=13616 CPUtime=0.07 cores=26-27
/proc/1841301/stat : 1841301 (perf) S 1841295 1841301 1841166 0 -1 0 1737 237 0 0 6 1 0 0 20 0 1 0 922851821 27553792 3404 17179869184 93824994299904 93824996572973 140737488338256 0 0 0 134217728 4 74274 1 0 0 17 26 0 0 0 0 0 93824998874888 93825001005840 93825001308160 140737488340073 140737488340470 140737488340470 140737488351179 0
/proc/1841301/statm: 6727 3404 2099 555 0 1769 0
[pid=1841320] ppid=1841301 vsize=78248 memory=66708 CPUtime=282.16 cores=26-27
/proc/1841320/stat : 1841320 (clingo) R 1841301 1841301 1841166 0 -1 0 15069 0 0 0 28214 2 0 0 20 0 1 0 922851829 80125952 16677 17179869184 93824992301056 93824992468925 140737488338416 0 0 0 134217728 4 25184771 0 0 0 17 26 0 0 0 0 0 93824992533936 93824992571272 93824992575488 140737488340183 140737488340354 140737488340354 140737488351170 0
/proc/1841320/statm: 19562 16677 2091 41 0 15641 0
Current children cumulated CPU time: 282.23 s
Current children cumulated vsize: 105156 KiB
Current children cumulated memory: 80324 KiB

[startup+342.3 s]
/proc/loadavg: 14.03 14.04 11.55 16/826 1841597
/proc/meminfo: memFree=377708580/528004524 swapFree=8388604/8388604
[pid=1841301] ppid=1841295 vsize=26908 memory=13616 CPUtime=0.07 cores=26-27
/proc/1841301/stat : 1841301 (perf) S 1841295 1841301 1841166 0 -1 0 1737 237 0 0 6 1 0 0 20 0 1 0 922851821 27553792 3404 17179869184 93824994299904 93824996572973 140737488338256 0 0 0 134217728 4 74274 1 0 0 17 26 0 0 0 0 0 93824998874888 93825001005840 93825001308160 140737488340073 140737488340470 140737488340470 140737488351179 0
/proc/1841301/statm: 6727 3404 2099 555 0 1769 0
[pid=1841320] ppid=1841301 vsize=82688 memory=71460 CPUtime=342.15 cores=26-27
/proc/1841320/stat : 1841320 (clingo) R 1841301 1841301 1841166 0 -1 0 16370 0 0 0 34213 2 0 0 20 0 1 0 922851829 84672512 17865 17179869184 93824992301056 93824992468925 140737488338416 0 0 0 134217728 4 25184771 0 0 0 17 26 0 0 0 0 0 93824992533936 93824992571272 93824992575488 140737488340183 140737488340354 140737488340354 140737488351170 0
/proc/1841320/statm: 20672 17865 2091 41 0 16751 0
Current children cumulated CPU time: 342.22 s
Current children cumulated vsize: 109596 KiB
Current children cumulated memory: 85076 KiB

[startup+402.3 s]
/proc/loadavg: 15.77 14.48 11.85 16/822 1841599
/proc/meminfo: memFree=377527644/528004524 swapFree=8388604/8388604
[pid=1841301] ppid=1841295 vsize=26908 memory=13616 CPUtime=0.07 cores=26-27
/proc/1841301/stat : 1841301 (perf) S 1841295 1841301 1841166 0 -1 0 1737 237 0 0 6 1 0 0 20 0 1 0 922851821 27553792 3404 17179869184 93824994299904 93824996572973 140737488338256 0 0 0 134217728 4 74274 1 0 0 17 26 0 0 0 0 0 93824998874888 93825001005840 93825001308160 140737488340073 140737488340470 140737488340470 140737488351179 0
/proc/1841301/statm: 6727 3404 2099 555 0 1769 0
[pid=1841320] ppid=1841301 vsize=88820 memory=76960 CPUtime=402.15 cores=26-27
/proc/1841320/stat : 1841320 (clingo) R 1841301 1841301 1841166 0 -1 0 17989 0 0 0 40213 2 0 0 20 0 1 0 922851829 90951680 19240 17179869184 93824992301056 93824992468925 140737488338416 0 0 0 134217728 4 25184771 0 0 0 17 26 0 0 0 0 0 93824992533936 93824992571272 93824992575488 140737488340183 140737488340354 140737488340354 140737488351170 0
/proc/1841320/statm: 22205 19240 2091 41 0 18284 0
Current children cumulated CPU time: 402.22 s
Current children cumulated vsize: 115728 KiB
Current children cumulated memory: 90576 KiB

[startup+462.3 s]
/proc/loadavg: 14.68 14.40 12.00 16/822 1841600
/proc/meminfo: memFree=377272164/528004524 swapFree=8388604/8388604
[pid=1841301] ppid=1841295 vsize=26908 memory=13616 CPUtime=0.07 cores=26-27
/proc/1841301/stat : 1841301 (perf) S 1841295 1841301 1841166 0 -1 0 1737 237 0 0 6 1 0 0 20 0 1 0 922851821 27553792 3404 17179869184 93824994299904 93824996572973 140737488338256 0 0 0 134217728 4 74274 1 0 0 17 26 0 0 0 0 0 93824998874888 93825001005840 93825001308160 140737488340073 140737488340470 140737488340470 140737488351179 0
/proc/1841301/statm: 6727 3404 2099 555 0 1769 0
[pid=1841320] ppid=1841301 vsize=92948 memory=80656 CPUtime=462.16 cores=26-27
/proc/1841320/stat : 1841320 (clingo) R 1841301 1841301 1841166 0 -1 0 18893 0 0 0 46213 3 0 0 20 0 1 0 922851829 95178752 20164 17179869184 93824992301056 93824992468925 140737488338416 0 0 0 134217728 4 25184771 0 0 0 17 26 0 0 0 0 0 93824992533936 93824992571272 93824992575488 140737488340183 140737488340354 140737488340354 140737488351170 0
/proc/1841320/statm: 23237 20164 2091 41 0 19316 0
Current children cumulated CPU time: 462.23 s
Current children cumulated vsize: 119856 KiB
Current children cumulated memory: 94272 KiB

[startup+522.3 s]
/proc/loadavg: 14.25 14.33 12.12 16/822 1841601
/proc/meminfo: memFree=376756328/528004524 swapFree=8388604/8388604
[pid=1841301] ppid=1841295 vsize=26908 memory=13616 CPUtime=0.07 cores=26-27
/proc/1841301/stat : 1841301 (perf) S 1841295 1841301 1841166 0 -1 0 1737 237 0 0 6 1 0 0 20 0 1 0 922851821 27553792 3404 17179869184 93824994299904 93824996572973 140737488338256 0 0 0 134217728 4 74274 1 0 0 17 26 0 0 0 0 0 93824998874888 93825001005840 93825001308160 140737488340073 140737488340470 140737488340470 140737488351179 0
/proc/1841301/statm: 6727 3404 2099 555 0 1769 0
[pid=1841320] ppid=1841301 vsize=97060 memory=84404 CPUtime=522.16 cores=26-27
/proc/1841320/stat : 1841320 (clingo) R 1841301 1841301 1841166 0 -1 0 19958 0 0 0 52213 3 0 0 20 0 1 0 922851829 99389440 21101 17179869184 93824992301056 93824992468925 140737488338416 0 0 0 134217728 4 25184771 0 0 0 17 26 0 0 0 0 0 93824992533936 93824992571272 93824992575488 140737488340183 140737488340354 140737488340354 140737488351170 0
/proc/1841320/statm: 24265 21101 2091 41 0 20344 0
Current children cumulated CPU time: 522.23 s
Current children cumulated vsize: 123968 KiB
Current children cumulated memory: 98020 KiB

[startup+582.3 s]
/proc/loadavg: 14.14 14.28 12.25 16/822 1841606
/proc/meminfo: memFree=375890560/528004524 swapFree=8388604/8388604
[pid=1841301] ppid=1841295 vsize=26908 memory=13616 CPUtime=0.07 cores=26-27
/proc/1841301/stat : 1841301 (perf) S 1841295 1841301 1841166 0 -1 0 1737 237 0 0 6 1 0 0 20 0 1 0 922851821 27553792 3404 17179869184 93824994299904 93824996572973 140737488338256 0 0 0 134217728 4 74274 1 0 0 17 26 0 0 0 0 0 93824998874888 93825001005840 93825001308160 140737488340073 140737488340470 140737488340470 140737488351179 0
/proc/1841301/statm: 6727 3404 2099 555 0 1769 0
[pid=1841320] ppid=1841301 vsize=98488 memory=85720 CPUtime=582.16 cores=26-27
/proc/1841320/stat : 1841320 (clingo) R 1841301 1841301 1841166 0 -1 0 20330 0 0 0 58213 3 0 0 20 0 1 0 922851829 100851712 21430 17179869184 93824992301056 93824992468925 140737488338416 0 0 0 134217728 4 25184771 0 0 0 17 26 0 0 0 0 0 93824992533936 93824992571272 93824992575488 140737488340183 140737488340354 140737488340354 140737488351170 0
/proc/1841320/statm: 24622 21430 2091 41 0 20701 0
Current children cumulated CPU time: 582.23 s
Current children cumulated vsize: 125396 KiB
Current children cumulated memory: 99336 KiB

[startup+642.3 s]
/proc/loadavg: 14.06 14.23 12.35 16/823 1841609
/proc/meminfo: memFree=374602636/528004524 swapFree=8388604/8388604
[pid=1841301] ppid=1841295 vsize=26908 memory=13616 CPUtime=0.07 cores=26-27
/proc/1841301/stat : 1841301 (perf) S 1841295 1841301 1841166 0 -1 0 1737 237 0 0 6 1 0 0 20 0 1 0 922851821 27553792 3404 17179869184 93824994299904 93824996572973 140737488338256 0 0 0 134217728 4 74274 1 0 0 17 26 0 0 0 0 0 93824998874888 93825001005840 93825001308160 140737488340073 140737488340470 140737488340470 140737488351179 0
/proc/1841301/statm: 6727 3404 2099 555 0 1769 0
[pid=1841320] ppid=1841301 vsize=100864 memory=88096 CPUtime=642.16 cores=26-27
/proc/1841320/stat : 1841320 (clingo) R 1841301 1841301 1841166 0 -1 0 20912 0 0 0 64213 3 0 0 20 0 1 0 922851829 103284736 22024 17179869184 93824992301056 93824992468925 140737488338416 0 0 0 134217728 4 25184771 0 0 0 17 26 0 0 0 0 0 93824992533936 93824992571272 93824992575488 140737488340183 140737488340354 140737488340354 140737488351170 0
/proc/1841320/statm: 25216 22024 2091 41 0 21295 0
Current children cumulated CPU time: 642.23 s
Current children cumulated vsize: 127772 KiB
Current children cumulated memory: 101712 KiB

[startup+702.3 s]
/proc/loadavg: 14.42 14.33 12.51 16/823 1841610
/proc/meminfo: memFree=373239664/528004524 swapFree=8388604/8388604
[pid=1841301] ppid=1841295 vsize=26908 memory=13616 CPUtime=0.07 cores=26-27
/proc/1841301/stat : 1841301 (perf) S 1841295 1841301 1841166 0 -1 0 1737 237 0 0 6 1 0 0 20 0 1 0 922851821 27553792 3404 17179869184 93824994299904 93824996572973 140737488338256 0 0 0 134217728 4 74274 1 0 0 17 26 0 0 0 0 0 93824998874888 93825001005840 93825001308160 140737488340073 140737488340470 140737488340470 140737488351179 0
/proc/1841301/statm: 6727 3404 2099 555 0 1769 0
[pid=1841320] ppid=1841301 vsize=104720 memory=91528 CPUtime=702.15 cores=26-27
/proc/1841320/stat : 1841320 (clingo) R 1841301 1841301 1841166 0 -1 0 21771 0 0 0 70212 3 0 0 20 0 1 0 922851829 107233280 22882 17179869184 93824992301056 93824992468925 140737488338416 0 0 0 134217728 4 25184771 0 0 0 17 26 0 0 0 0 0 93824992533936 93824992571272 93824992575488 140737488340183 140737488340354 140737488340354 140737488351170 0
/proc/1841320/statm: 26180 22882 2091 41 0 22259 0
Current children cumulated CPU time: 702.22 s
Current children cumulated vsize: 131628 KiB
Current children cumulated memory: 105144 KiB

[startup+762.3 s]
/proc/loadavg: 14.15 14.27 12.61 16/824 1841612
/proc/meminfo: memFree=371940100/528004524 swapFree=8388604/8388604
[pid=1841301] ppid=1841295 vsize=26908 memory=13616 CPUtime=0.07 cores=26-27
/proc/1841301/stat : 1841301 (perf) S 1841295 1841301 1841166 0 -1 0 1737 237 0 0 6 1 0 0 20 0 1 0 922851821 27553792 3404 17179869184 93824994299904 93824996572973 140737488338256 0 0 0 134217728 4 74274 1 0 0 17 26 0 0 0 0 0 93824998874888 93825001005840 93825001308160 140737488340073 140737488340470 140737488340470 140737488351179 0
/proc/1841301/statm: 6727 3404 2099 555 0 1769 0
[pid=1841320] ppid=1841301 vsize=106812 memory=93640 CPUtime=762.16 cores=26-27
/proc/1841320/stat : 1841320 (clingo) R 1841301 1841301 1841166 0 -1 0 22275 0 0 0 76212 4 0 0 20 0 1 0 922851829 109375488 23410 17179869184 93824992301056 93824992468925 140737488338416 0 0 0 134217728 4 25184771 0 0 0 17 26 0 0 0 0 0 93824992533936 93824992571272 93824992575488 140737488340183 140737488340354 140737488340354 140737488351170 0
/proc/1841320/statm: 26703 23410 2091 41 0 22782 0
Current children cumulated CPU time: 762.23 s
Current children cumulated vsize: 133720 KiB
Current children cumulated memory: 107256 KiB

[startup+822.3 s]
/proc/loadavg: 14.11 14.23 12.70 16/824 1841614
/proc/meminfo: memFree=370846688/528004524 swapFree=8388604/8388604
[pid=1841301] ppid=1841295 vsize=26908 memory=13616 CPUtime=0.07 cores=26-27
/proc/1841301/stat : 1841301 (perf) S 1841295 1841301 1841166 0 -1 0 1737 237 0 0 6 1 0 0 20 0 1 0 922851821 27553792 3404 17179869184 93824994299904 93824996572973 140737488338256 0 0 0 134217728 4 74274 1 0 0 17 26 0 0 0 0 0 93824998874888 93825001005840 93825001308160 140737488340073 140737488340470 140737488340470 140737488351179 0
/proc/1841301/statm: 6727 3404 2099 555 0 1769 0
[pid=1841320] ppid=1841301 vsize=109292 memory=95752 CPUtime=822.16 cores=26-27
/proc/1841320/stat : 1841320 (clingo) R 1841301 1841301 1841166 0 -1 0 22826 0 0 0 82212 4 0 0 20 0 1 0 922851829 111915008 23938 17179869184 93824992301056 93824992468925 140737488338416 0 0 0 134217728 4 25184771 0 0 0 17 26 0 0 0 0 0 93824992533936 93824992571272 93824992575488 140737488340183 140737488340354 140737488340354 140737488351170 0
/proc/1841320/statm: 27323 23938 2091 41 0 23402 0
Current children cumulated CPU time: 822.23 s
Current children cumulated vsize: 136200 KiB
Current children cumulated memory: 109368 KiB

[startup+882.3 s]
/proc/loadavg: 14.32 14.25 12.81 16/824 1841616
/proc/meminfo: memFree=370330884/528004524 swapFree=8388604/8388604
[pid=1841301] ppid=1841295 vsize=26908 memory=13616 CPUtime=0.07 cores=26-27
/proc/1841301/stat : 1841301 (perf) S 1841295 1841301 1841166 0 -1 0 1737 237 0 0 6 1 0 0 20 0 1 0 922851821 27553792 3404 17179869184 93824994299904 93824996572973 140737488338256 0 0 0 134217728 4 74274 1 0 0 17 26 0 0 0 0 0 93824998874888 93825001005840 93825001308160 140737488340073 140737488340470 140737488340470 140737488351179 0
/proc/1841301/statm: 6727 3404 2099 555 0 1769 0
[pid=1841320] ppid=1841301 vsize=111196 memory=97600 CPUtime=882.16 cores=26-27
/proc/1841320/stat : 1841320 (clingo) R 1841301 1841301 1841166 0 -1 0 23276 0 0 0 88212 4 0 0 20 0 1 0 922851829 113864704 24400 17179869184 93824992301056 93824992468925 140737488338416 0 0 0 134217728 4 25184771 0 0 0 17 26 0 0 0 0 0 93824992533936 93824992571272 93824992575488 140737488340183 140737488340354 140737488340354 140737488351170 0
/proc/1841320/statm: 27799 24400 2091 41 0 23878 0
Current children cumulated CPU time: 882.23 s
Current children cumulated vsize: 138104 KiB
Current children cumulated memory: 111216 KiB

[startup+942.3 s]
/proc/loadavg: 14.15 14.22 12.89 16/824 1841617
/proc/meminfo: memFree=370117944/528004524 swapFree=8388604/8388604
[pid=1841301] ppid=1841295 vsize=26908 memory=13616 CPUtime=0.07 cores=26-27
/proc/1841301/stat : 1841301 (perf) S 1841295 1841301 1841166 0 -1 0 1737 237 0 0 6 1 0 0 20 0 1 0 922851821 27553792 3404 17179869184 93824994299904 93824996572973 140737488338256 0 0 0 134217728 4 74274 1 0 0 17 26 0 0 0 0 0 93824998874888 93825001005840 93825001308160 140737488340073 140737488340470 140737488340470 140737488351179 0
/proc/1841301/statm: 6727 3404 2099 555 0 1769 0
[pid=1841320] ppid=1841301 vsize=112728 memory=98920 CPUtime=942.16 cores=26-27
/proc/1841320/stat : 1841320 (clingo) R 1841301 1841301 1841166 0 -1 0 23613 0 0 0 94212 4 0 0 20 0 1 0 922851829 115433472 24730 17179869184 93824992301056 93824992468925 140737488338416 0 0 0 134217728 4 25184771 0 0 0 17 26 0 0 0 0 0 93824992533936 93824992571272 93824992575488 140737488340183 140737488340354 140737488340354 140737488351170 0
/proc/1841320/statm: 28182 24730 2091 41 0 24261 0
Current children cumulated CPU time: 942.23 s
Current children cumulated vsize: 139636 KiB
Current children cumulated memory: 112536 KiB

[startup+1002.3 s]
/proc/loadavg: 14.05 14.18 12.96 16/824 1841619
/proc/meminfo: memFree=370012364/528004524 swapFree=8388604/8388604
[pid=1841301] ppid=1841295 vsize=26908 memory=13616 CPUtime=0.07 cores=26-27
/proc/1841301/stat : 1841301 (perf) S 1841295 1841301 1841166 0 -1 0 1737 237 0 0 6 1 0 0 20 0 1 0 922851821 27553792 3404 17179869184 93824994299904 93824996572973 140737488338256 0 0 0 134217728 4 74274 1 0 0 17 26 0 0 0 0 0 93824998874888 93825001005840 93825001308160 140737488340073 140737488340470 140737488340470 140737488351179 0
/proc/1841301/statm: 6727 3404 2099 555 0 1769 0
[pid=1841320] ppid=1841301 vsize=114644 memory=100768 CPUtime=1002.16 cores=26-27
/proc/1841320/stat : 1841320 (clingo) R 1841301 1841301 1841166 0 -1 0 24054 0 0 0 100212 4 0 0 20 0 1 0 922851829 117395456 25192 17179869184 93824992301056 93824992468925 140737488338416 0 0 0 134217728 4 25184771 0 0 0 17 26 0 0 0 0 0 93824992533936 93824992571272 93824992575488 140737488340183 140737488340354 140737488340354 140737488351170 0
/proc/1841320/statm: 28661 25192 2091 41 0 24740 0
Current children cumulated CPU time: 1002.23 s
Current children cumulated vsize: 141552 KiB
Current children cumulated memory: 114384 KiB

[startup+1062.3 s]
/proc/loadavg: 14.65 14.30 13.08 16/823 1841621
/proc/meminfo: memFree=369887624/528004524 swapFree=8388604/8388604
[pid=1841301] ppid=1841295 vsize=26908 memory=13616 CPUtime=0.07 cores=26-27
/proc/1841301/stat : 1841301 (perf) S 1841295 1841301 1841166 0 -1 0 1737 237 0 0 6 1 0 0 20 0 1 0 922851821 27553792 3404 17179869184 93824994299904 93824996572973 140737488338256 0 0 0 134217728 4 74274 1 0 0 17 26 0 0 0 0 0 93824998874888 93825001005840 93825001308160 140737488340073 140737488340470 140737488340470 140737488351179 0
/proc/1841301/statm: 6727 3404 2099 555 0 1769 0
[pid=1841320] ppid=1841301 vsize=116308 memory=102692 CPUtime=1062.16 cores=26-27
/proc/1841320/stat : 1841320 (clingo) R 1841301 1841301 1841166 0 -1 0 24712 0 0 0 106212 4 0 0 20 0 1 0 922851829 119099392 25673 17179869184 93824992301056 93824992468925 140737488338416 0 0 0 134217728 4 25184771 0 0 0 17 26 0 0 0 0 0 93824992533936 93824992571272 93824992575488 140737488340183 140737488340354 140737488340354 140737488351170 0
/proc/1841320/statm: 29077 25673 2091 41 0 25156 0
Current children cumulated CPU time: 1062.23 s
Current children cumulated vsize: 143216 KiB
Current children cumulated memory: 116308 KiB

[startup+1122.3 s]
/proc/loadavg: 14.24 14.25 13.14 16/823 1841623
/proc/meminfo: memFree=369666372/528004524 swapFree=8388604/8388604
[pid=1841301] ppid=1841295 vsize=26908 memory=13616 CPUtime=0.07 cores=26-27
/proc/1841301/stat : 1841301 (perf) S 1841295 1841301 1841166 0 -1 0 1737 237 0 0 6 1 0 0 20 0 1 0 922851821 27553792 3404 17179869184 93824994299904 93824996572973 140737488338256 0 0 0 134217728 4 74274 1 0 0 17 26 0 0 0 0 0 93824998874888 93825001005840 93825001308160 140737488340073 140737488340470 140737488340470 140737488351179 0
/proc/1841301/statm: 6727 3404 2099 555 0 1769 0
[pid=1841320] ppid=1841301 vsize=119164 memory=105700 CPUtime=1122.16 cores=26-27
/proc/1841320/stat : 1841320 (clingo) R 1841301 1841301 1841166 0 -1 0 26034 0 0 0 112212 4 0 0 20 0 1 0 922851829 122023936 26425 17179869184 93824992301056 93824992468925 140737488338416 0 0 0 134217728 4 25184771 0 0 0 17 26 0 0 0 0 0 93824992533936 93824992571272 93824992575488 140737488340183 140737488340354 140737488340354 140737488351170 0
/proc/1841320/statm: 29791 26425 2091 41 0 25870 0
Current children cumulated CPU time: 1122.23 s
Current children cumulated vsize: 146072 KiB
Current children cumulated memory: 119316 KiB

[startup+1182.3 s]
/proc/loadavg: 14.08 14.20 13.20 16/823 1841626
/proc/meminfo: memFree=369507360/528004524 swapFree=8388604/8388604
[pid=1841301] ppid=1841295 vsize=26908 memory=13616 CPUtime=0.07 cores=26-27
/proc/1841301/stat : 1841301 (perf) S 1841295 1841301 1841166 0 -1 0 1737 237 0 0 6 1 0 0 20 0 1 0 922851821 27553792 3404 17179869184 93824994299904 93824996572973 140737488338256 0 0 0 134217728 4 74274 1 0 0 17 26 0 0 0 0 0 93824998874888 93825001005840 93825001308160 140737488340073 140737488340470 140737488340470 140737488351179 0
/proc/1841301/statm: 6727 3404 2099 555 0 1769 0
[pid=1841320] ppid=1841301 vsize=122336 memory=108600 CPUtime=1182.16 cores=26-27
/proc/1841320/stat : 1841320 (clingo) R 1841301 1841301 1841166 0 -1 0 26782 0 0 0 118212 4 0 0 20 0 1 0 922851829 125272064 27150 17179869184 93824992301056 93824992468925 140737488338416 0 0 0 134217728 4 25184771 0 0 0 17 26 0 0 0 0 0 93824992533936 93824992571272 93824992575488 140737488340183 140737488340354 140737488340354 140737488351170 0
/proc/1841320/statm: 30584 27150 2091 41 0 26663 0
Current children cumulated CPU time: 1182.23 s
Current children cumulated vsize: 149244 KiB
Current children cumulated memory: 122216 KiB



Maximum wall clock time exceeded: sending SIGTERM then SIGKILL

[startup+1205 s]*
/proc/loadavg: 14.06 14.18 13.22 17/827 1842499
/proc/meminfo: memFree=387552252/528004524 swapFree=8388604/8388604
[pid=1841301] ppid=1841295 vsize=26908 memory=13616 CPUtime=0.07 cores=26-27
/proc/1841301/stat : 1841301 (perf) S 1841295 1841301 1841166 0 -1 0 1737 237 0 0 6 1 0 0 20 0 1 0 922851821 27553792 3404 17179869184 93824994299904 93824996572973 140737488338256 0 0 0 134217728 4 74274 1 0 0 17 26 0 0 0 0 0 93824998874888 93825001005840 93825001308160 140737488340073 140737488340470 140737488340470 140737488351179 0
/proc/1841301/statm: 6727 3404 2099 555 0 1769 0
[pid=1841320] ppid=1841301 vsize=122496 memory=108600 CPUtime=1204.87 cores=26-27
/proc/1841320/stat : 1841320 (clingo) R 1841301 1841301 1841166 0 -1 0 26817 0 0 0 120483 4 0 0 20 0 1 0 922851829 125435904 27150 17179869184 93824992301056 93824992468925 140737488338416 0 0 0 134217728 4 25184771 0 0 0 17 26 0 0 0 0 0 93824992533936 93824992571272 93824992575488 140737488340183 140737488340354 140737488340354 140737488351170 0
/proc/1841320/statm: 30624 27150 2091 41 0 26703 0
Current children cumulated CPU time: 1204.94 s
Current children cumulated vsize: 149404 KiB
Current children cumulated memory: 122216 KiB

Sending SIGINT to process tree (bottom up)
Sleeping 5 seconds

[startup+1205.03 s]
# the end of solver process 1841301 was just reported to runsolver
# cumulated CPU time of all completed processes:  user=1204.91 s, system=0.060848 s

Solver just ended.
??? end of watcher thread
Dumping a history of the last processes samples

Child status: 1
Real time (s): 1205.03
CPU time (s): 1204.97
CPU user time (s): 1204.91
CPU system time (s): 0.060848
CPU usage (%): 99.9956
Max. virtual memory (cumulated for all children) (KiB): 149404
Max. memory (cumulated for all children) (KiB): 122216

getrusage(RUSAGE_CHILDREN,...) data:
user time used= 1204.91
system time used= 0.060848
maximum resident set size= 108844
integral shared memory size= 0
integral unshared data size= 0
integral unshared stack size= 0
page reclaims= 28831
page faults= 0
swaps= 0
block input operations= 0
block output operations= 0
messages sent= 0
messages received= 0
signals received= 0
voluntary context switches= 16
involuntary context switches= 994


# summary of solver processes directly reported to runsolver:
#   pid: 1841301
#   total CPU time (s): 1204.97
#   total CPU user time (s): 1204.91
#   total CPU system time (s): 0.060848

??? end of timestamper thread
runsolver used 9.80178 second user time and 14.8717 second system time

The end
