runsolver version 3.4.0 (svn: 3018) Copyright (C) 2010-2013 Olivier ROUSSEL

This program is distributed in the hope that it will be useful,
but WITHOUT ANY WARRANTY; without even the implied warranty of
MERCHANTABILITY or FITNESS FOR A PARTICULAR PURPOSE.  See the
GNU General Public License for more details.

NUMA information:
  number of nodes: 2
  memory of node 0: 257634 MiB (187177 MiB free)
  memory of node 1: 257994 MiB (187438 MiB free)
  node distances:
     10  20
     20  10

command line: /dev/shm/37676df6-2e81-11f1-ac62-000c298f4621/input/runsolver -w /dev/shm/37676df6-2e81-11f1-ac62-000c298f4621/output/runsolver.log -v /dev/shm/37676df6-2e81-11f1-ac62-000c298f4621/output/varfile.log -W 1205 --rss-swap-limit 16384 -d 5 --sigint /usr/bin/perf stat -B -e task-clock,cache-references,cache-misses,cycles,instructions,branches,faults,migrations,context-switches -o /dev/shm/37676df6-2e81-11f1-ac62-000c298f4621/output/perf.log clingo /home/guests/mmacri/AMOSUM/benchmarks/GraphColouring/encoding-plain-amo.asp /dev/shm/37676df6-2e81-11f1-ac62-000c298f4621/input/0032-graph_colouring-140-0_1344.asp 

running on 2 cores: 28-29

Enforcing wall clock limit (soft limit, will send SIGTERM then SIGKILL): 1205 seconds
Enforcing RSS+Swap limit (soft limit, will send SIGTERM then SIGKILL): 16777216 KiB
Linux 5.15.0-131-generic
Current StackSize limit: 8192 KiB

solver pid=385993, runsolver pid=385992

[startup+0.100068 s]*
/proc/loadavg: 14.36 14.34 13.28 15/805 386042
/proc/meminfo: memFree=383595120/528004324 swapFree=8388604/8388604
[pid=385993] ppid=385992 vsize=26908 memory=13612 CPUtime=0.07 cores=28-29
/proc/385993/stat : 385993 (perf) S 385992 385993 385858 0 -1 0 1737 237 0 0 5 2 0 0 20 0 1 0 923013482 27553792 3403 17179869184 93824994299904 93824996572973 140737488338256 0 0 0 134217728 4 74274 1 0 0 17 28 0 0 0 0 0 93824998874888 93825001005840 93825001308160 140737488340074 140737488340471 140737488340471 140737488351179 0
/proc/385993/statm: 6727 3403 2098 555 0 1769 0
[pid=386037] ppid=385993 vsize=18736 memory=10412 CPUtime=0.01 cores=28-29
/proc/386037/stat : 386037 (clingo) R 385993 385993 385858 0 -1 0 847 0 0 0 1 0 0 0 20 0 1 0 923013490 19185664 2603 17179869184 93824992301056 93824992468925 140737488338416 0 0 0 134217728 4 25184771 0 0 0 17 29 0 0 0 0 0 93824992533936 93824992571272 93824992575488 140737488340184 140737488340355 140737488340355 140737488351170 0
/proc/386037/statm: 4684 2603 2042 41 0 763 0
Current children cumulated CPU time: 0.08 s
Current children cumulated vsize: 45644 KiB
Current children cumulated memory: 24024 KiB

[startup+0.217846 s]*
/proc/loadavg: 14.36 14.34 13.28 14/824 386130
/proc/meminfo: memFree=383596728/528004324 swapFree=8388604/8388604
[pid=385993] ppid=385992 vsize=26908 memory=13612 CPUtime=0.07 cores=28-29
/proc/385993/stat : 385993 (perf) S 385992 385993 385858 0 -1 0 1737 237 0 0 5 2 0 0 20 0 1 0 923013482 27553792 3403 17179869184 93824994299904 93824996572973 140737488338256 0 0 0 134217728 4 74274 1 0 0 17 28 0 0 0 0 0 93824998874888 93825001005840 93825001308160 140737488340074 140737488340471 140737488340471 140737488351179 0
/proc/385993/statm: 6727 3403 2098 555 0 1769 0
[pid=386037] ppid=385993 vsize=25872 memory=17780 CPUtime=0.12 cores=28-29
/proc/386037/stat : 386037 (clingo) R 385993 385993 385858 0 -1 0 2679 0 0 0 12 0 0 0 20 0 1 0 923013490 26492928 4445 17179869184 93824992301056 93824992468925 140737488338416 0 0 0 134217728 4 25184771 0 0 0 17 29 0 0 0 0 0 93824992533936 93824992571272 93824992575488 140737488340184 140737488340355 140737488340355 140737488351170 0
/proc/386037/statm: 6468 4445 2088 41 0 2547 0
Current children cumulated CPU time: 0.19 s
Current children cumulated vsize: 52780 KiB
Current children cumulated memory: 31392 KiB

[startup+0.334358 s]*
/proc/loadavg: 14.36 14.34 13.28 15/827 386154
/proc/meminfo: memFree=383592824/528004324 swapFree=8388604/8388604
[pid=385993] ppid=385992 vsize=26908 memory=13612 CPUtime=0.07 cores=28-29
/proc/385993/stat : 385993 (perf) S 385992 385993 385858 0 -1 0 1737 237 0 0 5 2 0 0 20 0 1 0 923013482 27553792 3403 17179869184 93824994299904 93824996572973 140737488338256 0 0 0 134217728 4 74274 1 0 0 17 28 0 0 0 0 0 93824998874888 93825001005840 93825001308160 140737488340074 140737488340471 140737488340471 140737488351179 0
/proc/385993/statm: 6727 3403 2098 555 0 1769 0
[pid=386037] ppid=385993 vsize=28912 memory=20948 CPUtime=0.23 cores=28-29
/proc/386037/stat : 386037 (clingo) R 385993 385993 385858 0 -1 0 3450 0 0 0 22 1 0 0 20 0 1 0 923013490 29605888 5237 17179869184 93824992301056 93824992468925 140737488338416 0 0 0 134217728 4 25184771 0 0 0 17 29 0 0 0 0 0 93824992533936 93824992571272 93824992575488 140737488340184 140737488340355 140737488340355 140737488351170 0
/proc/386037/statm: 7228 5237 2088 41 0 3307 0
Current children cumulated CPU time: 0.3 s
Current children cumulated vsize: 55820 KiB
Current children cumulated memory: 34560 KiB

[startup+0.700325 s]
/proc/loadavg: 14.36 14.34 13.28 14/829 386250
/proc/meminfo: memFree=383600844/528004324 swapFree=8388604/8388604
[pid=385993] ppid=385992 vsize=26908 memory=13612 CPUtime=0.07 cores=28-29
/proc/385993/stat : 385993 (perf) S 385992 385993 385858 0 -1 0 1737 237 0 0 5 2 0 0 20 0 1 0 923013482 27553792 3403 17179869184 93824994299904 93824996572973 140737488338256 0 0 0 134217728 4 74274 1 0 0 17 28 0 0 0 0 0 93824998874888 93825001005840 93825001308160 140737488340074 140737488340471 140737488340471 140737488351179 0
/proc/385993/statm: 6727 3403 2098 555 0 1769 0
[pid=386037] ppid=385993 vsize=32352 memory=24116 CPUtime=0.52 cores=28-29
/proc/386037/stat : 386037 (clingo) R 385993 385993 385858 0 -1 0 4303 0 0 0 51 1 0 0 20 0 1 0 923013490 33128448 6029 17179869184 93824992301056 93824992468925 140737488338416 0 0 0 134217728 4 25184771 0 0 0 17 29 0 0 0 0 0 93824992533936 93824992571272 93824992575488 140737488340184 140737488340355 140737488340355 140737488351170 0
/proc/386037/statm: 8088 6029 2088 41 0 4167 0
Current children cumulated CPU time: 0.59 s
Current children cumulated vsize: 59260 KiB
Current children cumulated memory: 37728 KiB

[startup+1.50033 s]
/proc/loadavg: 14.36 14.34 13.28 15/837 386293
/proc/meminfo: memFree=383578048/528004324 swapFree=8388604/8388604
[pid=385993] ppid=385992 vsize=26908 memory=13612 CPUtime=0.07 cores=28-29
/proc/385993/stat : 385993 (perf) S 385992 385993 385858 0 -1 0 1737 237 0 0 5 2 0 0 20 0 1 0 923013482 27553792 3403 17179869184 93824994299904 93824996572973 140737488338256 0 0 0 134217728 4 74274 1 0 0 17 28 0 0 0 0 0 93824998874888 93825001005840 93825001308160 140737488340074 140737488340471 140737488340471 140737488351179 0
/proc/385993/statm: 6727 3403 2098 555 0 1769 0
[pid=386037] ppid=385993 vsize=36528 memory=28340 CPUtime=1.31 cores=28-29
/proc/386037/stat : 386037 (clingo) R 385993 385993 385858 0 -1 0 5344 0 0 0 130 1 0 0 20 0 1 0 923013490 37404672 7085 17179869184 93824992301056 93824992468925 140737488338416 0 0 0 134217728 4 25184771 0 0 0 17 28 0 0 0 0 0 93824992533936 93824992571272 93824992575488 140737488340184 140737488340355 140737488340355 140737488351170 0
/proc/386037/statm: 9132 7085 2088 41 0 5211 0
Current children cumulated CPU time: 1.38 s
Current children cumulated vsize: 63436 KiB
Current children cumulated memory: 41952 KiB

[startup+2.32804 s]
# the end of solver process 385993 was just reported to runsolver
# cumulated CPU time of all completed processes:  user=2.1817 s, system=0.041596 s

Solver just ended.
??? end of watcher thread
Dumping a history of the last processes samples

[startup+1.60028 s]
/proc/loadavg: 14.36 14.34 13.28 15/837 386293
/proc/meminfo: memFree=383578048/528004324 swapFree=8388604/8388604
[pid=385993] ppid=385992 vsize=26908 memory=13612 CPUtime=0.07 cores=28-29
/proc/385993/stat : 385993 (perf) S 385992 385993 385858 0 -1 0 1737 237 0 0 5 2 0 0 20 0 1 0 923013482 27553792 3403 17179869184 93824994299904 93824996572973 140737488338256 0 0 0 134217728 4 74274 1 0 0 17 28 0 0 0 0 0 93824998874888 93825001005840 93825001308160 140737488340074 140737488340471 140737488340471 140737488351179 0
/proc/385993/statm: 6727 3403 2098 555 0 1769 0
[pid=386037] ppid=385993 vsize=37208 memory=29132 CPUtime=1.41 cores=28-29
/proc/386037/stat : 386037 (clingo) R 385993 385993 385858 0 -1 0 5524 0 0 0 140 1 0 0 20 0 1 0 923013490 38100992 7283 17179869184 93824992301056 93824992468925 140737488338416 0 0 0 134217728 4 25184771 0 0 0 17 28 0 0 0 0 0 93824992533936 93824992571272 93824992575488 140737488340184 140737488340355 140737488340355 140737488351170 0
/proc/386037/statm: 9302 7283 2088 41 0 5381 0
Current children cumulated CPU time: 1.48 s
Current children cumulated vsize: 64116 KiB
Current children cumulated memory: 42744 KiB

[startup+2.00021 s]*
/proc/loadavg: 14.33 14.34 13.28 15/836 386395
/proc/meminfo: memFree=383649424/528004324 swapFree=8388604/8388604
[pid=385993] ppid=385992 vsize=26908 memory=13612 CPUtime=0.07 cores=28-29
/proc/385993/stat : 385993 (perf) S 385992 385993 385858 0 -1 0 1737 237 0 0 5 2 0 0 20 0 1 0 923013482 27553792 3403 17179869184 93824994299904 93824996572973 140737488338256 0 0 0 134217728 4 74274 1 0 0 17 28 0 0 0 0 0 93824998874888 93825001005840 93825001308160 140737488340074 140737488340471 140737488340471 140737488351179 0
/proc/385993/statm: 6727 3403 2098 555 0 1769 0
[pid=386037] ppid=385993 vsize=39848 memory=31772 CPUtime=1.83 cores=28-29
/proc/386037/stat : 386037 (clingo) R 385993 385993 385858 0 -1 0 6169 0 0 0 182 1 0 0 20 0 1 0 923013490 40804352 7943 17179869184 93824992301056 93824992468925 140737488338416 0 0 0 134217728 4 25184771 0 0 0 17 28 0 0 0 0 0 93824992533936 93824992571272 93824992575488 140737488340184 140737488340355 140737488340355 140737488351170 0
/proc/386037/statm: 9962 7943 2088 41 0 6041 0
Current children cumulated CPU time: 1.9 s
Current children cumulated vsize: 66756 KiB
Current children cumulated memory: 45384 KiB

[startup+2.20021 s]
/proc/loadavg: 14.33 14.34 13.28 15/836 386395
/proc/meminfo: memFree=383649424/528004324 swapFree=8388604/8388604
[pid=385993] ppid=385992 vsize=26908 memory=13612 CPUtime=0.07 cores=28-29
/proc/385993/stat : 385993 (perf) S 385992 385993 385858 0 -1 0 1737 237 0 0 5 2 0 0 20 0 1 0 923013482 27553792 3403 17179869184 93824994299904 93824996572973 140737488338256 0 0 0 134217728 4 74274 1 0 0 17 28 0 0 0 0 0 93824998874888 93825001005840 93825001308160 140737488340074 140737488340471 140737488340471 140737488351179 0
/proc/385993/statm: 6727 3403 2098 555 0 1769 0
[pid=386037] ppid=385993 vsize=40508 memory=32300 CPUtime=2.01 cores=28-29
/proc/386037/stat : 386037 (clingo) R 385993 385993 385858 0 -1 0 6349 0 0 0 200 1 0 0 20 0 1 0 923013490 41480192 8075 17179869184 93824992301056 93824992468925 140737488338416 0 0 0 134217728 4 25184771 0 0 0 17 28 0 0 0 0 0 93824992533936 93824992571272 93824992575488 140737488340184 140737488340355 140737488340355 140737488351170 0
/proc/386037/statm: 10127 8075 2088 41 0 6206 0
Current children cumulated CPU time: 2.08 s
Current children cumulated vsize: 67416 KiB
Current children cumulated memory: 45912 KiB

[startup+2.30022 s]
/proc/loadavg: 14.33 14.34 13.28 15/836 386395
/proc/meminfo: memFree=383649424/528004324 swapFree=8388604/8388604
[pid=385993] ppid=385992 vsize=26908 memory=13612 CPUtime=0.07 cores=28-29
/proc/385993/stat : 385993 (perf) S 385992 385993 385858 0 -1 0 1737 237 0 0 5 2 0 0 20 0 1 0 923013482 27553792 3403 17179869184 93824994299904 93824996572973 140737488338256 0 0 0 134217728 4 74274 1 0 0 17 28 0 0 0 0 0 93824998874888 93825001005840 93825001308160 140737488340074 140737488340471 140737488340471 140737488351179 0
/proc/385993/statm: 6727 3403 2098 555 0 1769 0
[pid=386037] ppid=385993 vsize=40052 memory=32112 CPUtime=2.11 cores=28-29
/proc/386037/stat : 386037 (clingo) R 385993 385993 385858 0 -1 0 6349 0 0 0 210 1 0 0 20 0 1 0 923013490 41013248 8028 17179869184 93824992301056 93824992468925 140737488338416 0 0 0 134217728 4 25184771 0 0 0 17 28 0 0 0 0 0 93824992533936 93824992571272 93824992575488 140737488340184 140737488340355 140737488340355 140737488351170 0
/proc/386037/statm: 10013 8028 2088 41 0 6092 0
Current children cumulated CPU time: 2.18 s
Current children cumulated vsize: 66960 KiB
Current children cumulated memory: 45724 KiB

Child status: 10
Real time (s): 2.32805
CPU time (s): 2.2233
CPU user time (s): 2.1817
CPU system time (s): 0.041596
CPU usage (%): 95.5002
Max. virtual memory (cumulated for all children) (KiB): 67416
Max. memory (cumulated for all children) (KiB): 45912

getrusage(RUSAGE_CHILDREN,...) data:
user time used= 2.1817
system time used= 0.041596
maximum resident set size= 32300
integral shared memory size= 0
integral unshared data size= 0
integral unshared stack size= 0
page reclaims= 8367
page faults= 0
swaps= 0
block input operations= 0
block output operations= 0
messages sent= 0
messages received= 0
signals received= 0
voluntary context switches= 92
involuntary context switches= 31


# summary of solver processes directly reported to runsolver:
#   pid: 385993
#   total CPU time (s): 2.2233
#   total CPU user time (s): 2.1817
#   total CPU system time (s): 0.041596

??? end of timestamper thread
runsolver used 0.065904 second user time and 0.102975 second system time

The end
