runsolver version 3.4.0 (svn: 3018) Copyright (C) 2010-2013 Olivier ROUSSEL

This program is distributed in the hope that it will be useful,
but WITHOUT ANY WARRANTY; without even the implied warranty of
MERCHANTABILITY or FITNESS FOR A PARTICULAR PURPOSE.  See the
GNU General Public License for more details.

NUMA information:
  number of nodes: 2
  memory of node 0: 257635 MiB (179546 MiB free)
  memory of node 1: 257994 MiB (175147 MiB free)
  node distances:
     10  20
     20  10

command line: /dev/shm/373906f0-2e81-11f1-ac62-000c298f4621/input/runsolver -w /dev/shm/373906f0-2e81-11f1-ac62-000c298f4621/output/runsolver.log -v /dev/shm/373906f0-2e81-11f1-ac62-000c298f4621/output/varfile.log -W 1205 --rss-swap-limit 16384 -d 5 --sigint /usr/bin/perf stat -B -e task-clock,cache-references,cache-misses,cycles,instructions,branches,faults,migrations,context-switches -o /dev/shm/373906f0-2e81-11f1-ac62-000c298f4621/output/perf.log clingo /home/guests/mmacri/AMOSUM/benchmarks/GraphColouring/encoding-plain-amo.asp /dev/shm/373906f0-2e81-11f1-ac62-000c298f4621/input/0008-graph_colouring-125-0_2400.asp 

running on 2 cores: 28-29

Enforcing wall clock limit (soft limit, will send SIGTERM then SIGKILL): 1205 seconds
Enforcing RSS+Swap limit (soft limit, will send SIGTERM then SIGKILL): 16777216 KiB
Linux 5.15.0-131-generic
Current StackSize limit: 8192 KiB

solver pid=1303455, runsolver pid=1303454

[startup+0.10007 s]*
/proc/loadavg: 14.23 14.06 10.51 15/842 1303459
/proc/meminfo: memFree=363199980/528004516 swapFree=8388604/8388604
[pid=1303455] ppid=1303454 vsize=26908 memory=13612 CPUtime=0.07 cores=28-29
/proc/1303455/stat : 1303455 (perf) S 1303454 1303455 1303413 0 -1 0 1738 237 0 0 6 1 0 0 20 0 1 0 922888244 27553792 3403 17179869184 93824994299904 93824996572973 140737488338256 0 0 0 134217728 4 74274 1 0 0 17 28 0 0 0 0 0 93824998874888 93825001005840 93825001308160 140737488340073 140737488340470 140737488340470 140737488351179 0
/proc/1303455/statm: 6727 3403 2098 555 0 1769 0
[pid=1303459] ppid=1303455 vsize=19928 memory=11840 CPUtime=0.03 cores=28-29
/proc/1303459/stat : 1303459 (clingo) R 1303455 1303455 1303413 0 -1 0 1190 0 0 0 3 0 0 0 20 0 1 0 922888252 20406272 2960 17179869184 93824992301056 93824992468925 140737488338416 0 0 0 134217728 4 25184771 0 0 0 17 29 0 0 0 0 0 93824992533936 93824992571272 93824992575488 140737488340183 140737488340354 140737488340354 140737488351170 0
/proc/1303459/statm: 4982 2960 2091 41 0 1061 0
Current children cumulated CPU time: 0.1 s
Current children cumulated vsize: 46836 KiB
Current children cumulated memory: 25452 KiB

[startup+0.235064 s]*
/proc/loadavg: 14.23 14.06 10.51 15/842 1303459
/proc/meminfo: memFree=363190148/528004516 swapFree=8388604/8388604
[pid=1303455] ppid=1303454 vsize=26908 memory=13612 CPUtime=0.07 cores=28-29
/proc/1303455/stat : 1303455 (perf) S 1303454 1303455 1303413 0 -1 0 1738 237 0 0 6 1 0 0 20 0 1 0 922888244 27553792 3403 17179869184 93824994299904 93824996572973 140737488338256 0 0 0 134217728 4 74274 1 0 0 17 28 0 0 0 0 0 93824998874888 93825001005840 93825001308160 140737488340073 140737488340470 140737488340470 140737488351179 0
/proc/1303455/statm: 6727 3403 2098 555 0 1769 0
[pid=1303459] ppid=1303455 vsize=25480 memory=17384 CPUtime=0.15 cores=28-29
/proc/1303459/stat : 1303459 (clingo) R 1303455 1303455 1303413 0 -1 0 2558 0 0 0 15 0 0 0 20 0 1 0 922888252 26091520 4346 17179869184 93824992301056 93824992468925 140737488338416 0 0 0 134217728 4 25184771 0 0 0 17 29 0 0 0 0 0 93824992533936 93824992571272 93824992575488 140737488340183 140737488340354 140737488340354 140737488351170 0
/proc/1303459/statm: 6370 4346 2091 41 0 2449 0
Current children cumulated CPU time: 0.22 s
Current children cumulated vsize: 52388 KiB
Current children cumulated memory: 30996 KiB

[startup+0.335037 s]*
/proc/loadavg: 14.23 14.06 10.51 16/842 1303459
/proc/meminfo: memFree=363185612/528004516 swapFree=8388604/8388604
[pid=1303455] ppid=1303454 vsize=26908 memory=13612 CPUtime=0.07 cores=28-29
/proc/1303455/stat : 1303455 (perf) S 1303454 1303455 1303413 0 -1 0 1738 237 0 0 6 1 0 0 20 0 1 0 922888244 27553792 3403 17179869184 93824994299904 93824996572973 140737488338256 0 0 0 134217728 4 74274 1 0 0 17 28 0 0 0 0 0 93824998874888 93825001005840 93825001308160 140737488340073 140737488340470 140737488340470 140737488351179 0
/proc/1303455/statm: 6727 3403 2098 555 0 1769 0
[pid=1303459] ppid=1303455 vsize=27592 memory=19496 CPUtime=0.23 cores=28-29
/proc/1303459/stat : 1303459 (clingo) R 1303455 1303455 1303413 0 -1 0 3078 0 0 0 23 0 0 0 20 0 1 0 922888252 28254208 4874 17179869184 93824992301056 93824992468925 140737488338416 0 0 0 134217728 4 25184771 0 0 0 17 28 0 0 0 0 0 93824992533936 93824992571272 93824992575488 140737488340183 140737488340354 140737488340354 140737488351170 0
/proc/1303459/statm: 6898 4874 2091 41 0 2977 0
Current children cumulated CPU time: 0.3 s
Current children cumulated vsize: 54500 KiB
Current children cumulated memory: 33108 KiB

[startup+0.700348 s]
/proc/loadavg: 14.23 14.06 10.51 15/842 1303459
/proc/meminfo: memFree=363179816/528004516 swapFree=8388604/8388604
[pid=1303455] ppid=1303454 vsize=26908 memory=13612 CPUtime=0.07 cores=28-29
/proc/1303455/stat : 1303455 (perf) S 1303454 1303455 1303413 0 -1 0 1738 237 0 0 6 1 0 0 20 0 1 0 922888244 27553792 3403 17179869184 93824994299904 93824996572973 140737488338256 0 0 0 134217728 4 74274 1 0 0 17 28 0 0 0 0 0 93824998874888 93825001005840 93825001308160 140737488340073 140737488340470 140737488340470 140737488351179 0
/proc/1303455/statm: 6727 3403 2098 555 0 1769 0
[pid=1303459] ppid=1303455 vsize=29968 memory=21872 CPUtime=0.56 cores=28-29
/proc/1303459/stat : 1303459 (clingo) R 1303455 1303455 1303413 0 -1 0 3702 0 0 0 56 0 0 0 20 0 1 0 922888252 30687232 5468 17179869184 93824992301056 93824992468925 140737488338416 0 0 0 134217728 4 25184771 0 0 0 17 28 0 0 0 0 0 93824992533936 93824992571272 93824992575488 140737488340183 140737488340354 140737488340354 140737488351170 0
/proc/1303459/statm: 7525 5468 2091 41 0 3604 0
Current children cumulated CPU time: 0.63 s
Current children cumulated vsize: 56876 KiB
Current children cumulated memory: 35484 KiB

[startup+1.50036 s]
/proc/loadavg: 14.23 14.06 10.51 15/842 1303459
/proc/meminfo: memFree=363163436/528004516 swapFree=8388604/8388604
[pid=1303455] ppid=1303454 vsize=26908 memory=13612 CPUtime=0.07 cores=28-29
/proc/1303455/stat : 1303455 (perf) S 1303454 1303455 1303413 0 -1 0 1738 237 0 0 6 1 0 0 20 0 1 0 922888244 27553792 3403 17179869184 93824994299904 93824996572973 140737488338256 0 0 0 134217728 4 74274 1 0 0 17 28 0 0 0 0 0 93824998874888 93825001005840 93825001308160 140737488340073 140737488340470 140737488340470 140737488351179 0
/proc/1303455/statm: 6727 3403 2098 555 0 1769 0
[pid=1303459] ppid=1303455 vsize=34392 memory=26360 CPUtime=1.36 cores=28-29
/proc/1303459/stat : 1303459 (clingo) R 1303455 1303455 1303413 0 -1 0 4785 0 0 0 136 0 0 0 20 0 1 0 922888252 35217408 6590 17179869184 93824992301056 93824992468925 140737488338416 0 0 0 134217728 4 25184771 0 0 0 17 28 0 0 0 0 0 93824992533936 93824992571272 93824992575488 140737488340183 140737488340354 140737488340354 140737488351170 0
/proc/1303459/statm: 8598 6590 2091 41 0 4677 0
Current children cumulated CPU time: 1.43 s
Current children cumulated vsize: 61300 KiB
Current children cumulated memory: 39972 KiB

[startup+3.11865 s]
/proc/loadavg: 14.21 14.06 10.52 14/837 1303523
/proc/meminfo: memFree=364807116/528004516 swapFree=8388604/8388604
[pid=1303455] ppid=1303454 vsize=26908 memory=13612 CPUtime=0.07 cores=28-29
/proc/1303455/stat : 1303455 (perf) S 1303454 1303455 1303413 0 -1 0 1738 237 0 0 6 1 0 0 20 0 1 0 922888244 27553792 3403 17179869184 93824994299904 93824996572973 140737488338256 0 0 0 134217728 4 74274 1 0 0 17 28 0 0 0 0 0 93824998874888 93825001005840 93825001308160 140737488340073 140737488340470 140737488340470 140737488351179 0
/proc/1303455/statm: 6727 3403 2098 555 0 1769 0
[pid=1303459] ppid=1303455 vsize=36792 memory=28736 CPUtime=2.97 cores=28-29
/proc/1303459/stat : 1303459 (clingo) R 1303455 1303455 1303413 0 -1 0 5377 0 0 0 297 0 0 0 20 0 1 0 922888252 37675008 7184 17179869184 93824992301056 93824992468925 140737488338416 0 0 0 134217728 4 25184771 0 0 0 17 28 0 0 0 0 0 93824992533936 93824992571272 93824992575488 140737488340183 140737488340354 140737488340354 140737488351170 0
/proc/1303459/statm: 9198 7184 2091 41 0 5277 0
Current children cumulated CPU time: 3.04 s
Current children cumulated vsize: 63700 KiB
Current children cumulated memory: 42348 KiB

[startup+6.30029 s]
/proc/loadavg: 14.21 14.06 10.52 15/844 1303565
/proc/meminfo: memFree=364409332/528004516 swapFree=8388604/8388604
[pid=1303455] ppid=1303454 vsize=26908 memory=13612 CPUtime=0.07 cores=28-29
/proc/1303455/stat : 1303455 (perf) S 1303454 1303455 1303413 0 -1 0 1738 237 0 0 6 1 0 0 20 0 1 0 922888244 27553792 3403 17179869184 93824994299904 93824996572973 140737488338256 0 0 0 134217728 4 74274 1 0 0 17 28 0 0 0 0 0 93824998874888 93825001005840 93825001308160 140737488340073 140737488340470 140737488340470 140737488351179 0
/proc/1303455/statm: 6727 3403 2098 555 0 1769 0
[pid=1303459] ppid=1303455 vsize=41080 memory=33000 CPUtime=6.16 cores=28-29
/proc/1303459/stat : 1303459 (clingo) R 1303455 1303455 1303413 0 -1 0 6657 0 0 0 616 0 0 0 20 0 1 0 922888252 42065920 8250 17179869184 93824992301056 93824992468925 140737488338416 0 0 0 134217728 4 25184771 0 0 0 17 28 0 0 0 0 0 93824992533936 93824992571272 93824992575488 140737488340183 140737488340354 140737488340354 140737488351170 0
/proc/1303459/statm: 10270 8250 2091 41 0 6349 0
Current children cumulated CPU time: 6.23 s
Current children cumulated vsize: 67988 KiB
Current children cumulated memory: 46612 KiB

[startup+12.7003 s]
/proc/loadavg: 14.20 14.06 10.54 15/844 1303566
/proc/meminfo: memFree=364041052/528004516 swapFree=8388604/8388604
[pid=1303455] ppid=1303454 vsize=26908 memory=13612 CPUtime=0.07 cores=28-29
/proc/1303455/stat : 1303455 (perf) S 1303454 1303455 1303413 0 -1 0 1738 237 0 0 6 1 0 0 20 0 1 0 922888244 27553792 3403 17179869184 93824994299904 93824996572973 140737488338256 0 0 0 134217728 4 74274 1 0 0 17 28 0 0 0 0 0 93824998874888 93825001005840 93825001308160 140737488340073 140737488340470 140737488340470 140737488351179 0
/proc/1303455/statm: 6727 3403 2098 555 0 1769 0
[pid=1303459] ppid=1303455 vsize=47236 memory=38980 CPUtime=12.55 cores=28-29
/proc/1303459/stat : 1303459 (clingo) R 1303455 1303455 1303413 0 -1 0 8328 0 0 0 1255 0 0 0 20 0 1 0 922888252 48369664 9745 17179869184 93824992301056 93824992468925 140737488338416 0 0 0 134217728 4 25184771 0 0 0 17 28 0 0 0 0 0 93824992533936 93824992571272 93824992575488 140737488340183 140737488340354 140737488340354 140737488351170 0
/proc/1303459/statm: 11809 9745 2091 41 0 7888 0
Current children cumulated CPU time: 12.62 s
Current children cumulated vsize: 74144 KiB
Current children cumulated memory: 52592 KiB

[startup+25.5004 s]
/proc/loadavg: 14.15 14.06 10.60 15/844 1303566
/proc/meminfo: memFree=363309476/528004516 swapFree=8388604/8388604
[pid=1303455] ppid=1303454 vsize=26908 memory=13612 CPUtime=0.07 cores=28-29
/proc/1303455/stat : 1303455 (perf) S 1303454 1303455 1303413 0 -1 0 1738 237 0 0 6 1 0 0 20 0 1 0 922888244 27553792 3403 17179869184 93824994299904 93824996572973 140737488338256 0 0 0 134217728 4 74274 1 0 0 17 28 0 0 0 0 0 93824998874888 93825001005840 93825001308160 140737488340073 140737488340470 140737488340470 140737488351179 0
/proc/1303455/statm: 6727 3403 2098 555 0 1769 0
[pid=1303459] ppid=1303455 vsize=54040 memory=45900 CPUtime=25.36 cores=28-29
/proc/1303459/stat : 1303459 (clingo) R 1303455 1303455 1303413 0 -1 0 10422 0 0 0 2535 1 0 0 20 0 1 0 922888252 55336960 11475 17179869184 93824992301056 93824992468925 140737488338416 0 0 0 134217728 4 25184771 0 0 0 17 28 0 0 0 0 0 93824992533936 93824992571272 93824992575488 140737488340183 140737488340354 140737488340354 140737488351170 0
/proc/1303459/statm: 13510 11475 2091 41 0 9589 0
Current children cumulated CPU time: 25.43 s
Current children cumulated vsize: 80948 KiB
Current children cumulated memory: 59512 KiB

[startup+51.1187 s]
/proc/loadavg: 14.16 14.07 10.70 15/843 1303669
/proc/meminfo: memFree=362259880/528004516 swapFree=8388604/8388604
[pid=1303455] ppid=1303454 vsize=26908 memory=13612 CPUtime=0.07 cores=28-29
/proc/1303455/stat : 1303455 (perf) S 1303454 1303455 1303413 0 -1 0 1738 237 0 0 6 1 0 0 20 0 1 0 922888244 27553792 3403 17179869184 93824994299904 93824996572973 140737488338256 0 0 0 134217728 4 74274 1 0 0 17 28 0 0 0 0 0 93824998874888 93825001005840 93825001308160 140737488340073 140737488340470 140737488340470 140737488351179 0
/proc/1303455/statm: 6727 3403 2098 555 0 1769 0
[pid=1303459] ppid=1303455 vsize=60284 memory=52220 CPUtime=50.98 cores=28-29
/proc/1303459/stat : 1303459 (clingo) R 1303455 1303455 1303413 0 -1 0 13266 0 0 0 5096 2 0 0 20 0 1 0 922888252 61730816 13055 17179869184 93824992301056 93824992468925 140737488338416 0 0 0 134217728 4 25184771 0 0 0 17 28 0 0 0 0 0 93824992533936 93824992571272 93824992575488 140737488340183 140737488340354 140737488340354 140737488351170 0
/proc/1303459/statm: 15071 13055 2091 41 0 11150 0
Current children cumulated CPU time: 51.05 s
Current children cumulated vsize: 87192 KiB
Current children cumulated memory: 65832 KiB

[startup+102.3 s]
/proc/loadavg: 14.07 14.05 10.87 15/844 1303671
/proc/meminfo: memFree=360572128/528004516 swapFree=8388604/8388604
[pid=1303455] ppid=1303454 vsize=26908 memory=13612 CPUtime=0.07 cores=28-29
/proc/1303455/stat : 1303455 (perf) S 1303454 1303455 1303413 0 -1 0 1738 237 0 0 6 1 0 0 20 0 1 0 922888244 27553792 3403 17179869184 93824994299904 93824996572973 140737488338256 0 0 0 134217728 4 74274 1 0 0 17 28 0 0 0 0 0 93824998874888 93825001005840 93825001308160 140737488340073 140737488340470 140737488340470 140737488351179 0
/proc/1303455/statm: 6727 3403 2098 555 0 1769 0
[pid=1303459] ppid=1303455 vsize=74444 memory=66156 CPUtime=102.15 cores=28-29
/proc/1303459/stat : 1303459 (clingo) R 1303455 1303455 1303413 0 -1 0 17872 0 0 0 10213 2 0 0 20 0 1 0 922888252 76230656 16539 17179869184 93824992301056 93824992468925 140737488338416 0 0 0 134217728 4 25184771 0 0 0 17 28 0 0 0 0 0 93824992533936 93824992571272 93824992575488 140737488340183 140737488340354 140737488340354 140737488351170 0
/proc/1303459/statm: 18611 16539 2091 41 0 14690 0
Current children cumulated CPU time: 102.22 s
Current children cumulated vsize: 101352 KiB
Current children cumulated memory: 79768 KiB

[startup+162.3 s]
/proc/loadavg: 14.02 14.04 11.07 15/844 1303672
/proc/meminfo: memFree=359188336/528004516 swapFree=8388604/8388604
[pid=1303455] ppid=1303454 vsize=26908 memory=13612 CPUtime=0.07 cores=28-29
/proc/1303455/stat : 1303455 (perf) S 1303454 1303455 1303413 0 -1 0 1738 237 0 0 6 1 0 0 20 0 1 0 922888244 27553792 3403 17179869184 93824994299904 93824996572973 140737488338256 0 0 0 134217728 4 74274 1 0 0 17 28 0 0 0 0 0 93824998874888 93825001005840 93825001308160 140737488340073 140737488340470 140737488340470 140737488351179 0
/proc/1303455/statm: 6727 3403 2098 555 0 1769 0
[pid=1303459] ppid=1303455 vsize=81204 memory=73008 CPUtime=162.16 cores=28-29
/proc/1303459/stat : 1303459 (clingo) R 1303455 1303455 1303413 0 -1 0 19865 0 0 0 16212 4 0 0 20 0 1 0 922888252 83152896 18252 17179869184 93824992301056 93824992468925 140737488338416 0 0 0 134217728 4 25184771 0 0 0 17 28 0 0 0 0 0 93824992533936 93824992571272 93824992575488 140737488340183 140737488340354 140737488340354 140737488351170 0
/proc/1303459/statm: 20301 18252 2091 41 0 16380 0
Current children cumulated CPU time: 162.23 s
Current children cumulated vsize: 108112 KiB
Current children cumulated memory: 86620 KiB

[startup+222.3 s]
/proc/loadavg: 14.01 14.03 11.26 15/844 1303675
/proc/meminfo: memFree=358400964/528004516 swapFree=8388604/8388604
[pid=1303455] ppid=1303454 vsize=26908 memory=13612 CPUtime=0.07 cores=28-29
/proc/1303455/stat : 1303455 (perf) S 1303454 1303455 1303413 0 -1 0 1738 237 0 0 6 1 0 0 20 0 1 0 922888244 27553792 3403 17179869184 93824994299904 93824996572973 140737488338256 0 0 0 134217728 4 74274 1 0 0 17 28 0 0 0 0 0 93824998874888 93825001005840 93825001308160 140737488340073 140737488340470 140737488340470 140737488351179 0
/proc/1303455/statm: 6727 3403 2098 555 0 1769 0
[pid=1303459] ppid=1303455 vsize=87508 memory=79476 CPUtime=222.16 cores=28-29
/proc/1303459/stat : 1303459 (clingo) R 1303455 1303455 1303413 0 -1 0 23536 0 0 0 22212 4 0 0 20 0 1 0 922888252 89608192 19869 17179869184 93824992301056 93824992468925 140737488338416 0 0 0 134217728 4 25184771 0 0 0 17 28 0 0 0 0 0 93824992533936 93824992571272 93824992575488 140737488340183 140737488340354 140737488340354 140737488351170 0
/proc/1303459/statm: 21877 19869 2091 41 0 17956 0
Current children cumulated CPU time: 222.23 s
Current children cumulated vsize: 114416 KiB
Current children cumulated memory: 93088 KiB

[startup+282.3 s]
/proc/loadavg: 14.00 14.02 11.43 15/844 1303676
/proc/meminfo: memFree=356616804/528004516 swapFree=8388604/8388604
[pid=1303455] ppid=1303454 vsize=26908 memory=13612 CPUtime=0.07 cores=28-29
/proc/1303455/stat : 1303455 (perf) S 1303454 1303455 1303413 0 -1 0 1738 237 0 0 6 1 0 0 20 0 1 0 922888244 27553792 3403 17179869184 93824994299904 93824996572973 140737488338256 0 0 0 134217728 4 74274 1 0 0 17 28 0 0 0 0 0 93824998874888 93825001005840 93825001308160 140737488340073 140737488340470 140737488340470 140737488351179 0
/proc/1303455/statm: 6727 3403 2098 555 0 1769 0
[pid=1303459] ppid=1303455 vsize=97836 memory=89516 CPUtime=282.16 cores=28-29
/proc/1303459/stat : 1303459 (clingo) R 1303455 1303455 1303413 0 -1 0 27935 0 0 0 28210 6 0 0 20 0 1 0 922888252 100184064 22379 17179869184 93824992301056 93824992468925 140737488338416 0 0 0 134217728 4 25184771 0 0 0 17 28 0 0 0 0 0 93824992533936 93824992571272 93824992575488 140737488340183 140737488340354 140737488340354 140737488351170 0
/proc/1303459/statm: 24459 22379 2091 41 0 20538 0
Current children cumulated CPU time: 282.23 s
Current children cumulated vsize: 124744 KiB
Current children cumulated memory: 103128 KiB

[startup+342.3 s]
/proc/loadavg: 15.27 14.37 11.72 15/820 1303679
/proc/meminfo: memFree=355112136/528004516 swapFree=8388604/8388604
[pid=1303455] ppid=1303454 vsize=26908 memory=13612 CPUtime=0.07 cores=28-29
/proc/1303455/stat : 1303455 (perf) S 1303454 1303455 1303413 0 -1 0 1738 237 0 0 6 1 0 0 20 0 1 0 922888244 27553792 3403 17179869184 93824994299904 93824996572973 140737488338256 0 0 0 134217728 4 74274 1 0 0 17 28 0 0 0 0 0 93824998874888 93825001005840 93825001308160 140737488340073 140737488340470 140737488340470 140737488351179 0
/proc/1303455/statm: 6727 3403 2098 555 0 1769 0
[pid=1303459] ppid=1303455 vsize=101548 memory=93344 CPUtime=342.16 cores=28-29
/proc/1303459/stat : 1303459 (clingo) R 1303455 1303455 1303413 0 -1 0 30892 0 0 0 34210 6 0 0 20 0 1 0 922888252 103985152 23336 17179869184 93824992301056 93824992468925 140737488338416 0 0 0 134217728 4 25184771 0 0 0 17 28 0 0 0 0 0 93824992533936 93824992571272 93824992575488 140737488340183 140737488340354 140737488340354 140737488351170 0
/proc/1303459/statm: 25387 23336 2091 41 0 21466 0
Current children cumulated CPU time: 342.23 s
Current children cumulated vsize: 128456 KiB
Current children cumulated memory: 106956 KiB

[startup+402.3 s]
/proc/loadavg: 14.46 14.30 11.86 15/820 1303681
/proc/meminfo: memFree=354761388/528004516 swapFree=8388604/8388604
[pid=1303455] ppid=1303454 vsize=26908 memory=13612 CPUtime=0.07 cores=28-29
/proc/1303455/stat : 1303455 (perf) S 1303454 1303455 1303413 0 -1 0 1738 237 0 0 6 1 0 0 20 0 1 0 922888244 27553792 3403 17179869184 93824994299904 93824996572973 140737488338256 0 0 0 134217728 4 74274 1 0 0 17 28 0 0 0 0 0 93824998874888 93825001005840 93825001308160 140737488340073 140737488340470 140737488340470 140737488351179 0
/proc/1303455/statm: 6727 3403 2098 555 0 1769 0
[pid=1303459] ppid=1303455 vsize=102300 memory=94316 CPUtime=402.16 cores=28-29
/proc/1303459/stat : 1303459 (clingo) R 1303455 1303455 1303413 0 -1 0 33169 0 0 0 40210 6 0 0 20 0 1 0 922888252 104755200 23579 17179869184 93824992301056 93824992468925 140737488338416 0 0 0 134217728 4 25184771 0 0 0 17 28 0 0 0 0 0 93824992533936 93824992571272 93824992575488 140737488340183 140737488340354 140737488340354 140737488351170 0
/proc/1303459/statm: 25575 23579 2091 41 0 21654 0
Current children cumulated CPU time: 402.23 s
Current children cumulated vsize: 129208 KiB
Current children cumulated memory: 107928 KiB

[startup+462.3 s]
/proc/loadavg: 14.17 14.25 12.00 15/817 1303683
/proc/meminfo: memFree=354410856/528004516 swapFree=8388604/8388604
[pid=1303455] ppid=1303454 vsize=26908 memory=13612 CPUtime=0.07 cores=28-29
/proc/1303455/stat : 1303455 (perf) S 1303454 1303455 1303413 0 -1 0 1738 237 0 0 6 1 0 0 20 0 1 0 922888244 27553792 3403 17179869184 93824994299904 93824996572973 140737488338256 0 0 0 134217728 4 74274 1 0 0 17 28 0 0 0 0 0 93824998874888 93825001005840 93825001308160 140737488340073 140737488340470 140737488340470 140737488351179 0
/proc/1303455/statm: 6727 3403 2098 555 0 1769 0
[pid=1303459] ppid=1303455 vsize=109248 memory=101252 CPUtime=462.15 cores=28-29
/proc/1303459/stat : 1303459 (clingo) R 1303455 1303455 1303413 0 -1 0 36589 0 0 0 46209 6 0 0 20 0 1 0 922888252 111869952 25313 17179869184 93824992301056 93824992468925 140737488338416 0 0 0 134217728 4 25184771 0 0 0 17 28 0 0 0 0 0 93824992533936 93824992571272 93824992575488 140737488340183 140737488340354 140737488340354 140737488351170 0
/proc/1303459/statm: 27312 25313 2091 41 0 23391 0
Current children cumulated CPU time: 462.22 s
Current children cumulated vsize: 136156 KiB
Current children cumulated memory: 114864 KiB

[startup+522.3 s]
/proc/loadavg: 14.06 14.20 12.13 15/817 1303684
/proc/meminfo: memFree=353939368/528004516 swapFree=8388604/8388604
[pid=1303455] ppid=1303454 vsize=26908 memory=13612 CPUtime=0.07 cores=28-29
/proc/1303455/stat : 1303455 (perf) S 1303454 1303455 1303413 0 -1 0 1738 237 0 0 6 1 0 0 20 0 1 0 922888244 27553792 3403 17179869184 93824994299904 93824996572973 140737488338256 0 0 0 134217728 4 74274 1 0 0 17 28 0 0 0 0 0 93824998874888 93825001005840 93825001308160 140737488340073 140737488340470 140737488340470 140737488351179 0
/proc/1303455/statm: 6727 3403 2098 555 0 1769 0
[pid=1303459] ppid=1303455 vsize=110868 memory=102852 CPUtime=522.15 cores=28-29
/proc/1303459/stat : 1303459 (clingo) R 1303455 1303455 1303413 0 -1 0 37089 0 0 0 52209 6 0 0 20 0 1 0 922888252 113528832 25713 17179869184 93824992301056 93824992468925 140737488338416 0 0 0 134217728 4 25184771 0 0 0 17 28 0 0 0 0 0 93824992533936 93824992571272 93824992575488 140737488340183 140737488340354 140737488340354 140737488351170 0
/proc/1303459/statm: 27717 25713 2091 41 0 23796 0
Current children cumulated CPU time: 522.22 s
Current children cumulated vsize: 137776 KiB
Current children cumulated memory: 116464 KiB

[startup+582.3 s]
/proc/loadavg: 14.31 14.23 12.27 15/817 1303688
/proc/meminfo: memFree=353103872/528004516 swapFree=8388604/8388604
[pid=1303455] ppid=1303454 vsize=26908 memory=13612 CPUtime=0.07 cores=28-29
/proc/1303455/stat : 1303455 (perf) S 1303454 1303455 1303413 0 -1 0 1738 237 0 0 6 1 0 0 20 0 1 0 922888244 27553792 3403 17179869184 93824994299904 93824996572973 140737488338256 0 0 0 134217728 4 74274 1 0 0 17 28 0 0 0 0 0 93824998874888 93825001005840 93825001308160 140737488340073 140737488340470 140737488340470 140737488351179 0
/proc/1303455/statm: 6727 3403 2098 555 0 1769 0
[pid=1303459] ppid=1303455 vsize=115172 memory=106820 CPUtime=582.16 cores=28-29
/proc/1303459/stat : 1303459 (clingo) R 1303455 1303455 1303413 0 -1 0 38676 0 0 0 58209 7 0 0 20 0 1 0 922888252 117936128 26705 17179869184 93824992301056 93824992468925 140737488338416 0 0 0 134217728 4 25184771 0 0 0 17 28 0 0 0 0 0 93824992533936 93824992571272 93824992575488 140737488340183 140737488340354 140737488340354 140737488351170 0
/proc/1303459/statm: 28793 26705 2091 41 0 24872 0
Current children cumulated CPU time: 582.23 s
Current children cumulated vsize: 142080 KiB
Current children cumulated memory: 120432 KiB

[startup+642.3 s]
/proc/loadavg: 14.33 14.26 12.41 15/818 1303691
/proc/meminfo: memFree=352018796/528004516 swapFree=8388604/8388604
[pid=1303455] ppid=1303454 vsize=26908 memory=13612 CPUtime=0.07 cores=28-29
/proc/1303455/stat : 1303455 (perf) S 1303454 1303455 1303413 0 -1 0 1738 237 0 0 6 1 0 0 20 0 1 0 922888244 27553792 3403 17179869184 93824994299904 93824996572973 140737488338256 0 0 0 134217728 4 74274 1 0 0 17 28 0 0 0 0 0 93824998874888 93825001005840 93825001308160 140737488340073 140737488340470 140737488340470 140737488351179 0
/proc/1303455/statm: 6727 3403 2098 555 0 1769 0
[pid=1303459] ppid=1303455 vsize=117572 memory=109444 CPUtime=642.16 cores=28-29
/proc/1303459/stat : 1303459 (clingo) R 1303455 1303455 1303413 0 -1 0 40455 0 0 0 64208 8 0 0 20 0 1 0 922888252 120393728 27361 17179869184 93824992301056 93824992468925 140737488338416 0 0 0 134217728 4 25184771 0 0 0 17 28 0 0 0 0 0 93824992533936 93824992571272 93824992575488 140737488340183 140737488340354 140737488340354 140737488351170 0
/proc/1303459/statm: 29393 27361 2091 41 0 25472 0
Current children cumulated CPU time: 642.23 s
Current children cumulated vsize: 144480 KiB
Current children cumulated memory: 123056 KiB

[startup+702.3 s]
/proc/loadavg: 14.12 14.21 12.51 15/818 1303692
/proc/meminfo: memFree=350921836/528004516 swapFree=8388604/8388604
[pid=1303455] ppid=1303454 vsize=26908 memory=13612 CPUtime=0.07 cores=28-29
/proc/1303455/stat : 1303455 (perf) S 1303454 1303455 1303413 0 -1 0 1738 237 0 0 6 1 0 0 20 0 1 0 922888244 27553792 3403 17179869184 93824994299904 93824996572973 140737488338256 0 0 0 134217728 4 74274 1 0 0 17 28 0 0 0 0 0 93824998874888 93825001005840 93825001308160 140737488340073 140737488340470 140737488340470 140737488351179 0
/proc/1303455/statm: 6727 3403 2098 555 0 1769 0
[pid=1303459] ppid=1303455 vsize=124584 memory=116228 CPUtime=702.15 cores=28-29
/proc/1303459/stat : 1303459 (clingo) R 1303455 1303455 1303413 0 -1 0 44067 0 0 0 70207 8 0 0 20 0 1 0 922888252 127574016 29057 17179869184 93824992301056 93824992468925 140737488338416 0 0 0 134217728 4 25184771 0 0 0 17 28 0 0 0 0 0 93824992533936 93824992571272 93824992575488 140737488340183 140737488340354 140737488340354 140737488351170 0
/proc/1303459/statm: 31146 29057 2091 41 0 27225 0
Current children cumulated CPU time: 702.22 s
Current children cumulated vsize: 151492 KiB
Current children cumulated memory: 129840 KiB

[startup+762.3 s]
/proc/loadavg: 14.04 14.17 12.60 15/818 1303693
/proc/meminfo: memFree=349832456/528004516 swapFree=8388604/8388604
[pid=1303455] ppid=1303454 vsize=26908 memory=13612 CPUtime=0.07 cores=28-29
/proc/1303455/stat : 1303455 (perf) S 1303454 1303455 1303413 0 -1 0 1738 237 0 0 6 1 0 0 20 0 1 0 922888244 27553792 3403 17179869184 93824994299904 93824996572973 140737488338256 0 0 0 134217728 4 74274 1 0 0 17 28 0 0 0 0 0 93824998874888 93825001005840 93825001308160 140737488340073 140737488340470 140737488340470 140737488351179 0
/proc/1303455/statm: 6727 3403 2098 555 0 1769 0
[pid=1303459] ppid=1303455 vsize=125872 memory=117520 CPUtime=762.15 cores=28-29
/proc/1303459/stat : 1303459 (clingo) R 1303455 1303455 1303413 0 -1 0 46131 0 0 0 76207 8 0 0 20 0 1 0 922888252 128892928 29380 17179869184 93824992301056 93824992468925 140737488338416 0 0 0 134217728 4 25184771 0 0 0 17 28 0 0 0 0 0 93824992533936 93824992571272 93824992575488 140737488340183 140737488340354 140737488340354 140737488351170 0
/proc/1303459/statm: 31468 29380 2091 41 0 27547 0
Current children cumulated CPU time: 762.22 s
Current children cumulated vsize: 152780 KiB
Current children cumulated memory: 131132 KiB

[startup+822.3 s]
/proc/loadavg: 14.28 14.21 12.72 15/818 1303695
/proc/meminfo: memFree=348780112/528004516 swapFree=8388604/8388604
[pid=1303455] ppid=1303454 vsize=26908 memory=13612 CPUtime=0.07 cores=28-29
/proc/1303455/stat : 1303455 (perf) S 1303454 1303455 1303413 0 -1 0 1738 237 0 0 6 1 0 0 20 0 1 0 922888244 27553792 3403 17179869184 93824994299904 93824996572973 140737488338256 0 0 0 134217728 4 74274 1 0 0 17 28 0 0 0 0 0 93824998874888 93825001005840 93825001308160 140737488340073 140737488340470 140737488340470 140737488351179 0
/proc/1303455/statm: 6727 3403 2098 555 0 1769 0
[pid=1303459] ppid=1303455 vsize=131636 memory=123144 CPUtime=822.16 cores=28-29
/proc/1303459/stat : 1303459 (clingo) R 1303455 1303455 1303413 0 -1 0 49342 0 0 0 82207 9 0 0 20 0 1 0 922888252 134795264 30786 17179869184 93824992301056 93824992468925 140737488338416 0 0 0 134217728 4 25184771 0 0 0 17 28 0 0 0 0 0 93824992533936 93824992571272 93824992575488 140737488340183 140737488340354 140737488340354 140737488351170 0
/proc/1303459/statm: 32909 30786 2091 41 0 28988 0
Current children cumulated CPU time: 822.23 s
Current children cumulated vsize: 158544 KiB
Current children cumulated memory: 136756 KiB

[startup+882.3 s]
/proc/loadavg: 14.10 14.17 12.80 15/818 1303697
/proc/meminfo: memFree=347940968/528004516 swapFree=8388604/8388604
[pid=1303455] ppid=1303454 vsize=26908 memory=13612 CPUtime=0.07 cores=28-29
/proc/1303455/stat : 1303455 (perf) S 1303454 1303455 1303413 0 -1 0 1738 237 0 0 6 1 0 0 20 0 1 0 922888244 27553792 3403 17179869184 93824994299904 93824996572973 140737488338256 0 0 0 134217728 4 74274 1 0 0 17 28 0 0 0 0 0 93824998874888 93825001005840 93825001308160 140737488340073 140737488340470 140737488340470 140737488351179 0
/proc/1303455/statm: 6727 3403 2098 555 0 1769 0
[pid=1303459] ppid=1303455 vsize=133220 memory=124460 CPUtime=882.16 cores=28-29
/proc/1303459/stat : 1303459 (clingo) R 1303455 1303455 1303413 0 -1 0 50157 0 0 0 88207 9 0 0 20 0 1 0 922888252 136417280 31115 17179869184 93824992301056 93824992468925 140737488338416 0 0 0 134217728 4 25184771 0 0 0 17 28 0 0 0 0 0 93824992533936 93824992571272 93824992575488 140737488340183 140737488340354 140737488340354 140737488351170 0
/proc/1303459/statm: 33305 31115 2091 41 0 29384 0
Current children cumulated CPU time: 882.23 s
Current children cumulated vsize: 160128 KiB
Current children cumulated memory: 138072 KiB

[startup+942.3 s]
/proc/loadavg: 14.04 14.14 12.88 15/818 1303698
/proc/meminfo: memFree=347470484/528004516 swapFree=8388604/8388604
[pid=1303455] ppid=1303454 vsize=26908 memory=13612 CPUtime=0.07 cores=28-29
/proc/1303455/stat : 1303455 (perf) S 1303454 1303455 1303413 0 -1 0 1738 237 0 0 6 1 0 0 20 0 1 0 922888244 27553792 3403 17179869184 93824994299904 93824996572973 140737488338256 0 0 0 134217728 4 74274 1 0 0 17 28 0 0 0 0 0 93824998874888 93825001005840 93825001308160 140737488340073 140737488340470 140737488340470 140737488351179 0
/proc/1303455/statm: 6727 3403 2098 555 0 1769 0
[pid=1303459] ppid=1303455 vsize=135036 memory=126508 CPUtime=942.16 cores=28-29
/proc/1303459/stat : 1303459 (clingo) R 1303455 1303455 1303413 0 -1 0 51644 0 0 0 94207 9 0 0 20 0 1 0 922888252 138276864 31627 17179869184 93824992301056 93824992468925 140737488338416 0 0 0 134217728 4 25184771 0 0 0 17 28 0 0 0 0 0 93824992533936 93824992571272 93824992575488 140737488340183 140737488340354 140737488340354 140737488351170 0
/proc/1303459/statm: 33759 31627 2091 41 0 29838 0
Current children cumulated CPU time: 942.23 s
Current children cumulated vsize: 161944 KiB
Current children cumulated memory: 140120 KiB

[startup+1002.3 s]
/proc/loadavg: 14.98 14.34 13.03 15/817 1303700
/proc/meminfo: memFree=347254204/528004516 swapFree=8388604/8388604
[pid=1303455] ppid=1303454 vsize=26908 memory=13612 CPUtime=0.07 cores=28-29
/proc/1303455/stat : 1303455 (perf) S 1303454 1303455 1303413 0 -1 0 1738 237 0 0 6 1 0 0 20 0 1 0 922888244 27553792 3403 17179869184 93824994299904 93824996572973 140737488338256 0 0 0 134217728 4 74274 1 0 0 17 28 0 0 0 0 0 93824998874888 93825001005840 93825001308160 140737488340073 140737488340470 140737488340470 140737488351179 0
/proc/1303455/statm: 6727 3403 2098 555 0 1769 0
[pid=1303459] ppid=1303455 vsize=137216 memory=128696 CPUtime=1002.16 cores=28-29
/proc/1303459/stat : 1303459 (clingo) R 1303455 1303455 1303413 0 -1 0 52735 0 0 0 100207 9 0 0 20 0 1 0 922888252 140509184 32174 17179869184 93824992301056 93824992468925 140737488338416 0 0 0 134217728 4 25184771 0 0 0 17 28 0 0 0 0 0 93824992533936 93824992571272 93824992575488 140737488340183 140737488340354 140737488340354 140737488351170 0
/proc/1303459/statm: 34304 32174 2091 41 0 30383 0
Current children cumulated CPU time: 1002.23 s
Current children cumulated vsize: 164124 KiB
Current children cumulated memory: 142308 KiB

[startup+1062.3 s]
/proc/loadavg: 14.60 14.36 13.12 15/817 1303703
/proc/meminfo: memFree=347085152/528004516 swapFree=8388604/8388604
[pid=1303455] ppid=1303454 vsize=26908 memory=13612 CPUtime=0.07 cores=28-29
/proc/1303455/stat : 1303455 (perf) S 1303454 1303455 1303413 0 -1 0 1738 237 0 0 6 1 0 0 20 0 1 0 922888244 27553792 3403 17179869184 93824994299904 93824996572973 140737488338256 0 0 0 134217728 4 74274 1 0 0 17 28 0 0 0 0 0 93824998874888 93825001005840 93825001308160 140737488340073 140737488340470 140737488340470 140737488351179 0
/proc/1303455/statm: 6727 3403 2098 555 0 1769 0
[pid=1303459] ppid=1303455 vsize=137648 memory=129100 CPUtime=1062.16 cores=28-29
/proc/1303459/stat : 1303459 (clingo) R 1303455 1303455 1303413 0 -1 0 54032 0 0 0 106207 9 0 0 20 0 1 0 922888252 140951552 32275 17179869184 93824992301056 93824992468925 140737488338416 0 0 0 134217728 4 25184771 0 0 0 17 28 0 0 0 0 0 93824992533936 93824992571272 93824992575488 140737488340183 140737488340354 140737488340354 140737488351170 0
/proc/1303459/statm: 34412 32275 2091 41 0 30491 0
Current children cumulated CPU time: 1062.23 s
Current children cumulated vsize: 164556 KiB
Current children cumulated memory: 142712 KiB

[startup+1122.3 s]
/proc/loadavg: 14.22 14.29 13.18 15/818 1303707
/proc/meminfo: memFree=346886316/528004516 swapFree=8388604/8388604
[pid=1303455] ppid=1303454 vsize=26908 memory=13612 CPUtime=0.07 cores=28-29
/proc/1303455/stat : 1303455 (perf) S 1303454 1303455 1303413 0 -1 0 1738 237 0 0 6 1 0 0 20 0 1 0 922888244 27553792 3403 17179869184 93824994299904 93824996572973 140737488338256 0 0 0 134217728 4 74274 1 0 0 17 28 0 0 0 0 0 93824998874888 93825001005840 93825001308160 140737488340073 140737488340470 140737488340470 140737488351179 0
/proc/1303455/statm: 6727 3403 2098 555 0 1769 0
[pid=1303459] ppid=1303455 vsize=139724 memory=130772 CPUtime=1122.16 cores=28-29
/proc/1303459/stat : 1303459 (clingo) R 1303455 1303455 1303413 0 -1 0 54548 0 0 0 112207 9 0 0 20 0 1 0 922888252 143077376 32693 17179869184 93824992301056 93824992468925 140737488338416 0 0 0 134217728 4 25184771 0 0 0 17 28 0 0 0 0 0 93824992533936 93824992571272 93824992575488 140737488340183 140737488340354 140737488340354 140737488351170 0
/proc/1303459/statm: 34931 32693 2091 41 0 31010 0
Current children cumulated CPU time: 1122.23 s
Current children cumulated vsize: 166632 KiB
Current children cumulated memory: 144384 KiB

[startup+1182.3 s]
/proc/loadavg: 14.08 14.24 13.23 15/818 1303708
/proc/meminfo: memFree=346653216/528004516 swapFree=8388604/8388604
[pid=1303455] ppid=1303454 vsize=26908 memory=13612 CPUtime=0.07 cores=28-29
/proc/1303455/stat : 1303455 (perf) S 1303454 1303455 1303413 0 -1 0 1738 237 0 0 6 1 0 0 20 0 1 0 922888244 27553792 3403 17179869184 93824994299904 93824996572973 140737488338256 0 0 0 134217728 4 74274 1 0 0 17 28 0 0 0 0 0 93824998874888 93825001005840 93825001308160 140737488340073 140737488340470 140737488340470 140737488351179 0
/proc/1303455/statm: 6727 3403 2098 555 0 1769 0
[pid=1303459] ppid=1303455 vsize=145392 memory=136444 CPUtime=1182.16 cores=28-29
/proc/1303459/stat : 1303459 (clingo) R 1303455 1303455 1303413 0 -1 0 56017 0 0 0 118206 10 0 0 20 0 1 0 922888252 148881408 34111 17179869184 93824992301056 93824992468925 140737488338416 0 0 0 134217728 4 25184771 0 0 0 17 28 0 0 0 0 0 93824992533936 93824992571272 93824992575488 140737488340183 140737488340354 140737488340354 140737488351170 0
/proc/1303459/statm: 36348 34111 2091 41 0 32427 0
Current children cumulated CPU time: 1182.23 s
Current children cumulated vsize: 172300 KiB
Current children cumulated memory: 150056 KiB



Maximum wall clock time exceeded: sending SIGTERM then SIGKILL

[startup+1205 s]*
/proc/loadavg: 14.06 14.22 13.26 15/836 1305490
/proc/meminfo: memFree=365625628/528004516 swapFree=8388604/8388604
[pid=1303455] ppid=1303454 vsize=26908 memory=13612 CPUtime=0.07 cores=28-29
/proc/1303455/stat : 1303455 (perf) S 1303454 1303455 1303413 0 -1 0 1738 237 0 0 6 1 0 0 20 0 1 0 922888244 27553792 3403 17179869184 93824994299904 93824996572973 140737488338256 0 0 0 134217728 4 74274 1 0 0 17 28 0 0 0 0 0 93824998874888 93825001005840 93825001308160 140737488340073 140737488340470 140737488340470 140737488351179 0
/proc/1303455/statm: 6727 3403 2098 555 0 1769 0
[pid=1303459] ppid=1303455 vsize=147680 memory=138424 CPUtime=1204.87 cores=28-29
/proc/1303459/stat : 1303459 (clingo) R 1303455 1303455 1303413 0 -1 0 56702 0 0 0 120477 10 0 0 20 0 1 0 922888252 151224320 34606 17179869184 93824992301056 93824992468925 140737488338416 0 0 0 134217728 4 25184771 0 0 0 17 28 0 0 0 0 0 93824992533936 93824992571272 93824992575488 140737488340183 140737488340354 140737488340354 140737488351170 0
/proc/1303459/statm: 36920 34606 2091 41 0 32999 0
Current children cumulated CPU time: 1204.94 s
Current children cumulated vsize: 174588 KiB
Current children cumulated memory: 152036 KiB

Sending SIGINT to process tree (bottom up)
Sleeping 5 seconds

[startup+1205.03 s]
# the end of solver process 1303455 was just reported to runsolver
# cumulated CPU time of all completed processes:  user=1204.85 s, system=0.118766 s

Solver just ended.
??? end of watcher thread
Dumping a history of the last processes samples

Child status: 1
Real time (s): 1205.03
CPU time (s): 1204.97
CPU user time (s): 1204.85
CPU system time (s): 0.118766
CPU usage (%): 99.9952
Max. virtual memory (cumulated for all children) (KiB): 174588
Max. memory (cumulated for all children) (KiB): 152036

getrusage(RUSAGE_CHILDREN,...) data:
user time used= 1204.85
system time used= 0.118766
maximum resident set size= 138584
integral shared memory size= 0
integral unshared data size= 0
integral unshared stack size= 0
page reclaims= 58717
page faults= 0
swaps= 0
block input operations= 0
block output operations= 0
messages sent= 0
messages received= 0
signals received= 0
voluntary context switches= 15
involuntary context switches= 722


# summary of solver processes directly reported to runsolver:
#   pid: 1303455
#   total CPU time (s): 1204.97
#   total CPU user time (s): 1204.85
#   total CPU system time (s): 0.118766

??? end of timestamper thread
runsolver used 9.04341 second user time and 14.6433 second system time

The end
