runsolver version 3.4.0 (svn: 3018) Copyright (C) 2010-2013 Olivier ROUSSEL

This program is distributed in the hope that it will be useful,
but WITHOUT ANY WARRANTY; without even the implied warranty of
MERCHANTABILITY or FITNESS FOR A PARTICULAR PURPOSE.  See the
GNU General Public License for more details.

NUMA information:
  number of nodes: 2
  memory of node 0: 257634 MiB (187184 MiB free)
  memory of node 1: 257994 MiB (187428 MiB free)
  node distances:
     10  20
     20  10

command line: /dev/shm/3769be8a-2e81-11f1-ac62-000c298f4621/input/runsolver -w /dev/shm/3769be8a-2e81-11f1-ac62-000c298f4621/output/runsolver.log -v /dev/shm/3769be8a-2e81-11f1-ac62-000c298f4621/output/varfile.log -W 1205 --rss-swap-limit 16384 -d 5 --sigint /usr/bin/perf stat -B -e task-clock,cache-references,cache-misses,cycles,instructions,branches,faults,migrations,context-switches -o /dev/shm/3769be8a-2e81-11f1-ac62-000c298f4621/output/perf.log clingo /home/guests/mmacri/AMOSUM/benchmarks/GraphColouring/encoding-plain-amo.asp /dev/shm/3769be8a-2e81-11f1-ac62-000c298f4621/input/0033-graph_colouring-140-0_2688.asp 

running on 2 cores: 4-5

Enforcing wall clock limit (soft limit, will send SIGTERM then SIGKILL): 1205 seconds
Enforcing RSS+Swap limit (soft limit, will send SIGTERM then SIGKILL): 16777216 KiB
Linux 5.15.0-131-generic
Current StackSize limit: 8192 KiB

solver pid=386141, runsolver pid=386140

[startup+0.100069 s]*
/proc/loadavg: 14.36 14.34 13.28 16/819 386166
/proc/meminfo: memFree=383593612/528004324 swapFree=8388604/8388604
[pid=386141] ppid=386140 vsize=26908 memory=13612 CPUtime=0.06 cores=4-5
/proc/386141/stat : 386141 (perf) S 386140 386141 386012 0 -1 0 1738 237 0 0 5 1 0 0 20 0 1 0 923013508 27553792 3403 17179869184 93824994299904 93824996572973 140737488338256 0 0 0 134217728 4 74274 1 0 0 17 4 0 0 0 0 0 93824998874888 93825001005840 93825001308160 140737488340074 140737488340471 140737488340471 140737488351179 0
/proc/386141/statm: 6727 3403 2098 555 0 1769 0
[pid=386154] ppid=386141 vsize=18880 memory=10728 CPUtime=0.01 cores=4-5
/proc/386154/stat : 386154 (clingo) R 386141 386141 386012 0 -1 0 852 0 0 0 1 0 0 0 20 0 1 0 923013515 19333120 2682 17179869184 93824992301056 93824992468925 140737488338416 0 0 0 134217728 4 25184771 0 0 0 17 5 0 0 0 0 0 93824992533936 93824992571272 93824992575488 140737488340184 140737488340355 140737488340355 140737488351170 0
/proc/386154/statm: 4720 2682 2042 41 0 799 0
Current children cumulated CPU time: 0.07 s
Current children cumulated vsize: 45788 KiB
Current children cumulated memory: 24340 KiB

[startup+0.218208 s]*
/proc/loadavg: 14.36 14.34 13.28 16/822 386232
/proc/meminfo: memFree=383604624/528004324 swapFree=8388604/8388604
[pid=386141] ppid=386140 vsize=26908 memory=13612 CPUtime=0.06 cores=4-5
/proc/386141/stat : 386141 (perf) S 386140 386141 386012 0 -1 0 1738 237 0 0 5 1 0 0 20 0 1 0 923013508 27553792 3403 17179869184 93824994299904 93824996572973 140737488338256 0 0 0 134217728 4 74274 1 0 0 17 4 0 0 0 0 0 93824998874888 93825001005840 93825001308160 140737488340074 140737488340471 140737488340471 140737488351179 0
/proc/386141/statm: 6727 3403 2098 555 0 1769 0
[pid=386154] ppid=386141 vsize=26232 memory=18288 CPUtime=0.13 cores=4-5
/proc/386154/stat : 386154 (clingo) R 386141 386141 386012 0 -1 0 2752 0 0 0 13 0 0 0 20 0 1 0 923013515 26861568 4572 17179869184 93824992301056 93824992468925 140737488338416 0 0 0 134217728 4 25184771 0 0 0 17 5 0 0 0 0 0 93824992533936 93824992571272 93824992575488 140737488340184 140737488340355 140737488340355 140737488351170 0
/proc/386154/statm: 6558 4572 2088 41 0 2637 0
Current children cumulated CPU time: 0.19 s
Current children cumulated vsize: 53140 KiB
Current children cumulated memory: 31900 KiB

[startup+0.334572 s]*
/proc/loadavg: 14.36 14.34 13.28 14/830 386251
/proc/meminfo: memFree=383595680/528004324 swapFree=8388604/8388604
[pid=386141] ppid=386140 vsize=26908 memory=13612 CPUtime=0.06 cores=4-5
/proc/386141/stat : 386141 (perf) S 386140 386141 386012 0 -1 0 1738 237 0 0 5 1 0 0 20 0 1 0 923013508 27553792 3403 17179869184 93824994299904 93824996572973 140737488338256 0 0 0 134217728 4 74274 1 0 0 17 4 0 0 0 0 0 93824998874888 93825001005840 93825001308160 140737488340074 140737488340471 140737488340471 140737488351179 0
/proc/386141/statm: 6727 3403 2098 555 0 1769 0
[pid=386154] ppid=386141 vsize=28212 memory=20136 CPUtime=0.23 cores=4-5
/proc/386154/stat : 386154 (clingo) R 386141 386141 386012 0 -1 0 3240 0 0 0 23 0 0 0 20 0 1 0 923013515 28889088 5034 17179869184 93824992301056 93824992468925 140737488338416 0 0 0 134217728 4 25184771 0 0 0 17 5 0 0 0 0 0 93824992533936 93824992571272 93824992575488 140737488340184 140737488340355 140737488340355 140737488351170 0
/proc/386154/statm: 7053 5034 2088 41 0 3132 0
Current children cumulated CPU time: 0.29 s
Current children cumulated vsize: 55120 KiB
Current children cumulated memory: 33748 KiB

[startup+0.700332 s]
/proc/loadavg: 14.36 14.34 13.28 16/836 386292
/proc/meminfo: memFree=383589784/528004324 swapFree=8388604/8388604
[pid=386141] ppid=386140 vsize=26908 memory=13612 CPUtime=0.06 cores=4-5
/proc/386141/stat : 386141 (perf) S 386140 386141 386012 0 -1 0 1738 237 0 0 5 1 0 0 20 0 1 0 923013508 27553792 3403 17179869184 93824994299904 93824996572973 140737488338256 0 0 0 134217728 4 74274 1 0 0 17 4 0 0 0 0 0 93824998874888 93825001005840 93825001308160 140737488340074 140737488340471 140737488340471 140737488351179 0
/proc/386141/statm: 6727 3403 2098 555 0 1769 0
[pid=386154] ppid=386141 vsize=30876 memory=22776 CPUtime=0.52 cores=4-5
/proc/386154/stat : 386154 (clingo) R 386141 386141 386012 0 -1 0 3924 0 0 0 52 0 0 0 20 0 1 0 923013515 31617024 5694 17179869184 93824992301056 93824992468925 140737488338416 0 0 0 134217728 4 25184771 0 0 0 17 5 0 0 0 0 0 93824992533936 93824992571272 93824992575488 140737488340184 140737488340355 140737488340355 140737488351170 0
/proc/386154/statm: 7719 5694 2088 41 0 3798 0
Current children cumulated CPU time: 0.58 s
Current children cumulated vsize: 57784 KiB
Current children cumulated memory: 36388 KiB

[startup+1.50032 s]
/proc/loadavg: 14.33 14.34 13.28 17/837 386293
/proc/meminfo: memFree=383572756/528004324 swapFree=8388604/8388604
[pid=386141] ppid=386140 vsize=26908 memory=13612 CPUtime=0.06 cores=4-5
/proc/386141/stat : 386141 (perf) S 386140 386141 386012 0 -1 0 1738 237 0 0 5 1 0 0 20 0 1 0 923013508 27553792 3403 17179869184 93824994299904 93824996572973 140737488338256 0 0 0 134217728 4 74274 1 0 0 17 4 0 0 0 0 0 93824998874888 93825001005840 93825001308160 140737488340074 140737488340471 140737488340471 140737488351179 0
/proc/386141/statm: 6727 3403 2098 555 0 1769 0
[pid=386154] ppid=386141 vsize=35408 memory=27264 CPUtime=1.3 cores=4-5
/proc/386154/stat : 386154 (clingo) R 386141 386141 386012 0 -1 0 5054 0 0 0 130 0 0 0 20 0 1 0 923013515 36257792 6816 17179869184 93824992301056 93824992468925 140737488338416 0 0 0 134217728 4 25184771 0 0 0 17 5 0 0 0 0 0 93824992533936 93824992571272 93824992575488 140737488340184 140737488340355 140737488340355 140737488351170 0
/proc/386154/statm: 8852 6816 2088 41 0 4931 0
Current children cumulated CPU time: 1.36 s
Current children cumulated vsize: 62316 KiB
Current children cumulated memory: 40876 KiB

[startup+3.1185 s]
/proc/loadavg: 14.33 14.34 13.28 16/837 386499
/proc/meminfo: memFree=383639612/528004324 swapFree=8388604/8388604
[pid=386141] ppid=386140 vsize=26908 memory=13612 CPUtime=0.06 cores=4-5
/proc/386141/stat : 386141 (perf) S 386140 386141 386012 0 -1 0 1738 237 0 0 5 1 0 0 20 0 1 0 923013508 27553792 3403 17179869184 93824994299904 93824996572973 140737488338256 0 0 0 134217728 4 74274 1 0 0 17 4 0 0 0 0 0 93824998874888 93825001005840 93825001308160 140737488340074 140737488340471 140737488340471 140737488351179 0
/proc/386141/statm: 6727 3403 2098 555 0 1769 0
[pid=386154] ppid=386141 vsize=37140 memory=29112 CPUtime=2.9 cores=4-5
/proc/386154/stat : 386154 (clingo) R 386141 386141 386012 0 -1 0 5474 0 0 0 290 0 0 0 20 0 1 0 923013515 38031360 7278 17179869184 93824992301056 93824992468925 140737488338416 0 0 0 134217728 4 25184771 0 0 0 17 4 0 0 0 0 0 93824992533936 93824992571272 93824992575488 140737488340184 140737488340355 140737488340355 140737488351170 0
/proc/386154/statm: 9285 7278 2088 41 0 5364 0
Current children cumulated CPU time: 2.96 s
Current children cumulated vsize: 64048 KiB
Current children cumulated memory: 42724 KiB

[startup+6.30028 s]
/proc/loadavg: 14.31 14.33 13.29 16/837 386499
/proc/meminfo: memFree=383593912/528004324 swapFree=8388604/8388604
[pid=386141] ppid=386140 vsize=26908 memory=13612 CPUtime=0.06 cores=4-5
/proc/386141/stat : 386141 (perf) S 386140 386141 386012 0 -1 0 1738 237 0 0 5 1 0 0 20 0 1 0 923013508 27553792 3403 17179869184 93824994299904 93824996572973 140737488338256 0 0 0 134217728 4 74274 1 0 0 17 4 0 0 0 0 0 93824998874888 93825001005840 93825001308160 140737488340074 140737488340471 140737488340471 140737488351179 0
/proc/386141/statm: 6727 3403 2098 555 0 1769 0
[pid=386154] ppid=386141 vsize=40128 memory=32032 CPUtime=6.07 cores=4-5
/proc/386154/stat : 386154 (clingo) R 386141 386141 386012 0 -1 0 6361 0 0 0 607 0 0 0 20 0 1 0 923013515 41091072 8008 17179869184 93824992301056 93824992468925 140737488338416 0 0 0 134217728 4 25184771 0 0 0 17 4 0 0 0 0 0 93824992533936 93824992571272 93824992575488 140737488340184 140737488340355 140737488340355 140737488351170 0
/proc/386154/statm: 10032 8008 2088 41 0 6111 0
Current children cumulated CPU time: 6.13 s
Current children cumulated vsize: 67036 KiB
Current children cumulated memory: 45644 KiB

[startup+12.7003 s]
/proc/loadavg: 14.28 14.33 13.29 16/822 386513
/proc/meminfo: memFree=383594840/528004324 swapFree=8388604/8388604
[pid=386141] ppid=386140 vsize=26908 memory=13612 CPUtime=0.06 cores=4-5
/proc/386141/stat : 386141 (perf) S 386140 386141 386012 0 -1 0 1738 237 0 0 5 1 0 0 20 0 1 0 923013508 27553792 3403 17179869184 93824994299904 93824996572973 140737488338256 0 0 0 134217728 4 74274 1 0 0 17 4 0 0 0 0 0 93824998874888 93825001005840 93825001308160 140737488340074 140737488340471 140737488340471 140737488351179 0
/proc/386141/statm: 6727 3403 2098 555 0 1769 0
[pid=386154] ppid=386141 vsize=47632 memory=39372 CPUtime=12.47 cores=4-5
/proc/386154/stat : 386154 (clingo) R 386141 386141 386012 0 -1 0 8425 0 0 0 1247 0 0 0 20 0 1 0 923013515 48775168 9843 17179869184 93824992301056 93824992468925 140737488338416 0 0 0 134217728 4 25184771 0 0 0 17 4 0 0 0 0 0 93824992533936 93824992571272 93824992575488 140737488340184 140737488340355 140737488340355 140737488351170 0
/proc/386154/statm: 11908 9843 2088 41 0 7987 0
Current children cumulated CPU time: 12.53 s
Current children cumulated vsize: 74540 KiB
Current children cumulated memory: 52984 KiB

[startup+25.5003 s]
/proc/loadavg: 14.24 14.31 13.30 16/837 386603
/proc/meminfo: memFree=383519548/528004324 swapFree=8388604/8388604
[pid=386141] ppid=386140 vsize=26908 memory=13612 CPUtime=0.06 cores=4-5
/proc/386141/stat : 386141 (perf) S 386140 386141 386012 0 -1 0 1738 237 0 0 5 1 0 0 20 0 1 0 923013508 27553792 3403 17179869184 93824994299904 93824996572973 140737488338256 0 0 0 134217728 4 74274 1 0 0 17 4 0 0 0 0 0 93824998874888 93825001005840 93825001308160 140737488340074 140737488340471 140737488340471 140737488351179 0
/proc/386141/statm: 6727 3403 2098 555 0 1769 0
[pid=386154] ppid=386141 vsize=55620 memory=47472 CPUtime=25.27 cores=4-5
/proc/386154/stat : 386154 (clingo) R 386141 386141 386012 0 -1 0 11325 0 0 0 2526 1 0 0 20 0 1 0 923013515 56954880 11868 17179869184 93824992301056 93824992468925 140737488338416 0 0 0 134217728 4 25184771 0 0 0 17 4 0 0 0 0 0 93824992533936 93824992571272 93824992575488 140737488340184 140737488340355 140737488340355 140737488351170 0
/proc/386154/statm: 13905 11868 2088 41 0 9984 0
Current children cumulated CPU time: 25.33 s
Current children cumulated vsize: 82528 KiB
Current children cumulated memory: 61084 KiB

[startup+51.1192 s]
/proc/loadavg: 14.50 14.37 13.34 16/837 386604
/proc/meminfo: memFree=383412368/528004324 swapFree=8388604/8388604
[pid=386141] ppid=386140 vsize=26908 memory=13612 CPUtime=0.06 cores=4-5
/proc/386141/stat : 386141 (perf) S 386140 386141 386012 0 -1 0 1738 237 0 0 5 1 0 0 20 0 1 0 923013508 27553792 3403 17179869184 93824994299904 93824996572973 140737488338256 0 0 0 134217728 4 74274 1 0 0 17 4 0 0 0 0 0 93824998874888 93825001005840 93825001308160 140737488340074 140737488340471 140737488340471 140737488351179 0
/proc/386141/statm: 6727 3403 2098 555 0 1769 0
[pid=386154] ppid=386141 vsize=64148 memory=56100 CPUtime=50.9 cores=4-5
/proc/386154/stat : 386154 (clingo) R 386141 386141 386012 0 -1 0 14802 0 0 0 5088 2 0 0 20 0 1 0 923013515 65687552 14025 17179869184 93824992301056 93824992468925 140737488338416 0 0 0 134217728 4 25184771 0 0 0 17 4 0 0 0 0 0 93824992533936 93824992571272 93824992575488 140737488340184 140737488340355 140737488340355 140737488351170 0
/proc/386154/statm: 16037 14025 2088 41 0 12116 0
Current children cumulated CPU time: 50.96 s
Current children cumulated vsize: 91056 KiB
Current children cumulated memory: 69712 KiB

[startup+102.3 s]
/proc/loadavg: 14.61 14.40 13.42 16/839 386652
/proc/meminfo: memFree=383264816/528004324 swapFree=8388604/8388604
[pid=386141] ppid=386140 vsize=26908 memory=13612 CPUtime=0.06 cores=4-5
/proc/386141/stat : 386141 (perf) S 386140 386141 386012 0 -1 0 1738 237 0 0 5 1 0 0 20 0 1 0 923013508 27553792 3403 17179869184 93824994299904 93824996572973 140737488338256 0 0 0 134217728 4 74274 1 0 0 17 4 0 0 0 0 0 93824998874888 93825001005840 93825001308160 140737488340074 140737488340471 140737488340471 140737488351179 0
/proc/386141/statm: 6727 3403 2098 555 0 1769 0
[pid=386154] ppid=386141 vsize=75124 memory=66988 CPUtime=102.08 cores=4-5
/proc/386154/stat : 386154 (clingo) R 386141 386141 386012 0 -1 0 19512 0 0 0 10205 3 0 0 20 0 1 0 923013515 76926976 16747 17179869184 93824992301056 93824992468925 140737488338416 0 0 0 134217728 4 25184771 0 0 0 17 4 0 0 0 0 0 93824992533936 93824992571272 93824992575488 140737488340184 140737488340355 140737488340355 140737488351170 0
/proc/386154/statm: 18781 16747 2088 41 0 14860 0
Current children cumulated CPU time: 102.14 s
Current children cumulated vsize: 102032 KiB
Current children cumulated memory: 80600 KiB

[startup+162.3 s]
/proc/loadavg: 14.39 14.40 13.48 16/839 386655
/proc/meminfo: memFree=383140080/528004324 swapFree=8388604/8388604
[pid=386141] ppid=386140 vsize=26908 memory=13612 CPUtime=0.06 cores=4-5
/proc/386141/stat : 386141 (perf) S 386140 386141 386012 0 -1 0 1738 237 0 0 5 1 0 0 20 0 1 0 923013508 27553792 3403 17179869184 93824994299904 93824996572973 140737488338256 0 0 0 134217728 4 74274 1 0 0 17 4 0 0 0 0 0 93824998874888 93825001005840 93825001308160 140737488340074 140737488340471 140737488340471 140737488351179 0
/proc/386141/statm: 6727 3403 2098 555 0 1769 0
[pid=386154] ppid=386141 vsize=83444 memory=75288 CPUtime=162.07 cores=4-5
/proc/386154/stat : 386154 (clingo) R 386141 386141 386012 0 -1 0 23721 0 0 0 16202 5 0 0 20 0 1 0 923013515 85446656 18822 17179869184 93824992301056 93824992468925 140737488338416 0 0 0 134217728 4 25184771 0 0 0 17 4 0 0 0 0 0 93824992533936 93824992571272 93824992575488 140737488340184 140737488340355 140737488340355 140737488351170 0
/proc/386154/statm: 20861 18822 2088 41 0 16940 0
Current children cumulated CPU time: 162.13 s
Current children cumulated vsize: 110352 KiB
Current children cumulated memory: 88900 KiB

[startup+222.3 s]
/proc/loadavg: 14.14 14.32 13.52 16/839 386658
/proc/meminfo: memFree=383039312/528004324 swapFree=8388604/8388604
[pid=386141] ppid=386140 vsize=26908 memory=13612 CPUtime=0.06 cores=4-5
/proc/386141/stat : 386141 (perf) S 386140 386141 386012 0 -1 0 1738 237 0 0 5 1 0 0 20 0 1 0 923013508 27553792 3403 17179869184 93824994299904 93824996572973 140737488338256 0 0 0 134217728 4 74274 1 0 0 17 4 0 0 0 0 0 93824998874888 93825001005840 93825001308160 140737488340074 140737488340471 140737488340471 140737488351179 0
/proc/386141/statm: 6727 3403 2098 555 0 1769 0
[pid=386154] ppid=386141 vsize=90116 memory=81988 CPUtime=222.07 cores=4-5
/proc/386154/stat : 386154 (clingo) R 386141 386141 386012 0 -1 0 28942 0 0 0 22202 5 0 0 20 0 1 0 923013515 92278784 20497 17179869184 93824992301056 93824992468925 140737488338416 0 0 0 134217728 4 25184771 0 0 0 17 4 0 0 0 0 0 93824992533936 93824992571272 93824992575488 140737488340184 140737488340355 140737488340355 140737488351170 0
/proc/386154/statm: 22529 20497 2088 41 0 18608 0
Current children cumulated CPU time: 222.13 s
Current children cumulated vsize: 117024 KiB
Current children cumulated memory: 95600 KiB

[startup+282.3 s]
/proc/loadavg: 14.05 14.26 13.55 16/839 386661
/proc/meminfo: memFree=382955664/528004324 swapFree=8388604/8388604
[pid=386141] ppid=386140 vsize=26908 memory=13612 CPUtime=0.06 cores=4-5
/proc/386141/stat : 386141 (perf) S 386140 386141 386012 0 -1 0 1738 237 0 0 5 1 0 0 20 0 1 0 923013508 27553792 3403 17179869184 93824994299904 93824996572973 140737488338256 0 0 0 134217728 4 74274 1 0 0 17 4 0 0 0 0 0 93824998874888 93825001005840 93825001308160 140737488340074 140737488340471 140737488340471 140737488351179 0
/proc/386141/statm: 6727 3403 2098 555 0 1769 0
[pid=386154] ppid=386141 vsize=100640 memory=92344 CPUtime=282.08 cores=4-5
/proc/386154/stat : 386154 (clingo) R 386141 386141 386012 0 -1 0 33928 0 0 0 28202 6 0 0 20 0 1 0 923013515 103055360 23086 17179869184 93824992301056 93824992468925 140737488338416 0 0 0 134217728 4 25184771 0 0 0 17 4 0 0 0 0 0 93824992533936 93824992571272 93824992575488 140737488340184 140737488340355 140737488340355 140737488351170 0
/proc/386154/statm: 25160 23086 2088 41 0 21239 0
Current children cumulated CPU time: 282.14 s
Current children cumulated vsize: 127548 KiB
Current children cumulated memory: 105956 KiB

[startup+342.3 s]
/proc/loadavg: 14.28 14.28 13.60 16/818 386666
/proc/meminfo: memFree=382880696/528004324 swapFree=8388604/8388604
[pid=386141] ppid=386140 vsize=26908 memory=13612 CPUtime=0.06 cores=4-5
/proc/386141/stat : 386141 (perf) S 386140 386141 386012 0 -1 0 1738 237 0 0 5 1 0 0 20 0 1 0 923013508 27553792 3403 17179869184 93824994299904 93824996572973 140737488338256 0 0 0 134217728 4 74274 1 0 0 17 4 0 0 0 0 0 93824998874888 93825001005840 93825001308160 140737488340074 140737488340471 140737488340471 140737488351179 0
/proc/386141/statm: 6727 3403 2098 555 0 1769 0
[pid=386154] ppid=386141 vsize=106588 memory=98004 CPUtime=342.07 cores=4-5
/proc/386154/stat : 386154 (clingo) R 386141 386141 386012 0 -1 0 36599 0 0 0 34201 6 0 0 20 0 1 0 923013515 109146112 24501 17179869184 93824992301056 93824992468925 140737488338416 0 0 0 134217728 4 25184771 0 0 0 17 4 0 0 0 0 0 93824992533936 93824992571272 93824992575488 140737488340184 140737488340355 140737488340355 140737488351170 0
/proc/386154/statm: 26647 24501 2088 41 0 22726 0
Current children cumulated CPU time: 342.13 s
Current children cumulated vsize: 133496 KiB
Current children cumulated memory: 111616 KiB

[startup+402.3 s]
/proc/loadavg: 14.34 14.30 13.65 16/814 386668
/proc/meminfo: memFree=382812204/528004324 swapFree=8388604/8388604
[pid=386141] ppid=386140 vsize=26908 memory=13612 CPUtime=0.06 cores=4-5
/proc/386141/stat : 386141 (perf) S 386140 386141 386012 0 -1 0 1738 237 0 0 5 1 0 0 20 0 1 0 923013508 27553792 3403 17179869184 93824994299904 93824996572973 140737488338256 0 0 0 134217728 4 74274 1 0 0 17 4 0 0 0 0 0 93824998874888 93825001005840 93825001308160 140737488340074 140737488340471 140737488340471 140737488351179 0
/proc/386141/statm: 6727 3403 2098 555 0 1769 0
[pid=386154] ppid=386141 vsize=110048 memory=101528 CPUtime=402.08 cores=4-5
/proc/386154/stat : 386154 (clingo) R 386141 386141 386012 0 -1 0 40627 0 0 0 40201 7 0 0 20 0 1 0 923013515 112689152 25382 17179869184 93824992301056 93824992468925 140737488338416 0 0 0 134217728 4 25184771 0 0 0 17 4 0 0 0 0 0 93824992533936 93824992571272 93824992575488 140737488340184 140737488340355 140737488340355 140737488351170 0
/proc/386154/statm: 27512 25382 2088 41 0 23591 0
Current children cumulated CPU time: 402.14 s
Current children cumulated vsize: 136956 KiB
Current children cumulated memory: 115140 KiB

[startup+462.3 s]
/proc/loadavg: 14.34 14.29 13.69 16/814 386671
/proc/meminfo: memFree=382747740/528004324 swapFree=8388604/8388604
[pid=386141] ppid=386140 vsize=26908 memory=13612 CPUtime=0.06 cores=4-5
/proc/386141/stat : 386141 (perf) S 386140 386141 386012 0 -1 0 1738 237 0 0 5 1 0 0 20 0 1 0 923013508 27553792 3403 17179869184 93824994299904 93824996572973 140737488338256 0 0 0 134217728 4 74274 1 0 0 17 4 0 0 0 0 0 93824998874888 93825001005840 93825001308160 140737488340074 140737488340471 140737488340471 140737488351179 0
/proc/386141/statm: 6727 3403 2098 555 0 1769 0
[pid=386154] ppid=386141 vsize=115236 memory=106716 CPUtime=462.07 cores=4-5
/proc/386154/stat : 386154 (clingo) R 386141 386141 386012 0 -1 0 43242 0 0 0 46200 7 0 0 20 0 1 0 923013515 118001664 26679 17179869184 93824992301056 93824992468925 140737488338416 0 0 0 134217728 4 25184771 0 0 0 17 4 0 0 0 0 0 93824992533936 93824992571272 93824992575488 140737488340184 140737488340355 140737488340355 140737488351170 0
/proc/386154/statm: 28809 26679 2088 41 0 24888 0
Current children cumulated CPU time: 462.13 s
Current children cumulated vsize: 142144 KiB
Current children cumulated memory: 120328 KiB

[startup+522.3 s]
/proc/loadavg: 14.16 14.25 13.72 16/814 386675
/proc/meminfo: memFree=382705192/528004324 swapFree=8388604/8388604
[pid=386141] ppid=386140 vsize=26908 memory=13612 CPUtime=0.06 cores=4-5
/proc/386141/stat : 386141 (perf) S 386140 386141 386012 0 -1 0 1738 237 0 0 5 1 0 0 20 0 1 0 923013508 27553792 3403 17179869184 93824994299904 93824996572973 140737488338256 0 0 0 134217728 4 74274 1 0 0 17 4 0 0 0 0 0 93824998874888 93825001005840 93825001308160 140737488340074 140737488340471 140737488340471 140737488351179 0
/proc/386141/statm: 6727 3403 2098 555 0 1769 0
[pid=386154] ppid=386141 vsize=116364 memory=107964 CPUtime=522.07 cores=4-5
/proc/386154/stat : 386154 (clingo) R 386141 386141 386012 0 -1 0 45007 0 0 0 52200 7 0 0 20 0 1 0 923013515 119156736 26991 17179869184 93824992301056 93824992468925 140737488338416 0 0 0 134217728 4 25184771 0 0 0 17 4 0 0 0 0 0 93824992533936 93824992571272 93824992575488 140737488340184 140737488340355 140737488340355 140737488351170 0
/proc/386154/statm: 29091 26991 2088 41 0 25170 0
Current children cumulated CPU time: 522.13 s
Current children cumulated vsize: 143272 KiB
Current children cumulated memory: 121576 KiB

[startup+582.3 s]
/proc/loadavg: 14.06 14.20 13.74 16/814 386678
/proc/meminfo: memFree=382652292/528004324 swapFree=8388604/8388604
[pid=386141] ppid=386140 vsize=26908 memory=13612 CPUtime=0.06 cores=4-5
/proc/386141/stat : 386141 (perf) S 386140 386141 386012 0 -1 0 1738 237 0 0 5 1 0 0 20 0 1 0 923013508 27553792 3403 17179869184 93824994299904 93824996572973 140737488338256 0 0 0 134217728 4 74274 1 0 0 17 4 0 0 0 0 0 93824998874888 93825001005840 93825001308160 140737488340074 140737488340471 140737488340471 140737488351179 0
/proc/386141/statm: 6727 3403 2098 555 0 1769 0
[pid=386154] ppid=386141 vsize=118868 memory=110412 CPUtime=582.07 cores=4-5
/proc/386154/stat : 386154 (clingo) R 386141 386141 386012 0 -1 0 47918 0 0 0 58199 8 0 0 20 0 1 0 923013515 121720832 27603 17179869184 93824992301056 93824992468925 140737488338416 0 0 0 134217728 4 25184771 0 0 0 17 4 0 0 0 0 0 93824992533936 93824992571272 93824992575488 140737488340184 140737488340355 140737488340355 140737488351170 0
/proc/386154/statm: 29717 27603 2088 41 0 25796 0
Current children cumulated CPU time: 582.13 s
Current children cumulated vsize: 145776 KiB
Current children cumulated memory: 124024 KiB

[startup+642.3 s]
/proc/loadavg: 14.02 14.16 13.76 16/815 386682
/proc/meminfo: memFree=382598660/528004324 swapFree=8388604/8388604
[pid=386141] ppid=386140 vsize=26908 memory=13612 CPUtime=0.06 cores=4-5
/proc/386141/stat : 386141 (perf) S 386140 386141 386012 0 -1 0 1738 237 0 0 5 1 0 0 20 0 1 0 923013508 27553792 3403 17179869184 93824994299904 93824996572973 140737488338256 0 0 0 134217728 4 74274 1 0 0 17 4 0 0 0 0 0 93824998874888 93825001005840 93825001308160 140737488340074 140737488340471 140737488340471 140737488351179 0
/proc/386141/statm: 6727 3403 2098 555 0 1769 0
[pid=386154] ppid=386141 vsize=127132 memory=118648 CPUtime=642.07 cores=4-5
/proc/386154/stat : 386154 (clingo) R 386141 386141 386012 0 -1 0 51271 0 0 0 64198 9 0 0 20 0 1 0 923013515 130183168 29662 17179869184 93824992301056 93824992468925 140737488338416 0 0 0 134217728 4 25184771 0 0 0 17 4 0 0 0 0 0 93824992533936 93824992571272 93824992575488 140737488340184 140737488340355 140737488340355 140737488351170 0
/proc/386154/statm: 31783 29662 2088 41 0 27862 0
Current children cumulated CPU time: 642.13 s
Current children cumulated vsize: 154040 KiB
Current children cumulated memory: 132260 KiB

[startup+702.3 s]
/proc/loadavg: 14.35 14.21 13.80 16/815 386686
/proc/meminfo: memFree=382560644/528004324 swapFree=8388604/8388604
[pid=386141] ppid=386140 vsize=26908 memory=13612 CPUtime=0.06 cores=4-5
/proc/386141/stat : 386141 (perf) S 386140 386141 386012 0 -1 0 1738 237 0 0 5 1 0 0 20 0 1 0 923013508 27553792 3403 17179869184 93824994299904 93824996572973 140737488338256 0 0 0 134217728 4 74274 1 0 0 17 4 0 0 0 0 0 93824998874888 93825001005840 93825001308160 140737488340074 140737488340471 140737488340471 140737488351179 0
/proc/386141/statm: 6727 3403 2098 555 0 1769 0
[pid=386154] ppid=386141 vsize=129056 memory=120644 CPUtime=702.07 cores=4-5
/proc/386154/stat : 386154 (clingo) R 386141 386141 386012 0 -1 0 52530 0 0 0 70197 10 0 0 20 0 1 0 923013515 132153344 30161 17179869184 93824992301056 93824992468925 140737488338416 0 0 0 134217728 4 25184771 0 0 0 17 4 0 0 0 0 0 93824992533936 93824992571272 93824992575488 140737488340184 140737488340355 140737488340355 140737488351170 0
/proc/386154/statm: 32264 30161 2088 41 0 28343 0
Current children cumulated CPU time: 702.13 s
Current children cumulated vsize: 155964 KiB
Current children cumulated memory: 134256 KiB

[startup+762.3 s]
/proc/loadavg: 14.28 14.23 13.84 16/815 386688
/proc/meminfo: memFree=382513052/528004324 swapFree=8388604/8388604
[pid=386141] ppid=386140 vsize=26908 memory=13612 CPUtime=0.06 cores=4-5
/proc/386141/stat : 386141 (perf) S 386140 386141 386012 0 -1 0 1738 237 0 0 5 1 0 0 20 0 1 0 923013508 27553792 3403 17179869184 93824994299904 93824996572973 140737488338256 0 0 0 134217728 4 74274 1 0 0 17 4 0 0 0 0 0 93824998874888 93825001005840 93825001308160 140737488340074 140737488340471 140737488340471 140737488351179 0
/proc/386141/statm: 6727 3403 2098 555 0 1769 0
[pid=386154] ppid=386141 vsize=130768 memory=122412 CPUtime=762.07 cores=4-5
/proc/386154/stat : 386154 (clingo) R 386141 386141 386012 0 -1 0 56784 0 0 0 76196 11 0 0 20 0 1 0 923013515 133906432 30603 17179869184 93824992301056 93824992468925 140737488338416 0 0 0 134217728 4 25184771 0 0 0 17 4 0 0 0 0 0 93824992533936 93824992571272 93824992575488 140737488340184 140737488340355 140737488340355 140737488351170 0
/proc/386154/statm: 32692 30603 2088 41 0 28771 0
Current children cumulated CPU time: 762.13 s
Current children cumulated vsize: 157676 KiB
Current children cumulated memory: 136024 KiB

[startup+822.3 s]
/proc/loadavg: 14.10 14.19 13.85 16/815 386691
/proc/meminfo: memFree=382468472/528004324 swapFree=8388604/8388604
[pid=386141] ppid=386140 vsize=26908 memory=13612 CPUtime=0.06 cores=4-5
/proc/386141/stat : 386141 (perf) S 386140 386141 386012 0 -1 0 1738 237 0 0 5 1 0 0 20 0 1 0 923013508 27553792 3403 17179869184 93824994299904 93824996572973 140737488338256 0 0 0 134217728 4 74274 1 0 0 17 4 0 0 0 0 0 93824998874888 93825001005840 93825001308160 140737488340074 140737488340471 140737488340471 140737488351179 0
/proc/386141/statm: 6727 3403 2098 555 0 1769 0
[pid=386154] ppid=386141 vsize=135436 memory=127124 CPUtime=822.07 cores=4-5
/proc/386154/stat : 386154 (clingo) R 386141 386141 386012 0 -1 0 59117 0 0 0 82196 11 0 0 20 0 1 0 923013515 138686464 31781 17179869184 93824992301056 93824992468925 140737488338416 0 0 0 134217728 4 25184771 0 0 0 17 4 0 0 0 0 0 93824992533936 93824992571272 93824992575488 140737488340184 140737488340355 140737488340355 140737488351170 0
/proc/386154/statm: 33859 31781 2088 41 0 29938 0
Current children cumulated CPU time: 822.13 s
Current children cumulated vsize: 162344 KiB
Current children cumulated memory: 140736 KiB

[startup+882.3 s]
/proc/loadavg: 14.04 14.15 13.86 16/815 386694
/proc/meminfo: memFree=382424900/528004324 swapFree=8388604/8388604
[pid=386141] ppid=386140 vsize=26908 memory=13612 CPUtime=0.06 cores=4-5
/proc/386141/stat : 386141 (perf) S 386140 386141 386012 0 -1 0 1738 237 0 0 5 1 0 0 20 0 1 0 923013508 27553792 3403 17179869184 93824994299904 93824996572973 140737488338256 0 0 0 134217728 4 74274 1 0 0 17 4 0 0 0 0 0 93824998874888 93825001005840 93825001308160 140737488340074 140737488340471 140737488340471 140737488351179 0
/proc/386141/statm: 6727 3403 2098 555 0 1769 0
[pid=386154] ppid=386141 vsize=137796 memory=129488 CPUtime=882.07 cores=4-5
/proc/386154/stat : 386154 (clingo) R 386141 386141 386012 0 -1 0 60300 0 0 0 88196 11 0 0 20 0 1 0 923013515 141103104 32372 17179869184 93824992301056 93824992468925 140737488338416 0 0 0 134217728 4 25184771 0 0 0 17 4 0 0 0 0 0 93824992533936 93824992571272 93824992575488 140737488340184 140737488340355 140737488340355 140737488351170 0
/proc/386154/statm: 34449 32372 2088 41 0 30528 0
Current children cumulated CPU time: 882.13 s
Current children cumulated vsize: 164704 KiB
Current children cumulated memory: 143100 KiB

[startup+942.3 s]
/proc/loadavg: 15.08 14.46 13.99 16/815 386698
/proc/meminfo: memFree=382377096/528004324 swapFree=8388604/8388604
[pid=386141] ppid=386140 vsize=26908 memory=13612 CPUtime=0.06 cores=4-5
/proc/386141/stat : 386141 (perf) S 386140 386141 386012 0 -1 0 1738 237 0 0 5 1 0 0 20 0 1 0 923013508 27553792 3403 17179869184 93824994299904 93824996572973 140737488338256 0 0 0 134217728 4 74274 1 0 0 17 4 0 0 0 0 0 93824998874888 93825001005840 93825001308160 140737488340074 140737488340471 140737488340471 140737488351179 0
/proc/386141/statm: 6727 3403 2098 555 0 1769 0
[pid=386154] ppid=386141 vsize=145072 memory=136720 CPUtime=942.07 cores=4-5
/proc/386154/stat : 386154 (clingo) R 386141 386141 386012 0 -1 0 63032 0 0 0 94195 12 0 0 20 0 1 0 923013515 148553728 34180 17179869184 93824992301056 93824992468925 140737488338416 0 0 0 134217728 4 25184771 0 0 0 17 4 0 0 0 0 0 93824992533936 93824992571272 93824992575488 140737488340184 140737488340355 140737488340355 140737488351170 0
/proc/386154/statm: 36268 34180 2088 41 0 32347 0
Current children cumulated CPU time: 942.13 s
Current children cumulated vsize: 171980 KiB
Current children cumulated memory: 150332 KiB

[startup+1002.3 s]
/proc/loadavg: 14.40 14.38 14.00 16/814 386701
/proc/meminfo: memFree=382342324/528004324 swapFree=8388604/8388604
[pid=386141] ppid=386140 vsize=26908 memory=13612 CPUtime=0.06 cores=4-5
/proc/386141/stat : 386141 (perf) S 386140 386141 386012 0 -1 0 1738 237 0 0 5 1 0 0 20 0 1 0 923013508 27553792 3403 17179869184 93824994299904 93824996572973 140737488338256 0 0 0 134217728 4 74274 1 0 0 17 4 0 0 0 0 0 93824998874888 93825001005840 93825001308160 140737488340074 140737488340471 140737488340471 140737488351179 0
/proc/386141/statm: 6727 3403 2098 555 0 1769 0
[pid=386154] ppid=386141 vsize=145072 memory=136744 CPUtime=1002.07 cores=4-5
/proc/386154/stat : 386154 (clingo) R 386141 386141 386012 0 -1 0 63847 0 0 0 100195 12 0 0 20 0 1 0 923013515 148553728 34186 17179869184 93824992301056 93824992468925 140737488338416 0 0 0 134217728 4 25184771 0 0 0 17 4 0 0 0 0 0 93824992533936 93824992571272 93824992575488 140737488340184 140737488340355 140737488340355 140737488351170 0
/proc/386154/statm: 36268 34186 2088 41 0 32347 0
Current children cumulated CPU time: 1002.13 s
Current children cumulated vsize: 171980 KiB
Current children cumulated memory: 150356 KiB

[startup+1062.3 s]
/proc/loadavg: 14.37 14.38 14.02 16/814 386703
/proc/meminfo: memFree=382299492/528004324 swapFree=8388604/8388604
[pid=386141] ppid=386140 vsize=26908 memory=13612 CPUtime=0.06 cores=4-5
/proc/386141/stat : 386141 (perf) S 386140 386141 386012 0 -1 0 1738 237 0 0 5 1 0 0 20 0 1 0 923013508 27553792 3403 17179869184 93824994299904 93824996572973 140737488338256 0 0 0 134217728 4 74274 1 0 0 17 4 0 0 0 0 0 93824998874888 93825001005840 93825001308160 140737488340074 140737488340471 140737488340471 140737488351179 0
/proc/386141/statm: 6727 3403 2098 555 0 1769 0
[pid=386154] ppid=386141 vsize=148856 memory=140372 CPUtime=1062.07 cores=4-5
/proc/386154/stat : 386154 (clingo) R 386141 386141 386012 0 -1 0 68042 0 0 0 106194 13 0 0 20 0 1 0 923013515 152428544 35093 17179869184 93824992301056 93824992468925 140737488338416 0 0 0 134217728 4 25184771 0 0 0 17 4 0 0 0 0 0 93824992533936 93824992571272 93824992575488 140737488340184 140737488340355 140737488340355 140737488351170 0
/proc/386154/statm: 37214 35093 2088 41 0 33293 0
Current children cumulated CPU time: 1062.13 s
Current children cumulated vsize: 175764 KiB
Current children cumulated memory: 153984 KiB

[startup+1122.3 s]
/proc/loadavg: 14.13 14.31 14.02 16/814 386706
/proc/meminfo: memFree=382278868/528004324 swapFree=8388604/8388604
[pid=386141] ppid=386140 vsize=26908 memory=13612 CPUtime=0.06 cores=4-5
/proc/386141/stat : 386141 (perf) S 386140 386141 386012 0 -1 0 1738 237 0 0 5 1 0 0 20 0 1 0 923013508 27553792 3403 17179869184 93824994299904 93824996572973 140737488338256 0 0 0 134217728 4 74274 1 0 0 17 4 0 0 0 0 0 93824998874888 93825001005840 93825001308160 140737488340074 140737488340471 140737488340471 140737488351179 0
/proc/386141/statm: 6727 3403 2098 555 0 1769 0
[pid=386154] ppid=386141 vsize=150368 memory=142072 CPUtime=1122.07 cores=4-5
/proc/386154/stat : 386154 (clingo) R 386141 386141 386012 0 -1 0 68883 0 0 0 112193 14 0 0 20 0 1 0 923013515 153976832 35518 17179869184 93824992301056 93824992468925 140737488338416 0 0 0 134217728 4 25184771 0 0 0 17 4 0 0 0 0 0 93824992533936 93824992571272 93824992575488 140737488340184 140737488340355 140737488340355 140737488351170 0
/proc/386154/statm: 37592 35518 2088 41 0 33671 0
Current children cumulated CPU time: 1122.13 s
Current children cumulated vsize: 177276 KiB
Current children cumulated memory: 155684 KiB

[startup+1182.3 s]
/proc/loadavg: 14.13 14.27 14.02 16/814 386709
/proc/meminfo: memFree=382253944/528004324 swapFree=8388604/8388604
[pid=386141] ppid=386140 vsize=26908 memory=13612 CPUtime=0.06 cores=4-5
/proc/386141/stat : 386141 (perf) S 386140 386141 386012 0 -1 0 1738 237 0 0 5 1 0 0 20 0 1 0 923013508 27553792 3403 17179869184 93824994299904 93824996572973 140737488338256 0 0 0 134217728 4 74274 1 0 0 17 4 0 0 0 0 0 93824998874888 93825001005840 93825001308160 140737488340074 140737488340471 140737488340471 140737488351179 0
/proc/386141/statm: 6727 3403 2098 555 0 1769 0
[pid=386154] ppid=386141 vsize=152280 memory=144004 CPUtime=1182.07 cores=4-5
/proc/386154/stat : 386154 (clingo) R 386141 386141 386012 0 -1 0 69542 0 0 0 118193 14 0 0 20 0 1 0 923013515 155934720 36001 17179869184 93824992301056 93824992468925 140737488338416 0 0 0 134217728 4 25184771 0 0 0 17 4 0 0 0 0 0 93824992533936 93824992571272 93824992575488 140737488340184 140737488340355 140737488340355 140737488351170 0
/proc/386154/statm: 38070 36001 2088 41 0 34149 0
Current children cumulated CPU time: 1182.13 s
Current children cumulated vsize: 179188 KiB
Current children cumulated memory: 157616 KiB



Maximum wall clock time exceeded: sending SIGTERM then SIGKILL

[startup+1205 s]*
/proc/loadavg: 14.09 14.25 14.02 13/823 387510
/proc/meminfo: memFree=383107044/528004324 swapFree=8388604/8388604
[pid=386141] ppid=386140 vsize=26908 memory=13612 CPUtime=0.06 cores=4-5
/proc/386141/stat : 386141 (perf) S 386140 386141 386012 0 -1 0 1738 237 0 0 5 1 0 0 20 0 1 0 923013508 27553792 3403 17179869184 93824994299904 93824996572973 140737488338256 0 0 0 134217728 4 74274 1 0 0 17 4 0 0 0 0 0 93824998874888 93825001005840 93825001308160 140737488340074 140737488340471 140737488340471 140737488351179 0
/proc/386141/statm: 6727 3403 2098 555 0 1769 0
[pid=386154] ppid=386141 vsize=152280 memory=144004 CPUtime=1204.78 cores=4-5
/proc/386154/stat : 386154 (clingo) R 386141 386141 386012 0 -1 0 69542 0 0 0 120463 15 0 0 20 0 1 0 923013515 155934720 36001 17179869184 93824992301056 93824992468925 140737488338416 0 0 0 134217728 4 25184771 0 0 0 17 4 0 0 0 0 0 93824992533936 93824992571272 93824992575488 140737488340184 140737488340355 140737488340355 140737488351170 0
/proc/386154/statm: 38070 36001 2088 41 0 34149 0
Current children cumulated CPU time: 1204.84 s
Current children cumulated vsize: 179188 KiB
Current children cumulated memory: 157616 KiB

Sending SIGINT to process tree (bottom up)
Sleeping 5 seconds

[startup+1205.03 s]
# the end of solver process 386141 was just reported to runsolver
# cumulated CPU time of all completed processes:  user=1204.71 s, system=0.175848 s

Solver just ended.
??? end of watcher thread
Dumping a history of the last processes samples

Child status: 1
Real time (s): 1205.03
CPU time (s): 1204.89
CPU user time (s): 1204.71
CPU system time (s): 0.175848
CPU usage (%): 99.9883
Max. virtual memory (cumulated for all children) (KiB): 181044
Max. memory (cumulated for all children) (KiB): 159132

getrusage(RUSAGE_CHILDREN,...) data:
user time used= 1204.71
system time used= 0.175848
maximum resident set size= 145520
integral shared memory size= 0
integral unshared data size= 0
integral unshared stack size= 0
page reclaims= 71557
page faults= 0
swaps= 0
block input operations= 0
block output operations= 0
messages sent= 0
messages received= 0
signals received= 0
voluntary context switches= 18
involuntary context switches= 1026


# summary of solver processes directly reported to runsolver:
#   pid: 386141
#   total CPU time (s): 1204.89
#   total CPU user time (s): 1204.71
#   total CPU system time (s): 0.175848

??? end of timestamper thread
runsolver used 6.92328 second user time and 16.8412 second system time

The end
