runsolver version 3.4.0 (svn: 3018) Copyright (C) 2010-2013 Olivier ROUSSEL

This program is distributed in the hope that it will be useful,
but WITHOUT ANY WARRANTY; without even the implied warranty of
MERCHANTABILITY or FITNESS FOR A PARTICULAR PURPOSE.  See the
GNU General Public License for more details.

NUMA information:
  number of nodes: 2
  memory of node 0: 257634 MiB (178485 MiB free)
  memory of node 1: 257994 MiB (185878 MiB free)
  node distances:
     10  20
     20  10

command line: /dev/shm/3740fa5e-2e81-11f1-ac62-000c298f4621/input/runsolver -w /dev/shm/3740fa5e-2e81-11f1-ac62-000c298f4621/output/runsolver.log -v /dev/shm/3740fa5e-2e81-11f1-ac62-000c298f4621/output/varfile.log -W 1205 --rss-swap-limit 16384 -d 5 --sigint /usr/bin/perf stat -B -e task-clock,cache-references,cache-misses,cycles,instructions,branches,faults,migrations,context-switches -o /dev/shm/3740fa5e-2e81-11f1-ac62-000c298f4621/output/perf.log clingo /home/guests/mmacri/AMOSUM/benchmarks/GraphColouring/encoding-plain-amo.asp /dev/shm/3740fa5e-2e81-11f1-ac62-000c298f4621/input/0012-graph_colouring-130-0_3744.asp 

running on 2 cores: 2-3

Enforcing wall clock limit (soft limit, will send SIGTERM then SIGKILL): 1205 seconds
Enforcing RSS+Swap limit (soft limit, will send SIGTERM then SIGKILL): 16777216 KiB
Linux 5.15.0-131-generic
Current StackSize limit: 8192 KiB

solver pid=4056797, runsolver pid=4056779

[startup+0.100064 s]*
/proc/loadavg: 14.46 14.46 13.31 9/692 4056888
/proc/meminfo: memFree=374813564/528004312 swapFree=8388604/8388604
[pid=4056797] ppid=4056779 vsize=26908 memory=13612 CPUtime=0.07 cores=2-3
/proc/4056797/stat : 4056797 (perf) S 4056779 4056797 4056403 0 -1 0 1738 237 0 0 5 2 0 0 20 0 1 0 923017950 27553792 3403 17179869184 93824994299904 93824996572973 140737488338256 0 0 0 134217728 4 74274 1 0 0 17 2 0 0 0 0 0 93824998874888 93825001005840 93825001308160 140737488340073 140737488340470 140737488340470 140737488351179 0
/proc/4056797/statm: 6727 3403 2098 555 0 1769 0
[pid=4056870] ppid=4056797 vsize=18784 memory=10356 CPUtime=0.01 cores=2-3
/proc/4056870/stat : 4056870 (clingo) R 4056797 4056797 4056403 0 -1 0 836 0 0 0 1 0 0 0 20 0 1 0 923017958 19234816 2589 17179869184 93824992301056 93824992468925 140737488338416 0 0 0 134217728 4 25184771 0 0 0 17 3 0 0 0 0 0 93824992533936 93824992571272 93824992575488 140737488340183 140737488340354 140737488340354 140737488351170 0
/proc/4056870/statm: 4696 2589 2038 41 0 775 0
Current children cumulated CPU time: 0.08 s
Current children cumulated vsize: 45692 KiB
Current children cumulated memory: 23968 KiB

[startup+0.215242 s]*
/proc/loadavg: 14.46 14.46 13.31 14/727 4056995
/proc/meminfo: memFree=374791500/528004312 swapFree=8388604/8388604
[pid=4056797] ppid=4056779 vsize=26908 memory=13612 CPUtime=0.07 cores=2-3
/proc/4056797/stat : 4056797 (perf) S 4056779 4056797 4056403 0 -1 0 1738 237 0 0 5 2 0 0 20 0 1 0 923017950 27553792 3403 17179869184 93824994299904 93824996572973 140737488338256 0 0 0 134217728 4 74274 1 0 0 17 2 0 0 0 0 0 93824998874888 93825001005840 93825001308160 140737488340073 140737488340470 140737488340470 140737488351179 0
/proc/4056797/statm: 6727 3403 2098 555 0 1769 0
[pid=4056870] ppid=4056797 vsize=24572 memory=16592 CPUtime=0.11 cores=2-3
/proc/4056870/stat : 4056870 (clingo) R 4056797 4056797 4056403 0 -1 0 2379 0 0 0 11 0 0 0 20 0 1 0 923017958 25161728 4148 17179869184 93824992301056 93824992468925 140737488338416 0 0 0 134217728 4 25184771 0 0 0 17 2 0 0 0 0 0 93824992533936 93824992571272 93824992575488 140737488340183 140737488340354 140737488340354 140737488351170 0
/proc/4056870/statm: 6143 4148 2085 41 0 2222 0
Current children cumulated CPU time: 0.18 s
Current children cumulated vsize: 51480 KiB
Current children cumulated memory: 30204 KiB

[startup+0.31748 s]*
/proc/loadavg: 14.46 14.46 13.31 12/747 4057188
/proc/meminfo: memFree=374785948/528004312 swapFree=8388604/8388604
[pid=4056797] ppid=4056779 vsize=26908 memory=13612 CPUtime=0.07 cores=2-3
/proc/4056797/stat : 4056797 (perf) S 4056779 4056797 4056403 0 -1 0 1738 237 0 0 5 2 0 0 20 0 1 0 923017950 27553792 3403 17179869184 93824994299904 93824996572973 140737488338256 0 0 0 134217728 4 74274 1 0 0 17 2 0 0 0 0 0 93824998874888 93825001005840 93825001308160 140737488340073 140737488340470 140737488340470 140737488351179 0
/proc/4056797/statm: 6727 3403 2098 555 0 1769 0
[pid=4056870] ppid=4056797 vsize=26420 memory=18440 CPUtime=0.22 cores=2-3
/proc/4056870/stat : 4056870 (clingo) R 4056797 4056797 4056403 0 -1 0 2844 0 0 0 22 0 0 0 20 0 1 0 923017958 27054080 4610 17179869184 93824992301056 93824992468925 140737488338416 0 0 0 134217728 4 25184771 0 0 0 17 2 0 0 0 0 0 93824992533936 93824992571272 93824992575488 140737488340183 140737488340354 140737488340354 140737488351170 0
/proc/4056870/statm: 6605 4610 2085 41 0 2684 0
Current children cumulated CPU time: 0.29 s
Current children cumulated vsize: 53328 KiB
Current children cumulated memory: 32052 KiB

[startup+0.700315 s]
/proc/loadavg: 14.46 14.46 13.31 18/805 4057440
/proc/meminfo: memFree=374756412/528004312 swapFree=8388604/8388604
[pid=4056797] ppid=4056779 vsize=26908 memory=13612 CPUtime=0.07 cores=2-3
/proc/4056797/stat : 4056797 (perf) S 4056779 4056797 4056403 0 -1 0 1738 237 0 0 5 2 0 0 20 0 1 0 923017950 27553792 3403 17179869184 93824994299904 93824996572973 140737488338256 0 0 0 134217728 4 74274 1 0 0 17 2 0 0 0 0 0 93824998874888 93825001005840 93825001308160 140737488340073 140737488340470 140737488340470 140737488351179 0
/proc/4056797/statm: 6727 3403 2098 555 0 1769 0
[pid=4056870] ppid=4056797 vsize=29480 memory=21344 CPUtime=0.59 cores=2-3
/proc/4056870/stat : 4056870 (clingo) R 4056797 4056797 4056403 0 -1 0 3583 0 0 0 59 0 0 0 20 0 1 0 923017958 30187520 5336 17179869184 93824992301056 93824992468925 140737488338416 0 0 0 134217728 4 25184771 0 0 0 17 2 0 0 0 0 0 93824992533936 93824992571272 93824992575488 140737488340183 140737488340354 140737488340354 140737488351170 0
/proc/4056870/statm: 7370 5336 2085 41 0 3449 0
Current children cumulated CPU time: 0.66 s
Current children cumulated vsize: 56388 KiB
Current children cumulated memory: 34956 KiB

[startup+1.50031 s]
/proc/loadavg: 14.46 14.46 13.31 20/830 4057576
/proc/meminfo: memFree=374748660/528004312 swapFree=8388604/8388604
[pid=4056797] ppid=4056779 vsize=26908 memory=13612 CPUtime=0.07 cores=2-3
/proc/4056797/stat : 4056797 (perf) S 4056779 4056797 4056403 0 -1 0 1738 237 0 0 5 2 0 0 20 0 1 0 923017950 27553792 3403 17179869184 93824994299904 93824996572973 140737488338256 0 0 0 134217728 4 74274 1 0 0 17 2 0 0 0 0 0 93824998874888 93825001005840 93825001308160 140737488340073 140737488340470 140737488340470 140737488351179 0
/proc/4056797/statm: 6727 3403 2098 555 0 1769 0
[pid=4056870] ppid=4056797 vsize=32388 memory=24248 CPUtime=1.39 cores=2-3
/proc/4056870/stat : 4056870 (clingo) R 4056797 4056797 4056403 0 -1 0 4324 0 0 0 139 0 0 0 20 0 1 0 923017958 33165312 6062 17179869184 93824992301056 93824992468925 140737488338416 0 0 0 134217728 4 25184771 0 0 0 17 2 0 0 0 0 0 93824992533936 93824992571272 93824992575488 140737488340183 140737488340354 140737488340354 140737488351170 0
/proc/4056870/statm: 8097 6062 2085 41 0 4176 0
Current children cumulated CPU time: 1.46 s
Current children cumulated vsize: 59296 KiB
Current children cumulated memory: 37860 KiB

[startup+3.11771 s]
/proc/loadavg: 14.42 14.45 13.31 16/805 4057600
/proc/meminfo: memFree=374685784/528004312 swapFree=8388604/8388604
[pid=4056797] ppid=4056779 vsize=26908 memory=13612 CPUtime=0.07 cores=2-3
/proc/4056797/stat : 4056797 (perf) S 4056779 4056797 4056403 0 -1 0 1738 237 0 0 5 2 0 0 20 0 1 0 923017950 27553792 3403 17179869184 93824994299904 93824996572973 140737488338256 0 0 0 134217728 4 74274 1 0 0 17 2 0 0 0 0 0 93824998874888 93825001005840 93825001308160 140737488340073 140737488340470 140737488340470 140737488351179 0
/proc/4056797/statm: 6727 3403 2098 555 0 1769 0
[pid=4056870] ppid=4056797 vsize=33340 memory=25304 CPUtime=3 cores=2-3
/proc/4056870/stat : 4056870 (clingo) R 4056797 4056797 4056403 0 -1 0 4546 0 0 0 300 0 0 0 20 0 1 0 923017958 34140160 6326 17179869184 93824992301056 93824992468925 140737488338416 0 0 0 134217728 4 25184771 0 0 0 17 2 0 0 0 0 0 93824992533936 93824992571272 93824992575488 140737488340183 140737488340354 140737488340354 140737488351170 0
/proc/4056870/statm: 8335 6326 2085 41 0 4414 0
Current children cumulated CPU time: 3.07 s
Current children cumulated vsize: 60248 KiB
Current children cumulated memory: 38916 KiB

[startup+6.30028 s]
/proc/loadavg: 14.42 14.45 13.31 17/832 4057784
/proc/meminfo: memFree=374649520/528004312 swapFree=8388604/8388604
[pid=4056797] ppid=4056779 vsize=26908 memory=13612 CPUtime=0.07 cores=2-3
/proc/4056797/stat : 4056797 (perf) S 4056779 4056797 4056403 0 -1 0 1738 237 0 0 5 2 0 0 20 0 1 0 923017950 27553792 3403 17179869184 93824994299904 93824996572973 140737488338256 0 0 0 134217728 4 74274 1 0 0 17 2 0 0 0 0 0 93824998874888 93825001005840 93825001308160 140737488340073 140737488340470 140737488340470 140737488351179 0
/proc/4056797/statm: 6727 3403 2098 555 0 1769 0
[pid=4056870] ppid=4056797 vsize=37468 memory=29492 CPUtime=6.19 cores=2-3
/proc/4056870/stat : 4056870 (clingo) R 4056797 4056797 4056403 0 -1 0 5792 0 0 0 619 0 0 0 20 0 1 0 923017958 38367232 7373 17179869184 93824992301056 93824992468925 140737488338416 0 0 0 134217728 4 25184771 0 0 0 17 2 0 0 0 0 0 93824992533936 93824992571272 93824992575488 140737488340183 140737488340354 140737488340354 140737488351170 0
/proc/4056870/statm: 9367 7373 2085 41 0 5446 0
Current children cumulated CPU time: 6.26 s
Current children cumulated vsize: 64376 KiB
Current children cumulated memory: 43104 KiB

[startup+12.7003 s]
/proc/loadavg: 14.36 14.44 13.32 17/832 4057784
/proc/meminfo: memFree=374591476/528004312 swapFree=8388604/8388604
[pid=4056797] ppid=4056779 vsize=26908 memory=13612 CPUtime=0.07 cores=2-3
/proc/4056797/stat : 4056797 (perf) S 4056779 4056797 4056403 0 -1 0 1738 237 0 0 5 2 0 0 20 0 1 0 923017950 27553792 3403 17179869184 93824994299904 93824996572973 140737488338256 0 0 0 134217728 4 74274 1 0 0 17 2 0 0 0 0 0 93824998874888 93825001005840 93825001308160 140737488340073 140737488340470 140737488340470 140737488351179 0
/proc/4056797/statm: 6727 3403 2098 555 0 1769 0
[pid=4056870] ppid=4056797 vsize=45196 memory=37168 CPUtime=12.59 cores=2-3
/proc/4056870/stat : 4056870 (clingo) R 4056797 4056797 4056403 0 -1 0 7848 0 0 0 1258 1 0 0 20 0 1 0 923017958 46280704 9292 17179869184 93824992301056 93824992468925 140737488338416 0 0 0 134217728 4 25184771 0 0 0 17 2 0 0 0 0 0 93824992533936 93824992571272 93824992575488 140737488340183 140737488340354 140737488340354 140737488351170 0
/proc/4056870/statm: 11299 9292 2085 41 0 7378 0
Current children cumulated CPU time: 12.66 s
Current children cumulated vsize: 72104 KiB
Current children cumulated memory: 50780 KiB

[startup+25.5003 s]
/proc/loadavg: 14.38 14.44 13.33 17/832 4057784
/proc/meminfo: memFree=374517832/528004312 swapFree=8388604/8388604
[pid=4056797] ppid=4056779 vsize=26908 memory=13612 CPUtime=0.07 cores=2-3
/proc/4056797/stat : 4056797 (perf) S 4056779 4056797 4056403 0 -1 0 1738 237 0 0 5 2 0 0 20 0 1 0 923017950 27553792 3403 17179869184 93824994299904 93824996572973 140737488338256 0 0 0 134217728 4 74274 1 0 0 17 2 0 0 0 0 0 93824998874888 93825001005840 93825001308160 140737488340073 140737488340470 140737488340470 140737488351179 0
/proc/4056797/statm: 6727 3403 2098 555 0 1769 0
[pid=4056870] ppid=4056797 vsize=51268 memory=43256 CPUtime=25.39 cores=2-3
/proc/4056870/stat : 4056870 (clingo) R 4056797 4056797 4056403 0 -1 0 10177 0 0 0 2537 2 0 0 20 0 1 0 923017958 52498432 10814 17179869184 93824992301056 93824992468925 140737488338416 0 0 0 134217728 4 25184771 0 0 0 17 2 0 0 0 0 0 93824992533936 93824992571272 93824992575488 140737488340183 140737488340354 140737488340354 140737488351170 0
/proc/4056870/statm: 12817 10814 2085 41 0 8896 0
Current children cumulated CPU time: 25.46 s
Current children cumulated vsize: 78176 KiB
Current children cumulated memory: 56868 KiB

[startup+51.1182 s]
/proc/loadavg: 15.03 14.57 13.40 17/833 4057888
/proc/meminfo: memFree=374509132/528004312 swapFree=8388604/8388604
[pid=4056797] ppid=4056779 vsize=26908 memory=13612 CPUtime=0.07 cores=2-3
/proc/4056797/stat : 4056797 (perf) S 4056779 4056797 4056403 0 -1 0 1738 237 0 0 5 2 0 0 20 0 1 0 923017950 27553792 3403 17179869184 93824994299904 93824996572973 140737488338256 0 0 0 134217728 4 74274 1 0 0 17 2 0 0 0 0 0 93824998874888 93825001005840 93825001308160 140737488340073 140737488340470 140737488340470 140737488351179 0
/proc/4056797/statm: 6727 3403 2098 555 0 1769 0
[pid=4056870] ppid=4056797 vsize=59472 memory=51064 CPUtime=51 cores=2-3
/proc/4056870/stat : 4056870 (clingo) R 4056797 4056797 4056403 0 -1 0 12955 0 0 0 5097 3 0 0 20 0 1 0 923017958 60899328 12766 17179869184 93824992301056 93824992468925 140737488338416 0 0 0 134217728 4 25184771 0 0 0 17 2 0 0 0 0 0 93824992533936 93824992571272 93824992575488 140737488340183 140737488340354 140737488340354 140737488351170 0
/proc/4056870/statm: 14868 12766 2085 41 0 10947 0
Current children cumulated CPU time: 51.07 s
Current children cumulated vsize: 86380 KiB
Current children cumulated memory: 64676 KiB

[startup+102.3 s]
/proc/loadavg: 15.16 14.75 13.54 17/834 4057935
/proc/meminfo: memFree=374351412/528004312 swapFree=8388604/8388604
[pid=4056797] ppid=4056779 vsize=26908 memory=13612 CPUtime=0.07 cores=2-3
/proc/4056797/stat : 4056797 (perf) S 4056779 4056797 4056403 0 -1 0 1738 237 0 0 5 2 0 0 20 0 1 0 923017950 27553792 3403 17179869184 93824994299904 93824996572973 140737488338256 0 0 0 134217728 4 74274 1 0 0 17 2 0 0 0 0 0 93824998874888 93825001005840 93825001308160 140737488340073 140737488340470 140737488340470 140737488351179 0
/proc/4056797/statm: 6727 3403 2098 555 0 1769 0
[pid=4056870] ppid=4056797 vsize=70940 memory=62524 CPUtime=102.18 cores=2-3
/proc/4056870/stat : 4056870 (clingo) R 4056797 4056797 4056403 0 -1 0 17645 0 0 0 10214 4 0 0 20 0 1 0 923017958 72642560 15631 17179869184 93824992301056 93824992468925 140737488338416 0 0 0 134217728 4 25184771 0 0 0 17 2 0 0 0 0 0 93824992533936 93824992571272 93824992575488 140737488340183 140737488340354 140737488340354 140737488351170 0
/proc/4056870/statm: 17735 15631 2085 41 0 13814 0
Current children cumulated CPU time: 102.25 s
Current children cumulated vsize: 97848 KiB
Current children cumulated memory: 76136 KiB

[startup+162.3 s]
/proc/loadavg: 14.57 14.64 13.58 17/834 4057938
/proc/meminfo: memFree=374238784/528004312 swapFree=8388604/8388604
[pid=4056797] ppid=4056779 vsize=26908 memory=13612 CPUtime=0.07 cores=2-3
/proc/4056797/stat : 4056797 (perf) S 4056779 4056797 4056403 0 -1 0 1738 237 0 0 5 2 0 0 20 0 1 0 923017950 27553792 3403 17179869184 93824994299904 93824996572973 140737488338256 0 0 0 134217728 4 74274 1 0 0 17 2 0 0 0 0 0 93824998874888 93825001005840 93825001308160 140737488340073 140737488340470 140737488340470 140737488351179 0
/proc/4056797/statm: 6727 3403 2098 555 0 1769 0
[pid=4056870] ppid=4056797 vsize=80556 memory=71528 CPUtime=162.19 cores=2-3
/proc/4056870/stat : 4056870 (clingo) R 4056797 4056797 4056403 0 -1 0 21118 0 0 0 16214 5 0 0 20 0 1 0 923017958 82489344 17882 17179869184 93824992301056 93824992468925 140737488338416 0 0 0 134217728 4 25184771 0 0 0 17 2 0 0 0 0 0 93824992533936 93824992571272 93824992575488 140737488340183 140737488340354 140737488340354 140737488351170 0
/proc/4056870/statm: 20139 17882 2085 41 0 16218 0
Current children cumulated CPU time: 162.26 s
Current children cumulated vsize: 107464 KiB
Current children cumulated memory: 85140 KiB

[startup+222.3 s]
/proc/loadavg: 14.28 14.54 13.62 17/834 4057941
/proc/meminfo: memFree=374142344/528004312 swapFree=8388604/8388604
[pid=4056797] ppid=4056779 vsize=26908 memory=13612 CPUtime=0.07 cores=2-3
/proc/4056797/stat : 4056797 (perf) S 4056779 4056797 4056403 0 -1 0 1738 237 0 0 5 2 0 0 20 0 1 0 923017950 27553792 3403 17179869184 93824994299904 93824996572973 140737488338256 0 0 0 134217728 4 74274 1 0 0 17 2 0 0 0 0 0 93824998874888 93825001005840 93825001308160 140737488340073 140737488340470 140737488340470 140737488351179 0
/proc/4056797/statm: 6727 3403 2098 555 0 1769 0
[pid=4056870] ppid=4056797 vsize=88332 memory=78736 CPUtime=222.19 cores=2-3
/proc/4056870/stat : 4056870 (clingo) R 4056797 4056797 4056403 0 -1 0 23363 0 0 0 22214 5 0 0 20 0 1 0 923017958 90451968 19684 17179869184 93824992301056 93824992468925 140737488338416 0 0 0 134217728 4 25184771 0 0 0 17 2 0 0 0 0 0 93824992533936 93824992571272 93824992575488 140737488340183 140737488340354 140737488340354 140737488351170 0
/proc/4056870/statm: 22083 19684 2085 41 0 18162 0
Current children cumulated CPU time: 222.26 s
Current children cumulated vsize: 115240 KiB
Current children cumulated memory: 92348 KiB

[startup+282.3 s]
/proc/loadavg: 14.32 14.49 13.66 17/834 4057944
/proc/meminfo: memFree=374059708/528004312 swapFree=8388604/8388604
[pid=4056797] ppid=4056779 vsize=26908 memory=13612 CPUtime=0.07 cores=2-3
/proc/4056797/stat : 4056797 (perf) S 4056779 4056797 4056403 0 -1 0 1738 237 0 0 5 2 0 0 20 0 1 0 923017950 27553792 3403 17179869184 93824994299904 93824996572973 140737488338256 0 0 0 134217728 4 74274 1 0 0 17 2 0 0 0 0 0 93824998874888 93825001005840 93825001308160 140737488340073 140737488340470 140737488340470 140737488351179 0
/proc/4056797/statm: 6727 3403 2098 555 0 1769 0
[pid=4056870] ppid=4056797 vsize=94216 memory=84592 CPUtime=282.19 cores=2-3
/proc/4056870/stat : 4056870 (clingo) R 4056797 4056797 4056403 0 -1 0 25591 0 0 0 28213 6 0 0 20 0 1 0 923017958 96477184 21148 17179869184 93824992301056 93824992468925 140737488338416 0 0 0 134217728 4 25184771 0 0 0 17 2 0 0 0 0 0 93824992533936 93824992571272 93824992575488 140737488340183 140737488340354 140737488340354 140737488351170 0
/proc/4056870/statm: 23554 21148 2085 41 0 19633 0
Current children cumulated CPU time: 282.26 s
Current children cumulated vsize: 121124 KiB
Current children cumulated memory: 98204 KiB

[startup+342.3 s]
/proc/loadavg: 14.26 14.44 13.70 17/810 4057949
/proc/meminfo: memFree=373997076/528004312 swapFree=8388604/8388604
[pid=4056797] ppid=4056779 vsize=26908 memory=13612 CPUtime=0.07 cores=2-3
/proc/4056797/stat : 4056797 (perf) S 4056779 4056797 4056403 0 -1 0 1738 237 0 0 5 2 0 0 20 0 1 0 923017950 27553792 3403 17179869184 93824994299904 93824996572973 140737488338256 0 0 0 134217728 4 74274 1 0 0 17 2 0 0 0 0 0 93824998874888 93825001005840 93825001308160 140737488340073 140737488340470 140737488340470 140737488351179 0
/proc/4056797/statm: 6727 3403 2098 555 0 1769 0
[pid=4056870] ppid=4056797 vsize=98164 memory=87864 CPUtime=342.19 cores=2-3
/proc/4056870/stat : 4056870 (clingo) R 4056797 4056797 4056403 0 -1 0 26630 0 0 0 34212 7 0 0 20 0 1 0 923017958 100519936 21966 17179869184 93824992301056 93824992468925 140737488338416 0 0 0 134217728 4 25184771 0 0 0 17 2 0 0 0 0 0 93824992533936 93824992571272 93824992575488 140737488340183 140737488340354 140737488340354 140737488351170 0
/proc/4056870/statm: 24541 21966 2085 41 0 20620 0
Current children cumulated CPU time: 342.26 s
Current children cumulated vsize: 125072 KiB
Current children cumulated memory: 101476 KiB

[startup+402.3 s]
/proc/loadavg: 14.10 14.36 13.72 17/807 4057952
/proc/meminfo: memFree=373931068/528004312 swapFree=8388604/8388604
[pid=4056797] ppid=4056779 vsize=26908 memory=13612 CPUtime=0.07 cores=2-3
/proc/4056797/stat : 4056797 (perf) S 4056779 4056797 4056403 0 -1 0 1738 237 0 0 5 2 0 0 20 0 1 0 923017950 27553792 3403 17179869184 93824994299904 93824996572973 140737488338256 0 0 0 134217728 4 74274 1 0 0 17 2 0 0 0 0 0 93824998874888 93825001005840 93825001308160 140737488340073 140737488340470 140737488340470 140737488351179 0
/proc/4056797/statm: 6727 3403 2098 555 0 1769 0
[pid=4056870] ppid=4056797 vsize=101980 memory=91560 CPUtime=402.19 cores=2-3
/proc/4056870/stat : 4056870 (clingo) R 4056797 4056797 4056403 0 -1 0 28764 0 0 0 40211 8 0 0 20 0 1 0 923017958 104427520 22890 17179869184 93824992301056 93824992468925 140737488338416 0 0 0 134217728 4 25184771 0 0 0 17 2 0 0 0 0 0 93824992533936 93824992571272 93824992575488 140737488340183 140737488340354 140737488340354 140737488351170 0
/proc/4056870/statm: 25495 22890 2085 41 0 21574 0
Current children cumulated CPU time: 402.26 s
Current children cumulated vsize: 128888 KiB
Current children cumulated memory: 105172 KiB

[startup+462.3 s]
/proc/loadavg: 14.30 14.37 13.77 17/808 4057956
/proc/meminfo: memFree=373870100/528004312 swapFree=8388604/8388604
[pid=4056797] ppid=4056779 vsize=26908 memory=13612 CPUtime=0.07 cores=2-3
/proc/4056797/stat : 4056797 (perf) S 4056779 4056797 4056403 0 -1 0 1738 237 0 0 5 2 0 0 20 0 1 0 923017950 27553792 3403 17179869184 93824994299904 93824996572973 140737488338256 0 0 0 134217728 4 74274 1 0 0 17 2 0 0 0 0 0 93824998874888 93825001005840 93825001308160 140737488340073 140737488340470 140737488340470 140737488351179 0
/proc/4056797/statm: 6727 3403 2098 555 0 1769 0
[pid=4056870] ppid=4056797 vsize=109316 memory=98608 CPUtime=462.19 cores=2-3
/proc/4056870/stat : 4056870 (clingo) R 4056797 4056797 4056403 0 -1 0 31253 0 0 0 46210 9 0 0 20 0 1 0 923017958 111939584 24652 17179869184 93824992301056 93824992468925 140737488338416 0 0 0 134217728 4 25184771 0 0 0 17 2 0 0 0 0 0 93824992533936 93824992571272 93824992575488 140737488340183 140737488340354 140737488340354 140737488351170 0
/proc/4056870/statm: 27329 24652 2085 41 0 23408 0
Current children cumulated CPU time: 462.26 s
Current children cumulated vsize: 136224 KiB
Current children cumulated memory: 112220 KiB

[startup+522.3 s]
/proc/loadavg: 14.22 14.33 13.80 17/808 4057960
/proc/meminfo: memFree=373817736/528004312 swapFree=8388604/8388604
[pid=4056797] ppid=4056779 vsize=26908 memory=13612 CPUtime=0.07 cores=2-3
/proc/4056797/stat : 4056797 (perf) S 4056779 4056797 4056403 0 -1 0 1738 237 0 0 5 2 0 0 20 0 1 0 923017950 27553792 3403 17179869184 93824994299904 93824996572973 140737488338256 0 0 0 134217728 4 74274 1 0 0 17 2 0 0 0 0 0 93824998874888 93825001005840 93825001308160 140737488340073 140737488340470 140737488340470 140737488351179 0
/proc/4056797/statm: 6727 3403 2098 555 0 1769 0
[pid=4056870] ppid=4056797 vsize=113496 memory=102064 CPUtime=522.18 cores=2-3
/proc/4056870/stat : 4056870 (clingo) R 4056797 4056797 4056403 0 -1 0 32619 0 0 0 52209 9 0 0 20 0 1 0 923017958 116219904 25516 17179869184 93824992301056 93824992468925 140737488338416 0 0 0 134217728 4 25184771 0 0 0 17 2 0 0 0 0 0 93824992533936 93824992571272 93824992575488 140737488340183 140737488340354 140737488340354 140737488351170 0
/proc/4056870/statm: 28374 25516 2085 41 0 24453 0
Current children cumulated CPU time: 522.25 s
Current children cumulated vsize: 140404 KiB
Current children cumulated memory: 115676 KiB

[startup+582.3 s]
/proc/loadavg: 14.09 14.27 13.81 17/808 4057963
/proc/meminfo: memFree=373774680/528004312 swapFree=8388604/8388604
[pid=4056797] ppid=4056779 vsize=26908 memory=13612 CPUtime=0.07 cores=2-3
/proc/4056797/stat : 4056797 (perf) S 4056779 4056797 4056403 0 -1 0 1738 237 0 0 5 2 0 0 20 0 1 0 923017950 27553792 3403 17179869184 93824994299904 93824996572973 140737488338256 0 0 0 134217728 4 74274 1 0 0 17 2 0 0 0 0 0 93824998874888 93825001005840 93825001308160 140737488340073 140737488340470 140737488340470 140737488351179 0
/proc/4056797/statm: 6727 3403 2098 555 0 1769 0
[pid=4056870] ppid=4056797 vsize=115864 memory=104588 CPUtime=582.19 cores=2-3
/proc/4056870/stat : 4056870 (clingo) R 4056797 4056797 4056403 0 -1 0 34558 0 0 0 58209 10 0 0 20 0 1 0 923017958 118644736 26147 17179869184 93824992301056 93824992468925 140737488338416 0 0 0 134217728 4 25184771 0 0 0 17 2 0 0 0 0 0 93824992533936 93824992571272 93824992575488 140737488340183 140737488340354 140737488340354 140737488351170 0
/proc/4056870/statm: 28966 26147 2085 41 0 25045 0
Current children cumulated CPU time: 582.26 s
Current children cumulated vsize: 142772 KiB
Current children cumulated memory: 118200 KiB

[startup+642.3 s]
/proc/loadavg: 14.65 14.43 13.90 17/808 4057966
/proc/meminfo: memFree=373728312/528004312 swapFree=8388604/8388604
[pid=4056797] ppid=4056779 vsize=26908 memory=13612 CPUtime=0.07 cores=2-3
/proc/4056797/stat : 4056797 (perf) S 4056779 4056797 4056403 0 -1 0 1738 237 0 0 5 2 0 0 20 0 1 0 923017950 27553792 3403 17179869184 93824994299904 93824996572973 140737488338256 0 0 0 134217728 4 74274 1 0 0 17 2 0 0 0 0 0 93824998874888 93825001005840 93825001308160 140737488340073 140737488340470 140737488340470 140737488351179 0
/proc/4056797/statm: 6727 3403 2098 555 0 1769 0
[pid=4056870] ppid=4056797 vsize=120324 memory=108760 CPUtime=642.18 cores=2-3
/proc/4056870/stat : 4056870 (clingo) R 4056797 4056797 4056403 0 -1 0 35963 0 0 0 64208 10 0 0 20 0 1 0 923017958 123211776 27190 17179869184 93824992301056 93824992468925 140737488338416 0 0 0 134217728 4 25184771 0 0 0 17 2 0 0 0 0 0 93824992533936 93824992571272 93824992575488 140737488340183 140737488340354 140737488340354 140737488351170 0
/proc/4056870/statm: 30081 27190 2085 41 0 26160 0
Current children cumulated CPU time: 642.25 s
Current children cumulated vsize: 147232 KiB
Current children cumulated memory: 122372 KiB

[startup+702.3 s]
/proc/loadavg: 14.27 14.36 13.91 17/808 4057969
/proc/meminfo: memFree=373686776/528004312 swapFree=8388604/8388604
[pid=4056797] ppid=4056779 vsize=26908 memory=13612 CPUtime=0.07 cores=2-3
/proc/4056797/stat : 4056797 (perf) S 4056779 4056797 4056403 0 -1 0 1738 237 0 0 5 2 0 0 20 0 1 0 923017950 27553792 3403 17179869184 93824994299904 93824996572973 140737488338256 0 0 0 134217728 4 74274 1 0 0 17 2 0 0 0 0 0 93824998874888 93825001005840 93825001308160 140737488340073 140737488340470 140737488340470 140737488351179 0
/proc/4056797/statm: 6727 3403 2098 555 0 1769 0
[pid=4056870] ppid=4056797 vsize=124756 memory=112616 CPUtime=702.18 cores=2-3
/proc/4056870/stat : 4056870 (clingo) R 4056797 4056797 4056403 0 -1 0 37196 0 0 0 70208 10 0 0 20 0 1 0 923017958 127750144 28154 17179869184 93824992301056 93824992468925 140737488338416 0 0 0 134217728 4 25184771 0 0 0 17 2 0 0 0 0 0 93824992533936 93824992571272 93824992575488 140737488340183 140737488340354 140737488340354 140737488351170 0
/proc/4056870/statm: 31189 28154 2085 41 0 27268 0
Current children cumulated CPU time: 702.25 s
Current children cumulated vsize: 151664 KiB
Current children cumulated memory: 126228 KiB

[startup+762.3 s]
/proc/loadavg: 14.10 14.29 13.92 17/807 4057971
/proc/meminfo: memFree=373648000/528004312 swapFree=8388604/8388604
[pid=4056797] ppid=4056779 vsize=26908 memory=13612 CPUtime=0.07 cores=2-3
/proc/4056797/stat : 4056797 (perf) S 4056779 4056797 4056403 0 -1 0 1738 237 0 0 5 2 0 0 20 0 1 0 923017950 27553792 3403 17179869184 93824994299904 93824996572973 140737488338256 0 0 0 134217728 4 74274 1 0 0 17 2 0 0 0 0 0 93824998874888 93825001005840 93825001308160 140737488340073 140737488340470 140737488340470 140737488351179 0
/proc/4056797/statm: 6727 3403 2098 555 0 1769 0
[pid=4056870] ppid=4056797 vsize=126280 memory=114208 CPUtime=762.18 cores=2-3
/proc/4056870/stat : 4056870 (clingo) R 4056797 4056797 4056403 0 -1 0 37688 0 0 0 76208 10 0 0 20 0 1 0 923017958 129310720 28552 17179869184 93824992301056 93824992468925 140737488338416 0 0 0 134217728 4 25184771 0 0 0 17 2 0 0 0 0 0 93824992533936 93824992571272 93824992575488 140737488340183 140737488340354 140737488340354 140737488351170 0
/proc/4056870/statm: 31570 28552 2085 41 0 27649 0
Current children cumulated CPU time: 762.25 s
Current children cumulated vsize: 153188 KiB
Current children cumulated memory: 127820 KiB

[startup+822.3 s]
/proc/loadavg: 14.07 14.25 13.93 17/809 4057976
/proc/meminfo: memFree=373610216/528004312 swapFree=8388604/8388604
[pid=4056797] ppid=4056779 vsize=26908 memory=13612 CPUtime=0.07 cores=2-3
/proc/4056797/stat : 4056797 (perf) S 4056779 4056797 4056403 0 -1 0 1738 237 0 0 5 2 0 0 20 0 1 0 923017950 27553792 3403 17179869184 93824994299904 93824996572973 140737488338256 0 0 0 134217728 4 74274 1 0 0 17 2 0 0 0 0 0 93824998874888 93825001005840 93825001308160 140737488340073 140737488340470 140737488340470 140737488351179 0
/proc/4056797/statm: 6727 3403 2098 555 0 1769 0
[pid=4056870] ppid=4056797 vsize=128056 memory=115824 CPUtime=822.18 cores=2-3
/proc/4056870/stat : 4056870 (clingo) R 4056797 4056797 4056403 0 -1 0 38207 0 0 0 82208 10 0 0 20 0 1 0 923017958 131129344 28956 17179869184 93824992301056 93824992468925 140737488338416 0 0 0 134217728 4 25184771 0 0 0 17 2 0 0 0 0 0 93824992533936 93824992571272 93824992575488 140737488340183 140737488340354 140737488340354 140737488351170 0
/proc/4056870/statm: 32014 28956 2085 41 0 28093 0
Current children cumulated CPU time: 822.25 s
Current children cumulated vsize: 154964 KiB
Current children cumulated memory: 129436 KiB

[startup+882.3 s]
/proc/loadavg: 14.07 14.22 13.94 17/809 4057979
/proc/meminfo: memFree=373572940/528004312 swapFree=8388604/8388604
[pid=4056797] ppid=4056779 vsize=26908 memory=13612 CPUtime=0.07 cores=2-3
/proc/4056797/stat : 4056797 (perf) S 4056779 4056797 4056403 0 -1 0 1738 237 0 0 5 2 0 0 20 0 1 0 923017950 27553792 3403 17179869184 93824994299904 93824996572973 140737488338256 0 0 0 134217728 4 74274 1 0 0 17 2 0 0 0 0 0 93824998874888 93825001005840 93825001308160 140737488340073 140737488340470 140737488340470 140737488351179 0
/proc/4056797/statm: 6727 3403 2098 555 0 1769 0
[pid=4056870] ppid=4056797 vsize=131324 memory=118912 CPUtime=882.19 cores=2-3
/proc/4056870/stat : 4056870 (clingo) R 4056797 4056797 4056403 0 -1 0 40501 0 0 0 88208 11 0 0 20 0 1 0 923017958 134475776 29728 17179869184 93824992301056 93824992468925 140737488338416 0 0 0 134217728 4 25184771 0 0 0 17 2 0 0 0 0 0 93824992533936 93824992571272 93824992575488 140737488340183 140737488340354 140737488340354 140737488351170 0
/proc/4056870/statm: 32831 29728 2085 41 0 28910 0
Current children cumulated CPU time: 882.26 s
Current children cumulated vsize: 158232 KiB
Current children cumulated memory: 132524 KiB

[startup+942.3 s]
/proc/loadavg: 14.22 14.22 13.96 17/809 4057984
/proc/meminfo: memFree=373528872/528004312 swapFree=8388604/8388604
[pid=4056797] ppid=4056779 vsize=26908 memory=13612 CPUtime=0.07 cores=2-3
/proc/4056797/stat : 4056797 (perf) S 4056779 4056797 4056403 0 -1 0 1738 237 0 0 5 2 0 0 20 0 1 0 923017950 27553792 3403 17179869184 93824994299904 93824996572973 140737488338256 0 0 0 134217728 4 74274 1 0 0 17 2 0 0 0 0 0 93824998874888 93825001005840 93825001308160 140737488340073 140737488340470 140737488340470 140737488351179 0
/proc/4056797/statm: 6727 3403 2098 555 0 1769 0
[pid=4056870] ppid=4056797 vsize=134112 memory=121608 CPUtime=942.18 cores=2-3
/proc/4056870/stat : 4056870 (clingo) R 4056797 4056797 4056403 0 -1 0 42300 0 0 0 94206 12 0 0 20 0 1 0 923017958 137330688 30402 17179869184 93824992301056 93824992468925 140737488338416 0 0 0 134217728 4 25184771 0 0 0 17 2 0 0 0 0 0 93824992533936 93824992571272 93824992575488 140737488340183 140737488340354 140737488340354 140737488351170 0
/proc/4056870/statm: 33528 30402 2085 41 0 29607 0
Current children cumulated CPU time: 942.25 s
Current children cumulated vsize: 161020 KiB
Current children cumulated memory: 135220 KiB

[startup+1002.3 s]
/proc/loadavg: 14.60 14.35 14.02 17/809 4057987
/proc/meminfo: memFree=373492852/528004312 swapFree=8388604/8388604
[pid=4056797] ppid=4056779 vsize=26908 memory=13612 CPUtime=0.07 cores=2-3
/proc/4056797/stat : 4056797 (perf) S 4056779 4056797 4056403 0 -1 0 1738 237 0 0 5 2 0 0 20 0 1 0 923017950 27553792 3403 17179869184 93824994299904 93824996572973 140737488338256 0 0 0 134217728 4 74274 1 0 0 17 2 0 0 0 0 0 93824998874888 93825001005840 93825001308160 140737488340073 140737488340470 140737488340470 140737488351179 0
/proc/4056797/statm: 6727 3403 2098 555 0 1769 0
[pid=4056870] ppid=4056797 vsize=137608 memory=124708 CPUtime=1002.18 cores=2-3
/proc/4056870/stat : 4056870 (clingo) R 4056797 4056797 4056403 0 -1 0 43468 0 0 0 100205 13 0 0 20 0 1 0 923017958 140910592 31177 17179869184 93824992301056 93824992468925 140737488338416 0 0 0 134217728 4 25184771 0 0 0 17 2 0 0 0 0 0 93824992533936 93824992571272 93824992575488 140737488340183 140737488340354 140737488340354 140737488351170 0
/proc/4056870/statm: 34402 31177 2085 41 0 30481 0
Current children cumulated CPU time: 1002.25 s
Current children cumulated vsize: 164516 KiB
Current children cumulated memory: 138320 KiB

[startup+1062.3 s]
/proc/loadavg: 14.26 14.30 14.02 17/809 4057989
/proc/meminfo: memFree=373451780/528004312 swapFree=8388604/8388604
[pid=4056797] ppid=4056779 vsize=26908 memory=13612 CPUtime=0.07 cores=2-3
/proc/4056797/stat : 4056797 (perf) S 4056779 4056797 4056403 0 -1 0 1738 237 0 0 5 2 0 0 20 0 1 0 923017950 27553792 3403 17179869184 93824994299904 93824996572973 140737488338256 0 0 0 134217728 4 74274 1 0 0 17 2 0 0 0 0 0 93824998874888 93825001005840 93825001308160 140737488340073 140737488340470 140737488340470 140737488351179 0
/proc/4056797/statm: 6727 3403 2098 555 0 1769 0
[pid=4056870] ppid=4056797 vsize=140700 memory=128096 CPUtime=1062.18 cores=2-3
/proc/4056870/stat : 4056870 (clingo) R 4056797 4056797 4056403 0 -1 0 44415 0 0 0 106205 13 0 0 20 0 1 0 923017958 144076800 32024 17179869184 93824992301056 93824992468925 140737488338416 0 0 0 134217728 4 25184771 0 0 0 17 2 0 0 0 0 0 93824992533936 93824992571272 93824992575488 140737488340183 140737488340354 140737488340354 140737488351170 0
/proc/4056870/statm: 35175 32024 2085 41 0 31254 0
Current children cumulated CPU time: 1062.25 s
Current children cumulated vsize: 167608 KiB
Current children cumulated memory: 141708 KiB

[startup+1122.3 s]
/proc/loadavg: 14.19 14.27 14.03 17/808 4057993
/proc/meminfo: memFree=373424064/528004312 swapFree=8388604/8388604
[pid=4056797] ppid=4056779 vsize=26908 memory=13612 CPUtime=0.07 cores=2-3
/proc/4056797/stat : 4056797 (perf) S 4056779 4056797 4056403 0 -1 0 1738 237 0 0 5 2 0 0 20 0 1 0 923017950 27553792 3403 17179869184 93824994299904 93824996572973 140737488338256 0 0 0 134217728 4 74274 1 0 0 17 2 0 0 0 0 0 93824998874888 93825001005840 93825001308160 140737488340073 140737488340470 140737488340470 140737488351179 0
/proc/4056797/statm: 6727 3403 2098 555 0 1769 0
[pid=4056870] ppid=4056797 vsize=145648 memory=132052 CPUtime=1122.18 cores=2-3
/proc/4056870/stat : 4056870 (clingo) R 4056797 4056797 4056403 0 -1 0 45434 0 0 0 112205 13 0 0 20 0 1 0 923017958 149143552 33013 17179869184 93824992301056 93824992468925 140737488338416 0 0 0 134217728 4 25184771 0 0 0 17 2 0 0 0 0 0 93824992533936 93824992571272 93824992575488 140737488340183 140737488340354 140737488340354 140737488351170 0
/proc/4056870/statm: 36412 33013 2085 41 0 32491 0
Current children cumulated CPU time: 1122.25 s
Current children cumulated vsize: 172556 KiB
Current children cumulated memory: 145664 KiB

[startup+1182.3 s]
/proc/loadavg: 14.12 14.23 14.03 17/808 4057996
/proc/meminfo: memFree=373392580/528004312 swapFree=8388604/8388604
[pid=4056797] ppid=4056779 vsize=26908 memory=13612 CPUtime=0.07 cores=2-3
/proc/4056797/stat : 4056797 (perf) S 4056779 4056797 4056403 0 -1 0 1738 237 0 0 5 2 0 0 20 0 1 0 923017950 27553792 3403 17179869184 93824994299904 93824996572973 140737488338256 0 0 0 134217728 4 74274 1 0 0 17 2 0 0 0 0 0 93824998874888 93825001005840 93825001308160 140737488340073 140737488340470 140737488340470 140737488351179 0
/proc/4056797/statm: 6727 3403 2098 555 0 1769 0
[pid=4056870] ppid=4056797 vsize=148408 memory=134692 CPUtime=1182.17 cores=2-3
/proc/4056870/stat : 4056870 (clingo) R 4056797 4056797 4056403 0 -1 0 46047 0 0 0 118204 13 0 0 20 0 1 0 923017958 151969792 33673 17179869184 93824992301056 93824992468925 140737488338416 0 0 0 134217728 4 25184771 0 0 0 17 2 0 0 0 0 0 93824992533936 93824992571272 93824992575488 140737488340183 140737488340354 140737488340354 140737488351170 0
/proc/4056870/statm: 37102 33673 2085 41 0 33181 0
Current children cumulated CPU time: 1182.24 s
Current children cumulated vsize: 175316 KiB
Current children cumulated memory: 148304 KiB



Maximum wall clock time exceeded: sending SIGTERM then SIGKILL

[startup+1205 s]*
/proc/loadavg: 14.08 14.21 14.03 17/808 4057997
/proc/meminfo: memFree=373382012/528004312 swapFree=8388604/8388604
[pid=4056797] ppid=4056779 vsize=26908 memory=13612 CPUtime=0.07 cores=2-3
/proc/4056797/stat : 4056797 (perf) S 4056779 4056797 4056403 0 -1 0 1738 237 0 0 5 2 0 0 20 0 1 0 923017950 27553792 3403 17179869184 93824994299904 93824996572973 140737488338256 0 0 0 134217728 4 74274 1 0 0 17 2 0 0 0 0 0 93824998874888 93825001005840 93825001308160 140737488340073 140737488340470 140737488340470 140737488351179 0
/proc/4056797/statm: 6727 3403 2098 555 0 1769 0
[pid=4056870] ppid=4056797 vsize=148408 memory=134692 CPUtime=1204.89 cores=2-3
/proc/4056870/stat : 4056870 (clingo) R 4056797 4056797 4056403 0 -1 0 46064 0 0 0 120476 13 0 0 20 0 1 0 923017958 151969792 33673 17179869184 93824992301056 93824992468925 140737488338416 0 0 0 134217728 4 25184771 0 0 0 17 2 0 0 0 0 0 93824992533936 93824992571272 93824992575488 140737488340183 140737488340354 140737488340354 140737488351170 0
/proc/4056870/statm: 37102 33673 2085 41 0 33181 0
Current children cumulated CPU time: 1204.96 s
Current children cumulated vsize: 175316 KiB
Current children cumulated memory: 148304 KiB

Sending SIGINT to process tree (bottom up)
Sleeping 5 seconds

[startup+1205.03 s]
# the end of solver process 4056797 was just reported to runsolver
# cumulated CPU time of all completed processes:  user=1204.82 s, system=0.173169 s

Solver just ended.
??? end of watcher thread
Dumping a history of the last processes samples

Child status: 1
Real time (s): 1205.03
CPU time (s): 1205
CPU user time (s): 1204.82
CPU system time (s): 0.173169
CPU usage (%): 99.9975
Max. virtual memory (cumulated for all children) (KiB): 175316
Max. memory (cumulated for all children) (KiB): 148304

getrusage(RUSAGE_CHILDREN,...) data:
user time used= 1204.82
system time used= 0.173169
maximum resident set size= 134808
integral shared memory size= 0
integral unshared data size= 0
integral unshared stack size= 0
page reclaims= 48079
page faults= 0
swaps= 0
block input operations= 0
block output operations= 0
messages sent= 0
messages received= 0
signals received= 0
voluntary context switches= 92
involuntary context switches= 1612


# summary of solver processes directly reported to runsolver:
#   pid: 4056797
#   total CPU time (s): 1205
#   total CPU user time (s): 1204.82
#   total CPU system time (s): 0.173169

??? end of timestamper thread
runsolver used 8.6952 second user time and 14.451 second system time

The end
