runsolver version 3.4.0 (svn: 3018) Copyright (C) 2010-2013 Olivier ROUSSEL

This program is distributed in the hope that it will be useful,
but WITHOUT ANY WARRANTY; without even the implied warranty of
MERCHANTABILITY or FITNESS FOR A PARTICULAR PURPOSE.  See the
GNU General Public License for more details.

NUMA information:
  number of nodes: 2
  memory of node 0: 257635 MiB (186222 MiB free)
  memory of node 1: 257994 MiB (189078 MiB free)
  node distances:
     10  20
     20  10

command line: /dev/shm/372833b6-2e81-11f1-ac62-000c298f4621/input/runsolver -w /dev/shm/372833b6-2e81-11f1-ac62-000c298f4621/output/runsolver.log -v /dev/shm/372833b6-2e81-11f1-ac62-000c298f4621/output/varfile.log -W 1205 --rss-swap-limit 16384 -d 5 --sigint /usr/bin/perf stat -B -e task-clock,cache-references,cache-misses,cycles,instructions,branches,faults,migrations,context-switches -o /dev/shm/372833b6-2e81-11f1-ac62-000c298f4621/output/perf.log clingo /home/guests/mmacri/AMOSUM/benchmarks/GraphColouring/encoding-plain-amo.asp /dev/shm/372833b6-2e81-11f1-ac62-000c298f4621/input/0001-graph_colouring-125-0_1200.asp 

running on 2 cores: 12-13

Enforcing wall clock limit (soft limit, will send SIGTERM then SIGKILL): 1205 seconds
Enforcing RSS+Swap limit (soft limit, will send SIGTERM then SIGKILL): 16777216 KiB
Linux 5.15.0-131-generic
Current StackSize limit: 8192 KiB

solver pid=1841017, runsolver pid=1841013

[startup+0.100068 s]*
/proc/loadavg: 14.00 13.81 10.33 20/853 1841064
/proc/meminfo: memFree=384454372/528004524 swapFree=8388604/8388604
[pid=1841017] ppid=1841013 vsize=26908 memory=13436 CPUtime=0.07 cores=12-13
/proc/1841017/stat : 1841017 (perf) S 1841013 1841017 1840690 0 -1 0 1764 251 16 0 4 3 0 0 20 0 1 0 922851698 27553792 3359 17179869184 93824994299904 93824996572973 140737488338256 0 0 0 134217728 4 74274 1 0 0 17 12 0 0 0 0 0 93824998874888 93825001005840 93825001308160 140737488340073 140737488340470 140737488340470 140737488351179 0
/proc/1841017/statm: 6727 3359 2054 555 0 1769 0
[pid=1841053] ppid=1841017 vsize=19540 memory=11140 CPUtime=0.02 cores=12-13
/proc/1841053/stat : 1841053 (clingo) R 1841017 1841017 1840690 0 -1 0 1096 0 0 0 2 0 0 0 20 0 1 0 922851707 20008960 2785 17179869184 93824992301056 93824992468925 140737488338416 0 0 0 134217728 4 25184771 0 0 0 17 13 0 0 0 0 0 93824992533936 93824992571272 93824992575488 140737488340183 140737488340354 140737488340354 140737488351170 0
/proc/1841053/statm: 4885 2785 2045 41 0 964 0
Current children cumulated CPU time: 0.09 s
Current children cumulated vsize: 46448 KiB
Current children cumulated memory: 24576 KiB

[startup+0.237253 s]*
/proc/loadavg: 14.00 13.81 10.33 21/852 1841070
/proc/meminfo: memFree=384384384/528004524 swapFree=8388604/8388604
[pid=1841017] ppid=1841013 vsize=26908 memory=13436 CPUtime=0.07 cores=12-13
/proc/1841017/stat : 1841017 (perf) S 1841013 1841017 1840690 0 -1 0 1764 251 16 0 4 3 0 0 20 0 1 0 922851698 27553792 3359 17179869184 93824994299904 93824996572973 140737488338256 0 0 0 134217728 4 74274 1 0 0 17 12 0 0 0 0 0 93824998874888 93825001005840 93825001308160 140737488340073 140737488340470 140737488340470 140737488351179 0
/proc/1841017/statm: 6727 3359 2054 555 0 1769 0
[pid=1841053] ppid=1841017 vsize=25880 memory=17908 CPUtime=0.14 cores=12-13
/proc/1841053/stat : 1841053 (clingo) R 1841017 1841017 1840690 0 -1 0 2700 0 0 0 14 0 0 0 20 0 1 0 922851707 26501120 4477 17179869184 93824992301056 93824992468925 140737488338416 0 0 0 134217728 4 25184771 0 0 0 17 13 0 0 0 0 0 93824992533936 93824992571272 93824992575488 140737488340183 140737488340354 140737488340354 140737488351170 0
/proc/1841053/statm: 6470 4477 2091 41 0 2549 0
Current children cumulated CPU time: 0.21 s
Current children cumulated vsize: 52788 KiB
Current children cumulated memory: 31344 KiB

[startup+0.335934 s]*
/proc/loadavg: 14.00 13.81 10.33 18/852 1841070
/proc/meminfo: memFree=384349360/528004524 swapFree=8388604/8388604
[pid=1841017] ppid=1841013 vsize=26908 memory=13436 CPUtime=0.07 cores=12-13
/proc/1841017/stat : 1841017 (perf) S 1841013 1841017 1840690 0 -1 0 1764 251 16 0 4 3 0 0 20 0 1 0 922851698 27553792 3359 17179869184 93824994299904 93824996572973 140737488338256 0 0 0 134217728 4 74274 1 0 0 17 12 0 0 0 0 0 93824998874888 93825001005840 93825001308160 140737488340073 140737488340470 140737488340470 140737488351179 0
/proc/1841017/statm: 6727 3359 2054 555 0 1769 0
[pid=1841053] ppid=1841017 vsize=27896 memory=19756 CPUtime=0.21 cores=12-13
/proc/1841053/stat : 1841053 (clingo) R 1841017 1841017 1840690 0 -1 0 3194 0 0 0 21 0 0 0 20 0 1 0 922851707 28565504 4939 17179869184 93824992301056 93824992468925 140737488338416 0 0 0 134217728 4 25184771 0 0 0 17 12 0 0 0 0 0 93824992533936 93824992571272 93824992575488 140737488340183 140737488340354 140737488340354 140737488351170 0
/proc/1841053/statm: 6974 4939 2091 41 0 3053 0
Current children cumulated CPU time: 0.28 s
Current children cumulated vsize: 54804 KiB
Current children cumulated memory: 33192 KiB

[startup+0.683192 s]
# the end of solver process 1841017 was just reported to runsolver
# cumulated CPU time of all completed processes:  user=0.576651 s, system=0.045467 s

Solver just ended.
??? end of watcher thread
Dumping a history of the last processes samples

[startup+0.436709 s]*
/proc/loadavg: 14.00 13.81 10.33 18/852 1841070
/proc/meminfo: memFree=384331216/528004524 swapFree=8388604/8388604
[pid=1841017] ppid=1841013 vsize=26908 memory=13436 CPUtime=0.07 cores=12-13
/proc/1841017/stat : 1841017 (perf) S 1841013 1841017 1840690 0 -1 0 1764 251 16 0 4 3 0 0 20 0 1 0 922851698 27553792 3359 17179869184 93824994299904 93824996572973 140737488338256 0 0 0 134217728 4 74274 1 0 0 17 12 0 0 0 0 0 93824998874888 93825001005840 93825001308160 140737488340073 140737488340470 140737488340470 140737488351179 0
/proc/1841017/statm: 6727 3359 2054 555 0 1769 0
[pid=1841053] ppid=1841017 vsize=28952 memory=20812 CPUtime=0.29 cores=12-13
/proc/1841053/stat : 1841053 (clingo) R 1841017 1841017 1840690 0 -1 0 3458 0 0 0 29 0 0 0 20 0 1 0 922851707 29646848 5203 17179869184 93824992301056 93824992468925 140737488338416 0 0 0 134217728 4 25184771 0 0 0 17 12 0 0 0 0 0 93824992533936 93824992571272 93824992575488 140737488340183 140737488340354 140737488340354 140737488351170 0
/proc/1841053/statm: 7238 5203 2091 41 0 3317 0
Current children cumulated CPU time: 0.36 s
Current children cumulated vsize: 55860 KiB
Current children cumulated memory: 34248 KiB

[startup+0.619197 s]
/proc/loadavg: 14.00 13.81 10.33 15/852 1841070
/proc/meminfo: memFree=385039840/528004524 swapFree=8388604/8388604
[pid=1841017] ppid=1841013 vsize=26908 memory=13436 CPUtime=0.07 cores=12-13
/proc/1841017/stat : 1841017 (perf) S 1841013 1841017 1840690 0 -1 0 1764 251 16 0 4 3 0 0 20 0 1 0 922851698 27553792 3359 17179869184 93824994299904 93824996572973 140737488338256 0 0 0 134217728 4 74274 1 0 0 17 12 0 0 0 0 0 93824998874888 93825001005840 93825001308160 140737488340073 140737488340470 140737488340470 140737488351179 0
/proc/1841017/statm: 6727 3359 2054 555 0 1769 0
[pid=1841053] ppid=1841017 vsize=30272 memory=22132 CPUtime=0.46 cores=12-13
/proc/1841053/stat : 1841053 (clingo) R 1841017 1841017 1840690 0 -1 0 3784 0 0 0 46 0 0 0 20 0 1 0 922851707 30998528 5533 17179869184 93824992301056 93824992468925 140737488338416 0 0 0 134217728 4 25184771 0 0 0 17 12 0 0 0 0 0 93824992533936 93824992571272 93824992575488 140737488340183 140737488340354 140737488340354 140737488351170 0
/proc/1841053/statm: 7568 5533 2091 41 0 3647 0
Current children cumulated CPU time: 0.53 s
Current children cumulated vsize: 57180 KiB
Current children cumulated memory: 35568 KiB

Child status: 10
Real time (s): 0.683215
CPU time (s): 0.622118
CPU user time (s): 0.576651
CPU system time (s): 0.045467
CPU usage (%): 91.0574
Max. virtual memory (cumulated for all children) (KiB): 57180
Max. memory (cumulated for all children) (KiB): 35568

getrusage(RUSAGE_CHILDREN,...) data:
user time used= 0.576651
system time used= 0.045467
maximum resident set size= 22660
integral shared memory size= 0
integral unshared data size= 0
integral unshared stack size= 0
page reclaims= 5992
page faults= 16
swaps= 0
block input operations= 0
block output operations= 0
messages sent= 0
messages received= 0
signals received= 0
voluntary context switches= 31
involuntary context switches= 17


# summary of solver processes directly reported to runsolver:
#   pid: 1841017
#   total CPU time (s): 0.622118
#   total CPU user time (s): 0.576651
#   total CPU system time (s): 0.045467

??? end of timestamper thread
runsolver used 0.032021 second user time and 0.109479 second system time

The end
