runsolver version 3.4.0 (svn: 3018) Copyright (C) 2010-2013 Olivier ROUSSEL

This program is distributed in the hope that it will be useful,
but WITHOUT ANY WARRANTY; without even the implied warranty of
MERCHANTABILITY or FITNESS FOR A PARTICULAR PURPOSE.  See the
GNU General Public License for more details.

NUMA information:
  number of nodes: 2
  memory of node 0: 257635 MiB (178609 MiB free)
  memory of node 1: 257994 MiB (182856 MiB free)
  node distances:
     10  20
     20  10

command line: /dev/shm/376dbd8c-2e81-11f1-ac62-000c298f4621/input/runsolver -w /dev/shm/376dbd8c-2e81-11f1-ac62-000c298f4621/output/runsolver.log -v /dev/shm/376dbd8c-2e81-11f1-ac62-000c298f4621/output/varfile.log -W 1205 --rss-swap-limit 16384 -d 5 --sigint /usr/bin/perf stat -B -e task-clock,cache-references,cache-misses,cycles,instructions,branches,faults,migrations,context-switches -o /dev/shm/376dbd8c-2e81-11f1-ac62-000c298f4621/output/perf.log clingo /home/guests/mmacri/AMOSUM/benchmarks/GraphColouring/encoding-plain-amo.asp /dev/shm/376dbd8c-2e81-11f1-ac62-000c298f4621/input/0035-graph_colouring-140-0_5376.asp 

running on 2 cores: 28-29

Enforcing wall clock limit (soft limit, will send SIGTERM then SIGKILL): 1205 seconds
Enforcing RSS+Swap limit (soft limit, will send SIGTERM then SIGKILL): 16777216 KiB
Linux 5.15.0-131-generic
Current StackSize limit: 8192 KiB

solver pid=329193, runsolver pid=329192

[startup+0.100069 s]*
/proc/loadavg: 14.34 14.25 13.26 15/829 329197
/proc/meminfo: memFree=370135140/528004516 swapFree=8388604/8388604
[pid=329193] ppid=329192 vsize=26908 memory=13616 CPUtime=0.07 cores=28-29
/proc/329193/stat : 329193 (perf) S 329192 329193 329150 0 -1 0 1738 237 0 0 5 2 0 0 20 0 1 0 922980517 27553792 3404 17179869184 93824994299904 93824996572973 140737488338256 0 0 0 134217728 4 74274 1 0 0 17 28 0 0 0 0 0 93824998874888 93825001005840 93825001308160 140737488340074 140737488340471 140737488340471 140737488351179 0
/proc/329193/statm: 6727 3404 2099 555 0 1769 0
[pid=329197] ppid=329193 vsize=20304 memory=12196 CPUtime=0.03 cores=28-29
/proc/329197/stat : 329197 (clingo) R 329193 329193 329150 0 -1 0 1304 0 0 0 3 0 0 0 20 0 1 0 922980525 20791296 3049 17179869184 93824992301056 93824992468925 140737488338416 0 0 0 134217728 4 25184771 0 0 0 17 29 0 0 0 0 0 93824992533936 93824992571272 93824992575488 140737488340184 140737488340355 140737488340355 140737488351170 0
/proc/329197/statm: 5076 3049 2091 41 0 1155 0
Current children cumulated CPU time: 0.1 s
Current children cumulated vsize: 47212 KiB
Current children cumulated memory: 25812 KiB

[startup+0.234494 s]*
/proc/loadavg: 14.34 14.25 13.26 15/829 329197
/proc/meminfo: memFree=370130128/528004516 swapFree=8388604/8388604
[pid=329193] ppid=329192 vsize=26908 memory=13616 CPUtime=0.07 cores=28-29
/proc/329193/stat : 329193 (perf) S 329192 329193 329150 0 -1 0 1738 237 0 0 5 2 0 0 20 0 1 0 922980517 27553792 3404 17179869184 93824994299904 93824996572973 140737488338256 0 0 0 134217728 4 74274 1 0 0 17 28 0 0 0 0 0 93824998874888 93825001005840 93825001308160 140737488340074 140737488340471 140737488340471 140737488351179 0
/proc/329193/statm: 6727 3404 2099 555 0 1769 0
[pid=329197] ppid=329193 vsize=25200 memory=17212 CPUtime=0.15 cores=28-29
/proc/329197/stat : 329197 (clingo) R 329193 329193 329150 0 -1 0 2540 0 0 0 15 0 0 0 20 0 1 0 922980525 25804800 4303 17179869184 93824992301056 93824992468925 140737488338416 0 0 0 134217728 4 25184771 0 0 0 17 29 0 0 0 0 0 93824992533936 93824992571272 93824992575488 140737488340184 140737488340355 140737488340355 140737488351170 0
/proc/329197/statm: 6300 4303 2091 41 0 2379 0
Current children cumulated CPU time: 0.22 s
Current children cumulated vsize: 52108 KiB
Current children cumulated memory: 30828 KiB

[startup+0.334589 s]*
/proc/loadavg: 14.34 14.25 13.26 15/829 329197
/proc/meminfo: memFree=370125844/528004516 swapFree=8388604/8388604
[pid=329193] ppid=329192 vsize=26908 memory=13616 CPUtime=0.07 cores=28-29
/proc/329193/stat : 329193 (perf) S 329192 329193 329150 0 -1 0 1738 237 0 0 5 2 0 0 20 0 1 0 922980517 27553792 3404 17179869184 93824994299904 93824996572973 140737488338256 0 0 0 134217728 4 74274 1 0 0 17 28 0 0 0 0 0 93824998874888 93825001005840 93825001308160 140737488340074 140737488340471 140737488340471 140737488351179 0
/proc/329193/statm: 6727 3404 2099 555 0 1769 0
[pid=329197] ppid=329193 vsize=26400 memory=18268 CPUtime=0.23 cores=28-29
/proc/329197/stat : 329197 (clingo) R 329193 329193 329150 0 -1 0 2836 0 0 0 23 0 0 0 20 0 1 0 922980525 27033600 4567 17179869184 93824992301056 93824992468925 140737488338416 0 0 0 134217728 4 25184771 0 0 0 17 29 0 0 0 0 0 93824992533936 93824992571272 93824992575488 140737488340184 140737488340355 140737488340355 140737488351170 0
/proc/329197/statm: 6600 4567 2091 41 0 2679 0
Current children cumulated CPU time: 0.3 s
Current children cumulated vsize: 53308 KiB
Current children cumulated memory: 31884 KiB

[startup+0.700341 s]
/proc/loadavg: 14.34 14.25 13.26 13/825 329197
/proc/meminfo: memFree=370299724/528004516 swapFree=8388604/8388604
[pid=329193] ppid=329192 vsize=26908 memory=13616 CPUtime=0.07 cores=28-29
/proc/329193/stat : 329193 (perf) S 329192 329193 329150 0 -1 0 1738 237 0 0 5 2 0 0 20 0 1 0 922980517 27553792 3404 17179869184 93824994299904 93824996572973 140737488338256 0 0 0 134217728 4 74274 1 0 0 17 28 0 0 0 0 0 93824998874888 93825001005840 93825001308160 140737488340074 140737488340471 140737488340471 140737488351179 0
/proc/329193/statm: 6727 3404 2099 555 0 1769 0
[pid=329197] ppid=329193 vsize=28404 memory=20380 CPUtime=0.54 cores=28-29
/proc/329197/stat : 329197 (clingo) R 329193 329193 329150 0 -1 0 3317 0 0 0 54 0 0 0 20 0 1 0 922980525 29085696 5095 17179869184 93824992301056 93824992468925 140737488338416 0 0 0 134217728 4 25184771 0 0 0 17 28 0 0 0 0 0 93824992533936 93824992571272 93824992575488 140737488340184 140737488340355 140737488340355 140737488351170 0
/proc/329197/statm: 7101 5095 2091 41 0 3180 0
Current children cumulated CPU time: 0.61 s
Current children cumulated vsize: 55312 KiB
Current children cumulated memory: 33996 KiB

[startup+1.50034 s]
/proc/loadavg: 14.15 14.21 13.25 13/815 329319
/proc/meminfo: memFree=370282728/528004516 swapFree=8388604/8388604
[pid=329193] ppid=329192 vsize=26908 memory=13616 CPUtime=0.07 cores=28-29
/proc/329193/stat : 329193 (perf) S 329192 329193 329150 0 -1 0 1738 237 0 0 5 2 0 0 20 0 1 0 922980517 27553792 3404 17179869184 93824994299904 93824996572973 140737488338256 0 0 0 134217728 4 74274 1 0 0 17 28 0 0 0 0 0 93824998874888 93825001005840 93825001308160 140737488340074 140737488340471 140737488340471 140737488351179 0
/proc/329193/statm: 6727 3404 2099 555 0 1769 0
[pid=329197] ppid=329193 vsize=30336 memory=22452 CPUtime=1.34 cores=28-29
/proc/329197/stat : 329197 (clingo) R 329193 329193 329150 0 -1 0 3965 0 0 0 134 0 0 0 20 0 1 0 922980525 31064064 5613 17179869184 93824992301056 93824992468925 140737488338416 0 0 0 134217728 4 25184771 0 0 0 17 28 0 0 0 0 0 93824992533936 93824992571272 93824992575488 140737488340184 140737488340355 140737488340355 140737488351170 0
/proc/329197/statm: 7584 5613 2091 41 0 3663 0
Current children cumulated CPU time: 1.41 s
Current children cumulated vsize: 57244 KiB
Current children cumulated memory: 36068 KiB

[startup+3.11814 s]
/proc/loadavg: 14.15 14.21 13.25 15/829 329403
/proc/meminfo: memFree=370274968/528004516 swapFree=8388604/8388604
[pid=329193] ppid=329192 vsize=26908 memory=13616 CPUtime=0.07 cores=28-29
/proc/329193/stat : 329193 (perf) S 329192 329193 329150 0 -1 0 1738 237 0 0 5 2 0 0 20 0 1 0 922980517 27553792 3404 17179869184 93824994299904 93824996572973 140737488338256 0 0 0 134217728 4 74274 1 0 0 17 28 0 0 0 0 0 93824998874888 93825001005840 93825001308160 140737488340074 140737488340471 140737488340471 140737488351179 0
/proc/329193/statm: 6727 3404 2099 555 0 1769 0
[pid=329197] ppid=329193 vsize=32508 memory=24296 CPUtime=2.95 cores=28-29
/proc/329197/stat : 329197 (clingo) R 329193 329193 329150 0 -1 0 4479 0 0 0 295 0 0 0 20 0 1 0 922980525 33288192 6074 17179869184 93824992301056 93824992468925 140737488338416 0 0 0 134217728 4 25184771 0 0 0 17 28 0 0 0 0 0 93824992533936 93824992571272 93824992575488 140737488340184 140737488340355 140737488340355 140737488351170 0
/proc/329197/statm: 8127 6074 2091 41 0 4206 0
Current children cumulated CPU time: 3.02 s
Current children cumulated vsize: 59416 KiB
Current children cumulated memory: 37912 KiB

[startup+6.3003 s]
/proc/loadavg: 14.14 14.21 13.26 15/829 329403
/proc/meminfo: memFree=370242484/528004516 swapFree=8388604/8388604
[pid=329193] ppid=329192 vsize=26908 memory=13616 CPUtime=0.07 cores=28-29
/proc/329193/stat : 329193 (perf) S 329192 329193 329150 0 -1 0 1738 237 0 0 5 2 0 0 20 0 1 0 922980517 27553792 3404 17179869184 93824994299904 93824996572973 140737488338256 0 0 0 134217728 4 74274 1 0 0 17 28 0 0 0 0 0 93824998874888 93825001005840 93825001308160 140737488340074 140737488340471 140737488340471 140737488351179 0
/proc/329193/statm: 6727 3404 2099 555 0 1769 0
[pid=329197] ppid=329193 vsize=35840 memory=27464 CPUtime=6.14 cores=28-29
/proc/329197/stat : 329197 (clingo) R 329193 329193 329150 0 -1 0 5266 0 0 0 613 1 0 0 20 0 1 0 922980525 36700160 6866 17179869184 93824992301056 93824992468925 140737488338416 0 0 0 134217728 4 25184771 0 0 0 17 28 0 0 0 0 0 93824992533936 93824992571272 93824992575488 140737488340184 140737488340355 140737488340355 140737488351170 0
/proc/329197/statm: 8960 6866 2091 41 0 5039 0
Current children cumulated CPU time: 6.21 s
Current children cumulated vsize: 62748 KiB
Current children cumulated memory: 41080 KiB

[startup+12.7003 s]
/proc/loadavg: 14.13 14.20 13.26 15/829 329403
/proc/meminfo: memFree=370193656/528004516 swapFree=8388604/8388604
[pid=329193] ppid=329192 vsize=26908 memory=13616 CPUtime=0.07 cores=28-29
/proc/329193/stat : 329193 (perf) S 329192 329193 329150 0 -1 0 1738 237 0 0 5 2 0 0 20 0 1 0 922980517 27553792 3404 17179869184 93824994299904 93824996572973 140737488338256 0 0 0 134217728 4 74274 1 0 0 17 28 0 0 0 0 0 93824998874888 93825001005840 93825001308160 140737488340074 140737488340471 140737488340471 140737488351179 0
/proc/329193/statm: 6727 3404 2099 555 0 1769 0
[pid=329197] ppid=329193 vsize=40280 memory=31796 CPUtime=12.54 cores=28-29
/proc/329197/stat : 329197 (clingo) R 329193 329193 329150 0 -1 0 6412 0 0 0 1253 1 0 0 20 0 1 0 922980525 41246720 7949 17179869184 93824992301056 93824992468925 140737488338416 0 0 0 134217728 4 25184771 0 0 0 17 28 0 0 0 0 0 93824992533936 93824992571272 93824992575488 140737488340184 140737488340355 140737488340355 140737488351170 0
/proc/329197/statm: 10070 7949 2091 41 0 6149 0
Current children cumulated CPU time: 12.61 s
Current children cumulated vsize: 67188 KiB
Current children cumulated memory: 45412 KiB

[startup+25.5004 s]
/proc/loadavg: 14.04 14.18 13.27 15/829 329507
/proc/meminfo: memFree=370221204/528004516 swapFree=8388604/8388604
[pid=329193] ppid=329192 vsize=26908 memory=13616 CPUtime=0.07 cores=28-29
/proc/329193/stat : 329193 (perf) S 329192 329193 329150 0 -1 0 1738 237 0 0 5 2 0 0 20 0 1 0 922980517 27553792 3404 17179869184 93824994299904 93824996572973 140737488338256 0 0 0 134217728 4 74274 1 0 0 17 28 0 0 0 0 0 93824998874888 93825001005840 93825001308160 140737488340074 140737488340471 140737488340471 140737488351179 0
/proc/329193/statm: 6727 3404 2099 555 0 1769 0
[pid=329197] ppid=329193 vsize=44908 memory=36020 CPUtime=25.34 cores=28-29
/proc/329197/stat : 329197 (clingo) R 329193 329193 329150 0 -1 0 7519 0 0 0 2533 1 0 0 20 0 1 0 922980525 45985792 9005 17179869184 93824992301056 93824992468925 140737488338416 0 0 0 134217728 4 25184771 0 0 0 17 28 0 0 0 0 0 93824992533936 93824992571272 93824992575488 140737488340184 140737488340355 140737488340355 140737488351170 0
/proc/329197/statm: 11227 9005 2091 41 0 7306 0
Current children cumulated CPU time: 25.41 s
Current children cumulated vsize: 71816 KiB
Current children cumulated memory: 49636 KiB

[startup+51.1181 s]
/proc/loadavg: 14.02 14.16 13.29 15/828 329507
/proc/meminfo: memFree=370113612/528004516 swapFree=8388604/8388604
[pid=329193] ppid=329192 vsize=26908 memory=13616 CPUtime=0.07 cores=28-29
/proc/329193/stat : 329193 (perf) S 329192 329193 329150 0 -1 0 1738 237 0 0 5 2 0 0 20 0 1 0 922980517 27553792 3404 17179869184 93824994299904 93824996572973 140737488338256 0 0 0 134217728 4 74274 1 0 0 17 28 0 0 0 0 0 93824998874888 93825001005840 93825001308160 140737488340074 140737488340471 140737488340471 140737488351179 0
/proc/329193/statm: 6727 3404 2099 555 0 1769 0
[pid=329197] ppid=329193 vsize=54796 memory=45504 CPUtime=50.95 cores=28-29
/proc/329197/stat : 329197 (clingo) R 329193 329193 329150 0 -1 0 10048 0 0 0 5093 2 0 0 20 0 1 0 922980525 56111104 11376 17179869184 93824992301056 93824992468925 140737488338416 0 0 0 134217728 4 25184771 0 0 0 17 28 0 0 0 0 0 93824992533936 93824992571272 93824992575488 140737488340184 140737488340355 140737488340355 140737488351170 0
/proc/329197/statm: 13699 11376 2091 41 0 9778 0
Current children cumulated CPU time: 51.02 s
Current children cumulated vsize: 81704 KiB
Current children cumulated memory: 59120 KiB

[startup+102.3 s]
/proc/loadavg: 14.22 14.21 13.36 15/829 329554
/proc/meminfo: memFree=369977376/528004516 swapFree=8388604/8388604
[pid=329193] ppid=329192 vsize=26908 memory=13616 CPUtime=0.07 cores=28-29
/proc/329193/stat : 329193 (perf) S 329192 329193 329150 0 -1 0 1738 237 0 0 5 2 0 0 20 0 1 0 922980517 27553792 3404 17179869184 93824994299904 93824996572973 140737488338256 0 0 0 134217728 4 74274 1 0 0 17 28 0 0 0 0 0 93824998874888 93825001005840 93825001308160 140737488340074 140737488340471 140737488340471 140737488351179 0
/proc/329193/statm: 6727 3404 2099 555 0 1769 0
[pid=329197] ppid=329193 vsize=67340 memory=56920 CPUtime=102.14 cores=28-29
/proc/329197/stat : 329197 (clingo) R 329193 329193 329150 0 -1 0 13172 0 0 0 10210 4 0 0 20 0 1 0 922980525 68956160 14230 17179869184 93824992301056 93824992468925 140737488338416 0 0 0 134217728 4 25184771 0 0 0 17 28 0 0 0 0 0 93824992533936 93824992571272 93824992575488 140737488340184 140737488340355 140737488340355 140737488351170 0
/proc/329197/statm: 16835 14230 2091 41 0 12914 0
Current children cumulated CPU time: 102.21 s
Current children cumulated vsize: 94248 KiB
Current children cumulated memory: 70536 KiB

[startup+162.3 s]
/proc/loadavg: 14.08 14.17 13.40 15/829 329557
/proc/meminfo: memFree=369873276/528004516 swapFree=8388604/8388604
[pid=329193] ppid=329192 vsize=26908 memory=13616 CPUtime=0.07 cores=28-29
/proc/329193/stat : 329193 (perf) S 329192 329193 329150 0 -1 0 1738 237 0 0 5 2 0 0 20 0 1 0 922980517 27553792 3404 17179869184 93824994299904 93824996572973 140737488338256 0 0 0 134217728 4 74274 1 0 0 17 28 0 0 0 0 0 93824998874888 93825001005840 93825001308160 140737488340074 140737488340471 140737488340471 140737488351179 0
/proc/329193/statm: 6727 3404 2099 555 0 1769 0
[pid=329197] ppid=329193 vsize=77420 memory=66592 CPUtime=162.13 cores=28-29
/proc/329197/stat : 329197 (clingo) R 329193 329193 329150 0 -1 0 15876 0 0 0 16208 5 0 0 20 0 1 0 922980525 79278080 16648 17179869184 93824992301056 93824992468925 140737488338416 0 0 0 134217728 4 25184771 0 0 0 17 28 0 0 0 0 0 93824992533936 93824992571272 93824992575488 140737488340184 140737488340355 140737488340355 140737488351170 0
/proc/329197/statm: 19355 16648 2091 41 0 15434 0
Current children cumulated CPU time: 162.2 s
Current children cumulated vsize: 104328 KiB
Current children cumulated memory: 80208 KiB

[startup+222.3 s]
/proc/loadavg: 14.03 14.14 13.44 15/829 329560
/proc/meminfo: memFree=369783268/528004516 swapFree=8388604/8388604
[pid=329193] ppid=329192 vsize=26908 memory=13616 CPUtime=0.07 cores=28-29
/proc/329193/stat : 329193 (perf) S 329192 329193 329150 0 -1 0 1738 237 0 0 5 2 0 0 20 0 1 0 922980517 27553792 3404 17179869184 93824994299904 93824996572973 140737488338256 0 0 0 134217728 4 74274 1 0 0 17 28 0 0 0 0 0 93824998874888 93825001005840 93825001308160 140737488340074 140737488340471 140737488340471 140737488351179 0
/proc/329193/statm: 6727 3404 2099 555 0 1769 0
[pid=329197] ppid=329193 vsize=85600 memory=73720 CPUtime=222.14 cores=28-29
/proc/329197/stat : 329197 (clingo) R 329193 329193 329150 0 -1 0 17662 0 0 0 22208 6 0 0 20 0 1 0 922980525 87654400 18430 17179869184 93824992301056 93824992468925 140737488338416 0 0 0 134217728 4 25184771 0 0 0 17 28 0 0 0 0 0 93824992533936 93824992571272 93824992575488 140737488340184 140737488340355 140737488340355 140737488351170 0
/proc/329197/statm: 21400 18430 2091 41 0 17479 0
Current children cumulated CPU time: 222.21 s
Current children cumulated vsize: 112508 KiB
Current children cumulated memory: 87336 KiB

[startup+282.3 s]
/proc/loadavg: 14.01 14.11 13.48 15/829 329563
/proc/meminfo: memFree=369706156/528004516 swapFree=8388604/8388604
[pid=329193] ppid=329192 vsize=26908 memory=13616 CPUtime=0.07 cores=28-29
/proc/329193/stat : 329193 (perf) S 329192 329193 329150 0 -1 0 1738 237 0 0 5 2 0 0 20 0 1 0 922980517 27553792 3404 17179869184 93824994299904 93824996572973 140737488338256 0 0 0 134217728 4 74274 1 0 0 17 28 0 0 0 0 0 93824998874888 93825001005840 93825001308160 140737488340074 140737488340471 140737488340471 140737488351179 0
/proc/329193/statm: 6727 3404 2099 555 0 1769 0
[pid=329197] ppid=329193 vsize=91172 memory=79000 CPUtime=282.14 cores=28-29
/proc/329197/stat : 329197 (clingo) R 329193 329193 329150 0 -1 0 18969 0 0 0 28208 6 0 0 20 0 1 0 922980525 93360128 19750 17179869184 93824992301056 93824992468925 140737488338416 0 0 0 134217728 4 25184771 0 0 0 17 28 0 0 0 0 0 93824992533936 93824992571272 93824992575488 140737488340184 140737488340355 140737488340355 140737488351170 0
/proc/329197/statm: 22793 19750 2091 41 0 18872 0
Current children cumulated CPU time: 282.21 s
Current children cumulated vsize: 118080 KiB
Current children cumulated memory: 92616 KiB

[startup+342.3 s]
/proc/loadavg: 15.51 14.52 13.66 15/810 329568
/proc/meminfo: memFree=369632228/528004516 swapFree=8388604/8388604
[pid=329193] ppid=329192 vsize=26908 memory=13616 CPUtime=0.07 cores=28-29
/proc/329193/stat : 329193 (perf) S 329192 329193 329150 0 -1 0 1738 237 0 0 5 2 0 0 20 0 1 0 922980517 27553792 3404 17179869184 93824994299904 93824996572973 140737488338256 0 0 0 134217728 4 74274 1 0 0 17 28 0 0 0 0 0 93824998874888 93825001005840 93825001308160 140737488340074 140737488340471 140737488340471 140737488351179 0
/proc/329193/statm: 6727 3404 2099 555 0 1769 0
[pid=329197] ppid=329193 vsize=99128 memory=86128 CPUtime=342.14 cores=28-29
/proc/329197/stat : 329197 (clingo) R 329193 329193 329150 0 -1 0 20768 0 0 0 34208 6 0 0 20 0 1 0 922980525 101507072 21532 17179869184 93824992301056 93824992468925 140737488338416 0 0 0 134217728 4 25184771 0 0 0 17 28 0 0 0 0 0 93824992533936 93824992571272 93824992575488 140737488340184 140737488340355 140737488340355 140737488351170 0
/proc/329197/statm: 24782 21532 2091 41 0 20861 0
Current children cumulated CPU time: 342.21 s
Current children cumulated vsize: 126036 KiB
Current children cumulated memory: 99744 KiB

[startup+402.3 s]
/proc/loadavg: 14.61 14.44 13.69 15/807 329570
/proc/meminfo: memFree=369570252/528004516 swapFree=8388604/8388604
[pid=329193] ppid=329192 vsize=26908 memory=13616 CPUtime=0.07 cores=28-29
/proc/329193/stat : 329193 (perf) S 329192 329193 329150 0 -1 0 1738 237 0 0 5 2 0 0 20 0 1 0 922980517 27553792 3404 17179869184 93824994299904 93824996572973 140737488338256 0 0 0 134217728 4 74274 1 0 0 17 28 0 0 0 0 0 93824998874888 93825001005840 93825001308160 140737488340074 140737488340471 140737488340471 140737488351179 0
/proc/329193/statm: 6727 3404 2099 555 0 1769 0
[pid=329197] ppid=329193 vsize=105672 memory=92200 CPUtime=402.14 cores=28-29
/proc/329197/stat : 329197 (clingo) R 329193 329193 329150 0 -1 0 22286 0 0 0 40207 7 0 0 20 0 1 0 922980525 108208128 23050 17179869184 93824992301056 93824992468925 140737488338416 0 0 0 134217728 4 25184771 0 0 0 17 28 0 0 0 0 0 93824992533936 93824992571272 93824992575488 140737488340184 140737488340355 140737488340355 140737488351170 0
/proc/329197/statm: 26418 23050 2091 41 0 22497 0
Current children cumulated CPU time: 402.21 s
Current children cumulated vsize: 132580 KiB
Current children cumulated memory: 105816 KiB

[startup+462.3 s]
/proc/loadavg: 14.22 14.35 13.71 15/808 329574
/proc/meminfo: memFree=369510328/528004516 swapFree=8388604/8388604
[pid=329193] ppid=329192 vsize=26908 memory=13616 CPUtime=0.07 cores=28-29
/proc/329193/stat : 329193 (perf) S 329192 329193 329150 0 -1 0 1738 237 0 0 5 2 0 0 20 0 1 0 922980517 27553792 3404 17179869184 93824994299904 93824996572973 140737488338256 0 0 0 134217728 4 74274 1 0 0 17 28 0 0 0 0 0 93824998874888 93825001005840 93825001308160 140737488340074 140737488340471 140737488340471 140737488351179 0
/proc/329193/statm: 6727 3404 2099 555 0 1769 0
[pid=329197] ppid=329193 vsize=112692 memory=98008 CPUtime=462.14 cores=28-29
/proc/329197/stat : 329197 (clingo) R 329193 329193 329150 0 -1 0 23768 0 0 0 46207 7 0 0 20 0 1 0 922980525 115396608 24502 17179869184 93824992301056 93824992468925 140737488338416 0 0 0 134217728 4 25184771 0 0 0 17 28 0 0 0 0 0 93824992533936 93824992571272 93824992575488 140737488340184 140737488340355 140737488340355 140737488351170 0
/proc/329197/statm: 28173 24502 2091 41 0 24252 0
Current children cumulated CPU time: 462.21 s
Current children cumulated vsize: 139600 KiB
Current children cumulated memory: 111624 KiB

[startup+522.3 s]
/proc/loadavg: 14.08 14.29 13.73 15/808 329578
/proc/meminfo: memFree=369468828/528004516 swapFree=8388604/8388604
[pid=329193] ppid=329192 vsize=26908 memory=13616 CPUtime=0.07 cores=28-29
/proc/329193/stat : 329193 (perf) S 329192 329193 329150 0 -1 0 1738 237 0 0 5 2 0 0 20 0 1 0 922980517 27553792 3404 17179869184 93824994299904 93824996572973 140737488338256 0 0 0 134217728 4 74274 1 0 0 17 28 0 0 0 0 0 93824998874888 93825001005840 93825001308160 140737488340074 140737488340471 140737488340471 140737488351179 0
/proc/329193/statm: 6727 3404 2099 555 0 1769 0
[pid=329197] ppid=329193 vsize=118572 memory=103024 CPUtime=522.14 cores=28-29
/proc/329197/stat : 329197 (clingo) R 329193 329193 329150 0 -1 0 24979 0 0 0 52207 7 0 0 20 0 1 0 922980525 121417728 25756 17179869184 93824992301056 93824992468925 140737488338416 0 0 0 134217728 4 25184771 0 0 0 17 28 0 0 0 0 0 93824992533936 93824992571272 93824992575488 140737488340184 140737488340355 140737488340355 140737488351170 0
/proc/329197/statm: 29643 25756 2091 41 0 25722 0
Current children cumulated CPU time: 522.21 s
Current children cumulated vsize: 145480 KiB
Current children cumulated memory: 116640 KiB

[startup+582.3 s]
/proc/loadavg: 14.37 14.31 13.78 15/809 329582
/proc/meminfo: memFree=369412416/528004516 swapFree=8388604/8388604
[pid=329193] ppid=329192 vsize=26908 memory=13616 CPUtime=0.07 cores=28-29
/proc/329193/stat : 329193 (perf) S 329192 329193 329150 0 -1 0 1738 237 0 0 5 2 0 0 20 0 1 0 922980517 27553792 3404 17179869184 93824994299904 93824996572973 140737488338256 0 0 0 134217728 4 74274 1 0 0 17 28 0 0 0 0 0 93824998874888 93825001005840 93825001308160 140737488340074 140737488340471 140737488340471 140737488351179 0
/proc/329193/statm: 6727 3404 2099 555 0 1769 0
[pid=329197] ppid=329193 vsize=120468 memory=104608 CPUtime=582.14 cores=28-29
/proc/329197/stat : 329197 (clingo) R 329193 329193 329150 0 -1 0 25409 0 0 0 58207 7 0 0 20 0 1 0 922980525 123359232 26152 17179869184 93824992301056 93824992468925 140737488338416 0 0 0 134217728 4 25184771 0 0 0 17 28 0 0 0 0 0 93824992533936 93824992571272 93824992575488 140737488340184 140737488340355 140737488340355 140737488351170 0
/proc/329197/statm: 30117 26152 2091 41 0 26196 0
Current children cumulated CPU time: 582.21 s
Current children cumulated vsize: 147376 KiB
Current children cumulated memory: 118224 KiB

[startup+642.3 s]
/proc/loadavg: 14.13 14.26 13.80 15/808 329585
/proc/meminfo: memFree=369371624/528004516 swapFree=8388604/8388604
[pid=329193] ppid=329192 vsize=26908 memory=13616 CPUtime=0.07 cores=28-29
/proc/329193/stat : 329193 (perf) S 329192 329193 329150 0 -1 0 1738 237 0 0 5 2 0 0 20 0 1 0 922980517 27553792 3404 17179869184 93824994299904 93824996572973 140737488338256 0 0 0 134217728 4 74274 1 0 0 17 28 0 0 0 0 0 93824998874888 93825001005840 93825001308160 140737488340074 140737488340471 140737488340471 140737488351179 0
/proc/329193/statm: 6727 3404 2099 555 0 1769 0
[pid=329197] ppid=329193 vsize=124964 memory=108832 CPUtime=642.13 cores=28-29
/proc/329197/stat : 329197 (clingo) R 329193 329193 329150 0 -1 0 26420 0 0 0 64206 7 0 0 20 0 1 0 922980525 127963136 27208 17179869184 93824992301056 93824992468925 140737488338416 0 0 0 134217728 4 25184771 0 0 0 17 28 0 0 0 0 0 93824992533936 93824992571272 93824992575488 140737488340184 140737488340355 140737488340355 140737488351170 0
/proc/329197/statm: 31241 27208 2091 41 0 27320 0
Current children cumulated CPU time: 642.2 s
Current children cumulated vsize: 151872 KiB
Current children cumulated memory: 122448 KiB

[startup+702.3 s]
/proc/loadavg: 14.05 14.21 13.81 15/809 329589
/proc/meminfo: memFree=369324028/528004516 swapFree=8388604/8388604
[pid=329193] ppid=329192 vsize=26908 memory=13616 CPUtime=0.07 cores=28-29
/proc/329193/stat : 329193 (perf) S 329192 329193 329150 0 -1 0 1738 237 0 0 5 2 0 0 20 0 1 0 922980517 27553792 3404 17179869184 93824994299904 93824996572973 140737488338256 0 0 0 134217728 4 74274 1 0 0 17 28 0 0 0 0 0 93824998874888 93825001005840 93825001308160 140737488340074 140737488340471 140737488340471 140737488351179 0
/proc/329193/statm: 6727 3404 2099 555 0 1769 0
[pid=329197] ppid=329193 vsize=129328 memory=113056 CPUtime=702.14 cores=28-29
/proc/329197/stat : 329197 (clingo) R 329193 329193 329150 0 -1 0 27480 0 0 0 70206 8 0 0 20 0 1 0 922980525 132431872 28264 17179869184 93824992301056 93824992468925 140737488338416 0 0 0 134217728 4 25184771 0 0 0 17 28 0 0 0 0 0 93824992533936 93824992571272 93824992575488 140737488340184 140737488340355 140737488340355 140737488351170 0
/proc/329197/statm: 32332 28264 2091 41 0 28411 0
Current children cumulated CPU time: 702.21 s
Current children cumulated vsize: 156236 KiB
Current children cumulated memory: 126672 KiB

[startup+762.3 s]
/proc/loadavg: 14.32 14.23 13.85 15/810 329592
/proc/meminfo: memFree=369277660/528004516 swapFree=8388604/8388604
[pid=329193] ppid=329192 vsize=26908 memory=13616 CPUtime=0.07 cores=28-29
/proc/329193/stat : 329193 (perf) S 329192 329193 329150 0 -1 0 1738 237 0 0 5 2 0 0 20 0 1 0 922980517 27553792 3404 17179869184 93824994299904 93824996572973 140737488338256 0 0 0 134217728 4 74274 1 0 0 17 28 0 0 0 0 0 93824998874888 93825001005840 93825001308160 140737488340074 140737488340471 140737488340471 140737488351179 0
/proc/329193/statm: 6727 3404 2099 555 0 1769 0
[pid=329197] ppid=329193 vsize=131792 memory=115696 CPUtime=762.13 cores=28-29
/proc/329197/stat : 329197 (clingo) R 329193 329193 329150 0 -1 0 28161 0 0 0 76205 8 0 0 20 0 1 0 922980525 134955008 28924 17179869184 93824992301056 93824992468925 140737488338416 0 0 0 134217728 4 25184771 0 0 0 17 28 0 0 0 0 0 93824992533936 93824992571272 93824992575488 140737488340184 140737488340355 140737488340355 140737488351170 0
/proc/329197/statm: 32948 28924 2091 41 0 29027 0
Current children cumulated CPU time: 762.2 s
Current children cumulated vsize: 158700 KiB
Current children cumulated memory: 129312 KiB

[startup+822.3 s]
/proc/loadavg: 15.19 14.51 13.97 15/810 329595
/proc/meminfo: memFree=369233324/528004516 swapFree=8388604/8388604
[pid=329193] ppid=329192 vsize=26908 memory=13616 CPUtime=0.07 cores=28-29
/proc/329193/stat : 329193 (perf) S 329192 329193 329150 0 -1 0 1738 237 0 0 5 2 0 0 20 0 1 0 922980517 27553792 3404 17179869184 93824994299904 93824996572973 140737488338256 0 0 0 134217728 4 74274 1 0 0 17 28 0 0 0 0 0 93824998874888 93825001005840 93825001308160 140737488340074 140737488340471 140737488340471 140737488351179 0
/proc/329193/statm: 6727 3404 2099 555 0 1769 0
[pid=329197] ppid=329193 vsize=134636 memory=118336 CPUtime=822.14 cores=28-29
/proc/329197/stat : 329197 (clingo) R 329193 329193 329150 0 -1 0 28837 0 0 0 82206 8 0 0 20 0 1 0 922980525 137867264 29584 17179869184 93824992301056 93824992468925 140737488338416 0 0 0 134217728 4 25184771 0 0 0 17 28 0 0 0 0 0 93824992533936 93824992571272 93824992575488 140737488340184 140737488340355 140737488340355 140737488351170 0
/proc/329197/statm: 33659 29584 2091 41 0 29738 0
Current children cumulated CPU time: 822.21 s
Current children cumulated vsize: 161544 KiB
Current children cumulated memory: 131952 KiB

[startup+882.3 s]
/proc/loadavg: 14.59 14.45 13.99 15/810 329598
/proc/meminfo: memFree=369191524/528004516 swapFree=8388604/8388604
[pid=329193] ppid=329192 vsize=26908 memory=13616 CPUtime=0.07 cores=28-29
/proc/329193/stat : 329193 (perf) S 329192 329193 329150 0 -1 0 1738 237 0 0 5 2 0 0 20 0 1 0 922980517 27553792 3404 17179869184 93824994299904 93824996572973 140737488338256 0 0 0 134217728 4 74274 1 0 0 17 28 0 0 0 0 0 93824998874888 93825001005840 93825001308160 140737488340074 140737488340471 140737488340471 140737488351179 0
/proc/329193/statm: 6727 3404 2099 555 0 1769 0
[pid=329197] ppid=329193 vsize=136444 memory=120448 CPUtime=882.13 cores=28-29
/proc/329197/stat : 329197 (clingo) R 329193 329193 329150 0 -1 0 29346 0 0 0 88205 8 0 0 20 0 1 0 922980525 139718656 30112 17179869184 93824992301056 93824992468925 140737488338416 0 0 0 134217728 4 25184771 0 0 0 17 28 0 0 0 0 0 93824992533936 93824992571272 93824992575488 140737488340184 140737488340355 140737488340355 140737488351170 0
/proc/329197/statm: 34111 30112 2091 41 0 30190 0
Current children cumulated CPU time: 882.2 s
Current children cumulated vsize: 163352 KiB
Current children cumulated memory: 134064 KiB

[startup+942.3 s]
/proc/loadavg: 14.28 14.39 14.00 15/810 329602
/proc/meminfo: memFree=369155520/528004516 swapFree=8388604/8388604
[pid=329193] ppid=329192 vsize=26908 memory=13616 CPUtime=0.07 cores=28-29
/proc/329193/stat : 329193 (perf) S 329192 329193 329150 0 -1 0 1738 237 0 0 5 2 0 0 20 0 1 0 922980517 27553792 3404 17179869184 93824994299904 93824996572973 140737488338256 0 0 0 134217728 4 74274 1 0 0 17 28 0 0 0 0 0 93824998874888 93825001005840 93825001308160 140737488340074 140737488340471 140737488340471 140737488351179 0
/proc/329193/statm: 6727 3404 2099 555 0 1769 0
[pid=329197] ppid=329193 vsize=138628 memory=122560 CPUtime=942.13 cores=28-29
/proc/329197/stat : 329197 (clingo) R 329193 329193 329150 0 -1 0 29889 0 0 0 94205 8 0 0 20 0 1 0 922980525 141955072 30640 17179869184 93824992301056 93824992468925 140737488338416 0 0 0 134217728 4 25184771 0 0 0 17 28 0 0 0 0 0 93824992533936 93824992571272 93824992575488 140737488340184 140737488340355 140737488340355 140737488351170 0
/proc/329197/statm: 34657 30640 2091 41 0 30736 0
Current children cumulated CPU time: 942.2 s
Current children cumulated vsize: 165536 KiB
Current children cumulated memory: 136176 KiB

[startup+1002.3 s]
/proc/loadavg: 14.10 14.32 14.00 15/809 329605
/proc/meminfo: memFree=369113184/528004516 swapFree=8388604/8388604
[pid=329193] ppid=329192 vsize=26908 memory=13616 CPUtime=0.07 cores=28-29
/proc/329193/stat : 329193 (perf) S 329192 329193 329150 0 -1 0 1738 237 0 0 5 2 0 0 20 0 1 0 922980517 27553792 3404 17179869184 93824994299904 93824996572973 140737488338256 0 0 0 134217728 4 74274 1 0 0 17 28 0 0 0 0 0 93824998874888 93825001005840 93825001308160 140737488340074 140737488340471 140737488340471 140737488351179 0
/proc/329193/statm: 6727 3404 2099 555 0 1769 0
[pid=329197] ppid=329193 vsize=141676 memory=125464 CPUtime=1002.14 cores=28-29
/proc/329197/stat : 329197 (clingo) R 329193 329193 329150 0 -1 0 30638 0 0 0 100205 9 0 0 20 0 1 0 922980525 145076224 31366 17179869184 93824992301056 93824992468925 140737488338416 0 0 0 134217728 4 25184771 0 0 0 17 28 0 0 0 0 0 93824992533936 93824992571272 93824992575488 140737488340184 140737488340355 140737488340355 140737488351170 0
/proc/329197/statm: 35419 31366 2091 41 0 31498 0
Current children cumulated CPU time: 1002.21 s
Current children cumulated vsize: 168584 KiB
Current children cumulated memory: 139080 KiB

[startup+1062.3 s]
/proc/loadavg: 14.12 14.27 14.01 15/808 329608
/proc/meminfo: memFree=369073132/528004516 swapFree=8388604/8388604
[pid=329193] ppid=329192 vsize=26908 memory=13616 CPUtime=0.07 cores=28-29
/proc/329193/stat : 329193 (perf) S 329192 329193 329150 0 -1 0 1738 237 0 0 5 2 0 0 20 0 1 0 922980517 27553792 3404 17179869184 93824994299904 93824996572973 140737488338256 0 0 0 134217728 4 74274 1 0 0 17 28 0 0 0 0 0 93824998874888 93825001005840 93825001308160 140737488340074 140737488340471 140737488340471 140737488351179 0
/proc/329193/statm: 6727 3404 2099 555 0 1769 0
[pid=329197] ppid=329193 vsize=144056 memory=127840 CPUtime=1062.14 cores=28-29
/proc/329197/stat : 329197 (clingo) R 329193 329193 329150 0 -1 0 31212 0 0 0 106205 9 0 0 20 0 1 0 922980525 147513344 31960 17179869184 93824992301056 93824992468925 140737488338416 0 0 0 134217728 4 25184771 0 0 0 17 28 0 0 0 0 0 93824992533936 93824992571272 93824992575488 140737488340184 140737488340355 140737488340355 140737488351170 0
/proc/329197/statm: 36014 31960 2091 41 0 32093 0
Current children cumulated CPU time: 1062.21 s
Current children cumulated vsize: 170964 KiB
Current children cumulated memory: 141456 KiB

[startup+1122.3 s]
/proc/loadavg: 14.04 14.22 14.00 15/809 329612
/proc/meminfo: memFree=369040676/528004516 swapFree=8388604/8388604
[pid=329193] ppid=329192 vsize=26908 memory=13616 CPUtime=0.07 cores=28-29
/proc/329193/stat : 329193 (perf) S 329192 329193 329150 0 -1 0 1738 237 0 0 5 2 0 0 20 0 1 0 922980517 27553792 3404 17179869184 93824994299904 93824996572973 140737488338256 0 0 0 134217728 4 74274 1 0 0 17 28 0 0 0 0 0 93824998874888 93825001005840 93825001308160 140737488340074 140737488340471 140737488340471 140737488351179 0
/proc/329193/statm: 6727 3404 2099 555 0 1769 0
[pid=329197] ppid=329193 vsize=147128 memory=130480 CPUtime=1122.13 cores=28-29
/proc/329197/stat : 329197 (clingo) R 329193 329193 329150 0 -1 0 31885 0 0 0 112204 9 0 0 20 0 1 0 922980525 150659072 32620 17179869184 93824992301056 93824992468925 140737488338416 0 0 0 134217728 4 25184771 0 0 0 17 28 0 0 0 0 0 93824992533936 93824992571272 93824992575488 140737488340184 140737488340355 140737488340355 140737488351170 0
/proc/329197/statm: 36782 32620 2091 41 0 32861 0
Current children cumulated CPU time: 1122.2 s
Current children cumulated vsize: 174036 KiB
Current children cumulated memory: 144096 KiB

[startup+1182.3 s]
/proc/loadavg: 14.01 14.18 14.00 15/810 329616
/proc/meminfo: memFree=369009428/528004516 swapFree=8388604/8388604
[pid=329193] ppid=329192 vsize=26908 memory=13616 CPUtime=0.07 cores=28-29
/proc/329193/stat : 329193 (perf) S 329192 329193 329150 0 -1 0 1738 237 0 0 5 2 0 0 20 0 1 0 922980517 27553792 3404 17179869184 93824994299904 93824996572973 140737488338256 0 0 0 134217728 4 74274 1 0 0 17 28 0 0 0 0 0 93824998874888 93825001005840 93825001308160 140737488340074 140737488340471 140737488340471 140737488351179 0
/proc/329193/statm: 6727 3404 2099 555 0 1769 0
[pid=329197] ppid=329193 vsize=150196 memory=133648 CPUtime=1182.14 cores=28-29
/proc/329197/stat : 329197 (clingo) R 329193 329193 329150 0 -1 0 32639 0 0 0 118205 9 0 0 20 0 1 0 922980525 153800704 33412 17179869184 93824992301056 93824992468925 140737488338416 0 0 0 134217728 4 25184771 0 0 0 17 28 0 0 0 0 0 93824992533936 93824992571272 93824992575488 140737488340184 140737488340355 140737488340355 140737488351170 0
/proc/329197/statm: 37549 33412 2091 41 0 33628 0
Current children cumulated CPU time: 1182.21 s
Current children cumulated vsize: 177104 KiB
Current children cumulated memory: 147264 KiB



Maximum wall clock time exceeded: sending SIGTERM then SIGKILL

[startup+1205 s]*
/proc/loadavg: 14.01 14.17 14.00 16/833 330671
/proc/meminfo: memFree=369980948/528004516 swapFree=8388604/8388604
[pid=329193] ppid=329192 vsize=26908 memory=13616 CPUtime=0.07 cores=28-29
/proc/329193/stat : 329193 (perf) S 329192 329193 329150 0 -1 0 1738 237 0 0 5 2 0 0 20 0 1 0 922980517 27553792 3404 17179869184 93824994299904 93824996572973 140737488338256 0 0 0 134217728 4 74274 1 0 0 17 28 0 0 0 0 0 93824998874888 93825001005840 93825001308160 140737488340074 140737488340471 140737488340471 140737488351179 0
/proc/329193/statm: 6727 3404 2099 555 0 1769 0
[pid=329197] ppid=329193 vsize=151924 memory=134968 CPUtime=1204.84 cores=28-29
/proc/329197/stat : 329197 (clingo) R 329193 329193 329150 0 -1 0 32970 0 0 0 120475 9 0 0 20 0 1 0 922980525 155570176 33742 17179869184 93824992301056 93824992468925 140737488338416 0 0 0 134217728 4 25184771 0 0 0 17 28 0 0 0 0 0 93824992533936 93824992571272 93824992575488 140737488340184 140737488340355 140737488340355 140737488351170 0
/proc/329197/statm: 37981 33742 2091 41 0 34060 0
Current children cumulated CPU time: 1204.91 s
Current children cumulated vsize: 178832 KiB
Current children cumulated memory: 148584 KiB

Sending SIGINT to process tree (bottom up)
Sleeping 5 seconds

[startup+1205.03 s]
# the end of solver process 329193 was just reported to runsolver
# cumulated CPU time of all completed processes:  user=1204.82 s, system=0.126586 s

Solver just ended.
??? end of watcher thread
Dumping a history of the last processes samples

Child status: 1
Real time (s): 1205.03
CPU time (s): 1204.95
CPU user time (s): 1204.82
CPU system time (s): 0.126586
CPU usage (%): 99.9936
Max. virtual memory (cumulated for all children) (KiB): 178832
Max. memory (cumulated for all children) (KiB): 148584

getrusage(RUSAGE_CHILDREN,...) data:
user time used= 1204.82
system time used= 0.126586
maximum resident set size= 135060
integral shared memory size= 0
integral unshared data size= 0
integral unshared stack size= 0
page reclaims= 34985
page faults= 0
swaps= 0
block input operations= 0
block output operations= 0
messages sent= 0
messages received= 0
signals received= 0
voluntary context switches= 18
involuntary context switches= 1060


# summary of solver processes directly reported to runsolver:
#   pid: 329193
#   total CPU time (s): 1204.95
#   total CPU user time (s): 1204.82
#   total CPU system time (s): 0.126586

??? end of timestamper thread
runsolver used 9.83337 second user time and 13.257 second system time

The end
