runsolver version 3.4.0 (svn: 3018) Copyright (C) 2010-2013 Olivier ROUSSEL

This program is distributed in the hope that it will be useful,
but WITHOUT ANY WARRANTY; without even the implied warranty of
MERCHANTABILITY or FITNESS FOR A PARTICULAR PURPOSE.  See the
GNU General Public License for more details.

NUMA information:
  number of nodes: 2
  memory of node 0: 257634 MiB (180029 MiB free)
  memory of node 1: 257994 MiB (185852 MiB free)
  node distances:
     10  20
     20  10

command line: /dev/shm/3783c8fc-2e81-11f1-ac62-000c298f4621/input/runsolver -w /dev/shm/3783c8fc-2e81-11f1-ac62-000c298f4621/output/runsolver.log -v /dev/shm/3783c8fc-2e81-11f1-ac62-000c298f4621/output/varfile.log -W 1205 --rss-swap-limit 16384 -d 5 --sigint /usr/bin/perf stat -B -e task-clock,cache-references,cache-misses,cycles,instructions,branches,faults,migrations,context-switches -o /dev/shm/3783c8fc-2e81-11f1-ac62-000c298f4621/output/perf.log clingo /home/guests/mmacri/AMOSUM/benchmarks/GraphColouring/encoding-plain-amo.asp /dev/shm/3783c8fc-2e81-11f1-ac62-000c298f4621/input/0048-graph_colouring-145-0_1392.asp 

running on 2 cores: 26-27

Enforcing wall clock limit (soft limit, will send SIGTERM then SIGKILL): 1205 seconds
Enforcing RSS+Swap limit (soft limit, will send SIGTERM then SIGKILL): 16777216 KiB
Linux 5.15.0-131-generic
Current StackSize limit: 8192 KiB

solver pid=4058745, runsolver pid=4058743

[startup+0.10007 s]*
/proc/loadavg: 14.08 14.21 14.03 16/745 4058872
/proc/meminfo: memFree=374643340/528004312 swapFree=8388604/8388604
[pid=4058745] ppid=4058743 vsize=26908 memory=13612 CPUtime=0.07 cores=26-27
/proc/4058745/stat : 4058745 (perf) S 4058743 4058745 4058414 0 -1 0 1738 238 0 0 6 1 0 0 20 0 1 0 923138546 27553792 3403 17179869184 93824994299904 93824996572973 140737488338256 0 0 0 134217728 4 74274 1 0 0 17 26 0 0 0 0 0 93824998874888 93825001005840 93825001308160 140737488340073 140737488340470 140737488340470 140737488351179 0
/proc/4058745/statm: 6727 3403 2098 555 0 1769 0
[pid=4058839] ppid=4058745 vsize=18872 memory=10668 CPUtime=0.02 cores=26-27
/proc/4058839/stat : 4058839 (clingo) R 4058745 4058745 4058414 0 -1 0 870 0 0 0 2 0 0 0 20 0 1 0 923138554 19324928 2667 17179869184 93824992301056 93824992468925 140737488338416 0 0 0 134217728 4 25184771 0 0 0 17 27 0 0 0 0 0 93824992533936 93824992571272 93824992575488 140737488340183 140737488340354 140737488340354 140737488351170 0
/proc/4058839/statm: 4718 2667 2038 41 0 797 0
Current children cumulated CPU time: 0.09 s
Current children cumulated vsize: 45780 KiB
Current children cumulated memory: 24280 KiB

[startup+0.220613 s]*
/proc/loadavg: 14.08 14.21 14.03 9/780 4058960
/proc/meminfo: memFree=374621208/528004312 swapFree=8388604/8388604
[pid=4058745] ppid=4058743 vsize=26908 memory=13612 CPUtime=0.07 cores=26-27
/proc/4058745/stat : 4058745 (perf) S 4058743 4058745 4058414 0 -1 0 1738 238 0 0 6 1 0 0 20 0 1 0 923138546 27553792 3403 17179869184 93824994299904 93824996572973 140737488338256 0 0 0 134217728 4 74274 1 0 0 17 26 0 0 0 0 0 93824998874888 93825001005840 93825001308160 140737488340073 140737488340470 140737488340470 140737488351179 0
/proc/4058745/statm: 6727 3403 2098 555 0 1769 0
[pid=4058839] ppid=4058745 vsize=25428 memory=17228 CPUtime=0.13 cores=26-27
/proc/4058839/stat : 4058839 (clingo) R 4058745 4058745 4058414 0 -1 0 2576 0 0 0 13 0 0 0 20 0 1 0 923138554 26038272 4307 17179869184 93824992301056 93824992468925 140737488338416 0 0 0 134217728 4 25184771 0 0 0 17 27 0 0 0 0 0 93824992533936 93824992571272 93824992575488 140737488340183 140737488340354 140737488340354 140737488351170 0
/proc/4058839/statm: 6357 4307 2085 41 0 2436 0
Current children cumulated CPU time: 0.2 s
Current children cumulated vsize: 52336 KiB
Current children cumulated memory: 30840 KiB

[startup+0.333286 s]*
/proc/loadavg: 14.08 14.21 14.03 14/820 4059000
/proc/meminfo: memFree=374607896/528004312 swapFree=8388604/8388604
[pid=4058745] ppid=4058743 vsize=26908 memory=13612 CPUtime=0.07 cores=26-27
/proc/4058745/stat : 4058745 (perf) S 4058743 4058745 4058414 0 -1 0 1738 238 0 0 6 1 0 0 20 0 1 0 923138546 27553792 3403 17179869184 93824994299904 93824996572973 140737488338256 0 0 0 134217728 4 74274 1 0 0 17 26 0 0 0 0 0 93824998874888 93825001005840 93825001308160 140737488340073 140737488340470 140737488340470 140737488351179 0
/proc/4058745/statm: 6727 3403 2098 555 0 1769 0
[pid=4058839] ppid=4058745 vsize=28596 memory=20396 CPUtime=0.22 cores=26-27
/proc/4058839/stat : 4058839 (clingo) R 4058745 4058745 4058414 0 -1 0 3356 0 0 0 22 0 0 0 20 0 1 0 923138554 29282304 5099 17179869184 93824992301056 93824992468925 140737488338416 0 0 0 134217728 4 25184771 0 0 0 17 27 0 0 0 0 0 93824992533936 93824992571272 93824992575488 140737488340183 140737488340354 140737488340354 140737488351170 0
/proc/4058839/statm: 7149 5099 2085 41 0 3228 0
Current children cumulated CPU time: 0.29 s
Current children cumulated vsize: 55504 KiB
Current children cumulated memory: 34008 KiB

[startup+0.700325 s]
/proc/loadavg: 14.08 14.21 14.03 22/828 4059253
/proc/meminfo: memFree=374625088/528004312 swapFree=8388604/8388604
[pid=4058745] ppid=4058743 vsize=26908 memory=13612 CPUtime=0.07 cores=26-27
/proc/4058745/stat : 4058745 (perf) S 4058743 4058745 4058414 0 -1 0 1738 238 0 0 6 1 0 0 20 0 1 0 923138546 27553792 3403 17179869184 93824994299904 93824996572973 140737488338256 0 0 0 134217728 4 74274 1 0 0 17 26 0 0 0 0 0 93824998874888 93825001005840 93825001308160 140737488340073 140737488340470 140737488340470 140737488351179 0
/proc/4058745/statm: 6727 3403 2098 555 0 1769 0
[pid=4058839] ppid=4058745 vsize=32168 memory=24092 CPUtime=0.55 cores=26-27
/proc/4058839/stat : 4058839 (clingo) R 4058745 4058745 4058414 0 -1 0 4276 0 0 0 55 0 0 0 20 0 1 0 923138554 32940032 6023 17179869184 93824992301056 93824992468925 140737488338416 0 0 0 134217728 4 25184771 0 0 0 17 26 0 0 0 0 0 93824992533936 93824992571272 93824992575488 140737488340183 140737488340354 140737488340354 140737488351170 0
/proc/4058839/statm: 8042 6023 2085 41 0 4121 0
Current children cumulated CPU time: 0.62 s
Current children cumulated vsize: 59076 KiB
Current children cumulated memory: 37704 KiB

[startup+1.2106 s]
# the end of solver process 4058745 was just reported to runsolver
# cumulated CPU time of all completed processes:  user=1.1298 s, system=0.023662 s

Solver just ended.
??? end of watcher thread
Dumping a history of the last processes samples

[startup+0.800208 s]
/proc/loadavg: 14.08 14.21 14.03 22/828 4059253
/proc/meminfo: memFree=374625088/528004312 swapFree=8388604/8388604
[pid=4058745] ppid=4058743 vsize=26908 memory=13612 CPUtime=0.07 cores=26-27
/proc/4058745/stat : 4058745 (perf) S 4058743 4058745 4058414 0 -1 0 1738 238 0 0 6 1 0 0 20 0 1 0 923138546 27553792 3403 17179869184 93824994299904 93824996572973 140737488338256 0 0 0 134217728 4 74274 1 0 0 17 26 0 0 0 0 0 93824998874888 93825001005840 93825001308160 140737488340073 140737488340470 140737488340470 140737488351179 0
/proc/4058745/statm: 6727 3403 2098 555 0 1769 0
[pid=4058839] ppid=4058745 vsize=33356 memory=25148 CPUtime=0.65 cores=26-27
/proc/4058839/stat : 4058839 (clingo) R 4058745 4058745 4058414 0 -1 0 4564 0 0 0 65 0 0 0 20 0 1 0 923138554 34156544 6287 17179869184 93824992301056 93824992468925 140737488338416 0 0 0 134217728 4 25184771 0 0 0 17 26 0 0 0 0 0 93824992533936 93824992571272 93824992575488 140737488340183 140737488340354 140737488340354 140737488351170 0
/proc/4058839/statm: 8339 6287 2085 41 0 4418 0
Current children cumulated CPU time: 0.72 s
Current children cumulated vsize: 60264 KiB
Current children cumulated memory: 38760 KiB

[startup+1.20021 s]
/proc/loadavg: 14.08 14.21 14.03 16/828 4059253
/proc/meminfo: memFree=374559920/528004312 swapFree=8388604/8388604
[pid=4058745] ppid=4058743 vsize=26908 memory=13612 CPUtime=0.07 cores=26-27
/proc/4058745/stat : 4058745 (perf) S 4058743 4058745 4058414 0 -1 0 1738 238 0 0 6 1 0 0 20 0 1 0 923138546 27553792 3403 17179869184 93824994299904 93824996572973 140737488338256 0 0 0 134217728 4 74274 1 0 0 17 26 0 0 0 0 0 93824998874888 93825001005840 93825001308160 140737488340073 140737488340470 140737488340470 140737488351179 0
/proc/4058745/statm: 6727 3403 2098 555 0 1769 0
[pid=4058839] ppid=4058745 vsize=35732 memory=27524 CPUtime=1.05 cores=26-27
/proc/4058839/stat : 4058839 (clingo) R 4058745 4058745 4058414 0 -1 0 5138 0 0 0 105 0 0 0 20 0 1 0 923138554 36589568 6881 17179869184 93824992301056 93824992468925 140737488338416 0 0 0 134217728 4 25184771 0 0 0 17 26 0 0 0 0 0 93824992533936 93824992571272 93824992575488 140737488340183 140737488340354 140737488340354 140737488351170 0
/proc/4058839/statm: 8933 6881 2085 41 0 5012 0
Current children cumulated CPU time: 1.12 s
Current children cumulated vsize: 62640 KiB
Current children cumulated memory: 41136 KiB

Child status: 10
Real time (s): 1.21061
CPU time (s): 1.15346
CPU user time (s): 1.1298
CPU system time (s): 0.023662
CPU usage (%): 95.2788
Max. virtual memory (cumulated for all children) (KiB): 62640
Max. memory (cumulated for all children) (KiB): 41136

getrusage(RUSAGE_CHILDREN,...) data:
user time used= 1.1298
system time used= 0.023662
maximum resident set size= 27524
integral shared memory size= 0
integral unshared data size= 0
integral unshared stack size= 0
page reclaims= 7158
page faults= 0
swaps= 0
block input operations= 0
block output operations= 0
messages sent= 0
messages received= 0
signals received= 0
voluntary context switches= 106
involuntary context switches= 17


# summary of solver processes directly reported to runsolver:
#   pid: 4058745
#   total CPU time (s): 1.15346
#   total CPU user time (s): 1.1298
#   total CPU system time (s): 0.023662

??? end of timestamper thread
runsolver used 0.060957 second user time and 0.085554 second system time

The end
