runsolver version 3.4.0 (svn: 3018) Copyright (C) 2010-2013 Olivier ROUSSEL

This program is distributed in the hope that it will be useful,
but WITHOUT ANY WARRANTY; without even the implied warranty of
MERCHANTABILITY or FITNESS FOR A PARTICULAR PURPOSE.  See the
GNU General Public License for more details.

NUMA information:
  number of nodes: 2
  memory of node 0: 257635 MiB (188802 MiB free)
  memory of node 1: 257994 MiB (176046 MiB free)
  node distances:
     10  20
     20  10

command line: /dev/shm/3797bc54-2e81-11f1-ac62-000c298f4621/input/runsolver -w /dev/shm/3797bc54-2e81-11f1-ac62-000c298f4621/output/runsolver.log -v /dev/shm/3797bc54-2e81-11f1-ac62-000c298f4621/output/varfile.log -W 1205 --rss-swap-limit 16384 -d 5 --sigint /usr/bin/perf stat -B -e task-clock,cache-references,cache-misses,cycles,instructions,branches,faults,migrations,context-switches -o /dev/shm/3797bc54-2e81-11f1-ac62-000c298f4621/output/perf.log clingo /home/guests/mmacri/AMOSUM/benchmarks/GraphColouring/encoding-plain-amo.asp /dev/shm/3797bc54-2e81-11f1-ac62-000c298f4621/input/0059-graph_colouring-150-0_1440.asp 

running on 2 cores: 30-31

Enforcing wall clock limit (soft limit, will send SIGTERM then SIGKILL): 1205 seconds
Enforcing RSS+Swap limit (soft limit, will send SIGTERM then SIGKILL): 16777216 KiB
Linux 5.15.0-131-generic
Current StackSize limit: 8192 KiB

solver pid=1608583, runsolver pid=1608581

[startup+0.100067 s]*
/proc/loadavg: 14.16 14.26 14.05 18/824 1608612
/proc/meminfo: memFree=373679068/528004520 swapFree=8388604/8388604
[pid=1608583] ppid=1608581 vsize=26908 memory=13612 CPUtime=0.07 cores=30-31
/proc/1608583/stat : 1608583 (perf) S 1608581 1608583 1608261 0 -1 0 1737 237 0 0 6 1 0 0 20 0 1 0 923124130 27553792 3403 17179869184 93824994299904 93824996572973 140737488338256 0 0 0 134217728 4 74274 1 0 0 17 30 0 0 0 0 0 93824998874888 93825001005840 93825001308160 140737488340073 140737488340470 140737488340470 140737488351179 0
/proc/1608583/statm: 6727 3403 2098 555 0 1769 0
[pid=1608605] ppid=1608583 vsize=18768 memory=10416 CPUtime=0.01 cores=30-31
/proc/1608605/stat : 1608605 (clingo) R 1608583 1608583 1608261 0 -1 0 840 0 0 0 1 0 0 0 20 0 1 0 923124139 19218432 2604 17179869184 93824992301056 93824992468925 140737488338416 0 0 0 134217728 4 25184771 0 0 0 17 31 0 0 0 0 0 93824992533936 93824992571272 93824992575488 140737488340183 140737488340354 140737488340354 140737488351170 0
/proc/1608605/statm: 4692 2604 2044 41 0 771 0
Current children cumulated CPU time: 0.08 s
Current children cumulated vsize: 45676 KiB
Current children cumulated memory: 24028 KiB

[startup+0.223245 s]*
/proc/loadavg: 14.16 14.26 14.05 17/825 1608648
/proc/meminfo: memFree=373659972/528004520 swapFree=8388604/8388604
[pid=1608583] ppid=1608581 vsize=26908 memory=13612 CPUtime=0.07 cores=30-31
/proc/1608583/stat : 1608583 (perf) S 1608581 1608583 1608261 0 -1 0 1737 237 0 0 6 1 0 0 20 0 1 0 923124130 27553792 3403 17179869184 93824994299904 93824996572973 140737488338256 0 0 0 134217728 4 74274 1 0 0 17 30 0 0 0 0 0 93824998874888 93825001005840 93825001308160 140737488340073 140737488340470 140737488340470 140737488351179 0
/proc/1608583/statm: 6727 3403 2098 555 0 1769 0
[pid=1608605] ppid=1608583 vsize=26080 memory=18044 CPUtime=0.13 cores=30-31
/proc/1608605/stat : 1608605 (clingo) R 1608583 1608583 1608261 0 -1 0 2733 0 0 0 13 0 0 0 20 0 1 0 923124139 26705920 4511 17179869184 93824992301056 93824992468925 140737488338416 0 0 0 134217728 4 25184771 0 0 0 17 31 0 0 0 0 0 93824992533936 93824992571272 93824992575488 140737488340183 140737488340354 140737488340354 140737488351170 0
/proc/1608605/statm: 6520 4511 2089 41 0 2599 0
Current children cumulated CPU time: 0.2 s
Current children cumulated vsize: 52988 KiB
Current children cumulated memory: 31656 KiB

[startup+0.335393 s]*
/proc/loadavg: 14.16 14.26 14.05 18/827 1608650
/proc/meminfo: memFree=373632104/528004520 swapFree=8388604/8388604
[pid=1608583] ppid=1608581 vsize=26908 memory=13612 CPUtime=0.07 cores=30-31
/proc/1608583/stat : 1608583 (perf) S 1608581 1608583 1608261 0 -1 0 1737 237 0 0 6 1 0 0 20 0 1 0 923124130 27553792 3403 17179869184 93824994299904 93824996572973 140737488338256 0 0 0 134217728 4 74274 1 0 0 17 30 0 0 0 0 0 93824998874888 93825001005840 93825001308160 140737488340073 140737488340470 140737488340470 140737488351179 0
/proc/1608583/statm: 6727 3403 2098 555 0 1769 0
[pid=1608605] ppid=1608583 vsize=29776 memory=21740 CPUtime=0.22 cores=30-31
/proc/1608605/stat : 1608605 (clingo) R 1608583 1608583 1608261 0 -1 0 3660 0 0 0 22 0 0 0 20 0 1 0 923124139 30490624 5435 17179869184 93824992301056 93824992468925 140737488338416 0 0 0 134217728 4 25184771 0 0 0 17 31 0 0 0 0 0 93824992533936 93824992571272 93824992575488 140737488340183 140737488340354 140737488340354 140737488351170 0
/proc/1608605/statm: 7444 5435 2089 41 0 3523 0
Current children cumulated CPU time: 0.29 s
Current children cumulated vsize: 56684 KiB
Current children cumulated memory: 35352 KiB

[startup+0.70034 s]
/proc/loadavg: 14.16 14.26 14.05 19/827 1608650
/proc/meminfo: memFree=373614600/528004520 swapFree=8388604/8388604
[pid=1608583] ppid=1608581 vsize=26908 memory=13612 CPUtime=0.07 cores=30-31
/proc/1608583/stat : 1608583 (perf) S 1608581 1608583 1608261 0 -1 0 1737 237 0 0 6 1 0 0 20 0 1 0 923124130 27553792 3403 17179869184 93824994299904 93824996572973 140737488338256 0 0 0 134217728 4 74274 1 0 0 17 30 0 0 0 0 0 93824998874888 93825001005840 93825001308160 140737488340073 140737488340470 140737488340470 140737488351179 0
/proc/1608583/statm: 6727 3403 2098 555 0 1769 0
[pid=1608605] ppid=1608583 vsize=33088 memory=25172 CPUtime=0.54 cores=30-31
/proc/1608605/stat : 1608605 (clingo) R 1608583 1608583 1608261 0 -1 0 4505 0 0 0 54 0 0 0 20 0 1 0 923124139 33882112 6293 17179869184 93824992301056 93824992468925 140737488338416 0 0 0 134217728 4 25184771 0 0 0 17 30 0 0 0 0 0 93824992533936 93824992571272 93824992575488 140737488340183 140737488340354 140737488340354 140737488351170 0
/proc/1608605/statm: 8272 6293 2089 41 0 4351 0
Current children cumulated CPU time: 0.61 s
Current children cumulated vsize: 59996 KiB
Current children cumulated memory: 38784 KiB

[startup+1.50034 s]
/proc/loadavg: 14.23 14.27 14.05 18/829 1608654
/proc/meminfo: memFree=373586960/528004520 swapFree=8388604/8388604
[pid=1608583] ppid=1608581 vsize=26908 memory=13612 CPUtime=0.07 cores=30-31
/proc/1608583/stat : 1608583 (perf) S 1608581 1608583 1608261 0 -1 0 1737 237 0 0 6 1 0 0 20 0 1 0 923124130 27553792 3403 17179869184 93824994299904 93824996572973 140737488338256 0 0 0 134217728 4 74274 1 0 0 17 30 0 0 0 0 0 93824998874888 93825001005840 93825001308160 140737488340073 140737488340470 140737488340470 140737488351179 0
/proc/1608583/statm: 6727 3403 2098 555 0 1769 0
[pid=1608605] ppid=1608583 vsize=37616 memory=29396 CPUtime=1.34 cores=30-31
/proc/1608605/stat : 1608605 (clingo) R 1608583 1608583 1608261 0 -1 0 5621 0 0 0 134 0 0 0 20 0 1 0 923124139 38518784 7349 17179869184 93824992301056 93824992468925 140737488338416 0 0 0 134217728 4 25184771 0 0 0 17 30 0 0 0 0 0 93824992533936 93824992571272 93824992575488 140737488340183 140737488340354 140737488340354 140737488351170 0
/proc/1608605/statm: 9404 7349 2089 41 0 5483 0
Current children cumulated CPU time: 1.41 s
Current children cumulated vsize: 64524 KiB
Current children cumulated memory: 43008 KiB

[startup+3.11961 s]
/proc/loadavg: 14.23 14.27 14.05 18/843 1609295
/proc/meminfo: memFree=373856088/528004520 swapFree=8388604/8388604
[pid=1608583] ppid=1608581 vsize=26908 memory=13612 CPUtime=0.07 cores=30-31
/proc/1608583/stat : 1608583 (perf) S 1608581 1608583 1608261 0 -1 0 1737 237 0 0 6 1 0 0 20 0 1 0 923124130 27553792 3403 17179869184 93824994299904 93824996572973 140737488338256 0 0 0 134217728 4 74274 1 0 0 17 30 0 0 0 0 0 93824998874888 93825001005840 93825001308160 140737488340073 140737488340470 140737488340470 140737488351179 0
/proc/1608583/statm: 6727 3403 2098 555 0 1769 0
[pid=1608605] ppid=1608583 vsize=41316 memory=33092 CPUtime=2.97 cores=30-31
/proc/1608605/stat : 1608605 (clingo) R 1608583 1608583 1608261 0 -1 0 6529 0 0 0 296 1 0 0 20 0 1 0 923124139 42307584 8273 17179869184 93824992301056 93824992468925 140737488338416 0 0 0 134217728 4 25184771 0 0 0 17 30 0 0 0 0 0 93824992533936 93824992571272 93824992575488 140737488340183 140737488340354 140737488340354 140737488351170 0
/proc/1608605/statm: 10329 8273 2089 41 0 6408 0
Current children cumulated CPU time: 3.04 s
Current children cumulated vsize: 68224 KiB
Current children cumulated memory: 46704 KiB

[startup+6.30029 s]
/proc/loadavg: 14.21 14.27 14.05 18/840 1609477
/proc/meminfo: memFree=373564580/528004520 swapFree=8388604/8388604
[pid=1608583] ppid=1608581 vsize=26908 memory=13612 CPUtime=0.07 cores=30-31
/proc/1608583/stat : 1608583 (perf) S 1608581 1608583 1608261 0 -1 0 1737 237 0 0 6 1 0 0 20 0 1 0 923124130 27553792 3403 17179869184 93824994299904 93824996572973 140737488338256 0 0 0 134217728 4 74274 1 0 0 17 30 0 0 0 0 0 93824998874888 93825001005840 93825001308160 140737488340073 140737488340470 140737488340470 140737488351179 0
/proc/1608583/statm: 6727 3403 2098 555 0 1769 0
[pid=1608605] ppid=1608583 vsize=46268 memory=38164 CPUtime=6.14 cores=30-31
/proc/1608605/stat : 1608605 (clingo) R 1608583 1608583 1608261 0 -1 0 7873 0 0 0 613 1 0 0 20 0 1 0 923124139 47378432 9541 17179869184 93824992301056 93824992468925 140737488338416 0 0 0 134217728 4 25184771 0 0 0 17 30 0 0 0 0 0 93824992533936 93824992571272 93824992575488 140737488340183 140737488340354 140737488340354 140737488351170 0
/proc/1608605/statm: 11567 9541 2089 41 0 7646 0
Current children cumulated CPU time: 6.21 s
Current children cumulated vsize: 73176 KiB
Current children cumulated memory: 51776 KiB

[startup+6.50886 s]
# the end of solver process 1608583 was just reported to runsolver
# cumulated CPU time of all completed processes:  user=6.4078 s, system=0.037864 s

Solver just ended.
??? end of watcher thread
Dumping a history of the last processes samples

[startup+6.40025 s]
/proc/loadavg: 14.21 14.27 14.05 18/840 1609477
/proc/meminfo: memFree=373564580/528004520 swapFree=8388604/8388604
[pid=1608583] ppid=1608581 vsize=26908 memory=13612 CPUtime=0.07 cores=30-31
/proc/1608583/stat : 1608583 (perf) S 1608581 1608583 1608261 0 -1 0 1737 237 0 0 6 1 0 0 20 0 1 0 923124130 27553792 3403 17179869184 93824994299904 93824996572973 140737488338256 0 0 0 134217728 4 74274 1 0 0 17 30 0 0 0 0 0 93824998874888 93825001005840 93825001308160 140737488340073 140737488340470 140737488340470 140737488351179 0
/proc/1608583/statm: 6727 3403 2098 555 0 1769 0
[pid=1608605] ppid=1608583 vsize=46532 memory=38428 CPUtime=6.24 cores=30-31
/proc/1608605/stat : 1608605 (clingo) R 1608583 1608583 1608261 0 -1 0 7949 0 0 0 623 1 0 0 20 0 1 0 923124139 47648768 9607 17179869184 93824992301056 93824992468925 140737488338416 0 0 0 134217728 4 25184771 0 0 0 17 30 0 0 0 0 0 93824992533936 93824992571272 93824992575488 140737488340183 140737488340354 140737488340354 140737488351170 0
/proc/1608605/statm: 11633 9607 2089 41 0 7712 0
Current children cumulated CPU time: 6.31 s
Current children cumulated vsize: 73440 KiB
Current children cumulated memory: 52040 KiB

[startup+6.50021 s]
/proc/loadavg: 14.21 14.27 14.05 18/840 1609477
/proc/meminfo: memFree=373564580/528004520 swapFree=8388604/8388604
[pid=1608583] ppid=1608581 vsize=26908 memory=13612 CPUtime=0.07 cores=30-31
/proc/1608583/stat : 1608583 (perf) S 1608581 1608583 1608261 0 -1 0 1737 237 0 0 6 1 0 0 20 0 1 0 923124130 27553792 3403 17179869184 93824994299904 93824996572973 140737488338256 0 0 0 134217728 4 74274 1 0 0 17 30 0 0 0 0 0 93824998874888 93825001005840 93825001308160 140737488340073 140737488340470 140737488340470 140737488351179 0
/proc/1608583/statm: 6727 3403 2098 555 0 1769 0
[pid=1608605] ppid=1608583 vsize=47192 memory=38956 CPUtime=6.34 cores=30-31
/proc/1608605/stat : 1608605 (clingo) R 1608583 1608583 1608261 0 -1 0 8096 0 0 0 633 1 0 0 20 0 1 0 923124139 48324608 9739 17179869184 93824992301056 93824992468925 140737488338416 0 0 0 134217728 4 25184771 0 0 0 17 30 0 0 0 0 0 93824992533936 93824992571272 93824992575488 140737488340183 140737488340354 140737488340354 140737488351170 0
/proc/1608605/statm: 11798 9739 2089 41 0 7877 0
Current children cumulated CPU time: 6.41 s
Current children cumulated vsize: 74100 KiB
Current children cumulated memory: 52568 KiB

Child status: 10
Real time (s): 6.50888
CPU time (s): 6.44566
CPU user time (s): 6.4078
CPU system time (s): 0.037864
CPU usage (%): 99.0288
Max. virtual memory (cumulated for all children) (KiB): 74100
Max. memory (cumulated for all children) (KiB): 52568

getrusage(RUSAGE_CHILDREN,...) data:
user time used= 6.4078
system time used= 0.037864
maximum resident set size= 38956
integral shared memory size= 0
integral unshared data size= 0
integral unshared stack size= 0
page reclaims= 10114
page faults= 0
swaps= 0
block input operations= 0
block output operations= 0
messages sent= 0
messages received= 0
signals received= 0
voluntary context switches= 18
involuntary context switches= 24


# summary of solver processes directly reported to runsolver:
#   pid: 1608583
#   total CPU time (s): 6.44566
#   total CPU user time (s): 6.4078
#   total CPU system time (s): 0.037864

??? end of timestamper thread
runsolver used 0.077374 second user time and 0.183486 second system time

The end
