# WCTIME: wall clock time in seconds
WCTIME=6.50888
# CPUTIME: CPU time in seconds (USERTIME+SYSTEMTIME)
CPUTIME=6.44566
# USERTIME: CPU time spent in user mode in seconds
USERTIME=6.4078
# SYSTEMTIME: CPU time spent in system mode in seconds
SYSTEMTIME=0.037864
# CPUUSAGE: CPUTIME/WCTIME in percent
CPUUSAGE=99.0288
# MAXVM: maximum virtual memory used in KiB
MAXVM=74100
# TIMEOUT: did the solver exceed the time limit?
TIMEOUT=false
# MEMOUT: did the solver exceed the memory limit?
MEMOUT=false
# RETCODE: return code of the program.
RETCODE=10
# SIGNAL: signal the solver recieved.
SIGNAL=0
