runsolver version 3.4.0 (svn: 3018) Copyright (C) 2010-2013 Olivier ROUSSEL

This program is distributed in the hope that it will be useful,
but WITHOUT ANY WARRANTY; without even the implied warranty of
MERCHANTABILITY or FITNESS FOR A PARTICULAR PURPOSE.  See the
GNU General Public License for more details.

NUMA information:
  number of nodes: 2
  memory of node 0: 257635 MiB (188941 MiB free)
  memory of node 1: 257994 MiB (188826 MiB free)
  node distances:
     10  20
     20  10

command line: /dev/shm/378cfc88-2e81-11f1-ac62-000c298f4621/input/runsolver -w /dev/shm/378cfc88-2e81-11f1-ac62-000c298f4621/output/runsolver.log -v /dev/shm/378cfc88-2e81-11f1-ac62-000c298f4621/output/varfile.log -W 1205 --rss-swap-limit 16384 -d 5 --sigint /usr/bin/perf stat -B -e task-clock,cache-references,cache-misses,cycles,instructions,branches,faults,migrations,context-switches -o /dev/shm/378cfc88-2e81-11f1-ac62-000c298f4621/output/perf.log clingo /home/guests/mmacri/AMOSUM/benchmarks/GraphColouring/encoding-plain-amo.asp /dev/shm/378cfc88-2e81-11f1-ac62-000c298f4621/input/0053-graph_colouring-150-0_1440.asp 

running on 2 cores: 22-23

Enforcing wall clock limit (soft limit, will send SIGTERM then SIGKILL): 1205 seconds
Enforcing RSS+Swap limit (soft limit, will send SIGTERM then SIGKILL): 16777216 KiB
Linux 5.15.0-131-generic
Current StackSize limit: 8192 KiB

solver pid=3337278, runsolver pid=3337276

[startup+0.100069 s]*
/proc/loadavg: 14.31 14.19 14.02 12/794 3337377
/proc/meminfo: memFree=386824724/528004516 swapFree=8388604/8388604
[pid=3337278] ppid=3337276 vsize=26908 memory=13616 CPUtime=0.07 cores=22-23
/proc/3337278/stat : 3337278 (perf) S 3337276 3337278 3337056 0 -1 0 1738 237 0 0 7 0 0 0 20 0 1 0 923114573 27553792 3404 17179869184 93824994299904 93824996572973 140737488338256 0 0 0 134217728 4 74274 1 0 0 17 22 0 0 0 0 0 93824998874888 93825001005840 93825001308160 140737488340073 140737488340470 140737488340470 140737488351179 0
/proc/3337278/statm: 6727 3404 2099 555 0 1769 0
[pid=3337354] ppid=3337278 vsize=18620 memory=10436 CPUtime=0.02 cores=22-23
/proc/3337354/stat : 3337354 (clingo) R 3337278 3337278 3337056 0 -1 0 817 0 0 0 1 1 0 0 20 0 1 0 923114581 19066880 2609 17179869184 93824992301056 93824992468925 140737488338416 0 0 0 134217728 4 25184771 0 0 0 17 23 0 0 0 0 0 93824992533936 93824992571272 93824992575488 140737488340183 140737488340354 140737488340354 140737488351170 0
/proc/3337354/statm: 4655 2609 2045 41 0 734 0
Current children cumulated CPU time: 0.09 s
Current children cumulated vsize: 45528 KiB
Current children cumulated memory: 24052 KiB

[startup+0.217257 s]*
/proc/loadavg: 14.31 14.19 14.02 11/797 3337388
/proc/meminfo: memFree=386947276/528004516 swapFree=8388604/8388604
[pid=3337278] ppid=3337276 vsize=26908 memory=13616 CPUtime=0.07 cores=22-23
/proc/3337278/stat : 3337278 (perf) S 3337276 3337278 3337056 0 -1 0 1738 237 0 0 7 0 0 0 20 0 1 0 923114573 27553792 3404 17179869184 93824994299904 93824996572973 140737488338256 0 0 0 134217728 4 74274 1 0 0 17 22 0 0 0 0 0 93824998874888 93825001005840 93825001308160 140737488340073 140737488340470 140737488340470 140737488351179 0
/proc/3337278/statm: 6727 3404 2099 555 0 1769 0
[pid=3337354] ppid=3337278 vsize=25504 memory=17268 CPUtime=0.13 cores=22-23
/proc/3337354/stat : 3337354 (clingo) R 3337278 3337278 3337056 0 -1 0 2580 0 0 0 12 1 0 0 20 0 1 0 923114581 26116096 4317 17179869184 93824992301056 93824992468925 140737488338416 0 0 0 134217728 4 25184771 0 0 0 17 23 0 0 0 0 0 93824992533936 93824992571272 93824992575488 140737488340183 140737488340354 140737488340354 140737488351170 0
/proc/3337354/statm: 6376 4317 2092 41 0 2455 0
Current children cumulated CPU time: 0.2 s
Current children cumulated vsize: 52412 KiB
Current children cumulated memory: 30884 KiB

[startup+0.33302 s]*
/proc/loadavg: 14.31 14.19 14.02 15/802 3337582
/proc/meminfo: memFree=386850684/528004516 swapFree=8388604/8388604
[pid=3337278] ppid=3337276 vsize=26908 memory=13616 CPUtime=0.07 cores=22-23
/proc/3337278/stat : 3337278 (perf) S 3337276 3337278 3337056 0 -1 0 1738 237 0 0 7 0 0 0 20 0 1 0 923114573 27553792 3404 17179869184 93824994299904 93824996572973 140737488338256 0 0 0 134217728 4 74274 1 0 0 17 22 0 0 0 0 0 93824998874888 93825001005840 93825001308160 140737488340073 140737488340470 140737488340470 140737488351179 0
/proc/3337278/statm: 6727 3404 2099 555 0 1769 0
[pid=3337354] ppid=3337278 vsize=29204 memory=21228 CPUtime=0.22 cores=22-23
/proc/3337354/stat : 3337354 (clingo) R 3337278 3337278 3337056 0 -1 0 3529 0 0 0 20 2 0 0 20 0 1 0 923114581 29904896 5307 17179869184 93824992301056 93824992468925 140737488338416 0 0 0 134217728 4 25184771 0 0 0 17 23 0 0 0 0 0 93824992533936 93824992571272 93824992575488 140737488340183 140737488340354 140737488340354 140737488351170 0
/proc/3337354/statm: 7301 5307 2092 41 0 3380 0
Current children cumulated CPU time: 0.29 s
Current children cumulated vsize: 56112 KiB
Current children cumulated memory: 34844 KiB

[startup+0.700331 s]
/proc/loadavg: 14.31 14.19 14.02 15/825 3337657
/proc/meminfo: memFree=386943452/528004516 swapFree=8388604/8388604
[pid=3337278] ppid=3337276 vsize=26908 memory=13616 CPUtime=0.07 cores=22-23
/proc/3337278/stat : 3337278 (perf) S 3337276 3337278 3337056 0 -1 0 1738 237 0 0 7 0 0 0 20 0 1 0 923114573 27553792 3404 17179869184 93824994299904 93824996572973 140737488338256 0 0 0 134217728 4 74274 1 0 0 17 22 0 0 0 0 0 93824998874888 93825001005840 93825001308160 140737488340073 140737488340470 140737488340470 140737488351179 0
/proc/3337278/statm: 6727 3404 2099 555 0 1769 0
[pid=3337354] ppid=3337278 vsize=33164 memory=25188 CPUtime=0.55 cores=22-23
/proc/3337354/stat : 3337354 (clingo) R 3337278 3337278 3337056 0 -1 0 4524 0 0 0 53 2 0 0 20 0 1 0 923114581 33959936 6297 17179869184 93824992301056 93824992468925 140737488338416 0 0 0 134217728 4 25184771 0 0 0 17 22 0 0 0 0 0 93824992533936 93824992571272 93824992575488 140737488340183 140737488340354 140737488340354 140737488351170 0
/proc/3337354/statm: 8291 6297 2092 41 0 4370 0
Current children cumulated CPU time: 0.62 s
Current children cumulated vsize: 60072 KiB
Current children cumulated memory: 38804 KiB

[startup+1.50034 s]
/proc/loadavg: 14.31 14.19 14.02 14/811 3337803
/proc/meminfo: memFree=387163964/528004516 swapFree=8388604/8388604
[pid=3337278] ppid=3337276 vsize=26908 memory=13616 CPUtime=0.07 cores=22-23
/proc/3337278/stat : 3337278 (perf) S 3337276 3337278 3337056 0 -1 0 1738 237 0 0 7 0 0 0 20 0 1 0 923114573 27553792 3404 17179869184 93824994299904 93824996572973 140737488338256 0 0 0 134217728 4 74274 1 0 0 17 22 0 0 0 0 0 93824998874888 93825001005840 93825001308160 140737488340073 140737488340470 140737488340470 140737488351179 0
/proc/3337278/statm: 6727 3404 2099 555 0 1769 0
[pid=3337354] ppid=3337278 vsize=37964 memory=29940 CPUtime=1.35 cores=22-23
/proc/3337354/stat : 3337354 (clingo) R 3337278 3337278 3337056 0 -1 0 5719 0 0 0 133 2 0 0 20 0 1 0 923114581 38875136 7485 17179869184 93824992301056 93824992468925 140737488338416 0 0 0 134217728 4 25184771 0 0 0 17 22 0 0 0 0 0 93824992533936 93824992571272 93824992575488 140737488340183 140737488340354 140737488340354 140737488351170 0
/proc/3337354/statm: 9491 7485 2092 41 0 5570 0
Current children cumulated CPU time: 1.42 s
Current children cumulated vsize: 64872 KiB
Current children cumulated memory: 43556 KiB

[startup+1.71551 s]
# the end of solver process 3337278 was just reported to runsolver
# cumulated CPU time of all completed processes:  user=1.62721 s, system=0.028269 s

Solver just ended.
??? end of watcher thread
Dumping a history of the last processes samples

[startup+1.60028 s]
/proc/loadavg: 14.31 14.19 14.02 14/811 3337803
/proc/meminfo: memFree=387163964/528004516 swapFree=8388604/8388604
[pid=3337278] ppid=3337276 vsize=26908 memory=13616 CPUtime=0.07 cores=22-23
/proc/3337278/stat : 3337278 (perf) S 3337276 3337278 3337056 0 -1 0 1738 237 0 0 7 0 0 0 20 0 1 0 923114573 27553792 3404 17179869184 93824994299904 93824996572973 140737488338256 0 0 0 134217728 4 74274 1 0 0 17 22 0 0 0 0 0 93824998874888 93825001005840 93825001308160 140737488340073 140737488340470 140737488340470 140737488351179 0
/proc/3337278/statm: 6727 3404 2099 555 0 1769 0
[pid=3337354] ppid=3337278 vsize=38888 memory=30732 CPUtime=1.45 cores=22-23
/proc/3337354/stat : 3337354 (clingo) R 3337278 3337278 3337056 0 -1 0 5932 0 0 0 143 2 0 0 20 0 1 0 923114581 39821312 7683 17179869184 93824992301056 93824992468925 140737488338416 0 0 0 134217728 4 25184771 0 0 0 17 22 0 0 0 0 0 93824992533936 93824992571272 93824992575488 140737488340183 140737488340354 140737488340354 140737488351170 0
/proc/3337354/statm: 9722 7683 2092 41 0 5801 0
Current children cumulated CPU time: 1.52 s
Current children cumulated vsize: 65796 KiB
Current children cumulated memory: 44348 KiB

[startup+1.70021 s]
/proc/loadavg: 14.31 14.19 14.02 14/811 3337803
/proc/meminfo: memFree=387163964/528004516 swapFree=8388604/8388604
[pid=3337278] ppid=3337276 vsize=26908 memory=13616 CPUtime=0.07 cores=22-23
/proc/3337278/stat : 3337278 (perf) S 3337276 3337278 3337056 0 -1 0 1738 237 0 0 7 0 0 0 20 0 1 0 923114573 27553792 3404 17179869184 93824994299904 93824996572973 140737488338256 0 0 0 134217728 4 74274 1 0 0 17 22 0 0 0 0 0 93824998874888 93825001005840 93825001308160 140737488340073 140737488340470 140737488340470 140737488351179 0
/proc/3337278/statm: 6727 3404 2099 555 0 1769 0
[pid=3337354] ppid=3337278 vsize=38888 memory=30732 CPUtime=1.55 cores=22-23
/proc/3337354/stat : 3337354 (clingo) R 3337278 3337278 3337056 0 -1 0 5932 0 0 0 153 2 0 0 20 0 1 0 923114581 39821312 7683 17179869184 93824992301056 93824992468925 140737488338416 0 0 0 134217728 4 25184771 0 0 0 17 22 0 0 0 0 0 93824992533936 93824992571272 93824992575488 140737488340183 140737488340354 140737488340354 140737488351170 0
/proc/3337354/statm: 9722 7683 2092 41 0 5801 0
Current children cumulated CPU time: 1.62 s
Current children cumulated vsize: 65796 KiB
Current children cumulated memory: 44348 KiB

Child status: 10
Real time (s): 1.71553
CPU time (s): 1.65548
CPU user time (s): 1.62721
CPU system time (s): 0.028269
CPU usage (%): 96.4992
Max. virtual memory (cumulated for all children) (KiB): 65796
Max. memory (cumulated for all children) (KiB): 44348

getrusage(RUSAGE_CHILDREN,...) data:
user time used= 1.62721
system time used= 0.028269
maximum resident set size= 30996
integral shared memory size= 0
integral unshared data size= 0
integral unshared stack size= 0
page reclaims= 8028
page faults= 0
swaps= 0
block input operations= 0
block output operations= 0
messages sent= 0
messages received= 0
signals received= 0
voluntary context switches= 63
involuntary context switches= 19


# summary of solver processes directly reported to runsolver:
#   pid: 3337278
#   total CPU time (s): 1.65548
#   total CPU user time (s): 1.62721
#   total CPU system time (s): 0.028269

??? end of timestamper thread
runsolver used 0.061127 second user time and 0.084527 second system time

The end
