runsolver version 3.4.0 (svn: 3018) Copyright (C) 2010-2013 Olivier ROUSSEL

This program is distributed in the hope that it will be useful,
but WITHOUT ANY WARRANTY; without even the implied warranty of
MERCHANTABILITY or FITNESS FOR A PARTICULAR PURPOSE.  See the
GNU General Public License for more details.

NUMA information:
  number of nodes: 2
  memory of node 0: 257635 MiB (182005 MiB free)
  memory of node 1: 257994 MiB (192740 MiB free)
  node distances:
     10  20
     20  10

command line: /dev/shm/379a1210-2e81-11f1-ac62-000c298f4621/input/runsolver -w /dev/shm/379a1210-2e81-11f1-ac62-000c298f4621/output/runsolver.log -v /dev/shm/379a1210-2e81-11f1-ac62-000c298f4621/output/varfile.log -W 1205 --rss-swap-limit 16384 -d 5 --sigint /usr/bin/perf stat -B -e task-clock,cache-references,cache-misses,cycles,instructions,branches,faults,migrations,context-switches -o /dev/shm/379a1210-2e81-11f1-ac62-000c298f4621/output/perf.log clingo /home/guests/mmacri/AMOSUM/benchmarks/GraphColouring/encoding-plain-amo.asp /dev/shm/379a1210-2e81-11f1-ac62-000c298f4621/input/0060-graph_colouring-150-0_1440.asp 

running on 2 cores: 8-9

Enforcing wall clock limit (soft limit, will send SIGTERM then SIGKILL): 1205 seconds
Enforcing RSS+Swap limit (soft limit, will send SIGTERM then SIGKILL): 16777216 KiB
Linux 5.15.0-131-generic
solver pid=371522, runsolver pid=371521
Current StackSize limit: 8192 KiB


[startup+0.100079 s]*
/proc/loadavg: 14.15 14.20 14.01 17/825 371554
/proc/meminfo: memFree=383867900/528004504 swapFree=8388604/8388604
[pid=371522] ppid=371521 vsize=26908 memory=13616 CPUtime=0.06 cores=8-9
/proc/371522/stat : 371522 (perf) S 371521 371522 371258 0 -1 0 1738 237 0 0 6 0 0 0 20 0 1 0 923097101 27553792 3404 17179869184 93824994299904 93824996572973 140737488338256 0 0 0 134217728 4 74274 1 0 0 17 8 0 0 0 0 0 93824998874888 93825001005840 93825001308160 140737488340074 140737488340471 140737488340471 140737488351179 0
/proc/371522/statm: 6727 3404 2099 555 0 1769 0
[pid=371551] ppid=371522 vsize=19844 memory=11564 CPUtime=0.03 cores=8-9
/proc/371551/stat : 371551 (clingo) R 371522 371522 371258 0 -1 0 1172 0 0 0 3 0 0 0 20 0 1 0 923097109 20320256 2891 17179869184 93824992301056 93824992468925 140737488338416 0 0 0 134217728 4 25184771 0 0 0 17 9 0 0 0 0 0 93824992533936 93824992571272 93824992575488 140737488340184 140737488340355 140737488340355 140737488351170 0
/proc/371551/statm: 4961 2891 2043 41 0 1040 0
Current children cumulated CPU time: 0.09 s
Current children cumulated vsize: 46752 KiB
Current children cumulated memory: 25180 KiB

[startup+0.235815 s]*
/proc/loadavg: 14.15 14.20 14.01 16/827 371556
/proc/meminfo: memFree=383848844/528004504 swapFree=8388604/8388604
[pid=371522] ppid=371521 vsize=26908 memory=13616 CPUtime=0.06 cores=8-9
/proc/371522/stat : 371522 (perf) S 371521 371522 371258 0 -1 0 1738 237 0 0 6 0 0 0 20 0 1 0 923097101 27553792 3404 17179869184 93824994299904 93824996572973 140737488338256 0 0 0 134217728 4 74274 1 0 0 17 8 0 0 0 0 0 93824998874888 93825001005840 93825001308160 140737488340074 140737488340471 140737488340471 140737488351179 0
/proc/371522/statm: 6727 3404 2099 555 0 1769 0
[pid=371551] ppid=371522 vsize=26800 memory=18596 CPUtime=0.14 cores=8-9
/proc/371551/stat : 371551 (clingo) R 371522 371522 371258 0 -1 0 2925 0 0 0 14 0 0 0 20 0 1 0 923097109 27443200 4649 17179869184 93824992301056 93824992468925 140737488338416 0 0 0 134217728 4 25184771 0 0 0 17 9 0 0 0 0 0 93824992533936 93824992571272 93824992575488 140737488340184 140737488340355 140737488340355 140737488351170 0
/proc/371551/statm: 6700 4649 2088 41 0 2779 0
Current children cumulated CPU time: 0.2 s
Current children cumulated vsize: 53708 KiB
Current children cumulated memory: 32212 KiB

[startup+0.335264 s]*
/proc/loadavg: 14.15 14.20 14.01 16/827 371556
/proc/meminfo: memFree=383834480/528004504 swapFree=8388604/8388604
[pid=371522] ppid=371521 vsize=26908 memory=13616 CPUtime=0.06 cores=8-9
/proc/371522/stat : 371522 (perf) S 371521 371522 371258 0 -1 0 1738 237 0 0 6 0 0 0 20 0 1 0 923097101 27553792 3404 17179869184 93824994299904 93824996572973 140737488338256 0 0 0 134217728 4 74274 1 0 0 17 8 0 0 0 0 0 93824998874888 93825001005840 93825001308160 140737488340074 140737488340471 140737488340471 140737488351179 0
/proc/371522/statm: 6727 3404 2099 555 0 1769 0
[pid=371551] ppid=371522 vsize=28916 memory=20708 CPUtime=0.21 cores=8-9
/proc/371551/stat : 371551 (clingo) R 371522 371522 371258 0 -1 0 3454 0 0 0 21 0 0 0 20 0 1 0 923097109 29609984 5177 17179869184 93824992301056 93824992468925 140737488338416 0 0 0 134217728 4 25184771 0 0 0 17 8 0 0 0 0 0 93824992533936 93824992571272 93824992575488 140737488340184 140737488340355 140737488340355 140737488351170 0
/proc/371551/statm: 7229 5177 2088 41 0 3308 0
Current children cumulated CPU time: 0.27 s
Current children cumulated vsize: 55824 KiB
Current children cumulated memory: 34324 KiB

[startup+0.700343 s]
/proc/loadavg: 14.15 14.20 14.01 15/827 371556
/proc/meminfo: memFree=383819864/528004504 swapFree=8388604/8388604
[pid=371522] ppid=371521 vsize=26908 memory=13616 CPUtime=0.06 cores=8-9
/proc/371522/stat : 371522 (perf) S 371521 371522 371258 0 -1 0 1738 237 0 0 6 0 0 0 20 0 1 0 923097101 27553792 3404 17179869184 93824994299904 93824996572973 140737488338256 0 0 0 134217728 4 74274 1 0 0 17 8 0 0 0 0 0 93824998874888 93825001005840 93825001308160 140737488340074 140737488340471 140737488340471 140737488351179 0
/proc/371522/statm: 6727 3404 2099 555 0 1769 0
[pid=371551] ppid=371522 vsize=33404 memory=25196 CPUtime=0.55 cores=8-9
/proc/371551/stat : 371551 (clingo) R 371522 371522 371258 0 -1 0 4573 0 0 0 55 0 0 0 20 0 1 0 923097109 34205696 6299 17179869184 93824992301056 93824992468925 140737488338416 0 0 0 134217728 4 25184771 0 0 0 17 8 0 0 0 0 0 93824992533936 93824992571272 93824992575488 140737488340184 140737488340355 140737488340355 140737488351170 0
/proc/371551/statm: 8351 6299 2088 41 0 4430 0
Current children cumulated CPU time: 0.61 s
Current children cumulated vsize: 60312 KiB
Current children cumulated memory: 38812 KiB

[startup+1.50035 s]
/proc/loadavg: 14.14 14.20 14.01 15/827 371556
/proc/meminfo: memFree=383800460/528004504 swapFree=8388604/8388604
[pid=371522] ppid=371521 vsize=26908 memory=13616 CPUtime=0.06 cores=8-9
/proc/371522/stat : 371522 (perf) S 371521 371522 371258 0 -1 0 1738 237 0 0 6 0 0 0 20 0 1 0 923097101 27553792 3404 17179869184 93824994299904 93824996572973 140737488338256 0 0 0 134217728 4 74274 1 0 0 17 8 0 0 0 0 0 93824998874888 93825001005840 93825001308160 140737488340074 140737488340471 140737488340471 140737488351179 0
/proc/371522/statm: 6727 3404 2099 555 0 1769 0
[pid=371551] ppid=371522 vsize=37900 memory=29684 CPUtime=1.36 cores=8-9
/proc/371551/stat : 371551 (clingo) R 371522 371522 371258 0 -1 0 5688 0 0 0 135 1 0 0 20 0 1 0 923097109 38809600 7421 17179869184 93824992301056 93824992468925 140737488338416 0 0 0 134217728 4 25184771 0 0 0 17 8 0 0 0 0 0 93824992533936 93824992571272 93824992575488 140737488340184 140737488340355 140737488340355 140737488351170 0
/proc/371551/statm: 9475 7421 2088 41 0 5554 0
Current children cumulated CPU time: 1.42 s
Current children cumulated vsize: 64808 KiB
Current children cumulated memory: 43300 KiB

[startup+1.81781 s]
# the end of solver process 371522 was just reported to runsolver
# cumulated CPU time of all completed processes:  user=1.74185 s, system=0.025194 s

Solver just ended.
??? end of watcher thread
Dumping a history of the last processes samples

[startup+1.60028 s]
/proc/loadavg: 14.14 14.20 14.01 15/827 371556
/proc/meminfo: memFree=383800460/528004504 swapFree=8388604/8388604
[pid=371522] ppid=371521 vsize=26908 memory=13616 CPUtime=0.06 cores=8-9
/proc/371522/stat : 371522 (perf) S 371521 371522 371258 0 -1 0 1738 237 0 0 6 0 0 0 20 0 1 0 923097101 27553792 3404 17179869184 93824994299904 93824996572973 140737488338256 0 0 0 134217728 4 74274 1 0 0 17 8 0 0 0 0 0 93824998874888 93825001005840 93825001308160 140737488340074 140737488340471 140737488340471 140737488351179 0
/proc/371522/statm: 6727 3404 2099 555 0 1769 0
[pid=371551] ppid=371522 vsize=37900 memory=29684 CPUtime=1.46 cores=8-9
/proc/371551/stat : 371551 (clingo) R 371522 371522 371258 0 -1 0 5688 0 0 0 145 1 0 0 20 0 1 0 923097109 38809600 7421 17179869184 93824992301056 93824992468925 140737488338416 0 0 0 134217728 4 25184771 0 0 0 17 8 0 0 0 0 0 93824992533936 93824992571272 93824992575488 140737488340184 140737488340355 140737488340355 140737488351170 0
/proc/371551/statm: 9475 7421 2088 41 0 5554 0
Current children cumulated CPU time: 1.52 s
Current children cumulated vsize: 64808 KiB
Current children cumulated memory: 43300 KiB

[startup+1.8002 s]
/proc/loadavg: 14.14 14.20 14.01 15/827 371556
/proc/meminfo: memFree=383800460/528004504 swapFree=8388604/8388604
[pid=371522] ppid=371521 vsize=26908 memory=13616 CPUtime=0.06 cores=8-9
/proc/371522/stat : 371522 (perf) S 371521 371522 371258 0 -1 0 1738 237 0 0 6 0 0 0 20 0 1 0 923097101 27553792 3404 17179869184 93824994299904 93824996572973 140737488338256 0 0 0 134217728 4 74274 1 0 0 17 8 0 0 0 0 0 93824998874888 93825001005840 93825001308160 140737488340074 140737488340471 140737488340471 140737488351179 0
/proc/371522/statm: 6727 3404 2099 555 0 1769 0
[pid=371551] ppid=371522 vsize=39484 memory=31532 CPUtime=1.66 cores=8-9
/proc/371551/stat : 371551 (clingo) R 371522 371522 371258 0 -1 0 6099 0 0 0 165 1 0 0 20 0 1 0 923097109 40431616 7883 17179869184 93824992301056 93824992468925 140737488338416 0 0 0 134217728 4 25184771 0 0 0 17 8 0 0 0 0 0 93824992533936 93824992571272 93824992575488 140737488340184 140737488340355 140737488340355 140737488351170 0
/proc/371551/statm: 9871 7883 2088 41 0 5950 0
Current children cumulated CPU time: 1.72 s
Current children cumulated vsize: 66392 KiB
Current children cumulated memory: 45148 KiB

Child status: 10
Real time (s): 1.81783
CPU time (s): 1.76704
CPU user time (s): 1.74185
CPU system time (s): 0.025194
CPU usage (%): 97.206
Max. virtual memory (cumulated for all children) (KiB): 66392
Max. memory (cumulated for all children) (KiB): 45148

getrusage(RUSAGE_CHILDREN,...) data:
user time used= 1.74185
system time used= 0.025194
maximum resident set size= 31532
integral shared memory size= 0
integral unshared data size= 0
integral unshared stack size= 0
page reclaims= 8118
page faults= 0
swaps= 0
block input operations= 0
block output operations= 0
messages sent= 0
messages received= 0
signals received= 0
voluntary context switches= 16
involuntary context switches= 14


# summary of solver processes directly reported to runsolver:
#   pid: 371522
#   total CPU time (s): 1.76704
#   total CPU user time (s): 1.74185
#   total CPU system time (s): 0.025194

??? end of timestamper thread
runsolver used 0.062069 second user time and 0.094111 second system time

The end
