# WCTIME: wall clock time in seconds
WCTIME=1.81783
# CPUTIME: CPU time in seconds (USERTIME+SYSTEMTIME)
CPUTIME=1.76704
# USERTIME: CPU time spent in user mode in seconds
USERTIME=1.74185
# SYSTEMTIME: CPU time spent in system mode in seconds
SYSTEMTIME=0.025194
# CPUUSAGE: CPUTIME/WCTIME in percent
CPUUSAGE=97.206
# MAXVM: maximum virtual memory used in KiB
MAXVM=66392
# TIMEOUT: did the solver exceed the time limit?
TIMEOUT=false
# MEMOUT: did the solver exceed the memory limit?
MEMOUT=false
# RETCODE: return code of the program.
RETCODE=10
# SIGNAL: signal the solver recieved.
SIGNAL=0
