runsolver version 3.4.0 (svn: 3018) Copyright (C) 2010-2013 Olivier ROUSSEL

This program is distributed in the hope that it will be useful,
but WITHOUT ANY WARRANTY; without even the implied warranty of
MERCHANTABILITY or FITNESS FOR A PARTICULAR PURPOSE.  See the
GNU General Public License for more details.

NUMA information:
  number of nodes: 2
  memory of node 0: 257634 MiB (180026 MiB free)
  memory of node 1: 257994 MiB (185848 MiB free)
  node distances:
     10  20
     20  10

command line: /dev/shm/378a6518-2e81-11f1-ac62-000c298f4621/input/runsolver -w /dev/shm/378a6518-2e81-11f1-ac62-000c298f4621/output/runsolver.log -v /dev/shm/378a6518-2e81-11f1-ac62-000c298f4621/output/varfile.log -W 1205 --rss-swap-limit 16384 -d 5 --sigint /usr/bin/perf stat -B -e task-clock,cache-references,cache-misses,cycles,instructions,branches,faults,migrations,context-switches -o /dev/shm/378a6518-2e81-11f1-ac62-000c298f4621/output/perf.log clingo /home/guests/mmacri/AMOSUM/benchmarks/GraphColouring/encoding-plain-amo.asp /dev/shm/378a6518-2e81-11f1-ac62-000c298f4621/input/0051-graph_colouring-150-0_5760.asp 

running on 2 cores: 8-9

Enforcing wall clock limit (soft limit, will send SIGTERM then SIGKILL): 1205 seconds
Enforcing RSS+Swap limit (soft limit, will send SIGTERM then SIGKILL): 16777216 KiB
Linux 5.15.0-131-generic
Current StackSize limit: 8192 KiB

solver pid=4059243, runsolver pid=4059237

[startup+0.100069 s]*
/proc/loadavg: 14.08 14.21 14.03 23/828 4059253
/proc/meminfo: memFree=374625088/528004312 swapFree=8388604/8388604
[pid=4059243] ppid=4059237 vsize=26908 memory=13612 CPUtime=0.07 cores=8-9
/proc/4059243/stat : 4059243 (perf) S 4059237 4059243 4058956 0 -1 0 1738 237 0 0 6 1 0 0 20 0 1 0 923138588 27553792 3403 17179869184 93824994299904 93824996572973 140737488338256 0 0 0 134217728 4 74274 1 0 0 17 8 0 0 0 0 0 93824998874888 93825001005840 93825001308160 140737488340073 140737488340470 140737488340470 140737488351179 0
/proc/4059243/statm: 6727 3403 2098 555 0 1769 0
[pid=4059253] ppid=4059243 vsize=18904 memory=10656 CPUtime=0.02 cores=8-9
/proc/4059253/stat : 4059253 (clingo) R 4059243 4059243 4058956 0 -1 0 865 0 0 0 2 0 0 0 20 0 1 0 923138596 19357696 2664 17179869184 93824992301056 93824992468925 140737488338416 0 0 0 134217728 4 25184771 0 0 0 17 9 0 0 0 0 0 93824992533936 93824992571272 93824992575488 140737488340183 140737488340354 140737488340354 140737488351170 0
/proc/4059253/statm: 4726 2664 2038 41 0 805 0
Current children cumulated CPU time: 0.09 s
Current children cumulated vsize: 45812 KiB
Current children cumulated memory: 24268 KiB

[startup+0.223157 s]*
/proc/loadavg: 14.08 14.21 14.03 18/828 4059253
/proc/meminfo: memFree=374603488/528004312 swapFree=8388604/8388604
[pid=4059243] ppid=4059237 vsize=26908 memory=13612 CPUtime=0.07 cores=8-9
/proc/4059243/stat : 4059243 (perf) S 4059237 4059243 4058956 0 -1 0 1738 237 0 0 6 1 0 0 20 0 1 0 923138588 27553792 3403 17179869184 93824994299904 93824996572973 140737488338256 0 0 0 134217728 4 74274 1 0 0 17 8 0 0 0 0 0 93824998874888 93825001005840 93825001308160 140737488340073 140737488340470 140737488340470 140737488351179 0
/proc/4059243/statm: 6727 3403 2098 555 0 1769 0
[pid=4059253] ppid=4059243 vsize=24676 memory=16444 CPUtime=0.13 cores=8-9
/proc/4059253/stat : 4059253 (clingo) R 4059243 4059243 4058956 0 -1 0 2387 0 0 0 12 1 0 0 20 0 1 0 923138596 25268224 4111 17179869184 93824992301056 93824992468925 140737488338416 0 0 0 134217728 4 25184771 0 0 0 17 9 0 0 0 0 0 93824992533936 93824992571272 93824992575488 140737488340183 140737488340354 140737488340354 140737488351170 0
/proc/4059253/statm: 6169 4111 2085 41 0 2248 0
Current children cumulated CPU time: 0.2 s
Current children cumulated vsize: 51584 KiB
Current children cumulated memory: 30056 KiB

[startup+0.33496 s]*
/proc/loadavg: 14.08 14.21 14.03 23/828 4059253
/proc/meminfo: memFree=374584112/528004312 swapFree=8388604/8388604
[pid=4059243] ppid=4059237 vsize=26908 memory=13612 CPUtime=0.07 cores=8-9
/proc/4059243/stat : 4059243 (perf) S 4059237 4059243 4058956 0 -1 0 1738 237 0 0 6 1 0 0 20 0 1 0 923138588 27553792 3403 17179869184 93824994299904 93824996572973 140737488338256 0 0 0 134217728 4 74274 1 0 0 17 8 0 0 0 0 0 93824998874888 93825001005840 93825001308160 140737488340073 140737488340470 140737488340470 140737488351179 0
/proc/4059243/statm: 6727 3403 2098 555 0 1769 0
[pid=4059253] ppid=4059243 vsize=26412 memory=18292 CPUtime=0.22 cores=8-9
/proc/4059253/stat : 4059253 (clingo) R 4059243 4059243 4058956 0 -1 0 2820 0 0 0 21 1 0 0 20 0 1 0 923138596 27045888 4573 17179869184 93824992301056 93824992468925 140737488338416 0 0 0 134217728 4 25184771 0 0 0 17 9 0 0 0 0 0 93824992533936 93824992571272 93824992575488 140737488340183 140737488340354 140737488340354 140737488351170 0
/proc/4059253/statm: 6603 4573 2085 41 0 2682 0
Current children cumulated CPU time: 0.29 s
Current children cumulated vsize: 53320 KiB
Current children cumulated memory: 31904 KiB

[startup+0.700322 s]
/proc/loadavg: 14.08 14.21 14.03 22/828 4059253
/proc/meminfo: memFree=374562944/528004312 swapFree=8388604/8388604
[pid=4059243] ppid=4059237 vsize=26908 memory=13612 CPUtime=0.07 cores=8-9
/proc/4059243/stat : 4059243 (perf) S 4059237 4059243 4058956 0 -1 0 1738 237 0 0 6 1 0 0 20 0 1 0 923138588 27553792 3403 17179869184 93824994299904 93824996572973 140737488338256 0 0 0 134217728 4 74274 1 0 0 17 8 0 0 0 0 0 93824998874888 93825001005840 93825001308160 140737488340073 140737488340470 140737488340470 140737488351179 0
/proc/4059243/statm: 6727 3403 2098 555 0 1769 0
[pid=4059253] ppid=4059243 vsize=28676 memory=20668 CPUtime=0.51 cores=8-9
/proc/4059253/stat : 4059253 (clingo) R 4059243 4059243 4058956 0 -1 0 3390 0 0 0 50 1 0 0 20 0 1 0 923138596 29364224 5167 17179869184 93824992301056 93824992468925 140737488338416 0 0 0 134217728 4 25184771 0 0 0 17 9 0 0 0 0 0 93824992533936 93824992571272 93824992575488 140737488340183 140737488340354 140737488340354 140737488351170 0
/proc/4059253/statm: 7169 5167 2085 41 0 3248 0
Current children cumulated CPU time: 0.58 s
Current children cumulated vsize: 55584 KiB
Current children cumulated memory: 34280 KiB

[startup+1.50032 s]
/proc/loadavg: 14.08 14.21 14.03 21/814 4059268
/proc/meminfo: memFree=374534248/528004312 swapFree=8388604/8388604
[pid=4059243] ppid=4059237 vsize=26908 memory=13612 CPUtime=0.07 cores=8-9
/proc/4059243/stat : 4059243 (perf) S 4059237 4059243 4058956 0 -1 0 1738 237 0 0 6 1 0 0 20 0 1 0 923138588 27553792 3403 17179869184 93824994299904 93824996572973 140737488338256 0 0 0 134217728 4 74274 1 0 0 17 8 0 0 0 0 0 93824998874888 93825001005840 93825001308160 140737488340073 140737488340470 140737488340470 140737488351179 0
/proc/4059243/statm: 6727 3403 2098 555 0 1769 0
[pid=4059253] ppid=4059243 vsize=31240 memory=23044 CPUtime=1.29 cores=8-9
/proc/4059253/stat : 4059253 (clingo) R 4059243 4059243 4058956 0 -1 0 4022 0 0 0 128 1 0 0 20 0 1 0 923138596 31989760 5761 17179869184 93824992301056 93824992468925 140737488338416 0 0 0 134217728 4 25184771 0 0 0 17 9 0 0 0 0 0 93824992533936 93824992571272 93824992575488 140737488340183 140737488340354 140737488340354 140737488351170 0
/proc/4059253/statm: 7810 5761 2085 41 0 3889 0
Current children cumulated CPU time: 1.36 s
Current children cumulated vsize: 58148 KiB
Current children cumulated memory: 36656 KiB

[startup+3.13457 s]
/proc/loadavg: 14.07 14.21 14.03 21/831 4059361
/proc/meminfo: memFree=374457812/528004312 swapFree=8388604/8388604
[pid=4059243] ppid=4059237 vsize=26908 memory=13612 CPUtime=0.07 cores=8-9
/proc/4059243/stat : 4059243 (perf) S 4059237 4059243 4058956 0 -1 0 1738 237 0 0 6 1 0 0 20 0 1 0 923138588 27553792 3403 17179869184 93824994299904 93824996572973 140737488338256 0 0 0 134217728 4 74274 1 0 0 17 8 0 0 0 0 0 93824998874888 93825001005840 93825001308160 140737488340073 140737488340470 140737488340470 140737488351179 0
/proc/4059243/statm: 6727 3403 2098 555 0 1769 0
[pid=4059253] ppid=4059243 vsize=33092 memory=24892 CPUtime=2.89 cores=8-9
/proc/4059253/stat : 4059253 (clingo) R 4059243 4059243 4058956 0 -1 0 4469 0 0 0 288 1 0 0 20 0 1 0 923138596 33886208 6223 17179869184 93824992301056 93824992468925 140737488338416 0 0 0 134217728 4 25184771 0 0 0 17 9 0 0 0 0 0 93824992533936 93824992571272 93824992575488 140737488340183 140737488340354 140737488340354 140737488351170 0
/proc/4059253/statm: 8273 6223 2085 41 0 4352 0
Current children cumulated CPU time: 2.96 s
Current children cumulated vsize: 60000 KiB
Current children cumulated memory: 38504 KiB

[startup+6.30028 s]
/proc/loadavg: 14.07 14.21 14.03 20/837 4059577
/proc/meminfo: memFree=374429024/528004312 swapFree=8388604/8388604
[pid=4059243] ppid=4059237 vsize=26908 memory=13612 CPUtime=0.07 cores=8-9
/proc/4059243/stat : 4059243 (perf) S 4059237 4059243 4058956 0 -1 0 1738 237 0 0 6 1 0 0 20 0 1 0 923138588 27553792 3403 17179869184 93824994299904 93824996572973 140737488338256 0 0 0 134217728 4 74274 1 0 0 17 8 0 0 0 0 0 93824998874888 93825001005840 93825001308160 140737488340073 140737488340470 140737488340470 140737488351179 0
/proc/4059243/statm: 6727 3403 2098 555 0 1769 0
[pid=4059253] ppid=4059243 vsize=36972 memory=28852 CPUtime=6.03 cores=8-9
/proc/4059253/stat : 4059253 (clingo) R 4059243 4059243 4058956 0 -1 0 5432 0 0 0 602 1 0 0 20 0 1 0 923138596 37859328 7213 17179869184 93824992301056 93824992468925 140737488338416 0 0 0 134217728 4 25184771 0 0 0 17 8 0 0 0 0 0 93824992533936 93824992571272 93824992575488 140737488340183 140737488340354 140737488340354 140737488351170 0
/proc/4059253/statm: 9243 7213 2085 41 0 5322 0
Current children cumulated CPU time: 6.1 s
Current children cumulated vsize: 63880 KiB
Current children cumulated memory: 42464 KiB

[startup+12.7003 s]
/proc/loadavg: 14.14 14.22 14.03 20/841 4060014
/proc/meminfo: memFree=374278888/528004312 swapFree=8388604/8388604
[pid=4059243] ppid=4059237 vsize=26908 memory=13612 CPUtime=0.07 cores=8-9
/proc/4059243/stat : 4059243 (perf) S 4059237 4059243 4058956 0 -1 0 1738 237 0 0 6 1 0 0 20 0 1 0 923138588 27553792 3403 17179869184 93824994299904 93824996572973 140737488338256 0 0 0 134217728 4 74274 1 0 0 17 8 0 0 0 0 0 93824998874888 93825001005840 93825001308160 140737488340073 140737488340470 140737488340470 140737488351179 0
/proc/4059243/statm: 6727 3403 2098 555 0 1769 0
[pid=4059253] ppid=4059243 vsize=42208 memory=33720 CPUtime=12.43 cores=8-9
/proc/4059253/stat : 4059253 (clingo) R 4059243 4059243 4058956 0 -1 0 6798 0 0 0 1242 1 0 0 20 0 1 0 923138596 43220992 8430 17179869184 93824992301056 93824992468925 140737488338416 0 0 0 134217728 4 25184771 0 0 0 17 8 0 0 0 0 0 93824992533936 93824992571272 93824992575488 140737488340183 140737488340354 140737488340354 140737488351170 0
/proc/4059253/statm: 10552 8430 2085 41 0 6631 0
Current children cumulated CPU time: 12.5 s
Current children cumulated vsize: 69116 KiB
Current children cumulated memory: 47332 KiB

[startup+25.5004 s]
/proc/loadavg: 14.12 14.21 14.03 20/841 4060015
/proc/meminfo: memFree=374086964/528004312 swapFree=8388604/8388604
[pid=4059243] ppid=4059237 vsize=26908 memory=13612 CPUtime=0.07 cores=8-9
/proc/4059243/stat : 4059243 (perf) S 4059237 4059243 4058956 0 -1 0 1738 237 0 0 6 1 0 0 20 0 1 0 923138588 27553792 3403 17179869184 93824994299904 93824996572973 140737488338256 0 0 0 134217728 4 74274 1 0 0 17 8 0 0 0 0 0 93824998874888 93825001005840 93825001308160 140737488340073 140737488340470 140737488340470 140737488351179 0
/proc/4059243/statm: 6727 3403 2098 555 0 1769 0
[pid=4059253] ppid=4059243 vsize=49532 memory=40584 CPUtime=25.23 cores=8-9
/proc/4059253/stat : 4059253 (clingo) R 4059243 4059243 4058956 0 -1 0 8516 0 0 0 2521 2 0 0 20 0 1 0 923138596 50720768 10146 17179869184 93824992301056 93824992468925 140737488338416 0 0 0 134217728 4 25184771 0 0 0 17 8 0 0 0 0 0 93824992533936 93824992571272 93824992575488 140737488340183 140737488340354 140737488340354 140737488351170 0
/proc/4059253/statm: 12383 10146 2085 41 0 8462 0
Current children cumulated CPU time: 25.3 s
Current children cumulated vsize: 76440 KiB
Current children cumulated memory: 54196 KiB

[startup+51.1191 s]
/proc/loadavg: 14.08 14.19 14.03 20/844 4060123
/proc/meminfo: memFree=374003296/528004312 swapFree=8388604/8388604
[pid=4059243] ppid=4059237 vsize=26908 memory=13612 CPUtime=0.07 cores=8-9
/proc/4059243/stat : 4059243 (perf) S 4059237 4059243 4058956 0 -1 0 1738 237 0 0 6 1 0 0 20 0 1 0 923138588 27553792 3403 17179869184 93824994299904 93824996572973 140737488338256 0 0 0 134217728 4 74274 1 0 0 17 8 0 0 0 0 0 93824998874888 93825001005840 93825001308160 140737488340073 140737488340470 140737488340470 140737488351179 0
/proc/4059243/statm: 6727 3403 2098 555 0 1769 0
[pid=4059253] ppid=4059243 vsize=59792 memory=49900 CPUtime=50.85 cores=8-9
/proc/4059253/stat : 4059253 (clingo) R 4059243 4059243 4058956 0 -1 0 10910 0 0 0 5082 3 0 0 20 0 1 0 923138596 61227008 12475 17179869184 93824992301056 93824992468925 140737488338416 0 0 0 134217728 4 25184771 0 0 0 17 8 0 0 0 0 0 93824992533936 93824992571272 93824992575488 140737488340183 140737488340354 140737488340354 140737488351170 0
/proc/4059253/statm: 14948 12475 2085 41 0 11027 0
Current children cumulated CPU time: 50.92 s
Current children cumulated vsize: 86700 KiB
Current children cumulated memory: 63512 KiB

[startup+102.3 s]
/proc/loadavg: 14.34 14.24 14.05 20/845 4060127
/proc/meminfo: memFree=373692556/528004312 swapFree=8388604/8388604
[pid=4059243] ppid=4059237 vsize=26908 memory=13612 CPUtime=0.07 cores=8-9
/proc/4059243/stat : 4059243 (perf) S 4059237 4059243 4058956 0 -1 0 1738 237 0 0 6 1 0 0 20 0 1 0 923138588 27553792 3403 17179869184 93824994299904 93824996572973 140737488338256 0 0 0 134217728 4 74274 1 0 0 17 8 0 0 0 0 0 93824998874888 93825001005840 93825001308160 140737488340073 140737488340470 140737488340470 140737488351179 0
/proc/4059243/statm: 6727 3403 2098 555 0 1769 0
[pid=4059253] ppid=4059243 vsize=72496 memory=61912 CPUtime=102.03 cores=8-9
/proc/4059253/stat : 4059253 (clingo) R 4059243 4059243 4058956 0 -1 0 14436 0 0 0 10200 3 0 0 20 0 1 0 923138596 74235904 15478 17179869184 93824992301056 93824992468925 140737488338416 0 0 0 134217728 4 25184771 0 0 0 17 8 0 0 0 0 0 93824992533936 93824992571272 93824992575488 140737488340183 140737488340354 140737488340354 140737488351170 0
/proc/4059253/statm: 18124 15478 2085 41 0 14203 0
Current children cumulated CPU time: 102.1 s
Current children cumulated vsize: 99404 KiB
Current children cumulated memory: 75524 KiB

[startup+162.3 s]
/proc/loadavg: 14.12 14.19 14.05 20/845 4060130
/proc/meminfo: memFree=373391084/528004312 swapFree=8388604/8388604
[pid=4059243] ppid=4059237 vsize=26908 memory=13612 CPUtime=0.07 cores=8-9
/proc/4059243/stat : 4059243 (perf) S 4059237 4059243 4058956 0 -1 0 1738 237 0 0 6 1 0 0 20 0 1 0 923138588 27553792 3403 17179869184 93824994299904 93824996572973 140737488338256 0 0 0 134217728 4 74274 1 0 0 17 8 0 0 0 0 0 93824998874888 93825001005840 93825001308160 140737488340073 140737488340470 140737488340470 140737488351179 0
/proc/4059243/statm: 6727 3403 2098 555 0 1769 0
[pid=4059253] ppid=4059243 vsize=84676 memory=72736 CPUtime=162.03 cores=8-9
/proc/4059253/stat : 4059253 (clingo) R 4059243 4059243 4058956 0 -1 0 17174 0 0 0 16199 4 0 0 20 0 1 0 923138596 86708224 18184 17179869184 93824992301056 93824992468925 140737488338416 0 0 0 134217728 4 25184771 0 0 0 17 8 0 0 0 0 0 93824992533936 93824992571272 93824992575488 140737488340183 140737488340354 140737488340354 140737488351170 0
/proc/4059253/statm: 21169 18184 2085 41 0 17248 0
Current children cumulated CPU time: 162.1 s
Current children cumulated vsize: 111584 KiB
Current children cumulated memory: 86348 KiB

[startup+222.3 s]
/proc/loadavg: 14.29 14.23 14.07 20/845 4060134
/proc/meminfo: memFree=373264888/528004312 swapFree=8388604/8388604
[pid=4059243] ppid=4059237 vsize=26908 memory=13612 CPUtime=0.07 cores=8-9
/proc/4059243/stat : 4059243 (perf) S 4059237 4059243 4058956 0 -1 0 1738 237 0 0 6 1 0 0 20 0 1 0 923138588 27553792 3403 17179869184 93824994299904 93824996572973 140737488338256 0 0 0 134217728 4 74274 1 0 0 17 8 0 0 0 0 0 93824998874888 93825001005840 93825001308160 140737488340073 140737488340470 140737488340470 140737488351179 0
/proc/4059243/statm: 6727 3403 2098 555 0 1769 0
[pid=4059253] ppid=4059243 vsize=94440 memory=81448 CPUtime=222.03 cores=8-9
/proc/4059253/stat : 4059253 (clingo) R 4059243 4059243 4058956 0 -1 0 19314 0 0 0 22198 5 0 0 20 0 1 0 923138596 96706560 20362 17179869184 93824992301056 93824992468925 140737488338416 0 0 0 134217728 4 25184771 0 0 0 17 8 0 0 0 0 0 93824992533936 93824992571272 93824992575488 140737488340183 140737488340354 140737488340354 140737488351170 0
/proc/4059253/statm: 23610 20362 2085 41 0 19689 0
Current children cumulated CPU time: 222.1 s
Current children cumulated vsize: 121348 KiB
Current children cumulated memory: 95060 KiB

[startup+282.3 s]
/proc/loadavg: 14.10 14.19 14.06 20/845 4060135
/proc/meminfo: memFree=373124792/528004312 swapFree=8388604/8388604
[pid=4059243] ppid=4059237 vsize=26908 memory=13612 CPUtime=0.07 cores=8-9
/proc/4059243/stat : 4059243 (perf) S 4059237 4059243 4058956 0 -1 0 1738 237 0 0 6 1 0 0 20 0 1 0 923138588 27553792 3403 17179869184 93824994299904 93824996572973 140737488338256 0 0 0 134217728 4 74274 1 0 0 17 8 0 0 0 0 0 93824998874888 93825001005840 93825001308160 140737488340073 140737488340470 140737488340470 140737488351179 0
/proc/4059243/statm: 6727 3403 2098 555 0 1769 0
[pid=4059253] ppid=4059243 vsize=100888 memory=87256 CPUtime=282.03 cores=8-9
/proc/4059253/stat : 4059253 (clingo) R 4059243 4059243 4058956 0 -1 0 20802 0 0 0 28198 5 0 0 20 0 1 0 923138596 103309312 21814 17179869184 93824992301056 93824992468925 140737488338416 0 0 0 134217728 4 25184771 0 0 0 17 8 0 0 0 0 0 93824992533936 93824992571272 93824992575488 140737488340183 140737488340354 140737488340354 140737488351170 0
/proc/4059253/statm: 25222 21814 2085 41 0 21301 0
Current children cumulated CPU time: 282.1 s
Current children cumulated vsize: 127796 KiB
Current children cumulated memory: 100868 KiB

[startup+342.3 s]
/proc/loadavg: 14.69 14.36 14.13 20/828 4060141
/proc/meminfo: memFree=373064876/528004312 swapFree=8388604/8388604
[pid=4059243] ppid=4059237 vsize=26908 memory=13612 CPUtime=0.07 cores=8-9
/proc/4059243/stat : 4059243 (perf) S 4059237 4059243 4058956 0 -1 0 1738 237 0 0 6 1 0 0 20 0 1 0 923138588 27553792 3403 17179869184 93824994299904 93824996572973 140737488338256 0 0 0 134217728 4 74274 1 0 0 17 8 0 0 0 0 0 93824998874888 93825001005840 93825001308160 140737488340073 140737488340470 140737488340470 140737488351179 0
/proc/4059243/statm: 6727 3403 2098 555 0 1769 0
[pid=4059253] ppid=4059243 vsize=108664 memory=94648 CPUtime=342.03 cores=8-9
/proc/4059253/stat : 4059253 (clingo) R 4059243 4059243 4058956 0 -1 0 22637 0 0 0 34198 5 0 0 20 0 1 0 923138596 111271936 23662 17179869184 93824992301056 93824992468925 140737488338416 0 0 0 134217728 4 25184771 0 0 0 17 8 0 0 0 0 0 93824992533936 93824992571272 93824992575488 140737488340183 140737488340354 140737488340354 140737488351170 0
/proc/4059253/statm: 27166 23662 2085 41 0 23245 0
Current children cumulated CPU time: 342.1 s
Current children cumulated vsize: 135572 KiB
Current children cumulated memory: 108260 KiB

[startup+402.3 s]
/proc/loadavg: 14.25 14.29 14.12 20/819 4060145
/proc/meminfo: memFree=372992620/528004312 swapFree=8388604/8388604
[pid=4059243] ppid=4059237 vsize=26908 memory=13612 CPUtime=0.07 cores=8-9
/proc/4059243/stat : 4059243 (perf) S 4059237 4059243 4058956 0 -1 0 1738 237 0 0 6 1 0 0 20 0 1 0 923138588 27553792 3403 17179869184 93824994299904 93824996572973 140737488338256 0 0 0 134217728 4 74274 1 0 0 17 8 0 0 0 0 0 93824998874888 93825001005840 93825001308160 140737488340073 140737488340470 140737488340470 140737488351179 0
/proc/4059243/statm: 6727 3403 2098 555 0 1769 0
[pid=4059253] ppid=4059243 vsize=113976 memory=99400 CPUtime=402.03 cores=8-9
/proc/4059253/stat : 4059253 (clingo) R 4059243 4059243 4058956 0 -1 0 23850 0 0 0 40198 5 0 0 20 0 1 0 923138596 116711424 24850 17179869184 93824992301056 93824992468925 140737488338416 0 0 0 134217728 4 25184771 0 0 0 17 8 0 0 0 0 0 93824992533936 93824992571272 93824992575488 140737488340183 140737488340354 140737488340354 140737488351170 0
/proc/4059253/statm: 28494 24850 2085 41 0 24573 0
Current children cumulated CPU time: 402.1 s
Current children cumulated vsize: 140884 KiB
Current children cumulated memory: 113012 KiB

[startup+462.3 s]
/proc/loadavg: 14.24 14.30 14.13 20/820 4060149
/proc/meminfo: memFree=372932676/528004312 swapFree=8388604/8388604
[pid=4059243] ppid=4059237 vsize=26908 memory=13612 CPUtime=0.07 cores=8-9
/proc/4059243/stat : 4059243 (perf) S 4059237 4059243 4058956 0 -1 0 1738 237 0 0 6 1 0 0 20 0 1 0 923138588 27553792 3403 17179869184 93824994299904 93824996572973 140737488338256 0 0 0 134217728 4 74274 1 0 0 17 8 0 0 0 0 0 93824998874888 93825001005840 93825001308160 140737488340073 140737488340470 140737488340470 140737488351179 0
/proc/4059243/statm: 6727 3403 2098 555 0 1769 0
[pid=4059253] ppid=4059243 vsize=119412 memory=104152 CPUtime=462.02 cores=8-9
/proc/4059253/stat : 4059253 (clingo) R 4059243 4059243 4058956 0 -1 0 25033 0 0 0 46197 5 0 0 20 0 1 0 923138596 122277888 26038 17179869184 93824992301056 93824992468925 140737488338416 0 0 0 134217728 4 25184771 0 0 0 17 8 0 0 0 0 0 93824992533936 93824992571272 93824992575488 140737488340183 140737488340354 140737488340354 140737488351170 0
/proc/4059253/statm: 29853 26038 2085 41 0 25932 0
Current children cumulated CPU time: 462.09 s
Current children cumulated vsize: 146320 KiB
Current children cumulated memory: 117764 KiB

[startup+522.3 s]
/proc/loadavg: 14.08 14.24 14.12 20/820 4060152
/proc/meminfo: memFree=372877008/528004312 swapFree=8388604/8388604
[pid=4059243] ppid=4059237 vsize=26908 memory=13612 CPUtime=0.07 cores=8-9
/proc/4059243/stat : 4059243 (perf) S 4059237 4059243 4058956 0 -1 0 1738 237 0 0 6 1 0 0 20 0 1 0 923138588 27553792 3403 17179869184 93824994299904 93824996572973 140737488338256 0 0 0 134217728 4 74274 1 0 0 17 8 0 0 0 0 0 93824998874888 93825001005840 93825001308160 140737488340073 140737488340470 140737488340470 140737488351179 0
/proc/4059243/statm: 6727 3403 2098 555 0 1769 0
[pid=4059253] ppid=4059243 vsize=123372 memory=108112 CPUtime=522.03 cores=8-9
/proc/4059253/stat : 4059253 (clingo) R 4059243 4059243 4058956 0 -1 0 25978 0 0 0 52197 6 0 0 20 0 1 0 923138596 126332928 27028 17179869184 93824992301056 93824992468925 140737488338416 0 0 0 134217728 4 25184771 0 0 0 17 8 0 0 0 0 0 93824992533936 93824992571272 93824992575488 140737488340183 140737488340354 140737488340354 140737488351170 0
/proc/4059253/statm: 30843 27028 2085 41 0 26922 0
Current children cumulated CPU time: 522.1 s
Current children cumulated vsize: 150280 KiB
Current children cumulated memory: 121724 KiB

[startup+582.3 s]
/proc/loadavg: 14.07 14.21 14.12 20/821 4060157
/proc/meminfo: memFree=372829160/528004312 swapFree=8388604/8388604
[pid=4059243] ppid=4059237 vsize=26908 memory=13612 CPUtime=0.07 cores=8-9
/proc/4059243/stat : 4059243 (perf) S 4059237 4059243 4058956 0 -1 0 1738 237 0 0 6 1 0 0 20 0 1 0 923138588 27553792 3403 17179869184 93824994299904 93824996572973 140737488338256 0 0 0 134217728 4 74274 1 0 0 17 8 0 0 0 0 0 93824998874888 93825001005840 93825001308160 140737488340073 140737488340470 140737488340470 140737488351179 0
/proc/4059243/statm: 6727 3403 2098 555 0 1769 0
[pid=4059253] ppid=4059243 vsize=129576 memory=113828 CPUtime=582.03 cores=8-9
/proc/4059253/stat : 4059253 (clingo) R 4059243 4059243 4058956 0 -1 0 27637 0 0 0 58197 6 0 0 20 0 1 0 923138596 132685824 28457 17179869184 93824992301056 93824992468925 140737488338416 0 0 0 134217728 4 25184771 0 0 0 17 8 0 0 0 0 0 93824992533936 93824992571272 93824992575488 140737488340183 140737488340354 140737488340354 140737488351170 0
/proc/4059253/statm: 32394 28457 2085 41 0 28473 0
Current children cumulated CPU time: 582.1 s
Current children cumulated vsize: 156484 KiB
Current children cumulated memory: 127440 KiB

[startup+642.3 s]
/proc/loadavg: 14.40 14.29 14.15 20/821 4060158
/proc/meminfo: memFree=372749576/528004312 swapFree=8388604/8388604
[pid=4059243] ppid=4059237 vsize=26908 memory=13612 CPUtime=0.07 cores=8-9
/proc/4059243/stat : 4059243 (perf) S 4059237 4059243 4058956 0 -1 0 1738 237 0 0 6 1 0 0 20 0 1 0 923138588 27553792 3403 17179869184 93824994299904 93824996572973 140737488338256 0 0 0 134217728 4 74274 1 0 0 17 8 0 0 0 0 0 93824998874888 93825001005840 93825001308160 140737488340073 140737488340470 140737488340470 140737488351179 0
/proc/4059243/statm: 6727 3403 2098 555 0 1769 0
[pid=4059253] ppid=4059243 vsize=133136 memory=116728 CPUtime=642.03 cores=8-9
/proc/4059253/stat : 4059253 (clingo) R 4059243 4059243 4058956 0 -1 0 28389 0 0 0 64197 6 0 0 20 0 1 0 923138596 136331264 29182 17179869184 93824992301056 93824992468925 140737488338416 0 0 0 134217728 4 25184771 0 0 0 17 8 0 0 0 0 0 93824992533936 93824992571272 93824992575488 140737488340183 140737488340354 140737488340354 140737488351170 0
/proc/4059253/statm: 33284 29182 2085 41 0 29363 0
Current children cumulated CPU time: 642.1 s
Current children cumulated vsize: 160044 KiB
Current children cumulated memory: 130340 KiB

[startup+702.3 s]
/proc/loadavg: 14.15 14.23 14.14 20/821 4060160
/proc/meminfo: memFree=372701700/528004312 swapFree=8388604/8388604
[pid=4059243] ppid=4059237 vsize=26908 memory=13612 CPUtime=0.07 cores=8-9
/proc/4059243/stat : 4059243 (perf) S 4059237 4059243 4058956 0 -1 0 1738 237 0 0 6 1 0 0 20 0 1 0 923138588 27553792 3403 17179869184 93824994299904 93824996572973 140737488338256 0 0 0 134217728 4 74274 1 0 0 17 8 0 0 0 0 0 93824998874888 93825001005840 93825001308160 140737488340073 140737488340470 140737488340470 140737488351179 0
/proc/4059243/statm: 6727 3403 2098 555 0 1769 0
[pid=4059253] ppid=4059243 vsize=137064 memory=120160 CPUtime=702.03 cores=8-9
/proc/4059253/stat : 4059253 (clingo) R 4059243 4059243 4058956 0 -1 0 29247 0 0 0 70196 7 0 0 20 0 1 0 923138596 140353536 30040 17179869184 93824992301056 93824992468925 140737488338416 0 0 0 134217728 4 25184771 0 0 0 17 8 0 0 0 0 0 93824992533936 93824992571272 93824992575488 140737488340183 140737488340354 140737488340354 140737488351170 0
/proc/4059253/statm: 34266 30040 2085 41 0 30345 0
Current children cumulated CPU time: 702.1 s
Current children cumulated vsize: 163972 KiB
Current children cumulated memory: 133772 KiB

[startup+762.3 s]
/proc/loadavg: 14.05 14.19 14.13 20/820 4060161
/proc/meminfo: memFree=372588056/528004312 swapFree=8388604/8388604
[pid=4059243] ppid=4059237 vsize=26908 memory=13612 CPUtime=0.07 cores=8-9
/proc/4059243/stat : 4059243 (perf) S 4059237 4059243 4058956 0 -1 0 1738 237 0 0 6 1 0 0 20 0 1 0 923138588 27553792 3403 17179869184 93824994299904 93824996572973 140737488338256 0 0 0 134217728 4 74274 1 0 0 17 8 0 0 0 0 0 93824998874888 93825001005840 93825001308160 140737488340073 140737488340470 140737488340470 140737488351179 0
/proc/4059243/statm: 6727 3403 2098 555 0 1769 0
[pid=4059253] ppid=4059243 vsize=140856 memory=123856 CPUtime=762.03 cores=8-9
/proc/4059253/stat : 4059253 (clingo) R 4059243 4059243 4058956 0 -1 0 30146 0 0 0 76196 7 0 0 20 0 1 0 923138596 144236544 30964 17179869184 93824992301056 93824992468925 140737488338416 0 0 0 134217728 4 25184771 0 0 0 17 8 0 0 0 0 0 93824992533936 93824992571272 93824992575488 140737488340183 140737488340354 140737488340354 140737488351170 0
/proc/4059253/statm: 35214 30964 2085 41 0 31293 0
Current children cumulated CPU time: 762.1 s
Current children cumulated vsize: 167764 KiB
Current children cumulated memory: 137468 KiB

[startup+822.3 s]
/proc/loadavg: 14.02 14.15 14.12 20/820 4060163
/proc/meminfo: memFree=372546300/528004312 swapFree=8388604/8388604
[pid=4059243] ppid=4059237 vsize=26908 memory=13612 CPUtime=0.07 cores=8-9
/proc/4059243/stat : 4059243 (perf) S 4059237 4059243 4058956 0 -1 0 1738 237 0 0 6 1 0 0 20 0 1 0 923138588 27553792 3403 17179869184 93824994299904 93824996572973 140737488338256 0 0 0 134217728 4 74274 1 0 0 17 8 0 0 0 0 0 93824998874888 93825001005840 93825001308160 140737488340073 140737488340470 140737488340470 140737488351179 0
/proc/4059243/statm: 6727 3403 2098 555 0 1769 0
[pid=4059253] ppid=4059243 vsize=144848 memory=127816 CPUtime=822.03 cores=8-9
/proc/4059253/stat : 4059253 (clingo) R 4059243 4059243 4058956 0 -1 0 31127 0 0 0 82196 7 0 0 20 0 1 0 923138596 148324352 31954 17179869184 93824992301056 93824992468925 140737488338416 0 0 0 134217728 4 25184771 0 0 0 17 8 0 0 0 0 0 93824992533936 93824992571272 93824992575488 140737488340183 140737488340354 140737488340354 140737488351170 0
/proc/4059253/statm: 36212 31954 2085 41 0 32291 0
Current children cumulated CPU time: 822.1 s
Current children cumulated vsize: 171756 KiB
Current children cumulated memory: 141428 KiB

[startup+882.3 s]
/proc/loadavg: 14.00 14.12 14.10 20/820 4060208
/proc/meminfo: memFree=372512040/528004312 swapFree=8388604/8388604
[pid=4059243] ppid=4059237 vsize=26908 memory=13612 CPUtime=0.07 cores=8-9
/proc/4059243/stat : 4059243 (perf) S 4059237 4059243 4058956 0 -1 0 1738 237 0 0 6 1 0 0 20 0 1 0 923138588 27553792 3403 17179869184 93824994299904 93824996572973 140737488338256 0 0 0 134217728 4 74274 1 0 0 17 8 0 0 0 0 0 93824998874888 93825001005840 93825001308160 140737488340073 140737488340470 140737488340470 140737488351179 0
/proc/4059243/statm: 6727 3403 2098 555 0 1769 0
[pid=4059253] ppid=4059243 vsize=150068 memory=132568 CPUtime=882.03 cores=8-9
/proc/4059253/stat : 4059253 (clingo) R 4059243 4059243 4058956 0 -1 0 32343 0 0 0 88196 7 0 0 20 0 1 0 923138596 153669632 33142 17179869184 93824992301056 93824992468925 140737488338416 0 0 0 134217728 4 25184771 0 0 0 17 8 0 0 0 0 0 93824992533936 93824992571272 93824992575488 140737488340183 140737488340354 140737488340354 140737488351170 0
/proc/4059253/statm: 37517 33142 2085 41 0 33596 0
Current children cumulated CPU time: 882.1 s
Current children cumulated vsize: 176976 KiB
Current children cumulated memory: 146180 KiB

[startup+942.3 s]
/proc/loadavg: 14.00 14.10 14.09 20/820 4060210
/proc/meminfo: memFree=372433176/528004312 swapFree=8388604/8388604
[pid=4059243] ppid=4059237 vsize=26908 memory=13612 CPUtime=0.07 cores=8-9
/proc/4059243/stat : 4059243 (perf) S 4059237 4059243 4058956 0 -1 0 1738 237 0 0 6 1 0 0 20 0 1 0 923138588 27553792 3403 17179869184 93824994299904 93824996572973 140737488338256 0 0 0 134217728 4 74274 1 0 0 17 8 0 0 0 0 0 93824998874888 93825001005840 93825001308160 140737488340073 140737488340470 140737488340470 140737488351179 0
/proc/4059243/statm: 6727 3403 2098 555 0 1769 0
[pid=4059253] ppid=4059243 vsize=154528 memory=136792 CPUtime=942.03 cores=8-9
/proc/4059253/stat : 4059253 (clingo) R 4059243 4059243 4058956 0 -1 0 33384 0 0 0 94196 7 0 0 20 0 1 0 923138596 158236672 34198 17179869184 93824992301056 93824992468925 140737488338416 0 0 0 134217728 4 25184771 0 0 0 17 8 0 0 0 0 0 93824992533936 93824992571272 93824992575488 140737488340183 140737488340354 140737488340354 140737488351170 0
/proc/4059253/statm: 38632 34198 2085 41 0 34711 0
Current children cumulated CPU time: 942.1 s
Current children cumulated vsize: 181436 KiB
Current children cumulated memory: 150404 KiB

[startup+1002.3 s]
/proc/loadavg: 14.00 14.08 14.09 20/820 4060211
/proc/meminfo: memFree=372369936/528004312 swapFree=8388604/8388604
[pid=4059243] ppid=4059237 vsize=26908 memory=13612 CPUtime=0.07 cores=8-9
/proc/4059243/stat : 4059243 (perf) S 4059237 4059243 4058956 0 -1 0 1738 237 0 0 6 1 0 0 20 0 1 0 923138588 27553792 3403 17179869184 93824994299904 93824996572973 140737488338256 0 0 0 134217728 4 74274 1 0 0 17 8 0 0 0 0 0 93824998874888 93825001005840 93825001308160 140737488340073 140737488340470 140737488340470 140737488351179 0
/proc/4059243/statm: 6727 3403 2098 555 0 1769 0
[pid=4059253] ppid=4059243 vsize=157108 memory=139432 CPUtime=1002.03 cores=8-9
/proc/4059253/stat : 4059253 (clingo) R 4059243 4059243 4058956 0 -1 0 34059 0 0 0 100196 7 0 0 20 0 1 0 923138596 160878592 34858 17179869184 93824992301056 93824992468925 140737488338416 0 0 0 134217728 4 25184771 0 0 0 17 8 0 0 0 0 0 93824992533936 93824992571272 93824992575488 140737488340183 140737488340354 140737488340354 140737488351170 0
/proc/4059253/statm: 39277 34858 2085 41 0 35356 0
Current children cumulated CPU time: 1002.1 s
Current children cumulated vsize: 184016 KiB
Current children cumulated memory: 153044 KiB

[startup+1062.3 s]
/proc/loadavg: 14.00 14.06 14.08 20/820 4060212
/proc/meminfo: memFree=372335420/528004312 swapFree=8388604/8388604
[pid=4059243] ppid=4059237 vsize=26908 memory=13612 CPUtime=0.07 cores=8-9
/proc/4059243/stat : 4059243 (perf) S 4059237 4059243 4058956 0 -1 0 1738 237 0 0 6 1 0 0 20 0 1 0 923138588 27553792 3403 17179869184 93824994299904 93824996572973 140737488338256 0 0 0 134217728 4 74274 1 0 0 17 8 0 0 0 0 0 93824998874888 93825001005840 93825001308160 140737488340073 140737488340470 140737488340470 140737488351179 0
/proc/4059243/statm: 6727 3403 2098 555 0 1769 0
[pid=4059253] ppid=4059243 vsize=161196 memory=143128 CPUtime=1062.02 cores=8-9
/proc/4059253/stat : 4059253 (clingo) R 4059243 4059243 4058956 0 -1 0 34979 0 0 0 106195 7 0 0 20 0 1 0 923138596 165064704 35782 17179869184 93824992301056 93824992468925 140737488338416 0 0 0 134217728 4 25184771 0 0 0 17 8 0 0 0 0 0 93824992533936 93824992571272 93824992575488 140737488340183 140737488340354 140737488340354 140737488351170 0
/proc/4059253/statm: 40299 35782 2085 41 0 36378 0
Current children cumulated CPU time: 1062.09 s
Current children cumulated vsize: 188104 KiB
Current children cumulated memory: 156740 KiB

[startup+1122.3 s]
/proc/loadavg: 14.32 14.12 14.10 20/820 4060214
/proc/meminfo: memFree=372304716/528004312 swapFree=8388604/8388604
[pid=4059243] ppid=4059237 vsize=26908 memory=13612 CPUtime=0.07 cores=8-9
/proc/4059243/stat : 4059243 (perf) S 4059237 4059243 4058956 0 -1 0 1738 237 0 0 6 1 0 0 20 0 1 0 923138588 27553792 3403 17179869184 93824994299904 93824996572973 140737488338256 0 0 0 134217728 4 74274 1 0 0 17 8 0 0 0 0 0 93824998874888 93825001005840 93825001308160 140737488340073 140737488340470 140737488340470 140737488351179 0
/proc/4059243/statm: 6727 3403 2098 555 0 1769 0
[pid=4059253] ppid=4059243 vsize=164436 memory=146032 CPUtime=1122.02 cores=8-9
/proc/4059253/stat : 4059253 (clingo) R 4059243 4059243 4058956 0 -1 0 35682 0 0 0 112195 7 0 0 20 0 1 0 923138596 168382464 36508 17179869184 93824992301056 93824992468925 140737488338416 0 0 0 134217728 4 25184771 0 0 0 17 8 0 0 0 0 0 93824992533936 93824992571272 93824992575488 140737488340183 140737488340354 140737488340354 140737488351170 0
/proc/4059253/statm: 41109 36508 2085 41 0 37188 0
Current children cumulated CPU time: 1122.09 s
Current children cumulated vsize: 191344 KiB
Current children cumulated memory: 159644 KiB

[startup+1182.3 s]
/proc/loadavg: 15.03 14.45 14.22 20/820 4060215
/proc/meminfo: memFree=372281536/528004312 swapFree=8388604/8388604
[pid=4059243] ppid=4059237 vsize=26908 memory=13612 CPUtime=0.07 cores=8-9
/proc/4059243/stat : 4059243 (perf) S 4059237 4059243 4058956 0 -1 0 1738 237 0 0 6 1 0 0 20 0 1 0 923138588 27553792 3403 17179869184 93824994299904 93824996572973 140737488338256 0 0 0 134217728 4 74274 1 0 0 17 8 0 0 0 0 0 93824998874888 93825001005840 93825001308160 140737488340073 140737488340470 140737488340470 140737488351179 0
/proc/4059243/statm: 6727 3403 2098 555 0 1769 0
[pid=4059253] ppid=4059243 vsize=167012 memory=148408 CPUtime=1182.02 cores=8-9
/proc/4059253/stat : 4059253 (clingo) R 4059243 4059243 4058956 0 -1 0 36316 0 0 0 118195 7 0 0 20 0 1 0 923138596 171020288 37102 17179869184 93824992301056 93824992468925 140737488338416 0 0 0 134217728 4 25184771 0 0 0 17 8 0 0 0 0 0 93824992533936 93824992571272 93824992575488 140737488340183 140737488340354 140737488340354 140737488351170 0
/proc/4059253/statm: 41753 37102 2085 41 0 37832 0
Current children cumulated CPU time: 1182.09 s
Current children cumulated vsize: 193920 KiB
Current children cumulated memory: 162020 KiB



Maximum wall clock time exceeded: sending SIGTERM then SIGKILL

[startup+1205 s]*
/proc/loadavg: 14.68 14.41 14.21 19/811 4060467
/proc/meminfo: memFree=372712532/528004312 swapFree=8388604/8388604
[pid=4059243] ppid=4059237 vsize=26908 memory=13612 CPUtime=0.07 cores=8-9
/proc/4059243/stat : 4059243 (perf) S 4059237 4059243 4058956 0 -1 0 1738 237 0 0 6 1 0 0 20 0 1 0 923138588 27553792 3403 17179869184 93824994299904 93824996572973 140737488338256 0 0 0 134217728 4 74274 1 0 0 17 8 0 0 0 0 0 93824998874888 93825001005840 93825001308160 140737488340073 140737488340470 140737488340470 140737488351179 0
/proc/4059243/statm: 6727 3403 2098 555 0 1769 0
[pid=4059253] ppid=4059243 vsize=168444 memory=149728 CPUtime=1204.74 cores=8-9
/proc/4059253/stat : 4059253 (clingo) R 4059243 4059243 4058956 0 -1 0 36639 0 0 0 120467 7 0 0 20 0 1 0 923138596 172486656 37432 17179869184 93824992301056 93824992468925 140737488338416 0 0 0 134217728 4 25184771 0 0 0 17 8 0 0 0 0 0 93824992533936 93824992571272 93824992575488 140737488340183 140737488340354 140737488340354 140737488351170 0
/proc/4059253/statm: 42111 37432 2085 41 0 38190 0
Current children cumulated CPU time: 1204.81 s
Current children cumulated vsize: 195352 KiB
Current children cumulated memory: 163340 KiB

Sending SIGINT to process tree (bottom up)
Sleeping 5 seconds

[startup+1205.03 s]
# the end of solver process 4059243 was just reported to runsolver
# cumulated CPU time of all completed processes:  user=1204.74 s, system=0.109789 s

Solver just ended.
??? end of watcher thread
Dumping a history of the last processes samples

Child status: 1
Real time (s): 1205.03
CPU time (s): 1204.85
CPU user time (s): 1204.74
CPU system time (s): 0.109789
CPU usage (%): 99.9853
Max. virtual memory (cumulated for all children) (KiB): 195352
Max. memory (cumulated for all children) (KiB): 163340

getrusage(RUSAGE_CHILDREN,...) data:
user time used= 1204.74
system time used= 0.109789
maximum resident set size= 149924
integral shared memory size= 0
integral unshared data size= 0
integral unshared stack size= 0
page reclaims= 38654
page faults= 0
swaps= 0
block input operations= 0
block output operations= 0
messages sent= 0
messages received= 0
signals received= 0
voluntary context switches= 18
involuntary context switches= 1265


# summary of solver processes directly reported to runsolver:
#   pid: 4059243
#   total CPU time (s): 1204.85
#   total CPU user time (s): 1204.74
#   total CPU system time (s): 0.109789

??? end of timestamper thread
runsolver used 7.39377 second user time and 17.0031 second system time

The end
