runsolver version 3.4.0 (svn: 3018) Copyright (C) 2010-2013 Olivier ROUSSEL

This program is distributed in the hope that it will be useful,
but WITHOUT ANY WARRANTY; without even the implied warranty of
MERCHANTABILITY or FITNESS FOR A PARTICULAR PURPOSE.  See the
GNU General Public License for more details.

NUMA information:
  number of nodes: 2
  memory of node 0: 257635 MiB (182219 MiB free)
  memory of node 1: 257994 MiB (193027 MiB free)
  node distances:
     10  20
     20  10

command line: /dev/shm/377f3d50-2e81-11f1-ac62-000c298f4621/input/runsolver -w /dev/shm/377f3d50-2e81-11f1-ac62-000c298f4621/output/runsolver.log -v /dev/shm/377f3d50-2e81-11f1-ac62-000c298f4621/output/varfile.log -W 1205 --rss-swap-limit 16384 -d 5 --sigint /usr/bin/perf stat -B -e task-clock,cache-references,cache-misses,cycles,instructions,branches,faults,migrations,context-switches -o /dev/shm/377f3d50-2e81-11f1-ac62-000c298f4621/output/perf.log clingo /home/guests/mmacri/AMOSUM/benchmarks/GraphColouring/encoding-plain-amo.asp /dev/shm/377f3d50-2e81-11f1-ac62-000c298f4621/input/0045-graph_colouring-145-0_4176.asp 

running on 2 cores: 28-29

Enforcing wall clock limit (soft limit, will send SIGTERM then SIGKILL): 1205 seconds
Enforcing RSS+Swap limit (soft limit, will send SIGTERM then SIGKILL): 16777216 KiB
Linux 5.15.0-131-generic
Current StackSize limit: 8192 KiB

solver pid=370599, runsolver pid=370598

[startup+0.10007 s]*
/proc/loadavg: 14.10 14.16 13.27 15/830 370603
/proc/meminfo: memFree=384248904/528004504 swapFree=8388604/8388604
[pid=370599] ppid=370598 vsize=26908 memory=13616 CPUtime=0.07 cores=28-29
/proc/370599/stat : 370599 (perf) S 370598 370599 370557 0 -1 0 1738 237 0 0 6 1 0 0 20 0 1 0 922980392 27553792 3404 17179869184 93824994299904 93824996572973 140737488338256 0 0 0 134217728 4 74274 1 0 0 17 28 0 0 0 0 0 93824998874888 93825001005840 93825001308160 140737488340074 140737488340471 140737488340471 140737488351179 0
/proc/370599/statm: 6727 3404 2099 555 0 1769 0
[pid=370603] ppid=370599 vsize=20252 memory=12168 CPUtime=0.03 cores=28-29
/proc/370603/stat : 370603 (clingo) R 370599 370599 370557 0 -1 0 1284 0 0 0 3 0 0 0 20 0 1 0 922980400 20738048 3042 17179869184 93824992301056 93824992468925 140737488338416 0 0 0 134217728 4 25184771 0 0 0 17 29 0 0 0 0 0 93824992533936 93824992571272 93824992575488 140737488340184 140737488340355 140737488340355 140737488351170 0
/proc/370603/statm: 5063 3042 2073 41 0 1142 0
Current children cumulated CPU time: 0.1 s
Current children cumulated vsize: 47160 KiB
Current children cumulated memory: 25784 KiB

[startup+0.234668 s]*
/proc/loadavg: 14.10 14.16 13.27 16/830 370603
/proc/meminfo: memFree=384244872/528004504 swapFree=8388604/8388604
[pid=370599] ppid=370598 vsize=26908 memory=13616 CPUtime=0.07 cores=28-29
/proc/370599/stat : 370599 (perf) S 370598 370599 370557 0 -1 0 1738 237 0 0 6 1 0 0 20 0 1 0 922980392 27553792 3404 17179869184 93824994299904 93824996572973 140737488338256 0 0 0 134217728 4 74274 1 0 0 17 28 0 0 0 0 0 93824998874888 93825001005840 93825001308160 140737488340074 140737488340471 140737488340471 140737488351179 0
/proc/370599/statm: 6727 3404 2099 555 0 1769 0
[pid=370603] ppid=370599 vsize=25564 memory=17504 CPUtime=0.15 cores=28-29
/proc/370603/stat : 370603 (clingo) R 370599 370599 370557 0 -1 0 2613 0 0 0 15 0 0 0 20 0 1 0 922980400 26177536 4376 17179869184 93824992301056 93824992468925 140737488338416 0 0 0 134217728 4 25184771 0 0 0 17 29 0 0 0 0 0 93824992533936 93824992571272 93824992575488 140737488340184 140737488340355 140737488340355 140737488351170 0
/proc/370603/statm: 6391 4376 2088 41 0 2470 0
Current children cumulated CPU time: 0.22 s
Current children cumulated vsize: 52472 KiB
Current children cumulated memory: 31120 KiB

[startup+0.334389 s]*
/proc/loadavg: 14.10 14.16 13.27 15/830 370603
/proc/meminfo: memFree=384242100/528004504 swapFree=8388604/8388604
[pid=370599] ppid=370598 vsize=26908 memory=13616 CPUtime=0.07 cores=28-29
/proc/370599/stat : 370599 (perf) S 370598 370599 370557 0 -1 0 1738 237 0 0 6 1 0 0 20 0 1 0 922980392 27553792 3404 17179869184 93824994299904 93824996572973 140737488338256 0 0 0 134217728 4 74274 1 0 0 17 28 0 0 0 0 0 93824998874888 93825001005840 93825001308160 140737488340074 140737488340471 140737488340471 140737488351179 0
/proc/370599/statm: 6727 3404 2099 555 0 1769 0
[pid=370603] ppid=370599 vsize=27688 memory=19616 CPUtime=0.22 cores=28-29
/proc/370603/stat : 370603 (clingo) R 370599 370599 370557 0 -1 0 3139 0 0 0 22 0 0 0 20 0 1 0 922980400 28352512 4904 17179869184 93824992301056 93824992468925 140737488338416 0 0 0 134217728 4 25184771 0 0 0 17 29 0 0 0 0 0 93824992533936 93824992571272 93824992575488 140737488340184 140737488340355 140737488340355 140737488351170 0
/proc/370603/statm: 6922 4904 2088 41 0 3001 0
Current children cumulated CPU time: 0.29 s
Current children cumulated vsize: 54596 KiB
Current children cumulated memory: 33232 KiB

[startup+0.700327 s]
/proc/loadavg: 14.10 14.16 13.27 15/830 370603
/proc/meminfo: memFree=384239264/528004504 swapFree=8388604/8388604
[pid=370599] ppid=370598 vsize=26908 memory=13616 CPUtime=0.07 cores=28-29
/proc/370599/stat : 370599 (perf) S 370598 370599 370557 0 -1 0 1738 237 0 0 6 1 0 0 20 0 1 0 922980392 27553792 3404 17179869184 93824994299904 93824996572973 140737488338256 0 0 0 134217728 4 74274 1 0 0 17 28 0 0 0 0 0 93824998874888 93825001005840 93825001308160 140737488340074 140737488340471 140737488340471 140737488351179 0
/proc/370599/statm: 6727 3404 2099 555 0 1769 0
[pid=370603] ppid=370599 vsize=29804 memory=21728 CPUtime=0.52 cores=28-29
/proc/370603/stat : 370603 (clingo) R 370599 370599 370557 0 -1 0 3682 0 0 0 52 0 0 0 20 0 1 0 922980400 30519296 5432 17179869184 93824992301056 93824992468925 140737488338416 0 0 0 134217728 4 25184771 0 0 0 17 28 0 0 0 0 0 93824992533936 93824992571272 93824992575488 140737488340184 140737488340355 140737488340355 140737488351170 0
/proc/370603/statm: 7451 5432 2088 41 0 3530 0
Current children cumulated CPU time: 0.59 s
Current children cumulated vsize: 56712 KiB
Current children cumulated memory: 35344 KiB

[startup+1.50034 s]
/proc/loadavg: 14.10 14.16 13.27 18/830 370603
/proc/meminfo: memFree=384233732/528004504 swapFree=8388604/8388604
[pid=370599] ppid=370598 vsize=26908 memory=13616 CPUtime=0.07 cores=28-29
/proc/370599/stat : 370599 (perf) S 370598 370599 370557 0 -1 0 1738 237 0 0 6 1 0 0 20 0 1 0 922980392 27553792 3404 17179869184 93824994299904 93824996572973 140737488338256 0 0 0 134217728 4 74274 1 0 0 17 28 0 0 0 0 0 93824998874888 93825001005840 93825001308160 140737488340074 140737488340471 140737488340471 140737488351179 0
/proc/370599/statm: 6727 3404 2099 555 0 1769 0
[pid=370603] ppid=370599 vsize=33820 memory=25688 CPUtime=1.32 cores=28-29
/proc/370603/stat : 370603 (clingo) R 370599 370599 370557 0 -1 0 4671 0 0 0 131 1 0 0 20 0 1 0 922980400 34631680 6422 17179869184 93824992301056 93824992468925 140737488338416 0 0 0 134217728 4 25184771 0 0 0 17 28 0 0 0 0 0 93824992533936 93824992571272 93824992575488 140737488340184 140737488340355 140737488340355 140737488351170 0
/proc/370603/statm: 8455 6422 2088 41 0 4534 0
Current children cumulated CPU time: 1.39 s
Current children cumulated vsize: 60728 KiB
Current children cumulated memory: 39304 KiB

[startup+3.119 s]
/proc/loadavg: 14.09 14.16 13.28 18/830 370603
/proc/meminfo: memFree=384223652/528004504 swapFree=8388604/8388604
[pid=370599] ppid=370598 vsize=26908 memory=13616 CPUtime=0.07 cores=28-29
/proc/370599/stat : 370599 (perf) S 370598 370599 370557 0 -1 0 1738 237 0 0 6 1 0 0 20 0 1 0 922980392 27553792 3404 17179869184 93824994299904 93824996572973 140737488338256 0 0 0 134217728 4 74274 1 0 0 17 28 0 0 0 0 0 93824998874888 93825001005840 93825001308160 140737488340074 140737488340471 140737488340471 140737488351179 0
/proc/370599/statm: 6727 3404 2099 555 0 1769 0
[pid=370603] ppid=370599 vsize=34480 memory=26480 CPUtime=2.94 cores=28-29
/proc/370603/stat : 370603 (clingo) R 370599 370599 370557 0 -1 0 4842 0 0 0 293 1 0 0 20 0 1 0 922980400 35307520 6620 17179869184 93824992301056 93824992468925 140737488338416 0 0 0 134217728 4 25184771 0 0 0 17 28 0 0 0 0 0 93824992533936 93824992571272 93824992575488 140737488340184 140737488340355 140737488340355 140737488351170 0
/proc/370603/statm: 8620 6620 2088 41 0 4699 0
Current children cumulated CPU time: 3.01 s
Current children cumulated vsize: 61388 KiB
Current children cumulated memory: 40096 KiB

[startup+6.30028 s]
/proc/loadavg: 14.09 14.16 13.28 18/830 370603
/proc/meminfo: memFree=384205120/528004504 swapFree=8388604/8388604
[pid=370599] ppid=370598 vsize=26908 memory=13616 CPUtime=0.07 cores=28-29
/proc/370599/stat : 370599 (perf) S 370598 370599 370557 0 -1 0 1738 237 0 0 6 1 0 0 20 0 1 0 922980392 27553792 3404 17179869184 93824994299904 93824996572973 140737488338256 0 0 0 134217728 4 74274 1 0 0 17 28 0 0 0 0 0 93824998874888 93825001005840 93825001308160 140737488340074 140737488340471 140737488340471 140737488351179 0
/proc/370599/statm: 6727 3404 2099 555 0 1769 0
[pid=370603] ppid=370599 vsize=39628 memory=31496 CPUtime=6.12 cores=28-29
/proc/370603/stat : 370603 (clingo) R 370599 370599 370557 0 -1 0 6104 0 0 0 610 2 0 0 20 0 1 0 922980400 40579072 7874 17179869184 93824992301056 93824992468925 140737488338416 0 0 0 134217728 4 25184771 0 0 0 17 28 0 0 0 0 0 93824992533936 93824992571272 93824992575488 140737488340184 140737488340355 140737488340355 140737488351170 0
/proc/370603/statm: 9907 7874 2088 41 0 5986 0
Current children cumulated CPU time: 6.19 s
Current children cumulated vsize: 66536 KiB
Current children cumulated memory: 45112 KiB

[startup+12.7003 s]
/proc/loadavg: 14.08 14.15 13.28 18/830 370603
/proc/meminfo: memFree=384183712/528004504 swapFree=8388604/8388604
[pid=370599] ppid=370598 vsize=26908 memory=13616 CPUtime=0.07 cores=28-29
/proc/370599/stat : 370599 (perf) S 370598 370599 370557 0 -1 0 1738 237 0 0 6 1 0 0 20 0 1 0 922980392 27553792 3404 17179869184 93824994299904 93824996572973 140737488338256 0 0 0 134217728 4 74274 1 0 0 17 28 0 0 0 0 0 93824998874888 93825001005840 93825001308160 140737488340074 140737488340471 140737488340471 140737488351179 0
/proc/370599/statm: 6727 3404 2099 555 0 1769 0
[pid=370603] ppid=370599 vsize=45756 memory=37576 CPUtime=12.52 cores=28-29
/proc/370603/stat : 370603 (clingo) R 370599 370599 370557 0 -1 0 7972 0 0 0 1250 2 0 0 20 0 1 0 922980400 46854144 9394 17179869184 93824992301056 93824992468925 140737488338416 0 0 0 134217728 4 25184771 0 0 0 17 28 0 0 0 0 0 93824992533936 93824992571272 93824992575488 140737488340184 140737488340355 140737488340355 140737488351170 0
/proc/370603/statm: 11439 9394 2088 41 0 7518 0
Current children cumulated CPU time: 12.59 s
Current children cumulated vsize: 72664 KiB
Current children cumulated memory: 51192 KiB

[startup+25.5004 s]
/proc/loadavg: 14.07 14.15 13.29 18/832 370607
/proc/meminfo: memFree=384135936/528004504 swapFree=8388604/8388604
[pid=370599] ppid=370598 vsize=26908 memory=13616 CPUtime=0.07 cores=28-29
/proc/370599/stat : 370599 (perf) S 370598 370599 370557 0 -1 0 1738 237 0 0 6 1 0 0 20 0 1 0 922980392 27553792 3404 17179869184 93824994299904 93824996572973 140737488338256 0 0 0 134217728 4 74274 1 0 0 17 28 0 0 0 0 0 93824998874888 93825001005840 93825001308160 140737488340074 140737488340471 140737488340471 140737488351179 0
/proc/370599/statm: 6727 3404 2099 555 0 1769 0
[pid=370603] ppid=370599 vsize=53560 memory=45304 CPUtime=25.32 cores=28-29
/proc/370603/stat : 370603 (clingo) R 370599 370599 370557 0 -1 0 10948 0 0 0 2529 3 0 0 20 0 1 0 922980400 54845440 11326 17179869184 93824992301056 93824992468925 140737488338416 0 0 0 134217728 4 25184771 0 0 0 17 28 0 0 0 0 0 93824992533936 93824992571272 93824992575488 140737488340184 140737488340355 140737488340355 140737488351170 0
/proc/370603/statm: 13390 11326 2088 41 0 9469 0
Current children cumulated CPU time: 25.39 s
Current children cumulated vsize: 80468 KiB
Current children cumulated memory: 58920 KiB

[startup+51.119 s]
/proc/loadavg: 14.04 14.13 13.31 18/832 370651
/proc/meminfo: memFree=384060028/528004504 swapFree=8388604/8388604
[pid=370599] ppid=370598 vsize=26908 memory=13616 CPUtime=0.07 cores=28-29
/proc/370599/stat : 370599 (perf) S 370598 370599 370557 0 -1 0 1738 237 0 0 6 1 0 0 20 0 1 0 922980392 27553792 3404 17179869184 93824994299904 93824996572973 140737488338256 0 0 0 134217728 4 74274 1 0 0 17 28 0 0 0 0 0 93824998874888 93825001005840 93825001308160 140737488340074 140737488340471 140737488340471 140737488351179 0
/proc/370599/statm: 6727 3404 2099 555 0 1769 0
[pid=370603] ppid=370599 vsize=62020 memory=53464 CPUtime=50.94 cores=28-29
/proc/370603/stat : 370603 (clingo) R 370599 370599 370557 0 -1 0 14362 0 0 0 5091 3 0 0 20 0 1 0 922980400 63508480 13366 17179869184 93824992301056 93824992468925 140737488338416 0 0 0 134217728 4 25184771 0 0 0 17 28 0 0 0 0 0 93824992533936 93824992571272 93824992575488 140737488340184 140737488340355 140737488340355 140737488351170 0
/proc/370603/statm: 15505 13366 2088 41 0 11584 0
Current children cumulated CPU time: 51.01 s
Current children cumulated vsize: 88928 KiB
Current children cumulated memory: 67080 KiB

[startup+102.3 s]
/proc/loadavg: 14.02 14.11 13.35 18/832 370654
/proc/meminfo: memFree=383953764/528004504 swapFree=8388604/8388604
[pid=370599] ppid=370598 vsize=26908 memory=13616 CPUtime=0.07 cores=28-29
/proc/370599/stat : 370599 (perf) S 370598 370599 370557 0 -1 0 1738 237 0 0 6 1 0 0 20 0 1 0 922980392 27553792 3404 17179869184 93824994299904 93824996572973 140737488338256 0 0 0 134217728 4 74274 1 0 0 17 28 0 0 0 0 0 93824998874888 93825001005840 93825001308160 140737488340074 140737488340471 140737488340471 140737488351179 0
/proc/370599/statm: 6727 3404 2099 555 0 1769 0
[pid=370603] ppid=370599 vsize=72708 memory=64416 CPUtime=102.11 cores=28-29
/proc/370603/stat : 370603 (clingo) R 370599 370599 370557 0 -1 0 19599 0 0 0 10208 3 0 0 20 0 1 0 922980400 74452992 16104 17179869184 93824992301056 93824992468925 140737488338416 0 0 0 134217728 4 25184771 0 0 0 17 28 0 0 0 0 0 93824992533936 93824992571272 93824992575488 140737488340184 140737488340355 140737488340355 140737488351170 0
/proc/370603/statm: 18177 16104 2088 41 0 14256 0
Current children cumulated CPU time: 102.18 s
Current children cumulated vsize: 99616 KiB
Current children cumulated memory: 78032 KiB

[startup+162.3 s]
/proc/loadavg: 14.00 14.09 13.40 18/832 370657
/proc/meminfo: memFree=383852272/528004504 swapFree=8388604/8388604
[pid=370599] ppid=370598 vsize=26908 memory=13616 CPUtime=0.07 cores=28-29
/proc/370599/stat : 370599 (perf) S 370598 370599 370557 0 -1 0 1738 237 0 0 6 1 0 0 20 0 1 0 922980392 27553792 3404 17179869184 93824994299904 93824996572973 140737488338256 0 0 0 134217728 4 74274 1 0 0 17 28 0 0 0 0 0 93824998874888 93825001005840 93825001308160 140737488340074 140737488340471 140737488340471 140737488351179 0
/proc/370599/statm: 6727 3404 2099 555 0 1769 0
[pid=370603] ppid=370599 vsize=81528 memory=73180 CPUtime=162.12 cores=28-29
/proc/370603/stat : 370603 (clingo) R 370599 370599 370557 0 -1 0 23246 0 0 0 16208 4 0 0 20 0 1 0 922980400 83484672 18295 17179869184 93824992301056 93824992468925 140737488338416 0 0 0 134217728 4 25184771 0 0 0 17 28 0 0 0 0 0 93824992533936 93824992571272 93824992575488 140737488340184 140737488340355 140737488340355 140737488351170 0
/proc/370603/statm: 20382 18295 2088 41 0 16461 0
Current children cumulated CPU time: 162.19 s
Current children cumulated vsize: 108436 KiB
Current children cumulated memory: 86796 KiB

[startup+222.3 s]
/proc/loadavg: 14.00 14.07 13.44 18/832 370659
/proc/meminfo: memFree=383766468/528004504 swapFree=8388604/8388604
[pid=370599] ppid=370598 vsize=26908 memory=13616 CPUtime=0.07 cores=28-29
/proc/370599/stat : 370599 (perf) S 370598 370599 370557 0 -1 0 1738 237 0 0 6 1 0 0 20 0 1 0 922980392 27553792 3404 17179869184 93824994299904 93824996572973 140737488338256 0 0 0 134217728 4 74274 1 0 0 17 28 0 0 0 0 0 93824998874888 93825001005840 93825001308160 140737488340074 140737488340471 140737488340471 140737488351179 0
/proc/370599/statm: 6727 3404 2099 555 0 1769 0
[pid=370603] ppid=370599 vsize=91236 memory=82716 CPUtime=222.12 cores=28-29
/proc/370603/stat : 370603 (clingo) R 370599 370599 370557 0 -1 0 27305 0 0 0 22207 5 0 0 20 0 1 0 922980400 93425664 20679 17179869184 93824992301056 93824992468925 140737488338416 0 0 0 134217728 4 25184771 0 0 0 17 28 0 0 0 0 0 93824992533936 93824992571272 93824992575488 140737488340184 140737488340355 140737488340355 140737488351170 0
/proc/370603/statm: 22809 20679 2088 41 0 18888 0
Current children cumulated CPU time: 222.19 s
Current children cumulated vsize: 118144 KiB
Current children cumulated memory: 96332 KiB

[startup+282.3 s]
/proc/loadavg: 14.38 14.14 13.50 18/815 370665
/proc/meminfo: memFree=383697976/528004504 swapFree=8388604/8388604
[pid=370599] ppid=370598 vsize=26908 memory=13616 CPUtime=0.07 cores=28-29
/proc/370599/stat : 370599 (perf) S 370598 370599 370557 0 -1 0 1738 237 0 0 6 1 0 0 20 0 1 0 922980392 27553792 3404 17179869184 93824994299904 93824996572973 140737488338256 0 0 0 134217728 4 74274 1 0 0 17 28 0 0 0 0 0 93824998874888 93825001005840 93825001308160 140737488340074 140737488340471 140737488340471 140737488351179 0
/proc/370599/statm: 6727 3404 2099 555 0 1769 0
[pid=370603] ppid=370599 vsize=96316 memory=87932 CPUtime=282.12 cores=28-29
/proc/370603/stat : 370603 (clingo) R 370599 370599 370557 0 -1 0 29768 0 0 0 28207 5 0 0 20 0 1 0 922980400 98627584 21983 17179869184 93824992301056 93824992468925 140737488338416 0 0 0 134217728 4 25184771 0 0 0 17 28 0 0 0 0 0 93824992533936 93824992571272 93824992575488 140737488340184 140737488340355 140737488340355 140737488351170 0
/proc/370603/statm: 24079 21983 2088 41 0 20158 0
Current children cumulated CPU time: 282.19 s
Current children cumulated vsize: 123224 KiB
Current children cumulated memory: 101548 KiB

[startup+342.3 s]
/proc/loadavg: 14.61 14.30 13.60 18/808 370669
/proc/meminfo: memFree=383629776/528004504 swapFree=8388604/8388604
[pid=370599] ppid=370598 vsize=26908 memory=13616 CPUtime=0.07 cores=28-29
/proc/370599/stat : 370599 (perf) S 370598 370599 370557 0 -1 0 1738 237 0 0 6 1 0 0 20 0 1 0 922980392 27553792 3404 17179869184 93824994299904 93824996572973 140737488338256 0 0 0 134217728 4 74274 1 0 0 17 28 0 0 0 0 0 93824998874888 93825001005840 93825001308160 140737488340074 140737488340471 140737488340471 140737488351179 0
/proc/370599/statm: 6727 3404 2099 555 0 1769 0
[pid=370603] ppid=370599 vsize=103024 memory=94328 CPUtime=342.11 cores=28-29
/proc/370603/stat : 370603 (clingo) R 370599 370599 370557 0 -1 0 32205 0 0 0 34206 5 0 0 20 0 1 0 922980400 105496576 23582 17179869184 93824992301056 93824992468925 140737488338416 0 0 0 134217728 4 25184771 0 0 0 17 28 0 0 0 0 0 93824992533936 93824992571272 93824992575488 140737488340184 140737488340355 140737488340355 140737488351170 0
/proc/370603/statm: 25756 23582 2088 41 0 21835 0
Current children cumulated CPU time: 342.18 s
Current children cumulated vsize: 129932 KiB
Current children cumulated memory: 107944 KiB

[startup+402.3 s]
/proc/loadavg: 14.22 14.24 13.63 18/808 370672
/proc/meminfo: memFree=383572068/528004504 swapFree=8388604/8388604
[pid=370599] ppid=370598 vsize=26908 memory=13616 CPUtime=0.07 cores=28-29
/proc/370599/stat : 370599 (perf) S 370598 370599 370557 0 -1 0 1738 237 0 0 6 1 0 0 20 0 1 0 922980392 27553792 3404 17179869184 93824994299904 93824996572973 140737488338256 0 0 0 134217728 4 74274 1 0 0 17 28 0 0 0 0 0 93824998874888 93825001005840 93825001308160 140737488340074 140737488340471 140737488340471 140737488351179 0
/proc/370599/statm: 6727 3404 2099 555 0 1769 0
[pid=370603] ppid=370599 vsize=107204 memory=98472 CPUtime=402.11 cores=28-29
/proc/370603/stat : 370603 (clingo) R 370599 370599 370557 0 -1 0 34885 0 0 0 40206 5 0 0 20 0 1 0 922980400 109776896 24618 17179869184 93824992301056 93824992468925 140737488338416 0 0 0 134217728 4 25184771 0 0 0 17 28 0 0 0 0 0 93824992533936 93824992571272 93824992575488 140737488340184 140737488340355 140737488340355 140737488351170 0
/proc/370603/statm: 26801 24618 2088 41 0 22880 0
Current children cumulated CPU time: 402.18 s
Current children cumulated vsize: 134112 KiB
Current children cumulated memory: 112088 KiB

[startup+462.3 s]
/proc/loadavg: 14.08 14.19 13.65 18/810 370678
/proc/meminfo: memFree=383515912/528004504 swapFree=8388604/8388604
[pid=370599] ppid=370598 vsize=26908 memory=13616 CPUtime=0.07 cores=28-29
/proc/370599/stat : 370599 (perf) S 370598 370599 370557 0 -1 0 1738 237 0 0 6 1 0 0 20 0 1 0 922980392 27553792 3404 17179869184 93824994299904 93824996572973 140737488338256 0 0 0 134217728 4 74274 1 0 0 17 28 0 0 0 0 0 93824998874888 93825001005840 93825001308160 140737488340074 140737488340471 140737488340471 140737488351179 0
/proc/370599/statm: 6727 3404 2099 555 0 1769 0
[pid=370603] ppid=370599 vsize=114472 memory=105708 CPUtime=462.12 cores=28-29
/proc/370603/stat : 370603 (clingo) R 370599 370599 370557 0 -1 0 37341 0 0 0 46206 6 0 0 20 0 1 0 922980400 117219328 26427 17179869184 93824992301056 93824992468925 140737488338416 0 0 0 134217728 4 25184771 0 0 0 17 28 0 0 0 0 0 93824992533936 93824992571272 93824992575488 140737488340184 140737488340355 140737488340355 140737488351170 0
/proc/370603/statm: 28618 26427 2088 41 0 24697 0
Current children cumulated CPU time: 462.19 s
Current children cumulated vsize: 141380 KiB
Current children cumulated memory: 119324 KiB

[startup+522.3 s]
/proc/loadavg: 14.18 14.19 13.69 18/810 370680
/proc/meminfo: memFree=383472852/528004504 swapFree=8388604/8388604
[pid=370599] ppid=370598 vsize=26908 memory=13616 CPUtime=0.07 cores=28-29
/proc/370599/stat : 370599 (perf) S 370598 370599 370557 0 -1 0 1738 237 0 0 6 1 0 0 20 0 1 0 922980392 27553792 3404 17179869184 93824994299904 93824996572973 140737488338256 0 0 0 134217728 4 74274 1 0 0 17 28 0 0 0 0 0 93824998874888 93825001005840 93825001308160 140737488340074 140737488340471 140737488340471 140737488351179 0
/proc/370599/statm: 6727 3404 2099 555 0 1769 0
[pid=370603] ppid=370599 vsize=118648 memory=109276 CPUtime=522.11 cores=28-29
/proc/370603/stat : 370603 (clingo) R 370599 370599 370557 0 -1 0 38840 0 0 0 52205 6 0 0 20 0 1 0 922980400 121495552 27319 17179869184 93824992301056 93824992468925 140737488338416 0 0 0 134217728 4 25184771 0 0 0 17 28 0 0 0 0 0 93824992533936 93824992571272 93824992575488 140737488340184 140737488340355 140737488340355 140737488351170 0
/proc/370603/statm: 29662 27319 2088 41 0 25741 0
Current children cumulated CPU time: 522.18 s
Current children cumulated vsize: 145556 KiB
Current children cumulated memory: 122892 KiB

[startup+582.3 s]
/proc/loadavg: 14.40 14.25 13.74 18/810 370682
/proc/meminfo: memFree=383436832/528004504 swapFree=8388604/8388604
[pid=370599] ppid=370598 vsize=26908 memory=13616 CPUtime=0.07 cores=28-29
/proc/370599/stat : 370599 (perf) S 370598 370599 370557 0 -1 0 1738 237 0 0 6 1 0 0 20 0 1 0 922980392 27553792 3404 17179869184 93824994299904 93824996572973 140737488338256 0 0 0 134217728 4 74274 1 0 0 17 28 0 0 0 0 0 93824998874888 93825001005840 93825001308160 140737488340074 140737488340471 140737488340471 140737488351179 0
/proc/370599/statm: 6727 3404 2099 555 0 1769 0
[pid=370603] ppid=370599 vsize=122660 memory=113084 CPUtime=582.11 cores=28-29
/proc/370603/stat : 370603 (clingo) R 370599 370599 370557 0 -1 0 40151 0 0 0 58205 6 0 0 20 0 1 0 922980400 125603840 28271 17179869184 93824992301056 93824992468925 140737488338416 0 0 0 134217728 4 25184771 0 0 0 17 28 0 0 0 0 0 93824992533936 93824992571272 93824992575488 140737488340184 140737488340355 140737488340355 140737488351170 0
/proc/370603/statm: 30665 28271 2088 41 0 26744 0
Current children cumulated CPU time: 582.18 s
Current children cumulated vsize: 149568 KiB
Current children cumulated memory: 126700 KiB

[startup+642.3 s]
/proc/loadavg: 15.37 14.58 13.89 18/810 370685
/proc/meminfo: memFree=383391740/528004504 swapFree=8388604/8388604
[pid=370599] ppid=370598 vsize=26908 memory=13616 CPUtime=0.07 cores=28-29
/proc/370599/stat : 370599 (perf) S 370598 370599 370557 0 -1 0 1738 237 0 0 6 1 0 0 20 0 1 0 922980392 27553792 3404 17179869184 93824994299904 93824996572973 140737488338256 0 0 0 134217728 4 74274 1 0 0 17 28 0 0 0 0 0 93824998874888 93825001005840 93825001308160 140737488340074 140737488340471 140737488340471 140737488351179 0
/proc/370599/statm: 6727 3404 2099 555 0 1769 0
[pid=370603] ppid=370599 vsize=128196 memory=118356 CPUtime=642.12 cores=28-29
/proc/370603/stat : 370603 (clingo) R 370599 370599 370557 0 -1 0 42121 0 0 0 64205 7 0 0 20 0 1 0 922980400 131272704 29589 17179869184 93824992301056 93824992468925 140737488338416 0 0 0 134217728 4 25184771 0 0 0 17 28 0 0 0 0 0 93824992533936 93824992571272 93824992575488 140737488340184 140737488340355 140737488340355 140737488351170 0
/proc/370603/statm: 32049 29589 2088 41 0 28128 0
Current children cumulated CPU time: 642.19 s
Current children cumulated vsize: 155104 KiB
Current children cumulated memory: 131972 KiB

[startup+702.3 s]
/proc/loadavg: 14.50 14.47 13.90 18/810 370689
/proc/meminfo: memFree=383351964/528004504 swapFree=8388604/8388604
[pid=370599] ppid=370598 vsize=26908 memory=13616 CPUtime=0.07 cores=28-29
/proc/370599/stat : 370599 (perf) S 370598 370599 370557 0 -1 0 1738 237 0 0 6 1 0 0 20 0 1 0 922980392 27553792 3404 17179869184 93824994299904 93824996572973 140737488338256 0 0 0 134217728 4 74274 1 0 0 17 28 0 0 0 0 0 93824998874888 93825001005840 93825001308160 140737488340074 140737488340471 140737488340471 140737488351179 0
/proc/370599/statm: 6727 3404 2099 555 0 1769 0
[pid=370603] ppid=370599 vsize=129092 memory=118992 CPUtime=702.12 cores=28-29
/proc/370603/stat : 370603 (clingo) R 370599 370599 370557 0 -1 0 43142 0 0 0 70205 7 0 0 20 0 1 0 922980400 132190208 29748 17179869184 93824992301056 93824992468925 140737488338416 0 0 0 134217728 4 25184771 0 0 0 17 28 0 0 0 0 0 93824992533936 93824992571272 93824992575488 140737488340184 140737488340355 140737488340355 140737488351170 0
/proc/370603/statm: 32273 29748 2088 41 0 28352 0
Current children cumulated CPU time: 702.19 s
Current children cumulated vsize: 156000 KiB
Current children cumulated memory: 132608 KiB

[startup+762.3 s]
/proc/loadavg: 14.22 14.40 13.92 18/808 370693
/proc/meminfo: memFree=383320088/528004504 swapFree=8388604/8388604
[pid=370599] ppid=370598 vsize=26908 memory=13616 CPUtime=0.07 cores=28-29
/proc/370599/stat : 370599 (perf) S 370598 370599 370557 0 -1 0 1738 237 0 0 6 1 0 0 20 0 1 0 922980392 27553792 3404 17179869184 93824994299904 93824996572973 140737488338256 0 0 0 134217728 4 74274 1 0 0 17 28 0 0 0 0 0 93824998874888 93825001005840 93825001308160 140737488340074 140737488340471 140737488340471 140737488351179 0
/proc/370599/statm: 6727 3404 2099 555 0 1769 0
[pid=370603] ppid=370599 vsize=132532 memory=121896 CPUtime=762.11 cores=28-29
/proc/370603/stat : 370603 (clingo) R 370599 370599 370557 0 -1 0 43826 0 0 0 76204 7 0 0 20 0 1 0 922980400 135712768 30474 17179869184 93824992301056 93824992468925 140737488338416 0 0 0 134217728 4 25184771 0 0 0 17 28 0 0 0 0 0 93824992533936 93824992571272 93824992575488 140737488340184 140737488340355 140737488340355 140737488351170 0
/proc/370603/statm: 33133 30474 2088 41 0 29212 0
Current children cumulated CPU time: 762.18 s
Current children cumulated vsize: 159440 KiB
Current children cumulated memory: 135512 KiB

[startup+822.3 s]
/proc/loadavg: 14.08 14.32 13.92 18/808 370696
/proc/meminfo: memFree=383265520/528004504 swapFree=8388604/8388604
[pid=370599] ppid=370598 vsize=26908 memory=13616 CPUtime=0.07 cores=28-29
/proc/370599/stat : 370599 (perf) S 370598 370599 370557 0 -1 0 1738 237 0 0 6 1 0 0 20 0 1 0 922980392 27553792 3404 17179869184 93824994299904 93824996572973 140737488338256 0 0 0 134217728 4 74274 1 0 0 17 28 0 0 0 0 0 93824998874888 93825001005840 93825001308160 140737488340074 140737488340471 140737488340471 140737488351179 0
/proc/370599/statm: 6727 3404 2099 555 0 1769 0
[pid=370603] ppid=370599 vsize=137352 memory=126428 CPUtime=822.11 cores=28-29
/proc/370603/stat : 370603 (clingo) R 370599 370599 370557 0 -1 0 45939 0 0 0 82204 7 0 0 20 0 1 0 922980400 140648448 31607 17179869184 93824992301056 93824992468925 140737488338416 0 0 0 134217728 4 25184771 0 0 0 17 28 0 0 0 0 0 93824992533936 93824992571272 93824992575488 140737488340184 140737488340355 140737488340355 140737488351170 0
/proc/370603/statm: 34338 31607 2088 41 0 30417 0
Current children cumulated CPU time: 822.18 s
Current children cumulated vsize: 164260 KiB
Current children cumulated memory: 140044 KiB

[startup+882.3 s]
/proc/loadavg: 14.23 14.32 13.95 18/808 370699
/proc/meminfo: memFree=383234580/528004504 swapFree=8388604/8388604
[pid=370599] ppid=370598 vsize=26908 memory=13616 CPUtime=0.07 cores=28-29
/proc/370599/stat : 370599 (perf) S 370598 370599 370557 0 -1 0 1738 237 0 0 6 1 0 0 20 0 1 0 922980392 27553792 3404 17179869184 93824994299904 93824996572973 140737488338256 0 0 0 134217728 4 74274 1 0 0 17 28 0 0 0 0 0 93824998874888 93825001005840 93825001308160 140737488340074 140737488340471 140737488340471 140737488351179 0
/proc/370599/statm: 6727 3404 2099 555 0 1769 0
[pid=370603] ppid=370599 vsize=140588 memory=128916 CPUtime=882.11 cores=28-29
/proc/370603/stat : 370603 (clingo) R 370599 370599 370557 0 -1 0 46730 0 0 0 88204 7 0 0 20 0 1 0 922980400 143962112 32229 17179869184 93824992301056 93824992468925 140737488338416 0 0 0 134217728 4 25184771 0 0 0 17 28 0 0 0 0 0 93824992533936 93824992571272 93824992575488 140737488340184 140737488340355 140737488340355 140737488351170 0
/proc/370603/statm: 35147 32229 2088 41 0 31226 0
Current children cumulated CPU time: 882.18 s
Current children cumulated vsize: 167496 KiB
Current children cumulated memory: 142532 KiB

[startup+942.3 s]
/proc/loadavg: 14.31 14.32 13.98 18/808 370701
/proc/meminfo: memFree=383196160/528004504 swapFree=8388604/8388604
[pid=370599] ppid=370598 vsize=26908 memory=13616 CPUtime=0.07 cores=28-29
/proc/370599/stat : 370599 (perf) S 370598 370599 370557 0 -1 0 1738 237 0 0 6 1 0 0 20 0 1 0 922980392 27553792 3404 17179869184 93824994299904 93824996572973 140737488338256 0 0 0 134217728 4 74274 1 0 0 17 28 0 0 0 0 0 93824998874888 93825001005840 93825001308160 140737488340074 140737488340471 140737488340471 140737488351179 0
/proc/370599/statm: 6727 3404 2099 555 0 1769 0
[pid=370603] ppid=370599 vsize=142732 memory=131412 CPUtime=942.11 cores=28-29
/proc/370603/stat : 370603 (clingo) R 370599 370599 370557 0 -1 0 48099 0 0 0 94204 7 0 0 20 0 1 0 922980400 146157568 32853 17179869184 93824992301056 93824992468925 140737488338416 0 0 0 134217728 4 25184771 0 0 0 17 28 0 0 0 0 0 93824992533936 93824992571272 93824992575488 140737488340184 140737488340355 140737488340355 140737488351170 0
/proc/370603/statm: 35683 32853 2088 41 0 31762 0
Current children cumulated CPU time: 942.18 s
Current children cumulated vsize: 169640 KiB
Current children cumulated memory: 145028 KiB

[startup+1002.3 s]
/proc/loadavg: 14.11 14.26 13.98 18/808 370704
/proc/meminfo: memFree=383155268/528004504 swapFree=8388604/8388604
[pid=370599] ppid=370598 vsize=26908 memory=13616 CPUtime=0.07 cores=28-29
/proc/370599/stat : 370599 (perf) S 370598 370599 370557 0 -1 0 1738 237 0 0 6 1 0 0 20 0 1 0 922980392 27553792 3404 17179869184 93824994299904 93824996572973 140737488338256 0 0 0 134217728 4 74274 1 0 0 17 28 0 0 0 0 0 93824998874888 93825001005840 93825001308160 140737488340074 140737488340471 140737488340471 140737488351179 0
/proc/370599/statm: 6727 3404 2099 555 0 1769 0
[pid=370603] ppid=370599 vsize=145876 memory=134116 CPUtime=1002.11 cores=28-29
/proc/370603/stat : 370603 (clingo) R 370599 370599 370557 0 -1 0 50065 0 0 0 100203 8 0 0 20 0 1 0 922980400 149377024 33529 17179869184 93824992301056 93824992468925 140737488338416 0 0 0 134217728 4 25184771 0 0 0 17 28 0 0 0 0 0 93824992533936 93824992571272 93824992575488 140737488340184 140737488340355 140737488340355 140737488351170 0
/proc/370603/statm: 36469 33529 2088 41 0 32548 0
Current children cumulated CPU time: 1002.18 s
Current children cumulated vsize: 172784 KiB
Current children cumulated memory: 147732 KiB

[startup+1062.3 s]
/proc/loadavg: 14.04 14.21 13.99 18/808 370708
/proc/meminfo: memFree=383123916/528004504 swapFree=8388604/8388604
[pid=370599] ppid=370598 vsize=26908 memory=13616 CPUtime=0.07 cores=28-29
/proc/370599/stat : 370599 (perf) S 370598 370599 370557 0 -1 0 1738 237 0 0 6 1 0 0 20 0 1 0 922980392 27553792 3404 17179869184 93824994299904 93824996572973 140737488338256 0 0 0 134217728 4 74274 1 0 0 17 28 0 0 0 0 0 93824998874888 93825001005840 93825001308160 140737488340074 140737488340471 140737488340471 140737488351179 0
/proc/370599/statm: 6727 3404 2099 555 0 1769 0
[pid=370603] ppid=370599 vsize=147048 memory=135044 CPUtime=1062.12 cores=28-29
/proc/370603/stat : 370603 (clingo) R 370599 370599 370557 0 -1 0 51198 0 0 0 106203 9 0 0 20 0 1 0 922980400 150577152 33761 17179869184 93824992301056 93824992468925 140737488338416 0 0 0 134217728 4 25184771 0 0 0 17 28 0 0 0 0 0 93824992533936 93824992571272 93824992575488 140737488340184 140737488340355 140737488340355 140737488351170 0
/proc/370603/statm: 36762 33761 2088 41 0 32841 0
Current children cumulated CPU time: 1062.19 s
Current children cumulated vsize: 173956 KiB
Current children cumulated memory: 148660 KiB

[startup+1122.3 s]
/proc/loadavg: 14.24 14.22 14.01 18/808 370711
/proc/meminfo: memFree=383087236/528004504 swapFree=8388604/8388604
[pid=370599] ppid=370598 vsize=26908 memory=13616 CPUtime=0.07 cores=28-29
/proc/370599/stat : 370599 (perf) S 370598 370599 370557 0 -1 0 1738 237 0 0 6 1 0 0 20 0 1 0 922980392 27553792 3404 17179869184 93824994299904 93824996572973 140737488338256 0 0 0 134217728 4 74274 1 0 0 17 28 0 0 0 0 0 93824998874888 93825001005840 93825001308160 140737488340074 140737488340471 140737488340471 140737488351179 0
/proc/370599/statm: 6727 3404 2099 555 0 1769 0
[pid=370603] ppid=370599 vsize=151120 memory=138684 CPUtime=1122.12 cores=28-29
/proc/370603/stat : 370603 (clingo) R 370599 370599 370557 0 -1 0 52920 0 0 0 112203 9 0 0 20 0 1 0 922980400 154746880 34671 17179869184 93824992301056 93824992468925 140737488338416 0 0 0 134217728 4 25184771 0 0 0 17 28 0 0 0 0 0 93824992533936 93824992571272 93824992575488 140737488340184 140737488340355 140737488340355 140737488351170 0
/proc/370603/statm: 37780 34671 2088 41 0 33859 0
Current children cumulated CPU time: 1122.19 s
Current children cumulated vsize: 178028 KiB
Current children cumulated memory: 152300 KiB

[startup+1182.3 s]
/proc/loadavg: 14.12 14.19 14.01 15/846 372107
/proc/meminfo: memFree=383530812/528004504 swapFree=8388604/8388604
[pid=370599] ppid=370598 vsize=26908 memory=13616 CPUtime=0.07 cores=28-29
/proc/370599/stat : 370599 (perf) S 370598 370599 370557 0 -1 0 1738 237 0 0 6 1 0 0 20 0 1 0 922980392 27553792 3404 17179869184 93824994299904 93824996572973 140737488338256 0 0 0 134217728 4 74274 1 0 0 17 28 0 0 0 0 0 93824998874888 93825001005840 93825001308160 140737488340074 140737488340471 140737488340471 140737488351179 0
/proc/370599/statm: 6727 3404 2099 555 0 1769 0
[pid=370603] ppid=370599 vsize=154932 memory=142204 CPUtime=1182.11 cores=28-29
/proc/370603/stat : 370603 (clingo) R 370599 370599 370557 0 -1 0 54096 0 0 0 118202 9 0 0 20 0 1 0 922980400 158650368 35551 17179869184 93824992301056 93824992468925 140737488338416 0 0 0 134217728 4 25184771 0 0 0 17 28 0 0 0 0 0 93824992533936 93824992571272 93824992575488 140737488340184 140737488340355 140737488340355 140737488351170 0
/proc/370603/statm: 38733 35551 2088 41 0 34812 0
Current children cumulated CPU time: 1182.18 s
Current children cumulated vsize: 181840 KiB
Current children cumulated memory: 155820 KiB



Maximum wall clock time exceeded: sending SIGTERM then SIGKILL

[startup+1205 s]*
/proc/loadavg: 14.08 14.18 14.01 16/856 372433
/proc/meminfo: memFree=383336736/528004504 swapFree=8388604/8388604
[pid=370599] ppid=370598 vsize=26908 memory=13616 CPUtime=0.07 cores=28-29
/proc/370599/stat : 370599 (perf) S 370598 370599 370557 0 -1 0 1738 237 0 0 6 1 0 0 20 0 1 0 922980392 27553792 3404 17179869184 93824994299904 93824996572973 140737488338256 0 0 0 134217728 4 74274 1 0 0 17 28 0 0 0 0 0 93824998874888 93825001005840 93825001308160 140737488340074 140737488340471 140737488340471 140737488351179 0
/proc/370599/statm: 6727 3404 2099 555 0 1769 0
[pid=370603] ppid=370599 vsize=156972 memory=144212 CPUtime=1204.82 cores=28-29
/proc/370603/stat : 370603 (clingo) R 370599 370599 370557 0 -1 0 55136 0 0 0 120473 9 0 0 20 0 1 0 922980400 160739328 36053 17179869184 93824992301056 93824992468925 140737488338416 0 0 0 134217728 4 25184771 0 0 0 17 28 0 0 0 0 0 93824992533936 93824992571272 93824992575488 140737488340184 140737488340355 140737488340355 140737488351170 0
/proc/370603/statm: 39243 36053 2088 41 0 35322 0
Current children cumulated CPU time: 1204.89 s
Current children cumulated vsize: 183880 KiB
Current children cumulated memory: 157828 KiB

Sending SIGINT to process tree (bottom up)
Sleeping 5 seconds

[startup+1205.03 s]
# the end of solver process 370599 was just reported to runsolver
# cumulated CPU time of all completed processes:  user=1204.82 s, system=0.117456 s

Solver just ended.
??? end of watcher thread
Dumping a history of the last processes samples

Child status: 1
Real time (s): 1205.03
CPU time (s): 1204.93
CPU user time (s): 1204.82
CPU system time (s): 0.117456
CPU usage (%): 99.9919
Max. virtual memory (cumulated for all children) (KiB): 186048
Max. memory (cumulated for all children) (KiB): 159776

getrusage(RUSAGE_CHILDREN,...) data:
user time used= 1204.82
system time used= 0.117456
maximum resident set size= 146160
integral shared memory size= 0
integral unshared data size= 0
integral unshared stack size= 0
page reclaims= 57151
page faults= 0
swaps= 0
block input operations= 0
block output operations= 0
messages sent= 0
messages received= 0
signals received= 0
voluntary context switches= 18
involuntary context switches= 885


# summary of solver processes directly reported to runsolver:
#   pid: 370599
#   total CPU time (s): 1204.93
#   total CPU user time (s): 1204.82
#   total CPU system time (s): 0.117456

??? end of timestamper thread
runsolver used 6.75086 second user time and 17.2817 second system time

The end
