runsolver version 3.4.0 (svn: 3018) Copyright (C) 2010-2013 Olivier ROUSSEL

This program is distributed in the hope that it will be useful,
but WITHOUT ANY WARRANTY; without even the implied warranty of
MERCHANTABILITY or FITNESS FOR A PARTICULAR PURPOSE.  See the
GNU General Public License for more details.

NUMA information:
  number of nodes: 2
  memory of node 0: 257635 MiB (185438 MiB free)
  memory of node 1: 257994 MiB (191167 MiB free)
  node distances:
     10  20
     20  10

command line: /dev/shm/3792c4c4-2e81-11f1-ac62-000c298f4621/input/runsolver -w /dev/shm/3792c4c4-2e81-11f1-ac62-000c298f4621/output/runsolver.log -v /dev/shm/3792c4c4-2e81-11f1-ac62-000c298f4621/output/varfile.log -W 1205 --rss-swap-limit 16384 -d 5 --sigint /usr/bin/perf stat -B -e task-clock,cache-references,cache-misses,cycles,instructions,branches,faults,migrations,context-switches -o /dev/shm/3792c4c4-2e81-11f1-ac62-000c298f4621/output/perf.log clingo /home/guests/mmacri/AMOSUM/benchmarks/GraphColouring/encoding-plain-amo.asp /dev/shm/3792c4c4-2e81-11f1-ac62-000c298f4621/input/0056-graph_colouring-150-0_2880.asp 

running on 2 cores: 24-25

Enforcing wall clock limit (soft limit, will send SIGTERM then SIGKILL): 1205 seconds
Enforcing RSS+Swap limit (soft limit, will send SIGTERM then SIGKILL): 16777216 KiB
Linux 5.15.0-131-generic
Current StackSize limit: 8192 KiB

solver pid=3553999, runsolver pid=3553996

[startup+0.100067 s]*
/proc/loadavg: 14.65 14.62 14.15 15/817 3554080
/proc/meminfo: memFree=385891148/528004520 swapFree=8388604/8388604
[pid=3553999] ppid=3553996 vsize=26908 memory=13612 CPUtime=0.07 cores=24-25
/proc/3553999/stat : 3553999 (perf) S 3553996 3553999 3553624 0 -1 0 1738 237 0 0 4 3 0 0 20 0 1 0 923119172 27553792 3403 17179869184 93824994299904 93824996572973 140737488338256 0 0 0 134217728 4 74274 1 0 0 17 24 0 0 0 0 0 93824998874888 93825001005840 93825001308160 140737488340073 140737488340470 140737488340470 140737488351179 0
/proc/3553999/statm: 6727 3403 2098 555 0 1769 0
[pid=3554068] ppid=3553999 vsize=18900 memory=10652 CPUtime=0.02 cores=24-25
/proc/3554068/stat : 3554068 (clingo) R 3553999 3553999 3553624 0 -1 0 884 0 0 0 2 0 0 0 20 0 1 0 923119181 19353600 2663 17179869184 93824992301056 93824992468925 140737488338416 0 0 0 134217728 4 25184771 0 0 0 17 25 0 0 0 0 0 93824992533936 93824992571272 93824992575488 140737488340183 140737488340354 140737488340354 140737488351170 0
/proc/3554068/statm: 4725 2663 2042 41 0 804 0
Current children cumulated CPU time: 0.09 s
Current children cumulated vsize: 45808 KiB
Current children cumulated memory: 24264 KiB

[startup+0.230703 s]*
/proc/loadavg: 15.08 14.71 14.19 15/830 3554106
/proc/meminfo: memFree=385865640/528004520 swapFree=8388604/8388604
[pid=3553999] ppid=3553996 vsize=26908 memory=13612 CPUtime=0.07 cores=24-25
/proc/3553999/stat : 3553999 (perf) S 3553996 3553999 3553624 0 -1 0 1738 237 0 0 4 3 0 0 20 0 1 0 923119172 27553792 3403 17179869184 93824994299904 93824996572973 140737488338256 0 0 0 134217728 4 74274 1 0 0 17 24 0 0 0 0 0 93824998874888 93825001005840 93825001308160 140737488340073 140737488340470 140737488340470 140737488351179 0
/proc/3553999/statm: 6727 3403 2098 555 0 1769 0
[pid=3554068] ppid=3553999 vsize=26580 memory=18536 CPUtime=0.13 cores=24-25
/proc/3554068/stat : 3554068 (clingo) R 3553999 3553999 3553624 0 -1 0 2875 0 0 0 13 0 0 0 20 0 1 0 923119181 27217920 4634 17179869184 93824992301056 93824992468925 140737488338416 0 0 0 134217728 4 25184771 0 0 0 17 25 0 0 0 0 0 93824992533936 93824992571272 93824992575488 140737488340183 140737488340354 140737488340354 140737488351170 0
/proc/3554068/statm: 6645 4634 2088 41 0 2724 0
Current children cumulated CPU time: 0.2 s
Current children cumulated vsize: 53488 KiB
Current children cumulated memory: 32148 KiB

[startup+0.335053 s]*
/proc/loadavg: 15.08 14.71 14.19 15/836 3554112
/proc/meminfo: memFree=385840704/528004520 swapFree=8388604/8388604
[pid=3553999] ppid=3553996 vsize=26908 memory=13612 CPUtime=0.07 cores=24-25
/proc/3553999/stat : 3553999 (perf) S 3553996 3553999 3553624 0 -1 0 1738 237 0 0 4 3 0 0 20 0 1 0 923119172 27553792 3403 17179869184 93824994299904 93824996572973 140737488338256 0 0 0 134217728 4 74274 1 0 0 17 24 0 0 0 0 0 93824998874888 93825001005840 93825001308160 140737488340073 140737488340470 140737488340470 140737488351179 0
/proc/3553999/statm: 6727 3403 2098 555 0 1769 0
[pid=3554068] ppid=3553999 vsize=28324 memory=20120 CPUtime=0.22 cores=24-25
/proc/3554068/stat : 3554068 (clingo) R 3553999 3553999 3553624 0 -1 0 3297 0 0 0 22 0 0 0 20 0 1 0 923119181 29003776 5030 17179869184 93824992301056 93824992468925 140737488338416 0 0 0 134217728 4 25184771 0 0 0 17 25 0 0 0 0 0 93824992533936 93824992571272 93824992575488 140737488340183 140737488340354 140737488340354 140737488351170 0
/proc/3554068/statm: 7081 5030 2088 41 0 3160 0
Current children cumulated CPU time: 0.29 s
Current children cumulated vsize: 55232 KiB
Current children cumulated memory: 33732 KiB

[startup+0.700333 s]
/proc/loadavg: 15.08 14.71 14.19 21/838 3554149
/proc/meminfo: memFree=385821844/528004520 swapFree=8388604/8388604
[pid=3553999] ppid=3553996 vsize=26908 memory=13612 CPUtime=0.07 cores=24-25
/proc/3553999/stat : 3553999 (perf) S 3553996 3553999 3553624 0 -1 0 1738 237 0 0 4 3 0 0 20 0 1 0 923119172 27553792 3403 17179869184 93824994299904 93824996572973 140737488338256 0 0 0 134217728 4 74274 1 0 0 17 24 0 0 0 0 0 93824998874888 93825001005840 93825001308160 140737488340073 140737488340470 140737488340470 140737488351179 0
/proc/3553999/statm: 6727 3403 2098 555 0 1769 0
[pid=3554068] ppid=3553999 vsize=32056 memory=23816 CPUtime=0.53 cores=24-25
/proc/3554068/stat : 3554068 (clingo) R 3553999 3553999 3553624 0 -1 0 4223 0 0 0 53 0 0 0 20 0 1 0 923119181 32825344 5954 17179869184 93824992301056 93824992468925 140737488338416 0 0 0 134217728 4 25184771 0 0 0 17 24 0 0 0 0 0 93824992533936 93824992571272 93824992575488 140737488340183 140737488340354 140737488340354 140737488351170 0
/proc/3554068/statm: 8014 5954 2088 41 0 4093 0
Current children cumulated CPU time: 0.6 s
Current children cumulated vsize: 58964 KiB
Current children cumulated memory: 37428 KiB

[startup+1.50035 s]
/proc/loadavg: 15.08 14.71 14.19 14/832 3554211
/proc/meminfo: memFree=385906624/528004520 swapFree=8388604/8388604
[pid=3553999] ppid=3553996 vsize=26908 memory=13612 CPUtime=0.07 cores=24-25
/proc/3553999/stat : 3553999 (perf) S 3553996 3553999 3553624 0 -1 0 1738 237 0 0 4 3 0 0 20 0 1 0 923119172 27553792 3403 17179869184 93824994299904 93824996572973 140737488338256 0 0 0 134217728 4 74274 1 0 0 17 24 0 0 0 0 0 93824998874888 93825001005840 93825001308160 140737488340073 140737488340470 140737488340470 140737488351179 0
/proc/3553999/statm: 6727 3403 2098 555 0 1769 0
[pid=3554068] ppid=3553999 vsize=36280 memory=28040 CPUtime=1.33 cores=24-25
/proc/3554068/stat : 3554068 (clingo) R 3553999 3553999 3553624 0 -1 0 5276 0 0 0 133 0 0 0 20 0 1 0 923119181 37150720 7010 17179869184 93824992301056 93824992468925 140737488338416 0 0 0 134217728 4 25184771 0 0 0 17 24 0 0 0 0 0 93824992533936 93824992571272 93824992575488 140737488340183 140737488340354 140737488340354 140737488351170 0
/proc/3554068/statm: 9070 7010 2088 41 0 5149 0
Current children cumulated CPU time: 1.4 s
Current children cumulated vsize: 63188 KiB
Current children cumulated memory: 41652 KiB

[startup+3.11877 s]
/proc/loadavg: 15.08 14.71 14.19 13/824 3554580
/proc/meminfo: memFree=385929476/528004520 swapFree=8388604/8388604
[pid=3553999] ppid=3553996 vsize=26908 memory=13612 CPUtime=0.07 cores=24-25
/proc/3553999/stat : 3553999 (perf) S 3553996 3553999 3553624 0 -1 0 1738 237 0 0 4 3 0 0 20 0 1 0 923119172 27553792 3403 17179869184 93824994299904 93824996572973 140737488338256 0 0 0 134217728 4 74274 1 0 0 17 24 0 0 0 0 0 93824998874888 93825001005840 93825001308160 140737488340073 140737488340470 140737488340470 140737488351179 0
/proc/3553999/statm: 6727 3403 2098 555 0 1769 0
[pid=3554068] ppid=3553999 vsize=38308 memory=30152 CPUtime=2.94 cores=24-25
/proc/3554068/stat : 3554068 (clingo) R 3553999 3553999 3553624 0 -1 0 5772 0 0 0 294 0 0 0 20 0 1 0 923119181 39227392 7538 17179869184 93824992301056 93824992468925 140737488338416 0 0 0 134217728 4 25184771 0 0 0 17 24 0 0 0 0 0 93824992533936 93824992571272 93824992575488 140737488340183 140737488340354 140737488340354 140737488351170 0
/proc/3554068/statm: 9577 7538 2088 41 0 5656 0
Current children cumulated CPU time: 3.01 s
Current children cumulated vsize: 65216 KiB
Current children cumulated memory: 43764 KiB

[startup+6.30029 s]
/proc/loadavg: 15.00 14.69 14.18 15/851 3555186
/proc/meminfo: memFree=385876020/528004520 swapFree=8388604/8388604
[pid=3553999] ppid=3553996 vsize=26908 memory=13612 CPUtime=0.07 cores=24-25
/proc/3553999/stat : 3553999 (perf) S 3553996 3553999 3553624 0 -1 0 1738 237 0 0 4 3 0 0 20 0 1 0 923119172 27553792 3403 17179869184 93824994299904 93824996572973 140737488338256 0 0 0 134217728 4 74274 1 0 0 17 24 0 0 0 0 0 93824998874888 93825001005840 93825001308160 140737488340073 140737488340470 140737488340470 140737488351179 0
/proc/3553999/statm: 6727 3403 2098 555 0 1769 0
[pid=3554068] ppid=3553999 vsize=41264 memory=33312 CPUtime=6.12 cores=24-25
/proc/3554068/stat : 3554068 (clingo) R 3553999 3553999 3553624 0 -1 0 6647 0 0 0 612 0 0 0 20 0 1 0 923119181 42254336 8328 17179869184 93824992301056 93824992468925 140737488338416 0 0 0 134217728 4 25184771 0 0 0 17 24 0 0 0 0 0 93824992533936 93824992571272 93824992575488 140737488340183 140737488340354 140737488340354 140737488351170 0
/proc/3554068/statm: 10316 8328 2088 41 0 6395 0
Current children cumulated CPU time: 6.19 s
Current children cumulated vsize: 68172 KiB
Current children cumulated memory: 46924 KiB

[startup+12.7003 s]
/proc/loadavg: 14.92 14.68 14.18 15/865 3555457
/proc/meminfo: memFree=385466100/528004520 swapFree=8388604/8388604
[pid=3553999] ppid=3553996 vsize=26908 memory=13612 CPUtime=0.07 cores=24-25
/proc/3553999/stat : 3553999 (perf) S 3553996 3553999 3553624 0 -1 0 1738 237 0 0 4 3 0 0 20 0 1 0 923119172 27553792 3403 17179869184 93824994299904 93824996572973 140737488338256 0 0 0 134217728 4 74274 1 0 0 17 24 0 0 0 0 0 93824998874888 93825001005840 93825001308160 140737488340073 140737488340470 140737488340470 140737488351179 0
/proc/3553999/statm: 6727 3403 2098 555 0 1769 0
[pid=3554068] ppid=3553999 vsize=48392 memory=40260 CPUtime=12.53 cores=24-25
/proc/3554068/stat : 3554068 (clingo) R 3553999 3553999 3553624 0 -1 0 8562 0 0 0 1252 1 0 0 20 0 1 0 923119181 49553408 10065 17179869184 93824992301056 93824992468925 140737488338416 0 0 0 134217728 4 25184771 0 0 0 17 24 0 0 0 0 0 93824992533936 93824992571272 93824992575488 140737488340183 140737488340354 140737488340354 140737488351170 0
/proc/3554068/statm: 12098 10065 2088 41 0 8177 0
Current children cumulated CPU time: 12.6 s
Current children cumulated vsize: 75300 KiB
Current children cumulated memory: 53872 KiB

[startup+25.5004 s]
/proc/loadavg: 14.77 14.66 14.18 15/865 3555566
/proc/meminfo: memFree=385382156/528004520 swapFree=8388604/8388604
[pid=3553999] ppid=3553996 vsize=26908 memory=13612 CPUtime=0.07 cores=24-25
/proc/3553999/stat : 3553999 (perf) S 3553996 3553999 3553624 0 -1 0 1738 237 0 0 4 3 0 0 20 0 1 0 923119172 27553792 3403 17179869184 93824994299904 93824996572973 140737488338256 0 0 0 134217728 4 74274 1 0 0 17 24 0 0 0 0 0 93824998874888 93825001005840 93825001308160 140737488340073 140737488340470 140737488340470 140737488351179 0
/proc/3553999/statm: 6727 3403 2098 555 0 1769 0
[pid=3554068] ppid=3553999 vsize=57172 memory=49024 CPUtime=25.33 cores=24-25
/proc/3554068/stat : 3554068 (clingo) R 3553999 3553999 3553624 0 -1 0 11420 0 0 0 2531 2 0 0 20 0 1 0 923119181 58544128 12256 17179869184 93824992301056 93824992468925 140737488338416 0 0 0 134217728 4 25184771 0 0 0 17 24 0 0 0 0 0 93824992533936 93824992571272 93824992575488 140737488340183 140737488340354 140737488340354 140737488351170 0
/proc/3554068/statm: 14293 12256 2088 41 0 10372 0
Current children cumulated CPU time: 25.4 s
Current children cumulated vsize: 84080 KiB
Current children cumulated memory: 62636 KiB

[startup+51.1202 s]
/proc/loadavg: 14.55 14.61 14.18 15/865 3555674
/proc/meminfo: memFree=385183944/528004520 swapFree=8388604/8388604
[pid=3553999] ppid=3553996 vsize=26908 memory=13612 CPUtime=0.07 cores=24-25
/proc/3553999/stat : 3553999 (perf) S 3553996 3553999 3553624 0 -1 0 1738 237 0 0 4 3 0 0 20 0 1 0 923119172 27553792 3403 17179869184 93824994299904 93824996572973 140737488338256 0 0 0 134217728 4 74274 1 0 0 17 24 0 0 0 0 0 93824998874888 93825001005840 93825001308160 140737488340073 140737488340470 140737488340470 140737488351179 0
/proc/3553999/statm: 6727 3403 2098 555 0 1769 0
[pid=3554068] ppid=3553999 vsize=65796 memory=57720 CPUtime=50.95 cores=24-25
/proc/3554068/stat : 3554068 (clingo) R 3553999 3553999 3553624 0 -1 0 14485 0 0 0 5093 2 0 0 20 0 1 0 923119181 67375104 14430 17179869184 93824992301056 93824992468925 140737488338416 0 0 0 134217728 4 25184771 0 0 0 17 24 0 0 0 0 0 93824992533936 93824992571272 93824992575488 140737488340183 140737488340354 140737488340354 140737488351170 0
/proc/3554068/statm: 16449 14430 2088 41 0 12528 0
Current children cumulated CPU time: 51.02 s
Current children cumulated vsize: 92704 KiB
Current children cumulated memory: 71332 KiB

[startup+102.3 s]
/proc/loadavg: 14.80 14.67 14.22 15/867 3555679
/proc/meminfo: memFree=384685824/528004520 swapFree=8388604/8388604
[pid=3553999] ppid=3553996 vsize=26908 memory=13612 CPUtime=0.07 cores=24-25
/proc/3553999/stat : 3553999 (perf) S 3553996 3553999 3553624 0 -1 0 1738 237 0 0 4 3 0 0 20 0 1 0 923119172 27553792 3403 17179869184 93824994299904 93824996572973 140737488338256 0 0 0 134217728 4 74274 1 0 0 17 24 0 0 0 0 0 93824998874888 93825001005840 93825001308160 140737488340073 140737488340470 140737488340470 140737488351179 0
/proc/3553999/statm: 6727 3403 2098 555 0 1769 0
[pid=3554068] ppid=3553999 vsize=79352 memory=71196 CPUtime=102.13 cores=24-25
/proc/3554068/stat : 3554068 (clingo) R 3553999 3553999 3553624 0 -1 0 20790 0 0 0 10210 3 0 0 20 0 1 0 923119181 81256448 17799 17179869184 93824992301056 93824992468925 140737488338416 0 0 0 134217728 4 25184771 0 0 0 17 24 0 0 0 0 0 93824992533936 93824992571272 93824992575488 140737488340183 140737488340354 140737488340354 140737488351170 0
/proc/3554068/statm: 19838 17799 2088 41 0 15917 0
Current children cumulated CPU time: 102.2 s
Current children cumulated vsize: 106260 KiB
Current children cumulated memory: 84808 KiB

[startup+162.3 s]
/proc/loadavg: 14.29 14.55 14.21 15/867 3555682
/proc/meminfo: memFree=384544320/528004520 swapFree=8388604/8388604
[pid=3553999] ppid=3553996 vsize=26908 memory=13612 CPUtime=0.07 cores=24-25
/proc/3553999/stat : 3553999 (perf) S 3553996 3553999 3553624 0 -1 0 1738 237 0 0 4 3 0 0 20 0 1 0 923119172 27553792 3403 17179869184 93824994299904 93824996572973 140737488338256 0 0 0 134217728 4 74274 1 0 0 17 24 0 0 0 0 0 93824998874888 93825001005840 93825001308160 140737488340073 140737488340470 140737488340470 140737488351179 0
/proc/3553999/statm: 6727 3403 2098 555 0 1769 0
[pid=3554068] ppid=3553999 vsize=87472 memory=79312 CPUtime=162.13 cores=24-25
/proc/3554068/stat : 3554068 (clingo) R 3553999 3553999 3553624 0 -1 0 24695 0 0 0 16209 4 0 0 20 0 1 0 923119181 89571328 19828 17179869184 93824992301056 93824992468925 140737488338416 0 0 0 134217728 4 25184771 0 0 0 17 24 0 0 0 0 0 93824992533936 93824992571272 93824992575488 140737488340183 140737488340354 140737488340354 140737488351170 0
/proc/3554068/statm: 21868 19828 2088 41 0 17947 0
Current children cumulated CPU time: 162.2 s
Current children cumulated vsize: 114380 KiB
Current children cumulated memory: 92924 KiB

[startup+222.3 s]
/proc/loadavg: 14.25 14.48 14.20 15/867 3555686
/proc/meminfo: memFree=384382096/528004520 swapFree=8388604/8388604
[pid=3553999] ppid=3553996 vsize=26908 memory=13612 CPUtime=0.07 cores=24-25
/proc/3553999/stat : 3553999 (perf) S 3553996 3553999 3553624 0 -1 0 1738 237 0 0 4 3 0 0 20 0 1 0 923119172 27553792 3403 17179869184 93824994299904 93824996572973 140737488338256 0 0 0 134217728 4 74274 1 0 0 17 24 0 0 0 0 0 93824998874888 93825001005840 93825001308160 140737488340073 140737488340470 140737488340470 140737488351179 0
/proc/3553999/statm: 6727 3403 2098 555 0 1769 0
[pid=3554068] ppid=3553999 vsize=96108 memory=87936 CPUtime=222.13 cores=24-25
/proc/3554068/stat : 3554068 (clingo) R 3553999 3553999 3553624 0 -1 0 29329 0 0 0 22208 5 0 0 20 0 1 0 923119181 98414592 21984 17179869184 93824992301056 93824992468925 140737488338416 0 0 0 134217728 4 25184771 0 0 0 17 24 0 0 0 0 0 93824992533936 93824992571272 93824992575488 140737488340183 140737488340354 140737488340354 140737488351170 0
/proc/3554068/statm: 24027 21984 2088 41 0 20106 0
Current children cumulated CPU time: 222.2 s
Current children cumulated vsize: 123016 KiB
Current children cumulated memory: 101548 KiB

[startup+282.3 s]
/proc/loadavg: 14.09 14.39 14.18 15/867 3555687
/proc/meminfo: memFree=384195268/528004520 swapFree=8388604/8388604
[pid=3553999] ppid=3553996 vsize=26908 memory=13612 CPUtime=0.07 cores=24-25
/proc/3553999/stat : 3553999 (perf) S 3553996 3553999 3553624 0 -1 0 1738 237 0 0 4 3 0 0 20 0 1 0 923119172 27553792 3403 17179869184 93824994299904 93824996572973 140737488338256 0 0 0 134217728 4 74274 1 0 0 17 24 0 0 0 0 0 93824998874888 93825001005840 93825001308160 140737488340073 140737488340470 140737488340470 140737488351179 0
/proc/3553999/statm: 6727 3403 2098 555 0 1769 0
[pid=3554068] ppid=3553999 vsize=104368 memory=95996 CPUtime=282.13 cores=24-25
/proc/3554068/stat : 3554068 (clingo) R 3553999 3553999 3553624 0 -1 0 32749 0 0 0 28207 6 0 0 20 0 1 0 923119181 106872832 23999 17179869184 93824992301056 93824992468925 140737488338416 0 0 0 134217728 4 25184771 0 0 0 17 24 0 0 0 0 0 93824992533936 93824992571272 93824992575488 140737488340183 140737488340354 140737488340354 140737488351170 0
/proc/3554068/statm: 26092 23999 2088 41 0 22171 0
Current children cumulated CPU time: 282.2 s
Current children cumulated vsize: 131276 KiB
Current children cumulated memory: 109608 KiB

[startup+342.3 s]
/proc/loadavg: 14.30 14.41 14.20 15/845 3555801
/proc/meminfo: memFree=384082472/528004520 swapFree=8388604/8388604
[pid=3553999] ppid=3553996 vsize=26908 memory=13612 CPUtime=0.07 cores=24-25
/proc/3553999/stat : 3553999 (perf) S 3553996 3553999 3553624 0 -1 0 1738 237 0 0 4 3 0 0 20 0 1 0 923119172 27553792 3403 17179869184 93824994299904 93824996572973 140737488338256 0 0 0 134217728 4 74274 1 0 0 17 24 0 0 0 0 0 93824998874888 93825001005840 93825001308160 140737488340073 140737488340470 140737488340470 140737488351179 0
/proc/3553999/statm: 6727 3403 2098 555 0 1769 0
[pid=3554068] ppid=3553999 vsize=106468 memory=98024 CPUtime=342.12 cores=24-25
/proc/3554068/stat : 3554068 (clingo) R 3553999 3553999 3553624 0 -1 0 36465 0 0 0 34206 6 0 0 20 0 1 0 923119181 109023232 24506 17179869184 93824992301056 93824992468925 140737488338416 0 0 0 134217728 4 25184771 0 0 0 17 24 0 0 0 0 0 93824992533936 93824992571272 93824992575488 140737488340183 140737488340354 140737488340354 140737488351170 0
/proc/3554068/statm: 26617 24506 2088 41 0 22696 0
Current children cumulated CPU time: 342.19 s
Current children cumulated vsize: 133376 KiB
Current children cumulated memory: 111636 KiB

[startup+402.3 s]
/proc/loadavg: 14.11 14.33 14.18 15/844 3555804
/proc/meminfo: memFree=383812816/528004520 swapFree=8388604/8388604
[pid=3553999] ppid=3553996 vsize=26908 memory=13612 CPUtime=0.07 cores=24-25
/proc/3553999/stat : 3553999 (perf) S 3553996 3553999 3553624 0 -1 0 1738 237 0 0 4 3 0 0 20 0 1 0 923119172 27553792 3403 17179869184 93824994299904 93824996572973 140737488338256 0 0 0 134217728 4 74274 1 0 0 17 24 0 0 0 0 0 93824998874888 93825001005840 93825001308160 140737488340073 140737488340470 140737488340470 140737488351179 0
/proc/3553999/statm: 6727 3403 2098 555 0 1769 0
[pid=3554068] ppid=3553999 vsize=113548 memory=105264 CPUtime=402.12 cores=24-25
/proc/3554068/stat : 3554068 (clingo) R 3553999 3553999 3553624 0 -1 0 40182 0 0 0 40205 7 0 0 20 0 1 0 923119181 116273152 26316 17179869184 93824992301056 93824992468925 140737488338416 0 0 0 134217728 4 25184771 0 0 0 17 24 0 0 0 0 0 93824992533936 93824992571272 93824992575488 140737488340183 140737488340354 140737488340354 140737488351170 0
/proc/3554068/statm: 28387 26316 2088 41 0 24466 0
Current children cumulated CPU time: 402.19 s
Current children cumulated vsize: 140456 KiB
Current children cumulated memory: 118876 KiB

[startup+462.3 s]
/proc/loadavg: 14.12 14.28 14.18 15/844 3555807
/proc/meminfo: memFree=383664136/528004520 swapFree=8388604/8388604
[pid=3553999] ppid=3553996 vsize=26908 memory=13612 CPUtime=0.07 cores=24-25
/proc/3553999/stat : 3553999 (perf) S 3553996 3553999 3553624 0 -1 0 1738 237 0 0 4 3 0 0 20 0 1 0 923119172 27553792 3403 17179869184 93824994299904 93824996572973 140737488338256 0 0 0 134217728 4 74274 1 0 0 17 24 0 0 0 0 0 93824998874888 93825001005840 93825001308160 140737488340073 140737488340470 140737488340470 140737488351179 0
/proc/3553999/statm: 6727 3403 2098 555 0 1769 0
[pid=3554068] ppid=3553999 vsize=117796 memory=109384 CPUtime=462.13 cores=24-25
/proc/3554068/stat : 3554068 (clingo) R 3553999 3553999 3553624 0 -1 0 41605 0 0 0 46206 7 0 0 20 0 1 0 923119181 120623104 27346 17179869184 93824992301056 93824992468925 140737488338416 0 0 0 134217728 4 25184771 0 0 0 17 24 0 0 0 0 0 93824992533936 93824992571272 93824992575488 140737488340183 140737488340354 140737488340354 140737488351170 0
/proc/3554068/statm: 29449 27346 2088 41 0 25528 0
Current children cumulated CPU time: 462.2 s
Current children cumulated vsize: 144704 KiB
Current children cumulated memory: 122996 KiB

[startup+522.3 s]
/proc/loadavg: 14.04 14.23 14.16 15/844 3555811
/proc/meminfo: memFree=383503816/528004520 swapFree=8388604/8388604
[pid=3553999] ppid=3553996 vsize=26908 memory=13612 CPUtime=0.07 cores=24-25
/proc/3553999/stat : 3553999 (perf) S 3553996 3553999 3553624 0 -1 0 1738 237 0 0 4 3 0 0 20 0 1 0 923119172 27553792 3403 17179869184 93824994299904 93824996572973 140737488338256 0 0 0 134217728 4 74274 1 0 0 17 24 0 0 0 0 0 93824998874888 93825001005840 93825001308160 140737488340073 140737488340470 140737488340470 140737488351179 0
/proc/3553999/statm: 6727 3403 2098 555 0 1769 0
[pid=3554068] ppid=3553999 vsize=122268 memory=113792 CPUtime=522.13 cores=24-25
/proc/3554068/stat : 3554068 (clingo) R 3553999 3553999 3553624 0 -1 0 45324 0 0 0 52205 8 0 0 20 0 1 0 923119181 125202432 28448 17179869184 93824992301056 93824992468925 140737488338416 0 0 0 134217728 4 25184771 0 0 0 17 24 0 0 0 0 0 93824992533936 93824992571272 93824992575488 140737488340183 140737488340354 140737488340354 140737488351170 0
/proc/3554068/statm: 30567 28448 2088 41 0 26646 0
Current children cumulated CPU time: 522.2 s
Current children cumulated vsize: 149176 KiB
Current children cumulated memory: 127404 KiB

[startup+582.3 s]
/proc/loadavg: 14.24 14.24 14.17 15/844 3555815
/proc/meminfo: memFree=383354188/528004520 swapFree=8388604/8388604
[pid=3553999] ppid=3553996 vsize=26908 memory=13612 CPUtime=0.07 cores=24-25
/proc/3553999/stat : 3553999 (perf) S 3553996 3553999 3553624 0 -1 0 1738 237 0 0 4 3 0 0 20 0 1 0 923119172 27553792 3403 17179869184 93824994299904 93824996572973 140737488338256 0 0 0 134217728 4 74274 1 0 0 17 24 0 0 0 0 0 93824998874888 93825001005840 93825001308160 140737488340073 140737488340470 140737488340470 140737488351179 0
/proc/3553999/statm: 6727 3403 2098 555 0 1769 0
[pid=3554068] ppid=3553999 vsize=125516 memory=116908 CPUtime=582.12 cores=24-25
/proc/3554068/stat : 3554068 (clingo) R 3553999 3553999 3553624 0 -1 0 47682 0 0 0 58204 8 0 0 20 0 1 0 923119181 128528384 29227 17179869184 93824992301056 93824992468925 140737488338416 0 0 0 134217728 4 25184771 0 0 0 17 24 0 0 0 0 0 93824992533936 93824992571272 93824992575488 140737488340183 140737488340354 140737488340354 140737488351170 0
/proc/3554068/statm: 31379 29227 2088 41 0 27458 0
Current children cumulated CPU time: 582.19 s
Current children cumulated vsize: 152424 KiB
Current children cumulated memory: 130520 KiB

[startup+642.3 s]
/proc/loadavg: 14.37 14.28 14.19 15/838 3555816
/proc/meminfo: memFree=383259404/528004520 swapFree=8388604/8388604
[pid=3553999] ppid=3553996 vsize=26908 memory=13612 CPUtime=0.07 cores=24-25
/proc/3553999/stat : 3553999 (perf) S 3553996 3553999 3553624 0 -1 0 1738 237 0 0 4 3 0 0 20 0 1 0 923119172 27553792 3403 17179869184 93824994299904 93824996572973 140737488338256 0 0 0 134217728 4 74274 1 0 0 17 24 0 0 0 0 0 93824998874888 93825001005840 93825001308160 140737488340073 140737488340470 140737488340470 140737488351179 0
/proc/3553999/statm: 6727 3403 2098 555 0 1769 0
[pid=3554068] ppid=3553999 vsize=130756 memory=122264 CPUtime=642.13 cores=24-25
/proc/3554068/stat : 3554068 (clingo) R 3553999 3553999 3553624 0 -1 0 49557 0 0 0 64204 9 0 0 20 0 1 0 923119181 133894144 30566 17179869184 93824992301056 93824992468925 140737488338416 0 0 0 134217728 4 25184771 0 0 0 17 24 0 0 0 0 0 93824992533936 93824992571272 93824992575488 140737488340183 140737488340354 140737488340354 140737488351170 0
/proc/3554068/statm: 32689 30566 2088 41 0 28768 0
Current children cumulated CPU time: 642.2 s
Current children cumulated vsize: 157664 KiB
Current children cumulated memory: 135876 KiB

[startup+702.3 s]
/proc/loadavg: 14.13 14.23 14.18 15/838 3555819
/proc/meminfo: memFree=383234488/528004520 swapFree=8388604/8388604
[pid=3553999] ppid=3553996 vsize=26908 memory=13612 CPUtime=0.07 cores=24-25
/proc/3553999/stat : 3553999 (perf) S 3553996 3553999 3553624 0 -1 0 1738 237 0 0 4 3 0 0 20 0 1 0 923119172 27553792 3403 17179869184 93824994299904 93824996572973 140737488338256 0 0 0 134217728 4 74274 1 0 0 17 24 0 0 0 0 0 93824998874888 93825001005840 93825001308160 140737488340073 140737488340470 140737488340470 140737488351179 0
/proc/3553999/statm: 6727 3403 2098 555 0 1769 0
[pid=3554068] ppid=3553999 vsize=133960 memory=125416 CPUtime=702.13 cores=24-25
/proc/3554068/stat : 3554068 (clingo) R 3553999 3553999 3553624 0 -1 0 51459 0 0 0 70203 10 0 0 20 0 1 0 923119181 137175040 31354 17179869184 93824992301056 93824992468925 140737488338416 0 0 0 134217728 4 25184771 0 0 0 17 24 0 0 0 0 0 93824992533936 93824992571272 93824992575488 140737488340183 140737488340354 140737488340354 140737488351170 0
/proc/3554068/statm: 33490 31354 2088 41 0 29569 0
Current children cumulated CPU time: 702.2 s
Current children cumulated vsize: 160868 KiB
Current children cumulated memory: 139028 KiB

[startup+762.3 s]
/proc/loadavg: 14.08 14.20 14.17 15/838 3555820
/proc/meminfo: memFree=383118740/528004520 swapFree=8388604/8388604
[pid=3553999] ppid=3553996 vsize=26908 memory=13612 CPUtime=0.07 cores=24-25
/proc/3553999/stat : 3553999 (perf) S 3553996 3553999 3553624 0 -1 0 1738 237 0 0 4 3 0 0 20 0 1 0 923119172 27553792 3403 17179869184 93824994299904 93824996572973 140737488338256 0 0 0 134217728 4 74274 1 0 0 17 24 0 0 0 0 0 93824998874888 93825001005840 93825001308160 140737488340073 140737488340470 140737488340470 140737488351179 0
/proc/3553999/statm: 6727 3403 2098 555 0 1769 0
[pid=3554068] ppid=3553999 vsize=137492 memory=128960 CPUtime=762.12 cores=24-25
/proc/3554068/stat : 3554068 (clingo) R 3553999 3553999 3553624 0 -1 0 53720 0 0 0 76202 10 0 0 20 0 1 0 923119181 140791808 32240 17179869184 93824992301056 93824992468925 140737488338416 0 0 0 134217728 4 25184771 0 0 0 17 24 0 0 0 0 0 93824992533936 93824992571272 93824992575488 140737488340183 140737488340354 140737488340354 140737488351170 0
/proc/3554068/statm: 34373 32240 2088 41 0 30452 0
Current children cumulated CPU time: 762.19 s
Current children cumulated vsize: 164400 KiB
Current children cumulated memory: 142572 KiB

[startup+822.3 s]
/proc/loadavg: 14.03 14.16 14.16 15/838 3555821
/proc/meminfo: memFree=383026124/528004520 swapFree=8388604/8388604
[pid=3553999] ppid=3553996 vsize=26908 memory=13612 CPUtime=0.07 cores=24-25
/proc/3553999/stat : 3553999 (perf) S 3553996 3553999 3553624 0 -1 0 1738 237 0 0 4 3 0 0 20 0 1 0 923119172 27553792 3403 17179869184 93824994299904 93824996572973 140737488338256 0 0 0 134217728 4 74274 1 0 0 17 24 0 0 0 0 0 93824998874888 93825001005840 93825001308160 140737488340073 140737488340470 140737488340470 140737488351179 0
/proc/3553999/statm: 6727 3403 2098 555 0 1769 0
[pid=3554068] ppid=3553999 vsize=141328 memory=132812 CPUtime=822.13 cores=24-25
/proc/3554068/stat : 3554068 (clingo) R 3553999 3553999 3553624 0 -1 0 56162 0 0 0 82202 11 0 0 20 0 1 0 923119181 144719872 33203 17179869184 93824992301056 93824992468925 140737488338416 0 0 0 134217728 4 25184771 0 0 0 17 24 0 0 0 0 0 93824992533936 93824992571272 93824992575488 140737488340183 140737488340354 140737488340354 140737488351170 0
/proc/3554068/statm: 35332 33203 2088 41 0 31411 0
Current children cumulated CPU time: 822.2 s
Current children cumulated vsize: 168236 KiB
Current children cumulated memory: 146424 KiB

[startup+882.3 s]
/proc/loadavg: 14.20 14.18 14.16 15/838 3555866
/proc/meminfo: memFree=382939540/528004520 swapFree=8388604/8388604
[pid=3553999] ppid=3553996 vsize=26908 memory=13612 CPUtime=0.07 cores=24-25
/proc/3553999/stat : 3553999 (perf) S 3553996 3553999 3553624 0 -1 0 1738 237 0 0 4 3 0 0 20 0 1 0 923119172 27553792 3403 17179869184 93824994299904 93824996572973 140737488338256 0 0 0 134217728 4 74274 1 0 0 17 24 0 0 0 0 0 93824998874888 93825001005840 93825001308160 140737488340073 140737488340470 140737488340470 140737488351179 0
/proc/3553999/statm: 6727 3403 2098 555 0 1769 0
[pid=3554068] ppid=3553999 vsize=147604 memory=139020 CPUtime=882.12 cores=24-25
/proc/3554068/stat : 3554068 (clingo) R 3553999 3553999 3553624 0 -1 0 58120 0 0 0 88201 11 0 0 20 0 1 0 923119181 151146496 34755 17179869184 93824992301056 93824992468925 140737488338416 0 0 0 134217728 4 25184771 0 0 0 17 24 0 0 0 0 0 93824992533936 93824992571272 93824992575488 140737488340183 140737488340354 140737488340354 140737488351170 0
/proc/3554068/statm: 36901 34755 2088 41 0 32980 0
Current children cumulated CPU time: 882.19 s
Current children cumulated vsize: 174512 KiB
Current children cumulated memory: 152632 KiB

[startup+942.3 s]
/proc/loadavg: 14.18 14.18 14.17 15/838 3555867
/proc/meminfo: memFree=382867840/528004520 swapFree=8388604/8388604
[pid=3553999] ppid=3553996 vsize=26908 memory=13612 CPUtime=0.07 cores=24-25
/proc/3553999/stat : 3553999 (perf) S 3553996 3553999 3553624 0 -1 0 1738 237 0 0 4 3 0 0 20 0 1 0 923119172 27553792 3403 17179869184 93824994299904 93824996572973 140737488338256 0 0 0 134217728 4 74274 1 0 0 17 24 0 0 0 0 0 93824998874888 93825001005840 93825001308160 140737488340073 140737488340470 140737488340470 140737488351179 0
/proc/3553999/statm: 6727 3403 2098 555 0 1769 0
[pid=3554068] ppid=3553999 vsize=147604 memory=139032 CPUtime=942.12 cores=24-25
/proc/3554068/stat : 3554068 (clingo) R 3553999 3553999 3553624 0 -1 0 59269 0 0 0 94201 11 0 0 20 0 1 0 923119181 151146496 34758 17179869184 93824992301056 93824992468925 140737488338416 0 0 0 134217728 4 25184771 0 0 0 17 24 0 0 0 0 0 93824992533936 93824992571272 93824992575488 140737488340183 140737488340354 140737488340354 140737488351170 0
/proc/3554068/statm: 36901 34758 2088 41 0 32980 0
Current children cumulated CPU time: 942.19 s
Current children cumulated vsize: 174512 KiB
Current children cumulated memory: 152644 KiB

[startup+1002.3 s]
/proc/loadavg: 14.10 14.16 14.16 15/838 3555868
/proc/meminfo: memFree=382816680/528004520 swapFree=8388604/8388604
[pid=3553999] ppid=3553996 vsize=26908 memory=13612 CPUtime=0.07 cores=24-25
/proc/3553999/stat : 3553999 (perf) S 3553996 3553999 3553624 0 -1 0 1738 237 0 0 4 3 0 0 20 0 1 0 923119172 27553792 3403 17179869184 93824994299904 93824996572973 140737488338256 0 0 0 134217728 4 74274 1 0 0 17 24 0 0 0 0 0 93824998874888 93825001005840 93825001308160 140737488340073 140737488340470 140737488340470 140737488351179 0
/proc/3553999/statm: 6727 3403 2098 555 0 1769 0
[pid=3554068] ppid=3553999 vsize=149348 memory=140788 CPUtime=1002.13 cores=24-25
/proc/3554068/stat : 3554068 (clingo) R 3553999 3553999 3553624 0 -1 0 60917 0 0 0 100201 12 0 0 20 0 1 0 923119181 152932352 35197 17179869184 93824992301056 93824992468925 140737488338416 0 0 0 134217728 4 25184771 0 0 0 17 24 0 0 0 0 0 93824992533936 93824992571272 93824992575488 140737488340183 140737488340354 140737488340354 140737488351170 0
/proc/3554068/statm: 37337 35197 2088 41 0 33416 0
Current children cumulated CPU time: 1002.2 s
Current children cumulated vsize: 176256 KiB
Current children cumulated memory: 154400 KiB

[startup+1062.3 s]
/proc/loadavg: 14.08 14.15 14.16 15/838 3555869
/proc/meminfo: memFree=382688452/528004520 swapFree=8388604/8388604
[pid=3553999] ppid=3553996 vsize=26908 memory=13612 CPUtime=0.07 cores=24-25
/proc/3553999/stat : 3553999 (perf) S 3553996 3553999 3553624 0 -1 0 1738 237 0 0 4 3 0 0 20 0 1 0 923119172 27553792 3403 17179869184 93824994299904 93824996572973 140737488338256 0 0 0 134217728 4 74274 1 0 0 17 24 0 0 0 0 0 93824998874888 93825001005840 93825001308160 140737488340073 140737488340470 140737488340470 140737488351179 0
/proc/3553999/statm: 6727 3403 2098 555 0 1769 0
[pid=3554068] ppid=3553999 vsize=154312 memory=145692 CPUtime=1062.12 cores=24-25
/proc/3554068/stat : 3554068 (clingo) R 3553999 3553999 3553624 0 -1 0 62796 0 0 0 106200 12 0 0 20 0 1 0 923119181 158015488 36423 17179869184 93824992301056 93824992468925 140737488338416 0 0 0 134217728 4 25184771 0 0 0 17 24 0 0 0 0 0 93824992533936 93824992571272 93824992575488 140737488340183 140737488340354 140737488340354 140737488351170 0
/proc/3554068/statm: 38578 36423 2088 41 0 34657 0
Current children cumulated CPU time: 1062.19 s
Current children cumulated vsize: 181220 KiB
Current children cumulated memory: 159304 KiB

[startup+1122.3 s]
/proc/loadavg: 15.84 14.56 14.30 15/838 3555871
/proc/meminfo: memFree=382667572/528004520 swapFree=8388604/8388604
[pid=3553999] ppid=3553996 vsize=26908 memory=13612 CPUtime=0.07 cores=24-25
/proc/3553999/stat : 3553999 (perf) S 3553996 3553999 3553624 0 -1 0 1738 237 0 0 4 3 0 0 20 0 1 0 923119172 27553792 3403 17179869184 93824994299904 93824996572973 140737488338256 0 0 0 134217728 4 74274 1 0 0 17 24 0 0 0 0 0 93824998874888 93825001005840 93825001308160 140737488340073 140737488340470 140737488340470 140737488351179 0
/proc/3553999/statm: 6727 3403 2098 555 0 1769 0
[pid=3554068] ppid=3553999 vsize=156120 memory=146928 CPUtime=1122.13 cores=24-25
/proc/3554068/stat : 3554068 (clingo) R 3553999 3553999 3553624 0 -1 0 65804 0 0 0 112200 13 0 0 20 0 1 0 923119181 159866880 36732 17179869184 93824992301056 93824992468925 140737488338416 0 0 0 134217728 4 25184771 0 0 0 17 24 0 0 0 0 0 93824992533936 93824992571272 93824992575488 140737488340183 140737488340354 140737488340354 140737488351170 0
/proc/3554068/statm: 39030 36732 2088 41 0 35109 0
Current children cumulated CPU time: 1122.2 s
Current children cumulated vsize: 183028 KiB
Current children cumulated memory: 160540 KiB

[startup+1182.3 s]
/proc/loadavg: 14.90 14.54 14.30 15/838 3555873
/proc/meminfo: memFree=382574796/528004520 swapFree=8388604/8388604
[pid=3553999] ppid=3553996 vsize=26908 memory=13612 CPUtime=0.07 cores=24-25
/proc/3553999/stat : 3553999 (perf) S 3553996 3553999 3553624 0 -1 0 1738 237 0 0 4 3 0 0 20 0 1 0 923119172 27553792 3403 17179869184 93824994299904 93824996572973 140737488338256 0 0 0 134217728 4 74274 1 0 0 17 24 0 0 0 0 0 93824998874888 93825001005840 93825001308160 140737488340073 140737488340470 140737488340470 140737488351179 0
/proc/3553999/statm: 6727 3403 2098 555 0 1769 0
[pid=3554068] ppid=3553999 vsize=156708 memory=147916 CPUtime=1182.12 cores=24-25
/proc/3554068/stat : 3554068 (clingo) R 3553999 3553999 3553624 0 -1 0 67675 0 0 0 118199 13 0 0 20 0 1 0 923119181 160468992 36979 17179869184 93824992301056 93824992468925 140737488338416 0 0 0 134217728 4 25184771 0 0 0 17 24 0 0 0 0 0 93824992533936 93824992571272 93824992575488 140737488340183 140737488340354 140737488340354 140737488351170 0
/proc/3554068/statm: 39177 36979 2088 41 0 35256 0
Current children cumulated CPU time: 1182.19 s
Current children cumulated vsize: 183616 KiB
Current children cumulated memory: 161528 KiB



Maximum wall clock time exceeded: sending SIGTERM then SIGKILL

[startup+1205 s]*
/proc/loadavg: 14.64 14.50 14.30 15/838 3555873
/proc/meminfo: memFree=382568420/528004520 swapFree=8388604/8388604
[pid=3553999] ppid=3553996 vsize=26908 memory=13612 CPUtime=0.07 cores=24-25
/proc/3553999/stat : 3553999 (perf) S 3553996 3553999 3553624 0 -1 0 1738 237 0 0 4 3 0 0 20 0 1 0 923119172 27553792 3403 17179869184 93824994299904 93824996572973 140737488338256 0 0 0 134217728 4 74274 1 0 0 17 24 0 0 0 0 0 93824998874888 93825001005840 93825001308160 140737488340073 140737488340470 140737488340470 140737488351179 0
/proc/3553999/statm: 6727 3403 2098 555 0 1769 0
[pid=3554068] ppid=3553999 vsize=156708 memory=147916 CPUtime=1204.84 cores=24-25
/proc/3554068/stat : 3554068 (clingo) R 3553999 3553999 3553624 0 -1 0 67675 0 0 0 120471 13 0 0 20 0 1 0 923119181 160468992 36979 17179869184 93824992301056 93824992468925 140737488338416 0 0 0 134217728 4 25184771 0 0 0 17 24 0 0 0 0 0 93824992533936 93824992571272 93824992575488 140737488340183 140737488340354 140737488340354 140737488351170 0
/proc/3554068/statm: 39177 36979 2088 41 0 35256 0
Current children cumulated CPU time: 1204.91 s
Current children cumulated vsize: 183616 KiB
Current children cumulated memory: 161528 KiB

Sending SIGINT to process tree (bottom up)
Sleeping 5 seconds

[startup+1205.03 s]
# the end of solver process 3553999 was just reported to runsolver
# cumulated CPU time of all completed processes:  user=1204.77 s, system=0.185225 s

Solver just ended.
??? end of watcher thread
Dumping a history of the last processes samples

Child status: 1
Real time (s): 1205.03
CPU time (s): 1204.95
CPU user time (s): 1204.77
CPU system time (s): 0.185225
CPU usage (%): 99.9936
Max. virtual memory (cumulated for all children) (KiB): 186924
Max. memory (cumulated for all children) (KiB): 164740

getrusage(RUSAGE_CHILDREN,...) data:
user time used= 1204.77
system time used= 0.185225
maximum resident set size= 151128
integral shared memory size= 0
integral unshared data size= 0
integral unshared stack size= 0
page reclaims= 69690
page faults= 0
swaps= 0
block input operations= 0
block output operations= 0
messages sent= 0
messages received= 0
signals received= 0
voluntary context switches= 73
involuntary context switches= 751


# summary of solver processes directly reported to runsolver:
#   pid: 3553999
#   total CPU time (s): 1204.95
#   total CPU user time (s): 1204.77
#   total CPU system time (s): 0.185225

??? end of timestamper thread
runsolver used 8.26372 second user time and 17.0989 second system time

The end
