runsolver version 3.4.0 (svn: 3018) Copyright (C) 2010-2013 Olivier ROUSSEL

This program is distributed in the hope that it will be useful,
but WITHOUT ANY WARRANTY; without even the implied warranty of
MERCHANTABILITY or FITNESS FOR A PARTICULAR PURPOSE.  See the
GNU General Public License for more details.

NUMA information:
  number of nodes: 2
  memory of node 0: 257635 MiB (178643 MiB free)
  memory of node 1: 257994 MiB (182789 MiB free)
  node distances:
     10  20
     20  10

command line: /dev/shm/376141a6-2e81-11f1-ac62-000c298f4621/input/runsolver -w /dev/shm/376141a6-2e81-11f1-ac62-000c298f4621/output/runsolver.log -v /dev/shm/376141a6-2e81-11f1-ac62-000c298f4621/output/varfile.log -W 1205 --rss-swap-limit 16384 -d 5 --sigint /usr/bin/perf stat -B -e task-clock,cache-references,cache-misses,cycles,instructions,branches,faults,migrations,context-switches -o /dev/shm/376141a6-2e81-11f1-ac62-000c298f4621/output/perf.log clingo /home/guests/mmacri/AMOSUM/benchmarks/GraphColouring/encoding-plain-amo.asp /dev/shm/376141a6-2e81-11f1-ac62-000c298f4621/input/0029-graph_colouring-135-0_2592.asp 

running on 2 cores: 8-9

Enforcing wall clock limit (soft limit, will send SIGTERM then SIGKILL): 1205 seconds
Enforcing RSS+Swap limit (soft limit, will send SIGTERM then SIGKILL): 16777216 KiB
Linux 5.15.0-131-generic
solver pid=328909, runsolver pid=328908
Current StackSize limit: 8192 KiB


[startup+0.100072 s]*
/proc/loadavg: 14.34 14.25 13.26 15/783 328934
/proc/meminfo: memFree=370224144/528004516 swapFree=8388604/8388604
[pid=328909] ppid=328908 vsize=26908 memory=13616 CPUtime=0.07 cores=8-9
/proc/328909/stat : 328909 (perf) S 328908 328909 328527 0 -1 0 1738 237 0 0 6 1 0 0 20 0 1 0 922980397 27553792 3404 17179869184 93824994299904 93824996572973 140737488338256 0 0 0 134217728 4 74274 1 0 0 17 8 0 0 0 0 0 93824998874888 93825001005840 93825001308160 140737488340074 140737488340471 140737488340471 140737488351179 0
/proc/328909/statm: 6727 3404 2099 555 0 1769 0
[pid=328931] ppid=328909 vsize=19572 memory=11436 CPUtime=0.02 cores=8-9
/proc/328931/stat : 328931 (clingo) R 328909 328909 328527 0 -1 0 1055 0 0 0 2 0 0 0 20 0 1 0 922980405 20041728 2859 17179869184 93824992301056 93824992468925 140737488338416 0 0 0 134217728 4 25184771 0 0 0 17 9 0 0 0 0 0 93824992533936 93824992571272 93824992575488 140737488340184 140737488340355 140737488340355 140737488351170 0
/proc/328931/statm: 4893 2859 2044 41 0 972 0
Current children cumulated CPU time: 0.09 s
Current children cumulated vsize: 46480 KiB
Current children cumulated memory: 25052 KiB

[startup+0.226452 s]*
/proc/loadavg: 14.34 14.25 13.26 16/807 328967
/proc/meminfo: memFree=370188560/528004516 swapFree=8388604/8388604
[pid=328909] ppid=328908 vsize=26908 memory=13616 CPUtime=0.07 cores=8-9
/proc/328909/stat : 328909 (perf) S 328908 328909 328527 0 -1 0 1738 237 0 0 6 1 0 0 20 0 1 0 922980397 27553792 3404 17179869184 93824994299904 93824996572973 140737488338256 0 0 0 134217728 4 74274 1 0 0 17 8 0 0 0 0 0 93824998874888 93825001005840 93825001308160 140737488340074 140737488340471 140737488340471 140737488351179 0
/proc/328909/statm: 6727 3404 2099 555 0 1769 0
[pid=328931] ppid=328909 vsize=25960 memory=17716 CPUtime=0.14 cores=8-9
/proc/328931/stat : 328931 (clingo) R 328909 328909 328527 0 -1 0 2704 0 0 0 14 0 0 0 20 0 1 0 922980405 26583040 4429 17179869184 93824992301056 93824992468925 140737488338416 0 0 0 134217728 4 25184771 0 0 0 17 9 0 0 0 0 0 93824992533936 93824992571272 93824992575488 140737488340184 140737488340355 140737488340355 140737488351170 0
/proc/328931/statm: 6490 4429 2091 41 0 2569 0
Current children cumulated CPU time: 0.21 s
Current children cumulated vsize: 52868 KiB
Current children cumulated memory: 31332 KiB

[startup+0.334689 s]*
/proc/loadavg: 14.34 14.25 13.26 16/819 329015
/proc/meminfo: memFree=370171972/528004516 swapFree=8388604/8388604
[pid=328909] ppid=328908 vsize=26908 memory=13616 CPUtime=0.07 cores=8-9
/proc/328909/stat : 328909 (perf) S 328908 328909 328527 0 -1 0 1738 237 0 0 6 1 0 0 20 0 1 0 922980397 27553792 3404 17179869184 93824994299904 93824996572973 140737488338256 0 0 0 134217728 4 74274 1 0 0 17 8 0 0 0 0 0 93824998874888 93825001005840 93825001308160 140737488340074 140737488340471 140737488340471 140737488351179 0
/proc/328909/statm: 6727 3404 2099 555 0 1769 0
[pid=328931] ppid=328909 vsize=28072 memory=20092 CPUtime=0.23 cores=8-9
/proc/328931/stat : 328931 (clingo) R 328909 328909 328527 0 -1 0 3246 0 0 0 23 0 0 0 20 0 1 0 922980405 28745728 5023 17179869184 93824992301056 93824992468925 140737488338416 0 0 0 134217728 4 25184771 0 0 0 17 8 0 0 0 0 0 93824992533936 93824992571272 93824992575488 140737488340184 140737488340355 140737488340355 140737488351170 0
/proc/328931/statm: 7018 5023 2091 41 0 3097 0
Current children cumulated CPU time: 0.3 s
Current children cumulated vsize: 54980 KiB
Current children cumulated memory: 33708 KiB

[startup+0.700325 s]
/proc/loadavg: 14.34 14.25 13.26 18/828 329093
/proc/meminfo: memFree=370176644/528004516 swapFree=8388604/8388604
[pid=328909] ppid=328908 vsize=26908 memory=13616 CPUtime=0.07 cores=8-9
/proc/328909/stat : 328909 (perf) S 328908 328909 328527 0 -1 0 1738 237 0 0 6 1 0 0 20 0 1 0 922980397 27553792 3404 17179869184 93824994299904 93824996572973 140737488338256 0 0 0 134217728 4 74274 1 0 0 17 8 0 0 0 0 0 93824998874888 93825001005840 93825001308160 140737488340074 140737488340471 140737488340471 140737488351179 0
/proc/328909/statm: 6727 3404 2099 555 0 1769 0
[pid=328931] ppid=328909 vsize=30732 memory=22732 CPUtime=0.55 cores=8-9
/proc/328931/stat : 328931 (clingo) R 328909 328909 328527 0 -1 0 3918 0 0 0 55 0 0 0 20 0 1 0 922980405 31469568 5683 17179869184 93824992301056 93824992468925 140737488338416 0 0 0 134217728 4 25184771 0 0 0 17 8 0 0 0 0 0 93824992533936 93824992571272 93824992575488 140737488340184 140737488340355 140737488340355 140737488351170 0
/proc/328931/statm: 7683 5683 2091 41 0 3762 0
Current children cumulated CPU time: 0.62 s
Current children cumulated vsize: 57640 KiB
Current children cumulated memory: 36348 KiB

[startup+1.50033 s]
/proc/loadavg: 14.34 14.25 13.26 18/821 329154
/proc/meminfo: memFree=370135140/528004516 swapFree=8388604/8388604
[pid=328909] ppid=328908 vsize=26908 memory=13616 CPUtime=0.07 cores=8-9
/proc/328909/stat : 328909 (perf) S 328908 328909 328527 0 -1 0 1738 237 0 0 6 1 0 0 20 0 1 0 922980397 27553792 3404 17179869184 93824994299904 93824996572973 140737488338256 0 0 0 134217728 4 74274 1 0 0 17 8 0 0 0 0 0 93824998874888 93825001005840 93825001308160 140737488340074 140737488340471 140737488340471 140737488351179 0
/proc/328909/statm: 6727 3404 2099 555 0 1769 0
[pid=328931] ppid=328909 vsize=35168 memory=27220 CPUtime=1.35 cores=8-9
/proc/328931/stat : 328931 (clingo) R 328909 328909 328527 0 -1 0 5017 0 0 0 135 0 0 0 20 0 1 0 922980405 36012032 6805 17179869184 93824992301056 93824992468925 140737488338416 0 0 0 134217728 4 25184771 0 0 0 17 8 0 0 0 0 0 93824992533936 93824992571272 93824992575488 140737488340184 140737488340355 140737488340355 140737488351170 0
/proc/328931/statm: 8792 6805 2091 41 0 4871 0
Current children cumulated CPU time: 1.42 s
Current children cumulated vsize: 62076 KiB
Current children cumulated memory: 40836 KiB

[startup+3.11915 s]
/proc/loadavg: 14.15 14.21 13.25 18/829 329403
/proc/meminfo: memFree=370290588/528004516 swapFree=8388604/8388604
[pid=328909] ppid=328908 vsize=26908 memory=13616 CPUtime=0.07 cores=8-9
/proc/328909/stat : 328909 (perf) S 328908 328909 328527 0 -1 0 1738 237 0 0 6 1 0 0 20 0 1 0 922980397 27553792 3404 17179869184 93824994299904 93824996572973 140737488338256 0 0 0 134217728 4 74274 1 0 0 17 8 0 0 0 0 0 93824998874888 93825001005840 93825001308160 140737488340074 140737488340471 140737488340471 140737488351179 0
/proc/328909/statm: 6727 3404 2099 555 0 1769 0
[pid=328931] ppid=328909 vsize=37688 memory=29596 CPUtime=2.97 cores=8-9
/proc/328931/stat : 328931 (clingo) R 328909 328909 328527 0 -1 0 5636 0 0 0 296 1 0 0 20 0 1 0 922980405 38592512 7399 17179869184 93824992301056 93824992468925 140737488338416 0 0 0 134217728 4 25184771 0 0 0 17 8 0 0 0 0 0 93824992533936 93824992571272 93824992575488 140737488340184 140737488340355 140737488340355 140737488351170 0
/proc/328931/statm: 9422 7399 2091 41 0 5501 0
Current children cumulated CPU time: 3.04 s
Current children cumulated vsize: 64596 KiB
Current children cumulated memory: 43212 KiB

[startup+6.30028 s]
/proc/loadavg: 14.15 14.21 13.25 18/829 329403
/proc/meminfo: memFree=370255324/528004516 swapFree=8388604/8388604
[pid=328909] ppid=328908 vsize=26908 memory=13616 CPUtime=0.07 cores=8-9
/proc/328909/stat : 328909 (perf) S 328908 328909 328527 0 -1 0 1738 237 0 0 6 1 0 0 20 0 1 0 922980397 27553792 3404 17179869184 93824994299904 93824996572973 140737488338256 0 0 0 134217728 4 74274 1 0 0 17 8 0 0 0 0 0 93824998874888 93825001005840 93825001308160 140737488340074 140737488340471 140737488340471 140737488351179 0
/proc/328909/statm: 6727 3404 2099 555 0 1769 0
[pid=328931] ppid=328909 vsize=40440 memory=32268 CPUtime=6.15 cores=8-9
/proc/328931/stat : 328931 (clingo) R 328909 328909 328527 0 -1 0 6741 0 0 0 614 1 0 0 20 0 1 0 922980405 41410560 8067 17179869184 93824992301056 93824992468925 140737488338416 0 0 0 134217728 4 25184771 0 0 0 17 8 0 0 0 0 0 93824992533936 93824992571272 93824992575488 140737488340184 140737488340355 140737488340355 140737488351170 0
/proc/328931/statm: 10110 8067 2091 41 0 6189 0
Current children cumulated CPU time: 6.22 s
Current children cumulated vsize: 67348 KiB
Current children cumulated memory: 45884 KiB

[startup+12.7003 s]
/proc/loadavg: 14.13 14.20 13.26 18/829 329403
/proc/meminfo: memFree=370197392/528004516 swapFree=8388604/8388604
[pid=328909] ppid=328908 vsize=26908 memory=13616 CPUtime=0.07 cores=8-9
/proc/328909/stat : 328909 (perf) S 328908 328909 328527 0 -1 0 1738 237 0 0 6 1 0 0 20 0 1 0 922980397 27553792 3404 17179869184 93824994299904 93824996572973 140737488338256 0 0 0 134217728 4 74274 1 0 0 17 8 0 0 0 0 0 93824998874888 93825001005840 93825001308160 140737488340074 140737488340471 140737488340471 140737488351179 0
/proc/328909/statm: 6727 3404 2099 555 0 1769 0
[pid=328931] ppid=328909 vsize=48008 memory=39992 CPUtime=12.55 cores=8-9
/proc/328931/stat : 328931 (clingo) R 328909 328909 328527 0 -1 0 8991 0 0 0 1253 2 0 0 20 0 1 0 922980405 49160192 9998 17179869184 93824992301056 93824992468925 140737488338416 0 0 0 134217728 4 25184771 0 0 0 17 8 0 0 0 0 0 93824992533936 93824992571272 93824992575488 140737488340184 140737488340355 140737488340355 140737488351170 0
/proc/328931/statm: 12002 9998 2091 41 0 8081 0
Current children cumulated CPU time: 12.62 s
Current children cumulated vsize: 74916 KiB
Current children cumulated memory: 53608 KiB

[startup+25.5004 s]
/proc/loadavg: 14.04 14.18 13.27 18/829 329506
/proc/meminfo: memFree=370228260/528004516 swapFree=8388604/8388604
[pid=328909] ppid=328908 vsize=26908 memory=13616 CPUtime=0.07 cores=8-9
/proc/328909/stat : 328909 (perf) S 328908 328909 328527 0 -1 0 1738 237 0 0 6 1 0 0 20 0 1 0 922980397 27553792 3404 17179869184 93824994299904 93824996572973 140737488338256 0 0 0 134217728 4 74274 1 0 0 17 8 0 0 0 0 0 93824998874888 93825001005840 93825001308160 140737488340074 140737488340471 140737488340471 140737488351179 0
/proc/328909/statm: 6727 3404 2099 555 0 1769 0
[pid=328931] ppid=328909 vsize=53852 memory=45856 CPUtime=25.35 cores=8-9
/proc/328931/stat : 328931 (clingo) R 328909 328909 328527 0 -1 0 11447 0 0 0 2532 3 0 0 20 0 1 0 922980405 55144448 11464 17179869184 93824992301056 93824992468925 140737488338416 0 0 0 134217728 4 25184771 0 0 0 17 8 0 0 0 0 0 93824992533936 93824992571272 93824992575488 140737488340184 140737488340355 140737488340355 140737488351170 0
/proc/328931/statm: 13463 11464 2091 41 0 9542 0
Current children cumulated CPU time: 25.42 s
Current children cumulated vsize: 80760 KiB
Current children cumulated memory: 59472 KiB

[startup+51.1191 s]
/proc/loadavg: 14.02 14.16 13.29 18/828 329507
/proc/meminfo: memFree=370118400/528004516 swapFree=8388604/8388604
[pid=328909] ppid=328908 vsize=26908 memory=13616 CPUtime=0.07 cores=8-9
/proc/328909/stat : 328909 (perf) S 328908 328909 328527 0 -1 0 1738 237 0 0 6 1 0 0 20 0 1 0 922980397 27553792 3404 17179869184 93824994299904 93824996572973 140737488338256 0 0 0 134217728 4 74274 1 0 0 17 8 0 0 0 0 0 93824998874888 93825001005840 93825001308160 140737488340074 140737488340471 140737488340471 140737488351179 0
/proc/328909/statm: 6727 3404 2099 555 0 1769 0
[pid=328931] ppid=328909 vsize=63284 memory=55184 CPUtime=50.97 cores=8-9
/proc/328931/stat : 328931 (clingo) R 328909 328909 328527 0 -1 0 15276 0 0 0 5093 4 0 0 20 0 1 0 922980405 64802816 13796 17179869184 93824992301056 93824992468925 140737488338416 0 0 0 134217728 4 25184771 0 0 0 17 8 0 0 0 0 0 93824992533936 93824992571272 93824992575488 140737488340184 140737488340355 140737488340355 140737488351170 0
/proc/328931/statm: 15821 13796 2091 41 0 11900 0
Current children cumulated CPU time: 51.04 s
Current children cumulated vsize: 90192 KiB
Current children cumulated memory: 68800 KiB

[startup+102.3 s]
/proc/loadavg: 14.22 14.21 13.36 18/829 329554
/proc/meminfo: memFree=369978636/528004516 swapFree=8388604/8388604
[pid=328909] ppid=328908 vsize=26908 memory=13616 CPUtime=0.07 cores=8-9
/proc/328909/stat : 328909 (perf) S 328908 328909 328527 0 -1 0 1738 237 0 0 6 1 0 0 20 0 1 0 922980397 27553792 3404 17179869184 93824994299904 93824996572973 140737488338256 0 0 0 134217728 4 74274 1 0 0 17 8 0 0 0 0 0 93824998874888 93825001005840 93825001308160 140737488340074 140737488340471 140737488340471 140737488351179 0
/proc/328909/statm: 6727 3404 2099 555 0 1769 0
[pid=328931] ppid=328909 vsize=75760 memory=67452 CPUtime=102.15 cores=8-9
/proc/328931/stat : 328931 (clingo) R 328909 328909 328527 0 -1 0 19996 0 0 0 10211 4 0 0 20 0 1 0 922980405 77578240 16863 17179869184 93824992301056 93824992468925 140737488338416 0 0 0 134217728 4 25184771 0 0 0 17 8 0 0 0 0 0 93824992533936 93824992571272 93824992575488 140737488340184 140737488340355 140737488340355 140737488351170 0
/proc/328931/statm: 18940 16863 2091 41 0 15019 0
Current children cumulated CPU time: 102.22 s
Current children cumulated vsize: 102668 KiB
Current children cumulated memory: 81068 KiB

[startup+162.3 s]
/proc/loadavg: 14.08 14.17 13.40 18/829 329557
/proc/meminfo: memFree=369875292/528004516 swapFree=8388604/8388604
[pid=328909] ppid=328908 vsize=26908 memory=13616 CPUtime=0.07 cores=8-9
/proc/328909/stat : 328909 (perf) S 328908 328909 328527 0 -1 0 1738 237 0 0 6 1 0 0 20 0 1 0 922980397 27553792 3404 17179869184 93824994299904 93824996572973 140737488338256 0 0 0 134217728 4 74274 1 0 0 17 8 0 0 0 0 0 93824998874888 93825001005840 93825001308160 140737488340074 140737488340471 140737488340471 140737488351179 0
/proc/328909/statm: 6727 3404 2099 555 0 1769 0
[pid=328931] ppid=328909 vsize=84216 memory=75732 CPUtime=162.15 cores=8-9
/proc/328931/stat : 328931 (clingo) R 328909 328909 328527 0 -1 0 24160 0 0 0 16210 5 0 0 20 0 1 0 922980405 86237184 18933 17179869184 93824992301056 93824992468925 140737488338416 0 0 0 134217728 4 25184771 0 0 0 17 8 0 0 0 0 0 93824992533936 93824992571272 93824992575488 140737488340184 140737488340355 140737488340355 140737488351170 0
/proc/328931/statm: 21054 18933 2091 41 0 17133 0
Current children cumulated CPU time: 162.22 s
Current children cumulated vsize: 111124 KiB
Current children cumulated memory: 89348 KiB

[startup+222.3 s]
/proc/loadavg: 14.03 14.14 13.44 18/829 329560
/proc/meminfo: memFree=369784276/528004516 swapFree=8388604/8388604
[pid=328909] ppid=328908 vsize=26908 memory=13616 CPUtime=0.07 cores=8-9
/proc/328909/stat : 328909 (perf) S 328908 328909 328527 0 -1 0 1738 237 0 0 6 1 0 0 20 0 1 0 922980397 27553792 3404 17179869184 93824994299904 93824996572973 140737488338256 0 0 0 134217728 4 74274 1 0 0 17 8 0 0 0 0 0 93824998874888 93825001005840 93825001308160 140737488340074 140737488340471 140737488340471 140737488351179 0
/proc/328909/statm: 6727 3404 2099 555 0 1769 0
[pid=328931] ppid=328909 vsize=91964 memory=83632 CPUtime=222.15 cores=8-9
/proc/328931/stat : 328931 (clingo) R 328909 328909 328527 0 -1 0 27865 0 0 0 22210 5 0 0 20 0 1 0 922980405 94171136 20908 17179869184 93824992301056 93824992468925 140737488338416 0 0 0 134217728 4 25184771 0 0 0 17 8 0 0 0 0 0 93824992533936 93824992571272 93824992575488 140737488340184 140737488340355 140737488340355 140737488351170 0
/proc/328931/statm: 22991 20908 2091 41 0 19070 0
Current children cumulated CPU time: 222.22 s
Current children cumulated vsize: 118872 KiB
Current children cumulated memory: 97248 KiB

[startup+282.3 s]
/proc/loadavg: 14.01 14.11 13.47 18/829 329563
/proc/meminfo: memFree=369707668/528004516 swapFree=8388604/8388604
[pid=328909] ppid=328908 vsize=26908 memory=13616 CPUtime=0.07 cores=8-9
/proc/328909/stat : 328909 (perf) S 328908 328909 328527 0 -1 0 1738 237 0 0 6 1 0 0 20 0 1 0 922980397 27553792 3404 17179869184 93824994299904 93824996572973 140737488338256 0 0 0 134217728 4 74274 1 0 0 17 8 0 0 0 0 0 93824998874888 93825001005840 93825001308160 140737488340074 140737488340471 140737488340471 140737488351179 0
/proc/328909/statm: 6727 3404 2099 555 0 1769 0
[pid=328931] ppid=328909 vsize=97616 memory=89260 CPUtime=282.15 cores=8-9
/proc/328931/stat : 328931 (clingo) R 328909 328909 328527 0 -1 0 30939 0 0 0 28209 6 0 0 20 0 1 0 922980405 99958784 22315 17179869184 93824992301056 93824992468925 140737488338416 0 0 0 134217728 4 25184771 0 0 0 17 8 0 0 0 0 0 93824992533936 93824992571272 93824992575488 140737488340184 140737488340355 140737488340355 140737488351170 0
/proc/328931/statm: 24404 22315 2091 41 0 20483 0
Current children cumulated CPU time: 282.22 s
Current children cumulated vsize: 124524 KiB
Current children cumulated memory: 102876 KiB

[startup+342.3 s]
/proc/loadavg: 15.64 14.53 13.66 18/810 329568
/proc/meminfo: memFree=369635000/528004516 swapFree=8388604/8388604
[pid=328909] ppid=328908 vsize=26908 memory=13616 CPUtime=0.07 cores=8-9
/proc/328909/stat : 328909 (perf) S 328908 328909 328527 0 -1 0 1738 237 0 0 6 1 0 0 20 0 1 0 922980397 27553792 3404 17179869184 93824994299904 93824996572973 140737488338256 0 0 0 134217728 4 74274 1 0 0 17 8 0 0 0 0 0 93824998874888 93825001005840 93825001308160 140737488340074 140737488340471 140737488340471 140737488351179 0
/proc/328909/statm: 6727 3404 2099 555 0 1769 0
[pid=328931] ppid=328909 vsize=105704 memory=97032 CPUtime=342.15 cores=8-9
/proc/328931/stat : 328931 (clingo) R 328909 328909 328527 0 -1 0 33527 0 0 0 34209 6 0 0 20 0 1 0 922980405 108240896 24258 17179869184 93824992301056 93824992468925 140737488338416 0 0 0 134217728 4 25184771 0 0 0 17 8 0 0 0 0 0 93824992533936 93824992571272 93824992575488 140737488340184 140737488340355 140737488340355 140737488351170 0
/proc/328931/statm: 26426 24258 2091 41 0 22505 0
Current children cumulated CPU time: 342.22 s
Current children cumulated vsize: 132612 KiB
Current children cumulated memory: 110648 KiB

[startup+402.3 s]
/proc/loadavg: 14.66 14.44 13.69 18/807 329570
/proc/meminfo: memFree=369571008/528004516 swapFree=8388604/8388604
[pid=328909] ppid=328908 vsize=26908 memory=13616 CPUtime=0.07 cores=8-9
/proc/328909/stat : 328909 (perf) S 328908 328909 328527 0 -1 0 1738 237 0 0 6 1 0 0 20 0 1 0 922980397 27553792 3404 17179869184 93824994299904 93824996572973 140737488338256 0 0 0 134217728 4 74274 1 0 0 17 8 0 0 0 0 0 93824998874888 93825001005840 93825001308160 140737488340074 140737488340471 140737488340471 140737488351179 0
/proc/328909/statm: 6727 3404 2099 555 0 1769 0
[pid=328931] ppid=328909 vsize=109168 memory=100628 CPUtime=402.15 cores=8-9
/proc/328931/stat : 328931 (clingo) R 328909 328909 328527 0 -1 0 34750 0 0 0 40209 6 0 0 20 0 1 0 922980405 111788032 25157 17179869184 93824992301056 93824992468925 140737488338416 0 0 0 134217728 4 25184771 0 0 0 17 8 0 0 0 0 0 93824992533936 93824992571272 93824992575488 140737488340184 140737488340355 140737488340355 140737488351170 0
/proc/328931/statm: 27292 25157 2091 41 0 23371 0
Current children cumulated CPU time: 402.22 s
Current children cumulated vsize: 136076 KiB
Current children cumulated memory: 114244 KiB

[startup+462.3 s]
/proc/loadavg: 14.24 14.36 13.71 18/808 329574
/proc/meminfo: memFree=369510832/528004516 swapFree=8388604/8388604
[pid=328909] ppid=328908 vsize=26908 memory=13616 CPUtime=0.07 cores=8-9
/proc/328909/stat : 328909 (perf) S 328908 328909 328527 0 -1 0 1738 237 0 0 6 1 0 0 20 0 1 0 922980397 27553792 3404 17179869184 93824994299904 93824996572973 140737488338256 0 0 0 134217728 4 74274 1 0 0 17 8 0 0 0 0 0 93824998874888 93825001005840 93825001308160 140737488340074 140737488340471 140737488340471 140737488351179 0
/proc/328909/statm: 6727 3404 2099 555 0 1769 0
[pid=328931] ppid=328909 vsize=111712 memory=103380 CPUtime=462.15 cores=8-9
/proc/328931/stat : 328931 (clingo) R 328909 328909 328527 0 -1 0 37306 0 0 0 46208 7 0 0 20 0 1 0 922980405 114393088 25845 17179869184 93824992301056 93824992468925 140737488338416 0 0 0 134217728 4 25184771 0 0 0 17 8 0 0 0 0 0 93824992533936 93824992571272 93824992575488 140737488340184 140737488340355 140737488340355 140737488351170 0
/proc/328931/statm: 27928 25845 2091 41 0 24007 0
Current children cumulated CPU time: 462.22 s
Current children cumulated vsize: 138620 KiB
Current children cumulated memory: 116996 KiB

[startup+522.3 s]
/proc/loadavg: 14.09 14.29 13.73 18/808 329578
/proc/meminfo: memFree=369469332/528004516 swapFree=8388604/8388604
[pid=328909] ppid=328908 vsize=26908 memory=13616 CPUtime=0.07 cores=8-9
/proc/328909/stat : 328909 (perf) S 328908 328909 328527 0 -1 0 1738 237 0 0 6 1 0 0 20 0 1 0 922980397 27553792 3404 17179869184 93824994299904 93824996572973 140737488338256 0 0 0 134217728 4 74274 1 0 0 17 8 0 0 0 0 0 93824998874888 93825001005840 93825001308160 140737488340074 140737488340471 140737488340471 140737488351179 0
/proc/328909/statm: 6727 3404 2099 555 0 1769 0
[pid=328931] ppid=328909 vsize=113916 memory=105496 CPUtime=522.15 cores=8-9
/proc/328931/stat : 328931 (clingo) R 328909 328909 328527 0 -1 0 38181 0 0 0 52207 8 0 0 20 0 1 0 922980405 116649984 26374 17179869184 93824992301056 93824992468925 140737488338416 0 0 0 134217728 4 25184771 0 0 0 17 8 0 0 0 0 0 93824992533936 93824992571272 93824992575488 140737488340184 140737488340355 140737488340355 140737488351170 0
/proc/328931/statm: 28479 26374 2091 41 0 24558 0
Current children cumulated CPU time: 522.22 s
Current children cumulated vsize: 140824 KiB
Current children cumulated memory: 119112 KiB

[startup+582.3 s]
/proc/loadavg: 14.32 14.30 13.77 18/809 329582
/proc/meminfo: memFree=369412920/528004516 swapFree=8388604/8388604
[pid=328909] ppid=328908 vsize=26908 memory=13616 CPUtime=0.07 cores=8-9
/proc/328909/stat : 328909 (perf) S 328908 328909 328527 0 -1 0 1738 237 0 0 6 1 0 0 20 0 1 0 922980397 27553792 3404 17179869184 93824994299904 93824996572973 140737488338256 0 0 0 134217728 4 74274 1 0 0 17 8 0 0 0 0 0 93824998874888 93825001005840 93825001308160 140737488340074 140737488340471 140737488340471 140737488351179 0
/proc/328909/statm: 6727 3404 2099 555 0 1769 0
[pid=328931] ppid=328909 vsize=120236 memory=111868 CPUtime=582.15 cores=8-9
/proc/328931/stat : 328931 (clingo) R 328909 328909 328527 0 -1 0 41658 0 0 0 58206 9 0 0 20 0 1 0 922980405 123121664 27967 17179869184 93824992301056 93824992468925 140737488338416 0 0 0 134217728 4 25184771 0 0 0 17 8 0 0 0 0 0 93824992533936 93824992571272 93824992575488 140737488340184 140737488340355 140737488340355 140737488351170 0
/proc/328931/statm: 30059 27967 2091 41 0 26138 0
Current children cumulated CPU time: 582.22 s
Current children cumulated vsize: 147144 KiB
Current children cumulated memory: 125484 KiB

[startup+642.3 s]
/proc/loadavg: 14.15 14.26 13.79 18/808 329585
/proc/meminfo: memFree=369372380/528004516 swapFree=8388604/8388604
[pid=328909] ppid=328908 vsize=26908 memory=13616 CPUtime=0.07 cores=8-9
/proc/328909/stat : 328909 (perf) S 328908 328909 328527 0 -1 0 1738 237 0 0 6 1 0 0 20 0 1 0 922980397 27553792 3404 17179869184 93824994299904 93824996572973 140737488338256 0 0 0 134217728 4 74274 1 0 0 17 8 0 0 0 0 0 93824998874888 93825001005840 93825001308160 140737488340074 140737488340471 140737488340471 140737488351179 0
/proc/328909/statm: 6727 3404 2099 555 0 1769 0
[pid=328931] ppid=328909 vsize=123008 memory=114596 CPUtime=642.15 cores=8-9
/proc/328931/stat : 328931 (clingo) R 328909 328909 328527 0 -1 0 42876 0 0 0 64205 10 0 0 20 0 1 0 922980405 125960192 28649 17179869184 93824992301056 93824992468925 140737488338416 0 0 0 134217728 4 25184771 0 0 0 17 8 0 0 0 0 0 93824992533936 93824992571272 93824992575488 140737488340184 140737488340355 140737488340355 140737488351170 0
/proc/328931/statm: 30752 28649 2091 41 0 26831 0
Current children cumulated CPU time: 642.22 s
Current children cumulated vsize: 149916 KiB
Current children cumulated memory: 128212 KiB

[startup+702.3 s]
/proc/loadavg: 14.05 14.21 13.81 18/809 329589
/proc/meminfo: memFree=369324028/528004516 swapFree=8388604/8388604
[pid=328909] ppid=328908 vsize=26908 memory=13616 CPUtime=0.07 cores=8-9
/proc/328909/stat : 328909 (perf) S 328908 328909 328527 0 -1 0 1738 237 0 0 6 1 0 0 20 0 1 0 922980397 27553792 3404 17179869184 93824994299904 93824996572973 140737488338256 0 0 0 134217728 4 74274 1 0 0 17 8 0 0 0 0 0 93824998874888 93825001005840 93825001308160 140737488340074 140737488340471 140737488340471 140737488351179 0
/proc/328909/statm: 6727 3404 2099 555 0 1769 0
[pid=328931] ppid=328909 vsize=126404 memory=117988 CPUtime=702.15 cores=8-9
/proc/328931/stat : 328931 (clingo) R 328909 328909 328527 0 -1 0 44815 0 0 0 70205 10 0 0 20 0 1 0 922980405 129437696 29497 17179869184 93824992301056 93824992468925 140737488338416 0 0 0 134217728 4 25184771 0 0 0 17 8 0 0 0 0 0 93824992533936 93824992571272 93824992575488 140737488340184 140737488340355 140737488340355 140737488351170 0
/proc/328931/statm: 31601 29497 2091 41 0 27680 0
Current children cumulated CPU time: 702.22 s
Current children cumulated vsize: 153312 KiB
Current children cumulated memory: 131604 KiB

[startup+762.3 s]
/proc/loadavg: 14.18 14.20 13.84 18/810 329592
/proc/meminfo: memFree=369278164/528004516 swapFree=8388604/8388604
[pid=328909] ppid=328908 vsize=26908 memory=13616 CPUtime=0.07 cores=8-9
/proc/328909/stat : 328909 (perf) S 328908 328909 328527 0 -1 0 1738 237 0 0 6 1 0 0 20 0 1 0 922980397 27553792 3404 17179869184 93824994299904 93824996572973 140737488338256 0 0 0 134217728 4 74274 1 0 0 17 8 0 0 0 0 0 93824998874888 93825001005840 93825001308160 140737488340074 140737488340471 140737488340471 140737488351179 0
/proc/328909/statm: 6727 3404 2099 555 0 1769 0
[pid=328931] ppid=328909 vsize=134736 memory=126296 CPUtime=762.15 cores=8-9
/proc/328931/stat : 328931 (clingo) R 328909 328909 328527 0 -1 0 48039 0 0 0 76204 11 0 0 20 0 1 0 922980405 137969664 31574 17179869184 93824992301056 93824992468925 140737488338416 0 0 0 134217728 4 25184771 0 0 0 17 8 0 0 0 0 0 93824992533936 93824992571272 93824992575488 140737488340184 140737488340355 140737488340355 140737488351170 0
/proc/328931/statm: 33684 31574 2091 41 0 29763 0
Current children cumulated CPU time: 762.22 s
Current children cumulated vsize: 161644 KiB
Current children cumulated memory: 139912 KiB

[startup+822.3 s]
/proc/loadavg: 15.30 14.52 13.97 18/810 329595
/proc/meminfo: memFree=369234836/528004516 swapFree=8388604/8388604
[pid=328909] ppid=328908 vsize=26908 memory=13616 CPUtime=0.07 cores=8-9
/proc/328909/stat : 328909 (perf) S 328908 328909 328527 0 -1 0 1738 237 0 0 6 1 0 0 20 0 1 0 922980397 27553792 3404 17179869184 93824994299904 93824996572973 140737488338256 0 0 0 134217728 4 74274 1 0 0 17 8 0 0 0 0 0 93824998874888 93825001005840 93825001308160 140737488340074 140737488340471 140737488340471 140737488351179 0
/proc/328909/statm: 6727 3404 2099 555 0 1769 0
[pid=328931] ppid=328909 vsize=135392 memory=126744 CPUtime=822.15 cores=8-9
/proc/328931/stat : 328931 (clingo) R 328909 328909 328527 0 -1 0 48361 0 0 0 82204 11 0 0 20 0 1 0 922980405 138641408 31686 17179869184 93824992301056 93824992468925 140737488338416 0 0 0 134217728 4 25184771 0 0 0 17 8 0 0 0 0 0 93824992533936 93824992571272 93824992575488 140737488340184 140737488340355 140737488340355 140737488351170 0
/proc/328931/statm: 33848 31686 2091 41 0 29927 0
Current children cumulated CPU time: 822.22 s
Current children cumulated vsize: 162300 KiB
Current children cumulated memory: 140360 KiB

[startup+882.3 s]
/proc/loadavg: 14.56 14.44 13.98 18/810 329598
/proc/meminfo: memFree=369193792/528004516 swapFree=8388604/8388604
[pid=328909] ppid=328908 vsize=26908 memory=13616 CPUtime=0.07 cores=8-9
/proc/328909/stat : 328909 (perf) S 328908 328909 328527 0 -1 0 1738 237 0 0 6 1 0 0 20 0 1 0 922980397 27553792 3404 17179869184 93824994299904 93824996572973 140737488338256 0 0 0 134217728 4 74274 1 0 0 17 8 0 0 0 0 0 93824998874888 93825001005840 93825001308160 140737488340074 140737488340471 140737488340471 140737488351179 0
/proc/328909/statm: 6727 3404 2099 555 0 1769 0
[pid=328931] ppid=328909 vsize=135280 memory=126908 CPUtime=882.15 cores=8-9
/proc/328931/stat : 328931 (clingo) R 328909 328909 328527 0 -1 0 50331 0 0 0 88204 11 0 0 20 0 1 0 922980405 138526720 31727 17179869184 93824992301056 93824992468925 140737488338416 0 0 0 134217728 4 25184771 0 0 0 17 8 0 0 0 0 0 93824992533936 93824992571272 93824992575488 140737488340184 140737488340355 140737488340355 140737488351170 0
/proc/328931/statm: 33820 31727 2091 41 0 29899 0
Current children cumulated CPU time: 882.22 s
Current children cumulated vsize: 162188 KiB
Current children cumulated memory: 140524 KiB

[startup+942.3 s]
/proc/loadavg: 14.31 14.40 14.00 18/810 329602
/proc/meminfo: memFree=369157032/528004516 swapFree=8388604/8388604
[pid=328909] ppid=328908 vsize=26908 memory=13616 CPUtime=0.07 cores=8-9
/proc/328909/stat : 328909 (perf) S 328908 328909 328527 0 -1 0 1738 237 0 0 6 1 0 0 20 0 1 0 922980397 27553792 3404 17179869184 93824994299904 93824996572973 140737488338256 0 0 0 134217728 4 74274 1 0 0 17 8 0 0 0 0 0 93824998874888 93825001005840 93825001308160 140737488340074 140737488340471 140737488340471 140737488351179 0
/proc/328909/statm: 6727 3404 2099 555 0 1769 0
[pid=328931] ppid=328909 vsize=141476 memory=133012 CPUtime=942.15 cores=8-9
/proc/328931/stat : 328931 (clingo) R 328909 328909 328527 0 -1 0 52750 0 0 0 94203 12 0 0 20 0 1 0 922980405 144871424 33253 17179869184 93824992301056 93824992468925 140737488338416 0 0 0 134217728 4 25184771 0 0 0 17 8 0 0 0 0 0 93824992533936 93824992571272 93824992575488 140737488340184 140737488340355 140737488340355 140737488351170 0
/proc/328931/statm: 35369 33253 2091 41 0 31448 0
Current children cumulated CPU time: 942.22 s
Current children cumulated vsize: 168384 KiB
Current children cumulated memory: 146628 KiB

[startup+1002.3 s]
/proc/loadavg: 14.11 14.32 14.00 18/809 329605
/proc/meminfo: memFree=369113184/528004516 swapFree=8388604/8388604
[pid=328909] ppid=328908 vsize=26908 memory=13616 CPUtime=0.07 cores=8-9
/proc/328909/stat : 328909 (perf) S 328908 328909 328527 0 -1 0 1738 237 0 0 6 1 0 0 20 0 1 0 922980397 27553792 3404 17179869184 93824994299904 93824996572973 140737488338256 0 0 0 134217728 4 74274 1 0 0 17 8 0 0 0 0 0 93824998874888 93825001005840 93825001308160 140737488340074 140737488340471 140737488340471 140737488351179 0
/proc/328909/statm: 6727 3404 2099 555 0 1769 0
[pid=328931] ppid=328909 vsize=142424 memory=133848 CPUtime=1002.15 cores=8-9
/proc/328931/stat : 328931 (clingo) R 328909 328909 328527 0 -1 0 53350 0 0 0 100203 12 0 0 20 0 1 0 922980405 145842176 33462 17179869184 93824992301056 93824992468925 140737488338416 0 0 0 134217728 4 25184771 0 0 0 17 8 0 0 0 0 0 93824992533936 93824992571272 93824992575488 140737488340184 140737488340355 140737488340355 140737488351170 0
/proc/328931/statm: 35606 33462 2091 41 0 31685 0
Current children cumulated CPU time: 1002.22 s
Current children cumulated vsize: 169332 KiB
Current children cumulated memory: 147464 KiB

[startup+1062.3 s]
/proc/loadavg: 14.04 14.26 14.00 18/808 329608
/proc/meminfo: memFree=369073888/528004516 swapFree=8388604/8388604
[pid=328909] ppid=328908 vsize=26908 memory=13616 CPUtime=0.07 cores=8-9
/proc/328909/stat : 328909 (perf) S 328908 328909 328527 0 -1 0 1738 237 0 0 6 1 0 0 20 0 1 0 922980397 27553792 3404 17179869184 93824994299904 93824996572973 140737488338256 0 0 0 134217728 4 74274 1 0 0 17 8 0 0 0 0 0 93824998874888 93825001005840 93825001308160 140737488340074 140737488340471 140737488340471 140737488351179 0
/proc/328909/statm: 6727 3404 2099 555 0 1769 0
[pid=328931] ppid=328909 vsize=145980 memory=137396 CPUtime=1062.15 cores=8-9
/proc/328931/stat : 328931 (clingo) R 328909 328909 328527 0 -1 0 55049 0 0 0 106203 12 0 0 20 0 1 0 922980405 149483520 34349 17179869184 93824992301056 93824992468925 140737488338416 0 0 0 134217728 4 25184771 0 0 0 17 8 0 0 0 0 0 93824992533936 93824992571272 93824992575488 140737488340184 140737488340355 140737488340355 140737488351170 0
/proc/328931/statm: 36495 34349 2091 41 0 32574 0
Current children cumulated CPU time: 1062.22 s
Current children cumulated vsize: 172888 KiB
Current children cumulated memory: 151012 KiB

[startup+1122.3 s]
/proc/loadavg: 14.04 14.23 14.00 18/809 329612
/proc/meminfo: memFree=369040676/528004516 swapFree=8388604/8388604
[pid=328909] ppid=328908 vsize=26908 memory=13616 CPUtime=0.07 cores=8-9
/proc/328909/stat : 328909 (perf) S 328908 328909 328527 0 -1 0 1738 237 0 0 6 1 0 0 20 0 1 0 922980397 27553792 3404 17179869184 93824994299904 93824996572973 140737488338256 0 0 0 134217728 4 74274 1 0 0 17 8 0 0 0 0 0 93824998874888 93825001005840 93825001308160 140737488340074 140737488340471 140737488340471 140737488351179 0
/proc/328909/statm: 6727 3404 2099 555 0 1769 0
[pid=328931] ppid=328909 vsize=149108 memory=140348 CPUtime=1122.15 cores=8-9
/proc/328931/stat : 328931 (clingo) R 328909 328909 328527 0 -1 0 56226 0 0 0 112203 12 0 0 20 0 1 0 922980405 152686592 35087 17179869184 93824992301056 93824992468925 140737488338416 0 0 0 134217728 4 25184771 0 0 0 17 8 0 0 0 0 0 93824992533936 93824992571272 93824992575488 140737488340184 140737488340355 140737488340355 140737488351170 0
/proc/328931/statm: 37277 35087 2091 41 0 33356 0
Current children cumulated CPU time: 1122.22 s
Current children cumulated vsize: 176016 KiB
Current children cumulated memory: 153964 KiB

[startup+1182.3 s]
/proc/loadavg: 14.01 14.18 14.00 18/810 329616
/proc/meminfo: memFree=369011444/528004516 swapFree=8388604/8388604
[pid=328909] ppid=328908 vsize=26908 memory=13616 CPUtime=0.07 cores=8-9
/proc/328909/stat : 328909 (perf) S 328908 328909 328527 0 -1 0 1738 237 0 0 6 1 0 0 20 0 1 0 922980397 27553792 3404 17179869184 93824994299904 93824996572973 140737488338256 0 0 0 134217728 4 74274 1 0 0 17 8 0 0 0 0 0 93824998874888 93825001005840 93825001308160 140737488340074 140737488340471 140737488340471 140737488351179 0
/proc/328909/statm: 6727 3404 2099 555 0 1769 0
[pid=328931] ppid=328909 vsize=148020 memory=139440 CPUtime=1182.15 cores=8-9
/proc/328931/stat : 328931 (clingo) R 328909 328909 328527 0 -1 0 56839 0 0 0 118202 13 0 0 20 0 1 0 922980405 151572480 34860 17179869184 93824992301056 93824992468925 140737488338416 0 0 0 134217728 4 25184771 0 0 0 17 8 0 0 0 0 0 93824992533936 93824992571272 93824992575488 140737488340184 140737488340355 140737488340355 140737488351170 0
/proc/328931/statm: 37005 34860 2091 41 0 33084 0
Current children cumulated CPU time: 1182.22 s
Current children cumulated vsize: 174928 KiB
Current children cumulated memory: 153056 KiB



Maximum wall clock time exceeded: sending SIGTERM then SIGKILL

[startup+1205 s]*
/proc/loadavg: 14.01 14.17 14.00 18/807 329624
/proc/meminfo: memFree=369082524/528004516 swapFree=8388604/8388604
[pid=328909] ppid=328908 vsize=26908 memory=13616 CPUtime=0.07 cores=8-9
/proc/328909/stat : 328909 (perf) S 328908 328909 328527 0 -1 0 1738 237 0 0 6 1 0 0 20 0 1 0 922980397 27553792 3404 17179869184 93824994299904 93824996572973 140737488338256 0 0 0 134217728 4 74274 1 0 0 17 8 0 0 0 0 0 93824998874888 93825001005840 93825001308160 140737488340074 140737488340471 140737488340471 140737488351179 0
/proc/328909/statm: 6727 3404 2099 555 0 1769 0
[pid=328931] ppid=328909 vsize=150396 memory=141584 CPUtime=1204.87 cores=8-9
/proc/328931/stat : 328931 (clingo) R 328909 328909 328527 0 -1 0 57565 0 0 0 120474 13 0 0 20 0 1 0 922980405 154005504 35396 17179869184 93824992301056 93824992468925 140737488338416 0 0 0 134217728 4 25184771 0 0 0 17 8 0 0 0 0 0 93824992533936 93824992571272 93824992575488 140737488340184 140737488340355 140737488340355 140737488351170 0
/proc/328931/statm: 37599 35396 2091 41 0 33678 0
Current children cumulated CPU time: 1204.94 s
Current children cumulated vsize: 177304 KiB
Current children cumulated memory: 155200 KiB

Sending SIGINT to process tree (bottom up)
Sleeping 5 seconds

[startup+1205.03 s]
# the end of solver process 328909 was just reported to runsolver
# cumulated CPU time of all completed processes:  user=1204.81 s, system=0.158946 s

Solver just ended.
??? end of watcher thread
Dumping a history of the last processes samples

Child status: 1
Real time (s): 1205.03
CPU time (s): 1204.97
CPU user time (s): 1204.81
CPU system time (s): 0.158946
CPU usage (%): 99.9954
Max. virtual memory (cumulated for all children) (KiB): 177304
Max. memory (cumulated for all children) (KiB): 155200

getrusage(RUSAGE_CHILDREN,...) data:
user time used= 1204.81
system time used= 0.158946
maximum resident set size= 141784
integral shared memory size= 0
integral unshared data size= 0
integral unshared stack size= 0
page reclaims= 59580
page faults= 0
swaps= 0
block input operations= 0
block output operations= 0
messages sent= 0
messages received= 0
signals received= 0
voluntary context switches= 18
involuntary context switches= 778


# summary of solver processes directly reported to runsolver:
#   pid: 328909
#   total CPU time (s): 1204.97
#   total CPU user time (s): 1204.81
#   total CPU system time (s): 0.158946

??? end of timestamper thread
runsolver used 6.5548 second user time and 17.6719 second system time

The end
