runsolver version 3.4.0 (svn: 3018) Copyright (C) 2010-2013 Olivier ROUSSEL

This program is distributed in the hope that it will be useful,
but WITHOUT ANY WARRANTY; without even the implied warranty of
MERCHANTABILITY or FITNESS FOR A PARTICULAR PURPOSE.  See the
GNU General Public License for more details.

NUMA information:
  number of nodes: 2
  memory of node 0: 257635 MiB (182152 MiB free)
  memory of node 1: 257994 MiB (192893 MiB free)
  node distances:
     10  20
     20  10

command line: /dev/shm/376260f4-2e81-11f1-ac62-000c298f4621/input/runsolver -w /dev/shm/376260f4-2e81-11f1-ac62-000c298f4621/output/runsolver.log -v /dev/shm/376260f4-2e81-11f1-ac62-000c298f4621/output/varfile.log -W 1205 --rss-swap-limit 16384 -d 5 --sigint /usr/bin/perf stat -B -e task-clock,cache-references,cache-misses,cycles,instructions,branches,faults,migrations,context-switches -o /dev/shm/376260f4-2e81-11f1-ac62-000c298f4621/output/perf.log clingo /home/guests/mmacri/AMOSUM/benchmarks/GraphColouring/encoding-plain-amo.asp /dev/shm/376260f4-2e81-11f1-ac62-000c298f4621/input/0029-graph_colouring-135-0_6480.asp 

running on 2 cores: 26-27

Enforcing wall clock limit (soft limit, will send SIGTERM then SIGKILL): 1205 seconds
Enforcing RSS+Swap limit (soft limit, will send SIGTERM then SIGKILL): 16777216 KiB
Linux 5.15.0-131-generic
Current StackSize limit: 8192 KiB

solver pid=369854, runsolver pid=369852

[startup+0.100069 s]*
/proc/loadavg: 14.06 14.17 13.23 19/827 369878
/proc/meminfo: memFree=384100664/528004504 swapFree=8388604/8388604
[pid=369854] ppid=369852 vsize=26908 memory=13616 CPUtime=0.07 cores=26-27
/proc/369854/stat : 369854 (perf) S 369852 369854 369558 0 -1 0 1738 240 0 0 5 2 0 0 20 0 1 0 922976518 27553792 3404 17179869184 93824994299904 93824996572973 140737488338256 0 0 0 134217728 4 74274 1 0 0 17 26 0 0 0 0 0 93824998874888 93825001005840 93825001308160 140737488340074 140737488340471 140737488340471 140737488351179 0
/proc/369854/statm: 6727 3404 2099 555 0 1769 0
[pid=369875] ppid=369854 vsize=20004 memory=11840 CPUtime=0.02 cores=26-27
/proc/369875/stat : 369875 (clingo) R 369854 369854 369558 0 -1 0 1218 0 0 0 2 0 0 0 20 0 1 0 922976526 20484096 2960 17179869184 93824992301056 93824992468925 140737488338416 0 0 0 134217728 4 25184771 0 0 0 17 27 0 0 0 0 0 93824992533936 93824992571272 93824992575488 140737488340184 140737488340355 140737488340355 140737488351170 0
/proc/369875/statm: 5001 2960 2073 41 0 1080 0
Current children cumulated CPU time: 0.09 s
Current children cumulated vsize: 46912 KiB
Current children cumulated memory: 25456 KiB

[startup+0.235326 s]*
/proc/loadavg: 14.06 14.17 13.23 19/827 369878
/proc/meminfo: memFree=384070324/528004504 swapFree=8388604/8388604
[pid=369854] ppid=369852 vsize=26908 memory=13616 CPUtime=0.07 cores=26-27
/proc/369854/stat : 369854 (perf) S 369852 369854 369558 0 -1 0 1738 240 0 0 5 2 0 0 20 0 1 0 922976518 27553792 3404 17179869184 93824994299904 93824996572973 140737488338256 0 0 0 134217728 4 74274 1 0 0 17 26 0 0 0 0 0 93824998874888 93825001005840 93825001308160 140737488340074 140737488340471 140737488340471 140737488351179 0
/proc/369854/statm: 6727 3404 2099 555 0 1769 0
[pid=369875] ppid=369854 vsize=23760 memory=15592 CPUtime=0.14 cores=26-27
/proc/369875/stat : 369875 (clingo) R 369854 369854 369558 0 -1 0 2176 0 0 0 14 0 0 0 20 0 1 0 922976526 24330240 3898 17179869184 93824992301056 93824992468925 140737488338416 0 0 0 134217728 4 25184771 0 0 0 17 27 0 0 0 0 0 93824992533936 93824992571272 93824992575488 140737488340184 140737488340355 140737488340355 140737488351170 0
/proc/369875/statm: 5940 3898 2088 41 0 2019 0
Current children cumulated CPU time: 0.21 s
Current children cumulated vsize: 50668 KiB
Current children cumulated memory: 29208 KiB

[startup+0.334935 s]*
/proc/loadavg: 14.06 14.17 13.23 16/827 369878
/proc/meminfo: memFree=384059580/528004504 swapFree=8388604/8388604
[pid=369854] ppid=369852 vsize=26908 memory=13616 CPUtime=0.07 cores=26-27
/proc/369854/stat : 369854 (perf) S 369852 369854 369558 0 -1 0 1738 240 0 0 5 2 0 0 20 0 1 0 922976518 27553792 3404 17179869184 93824994299904 93824996572973 140737488338256 0 0 0 134217728 4 74274 1 0 0 17 26 0 0 0 0 0 93824998874888 93825001005840 93825001308160 140737488340074 140737488340471 140737488340471 140737488351179 0
/proc/369854/statm: 6727 3404 2099 555 0 1769 0
[pid=369875] ppid=369854 vsize=24948 memory=16912 CPUtime=0.22 cores=26-27
/proc/369875/stat : 369875 (clingo) R 369854 369854 369558 0 -1 0 2453 0 0 0 22 0 0 0 20 0 1 0 922976526 25546752 4228 17179869184 93824992301056 93824992468925 140737488338416 0 0 0 134217728 4 25184771 0 0 0 17 27 0 0 0 0 0 93824992533936 93824992571272 93824992575488 140737488340184 140737488340355 140737488340355 140737488351170 0
/proc/369875/statm: 6237 4228 2088 41 0 2316 0
Current children cumulated CPU time: 0.29 s
Current children cumulated vsize: 51856 KiB
Current children cumulated memory: 30528 KiB

[startup+0.700331 s]
/proc/loadavg: 14.05 14.16 13.24 18/827 369878
/proc/meminfo: memFree=384046476/528004504 swapFree=8388604/8388604
[pid=369854] ppid=369852 vsize=26908 memory=13616 CPUtime=0.07 cores=26-27
/proc/369854/stat : 369854 (perf) S 369852 369854 369558 0 -1 0 1738 240 0 0 5 2 0 0 20 0 1 0 922976518 27553792 3404 17179869184 93824994299904 93824996572973 140737488338256 0 0 0 134217728 4 74274 1 0 0 17 26 0 0 0 0 0 93824998874888 93825001005840 93825001308160 140737488340074 140737488340471 140737488340471 140737488351179 0
/proc/369854/statm: 6727 3404 2099 555 0 1769 0
[pid=369875] ppid=369854 vsize=26072 memory=17968 CPUtime=0.51 cores=26-27
/proc/369875/stat : 369875 (clingo) R 369854 369854 369558 0 -1 0 2741 0 0 0 51 0 0 0 20 0 1 0 922976526 26697728 4492 17179869184 93824992301056 93824992468925 140737488338416 0 0 0 134217728 4 25184771 0 0 0 17 27 0 0 0 0 0 93824992533936 93824992571272 93824992575488 140737488340184 140737488340355 140737488340355 140737488351170 0
/proc/369875/statm: 6518 4492 2088 41 0 2597 0
Current children cumulated CPU time: 0.58 s
Current children cumulated vsize: 52980 KiB
Current children cumulated memory: 31584 KiB

[startup+1.50033 s]
/proc/loadavg: 14.05 14.16 13.24 16/827 369878
/proc/meminfo: memFree=384033120/528004504 swapFree=8388604/8388604
[pid=369854] ppid=369852 vsize=26908 memory=13616 CPUtime=0.07 cores=26-27
/proc/369854/stat : 369854 (perf) S 369852 369854 369558 0 -1 0 1738 240 0 0 5 2 0 0 20 0 1 0 922976518 27553792 3404 17179869184 93824994299904 93824996572973 140737488338256 0 0 0 134217728 4 74274 1 0 0 17 26 0 0 0 0 0 93824998874888 93825001005840 93825001308160 140737488340074 140737488340471 140737488340471 140737488351179 0
/proc/369854/statm: 6727 3404 2099 555 0 1769 0
[pid=369875] ppid=369854 vsize=27528 memory=19552 CPUtime=1.29 cores=26-27
/proc/369875/stat : 369875 (clingo) R 369854 369854 369558 0 -1 0 3119 0 0 0 129 0 0 0 20 0 1 0 922976526 28188672 4888 17179869184 93824992301056 93824992468925 140737488338416 0 0 0 134217728 4 25184771 0 0 0 17 27 0 0 0 0 0 93824992533936 93824992571272 93824992575488 140737488340184 140737488340355 140737488340355 140737488351170 0
/proc/369875/statm: 6882 4888 2088 41 0 2961 0
Current children cumulated CPU time: 1.36 s
Current children cumulated vsize: 54436 KiB
Current children cumulated memory: 33168 KiB

[startup+3.11937 s]
/proc/loadavg: 14.05 14.16 13.24 15/813 369996
/proc/meminfo: memFree=384113592/528004504 swapFree=8388604/8388604
[pid=369854] ppid=369852 vsize=26908 memory=13616 CPUtime=0.07 cores=26-27
/proc/369854/stat : 369854 (perf) S 369852 369854 369558 0 -1 0 1738 240 0 0 5 2 0 0 20 0 1 0 922976518 27553792 3404 17179869184 93824994299904 93824996572973 140737488338256 0 0 0 134217728 4 74274 1 0 0 17 26 0 0 0 0 0 93824998874888 93825001005840 93825001308160 140737488340074 140737488340471 140737488340471 140737488351179 0
/proc/369854/statm: 6727 3404 2099 555 0 1769 0
[pid=369875] ppid=369854 vsize=30940 memory=22720 CPUtime=2.88 cores=26-27
/proc/369875/stat : 369875 (clingo) R 369854 369854 369558 0 -1 0 3910 0 0 0 287 1 0 0 20 0 1 0 922976526 31682560 5680 17179869184 93824992301056 93824992468925 140737488338416 0 0 0 134217728 4 25184771 0 0 0 17 26 0 0 0 0 0 93824992533936 93824992571272 93824992575488 140737488340184 140737488340355 140737488340355 140737488351170 0
/proc/369875/statm: 7735 5680 2088 41 0 3814 0
Current children cumulated CPU time: 2.95 s
Current children cumulated vsize: 57848 KiB
Current children cumulated memory: 36336 KiB

[startup+6.30029 s]
/proc/loadavg: 14.05 14.16 13.24 15/827 370084
/proc/meminfo: memFree=384058832/528004504 swapFree=8388604/8388604
[pid=369854] ppid=369852 vsize=26908 memory=13616 CPUtime=0.07 cores=26-27
/proc/369854/stat : 369854 (perf) S 369852 369854 369558 0 -1 0 1738 240 0 0 5 2 0 0 20 0 1 0 922976518 27553792 3404 17179869184 93824994299904 93824996572973 140737488338256 0 0 0 134217728 4 74274 1 0 0 17 26 0 0 0 0 0 93824998874888 93825001005840 93825001308160 140737488340074 140737488340471 140737488340471 140737488351179 0
/proc/369854/statm: 6727 3404 2099 555 0 1769 0
[pid=369875] ppid=369854 vsize=34112 memory=25624 CPUtime=6.06 cores=26-27
/proc/369875/stat : 369875 (clingo) R 369854 369854 369558 0 -1 0 4640 0 0 0 605 1 0 0 20 0 1 0 922976526 34930688 6406 17179869184 93824992301056 93824992468925 140737488338416 0 0 0 134217728 4 25184771 0 0 0 17 26 0 0 0 0 0 93824992533936 93824992571272 93824992575488 140737488340184 140737488340355 140737488340355 140737488351170 0
/proc/369875/statm: 8528 6406 2088 41 0 4607 0
Current children cumulated CPU time: 6.13 s
Current children cumulated vsize: 61020 KiB
Current children cumulated memory: 39240 KiB

[startup+12.7003 s]
/proc/loadavg: 14.04 14.16 13.25 15/827 370084
/proc/meminfo: memFree=384013632/528004504 swapFree=8388604/8388604
[pid=369854] ppid=369852 vsize=26908 memory=13616 CPUtime=0.07 cores=26-27
/proc/369854/stat : 369854 (perf) S 369852 369854 369558 0 -1 0 1738 240 0 0 5 2 0 0 20 0 1 0 922976518 27553792 3404 17179869184 93824994299904 93824996572973 140737488338256 0 0 0 134217728 4 74274 1 0 0 17 26 0 0 0 0 0 93824998874888 93825001005840 93825001308160 140737488340074 140737488340471 140737488340471 140737488351179 0
/proc/369854/statm: 6727 3404 2099 555 0 1769 0
[pid=369875] ppid=369854 vsize=37624 memory=28528 CPUtime=12.46 cores=26-27
/proc/369875/stat : 369875 (clingo) R 369854 369854 369558 0 -1 0 5408 0 0 0 1245 1 0 0 20 0 1 0 922976526 38526976 7132 17179869184 93824992301056 93824992468925 140737488338416 0 0 0 134217728 4 25184771 0 0 0 17 26 0 0 0 0 0 93824992533936 93824992571272 93824992575488 140737488340184 140737488340355 140737488340355 140737488351170 0
/proc/369875/statm: 9406 7132 2088 41 0 5485 0
Current children cumulated CPU time: 12.53 s
Current children cumulated vsize: 64532 KiB
Current children cumulated memory: 42144 KiB

[startup+25.5003 s]
/proc/loadavg: 14.04 14.15 13.25 15/827 370394
/proc/meminfo: memFree=384145780/528004504 swapFree=8388604/8388604
[pid=369854] ppid=369852 vsize=26908 memory=13616 CPUtime=0.07 cores=26-27
/proc/369854/stat : 369854 (perf) S 369852 369854 369558 0 -1 0 1738 240 0 0 5 2 0 0 20 0 1 0 922976518 27553792 3404 17179869184 93824994299904 93824996572973 140737488338256 0 0 0 134217728 4 74274 1 0 0 17 26 0 0 0 0 0 93824998874888 93825001005840 93825001308160 140737488340074 140737488340471 140737488340471 140737488351179 0
/proc/369854/statm: 6727 3404 2099 555 0 1769 0
[pid=369875] ppid=369854 vsize=41952 memory=32488 CPUtime=25.26 cores=26-27
/proc/369875/stat : 369875 (clingo) R 369854 369854 369558 0 -1 0 6395 0 0 0 2524 2 0 0 20 0 1 0 922976526 42958848 8122 17179869184 93824992301056 93824992468925 140737488338416 0 0 0 134217728 4 25184771 0 0 0 17 26 0 0 0 0 0 93824992533936 93824992571272 93824992575488 140737488340184 140737488340355 140737488340355 140737488351170 0
/proc/369875/statm: 10488 8122 2088 41 0 6567 0
Current children cumulated CPU time: 25.33 s
Current children cumulated vsize: 68860 KiB
Current children cumulated memory: 46104 KiB

[startup+51.1203 s]
/proc/loadavg: 14.08 14.15 13.28 15/830 370603
/proc/meminfo: memFree=384182200/528004504 swapFree=8388604/8388604
[pid=369854] ppid=369852 vsize=26908 memory=13616 CPUtime=0.07 cores=26-27
/proc/369854/stat : 369854 (perf) S 369852 369854 369558 0 -1 0 1738 240 0 0 5 2 0 0 20 0 1 0 922976518 27553792 3404 17179869184 93824994299904 93824996572973 140737488338256 0 0 0 134217728 4 74274 1 0 0 17 26 0 0 0 0 0 93824998874888 93825001005840 93825001308160 140737488340074 140737488340471 140737488340471 140737488351179 0
/proc/369854/statm: 6727 3404 2099 555 0 1769 0
[pid=369875] ppid=369854 vsize=47028 memory=37240 CPUtime=50.88 cores=26-27
/proc/369875/stat : 369875 (clingo) R 369854 369854 369558 0 -1 0 7565 0 0 0 5085 3 0 0 20 0 1 0 922976526 48156672 9310 17179869184 93824992301056 93824992468925 140737488338416 0 0 0 134217728 4 25184771 0 0 0 17 26 0 0 0 0 0 93824992533936 93824992571272 93824992575488 140737488340184 140737488340355 140737488340355 140737488351170 0
/proc/369875/statm: 11757 9310 2088 41 0 7836 0
Current children cumulated CPU time: 50.95 s
Current children cumulated vsize: 73936 KiB
Current children cumulated memory: 50856 KiB

[startup+102.3 s]
/proc/loadavg: 14.03 14.13 13.32 15/832 370651
/proc/meminfo: memFree=384030544/528004504 swapFree=8388604/8388604
[pid=369854] ppid=369852 vsize=26908 memory=13616 CPUtime=0.07 cores=26-27
/proc/369854/stat : 369854 (perf) S 369852 369854 369558 0 -1 0 1738 240 0 0 5 2 0 0 20 0 1 0 922976518 27553792 3404 17179869184 93824994299904 93824996572973 140737488338256 0 0 0 134217728 4 74274 1 0 0 17 26 0 0 0 0 0 93824998874888 93825001005840 93825001308160 140737488340074 140737488340471 140737488340471 140737488351179 0
/proc/369854/statm: 6727 3404 2099 555 0 1769 0
[pid=369875] ppid=369854 vsize=54868 memory=44368 CPUtime=102.06 cores=26-27
/proc/369875/stat : 369875 (clingo) R 369854 369854 369558 0 -1 0 9324 0 0 0 10203 3 0 0 20 0 1 0 922976526 56184832 11092 17179869184 93824992301056 93824992468925 140737488338416 0 0 0 134217728 4 25184771 0 0 0 17 26 0 0 0 0 0 93824992533936 93824992571272 93824992575488 140737488340184 140737488340355 140737488340355 140737488351170 0
/proc/369875/statm: 13717 11092 2088 41 0 9796 0
Current children cumulated CPU time: 102.13 s
Current children cumulated vsize: 81776 KiB
Current children cumulated memory: 57984 KiB

[startup+162.3 s]
/proc/loadavg: 14.01 14.10 13.37 15/832 370654
/proc/meminfo: memFree=383917516/528004504 swapFree=8388604/8388604
[pid=369854] ppid=369852 vsize=26908 memory=13616 CPUtime=0.07 cores=26-27
/proc/369854/stat : 369854 (perf) S 369852 369854 369558 0 -1 0 1738 240 0 0 5 2 0 0 20 0 1 0 922976518 27553792 3404 17179869184 93824994299904 93824996572973 140737488338256 0 0 0 134217728 4 74274 1 0 0 17 26 0 0 0 0 0 93824998874888 93825001005840 93825001308160 140737488340074 140737488340471 140737488340471 140737488351179 0
/proc/369854/statm: 6727 3404 2099 555 0 1769 0
[pid=369875] ppid=369854 vsize=59884 memory=49384 CPUtime=162.06 cores=26-27
/proc/369875/stat : 369875 (clingo) R 369854 369854 369558 0 -1 0 10570 0 0 0 16203 3 0 0 20 0 1 0 922976526 61321216 12346 17179869184 93824992301056 93824992468925 140737488338416 0 0 0 134217728 4 25184771 0 0 0 17 26 0 0 0 0 0 93824992533936 93824992571272 93824992575488 140737488340184 140737488340355 140737488340355 140737488351170 0
/proc/369875/statm: 14971 12346 2088 41 0 11050 0
Current children cumulated CPU time: 162.13 s
Current children cumulated vsize: 86792 KiB
Current children cumulated memory: 63000 KiB

[startup+222.3 s]
/proc/loadavg: 14.00 14.08 13.41 15/832 370658
/proc/meminfo: memFree=383818560/528004504 swapFree=8388604/8388604
[pid=369854] ppid=369852 vsize=26908 memory=13616 CPUtime=0.07 cores=26-27
/proc/369854/stat : 369854 (perf) S 369852 369854 369558 0 -1 0 1738 240 0 0 5 2 0 0 20 0 1 0 922976518 27553792 3404 17179869184 93824994299904 93824996572973 140737488338256 0 0 0 134217728 4 74274 1 0 0 17 26 0 0 0 0 0 93824998874888 93825001005840 93825001308160 140737488340074 140737488340471 140737488340471 140737488351179 0
/proc/369854/statm: 6727 3404 2099 555 0 1769 0
[pid=369875] ppid=369854 vsize=65576 memory=54664 CPUtime=222.05 cores=26-27
/proc/369875/stat : 369875 (clingo) R 369854 369854 369558 0 -1 0 11885 0 0 0 22202 3 0 0 20 0 1 0 922976526 67149824 13666 17179869184 93824992301056 93824992468925 140737488338416 0 0 0 134217728 4 25184771 0 0 0 17 26 0 0 0 0 0 93824992533936 93824992571272 93824992575488 140737488340184 140737488340355 140737488340355 140737488351170 0
/proc/369875/statm: 16394 13666 2088 41 0 12473 0
Current children cumulated CPU time: 222.12 s
Current children cumulated vsize: 92484 KiB
Current children cumulated memory: 68280 KiB

[startup+282.3 s]
/proc/loadavg: 14.00 14.06 13.45 15/832 370661
/proc/meminfo: memFree=383738468/528004504 swapFree=8388604/8388604
[pid=369854] ppid=369852 vsize=26908 memory=13616 CPUtime=0.07 cores=26-27
/proc/369854/stat : 369854 (perf) S 369852 369854 369558 0 -1 0 1738 240 0 0 5 2 0 0 20 0 1 0 922976518 27553792 3404 17179869184 93824994299904 93824996572973 140737488338256 0 0 0 134217728 4 74274 1 0 0 17 26 0 0 0 0 0 93824998874888 93825001005840 93825001308160 140737488340074 140737488340471 140737488340471 140737488351179 0
/proc/369854/statm: 6727 3404 2099 555 0 1769 0
[pid=369875] ppid=369854 vsize=71264 memory=59416 CPUtime=282.06 cores=26-27
/proc/369875/stat : 369875 (clingo) R 369854 369854 369558 0 -1 0 13093 0 0 0 28202 4 0 0 20 0 1 0 922976526 72974336 14854 17179869184 93824992301056 93824992468925 140737488338416 0 0 0 134217728 4 25184771 0 0 0 17 26 0 0 0 0 0 93824992533936 93824992571272 93824992575488 140737488340184 140737488340355 140737488340355 140737488351170 0
/proc/369875/statm: 17816 14854 2088 41 0 13895 0
Current children cumulated CPU time: 282.13 s
Current children cumulated vsize: 98172 KiB
Current children cumulated memory: 73032 KiB

[startup+342.3 s]
/proc/loadavg: 15.09 14.33 13.58 15/812 370666
/proc/meminfo: memFree=383673580/528004504 swapFree=8388604/8388604
[pid=369854] ppid=369852 vsize=26908 memory=13616 CPUtime=0.07 cores=26-27
/proc/369854/stat : 369854 (perf) S 369852 369854 369558 0 -1 0 1738 240 0 0 5 2 0 0 20 0 1 0 922976518 27553792 3404 17179869184 93824994299904 93824996572973 140737488338256 0 0 0 134217728 4 74274 1 0 0 17 26 0 0 0 0 0 93824998874888 93825001005840 93825001308160 140737488340074 140737488340471 140737488340471 140737488351179 0
/proc/369854/statm: 6727 3404 2099 555 0 1769 0
[pid=369875] ppid=369854 vsize=76196 memory=63640 CPUtime=342.06 cores=26-27
/proc/369875/stat : 369875 (clingo) R 369854 369854 369558 0 -1 0 14188 0 0 0 34202 4 0 0 20 0 1 0 922976526 78024704 15910 17179869184 93824992301056 93824992468925 140737488338416 0 0 0 134217728 4 25184771 0 0 0 17 26 0 0 0 0 0 93824992533936 93824992571272 93824992575488 140737488340184 140737488340355 140737488340355 140737488351170 0
/proc/369875/statm: 19049 15910 2088 41 0 15128 0
Current children cumulated CPU time: 342.13 s
Current children cumulated vsize: 103104 KiB
Current children cumulated memory: 77256 KiB

[startup+402.3 s]
/proc/loadavg: 14.40 14.27 13.61 15/808 370669
/proc/meminfo: memFree=383606592/528004504 swapFree=8388604/8388604
[pid=369854] ppid=369852 vsize=26908 memory=13616 CPUtime=0.07 cores=26-27
/proc/369854/stat : 369854 (perf) S 369852 369854 369558 0 -1 0 1738 240 0 0 5 2 0 0 20 0 1 0 922976518 27553792 3404 17179869184 93824994299904 93824996572973 140737488338256 0 0 0 134217728 4 74274 1 0 0 17 26 0 0 0 0 0 93824998874888 93825001005840 93825001308160 140737488340074 140737488340471 140737488340471 140737488351179 0
/proc/369854/statm: 6727 3404 2099 555 0 1769 0
[pid=369875] ppid=369854 vsize=77904 memory=65488 CPUtime=402.06 cores=26-27
/proc/369875/stat : 369875 (clingo) R 369854 369854 369558 0 -1 0 14612 0 0 0 40202 4 0 0 20 0 1 0 922976526 79773696 16372 17179869184 93824992301056 93824992468925 140737488338416 0 0 0 134217728 4 25184771 0 0 0 17 26 0 0 0 0 0 93824992533936 93824992571272 93824992575488 140737488340184 140737488340355 140737488340355 140737488351170 0
/proc/369875/statm: 19476 16372 2088 41 0 15555 0
Current children cumulated CPU time: 402.13 s
Current children cumulated vsize: 104812 KiB
Current children cumulated memory: 79104 KiB

[startup+462.3 s]
/proc/loadavg: 14.14 14.22 13.64 15/809 370673
/proc/meminfo: memFree=383547632/528004504 swapFree=8388604/8388604
[pid=369854] ppid=369852 vsize=26908 memory=13616 CPUtime=0.07 cores=26-27
/proc/369854/stat : 369854 (perf) S 369852 369854 369558 0 -1 0 1738 240 0 0 5 2 0 0 20 0 1 0 922976518 27553792 3404 17179869184 93824994299904 93824996572973 140737488338256 0 0 0 134217728 4 74274 1 0 0 17 26 0 0 0 0 0 93824998874888 93825001005840 93825001308160 140737488340074 140737488340471 140737488340471 140737488351179 0
/proc/369854/statm: 6727 3404 2099 555 0 1769 0
[pid=369875] ppid=369854 vsize=79420 memory=67336 CPUtime=462.06 cores=26-27
/proc/369875/stat : 369875 (clingo) R 369854 369854 369558 0 -1 0 15053 0 0 0 46201 5 0 0 20 0 1 0 922976526 81326080 16834 17179869184 93824992301056 93824992468925 140737488338416 0 0 0 134217728 4 25184771 0 0 0 17 26 0 0 0 0 0 93824992533936 93824992571272 93824992575488 140737488340184 140737488340355 140737488340355 140737488351170 0
/proc/369875/statm: 19855 16834 2088 41 0 15934 0
Current children cumulated CPU time: 462.13 s
Current children cumulated vsize: 106328 KiB
Current children cumulated memory: 80952 KiB

[startup+522.3 s]
/proc/loadavg: 14.05 14.18 13.66 15/810 370678
/proc/meminfo: memFree=383505580/528004504 swapFree=8388604/8388604
[pid=369854] ppid=369852 vsize=26908 memory=13616 CPUtime=0.07 cores=26-27
/proc/369854/stat : 369854 (perf) S 369852 369854 369558 0 -1 0 1738 240 0 0 5 2 0 0 20 0 1 0 922976518 27553792 3404 17179869184 93824994299904 93824996572973 140737488338256 0 0 0 134217728 4 74274 1 0 0 17 26 0 0 0 0 0 93824998874888 93825001005840 93825001308160 140737488340074 140737488340471 140737488340471 140737488351179 0
/proc/369854/statm: 6727 3404 2099 555 0 1769 0
[pid=369875] ppid=369854 vsize=80064 memory=68128 CPUtime=522.06 cores=26-27
/proc/369875/stat : 369875 (clingo) R 369854 369854 369558 0 -1 0 15306 0 0 0 52201 5 0 0 20 0 1 0 922976526 81985536 17032 17179869184 93824992301056 93824992468925 140737488338416 0 0 0 134217728 4 25184771 0 0 0 17 26 0 0 0 0 0 93824992533936 93824992571272 93824992575488 140737488340184 140737488340355 140737488340355 140737488351170 0
/proc/369875/statm: 20016 17032 2088 41 0 16095 0
Current children cumulated CPU time: 522.13 s
Current children cumulated vsize: 106972 KiB
Current children cumulated memory: 81744 KiB

[startup+582.3 s]
/proc/loadavg: 14.31 14.22 13.71 15/810 370681
/proc/meminfo: memFree=383462276/528004504 swapFree=8388604/8388604
[pid=369854] ppid=369852 vsize=26908 memory=13616 CPUtime=0.07 cores=26-27
/proc/369854/stat : 369854 (perf) S 369852 369854 369558 0 -1 0 1738 240 0 0 5 2 0 0 20 0 1 0 922976518 27553792 3404 17179869184 93824994299904 93824996572973 140737488338256 0 0 0 134217728 4 74274 1 0 0 17 26 0 0 0 0 0 93824998874888 93825001005840 93825001308160 140737488340074 140737488340471 140737488340471 140737488351179 0
/proc/369854/statm: 6727 3404 2099 555 0 1769 0
[pid=369875] ppid=369854 vsize=82296 memory=70504 CPUtime=582.06 cores=26-27
/proc/369875/stat : 369875 (clingo) R 369854 369854 369558 0 -1 0 15874 0 0 0 58201 5 0 0 20 0 1 0 922976526 84271104 17626 17179869184 93824992301056 93824992468925 140737488338416 0 0 0 134217728 4 25184771 0 0 0 17 26 0 0 0 0 0 93824992533936 93824992571272 93824992575488 140737488340184 140737488340355 140737488340355 140737488351170 0
/proc/369875/statm: 20574 17626 2088 41 0 16653 0
Current children cumulated CPU time: 582.13 s
Current children cumulated vsize: 109204 KiB
Current children cumulated memory: 84120 KiB

[startup+642.3 s]
/proc/loadavg: 14.88 14.37 13.80 15/810 370684
/proc/meminfo: memFree=383420712/528004504 swapFree=8388604/8388604
[pid=369854] ppid=369852 vsize=26908 memory=13616 CPUtime=0.07 cores=26-27
/proc/369854/stat : 369854 (perf) S 369852 369854 369558 0 -1 0 1738 240 0 0 5 2 0 0 20 0 1 0 922976518 27553792 3404 17179869184 93824994299904 93824996572973 140737488338256 0 0 0 134217728 4 74274 1 0 0 17 26 0 0 0 0 0 93824998874888 93825001005840 93825001308160 140737488340074 140737488340471 140737488340471 140737488351179 0
/proc/369854/statm: 6727 3404 2099 555 0 1769 0
[pid=369875] ppid=369854 vsize=84052 memory=72780 CPUtime=642.05 cores=26-27
/proc/369875/stat : 369875 (clingo) R 369854 369854 369558 0 -1 0 16752 0 0 0 64200 5 0 0 20 0 1 0 922976526 86069248 18195 17179869184 93824992301056 93824992468925 140737488338416 0 0 0 134217728 4 25184771 0 0 0 17 26 0 0 0 0 0 93824992533936 93824992571272 93824992575488 140737488340184 140737488340355 140737488340355 140737488351170 0
/proc/369875/statm: 21013 18195 2088 41 0 17092 0
Current children cumulated CPU time: 642.12 s
Current children cumulated vsize: 110960 KiB
Current children cumulated memory: 86396 KiB

[startup+702.3 s]
/proc/loadavg: 14.90 14.53 13.90 15/810 370687
/proc/meminfo: memFree=383374132/528004504 swapFree=8388604/8388604
[pid=369854] ppid=369852 vsize=26908 memory=13616 CPUtime=0.07 cores=26-27
/proc/369854/stat : 369854 (perf) S 369852 369854 369558 0 -1 0 1738 240 0 0 5 2 0 0 20 0 1 0 922976518 27553792 3404 17179869184 93824994299904 93824996572973 140737488338256 0 0 0 134217728 4 74274 1 0 0 17 26 0 0 0 0 0 93824998874888 93825001005840 93825001308160 140737488340074 140737488340471 140737488340471 140737488351179 0
/proc/369854/statm: 6727 3404 2099 555 0 1769 0
[pid=369875] ppid=369854 vsize=86444 memory=75040 CPUtime=702.05 cores=26-27
/proc/369875/stat : 369875 (clingo) R 369854 369854 369558 0 -1 0 17470 0 0 0 70200 5 0 0 20 0 1 0 922976526 88518656 18760 17179869184 93824992301056 93824992468925 140737488338416 0 0 0 134217728 4 25184771 0 0 0 17 26 0 0 0 0 0 93824992533936 93824992571272 93824992575488 140737488340184 140737488340355 140737488340355 140737488351170 0
/proc/369875/statm: 21611 18760 2088 41 0 17690 0
Current children cumulated CPU time: 702.12 s
Current children cumulated vsize: 113352 KiB
Current children cumulated memory: 88656 KiB

[startup+762.3 s]
/proc/loadavg: 14.40 14.45 13.91 15/809 370689
/proc/meminfo: memFree=383343712/528004504 swapFree=8388604/8388604
[pid=369854] ppid=369852 vsize=26908 memory=13616 CPUtime=0.07 cores=26-27
/proc/369854/stat : 369854 (perf) S 369852 369854 369558 0 -1 0 1738 240 0 0 5 2 0 0 20 0 1 0 922976518 27553792 3404 17179869184 93824994299904 93824996572973 140737488338256 0 0 0 134217728 4 74274 1 0 0 17 26 0 0 0 0 0 93824998874888 93825001005840 93825001308160 140737488340074 140737488340471 140737488340471 140737488351179 0
/proc/369854/statm: 6727 3404 2099 555 0 1769 0
[pid=369875] ppid=369854 vsize=88304 memory=76624 CPUtime=762.05 cores=26-27
/proc/369875/stat : 369875 (clingo) R 369854 369854 369558 0 -1 0 17919 0 0 0 76199 6 0 0 20 0 1 0 922976526 90423296 19156 17179869184 93824992301056 93824992468925 140737488338416 0 0 0 134217728 4 25184771 0 0 0 17 26 0 0 0 0 0 93824992533936 93824992571272 93824992575488 140737488340184 140737488340355 140737488340355 140737488351170 0
/proc/369875/statm: 22076 19156 2088 41 0 18155 0
Current children cumulated CPU time: 762.12 s
Current children cumulated vsize: 115212 KiB
Current children cumulated memory: 90240 KiB

[startup+822.3 s]
/proc/loadavg: 14.15 14.36 13.92 15/808 370693
/proc/meminfo: memFree=383300960/528004504 swapFree=8388604/8388604
[pid=369854] ppid=369852 vsize=26908 memory=13616 CPUtime=0.07 cores=26-27
/proc/369854/stat : 369854 (perf) S 369852 369854 369558 0 -1 0 1738 240 0 0 5 2 0 0 20 0 1 0 922976518 27553792 3404 17179869184 93824994299904 93824996572973 140737488338256 0 0 0 134217728 4 74274 1 0 0 17 26 0 0 0 0 0 93824998874888 93825001005840 93825001308160 140737488340074 140737488340471 140737488340471 140737488351179 0
/proc/369854/statm: 6727 3404 2099 555 0 1769 0
[pid=369875] ppid=369854 vsize=93488 memory=80848 CPUtime=822.05 cores=26-27
/proc/369875/stat : 369875 (clingo) R 369854 369854 369558 0 -1 0 18921 0 0 0 82199 6 0 0 20 0 1 0 922976526 95731712 20212 17179869184 93824992301056 93824992468925 140737488338416 0 0 0 134217728 4 25184771 0 0 0 17 26 0 0 0 0 0 93824992533936 93824992571272 93824992575488 140737488340184 140737488340355 140737488340355 140737488351170 0
/proc/369875/statm: 23372 20212 2088 41 0 19451 0
Current children cumulated CPU time: 822.12 s
Current children cumulated vsize: 120396 KiB
Current children cumulated memory: 94464 KiB

[startup+882.3 s]
/proc/loadavg: 14.13 14.31 13.93 15/808 370696
/proc/meminfo: memFree=383250904/528004504 swapFree=8388604/8388604
[pid=369854] ppid=369852 vsize=26908 memory=13616 CPUtime=0.07 cores=26-27
/proc/369854/stat : 369854 (perf) S 369852 369854 369558 0 -1 0 1738 240 0 0 5 2 0 0 20 0 1 0 922976518 27553792 3404 17179869184 93824994299904 93824996572973 140737488338256 0 0 0 134217728 4 74274 1 0 0 17 26 0 0 0 0 0 93824998874888 93825001005840 93825001308160 140737488340074 140737488340471 140737488340471 140737488351179 0
/proc/369854/statm: 6727 3404 2099 555 0 1769 0
[pid=369875] ppid=369854 vsize=96656 memory=83224 CPUtime=882.05 cores=26-27
/proc/369875/stat : 369875 (clingo) R 369854 369854 369558 0 -1 0 19569 0 0 0 88199 6 0 0 20 0 1 0 922976526 98975744 20806 17179869184 93824992301056 93824992468925 140737488338416 0 0 0 134217728 4 25184771 0 0 0 17 26 0 0 0 0 0 93824992533936 93824992571272 93824992575488 140737488340184 140737488340355 140737488340355 140737488351170 0
/proc/369875/statm: 24164 20806 2088 41 0 20243 0
Current children cumulated CPU time: 882.12 s
Current children cumulated vsize: 123564 KiB
Current children cumulated memory: 96840 KiB

[startup+942.3 s]
/proc/loadavg: 14.15 14.30 13.95 15/808 370700
/proc/meminfo: memFree=383222288/528004504 swapFree=8388604/8388604
[pid=369854] ppid=369852 vsize=26908 memory=13616 CPUtime=0.07 cores=26-27
/proc/369854/stat : 369854 (perf) S 369852 369854 369558 0 -1 0 1738 240 0 0 5 2 0 0 20 0 1 0 922976518 27553792 3404 17179869184 93824994299904 93824996572973 140737488338256 0 0 0 134217728 4 74274 1 0 0 17 26 0 0 0 0 0 93824998874888 93825001005840 93825001308160 140737488340074 140737488340471 140737488340471 140737488351179 0
/proc/369854/statm: 6727 3404 2099 555 0 1769 0
[pid=369875] ppid=369854 vsize=100976 memory=86656 CPUtime=942.05 cores=26-27
/proc/369875/stat : 369875 (clingo) R 369854 369854 369558 0 -1 0 20403 0 0 0 94199 6 0 0 20 0 1 0 922976526 103399424 21664 17179869184 93824992301056 93824992468925 140737488338416 0 0 0 134217728 4 25184771 0 0 0 17 26 0 0 0 0 0 93824992533936 93824992571272 93824992575488 140737488340184 140737488340355 140737488340355 140737488351170 0
/proc/369875/statm: 25244 21664 2088 41 0 21323 0
Current children cumulated CPU time: 942.12 s
Current children cumulated vsize: 127884 KiB
Current children cumulated memory: 100272 KiB

[startup+1002.3 s]
/proc/loadavg: 14.20 14.30 13.98 15/808 370703
/proc/meminfo: memFree=383184868/528004504 swapFree=8388604/8388604
[pid=369854] ppid=369852 vsize=26908 memory=13616 CPUtime=0.07 cores=26-27
/proc/369854/stat : 369854 (perf) S 369852 369854 369558 0 -1 0 1738 240 0 0 5 2 0 0 20 0 1 0 922976518 27553792 3404 17179869184 93824994299904 93824996572973 140737488338256 0 0 0 134217728 4 74274 1 0 0 17 26 0 0 0 0 0 93824998874888 93825001005840 93825001308160 140737488340074 140737488340471 140737488340471 140737488351179 0
/proc/369854/statm: 6727 3404 2099 555 0 1769 0
[pid=369875] ppid=369854 vsize=106160 memory=90616 CPUtime=1002.05 cores=26-27
/proc/369875/stat : 369875 (clingo) R 369854 369854 369558 0 -1 0 21401 0 0 0 100199 6 0 0 20 0 1 0 922976526 108707840 22654 17179869184 93824992301056 93824992468925 140737488338416 0 0 0 134217728 4 25184771 0 0 0 17 26 0 0 0 0 0 93824992533936 93824992571272 93824992575488 140737488340184 140737488340355 140737488340355 140737488351170 0
/proc/369875/statm: 26540 22654 2088 41 0 22619 0
Current children cumulated CPU time: 1002.12 s
Current children cumulated vsize: 133068 KiB
Current children cumulated memory: 104232 KiB

[startup+1062.3 s]
/proc/loadavg: 14.07 14.24 13.99 15/808 370705
/proc/meminfo: memFree=383141984/528004504 swapFree=8388604/8388604
[pid=369854] ppid=369852 vsize=26908 memory=13616 CPUtime=0.07 cores=26-27
/proc/369854/stat : 369854 (perf) S 369852 369854 369558 0 -1 0 1738 240 0 0 5 2 0 0 20 0 1 0 922976518 27553792 3404 17179869184 93824994299904 93824996572973 140737488338256 0 0 0 134217728 4 74274 1 0 0 17 26 0 0 0 0 0 93824998874888 93825001005840 93825001308160 140737488340074 140737488340471 140737488340471 140737488351179 0
/proc/369854/statm: 6727 3404 2099 555 0 1769 0
[pid=369875] ppid=369854 vsize=107024 memory=91408 CPUtime=1062.05 cores=26-27
/proc/369875/stat : 369875 (clingo) R 369854 369854 369558 0 -1 0 21606 0 0 0 106199 6 0 0 20 0 1 0 922976526 109592576 22852 17179869184 93824992301056 93824992468925 140737488338416 0 0 0 134217728 4 25184771 0 0 0 17 26 0 0 0 0 0 93824992533936 93824992571272 93824992575488 140737488340184 140737488340355 140737488340355 140737488351170 0
/proc/369875/statm: 26756 22852 2088 41 0 22835 0
Current children cumulated CPU time: 1062.12 s
Current children cumulated vsize: 133932 KiB
Current children cumulated memory: 105024 KiB

[startup+1122.3 s]
/proc/loadavg: 14.02 14.19 13.99 15/808 370708
/proc/meminfo: memFree=383112860/528004504 swapFree=8388604/8388604
[pid=369854] ppid=369852 vsize=26908 memory=13616 CPUtime=0.07 cores=26-27
/proc/369854/stat : 369854 (perf) S 369852 369854 369558 0 -1 0 1738 240 0 0 5 2 0 0 20 0 1 0 922976518 27553792 3404 17179869184 93824994299904 93824996572973 140737488338256 0 0 0 134217728 4 74274 1 0 0 17 26 0 0 0 0 0 93824998874888 93825001005840 93825001308160 140737488340074 140737488340471 140737488340471 140737488351179 0
/proc/369854/statm: 6727 3404 2099 555 0 1769 0
[pid=369875] ppid=369854 vsize=110192 memory=94048 CPUtime=1122.05 cores=26-27
/proc/369875/stat : 369875 (clingo) R 369854 369854 369558 0 -1 0 22241 0 0 0 112199 6 0 0 20 0 1 0 922976526 112836608 23512 17179869184 93824992301056 93824992468925 140737488338416 0 0 0 134217728 4 25184771 0 0 0 17 26 0 0 0 0 0 93824992533936 93824992571272 93824992575488 140737488340184 140737488340355 140737488340355 140737488351170 0
/proc/369875/statm: 27548 23512 2088 41 0 23627 0
Current children cumulated CPU time: 1122.12 s
Current children cumulated vsize: 137100 KiB
Current children cumulated memory: 107664 KiB

[startup+1182.3 s]
/proc/loadavg: 14.21 14.22 14.01 15/808 370711
/proc/meminfo: memFree=383078244/528004504 swapFree=8388604/8388604
[pid=369854] ppid=369852 vsize=26908 memory=13616 CPUtime=0.07 cores=26-27
/proc/369854/stat : 369854 (perf) S 369852 369854 369558 0 -1 0 1738 240 0 0 5 2 0 0 20 0 1 0 922976518 27553792 3404 17179869184 93824994299904 93824996572973 140737488338256 0 0 0 134217728 4 74274 1 0 0 17 26 0 0 0 0 0 93824998874888 93825001005840 93825001308160 140737488340074 140737488340471 140737488340471 140737488351179 0
/proc/369854/statm: 6727 3404 2099 555 0 1769 0
[pid=369875] ppid=369854 vsize=111632 memory=95368 CPUtime=1182.05 cores=26-27
/proc/369875/stat : 369875 (clingo) R 369854 369854 369558 0 -1 0 22570 0 0 0 118199 6 0 0 20 0 1 0 922976526 114311168 23842 17179869184 93824992301056 93824992468925 140737488338416 0 0 0 134217728 4 25184771 0 0 0 17 26 0 0 0 0 0 93824992533936 93824992571272 93824992575488 140737488340184 140737488340355 140737488340355 140737488351170 0
/proc/369875/statm: 27908 23842 2088 41 0 23987 0
Current children cumulated CPU time: 1182.12 s
Current children cumulated vsize: 138540 KiB
Current children cumulated memory: 108984 KiB



Maximum wall clock time exceeded: sending SIGTERM then SIGKILL

[startup+1205 s]*
/proc/loadavg: 14.15 14.20 14.01 13/778 370742
/proc/meminfo: memFree=383365800/528004504 swapFree=8388604/8388604
[pid=369854] ppid=369852 vsize=26908 memory=13616 CPUtime=0.07 cores=26-27
/proc/369854/stat : 369854 (perf) S 369852 369854 369558 0 -1 0 1738 240 0 0 5 2 0 0 20 0 1 0 922976518 27553792 3404 17179869184 93824994299904 93824996572973 140737488338256 0 0 0 134217728 4 74274 1 0 0 17 26 0 0 0 0 0 93824998874888 93825001005840 93825001308160 140737488340074 140737488340471 140737488340471 140737488351179 0
/proc/369854/statm: 6727 3404 2099 555 0 1769 0
[pid=369875] ppid=369854 vsize=113360 memory=96688 CPUtime=1204.77 cores=26-27
/proc/369875/stat : 369875 (clingo) R 369854 369854 369558 0 -1 0 22912 0 0 0 120471 6 0 0 20 0 1 0 922976526 116080640 24172 17179869184 93824992301056 93824992468925 140737488338416 0 0 0 134217728 4 25184771 0 0 0 17 26 0 0 0 0 0 93824992533936 93824992571272 93824992575488 140737488340184 140737488340355 140737488340355 140737488351170 0
/proc/369875/statm: 28340 24172 2088 41 0 24419 0
Current children cumulated CPU time: 1204.84 s
Current children cumulated vsize: 140268 KiB
Current children cumulated memory: 110304 KiB

Sending SIGINT to process tree (bottom up)
Sleeping 5 seconds

[startup+1205.03 s]
# the end of solver process 369854 was just reported to runsolver
# cumulated CPU time of all completed processes:  user=1204.77 s, system=0.097643 s

Solver just ended.
??? end of watcher thread
Dumping a history of the last processes samples

Child status: 1
Real time (s): 1205.03
CPU time (s): 1204.87
CPU user time (s): 1204.77
CPU system time (s): 0.097643
CPU usage (%): 99.9872
Max. virtual memory (cumulated for all children) (KiB): 140268
Max. memory (cumulated for all children) (KiB): 110304

getrusage(RUSAGE_CHILDREN,...) data:
user time used= 1204.77
system time used= 0.097643
maximum resident set size= 96840
integral shared memory size= 0
integral unshared data size= 0
integral unshared stack size= 0
page reclaims= 24930
page faults= 0
swaps= 0
block input operations= 0
block output operations= 0
messages sent= 0
messages received= 0
signals received= 0
voluntary context switches= 18
involuntary context switches= 960


# summary of solver processes directly reported to runsolver:
#   pid: 369854
#   total CPU time (s): 1204.87
#   total CPU user time (s): 1204.77
#   total CPU system time (s): 0.097643

??? end of timestamper thread
runsolver used 8.89912 second user time and 16.1366 second system time

The end
