runsolver version 3.4.0 (svn: 3018) Copyright (C) 2010-2013 Olivier ROUSSEL

This program is distributed in the hope that it will be useful,
but WITHOUT ANY WARRANTY; without even the implied warranty of
MERCHANTABILITY or FITNESS FOR A PARTICULAR PURPOSE.  See the
GNU General Public License for more details.

NUMA information:
  number of nodes: 2
  memory of node 0: 257635 MiB (187541 MiB free)
  memory of node 1: 257994 MiB (190973 MiB free)
  node distances:
     10  20
     20  10

command line: /dev/shm/3764c5a6-2e81-11f1-ac62-000c298f4621/input/runsolver -w /dev/shm/3764c5a6-2e81-11f1-ac62-000c298f4621/output/runsolver.log -v /dev/shm/3764c5a6-2e81-11f1-ac62-000c298f4621/output/varfile.log -W 1205 --rss-swap-limit 16384 -d 5 --sigint /usr/bin/perf stat -B -e task-clock,cache-references,cache-misses,cycles,instructions,branches,faults,migrations,context-switches -o /dev/shm/3764c5a6-2e81-11f1-ac62-000c298f4621/output/perf.log clingo /home/guests/mmacri/AMOSUM/benchmarks/GraphColouring/encoding-plain-amo.asp /dev/shm/3764c5a6-2e81-11f1-ac62-000c298f4621/input/0031-graph_colouring-140-0_1344.asp 

running on 2 cores: 2-3

Enforcing wall clock limit (soft limit, will send SIGTERM then SIGKILL): 1205 seconds
Enforcing RSS+Swap limit (soft limit, will send SIGTERM then SIGKILL): 16777216 KiB
Linux 5.15.0-131-generic
solver pid=1842457, runsolver pid=1842454
Current StackSize limit: 8192 KiB


[startup+0.100068 s]*
/proc/loadavg: 14.06 14.18 13.22 18/811 1842477
/proc/meminfo: memFree=387581804/528004524 swapFree=8388604/8388604
[pid=1842457] ppid=1842454 vsize=26908 memory=13196 CPUtime=0.07 cores=2-3
/proc/1842457/stat : 1842457 (perf) S 1842454 1842457 1842224 0 -1 0 1776 245 9 0 6 1 0 0 20 0 1 0 922972294 27553792 3299 17179869184 93824994299904 93824996572973 140737488338256 0 0 0 134217728 4 74274 1 0 0 17 2 0 0 0 0 0 93824998874888 93825001005840 93825001308160 140737488340073 140737488340470 140737488340470 140737488351179 0
/proc/1842457/statm: 6727 3299 1994 555 0 1769 0
[pid=1842465] ppid=1842457 vsize=19036 memory=10412 CPUtime=0.02 cores=2-3
/proc/1842465/stat : 1842465 (clingo) R 1842457 1842457 1842224 0 -1 0 939 0 9 0 2 0 0 0 20 0 1 0 922972302 19492864 2603 17179869184 93824992301056 93824992468925 140737488338416 0 0 0 134217728 4 25184771 0 0 0 17 3 0 0 0 0 0 93824992533936 93824992571272 93824992575488 140737488340183 140737488340354 140737488340354 140737488351170 0
/proc/1842465/statm: 4759 2603 1982 41 0 838 0
Current children cumulated CPU time: 0.09 s
Current children cumulated vsize: 45944 KiB
Current children cumulated memory: 23608 KiB

[startup+0.222712 s]*
/proc/loadavg: 14.06 14.18 13.22 18/817 1842489
/proc/meminfo: memFree=387556032/528004524 swapFree=8388604/8388604
[pid=1842457] ppid=1842454 vsize=26908 memory=13196 CPUtime=0.07 cores=2-3
/proc/1842457/stat : 1842457 (perf) S 1842454 1842457 1842224 0 -1 0 1776 245 9 0 6 1 0 0 20 0 1 0 922972294 27553792 3299 17179869184 93824994299904 93824996572973 140737488338256 0 0 0 134217728 4 74274 1 0 0 17 2 0 0 0 0 0 93824998874888 93825001005840 93825001308160 140737488340073 140737488340470 140737488340470 140737488351179 0
/proc/1842457/statm: 6727 3299 1994 555 0 1769 0
[pid=1842465] ppid=1842457 vsize=24840 memory=16696 CPUtime=0.12 cores=2-3
/proc/1842465/stat : 1842465 (clingo) R 1842457 1842457 1842224 0 -1 0 2485 0 9 0 12 0 0 0 20 0 1 0 922972302 25436160 4174 17179869184 93824992301056 93824992468925 140737488338416 0 0 0 134217728 4 25184771 0 0 0 17 2 0 0 0 0 0 93824992533936 93824992571272 93824992575488 140737488340183 140737488340354 140737488340354 140737488351170 0
/proc/1842465/statm: 6210 4174 2031 41 0 2289 0
Current children cumulated CPU time: 0.19 s
Current children cumulated vsize: 51748 KiB
Current children cumulated memory: 29892 KiB

[startup+0.318497 s]*
/proc/loadavg: 14.06 14.18 13.22 14/819 1842559
/proc/meminfo: memFree=387650300/528004524 swapFree=8388604/8388604
[pid=1842457] ppid=1842454 vsize=26908 memory=13196 CPUtime=0.07 cores=2-3
/proc/1842457/stat : 1842457 (perf) S 1842454 1842457 1842224 0 -1 0 1776 245 9 0 6 1 0 0 20 0 1 0 922972294 27553792 3299 17179869184 93824994299904 93824996572973 140737488338256 0 0 0 134217728 4 74274 1 0 0 17 2 0 0 0 0 0 93824998874888 93825001005840 93825001308160 140737488340073 140737488340470 140737488340470 140737488351179 0
/proc/1842457/statm: 6727 3299 1994 555 0 1769 0
[pid=1842465] ppid=1842457 vsize=28948 memory=20656 CPUtime=0.21 cores=2-3
/proc/1842465/stat : 1842465 (clingo) R 1842457 1842457 1842224 0 -1 0 3487 0 9 0 21 0 0 0 20 0 1 0 922972302 29642752 5164 17179869184 93824992301056 93824992468925 140737488338416 0 0 0 134217728 4 25184771 0 0 0 17 2 0 0 0 0 0 93824992533936 93824992571272 93824992575488 140737488340183 140737488340354 140737488340354 140737488351170 0
/proc/1842465/statm: 7237 5164 2031 41 0 3316 0
Current children cumulated CPU time: 0.28 s
Current children cumulated vsize: 55856 KiB
Current children cumulated memory: 33852 KiB

[startup+0.700315 s]
/proc/loadavg: 14.06 14.18 13.22 15/786 1842615
/proc/meminfo: memFree=387715952/528004524 swapFree=8388604/8388604
[pid=1842457] ppid=1842454 vsize=26908 memory=13196 CPUtime=0.07 cores=2-3
/proc/1842457/stat : 1842457 (perf) S 1842454 1842457 1842224 0 -1 0 1776 245 9 0 6 1 0 0 20 0 1 0 922972294 27553792 3299 17179869184 93824994299904 93824996572973 140737488338256 0 0 0 134217728 4 74274 1 0 0 17 2 0 0 0 0 0 93824998874888 93825001005840 93825001308160 140737488340073 140737488340470 140737488340470 140737488351179 0
/proc/1842457/statm: 6727 3299 1994 555 0 1769 0
[pid=1842465] ppid=1842457 vsize=32512 memory=24352 CPUtime=0.57 cores=2-3
/proc/1842465/stat : 1842465 (clingo) R 1842457 1842457 1842224 0 -1 0 4404 0 9 0 57 0 0 0 20 0 1 0 922972302 33292288 6088 17179869184 93824992301056 93824992468925 140737488338416 0 0 0 134217728 4 25184771 0 0 0 17 2 0 0 0 0 0 93824992533936 93824992571272 93824992575488 140737488340183 140737488340354 140737488340354 140737488351170 0
/proc/1842465/statm: 8128 6088 2031 41 0 4207 0
Current children cumulated CPU time: 0.64 s
Current children cumulated vsize: 59420 KiB
Current children cumulated memory: 37548 KiB

[startup+0.788746 s]
# the end of solver process 1842457 was just reported to runsolver
# cumulated CPU time of all completed processes:  user=0.732035 s, system=0.023361 s

Solver just ended.
??? end of watcher thread
Dumping a history of the last processes samples

[startup+0.700315 s]
/proc/loadavg: 14.06 14.18 13.22 15/786 1842615
/proc/meminfo: memFree=387715952/528004524 swapFree=8388604/8388604
[pid=1842457] ppid=1842454 vsize=26908 memory=13196 CPUtime=0.07 cores=2-3
/proc/1842457/stat : 1842457 (perf) S 1842454 1842457 1842224 0 -1 0 1776 245 9 0 6 1 0 0 20 0 1 0 922972294 27553792 3299 17179869184 93824994299904 93824996572973 140737488338256 0 0 0 134217728 4 74274 1 0 0 17 2 0 0 0 0 0 93824998874888 93825001005840 93825001308160 140737488340073 140737488340470 140737488340470 140737488351179 0
/proc/1842457/statm: 6727 3299 1994 555 0 1769 0
[pid=1842465] ppid=1842457 vsize=32512 memory=24352 CPUtime=0.57 cores=2-3
/proc/1842465/stat : 1842465 (clingo) R 1842457 1842457 1842224 0 -1 0 4404 0 9 0 57 0 0 0 20 0 1 0 922972302 33292288 6088 17179869184 93824992301056 93824992468925 140737488338416 0 0 0 134217728 4 25184771 0 0 0 17 2 0 0 0 0 0 93824992533936 93824992571272 93824992575488 140737488340183 140737488340354 140737488340354 140737488351170 0
/proc/1842465/statm: 8128 6088 2031 41 0 4207 0
Current children cumulated CPU time: 0.64 s
Current children cumulated vsize: 59420 KiB
Current children cumulated memory: 37548 KiB

Child status: 10
Real time (s): 0.788768
CPU time (s): 0.755396
CPU user time (s): 0.732035
CPU system time (s): 0.023361
CPU usage (%): 95.7691
Max. virtual memory (cumulated for all children) (KiB): 59420
Max. memory (cumulated for all children) (KiB): 37548

getrusage(RUSAGE_CHILDREN,...) data:
user time used= 0.732035
system time used= 0.023361
maximum resident set size= 25144
integral shared memory size= 0
integral unshared data size= 0
integral unshared stack size= 0
page reclaims= 6666
page faults= 18
swaps= 0
block input operations= 0
block output operations= 0
messages sent= 0
messages received= 0
signals received= 0
voluntary context switches= 24
involuntary context switches= 13


# summary of solver processes directly reported to runsolver:
#   pid: 1842457
#   total CPU time (s): 0.755396
#   total CPU user time (s): 0.732035
#   total CPU system time (s): 0.023361

??? end of timestamper thread
runsolver used 0.043529 second user time and 0.087059 second system time

The end
