# WCTIME: wall clock time in seconds
WCTIME=0.788768
# CPUTIME: CPU time in seconds (USERTIME+SYSTEMTIME)
CPUTIME=0.755396
# USERTIME: CPU time spent in user mode in seconds
USERTIME=0.732035
# SYSTEMTIME: CPU time spent in system mode in seconds
SYSTEMTIME=0.023361
# CPUUSAGE: CPUTIME/WCTIME in percent
CPUUSAGE=95.7691
# MAXVM: maximum virtual memory used in KiB
MAXVM=59420
# TIMEOUT: did the solver exceed the time limit?
TIMEOUT=false
# MEMOUT: did the solver exceed the memory limit?
MEMOUT=false
# RETCODE: return code of the program.
RETCODE=10
# SIGNAL: signal the solver recieved.
SIGNAL=0
