runsolver version 3.4.0 (svn: 3018) Copyright (C) 2010-2013 Olivier ROUSSEL

This program is distributed in the hope that it will be useful,
but WITHOUT ANY WARRANTY; without even the implied warranty of
MERCHANTABILITY or FITNESS FOR A PARTICULAR PURPOSE.  See the
GNU General Public License for more details.

NUMA information:
  number of nodes: 2
  memory of node 0: 257635 MiB (188979 MiB free)
  memory of node 1: 257994 MiB (176301 MiB free)
  node distances:
     10  20
     20  10

command line: /dev/shm/37746cd6-2e81-11f1-ac62-000c298f4621/input/runsolver -w /dev/shm/37746cd6-2e81-11f1-ac62-000c298f4621/output/runsolver.log -v /dev/shm/37746cd6-2e81-11f1-ac62-000c298f4621/output/varfile.log -W 1205 --rss-swap-limit 16384 -d 5 --sigint /usr/bin/perf stat -B -e task-clock,cache-references,cache-misses,cycles,instructions,branches,faults,migrations,context-switches -o /dev/shm/37746cd6-2e81-11f1-ac62-000c298f4621/output/perf.log clingo /home/guests/mmacri/AMOSUM/benchmarks/GraphColouring/encoding-plain-amo.asp /dev/shm/37746cd6-2e81-11f1-ac62-000c298f4621/input/0039-graph_colouring-140-0_2688.asp 

running on 2 cores: 22-23

Enforcing wall clock limit (soft limit, will send SIGTERM then SIGKILL): 1205 seconds
Enforcing RSS+Swap limit (soft limit, will send SIGTERM then SIGKILL): 16777216 KiB
Linux 5.15.0-131-generic
Current StackSize limit: 8192 KiB

solver pid=1607197, runsolver pid=1607196

[startup+0.100069 s]*
/proc/loadavg: 14.29 14.24 13.31 16/817 1607229
/proc/meminfo: memFree=374040956/528004520 swapFree=8388604/8388604
[pid=1607197] ppid=1607196 vsize=26908 memory=13612 CPUtime=0.06 cores=22-23
/proc/1607197/stat : 1607197 (perf) S 1607196 1607197 1607133 0 -1 0 1738 237 0 0 5 1 0 0 20 0 1 0 923003813 27553792 3403 17179869184 93824994299904 93824996572973 140737488338256 0 0 0 134217728 4 74274 1 0 0 17 22 0 0 0 0 0 93824998874888 93825001005840 93825001308160 140737488340073 140737488340470 140737488340470 140737488351179 0
/proc/1607197/statm: 6727 3403 2098 555 0 1769 0
[pid=1607223] ppid=1607197 vsize=20296 memory=12220 CPUtime=0.03 cores=22-23
/proc/1607223/stat : 1607223 (clingo) R 1607197 1607197 1607133 0 -1 0 1249 0 0 0 3 0 0 0 20 0 1 0 923003821 20783104 3055 17179869184 93824992301056 93824992468925 140737488338416 0 0 0 134217728 4 25184771 0 0 0 17 23 0 0 0 0 0 93824992533936 93824992571272 93824992575488 140737488340183 140737488340354 140737488340354 140737488351170 0
/proc/1607223/statm: 5074 3055 2089 41 0 1153 0
Current children cumulated CPU time: 0.09 s
Current children cumulated vsize: 47204 KiB
Current children cumulated memory: 25832 KiB

[startup+0.234375 s]*
/proc/loadavg: 14.29 14.24 13.31 15/830 1607245
/proc/meminfo: memFree=374034368/528004520 swapFree=8388604/8388604
[pid=1607197] ppid=1607196 vsize=26908 memory=13612 CPUtime=0.06 cores=22-23
/proc/1607197/stat : 1607197 (perf) S 1607196 1607197 1607133 0 -1 0 1738 237 0 0 5 1 0 0 20 0 1 0 923003813 27553792 3403 17179869184 93824994299904 93824996572973 140737488338256 0 0 0 134217728 4 74274 1 0 0 17 22 0 0 0 0 0 93824998874888 93825001005840 93825001308160 140737488340073 140737488340470 140737488340470 140737488351179 0
/proc/1607197/statm: 6727 3403 2098 555 0 1769 0
[pid=1607223] ppid=1607197 vsize=26256 memory=18292 CPUtime=0.15 cores=22-23
/proc/1607223/stat : 1607223 (clingo) R 1607197 1607197 1607133 0 -1 0 2757 0 0 0 15 0 0 0 20 0 1 0 923003821 26886144 4573 17179869184 93824992301056 93824992468925 140737488338416 0 0 0 134217728 4 25184771 0 0 0 17 23 0 0 0 0 0 93824992533936 93824992571272 93824992575488 140737488340183 140737488340354 140737488340354 140737488351170 0
/proc/1607223/statm: 6564 4573 2089 41 0 2643 0
Current children cumulated CPU time: 0.21 s
Current children cumulated vsize: 53164 KiB
Current children cumulated memory: 31904 KiB

[startup+0.334473 s]*
/proc/loadavg: 14.29 14.24 13.31 15/829 1607276
/proc/meminfo: memFree=373990968/528004520 swapFree=8388604/8388604
[pid=1607197] ppid=1607196 vsize=26908 memory=13612 CPUtime=0.06 cores=22-23
/proc/1607197/stat : 1607197 (perf) S 1607196 1607197 1607133 0 -1 0 1738 237 0 0 5 1 0 0 20 0 1 0 923003813 27553792 3403 17179869184 93824994299904 93824996572973 140737488338256 0 0 0 134217728 4 74274 1 0 0 17 22 0 0 0 0 0 93824998874888 93825001005840 93825001308160 140737488340073 140737488340470 140737488340470 140737488351179 0
/proc/1607197/statm: 6727 3403 2098 555 0 1769 0
[pid=1607223] ppid=1607197 vsize=28012 memory=19876 CPUtime=0.23 cores=22-23
/proc/1607223/stat : 1607223 (clingo) R 1607197 1607197 1607133 0 -1 0 3181 0 0 0 23 0 0 0 20 0 1 0 923003821 28684288 4969 17179869184 93824992301056 93824992468925 140737488338416 0 0 0 134217728 4 25184771 0 0 0 17 23 0 0 0 0 0 93824992533936 93824992571272 93824992575488 140737488340183 140737488340354 140737488340354 140737488351170 0
/proc/1607223/statm: 7003 4969 2089 41 0 3082 0
Current children cumulated CPU time: 0.29 s
Current children cumulated vsize: 54920 KiB
Current children cumulated memory: 33488 KiB

[startup+0.700336 s]
/proc/loadavg: 14.29 14.24 13.31 15/832 1607282
/proc/meminfo: memFree=374030300/528004520 swapFree=8388604/8388604
[pid=1607197] ppid=1607196 vsize=26908 memory=13612 CPUtime=0.06 cores=22-23
/proc/1607197/stat : 1607197 (perf) S 1607196 1607197 1607133 0 -1 0 1738 237 0 0 5 1 0 0 20 0 1 0 923003813 27553792 3403 17179869184 93824994299904 93824996572973 140737488338256 0 0 0 134217728 4 74274 1 0 0 17 22 0 0 0 0 0 93824998874888 93825001005840 93825001308160 140737488340073 140737488340470 140737488340470 140737488351179 0
/proc/1607197/statm: 6727 3403 2098 555 0 1769 0
[pid=1607223] ppid=1607197 vsize=30652 memory=22516 CPUtime=0.53 cores=22-23
/proc/1607223/stat : 1607223 (clingo) R 1607197 1607197 1607133 0 -1 0 3861 0 0 0 53 0 0 0 20 0 1 0 923003821 31387648 5629 17179869184 93824992301056 93824992468925 140737488338416 0 0 0 134217728 4 25184771 0 0 0 17 22 0 0 0 0 0 93824992533936 93824992571272 93824992575488 140737488340183 140737488340354 140737488340354 140737488351170 0
/proc/1607223/statm: 7663 5629 2089 41 0 3742 0
Current children cumulated CPU time: 0.59 s
Current children cumulated vsize: 57560 KiB
Current children cumulated memory: 36128 KiB

[startup+1.50034 s]
/proc/loadavg: 14.29 14.24 13.31 15/832 1607282
/proc/meminfo: memFree=374019464/528004520 swapFree=8388604/8388604
[pid=1607197] ppid=1607196 vsize=26908 memory=13612 CPUtime=0.06 cores=22-23
/proc/1607197/stat : 1607197 (perf) S 1607196 1607197 1607133 0 -1 0 1738 237 0 0 5 1 0 0 20 0 1 0 923003813 27553792 3403 17179869184 93824994299904 93824996572973 140737488338256 0 0 0 134217728 4 74274 1 0 0 17 22 0 0 0 0 0 93824998874888 93825001005840 93825001308160 140737488340073 140737488340470 140737488340470 140737488351179 0
/proc/1607197/statm: 6727 3403 2098 555 0 1769 0
[pid=1607223] ppid=1607197 vsize=34920 memory=27004 CPUtime=1.32 cores=22-23
/proc/1607223/stat : 1607223 (clingo) R 1607197 1607197 1607133 0 -1 0 4935 0 0 0 132 0 0 0 20 0 1 0 923003821 35758080 6751 17179869184 93824992301056 93824992468925 140737488338416 0 0 0 134217728 4 25184771 0 0 0 17 22 0 0 0 0 0 93824992533936 93824992571272 93824992575488 140737488340183 140737488340354 140737488340354 140737488351170 0
/proc/1607223/statm: 8730 6751 2089 41 0 4809 0
Current children cumulated CPU time: 1.38 s
Current children cumulated vsize: 61828 KiB
Current children cumulated memory: 40616 KiB

[startup+3.11808 s]
/proc/loadavg: 14.27 14.23 13.31 15/832 1607385
/proc/meminfo: memFree=374068408/528004520 swapFree=8388604/8388604
[pid=1607197] ppid=1607196 vsize=26908 memory=13612 CPUtime=0.06 cores=22-23
/proc/1607197/stat : 1607197 (perf) S 1607196 1607197 1607133 0 -1 0 1738 237 0 0 5 1 0 0 20 0 1 0 923003813 27553792 3403 17179869184 93824994299904 93824996572973 140737488338256 0 0 0 134217728 4 74274 1 0 0 17 22 0 0 0 0 0 93824998874888 93825001005840 93825001308160 140737488340073 140737488340470 140737488340470 140737488351179 0
/proc/1607197/statm: 6727 3403 2098 555 0 1769 0
[pid=1607223] ppid=1607197 vsize=37168 memory=28852 CPUtime=2.94 cores=22-23
/proc/1607223/stat : 1607223 (clingo) R 1607197 1607197 1607133 0 -1 0 5456 0 0 0 294 0 0 0 20 0 1 0 923003821 38060032 7213 17179869184 93824992301056 93824992468925 140737488338416 0 0 0 134217728 4 25184771 0 0 0 17 22 0 0 0 0 0 93824992533936 93824992571272 93824992575488 140737488340183 140737488340354 140737488340354 140737488351170 0
/proc/1607223/statm: 9292 7213 2089 41 0 5371 0
Current children cumulated CPU time: 3 s
Current children cumulated vsize: 64076 KiB
Current children cumulated memory: 42464 KiB

[startup+6.30027 s]
/proc/loadavg: 14.27 14.23 13.31 15/832 1607488
/proc/meminfo: memFree=374031332/528004520 swapFree=8388604/8388604
[pid=1607197] ppid=1607196 vsize=26908 memory=13612 CPUtime=0.06 cores=22-23
/proc/1607197/stat : 1607197 (perf) S 1607196 1607197 1607133 0 -1 0 1738 237 0 0 5 1 0 0 20 0 1 0 923003813 27553792 3403 17179869184 93824994299904 93824996572973 140737488338256 0 0 0 134217728 4 74274 1 0 0 17 22 0 0 0 0 0 93824998874888 93825001005840 93825001308160 140737488340073 140737488340470 140737488340470 140737488351179 0
/proc/1607197/statm: 6727 3403 2098 555 0 1769 0
[pid=1607223] ppid=1607197 vsize=41324 memory=33128 CPUtime=6.12 cores=22-23
/proc/1607223/stat : 1607223 (clingo) R 1607197 1607197 1607133 0 -1 0 6612 0 0 0 612 0 0 0 20 0 1 0 923003821 42315776 8282 17179869184 93824992301056 93824992468925 140737488338416 0 0 0 134217728 4 25184771 0 0 0 17 22 0 0 0 0 0 93824992533936 93824992571272 93824992575488 140737488340183 140737488340354 140737488340354 140737488351170 0
/proc/1607223/statm: 10331 8282 2089 41 0 6410 0
Current children cumulated CPU time: 6.18 s
Current children cumulated vsize: 68232 KiB
Current children cumulated memory: 46740 KiB

[startup+12.7003 s]
/proc/loadavg: 14.25 14.23 13.32 15/833 1607592
/proc/meminfo: memFree=373985776/528004520 swapFree=8388604/8388604
[pid=1607197] ppid=1607196 vsize=26908 memory=13612 CPUtime=0.06 cores=22-23
/proc/1607197/stat : 1607197 (perf) S 1607196 1607197 1607133 0 -1 0 1738 237 0 0 5 1 0 0 20 0 1 0 923003813 27553792 3403 17179869184 93824994299904 93824996572973 140737488338256 0 0 0 134217728 4 74274 1 0 0 17 22 0 0 0 0 0 93824998874888 93825001005840 93825001308160 140737488340073 140737488340470 140737488340470 140737488351179 0
/proc/1607197/statm: 6727 3403 2098 555 0 1769 0
[pid=1607223] ppid=1607197 vsize=48660 memory=40420 CPUtime=12.53 cores=22-23
/proc/1607223/stat : 1607223 (clingo) R 1607197 1607197 1607133 0 -1 0 8587 0 0 0 1252 1 0 0 20 0 1 0 923003821 49827840 10105 17179869184 93824992301056 93824992468925 140737488338416 0 0 0 134217728 4 25184771 0 0 0 17 22 0 0 0 0 0 93824992533936 93824992571272 93824992575488 140737488340183 140737488340354 140737488340354 140737488351170 0
/proc/1607223/statm: 12165 10105 2089 41 0 8244 0
Current children cumulated CPU time: 12.59 s
Current children cumulated vsize: 75568 KiB
Current children cumulated memory: 54032 KiB

[startup+25.5004 s]
/proc/loadavg: 14.19 14.22 13.33 15/833 1607592
/proc/meminfo: memFree=373908344/528004520 swapFree=8388604/8388604
[pid=1607197] ppid=1607196 vsize=26908 memory=13612 CPUtime=0.06 cores=22-23
/proc/1607197/stat : 1607197 (perf) S 1607196 1607197 1607133 0 -1 0 1738 237 0 0 5 1 0 0 20 0 1 0 923003813 27553792 3403 17179869184 93824994299904 93824996572973 140737488338256 0 0 0 134217728 4 74274 1 0 0 17 22 0 0 0 0 0 93824998874888 93825001005840 93825001308160 140737488340073 140737488340470 140737488340470 140737488351179 0
/proc/1607197/statm: 6727 3403 2098 555 0 1769 0
[pid=1607223] ppid=1607197 vsize=53652 memory=45640 CPUtime=25.33 cores=22-23
/proc/1607223/stat : 1607223 (clingo) R 1607197 1607197 1607133 0 -1 0 10878 0 0 0 2532 1 0 0 20 0 1 0 923003821 54939648 11410 17179869184 93824992301056 93824992468925 140737488338416 0 0 0 134217728 4 25184771 0 0 0 17 22 0 0 0 0 0 93824992533936 93824992571272 93824992575488 140737488340183 140737488340354 140737488340354 140737488351170 0
/proc/1607223/statm: 13413 11410 2089 41 0 9492 0
Current children cumulated CPU time: 25.39 s
Current children cumulated vsize: 80560 KiB
Current children cumulated memory: 59252 KiB

[startup+51.1182 s]
/proc/loadavg: 14.13 14.20 13.35 15/833 1607593
/proc/meminfo: memFree=373814752/528004520 swapFree=8388604/8388604
[pid=1607197] ppid=1607196 vsize=26908 memory=13612 CPUtime=0.06 cores=22-23
/proc/1607197/stat : 1607197 (perf) S 1607196 1607197 1607133 0 -1 0 1738 237 0 0 5 1 0 0 20 0 1 0 923003813 27553792 3403 17179869184 93824994299904 93824996572973 140737488338256 0 0 0 134217728 4 74274 1 0 0 17 22 0 0 0 0 0 93824998874888 93825001005840 93825001308160 140737488340073 140737488340470 140737488340470 140737488351179 0
/proc/1607197/statm: 6727 3403 2098 555 0 1769 0
[pid=1607223] ppid=1607197 vsize=64128 memory=56064 CPUtime=50.94 cores=22-23
/proc/1607223/stat : 1607223 (clingo) R 1607197 1607197 1607133 0 -1 0 14363 0 0 0 5093 1 0 0 20 0 1 0 923003821 65667072 14016 17179869184 93824992301056 93824992468925 140737488338416 0 0 0 134217728 4 25184771 0 0 0 17 22 0 0 0 0 0 93824992533936 93824992571272 93824992575488 140737488340183 140737488340354 140737488340354 140737488351170 0
/proc/1607223/statm: 16032 14016 2089 41 0 12111 0
Current children cumulated CPU time: 51 s
Current children cumulated vsize: 91036 KiB
Current children cumulated memory: 69676 KiB

[startup+102.3 s]
/proc/loadavg: 14.12 14.18 13.39 15/834 1607640
/proc/meminfo: memFree=373683624/528004520 swapFree=8388604/8388604
[pid=1607197] ppid=1607196 vsize=26908 memory=13612 CPUtime=0.06 cores=22-23
/proc/1607197/stat : 1607197 (perf) S 1607196 1607197 1607133 0 -1 0 1738 237 0 0 5 1 0 0 20 0 1 0 923003813 27553792 3403 17179869184 93824994299904 93824996572973 140737488338256 0 0 0 134217728 4 74274 1 0 0 17 22 0 0 0 0 0 93824998874888 93825001005840 93825001308160 140737488340073 140737488340470 140737488340470 140737488351179 0
/proc/1607197/statm: 6727 3403 2098 555 0 1769 0
[pid=1607223] ppid=1607197 vsize=76624 memory=68480 CPUtime=102.12 cores=22-23
/proc/1607223/stat : 1607223 (clingo) R 1607197 1607197 1607133 0 -1 0 19201 0 0 0 10210 2 0 0 20 0 1 0 923003821 78462976 17120 17179869184 93824992301056 93824992468925 140737488338416 0 0 0 134217728 4 25184771 0 0 0 17 22 0 0 0 0 0 93824992533936 93824992571272 93824992575488 140737488340183 140737488340354 140737488340354 140737488351170 0
/proc/1607223/statm: 19156 17120 2089 41 0 15235 0
Current children cumulated CPU time: 102.18 s
Current children cumulated vsize: 103532 KiB
Current children cumulated memory: 82092 KiB

[startup+162.3 s]
/proc/loadavg: 14.04 14.14 13.43 15/834 1607643
/proc/meminfo: memFree=373578132/528004520 swapFree=8388604/8388604
[pid=1607197] ppid=1607196 vsize=26908 memory=13612 CPUtime=0.06 cores=22-23
/proc/1607197/stat : 1607197 (perf) S 1607196 1607197 1607133 0 -1 0 1738 237 0 0 5 1 0 0 20 0 1 0 923003813 27553792 3403 17179869184 93824994299904 93824996572973 140737488338256 0 0 0 134217728 4 74274 1 0 0 17 22 0 0 0 0 0 93824998874888 93825001005840 93825001308160 140737488340073 140737488340470 140737488340470 140737488351179 0
/proc/1607197/statm: 6727 3403 2098 555 0 1769 0
[pid=1607223] ppid=1607197 vsize=86464 memory=78356 CPUtime=162.13 cores=22-23
/proc/1607223/stat : 1607223 (clingo) R 1607197 1607197 1607133 0 -1 0 23435 0 0 0 16209 4 0 0 20 0 1 0 923003821 88539136 19589 17179869184 93824992301056 93824992468925 140737488338416 0 0 0 134217728 4 25184771 0 0 0 17 22 0 0 0 0 0 93824992533936 93824992571272 93824992575488 140737488340183 140737488340354 140737488340354 140737488351170 0
/proc/1607223/statm: 21616 19589 2089 41 0 17695 0
Current children cumulated CPU time: 162.19 s
Current children cumulated vsize: 113372 KiB
Current children cumulated memory: 91968 KiB

[startup+222.3 s]
/proc/loadavg: 14.08 14.13 13.48 15/834 1607646
/proc/meminfo: memFree=373490108/528004520 swapFree=8388604/8388604
[pid=1607197] ppid=1607196 vsize=26908 memory=13612 CPUtime=0.06 cores=22-23
/proc/1607197/stat : 1607197 (perf) S 1607196 1607197 1607133 0 -1 0 1738 237 0 0 5 1 0 0 20 0 1 0 923003813 27553792 3403 17179869184 93824994299904 93824996572973 140737488338256 0 0 0 134217728 4 74274 1 0 0 17 22 0 0 0 0 0 93824998874888 93825001005840 93825001308160 140737488340073 140737488340470 140737488340470 140737488351179 0
/proc/1607197/statm: 6727 3403 2098 555 0 1769 0
[pid=1607223] ppid=1607197 vsize=92484 memory=84328 CPUtime=222.13 cores=22-23
/proc/1607223/stat : 1607223 (clingo) R 1607197 1607197 1607133 0 -1 0 26660 0 0 0 22209 4 0 0 20 0 1 0 923003821 94703616 21082 17179869184 93824992301056 93824992468925 140737488338416 0 0 0 134217728 4 25184771 0 0 0 17 22 0 0 0 0 0 93824992533936 93824992571272 93824992575488 140737488340183 140737488340354 140737488340354 140737488351170 0
/proc/1607223/statm: 23121 21082 2089 41 0 19200 0
Current children cumulated CPU time: 222.19 s
Current children cumulated vsize: 119392 KiB
Current children cumulated memory: 97940 KiB

[startup+282.3 s]
/proc/loadavg: 14.32 14.18 13.54 15/834 1607649
/proc/meminfo: memFree=373407992/528004520 swapFree=8388604/8388604
[pid=1607197] ppid=1607196 vsize=26908 memory=13612 CPUtime=0.06 cores=22-23
/proc/1607197/stat : 1607197 (perf) S 1607196 1607197 1607133 0 -1 0 1738 237 0 0 5 1 0 0 20 0 1 0 923003813 27553792 3403 17179869184 93824994299904 93824996572973 140737488338256 0 0 0 134217728 4 74274 1 0 0 17 22 0 0 0 0 0 93824998874888 93825001005840 93825001308160 140737488340073 140737488340470 140737488340470 140737488351179 0
/proc/1607197/statm: 6727 3403 2098 555 0 1769 0
[pid=1607223] ppid=1607197 vsize=97776 memory=89504 CPUtime=282.12 cores=22-23
/proc/1607223/stat : 1607223 (clingo) R 1607197 1607197 1607133 0 -1 0 29633 0 0 0 28208 4 0 0 20 0 1 0 923003821 100122624 22376 17179869184 93824992301056 93824992468925 140737488338416 0 0 0 134217728 4 25184771 0 0 0 17 22 0 0 0 0 0 93824992533936 93824992571272 93824992575488 140737488340183 140737488340354 140737488340354 140737488351170 0
/proc/1607223/statm: 24444 22376 2089 41 0 20523 0
Current children cumulated CPU time: 282.18 s
Current children cumulated vsize: 124684 KiB
Current children cumulated memory: 103116 KiB

[startup+342.3 s]
/proc/loadavg: 14.34 14.22 13.60 15/810 1607654
/proc/meminfo: memFree=373336772/528004520 swapFree=8388604/8388604
[pid=1607197] ppid=1607196 vsize=26908 memory=13612 CPUtime=0.06 cores=22-23
/proc/1607197/stat : 1607197 (perf) S 1607196 1607197 1607133 0 -1 0 1738 237 0 0 5 1 0 0 20 0 1 0 923003813 27553792 3403 17179869184 93824994299904 93824996572973 140737488338256 0 0 0 134217728 4 74274 1 0 0 17 22 0 0 0 0 0 93824998874888 93825001005840 93825001308160 140737488340073 140737488340470 140737488340470 140737488351179 0
/proc/1607197/statm: 6727 3403 2098 555 0 1769 0
[pid=1607223] ppid=1607197 vsize=106952 memory=98512 CPUtime=342.13 cores=22-23
/proc/1607223/stat : 1607223 (clingo) R 1607197 1607197 1607133 0 -1 0 32545 0 0 0 34207 6 0 0 20 0 1 0 923003821 109518848 24628 17179869184 93824992301056 93824992468925 140737488338416 0 0 0 134217728 4 25184771 0 0 0 17 22 0 0 0 0 0 93824992533936 93824992571272 93824992575488 140737488340183 140737488340354 140737488340354 140737488351170 0
/proc/1607223/statm: 26738 24628 2089 41 0 22817 0
Current children cumulated CPU time: 342.19 s
Current children cumulated vsize: 133860 KiB
Current children cumulated memory: 112124 KiB

[startup+402.3 s]
/proc/loadavg: 14.12 14.18 13.62 15/807 1607656
/proc/meminfo: memFree=373270796/528004520 swapFree=8388604/8388604
[pid=1607197] ppid=1607196 vsize=26908 memory=13612 CPUtime=0.06 cores=22-23
/proc/1607197/stat : 1607197 (perf) S 1607196 1607197 1607133 0 -1 0 1738 237 0 0 5 1 0 0 20 0 1 0 923003813 27553792 3403 17179869184 93824994299904 93824996572973 140737488338256 0 0 0 134217728 4 74274 1 0 0 17 22 0 0 0 0 0 93824998874888 93825001005840 93825001308160 140737488340073 140737488340470 140737488340470 140737488351179 0
/proc/1607197/statm: 6727 3403 2098 555 0 1769 0
[pid=1607223] ppid=1607197 vsize=109664 memory=101408 CPUtime=402.12 cores=22-23
/proc/1607223/stat : 1607223 (clingo) R 1607197 1607197 1607133 0 -1 0 35100 0 0 0 40206 6 0 0 20 0 1 0 923003821 112295936 25352 17179869184 93824992301056 93824992468925 140737488338416 0 0 0 134217728 4 25184771 0 0 0 17 22 0 0 0 0 0 93824992533936 93824992571272 93824992575488 140737488340183 140737488340354 140737488340354 140737488351170 0
/proc/1607223/statm: 27416 25352 2089 41 0 23495 0
Current children cumulated CPU time: 402.18 s
Current children cumulated vsize: 136572 KiB
Current children cumulated memory: 115020 KiB

[startup+462.3 s]
/proc/loadavg: 14.12 14.16 13.66 15/808 1607660
/proc/meminfo: memFree=373217908/528004520 swapFree=8388604/8388604
[pid=1607197] ppid=1607196 vsize=26908 memory=13612 CPUtime=0.06 cores=22-23
/proc/1607197/stat : 1607197 (perf) S 1607196 1607197 1607133 0 -1 0 1738 237 0 0 5 1 0 0 20 0 1 0 923003813 27553792 3403 17179869184 93824994299904 93824996572973 140737488338256 0 0 0 134217728 4 74274 1 0 0 17 22 0 0 0 0 0 93824998874888 93825001005840 93825001308160 140737488340073 140737488340470 140737488340470 140737488351179 0
/proc/1607197/statm: 6727 3403 2098 555 0 1769 0
[pid=1607223] ppid=1607197 vsize=116052 memory=107812 CPUtime=462.13 cores=22-23
/proc/1607223/stat : 1607223 (clingo) R 1607197 1607197 1607133 0 -1 0 38105 0 0 0 46206 7 0 0 20 0 1 0 923003821 118837248 26953 17179869184 93824992301056 93824992468925 140737488338416 0 0 0 134217728 4 25184771 0 0 0 17 22 0 0 0 0 0 93824992533936 93824992571272 93824992575488 140737488340183 140737488340354 140737488340354 140737488351170 0
/proc/1607223/statm: 29013 26953 2089 41 0 25092 0
Current children cumulated CPU time: 462.19 s
Current children cumulated vsize: 142960 KiB
Current children cumulated memory: 121424 KiB

[startup+522.3 s]
/proc/loadavg: 14.04 14.13 13.68 15/808 1607664
/proc/meminfo: memFree=373185208/528004520 swapFree=8388604/8388604
[pid=1607197] ppid=1607196 vsize=26908 memory=13612 CPUtime=0.06 cores=22-23
/proc/1607197/stat : 1607197 (perf) S 1607196 1607197 1607133 0 -1 0 1738 237 0 0 5 1 0 0 20 0 1 0 923003813 27553792 3403 17179869184 93824994299904 93824996572973 140737488338256 0 0 0 134217728 4 74274 1 0 0 17 22 0 0 0 0 0 93824998874888 93825001005840 93825001308160 140737488340073 140737488340470 140737488340470 140737488351179 0
/proc/1607197/statm: 6727 3403 2098 555 0 1769 0
[pid=1607223] ppid=1607197 vsize=118364 memory=110100 CPUtime=522.12 cores=22-23
/proc/1607223/stat : 1607223 (clingo) R 1607197 1607197 1607133 0 -1 0 39638 0 0 0 52205 7 0 0 20 0 1 0 923003821 121204736 27525 17179869184 93824992301056 93824992468925 140737488338416 0 0 0 134217728 4 25184771 0 0 0 17 22 0 0 0 0 0 93824992533936 93824992571272 93824992575488 140737488340183 140737488340354 140737488340354 140737488351170 0
/proc/1607223/statm: 29591 27525 2089 41 0 25670 0
Current children cumulated CPU time: 522.18 s
Current children cumulated vsize: 145272 KiB
Current children cumulated memory: 123712 KiB

[startup+582.3 s]
/proc/loadavg: 14.01 14.10 13.70 15/808 1607668
/proc/meminfo: memFree=373133840/528004520 swapFree=8388604/8388604
[pid=1607197] ppid=1607196 vsize=26908 memory=13612 CPUtime=0.06 cores=22-23
/proc/1607197/stat : 1607197 (perf) S 1607196 1607197 1607133 0 -1 0 1738 237 0 0 5 1 0 0 20 0 1 0 923003813 27553792 3403 17179869184 93824994299904 93824996572973 140737488338256 0 0 0 134217728 4 74274 1 0 0 17 22 0 0 0 0 0 93824998874888 93825001005840 93825001308160 140737488340073 140737488340470 140737488340470 140737488351179 0
/proc/1607197/statm: 6727 3403 2098 555 0 1769 0
[pid=1607223] ppid=1607197 vsize=120344 memory=112104 CPUtime=582.13 cores=22-23
/proc/1607223/stat : 1607223 (clingo) R 1607197 1607197 1607133 0 -1 0 42593 0 0 0 58205 8 0 0 20 0 1 0 923003821 123232256 28026 17179869184 93824992301056 93824992468925 140737488338416 0 0 0 134217728 4 25184771 0 0 0 17 22 0 0 0 0 0 93824992533936 93824992571272 93824992575488 140737488340183 140737488340354 140737488340354 140737488351170 0
/proc/1607223/statm: 30086 28026 2089 41 0 26165 0
Current children cumulated CPU time: 582.19 s
Current children cumulated vsize: 147252 KiB
Current children cumulated memory: 125716 KiB

[startup+642.3 s]
/proc/loadavg: 15.83 14.57 13.89 15/808 1607671
/proc/meminfo: memFree=373094068/528004520 swapFree=8388604/8388604
[pid=1607197] ppid=1607196 vsize=26908 memory=13612 CPUtime=0.06 cores=22-23
/proc/1607197/stat : 1607197 (perf) S 1607196 1607197 1607133 0 -1 0 1738 237 0 0 5 1 0 0 20 0 1 0 923003813 27553792 3403 17179869184 93824994299904 93824996572973 140737488338256 0 0 0 134217728 4 74274 1 0 0 17 22 0 0 0 0 0 93824998874888 93825001005840 93825001308160 140737488340073 140737488340470 140737488340470 140737488351179 0
/proc/1607197/statm: 6727 3403 2098 555 0 1769 0
[pid=1607223] ppid=1607197 vsize=126156 memory=117936 CPUtime=642.13 cores=22-23
/proc/1607223/stat : 1607223 (clingo) R 1607197 1607197 1607133 0 -1 0 44652 0 0 0 64205 8 0 0 20 0 1 0 923003821 129183744 29484 17179869184 93824992301056 93824992468925 140737488338416 0 0 0 134217728 4 25184771 0 0 0 17 22 0 0 0 0 0 93824992533936 93824992571272 93824992575488 140737488340183 140737488340354 140737488340354 140737488351170 0
/proc/1607223/statm: 31539 29484 2089 41 0 27618 0
Current children cumulated CPU time: 642.19 s
Current children cumulated vsize: 153064 KiB
Current children cumulated memory: 131548 KiB

[startup+702.3 s]
/proc/loadavg: 15.03 14.57 13.93 15/809 1607675
/proc/meminfo: memFree=373053496/528004520 swapFree=8388604/8388604
[pid=1607197] ppid=1607196 vsize=26908 memory=13612 CPUtime=0.06 cores=22-23
/proc/1607197/stat : 1607197 (perf) S 1607196 1607197 1607133 0 -1 0 1738 237 0 0 5 1 0 0 20 0 1 0 923003813 27553792 3403 17179869184 93824994299904 93824996572973 140737488338256 0 0 0 134217728 4 74274 1 0 0 17 22 0 0 0 0 0 93824998874888 93825001005840 93825001308160 140737488340073 140737488340470 140737488340470 140737488351179 0
/proc/1607197/statm: 6727 3403 2098 555 0 1769 0
[pid=1607223] ppid=1607197 vsize=129296 memory=121100 CPUtime=702.13 cores=22-23
/proc/1607223/stat : 1607223 (clingo) R 1607197 1607197 1607133 0 -1 0 46374 0 0 0 70205 8 0 0 20 0 1 0 923003821 132399104 30275 17179869184 93824992301056 93824992468925 140737488338416 0 0 0 134217728 4 25184771 0 0 0 17 22 0 0 0 0 0 93824992533936 93824992571272 93824992575488 140737488340183 140737488340354 140737488340354 140737488351170 0
/proc/1607223/statm: 32324 30275 2089 41 0 28403 0
Current children cumulated CPU time: 702.19 s
Current children cumulated vsize: 156204 KiB
Current children cumulated memory: 134712 KiB

[startup+762.3 s]
/proc/loadavg: 14.58 14.54 13.97 15/809 1607677
/proc/meminfo: memFree=373001852/528004520 swapFree=8388604/8388604
[pid=1607197] ppid=1607196 vsize=26908 memory=13612 CPUtime=0.06 cores=22-23
/proc/1607197/stat : 1607197 (perf) S 1607196 1607197 1607133 0 -1 0 1738 237 0 0 5 1 0 0 20 0 1 0 923003813 27553792 3403 17179869184 93824994299904 93824996572973 140737488338256 0 0 0 134217728 4 74274 1 0 0 17 22 0 0 0 0 0 93824998874888 93825001005840 93825001308160 140737488340073 140737488340470 140737488340470 140737488351179 0
/proc/1607197/statm: 6727 3403 2098 555 0 1769 0
[pid=1607223] ppid=1607197 vsize=132076 memory=123872 CPUtime=762.13 cores=22-23
/proc/1607223/stat : 1607223 (clingo) R 1607197 1607197 1607133 0 -1 0 47812 0 0 0 76204 9 0 0 20 0 1 0 923003821 135245824 30968 17179869184 93824992301056 93824992468925 140737488338416 0 0 0 134217728 4 25184771 0 0 0 17 22 0 0 0 0 0 93824992533936 93824992571272 93824992575488 140737488340183 140737488340354 140737488340354 140737488351170 0
/proc/1607223/statm: 33019 30968 2089 41 0 29098 0
Current children cumulated CPU time: 762.19 s
Current children cumulated vsize: 158984 KiB
Current children cumulated memory: 137484 KiB

[startup+822.3 s]
/proc/loadavg: 14.25 14.45 13.98 15/809 1607680
/proc/meminfo: memFree=372970180/528004520 swapFree=8388604/8388604
[pid=1607197] ppid=1607196 vsize=26908 memory=13612 CPUtime=0.06 cores=22-23
/proc/1607197/stat : 1607197 (perf) S 1607196 1607197 1607133 0 -1 0 1738 237 0 0 5 1 0 0 20 0 1 0 923003813 27553792 3403 17179869184 93824994299904 93824996572973 140737488338256 0 0 0 134217728 4 74274 1 0 0 17 22 0 0 0 0 0 93824998874888 93825001005840 93825001308160 140737488340073 140737488340470 140737488340470 140737488351179 0
/proc/1607197/statm: 6727 3403 2098 555 0 1769 0
[pid=1607223] ppid=1607197 vsize=135704 memory=127520 CPUtime=822.13 cores=22-23
/proc/1607223/stat : 1607223 (clingo) R 1607197 1607197 1607133 0 -1 0 49205 0 0 0 82204 9 0 0 20 0 1 0 923003821 138960896 31880 17179869184 93824992301056 93824992468925 140737488338416 0 0 0 134217728 4 25184771 0 0 0 17 22 0 0 0 0 0 93824992533936 93824992571272 93824992575488 140737488340183 140737488340354 140737488340354 140737488351170 0
/proc/1607223/statm: 33926 31880 2089 41 0 30005 0
Current children cumulated CPU time: 822.19 s
Current children cumulated vsize: 162612 KiB
Current children cumulated memory: 141132 KiB

[startup+882.3 s]
/proc/loadavg: 14.13 14.38 13.99 15/809 1607683
/proc/meminfo: memFree=372927876/528004520 swapFree=8388604/8388604
[pid=1607197] ppid=1607196 vsize=26908 memory=13612 CPUtime=0.06 cores=22-23
/proc/1607197/stat : 1607197 (perf) S 1607196 1607197 1607133 0 -1 0 1738 237 0 0 5 1 0 0 20 0 1 0 923003813 27553792 3403 17179869184 93824994299904 93824996572973 140737488338256 0 0 0 134217728 4 74274 1 0 0 17 22 0 0 0 0 0 93824998874888 93825001005840 93825001308160 140737488340073 140737488340470 140737488340470 140737488351179 0
/proc/1607197/statm: 6727 3403 2098 555 0 1769 0
[pid=1607223] ppid=1607197 vsize=140684 memory=132332 CPUtime=882.13 cores=22-23
/proc/1607223/stat : 1607223 (clingo) R 1607197 1607197 1607133 0 -1 0 51654 0 0 0 88204 9 0 0 20 0 1 0 923003821 144060416 33083 17179869184 93824992301056 93824992468925 140737488338416 0 0 0 134217728 4 25184771 0 0 0 17 22 0 0 0 0 0 93824992533936 93824992571272 93824992575488 140737488340183 140737488340354 140737488340354 140737488351170 0
/proc/1607223/statm: 35171 33083 2089 41 0 31250 0
Current children cumulated CPU time: 882.19 s
Current children cumulated vsize: 167592 KiB
Current children cumulated memory: 145944 KiB

[startup+942.3 s]
/proc/loadavg: 14.04 14.31 13.99 15/809 1607687
/proc/meminfo: memFree=372888596/528004520 swapFree=8388604/8388604
[pid=1607197] ppid=1607196 vsize=26908 memory=13612 CPUtime=0.06 cores=22-23
/proc/1607197/stat : 1607197 (perf) S 1607196 1607197 1607133 0 -1 0 1738 237 0 0 5 1 0 0 20 0 1 0 923003813 27553792 3403 17179869184 93824994299904 93824996572973 140737488338256 0 0 0 134217728 4 74274 1 0 0 17 22 0 0 0 0 0 93824998874888 93825001005840 93825001308160 140737488340073 140737488340470 140737488340470 140737488351179 0
/proc/1607197/statm: 6727 3403 2098 555 0 1769 0
[pid=1607223] ppid=1607197 vsize=142676 memory=134464 CPUtime=942.13 cores=22-23
/proc/1607223/stat : 1607223 (clingo) R 1607197 1607197 1607133 0 -1 0 52350 0 0 0 94204 9 0 0 20 0 1 0 923003821 146100224 33616 17179869184 93824992301056 93824992468925 140737488338416 0 0 0 134217728 4 25184771 0 0 0 17 22 0 0 0 0 0 93824992533936 93824992571272 93824992575488 140737488340183 140737488340354 140737488340354 140737488351170 0
/proc/1607223/statm: 35669 33616 2089 41 0 31748 0
Current children cumulated CPU time: 942.19 s
Current children cumulated vsize: 169584 KiB
Current children cumulated memory: 148076 KiB

[startup+1002.3 s]
/proc/loadavg: 14.26 14.33 14.02 15/807 1607690
/proc/meminfo: memFree=372844276/528004520 swapFree=8388604/8388604
[pid=1607197] ppid=1607196 vsize=26908 memory=13612 CPUtime=0.06 cores=22-23
/proc/1607197/stat : 1607197 (perf) S 1607196 1607197 1607133 0 -1 0 1738 237 0 0 5 1 0 0 20 0 1 0 923003813 27553792 3403 17179869184 93824994299904 93824996572973 140737488338256 0 0 0 134217728 4 74274 1 0 0 17 22 0 0 0 0 0 93824998874888 93825001005840 93825001308160 140737488340073 140737488340470 140737488340470 140737488351179 0
/proc/1607197/statm: 6727 3403 2098 555 0 1769 0
[pid=1607223] ppid=1607197 vsize=151016 memory=142700 CPUtime=1002.13 cores=22-23
/proc/1607223/stat : 1607223 (clingo) R 1607197 1607197 1607133 0 -1 0 55424 0 0 0 100203 10 0 0 20 0 1 0 923003821 154640384 35675 17179869184 93824992301056 93824992468925 140737488338416 0 0 0 134217728 4 25184771 0 0 0 17 22 0 0 0 0 0 93824992533936 93824992571272 93824992575488 140737488340183 140737488340354 140737488340354 140737488351170 0
/proc/1607223/statm: 37754 35675 2089 41 0 33833 0
Current children cumulated CPU time: 1002.19 s
Current children cumulated vsize: 177924 KiB
Current children cumulated memory: 156312 KiB

[startup+1062.3 s]
/proc/loadavg: 14.33 14.33 14.04 15/808 1607693
/proc/meminfo: memFree=372808488/528004520 swapFree=8388604/8388604
[pid=1607197] ppid=1607196 vsize=26908 memory=13612 CPUtime=0.06 cores=22-23
/proc/1607197/stat : 1607197 (perf) S 1607196 1607197 1607133 0 -1 0 1738 237 0 0 5 1 0 0 20 0 1 0 923003813 27553792 3403 17179869184 93824994299904 93824996572973 140737488338256 0 0 0 134217728 4 74274 1 0 0 17 22 0 0 0 0 0 93824998874888 93825001005840 93825001308160 140737488340073 140737488340470 140737488340470 140737488351179 0
/proc/1607197/statm: 6727 3403 2098 555 0 1769 0
[pid=1607223] ppid=1607197 vsize=151016 memory=142700 CPUtime=1062.13 cores=22-23
/proc/1607223/stat : 1607223 (clingo) R 1607197 1607197 1607133 0 -1 0 55435 0 0 0 106203 10 0 0 20 0 1 0 923003821 154640384 35675 17179869184 93824992301056 93824992468925 140737488338416 0 0 0 134217728 4 25184771 0 0 0 17 22 0 0 0 0 0 93824992533936 93824992571272 93824992575488 140737488340183 140737488340354 140737488340354 140737488351170 0
/proc/1607223/statm: 37754 35675 2089 41 0 33833 0
Current children cumulated CPU time: 1062.19 s
Current children cumulated vsize: 177924 KiB
Current children cumulated memory: 156312 KiB

[startup+1122.3 s]
/proc/loadavg: 14.12 14.27 14.03 15/808 1607696
/proc/meminfo: memFree=372784816/528004520 swapFree=8388604/8388604
[pid=1607197] ppid=1607196 vsize=26908 memory=13612 CPUtime=0.06 cores=22-23
/proc/1607197/stat : 1607197 (perf) S 1607196 1607197 1607133 0 -1 0 1738 237 0 0 5 1 0 0 20 0 1 0 923003813 27553792 3403 17179869184 93824994299904 93824996572973 140737488338256 0 0 0 134217728 4 74274 1 0 0 17 22 0 0 0 0 0 93824998874888 93825001005840 93825001308160 140737488340073 140737488340470 140737488340470 140737488351179 0
/proc/1607197/statm: 6727 3403 2098 555 0 1769 0
[pid=1607223] ppid=1607197 vsize=151016 memory=142700 CPUtime=1122.13 cores=22-23
/proc/1607223/stat : 1607223 (clingo) R 1607197 1607197 1607133 0 -1 0 55435 0 0 0 112203 10 0 0 20 0 1 0 923003821 154640384 35675 17179869184 93824992301056 93824992468925 140737488338416 0 0 0 134217728 4 25184771 0 0 0 17 22 0 0 0 0 0 93824992533936 93824992571272 93824992575488 140737488340183 140737488340354 140737488340354 140737488351170 0
/proc/1607223/statm: 37754 35675 2089 41 0 33833 0
Current children cumulated CPU time: 1122.19 s
Current children cumulated vsize: 177924 KiB
Current children cumulated memory: 156312 KiB

[startup+1182.3 s]
/proc/loadavg: 14.23 14.28 14.05 15/808 1607700
/proc/meminfo: memFree=372755616/528004520 swapFree=8388604/8388604
[pid=1607197] ppid=1607196 vsize=26908 memory=13612 CPUtime=0.06 cores=22-23
/proc/1607197/stat : 1607197 (perf) S 1607196 1607197 1607133 0 -1 0 1738 237 0 0 5 1 0 0 20 0 1 0 923003813 27553792 3403 17179869184 93824994299904 93824996572973 140737488338256 0 0 0 134217728 4 74274 1 0 0 17 22 0 0 0 0 0 93824998874888 93825001005840 93825001308160 140737488340073 140737488340470 140737488340470 140737488351179 0
/proc/1607197/statm: 6727 3403 2098 555 0 1769 0
[pid=1607223] ppid=1607197 vsize=151016 memory=142700 CPUtime=1182.13 cores=22-23
/proc/1607223/stat : 1607223 (clingo) R 1607197 1607197 1607133 0 -1 0 55438 0 0 0 118203 10 0 0 20 0 1 0 923003821 154640384 35675 17179869184 93824992301056 93824992468925 140737488338416 0 0 0 134217728 4 25184771 0 0 0 17 22 0 0 0 0 0 93824992533936 93824992571272 93824992575488 140737488340183 140737488340354 140737488340354 140737488351170 0
/proc/1607223/statm: 37754 35675 2089 41 0 33833 0
Current children cumulated CPU time: 1182.19 s
Current children cumulated vsize: 177924 KiB
Current children cumulated memory: 156312 KiB



Maximum wall clock time exceeded: sending SIGTERM then SIGKILL

[startup+1205 s]*
/proc/loadavg: 14.23 14.27 14.05 13/798 1608819
/proc/meminfo: memFree=373783756/528004520 swapFree=8388604/8388604
[pid=1607197] ppid=1607196 vsize=26908 memory=13612 CPUtime=0.06 cores=22-23
/proc/1607197/stat : 1607197 (perf) S 1607196 1607197 1607133 0 -1 0 1738 237 0 0 5 1 0 0 20 0 1 0 923003813 27553792 3403 17179869184 93824994299904 93824996572973 140737488338256 0 0 0 134217728 4 74274 1 0 0 17 22 0 0 0 0 0 93824998874888 93825001005840 93825001308160 140737488340073 140737488340470 140737488340470 140737488351179 0
/proc/1607197/statm: 6727 3403 2098 555 0 1769 0
[pid=1607223] ppid=1607197 vsize=152436 memory=144096 CPUtime=1204.85 cores=22-23
/proc/1607223/stat : 1607223 (clingo) R 1607197 1607197 1607133 0 -1 0 56505 0 0 0 120475 10 0 0 20 0 1 0 923003821 156094464 36024 17179869184 93824992301056 93824992468925 140737488338416 0 0 0 134217728 4 25184771 0 0 0 17 22 0 0 0 0 0 93824992533936 93824992571272 93824992575488 140737488340183 140737488340354 140737488340354 140737488351170 0
/proc/1607223/statm: 38109 36024 2089 41 0 34188 0
Current children cumulated CPU time: 1204.91 s
Current children cumulated vsize: 179344 KiB
Current children cumulated memory: 157708 KiB

Sending SIGINT to process tree (bottom up)
Sleeping 5 seconds

[startup+1205.03 s]
# the end of solver process 1607197 was just reported to runsolver
# cumulated CPU time of all completed processes:  user=1204.82 s, system=0.128895 s

Solver just ended.
??? end of watcher thread
Dumping a history of the last processes samples

Child status: 1
Real time (s): 1205.03
CPU time (s): 1204.95
CPU user time (s): 1204.82
CPU system time (s): 0.128895
CPU usage (%): 99.9935
Max. virtual memory (cumulated for all children) (KiB): 182396
Max. memory (cumulated for all children) (KiB): 160532

getrusage(RUSAGE_CHILDREN,...) data:
user time used= 1204.82
system time used= 0.128895
maximum resident set size= 146920
integral shared memory size= 0
integral unshared data size= 0
integral unshared stack size= 0
page reclaims= 58520
page faults= 0
swaps= 0
block input operations= 0
block output operations= 0
messages sent= 0
messages received= 0
signals received= 0
voluntary context switches= 28
involuntary context switches= 685


# summary of solver processes directly reported to runsolver:
#   pid: 1607197
#   total CPU time (s): 1204.95
#   total CPU user time (s): 1204.82
#   total CPU system time (s): 0.128895

??? end of timestamper thread
runsolver used 8.94348 second user time and 14.0481 second system time

The end
