runsolver version 3.4.0 (svn: 3018) Copyright (C) 2010-2013 Olivier ROUSSEL

This program is distributed in the hope that it will be useful,
but WITHOUT ANY WARRANTY; without even the implied warranty of
MERCHANTABILITY or FITNESS FOR A PARTICULAR PURPOSE.  See the
GNU General Public License for more details.

NUMA information:
  number of nodes: 2
  memory of node 0: 257634 MiB (179976 MiB free)
  memory of node 1: 257994 MiB (185848 MiB free)
  node distances:
     10  20
     20  10

command line: /dev/shm/3789565a-2e81-11f1-ac62-000c298f4621/input/runsolver -w /dev/shm/3789565a-2e81-11f1-ac62-000c298f4621/output/runsolver.log -v /dev/shm/3789565a-2e81-11f1-ac62-000c298f4621/output/varfile.log -W 1205 --rss-swap-limit 16384 -d 5 --sigint /usr/bin/perf stat -B -e task-clock,cache-references,cache-misses,cycles,instructions,branches,faults,migrations,context-switches -o /dev/shm/3789565a-2e81-11f1-ac62-000c298f4621/output/perf.log clingo /home/guests/mmacri/AMOSUM/benchmarks/GraphColouring/encoding-plain-amo.asp /dev/shm/3789565a-2e81-11f1-ac62-000c298f4621/input/0051-graph_colouring-150-0_1440.asp 

running on 2 cores: 14-15

Enforcing wall clock limit (soft limit, will send SIGTERM then SIGKILL): 1205 seconds
Enforcing RSS+Swap limit (soft limit, will send SIGTERM then SIGKILL): 16777216 KiB
Linux 5.15.0-131-generic
solver pid=4059220, runsolver pid=4059213
Current StackSize limit: 8192 KiB


[startup+0.100068 s]*
/proc/loadavg: 14.08 14.21 14.03 17/828 4059253
/proc/meminfo: memFree=374625592/528004312 swapFree=8388604/8388604
[pid=4059220] ppid=4059213 vsize=26908 memory=13612 CPUtime=0.07 cores=14-15
/proc/4059220/stat : 4059220 (perf) S 4059213 4059220 4058909 0 -1 0 1738 238 0 0 5 2 0 0 20 0 1 0 923138588 27553792 3403 17179869184 93824994299904 93824996572973 140737488338256 0 0 0 134217728 4 74274 1 0 0 17 14 0 0 0 0 0 93824998874888 93825001005840 93825001308160 140737488340073 140737488340470 140737488340470 140737488351179 0
/proc/4059220/statm: 6727 3403 2098 555 0 1769 0
[pid=4059248] ppid=4059220 vsize=18360 memory=9792 CPUtime=0.01 cores=14-15
/proc/4059248/stat : 4059248 (clingo) R 4059220 4059220 4058909 0 -1 0 743 0 4 0 1 0 0 0 20 0 1 0 923138596 18800640 2448 17179869184 93824992301056 93824992468925 140737488338416 0 0 0 134217728 4 25184771 0 0 0 17 15 0 0 0 0 0 93824992533936 93824992571272 93824992575488 140737488340183 140737488340354 140737488340354 140737488351170 0
/proc/4059248/statm: 4590 2448 1968 41 0 669 0
Current children cumulated CPU time: 0.08 s
Current children cumulated vsize: 45268 KiB
Current children cumulated memory: 23404 KiB

[startup+0.218943 s]*
/proc/loadavg: 14.08 14.21 14.03 15/828 4059253
/proc/meminfo: memFree=374605504/528004312 swapFree=8388604/8388604
[pid=4059220] ppid=4059213 vsize=26908 memory=13612 CPUtime=0.07 cores=14-15
/proc/4059220/stat : 4059220 (perf) S 4059213 4059220 4058909 0 -1 0 1738 238 0 0 5 2 0 0 20 0 1 0 923138588 27553792 3403 17179869184 93824994299904 93824996572973 140737488338256 0 0 0 134217728 4 74274 1 0 0 17 14 0 0 0 0 0 93824998874888 93825001005840 93825001308160 140737488340073 140737488340470 140737488340470 140737488351179 0
/proc/4059220/statm: 6727 3403 2098 555 0 1769 0
[pid=4059248] ppid=4059220 vsize=25204 memory=16720 CPUtime=0.13 cores=14-15
/proc/4059248/stat : 4059248 (clingo) R 4059220 4059220 4058909 0 -1 0 2545 0 4 0 13 0 0 0 20 0 1 0 923138596 25808896 4180 17179869184 93824992301056 93824992468925 140737488338416 0 0 0 134217728 4 25184771 0 0 0 17 15 0 0 0 0 0 93824992533936 93824992571272 93824992575488 140737488340183 140737488340354 140737488340354 140737488351170 0
/proc/4059248/statm: 6301 4180 2023 41 0 2380 0
Current children cumulated CPU time: 0.2 s
Current children cumulated vsize: 52112 KiB
Current children cumulated memory: 30332 KiB

[startup+0.335112 s]*
/proc/loadavg: 14.08 14.21 14.03 18/828 4059253
/proc/meminfo: memFree=374584112/528004312 swapFree=8388604/8388604
[pid=4059220] ppid=4059213 vsize=26908 memory=13612 CPUtime=0.07 cores=14-15
/proc/4059220/stat : 4059220 (perf) S 4059213 4059220 4058909 0 -1 0 1738 238 0 0 5 2 0 0 20 0 1 0 923138588 27553792 3403 17179869184 93824994299904 93824996572973 140737488338256 0 0 0 134217728 4 74274 1 0 0 17 14 0 0 0 0 0 93824998874888 93825001005840 93825001308160 140737488340073 140737488340470 140737488340470 140737488351179 0
/proc/4059220/statm: 6727 3403 2098 555 0 1769 0
[pid=4059248] ppid=4059220 vsize=28768 memory=20416 CPUtime=0.21 cores=14-15
/proc/4059248/stat : 4059248 (clingo) R 4059220 4059220 4058909 0 -1 0 3459 0 4 0 21 0 0 0 20 0 1 0 923138596 29458432 5104 17179869184 93824992301056 93824992468925 140737488338416 0 0 0 134217728 4 25184771 0 0 0 17 14 0 0 0 0 0 93824992533936 93824992571272 93824992575488 140737488340183 140737488340354 140737488340354 140737488351170 0
/proc/4059248/statm: 7192 5104 2023 41 0 3271 0
Current children cumulated CPU time: 0.28 s
Current children cumulated vsize: 55676 KiB
Current children cumulated memory: 34028 KiB

[startup+0.700335 s]
/proc/loadavg: 14.08 14.21 14.03 15/828 4059253
/proc/meminfo: memFree=374563952/528004312 swapFree=8388604/8388604
[pid=4059220] ppid=4059213 vsize=26908 memory=13612 CPUtime=0.07 cores=14-15
/proc/4059220/stat : 4059220 (perf) S 4059213 4059220 4058909 0 -1 0 1738 238 0 0 5 2 0 0 20 0 1 0 923138588 27553792 3403 17179869184 93824994299904 93824996572973 140737488338256 0 0 0 134217728 4 74274 1 0 0 17 14 0 0 0 0 0 93824998874888 93825001005840 93825001308160 140737488340073 140737488340470 140737488340470 140737488351179 0
/proc/4059220/statm: 6727 3403 2098 555 0 1769 0
[pid=4059248] ppid=4059220 vsize=33016 memory=24640 CPUtime=0.56 cores=14-15
/proc/4059248/stat : 4059248 (clingo) R 4059220 4059220 4058909 0 -1 0 4512 0 4 0 56 0 0 0 20 0 1 0 923138596 33808384 6160 17179869184 93824992301056 93824992468925 140737488338416 0 0 0 134217728 4 25184771 0 0 0 17 14 0 0 0 0 0 93824992533936 93824992571272 93824992575488 140737488340183 140737488340354 140737488340354 140737488351170 0
/proc/4059248/statm: 8254 6160 2023 41 0 4333 0
Current children cumulated CPU time: 0.63 s
Current children cumulated vsize: 59924 KiB
Current children cumulated memory: 38252 KiB

[startup+1.50034 s]
/proc/loadavg: 14.08 14.21 14.03 16/814 4059268
/proc/meminfo: memFree=374534248/528004312 swapFree=8388604/8388604
[pid=4059220] ppid=4059213 vsize=26908 memory=13612 CPUtime=0.07 cores=14-15
/proc/4059220/stat : 4059220 (perf) S 4059213 4059220 4058909 0 -1 0 1738 238 0 0 5 2 0 0 20 0 1 0 923138588 27553792 3403 17179869184 93824994299904 93824996572973 140737488338256 0 0 0 134217728 4 74274 1 0 0 17 14 0 0 0 0 0 93824998874888 93825001005840 93825001308160 140737488340073 140737488340470 140737488340470 140737488351179 0
/proc/4059220/statm: 6727 3403 2098 555 0 1769 0
[pid=4059248] ppid=4059220 vsize=37424 memory=29128 CPUtime=1.36 cores=14-15
/proc/4059248/stat : 4059248 (clingo) R 4059220 4059220 4058909 0 -1 0 5597 0 4 0 136 0 0 0 20 0 1 0 923138596 38322176 7282 17179869184 93824992301056 93824992468925 140737488338416 0 0 0 134217728 4 25184771 0 0 0 17 14 0 0 0 0 0 93824992533936 93824992571272 93824992575488 140737488340183 140737488340354 140737488340354 140737488351170 0
/proc/4059248/statm: 9356 7282 2023 41 0 5435 0
Current children cumulated CPU time: 1.43 s
Current children cumulated vsize: 64332 KiB
Current children cumulated memory: 42740 KiB

[startup+3.11903 s]
/proc/loadavg: 14.07 14.21 14.03 16/831 4059361
/proc/meminfo: memFree=374458316/528004312 swapFree=8388604/8388604
[pid=4059220] ppid=4059213 vsize=26908 memory=13612 CPUtime=0.07 cores=14-15
/proc/4059220/stat : 4059220 (perf) S 4059213 4059220 4058909 0 -1 0 1738 238 0 0 5 2 0 0 20 0 1 0 923138588 27553792 3403 17179869184 93824994299904 93824996572973 140737488338256 0 0 0 134217728 4 74274 1 0 0 17 14 0 0 0 0 0 93824998874888 93825001005840 93825001308160 140737488340073 140737488340470 140737488340470 140737488351179 0
/proc/4059220/statm: 6727 3403 2098 555 0 1769 0
[pid=4059248] ppid=4059220 vsize=41948 memory=33616 CPUtime=2.98 cores=14-15
/proc/4059248/stat : 4059248 (clingo) R 4059220 4059220 4058909 0 -1 0 6723 0 4 0 298 0 0 0 20 0 1 0 923138596 42954752 8404 17179869184 93824992301056 93824992468925 140737488338416 0 0 0 134217728 4 25184771 0 0 0 17 14 0 0 0 0 0 93824992533936 93824992571272 93824992575488 140737488340183 140737488340354 140737488340354 140737488351170 0
/proc/4059248/statm: 10487 8404 2023 41 0 6566 0
Current children cumulated CPU time: 3.05 s
Current children cumulated vsize: 68856 KiB
Current children cumulated memory: 47228 KiB

[startup+4.22722 s]
# the end of solver process 4059220 was just reported to runsolver
# cumulated CPU time of all completed processes:  user=4.14436 s, system=0.041273 s

Solver just ended.
??? end of watcher thread
Dumping a history of the last processes samples

[startup+3.20025 s]
/proc/loadavg: 14.07 14.21 14.03 16/831 4059361
/proc/meminfo: memFree=374458316/528004312 swapFree=8388604/8388604
[pid=4059220] ppid=4059213 vsize=26908 memory=13612 CPUtime=0.07 cores=14-15
/proc/4059220/stat : 4059220 (perf) S 4059213 4059220 4058909 0 -1 0 1738 238 0 0 5 2 0 0 20 0 1 0 923138588 27553792 3403 17179869184 93824994299904 93824996572973 140737488338256 0 0 0 134217728 4 74274 1 0 0 17 14 0 0 0 0 0 93824998874888 93825001005840 93825001308160 140737488340073 140737488340470 140737488340470 140737488351179 0
/proc/4059220/statm: 6727 3403 2098 555 0 1769 0
[pid=4059248] ppid=4059220 vsize=41948 memory=33616 CPUtime=3.06 cores=14-15
/proc/4059248/stat : 4059248 (clingo) R 4059220 4059220 4058909 0 -1 0 6723 0 4 0 306 0 0 0 20 0 1 0 923138596 42954752 8404 17179869184 93824992301056 93824992468925 140737488338416 0 0 0 134217728 4 25184771 0 0 0 17 14 0 0 0 0 0 93824992533936 93824992571272 93824992575488 140737488340183 140737488340354 140737488340354 140737488351170 0
/proc/4059248/statm: 10487 8404 2023 41 0 6566 0
Current children cumulated CPU time: 3.13 s
Current children cumulated vsize: 68856 KiB
Current children cumulated memory: 47228 KiB

[startup+4.0002 s]*
/proc/loadavg: 14.07 14.21 14.03 15/829 4059361
/proc/meminfo: memFree=374529548/528004312 swapFree=8388604/8388604
[pid=4059220] ppid=4059213 vsize=26908 memory=13612 CPUtime=0.07 cores=14-15
/proc/4059220/stat : 4059220 (perf) S 4059213 4059220 4058909 0 -1 0 1738 238 0 0 5 2 0 0 20 0 1 0 923138588 27553792 3403 17179869184 93824994299904 93824996572973 140737488338256 0 0 0 134217728 4 74274 1 0 0 17 14 0 0 0 0 0 93824998874888 93825001005840 93825001308160 140737488340073 140737488340470 140737488340470 140737488351179 0
/proc/4059220/statm: 6727 3403 2098 555 0 1769 0
[pid=4059248] ppid=4059220 vsize=42764 memory=34408 CPUtime=3.88 cores=14-15
/proc/4059248/stat : 4059248 (clingo) R 4059220 4059220 4058909 0 -1 0 6936 0 4 0 388 0 0 0 20 0 1 0 923138596 43790336 8602 17179869184 93824992301056 93824992468925 140737488338416 0 0 0 134217728 4 25184771 0 0 0 17 14 0 0 0 0 0 93824992533936 93824992571272 93824992575488 140737488340183 140737488340354 140737488340354 140737488351170 0
/proc/4059248/statm: 10691 8602 2023 41 0 6770 0
Current children cumulated CPU time: 3.95 s
Current children cumulated vsize: 69672 KiB
Current children cumulated memory: 48020 KiB

[startup+4.20021 s]
/proc/loadavg: 14.07 14.21 14.03 15/829 4059361
/proc/meminfo: memFree=374529548/528004312 swapFree=8388604/8388604
[pid=4059220] ppid=4059213 vsize=26908 memory=13612 CPUtime=0.07 cores=14-15
/proc/4059220/stat : 4059220 (perf) S 4059213 4059220 4058909 0 -1 0 1738 238 0 0 5 2 0 0 20 0 1 0 923138588 27553792 3403 17179869184 93824994299904 93824996572973 140737488338256 0 0 0 134217728 4 74274 1 0 0 17 14 0 0 0 0 0 93824998874888 93825001005840 93825001308160 140737488340073 140737488340470 140737488340470 140737488351179 0
/proc/4059220/statm: 6727 3403 2098 555 0 1769 0
[pid=4059248] ppid=4059220 vsize=43448 memory=35200 CPUtime=4.07 cores=14-15
/proc/4059248/stat : 4059248 (clingo) R 4059220 4059220 4058909 0 -1 0 7114 0 4 0 406 1 0 0 20 0 1 0 923138596 44490752 8800 17179869184 93824992301056 93824992468925 140737488338416 0 0 0 134217728 4 25184771 0 0 0 17 14 0 0 0 0 0 93824992533936 93824992571272 93824992575488 140737488340183 140737488340354 140737488340354 140737488351170 0
/proc/4059248/statm: 10862 8800 2023 41 0 6941 0
Current children cumulated CPU time: 4.14 s
Current children cumulated vsize: 70356 KiB
Current children cumulated memory: 48812 KiB

Child status: 10
Real time (s): 4.22723
CPU time (s): 4.18563
CPU user time (s): 4.14436
CPU system time (s): 0.041273
CPU usage (%): 99.0158
Max. virtual memory (cumulated for all children) (KiB): 70356
Max. memory (cumulated for all children) (KiB): 48812

getrusage(RUSAGE_CHILDREN,...) data:
user time used= 4.14436
system time used= 0.041273
maximum resident set size= 35728
integral shared memory size= 0
integral unshared data size= 0
integral unshared stack size= 0
page reclaims= 9308
page faults= 4
swaps= 0
block input operations= 0
block output operations= 0
messages sent= 0
messages received= 0
signals received= 0
voluntary context switches= 18
involuntary context switches= 15


# summary of solver processes directly reported to runsolver:
#   pid: 4059220
#   total CPU time (s): 4.18563
#   total CPU user time (s): 4.14436
#   total CPU system time (s): 0.041273

??? end of timestamper thread
runsolver used 0.079189 second user time and 0.136375 second system time

The end
