runsolver version 3.4.0 (svn: 3018) Copyright (C) 2010-2013 Olivier ROUSSEL

This program is distributed in the hope that it will be useful,
but WITHOUT ANY WARRANTY; without even the implied warranty of
MERCHANTABILITY or FITNESS FOR A PARTICULAR PURPOSE.  See the
GNU General Public License for more details.

NUMA information:
  number of nodes: 2
  memory of node 0: 257587 MiB (124228 MiB free)
  memory of node 1: 258041 MiB (153226 MiB free)
  node distances:
     10  20
     20  10

command line: /dev/shm/37872fba-2e81-11f1-ac62-000c298f4621/input/runsolver -w /dev/shm/37872fba-2e81-11f1-ac62-000c298f4621/output/runsolver.log -v /dev/shm/37872fba-2e81-11f1-ac62-000c298f4621/output/varfile.log -W 1205 --rss-swap-limit 16384 -d 5 --sigint /usr/bin/perf stat -B -e task-clock,cache-references,cache-misses,cycles,instructions,branches,faults,migrations,context-switches -o /dev/shm/37872fba-2e81-11f1-ac62-000c298f4621/output/perf.log clingo /home/guests/mmacri/AMOSUM/benchmarks/GraphColouring/encoding-plain-amo.asp /dev/shm/37872fba-2e81-11f1-ac62-000c298f4621/input/0049-graph_colouring-145-0_6960.asp 

running on 2 cores: 22-23

Enforcing wall clock limit (soft limit, will send SIGTERM then SIGKILL): 1205 seconds
Enforcing RSS+Swap limit (soft limit, will send SIGTERM then SIGKILL): 16777216 KiB
Linux 5.15.0-131-generic
solver pid=2929132, runsolver pid=2929124
Current StackSize limit: 8192 KiB


[startup+0.100069 s]*
/proc/loadavg: 14.09 14.23 14.01 18/793 2929163
/proc/meminfo: memFree=284098896/528004512 swapFree=8388604/8388604
[pid=2929132] ppid=2929124 vsize=26908 memory=13612 CPUtime=0.06 cores=22-23
/proc/2929132/stat : 2929132 (perf) S 2929124 2929132 2928926 0 -1 0 1738 237 0 0 5 1 0 0 20 0 1 0 912656818 27553792 3403 17179869184 93824994299904 93824996572973 140737488338256 0 0 0 134217728 4 74274 1 0 0 17 22 0 0 0 0 0 93824998874888 93825001005840 93825001308160 140737488340073 140737488340470 140737488340470 140737488351179 0
/proc/2929132/statm: 6727 3403 2098 555 0 1769 0
[pid=2929152] ppid=2929132 vsize=19016 memory=10676 CPUtime=0.02 cores=22-23
/proc/2929152/stat : 2929152 (clingo) R 2929132 2929132 2928926 0 -1 0 905 0 0 0 2 0 0 0 20 0 1 0 912656826 19472384 2669 17179869184 93824992301056 93824992468925 140737488338416 0 0 0 134217728 4 25184771 0 0 0 17 23 0 0 0 0 0 93824992533936 93824992571272 93824992575488 140737488340183 140737488340354 140737488340354 140737488351170 0
/proc/2929152/statm: 4754 2669 2043 41 0 833 0
Current children cumulated CPU time: 0.08 s
Current children cumulated vsize: 45924 KiB
Current children cumulated memory: 24288 KiB

[startup+0.221914 s]*
/proc/loadavg: 14.09 14.23 14.01 14/815 2929268
/proc/meminfo: memFree=284099420/528004512 swapFree=8388604/8388604
[pid=2929132] ppid=2929124 vsize=26908 memory=13612 CPUtime=0.06 cores=22-23
/proc/2929132/stat : 2929132 (perf) S 2929124 2929132 2928926 0 -1 0 1738 237 0 0 5 1 0 0 20 0 1 0 912656818 27553792 3403 17179869184 93824994299904 93824996572973 140737488338256 0 0 0 134217728 4 74274 1 0 0 17 22 0 0 0 0 0 93824998874888 93825001005840 93825001308160 140737488340073 140737488340470 140737488340470 140737488351179 0
/proc/2929132/statm: 6727 3403 2098 555 0 1769 0
[pid=2929152] ppid=2929132 vsize=24156 memory=16196 CPUtime=0.13 cores=22-23
/proc/2929152/stat : 2929152 (clingo) R 2929132 2929132 2928926 0 -1 0 2273 0 0 0 13 0 0 0 20 0 1 0 912656826 24735744 4049 17179869184 93824992301056 93824992468925 140737488338416 0 0 0 134217728 4 25184771 0 0 0 17 22 0 0 0 0 0 93824992533936 93824992571272 93824992575488 140737488340183 140737488340354 140737488340354 140737488351170 0
/proc/2929152/statm: 6039 4049 2089 41 0 2118 0
Current children cumulated CPU time: 0.19 s
Current children cumulated vsize: 51064 KiB
Current children cumulated memory: 29808 KiB

[startup+0.318229 s]*
/proc/loadavg: 14.09 14.23 14.01 17/820 2929273
/proc/meminfo: memFree=284090612/528004512 swapFree=8388604/8388604
[pid=2929132] ppid=2929124 vsize=26908 memory=13612 CPUtime=0.06 cores=22-23
/proc/2929132/stat : 2929132 (perf) S 2929124 2929132 2928926 0 -1 0 1738 237 0 0 5 1 0 0 20 0 1 0 912656818 27553792 3403 17179869184 93824994299904 93824996572973 140737488338256 0 0 0 134217728 4 74274 1 0 0 17 22 0 0 0 0 0 93824998874888 93825001005840 93825001308160 140737488340073 140737488340470 140737488340470 140737488351179 0
/proc/2929132/statm: 6727 3403 2098 555 0 1769 0
[pid=2929152] ppid=2929132 vsize=25352 memory=17252 CPUtime=0.22 cores=22-23
/proc/2929152/stat : 2929152 (clingo) R 2929132 2929132 2928926 0 -1 0 2558 0 0 0 22 0 0 0 20 0 1 0 912656826 25960448 4313 17179869184 93824992301056 93824992468925 140737488338416 0 0 0 134217728 4 25184771 0 0 0 17 22 0 0 0 0 0 93824992533936 93824992571272 93824992575488 140737488340183 140737488340354 140737488340354 140737488351170 0
/proc/2929152/statm: 6338 4313 2089 41 0 2417 0
Current children cumulated CPU time: 0.28 s
Current children cumulated vsize: 52260 KiB
Current children cumulated memory: 30864 KiB

[startup+0.700323 s]
/proc/loadavg: 14.09 14.23 14.01 15/822 2929312
/proc/meminfo: memFree=284164168/528004512 swapFree=8388604/8388604
[pid=2929132] ppid=2929124 vsize=26908 memory=13612 CPUtime=0.06 cores=22-23
/proc/2929132/stat : 2929132 (perf) S 2929124 2929132 2928926 0 -1 0 1738 237 0 0 5 1 0 0 20 0 1 0 912656818 27553792 3403 17179869184 93824994299904 93824996572973 140737488338256 0 0 0 134217728 4 74274 1 0 0 17 22 0 0 0 0 0 93824998874888 93825001005840 93825001308160 140737488340073 140737488340470 140737488340470 140737488351179 0
/proc/2929132/statm: 6727 3403 2098 555 0 1769 0
[pid=2929152] ppid=2929132 vsize=27504 memory=19364 CPUtime=0.59 cores=22-23
/proc/2929152/stat : 2929152 (clingo) R 2929132 2929132 2928926 0 -1 0 3077 0 0 0 59 0 0 0 20 0 1 0 912656826 28164096 4841 17179869184 93824992301056 93824992468925 140737488338416 0 0 0 134217728 4 25184771 0 0 0 17 22 0 0 0 0 0 93824992533936 93824992571272 93824992575488 140737488340183 140737488340354 140737488340354 140737488351170 0
/proc/2929152/statm: 6876 4841 2089 41 0 2955 0
Current children cumulated CPU time: 0.65 s
Current children cumulated vsize: 54412 KiB
Current children cumulated memory: 32976 KiB

[startup+1.50028 s]
/proc/loadavg: 14.09 14.23 14.01 16/779 2929476
/proc/meminfo: memFree=284233060/528004512 swapFree=8388604/8388604
[pid=2929132] ppid=2929124 vsize=26908 memory=13612 CPUtime=0.06 cores=22-23
/proc/2929132/stat : 2929132 (perf) S 2929124 2929132 2928926 0 -1 0 1738 237 0 0 5 1 0 0 20 0 1 0 912656818 27553792 3403 17179869184 93824994299904 93824996572973 140737488338256 0 0 0 134217728 4 74274 1 0 0 17 22 0 0 0 0 0 93824998874888 93825001005840 93825001308160 140737488340073 140737488340470 140737488340470 140737488351179 0
/proc/2929132/statm: 6727 3403 2098 555 0 1769 0
[pid=2929152] ppid=2929132 vsize=28980 memory=20948 CPUtime=1.38 cores=22-23
/proc/2929152/stat : 2929152 (clingo) R 2929132 2929132 2928926 0 -1 0 3455 0 0 0 138 0 0 0 20 0 1 0 912656826 29675520 5237 17179869184 93824992301056 93824992468925 140737488338416 0 0 0 134217728 4 25184771 0 0 0 17 22 0 0 0 0 0 93824992533936 93824992571272 93824992575488 140737488340183 140737488340354 140737488340354 140737488351170 0
/proc/2929152/statm: 7245 5237 2089 41 0 3324 0
Current children cumulated CPU time: 1.44 s
Current children cumulated vsize: 55888 KiB
Current children cumulated memory: 34560 KiB

[startup+3.11887 s]
/proc/loadavg: 14.09 14.23 14.01 16/832 2929808
/proc/meminfo: memFree=284139368/528004512 swapFree=8388604/8388604
[pid=2929132] ppid=2929124 vsize=26908 memory=13612 CPUtime=0.06 cores=22-23
/proc/2929132/stat : 2929132 (perf) S 2929124 2929132 2928926 0 -1 0 1738 237 0 0 5 1 0 0 20 0 1 0 912656818 27553792 3403 17179869184 93824994299904 93824996572973 140737488338256 0 0 0 134217728 4 74274 1 0 0 17 22 0 0 0 0 0 93824998874888 93825001005840 93825001308160 140737488340073 140737488340470 140737488340470 140737488351179 0
/proc/2929132/statm: 6727 3403 2098 555 0 1769 0
[pid=2929152] ppid=2929132 vsize=31088 memory=22728 CPUtime=3 cores=22-23
/proc/2929152/stat : 2929152 (clingo) R 2929132 2929132 2928926 0 -1 0 4036 0 0 0 300 0 0 0 20 0 1 0 912656826 31834112 5682 17179869184 93824992301056 93824992468925 140737488338416 0 0 0 134217728 4 25184771 0 0 0 17 22 0 0 0 0 0 93824992533936 93824992571272 93824992575488 140737488340183 140737488340354 140737488340354 140737488351170 0
/proc/2929152/statm: 7772 5682 2089 41 0 3851 0
Current children cumulated CPU time: 3.06 s
Current children cumulated vsize: 57996 KiB
Current children cumulated memory: 36340 KiB

[startup+6.30029 s]
/proc/loadavg: 14.08 14.22 14.00 17/842 2929855
/proc/meminfo: memFree=283827172/528004512 swapFree=8388604/8388604
[pid=2929132] ppid=2929124 vsize=26908 memory=13612 CPUtime=0.06 cores=22-23
/proc/2929132/stat : 2929132 (perf) S 2929124 2929132 2928926 0 -1 0 1738 237 0 0 5 1 0 0 20 0 1 0 912656818 27553792 3403 17179869184 93824994299904 93824996572973 140737488338256 0 0 0 134217728 4 74274 1 0 0 17 22 0 0 0 0 0 93824998874888 93825001005840 93825001308160 140737488340073 140737488340470 140737488340470 140737488351179 0
/proc/2929132/statm: 6727 3403 2098 555 0 1769 0
[pid=2929152] ppid=2929132 vsize=34952 memory=26424 CPUtime=6.19 cores=22-23
/proc/2929152/stat : 2929152 (clingo) R 2929132 2929132 2928926 0 -1 0 4915 0 0 0 618 1 0 0 20 0 1 0 912656826 35790848 6606 17179869184 93824992301056 93824992468925 140737488338416 0 0 0 134217728 4 25184771 0 0 0 17 22 0 0 0 0 0 93824992533936 93824992571272 93824992575488 140737488340183 140737488340354 140737488340354 140737488351170 0
/proc/2929152/statm: 8738 6606 2089 41 0 4817 0
Current children cumulated CPU time: 6.25 s
Current children cumulated vsize: 61860 KiB
Current children cumulated memory: 40036 KiB

[startup+12.7003 s]
/proc/loadavg: 14.08 14.22 14.00 17/846 2929860
/proc/meminfo: memFree=283717160/528004512 swapFree=8388604/8388604
[pid=2929132] ppid=2929124 vsize=26908 memory=13612 CPUtime=0.06 cores=22-23
/proc/2929132/stat : 2929132 (perf) S 2929124 2929132 2928926 0 -1 0 1738 237 0 0 5 1 0 0 20 0 1 0 912656818 27553792 3403 17179869184 93824994299904 93824996572973 140737488338256 0 0 0 134217728 4 74274 1 0 0 17 22 0 0 0 0 0 93824998874888 93825001005840 93825001308160 140737488340073 140737488340470 140737488340470 140737488351179 0
/proc/2929132/statm: 6727 3403 2098 555 0 1769 0
[pid=2929152] ppid=2929132 vsize=38156 memory=29064 CPUtime=12.59 cores=22-23
/proc/2929152/stat : 2929152 (clingo) R 2929132 2929132 2928926 0 -1 0 5600 0 0 0 1258 1 0 0 20 0 1 0 912656826 39071744 7266 17179869184 93824992301056 93824992468925 140737488338416 0 0 0 134217728 4 25184771 0 0 0 17 22 0 0 0 0 0 93824992533936 93824992571272 93824992575488 140737488340183 140737488340354 140737488340354 140737488351170 0
/proc/2929152/statm: 9539 7266 2089 41 0 5618 0
Current children cumulated CPU time: 12.65 s
Current children cumulated vsize: 65064 KiB
Current children cumulated memory: 42676 KiB

[startup+25.5004 s]
/proc/loadavg: 14.06 14.21 14.00 17/846 2929861
/proc/meminfo: memFree=283644680/528004512 swapFree=8388604/8388604
[pid=2929132] ppid=2929124 vsize=26908 memory=13612 CPUtime=0.06 cores=22-23
/proc/2929132/stat : 2929132 (perf) S 2929124 2929132 2928926 0 -1 0 1738 237 0 0 5 1 0 0 20 0 1 0 912656818 27553792 3403 17179869184 93824994299904 93824996572973 140737488338256 0 0 0 134217728 4 74274 1 0 0 17 22 0 0 0 0 0 93824998874888 93825001005840 93825001308160 140737488340073 140737488340470 140737488340470 140737488351179 0
/proc/2929132/statm: 6727 3403 2098 555 0 1769 0
[pid=2929152] ppid=2929132 vsize=42820 memory=33288 CPUtime=25.39 cores=22-23
/proc/2929152/stat : 2929152 (clingo) R 2929132 2929132 2928926 0 -1 0 6664 0 0 0 2538 1 0 0 20 0 1 0 912656826 43847680 8322 17179869184 93824992301056 93824992468925 140737488338416 0 0 0 134217728 4 25184771 0 0 0 17 22 0 0 0 0 0 93824992533936 93824992571272 93824992575488 140737488340183 140737488340354 140737488340354 140737488351170 0
/proc/2929152/statm: 10705 8322 2089 41 0 6784 0
Current children cumulated CPU time: 25.45 s
Current children cumulated vsize: 69728 KiB
Current children cumulated memory: 46900 KiB

[startup+51.1194 s]
/proc/loadavg: 14.04 14.19 14.00 17/845 2929861
/proc/meminfo: memFree=283491776/528004512 swapFree=8388604/8388604
[pid=2929132] ppid=2929124 vsize=26908 memory=13612 CPUtime=0.06 cores=22-23
/proc/2929132/stat : 2929132 (perf) S 2929124 2929132 2928926 0 -1 0 1738 237 0 0 5 1 0 0 20 0 1 0 912656818 27553792 3403 17179869184 93824994299904 93824996572973 140737488338256 0 0 0 134217728 4 74274 1 0 0 17 22 0 0 0 0 0 93824998874888 93825001005840 93825001308160 140737488340073 140737488340470 140737488340470 140737488351179 0
/proc/2929132/statm: 6727 3403 2098 555 0 1769 0
[pid=2929152] ppid=2929132 vsize=48696 memory=38832 CPUtime=51 cores=22-23
/proc/2929152/stat : 2929152 (clingo) R 2929132 2929132 2928926 0 -1 0 8016 0 0 0 5099 1 0 0 20 0 1 0 912656826 49864704 9708 17179869184 93824992301056 93824992468925 140737488338416 0 0 0 134217728 4 25184771 0 0 0 17 22 0 0 0 0 0 93824992533936 93824992571272 93824992575488 140737488340183 140737488340354 140737488340354 140737488351170 0
/proc/2929152/statm: 12174 9708 2089 41 0 8253 0
Current children cumulated CPU time: 51.06 s
Current children cumulated vsize: 75604 KiB
Current children cumulated memory: 52444 KiB

[startup+102.3 s]
/proc/loadavg: 14.02 14.16 14.00 17/844 2929864
/proc/meminfo: memFree=283387960/528004512 swapFree=8388604/8388604
[pid=2929132] ppid=2929124 vsize=26908 memory=13612 CPUtime=0.06 cores=22-23
/proc/2929132/stat : 2929132 (perf) S 2929124 2929132 2928926 0 -1 0 1738 237 0 0 5 1 0 0 20 0 1 0 912656818 27553792 3403 17179869184 93824994299904 93824996572973 140737488338256 0 0 0 134217728 4 74274 1 0 0 17 22 0 0 0 0 0 93824998874888 93825001005840 93825001308160 140737488340073 140737488340470 140737488340470 140737488351179 0
/proc/2929132/statm: 6727 3403 2098 555 0 1769 0
[pid=2929152] ppid=2929132 vsize=56704 memory=45960 CPUtime=102.19 cores=22-23
/proc/2929152/stat : 2929152 (clingo) R 2929132 2929132 2928926 0 -1 0 9839 0 0 0 10217 2 0 0 20 0 1 0 912656826 58064896 11490 17179869184 93824992301056 93824992468925 140737488338416 0 0 0 134217728 4 25184771 0 0 0 17 22 0 0 0 0 0 93824992533936 93824992571272 93824992575488 140737488340183 140737488340354 140737488340354 140737488351170 0
/proc/2929152/statm: 14176 11490 2089 41 0 10255 0
Current children cumulated CPU time: 102.25 s
Current children cumulated vsize: 83612 KiB
Current children cumulated memory: 59572 KiB

[startup+162.3 s]
/proc/loadavg: 14.14 14.16 14.01 17/844 2929867
/proc/meminfo: memFree=283282400/528004512 swapFree=8388604/8388604
[pid=2929132] ppid=2929124 vsize=26908 memory=13612 CPUtime=0.06 cores=22-23
/proc/2929132/stat : 2929132 (perf) S 2929124 2929132 2928926 0 -1 0 1738 237 0 0 5 1 0 0 20 0 1 0 912656818 27553792 3403 17179869184 93824994299904 93824996572973 140737488338256 0 0 0 134217728 4 74274 1 0 0 17 22 0 0 0 0 0 93824998874888 93825001005840 93825001308160 140737488340073 140737488340470 140737488340470 140737488351179 0
/proc/2929132/statm: 6727 3403 2098 555 0 1769 0
[pid=2929152] ppid=2929132 vsize=62860 memory=52296 CPUtime=162.18 cores=22-23
/proc/2929152/stat : 2929152 (clingo) R 2929132 2929132 2928926 0 -1 0 11368 0 0 0 16216 2 0 0 20 0 1 0 912656826 64368640 13074 17179869184 93824992301056 93824992468925 140737488338416 0 0 0 134217728 4 25184771 0 0 0 17 22 0 0 0 0 0 93824992533936 93824992571272 93824992575488 140737488340183 140737488340354 140737488340354 140737488351170 0
/proc/2929152/statm: 15715 13074 2089 41 0 11794 0
Current children cumulated CPU time: 162.24 s
Current children cumulated vsize: 89768 KiB
Current children cumulated memory: 65908 KiB

[startup+222.3 s]
/proc/loadavg: 14.28 14.20 14.03 17/844 2929871
/proc/meminfo: memFree=283126660/528004512 swapFree=8388604/8388604
[pid=2929132] ppid=2929124 vsize=26908 memory=13612 CPUtime=0.06 cores=22-23
/proc/2929132/stat : 2929132 (perf) S 2929124 2929132 2928926 0 -1 0 1738 237 0 0 5 1 0 0 20 0 1 0 912656818 27553792 3403 17179869184 93824994299904 93824996572973 140737488338256 0 0 0 134217728 4 74274 1 0 0 17 22 0 0 0 0 0 93824998874888 93825001005840 93825001308160 140737488340073 140737488340470 140737488340470 140737488351179 0
/proc/2929132/statm: 6727 3403 2098 555 0 1769 0
[pid=2929152] ppid=2929132 vsize=67604 memory=56520 CPUtime=222.19 cores=22-23
/proc/2929152/stat : 2929152 (clingo) R 2929132 2929132 2928926 0 -1 0 12478 0 0 0 22216 3 0 0 20 0 1 0 912656826 69226496 14130 17179869184 93824992301056 93824992468925 140737488338416 0 0 0 134217728 4 25184771 0 0 0 17 22 0 0 0 0 0 93824992533936 93824992571272 93824992575488 140737488340183 140737488340354 140737488340354 140737488351170 0
/proc/2929152/statm: 16901 14130 2089 41 0 12980 0
Current children cumulated CPU time: 222.25 s
Current children cumulated vsize: 94512 KiB
Current children cumulated memory: 70132 KiB

[startup+282.3 s]
/proc/loadavg: 14.29 14.24 14.06 17/844 2929872
/proc/meminfo: memFree=282954680/528004512 swapFree=8388604/8388604
[pid=2929132] ppid=2929124 vsize=26908 memory=13612 CPUtime=0.06 cores=22-23
/proc/2929132/stat : 2929132 (perf) S 2929124 2929132 2928926 0 -1 0 1738 237 0 0 5 1 0 0 20 0 1 0 912656818 27553792 3403 17179869184 93824994299904 93824996572973 140737488338256 0 0 0 134217728 4 74274 1 0 0 17 22 0 0 0 0 0 93824998874888 93825001005840 93825001308160 140737488340073 140737488340470 140737488340470 140737488351179 0
/proc/2929132/statm: 6727 3403 2098 555 0 1769 0
[pid=2929152] ppid=2929132 vsize=72916 memory=61008 CPUtime=282.19 cores=22-23
/proc/2929152/stat : 2929152 (clingo) R 2929132 2929132 2928926 0 -1 0 13584 0 0 0 28215 4 0 0 20 0 1 0 912656826 74665984 15252 17179869184 93824992301056 93824992468925 140737488338416 0 0 0 134217728 4 25184771 0 0 0 17 22 0 0 0 0 0 93824992533936 93824992571272 93824992575488 140737488340183 140737488340354 140737488340354 140737488351170 0
/proc/2929152/statm: 18229 15252 2089 41 0 14308 0
Current children cumulated CPU time: 282.25 s
Current children cumulated vsize: 99824 KiB
Current children cumulated memory: 74620 KiB

[startup+342.3 s]
/proc/loadavg: 14.10 14.19 14.05 17/820 2929879
/proc/meminfo: memFree=282860620/528004512 swapFree=8388604/8388604
[pid=2929132] ppid=2929124 vsize=26908 memory=13612 CPUtime=0.06 cores=22-23
/proc/2929132/stat : 2929132 (perf) S 2929124 2929132 2928926 0 -1 0 1738 237 0 0 5 1 0 0 20 0 1 0 912656818 27553792 3403 17179869184 93824994299904 93824996572973 140737488338256 0 0 0 134217728 4 74274 1 0 0 17 22 0 0 0 0 0 93824998874888 93825001005840 93825001308160 140737488340073 140737488340470 140737488340470 140737488351179 0
/proc/2929132/statm: 6727 3403 2098 555 0 1769 0
[pid=2929152] ppid=2929132 vsize=80864 memory=67872 CPUtime=342.19 cores=22-23
/proc/2929152/stat : 2929152 (clingo) R 2929132 2929132 2928926 0 -1 0 15277 0 0 0 34215 4 0 0 20 0 1 0 912656826 82804736 16968 17179869184 93824992301056 93824992468925 140737488338416 0 0 0 134217728 4 25184771 0 0 0 17 22 0 0 0 0 0 93824992533936 93824992571272 93824992575488 140737488340183 140737488340354 140737488340354 140737488351170 0
/proc/2929152/statm: 20216 16968 2089 41 0 16295 0
Current children cumulated CPU time: 342.25 s
Current children cumulated vsize: 107772 KiB
Current children cumulated memory: 81484 KiB

[startup+402.3 s]
/proc/loadavg: 14.04 14.15 14.04 17/820 2929883
/proc/meminfo: memFree=282807716/528004512 swapFree=8388604/8388604
[pid=2929132] ppid=2929124 vsize=26908 memory=13612 CPUtime=0.06 cores=22-23
/proc/2929132/stat : 2929132 (perf) S 2929124 2929132 2928926 0 -1 0 1738 237 0 0 5 1 0 0 20 0 1 0 912656818 27553792 3403 17179869184 93824994299904 93824996572973 140737488338256 0 0 0 134217728 4 74274 1 0 0 17 22 0 0 0 0 0 93824998874888 93825001005840 93825001308160 140737488340073 140737488340470 140737488340470 140737488351179 0
/proc/2929132/statm: 6727 3403 2098 555 0 1769 0
[pid=2929152] ppid=2929132 vsize=85416 memory=71568 CPUtime=402.18 cores=22-23
/proc/2929152/stat : 2929152 (clingo) R 2929132 2929132 2928926 0 -1 0 16249 0 0 0 40214 4 0 0 20 0 1 0 912656826 87465984 17892 17179869184 93824992301056 93824992468925 140737488338416 0 0 0 134217728 4 25184771 0 0 0 17 22 0 0 0 0 0 93824992533936 93824992571272 93824992575488 140737488340183 140737488340354 140737488340354 140737488351170 0
/proc/2929152/statm: 21354 17892 2089 41 0 17433 0
Current children cumulated CPU time: 402.24 s
Current children cumulated vsize: 112324 KiB
Current children cumulated memory: 85180 KiB

[startup+462.3 s]
/proc/loadavg: 14.50 14.28 14.09 17/820 2929886
/proc/meminfo: memFree=282762860/528004512 swapFree=8388604/8388604
[pid=2929132] ppid=2929124 vsize=26908 memory=13612 CPUtime=0.06 cores=22-23
/proc/2929132/stat : 2929132 (perf) S 2929124 2929132 2928926 0 -1 0 1738 237 0 0 5 1 0 0 20 0 1 0 912656818 27553792 3403 17179869184 93824994299904 93824996572973 140737488338256 0 0 0 134217728 4 74274 1 0 0 17 22 0 0 0 0 0 93824998874888 93825001005840 93825001308160 140737488340073 140737488340470 140737488340470 140737488351179 0
/proc/2929132/statm: 6727 3403 2098 555 0 1769 0
[pid=2929152] ppid=2929132 vsize=90724 memory=76848 CPUtime=462.18 cores=22-23
/proc/2929152/stat : 2929152 (clingo) R 2929132 2929132 2928926 0 -1 0 17522 0 0 0 46214 4 0 0 20 0 1 0 912656826 92901376 19212 17179869184 93824992301056 93824992468925 140737488338416 0 0 0 134217728 4 25184771 0 0 0 17 22 0 0 0 0 0 93824992533936 93824992571272 93824992575488 140737488340183 140737488340354 140737488340354 140737488351170 0
/proc/2929152/statm: 22681 19212 2089 41 0 18760 0
Current children cumulated CPU time: 462.24 s
Current children cumulated vsize: 117632 KiB
Current children cumulated memory: 90460 KiB

[startup+522.3 s]
/proc/loadavg: 14.41 14.27 14.10 17/820 2929889
/proc/meminfo: memFree=282699876/528004512 swapFree=8388604/8388604
[pid=2929132] ppid=2929124 vsize=26908 memory=13612 CPUtime=0.06 cores=22-23
/proc/2929132/stat : 2929132 (perf) S 2929124 2929132 2928926 0 -1 0 1738 237 0 0 5 1 0 0 20 0 1 0 912656818 27553792 3403 17179869184 93824994299904 93824996572973 140737488338256 0 0 0 134217728 4 74274 1 0 0 17 22 0 0 0 0 0 93824998874888 93825001005840 93825001308160 140737488340073 140737488340470 140737488340470 140737488351179 0
/proc/2929132/statm: 6727 3403 2098 555 0 1769 0
[pid=2929152] ppid=2929132 vsize=94708 memory=80280 CPUtime=522.19 cores=22-23
/proc/2929152/stat : 2929152 (clingo) R 2929132 2929132 2928926 0 -1 0 18411 0 0 0 52214 5 0 0 20 0 1 0 912656826 96980992 20070 17179869184 93824992301056 93824992468925 140737488338416 0 0 0 134217728 4 25184771 0 0 0 17 22 0 0 0 0 0 93824992533936 93824992571272 93824992575488 140737488340183 140737488340354 140737488340354 140737488351170 0
/proc/2929152/statm: 23677 20070 2089 41 0 19756 0
Current children cumulated CPU time: 522.25 s
Current children cumulated vsize: 121616 KiB
Current children cumulated memory: 93892 KiB

[startup+582.3 s]
/proc/loadavg: 14.18 14.23 14.10 17/820 2929893
/proc/meminfo: memFree=282649728/528004512 swapFree=8388604/8388604
[pid=2929132] ppid=2929124 vsize=26908 memory=13612 CPUtime=0.06 cores=22-23
/proc/2929132/stat : 2929132 (perf) S 2929124 2929132 2928926 0 -1 0 1738 237 0 0 5 1 0 0 20 0 1 0 912656818 27553792 3403 17179869184 93824994299904 93824996572973 140737488338256 0 0 0 134217728 4 74274 1 0 0 17 22 0 0 0 0 0 93824998874888 93825001005840 93825001308160 140737488340073 140737488340470 140737488340470 140737488351179 0
/proc/2929132/statm: 6727 3403 2098 555 0 1769 0
[pid=2929152] ppid=2929132 vsize=94708 memory=80544 CPUtime=582.19 cores=22-23
/proc/2929152/stat : 2929152 (clingo) R 2929132 2929132 2928926 0 -1 0 18494 0 0 0 58214 5 0 0 20 0 1 0 912656826 96980992 20136 17179869184 93824992301056 93824992468925 140737488338416 0 0 0 134217728 4 25184771 0 0 0 17 22 0 0 0 0 0 93824992533936 93824992571272 93824992575488 140737488340183 140737488340354 140737488340354 140737488351170 0
/proc/2929152/statm: 23677 20136 2089 41 0 19756 0
Current children cumulated CPU time: 582.25 s
Current children cumulated vsize: 121616 KiB
Current children cumulated memory: 94156 KiB

[startup+642.3 s]
/proc/loadavg: 14.22 14.22 14.10 17/819 2929896
/proc/meminfo: memFree=282593328/528004512 swapFree=8388604/8388604
[pid=2929132] ppid=2929124 vsize=26908 memory=13612 CPUtime=0.06 cores=22-23
/proc/2929132/stat : 2929132 (perf) S 2929124 2929132 2928926 0 -1 0 1738 237 0 0 5 1 0 0 20 0 1 0 912656818 27553792 3403 17179869184 93824994299904 93824996572973 140737488338256 0 0 0 134217728 4 74274 1 0 0 17 22 0 0 0 0 0 93824998874888 93825001005840 93825001308160 140737488340073 140737488340470 140737488340470 140737488351179 0
/proc/2929132/statm: 6727 3403 2098 555 0 1769 0
[pid=2929152] ppid=2929132 vsize=97224 memory=83184 CPUtime=642.19 cores=22-23
/proc/2929152/stat : 2929152 (clingo) R 2929132 2929132 2928926 0 -1 0 19120 0 0 0 64213 6 0 0 20 0 1 0 912656826 99557376 20796 17179869184 93824992301056 93824992468925 140737488338416 0 0 0 134217728 4 25184771 0 0 0 17 22 0 0 0 0 0 93824992533936 93824992571272 93824992575488 140737488340183 140737488340354 140737488340354 140737488351170 0
/proc/2929152/statm: 24306 20796 2089 41 0 20385 0
Current children cumulated CPU time: 642.25 s
Current children cumulated vsize: 124132 KiB
Current children cumulated memory: 96796 KiB

[startup+702.3 s]
/proc/loadavg: 14.76 14.39 14.17 17/819 2929898
/proc/meminfo: memFree=282529572/528004512 swapFree=8388604/8388604
[pid=2929132] ppid=2929124 vsize=26908 memory=13612 CPUtime=0.06 cores=22-23
/proc/2929132/stat : 2929132 (perf) S 2929124 2929132 2928926 0 -1 0 1738 237 0 0 5 1 0 0 20 0 1 0 912656818 27553792 3403 17179869184 93824994299904 93824996572973 140737488338256 0 0 0 134217728 4 74274 1 0 0 17 22 0 0 0 0 0 93824998874888 93825001005840 93825001308160 140737488340073 140737488340470 140737488340470 140737488351179 0
/proc/2929132/statm: 6727 3403 2098 555 0 1769 0
[pid=2929152] ppid=2929132 vsize=99408 memory=85560 CPUtime=702.18 cores=22-23
/proc/2929152/stat : 2929152 (clingo) R 2929132 2929132 2928926 0 -1 0 19744 0 0 0 70212 6 0 0 20 0 1 0 912656826 101793792 21390 17179869184 93824992301056 93824992468925 140737488338416 0 0 0 134217728 4 25184771 0 0 0 17 22 0 0 0 0 0 93824992533936 93824992571272 93824992575488 140737488340183 140737488340354 140737488340354 140737488351170 0
/proc/2929152/statm: 24852 21390 2089 41 0 20931 0
Current children cumulated CPU time: 702.24 s
Current children cumulated vsize: 126316 KiB
Current children cumulated memory: 99172 KiB

[startup+762.3 s]
/proc/loadavg: 14.31 14.33 14.16 17/819 2929899
/proc/meminfo: memFree=282472368/528004512 swapFree=8388604/8388604
[pid=2929132] ppid=2929124 vsize=26908 memory=13612 CPUtime=0.06 cores=22-23
/proc/2929132/stat : 2929132 (perf) S 2929124 2929132 2928926 0 -1 0 1738 237 0 0 5 1 0 0 20 0 1 0 912656818 27553792 3403 17179869184 93824994299904 93824996572973 140737488338256 0 0 0 134217728 4 74274 1 0 0 17 22 0 0 0 0 0 93824998874888 93825001005840 93825001308160 140737488340073 140737488340470 140737488340470 140737488351179 0
/proc/2929132/statm: 6727 3403 2098 555 0 1769 0
[pid=2929152] ppid=2929132 vsize=101992 memory=88200 CPUtime=762.18 cores=22-23
/proc/2929152/stat : 2929152 (clingo) R 2929132 2929132 2928926 0 -1 0 20389 0 0 0 76212 6 0 0 20 0 1 0 912656826 104439808 22050 17179869184 93824992301056 93824992468925 140737488338416 0 0 0 134217728 4 25184771 0 0 0 17 22 0 0 0 0 0 93824992533936 93824992571272 93824992575488 140737488340183 140737488340354 140737488340354 140737488351170 0
/proc/2929152/statm: 25498 22050 2089 41 0 21577 0
Current children cumulated CPU time: 762.24 s
Current children cumulated vsize: 128900 KiB
Current children cumulated memory: 101812 KiB

[startup+822.3 s]
/proc/loadavg: 14.11 14.27 14.15 17/819 2929901
/proc/meminfo: memFree=282393744/528004512 swapFree=8388604/8388604
[pid=2929132] ppid=2929124 vsize=26908 memory=13612 CPUtime=0.06 cores=22-23
/proc/2929132/stat : 2929132 (perf) S 2929124 2929132 2928926 0 -1 0 1738 237 0 0 5 1 0 0 20 0 1 0 912656818 27553792 3403 17179869184 93824994299904 93824996572973 140737488338256 0 0 0 134217728 4 74274 1 0 0 17 22 0 0 0 0 0 93824998874888 93825001005840 93825001308160 140737488340073 140737488340470 140737488340470 140737488351179 0
/proc/2929132/statm: 6727 3403 2098 555 0 1769 0
[pid=2929152] ppid=2929132 vsize=103524 memory=90048 CPUtime=822.18 cores=22-23
/proc/2929152/stat : 2929152 (clingo) R 2929132 2929132 2928926 0 -1 0 20808 0 0 0 82212 6 0 0 20 0 1 0 912656826 106008576 22512 17179869184 93824992301056 93824992468925 140737488338416 0 0 0 134217728 4 25184771 0 0 0 17 22 0 0 0 0 0 93824992533936 93824992571272 93824992575488 140737488340183 140737488340354 140737488340354 140737488351170 0
/proc/2929152/statm: 25881 22512 2089 41 0 21960 0
Current children cumulated CPU time: 822.24 s
Current children cumulated vsize: 130432 KiB
Current children cumulated memory: 103660 KiB

[startup+882.3 s]
/proc/loadavg: 14.08 14.23 14.14 17/819 2929945
/proc/meminfo: memFree=282364796/528004512 swapFree=8388604/8388604
[pid=2929132] ppid=2929124 vsize=26908 memory=13612 CPUtime=0.06 cores=22-23
/proc/2929132/stat : 2929132 (perf) S 2929124 2929132 2928926 0 -1 0 1738 237 0 0 5 1 0 0 20 0 1 0 912656818 27553792 3403 17179869184 93824994299904 93824996572973 140737488338256 0 0 0 134217728 4 74274 1 0 0 17 22 0 0 0 0 0 93824998874888 93825001005840 93825001308160 140737488340073 140737488340470 140737488340470 140737488351179 0
/proc/2929132/statm: 6727 3403 2098 555 0 1769 0
[pid=2929152] ppid=2929132 vsize=105540 memory=91896 CPUtime=882.18 cores=22-23
/proc/2929152/stat : 2929152 (clingo) R 2929132 2929132 2928926 0 -1 0 21296 0 0 0 88212 6 0 0 20 0 1 0 912656826 108072960 22974 17179869184 93824992301056 93824992468925 140737488338416 0 0 0 134217728 4 25184771 0 0 0 17 22 0 0 0 0 0 93824992533936 93824992571272 93824992575488 140737488340183 140737488340354 140737488340354 140737488351170 0
/proc/2929152/statm: 26385 22974 2089 41 0 22464 0
Current children cumulated CPU time: 882.24 s
Current children cumulated vsize: 132448 KiB
Current children cumulated memory: 105508 KiB

[startup+942.3 s]
/proc/loadavg: 14.11 14.20 14.14 17/819 2929946
/proc/meminfo: memFree=282311120/528004512 swapFree=8388604/8388604
[pid=2929132] ppid=2929124 vsize=26908 memory=13612 CPUtime=0.06 cores=22-23
/proc/2929132/stat : 2929132 (perf) S 2929124 2929132 2928926 0 -1 0 1738 237 0 0 5 1 0 0 20 0 1 0 912656818 27553792 3403 17179869184 93824994299904 93824996572973 140737488338256 0 0 0 134217728 4 74274 1 0 0 17 22 0 0 0 0 0 93824998874888 93825001005840 93825001308160 140737488340073 140737488340470 140737488340470 140737488351179 0
/proc/2929132/statm: 6727 3403 2098 555 0 1769 0
[pid=2929152] ppid=2929132 vsize=107268 memory=93480 CPUtime=942.19 cores=22-23
/proc/2929152/stat : 2929152 (clingo) R 2929132 2929132 2928926 0 -1 0 21677 0 0 0 94212 7 0 0 20 0 1 0 912656826 109842432 23370 17179869184 93824992301056 93824992468925 140737488338416 0 0 0 134217728 4 25184771 0 0 0 17 22 0 0 0 0 0 93824992533936 93824992571272 93824992575488 140737488340183 140737488340354 140737488340354 140737488351170 0
/proc/2929152/statm: 26817 23370 2089 41 0 22896 0
Current children cumulated CPU time: 942.25 s
Current children cumulated vsize: 134176 KiB
Current children cumulated memory: 107092 KiB

[startup+1002.3 s]
/proc/loadavg: 14.33 14.27 14.17 17/818 2929947
/proc/meminfo: memFree=282179072/528004512 swapFree=8388604/8388604
[pid=2929132] ppid=2929124 vsize=26908 memory=13612 CPUtime=0.06 cores=22-23
/proc/2929132/stat : 2929132 (perf) S 2929124 2929132 2928926 0 -1 0 1738 237 0 0 5 1 0 0 20 0 1 0 912656818 27553792 3403 17179869184 93824994299904 93824996572973 140737488338256 0 0 0 134217728 4 74274 1 0 0 17 22 0 0 0 0 0 93824998874888 93825001005840 93825001308160 140737488340073 140737488340470 140737488340470 140737488351179 0
/proc/2929132/statm: 6727 3403 2098 555 0 1769 0
[pid=2929152] ppid=2929132 vsize=111876 memory=97440 CPUtime=1002.19 cores=22-23
/proc/2929152/stat : 2929152 (clingo) R 2929132 2929132 2928926 0 -1 0 22672 0 0 0 100212 7 0 0 20 0 1 0 912656826 114561024 24360 17179869184 93824992301056 93824992468925 140737488338416 0 0 0 134217728 4 25184771 0 0 0 17 22 0 0 0 0 0 93824992533936 93824992571272 93824992575488 140737488340183 140737488340354 140737488340354 140737488351170 0
/proc/2929152/statm: 27969 24360 2089 41 0 24048 0
Current children cumulated CPU time: 1002.25 s
Current children cumulated vsize: 138784 KiB
Current children cumulated memory: 111052 KiB

[startup+1062.3 s]
/proc/loadavg: 14.12 14.22 14.16 17/819 2929949
/proc/meminfo: memFree=282065404/528004512 swapFree=8388604/8388604
[pid=2929132] ppid=2929124 vsize=26908 memory=13612 CPUtime=0.06 cores=22-23
/proc/2929132/stat : 2929132 (perf) S 2929124 2929132 2928926 0 -1 0 1738 237 0 0 5 1 0 0 20 0 1 0 912656818 27553792 3403 17179869184 93824994299904 93824996572973 140737488338256 0 0 0 134217728 4 74274 1 0 0 17 22 0 0 0 0 0 93824998874888 93825001005840 93825001308160 140737488340073 140737488340470 140737488340470 140737488351179 0
/proc/2929132/statm: 6727 3403 2098 555 0 1769 0
[pid=2929152] ppid=2929132 vsize=113028 memory=98496 CPUtime=1062.19 cores=22-23
/proc/2929152/stat : 2929152 (clingo) R 2929132 2929132 2928926 0 -1 0 22968 0 0 0 106212 7 0 0 20 0 1 0 912656826 115740672 24624 17179869184 93824992301056 93824992468925 140737488338416 0 0 0 134217728 4 25184771 0 0 0 17 22 0 0 0 0 0 93824992533936 93824992571272 93824992575488 140737488340183 140737488340354 140737488340354 140737488351170 0
/proc/2929152/statm: 28257 24624 2089 41 0 24336 0
Current children cumulated CPU time: 1062.25 s
Current children cumulated vsize: 139936 KiB
Current children cumulated memory: 112108 KiB

[startup+1122.3 s]
/proc/loadavg: 14.04 14.18 14.14 17/819 2929951
/proc/meminfo: memFree=282041968/528004512 swapFree=8388604/8388604
[pid=2929132] ppid=2929124 vsize=26908 memory=13612 CPUtime=0.06 cores=22-23
/proc/2929132/stat : 2929132 (perf) S 2929124 2929132 2928926 0 -1 0 1738 237 0 0 5 1 0 0 20 0 1 0 912656818 27553792 3403 17179869184 93824994299904 93824996572973 140737488338256 0 0 0 134217728 4 74274 1 0 0 17 22 0 0 0 0 0 93824998874888 93825001005840 93825001308160 140737488340073 140737488340470 140737488340470 140737488351179 0
/proc/2929132/statm: 6727 3403 2098 555 0 1769 0
[pid=2929152] ppid=2929132 vsize=120228 memory=104304 CPUtime=1122.18 cores=22-23
/proc/2929152/stat : 2929152 (clingo) R 2929132 2929132 2928926 0 -1 0 24406 0 0 0 112211 7 0 0 20 0 1 0 912656826 123113472 26076 17179869184 93824992301056 93824992468925 140737488338416 0 0 0 134217728 4 25184771 0 0 0 17 22 0 0 0 0 0 93824992533936 93824992571272 93824992575488 140737488340183 140737488340354 140737488340354 140737488351170 0
/proc/2929152/statm: 30057 26076 2089 41 0 26136 0
Current children cumulated CPU time: 1122.24 s
Current children cumulated vsize: 147136 KiB
Current children cumulated memory: 117916 KiB

[startup+1182.3 s]
/proc/loadavg: 14.01 14.14 14.13 17/819 2929952
/proc/meminfo: memFree=282022816/528004512 swapFree=8388604/8388604
[pid=2929132] ppid=2929124 vsize=26908 memory=13612 CPUtime=0.06 cores=22-23
/proc/2929132/stat : 2929132 (perf) S 2929124 2929132 2928926 0 -1 0 1738 237 0 0 5 1 0 0 20 0 1 0 912656818 27553792 3403 17179869184 93824994299904 93824996572973 140737488338256 0 0 0 134217728 4 74274 1 0 0 17 22 0 0 0 0 0 93824998874888 93825001005840 93825001308160 140737488340073 140737488340470 140737488340470 140737488351179 0
/proc/2929132/statm: 6727 3403 2098 555 0 1769 0
[pid=2929152] ppid=2929132 vsize=121380 memory=105360 CPUtime=1182.18 cores=22-23
/proc/2929152/stat : 2929152 (clingo) R 2929132 2929132 2928926 0 -1 0 24672 0 0 0 118211 7 0 0 20 0 1 0 912656826 124293120 26340 17179869184 93824992301056 93824992468925 140737488338416 0 0 0 134217728 4 25184771 0 0 0 17 22 0 0 0 0 0 93824992533936 93824992571272 93824992575488 140737488340183 140737488340354 140737488340354 140737488351170 0
/proc/2929152/statm: 30345 26340 2089 41 0 26424 0
Current children cumulated CPU time: 1182.24 s
Current children cumulated vsize: 148288 KiB
Current children cumulated memory: 118972 KiB



Maximum wall clock time exceeded: sending SIGTERM then SIGKILL

[startup+1205 s]*
/proc/loadavg: 14.01 14.13 14.13 16/760 2930150
/proc/meminfo: memFree=282541988/528004512 swapFree=8388604/8388604
[pid=2929132] ppid=2929124 vsize=26908 memory=13612 CPUtime=0.06 cores=22-23
/proc/2929132/stat : 2929132 (perf) S 2929124 2929132 2928926 0 -1 0 1738 237 0 0 5 1 0 0 20 0 1 0 912656818 27553792 3403 17179869184 93824994299904 93824996572973 140737488338256 0 0 0 134217728 4 74274 1 0 0 17 22 0 0 0 0 0 93824998874888 93825001005840 93825001308160 140737488340073 140737488340470 140737488340470 140737488351179 0
/proc/2929132/statm: 6727 3403 2098 555 0 1769 0
[pid=2929152] ppid=2929132 vsize=121956 memory=105888 CPUtime=1204.9 cores=22-23
/proc/2929152/stat : 2929152 (clingo) R 2929132 2929132 2928926 0 -1 0 24795 0 0 0 120483 7 0 0 20 0 1 0 912656826 124882944 26472 17179869184 93824992301056 93824992468925 140737488338416 0 0 0 134217728 4 25184771 0 0 0 17 22 0 0 0 0 0 93824992533936 93824992571272 93824992575488 140737488340183 140737488340354 140737488340354 140737488351170 0
/proc/2929152/statm: 30489 26472 2089 41 0 26568 0
Current children cumulated CPU time: 1204.96 s
Current children cumulated vsize: 148864 KiB
Current children cumulated memory: 119500 KiB

Sending SIGINT to process tree (bottom up)
Sleeping 5 seconds

[startup+1205.03 s]
# the end of solver process 2929132 was just reported to runsolver
# cumulated CPU time of all completed processes:  user=1204.9 s, system=0.102423 s

Solver just ended.
??? end of watcher thread
Dumping a history of the last processes samples

Child status: 1
Real time (s): 1205.03
CPU time (s): 1205
CPU user time (s): 1204.9
CPU system time (s): 0.102423
CPU usage (%): 99.9978
Max. virtual memory (cumulated for all children) (KiB): 148864
Max. memory (cumulated for all children) (KiB): 119500

getrusage(RUSAGE_CHILDREN,...) data:
user time used= 1204.9
system time used= 0.102423
maximum resident set size= 106024
integral shared memory size= 0
integral unshared data size= 0
integral unshared stack size= 0
page reclaims= 26810
page faults= 0
swaps= 0
block input operations= 0
block output operations= 0
messages sent= 0
messages received= 0
signals received= 0
voluntary context switches= 72
involuntary context switches= 942


# summary of solver processes directly reported to runsolver:
#   pid: 2929132
#   total CPU time (s): 1205
#   total CPU user time (s): 1204.9
#   total CPU system time (s): 0.102423

??? end of timestamper thread
runsolver used 7.37143 second user time and 17.109 second system time

The end
