runsolver version 3.4.0 (svn: 3018) Copyright (C) 2010-2013 Olivier ROUSSEL

This program is distributed in the hope that it will be useful,
but WITHOUT ANY WARRANTY; without even the implied warranty of
MERCHANTABILITY or FITNESS FOR A PARTICULAR PURPOSE.  See the
GNU General Public License for more details.

NUMA information:
  number of nodes: 2
  memory of node 0: 257635 MiB (188947 MiB free)
  memory of node 1: 257994 MiB (176215 MiB free)
  node distances:
     10  20
     20  10

command line: /dev/shm/375aea68-2e81-11f1-ac62-000c298f4621/input/runsolver -w /dev/shm/375aea68-2e81-11f1-ac62-000c298f4621/output/runsolver.log -v /dev/shm/375aea68-2e81-11f1-ac62-000c298f4621/output/varfile.log -W 1205 --rss-swap-limit 16384 -d 5 --sigint /usr/bin/perf stat -B -e task-clock,cache-references,cache-misses,cycles,instructions,branches,faults,migrations,context-switches -o /dev/shm/375aea68-2e81-11f1-ac62-000c298f4621/output/perf.log clingo /home/guests/mmacri/AMOSUM/benchmarks/GraphColouring/encoding-plain-amo.asp /dev/shm/375aea68-2e81-11f1-ac62-000c298f4621/input/0025-graph_colouring-135-0_6480.asp 

running on 2 cores: 28-29

Enforcing wall clock limit (soft limit, will send SIGTERM then SIGKILL): 1205 seconds
Enforcing RSS+Swap limit (soft limit, will send SIGTERM then SIGKILL): 16777216 KiB
Linux 5.15.0-131-generic
Current StackSize limit: 8192 KiB

solver pid=1606690, runsolver pid=1606689

[startup+0.100067 s]*
/proc/loadavg: 14.15 14.20 13.30 19/815 1606712
/proc/meminfo: memFree=373961304/528004520 swapFree=8388604/8388604
[pid=1606690] ppid=1606689 vsize=26908 memory=13612 CPUtime=0.07 cores=28-29
/proc/1606690/stat : 1606690 (perf) S 1606689 1606690 1606309 0 -1 0 1737 237 0 0 7 0 0 0 20 0 1 0 923003543 27553792 3403 17179869184 93824994299904 93824996572973 140737488338256 0 0 0 134217728 4 74274 1 0 0 17 28 0 0 0 0 0 93824998874888 93825001005840 93825001308160 140737488340073 140737488340470 140737488340470 140737488351179 0
/proc/1606690/statm: 6727 3403 2098 555 0 1769 0
[pid=1606710] ppid=1606690 vsize=18496 memory=10384 CPUtime=0.01 cores=28-29
/proc/1606710/stat : 1606710 (clingo) R 1606690 1606690 1606309 0 -1 0 792 0 0 0 1 0 0 0 20 0 1 0 923003551 18939904 2596 17179869184 93824992301056 93824992468925 140737488338416 0 0 0 134217728 4 25184771 0 0 0 17 29 0 0 0 0 0 93824992533936 93824992571272 93824992575488 140737488340183 140737488340354 140737488340354 140737488351170 0
/proc/1606710/statm: 4624 2596 2044 41 0 703 0
Current children cumulated CPU time: 0.08 s
Current children cumulated vsize: 45404 KiB
Current children cumulated memory: 23996 KiB

[startup+0.238525 s]*
/proc/loadavg: 14.15 14.20 13.30 22/823 1606723
/proc/meminfo: memFree=373907744/528004520 swapFree=8388604/8388604
[pid=1606690] ppid=1606689 vsize=26908 memory=13612 CPUtime=0.07 cores=28-29
/proc/1606690/stat : 1606690 (perf) S 1606689 1606690 1606309 0 -1 0 1737 237 0 0 7 0 0 0 20 0 1 0 923003543 27553792 3403 17179869184 93824994299904 93824996572973 140737488338256 0 0 0 134217728 4 74274 1 0 0 17 28 0 0 0 0 0 93824998874888 93825001005840 93825001308160 140737488340073 140737488340470 140737488340470 140737488351179 0
/proc/1606690/statm: 6727 3403 2098 555 0 1769 0
[pid=1606710] ppid=1606690 vsize=23864 memory=15856 CPUtime=0.14 cores=28-29
/proc/1606710/stat : 1606710 (clingo) R 1606690 1606690 1606309 0 -1 0 2192 0 0 0 13 1 0 0 20 0 1 0 923003551 24436736 3964 17179869184 93824992301056 93824992468925 140737488338416 0 0 0 134217728 4 25184771 0 0 0 17 29 0 0 0 0 0 93824992533936 93824992571272 93824992575488 140737488340183 140737488340354 140737488340354 140737488351170 0
/proc/1606710/statm: 5966 3964 2089 41 0 2045 0
Current children cumulated CPU time: 0.21 s
Current children cumulated vsize: 50772 KiB
Current children cumulated memory: 29468 KiB

[startup+0.334804 s]*
/proc/loadavg: 14.15 14.20 13.30 21/829 1606729
/proc/meminfo: memFree=373889124/528004520 swapFree=8388604/8388604
[pid=1606690] ppid=1606689 vsize=26908 memory=13612 CPUtime=0.07 cores=28-29
/proc/1606690/stat : 1606690 (perf) S 1606689 1606690 1606309 0 -1 0 1737 237 0 0 7 0 0 0 20 0 1 0 923003543 27553792 3403 17179869184 93824994299904 93824996572973 140737488338256 0 0 0 134217728 4 74274 1 0 0 17 28 0 0 0 0 0 93824998874888 93825001005840 93825001308160 140737488340073 140737488340470 140737488340470 140737488351179 0
/proc/1606690/statm: 6727 3403 2098 555 0 1769 0
[pid=1606710] ppid=1606690 vsize=24924 memory=16912 CPUtime=0.22 cores=28-29
/proc/1606710/stat : 1606710 (clingo) R 1606690 1606690 1606309 0 -1 0 2449 0 0 0 21 1 0 0 20 0 1 0 923003551 25522176 4228 17179869184 93824992301056 93824992468925 140737488338416 0 0 0 134217728 4 25184771 0 0 0 17 29 0 0 0 0 0 93824992533936 93824992571272 93824992575488 140737488340183 140737488340354 140737488340354 140737488351170 0
/proc/1606710/statm: 6231 4228 2089 41 0 2310 0
Current children cumulated CPU time: 0.29 s
Current children cumulated vsize: 51832 KiB
Current children cumulated memory: 30524 KiB

[startup+0.700322 s]
/proc/loadavg: 14.15 14.20 13.30 18/830 1606765
/proc/meminfo: memFree=373882104/528004520 swapFree=8388604/8388604
[pid=1606690] ppid=1606689 vsize=26908 memory=13612 CPUtime=0.07 cores=28-29
/proc/1606690/stat : 1606690 (perf) S 1606689 1606690 1606309 0 -1 0 1737 237 0 0 7 0 0 0 20 0 1 0 923003543 27553792 3403 17179869184 93824994299904 93824996572973 140737488338256 0 0 0 134217728 4 74274 1 0 0 17 28 0 0 0 0 0 93824998874888 93825001005840 93825001308160 140737488340073 140737488340470 140737488340470 140737488351179 0
/proc/1606690/statm: 6727 3403 2098 555 0 1769 0
[pid=1606710] ppid=1606690 vsize=26384 memory=18232 CPUtime=0.51 cores=28-29
/proc/1606710/stat : 1606710 (clingo) R 1606690 1606690 1606309 0 -1 0 2808 0 0 0 50 1 0 0 20 0 1 0 923003551 27017216 4558 17179869184 93824992301056 93824992468925 140737488338416 0 0 0 134217728 4 25184771 0 0 0 17 29 0 0 0 0 0 93824992533936 93824992571272 93824992575488 140737488340183 140737488340354 140737488340354 140737488351170 0
/proc/1606710/statm: 6596 4558 2089 41 0 2675 0
Current children cumulated CPU time: 0.58 s
Current children cumulated vsize: 53292 KiB
Current children cumulated memory: 31844 KiB

[startup+1.50034 s]
/proc/loadavg: 14.29 14.24 13.31 18/806 1606792
/proc/meminfo: memFree=373973620/528004520 swapFree=8388604/8388604
[pid=1606690] ppid=1606689 vsize=26908 memory=13612 CPUtime=0.07 cores=28-29
/proc/1606690/stat : 1606690 (perf) S 1606689 1606690 1606309 0 -1 0 1737 237 0 0 7 0 0 0 20 0 1 0 923003543 27553792 3403 17179869184 93824994299904 93824996572973 140737488338256 0 0 0 134217728 4 74274 1 0 0 17 28 0 0 0 0 0 93824998874888 93825001005840 93825001308160 140737488340073 140737488340470 140737488340470 140737488351179 0
/proc/1606690/statm: 6727 3403 2098 555 0 1769 0
[pid=1606710] ppid=1606690 vsize=27740 memory=19552 CPUtime=1.3 cores=28-29
/proc/1606710/stat : 1606710 (clingo) R 1606690 1606690 1606309 0 -1 0 3161 0 0 0 129 1 0 0 20 0 1 0 923003551 28405760 4888 17179869184 93824992301056 93824992468925 140737488338416 0 0 0 134217728 4 25184771 0 0 0 17 28 0 0 0 0 0 93824992533936 93824992571272 93824992575488 140737488340183 140737488340354 140737488340354 140737488351170 0
/proc/1606710/statm: 6935 4888 2089 41 0 3014 0
Current children cumulated CPU time: 1.37 s
Current children cumulated vsize: 54648 KiB
Current children cumulated memory: 33164 KiB

[startup+3.11881 s]
/proc/loadavg: 14.29 14.24 13.31 16/832 1607270
/proc/meminfo: memFree=374029272/528004520 swapFree=8388604/8388604
[pid=1606690] ppid=1606689 vsize=26908 memory=13612 CPUtime=0.07 cores=28-29
/proc/1606690/stat : 1606690 (perf) S 1606689 1606690 1606309 0 -1 0 1737 237 0 0 7 0 0 0 20 0 1 0 923003543 27553792 3403 17179869184 93824994299904 93824996572973 140737488338256 0 0 0 134217728 4 74274 1 0 0 17 28 0 0 0 0 0 93824998874888 93825001005840 93825001308160 140737488340073 140737488340470 140737488340470 140737488351179 0
/proc/1606690/statm: 6727 3403 2098 555 0 1769 0
[pid=1606710] ppid=1606690 vsize=31284 memory=22984 CPUtime=2.92 cores=28-29
/proc/1606710/stat : 1606710 (clingo) R 1606690 1606690 1606309 0 -1 0 3983 0 0 0 291 1 0 0 20 0 1 0 923003551 32034816 5746 17179869184 93824992301056 93824992468925 140737488338416 0 0 0 134217728 4 25184771 0 0 0 17 28 0 0 0 0 0 93824992533936 93824992571272 93824992575488 140737488340183 140737488340354 140737488340354 140737488351170 0
/proc/1606710/statm: 7821 5746 2089 41 0 3900 0
Current children cumulated CPU time: 2.99 s
Current children cumulated vsize: 58192 KiB
Current children cumulated memory: 36596 KiB

[startup+6.30028 s]
/proc/loadavg: 14.27 14.23 13.31 17/832 1607385
/proc/meminfo: memFree=374064628/528004520 swapFree=8388604/8388604
[pid=1606690] ppid=1606689 vsize=26908 memory=13612 CPUtime=0.07 cores=28-29
/proc/1606690/stat : 1606690 (perf) S 1606689 1606690 1606309 0 -1 0 1737 237 0 0 7 0 0 0 20 0 1 0 923003543 27553792 3403 17179869184 93824994299904 93824996572973 140737488338256 0 0 0 134217728 4 74274 1 0 0 17 28 0 0 0 0 0 93824998874888 93825001005840 93825001308160 140737488340073 140737488340470 140737488340470 140737488351179 0
/proc/1606690/statm: 6727 3403 2098 555 0 1769 0
[pid=1606710] ppid=1606690 vsize=34352 memory=25624 CPUtime=6.1 cores=28-29
/proc/1606710/stat : 1606710 (clingo) R 1606690 1606690 1606309 0 -1 0 4637 0 0 0 609 1 0 0 20 0 1 0 923003551 35176448 6406 17179869184 93824992301056 93824992468925 140737488338416 0 0 0 134217728 4 25184771 0 0 0 17 28 0 0 0 0 0 93824992533936 93824992571272 93824992575488 140737488340183 140737488340354 140737488340354 140737488351170 0
/proc/1606710/statm: 8588 6406 2089 41 0 4667 0
Current children cumulated CPU time: 6.17 s
Current children cumulated vsize: 61260 KiB
Current children cumulated memory: 39236 KiB

[startup+12.7003 s]
/proc/loadavg: 14.25 14.23 13.32 17/833 1607592
/proc/meminfo: memFree=374007668/528004520 swapFree=8388604/8388604
[pid=1606690] ppid=1606689 vsize=26908 memory=13612 CPUtime=0.07 cores=28-29
/proc/1606690/stat : 1606690 (perf) S 1606689 1606690 1606309 0 -1 0 1737 237 0 0 7 0 0 0 20 0 1 0 923003543 27553792 3403 17179869184 93824994299904 93824996572973 140737488338256 0 0 0 134217728 4 74274 1 0 0 17 28 0 0 0 0 0 93824998874888 93825001005840 93825001308160 140737488340073 140737488340470 140737488340470 140737488351179 0
/proc/1606690/statm: 6727 3403 2098 555 0 1769 0
[pid=1606710] ppid=1606690 vsize=37844 memory=28792 CPUtime=12.5 cores=28-29
/proc/1606710/stat : 1606710 (clingo) R 1606690 1606690 1606309 0 -1 0 5447 0 0 0 1249 1 0 0 20 0 1 0 923003551 38752256 7198 17179869184 93824992301056 93824992468925 140737488338416 0 0 0 134217728 4 25184771 0 0 0 17 28 0 0 0 0 0 93824992533936 93824992571272 93824992575488 140737488340183 140737488340354 140737488340354 140737488351170 0
/proc/1606710/statm: 9461 7198 2089 41 0 5540 0
Current children cumulated CPU time: 12.57 s
Current children cumulated vsize: 64752 KiB
Current children cumulated memory: 42404 KiB

[startup+25.5004 s]
/proc/loadavg: 14.21 14.22 13.33 17/833 1607592
/proc/meminfo: memFree=373923968/528004520 swapFree=8388604/8388604
[pid=1606690] ppid=1606689 vsize=26908 memory=13612 CPUtime=0.07 cores=28-29
/proc/1606690/stat : 1606690 (perf) S 1606689 1606690 1606309 0 -1 0 1737 237 0 0 7 0 0 0 20 0 1 0 923003543 27553792 3403 17179869184 93824994299904 93824996572973 140737488338256 0 0 0 134217728 4 74274 1 0 0 17 28 0 0 0 0 0 93824998874888 93825001005840 93825001308160 140737488340073 140737488340470 140737488340470 140737488351179 0
/proc/1606690/statm: 6727 3403 2098 555 0 1769 0
[pid=1606710] ppid=1606690 vsize=42624 memory=33016 CPUtime=25.3 cores=28-29
/proc/1606710/stat : 1606710 (clingo) R 1606690 1606690 1606309 0 -1 0 6513 0 0 0 2529 1 0 0 20 0 1 0 923003551 43646976 8254 17179869184 93824992301056 93824992468925 140737488338416 0 0 0 134217728 4 25184771 0 0 0 17 28 0 0 0 0 0 93824992533936 93824992571272 93824992575488 140737488340183 140737488340354 140737488340354 140737488351170 0
/proc/1606710/statm: 10656 8254 2089 41 0 6735 0
Current children cumulated CPU time: 25.37 s
Current children cumulated vsize: 69532 KiB
Current children cumulated memory: 46628 KiB

[startup+51.119 s]
/proc/loadavg: 14.13 14.20 13.35 17/833 1607593
/proc/meminfo: memFree=373822984/528004520 swapFree=8388604/8388604
[pid=1606690] ppid=1606689 vsize=26908 memory=13612 CPUtime=0.07 cores=28-29
/proc/1606690/stat : 1606690 (perf) S 1606689 1606690 1606309 0 -1 0 1737 237 0 0 7 0 0 0 20 0 1 0 923003543 27553792 3403 17179869184 93824994299904 93824996572973 140737488338256 0 0 0 134217728 4 74274 1 0 0 17 28 0 0 0 0 0 93824998874888 93825001005840 93825001308160 140737488340073 140737488340470 140737488340470 140737488351179 0
/proc/1606690/statm: 6727 3403 2098 555 0 1769 0
[pid=1606710] ppid=1606690 vsize=47108 memory=37240 CPUtime=50.92 cores=28-29
/proc/1606710/stat : 1606710 (clingo) R 1606690 1606690 1606309 0 -1 0 7586 0 0 0 5091 1 0 0 20 0 1 0 923003551 48238592 9310 17179869184 93824992301056 93824992468925 140737488338416 0 0 0 134217728 4 25184771 0 0 0 17 28 0 0 0 0 0 93824992533936 93824992571272 93824992575488 140737488340183 140737488340354 140737488340354 140737488351170 0
/proc/1606710/statm: 11777 9310 2089 41 0 7856 0
Current children cumulated CPU time: 50.99 s
Current children cumulated vsize: 74016 KiB
Current children cumulated memory: 50852 KiB

[startup+102.3 s]
/proc/loadavg: 14.12 14.18 13.39 17/834 1607640
/proc/meminfo: memFree=373689420/528004520 swapFree=8388604/8388604
[pid=1606690] ppid=1606689 vsize=26908 memory=13612 CPUtime=0.07 cores=28-29
/proc/1606690/stat : 1606690 (perf) S 1606689 1606690 1606309 0 -1 0 1737 237 0 0 7 0 0 0 20 0 1 0 923003543 27553792 3403 17179869184 93824994299904 93824996572973 140737488338256 0 0 0 134217728 4 74274 1 0 0 17 28 0 0 0 0 0 93824998874888 93825001005840 93825001308160 140737488340073 140737488340470 140737488340470 140737488351179 0
/proc/1606690/statm: 6727 3403 2098 555 0 1769 0
[pid=1606710] ppid=1606690 vsize=55116 memory=44632 CPUtime=102.1 cores=28-29
/proc/1606710/stat : 1606710 (clingo) R 1606690 1606690 1606309 0 -1 0 9414 0 0 0 10208 2 0 0 20 0 1 0 923003551 56438784 11158 17179869184 93824992301056 93824992468925 140737488338416 0 0 0 134217728 4 25184771 0 0 0 17 28 0 0 0 0 0 93824992533936 93824992571272 93824992575488 140737488340183 140737488340354 140737488340354 140737488351170 0
/proc/1606710/statm: 13779 11158 2089 41 0 9858 0
Current children cumulated CPU time: 102.17 s
Current children cumulated vsize: 82024 KiB
Current children cumulated memory: 58244 KiB

[startup+162.3 s]
/proc/loadavg: 14.04 14.14 13.43 17/834 1607643
/proc/meminfo: memFree=373583172/528004520 swapFree=8388604/8388604
[pid=1606690] ppid=1606689 vsize=26908 memory=13612 CPUtime=0.07 cores=28-29
/proc/1606690/stat : 1606690 (perf) S 1606689 1606690 1606309 0 -1 0 1737 237 0 0 7 0 0 0 20 0 1 0 923003543 27553792 3403 17179869184 93824994299904 93824996572973 140737488338256 0 0 0 134217728 4 74274 1 0 0 17 28 0 0 0 0 0 93824998874888 93825001005840 93825001308160 140737488340073 140737488340470 140737488340470 140737488351179 0
/proc/1606690/statm: 6727 3403 2098 555 0 1769 0
[pid=1606710] ppid=1606690 vsize=59880 memory=49648 CPUtime=162.11 cores=28-29
/proc/1606710/stat : 1606710 (clingo) R 1606690 1606690 1606309 0 -1 0 10663 0 0 0 16208 3 0 0 20 0 1 0 923003551 61317120 12412 17179869184 93824992301056 93824992468925 140737488338416 0 0 0 134217728 4 25184771 0 0 0 17 28 0 0 0 0 0 93824992533936 93824992571272 93824992575488 140737488340183 140737488340354 140737488340354 140737488351170 0
/proc/1606710/statm: 14970 12412 2089 41 0 11049 0
Current children cumulated CPU time: 162.18 s
Current children cumulated vsize: 86788 KiB
Current children cumulated memory: 63260 KiB

[startup+222.3 s]
/proc/loadavg: 14.08 14.13 13.48 17/834 1607646
/proc/meminfo: memFree=373493384/528004520 swapFree=8388604/8388604
[pid=1606690] ppid=1606689 vsize=26908 memory=13612 CPUtime=0.07 cores=28-29
/proc/1606690/stat : 1606690 (perf) S 1606689 1606690 1606309 0 -1 0 1737 237 0 0 7 0 0 0 20 0 1 0 923003543 27553792 3403 17179869184 93824994299904 93824996572973 140737488338256 0 0 0 134217728 4 74274 1 0 0 17 28 0 0 0 0 0 93824998874888 93825001005840 93825001308160 140737488340073 140737488340470 140737488340470 140737488351179 0
/proc/1606690/statm: 6727 3403 2098 555 0 1769 0
[pid=1606710] ppid=1606690 vsize=63168 memory=52816 CPUtime=222.11 cores=28-29
/proc/1606710/stat : 1606710 (clingo) R 1606690 1606690 1606309 0 -1 0 11468 0 0 0 22208 3 0 0 20 0 1 0 923003551 64684032 13204 17179869184 93824992301056 93824992468925 140737488338416 0 0 0 134217728 4 25184771 0 0 0 17 28 0 0 0 0 0 93824992533936 93824992571272 93824992575488 140737488340183 140737488340354 140737488340354 140737488351170 0
/proc/1606710/statm: 15792 13204 2089 41 0 11871 0
Current children cumulated CPU time: 222.18 s
Current children cumulated vsize: 90076 KiB
Current children cumulated memory: 66428 KiB

[startup+282.3 s]
/proc/loadavg: 14.32 14.18 13.54 17/834 1607649
/proc/meminfo: memFree=373410244/528004520 swapFree=8388604/8388604
[pid=1606690] ppid=1606689 vsize=26908 memory=13612 CPUtime=0.07 cores=28-29
/proc/1606690/stat : 1606690 (perf) S 1606689 1606690 1606309 0 -1 0 1737 237 0 0 7 0 0 0 20 0 1 0 923003543 27553792 3403 17179869184 93824994299904 93824996572973 140737488338256 0 0 0 134217728 4 74274 1 0 0 17 28 0 0 0 0 0 93824998874888 93825001005840 93825001308160 140737488340073 140737488340470 140737488340470 140737488351179 0
/proc/1606690/statm: 6727 3403 2098 555 0 1769 0
[pid=1606710] ppid=1606690 vsize=70188 memory=58624 CPUtime=282.1 cores=28-29
/proc/1606710/stat : 1606710 (clingo) R 1606690 1606690 1606309 0 -1 0 12924 0 0 0 28207 3 0 0 20 0 1 0 923003551 71872512 14656 17179869184 93824992301056 93824992468925 140737488338416 0 0 0 134217728 4 25184771 0 0 0 17 28 0 0 0 0 0 93824992533936 93824992571272 93824992575488 140737488340183 140737488340354 140737488340354 140737488351170 0
/proc/1606710/statm: 17547 14656 2089 41 0 13626 0
Current children cumulated CPU time: 282.17 s
Current children cumulated vsize: 97096 KiB
Current children cumulated memory: 72236 KiB

[startup+342.3 s]
/proc/loadavg: 14.34 14.22 13.60 17/810 1607654
/proc/meminfo: memFree=373339528/528004520 swapFree=8388604/8388604
[pid=1606690] ppid=1606689 vsize=26908 memory=13612 CPUtime=0.07 cores=28-29
/proc/1606690/stat : 1606690 (perf) S 1606689 1606690 1606309 0 -1 0 1737 237 0 0 7 0 0 0 20 0 1 0 923003543 27553792 3403 17179869184 93824994299904 93824996572973 140737488338256 0 0 0 134217728 4 74274 1 0 0 17 28 0 0 0 0 0 93824998874888 93825001005840 93825001308160 140737488340073 140737488340470 140737488340470 140737488351179 0
/proc/1606690/statm: 6727 3403 2098 555 0 1769 0
[pid=1606710] ppid=1606690 vsize=75876 memory=63376 CPUtime=342.1 cores=28-29
/proc/1606710/stat : 1606710 (clingo) R 1606690 1606690 1606309 0 -1 0 14119 0 0 0 34207 3 0 0 20 0 1 0 923003551 77697024 15844 17179869184 93824992301056 93824992468925 140737488338416 0 0 0 134217728 4 25184771 0 0 0 17 28 0 0 0 0 0 93824992533936 93824992571272 93824992575488 140737488340183 140737488340354 140737488340354 140737488351170 0
/proc/1606710/statm: 18969 15844 2089 41 0 15048 0
Current children cumulated CPU time: 342.17 s
Current children cumulated vsize: 102784 KiB
Current children cumulated memory: 76988 KiB

[startup+402.3 s]
/proc/loadavg: 14.12 14.18 13.62 17/807 1607656
/proc/meminfo: memFree=373274828/528004520 swapFree=8388604/8388604
[pid=1606690] ppid=1606689 vsize=26908 memory=13612 CPUtime=0.07 cores=28-29
/proc/1606690/stat : 1606690 (perf) S 1606689 1606690 1606309 0 -1 0 1737 237 0 0 7 0 0 0 20 0 1 0 923003543 27553792 3403 17179869184 93824994299904 93824996572973 140737488338256 0 0 0 134217728 4 74274 1 0 0 17 28 0 0 0 0 0 93824998874888 93825001005840 93825001308160 140737488340073 140737488340470 140737488340470 140737488351179 0
/proc/1606690/statm: 6727 3403 2098 555 0 1769 0
[pid=1606710] ppid=1606690 vsize=79480 memory=66544 CPUtime=402.1 cores=28-29
/proc/1606710/stat : 1606710 (clingo) R 1606690 1606690 1606309 0 -1 0 14908 0 0 0 40207 3 0 0 20 0 1 0 923003551 81387520 16636 17179869184 93824992301056 93824992468925 140737488338416 0 0 0 134217728 4 25184771 0 0 0 17 28 0 0 0 0 0 93824992533936 93824992571272 93824992575488 140737488340183 140737488340354 140737488340354 140737488351170 0
/proc/1606710/statm: 19870 16636 2089 41 0 15949 0
Current children cumulated CPU time: 402.17 s
Current children cumulated vsize: 106388 KiB
Current children cumulated memory: 80156 KiB

[startup+462.3 s]
/proc/loadavg: 14.12 14.16 13.66 17/808 1607660
/proc/meminfo: memFree=373219672/528004520 swapFree=8388604/8388604
[pid=1606690] ppid=1606689 vsize=26908 memory=13612 CPUtime=0.07 cores=28-29
/proc/1606690/stat : 1606690 (perf) S 1606689 1606690 1606309 0 -1 0 1737 237 0 0 7 0 0 0 20 0 1 0 923003543 27553792 3403 17179869184 93824994299904 93824996572973 140737488338256 0 0 0 134217728 4 74274 1 0 0 17 28 0 0 0 0 0 93824998874888 93825001005840 93825001308160 140737488340073 140737488340470 140737488340470 140737488351179 0
/proc/1606690/statm: 6727 3403 2098 555 0 1769 0
[pid=1606710] ppid=1606690 vsize=80428 memory=67864 CPUtime=462.1 cores=28-29
/proc/1606710/stat : 1606710 (clingo) R 1606690 1606690 1606309 0 -1 0 15226 0 0 0 46206 4 0 0 20 0 1 0 923003551 82358272 16966 17179869184 93824992301056 93824992468925 140737488338416 0 0 0 134217728 4 25184771 0 0 0 17 28 0 0 0 0 0 93824992533936 93824992571272 93824992575488 140737488340183 140737488340354 140737488340354 140737488351170 0
/proc/1606710/statm: 20107 16966 2089 41 0 16186 0
Current children cumulated CPU time: 462.17 s
Current children cumulated vsize: 107336 KiB
Current children cumulated memory: 81476 KiB

[startup+522.3 s]
/proc/loadavg: 14.04 14.13 13.68 17/808 1607664
/proc/meminfo: memFree=373186216/528004520 swapFree=8388604/8388604
[pid=1606690] ppid=1606689 vsize=26908 memory=13612 CPUtime=0.07 cores=28-29
/proc/1606690/stat : 1606690 (perf) S 1606689 1606690 1606309 0 -1 0 1737 237 0 0 7 0 0 0 20 0 1 0 923003543 27553792 3403 17179869184 93824994299904 93824996572973 140737488338256 0 0 0 134217728 4 74274 1 0 0 17 28 0 0 0 0 0 93824998874888 93825001005840 93825001308160 140737488340073 140737488340470 140737488340470 140737488351179 0
/proc/1606690/statm: 6727 3403 2098 555 0 1769 0
[pid=1606710] ppid=1606690 vsize=80996 memory=68656 CPUtime=522.1 cores=28-29
/proc/1606710/stat : 1606710 (clingo) R 1606690 1606690 1606309 0 -1 0 15440 0 0 0 52206 4 0 0 20 0 1 0 923003551 82939904 17164 17179869184 93824992301056 93824992468925 140737488338416 0 0 0 134217728 4 25184771 0 0 0 17 28 0 0 0 0 0 93824992533936 93824992571272 93824992575488 140737488340183 140737488340354 140737488340354 140737488351170 0
/proc/1606710/statm: 20249 17164 2089 41 0 16328 0
Current children cumulated CPU time: 522.17 s
Current children cumulated vsize: 107904 KiB
Current children cumulated memory: 82268 KiB

[startup+582.3 s]
/proc/loadavg: 14.01 14.10 13.70 17/808 1607668
/proc/meminfo: memFree=373135352/528004520 swapFree=8388604/8388604
[pid=1606690] ppid=1606689 vsize=26908 memory=13612 CPUtime=0.07 cores=28-29
/proc/1606690/stat : 1606690 (perf) S 1606689 1606690 1606309 0 -1 0 1737 237 0 0 7 0 0 0 20 0 1 0 923003543 27553792 3403 17179869184 93824994299904 93824996572973 140737488338256 0 0 0 134217728 4 74274 1 0 0 17 28 0 0 0 0 0 93824998874888 93825001005840 93825001308160 140737488340073 140737488340470 140737488340470 140737488351179 0
/proc/1606690/statm: 6727 3403 2098 555 0 1769 0
[pid=1606710] ppid=1606690 vsize=83028 memory=71032 CPUtime=582.1 cores=28-29
/proc/1606710/stat : 1606710 (clingo) R 1606690 1606690 1606309 0 -1 0 16018 0 0 0 58206 4 0 0 20 0 1 0 923003551 85020672 17758 17179869184 93824992301056 93824992468925 140737488338416 0 0 0 134217728 4 25184771 0 0 0 17 28 0 0 0 0 0 93824992533936 93824992571272 93824992575488 140737488340183 140737488340354 140737488340354 140737488351170 0
/proc/1606710/statm: 20757 17758 2089 41 0 16836 0
Current children cumulated CPU time: 582.17 s
Current children cumulated vsize: 109936 KiB
Current children cumulated memory: 84644 KiB

[startup+642.3 s]
/proc/loadavg: 15.83 14.57 13.89 17/808 1607671
/proc/meminfo: memFree=373094320/528004520 swapFree=8388604/8388604
[pid=1606690] ppid=1606689 vsize=26908 memory=13612 CPUtime=0.07 cores=28-29
/proc/1606690/stat : 1606690 (perf) S 1606689 1606690 1606309 0 -1 0 1737 237 0 0 7 0 0 0 20 0 1 0 923003543 27553792 3403 17179869184 93824994299904 93824996572973 140737488338256 0 0 0 134217728 4 74274 1 0 0 17 28 0 0 0 0 0 93824998874888 93825001005840 93825001308160 140737488340073 140737488340470 140737488340470 140737488351179 0
/proc/1606690/statm: 6727 3403 2098 555 0 1769 0
[pid=1606710] ppid=1606690 vsize=83796 memory=72088 CPUtime=642.1 cores=28-29
/proc/1606710/stat : 1606710 (clingo) R 1606690 1606690 1606309 0 -1 0 16260 0 0 0 64206 4 0 0 20 0 1 0 923003551 85807104 18022 17179869184 93824992301056 93824992468925 140737488338416 0 0 0 134217728 4 25184771 0 0 0 17 28 0 0 0 0 0 93824992533936 93824992571272 93824992575488 140737488340183 140737488340354 140737488340354 140737488351170 0
/proc/1606710/statm: 20949 18022 2089 41 0 17028 0
Current children cumulated CPU time: 642.17 s
Current children cumulated vsize: 110704 KiB
Current children cumulated memory: 85700 KiB

[startup+702.3 s]
/proc/loadavg: 15.03 14.57 13.93 17/809 1607675
/proc/meminfo: memFree=373054488/528004520 swapFree=8388604/8388604
[pid=1606690] ppid=1606689 vsize=26908 memory=13612 CPUtime=0.07 cores=28-29
/proc/1606690/stat : 1606690 (perf) S 1606689 1606690 1606309 0 -1 0 1737 237 0 0 7 0 0 0 20 0 1 0 923003543 27553792 3403 17179869184 93824994299904 93824996572973 140737488338256 0 0 0 134217728 4 74274 1 0 0 17 28 0 0 0 0 0 93824998874888 93825001005840 93825001308160 140737488340073 140737488340470 140737488340470 140737488351179 0
/proc/1606690/statm: 6727 3403 2098 555 0 1769 0
[pid=1606710] ppid=1606690 vsize=85804 memory=73936 CPUtime=702.1 cores=28-29
/proc/1606710/stat : 1606710 (clingo) R 1606690 1606690 1606309 0 -1 0 16759 0 0 0 70206 4 0 0 20 0 1 0 923003551 87863296 18484 17179869184 93824992301056 93824992468925 140737488338416 0 0 0 134217728 4 25184771 0 0 0 17 28 0 0 0 0 0 93824992533936 93824992571272 93824992575488 140737488340183 140737488340354 140737488340354 140737488351170 0
/proc/1606710/statm: 21451 18484 2089 41 0 17530 0
Current children cumulated CPU time: 702.17 s
Current children cumulated vsize: 112712 KiB
Current children cumulated memory: 87548 KiB

[startup+762.3 s]
/proc/loadavg: 14.58 14.54 13.97 17/809 1607677
/proc/meminfo: memFree=373005380/528004520 swapFree=8388604/8388604
[pid=1606690] ppid=1606689 vsize=26908 memory=13612 CPUtime=0.07 cores=28-29
/proc/1606690/stat : 1606690 (perf) S 1606689 1606690 1606309 0 -1 0 1737 237 0 0 7 0 0 0 20 0 1 0 923003543 27553792 3403 17179869184 93824994299904 93824996572973 140737488338256 0 0 0 134217728 4 74274 1 0 0 17 28 0 0 0 0 0 93824998874888 93825001005840 93825001308160 140737488340073 140737488340470 140737488340470 140737488351179 0
/proc/1606690/statm: 6727 3403 2098 555 0 1769 0
[pid=1606710] ppid=1606690 vsize=88684 memory=76576 CPUtime=762.1 cores=28-29
/proc/1606710/stat : 1606710 (clingo) R 1606690 1606690 1606309 0 -1 0 17390 0 0 0 76206 4 0 0 20 0 1 0 923003551 90812416 19144 17179869184 93824992301056 93824992468925 140737488338416 0 0 0 134217728 4 25184771 0 0 0 17 28 0 0 0 0 0 93824992533936 93824992571272 93824992575488 140737488340183 140737488340354 140737488340354 140737488351170 0
/proc/1606710/statm: 22171 19144 2089 41 0 18250 0
Current children cumulated CPU time: 762.17 s
Current children cumulated vsize: 115592 KiB
Current children cumulated memory: 90188 KiB

[startup+822.3 s]
/proc/loadavg: 14.25 14.45 13.98 17/809 1607680
/proc/meminfo: memFree=372972196/528004520 swapFree=8388604/8388604
[pid=1606690] ppid=1606689 vsize=26908 memory=13612 CPUtime=0.07 cores=28-29
/proc/1606690/stat : 1606690 (perf) S 1606689 1606690 1606309 0 -1 0 1737 237 0 0 7 0 0 0 20 0 1 0 923003543 27553792 3403 17179869184 93824994299904 93824996572973 140737488338256 0 0 0 134217728 4 74274 1 0 0 17 28 0 0 0 0 0 93824998874888 93825001005840 93825001308160 140737488340073 140737488340470 140737488340470 140737488351179 0
/proc/1606690/statm: 6727 3403 2098 555 0 1769 0
[pid=1606710] ppid=1606690 vsize=93292 memory=80272 CPUtime=822.11 cores=28-29
/proc/1606710/stat : 1606710 (clingo) R 1606690 1606690 1606309 0 -1 0 18328 0 0 0 82206 5 0 0 20 0 1 0 923003551 95531008 20068 17179869184 93824992301056 93824992468925 140737488338416 0 0 0 134217728 4 25184771 0 0 0 17 28 0 0 0 0 0 93824992533936 93824992571272 93824992575488 140737488340183 140737488340354 140737488340354 140737488351170 0
/proc/1606710/statm: 23323 20068 2089 41 0 19402 0
Current children cumulated CPU time: 822.18 s
Current children cumulated vsize: 120200 KiB
Current children cumulated memory: 93884 KiB

[startup+882.3 s]
/proc/loadavg: 14.13 14.38 13.99 17/809 1607683
/proc/meminfo: memFree=372928128/528004520 swapFree=8388604/8388604
[pid=1606690] ppid=1606689 vsize=26908 memory=13612 CPUtime=0.07 cores=28-29
/proc/1606690/stat : 1606690 (perf) S 1606689 1606690 1606309 0 -1 0 1737 237 0 0 7 0 0 0 20 0 1 0 923003543 27553792 3403 17179869184 93824994299904 93824996572973 140737488338256 0 0 0 134217728 4 74274 1 0 0 17 28 0 0 0 0 0 93824998874888 93825001005840 93825001308160 140737488340073 140737488340470 140737488340470 140737488351179 0
/proc/1606690/statm: 6727 3403 2098 555 0 1769 0
[pid=1606710] ppid=1606690 vsize=94156 memory=81064 CPUtime=882.11 cores=28-29
/proc/1606710/stat : 1606710 (clingo) R 1606690 1606690 1606309 0 -1 0 18533 0 0 0 88206 5 0 0 20 0 1 0 923003551 96415744 20266 17179869184 93824992301056 93824992468925 140737488338416 0 0 0 134217728 4 25184771 0 0 0 17 28 0 0 0 0 0 93824992533936 93824992571272 93824992575488 140737488340183 140737488340354 140737488340354 140737488351170 0
/proc/1606710/statm: 23539 20266 2089 41 0 19618 0
Current children cumulated CPU time: 882.18 s
Current children cumulated vsize: 121064 KiB
Current children cumulated memory: 94676 KiB

[startup+942.3 s]
/proc/loadavg: 14.04 14.31 13.99 17/809 1607687
/proc/meminfo: memFree=372889352/528004520 swapFree=8388604/8388604
[pid=1606690] ppid=1606689 vsize=26908 memory=13612 CPUtime=0.07 cores=28-29
/proc/1606690/stat : 1606690 (perf) S 1606689 1606690 1606309 0 -1 0 1737 237 0 0 7 0 0 0 20 0 1 0 923003543 27553792 3403 17179869184 93824994299904 93824996572973 140737488338256 0 0 0 134217728 4 74274 1 0 0 17 28 0 0 0 0 0 93824998874888 93825001005840 93825001308160 140737488340073 140737488340470 140737488340470 140737488351179 0
/proc/1606690/statm: 6727 3403 2098 555 0 1769 0
[pid=1606710] ppid=1606690 vsize=97036 memory=83440 CPUtime=942.11 cores=28-29
/proc/1606710/stat : 1606710 (clingo) R 1606690 1606690 1606309 0 -1 0 19100 0 0 0 94206 5 0 0 20 0 1 0 923003551 99364864 20860 17179869184 93824992301056 93824992468925 140737488338416 0 0 0 134217728 4 25184771 0 0 0 17 28 0 0 0 0 0 93824992533936 93824992571272 93824992575488 140737488340183 140737488340354 140737488340354 140737488351170 0
/proc/1606710/statm: 24259 20860 2089 41 0 20338 0
Current children cumulated CPU time: 942.18 s
Current children cumulated vsize: 123944 KiB
Current children cumulated memory: 97052 KiB

[startup+1002.3 s]
/proc/loadavg: 14.26 14.33 14.02 17/807 1607690
/proc/meminfo: memFree=372846040/528004520 swapFree=8388604/8388604
[pid=1606690] ppid=1606689 vsize=26908 memory=13612 CPUtime=0.07 cores=28-29
/proc/1606690/stat : 1606690 (perf) S 1606689 1606690 1606309 0 -1 0 1737 237 0 0 7 0 0 0 20 0 1 0 923003543 27553792 3403 17179869184 93824994299904 93824996572973 140737488338256 0 0 0 134217728 4 74274 1 0 0 17 28 0 0 0 0 0 93824998874888 93825001005840 93825001308160 140737488340073 140737488340470 140737488340470 140737488351179 0
/proc/1606690/statm: 6727 3403 2098 555 0 1769 0
[pid=1606710] ppid=1606690 vsize=98764 memory=85024 CPUtime=1002.11 cores=28-29
/proc/1606710/stat : 1606710 (clingo) R 1606690 1606690 1606309 0 -1 0 19470 0 0 0 100206 5 0 0 20 0 1 0 923003551 101134336 21256 17179869184 93824992301056 93824992468925 140737488338416 0 0 0 134217728 4 25184771 0 0 0 17 28 0 0 0 0 0 93824992533936 93824992571272 93824992575488 140737488340183 140737488340354 140737488340354 140737488351170 0
/proc/1606710/statm: 24691 21256 2089 41 0 20770 0
Current children cumulated CPU time: 1002.18 s
Current children cumulated vsize: 125672 KiB
Current children cumulated memory: 98636 KiB

[startup+1062.3 s]
/proc/loadavg: 14.33 14.33 14.04 17/808 1607693
/proc/meminfo: memFree=372808732/528004520 swapFree=8388604/8388604
[pid=1606690] ppid=1606689 vsize=26908 memory=13612 CPUtime=0.07 cores=28-29
/proc/1606690/stat : 1606690 (perf) S 1606689 1606690 1606309 0 -1 0 1737 237 0 0 7 0 0 0 20 0 1 0 923003543 27553792 3403 17179869184 93824994299904 93824996572973 140737488338256 0 0 0 134217728 4 74274 1 0 0 17 28 0 0 0 0 0 93824998874888 93825001005840 93825001308160 140737488340073 140737488340470 140737488340470 140737488351179 0
/proc/1606690/statm: 6727 3403 2098 555 0 1769 0
[pid=1606710] ppid=1606690 vsize=102220 memory=87664 CPUtime=1062.11 cores=28-29
/proc/1606710/stat : 1606710 (clingo) R 1606690 1606690 1606309 0 -1 0 20152 0 0 0 106206 5 0 0 20 0 1 0 923003551 104673280 21916 17179869184 93824992301056 93824992468925 140737488338416 0 0 0 134217728 4 25184771 0 0 0 17 28 0 0 0 0 0 93824992533936 93824992571272 93824992575488 140737488340183 140737488340354 140737488340354 140737488351170 0
/proc/1606710/statm: 25555 21916 2089 41 0 21634 0
Current children cumulated CPU time: 1062.18 s
Current children cumulated vsize: 129128 KiB
Current children cumulated memory: 101276 KiB

[startup+1122.3 s]
/proc/loadavg: 14.12 14.27 14.03 17/808 1607696
/proc/meminfo: memFree=372786832/528004520 swapFree=8388604/8388604
[pid=1606690] ppid=1606689 vsize=26908 memory=13612 CPUtime=0.07 cores=28-29
/proc/1606690/stat : 1606690 (perf) S 1606689 1606690 1606309 0 -1 0 1737 237 0 0 7 0 0 0 20 0 1 0 923003543 27553792 3403 17179869184 93824994299904 93824996572973 140737488338256 0 0 0 134217728 4 74274 1 0 0 17 28 0 0 0 0 0 93824998874888 93825001005840 93825001308160 140737488340073 140737488340470 140737488340470 140737488351179 0
/proc/1606690/statm: 6727 3403 2098 555 0 1769 0
[pid=1606710] ppid=1606690 vsize=104812 memory=89776 CPUtime=1122.11 cores=28-29
/proc/1606710/stat : 1606710 (clingo) R 1606690 1606690 1606309 0 -1 0 20701 0 0 0 112206 5 0 0 20 0 1 0 923003551 107327488 22444 17179869184 93824992301056 93824992468925 140737488338416 0 0 0 134217728 4 25184771 0 0 0 17 28 0 0 0 0 0 93824992533936 93824992571272 93824992575488 140737488340183 140737488340354 140737488340354 140737488351170 0
/proc/1606710/statm: 26203 22444 2089 41 0 22282 0
Current children cumulated CPU time: 1122.18 s
Current children cumulated vsize: 131720 KiB
Current children cumulated memory: 103388 KiB

[startup+1182.3 s]
/proc/loadavg: 14.23 14.28 14.05 17/808 1607700
/proc/meminfo: memFree=372756120/528004520 swapFree=8388604/8388604
[pid=1606690] ppid=1606689 vsize=26908 memory=13612 CPUtime=0.07 cores=28-29
/proc/1606690/stat : 1606690 (perf) S 1606689 1606690 1606309 0 -1 0 1737 237 0 0 7 0 0 0 20 0 1 0 923003543 27553792 3403 17179869184 93824994299904 93824996572973 140737488338256 0 0 0 134217728 4 74274 1 0 0 17 28 0 0 0 0 0 93824998874888 93825001005840 93825001308160 140737488340073 140737488340470 140737488340470 140737488351179 0
/proc/1606690/statm: 6727 3403 2098 555 0 1769 0
[pid=1606710] ppid=1606690 vsize=106828 memory=91624 CPUtime=1182.11 cores=28-29
/proc/1606710/stat : 1606710 (clingo) R 1606690 1606690 1606309 0 -1 0 21145 0 0 0 118206 5 0 0 20 0 1 0 923003551 109391872 22906 17179869184 93824992301056 93824992468925 140737488338416 0 0 0 134217728 4 25184771 0 0 0 17 28 0 0 0 0 0 93824992533936 93824992571272 93824992575488 140737488340183 140737488340354 140737488340354 140737488351170 0
/proc/1606710/statm: 26707 22906 2089 41 0 22786 0
Current children cumulated CPU time: 1182.18 s
Current children cumulated vsize: 133736 KiB
Current children cumulated memory: 105236 KiB



Maximum wall clock time exceeded: sending SIGTERM then SIGKILL

[startup+1205 s]*
/proc/loadavg: 14.16 14.26 14.05 16/782 1607725
/proc/meminfo: memFree=373028004/528004520 swapFree=8388604/8388604
[pid=1606690] ppid=1606689 vsize=26908 memory=13612 CPUtime=0.07 cores=28-29
/proc/1606690/stat : 1606690 (perf) S 1606689 1606690 1606309 0 -1 0 1737 237 0 0 7 0 0 0 20 0 1 0 923003543 27553792 3403 17179869184 93824994299904 93824996572973 140737488338256 0 0 0 134217728 4 74274 1 0 0 17 28 0 0 0 0 0 93824998874888 93825001005840 93825001308160 140737488340073 140737488340470 140737488340470 140737488351179 0
/proc/1606690/statm: 6727 3403 2098 555 0 1769 0
[pid=1606710] ppid=1606690 vsize=107116 memory=91888 CPUtime=1204.82 cores=28-29
/proc/1606710/stat : 1606710 (clingo) R 1606690 1606690 1606309 0 -1 0 21202 0 0 0 120477 5 0 0 20 0 1 0 923003551 109686784 22972 17179869184 93824992301056 93824992468925 140737488338416 0 0 0 134217728 4 25184771 0 0 0 17 28 0 0 0 0 0 93824992533936 93824992571272 93824992575488 140737488340183 140737488340354 140737488340354 140737488351170 0
/proc/1606710/statm: 26779 22972 2089 41 0 22858 0
Current children cumulated CPU time: 1204.89 s
Current children cumulated vsize: 134024 KiB
Current children cumulated memory: 105500 KiB

Sending SIGINT to process tree (bottom up)
Sleeping 5 seconds

[startup+1205.02 s]
# the end of solver process 1606690 was just reported to runsolver
# cumulated CPU time of all completed processes:  user=1204.86 s, system=0.062439 s

Solver just ended.
??? end of watcher thread
Dumping a history of the last processes samples

Child status: 1
Real time (s): 1205.02
CPU time (s): 1204.93
CPU user time (s): 1204.86
CPU system time (s): 0.062439
CPU usage (%): 99.9919
Max. virtual memory (cumulated for all children) (KiB): 134024
Max. memory (cumulated for all children) (KiB): 105500

getrusage(RUSAGE_CHILDREN,...) data:
user time used= 1204.86
system time used= 0.062439
maximum resident set size= 91976
integral shared memory size= 0
integral unshared data size= 0
integral unshared stack size= 0
page reclaims= 23216
page faults= 0
swaps= 0
block input operations= 0
block output operations= 0
messages sent= 0
messages received= 0
signals received= 0
voluntary context switches= 17
involuntary context switches= 964


# summary of solver processes directly reported to runsolver:
#   pid: 1606690
#   total CPU time (s): 1204.93
#   total CPU user time (s): 1204.86
#   total CPU system time (s): 0.062439

??? end of timestamper thread
runsolver used 8.86233 second user time and 15.1606 second system time

The end
