runsolver version 3.4.0 (svn: 3018) Copyright (C) 2010-2013 Olivier ROUSSEL

This program is distributed in the hope that it will be useful,
but WITHOUT ANY WARRANTY; without even the implied warranty of
MERCHANTABILITY or FITNESS FOR A PARTICULAR PURPOSE.  See the
GNU General Public License for more details.

NUMA information:
  number of nodes: 2
  memory of node 0: 257635 MiB (187541 MiB free)
  memory of node 1: 257994 MiB (190973 MiB free)
  node distances:
     10  20
     20  10

command line: /dev/shm/37652f5a-2e81-11f1-ac62-000c298f4621/input/runsolver -w /dev/shm/37652f5a-2e81-11f1-ac62-000c298f4621/output/runsolver.log -v /dev/shm/37652f5a-2e81-11f1-ac62-000c298f4621/output/varfile.log -W 1205 --rss-swap-limit 16384 -d 5 --sigint /usr/bin/perf stat -B -e task-clock,cache-references,cache-misses,cycles,instructions,branches,faults,migrations,context-switches -o /dev/shm/37652f5a-2e81-11f1-ac62-000c298f4621/output/perf.log clingo /home/guests/mmacri/AMOSUM/benchmarks/GraphColouring/encoding-plain-amo.asp /dev/shm/37652f5a-2e81-11f1-ac62-000c298f4621/input/0031-graph_colouring-140-0_2688.asp 

running on 2 cores: 4-5

Enforcing wall clock limit (soft limit, will send SIGTERM then SIGKILL): 1205 seconds
Enforcing RSS+Swap limit (soft limit, will send SIGTERM then SIGKILL): 16777216 KiB
Linux 5.15.0-131-generic
solver pid=1842456, runsolver pid=1842455
Current StackSize limit: 8192 KiB


[startup+0.100069 s]*
/proc/loadavg: 14.06 14.18 13.22 18/811 1842477
/proc/meminfo: memFree=387581804/528004524 swapFree=8388604/8388604
[pid=1842456] ppid=1842455 vsize=26908 memory=13236 CPUtime=0.07 cores=4-5
/proc/1842456/stat : 1842456 (perf) S 1842455 1842456 1842230 0 -1 0 1746 246 41 1 6 1 0 0 20 0 1 0 922972294 27553792 3309 17179869184 93824994299904 93824996572973 140737488338256 0 0 0 134217728 4 74274 1 0 0 17 4 0 0 0 0 0 93824998874888 93825001005840 93825001308160 140737488340073 140737488340470 140737488340470 140737488351179 0
/proc/1842456/statm: 6727 3309 2004 555 0 1769 0
[pid=1842464] ppid=1842456 vsize=20168 memory=11832 CPUtime=0.03 cores=4-5
/proc/1842464/stat : 1842464 (clingo) R 1842456 1842456 1842230 0 -1 0 1287 0 12 0 3 0 0 0 20 0 1 0 922972302 20652032 2958 17179869184 93824992301056 93824992468925 140737488338416 0 0 0 134217728 4 25184771 0 0 0 17 5 0 0 0 0 0 93824992533936 93824992571272 93824992575488 140737488340183 140737488340354 140737488340354 140737488351170 0
/proc/1842464/statm: 5042 2958 2002 41 0 1121 0
Current children cumulated CPU time: 0.1 s
Current children cumulated vsize: 47076 KiB
Current children cumulated memory: 25068 KiB

[startup+0.234972 s]*
/proc/loadavg: 14.06 14.18 13.22 19/821 1842493
/proc/meminfo: memFree=387553764/528004524 swapFree=8388604/8388604
[pid=1842456] ppid=1842455 vsize=26908 memory=13236 CPUtime=0.07 cores=4-5
/proc/1842456/stat : 1842456 (perf) S 1842455 1842456 1842230 0 -1 0 1746 246 41 1 6 1 0 0 20 0 1 0 922972294 27553792 3309 17179869184 93824994299904 93824996572973 140737488338256 0 0 0 134217728 4 74274 1 0 0 17 4 0 0 0 0 0 93824998874888 93825001005840 93825001308160 140737488340073 140737488340470 140737488340470 140737488351179 0
/proc/1842456/statm: 6727 3309 2004 555 0 1769 0
[pid=1842464] ppid=1842456 vsize=26300 memory=17904 CPUtime=0.14 cores=4-5
/proc/1842464/stat : 1842464 (clingo) R 1842456 1842456 1842230 0 -1 0 2817 0 12 0 14 0 0 0 20 0 1 0 922972302 26931200 4476 17179869184 93824992301056 93824992468925 140737488338416 0 0 0 134217728 4 25184771 0 0 0 17 5 0 0 0 0 0 93824992533936 93824992571272 93824992575488 140737488340183 140737488340354 140737488340354 140737488351170 0
/proc/1842464/statm: 6575 4476 2002 41 0 2654 0
Current children cumulated CPU time: 0.21 s
Current children cumulated vsize: 53208 KiB
Current children cumulated memory: 31140 KiB

[startup+0.334483 s]*
/proc/loadavg: 14.06 14.18 13.22 16/823 1842565
/proc/meminfo: memFree=387717080/528004524 swapFree=8388604/8388604
[pid=1842456] ppid=1842455 vsize=26908 memory=13236 CPUtime=0.07 cores=4-5
/proc/1842456/stat : 1842456 (perf) S 1842455 1842456 1842230 0 -1 0 1746 246 41 1 6 1 0 0 20 0 1 0 922972294 27553792 3309 17179869184 93824994299904 93824996572973 140737488338256 0 0 0 134217728 4 74274 1 0 0 17 4 0 0 0 0 0 93824998874888 93825001005840 93825001308160 140737488340073 140737488340470 140737488340470 140737488351179 0
/proc/1842456/statm: 6727 3309 2004 555 0 1769 0
[pid=1842464] ppid=1842456 vsize=27884 memory=19488 CPUtime=0.22 cores=4-5
/proc/1842464/stat : 1842464 (clingo) R 1842456 1842456 1842230 0 -1 0 3229 0 12 0 22 0 0 0 20 0 1 0 922972302 28553216 4872 17179869184 93824992301056 93824992468925 140737488338416 0 0 0 134217728 4 25184771 0 0 0 17 4 0 0 0 0 0 93824992533936 93824992571272 93824992575488 140737488340183 140737488340354 140737488340354 140737488351170 0
/proc/1842464/statm: 6971 4872 2002 41 0 3050 0
Current children cumulated CPU time: 0.29 s
Current children cumulated vsize: 54792 KiB
Current children cumulated memory: 32724 KiB

[startup+0.70031 s]
/proc/loadavg: 14.06 14.18 13.22 14/786 1842615
/proc/meminfo: memFree=387715952/528004524 swapFree=8388604/8388604
[pid=1842456] ppid=1842455 vsize=26908 memory=13236 CPUtime=0.07 cores=4-5
/proc/1842456/stat : 1842456 (perf) S 1842455 1842456 1842230 0 -1 0 1746 246 41 1 6 1 0 0 20 0 1 0 922972294 27553792 3309 17179869184 93824994299904 93824996572973 140737488338256 0 0 0 134217728 4 74274 1 0 0 17 4 0 0 0 0 0 93824998874888 93825001005840 93825001308160 140737488340073 140737488340470 140737488340470 140737488351179 0
/proc/1842456/statm: 6727 3309 2004 555 0 1769 0
[pid=1842464] ppid=1842456 vsize=31468 memory=23184 CPUtime=0.56 cores=4-5
/proc/1842464/stat : 1842464 (clingo) R 1842456 1842456 1842230 0 -1 0 4121 0 12 0 56 0 0 0 20 0 1 0 922972302 32223232 5796 17179869184 93824992301056 93824992468925 140737488338416 0 0 0 134217728 4 25184771 0 0 0 17 4 0 0 0 0 0 93824992533936 93824992571272 93824992575488 140737488340183 140737488340354 140737488340354 140737488351170 0
/proc/1842464/statm: 7867 5796 2002 41 0 3946 0
Current children cumulated CPU time: 0.63 s
Current children cumulated vsize: 58376 KiB
Current children cumulated memory: 36420 KiB

[startup+1.50033 s]
/proc/loadavg: 14.06 14.18 13.22 15/782 1843003
/proc/meminfo: memFree=387824300/528004524 swapFree=8388604/8388604
[pid=1842456] ppid=1842455 vsize=26908 memory=13236 CPUtime=0.07 cores=4-5
/proc/1842456/stat : 1842456 (perf) S 1842455 1842456 1842230 0 -1 0 1746 246 41 1 6 1 0 0 20 0 1 0 922972294 27553792 3309 17179869184 93824994299904 93824996572973 140737488338256 0 0 0 134217728 4 74274 1 0 0 17 4 0 0 0 0 0 93824998874888 93825001005840 93825001308160 140737488340073 140737488340470 140737488340470 140737488351179 0
/proc/1842456/statm: 6727 3309 2004 555 0 1769 0
[pid=1842464] ppid=1842456 vsize=35832 memory=27408 CPUtime=1.36 cores=4-5
/proc/1842464/stat : 1842464 (clingo) R 1842456 1842456 1842230 0 -1 0 5208 0 12 0 136 0 0 0 20 0 1 0 922972302 36691968 6852 17179869184 93824992301056 93824992468925 140737488338416 0 0 0 134217728 4 25184771 0 0 0 17 4 0 0 0 0 0 93824992533936 93824992571272 93824992575488 140737488340183 140737488340354 140737488340354 140737488351170 0
/proc/1842464/statm: 8958 6852 2002 41 0 5037 0
Current children cumulated CPU time: 1.43 s
Current children cumulated vsize: 62740 KiB
Current children cumulated memory: 40644 KiB

[startup+3.11811 s]
/proc/loadavg: 14.05 14.18 13.23 15/835 1843195
/proc/meminfo: memFree=387765224/528004524 swapFree=8388604/8388604
[pid=1842456] ppid=1842455 vsize=26908 memory=13236 CPUtime=0.07 cores=4-5
/proc/1842456/stat : 1842456 (perf) S 1842455 1842456 1842230 0 -1 0 1746 246 41 1 6 1 0 0 20 0 1 0 922972294 27553792 3309 17179869184 93824994299904 93824996572973 140737488338256 0 0 0 134217728 4 74274 1 0 0 17 4 0 0 0 0 0 93824998874888 93825001005840 93825001308160 140737488340073 140737488340470 140737488340470 140737488351179 0
/proc/1842456/statm: 6727 3309 2004 555 0 1769 0
[pid=1842464] ppid=1842456 vsize=37416 memory=28992 CPUtime=2.98 cores=4-5
/proc/1842464/stat : 1842464 (clingo) R 1842456 1842456 1842230 0 -1 0 5605 0 12 0 298 0 0 0 20 0 1 0 922972302 38313984 7248 17179869184 93824992301056 93824992468925 140737488338416 0 0 0 134217728 4 25184771 0 0 0 17 4 0 0 0 0 0 93824992533936 93824992571272 93824992575488 140737488340183 140737488340354 140737488340354 140737488351170 0
/proc/1842464/statm: 9354 7248 2002 41 0 5433 0
Current children cumulated CPU time: 3.05 s
Current children cumulated vsize: 64324 KiB
Current children cumulated memory: 42228 KiB

[startup+6.30028 s]
/proc/loadavg: 14.05 14.18 13.23 15/835 1843298
/proc/meminfo: memFree=387830316/528004524 swapFree=8388604/8388604
[pid=1842456] ppid=1842455 vsize=26908 memory=13236 CPUtime=0.07 cores=4-5
/proc/1842456/stat : 1842456 (perf) S 1842455 1842456 1842230 0 -1 0 1746 246 41 1 6 1 0 0 20 0 1 0 922972294 27553792 3309 17179869184 93824994299904 93824996572973 140737488338256 0 0 0 134217728 4 74274 1 0 0 17 4 0 0 0 0 0 93824998874888 93825001005840 93825001308160 140737488340073 140737488340470 140737488340470 140737488351179 0
/proc/1842456/statm: 6727 3309 2004 555 0 1769 0
[pid=1842464] ppid=1842456 vsize=40584 memory=32348 CPUtime=6.17 cores=4-5
/proc/1842464/stat : 1842464 (clingo) R 1842456 1842456 1842230 0 -1 0 6548 0 12 0 616 1 0 0 20 0 1 0 922972302 41558016 8087 17179869184 93824992301056 93824992468925 140737488338416 0 0 0 134217728 4 25184771 0 0 0 17 4 0 0 0 0 0 93824992533936 93824992571272 93824992575488 140737488340183 140737488340354 140737488340354 140737488351170 0
/proc/1842464/statm: 10146 8087 2002 41 0 6225 0
Current children cumulated CPU time: 6.24 s
Current children cumulated vsize: 67492 KiB
Current children cumulated memory: 45584 KiB

[startup+12.7003 s]
/proc/loadavg: 14.05 14.17 13.23 15/837 1843403
/proc/meminfo: memFree=387861364/528004524 swapFree=8388604/8388604
[pid=1842456] ppid=1842455 vsize=26908 memory=13236 CPUtime=0.07 cores=4-5
/proc/1842456/stat : 1842456 (perf) S 1842455 1842456 1842230 0 -1 0 1746 246 41 1 6 1 0 0 20 0 1 0 922972294 27553792 3309 17179869184 93824994299904 93824996572973 140737488338256 0 0 0 134217728 4 74274 1 0 0 17 4 0 0 0 0 0 93824998874888 93825001005840 93825001308160 140737488340073 140737488340470 140737488340470 140737488351179 0
/proc/1842456/statm: 6727 3309 2004 555 0 1769 0
[pid=1842464] ppid=1842456 vsize=47108 memory=38672 CPUtime=12.57 cores=4-5
/proc/1842464/stat : 1842464 (clingo) R 1842456 1842456 1842230 0 -1 0 8228 0 12 0 1256 1 0 0 20 0 1 0 922972302 48238592 9668 17179869184 93824992301056 93824992468925 140737488338416 0 0 0 134217728 4 25184771 0 0 0 17 4 0 0 0 0 0 93824992533936 93824992571272 93824992575488 140737488340183 140737488340354 140737488340354 140737488351170 0
/proc/1842464/statm: 11777 9668 2002 41 0 7856 0
Current children cumulated CPU time: 12.64 s
Current children cumulated vsize: 74016 KiB
Current children cumulated memory: 51908 KiB

[startup+25.5003 s]
/proc/loadavg: 14.04 14.17 13.24 15/837 1843403
/proc/meminfo: memFree=387780180/528004524 swapFree=8388604/8388604
[pid=1842456] ppid=1842455 vsize=26908 memory=13236 CPUtime=0.07 cores=4-5
/proc/1842456/stat : 1842456 (perf) S 1842455 1842456 1842230 0 -1 0 1746 246 41 1 6 1 0 0 20 0 1 0 922972294 27553792 3309 17179869184 93824994299904 93824996572973 140737488338256 0 0 0 134217728 4 74274 1 0 0 17 4 0 0 0 0 0 93824998874888 93825001005840 93825001308160 140737488340073 140737488340470 140737488340470 140737488351179 0
/proc/1842456/statm: 6727 3309 2004 555 0 1769 0
[pid=1842464] ppid=1842456 vsize=54728 memory=46244 CPUtime=25.37 cores=4-5
/proc/1842464/stat : 1842464 (clingo) R 1842456 1842456 1842230 0 -1 0 10808 0 12 0 2535 2 0 0 20 0 1 0 922972302 56041472 11561 17179869184 93824992301056 93824992468925 140737488338416 0 0 0 134217728 4 25184771 0 0 0 17 4 0 0 0 0 0 93824992533936 93824992571272 93824992575488 140737488340183 140737488340354 140737488340354 140737488351170 0
/proc/1842464/statm: 13682 11561 2002 41 0 9761 0
Current children cumulated CPU time: 25.44 s
Current children cumulated vsize: 81636 KiB
Current children cumulated memory: 59480 KiB

[startup+51.1183 s]
/proc/loadavg: 14.02 14.15 13.27 15/837 1843404
/proc/meminfo: memFree=387681068/528004524 swapFree=8388604/8388604
[pid=1842456] ppid=1842455 vsize=26908 memory=13236 CPUtime=0.07 cores=4-5
/proc/1842456/stat : 1842456 (perf) S 1842455 1842456 1842230 0 -1 0 1746 246 41 1 6 1 0 0 20 0 1 0 922972294 27553792 3309 17179869184 93824994299904 93824996572973 140737488338256 0 0 0 134217728 4 74274 1 0 0 17 4 0 0 0 0 0 93824998874888 93825001005840 93825001308160 140737488340073 140737488340470 140737488340470 140737488351179 0
/proc/1842456/statm: 6727 3309 2004 555 0 1769 0
[pid=1842464] ppid=1842456 vsize=64180 memory=55780 CPUtime=50.99 cores=4-5
/proc/1842464/stat : 1842464 (clingo) R 1842456 1842456 1842230 0 -1 0 14641 0 12 0 5097 2 0 0 20 0 1 0 922972302 65720320 13945 17179869184 93824992301056 93824992468925 140737488338416 0 0 0 134217728 4 25184771 0 0 0 17 4 0 0 0 0 0 93824992533936 93824992571272 93824992575488 140737488340183 140737488340354 140737488340354 140737488351170 0
/proc/1842464/statm: 16045 13945 2002 41 0 12124 0
Current children cumulated CPU time: 51.06 s
Current children cumulated vsize: 91088 KiB
Current children cumulated memory: 69016 KiB

[startup+102.3 s]
/proc/loadavg: 14.01 14.13 13.31 15/838 1843451
/proc/meminfo: memFree=387542600/528004524 swapFree=8388604/8388604
[pid=1842456] ppid=1842455 vsize=26908 memory=13236 CPUtime=0.07 cores=4-5
/proc/1842456/stat : 1842456 (perf) S 1842455 1842456 1842230 0 -1 0 1746 246 41 1 6 1 0 0 20 0 1 0 922972294 27553792 3309 17179869184 93824994299904 93824996572973 140737488338256 0 0 0 134217728 4 74274 1 0 0 17 4 0 0 0 0 0 93824998874888 93825001005840 93825001308160 140737488340073 140737488340470 140737488340470 140737488351179 0
/proc/1842456/statm: 6727 3309 2004 555 0 1769 0
[pid=1842464] ppid=1842456 vsize=77376 memory=68912 CPUtime=102.17 cores=4-5
/proc/1842464/stat : 1842464 (clingo) R 1842456 1842456 1842230 0 -1 0 20471 0 12 0 10214 3 0 0 20 0 1 0 922972302 79233024 17228 17179869184 93824992301056 93824992468925 140737488338416 0 0 0 134217728 4 25184771 0 0 0 17 4 0 0 0 0 0 93824992533936 93824992571272 93824992575488 140737488340183 140737488340354 140737488340354 140737488351170 0
/proc/1842464/statm: 19344 17228 2002 41 0 15423 0
Current children cumulated CPU time: 102.24 s
Current children cumulated vsize: 104284 KiB
Current children cumulated memory: 82148 KiB

[startup+162.3 s]
/proc/loadavg: 14.00 14.10 13.35 15/838 1843454
/proc/meminfo: memFree=387435280/528004524 swapFree=8388604/8388604
[pid=1842456] ppid=1842455 vsize=26908 memory=13236 CPUtime=0.07 cores=4-5
/proc/1842456/stat : 1842456 (perf) S 1842455 1842456 1842230 0 -1 0 1746 246 41 1 6 1 0 0 20 0 1 0 922972294 27553792 3309 17179869184 93824994299904 93824996572973 140737488338256 0 0 0 134217728 4 74274 1 0 0 17 4 0 0 0 0 0 93824998874888 93825001005840 93825001308160 140737488340073 140737488340470 140737488340470 140737488351179 0
/proc/1842456/statm: 6727 3309 2004 555 0 1769 0
[pid=1842464] ppid=1842456 vsize=86368 memory=77588 CPUtime=162.17 cores=4-5
/proc/1842464/stat : 1842464 (clingo) R 1842456 1842456 1842230 0 -1 0 25445 0 12 0 16213 4 0 0 20 0 1 0 922972302 88440832 19397 17179869184 93824992301056 93824992468925 140737488338416 0 0 0 134217728 4 25184771 0 0 0 17 4 0 0 0 0 0 93824992533936 93824992571272 93824992575488 140737488340183 140737488340354 140737488340354 140737488351170 0
/proc/1842464/statm: 21592 19397 2002 41 0 17671 0
Current children cumulated CPU time: 162.24 s
Current children cumulated vsize: 113276 KiB
Current children cumulated memory: 90824 KiB

[startup+222.3 s]
/proc/loadavg: 14.28 14.15 13.42 15/838 1843457
/proc/meminfo: memFree=387333776/528004524 swapFree=8388604/8388604
[pid=1842456] ppid=1842455 vsize=26908 memory=13236 CPUtime=0.07 cores=4-5
/proc/1842456/stat : 1842456 (perf) S 1842455 1842456 1842230 0 -1 0 1746 246 41 1 6 1 0 0 20 0 1 0 922972294 27553792 3309 17179869184 93824994299904 93824996572973 140737488338256 0 0 0 134217728 4 74274 1 0 0 17 4 0 0 0 0 0 93824998874888 93825001005840 93825001308160 140737488340073 140737488340470 140737488340470 140737488351179 0
/proc/1842456/statm: 6727 3309 2004 555 0 1769 0
[pid=1842464] ppid=1842456 vsize=92316 memory=83832 CPUtime=222.17 cores=4-5
/proc/1842464/stat : 1842464 (clingo) R 1842456 1842456 1842230 0 -1 0 29828 0 12 0 22211 6 0 0 20 0 1 0 922972302 94531584 20958 17179869184 93824992301056 93824992468925 140737488338416 0 0 0 134217728 4 25184771 0 0 0 17 4 0 0 0 0 0 93824992533936 93824992571272 93824992575488 140737488340183 140737488340354 140737488340354 140737488351170 0
/proc/1842464/statm: 23079 20958 2002 41 0 19158 0
Current children cumulated CPU time: 222.24 s
Current children cumulated vsize: 119224 KiB
Current children cumulated memory: 97068 KiB

[startup+282.3 s]
/proc/loadavg: 14.39 14.20 13.48 15/837 1843460
/proc/meminfo: memFree=387261200/528004524 swapFree=8388604/8388604
[pid=1842456] ppid=1842455 vsize=26908 memory=13236 CPUtime=0.07 cores=4-5
/proc/1842456/stat : 1842456 (perf) S 1842455 1842456 1842230 0 -1 0 1746 246 41 1 6 1 0 0 20 0 1 0 922972294 27553792 3309 17179869184 93824994299904 93824996572973 140737488338256 0 0 0 134217728 4 74274 1 0 0 17 4 0 0 0 0 0 93824998874888 93825001005840 93825001308160 140737488340073 140737488340470 140737488340470 140737488351179 0
/proc/1842456/statm: 6727 3309 2004 555 0 1769 0
[pid=1842464] ppid=1842456 vsize=98212 memory=89760 CPUtime=282.17 cores=4-5
/proc/1842464/stat : 1842464 (clingo) R 1842456 1842456 1842230 0 -1 0 32956 0 12 0 28210 7 0 0 20 0 1 0 922972302 100569088 22440 17179869184 93824992301056 93824992468925 140737488338416 0 0 0 134217728 4 25184771 0 0 0 17 4 0 0 0 0 0 93824992533936 93824992571272 93824992575488 140737488340183 140737488340354 140737488340354 140737488351170 0
/proc/1842464/statm: 24553 22440 2002 41 0 20632 0
Current children cumulated CPU time: 282.24 s
Current children cumulated vsize: 125120 KiB
Current children cumulated memory: 102996 KiB

[startup+342.3 s]
/proc/loadavg: 14.74 14.37 13.59 15/816 1843466
/proc/meminfo: memFree=387185176/528004524 swapFree=8388604/8388604
[pid=1842456] ppid=1842455 vsize=26908 memory=13236 CPUtime=0.07 cores=4-5
/proc/1842456/stat : 1842456 (perf) S 1842455 1842456 1842230 0 -1 0 1746 246 41 1 6 1 0 0 20 0 1 0 922972294 27553792 3309 17179869184 93824994299904 93824996572973 140737488338256 0 0 0 134217728 4 74274 1 0 0 17 4 0 0 0 0 0 93824998874888 93825001005840 93825001308160 140737488340073 140737488340470 140737488340470 140737488351179 0
/proc/1842456/statm: 6727 3309 2004 555 0 1769 0
[pid=1842464] ppid=1842456 vsize=104104 memory=95272 CPUtime=342.17 cores=4-5
/proc/1842464/stat : 1842464 (clingo) R 1842456 1842456 1842230 0 -1 0 36406 0 12 0 34210 7 0 0 20 0 1 0 922972302 106602496 23818 17179869184 93824992301056 93824992468925 140737488338416 0 0 0 134217728 4 25184771 0 0 0 17 4 0 0 0 0 0 93824992533936 93824992571272 93824992575488 140737488340183 140737488340354 140737488340354 140737488351170 0
/proc/1842464/statm: 26026 23818 2002 41 0 22105 0
Current children cumulated CPU time: 342.24 s
Current children cumulated vsize: 131012 KiB
Current children cumulated memory: 108508 KiB

[startup+402.3 s]
/proc/loadavg: 14.52 14.37 13.64 15/814 1843468
/proc/meminfo: memFree=387113388/528004524 swapFree=8388604/8388604
[pid=1842456] ppid=1842455 vsize=26908 memory=13236 CPUtime=0.07 cores=4-5
/proc/1842456/stat : 1842456 (perf) S 1842455 1842456 1842230 0 -1 0 1746 246 41 1 6 1 0 0 20 0 1 0 922972294 27553792 3309 17179869184 93824994299904 93824996572973 140737488338256 0 0 0 134217728 4 74274 1 0 0 17 4 0 0 0 0 0 93824998874888 93825001005840 93825001308160 140737488340073 140737488340470 140737488340470 140737488351179 0
/proc/1842456/statm: 6727 3309 2004 555 0 1769 0
[pid=1842464] ppid=1842456 vsize=108004 memory=99520 CPUtime=402.17 cores=4-5
/proc/1842464/stat : 1842464 (clingo) R 1842456 1842456 1842230 0 -1 0 39602 0 12 0 40209 8 0 0 20 0 1 0 922972302 110596096 24880 17179869184 93824992301056 93824992468925 140737488338416 0 0 0 134217728 4 25184771 0 0 0 17 4 0 0 0 0 0 93824992533936 93824992571272 93824992575488 140737488340183 140737488340354 140737488340354 140737488351170 0
/proc/1842464/statm: 27001 24880 2002 41 0 23080 0
Current children cumulated CPU time: 402.24 s
Current children cumulated vsize: 134912 KiB
Current children cumulated memory: 112756 KiB

[startup+462.3 s]
/proc/loadavg: 14.19 14.30 13.67 15/814 1843471
/proc/meminfo: memFree=387048432/528004524 swapFree=8388604/8388604
[pid=1842456] ppid=1842455 vsize=26908 memory=13236 CPUtime=0.07 cores=4-5
/proc/1842456/stat : 1842456 (perf) S 1842455 1842456 1842230 0 -1 0 1746 246 41 1 6 1 0 0 20 0 1 0 922972294 27553792 3309 17179869184 93824994299904 93824996572973 140737488338256 0 0 0 134217728 4 74274 1 0 0 17 4 0 0 0 0 0 93824998874888 93825001005840 93825001308160 140737488340073 140737488340470 140737488340470 140737488351179 0
/proc/1842456/statm: 6727 3309 2004 555 0 1769 0
[pid=1842464] ppid=1842456 vsize=115908 memory=107088 CPUtime=462.17 cores=4-5
/proc/1842464/stat : 1842464 (clingo) R 1842456 1842456 1842230 0 -1 0 43356 0 12 0 46209 8 0 0 20 0 1 0 922972302 118689792 26772 17179869184 93824992301056 93824992468925 140737488338416 0 0 0 134217728 4 25184771 0 0 0 17 4 0 0 0 0 0 93824992533936 93824992571272 93824992575488 140737488340183 140737488340354 140737488340354 140737488351170 0
/proc/1842464/statm: 28977 26772 2002 41 0 25056 0
Current children cumulated CPU time: 462.24 s
Current children cumulated vsize: 142816 KiB
Current children cumulated memory: 120324 KiB

[startup+522.3 s]
/proc/loadavg: 14.29 14.30 13.71 15/814 1843475
/proc/meminfo: memFree=387005340/528004524 swapFree=8388604/8388604
[pid=1842456] ppid=1842455 vsize=26908 memory=13236 CPUtime=0.07 cores=4-5
/proc/1842456/stat : 1842456 (perf) S 1842455 1842456 1842230 0 -1 0 1746 246 41 1 6 1 0 0 20 0 1 0 922972294 27553792 3309 17179869184 93824994299904 93824996572973 140737488338256 0 0 0 134217728 4 74274 1 0 0 17 4 0 0 0 0 0 93824998874888 93825001005840 93825001308160 140737488340073 140737488340470 140737488340470 140737488351179 0
/proc/1842456/statm: 6727 3309 2004 555 0 1769 0
[pid=1842464] ppid=1842456 vsize=116560 memory=108000 CPUtime=522.17 cores=4-5
/proc/1842464/stat : 1842464 (clingo) R 1842456 1842456 1842230 0 -1 0 44988 0 12 0 52209 8 0 0 20 0 1 0 922972302 119357440 27000 17179869184 93824992301056 93824992468925 140737488338416 0 0 0 134217728 4 25184771 0 0 0 17 4 0 0 0 0 0 93824992533936 93824992571272 93824992575488 140737488340183 140737488340354 140737488340354 140737488351170 0
/proc/1842464/statm: 29140 27000 2002 41 0 25219 0
Current children cumulated CPU time: 522.24 s
Current children cumulated vsize: 143468 KiB
Current children cumulated memory: 121236 KiB

[startup+582.3 s]
/proc/loadavg: 14.14 14.25 13.73 15/814 1843479
/proc/meminfo: memFree=386955728/528004524 swapFree=8388604/8388604
[pid=1842456] ppid=1842455 vsize=26908 memory=13236 CPUtime=0.07 cores=4-5
/proc/1842456/stat : 1842456 (perf) S 1842455 1842456 1842230 0 -1 0 1746 246 41 1 6 1 0 0 20 0 1 0 922972294 27553792 3309 17179869184 93824994299904 93824996572973 140737488338256 0 0 0 134217728 4 74274 1 0 0 17 4 0 0 0 0 0 93824998874888 93825001005840 93825001308160 140737488340073 140737488340470 140737488340470 140737488351179 0
/proc/1842456/statm: 6727 3309 2004 555 0 1769 0
[pid=1842464] ppid=1842456 vsize=120288 memory=111668 CPUtime=582.16 cores=4-5
/proc/1842464/stat : 1842464 (clingo) R 1842456 1842456 1842230 0 -1 0 48209 0 12 0 58208 8 0 0 20 0 1 0 922972302 123174912 27917 17179869184 93824992301056 93824992468925 140737488338416 0 0 0 134217728 4 25184771 0 0 0 17 4 0 0 0 0 0 93824992533936 93824992571272 93824992575488 140737488340183 140737488340354 140737488340354 140737488351170 0
/proc/1842464/statm: 30072 27917 2002 41 0 26151 0
Current children cumulated CPU time: 582.23 s
Current children cumulated vsize: 147196 KiB
Current children cumulated memory: 124904 KiB

[startup+642.3 s]
/proc/loadavg: 14.05 14.20 13.75 15/813 1843482
/proc/meminfo: memFree=386912936/528004524 swapFree=8388604/8388604
[pid=1842456] ppid=1842455 vsize=26908 memory=13236 CPUtime=0.07 cores=4-5
/proc/1842456/stat : 1842456 (perf) S 1842455 1842456 1842230 0 -1 0 1746 246 41 1 6 1 0 0 20 0 1 0 922972294 27553792 3309 17179869184 93824994299904 93824996572973 140737488338256 0 0 0 134217728 4 74274 1 0 0 17 4 0 0 0 0 0 93824998874888 93825001005840 93825001308160 140737488340073 140737488340470 140737488340470 140737488351179 0
/proc/1842456/statm: 6727 3309 2004 555 0 1769 0
[pid=1842464] ppid=1842456 vsize=127732 memory=119000 CPUtime=642.17 cores=4-5
/proc/1842464/stat : 1842464 (clingo) R 1842456 1842456 1842230 0 -1 0 51262 0 12 0 64208 9 0 0 20 0 1 0 922972302 130797568 29750 17179869184 93824992301056 93824992468925 140737488338416 0 0 0 134217728 4 25184771 0 0 0 17 4 0 0 0 0 0 93824992533936 93824992571272 93824992575488 140737488340183 140737488340354 140737488340354 140737488351170 0
/proc/1842464/statm: 31933 29750 2002 41 0 28012 0
Current children cumulated CPU time: 642.24 s
Current children cumulated vsize: 154640 KiB
Current children cumulated memory: 132236 KiB

[startup+702.3 s]
/proc/loadavg: 14.30 14.23 13.79 15/813 1843485
/proc/meminfo: memFree=386867856/528004524 swapFree=8388604/8388604
[pid=1842456] ppid=1842455 vsize=26908 memory=13236 CPUtime=0.07 cores=4-5
/proc/1842456/stat : 1842456 (perf) S 1842455 1842456 1842230 0 -1 0 1746 246 41 1 6 1 0 0 20 0 1 0 922972294 27553792 3309 17179869184 93824994299904 93824996572973 140737488338256 0 0 0 134217728 4 74274 1 0 0 17 4 0 0 0 0 0 93824998874888 93825001005840 93825001308160 140737488340073 140737488340470 140737488340470 140737488351179 0
/proc/1842456/statm: 6727 3309 2004 555 0 1769 0
[pid=1842464] ppid=1842456 vsize=128396 memory=119672 CPUtime=702.17 cores=4-5
/proc/1842464/stat : 1842464 (clingo) R 1842456 1842456 1842230 0 -1 0 52674 0 12 0 70207 10 0 0 20 0 1 0 922972302 131477504 29918 17179869184 93824992301056 93824992468925 140737488338416 0 0 0 134217728 4 25184771 0 0 0 17 4 0 0 0 0 0 93824992533936 93824992571272 93824992575488 140737488340183 140737488340354 140737488340354 140737488351170 0
/proc/1842464/statm: 32099 29918 2002 41 0 28178 0
Current children cumulated CPU time: 702.24 s
Current children cumulated vsize: 155304 KiB
Current children cumulated memory: 132908 KiB

[startup+762.3 s]
/proc/loadavg: 14.38 14.26 13.83 15/813 1843487
/proc/meminfo: memFree=386827988/528004524 swapFree=8388604/8388604
[pid=1842456] ppid=1842455 vsize=26908 memory=13236 CPUtime=0.07 cores=4-5
/proc/1842456/stat : 1842456 (perf) S 1842455 1842456 1842230 0 -1 0 1746 246 41 1 6 1 0 0 20 0 1 0 922972294 27553792 3309 17179869184 93824994299904 93824996572973 140737488338256 0 0 0 134217728 4 74274 1 0 0 17 4 0 0 0 0 0 93824998874888 93825001005840 93825001308160 140737488340073 140737488340470 140737488340470 140737488351179 0
/proc/1842456/statm: 6727 3309 2004 555 0 1769 0
[pid=1842464] ppid=1842456 vsize=135292 memory=126268 CPUtime=762.17 cores=4-5
/proc/1842464/stat : 1842464 (clingo) R 1842456 1842456 1842230 0 -1 0 55594 0 12 0 76206 11 0 0 20 0 1 0 922972302 138539008 31567 17179869184 93824992301056 93824992468925 140737488338416 0 0 0 134217728 4 25184771 0 0 0 17 4 0 0 0 0 0 93824992533936 93824992571272 93824992575488 140737488340183 140737488340354 140737488340354 140737488351170 0
/proc/1842464/statm: 33823 31567 2002 41 0 29902 0
Current children cumulated CPU time: 762.24 s
Current children cumulated vsize: 162200 KiB
Current children cumulated memory: 139504 KiB

[startup+822.3 s]
/proc/loadavg: 14.80 14.41 13.91 15/813 1843490
/proc/meminfo: memFree=386782256/528004524 swapFree=8388604/8388604
[pid=1842456] ppid=1842455 vsize=26908 memory=13236 CPUtime=0.07 cores=4-5
/proc/1842456/stat : 1842456 (perf) S 1842455 1842456 1842230 0 -1 0 1746 246 41 1 6 1 0 0 20 0 1 0 922972294 27553792 3309 17179869184 93824994299904 93824996572973 140737488338256 0 0 0 134217728 4 74274 1 0 0 17 4 0 0 0 0 0 93824998874888 93825001005840 93825001308160 140737488340073 140737488340470 140737488340470 140737488351179 0
/proc/1842456/statm: 6727 3309 2004 555 0 1769 0
[pid=1842464] ppid=1842456 vsize=136448 memory=127680 CPUtime=822.17 cores=4-5
/proc/1842464/stat : 1842464 (clingo) R 1842456 1842456 1842230 0 -1 0 56297 0 12 0 82206 11 0 0 20 0 1 0 922972302 139722752 31920 17179869184 93824992301056 93824992468925 140737488338416 0 0 0 134217728 4 25184771 0 0 0 17 4 0 0 0 0 0 93824992533936 93824992571272 93824992575488 140737488340183 140737488340354 140737488340354 140737488351170 0
/proc/1842464/statm: 34112 31920 2002 41 0 30191 0
Current children cumulated CPU time: 822.24 s
Current children cumulated vsize: 163356 KiB
Current children cumulated memory: 140916 KiB

[startup+882.3 s]
/proc/loadavg: 14.56 14.40 13.94 15/813 1843493
/proc/meminfo: memFree=386738708/528004524 swapFree=8388604/8388604
[pid=1842456] ppid=1842455 vsize=26908 memory=13236 CPUtime=0.07 cores=4-5
/proc/1842456/stat : 1842456 (perf) S 1842455 1842456 1842230 0 -1 0 1746 246 41 1 6 1 0 0 20 0 1 0 922972294 27553792 3309 17179869184 93824994299904 93824996572973 140737488338256 0 0 0 134217728 4 74274 1 0 0 17 4 0 0 0 0 0 93824998874888 93825001005840 93825001308160 140737488340073 140737488340470 140737488340470 140737488351179 0
/proc/1842456/statm: 6727 3309 2004 555 0 1769 0
[pid=1842464] ppid=1842456 vsize=138324 memory=129548 CPUtime=882.17 cores=4-5
/proc/1842464/stat : 1842464 (clingo) R 1842456 1842456 1842230 0 -1 0 58384 0 12 0 88205 12 0 0 20 0 1 0 922972302 141643776 32387 17179869184 93824992301056 93824992468925 140737488338416 0 0 0 134217728 4 25184771 0 0 0 17 4 0 0 0 0 0 93824992533936 93824992571272 93824992575488 140737488340183 140737488340354 140737488340354 140737488351170 0
/proc/1842464/statm: 34581 32387 2002 41 0 30660 0
Current children cumulated CPU time: 882.24 s
Current children cumulated vsize: 165232 KiB
Current children cumulated memory: 142784 KiB

[startup+942.3 s]
/proc/loadavg: 14.20 14.33 13.95 15/813 1843497
/proc/meminfo: memFree=386695680/528004524 swapFree=8388604/8388604
[pid=1842456] ppid=1842455 vsize=26908 memory=13236 CPUtime=0.07 cores=4-5
/proc/1842456/stat : 1842456 (perf) S 1842455 1842456 1842230 0 -1 0 1746 246 41 1 6 1 0 0 20 0 1 0 922972294 27553792 3309 17179869184 93824994299904 93824996572973 140737488338256 0 0 0 134217728 4 74274 1 0 0 17 4 0 0 0 0 0 93824998874888 93825001005840 93825001308160 140737488340073 140737488340470 140737488340470 140737488351179 0
/proc/1842456/statm: 6727 3309 2004 555 0 1769 0
[pid=1842464] ppid=1842456 vsize=141716 memory=132972 CPUtime=942.17 cores=4-5
/proc/1842464/stat : 1842464 (clingo) R 1842456 1842456 1842230 0 -1 0 62381 0 12 0 94204 13 0 0 20 0 1 0 922972302 145117184 33243 17179869184 93824992301056 93824992468925 140737488338416 0 0 0 134217728 4 25184771 0 0 0 17 4 0 0 0 0 0 93824992533936 93824992571272 93824992575488 140737488340183 140737488340354 140737488340354 140737488351170 0
/proc/1842464/statm: 35429 33243 2002 41 0 31508 0
Current children cumulated CPU time: 942.24 s
Current children cumulated vsize: 168624 KiB
Current children cumulated memory: 146208 KiB

[startup+1002.3 s]
/proc/loadavg: 14.07 14.26 13.95 15/813 1843500
/proc/meminfo: memFree=386663960/528004524 swapFree=8388604/8388604
[pid=1842456] ppid=1842455 vsize=26908 memory=13236 CPUtime=0.07 cores=4-5
/proc/1842456/stat : 1842456 (perf) S 1842455 1842456 1842230 0 -1 0 1746 246 41 1 6 1 0 0 20 0 1 0 922972294 27553792 3309 17179869184 93824994299904 93824996572973 140737488338256 0 0 0 134217728 4 74274 1 0 0 17 4 0 0 0 0 0 93824998874888 93825001005840 93825001308160 140737488340073 140737488340470 140737488340470 140737488351179 0
/proc/1842456/statm: 6727 3309 2004 555 0 1769 0
[pid=1842464] ppid=1842456 vsize=146012 memory=137276 CPUtime=1002.17 cores=4-5
/proc/1842464/stat : 1842464 (clingo) R 1842456 1842456 1842230 0 -1 0 64899 0 12 0 100204 13 0 0 20 0 1 0 922972302 149516288 34319 17179869184 93824992301056 93824992468925 140737488338416 0 0 0 134217728 4 25184771 0 0 0 17 4 0 0 0 0 0 93824992533936 93824992571272 93824992575488 140737488340183 140737488340354 140737488340354 140737488351170 0
/proc/1842464/statm: 36503 34319 2002 41 0 32582 0
Current children cumulated CPU time: 1002.24 s
Current children cumulated vsize: 172920 KiB
Current children cumulated memory: 150512 KiB

[startup+1062.3 s]
/proc/loadavg: 14.02 14.21 13.96 15/812 1843502
/proc/meminfo: memFree=386622664/528004524 swapFree=8388604/8388604
[pid=1842456] ppid=1842455 vsize=26908 memory=13236 CPUtime=0.07 cores=4-5
/proc/1842456/stat : 1842456 (perf) S 1842455 1842456 1842230 0 -1 0 1746 246 41 1 6 1 0 0 20 0 1 0 922972294 27553792 3309 17179869184 93824994299904 93824996572973 140737488338256 0 0 0 134217728 4 74274 1 0 0 17 4 0 0 0 0 0 93824998874888 93825001005840 93825001308160 140737488340073 140737488340470 140737488340470 140737488351179 0
/proc/1842456/statm: 6727 3309 2004 555 0 1769 0
[pid=1842464] ppid=1842456 vsize=149200 memory=140476 CPUtime=1062.17 cores=4-5
/proc/1842464/stat : 1842464 (clingo) R 1842456 1842456 1842230 0 -1 0 68694 0 12 0 106203 14 0 0 20 0 1 0 922972302 152780800 35119 17179869184 93824992301056 93824992468925 140737488338416 0 0 0 134217728 4 25184771 0 0 0 17 4 0 0 0 0 0 93824992533936 93824992571272 93824992575488 140737488340183 140737488340354 140737488340354 140737488351170 0
/proc/1842464/statm: 37300 35119 2002 41 0 33379 0
Current children cumulated CPU time: 1062.24 s
Current children cumulated vsize: 176108 KiB
Current children cumulated memory: 153712 KiB

[startup+1122.3 s]
/proc/loadavg: 14.08 14.19 13.97 15/813 1843506
/proc/meminfo: memFree=386592504/528004524 swapFree=8388604/8388604
[pid=1842456] ppid=1842455 vsize=26908 memory=13236 CPUtime=0.07 cores=4-5
/proc/1842456/stat : 1842456 (perf) S 1842455 1842456 1842230 0 -1 0 1746 246 41 1 6 1 0 0 20 0 1 0 922972294 27553792 3309 17179869184 93824994299904 93824996572973 140737488338256 0 0 0 134217728 4 74274 1 0 0 17 4 0 0 0 0 0 93824998874888 93825001005840 93825001308160 140737488340073 140737488340470 140737488340470 140737488351179 0
/proc/1842456/statm: 6727 3309 2004 555 0 1769 0
[pid=1842464] ppid=1842456 vsize=152436 memory=143428 CPUtime=1122.17 cores=4-5
/proc/1842464/stat : 1842464 (clingo) R 1842456 1842456 1842230 0 -1 0 70898 0 12 0 112203 14 0 0 20 0 1 0 922972302 156094464 35857 17179869184 93824992301056 93824992468925 140737488338416 0 0 0 134217728 4 25184771 0 0 0 17 4 0 0 0 0 0 93824992533936 93824992571272 93824992575488 140737488340183 140737488340354 140737488340354 140737488351170 0
/proc/1842464/statm: 38109 35857 2002 41 0 34188 0
Current children cumulated CPU time: 1122.24 s
Current children cumulated vsize: 179344 KiB
Current children cumulated memory: 156664 KiB

[startup+1182.3 s]
/proc/loadavg: 14.07 14.17 13.98 15/814 1843511
/proc/meminfo: memFree=386558800/528004524 swapFree=8388604/8388604
[pid=1842456] ppid=1842455 vsize=26908 memory=13236 CPUtime=0.07 cores=4-5
/proc/1842456/stat : 1842456 (perf) S 1842455 1842456 1842230 0 -1 0 1746 246 41 1 6 1 0 0 20 0 1 0 922972294 27553792 3309 17179869184 93824994299904 93824996572973 140737488338256 0 0 0 134217728 4 74274 1 0 0 17 4 0 0 0 0 0 93824998874888 93825001005840 93825001308160 140737488340073 140737488340470 140737488340470 140737488351179 0
/proc/1842456/statm: 6727 3309 2004 555 0 1769 0
[pid=1842464] ppid=1842456 vsize=153380 memory=144656 CPUtime=1182.17 cores=4-5
/proc/1842464/stat : 1842464 (clingo) R 1842456 1842456 1842230 0 -1 0 72350 0 12 0 118203 14 0 0 20 0 1 0 922972302 157061120 36164 17179869184 93824992301056 93824992468925 140737488338416 0 0 0 134217728 4 25184771 0 0 0 17 4 0 0 0 0 0 93824992533936 93824992571272 93824992575488 140737488340183 140737488340354 140737488340354 140737488351170 0
/proc/1842464/statm: 38345 36164 2002 41 0 34424 0
Current children cumulated CPU time: 1182.24 s
Current children cumulated vsize: 180288 KiB
Current children cumulated memory: 157892 KiB



Maximum wall clock time exceeded: sending SIGTERM then SIGKILL

[startup+1205 s]*
/proc/loadavg: 14.04 14.15 13.98 13/795 1843550
/proc/meminfo: memFree=386884736/528004524 swapFree=8388604/8388604
[pid=1842456] ppid=1842455 vsize=26908 memory=13236 CPUtime=0.07 cores=4-5
/proc/1842456/stat : 1842456 (perf) S 1842455 1842456 1842230 0 -1 0 1746 246 41 1 6 1 0 0 20 0 1 0 922972294 27553792 3309 17179869184 93824994299904 93824996572973 140737488338256 0 0 0 134217728 4 74274 1 0 0 17 4 0 0 0 0 0 93824998874888 93825001005840 93825001308160 140737488340073 140737488340470 140737488340470 140737488351179 0
/proc/1842456/statm: 6727 3309 2004 555 0 1769 0
[pid=1842464] ppid=1842456 vsize=153380 memory=144656 CPUtime=1204.88 cores=4-5
/proc/1842464/stat : 1842464 (clingo) R 1842456 1842456 1842230 0 -1 0 72350 0 12 0 120474 14 0 0 20 0 1 0 922972302 157061120 36164 17179869184 93824992301056 93824992468925 140737488338416 0 0 0 134217728 4 25184771 0 0 0 17 4 0 0 0 0 0 93824992533936 93824992571272 93824992575488 140737488340183 140737488340354 140737488340354 140737488351170 0
/proc/1842464/statm: 38345 36164 2002 41 0 34424 0
Current children cumulated CPU time: 1204.95 s
Current children cumulated vsize: 180288 KiB
Current children cumulated memory: 157892 KiB

Sending SIGINT to process tree (bottom up)
Sleeping 5 seconds

[startup+1205.03 s]
# the end of solver process 1842456 was just reported to runsolver
# cumulated CPU time of all completed processes:  user=1204.82 s, system=0.167537 s

Solver just ended.
??? end of watcher thread
Dumping a history of the last processes samples

Child status: 1
Real time (s): 1205.03
CPU time (s): 1204.99
CPU user time (s): 1204.82
CPU system time (s): 0.167537
CPU usage (%): 99.9967
Max. virtual memory (cumulated for all children) (KiB): 181540
Max. memory (cumulated for all children) (KiB): 159004

getrusage(RUSAGE_CHILDREN,...) data:
user time used= 1204.82
system time used= 0.167537
maximum resident set size= 145768
integral shared memory size= 0
integral unshared data size= 0
integral unshared stack size= 0
page reclaims= 74383
page faults= 54
swaps= 0
block input operations= 0
block output operations= 0
messages sent= 0
messages received= 0
signals received= 0
voluntary context switches= 42
involuntary context switches= 824


# summary of solver processes directly reported to runsolver:
#   pid: 1842456
#   total CPU time (s): 1204.99
#   total CPU user time (s): 1204.82
#   total CPU system time (s): 0.167537

??? end of timestamper thread
runsolver used 9.02148 second user time and 14.1619 second system time

The end
