runsolver version 3.4.0 (svn: 3018) Copyright (C) 2010-2013 Olivier ROUSSEL

This program is distributed in the hope that it will be useful,
but WITHOUT ANY WARRANTY; without even the implied warranty of
MERCHANTABILITY or FITNESS FOR A PARTICULAR PURPOSE.  See the
GNU General Public License for more details.

NUMA information:
  number of nodes: 2
  memory of node 0: 257635 MiB (182020 MiB free)
  memory of node 1: 257994 MiB (192864 MiB free)
  node distances:
     10  20
     20  10

command line: /dev/shm/379a640e-2e81-11f1-ac62-000c298f4621/input/runsolver -w /dev/shm/379a640e-2e81-11f1-ac62-000c298f4621/output/runsolver.log -v /dev/shm/379a640e-2e81-11f1-ac62-000c298f4621/output/varfile.log -W 1205 --rss-swap-limit 16384 -d 5 --sigint /usr/bin/perf stat -B -e task-clock,cache-references,cache-misses,cycles,instructions,branches,faults,migrations,context-switches -o /dev/shm/379a640e-2e81-11f1-ac62-000c298f4621/output/perf.log clingo /home/guests/mmacri/AMOSUM/benchmarks/GraphColouring/encoding-plain-amo.asp /dev/shm/379a640e-2e81-11f1-ac62-000c298f4621/input/0060-graph_colouring-150-0_2880.asp 

running on 2 cores: 26-27

Enforcing wall clock limit (soft limit, will send SIGTERM then SIGKILL): 1205 seconds
Enforcing RSS+Swap limit (soft limit, will send SIGTERM then SIGKILL): 16777216 KiB
Linux 5.15.0-131-generic
Current StackSize limit: 8192 KiB

solver pid=371547, runsolver pid=371542

[startup+0.100068 s]*
/proc/loadavg: 14.15 14.20 14.01 20/827 371556
/proc/meminfo: memFree=383865716/528004504 swapFree=8388604/8388604
[pid=371547] ppid=371542 vsize=26908 memory=13616 CPUtime=0.07 cores=26-27
/proc/371547/stat : 371547 (perf) S 371542 371547 371299 0 -1 0 1737 237 0 0 6 1 0 0 20 0 1 0 923097104 27553792 3404 17179869184 93824994299904 93824996572973 140737488338256 0 0 0 134217728 4 74274 1 0 0 17 26 0 0 0 0 0 93824998874888 93825001005840 93825001308160 140737488340074 140737488340471 140737488340471 140737488351179 0
/proc/371547/statm: 6727 3404 2099 555 0 1769 0
[pid=371556] ppid=371547 vsize=19024 memory=10680 CPUtime=0.02 cores=26-27
/proc/371556/stat : 371556 (clingo) R 371547 371547 371299 0 -1 0 890 0 0 0 2 0 0 0 20 0 1 0 923097112 19480576 2670 17179869184 93824992301056 93824992468925 140737488338416 0 0 0 134217728 4 25184771 0 0 0 17 27 0 0 0 0 0 93824992533936 93824992571272 93824992575488 140737488340184 140737488340355 140737488340355 140737488351170 0
/proc/371556/statm: 4756 2670 2043 41 0 835 0
Current children cumulated CPU time: 0.09 s
Current children cumulated vsize: 45932 KiB
Current children cumulated memory: 24296 KiB

[startup+0.221836 s]*
/proc/loadavg: 14.15 14.20 14.01 21/827 371556
/proc/meminfo: memFree=383846828/528004504 swapFree=8388604/8388604
[pid=371547] ppid=371542 vsize=26908 memory=13616 CPUtime=0.07 cores=26-27
/proc/371547/stat : 371547 (perf) S 371542 371547 371299 0 -1 0 1737 237 0 0 6 1 0 0 20 0 1 0 923097104 27553792 3404 17179869184 93824994299904 93824996572973 140737488338256 0 0 0 134217728 4 74274 1 0 0 17 26 0 0 0 0 0 93824998874888 93825001005840 93825001308160 140737488340074 140737488340471 140737488340471 140737488351179 0
/proc/371547/statm: 6727 3404 2099 555 0 1769 0
[pid=371556] ppid=371547 vsize=25088 memory=17012 CPUtime=0.12 cores=26-27
/proc/371556/stat : 371556 (clingo) R 371547 371547 371299 0 -1 0 2487 0 0 0 12 0 0 0 20 0 1 0 923097112 25690112 4253 17179869184 93824992301056 93824992468925 140737488338416 0 0 0 134217728 4 25184771 0 0 0 17 27 0 0 0 0 0 93824992533936 93824992571272 93824992575488 140737488340184 140737488340355 140737488340355 140737488351170 0
/proc/371556/statm: 6272 4253 2088 41 0 2351 0
Current children cumulated CPU time: 0.19 s
Current children cumulated vsize: 51996 KiB
Current children cumulated memory: 30628 KiB

[startup+0.317307 s]*
/proc/loadavg: 14.15 14.20 14.01 19/827 371556
/proc/meminfo: memFree=383832968/528004504 swapFree=8388604/8388604
[pid=371547] ppid=371542 vsize=26908 memory=13616 CPUtime=0.07 cores=26-27
/proc/371547/stat : 371547 (perf) S 371542 371547 371299 0 -1 0 1737 237 0 0 6 1 0 0 20 0 1 0 923097104 27553792 3404 17179869184 93824994299904 93824996572973 140737488338256 0 0 0 134217728 4 74274 1 0 0 17 26 0 0 0 0 0 93824998874888 93825001005840 93825001308160 140737488340074 140737488340471 140737488340471 140737488351179 0
/proc/371547/statm: 6727 3404 2099 555 0 1769 0
[pid=371556] ppid=371547 vsize=28672 memory=20708 CPUtime=0.21 cores=26-27
/proc/371556/stat : 371556 (clingo) R 371547 371547 371299 0 -1 0 3391 0 0 0 21 0 0 0 20 0 1 0 923097112 29360128 5177 17179869184 93824992301056 93824992468925 140737488338416 0 0 0 134217728 4 25184771 0 0 0 17 27 0 0 0 0 0 93824992533936 93824992571272 93824992575488 140737488340184 140737488340355 140737488340355 140737488351170 0
/proc/371556/statm: 7168 5177 2088 41 0 3247 0
Current children cumulated CPU time: 0.28 s
Current children cumulated vsize: 55580 KiB
Current children cumulated memory: 34324 KiB

[startup+0.700344 s]
/proc/loadavg: 14.15 14.20 14.01 16/827 371556
/proc/meminfo: memFree=383816588/528004504 swapFree=8388604/8388604
[pid=371547] ppid=371542 vsize=26908 memory=13616 CPUtime=0.07 cores=26-27
/proc/371547/stat : 371547 (perf) S 371542 371547 371299 0 -1 0 1737 237 0 0 6 1 0 0 20 0 1 0 923097104 27553792 3404 17179869184 93824994299904 93824996572973 140737488338256 0 0 0 134217728 4 74274 1 0 0 17 26 0 0 0 0 0 93824998874888 93825001005840 93825001308160 140737488340074 140737488340471 140737488340471 140737488351179 0
/proc/371547/statm: 6727 3404 2099 555 0 1769 0
[pid=371556] ppid=371547 vsize=31972 memory=23876 CPUtime=0.54 cores=26-27
/proc/371556/stat : 371556 (clingo) R 371547 371547 371299 0 -1 0 4206 0 0 0 54 0 0 0 20 0 1 0 923097112 32739328 5969 17179869184 93824992301056 93824992468925 140737488338416 0 0 0 134217728 4 25184771 0 0 0 17 26 0 0 0 0 0 93824992533936 93824992571272 93824992575488 140737488340184 140737488340355 140737488340355 140737488351170 0
/proc/371556/statm: 7993 5969 2088 41 0 4072 0
Current children cumulated CPU time: 0.61 s
Current children cumulated vsize: 58880 KiB
Current children cumulated memory: 37492 KiB

[startup+1.50034 s]
/proc/loadavg: 14.14 14.20 14.01 16/827 371556
/proc/meminfo: memFree=383799956/528004504 swapFree=8388604/8388604
[pid=371547] ppid=371542 vsize=26908 memory=13616 CPUtime=0.07 cores=26-27
/proc/371547/stat : 371547 (perf) S 371542 371547 371299 0 -1 0 1737 237 0 0 6 1 0 0 20 0 1 0 923097104 27553792 3404 17179869184 93824994299904 93824996572973 140737488338256 0 0 0 134217728 4 74274 1 0 0 17 26 0 0 0 0 0 93824998874888 93825001005840 93825001308160 140737488340074 140737488340471 140737488340471 140737488351179 0
/proc/371547/statm: 6727 3404 2099 555 0 1769 0
[pid=371556] ppid=371547 vsize=36364 memory=28100 CPUtime=1.34 cores=26-27
/proc/371556/stat : 371556 (clingo) R 371547 371547 371299 0 -1 0 5303 0 0 0 134 0 0 0 20 0 1 0 923097112 37236736 7025 17179869184 93824992301056 93824992468925 140737488338416 0 0 0 134217728 4 25184771 0 0 0 17 26 0 0 0 0 0 93824992533936 93824992571272 93824992575488 140737488340184 140737488340355 140737488340355 140737488351170 0
/proc/371556/statm: 9091 7025 2088 41 0 5170 0
Current children cumulated CPU time: 1.41 s
Current children cumulated vsize: 63272 KiB
Current children cumulated memory: 41716 KiB

[startup+3.11731 s]
/proc/loadavg: 14.14 14.20 14.01 15/824 371827
/proc/meminfo: memFree=383965620/528004504 swapFree=8388604/8388604
[pid=371547] ppid=371542 vsize=26908 memory=13616 CPUtime=0.07 cores=26-27
/proc/371547/stat : 371547 (perf) S 371542 371547 371299 0 -1 0 1737 237 0 0 6 1 0 0 20 0 1 0 923097104 27553792 3404 17179869184 93824994299904 93824996572973 140737488338256 0 0 0 134217728 4 74274 1 0 0 17 26 0 0 0 0 0 93824998874888 93825001005840 93825001308160 140737488340074 140737488340471 140737488340471 140737488351179 0
/proc/371547/statm: 6727 3404 2099 555 0 1769 0
[pid=371556] ppid=371547 vsize=37968 memory=29948 CPUtime=2.96 cores=26-27
/proc/371556/stat : 371556 (clingo) R 371547 371547 371299 0 -1 0 5727 0 0 0 295 1 0 0 20 0 1 0 923097112 38879232 7487 17179869184 93824992301056 93824992468925 140737488338416 0 0 0 134217728 4 25184771 0 0 0 17 26 0 0 0 0 0 93824992533936 93824992571272 93824992575488 140737488340184 140737488340355 140737488340355 140737488351170 0
/proc/371556/statm: 9492 7487 2088 41 0 5571 0
Current children cumulated CPU time: 3.03 s
Current children cumulated vsize: 64876 KiB
Current children cumulated memory: 43564 KiB

[startup+6.30028 s]
/proc/loadavg: 14.13 14.20 14.01 17/841 372101
/proc/meminfo: memFree=383720540/528004504 swapFree=8388604/8388604
[pid=371547] ppid=371542 vsize=26908 memory=13616 CPUtime=0.07 cores=26-27
/proc/371547/stat : 371547 (perf) S 371542 371547 371299 0 -1 0 1737 237 0 0 6 1 0 0 20 0 1 0 923097104 27553792 3404 17179869184 93824994299904 93824996572973 140737488338256 0 0 0 134217728 4 74274 1 0 0 17 26 0 0 0 0 0 93824998874888 93825001005840 93825001308160 140737488340074 140737488340471 140737488340471 140737488351179 0
/proc/371547/statm: 6727 3404 2099 555 0 1769 0
[pid=371556] ppid=371547 vsize=41944 memory=33908 CPUtime=6.14 cores=26-27
/proc/371556/stat : 371556 (clingo) R 371547 371547 371299 0 -1 0 6714 0 0 0 613 1 0 0 20 0 1 0 923097112 42950656 8477 17179869184 93824992301056 93824992468925 140737488338416 0 0 0 134217728 4 25184771 0 0 0 17 26 0 0 0 0 0 93824992533936 93824992571272 93824992575488 140737488340184 140737488340355 140737488340355 140737488351170 0
/proc/371556/statm: 10486 8477 2088 41 0 6565 0
Current children cumulated CPU time: 6.21 s
Current children cumulated vsize: 68852 KiB
Current children cumulated memory: 47524 KiB

[startup+12.7003 s]
/proc/loadavg: 14.12 14.19 14.01 16/846 372107
/proc/meminfo: memFree=383558084/528004504 swapFree=8388604/8388604
[pid=371547] ppid=371542 vsize=26908 memory=13616 CPUtime=0.07 cores=26-27
/proc/371547/stat : 371547 (perf) S 371542 371547 371299 0 -1 0 1737 237 0 0 6 1 0 0 20 0 1 0 923097104 27553792 3404 17179869184 93824994299904 93824996572973 140737488338256 0 0 0 134217728 4 74274 1 0 0 17 26 0 0 0 0 0 93824998874888 93825001005840 93825001308160 140737488340074 140737488340471 140737488340471 140737488351179 0
/proc/371547/statm: 6727 3404 2099 555 0 1769 0
[pid=371556] ppid=371547 vsize=49352 memory=41076 CPUtime=12.54 cores=26-27
/proc/371556/stat : 371556 (clingo) R 371547 371547 371299 0 -1 0 8911 0 0 0 1253 1 0 0 20 0 1 0 923097112 50536448 10269 17179869184 93824992301056 93824992468925 140737488338416 0 0 0 134217728 4 25184771 0 0 0 17 26 0 0 0 0 0 93824992533936 93824992571272 93824992575488 140737488340184 140737488340355 140737488340355 140737488351170 0
/proc/371556/statm: 12338 10269 2088 41 0 8417 0
Current children cumulated CPU time: 12.61 s
Current children cumulated vsize: 76260 KiB
Current children cumulated memory: 54692 KiB

[startup+25.5004 s]
/proc/loadavg: 14.10 14.19 14.01 16/852 372324
/proc/meminfo: memFree=383481852/528004504 swapFree=8388604/8388604
[pid=371547] ppid=371542 vsize=26908 memory=13616 CPUtime=0.07 cores=26-27
/proc/371547/stat : 371547 (perf) S 371542 371547 371299 0 -1 0 1737 237 0 0 6 1 0 0 20 0 1 0 923097104 27553792 3404 17179869184 93824994299904 93824996572973 140737488338256 0 0 0 134217728 4 74274 1 0 0 17 26 0 0 0 0 0 93824998874888 93825001005840 93825001308160 140737488340074 140737488340471 140737488340471 140737488351179 0
/proc/371547/statm: 6727 3404 2099 555 0 1769 0
[pid=371556] ppid=371547 vsize=57392 memory=49348 CPUtime=25.34 cores=26-27
/proc/371556/stat : 371556 (clingo) R 371547 371547 371299 0 -1 0 11644 0 0 0 2532 2 0 0 20 0 1 0 923097112 58769408 12337 17179869184 93824992301056 93824992468925 140737488338416 0 0 0 134217728 4 25184771 0 0 0 17 26 0 0 0 0 0 93824992533936 93824992571272 93824992575488 140737488340184 140737488340355 140737488340355 140737488351170 0
/proc/371556/statm: 14348 12337 2088 41 0 10427 0
Current children cumulated CPU time: 25.41 s
Current children cumulated vsize: 84300 KiB
Current children cumulated memory: 62964 KiB

[startup+51.1185 s]
/proc/loadavg: 14.06 14.17 14.01 16/860 372650
/proc/meminfo: memFree=383238436/528004504 swapFree=8388604/8388604
[pid=371547] ppid=371542 vsize=26908 memory=13616 CPUtime=0.07 cores=26-27
/proc/371547/stat : 371547 (perf) S 371542 371547 371299 0 -1 0 1737 237 0 0 6 1 0 0 20 0 1 0 923097104 27553792 3404 17179869184 93824994299904 93824996572973 140737488338256 0 0 0 134217728 4 74274 1 0 0 17 26 0 0 0 0 0 93824998874888 93825001005840 93825001308160 140737488340074 140737488340471 140737488340471 140737488351179 0
/proc/371547/statm: 6727 3404 2099 555 0 1769 0
[pid=371556] ppid=371547 vsize=65372 memory=57292 CPUtime=50.96 cores=26-27
/proc/371556/stat : 371556 (clingo) R 371547 371547 371299 0 -1 0 15193 0 0 0 5094 2 0 0 20 0 1 0 923097112 66940928 14323 17179869184 93824992301056 93824992468925 140737488338416 0 0 0 134217728 4 25184771 0 0 0 17 26 0 0 0 0 0 93824992533936 93824992571272 93824992575488 140737488340184 140737488340355 140737488340355 140737488351170 0
/proc/371556/statm: 16343 14323 2088 41 0 12422 0
Current children cumulated CPU time: 51.03 s
Current children cumulated vsize: 92280 KiB
Current children cumulated memory: 70908 KiB

[startup+102.3 s]
/proc/loadavg: 14.43 14.24 14.04 16/862 372656
/proc/meminfo: memFree=382946336/528004504 swapFree=8388604/8388604
[pid=371547] ppid=371542 vsize=26908 memory=13616 CPUtime=0.07 cores=26-27
/proc/371547/stat : 371547 (perf) S 371542 371547 371299 0 -1 0 1737 237 0 0 6 1 0 0 20 0 1 0 923097104 27553792 3404 17179869184 93824994299904 93824996572973 140737488338256 0 0 0 134217728 4 74274 1 0 0 17 26 0 0 0 0 0 93824998874888 93825001005840 93825001308160 140737488340074 140737488340471 140737488340471 140737488351179 0
/proc/371547/statm: 6727 3404 2099 555 0 1769 0
[pid=371556] ppid=371547 vsize=76348 memory=68096 CPUtime=102.14 cores=26-27
/proc/371556/stat : 371556 (clingo) R 371547 371547 371299 0 -1 0 21282 0 0 0 10212 2 0 0 20 0 1 0 923097112 78180352 17024 17179869184 93824992301056 93824992468925 140737488338416 0 0 0 134217728 4 25184771 0 0 0 17 26 0 0 0 0 0 93824992533936 93824992571272 93824992575488 140737488340184 140737488340355 140737488340355 140737488351170 0
/proc/371556/statm: 19087 17024 2088 41 0 15166 0
Current children cumulated CPU time: 102.21 s
Current children cumulated vsize: 103256 KiB
Current children cumulated memory: 81712 KiB

[startup+162.3 s]
/proc/loadavg: 14.44 14.28 14.07 16/863 372659
/proc/meminfo: memFree=382620060/528004504 swapFree=8388604/8388604
[pid=371547] ppid=371542 vsize=26908 memory=13616 CPUtime=0.07 cores=26-27
/proc/371547/stat : 371547 (perf) S 371542 371547 371299 0 -1 0 1737 237 0 0 6 1 0 0 20 0 1 0 923097104 27553792 3404 17179869184 93824994299904 93824996572973 140737488338256 0 0 0 134217728 4 74274 1 0 0 17 26 0 0 0 0 0 93824998874888 93825001005840 93825001308160 140737488340074 140737488340471 140737488340471 140737488351179 0
/proc/371547/statm: 6727 3404 2099 555 0 1769 0
[pid=371556] ppid=371547 vsize=87092 memory=79000 CPUtime=162.14 cores=26-27
/proc/371556/stat : 371556 (clingo) R 371547 371547 371299 0 -1 0 26756 0 0 0 16211 3 0 0 20 0 1 0 923097112 89182208 19750 17179869184 93824992301056 93824992468925 140737488338416 0 0 0 134217728 4 25184771 0 0 0 17 26 0 0 0 0 0 93824992533936 93824992571272 93824992575488 140737488340184 140737488340355 140737488340355 140737488351170 0
/proc/371556/statm: 21773 19750 2088 41 0 17852 0
Current children cumulated CPU time: 162.21 s
Current children cumulated vsize: 114000 KiB
Current children cumulated memory: 92616 KiB

[startup+222.3 s]
/proc/loadavg: 14.49 14.32 14.09 16/862 372663
/proc/meminfo: memFree=382439008/528004504 swapFree=8388604/8388604
[pid=371547] ppid=371542 vsize=26908 memory=13616 CPUtime=0.07 cores=26-27
/proc/371547/stat : 371547 (perf) S 371542 371547 371299 0 -1 0 1737 237 0 0 6 1 0 0 20 0 1 0 923097104 27553792 3404 17179869184 93824994299904 93824996572973 140737488338256 0 0 0 134217728 4 74274 1 0 0 17 26 0 0 0 0 0 93824998874888 93825001005840 93825001308160 140737488340074 140737488340471 140737488340471 140737488351179 0
/proc/371547/statm: 6727 3404 2099 555 0 1769 0
[pid=371556] ppid=371547 vsize=96772 memory=88592 CPUtime=222.14 cores=26-27
/proc/371556/stat : 371556 (clingo) R 371547 371547 371299 0 -1 0 30388 0 0 0 22211 3 0 0 20 0 1 0 923097112 99094528 22148 17179869184 93824992301056 93824992468925 140737488338416 0 0 0 134217728 4 25184771 0 0 0 17 26 0 0 0 0 0 93824992533936 93824992571272 93824992575488 140737488340184 140737488340355 140737488340355 140737488351170 0
/proc/371556/statm: 24193 22148 2088 41 0 20272 0
Current children cumulated CPU time: 222.21 s
Current children cumulated vsize: 123680 KiB
Current children cumulated memory: 102208 KiB

[startup+282.3 s]
/proc/loadavg: 14.26 14.28 14.09 16/862 372664
/proc/meminfo: memFree=382349920/528004504 swapFree=8388604/8388604
[pid=371547] ppid=371542 vsize=26908 memory=13616 CPUtime=0.07 cores=26-27
/proc/371547/stat : 371547 (perf) S 371542 371547 371299 0 -1 0 1737 237 0 0 6 1 0 0 20 0 1 0 923097104 27553792 3404 17179869184 93824994299904 93824996572973 140737488338256 0 0 0 134217728 4 74274 1 0 0 17 26 0 0 0 0 0 93824998874888 93825001005840 93825001308160 140737488340074 140737488340471 140737488340471 140737488351179 0
/proc/371547/statm: 6727 3404 2099 555 0 1769 0
[pid=371556] ppid=371547 vsize=100000 memory=91836 CPUtime=282.14 cores=26-27
/proc/371556/stat : 371556 (clingo) R 371547 371547 371299 0 -1 0 33738 0 0 0 28211 3 0 0 20 0 1 0 923097112 102400000 22959 17179869184 93824992301056 93824992468925 140737488338416 0 0 0 134217728 4 25184771 0 0 0 17 26 0 0 0 0 0 93824992533936 93824992571272 93824992575488 140737488340184 140737488340355 140737488340355 140737488351170 0
/proc/371556/statm: 25000 22959 2088 41 0 21079 0
Current children cumulated CPU time: 282.21 s
Current children cumulated vsize: 126908 KiB
Current children cumulated memory: 105452 KiB

[startup+342.3 s]
/proc/loadavg: 14.17 14.24 14.09 16/837 372669
/proc/meminfo: memFree=382242964/528004504 swapFree=8388604/8388604
[pid=371547] ppid=371542 vsize=26908 memory=13616 CPUtime=0.07 cores=26-27
/proc/371547/stat : 371547 (perf) S 371542 371547 371299 0 -1 0 1737 237 0 0 6 1 0 0 20 0 1 0 923097104 27553792 3404 17179869184 93824994299904 93824996572973 140737488338256 0 0 0 134217728 4 74274 1 0 0 17 26 0 0 0 0 0 93824998874888 93825001005840 93825001308160 140737488340074 140737488340471 140737488340471 140737488351179 0
/proc/371547/statm: 6727 3404 2099 555 0 1769 0
[pid=371556] ppid=371547 vsize=106340 memory=98144 CPUtime=342.14 cores=26-27
/proc/371556/stat : 371556 (clingo) R 371547 371547 371299 0 -1 0 36704 0 0 0 34210 4 0 0 20 0 1 0 923097112 108892160 24536 17179869184 93824992301056 93824992468925 140737488338416 0 0 0 134217728 4 25184771 0 0 0 17 26 0 0 0 0 0 93824992533936 93824992571272 93824992575488 140737488340184 140737488340355 140737488340355 140737488351170 0
/proc/371556/statm: 26585 24536 2088 41 0 22664 0
Current children cumulated CPU time: 342.21 s
Current children cumulated vsize: 133248 KiB
Current children cumulated memory: 111760 KiB

[startup+402.3 s]
/proc/loadavg: 14.06 14.20 14.08 16/829 372673
/proc/meminfo: memFree=382068640/528004504 swapFree=8388604/8388604
[pid=371547] ppid=371542 vsize=26908 memory=13616 CPUtime=0.07 cores=26-27
/proc/371547/stat : 371547 (perf) S 371542 371547 371299 0 -1 0 1737 237 0 0 6 1 0 0 20 0 1 0 923097104 27553792 3404 17179869184 93824994299904 93824996572973 140737488338256 0 0 0 134217728 4 74274 1 0 0 17 26 0 0 0 0 0 93824998874888 93825001005840 93825001308160 140737488340074 140737488340471 140737488340471 140737488351179 0
/proc/371547/statm: 6727 3404 2099 555 0 1769 0
[pid=371556] ppid=371547 vsize=114216 memory=105944 CPUtime=402.14 cores=26-27
/proc/371556/stat : 371556 (clingo) R 371547 371547 371299 0 -1 0 40293 0 0 0 40209 5 0 0 20 0 1 0 923097112 116957184 26486 17179869184 93824992301056 93824992468925 140737488338416 0 0 0 134217728 4 25184771 0 0 0 17 26 0 0 0 0 0 93824992533936 93824992571272 93824992575488 140737488340184 140737488340355 140737488340355 140737488351170 0
/proc/371556/statm: 28554 26486 2088 41 0 24633 0
Current children cumulated CPU time: 402.21 s
Current children cumulated vsize: 141124 KiB
Current children cumulated memory: 119560 KiB

[startup+462.3 s]
/proc/loadavg: 14.13 14.19 14.09 16/829 372676
/proc/meminfo: memFree=381973148/528004504 swapFree=8388604/8388604
[pid=371547] ppid=371542 vsize=26908 memory=13616 CPUtime=0.07 cores=26-27
/proc/371547/stat : 371547 (perf) S 371542 371547 371299 0 -1 0 1737 237 0 0 6 1 0 0 20 0 1 0 923097104 27553792 3404 17179869184 93824994299904 93824996572973 140737488338256 0 0 0 134217728 4 74274 1 0 0 17 26 0 0 0 0 0 93824998874888 93825001005840 93825001308160 140737488340074 140737488340471 140737488340471 140737488351179 0
/proc/371547/statm: 6727 3404 2099 555 0 1769 0
[pid=371556] ppid=371547 vsize=119248 memory=110964 CPUtime=462.14 cores=26-27
/proc/371556/stat : 371556 (clingo) R 371547 371547 371299 0 -1 0 42977 0 0 0 46209 5 0 0 20 0 1 0 923097112 122109952 27741 17179869184 93824992301056 93824992468925 140737488338416 0 0 0 134217728 4 25184771 0 0 0 17 26 0 0 0 0 0 93824992533936 93824992571272 93824992575488 140737488340184 140737488340355 140737488340355 140737488351170 0
/proc/371556/statm: 29812 27741 2088 41 0 25891 0
Current children cumulated CPU time: 462.21 s
Current children cumulated vsize: 146156 KiB
Current children cumulated memory: 124580 KiB

[startup+522.3 s]
/proc/loadavg: 15.25 14.47 14.19 16/829 372679
/proc/meminfo: memFree=381938412/528004504 swapFree=8388604/8388604
[pid=371547] ppid=371542 vsize=26908 memory=13616 CPUtime=0.07 cores=26-27
/proc/371547/stat : 371547 (perf) S 371542 371547 371299 0 -1 0 1737 237 0 0 6 1 0 0 20 0 1 0 923097104 27553792 3404 17179869184 93824994299904 93824996572973 140737488338256 0 0 0 134217728 4 74274 1 0 0 17 26 0 0 0 0 0 93824998874888 93825001005840 93825001308160 140737488340074 140737488340471 140737488340471 140737488351179 0
/proc/371547/statm: 6727 3404 2099 555 0 1769 0
[pid=371556] ppid=371547 vsize=121752 memory=113036 CPUtime=522.13 cores=26-27
/proc/371556/stat : 371556 (clingo) R 371547 371547 371299 0 -1 0 45281 0 0 0 52208 5 0 0 20 0 1 0 923097112 124674048 28259 17179869184 93824992301056 93824992468925 140737488338416 0 0 0 134217728 4 25184771 0 0 0 17 26 0 0 0 0 0 93824992533936 93824992571272 93824992575488 140737488340184 140737488340355 140737488340355 140737488351170 0
/proc/371556/statm: 30438 28259 2088 41 0 26517 0
Current children cumulated CPU time: 522.2 s
Current children cumulated vsize: 148660 KiB
Current children cumulated memory: 126652 KiB

[startup+582.3 s]
/proc/loadavg: 15.08 14.58 14.25 16/829 372683
/proc/meminfo: memFree=381799600/528004504 swapFree=8388604/8388604
[pid=371547] ppid=371542 vsize=26908 memory=13616 CPUtime=0.07 cores=26-27
/proc/371547/stat : 371547 (perf) S 371542 371547 371299 0 -1 0 1737 237 0 0 6 1 0 0 20 0 1 0 923097104 27553792 3404 17179869184 93824994299904 93824996572973 140737488338256 0 0 0 134217728 4 74274 1 0 0 17 26 0 0 0 0 0 93824998874888 93825001005840 93825001308160 140737488340074 140737488340471 140737488340471 140737488351179 0
/proc/371547/statm: 6727 3404 2099 555 0 1769 0
[pid=371556] ppid=371547 vsize=127124 memory=118672 CPUtime=582.13 cores=26-27
/proc/371556/stat : 371556 (clingo) R 371547 371547 371299 0 -1 0 48417 0 0 0 58208 5 0 0 20 0 1 0 923097112 130174976 29668 17179869184 93824992301056 93824992468925 140737488338416 0 0 0 134217728 4 25184771 0 0 0 17 26 0 0 0 0 0 93824992533936 93824992571272 93824992575488 140737488340184 140737488340355 140737488340355 140737488351170 0
/proc/371556/statm: 31781 29668 2088 41 0 27860 0
Current children cumulated CPU time: 582.2 s
Current children cumulated vsize: 154032 KiB
Current children cumulated memory: 132288 KiB

[startup+642.3 s]
/proc/loadavg: 15.00 14.69 14.31 16/829 372684
/proc/meminfo: memFree=381705352/528004504 swapFree=8388604/8388604
[pid=371547] ppid=371542 vsize=26908 memory=13616 CPUtime=0.07 cores=26-27
/proc/371547/stat : 371547 (perf) S 371542 371547 371299 0 -1 0 1737 237 0 0 6 1 0 0 20 0 1 0 923097104 27553792 3404 17179869184 93824994299904 93824996572973 140737488338256 0 0 0 134217728 4 74274 1 0 0 17 26 0 0 0 0 0 93824998874888 93825001005840 93825001308160 140737488340074 140737488340471 140737488340471 140737488351179 0
/proc/371547/statm: 6727 3404 2099 555 0 1769 0
[pid=371556] ppid=371547 vsize=128892 memory=120464 CPUtime=642.13 cores=26-27
/proc/371556/stat : 371556 (clingo) R 371547 371547 371299 0 -1 0 50197 0 0 0 64208 5 0 0 20 0 1 0 923097112 131985408 30116 17179869184 93824992301056 93824992468925 140737488338416 0 0 0 134217728 4 25184771 0 0 0 17 26 0 0 0 0 0 93824992533936 93824992571272 93824992575488 140737488340184 140737488340355 140737488340355 140737488351170 0
/proc/371556/statm: 32223 30116 2088 41 0 28302 0
Current children cumulated CPU time: 642.2 s
Current children cumulated vsize: 155800 KiB
Current children cumulated memory: 134080 KiB

[startup+702.3 s]
/proc/loadavg: 14.37 14.56 14.29 16/830 372687
/proc/meminfo: memFree=381667072/528004504 swapFree=8388604/8388604
[pid=371547] ppid=371542 vsize=26908 memory=13616 CPUtime=0.07 cores=26-27
/proc/371547/stat : 371547 (perf) S 371542 371547 371299 0 -1 0 1737 237 0 0 6 1 0 0 20 0 1 0 923097104 27553792 3404 17179869184 93824994299904 93824996572973 140737488338256 0 0 0 134217728 4 74274 1 0 0 17 26 0 0 0 0 0 93824998874888 93825001005840 93825001308160 140737488340074 140737488340471 140737488340471 140737488351179 0
/proc/371547/statm: 6727 3404 2099 555 0 1769 0
[pid=371556] ppid=371547 vsize=134228 memory=125808 CPUtime=702.14 cores=26-27
/proc/371556/stat : 371556 (clingo) R 371547 371547 371299 0 -1 0 52638 0 0 0 70208 6 0 0 20 0 1 0 923097112 137449472 31452 17179869184 93824992301056 93824992468925 140737488338416 0 0 0 134217728 4 25184771 0 0 0 17 26 0 0 0 0 0 93824992533936 93824992571272 93824992575488 140737488340184 140737488340355 140737488340355 140737488351170 0
/proc/371556/statm: 33557 31452 2088 41 0 29636 0
Current children cumulated CPU time: 702.21 s
Current children cumulated vsize: 161136 KiB
Current children cumulated memory: 139424 KiB

[startup+762.3 s]
/proc/loadavg: 14.13 14.46 14.27 16/831 372689
/proc/meminfo: memFree=381625748/528004504 swapFree=8388604/8388604
[pid=371547] ppid=371542 vsize=26908 memory=13616 CPUtime=0.07 cores=26-27
/proc/371547/stat : 371547 (perf) S 371542 371547 371299 0 -1 0 1737 237 0 0 6 1 0 0 20 0 1 0 923097104 27553792 3404 17179869184 93824994299904 93824996572973 140737488338256 0 0 0 134217728 4 74274 1 0 0 17 26 0 0 0 0 0 93824998874888 93825001005840 93825001308160 140737488340074 140737488340471 140737488340471 140737488351179 0
/proc/371547/statm: 6727 3404 2099 555 0 1769 0
[pid=371556] ppid=371547 vsize=138580 memory=129964 CPUtime=762.14 cores=26-27
/proc/371556/stat : 371556 (clingo) R 371547 371547 371299 0 -1 0 54732 0 0 0 76208 6 0 0 20 0 1 0 923097112 141905920 32491 17179869184 93824992301056 93824992468925 140737488338416 0 0 0 134217728 4 25184771 0 0 0 17 26 0 0 0 0 0 93824992533936 93824992571272 93824992575488 140737488340184 140737488340355 140737488340355 140737488351170 0
/proc/371556/statm: 34645 32491 2088 41 0 30724 0
Current children cumulated CPU time: 762.21 s
Current children cumulated vsize: 165488 KiB
Current children cumulated memory: 143580 KiB

[startup+822.3 s]
/proc/loadavg: 14.36 14.46 14.28 16/830 372691
/proc/meminfo: memFree=381574844/528004504 swapFree=8388604/8388604
[pid=371547] ppid=371542 vsize=26908 memory=13616 CPUtime=0.07 cores=26-27
/proc/371547/stat : 371547 (perf) S 371542 371547 371299 0 -1 0 1737 237 0 0 6 1 0 0 20 0 1 0 923097104 27553792 3404 17179869184 93824994299904 93824996572973 140737488338256 0 0 0 134217728 4 74274 1 0 0 17 26 0 0 0 0 0 93824998874888 93825001005840 93825001308160 140737488340074 140737488340471 140737488340471 140737488351179 0
/proc/371547/statm: 6727 3404 2099 555 0 1769 0
[pid=371556] ppid=371547 vsize=140364 memory=131944 CPUtime=822.13 cores=26-27
/proc/371556/stat : 371556 (clingo) R 371547 371547 371299 0 -1 0 58352 0 0 0 82207 6 0 0 20 0 1 0 923097112 143732736 32986 17179869184 93824992301056 93824992468925 140737488338416 0 0 0 134217728 4 25184771 0 0 0 17 26 0 0 0 0 0 93824992533936 93824992571272 93824992575488 140737488340184 140737488340355 140737488340355 140737488351170 0
/proc/371556/statm: 35091 32986 2088 41 0 31170 0
Current children cumulated CPU time: 822.2 s
Current children cumulated vsize: 167272 KiB
Current children cumulated memory: 145560 KiB

[startup+882.3 s]
/proc/loadavg: 14.17 14.39 14.27 16/830 372735
/proc/meminfo: memFree=381557716/528004504 swapFree=8388604/8388604
[pid=371547] ppid=371542 vsize=26908 memory=13616 CPUtime=0.07 cores=26-27
/proc/371547/stat : 371547 (perf) S 371542 371547 371299 0 -1 0 1737 237 0 0 6 1 0 0 20 0 1 0 923097104 27553792 3404 17179869184 93824994299904 93824996572973 140737488338256 0 0 0 134217728 4 74274 1 0 0 17 26 0 0 0 0 0 93824998874888 93825001005840 93825001308160 140737488340074 140737488340471 140737488340471 140737488351179 0
/proc/371547/statm: 6727 3404 2099 555 0 1769 0
[pid=371556] ppid=371547 vsize=144220 memory=135716 CPUtime=882.14 cores=26-27
/proc/371556/stat : 371556 (clingo) R 371547 371547 371299 0 -1 0 59797 0 0 0 88207 7 0 0 20 0 1 0 923097112 147681280 33929 17179869184 93824992301056 93824992468925 140737488338416 0 0 0 134217728 4 25184771 0 0 0 17 26 0 0 0 0 0 93824992533936 93824992571272 93824992575488 140737488340184 140737488340355 140737488340355 140737488351170 0
/proc/371556/statm: 36055 33929 2088 41 0 32134 0
Current children cumulated CPU time: 882.21 s
Current children cumulated vsize: 171128 KiB
Current children cumulated memory: 149332 KiB

[startup+942.3 s]
/proc/loadavg: 14.10 14.33 14.25 16/830 372736
/proc/meminfo: memFree=381479856/528004504 swapFree=8388604/8388604
[pid=371547] ppid=371542 vsize=26908 memory=13616 CPUtime=0.07 cores=26-27
/proc/371547/stat : 371547 (perf) S 371542 371547 371299 0 -1 0 1737 237 0 0 6 1 0 0 20 0 1 0 923097104 27553792 3404 17179869184 93824994299904 93824996572973 140737488338256 0 0 0 134217728 4 74274 1 0 0 17 26 0 0 0 0 0 93824998874888 93825001005840 93825001308160 140737488340074 140737488340471 140737488340471 140737488351179 0
/proc/371547/statm: 6727 3404 2099 555 0 1769 0
[pid=371556] ppid=371547 vsize=149404 memory=140936 CPUtime=942.13 cores=26-27
/proc/371556/stat : 371556 (clingo) R 371547 371547 371299 0 -1 0 63559 0 0 0 94206 7 0 0 20 0 1 0 923097112 152989696 35234 17179869184 93824992301056 93824992468925 140737488338416 0 0 0 134217728 4 25184771 0 0 0 17 26 0 0 0 0 0 93824992533936 93824992571272 93824992575488 140737488340184 140737488340355 140737488340355 140737488351170 0
/proc/371556/statm: 37351 35234 2088 41 0 33430 0
Current children cumulated CPU time: 942.2 s
Current children cumulated vsize: 176312 KiB
Current children cumulated memory: 154552 KiB

[startup+1002.3 s]
/proc/loadavg: 14.12 14.30 14.25 16/830 372737
/proc/meminfo: memFree=381427712/528004504 swapFree=8388604/8388604
[pid=371547] ppid=371542 vsize=26908 memory=13616 CPUtime=0.07 cores=26-27
/proc/371547/stat : 371547 (perf) S 371542 371547 371299 0 -1 0 1737 237 0 0 6 1 0 0 20 0 1 0 923097104 27553792 3404 17179869184 93824994299904 93824996572973 140737488338256 0 0 0 134217728 4 74274 1 0 0 17 26 0 0 0 0 0 93824998874888 93825001005840 93825001308160 140737488340074 140737488340471 140737488340471 140737488351179 0
/proc/371547/statm: 6727 3404 2099 555 0 1769 0
[pid=371556] ppid=371547 vsize=151604 memory=143140 CPUtime=1002.13 cores=26-27
/proc/371556/stat : 371556 (clingo) R 371547 371547 371299 0 -1 0 64516 0 0 0 100206 7 0 0 20 0 1 0 923097112 155242496 35785 17179869184 93824992301056 93824992468925 140737488338416 0 0 0 134217728 4 25184771 0 0 0 17 26 0 0 0 0 0 93824992533936 93824992571272 93824992575488 140737488340184 140737488340355 140737488340355 140737488351170 0
/proc/371556/statm: 37901 35785 2088 41 0 33980 0
Current children cumulated CPU time: 1002.2 s
Current children cumulated vsize: 178512 KiB
Current children cumulated memory: 156756 KiB

[startup+1062.3 s]
/proc/loadavg: 14.04 14.24 14.23 16/830 372738
/proc/meminfo: memFree=381374092/528004504 swapFree=8388604/8388604
[pid=371547] ppid=371542 vsize=26908 memory=13616 CPUtime=0.07 cores=26-27
/proc/371547/stat : 371547 (perf) S 371542 371547 371299 0 -1 0 1737 237 0 0 6 1 0 0 20 0 1 0 923097104 27553792 3404 17179869184 93824994299904 93824996572973 140737488338256 0 0 0 134217728 4 74274 1 0 0 17 26 0 0 0 0 0 93824998874888 93825001005840 93825001308160 140737488340074 140737488340471 140737488340471 140737488351179 0
/proc/371547/statm: 6727 3404 2099 555 0 1769 0
[pid=371556] ppid=371547 vsize=153280 memory=144704 CPUtime=1062.13 cores=26-27
/proc/371556/stat : 371556 (clingo) R 371547 371547 371299 0 -1 0 66411 0 0 0 106206 7 0 0 20 0 1 0 923097112 156958720 36176 17179869184 93824992301056 93824992468925 140737488338416 0 0 0 134217728 4 25184771 0 0 0 17 26 0 0 0 0 0 93824992533936 93824992571272 93824992575488 140737488340184 140737488340355 140737488340355 140737488351170 0
/proc/371556/statm: 38320 36176 2088 41 0 34399 0
Current children cumulated CPU time: 1062.2 s
Current children cumulated vsize: 180188 KiB
Current children cumulated memory: 158320 KiB

[startup+1122.3 s]
/proc/loadavg: 14.06 14.21 14.22 16/830 372740
/proc/meminfo: memFree=381334032/528004504 swapFree=8388604/8388604
[pid=371547] ppid=371542 vsize=26908 memory=13616 CPUtime=0.07 cores=26-27
/proc/371547/stat : 371547 (perf) S 371542 371547 371299 0 -1 0 1737 237 0 0 6 1 0 0 20 0 1 0 923097104 27553792 3404 17179869184 93824994299904 93824996572973 140737488338256 0 0 0 134217728 4 74274 1 0 0 17 26 0 0 0 0 0 93824998874888 93825001005840 93825001308160 140737488340074 140737488340471 140737488340471 140737488351179 0
/proc/371547/statm: 6727 3404 2099 555 0 1769 0
[pid=371556] ppid=371547 vsize=155460 memory=147040 CPUtime=1122.13 cores=26-27
/proc/371556/stat : 371556 (clingo) R 371547 371547 371299 0 -1 0 68586 0 0 0 112205 8 0 0 20 0 1 0 923097112 159191040 36760 17179869184 93824992301056 93824992468925 140737488338416 0 0 0 134217728 4 25184771 0 0 0 17 26 0 0 0 0 0 93824992533936 93824992571272 93824992575488 140737488340184 140737488340355 140737488340355 140737488351170 0
/proc/371556/statm: 38865 36760 2088 41 0 34944 0
Current children cumulated CPU time: 1122.2 s
Current children cumulated vsize: 182368 KiB
Current children cumulated memory: 160656 KiB

[startup+1182.3 s]
/proc/loadavg: 14.02 14.17 14.20 16/837 373073
/proc/meminfo: memFree=381476496/528004504 swapFree=8388604/8388604
[pid=371547] ppid=371542 vsize=26908 memory=13616 CPUtime=0.07 cores=26-27
/proc/371547/stat : 371547 (perf) S 371542 371547 371299 0 -1 0 1737 237 0 0 6 1 0 0 20 0 1 0 923097104 27553792 3404 17179869184 93824994299904 93824996572973 140737488338256 0 0 0 134217728 4 74274 1 0 0 17 26 0 0 0 0 0 93824998874888 93825001005840 93825001308160 140737488340074 140737488340471 140737488340471 140737488351179 0
/proc/371547/statm: 6727 3404 2099 555 0 1769 0
[pid=371556] ppid=371547 vsize=156228 memory=147824 CPUtime=1182.13 cores=26-27
/proc/371556/stat : 371556 (clingo) R 371547 371547 371299 0 -1 0 68996 0 0 0 118205 8 0 0 20 0 1 0 923097112 159977472 36956 17179869184 93824992301056 93824992468925 140737488338416 0 0 0 134217728 4 25184771 0 0 0 17 26 0 0 0 0 0 93824992533936 93824992571272 93824992575488 140737488340184 140737488340355 140737488340355 140737488351170 0
/proc/371556/statm: 39057 36956 2088 41 0 35136 0
Current children cumulated CPU time: 1182.2 s
Current children cumulated vsize: 183136 KiB
Current children cumulated memory: 161440 KiB



Maximum wall clock time exceeded: sending SIGTERM then SIGKILL

[startup+1205 s]*
/proc/loadavg: 14.01 14.16 14.20 16/800 373145
/proc/meminfo: memFree=381698000/528004504 swapFree=8388604/8388604
[pid=371547] ppid=371542 vsize=26908 memory=13616 CPUtime=0.07 cores=26-27
/proc/371547/stat : 371547 (perf) S 371542 371547 371299 0 -1 0 1737 237 0 0 6 1 0 0 20 0 1 0 923097104 27553792 3404 17179869184 93824994299904 93824996572973 140737488338256 0 0 0 134217728 4 74274 1 0 0 17 26 0 0 0 0 0 93824998874888 93825001005840 93825001308160 140737488340074 140737488340471 140737488340471 140737488351179 0
/proc/371547/statm: 6727 3404 2099 555 0 1769 0
[pid=371556] ppid=371547 vsize=156524 memory=147740 CPUtime=1204.85 cores=26-27
/proc/371556/stat : 371556 (clingo) R 371547 371547 371299 0 -1 0 69204 0 0 0 120477 8 0 0 20 0 1 0 923097112 160280576 36935 17179869184 93824992301056 93824992468925 140737488338416 0 0 0 134217728 4 25184771 0 0 0 17 26 0 0 0 0 0 93824992533936 93824992571272 93824992575488 140737488340184 140737488340355 140737488340355 140737488351170 0
/proc/371556/statm: 39131 36935 2088 41 0 35210 0
Current children cumulated CPU time: 1204.92 s
Current children cumulated vsize: 183432 KiB
Current children cumulated memory: 161356 KiB

Sending SIGINT to process tree (bottom up)
Sleeping 5 seconds

[startup+1205.03 s]
# the end of solver process 371547 was just reported to runsolver
# cumulated CPU time of all completed processes:  user=1204.84 s, system=0.113749 s

Solver just ended.
??? end of watcher thread
Dumping a history of the last processes samples

Child status: 1
Real time (s): 1205.03
CPU time (s): 1204.95
CPU user time (s): 1204.84
CPU system time (s): 0.113749
CPU usage (%): 99.994
Max. virtual memory (cumulated for all children) (KiB): 185332
Max. memory (cumulated for all children) (KiB): 163332

getrusage(RUSAGE_CHILDREN,...) data:
user time used= 1204.84
system time used= 0.113749
maximum resident set size= 149716
integral shared memory size= 0
integral unshared data size= 0
integral unshared stack size= 0
page reclaims= 71218
page faults= 0
swaps= 0
block input operations= 0
block output operations= 0
messages sent= 0
messages received= 0
signals received= 0
voluntary context switches= 18
involuntary context switches= 764


# summary of solver processes directly reported to runsolver:
#   pid: 371547
#   total CPU time (s): 1204.95
#   total CPU user time (s): 1204.84
#   total CPU system time (s): 0.113749

??? end of timestamper thread
runsolver used 8.83259 second user time and 14.2394 second system time

The end
