runsolver version 3.4.0 (svn: 3018) Copyright (C) 2010-2013 Olivier ROUSSEL

This program is distributed in the hope that it will be useful,
but WITHOUT ANY WARRANTY; without even the implied warranty of
MERCHANTABILITY or FITNESS FOR A PARTICULAR PURPOSE.  See the
GNU General Public License for more details.

NUMA information:
  number of nodes: 2
  memory of node 0: 257634 MiB (180162 MiB free)
  memory of node 1: 257994 MiB (185864 MiB free)
  node distances:
     10  20
     20  10

command line: /dev/shm/3749fc26-2e81-11f1-ac62-000c298f4621/input/runsolver -w /dev/shm/3749fc26-2e81-11f1-ac62-000c298f4621/output/runsolver.log -v /dev/shm/3749fc26-2e81-11f1-ac62-000c298f4621/output/varfile.log -W 1205 --rss-swap-limit 16384 -d 5 --sigint /usr/bin/perf stat -B -e task-clock,cache-references,cache-misses,cycles,instructions,branches,faults,migrations,context-switches -o /dev/shm/3749fc26-2e81-11f1-ac62-000c298f4621/output/perf.log clingo /home/guests/mmacri/AMOSUM/benchmarks/GraphColouring/encoding-plain-amo.asp /dev/shm/3749fc26-2e81-11f1-ac62-000c298f4621/input/0017-graph_colouring-130-0_3744.asp 

running on 2 cores: 28-29

Enforcing wall clock limit (soft limit, will send SIGTERM then SIGKILL): 1205 seconds
Enforcing RSS+Swap limit (soft limit, will send SIGTERM then SIGKILL): 16777216 KiB
Linux 5.15.0-131-generic
Current StackSize limit: 8192 KiB

solver pid=4057505, runsolver pid=4057499

[startup+0.100067 s]*
/proc/loadavg: 14.46 14.46 13.31 18/828 4057539
/proc/meminfo: memFree=374809476/528004312 swapFree=8388604/8388604
[pid=4057505] ppid=4057499 vsize=26908 memory=13612 CPUtime=0.07 cores=28-29
/proc/4057505/stat : 4057505 (perf) S 4057499 4057505 4057186 0 -1 0 1738 237 0 0 6 1 0 0 20 0 1 0 923018005 27553792 3403 17179869184 93824994299904 93824996572973 140737488338256 0 0 0 134217728 4 74274 1 0 0 17 28 0 0 0 0 0 93824998874888 93825001005840 93825001308160 140737488340073 140737488340470 140737488340470 140737488351179 0
/proc/4057505/statm: 6727 3403 2098 555 0 1769 0
[pid=4057531] ppid=4057505 vsize=19564 memory=11480 CPUtime=0.02 cores=28-29
/proc/4057531/stat : 4057531 (clingo) R 4057505 4057505 4057186 0 -1 0 1117 0 0 0 2 0 0 0 20 0 1 0 923018014 20033536 2870 17179869184 93824992301056 93824992468925 140737488338416 0 0 0 134217728 4 25184771 0 0 0 17 29 0 0 0 0 0 93824992533936 93824992571272 93824992575488 140737488340183 140737488340354 140737488340354 140737488351170 0
/proc/4057531/statm: 4891 2870 2054 41 0 970 0
Current children cumulated CPU time: 0.09 s
Current children cumulated vsize: 46472 KiB
Current children cumulated memory: 25092 KiB

[startup+0.235636 s]*
/proc/loadavg: 14.46 14.46 13.31 20/829 4057575
/proc/meminfo: memFree=374777136/528004312 swapFree=8388604/8388604
[pid=4057505] ppid=4057499 vsize=26908 memory=13612 CPUtime=0.07 cores=28-29
/proc/4057505/stat : 4057505 (perf) S 4057499 4057505 4057186 0 -1 0 1738 237 0 0 6 1 0 0 20 0 1 0 923018005 27553792 3403 17179869184 93824994299904 93824996572973 140737488338256 0 0 0 134217728 4 74274 1 0 0 17 28 0 0 0 0 0 93824998874888 93825001005840 93825001308160 140737488340073 140737488340470 140737488340470 140737488351179 0
/proc/4057505/statm: 6727 3403 2098 555 0 1769 0
[pid=4057531] ppid=4057505 vsize=24768 memory=16612 CPUtime=0.14 cores=28-29
/proc/4057531/stat : 4057531 (clingo) R 4057505 4057505 4057186 0 -1 0 2429 0 0 0 14 0 0 0 20 0 1 0 923018014 25362432 4153 17179869184 93824992301056 93824992468925 140737488338416 0 0 0 134217728 4 25184771 0 0 0 17 29 0 0 0 0 0 93824992533936 93824992571272 93824992575488 140737488340183 140737488340354 140737488340354 140737488351170 0
/proc/4057531/statm: 6192 4153 2085 41 0 2271 0
Current children cumulated CPU time: 0.21 s
Current children cumulated vsize: 51676 KiB
Current children cumulated memory: 30224 KiB

[startup+0.334396 s]*
/proc/loadavg: 14.46 14.46 13.31 16/830 4057576
/proc/meminfo: memFree=374758740/528004312 swapFree=8388604/8388604
[pid=4057505] ppid=4057499 vsize=26908 memory=13612 CPUtime=0.07 cores=28-29
/proc/4057505/stat : 4057505 (perf) S 4057499 4057505 4057186 0 -1 0 1738 237 0 0 6 1 0 0 20 0 1 0 923018005 27553792 3403 17179869184 93824994299904 93824996572973 140737488338256 0 0 0 134217728 4 74274 1 0 0 17 28 0 0 0 0 0 93824998874888 93825001005840 93825001308160 140737488340073 140737488340470 140737488340470 140737488351179 0
/proc/4057505/statm: 6727 3403 2098 555 0 1769 0
[pid=4057531] ppid=4057505 vsize=26352 memory=18196 CPUtime=0.21 cores=28-29
/proc/4057531/stat : 4057531 (clingo) R 4057505 4057505 4057186 0 -1 0 2807 0 0 0 21 0 0 0 20 0 1 0 923018014 26984448 4549 17179869184 93824992301056 93824992468925 140737488338416 0 0 0 134217728 4 25184771 0 0 0 17 28 0 0 0 0 0 93824992533936 93824992571272 93824992575488 140737488340183 140737488340354 140737488340354 140737488351170 0
/proc/4057531/statm: 6588 4549 2085 41 0 2667 0
Current children cumulated CPU time: 0.28 s
Current children cumulated vsize: 53260 KiB
Current children cumulated memory: 31808 KiB

[startup+0.700347 s]
/proc/loadavg: 14.46 14.46 13.31 17/830 4057576
/proc/meminfo: memFree=374742884/528004312 swapFree=8388604/8388604
[pid=4057505] ppid=4057499 vsize=26908 memory=13612 CPUtime=0.07 cores=28-29
/proc/4057505/stat : 4057505 (perf) S 4057499 4057505 4057186 0 -1 0 1738 237 0 0 6 1 0 0 20 0 1 0 923018005 27553792 3403 17179869184 93824994299904 93824996572973 140737488338256 0 0 0 134217728 4 74274 1 0 0 17 28 0 0 0 0 0 93824998874888 93825001005840 93825001308160 140737488340073 140737488340470 140737488340470 140737488351179 0
/proc/4057505/statm: 6727 3403 2098 555 0 1769 0
[pid=4057531] ppid=4057505 vsize=29016 memory=20836 CPUtime=0.56 cores=28-29
/proc/4057531/stat : 4057531 (clingo) R 4057505 4057505 4057186 0 -1 0 3475 0 0 0 56 0 0 0 20 0 1 0 923018014 29712384 5209 17179869184 93824992301056 93824992468925 140737488338416 0 0 0 134217728 4 25184771 0 0 0 17 28 0 0 0 0 0 93824992533936 93824992571272 93824992575488 140737488340183 140737488340354 140737488340354 140737488351170 0
/proc/4057531/statm: 7254 5209 2085 41 0 3333 0
Current children cumulated CPU time: 0.63 s
Current children cumulated vsize: 55924 KiB
Current children cumulated memory: 34448 KiB

[startup+1.50035 s]
/proc/loadavg: 14.46 14.46 13.31 17/830 4057576
/proc/meminfo: memFree=374716676/528004312 swapFree=8388604/8388604
[pid=4057505] ppid=4057499 vsize=26908 memory=13612 CPUtime=0.07 cores=28-29
/proc/4057505/stat : 4057505 (perf) S 4057499 4057505 4057186 0 -1 0 1738 237 0 0 6 1 0 0 20 0 1 0 923018005 27553792 3403 17179869184 93824994299904 93824996572973 140737488338256 0 0 0 134217728 4 74274 1 0 0 17 28 0 0 0 0 0 93824998874888 93825001005840 93825001308160 140737488340073 140737488340470 140737488340470 140737488351179 0
/proc/4057505/statm: 6727 3403 2098 555 0 1769 0
[pid=4057531] ppid=4057505 vsize=31668 memory=23476 CPUtime=1.36 cores=28-29
/proc/4057531/stat : 4057531 (clingo) R 4057505 4057505 4057186 0 -1 0 4139 0 0 0 136 0 0 0 20 0 1 0 923018014 32428032 5869 17179869184 93824992301056 93824992468925 140737488338416 0 0 0 134217728 4 25184771 0 0 0 17 28 0 0 0 0 0 93824992533936 93824992571272 93824992575488 140737488340183 140737488340354 140737488340354 140737488351170 0
/proc/4057531/statm: 7917 5869 2085 41 0 3996 0
Current children cumulated CPU time: 1.43 s
Current children cumulated vsize: 58576 KiB
Current children cumulated memory: 37088 KiB

[startup+3.12009 s]
/proc/loadavg: 14.42 14.45 13.31 16/832 4057681
/proc/meminfo: memFree=374690824/528004312 swapFree=8388604/8388604
[pid=4057505] ppid=4057499 vsize=26908 memory=13612 CPUtime=0.07 cores=28-29
/proc/4057505/stat : 4057505 (perf) S 4057499 4057505 4057186 0 -1 0 1738 237 0 0 6 1 0 0 20 0 1 0 923018005 27553792 3403 17179869184 93824994299904 93824996572973 140737488338256 0 0 0 134217728 4 74274 1 0 0 17 28 0 0 0 0 0 93824998874888 93825001005840 93825001308160 140737488340073 140737488340470 140737488340470 140737488351179 0
/proc/4057505/statm: 6727 3403 2098 555 0 1769 0
[pid=4057531] ppid=4057505 vsize=32500 memory=24592 CPUtime=2.97 cores=28-29
/proc/4057531/stat : 4057531 (clingo) R 4057505 4057505 4057186 0 -1 0 4440 0 0 0 297 0 0 0 20 0 1 0 923018014 33280000 6148 17179869184 93824992301056 93824992468925 140737488338416 0 0 0 134217728 4 25184771 0 0 0 17 28 0 0 0 0 0 93824992533936 93824992571272 93824992575488 140737488340183 140737488340354 140737488340354 140737488351170 0
/proc/4057531/statm: 8125 6148 2085 41 0 4204 0
Current children cumulated CPU time: 3.04 s
Current children cumulated vsize: 59408 KiB
Current children cumulated memory: 38204 KiB

[startup+6.30028 s]
/proc/loadavg: 14.42 14.45 13.31 16/832 4057784
/proc/meminfo: memFree=374640700/528004312 swapFree=8388604/8388604
[pid=4057505] ppid=4057499 vsize=26908 memory=13612 CPUtime=0.07 cores=28-29
/proc/4057505/stat : 4057505 (perf) S 4057499 4057505 4057186 0 -1 0 1738 237 0 0 6 1 0 0 20 0 1 0 923018005 27553792 3403 17179869184 93824994299904 93824996572973 140737488338256 0 0 0 134217728 4 74274 1 0 0 17 28 0 0 0 0 0 93824998874888 93825001005840 93825001308160 140737488340073 140737488340470 140737488340470 140737488351179 0
/proc/4057505/statm: 6727 3403 2098 555 0 1769 0
[pid=4057531] ppid=4057505 vsize=38288 memory=30132 CPUtime=6.16 cores=28-29
/proc/4057531/stat : 4057531 (clingo) R 4057505 4057505 4057186 0 -1 0 5837 0 0 0 615 1 0 0 20 0 1 0 923018014 39206912 7533 17179869184 93824992301056 93824992468925 140737488338416 0 0 0 134217728 4 25184771 0 0 0 17 28 0 0 0 0 0 93824992533936 93824992571272 93824992575488 140737488340183 140737488340354 140737488340354 140737488351170 0
/proc/4057531/statm: 9572 7533 2085 41 0 5651 0
Current children cumulated CPU time: 6.23 s
Current children cumulated vsize: 65196 KiB
Current children cumulated memory: 43744 KiB

[startup+12.7003 s]
/proc/loadavg: 14.36 14.44 13.32 16/832 4057784
/proc/meminfo: memFree=374588460/528004312 swapFree=8388604/8388604
[pid=4057505] ppid=4057499 vsize=26908 memory=13612 CPUtime=0.07 cores=28-29
/proc/4057505/stat : 4057505 (perf) S 4057499 4057505 4057186 0 -1 0 1738 237 0 0 6 1 0 0 20 0 1 0 923018005 27553792 3403 17179869184 93824994299904 93824996572973 140737488338256 0 0 0 134217728 4 74274 1 0 0 17 28 0 0 0 0 0 93824998874888 93825001005840 93825001308160 140737488340073 140737488340470 140737488340470 140737488351179 0
/proc/4057505/statm: 6727 3403 2098 555 0 1769 0
[pid=4057531] ppid=4057505 vsize=43888 memory=35676 CPUtime=12.56 cores=28-29
/proc/4057531/stat : 4057531 (clingo) R 4057505 4057505 4057186 0 -1 0 7253 0 0 0 1255 1 0 0 20 0 1 0 923018014 44941312 8919 17179869184 93824992301056 93824992468925 140737488338416 0 0 0 134217728 4 25184771 0 0 0 17 28 0 0 0 0 0 93824992533936 93824992571272 93824992575488 140737488340183 140737488340354 140737488340354 140737488351170 0
/proc/4057531/statm: 10972 8919 2085 41 0 7051 0
Current children cumulated CPU time: 12.63 s
Current children cumulated vsize: 70796 KiB
Current children cumulated memory: 49288 KiB

[startup+25.5004 s]
/proc/loadavg: 14.38 14.44 13.33 16/832 4057784
/proc/meminfo: memFree=374511532/528004312 swapFree=8388604/8388604
[pid=4057505] ppid=4057499 vsize=26908 memory=13612 CPUtime=0.07 cores=28-29
/proc/4057505/stat : 4057505 (perf) S 4057499 4057505 4057186 0 -1 0 1738 237 0 0 6 1 0 0 20 0 1 0 923018005 27553792 3403 17179869184 93824994299904 93824996572973 140737488338256 0 0 0 134217728 4 74274 1 0 0 17 28 0 0 0 0 0 93824998874888 93825001005840 93825001308160 140737488340073 140737488340470 140737488340470 140737488351179 0
/proc/4057505/statm: 6727 3403 2098 555 0 1769 0
[pid=4057531] ppid=4057505 vsize=52292 memory=43976 CPUtime=25.36 cores=28-29
/proc/4057531/stat : 4057531 (clingo) R 4057505 4057505 4057186 0 -1 0 9768 0 0 0 2534 2 0 0 20 0 1 0 923018014 53547008 10994 17179869184 93824992301056 93824992468925 140737488338416 0 0 0 134217728 4 25184771 0 0 0 17 28 0 0 0 0 0 93824992533936 93824992571272 93824992575488 140737488340183 140737488340354 140737488340354 140737488351170 0
/proc/4057531/statm: 13073 10994 2085 41 0 9152 0
Current children cumulated CPU time: 25.43 s
Current children cumulated vsize: 79200 KiB
Current children cumulated memory: 57588 KiB

[startup+51.1205 s]
/proc/loadavg: 15.03 14.57 13.40 16/833 4057888
/proc/meminfo: memFree=374508124/528004312 swapFree=8388604/8388604
[pid=4057505] ppid=4057499 vsize=26908 memory=13612 CPUtime=0.07 cores=28-29
/proc/4057505/stat : 4057505 (perf) S 4057499 4057505 4057186 0 -1 0 1738 237 0 0 6 1 0 0 20 0 1 0 923018005 27553792 3403 17179869184 93824994299904 93824996572973 140737488338256 0 0 0 134217728 4 74274 1 0 0 17 28 0 0 0 0 0 93824998874888 93825001005840 93825001308160 140737488340073 140737488340470 140737488340470 140737488351179 0
/proc/4057505/statm: 6727 3403 2098 555 0 1769 0
[pid=4057531] ppid=4057505 vsize=59552 memory=51196 CPUtime=50.97 cores=28-29
/proc/4057531/stat : 4057531 (clingo) R 4057505 4057505 4057186 0 -1 0 11940 0 0 0 5095 2 0 0 20 0 1 0 923018014 60981248 12799 17179869184 93824992301056 93824992468925 140737488338416 0 0 0 134217728 4 25184771 0 0 0 17 28 0 0 0 0 0 93824992533936 93824992571272 93824992575488 140737488340183 140737488340354 140737488340354 140737488351170 0
/proc/4057531/statm: 14888 12799 2085 41 0 10967 0
Current children cumulated CPU time: 51.04 s
Current children cumulated vsize: 86460 KiB
Current children cumulated memory: 64808 KiB

[startup+102.3 s]
/proc/loadavg: 15.16 14.75 13.54 16/834 4057935
/proc/meminfo: memFree=374349144/528004312 swapFree=8388604/8388604
[pid=4057505] ppid=4057499 vsize=26908 memory=13612 CPUtime=0.07 cores=28-29
/proc/4057505/stat : 4057505 (perf) S 4057499 4057505 4057186 0 -1 0 1738 237 0 0 6 1 0 0 20 0 1 0 923018005 27553792 3403 17179869184 93824994299904 93824996572973 140737488338256 0 0 0 134217728 4 74274 1 0 0 17 28 0 0 0 0 0 93824998874888 93825001005840 93825001308160 140737488340073 140737488340470 140737488340470 140737488351179 0
/proc/4057505/statm: 6727 3403 2098 555 0 1769 0
[pid=4057531] ppid=4057505 vsize=71268 memory=62980 CPUtime=102.15 cores=28-29
/proc/4057531/stat : 4057531 (clingo) R 4057505 4057505 4057186 0 -1 0 16266 0 0 0 10211 4 0 0 20 0 1 0 923018014 72978432 15745 17179869184 93824992301056 93824992468925 140737488338416 0 0 0 134217728 4 25184771 0 0 0 17 28 0 0 0 0 0 93824992533936 93824992571272 93824992575488 140737488340183 140737488340354 140737488340354 140737488351170 0
/proc/4057531/statm: 17817 15745 2085 41 0 13896 0
Current children cumulated CPU time: 102.22 s
Current children cumulated vsize: 98176 KiB
Current children cumulated memory: 76592 KiB

[startup+162.3 s]
/proc/loadavg: 14.57 14.64 13.58 16/834 4057938
/proc/meminfo: memFree=374237020/528004312 swapFree=8388604/8388604
[pid=4057505] ppid=4057499 vsize=26908 memory=13612 CPUtime=0.07 cores=28-29
/proc/4057505/stat : 4057505 (perf) S 4057499 4057505 4057186 0 -1 0 1738 237 0 0 6 1 0 0 20 0 1 0 923018005 27553792 3403 17179869184 93824994299904 93824996572973 140737488338256 0 0 0 134217728 4 74274 1 0 0 17 28 0 0 0 0 0 93824998874888 93825001005840 93825001308160 140737488340073 140737488340470 140737488340470 140737488351179 0
/proc/4057505/statm: 6727 3403 2098 555 0 1769 0
[pid=4057531] ppid=4057505 vsize=77844 memory=69464 CPUtime=162.16 cores=28-29
/proc/4057531/stat : 4057531 (clingo) R 4057505 4057505 4057186 0 -1 0 18750 0 0 0 16211 5 0 0 20 0 1 0 923018014 79712256 17366 17179869184 93824992301056 93824992468925 140737488338416 0 0 0 134217728 4 25184771 0 0 0 17 28 0 0 0 0 0 93824992533936 93824992571272 93824992575488 140737488340183 140737488340354 140737488340354 140737488351170 0
/proc/4057531/statm: 19461 17366 2085 41 0 15540 0
Current children cumulated CPU time: 162.23 s
Current children cumulated vsize: 104752 KiB
Current children cumulated memory: 83076 KiB

[startup+222.3 s]
/proc/loadavg: 14.28 14.54 13.62 16/834 4057941
/proc/meminfo: memFree=374141840/528004312 swapFree=8388604/8388604
[pid=4057505] ppid=4057499 vsize=26908 memory=13612 CPUtime=0.07 cores=28-29
/proc/4057505/stat : 4057505 (perf) S 4057499 4057505 4057186 0 -1 0 1738 237 0 0 6 1 0 0 20 0 1 0 923018005 27553792 3403 17179869184 93824994299904 93824996572973 140737488338256 0 0 0 134217728 4 74274 1 0 0 17 28 0 0 0 0 0 93824998874888 93825001005840 93825001308160 140737488340073 140737488340470 140737488340470 140737488351179 0
/proc/4057505/statm: 6727 3403 2098 555 0 1769 0
[pid=4057531] ppid=4057505 vsize=87768 memory=78888 CPUtime=222.15 cores=28-29
/proc/4057531/stat : 4057531 (clingo) R 4057505 4057505 4057186 0 -1 0 22267 0 0 0 22210 5 0 0 20 0 1 0 923018014 89874432 19722 17179869184 93824992301056 93824992468925 140737488338416 0 0 0 134217728 4 25184771 0 0 0 17 28 0 0 0 0 0 93824992533936 93824992571272 93824992575488 140737488340183 140737488340354 140737488340354 140737488351170 0
/proc/4057531/statm: 21942 19722 2085 41 0 18021 0
Current children cumulated CPU time: 222.22 s
Current children cumulated vsize: 114676 KiB
Current children cumulated memory: 92500 KiB

[startup+282.3 s]
/proc/loadavg: 14.32 14.49 13.66 16/834 4057944
/proc/meminfo: memFree=374058952/528004312 swapFree=8388604/8388604
[pid=4057505] ppid=4057499 vsize=26908 memory=13612 CPUtime=0.07 cores=28-29
/proc/4057505/stat : 4057505 (perf) S 4057499 4057505 4057186 0 -1 0 1738 237 0 0 6 1 0 0 20 0 1 0 923018005 27553792 3403 17179869184 93824994299904 93824996572973 140737488338256 0 0 0 134217728 4 74274 1 0 0 17 28 0 0 0 0 0 93824998874888 93825001005840 93825001308160 140737488340073 140737488340470 140737488340470 140737488351179 0
/proc/4057505/statm: 6727 3403 2098 555 0 1769 0
[pid=4057531] ppid=4057505 vsize=93888 memory=84724 CPUtime=282.16 cores=28-29
/proc/4057531/stat : 4057531 (clingo) R 4057505 4057505 4057186 0 -1 0 24658 0 0 0 28210 6 0 0 20 0 1 0 923018014 96141312 21181 17179869184 93824992301056 93824992468925 140737488338416 0 0 0 134217728 4 25184771 0 0 0 17 28 0 0 0 0 0 93824992533936 93824992571272 93824992575488 140737488340183 140737488340354 140737488340354 140737488351170 0
/proc/4057531/statm: 23472 21181 2085 41 0 19551 0
Current children cumulated CPU time: 282.23 s
Current children cumulated vsize: 120796 KiB
Current children cumulated memory: 98336 KiB

[startup+342.3 s]
/proc/loadavg: 14.26 14.44 13.70 16/810 4057949
/proc/meminfo: memFree=373997076/528004312 swapFree=8388604/8388604
[pid=4057505] ppid=4057499 vsize=26908 memory=13612 CPUtime=0.07 cores=28-29
/proc/4057505/stat : 4057505 (perf) S 4057499 4057505 4057186 0 -1 0 1738 237 0 0 6 1 0 0 20 0 1 0 923018005 27553792 3403 17179869184 93824994299904 93824996572973 140737488338256 0 0 0 134217728 4 74274 1 0 0 17 28 0 0 0 0 0 93824998874888 93825001005840 93825001308160 140737488340073 140737488340470 140737488340470 140737488351179 0
/proc/4057505/statm: 6727 3403 2098 555 0 1769 0
[pid=4057531] ppid=4057505 vsize=97384 memory=87920 CPUtime=342.15 cores=28-29
/proc/4057531/stat : 4057531 (clingo) R 4057505 4057505 4057186 0 -1 0 25777 0 0 0 34209 6 0 0 20 0 1 0 923018014 99721216 21980 17179869184 93824992301056 93824992468925 140737488338416 0 0 0 134217728 4 25184771 0 0 0 17 28 0 0 0 0 0 93824992533936 93824992571272 93824992575488 140737488340183 140737488340354 140737488340354 140737488351170 0
/proc/4057531/statm: 24346 21980 2085 41 0 20425 0
Current children cumulated CPU time: 342.22 s
Current children cumulated vsize: 124292 KiB
Current children cumulated memory: 101532 KiB

[startup+402.3 s]
/proc/loadavg: 14.10 14.36 13.72 16/807 4057952
/proc/meminfo: memFree=373930816/528004312 swapFree=8388604/8388604
[pid=4057505] ppid=4057499 vsize=26908 memory=13612 CPUtime=0.07 cores=28-29
/proc/4057505/stat : 4057505 (perf) S 4057499 4057505 4057186 0 -1 0 1738 237 0 0 6 1 0 0 20 0 1 0 923018005 27553792 3403 17179869184 93824994299904 93824996572973 140737488338256 0 0 0 134217728 4 74274 1 0 0 17 28 0 0 0 0 0 93824998874888 93825001005840 93825001308160 140737488340073 140737488340470 140737488340470 140737488351179 0
/proc/4057505/statm: 6727 3403 2098 555 0 1769 0
[pid=4057531] ppid=4057505 vsize=101240 memory=91916 CPUtime=402.15 cores=28-29
/proc/4057531/stat : 4057531 (clingo) R 4057505 4057505 4057186 0 -1 0 27666 0 0 0 40208 7 0 0 20 0 1 0 923018014 103669760 22979 17179869184 93824992301056 93824992468925 140737488338416 0 0 0 134217728 4 25184771 0 0 0 17 28 0 0 0 0 0 93824992533936 93824992571272 93824992575488 140737488340183 140737488340354 140737488340354 140737488351170 0
/proc/4057531/statm: 25310 22979 2085 41 0 21389 0
Current children cumulated CPU time: 402.22 s
Current children cumulated vsize: 128148 KiB
Current children cumulated memory: 105528 KiB

[startup+462.3 s]
/proc/loadavg: 14.30 14.37 13.77 16/808 4057956
/proc/meminfo: memFree=373870100/528004312 swapFree=8388604/8388604
[pid=4057505] ppid=4057499 vsize=26908 memory=13612 CPUtime=0.07 cores=28-29
/proc/4057505/stat : 4057505 (perf) S 4057499 4057505 4057186 0 -1 0 1738 237 0 0 6 1 0 0 20 0 1 0 923018005 27553792 3403 17179869184 93824994299904 93824996572973 140737488338256 0 0 0 134217728 4 74274 1 0 0 17 28 0 0 0 0 0 93824998874888 93825001005840 93825001308160 140737488340073 140737488340470 140737488340470 140737488351179 0
/proc/4057505/statm: 6727 3403 2098 555 0 1769 0
[pid=4057531] ppid=4057505 vsize=107148 memory=96848 CPUtime=462.16 cores=28-29
/proc/4057531/stat : 4057531 (clingo) R 4057505 4057505 4057186 0 -1 0 29668 0 0 0 46208 8 0 0 20 0 1 0 923018014 109719552 24212 17179869184 93824992301056 93824992468925 140737488338416 0 0 0 134217728 4 25184771 0 0 0 17 28 0 0 0 0 0 93824992533936 93824992571272 93824992575488 140737488340183 140737488340354 140737488340354 140737488351170 0
/proc/4057531/statm: 26787 24212 2085 41 0 22866 0
Current children cumulated CPU time: 462.23 s
Current children cumulated vsize: 134056 KiB
Current children cumulated memory: 110460 KiB

[startup+522.3 s]
/proc/loadavg: 14.22 14.33 13.80 16/808 4057960
/proc/meminfo: memFree=373817736/528004312 swapFree=8388604/8388604
[pid=4057505] ppid=4057499 vsize=26908 memory=13612 CPUtime=0.07 cores=28-29
/proc/4057505/stat : 4057505 (perf) S 4057499 4057505 4057186 0 -1 0 1738 237 0 0 6 1 0 0 20 0 1 0 923018005 27553792 3403 17179869184 93824994299904 93824996572973 140737488338256 0 0 0 134217728 4 74274 1 0 0 17 28 0 0 0 0 0 93824998874888 93825001005840 93825001308160 140737488340073 140737488340470 140737488340470 140737488351179 0
/proc/4057505/statm: 6727 3403 2098 555 0 1769 0
[pid=4057531] ppid=4057505 vsize=111908 memory=101212 CPUtime=522.16 cores=28-29
/proc/4057531/stat : 4057531 (clingo) R 4057505 4057505 4057186 0 -1 0 30991 0 0 0 52208 8 0 0 20 0 1 0 923018014 114593792 25303 17179869184 93824992301056 93824992468925 140737488338416 0 0 0 134217728 4 25184771 0 0 0 17 28 0 0 0 0 0 93824992533936 93824992571272 93824992575488 140737488340183 140737488340354 140737488340354 140737488351170 0
/proc/4057531/statm: 27977 25303 2085 41 0 24056 0
Current children cumulated CPU time: 522.23 s
Current children cumulated vsize: 138816 KiB
Current children cumulated memory: 114824 KiB

[startup+582.3 s]
/proc/loadavg: 14.08 14.27 13.81 16/808 4057963
/proc/meminfo: memFree=373774176/528004312 swapFree=8388604/8388604
[pid=4057505] ppid=4057499 vsize=26908 memory=13612 CPUtime=0.07 cores=28-29
/proc/4057505/stat : 4057505 (perf) S 4057499 4057505 4057186 0 -1 0 1738 237 0 0 6 1 0 0 20 0 1 0 923018005 27553792 3403 17179869184 93824994299904 93824996572973 140737488338256 0 0 0 134217728 4 74274 1 0 0 17 28 0 0 0 0 0 93824998874888 93825001005840 93825001308160 140737488340073 140737488340470 140737488340470 140737488351179 0
/proc/4057505/statm: 6727 3403 2098 555 0 1769 0
[pid=4057531] ppid=4057505 vsize=116840 memory=105212 CPUtime=582.16 cores=28-29
/proc/4057531/stat : 4057531 (clingo) R 4057505 4057505 4057186 0 -1 0 32235 0 0 0 58208 8 0 0 20 0 1 0 923018014 119644160 26303 17179869184 93824992301056 93824992468925 140737488338416 0 0 0 134217728 4 25184771 0 0 0 17 28 0 0 0 0 0 93824992533936 93824992571272 93824992575488 140737488340183 140737488340354 140737488340354 140737488351170 0
/proc/4057531/statm: 29210 26303 2085 41 0 25289 0
Current children cumulated CPU time: 582.23 s
Current children cumulated vsize: 143748 KiB
Current children cumulated memory: 118824 KiB

[startup+642.3 s]
/proc/loadavg: 14.60 14.42 13.90 16/808 4057966
/proc/meminfo: memFree=373727052/528004312 swapFree=8388604/8388604
[pid=4057505] ppid=4057499 vsize=26908 memory=13612 CPUtime=0.07 cores=28-29
/proc/4057505/stat : 4057505 (perf) S 4057499 4057505 4057186 0 -1 0 1738 237 0 0 6 1 0 0 20 0 1 0 923018005 27553792 3403 17179869184 93824994299904 93824996572973 140737488338256 0 0 0 134217728 4 74274 1 0 0 17 28 0 0 0 0 0 93824998874888 93825001005840 93825001308160 140737488340073 140737488340470 140737488340470 140737488351179 0
/proc/4057505/statm: 6727 3403 2098 555 0 1769 0
[pid=4057531] ppid=4057505 vsize=120308 memory=108368 CPUtime=642.16 cores=28-29
/proc/4057531/stat : 4057531 (clingo) R 4057505 4057505 4057186 0 -1 0 33357 0 0 0 64208 8 0 0 20 0 1 0 923018014 123195392 27092 17179869184 93824992301056 93824992468925 140737488338416 0 0 0 134217728 4 25184771 0 0 0 17 28 0 0 0 0 0 93824992533936 93824992571272 93824992575488 140737488340183 140737488340354 140737488340354 140737488351170 0
/proc/4057531/statm: 30077 27092 2085 41 0 26156 0
Current children cumulated CPU time: 642.23 s
Current children cumulated vsize: 147216 KiB
Current children cumulated memory: 121980 KiB

[startup+702.3 s]
/proc/loadavg: 14.25 14.36 13.91 16/808 4057969
/proc/meminfo: memFree=373686776/528004312 swapFree=8388604/8388604
[pid=4057505] ppid=4057499 vsize=26908 memory=13612 CPUtime=0.07 cores=28-29
/proc/4057505/stat : 4057505 (perf) S 4057499 4057505 4057186 0 -1 0 1738 237 0 0 6 1 0 0 20 0 1 0 923018005 27553792 3403 17179869184 93824994299904 93824996572973 140737488338256 0 0 0 134217728 4 74274 1 0 0 17 28 0 0 0 0 0 93824998874888 93825001005840 93825001308160 140737488340073 140737488340470 140737488340470 140737488351179 0
/proc/4057505/statm: 6727 3403 2098 555 0 1769 0
[pid=4057531] ppid=4057505 vsize=124296 memory=111448 CPUtime=702.16 cores=28-29
/proc/4057531/stat : 4057531 (clingo) R 4057505 4057505 4057186 0 -1 0 34568 0 0 0 70208 8 0 0 20 0 1 0 923018014 127279104 27862 17179869184 93824992301056 93824992468925 140737488338416 0 0 0 134217728 4 25184771 0 0 0 17 28 0 0 0 0 0 93824992533936 93824992571272 93824992575488 140737488340183 140737488340354 140737488340354 140737488351170 0
/proc/4057531/statm: 31074 27862 2085 41 0 27153 0
Current children cumulated CPU time: 702.23 s
Current children cumulated vsize: 151204 KiB
Current children cumulated memory: 125060 KiB

[startup+762.3 s]
/proc/loadavg: 14.09 14.29 13.92 16/807 4057971
/proc/meminfo: memFree=373647748/528004312 swapFree=8388604/8388604
[pid=4057505] ppid=4057499 vsize=26908 memory=13612 CPUtime=0.07 cores=28-29
/proc/4057505/stat : 4057505 (perf) S 4057499 4057505 4057186 0 -1 0 1738 237 0 0 6 1 0 0 20 0 1 0 923018005 27553792 3403 17179869184 93824994299904 93824996572973 140737488338256 0 0 0 134217728 4 74274 1 0 0 17 28 0 0 0 0 0 93824998874888 93825001005840 93825001308160 140737488340073 140737488340470 140737488340470 140737488351179 0
/proc/4057505/statm: 6727 3403 2098 555 0 1769 0
[pid=4057531] ppid=4057505 vsize=125576 memory=113012 CPUtime=762.16 cores=28-29
/proc/4057531/stat : 4057531 (clingo) R 4057505 4057505 4057186 0 -1 0 35254 0 0 0 76208 8 0 0 20 0 1 0 923018014 128589824 28253 17179869184 93824992301056 93824992468925 140737488338416 0 0 0 134217728 4 25184771 0 0 0 17 28 0 0 0 0 0 93824992533936 93824992571272 93824992575488 140737488340183 140737488340354 140737488340354 140737488351170 0
/proc/4057531/statm: 31394 28253 2085 41 0 27473 0
Current children cumulated CPU time: 762.23 s
Current children cumulated vsize: 152484 KiB
Current children cumulated memory: 126624 KiB

[startup+822.3 s]
/proc/loadavg: 14.07 14.25 13.93 16/809 4057976
/proc/meminfo: memFree=373610216/528004312 swapFree=8388604/8388604
[pid=4057505] ppid=4057499 vsize=26908 memory=13612 CPUtime=0.07 cores=28-29
/proc/4057505/stat : 4057505 (perf) S 4057499 4057505 4057186 0 -1 0 1738 237 0 0 6 1 0 0 20 0 1 0 923018005 27553792 3403 17179869184 93824994299904 93824996572973 140737488338256 0 0 0 134217728 4 74274 1 0 0 17 28 0 0 0 0 0 93824998874888 93825001005840 93825001308160 140737488340073 140737488340470 140737488340470 140737488351179 0
/proc/4057505/statm: 6727 3403 2098 555 0 1769 0
[pid=4057531] ppid=4057505 vsize=126280 memory=113592 CPUtime=822.16 cores=28-29
/proc/4057531/stat : 4057531 (clingo) R 4057505 4057505 4057186 0 -1 0 37065 0 0 0 82208 8 0 0 20 0 1 0 923018014 129310720 28398 17179869184 93824992301056 93824992468925 140737488338416 0 0 0 134217728 4 25184771 0 0 0 17 28 0 0 0 0 0 93824992533936 93824992571272 93824992575488 140737488340183 140737488340354 140737488340354 140737488351170 0
/proc/4057531/statm: 31570 28398 2085 41 0 27649 0
Current children cumulated CPU time: 822.23 s
Current children cumulated vsize: 153188 KiB
Current children cumulated memory: 127204 KiB

[startup+882.3 s]
/proc/loadavg: 14.06 14.22 13.94 16/809 4057979
/proc/meminfo: memFree=373572940/528004312 swapFree=8388604/8388604
[pid=4057505] ppid=4057499 vsize=26908 memory=13612 CPUtime=0.07 cores=28-29
/proc/4057505/stat : 4057505 (perf) S 4057499 4057505 4057186 0 -1 0 1738 237 0 0 6 1 0 0 20 0 1 0 923018005 27553792 3403 17179869184 93824994299904 93824996572973 140737488338256 0 0 0 134217728 4 74274 1 0 0 17 28 0 0 0 0 0 93824998874888 93825001005840 93825001308160 140737488340073 140737488340470 140737488340470 140737488351179 0
/proc/4057505/statm: 6727 3403 2098 555 0 1769 0
[pid=4057531] ppid=4057505 vsize=131148 memory=118464 CPUtime=882.16 cores=28-29
/proc/4057531/stat : 4057531 (clingo) R 4057505 4057505 4057186 0 -1 0 38842 0 0 0 88207 9 0 0 20 0 1 0 923018014 134295552 29616 17179869184 93824992301056 93824992468925 140737488338416 0 0 0 134217728 4 25184771 0 0 0 17 28 0 0 0 0 0 93824992533936 93824992571272 93824992575488 140737488340183 140737488340354 140737488340354 140737488351170 0
/proc/4057531/statm: 32787 29616 2085 41 0 28866 0
Current children cumulated CPU time: 882.23 s
Current children cumulated vsize: 158056 KiB
Current children cumulated memory: 132076 KiB

[startup+942.3 s]
/proc/loadavg: 14.28 14.24 13.97 16/809 4057984
/proc/meminfo: memFree=373527864/528004312 swapFree=8388604/8388604
[pid=4057505] ppid=4057499 vsize=26908 memory=13612 CPUtime=0.07 cores=28-29
/proc/4057505/stat : 4057505 (perf) S 4057499 4057505 4057186 0 -1 0 1738 237 0 0 6 1 0 0 20 0 1 0 923018005 27553792 3403 17179869184 93824994299904 93824996572973 140737488338256 0 0 0 134217728 4 74274 1 0 0 17 28 0 0 0 0 0 93824998874888 93825001005840 93825001308160 140737488340073 140737488340470 140737488340470 140737488351179 0
/proc/4057505/statm: 6727 3403 2098 555 0 1769 0
[pid=4057531] ppid=4057505 vsize=134856 memory=121860 CPUtime=942.16 cores=28-29
/proc/4057531/stat : 4057531 (clingo) R 4057505 4057505 4057186 0 -1 0 41417 0 0 0 94206 10 0 0 20 0 1 0 923018014 138092544 30465 17179869184 93824992301056 93824992468925 140737488338416 0 0 0 134217728 4 25184771 0 0 0 17 28 0 0 0 0 0 93824992533936 93824992571272 93824992575488 140737488340183 140737488340354 140737488340354 140737488351170 0
/proc/4057531/statm: 33714 30465 2085 41 0 29793 0
Current children cumulated CPU time: 942.23 s
Current children cumulated vsize: 161764 KiB
Current children cumulated memory: 135472 KiB

[startup+1002.3 s]
/proc/loadavg: 14.55 14.34 14.02 16/809 4057987
/proc/meminfo: memFree=373491844/528004312 swapFree=8388604/8388604
[pid=4057505] ppid=4057499 vsize=26908 memory=13612 CPUtime=0.07 cores=28-29
/proc/4057505/stat : 4057505 (perf) S 4057499 4057505 4057186 0 -1 0 1738 237 0 0 6 1 0 0 20 0 1 0 923018005 27553792 3403 17179869184 93824994299904 93824996572973 140737488338256 0 0 0 134217728 4 74274 1 0 0 17 28 0 0 0 0 0 93824998874888 93825001005840 93825001308160 140737488340073 140737488340470 140737488340470 140737488351179 0
/proc/4057505/statm: 6727 3403 2098 555 0 1769 0
[pid=4057531] ppid=4057505 vsize=139332 memory=125624 CPUtime=1002.16 cores=28-29
/proc/4057531/stat : 4057531 (clingo) R 4057505 4057505 4057186 0 -1 0 43016 0 0 0 100206 10 0 0 20 0 1 0 923018014 142675968 31406 17179869184 93824992301056 93824992468925 140737488338416 0 0 0 134217728 4 25184771 0 0 0 17 28 0 0 0 0 0 93824992533936 93824992571272 93824992575488 140737488340183 140737488340354 140737488340354 140737488351170 0
/proc/4057531/statm: 34833 31406 2085 41 0 30912 0
Current children cumulated CPU time: 1002.23 s
Current children cumulated vsize: 166240 KiB
Current children cumulated memory: 139236 KiB

[startup+1062.3 s]
/proc/loadavg: 14.24 14.29 14.02 16/809 4057989
/proc/meminfo: memFree=373451796/528004312 swapFree=8388604/8388604
[pid=4057505] ppid=4057499 vsize=26908 memory=13612 CPUtime=0.07 cores=28-29
/proc/4057505/stat : 4057505 (perf) S 4057499 4057505 4057186 0 -1 0 1738 237 0 0 6 1 0 0 20 0 1 0 923018005 27553792 3403 17179869184 93824994299904 93824996572973 140737488338256 0 0 0 134217728 4 74274 1 0 0 17 28 0 0 0 0 0 93824998874888 93825001005840 93825001308160 140737488340073 140737488340470 140737488340470 140737488351179 0
/proc/4057505/statm: 6727 3403 2098 555 0 1769 0
[pid=4057531] ppid=4057505 vsize=140484 memory=127040 CPUtime=1062.16 cores=28-29
/proc/4057531/stat : 4057531 (clingo) R 4057505 4057505 4057186 0 -1 0 44103 0 0 0 106206 10 0 0 20 0 1 0 923018014 143855616 31760 17179869184 93824992301056 93824992468925 140737488338416 0 0 0 134217728 4 25184771 0 0 0 17 28 0 0 0 0 0 93824992533936 93824992571272 93824992575488 140737488340183 140737488340354 140737488340354 140737488351170 0
/proc/4057531/statm: 35121 31760 2085 41 0 31200 0
Current children cumulated CPU time: 1062.23 s
Current children cumulated vsize: 167392 KiB
Current children cumulated memory: 140652 KiB

[startup+1122.3 s]
/proc/loadavg: 14.17 14.27 14.03 16/808 4057993
/proc/meminfo: memFree=373424064/528004312 swapFree=8388604/8388604
[pid=4057505] ppid=4057499 vsize=26908 memory=13612 CPUtime=0.07 cores=28-29
/proc/4057505/stat : 4057505 (perf) S 4057499 4057505 4057186 0 -1 0 1738 237 0 0 6 1 0 0 20 0 1 0 923018005 27553792 3403 17179869184 93824994299904 93824996572973 140737488338256 0 0 0 134217728 4 74274 1 0 0 17 28 0 0 0 0 0 93824998874888 93825001005840 93825001308160 140737488340073 140737488340470 140737488340470 140737488351179 0
/proc/4057505/statm: 6727 3403 2098 555 0 1769 0
[pid=4057531] ppid=4057505 vsize=142812 memory=128884 CPUtime=1122.16 cores=28-29
/proc/4057531/stat : 4057531 (clingo) R 4057505 4057505 4057186 0 -1 0 44618 0 0 0 112206 10 0 0 20 0 1 0 923018014 146239488 32221 17179869184 93824992301056 93824992468925 140737488338416 0 0 0 134217728 4 25184771 0 0 0 17 28 0 0 0 0 0 93824992533936 93824992571272 93824992575488 140737488340183 140737488340354 140737488340354 140737488351170 0
/proc/4057531/statm: 35703 32221 2085 41 0 31782 0
Current children cumulated CPU time: 1122.23 s
Current children cumulated vsize: 169720 KiB
Current children cumulated memory: 142496 KiB

[startup+1182.3 s]
/proc/loadavg: 14.11 14.23 14.03 16/808 4057996
/proc/meminfo: memFree=373392580/528004312 swapFree=8388604/8388604
[pid=4057505] ppid=4057499 vsize=26908 memory=13612 CPUtime=0.07 cores=28-29
/proc/4057505/stat : 4057505 (perf) S 4057499 4057505 4057186 0 -1 0 1738 237 0 0 6 1 0 0 20 0 1 0 923018005 27553792 3403 17179869184 93824994299904 93824996572973 140737488338256 0 0 0 134217728 4 74274 1 0 0 17 28 0 0 0 0 0 93824998874888 93825001005840 93825001308160 140737488340073 140737488340470 140737488340470 140737488351179 0
/proc/4057505/statm: 6727 3403 2098 555 0 1769 0
[pid=4057531] ppid=4057505 vsize=144796 memory=131156 CPUtime=1182.17 cores=28-29
/proc/4057531/stat : 4057531 (clingo) R 4057505 4057505 4057186 0 -1 0 45340 0 0 0 118207 10 0 0 20 0 1 0 923018014 148271104 32789 17179869184 93824992301056 93824992468925 140737488338416 0 0 0 134217728 4 25184771 0 0 0 17 28 0 0 0 0 0 93824992533936 93824992571272 93824992575488 140737488340183 140737488340354 140737488340354 140737488351170 0
/proc/4057531/statm: 36199 32789 2085 41 0 32278 0
Current children cumulated CPU time: 1182.24 s
Current children cumulated vsize: 171704 KiB
Current children cumulated memory: 144768 KiB



Maximum wall clock time exceeded: sending SIGTERM then SIGKILL

[startup+1205 s]*
/proc/loadavg: 14.08 14.21 14.03 12/746 4058237
/proc/meminfo: memFree=373886376/528004312 swapFree=8388604/8388604
[pid=4057505] ppid=4057499 vsize=26908 memory=13612 CPUtime=0.07 cores=28-29
/proc/4057505/stat : 4057505 (perf) S 4057499 4057505 4057186 0 -1 0 1738 237 0 0 6 1 0 0 20 0 1 0 923018005 27553792 3403 17179869184 93824994299904 93824996572973 140737488338256 0 0 0 134217728 4 74274 1 0 0 17 28 0 0 0 0 0 93824998874888 93825001005840 93825001308160 140737488340073 140737488340470 140737488340470 140737488351179 0
/proc/4057505/statm: 6727 3403 2098 555 0 1769 0
[pid=4057531] ppid=4057505 vsize=144988 memory=131196 CPUtime=1204.88 cores=28-29
/proc/4057531/stat : 4057531 (clingo) R 4057505 4057505 4057186 0 -1 0 45421 0 0 0 120478 10 0 0 20 0 1 0 923018014 148467712 32799 17179869184 93824992301056 93824992468925 140737488338416 0 0 0 134217728 4 25184771 0 0 0 17 28 0 0 0 0 0 93824992533936 93824992571272 93824992575488 140737488340183 140737488340354 140737488340354 140737488351170 0
/proc/4057531/statm: 36247 32799 2085 41 0 32326 0
Current children cumulated CPU time: 1204.95 s
Current children cumulated vsize: 171896 KiB
Current children cumulated memory: 144808 KiB

Sending SIGINT to process tree (bottom up)
Sleeping 5 seconds

[startup+1205.03 s]
# the end of solver process 4057505 was just reported to runsolver
# cumulated CPU time of all completed processes:  user=1204.85 s, system=0.128336 s

Solver just ended.
??? end of watcher thread
Dumping a history of the last processes samples

Child status: 1
Real time (s): 1205.03
CPU time (s): 1204.98
CPU user time (s): 1204.85
CPU system time (s): 0.128336
CPU usage (%): 99.9963
Max. virtual memory (cumulated for all children) (KiB): 172100
Max. memory (cumulated for all children) (KiB): 145028

getrusage(RUSAGE_CHILDREN,...) data:
user time used= 1204.85
system time used= 0.128336
maximum resident set size= 131416
integral shared memory size= 0
integral unshared data size= 0
integral unshared stack size= 0
page reclaims= 47436
page faults= 0
swaps= 0
block input operations= 0
block output operations= 0
messages sent= 0
messages received= 0
signals received= 0
voluntary context switches= 22
involuntary context switches= 888


# summary of solver processes directly reported to runsolver:
#   pid: 4057505
#   total CPU time (s): 1204.98
#   total CPU user time (s): 1204.85
#   total CPU system time (s): 0.128336

??? end of timestamper thread
runsolver used 9.02819 second user time and 16.114 second system time

The end
