runsolver version 3.4.0 (svn: 3018) Copyright (C) 2010-2013 Olivier ROUSSEL

This program is distributed in the hope that it will be useful,
but WITHOUT ANY WARRANTY; without even the implied warranty of
MERCHANTABILITY or FITNESS FOR A PARTICULAR PURPOSE.  See the
GNU General Public License for more details.

NUMA information:
  number of nodes: 2
  memory of node 0: 257634 MiB (179944 MiB free)
  memory of node 1: 257994 MiB (185832 MiB free)
  node distances:
     10  20
     20  10

command line: /dev/shm/37810950-2e81-11f1-ac62-000c298f4621/input/runsolver -w /dev/shm/37810950-2e81-11f1-ac62-000c298f4621/output/runsolver.log -v /dev/shm/37810950-2e81-11f1-ac62-000c298f4621/output/varfile.log -W 1205 --rss-swap-limit 16384 -d 5 --sigint /usr/bin/perf stat -B -e task-clock,cache-references,cache-misses,cycles,instructions,branches,faults,migrations,context-switches -o /dev/shm/37810950-2e81-11f1-ac62-000c298f4621/output/perf.log clingo /home/guests/mmacri/AMOSUM/benchmarks/GraphColouring/encoding-plain-amo.asp /dev/shm/37810950-2e81-11f1-ac62-000c298f4621/input/0046-graph_colouring-145-0_4176.asp 

running on 2 cores: 4-5

Enforcing wall clock limit (soft limit, will send SIGTERM then SIGKILL): 1205 seconds
Enforcing RSS+Swap limit (soft limit, will send SIGTERM then SIGKILL): 16777216 KiB
Linux 5.15.0-131-generic
Current StackSize limit: 8192 KiB

solver pid=4058426, runsolver pid=4058424

[startup+0.10006 s]*
/proc/loadavg: 14.08 14.21 14.03 14/732 4058524
/proc/meminfo: memFree=374648376/528004312 swapFree=8388604/8388604
[pid=4058426] ppid=4058424 vsize=26908 memory=13612 CPUtime=0.07 cores=4-5
/proc/4058426/stat : 4058426 (perf) S 4058424 4058426 4058187 0 -1 0 1740 237 0 0 6 1 0 0 20 0 1 0 923138522 27553792 3403 17179869184 93824994299904 93824996572973 140737488338256 0 0 0 134217728 4 74274 1 0 0 17 4 0 0 0 0 0 93824998874888 93825001005840 93825001308160 140737488340073 140737488340470 140737488340470 140737488351179 0
/proc/4058426/statm: 6727 3403 2098 555 0 1769 0
[pid=4058505] ppid=4058426 vsize=19924 memory=11512 CPUtime=0.03 cores=4-5
/proc/4058505/stat : 4058505 (clingo) R 4058426 4058426 4058187 0 -1 0 1181 0 0 0 3 0 0 0 20 0 1 0 923138529 20402176 2878 17179869184 93824992301056 93824992468925 140737488338416 0 0 0 134217728 4 25184771 0 0 0 17 4 0 0 0 0 0 93824992533936 93824992571272 93824992575488 140737488340183 140737488340354 140737488340354 140737488351170 0
/proc/4058505/statm: 4981 2878 2038 41 0 1060 0
Current children cumulated CPU time: 0.1 s
Current children cumulated vsize: 46832 KiB
Current children cumulated memory: 25124 KiB

[startup+0.217014 s]*
/proc/loadavg: 14.08 14.21 14.03 21/692 4058710
/proc/meminfo: memFree=374636772/528004312 swapFree=8388604/8388604
[pid=4058426] ppid=4058424 vsize=26908 memory=13612 CPUtime=0.07 cores=4-5
/proc/4058426/stat : 4058426 (perf) S 4058424 4058426 4058187 0 -1 0 1740 237 0 0 6 1 0 0 20 0 1 0 923138522 27553792 3403 17179869184 93824994299904 93824996572973 140737488338256 0 0 0 134217728 4 74274 1 0 0 17 4 0 0 0 0 0 93824998874888 93825001005840 93825001308160 140737488340073 140737488340470 140737488340470 140737488351179 0
/proc/4058426/statm: 6727 3403 2098 555 0 1769 0
[pid=4058505] ppid=4058426 vsize=25456 memory=17232 CPUtime=0.14 cores=4-5
/proc/4058505/stat : 4058505 (clingo) R 4058426 4058426 4058187 0 -1 0 2570 0 0 0 14 0 0 0 20 0 1 0 923138529 26066944 4308 17179869184 93824992301056 93824992468925 140737488338416 0 0 0 134217728 4 25184771 0 0 0 17 4 0 0 0 0 0 93824992533936 93824992571272 93824992575488 140737488340183 140737488340354 140737488340354 140737488351170 0
/proc/4058505/statm: 6364 4308 2085 41 0 2443 0
Current children cumulated CPU time: 0.21 s
Current children cumulated vsize: 52364 KiB
Current children cumulated memory: 30844 KiB

[startup+0.316384 s]*
/proc/loadavg: 14.08 14.21 14.03 15/715 4058818
/proc/meminfo: memFree=374646836/528004312 swapFree=8388604/8388604
[pid=4058426] ppid=4058424 vsize=26908 memory=13612 CPUtime=0.07 cores=4-5
/proc/4058426/stat : 4058426 (perf) S 4058424 4058426 4058187 0 -1 0 1740 237 0 0 6 1 0 0 20 0 1 0 923138522 27553792 3403 17179869184 93824994299904 93824996572973 140737488338256 0 0 0 134217728 4 74274 1 0 0 17 4 0 0 0 0 0 93824998874888 93825001005840 93825001308160 140737488340073 140737488340470 140737488340470 140737488351179 0
/proc/4058426/statm: 6727 3403 2098 555 0 1769 0
[pid=4058505] ppid=4058426 vsize=27340 memory=19080 CPUtime=0.24 cores=4-5
/proc/4058505/stat : 4058505 (clingo) R 4058426 4058426 4058187 0 -1 0 3044 0 0 0 24 0 0 0 20 0 1 0 923138529 27996160 4770 17179869184 93824992301056 93824992468925 140737488338416 0 0 0 134217728 4 25184771 0 0 0 17 4 0 0 0 0 0 93824992533936 93824992571272 93824992575488 140737488340183 140737488340354 140737488340354 140737488351170 0
/proc/4058505/statm: 6835 4770 2085 41 0 2914 0
Current children cumulated CPU time: 0.31 s
Current children cumulated vsize: 54248 KiB
Current children cumulated memory: 32692 KiB

[startup+0.700308 s]
/proc/loadavg: 14.08 14.21 14.03 9/782 4058962
/proc/meminfo: memFree=374616432/528004312 swapFree=8388604/8388604
[pid=4058426] ppid=4058424 vsize=26908 memory=13612 CPUtime=0.07 cores=4-5
/proc/4058426/stat : 4058426 (perf) S 4058424 4058426 4058187 0 -1 0 1740 237 0 0 6 1 0 0 20 0 1 0 923138522 27553792 3403 17179869184 93824994299904 93824996572973 140737488338256 0 0 0 134217728 4 74274 1 0 0 17 4 0 0 0 0 0 93824998874888 93825001005840 93825001308160 140737488340073 140737488340470 140737488340470 140737488351179 0
/proc/4058426/statm: 6727 3403 2098 555 0 1769 0
[pid=4058505] ppid=4058426 vsize=30408 memory=22248 CPUtime=0.61 cores=4-5
/proc/4058505/stat : 4058505 (clingo) R 4058426 4058426 4058187 0 -1 0 3822 0 0 0 61 0 0 0 20 0 1 0 923138529 31137792 5562 17179869184 93824992301056 93824992468925 140737488338416 0 0 0 134217728 4 25184771 0 0 0 17 4 0 0 0 0 0 93824992533936 93824992571272 93824992575488 140737488340183 140737488340354 140737488340354 140737488351170 0
/proc/4058505/statm: 7602 5562 2085 41 0 3681 0
Current children cumulated CPU time: 0.68 s
Current children cumulated vsize: 57316 KiB
Current children cumulated memory: 35860 KiB

[startup+1.50034 s]
/proc/loadavg: 14.08 14.21 14.03 21/828 4059253
/proc/meminfo: memFree=374584112/528004312 swapFree=8388604/8388604
[pid=4058426] ppid=4058424 vsize=26908 memory=13612 CPUtime=0.07 cores=4-5
/proc/4058426/stat : 4058426 (perf) S 4058424 4058426 4058187 0 -1 0 1740 237 0 0 6 1 0 0 20 0 1 0 923138522 27553792 3403 17179869184 93824994299904 93824996572973 140737488338256 0 0 0 134217728 4 74274 1 0 0 17 4 0 0 0 0 0 93824998874888 93825001005840 93825001308160 140737488340073 140737488340470 140737488340470 140737488351179 0
/proc/4058426/statm: 6727 3403 2098 555 0 1769 0
[pid=4058505] ppid=4058426 vsize=33004 memory=25052 CPUtime=1.41 cores=4-5
/proc/4058505/stat : 4058505 (clingo) R 4058426 4058426 4058187 0 -1 0 4611 0 0 0 140 1 0 0 20 0 1 0 923138529 33796096 6263 17179869184 93824992301056 93824992468925 140737488338416 0 0 0 134217728 4 25184771 0 0 0 17 4 0 0 0 0 0 93824992533936 93824992571272 93824992575488 140737488340183 140737488340354 140737488340354 140737488351170 0
/proc/4058505/statm: 8251 6263 2085 41 0 4330 0
Current children cumulated CPU time: 1.48 s
Current children cumulated vsize: 59912 KiB
Current children cumulated memory: 38664 KiB

[startup+3.11974 s]
/proc/loadavg: 14.07 14.21 14.03 15/831 4059361
/proc/meminfo: memFree=374485048/528004312 swapFree=8388604/8388604
[pid=4058426] ppid=4058424 vsize=26908 memory=13612 CPUtime=0.07 cores=4-5
/proc/4058426/stat : 4058426 (perf) S 4058424 4058426 4058187 0 -1 0 1740 237 0 0 6 1 0 0 20 0 1 0 923138522 27553792 3403 17179869184 93824994299904 93824996572973 140737488338256 0 0 0 134217728 4 74274 1 0 0 17 4 0 0 0 0 0 93824998874888 93825001005840 93825001308160 140737488340073 140737488340470 140737488340470 140737488351179 0
/proc/4058426/statm: 6727 3403 2098 555 0 1769 0
[pid=4058505] ppid=4058426 vsize=34040 memory=26072 CPUtime=3.03 cores=4-5
/proc/4058505/stat : 4058505 (clingo) R 4058426 4058426 4058187 0 -1 0 4977 0 0 0 302 1 0 0 20 0 1 0 923138529 34856960 6518 17179869184 93824992301056 93824992468925 140737488338416 0 0 0 134217728 4 25184771 0 0 0 17 4 0 0 0 0 0 93824992533936 93824992571272 93824992575488 140737488340183 140737488340354 140737488340354 140737488351170 0
/proc/4058505/statm: 8510 6518 2085 41 0 4589 0
Current children cumulated CPU time: 3.1 s
Current children cumulated vsize: 60948 KiB
Current children cumulated memory: 39684 KiB

[startup+6.30029 s]
/proc/loadavg: 14.07 14.21 14.03 15/835 4059573
/proc/meminfo: memFree=374444924/528004312 swapFree=8388604/8388604
[pid=4058426] ppid=4058424 vsize=26908 memory=13612 CPUtime=0.07 cores=4-5
/proc/4058426/stat : 4058426 (perf) S 4058424 4058426 4058187 0 -1 0 1740 237 0 0 6 1 0 0 20 0 1 0 923138522 27553792 3403 17179869184 93824994299904 93824996572973 140737488338256 0 0 0 134217728 4 74274 1 0 0 17 4 0 0 0 0 0 93824998874888 93825001005840 93825001308160 140737488340073 140737488340470 140737488340470 140737488351179 0
/proc/4058426/statm: 6727 3403 2098 555 0 1769 0
[pid=4058505] ppid=4058426 vsize=39096 memory=31028 CPUtime=6.21 cores=4-5
/proc/4058505/stat : 4058505 (clingo) R 4058426 4058426 4058187 0 -1 0 6326 0 0 0 620 1 0 0 20 0 1 0 923138529 40034304 7757 17179869184 93824992301056 93824992468925 140737488338416 0 0 0 134217728 4 25184771 0 0 0 17 4 0 0 0 0 0 93824992533936 93824992571272 93824992575488 140737488340183 140737488340354 140737488340354 140737488351170 0
/proc/4058505/statm: 9774 7757 2085 41 0 5853 0
Current children cumulated CPU time: 6.28 s
Current children cumulated vsize: 66004 KiB
Current children cumulated memory: 44640 KiB

[startup+12.7003 s]
/proc/loadavg: 14.14 14.22 14.03 16/841 4060014
/proc/meminfo: memFree=374311152/528004312 swapFree=8388604/8388604
[pid=4058426] ppid=4058424 vsize=26908 memory=13612 CPUtime=0.07 cores=4-5
/proc/4058426/stat : 4058426 (perf) S 4058424 4058426 4058187 0 -1 0 1740 237 0 0 6 1 0 0 20 0 1 0 923138522 27553792 3403 17179869184 93824994299904 93824996572973 140737488338256 0 0 0 134217728 4 74274 1 0 0 17 4 0 0 0 0 0 93824998874888 93825001005840 93825001308160 140737488340073 140737488340470 140737488340470 140737488351179 0
/proc/4058426/statm: 6727 3403 2098 555 0 1769 0
[pid=4058505] ppid=4058426 vsize=46092 memory=37840 CPUtime=12.6 cores=4-5
/proc/4058505/stat : 4058505 (clingo) R 4058426 4058426 4058187 0 -1 0 8152 0 0 0 1259 1 0 0 20 0 1 0 923138529 47198208 9460 17179869184 93824992301056 93824992468925 140737488338416 0 0 0 134217728 4 25184771 0 0 0 17 4 0 0 0 0 0 93824992533936 93824992571272 93824992575488 140737488340183 140737488340354 140737488340354 140737488351170 0
/proc/4058505/statm: 11523 9460 2085 41 0 7602 0
Current children cumulated CPU time: 12.67 s
Current children cumulated vsize: 73000 KiB
Current children cumulated memory: 51452 KiB

[startup+25.5003 s]
/proc/loadavg: 14.12 14.21 14.03 15/841 4060015
/proc/meminfo: memFree=374111660/528004312 swapFree=8388604/8388604
[pid=4058426] ppid=4058424 vsize=26908 memory=13612 CPUtime=0.07 cores=4-5
/proc/4058426/stat : 4058426 (perf) S 4058424 4058426 4058187 0 -1 0 1740 237 0 0 6 1 0 0 20 0 1 0 923138522 27553792 3403 17179869184 93824994299904 93824996572973 140737488338256 0 0 0 134217728 4 74274 1 0 0 17 4 0 0 0 0 0 93824998874888 93825001005840 93825001308160 140737488340073 140737488340470 140737488340470 140737488351179 0
/proc/4058426/statm: 6727 3403 2098 555 0 1769 0
[pid=4058505] ppid=4058426 vsize=53700 memory=45456 CPUtime=25.41 cores=4-5
/proc/4058505/stat : 4058505 (clingo) R 4058426 4058426 4058187 0 -1 0 10718 0 0 0 2539 2 0 0 20 0 1 0 923138529 54988800 11364 17179869184 93824992301056 93824992468925 140737488338416 0 0 0 134217728 4 25184771 0 0 0 17 4 0 0 0 0 0 93824992533936 93824992571272 93824992575488 140737488340183 140737488340354 140737488340354 140737488351170 0
/proc/4058505/statm: 13425 11364 2085 41 0 9504 0
Current children cumulated CPU time: 25.48 s
Current children cumulated vsize: 80608 KiB
Current children cumulated memory: 59068 KiB

[startup+51.1202 s]
/proc/loadavg: 14.08 14.19 14.03 15/844 4060123
/proc/meminfo: memFree=374004724/528004312 swapFree=8388604/8388604
[pid=4058426] ppid=4058424 vsize=26908 memory=13612 CPUtime=0.07 cores=4-5
/proc/4058426/stat : 4058426 (perf) S 4058424 4058426 4058187 0 -1 0 1740 237 0 0 6 1 0 0 20 0 1 0 923138522 27553792 3403 17179869184 93824994299904 93824996572973 140737488338256 0 0 0 134217728 4 74274 1 0 0 17 4 0 0 0 0 0 93824998874888 93825001005840 93825001308160 140737488340073 140737488340470 140737488340470 140737488351179 0
/proc/4058426/statm: 6727 3403 2098 555 0 1769 0
[pid=4058505] ppid=4058426 vsize=61840 memory=53688 CPUtime=51.03 cores=4-5
/proc/4058505/stat : 4058505 (clingo) R 4058426 4058426 4058187 0 -1 0 14255 0 0 0 5100 3 0 0 20 0 1 0 923138529 63324160 13422 17179869184 93824992301056 93824992468925 140737488338416 0 0 0 134217728 4 25184771 0 0 0 17 4 0 0 0 0 0 93824992533936 93824992571272 93824992575488 140737488340183 140737488340354 140737488340354 140737488351170 0
/proc/4058505/statm: 15460 13422 2085 41 0 11539 0
Current children cumulated CPU time: 51.1 s
Current children cumulated vsize: 88748 KiB
Current children cumulated memory: 67300 KiB

[startup+102.3 s]
/proc/loadavg: 14.34 14.24 14.05 15/845 4060127
/proc/meminfo: memFree=373693816/528004312 swapFree=8388604/8388604
[pid=4058426] ppid=4058424 vsize=26908 memory=13612 CPUtime=0.07 cores=4-5
/proc/4058426/stat : 4058426 (perf) S 4058424 4058426 4058187 0 -1 0 1740 237 0 0 6 1 0 0 20 0 1 0 923138522 27553792 3403 17179869184 93824994299904 93824996572973 140737488338256 0 0 0 134217728 4 74274 1 0 0 17 4 0 0 0 0 0 93824998874888 93825001005840 93825001308160 140737488340073 140737488340470 140737488340470 140737488351179 0
/proc/4058426/statm: 6727 3403 2098 555 0 1769 0
[pid=4058505] ppid=4058426 vsize=73696 memory=65400 CPUtime=102.2 cores=4-5
/proc/4058505/stat : 4058505 (clingo) R 4058426 4058426 4058187 0 -1 0 19061 0 0 0 10217 3 0 0 20 0 1 0 923138529 75464704 16350 17179869184 93824992301056 93824992468925 140737488338416 0 0 0 134217728 4 25184771 0 0 0 17 4 0 0 0 0 0 93824992533936 93824992571272 93824992575488 140737488340183 140737488340354 140737488340354 140737488351170 0
/proc/4058505/statm: 18424 16350 2085 41 0 14503 0
Current children cumulated CPU time: 102.27 s
Current children cumulated vsize: 100604 KiB
Current children cumulated memory: 79012 KiB

[startup+162.3 s]
/proc/loadavg: 14.12 14.19 14.05 15/845 4060130
/proc/meminfo: memFree=373392092/528004312 swapFree=8388604/8388604
[pid=4058426] ppid=4058424 vsize=26908 memory=13612 CPUtime=0.07 cores=4-5
/proc/4058426/stat : 4058426 (perf) S 4058424 4058426 4058187 0 -1 0 1740 237 0 0 6 1 0 0 20 0 1 0 923138522 27553792 3403 17179869184 93824994299904 93824996572973 140737488338256 0 0 0 134217728 4 74274 1 0 0 17 4 0 0 0 0 0 93824998874888 93825001005840 93825001308160 140737488340073 140737488340470 140737488340470 140737488351179 0
/proc/4058426/statm: 6727 3403 2098 555 0 1769 0
[pid=4058505] ppid=4058426 vsize=83380 memory=75228 CPUtime=162.21 cores=4-5
/proc/4058505/stat : 4058505 (clingo) R 4058426 4058426 4058187 0 -1 0 22604 0 0 0 16216 5 0 0 20 0 1 0 923138529 85381120 18807 17179869184 93824992301056 93824992468925 140737488338416 0 0 0 134217728 4 25184771 0 0 0 17 4 0 0 0 0 0 93824992533936 93824992571272 93824992575488 140737488340183 140737488340354 140737488340354 140737488351170 0
/proc/4058505/statm: 20845 18807 2085 41 0 16924 0
Current children cumulated CPU time: 162.28 s
Current children cumulated vsize: 110288 KiB
Current children cumulated memory: 88840 KiB

[startup+222.3 s]
/proc/loadavg: 14.29 14.23 14.07 15/845 4060133
/proc/meminfo: memFree=373266392/528004312 swapFree=8388604/8388604
[pid=4058426] ppid=4058424 vsize=26908 memory=13612 CPUtime=0.07 cores=4-5
/proc/4058426/stat : 4058426 (perf) S 4058424 4058426 4058187 0 -1 0 1740 237 0 0 6 1 0 0 20 0 1 0 923138522 27553792 3403 17179869184 93824994299904 93824996572973 140737488338256 0 0 0 134217728 4 74274 1 0 0 17 4 0 0 0 0 0 93824998874888 93825001005840 93825001308160 140737488340073 140737488340470 140737488340470 140737488351179 0
/proc/4058426/statm: 6727 3403 2098 555 0 1769 0
[pid=4058505] ppid=4058426 vsize=91816 memory=83300 CPUtime=222.2 cores=4-5
/proc/4058505/stat : 4058505 (clingo) R 4058426 4058426 4058187 0 -1 0 25185 0 0 0 22215 5 0 0 20 0 1 0 923138529 94019584 20825 17179869184 93824992301056 93824992468925 140737488338416 0 0 0 134217728 4 25184771 0 0 0 17 4 0 0 0 0 0 93824992533936 93824992571272 93824992575488 140737488340183 140737488340354 140737488340354 140737488351170 0
/proc/4058505/statm: 22954 20825 2085 41 0 19033 0
Current children cumulated CPU time: 222.27 s
Current children cumulated vsize: 118724 KiB
Current children cumulated memory: 96912 KiB

[startup+282.3 s]
/proc/loadavg: 14.11 14.19 14.06 15/845 4060135
/proc/meminfo: memFree=373126808/528004312 swapFree=8388604/8388604
[pid=4058426] ppid=4058424 vsize=26908 memory=13612 CPUtime=0.07 cores=4-5
/proc/4058426/stat : 4058426 (perf) S 4058424 4058426 4058187 0 -1 0 1740 237 0 0 6 1 0 0 20 0 1 0 923138522 27553792 3403 17179869184 93824994299904 93824996572973 140737488338256 0 0 0 134217728 4 74274 1 0 0 17 4 0 0 0 0 0 93824998874888 93825001005840 93825001308160 140737488340073 140737488340470 140737488340470 140737488351179 0
/proc/4058426/statm: 6727 3403 2098 555 0 1769 0
[pid=4058505] ppid=4058426 vsize=98232 memory=89284 CPUtime=282.2 cores=4-5
/proc/4058505/stat : 4058505 (clingo) R 4058426 4058426 4058187 0 -1 0 27853 0 0 0 28215 5 0 0 20 0 1 0 923138529 100589568 22321 17179869184 93824992301056 93824992468925 140737488338416 0 0 0 134217728 4 25184771 0 0 0 17 4 0 0 0 0 0 93824992533936 93824992571272 93824992575488 140737488340183 140737488340354 140737488340354 140737488351170 0
/proc/4058505/statm: 24558 22321 2085 41 0 20637 0
Current children cumulated CPU time: 282.27 s
Current children cumulated vsize: 125140 KiB
Current children cumulated memory: 102896 KiB

[startup+342.3 s]
/proc/loadavg: 14.75 14.37 14.13 15/828 4060141
/proc/meminfo: memFree=373065632/528004312 swapFree=8388604/8388604
[pid=4058426] ppid=4058424 vsize=26908 memory=13612 CPUtime=0.07 cores=4-5
/proc/4058426/stat : 4058426 (perf) S 4058424 4058426 4058187 0 -1 0 1740 237 0 0 6 1 0 0 20 0 1 0 923138522 27553792 3403 17179869184 93824994299904 93824996572973 140737488338256 0 0 0 134217728 4 74274 1 0 0 17 4 0 0 0 0 0 93824998874888 93825001005840 93825001308160 140737488340073 140737488340470 140737488340470 140737488351179 0
/proc/4058426/statm: 6727 3403 2098 555 0 1769 0
[pid=4058505] ppid=4058426 vsize=101948 memory=93092 CPUtime=342.2 cores=4-5
/proc/4058505/stat : 4058505 (clingo) R 4058426 4058426 4058187 0 -1 0 28945 0 0 0 34214 6 0 0 20 0 1 0 923138529 104394752 23273 17179869184 93824992301056 93824992468925 140737488338416 0 0 0 134217728 4 25184771 0 0 0 17 4 0 0 0 0 0 93824992533936 93824992571272 93824992575488 140737488340183 140737488340354 140737488340354 140737488351170 0
/proc/4058505/statm: 25487 23273 2085 41 0 21566 0
Current children cumulated CPU time: 342.27 s
Current children cumulated vsize: 128856 KiB
Current children cumulated memory: 106704 KiB

[startup+402.3 s]
/proc/loadavg: 14.27 14.30 14.12 15/819 4060145
/proc/meminfo: memFree=372992872/528004312 swapFree=8388604/8388604
[pid=4058426] ppid=4058424 vsize=26908 memory=13612 CPUtime=0.07 cores=4-5
/proc/4058426/stat : 4058426 (perf) S 4058424 4058426 4058187 0 -1 0 1740 237 0 0 6 1 0 0 20 0 1 0 923138522 27553792 3403 17179869184 93824994299904 93824996572973 140737488338256 0 0 0 134217728 4 74274 1 0 0 17 4 0 0 0 0 0 93824998874888 93825001005840 93825001308160 140737488340073 140737488340470 140737488340470 140737488351179 0
/proc/4058426/statm: 6727 3403 2098 555 0 1769 0
[pid=4058505] ppid=4058426 vsize=108480 memory=99576 CPUtime=402.2 cores=4-5
/proc/4058505/stat : 4058505 (clingo) R 4058426 4058426 4058187 0 -1 0 33069 0 0 0 40213 7 0 0 20 0 1 0 923138529 111083520 24894 17179869184 93824992301056 93824992468925 140737488338416 0 0 0 134217728 4 25184771 0 0 0 17 4 0 0 0 0 0 93824992533936 93824992571272 93824992575488 140737488340183 140737488340354 140737488340354 140737488351170 0
/proc/4058505/statm: 27120 24894 2085 41 0 23199 0
Current children cumulated CPU time: 402.27 s
Current children cumulated vsize: 135388 KiB
Current children cumulated memory: 113188 KiB

[startup+462.3 s]
/proc/loadavg: 14.26 14.30 14.13 15/820 4060149
/proc/meminfo: memFree=372932928/528004312 swapFree=8388604/8388604
[pid=4058426] ppid=4058424 vsize=26908 memory=13612 CPUtime=0.07 cores=4-5
/proc/4058426/stat : 4058426 (perf) S 4058424 4058426 4058187 0 -1 0 1740 237 0 0 6 1 0 0 20 0 1 0 923138522 27553792 3403 17179869184 93824994299904 93824996572973 140737488338256 0 0 0 134217728 4 74274 1 0 0 17 4 0 0 0 0 0 93824998874888 93825001005840 93825001308160 140737488340073 140737488340470 140737488340470 140737488351179 0
/proc/4058426/statm: 6727 3403 2098 555 0 1769 0
[pid=4058505] ppid=4058426 vsize=113336 memory=104720 CPUtime=462.19 cores=4-5
/proc/4058505/stat : 4058505 (clingo) R 4058426 4058426 4058187 0 -1 0 35882 0 0 0 46212 7 0 0 20 0 1 0 923138529 116056064 26180 17179869184 93824992301056 93824992468925 140737488338416 0 0 0 134217728 4 25184771 0 0 0 17 4 0 0 0 0 0 93824992533936 93824992571272 93824992575488 140737488340183 140737488340354 140737488340354 140737488351170 0
/proc/4058505/statm: 28334 26180 2085 41 0 24413 0
Current children cumulated CPU time: 462.26 s
Current children cumulated vsize: 140244 KiB
Current children cumulated memory: 118332 KiB

[startup+522.3 s]
/proc/loadavg: 14.09 14.24 14.12 15/820 4060152
/proc/meminfo: memFree=372877008/528004312 swapFree=8388604/8388604
[pid=4058426] ppid=4058424 vsize=26908 memory=13612 CPUtime=0.07 cores=4-5
/proc/4058426/stat : 4058426 (perf) S 4058424 4058426 4058187 0 -1 0 1740 237 0 0 6 1 0 0 20 0 1 0 923138522 27553792 3403 17179869184 93824994299904 93824996572973 140737488338256 0 0 0 134217728 4 74274 1 0 0 17 4 0 0 0 0 0 93824998874888 93825001005840 93825001308160 140737488340073 140737488340470 140737488340470 140737488351179 0
/proc/4058426/statm: 6727 3403 2098 555 0 1769 0
[pid=4058505] ppid=4058426 vsize=116436 memory=107880 CPUtime=522.19 cores=4-5
/proc/4058505/stat : 4058505 (clingo) R 4058426 4058426 4058187 0 -1 0 37448 0 0 0 52212 7 0 0 20 0 1 0 923138529 119230464 26970 17179869184 93824992301056 93824992468925 140737488338416 0 0 0 134217728 4 25184771 0 0 0 17 4 0 0 0 0 0 93824992533936 93824992571272 93824992575488 140737488340183 140737488340354 140737488340354 140737488351170 0
/proc/4058505/statm: 29109 26970 2085 41 0 25188 0
Current children cumulated CPU time: 522.26 s
Current children cumulated vsize: 143344 KiB
Current children cumulated memory: 121492 KiB

[startup+582.3 s]
/proc/loadavg: 14.07 14.21 14.12 15/821 4060156
/proc/meminfo: memFree=372830168/528004312 swapFree=8388604/8388604
[pid=4058426] ppid=4058424 vsize=26908 memory=13612 CPUtime=0.07 cores=4-5
/proc/4058426/stat : 4058426 (perf) S 4058424 4058426 4058187 0 -1 0 1740 237 0 0 6 1 0 0 20 0 1 0 923138522 27553792 3403 17179869184 93824994299904 93824996572973 140737488338256 0 0 0 134217728 4 74274 1 0 0 17 4 0 0 0 0 0 93824998874888 93825001005840 93825001308160 140737488340073 140737488340470 140737488340470 140737488351179 0
/proc/4058426/statm: 6727 3403 2098 555 0 1769 0
[pid=4058505] ppid=4058426 vsize=122656 memory=113812 CPUtime=582.19 cores=4-5
/proc/4058505/stat : 4058505 (clingo) R 4058426 4058426 4058187 0 -1 0 39577 0 0 0 58211 8 0 0 20 0 1 0 923138529 125599744 28453 17179869184 93824992301056 93824992468925 140737488338416 0 0 0 134217728 4 25184771 0 0 0 17 4 0 0 0 0 0 93824992533936 93824992571272 93824992575488 140737488340183 140737488340354 140737488340354 140737488351170 0
/proc/4058505/statm: 30664 28453 2085 41 0 26743 0
Current children cumulated CPU time: 582.26 s
Current children cumulated vsize: 149564 KiB
Current children cumulated memory: 127424 KiB

[startup+642.3 s]
/proc/loadavg: 14.44 14.29 14.15 15/821 4060158
/proc/meminfo: memFree=372750576/528004312 swapFree=8388604/8388604
[pid=4058426] ppid=4058424 vsize=26908 memory=13612 CPUtime=0.07 cores=4-5
/proc/4058426/stat : 4058426 (perf) S 4058424 4058426 4058187 0 -1 0 1740 237 0 0 6 1 0 0 20 0 1 0 923138522 27553792 3403 17179869184 93824994299904 93824996572973 140737488338256 0 0 0 134217728 4 74274 1 0 0 17 4 0 0 0 0 0 93824998874888 93825001005840 93825001308160 140737488340073 140737488340470 140737488340470 140737488351179 0
/proc/4058426/statm: 6727 3403 2098 555 0 1769 0
[pid=4058505] ppid=4058426 vsize=125756 memory=116940 CPUtime=642.19 cores=4-5
/proc/4058505/stat : 4058505 (clingo) R 4058426 4058426 4058187 0 -1 0 41980 0 0 0 64210 9 0 0 20 0 1 0 923138529 128774144 29235 17179869184 93824992301056 93824992468925 140737488338416 0 0 0 134217728 4 25184771 0 0 0 17 4 0 0 0 0 0 93824992533936 93824992571272 93824992575488 140737488340183 140737488340354 140737488340354 140737488351170 0
/proc/4058505/statm: 31439 29235 2085 41 0 27518 0
Current children cumulated CPU time: 642.26 s
Current children cumulated vsize: 152664 KiB
Current children cumulated memory: 130552 KiB

[startup+702.3 s]
/proc/loadavg: 14.16 14.24 14.14 15/821 4060160
/proc/meminfo: memFree=372702204/528004312 swapFree=8388604/8388604
[pid=4058426] ppid=4058424 vsize=26908 memory=13612 CPUtime=0.07 cores=4-5
/proc/4058426/stat : 4058426 (perf) S 4058424 4058426 4058187 0 -1 0 1740 237 0 0 6 1 0 0 20 0 1 0 923138522 27553792 3403 17179869184 93824994299904 93824996572973 140737488338256 0 0 0 134217728 4 74274 1 0 0 17 4 0 0 0 0 0 93824998874888 93825001005840 93825001308160 140737488340073 140737488340470 140737488340470 140737488351179 0
/proc/4058426/statm: 6727 3403 2098 555 0 1769 0
[pid=4058505] ppid=4058426 vsize=129592 memory=120128 CPUtime=702.19 cores=4-5
/proc/4058505/stat : 4058505 (clingo) R 4058426 4058426 4058187 0 -1 0 42970 0 0 0 70210 9 0 0 20 0 1 0 923138529 132702208 30032 17179869184 93824992301056 93824992468925 140737488338416 0 0 0 134217728 4 25184771 0 0 0 17 4 0 0 0 0 0 93824992533936 93824992571272 93824992575488 140737488340183 140737488340354 140737488340354 140737488351170 0
/proc/4058505/statm: 32398 30032 2085 41 0 28477 0
Current children cumulated CPU time: 702.26 s
Current children cumulated vsize: 156500 KiB
Current children cumulated memory: 133740 KiB

[startup+762.3 s]
/proc/loadavg: 14.06 14.19 14.13 15/820 4060161
/proc/meminfo: memFree=372588560/528004312 swapFree=8388604/8388604
[pid=4058426] ppid=4058424 vsize=26908 memory=13612 CPUtime=0.07 cores=4-5
/proc/4058426/stat : 4058426 (perf) S 4058424 4058426 4058187 0 -1 0 1740 237 0 0 6 1 0 0 20 0 1 0 923138522 27553792 3403 17179869184 93824994299904 93824996572973 140737488338256 0 0 0 134217728 4 74274 1 0 0 17 4 0 0 0 0 0 93824998874888 93825001005840 93825001308160 140737488340073 140737488340470 140737488340470 140737488351179 0
/proc/4058426/statm: 6727 3403 2098 555 0 1769 0
[pid=4058505] ppid=4058426 vsize=133704 memory=123592 CPUtime=762.19 cores=4-5
/proc/4058505/stat : 4058505 (clingo) R 4058426 4058426 4058187 0 -1 0 43902 0 0 0 76209 10 0 0 20 0 1 0 923138529 136912896 30898 17179869184 93824992301056 93824992468925 140737488338416 0 0 0 134217728 4 25184771 0 0 0 17 4 0 0 0 0 0 93824992533936 93824992571272 93824992575488 140737488340183 140737488340354 140737488340354 140737488351170 0
/proc/4058505/statm: 33426 30898 2085 41 0 29505 0
Current children cumulated CPU time: 762.26 s
Current children cumulated vsize: 160612 KiB
Current children cumulated memory: 137204 KiB

[startup+822.3 s]
/proc/loadavg: 14.02 14.15 14.12 15/820 4060163
/proc/meminfo: memFree=372547544/528004312 swapFree=8388604/8388604
[pid=4058426] ppid=4058424 vsize=26908 memory=13612 CPUtime=0.07 cores=4-5
/proc/4058426/stat : 4058426 (perf) S 4058424 4058426 4058187 0 -1 0 1740 237 0 0 6 1 0 0 20 0 1 0 923138522 27553792 3403 17179869184 93824994299904 93824996572973 140737488338256 0 0 0 134217728 4 74274 1 0 0 17 4 0 0 0 0 0 93824998874888 93825001005840 93825001308160 140737488340073 140737488340470 140737488340470 140737488351179 0
/proc/4058426/statm: 6727 3403 2098 555 0 1769 0
[pid=4058505] ppid=4058426 vsize=136692 memory=126400 CPUtime=822.19 cores=4-5
/proc/4058505/stat : 4058505 (clingo) R 4058426 4058426 4058187 0 -1 0 45487 0 0 0 82209 10 0 0 20 0 1 0 923138529 139972608 31600 17179869184 93824992301056 93824992468925 140737488338416 0 0 0 134217728 4 25184771 0 0 0 17 4 0 0 0 0 0 93824992533936 93824992571272 93824992575488 140737488340183 140737488340354 140737488340354 140737488351170 0
/proc/4058505/statm: 34173 31600 2085 41 0 30252 0
Current children cumulated CPU time: 822.26 s
Current children cumulated vsize: 163600 KiB
Current children cumulated memory: 140012 KiB

[startup+882.3 s]
/proc/loadavg: 14.00 14.12 14.11 15/820 4060208
/proc/meminfo: memFree=372512796/528004312 swapFree=8388604/8388604
[pid=4058426] ppid=4058424 vsize=26908 memory=13612 CPUtime=0.07 cores=4-5
/proc/4058426/stat : 4058426 (perf) S 4058424 4058426 4058187 0 -1 0 1740 237 0 0 6 1 0 0 20 0 1 0 923138522 27553792 3403 17179869184 93824994299904 93824996572973 140737488338256 0 0 0 134217728 4 74274 1 0 0 17 4 0 0 0 0 0 93824998874888 93825001005840 93825001308160 140737488340073 140737488340470 140737488340470 140737488351179 0
/proc/4058426/statm: 6727 3403 2098 555 0 1769 0
[pid=4058505] ppid=4058426 vsize=139424 memory=129040 CPUtime=882.18 cores=4-5
/proc/4058505/stat : 4058505 (clingo) R 4058426 4058426 4058187 0 -1 0 46603 0 0 0 88208 10 0 0 20 0 1 0 923138529 142770176 32260 17179869184 93824992301056 93824992468925 140737488338416 0 0 0 134217728 4 25184771 0 0 0 17 4 0 0 0 0 0 93824992533936 93824992571272 93824992575488 140737488340183 140737488340354 140737488340354 140737488351170 0
/proc/4058505/statm: 34856 32260 2085 41 0 30935 0
Current children cumulated CPU time: 882.25 s
Current children cumulated vsize: 166332 KiB
Current children cumulated memory: 142652 KiB

[startup+942.3 s]
/proc/loadavg: 14.00 14.10 14.09 15/820 4060210
/proc/meminfo: memFree=372433176/528004312 swapFree=8388604/8388604
[pid=4058426] ppid=4058424 vsize=26908 memory=13612 CPUtime=0.07 cores=4-5
/proc/4058426/stat : 4058426 (perf) S 4058424 4058426 4058187 0 -1 0 1740 237 0 0 6 1 0 0 20 0 1 0 923138522 27553792 3403 17179869184 93824994299904 93824996572973 140737488338256 0 0 0 134217728 4 74274 1 0 0 17 4 0 0 0 0 0 93824998874888 93825001005840 93825001308160 140737488340073 140737488340470 140737488340470 140737488351179 0
/proc/4058426/statm: 6727 3403 2098 555 0 1769 0
[pid=4058505] ppid=4058426 vsize=142460 memory=131800 CPUtime=942.18 cores=4-5
/proc/4058505/stat : 4058505 (clingo) R 4058426 4058426 4058187 0 -1 0 47412 0 0 0 94208 10 0 0 20 0 1 0 923138529 145879040 32950 17179869184 93824992301056 93824992468925 140737488338416 0 0 0 134217728 4 25184771 0 0 0 17 4 0 0 0 0 0 93824992533936 93824992571272 93824992575488 140737488340183 140737488340354 140737488340354 140737488351170 0
/proc/4058505/statm: 35615 32950 2085 41 0 31694 0
Current children cumulated CPU time: 942.25 s
Current children cumulated vsize: 169368 KiB
Current children cumulated memory: 145412 KiB

[startup+1002.3 s]
/proc/loadavg: 14.00 14.08 14.09 15/820 4060211
/proc/meminfo: memFree=372372204/528004312 swapFree=8388604/8388604
[pid=4058426] ppid=4058424 vsize=26908 memory=13612 CPUtime=0.07 cores=4-5
/proc/4058426/stat : 4058426 (perf) S 4058424 4058426 4058187 0 -1 0 1740 237 0 0 6 1 0 0 20 0 1 0 923138522 27553792 3403 17179869184 93824994299904 93824996572973 140737488338256 0 0 0 134217728 4 74274 1 0 0 17 4 0 0 0 0 0 93824998874888 93825001005840 93825001308160 140737488340073 140737488340470 140737488340470 140737488351179 0
/proc/4058426/statm: 6727 3403 2098 555 0 1769 0
[pid=4058505] ppid=4058426 vsize=146284 memory=135632 CPUtime=1002.18 cores=4-5
/proc/4058505/stat : 4058505 (clingo) R 4058426 4058426 4058187 0 -1 0 48634 0 0 0 100208 10 0 0 20 0 1 0 923138529 149794816 33908 17179869184 93824992301056 93824992468925 140737488338416 0 0 0 134217728 4 25184771 0 0 0 17 4 0 0 0 0 0 93824992533936 93824992571272 93824992575488 140737488340183 140737488340354 140737488340354 140737488351170 0
/proc/4058505/statm: 36571 33908 2085 41 0 32650 0
Current children cumulated CPU time: 1002.25 s
Current children cumulated vsize: 173192 KiB
Current children cumulated memory: 149244 KiB

[startup+1062.3 s]
/proc/loadavg: 14.00 14.06 14.08 15/820 4060212
/proc/meminfo: memFree=372335924/528004312 swapFree=8388604/8388604
[pid=4058426] ppid=4058424 vsize=26908 memory=13612 CPUtime=0.07 cores=4-5
/proc/4058426/stat : 4058426 (perf) S 4058424 4058426 4058187 0 -1 0 1740 237 0 0 6 1 0 0 20 0 1 0 923138522 27553792 3403 17179869184 93824994299904 93824996572973 140737488338256 0 0 0 134217728 4 74274 1 0 0 17 4 0 0 0 0 0 93824998874888 93825001005840 93825001308160 140737488340073 140737488340470 140737488340470 140737488351179 0
/proc/4058426/statm: 6727 3403 2098 555 0 1769 0
[pid=4058505] ppid=4058426 vsize=149412 memory=137856 CPUtime=1062.18 cores=4-5
/proc/4058505/stat : 4058505 (clingo) R 4058426 4058426 4058187 0 -1 0 49454 0 0 0 106207 11 0 0 20 0 1 0 923138529 152997888 34464 17179869184 93824992301056 93824992468925 140737488338416 0 0 0 134217728 4 25184771 0 0 0 17 4 0 0 0 0 0 93824992533936 93824992571272 93824992575488 140737488340183 140737488340354 140737488340354 140737488351170 0
/proc/4058505/statm: 37353 34464 2085 41 0 33432 0
Current children cumulated CPU time: 1062.25 s
Current children cumulated vsize: 176320 KiB
Current children cumulated memory: 151468 KiB

[startup+1122.3 s]
/proc/loadavg: 14.32 14.12 14.10 15/820 4060214
/proc/meminfo: memFree=372309756/528004312 swapFree=8388604/8388604
[pid=4058426] ppid=4058424 vsize=26908 memory=13612 CPUtime=0.07 cores=4-5
/proc/4058426/stat : 4058426 (perf) S 4058424 4058426 4058187 0 -1 0 1740 237 0 0 6 1 0 0 20 0 1 0 923138522 27553792 3403 17179869184 93824994299904 93824996572973 140737488338256 0 0 0 134217728 4 74274 1 0 0 17 4 0 0 0 0 0 93824998874888 93825001005840 93825001308160 140737488340073 140737488340470 140737488340470 140737488351179 0
/proc/4058426/statm: 6727 3403 2098 555 0 1769 0
[pid=4058505] ppid=4058426 vsize=151476 memory=140020 CPUtime=1122.18 cores=4-5
/proc/4058505/stat : 4058505 (clingo) R 4058426 4058426 4058187 0 -1 0 51002 0 0 0 112207 11 0 0 20 0 1 0 923138529 155111424 35005 17179869184 93824992301056 93824992468925 140737488338416 0 0 0 134217728 4 25184771 0 0 0 17 4 0 0 0 0 0 93824992533936 93824992571272 93824992575488 140737488340183 140737488340354 140737488340354 140737488351170 0
/proc/4058505/statm: 37869 35005 2085 41 0 33948 0
Current children cumulated CPU time: 1122.25 s
Current children cumulated vsize: 178384 KiB
Current children cumulated memory: 153632 KiB

[startup+1182.3 s]
/proc/loadavg: 15.03 14.45 14.22 15/820 4060215
/proc/meminfo: memFree=372281788/528004312 swapFree=8388604/8388604
[pid=4058426] ppid=4058424 vsize=26908 memory=13612 CPUtime=0.07 cores=4-5
/proc/4058426/stat : 4058426 (perf) S 4058424 4058426 4058187 0 -1 0 1740 237 0 0 6 1 0 0 20 0 1 0 923138522 27553792 3403 17179869184 93824994299904 93824996572973 140737488338256 0 0 0 134217728 4 74274 1 0 0 17 4 0 0 0 0 0 93824998874888 93825001005840 93825001308160 140737488340073 140737488340470 140737488340470 140737488351179 0
/proc/4058426/statm: 6727 3403 2098 555 0 1769 0
[pid=4058505] ppid=4058426 vsize=153456 memory=141512 CPUtime=1182.18 cores=4-5
/proc/4058505/stat : 4058505 (clingo) R 4058426 4058426 4058187 0 -1 0 51493 0 0 0 118206 12 0 0 20 0 1 0 923138529 157138944 35378 17179869184 93824992301056 93824992468925 140737488338416 0 0 0 134217728 4 25184771 0 0 0 17 4 0 0 0 0 0 93824992533936 93824992571272 93824992575488 140737488340183 140737488340354 140737488340354 140737488351170 0
/proc/4058505/statm: 38364 35378 2085 41 0 34443 0
Current children cumulated CPU time: 1182.25 s
Current children cumulated vsize: 180364 KiB
Current children cumulated memory: 155124 KiB



Maximum wall clock time exceeded: sending SIGTERM then SIGKILL

[startup+1205 s]*
/proc/loadavg: 14.68 14.41 14.21 15/820 4060215
/proc/meminfo: memFree=372225604/528004312 swapFree=8388604/8388604
[pid=4058426] ppid=4058424 vsize=26908 memory=13612 CPUtime=0.07 cores=4-5
/proc/4058426/stat : 4058426 (perf) S 4058424 4058426 4058187 0 -1 0 1740 237 0 0 6 1 0 0 20 0 1 0 923138522 27553792 3403 17179869184 93824994299904 93824996572973 140737488338256 0 0 0 134217728 4 74274 1 0 0 17 4 0 0 0 0 0 93824998874888 93825001005840 93825001308160 140737488340073 140737488340470 140737488340470 140737488351179 0
/proc/4058426/statm: 6727 3403 2098 555 0 1769 0
[pid=4058505] ppid=4058426 vsize=153576 memory=141992 CPUtime=1204.89 cores=4-5
/proc/4058505/stat : 4058505 (clingo) R 4058426 4058426 4058187 0 -1 0 51873 0 0 0 120477 12 0 0 20 0 1 0 923138529 157261824 35498 17179869184 93824992301056 93824992468925 140737488338416 0 0 0 134217728 4 25184771 0 0 0 17 4 0 0 0 0 0 93824992533936 93824992571272 93824992575488 140737488340183 140737488340354 140737488340354 140737488351170 0
/proc/4058505/statm: 38394 35498 2085 41 0 34473 0
Current children cumulated CPU time: 1204.96 s
Current children cumulated vsize: 180484 KiB
Current children cumulated memory: 155604 KiB

Sending SIGINT to process tree (bottom up)
Sleeping 5 seconds

[startup+1205.03 s]
# the end of solver process 4058426 was just reported to runsolver
# cumulated CPU time of all completed processes:  user=1204.85 s, system=0.147873 s

Solver just ended.
??? end of watcher thread
Dumping a history of the last processes samples

Child status: 1
Real time (s): 1205.03
CPU time (s): 1205
CPU user time (s): 1204.85
CPU system time (s): 0.147873
CPU usage (%): 99.9972
Max. virtual memory (cumulated for all children) (KiB): 181816
Max. memory (cumulated for all children) (KiB): 156708

getrusage(RUSAGE_CHILDREN,...) data:
user time used= 1204.85
system time used= 0.147873
maximum resident set size= 143096
integral shared memory size= 0
integral unshared data size= 0
integral unshared stack size= 0
page reclaims= 53890
page faults= 0
swaps= 0
block input operations= 0
block output operations= 0
messages sent= 0
messages received= 0
signals received= 0
voluntary context switches= 67
involuntary context switches= 2703


# summary of solver processes directly reported to runsolver:
#   pid: 4058426
#   total CPU time (s): 1205
#   total CPU user time (s): 1204.85
#   total CPU system time (s): 0.147873

??? end of timestamper thread
runsolver used 9.80389 second user time and 15.7166 second system time

The end
