runsolver version 3.4.0 (svn: 3018) Copyright (C) 2010-2013 Olivier ROUSSEL

This program is distributed in the hope that it will be useful,
but WITHOUT ANY WARRANTY; without even the implied warranty of
MERCHANTABILITY or FITNESS FOR A PARTICULAR PURPOSE.  See the
GNU General Public License for more details.

NUMA information:
  number of nodes: 2
  memory of node 0: 257635 MiB (188947 MiB free)
  memory of node 1: 257994 MiB (176263 MiB free)
  node distances:
     10  20
     20  10

command line: /dev/shm/3759aff4-2e81-11f1-ac62-000c298f4621/input/runsolver -w /dev/shm/3759aff4-2e81-11f1-ac62-000c298f4621/output/runsolver.log -v /dev/shm/3759aff4-2e81-11f1-ac62-000c298f4621/output/varfile.log -W 1205 --rss-swap-limit 16384 -d 5 --sigint /usr/bin/perf stat -B -e task-clock,cache-references,cache-misses,cycles,instructions,branches,faults,migrations,context-switches -o /dev/shm/3759aff4-2e81-11f1-ac62-000c298f4621/output/perf.log clingo /home/guests/mmacri/AMOSUM/benchmarks/GraphColouring/encoding-plain-amo.asp /dev/shm/3759aff4-2e81-11f1-ac62-000c298f4621/input/0025-graph_colouring-135-0_2592.asp 

running on 2 cores: 8-9

Enforcing wall clock limit (soft limit, will send SIGTERM then SIGKILL): 1205 seconds
Enforcing RSS+Swap limit (soft limit, will send SIGTERM then SIGKILL): 16777216 KiB
Linux 5.15.0-131-generic
solver pid=1606696, runsolver pid=1606691
Current StackSize limit: 8192 KiB


[startup+0.100063 s]*
/proc/loadavg: 14.15 14.20 13.30 20/815 1606712
/proc/meminfo: memFree=373961304/528004520 swapFree=8388604/8388604
[pid=1606696] ppid=1606691 vsize=26908 memory=13612 CPUtime=0.07 cores=8-9
/proc/1606696/stat : 1606696 (perf) S 1606691 1606696 1606314 0 -1 0 1738 237 0 0 5 2 0 0 20 0 1 0 923003543 27553792 3403 17179869184 93824994299904 93824996572973 140737488338256 0 0 0 134217728 4 74274 1 0 0 17 9 0 0 0 0 0 93824998874888 93825001005840 93825001308160 140737488340073 140737488340470 140737488340470 140737488351179 0
/proc/1606696/statm: 6727 3403 2098 555 0 1769 0
[pid=1606711] ppid=1606696 vsize=20016 memory=11840 CPUtime=0.03 cores=8-9
/proc/1606711/stat : 1606711 (clingo) R 1606696 1606696 1606314 0 -1 0 1209 0 0 0 3 0 0 0 20 0 1 0 923003552 20496384 2960 17179869184 93824992301056 93824992468925 140737488338416 0 0 0 134217728 4 25184771 0 0 0 17 8 0 0 0 0 0 93824992533936 93824992571272 93824992575488 140737488340183 140737488340354 140737488340354 140737488351170 0
/proc/1606711/statm: 5004 2960 2074 41 0 1083 0
Current children cumulated CPU time: 0.1 s
Current children cumulated vsize: 46924 KiB
Current children cumulated memory: 25452 KiB

[startup+0.218999 s]*
/proc/loadavg: 14.15 14.20 13.30 22/823 1606720
/proc/meminfo: memFree=373911776/528004520 swapFree=8388604/8388604
[pid=1606696] ppid=1606691 vsize=26908 memory=13612 CPUtime=0.07 cores=8-9
/proc/1606696/stat : 1606696 (perf) S 1606691 1606696 1606314 0 -1 0 1738 237 0 0 5 2 0 0 20 0 1 0 923003543 27553792 3403 17179869184 93824994299904 93824996572973 140737488338256 0 0 0 134217728 4 74274 1 0 0 17 9 0 0 0 0 0 93824998874888 93825001005840 93825001308160 140737488340073 140737488340470 140737488340470 140737488351179 0
/proc/1606696/statm: 6727 3403 2098 555 0 1769 0
[pid=1606711] ppid=1606696 vsize=25980 memory=17968 CPUtime=0.15 cores=8-9
/proc/1606711/stat : 1606711 (clingo) R 1606696 1606696 1606314 0 -1 0 2719 0 0 0 15 0 0 0 20 0 1 0 923003552 26603520 4492 17179869184 93824992301056 93824992468925 140737488338416 0 0 0 134217728 4 25184771 0 0 0 17 8 0 0 0 0 0 93824992533936 93824992571272 93824992575488 140737488340183 140737488340354 140737488340354 140737488351170 0
/proc/1606711/statm: 6495 4492 2089 41 0 2574 0
Current children cumulated CPU time: 0.22 s
Current children cumulated vsize: 52888 KiB
Current children cumulated memory: 31580 KiB

[startup+0.318875 s]*
/proc/loadavg: 14.15 14.20 13.30 18/828 1606728
/proc/meminfo: memFree=373889124/528004520 swapFree=8388604/8388604
[pid=1606696] ppid=1606691 vsize=26908 memory=13612 CPUtime=0.07 cores=8-9
/proc/1606696/stat : 1606696 (perf) S 1606691 1606696 1606314 0 -1 0 1738 237 0 0 5 2 0 0 20 0 1 0 923003543 27553792 3403 17179869184 93824994299904 93824996572973 140737488338256 0 0 0 134217728 4 74274 1 0 0 17 9 0 0 0 0 0 93824998874888 93825001005840 93825001308160 140737488340073 140737488340470 140737488340470 140737488351179 0
/proc/1606696/statm: 6727 3403 2098 555 0 1769 0
[pid=1606711] ppid=1606696 vsize=28224 memory=20080 CPUtime=0.25 cores=8-9
/proc/1606711/stat : 1606711 (clingo) R 1606696 1606696 1606314 0 -1 0 3282 0 0 0 25 0 0 0 20 0 1 0 923003552 28901376 5020 17179869184 93824992301056 93824992468925 140737488338416 0 0 0 134217728 4 25184771 0 0 0 17 8 0 0 0 0 0 93824992533936 93824992571272 93824992575488 140737488340183 140737488340354 140737488340354 140737488351170 0
/proc/1606711/statm: 7056 5020 2089 41 0 3135 0
Current children cumulated CPU time: 0.32 s
Current children cumulated vsize: 55132 KiB
Current children cumulated memory: 33692 KiB

[startup+0.70035 s]
/proc/loadavg: 14.15 14.20 13.30 19/830 1606765
/proc/meminfo: memFree=373882608/528004520 swapFree=8388604/8388604
[pid=1606696] ppid=1606691 vsize=26908 memory=13612 CPUtime=0.07 cores=8-9
/proc/1606696/stat : 1606696 (perf) S 1606691 1606696 1606314 0 -1 0 1738 237 0 0 5 2 0 0 20 0 1 0 923003543 27553792 3403 17179869184 93824994299904 93824996572973 140737488338256 0 0 0 134217728 4 74274 1 0 0 17 9 0 0 0 0 0 93824998874888 93825001005840 93825001308160 140737488340073 140737488340470 140737488340470 140737488351179 0
/proc/1606696/statm: 6727 3403 2098 555 0 1769 0
[pid=1606711] ppid=1606696 vsize=31136 memory=22984 CPUtime=0.6 cores=8-9
/proc/1606711/stat : 1606711 (clingo) R 1606696 1606696 1606314 0 -1 0 4016 0 0 0 60 0 0 0 20 0 1 0 923003552 31883264 5746 17179869184 93824992301056 93824992468925 140737488338416 0 0 0 134217728 4 25184771 0 0 0 17 8 0 0 0 0 0 93824992533936 93824992571272 93824992575488 140737488340183 140737488340354 140737488340354 140737488351170 0
/proc/1606711/statm: 7784 5746 2089 41 0 3863 0
Current children cumulated CPU time: 0.67 s
Current children cumulated vsize: 58044 KiB
Current children cumulated memory: 36596 KiB

[startup+1.50034 s]
/proc/loadavg: 14.29 14.24 13.31 19/809 1606795
/proc/meminfo: memFree=373973620/528004520 swapFree=8388604/8388604
[pid=1606696] ppid=1606691 vsize=26908 memory=13612 CPUtime=0.07 cores=8-9
/proc/1606696/stat : 1606696 (perf) S 1606691 1606696 1606314 0 -1 0 1738 237 0 0 5 2 0 0 20 0 1 0 923003543 27553792 3403 17179869184 93824994299904 93824996572973 140737488338256 0 0 0 134217728 4 74274 1 0 0 17 9 0 0 0 0 0 93824998874888 93825001005840 93825001308160 140737488340073 140737488340470 140737488340470 140737488351179 0
/proc/1606696/statm: 6727 3403 2098 555 0 1769 0
[pid=1606711] ppid=1606696 vsize=35504 memory=27472 CPUtime=1.4 cores=8-9
/proc/1606711/stat : 1606711 (clingo) R 1606696 1606696 1606314 0 -1 0 5082 0 0 0 140 0 0 0 20 0 1 0 923003552 36356096 6868 17179869184 93824992301056 93824992468925 140737488338416 0 0 0 134217728 4 25184771 0 0 0 17 8 0 0 0 0 0 93824992533936 93824992571272 93824992575488 140737488340183 140737488340354 140737488340354 140737488351170 0
/proc/1606711/statm: 8876 6868 2089 41 0 4955 0
Current children cumulated CPU time: 1.47 s
Current children cumulated vsize: 62412 KiB
Current children cumulated memory: 41084 KiB

[startup+3.11937 s]
/proc/loadavg: 14.29 14.24 13.31 17/832 1607270
/proc/meminfo: memFree=374029272/528004520 swapFree=8388604/8388604
[pid=1606696] ppid=1606691 vsize=26908 memory=13612 CPUtime=0.07 cores=8-9
/proc/1606696/stat : 1606696 (perf) S 1606691 1606696 1606314 0 -1 0 1738 237 0 0 5 2 0 0 20 0 1 0 923003543 27553792 3403 17179869184 93824994299904 93824996572973 140737488338256 0 0 0 134217728 4 74274 1 0 0 17 9 0 0 0 0 0 93824998874888 93825001005840 93825001308160 140737488340073 140737488340470 140737488340470 140737488351179 0
/proc/1606696/statm: 6727 3403 2098 555 0 1769 0
[pid=1606711] ppid=1606696 vsize=37484 memory=29320 CPUtime=3.02 cores=8-9
/proc/1606711/stat : 1606711 (clingo) R 1606696 1606696 1606314 0 -1 0 5604 0 0 0 302 0 0 0 20 0 1 0 923003552 38383616 7330 17179869184 93824992301056 93824992468925 140737488338416 0 0 0 134217728 4 25184771 0 0 0 17 8 0 0 0 0 0 93824992533936 93824992571272 93824992575488 140737488340183 140737488340354 140737488340354 140737488351170 0
/proc/1606711/statm: 9371 7330 2089 41 0 5450 0
Current children cumulated CPU time: 3.09 s
Current children cumulated vsize: 64392 KiB
Current children cumulated memory: 42932 KiB

[startup+6.30028 s]
/proc/loadavg: 14.27 14.23 13.31 18/832 1607385
/proc/meminfo: memFree=374064628/528004520 swapFree=8388604/8388604
[pid=1606696] ppid=1606691 vsize=26908 memory=13612 CPUtime=0.07 cores=8-9
/proc/1606696/stat : 1606696 (perf) S 1606691 1606696 1606314 0 -1 0 1738 237 0 0 5 2 0 0 20 0 1 0 923003543 27553792 3403 17179869184 93824994299904 93824996572973 140737488338256 0 0 0 134217728 4 74274 1 0 0 17 9 0 0 0 0 0 93824998874888 93825001005840 93825001308160 140737488340073 140737488340470 140737488340470 140737488351179 0
/proc/1606696/statm: 6727 3403 2098 555 0 1769 0
[pid=1606711] ppid=1606696 vsize=40652 memory=32488 CPUtime=6.2 cores=8-9
/proc/1606711/stat : 1606711 (clingo) R 1606696 1606696 1606314 0 -1 0 6390 0 0 0 620 0 0 0 20 0 1 0 923003552 41627648 8122 17179869184 93824992301056 93824992468925 140737488338416 0 0 0 134217728 4 25184771 0 0 0 17 8 0 0 0 0 0 93824992533936 93824992571272 93824992575488 140737488340183 140737488340354 140737488340354 140737488351170 0
/proc/1606711/statm: 10163 8122 2089 41 0 6242 0
Current children cumulated CPU time: 6.27 s
Current children cumulated vsize: 67560 KiB
Current children cumulated memory: 46100 KiB

[startup+12.7003 s]
/proc/loadavg: 14.25 14.23 13.32 18/833 1607592
/proc/meminfo: memFree=374007668/528004520 swapFree=8388604/8388604
[pid=1606696] ppid=1606691 vsize=26908 memory=13612 CPUtime=0.07 cores=8-9
/proc/1606696/stat : 1606696 (perf) S 1606691 1606696 1606314 0 -1 0 1738 237 0 0 5 2 0 0 20 0 1 0 923003543 27553792 3403 17179869184 93824994299904 93824996572973 140737488338256 0 0 0 134217728 4 74274 1 0 0 17 9 0 0 0 0 0 93824998874888 93825001005840 93825001308160 140737488340073 140737488340470 140737488340470 140737488351179 0
/proc/1606696/statm: 6727 3403 2098 555 0 1769 0
[pid=1606711] ppid=1606696 vsize=48768 memory=40504 CPUtime=12.6 cores=8-9
/proc/1606711/stat : 1606711 (clingo) R 1606696 1606696 1606314 0 -1 0 8678 0 0 0 1259 1 0 0 20 0 1 0 923003552 49938432 10126 17179869184 93824992301056 93824992468925 140737488338416 0 0 0 134217728 4 25184771 0 0 0 17 8 0 0 0 0 0 93824992533936 93824992571272 93824992575488 140737488340183 140737488340354 140737488340354 140737488351170 0
/proc/1606711/statm: 12192 10126 2089 41 0 8271 0
Current children cumulated CPU time: 12.67 s
Current children cumulated vsize: 75676 KiB
Current children cumulated memory: 54116 KiB

[startup+25.5004 s]
/proc/loadavg: 14.21 14.22 13.33 18/833 1607592
/proc/meminfo: memFree=373923968/528004520 swapFree=8388604/8388604
[pid=1606696] ppid=1606691 vsize=26908 memory=13612 CPUtime=0.07 cores=8-9
/proc/1606696/stat : 1606696 (perf) S 1606691 1606696 1606314 0 -1 0 1738 237 0 0 5 2 0 0 20 0 1 0 923003543 27553792 3403 17179869184 93824994299904 93824996572973 140737488338256 0 0 0 134217728 4 74274 1 0 0 17 9 0 0 0 0 0 93824998874888 93825001005840 93825001308160 140737488340073 140737488340470 140737488340470 140737488351179 0
/proc/1606696/statm: 6727 3403 2098 555 0 1769 0
[pid=1606711] ppid=1606696 vsize=57300 memory=48980 CPUtime=25.4 cores=8-9
/proc/1606711/stat : 1606711 (clingo) R 1606696 1606696 1606314 0 -1 0 11308 0 0 0 2538 2 0 0 20 0 1 0 923003552 58675200 12245 17179869184 93824992301056 93824992468925 140737488338416 0 0 0 134217728 4 25184771 0 0 0 17 8 0 0 0 0 0 93824992533936 93824992571272 93824992575488 140737488340183 140737488340354 140737488340354 140737488351170 0
/proc/1606711/statm: 14325 12245 2089 41 0 10404 0
Current children cumulated CPU time: 25.47 s
Current children cumulated vsize: 84208 KiB
Current children cumulated memory: 62592 KiB

[startup+51.1195 s]
/proc/loadavg: 14.13 14.20 13.35 18/833 1607593
/proc/meminfo: memFree=373822984/528004520 swapFree=8388604/8388604
[pid=1606696] ppid=1606691 vsize=26908 memory=13612 CPUtime=0.07 cores=8-9
/proc/1606696/stat : 1606696 (perf) S 1606691 1606696 1606314 0 -1 0 1738 237 0 0 5 2 0 0 20 0 1 0 923003543 27553792 3403 17179869184 93824994299904 93824996572973 140737488338256 0 0 0 134217728 4 74274 1 0 0 17 9 0 0 0 0 0 93824998874888 93825001005840 93825001308160 140737488340073 140737488340470 140737488340470 140737488351179 0
/proc/1606696/statm: 6727 3403 2098 555 0 1769 0
[pid=1606711] ppid=1606696 vsize=65124 memory=56760 CPUtime=51.03 cores=8-9
/proc/1606711/stat : 1606711 (clingo) R 1606696 1606696 1606314 0 -1 0 15225 0 0 0 5100 3 0 0 20 0 1 0 923003552 66686976 14190 17179869184 93824992301056 93824992468925 140737488338416 0 0 0 134217728 4 25184771 0 0 0 17 8 0 0 0 0 0 93824992533936 93824992571272 93824992575488 140737488340183 140737488340354 140737488340354 140737488351170 0
/proc/1606711/statm: 16281 14190 2089 41 0 12360 0
Current children cumulated CPU time: 51.1 s
Current children cumulated vsize: 92032 KiB
Current children cumulated memory: 70372 KiB

[startup+102.3 s]
/proc/loadavg: 14.12 14.18 13.39 18/834 1607640
/proc/meminfo: memFree=373689168/528004520 swapFree=8388604/8388604
[pid=1606696] ppid=1606691 vsize=26908 memory=13612 CPUtime=0.07 cores=8-9
/proc/1606696/stat : 1606696 (perf) S 1606691 1606696 1606314 0 -1 0 1738 237 0 0 5 2 0 0 20 0 1 0 923003543 27553792 3403 17179869184 93824994299904 93824996572973 140737488338256 0 0 0 134217728 4 74274 1 0 0 17 9 0 0 0 0 0 93824998874888 93825001005840 93825001308160 140737488340073 140737488340470 140737488340470 140737488351179 0
/proc/1606696/statm: 6727 3403 2098 555 0 1769 0
[pid=1606711] ppid=1606696 vsize=75000 memory=66772 CPUtime=102.2 cores=8-9
/proc/1606711/stat : 1606711 (clingo) R 1606696 1606696 1606314 0 -1 0 19551 0 0 0 10215 5 0 0 20 0 1 0 923003552 76800000 16693 17179869184 93824992301056 93824992468925 140737488338416 0 0 0 134217728 4 25184771 0 0 0 17 8 0 0 0 0 0 93824992533936 93824992571272 93824992575488 140737488340183 140737488340354 140737488340354 140737488351170 0
/proc/1606711/statm: 18750 16693 2089 41 0 14829 0
Current children cumulated CPU time: 102.27 s
Current children cumulated vsize: 101908 KiB
Current children cumulated memory: 80384 KiB

[startup+162.3 s]
/proc/loadavg: 14.04 14.14 13.43 18/834 1607643
/proc/meminfo: memFree=373583172/528004520 swapFree=8388604/8388604
[pid=1606696] ppid=1606691 vsize=26908 memory=13612 CPUtime=0.07 cores=8-9
/proc/1606696/stat : 1606696 (perf) S 1606691 1606696 1606314 0 -1 0 1738 237 0 0 5 2 0 0 20 0 1 0 923003543 27553792 3403 17179869184 93824994299904 93824996572973 140737488338256 0 0 0 134217728 4 74274 1 0 0 17 9 0 0 0 0 0 93824998874888 93825001005840 93825001308160 140737488340073 140737488340470 140737488340470 140737488351179 0
/proc/1606696/statm: 6727 3403 2098 555 0 1769 0
[pid=1606711] ppid=1606696 vsize=84936 memory=76848 CPUtime=162.2 cores=8-9
/proc/1606711/stat : 1606711 (clingo) R 1606696 1606696 1606314 0 -1 0 24358 0 0 0 16213 7 0 0 20 0 1 0 923003552 86974464 19212 17179869184 93824992301056 93824992468925 140737488338416 0 0 0 134217728 4 25184771 0 0 0 17 8 0 0 0 0 0 93824992533936 93824992571272 93824992575488 140737488340183 140737488340354 140737488340354 140737488351170 0
/proc/1606711/statm: 21234 19212 2089 41 0 17313 0
Current children cumulated CPU time: 162.27 s
Current children cumulated vsize: 111844 KiB
Current children cumulated memory: 90460 KiB

[startup+222.3 s]
/proc/loadavg: 14.08 14.13 13.48 18/834 1607646
/proc/meminfo: memFree=373493384/528004520 swapFree=8388604/8388604
[pid=1606696] ppid=1606691 vsize=26908 memory=13612 CPUtime=0.07 cores=8-9
/proc/1606696/stat : 1606696 (perf) S 1606691 1606696 1606314 0 -1 0 1738 237 0 0 5 2 0 0 20 0 1 0 923003543 27553792 3403 17179869184 93824994299904 93824996572973 140737488338256 0 0 0 134217728 4 74274 1 0 0 17 9 0 0 0 0 0 93824998874888 93825001005840 93825001308160 140737488340073 140737488340470 140737488340470 140737488351179 0
/proc/1606696/statm: 6727 3403 2098 555 0 1769 0
[pid=1606711] ppid=1606696 vsize=89532 memory=81476 CPUtime=222.2 cores=8-9
/proc/1606711/stat : 1606711 (clingo) R 1606696 1606696 1606314 0 -1 0 26312 0 0 0 22213 7 0 0 20 0 1 0 923003552 91680768 20369 17179869184 93824992301056 93824992468925 140737488338416 0 0 0 134217728 4 25184771 0 0 0 17 8 0 0 0 0 0 93824992533936 93824992571272 93824992575488 140737488340183 140737488340354 140737488340354 140737488351170 0
/proc/1606711/statm: 22383 20369 2089 41 0 18462 0
Current children cumulated CPU time: 222.27 s
Current children cumulated vsize: 116440 KiB
Current children cumulated memory: 95088 KiB

[startup+282.3 s]
/proc/loadavg: 14.32 14.18 13.54 18/834 1607649
/proc/meminfo: memFree=373410244/528004520 swapFree=8388604/8388604
[pid=1606696] ppid=1606691 vsize=26908 memory=13612 CPUtime=0.07 cores=8-9
/proc/1606696/stat : 1606696 (perf) S 1606691 1606696 1606314 0 -1 0 1738 237 0 0 5 2 0 0 20 0 1 0 923003543 27553792 3403 17179869184 93824994299904 93824996572973 140737488338256 0 0 0 134217728 4 74274 1 0 0 17 9 0 0 0 0 0 93824998874888 93825001005840 93825001308160 140737488340073 140737488340470 140737488340470 140737488351179 0
/proc/1606696/statm: 6727 3403 2098 555 0 1769 0
[pid=1606711] ppid=1606696 vsize=97036 memory=89024 CPUtime=282.21 cores=8-9
/proc/1606711/stat : 1606711 (clingo) R 1606696 1606696 1606314 0 -1 0 30557 0 0 0 28212 9 0 0 20 0 1 0 923003552 99364864 22256 17179869184 93824992301056 93824992468925 140737488338416 0 0 0 134217728 4 25184771 0 0 0 17 8 0 0 0 0 0 93824992533936 93824992571272 93824992575488 140737488340183 140737488340354 140737488340354 140737488351170 0
/proc/1606711/statm: 24259 22256 2089 41 0 20338 0
Current children cumulated CPU time: 282.28 s
Current children cumulated vsize: 123944 KiB
Current children cumulated memory: 102636 KiB

[startup+342.3 s]
/proc/loadavg: 14.34 14.22 13.60 18/810 1607654
/proc/meminfo: memFree=373339528/528004520 swapFree=8388604/8388604
[pid=1606696] ppid=1606691 vsize=26908 memory=13612 CPUtime=0.07 cores=8-9
/proc/1606696/stat : 1606696 (perf) S 1606691 1606696 1606314 0 -1 0 1738 237 0 0 5 2 0 0 20 0 1 0 923003543 27553792 3403 17179869184 93824994299904 93824996572973 140737488338256 0 0 0 134217728 4 74274 1 0 0 17 9 0 0 0 0 0 93824998874888 93825001005840 93825001308160 140737488340073 140737488340470 140737488340470 140737488351179 0
/proc/1606696/statm: 6727 3403 2098 555 0 1769 0
[pid=1606711] ppid=1606696 vsize=102208 memory=94144 CPUtime=342.21 cores=8-9
/proc/1606711/stat : 1606711 (clingo) R 1606696 1606696 1606314 0 -1 0 32837 0 0 0 34212 9 0 0 20 0 1 0 923003552 104660992 23536 17179869184 93824992301056 93824992468925 140737488338416 0 0 0 134217728 4 25184771 0 0 0 17 8 0 0 0 0 0 93824992533936 93824992571272 93824992575488 140737488340183 140737488340354 140737488340354 140737488351170 0
/proc/1606711/statm: 25552 23536 2089 41 0 21631 0
Current children cumulated CPU time: 342.28 s
Current children cumulated vsize: 129116 KiB
Current children cumulated memory: 107756 KiB

[startup+402.3 s]
/proc/loadavg: 14.12 14.18 13.62 18/807 1607656
/proc/meminfo: memFree=373274828/528004520 swapFree=8388604/8388604
[pid=1606696] ppid=1606691 vsize=26908 memory=13612 CPUtime=0.07 cores=8-9
/proc/1606696/stat : 1606696 (perf) S 1606691 1606696 1606314 0 -1 0 1738 237 0 0 5 2 0 0 20 0 1 0 923003543 27553792 3403 17179869184 93824994299904 93824996572973 140737488338256 0 0 0 134217728 4 74274 1 0 0 17 9 0 0 0 0 0 93824998874888 93825001005840 93825001308160 140737488340073 140737488340470 140737488340470 140737488351179 0
/proc/1606696/statm: 6727 3403 2098 555 0 1769 0
[pid=1606711] ppid=1606696 vsize=108796 memory=100640 CPUtime=402.21 cores=8-9
/proc/1606711/stat : 1606711 (clingo) R 1606696 1606696 1606314 0 -1 0 35696 0 0 0 40211 10 0 0 20 0 1 0 923003552 111407104 25160 17179869184 93824992301056 93824992468925 140737488338416 0 0 0 134217728 4 25184771 0 0 0 17 8 0 0 0 0 0 93824992533936 93824992571272 93824992575488 140737488340183 140737488340354 140737488340354 140737488351170 0
/proc/1606711/statm: 27199 25160 2089 41 0 23278 0
Current children cumulated CPU time: 402.28 s
Current children cumulated vsize: 135704 KiB
Current children cumulated memory: 114252 KiB

[startup+462.3 s]
/proc/loadavg: 14.12 14.16 13.66 18/808 1607660
/proc/meminfo: memFree=373219672/528004520 swapFree=8388604/8388604
[pid=1606696] ppid=1606691 vsize=26908 memory=13612 CPUtime=0.07 cores=8-9
/proc/1606696/stat : 1606696 (perf) S 1606691 1606696 1606314 0 -1 0 1738 237 0 0 5 2 0 0 20 0 1 0 923003543 27553792 3403 17179869184 93824994299904 93824996572973 140737488338256 0 0 0 134217728 4 74274 1 0 0 17 9 0 0 0 0 0 93824998874888 93825001005840 93825001308160 140737488340073 140737488340470 140737488340470 140737488351179 0
/proc/1606696/statm: 6727 3403 2098 555 0 1769 0
[pid=1606711] ppid=1606696 vsize=112408 memory=104232 CPUtime=462.21 cores=8-9
/proc/1606711/stat : 1606711 (clingo) R 1606696 1606696 1606314 0 -1 0 38120 0 0 0 46211 10 0 0 20 0 1 0 923003552 115105792 26058 17179869184 93824992301056 93824992468925 140737488338416 0 0 0 134217728 4 25184771 0 0 0 17 8 0 0 0 0 0 93824992533936 93824992571272 93824992575488 140737488340183 140737488340354 140737488340354 140737488351170 0
/proc/1606711/statm: 28102 26058 2089 41 0 24181 0
Current children cumulated CPU time: 462.28 s
Current children cumulated vsize: 139316 KiB
Current children cumulated memory: 117844 KiB

[startup+522.3 s]
/proc/loadavg: 14.04 14.13 13.68 18/808 1607664
/proc/meminfo: memFree=373186216/528004520 swapFree=8388604/8388604
[pid=1606696] ppid=1606691 vsize=26908 memory=13612 CPUtime=0.07 cores=8-9
/proc/1606696/stat : 1606696 (perf) S 1606691 1606696 1606314 0 -1 0 1738 237 0 0 5 2 0 0 20 0 1 0 923003543 27553792 3403 17179869184 93824994299904 93824996572973 140737488338256 0 0 0 134217728 4 74274 1 0 0 17 9 0 0 0 0 0 93824998874888 93825001005840 93825001308160 140737488340073 140737488340470 140737488340470 140737488351179 0
/proc/1606696/statm: 6727 3403 2098 555 0 1769 0
[pid=1606711] ppid=1606696 vsize=113544 memory=105372 CPUtime=522.21 cores=8-9
/proc/1606711/stat : 1606711 (clingo) R 1606696 1606696 1606314 0 -1 0 39146 0 0 0 52211 10 0 0 20 0 1 0 923003552 116269056 26343 17179869184 93824992301056 93824992468925 140737488338416 0 0 0 134217728 4 25184771 0 0 0 17 8 0 0 0 0 0 93824992533936 93824992571272 93824992575488 140737488340183 140737488340354 140737488340354 140737488351170 0
/proc/1606711/statm: 28386 26343 2089 41 0 24465 0
Current children cumulated CPU time: 522.28 s
Current children cumulated vsize: 140452 KiB
Current children cumulated memory: 118984 KiB

[startup+582.3 s]
/proc/loadavg: 14.01 14.10 13.70 18/808 1607668
/proc/meminfo: memFree=373135352/528004520 swapFree=8388604/8388604
[pid=1606696] ppid=1606691 vsize=26908 memory=13612 CPUtime=0.07 cores=8-9
/proc/1606696/stat : 1606696 (perf) S 1606691 1606696 1606314 0 -1 0 1738 237 0 0 5 2 0 0 20 0 1 0 923003543 27553792 3403 17179869184 93824994299904 93824996572973 140737488338256 0 0 0 134217728 4 74274 1 0 0 17 9 0 0 0 0 0 93824998874888 93825001005840 93825001308160 140737488340073 140737488340470 140737488340470 140737488351179 0
/proc/1606696/statm: 6727 3403 2098 555 0 1769 0
[pid=1606711] ppid=1606696 vsize=120896 memory=112696 CPUtime=582.21 cores=8-9
/proc/1606711/stat : 1606711 (clingo) R 1606696 1606696 1606314 0 -1 0 41850 0 0 0 58210 11 0 0 20 0 1 0 923003552 123797504 28174 17179869184 93824992301056 93824992468925 140737488338416 0 0 0 134217728 4 25184771 0 0 0 17 8 0 0 0 0 0 93824992533936 93824992571272 93824992575488 140737488340183 140737488340354 140737488340354 140737488351170 0
/proc/1606711/statm: 30224 28174 2089 41 0 26303 0
Current children cumulated CPU time: 582.28 s
Current children cumulated vsize: 147804 KiB
Current children cumulated memory: 126308 KiB

[startup+642.3 s]
/proc/loadavg: 15.83 14.57 13.89 18/808 1607671
/proc/meminfo: memFree=373094320/528004520 swapFree=8388604/8388604
[pid=1606696] ppid=1606691 vsize=26908 memory=13612 CPUtime=0.07 cores=8-9
/proc/1606696/stat : 1606696 (perf) S 1606691 1606696 1606314 0 -1 0 1738 237 0 0 5 2 0 0 20 0 1 0 923003543 27553792 3403 17179869184 93824994299904 93824996572973 140737488338256 0 0 0 134217728 4 74274 1 0 0 17 9 0 0 0 0 0 93824998874888 93825001005840 93825001308160 140737488340073 140737488340470 140737488340470 140737488351179 0
/proc/1606696/statm: 6727 3403 2098 555 0 1769 0
[pid=1606711] ppid=1606696 vsize=122608 memory=114444 CPUtime=642.21 cores=8-9
/proc/1606711/stat : 1606711 (clingo) R 1606696 1606696 1606314 0 -1 0 44282 0 0 0 64210 11 0 0 20 0 1 0 923003552 125550592 28611 17179869184 93824992301056 93824992468925 140737488338416 0 0 0 134217728 4 25184771 0 0 0 17 8 0 0 0 0 0 93824992533936 93824992571272 93824992575488 140737488340183 140737488340354 140737488340354 140737488351170 0
/proc/1606711/statm: 30652 28611 2089 41 0 26731 0
Current children cumulated CPU time: 642.28 s
Current children cumulated vsize: 149516 KiB
Current children cumulated memory: 128056 KiB

[startup+702.3 s]
/proc/loadavg: 15.03 14.57 13.93 18/809 1607675
/proc/meminfo: memFree=373054488/528004520 swapFree=8388604/8388604
[pid=1606696] ppid=1606691 vsize=26908 memory=13612 CPUtime=0.07 cores=8-9
/proc/1606696/stat : 1606696 (perf) S 1606691 1606696 1606314 0 -1 0 1738 237 0 0 5 2 0 0 20 0 1 0 923003543 27553792 3403 17179869184 93824994299904 93824996572973 140737488338256 0 0 0 134217728 4 74274 1 0 0 17 9 0 0 0 0 0 93824998874888 93825001005840 93825001308160 140737488340073 140737488340470 140737488340470 140737488351179 0
/proc/1606696/statm: 6727 3403 2098 555 0 1769 0
[pid=1606711] ppid=1606696 vsize=124332 memory=115920 CPUtime=702.21 cores=8-9
/proc/1606711/stat : 1606711 (clingo) R 1606696 1606696 1606314 0 -1 0 46692 0 0 0 70210 11 0 0 20 0 1 0 923003552 127315968 28980 17179869184 93824992301056 93824992468925 140737488338416 0 0 0 134217728 4 25184771 0 0 0 17 8 0 0 0 0 0 93824992533936 93824992571272 93824992575488 140737488340183 140737488340354 140737488340354 140737488351170 0
/proc/1606711/statm: 31083 28980 2089 41 0 27162 0
Current children cumulated CPU time: 702.28 s
Current children cumulated vsize: 151240 KiB
Current children cumulated memory: 129532 KiB

[startup+762.3 s]
/proc/loadavg: 14.58 14.54 13.97 18/809 1607677
/proc/meminfo: memFree=373005380/528004520 swapFree=8388604/8388604
[pid=1606696] ppid=1606691 vsize=26908 memory=13612 CPUtime=0.07 cores=8-9
/proc/1606696/stat : 1606696 (perf) S 1606691 1606696 1606314 0 -1 0 1738 237 0 0 5 2 0 0 20 0 1 0 923003543 27553792 3403 17179869184 93824994299904 93824996572973 140737488338256 0 0 0 134217728 4 74274 1 0 0 17 9 0 0 0 0 0 93824998874888 93825001005840 93825001308160 140737488340073 140737488340470 140737488340470 140737488351179 0
/proc/1606696/statm: 6727 3403 2098 555 0 1769 0
[pid=1606711] ppid=1606696 vsize=133632 memory=125136 CPUtime=762.21 cores=8-9
/proc/1606711/stat : 1606711 (clingo) R 1606696 1606696 1606314 0 -1 0 50154 0 0 0 76210 11 0 0 20 0 1 0 923003552 136839168 31284 17179869184 93824992301056 93824992468925 140737488338416 0 0 0 134217728 4 25184771 0 0 0 17 8 0 0 0 0 0 93824992533936 93824992571272 93824992575488 140737488340183 140737488340354 140737488340354 140737488351170 0
/proc/1606711/statm: 33408 31284 2089 41 0 29487 0
Current children cumulated CPU time: 762.28 s
Current children cumulated vsize: 160540 KiB
Current children cumulated memory: 138748 KiB

[startup+822.3 s]
/proc/loadavg: 14.25 14.45 13.98 18/809 1607680
/proc/meminfo: memFree=372972196/528004520 swapFree=8388604/8388604
[pid=1606696] ppid=1606691 vsize=26908 memory=13612 CPUtime=0.07 cores=8-9
/proc/1606696/stat : 1606696 (perf) S 1606691 1606696 1606314 0 -1 0 1738 237 0 0 5 2 0 0 20 0 1 0 923003543 27553792 3403 17179869184 93824994299904 93824996572973 140737488338256 0 0 0 134217728 4 74274 1 0 0 17 9 0 0 0 0 0 93824998874888 93825001005840 93825001308160 140737488340073 140737488340470 140737488340470 140737488351179 0
/proc/1606696/statm: 6727 3403 2098 555 0 1769 0
[pid=1606711] ppid=1606696 vsize=133632 memory=125160 CPUtime=822.21 cores=8-9
/proc/1606711/stat : 1606711 (clingo) R 1606696 1606696 1606314 0 -1 0 50571 0 0 0 82209 12 0 0 20 0 1 0 923003552 136839168 31290 17179869184 93824992301056 93824992468925 140737488338416 0 0 0 134217728 4 25184771 0 0 0 17 8 0 0 0 0 0 93824992533936 93824992571272 93824992575488 140737488340183 140737488340354 140737488340354 140737488351170 0
/proc/1606711/statm: 33408 31290 2089 41 0 29487 0
Current children cumulated CPU time: 822.28 s
Current children cumulated vsize: 160540 KiB
Current children cumulated memory: 138772 KiB

[startup+882.3 s]
/proc/loadavg: 14.13 14.38 13.99 18/809 1607683
/proc/meminfo: memFree=372928128/528004520 swapFree=8388604/8388604
[pid=1606696] ppid=1606691 vsize=26908 memory=13612 CPUtime=0.07 cores=8-9
/proc/1606696/stat : 1606696 (perf) S 1606691 1606696 1606314 0 -1 0 1738 237 0 0 5 2 0 0 20 0 1 0 923003543 27553792 3403 17179869184 93824994299904 93824996572973 140737488338256 0 0 0 134217728 4 74274 1 0 0 17 9 0 0 0 0 0 93824998874888 93825001005840 93825001308160 140737488340073 140737488340470 140737488340470 140737488351179 0
/proc/1606696/statm: 6727 3403 2098 555 0 1769 0
[pid=1606711] ppid=1606696 vsize=139880 memory=131384 CPUtime=882.21 cores=8-9
/proc/1606711/stat : 1606711 (clingo) R 1606696 1606696 1606314 0 -1 0 53206 0 0 0 88209 12 0 0 20 0 1 0 923003552 143237120 32846 17179869184 93824992301056 93824992468925 140737488338416 0 0 0 134217728 4 25184771 0 0 0 17 8 0 0 0 0 0 93824992533936 93824992571272 93824992575488 140737488340183 140737488340354 140737488340354 140737488351170 0
/proc/1606711/statm: 34970 32846 2089 41 0 31049 0
Current children cumulated CPU time: 882.28 s
Current children cumulated vsize: 166788 KiB
Current children cumulated memory: 144996 KiB

[startup+942.3 s]
/proc/loadavg: 14.04 14.31 13.99 18/809 1607687
/proc/meminfo: memFree=372889352/528004520 swapFree=8388604/8388604
[pid=1606696] ppid=1606691 vsize=26908 memory=13612 CPUtime=0.07 cores=8-9
/proc/1606696/stat : 1606696 (perf) S 1606691 1606696 1606314 0 -1 0 1738 237 0 0 5 2 0 0 20 0 1 0 923003543 27553792 3403 17179869184 93824994299904 93824996572973 140737488338256 0 0 0 134217728 4 74274 1 0 0 17 9 0 0 0 0 0 93824998874888 93825001005840 93825001308160 140737488340073 140737488340470 140737488340470 140737488351179 0
/proc/1606696/statm: 6727 3403 2098 555 0 1769 0
[pid=1606711] ppid=1606696 vsize=139880 memory=131384 CPUtime=942.21 cores=8-9
/proc/1606711/stat : 1606711 (clingo) R 1606696 1606696 1606314 0 -1 0 53219 0 0 0 94209 12 0 0 20 0 1 0 923003552 143237120 32846 17179869184 93824992301056 93824992468925 140737488338416 0 0 0 134217728 4 25184771 0 0 0 17 8 0 0 0 0 0 93824992533936 93824992571272 93824992575488 140737488340183 140737488340354 140737488340354 140737488351170 0
/proc/1606711/statm: 34970 32846 2089 41 0 31049 0
Current children cumulated CPU time: 942.28 s
Current children cumulated vsize: 166788 KiB
Current children cumulated memory: 144996 KiB

[startup+1002.3 s]
/proc/loadavg: 14.26 14.33 14.02 18/807 1607690
/proc/meminfo: memFree=372846040/528004520 swapFree=8388604/8388604
[pid=1606696] ppid=1606691 vsize=26908 memory=13612 CPUtime=0.07 cores=8-9
/proc/1606696/stat : 1606696 (perf) S 1606691 1606696 1606314 0 -1 0 1738 237 0 0 5 2 0 0 20 0 1 0 923003543 27553792 3403 17179869184 93824994299904 93824996572973 140737488338256 0 0 0 134217728 4 74274 1 0 0 17 9 0 0 0 0 0 93824998874888 93825001005840 93825001308160 140737488340073 140737488340470 140737488340470 140737488351179 0
/proc/1606696/statm: 6727 3403 2098 555 0 1769 0
[pid=1606711] ppid=1606696 vsize=142096 memory=133592 CPUtime=1002.21 cores=8-9
/proc/1606711/stat : 1606711 (clingo) R 1606696 1606696 1606314 0 -1 0 55168 0 0 0 100209 12 0 0 20 0 1 0 923003552 145506304 33398 17179869184 93824992301056 93824992468925 140737488338416 0 0 0 134217728 4 25184771 0 0 0 17 8 0 0 0 0 0 93824992533936 93824992571272 93824992575488 140737488340183 140737488340354 140737488340354 140737488351170 0
/proc/1606711/statm: 35524 33398 2089 41 0 31603 0
Current children cumulated CPU time: 1002.28 s
Current children cumulated vsize: 169004 KiB
Current children cumulated memory: 147204 KiB

[startup+1062.3 s]
/proc/loadavg: 14.33 14.33 14.04 18/808 1607693
/proc/meminfo: memFree=372808732/528004520 swapFree=8388604/8388604
[pid=1606696] ppid=1606691 vsize=26908 memory=13612 CPUtime=0.07 cores=8-9
/proc/1606696/stat : 1606696 (perf) S 1606691 1606696 1606314 0 -1 0 1738 237 0 0 5 2 0 0 20 0 1 0 923003543 27553792 3403 17179869184 93824994299904 93824996572973 140737488338256 0 0 0 134217728 4 74274 1 0 0 17 9 0 0 0 0 0 93824998874888 93825001005840 93825001308160 140737488340073 140737488340470 140737488340470 140737488351179 0
/proc/1606696/statm: 6727 3403 2098 555 0 1769 0
[pid=1606711] ppid=1606696 vsize=144216 memory=135104 CPUtime=1062.21 cores=8-9
/proc/1606711/stat : 1606711 (clingo) R 1606696 1606696 1606314 0 -1 0 55887 0 0 0 106209 12 0 0 20 0 1 0 923003552 147677184 33776 17179869184 93824992301056 93824992468925 140737488338416 0 0 0 134217728 4 25184771 0 0 0 17 8 0 0 0 0 0 93824992533936 93824992571272 93824992575488 140737488340183 140737488340354 140737488340354 140737488351170 0
/proc/1606711/statm: 36054 33776 2089 41 0 32133 0
Current children cumulated CPU time: 1062.28 s
Current children cumulated vsize: 171124 KiB
Current children cumulated memory: 148716 KiB

[startup+1122.3 s]
/proc/loadavg: 14.12 14.27 14.03 18/808 1607696
/proc/meminfo: memFree=372786832/528004520 swapFree=8388604/8388604
[pid=1606696] ppid=1606691 vsize=26908 memory=13612 CPUtime=0.07 cores=8-9
/proc/1606696/stat : 1606696 (perf) S 1606691 1606696 1606314 0 -1 0 1738 237 0 0 5 2 0 0 20 0 1 0 923003543 27553792 3403 17179869184 93824994299904 93824996572973 140737488338256 0 0 0 134217728 4 74274 1 0 0 17 9 0 0 0 0 0 93824998874888 93825001005840 93825001308160 140737488340073 140737488340470 140737488340470 140737488351179 0
/proc/1606696/statm: 6727 3403 2098 555 0 1769 0
[pid=1606711] ppid=1606696 vsize=146492 memory=137216 CPUtime=1122.21 cores=8-9
/proc/1606711/stat : 1606711 (clingo) R 1606696 1606696 1606314 0 -1 0 56360 0 0 0 112209 12 0 0 20 0 1 0 923003552 150007808 34304 17179869184 93824992301056 93824992468925 140737488338416 0 0 0 134217728 4 25184771 0 0 0 17 8 0 0 0 0 0 93824992533936 93824992571272 93824992575488 140737488340183 140737488340354 140737488340354 140737488351170 0
/proc/1606711/statm: 36623 34304 2089 41 0 32702 0
Current children cumulated CPU time: 1122.28 s
Current children cumulated vsize: 173400 KiB
Current children cumulated memory: 150828 KiB

[startup+1182.3 s]
/proc/loadavg: 14.23 14.28 14.05 18/808 1607700
/proc/meminfo: memFree=372756120/528004520 swapFree=8388604/8388604
[pid=1606696] ppid=1606691 vsize=26908 memory=13612 CPUtime=0.07 cores=8-9
/proc/1606696/stat : 1606696 (perf) S 1606691 1606696 1606314 0 -1 0 1738 237 0 0 5 2 0 0 20 0 1 0 923003543 27553792 3403 17179869184 93824994299904 93824996572973 140737488338256 0 0 0 134217728 4 74274 1 0 0 17 9 0 0 0 0 0 93824998874888 93825001005840 93825001308160 140737488340073 140737488340470 140737488340470 140737488351179 0
/proc/1606696/statm: 6727 3403 2098 555 0 1769 0
[pid=1606711] ppid=1606696 vsize=149836 memory=140632 CPUtime=1182.21 cores=8-9
/proc/1606711/stat : 1606711 (clingo) R 1606696 1606696 1606314 0 -1 0 57902 0 0 0 118208 13 0 0 20 0 1 0 923003552 153432064 35158 17179869184 93824992301056 93824992468925 140737488338416 0 0 0 134217728 4 25184771 0 0 0 17 8 0 0 0 0 0 93824992533936 93824992571272 93824992575488 140737488340183 140737488340354 140737488340354 140737488351170 0
/proc/1606711/statm: 37459 35158 2089 41 0 33538 0
Current children cumulated CPU time: 1182.28 s
Current children cumulated vsize: 176744 KiB
Current children cumulated memory: 154244 KiB



Maximum wall clock time exceeded: sending SIGTERM then SIGKILL

[startup+1205 s]*
/proc/loadavg: 14.16 14.26 14.05 15/779 1607725
/proc/meminfo: memFree=373056732/528004520 swapFree=8388604/8388604
[pid=1606696] ppid=1606691 vsize=26908 memory=13612 CPUtime=0.07 cores=8-9
/proc/1606696/stat : 1606696 (perf) S 1606691 1606696 1606314 0 -1 0 1738 237 0 0 5 2 0 0 20 0 1 0 923003543 27553792 3403 17179869184 93824994299904 93824996572973 140737488338256 0 0 0 134217728 4 74274 1 0 0 17 9 0 0 0 0 0 93824998874888 93825001005840 93825001308160 140737488340073 140737488340470 140737488340470 140737488351179 0
/proc/1606696/statm: 6727 3403 2098 555 0 1769 0
[pid=1606711] ppid=1606696 vsize=149836 memory=140636 CPUtime=1204.93 cores=8-9
/proc/1606711/stat : 1606711 (clingo) R 1606696 1606696 1606314 0 -1 0 58708 0 0 0 120480 13 0 0 20 0 1 0 923003552 153432064 35159 17179869184 93824992301056 93824992468925 140737488338416 0 0 0 134217728 4 25184771 0 0 0 17 8 0 0 0 0 0 93824992533936 93824992571272 93824992575488 140737488340183 140737488340354 140737488340354 140737488351170 0
/proc/1606711/statm: 37459 35159 2089 41 0 33538 0
Current children cumulated CPU time: 1205 s
Current children cumulated vsize: 176744 KiB
Current children cumulated memory: 154248 KiB

Sending SIGINT to process tree (bottom up)
Sleeping 5 seconds

[startup+1205.03 s]
# the end of solver process 1606696 was just reported to runsolver
# cumulated CPU time of all completed processes:  user=1204.87 s, system=0.167305 s

Solver just ended.
??? end of watcher thread
Dumping a history of the last processes samples

Child status: 1
Real time (s): 1205.03
CPU time (s): 1205.03
CPU user time (s): 1204.87
CPU system time (s): 0.167305
CPU usage (%): 100
Max. virtual memory (cumulated for all children) (KiB): 180044
Max. memory (cumulated for all children) (KiB): 157408

getrusage(RUSAGE_CHILDREN,...) data:
user time used= 1204.87
system time used= 0.167305
maximum resident set size= 143796
integral shared memory size= 0
integral unshared data size= 0
integral unshared stack size= 0
page reclaims= 60723
page faults= 0
swaps= 0
block input operations= 0
block output operations= 0
messages sent= 0
messages received= 0
signals received= 0
voluntary context switches= 18
involuntary context switches= 752


# summary of solver processes directly reported to runsolver:
#   pid: 1606696
#   total CPU time (s): 1205.03
#   total CPU user time (s): 1204.87
#   total CPU system time (s): 0.167305

??? end of timestamper thread
runsolver used 8.95731 second user time and 15.7117 second system time

The end
