runsolver version 3.4.0 (svn: 3018) Copyright (C) 2010-2013 Olivier ROUSSEL

This program is distributed in the hope that it will be useful,
but WITHOUT ANY WARRANTY; without even the implied warranty of
MERCHANTABILITY or FITNESS FOR A PARTICULAR PURPOSE.  See the
GNU General Public License for more details.

NUMA information:
  number of nodes: 2
  memory of node 0: 257635 MiB (189167 MiB free)
  memory of node 1: 257994 MiB (189094 MiB free)
  node distances:
     10  20
     20  10

command line: /dev/shm/3768575c-2e81-11f1-ac62-000c298f4621/input/runsolver -w /dev/shm/3768575c-2e81-11f1-ac62-000c298f4621/output/runsolver.log -v /dev/shm/3768575c-2e81-11f1-ac62-000c298f4621/output/varfile.log -W 1205 --rss-swap-limit 16384 -d 5 --sigint /usr/bin/perf stat -B -e task-clock,cache-references,cache-misses,cycles,instructions,branches,faults,migrations,context-switches -o /dev/shm/3768575c-2e81-11f1-ac62-000c298f4621/output/perf.log clingo /home/guests/mmacri/AMOSUM/benchmarks/GraphColouring/encoding-plain-amo.asp /dev/shm/3768575c-2e81-11f1-ac62-000c298f4621/input/0032-graph_colouring-140-0_4032.asp 

running on 2 cores: 28-29

Enforcing wall clock limit (soft limit, will send SIGTERM then SIGKILL): 1205 seconds
Enforcing RSS+Swap limit (soft limit, will send SIGTERM then SIGKILL): 16777216 KiB
Linux 5.15.0-131-generic
Current StackSize limit: 8192 KiB

solver pid=3335924, runsolver pid=3335922

[startup+0.100071 s]*
/proc/loadavg: 14.18 14.15 13.27 14/813 3335948
/proc/meminfo: memFree=387345036/528004516 swapFree=8388604/8388604
[pid=3335924] ppid=3335922 vsize=26908 memory=13616 CPUtime=0.07 cores=28-29
/proc/3335924/stat : 3335924 (perf) S 3335922 3335924 3335875 0 -1 0 1738 237 0 0 5 2 0 0 20 0 1 0 922994082 27553792 3404 17179869184 93824994299904 93824996572973 140737488338256 0 0 0 134217728 4 74274 1 0 0 17 28 0 0 0 0 0 93824998874888 93825001005840 93825001308160 140737488340073 140737488340470 140737488340470 140737488351179 0
/proc/3335924/statm: 6727 3404 2099 555 0 1769 0
[pid=3335943] ppid=3335924 vsize=20256 memory=12252 CPUtime=0.03 cores=28-29
/proc/3335943/stat : 3335943 (clingo) R 3335924 3335924 3335875 0 -1 0 1288 0 0 0 3 0 0 0 20 0 1 0 922994090 20742144 3063 17179869184 93824992301056 93824992468925 140737488338416 0 0 0 134217728 4 25184771 0 0 0 17 29 0 0 0 0 0 93824992533936 93824992571272 93824992575488 140737488340183 140737488340354 140737488340354 140737488351170 0
/proc/3335943/statm: 5064 3063 2092 41 0 1143 0
Current children cumulated CPU time: 0.1 s
Current children cumulated vsize: 47164 KiB
Current children cumulated memory: 25868 KiB

[startup+0.234362 s]*
/proc/loadavg: 14.18 14.15 13.27 14/818 3335997
/proc/meminfo: memFree=387333228/528004516 swapFree=8388604/8388604
[pid=3335924] ppid=3335922 vsize=26908 memory=13616 CPUtime=0.07 cores=28-29
/proc/3335924/stat : 3335924 (perf) S 3335922 3335924 3335875 0 -1 0 1738 237 0 0 5 2 0 0 20 0 1 0 922994082 27553792 3404 17179869184 93824994299904 93824996572973 140737488338256 0 0 0 134217728 4 74274 1 0 0 17 28 0 0 0 0 0 93824998874888 93825001005840 93825001308160 140737488340073 140737488340470 140737488340470 140737488351179 0
/proc/3335924/statm: 6727 3404 2099 555 0 1769 0
[pid=3335943] ppid=3335924 vsize=25328 memory=17268 CPUtime=0.13 cores=28-29
/proc/3335943/stat : 3335943 (clingo) R 3335924 3335924 3335875 0 -1 0 2552 0 0 0 13 0 0 0 20 0 1 0 922994090 25935872 4317 17179869184 93824992301056 93824992468925 140737488338416 0 0 0 134217728 4 25184771 0 0 0 17 29 0 0 0 0 0 93824992533936 93824992571272 93824992575488 140737488340183 140737488340354 140737488340354 140737488351170 0
/proc/3335943/statm: 6332 4317 2092 41 0 2411 0
Current children cumulated CPU time: 0.2 s
Current children cumulated vsize: 52236 KiB
Current children cumulated memory: 30884 KiB

[startup+0.32468 s]*
/proc/loadavg: 14.18 14.15 13.27 15/814 3336023
/proc/meminfo: memFree=387400548/528004516 swapFree=8388604/8388604
[pid=3335924] ppid=3335922 vsize=26908 memory=13616 CPUtime=0.07 cores=28-29
/proc/3335924/stat : 3335924 (perf) S 3335922 3335924 3335875 0 -1 0 1738 237 0 0 5 2 0 0 20 0 1 0 922994082 27553792 3404 17179869184 93824994299904 93824996572973 140737488338256 0 0 0 134217728 4 74274 1 0 0 17 28 0 0 0 0 0 93824998874888 93825001005840 93825001308160 140737488340073 140737488340470 140737488340470 140737488351179 0
/proc/3335924/statm: 6727 3404 2099 555 0 1769 0
[pid=3335943] ppid=3335924 vsize=27348 memory=19116 CPUtime=0.21 cores=28-29
/proc/3335943/stat : 3335943 (clingo) R 3335924 3335924 3335875 0 -1 0 3046 0 0 0 21 0 0 0 20 0 1 0 922994090 28004352 4779 17179869184 93824992301056 93824992468925 140737488338416 0 0 0 134217728 4 25184771 0 0 0 17 28 0 0 0 0 0 93824992533936 93824992571272 93824992575488 140737488340183 140737488340354 140737488340354 140737488351170 0
/proc/3335943/statm: 6837 4779 2092 41 0 2916 0
Current children cumulated CPU time: 0.28 s
Current children cumulated vsize: 54256 KiB
Current children cumulated memory: 32732 KiB

[startup+0.700336 s]
/proc/loadavg: 14.18 14.15 13.27 14/822 3336103
/proc/meminfo: memFree=387397364/528004516 swapFree=8388604/8388604
[pid=3335924] ppid=3335922 vsize=26908 memory=13616 CPUtime=0.07 cores=28-29
/proc/3335924/stat : 3335924 (perf) S 3335922 3335924 3335875 0 -1 0 1738 237 0 0 5 2 0 0 20 0 1 0 922994082 27553792 3404 17179869184 93824994299904 93824996572973 140737488338256 0 0 0 134217728 4 74274 1 0 0 17 28 0 0 0 0 0 93824998874888 93825001005840 93825001308160 140737488340073 140737488340470 140737488340470 140737488351179 0
/proc/3335924/statm: 6727 3404 2099 555 0 1769 0
[pid=3335943] ppid=3335924 vsize=29724 memory=21492 CPUtime=0.55 cores=28-29
/proc/3335943/stat : 3335943 (clingo) R 3335924 3335924 3335875 0 -1 0 3641 0 0 0 55 0 0 0 20 0 1 0 922994090 30437376 5373 17179869184 93824992301056 93824992468925 140737488338416 0 0 0 134217728 4 25184771 0 0 0 17 28 0 0 0 0 0 93824992533936 93824992571272 93824992575488 140737488340183 140737488340354 140737488340354 140737488351170 0
/proc/3335943/statm: 7431 5373 2092 41 0 3510 0
Current children cumulated CPU time: 0.62 s
Current children cumulated vsize: 56632 KiB
Current children cumulated memory: 35108 KiB

[startup+1.50034 s]
/proc/loadavg: 14.18 14.15 13.27 16/818 3336260
/proc/meminfo: memFree=387385100/528004516 swapFree=8388604/8388604
[pid=3335924] ppid=3335922 vsize=26908 memory=13616 CPUtime=0.07 cores=28-29
/proc/3335924/stat : 3335924 (perf) S 3335922 3335924 3335875 0 -1 0 1738 237 0 0 5 2 0 0 20 0 1 0 922994082 27553792 3404 17179869184 93824994299904 93824996572973 140737488338256 0 0 0 134217728 4 74274 1 0 0 17 28 0 0 0 0 0 93824998874888 93825001005840 93825001308160 140737488340073 140737488340470 140737488340470 140737488351179 0
/proc/3335924/statm: 6727 3404 2099 555 0 1769 0
[pid=3335943] ppid=3335924 vsize=33168 memory=24924 CPUtime=1.36 cores=28-29
/proc/3335943/stat : 3335943 (clingo) R 3335924 3335924 3335875 0 -1 0 4497 0 0 0 135 1 0 0 20 0 1 0 922994090 33964032 6231 17179869184 93824992301056 93824992468925 140737488338416 0 0 0 134217728 4 25184771 0 0 0 17 28 0 0 0 0 0 93824992533936 93824992571272 93824992575488 140737488340183 140737488340354 140737488340354 140737488351170 0
/proc/3335943/statm: 8292 6231 2092 41 0 4371 0
Current children cumulated CPU time: 1.43 s
Current children cumulated vsize: 60076 KiB
Current children cumulated memory: 38540 KiB

[startup+3.118 s]
/proc/loadavg: 14.18 14.15 13.27 15/839 3336539
/proc/meminfo: memFree=387465884/528004516 swapFree=8388604/8388604
[pid=3335924] ppid=3335922 vsize=26908 memory=13616 CPUtime=0.07 cores=28-29
/proc/3335924/stat : 3335924 (perf) S 3335922 3335924 3335875 0 -1 0 1738 237 0 0 5 2 0 0 20 0 1 0 922994082 27553792 3404 17179869184 93824994299904 93824996572973 140737488338256 0 0 0 134217728 4 74274 1 0 0 17 28 0 0 0 0 0 93824998874888 93825001005840 93825001308160 140737488340073 140737488340470 140737488340470 140737488351179 0
/proc/3335924/statm: 6727 3404 2099 555 0 1769 0
[pid=3335943] ppid=3335924 vsize=34500 memory=26508 CPUtime=2.98 cores=28-29
/proc/3335943/stat : 3335943 (clingo) R 3335924 3335924 3335875 0 -1 0 4836 0 0 0 297 1 0 0 20 0 1 0 922994090 35328000 6627 17179869184 93824992301056 93824992468925 140737488338416 0 0 0 134217728 4 25184771 0 0 0 17 28 0 0 0 0 0 93824992533936 93824992571272 93824992575488 140737488340183 140737488340354 140737488340354 140737488351170 0
/proc/3335943/statm: 8625 6627 2092 41 0 4704 0
Current children cumulated CPU time: 3.05 s
Current children cumulated vsize: 61408 KiB
Current children cumulated memory: 40124 KiB

[startup+6.30027 s]
/proc/loadavg: 14.33 14.18 13.29 15/841 3336747
/proc/meminfo: memFree=387526296/528004516 swapFree=8388604/8388604
[pid=3335924] ppid=3335922 vsize=26908 memory=13616 CPUtime=0.07 cores=28-29
/proc/3335924/stat : 3335924 (perf) S 3335922 3335924 3335875 0 -1 0 1738 237 0 0 5 2 0 0 20 0 1 0 922994082 27553792 3404 17179869184 93824994299904 93824996572973 140737488338256 0 0 0 134217728 4 74274 1 0 0 17 28 0 0 0 0 0 93824998874888 93825001005840 93825001308160 140737488340073 140737488340470 140737488340470 140737488351179 0
/proc/3335924/statm: 6727 3404 2099 555 0 1769 0
[pid=3335943] ppid=3335924 vsize=38500 memory=30524 CPUtime=6.16 cores=28-29
/proc/3335943/stat : 3335943 (clingo) R 3335924 3335924 3335875 0 -1 0 6039 0 0 0 614 2 0 0 20 0 1 0 922994090 39424000 7631 17179869184 93824992301056 93824992468925 140737488338416 0 0 0 134217728 4 25184771 0 0 0 17 28 0 0 0 0 0 93824992533936 93824992571272 93824992575488 140737488340183 140737488340354 140737488340354 140737488351170 0
/proc/3335943/statm: 9625 7631 2092 41 0 5704 0
Current children cumulated CPU time: 6.23 s
Current children cumulated vsize: 65408 KiB
Current children cumulated memory: 44140 KiB

[startup+12.7003 s]
/proc/loadavg: 14.30 14.18 13.29 15/841 3336747
/proc/meminfo: memFree=387457760/528004516 swapFree=8388604/8388604
[pid=3335924] ppid=3335922 vsize=26908 memory=13616 CPUtime=0.07 cores=28-29
/proc/3335924/stat : 3335924 (perf) S 3335922 3335924 3335875 0 -1 0 1738 237 0 0 5 2 0 0 20 0 1 0 922994082 27553792 3404 17179869184 93824994299904 93824996572973 140737488338256 0 0 0 134217728 4 74274 1 0 0 17 28 0 0 0 0 0 93824998874888 93825001005840 93825001308160 140737488340073 140737488340470 140737488340470 140737488351179 0
/proc/3335924/statm: 6727 3404 2099 555 0 1769 0
[pid=3335943] ppid=3335924 vsize=45748 memory=37388 CPUtime=12.56 cores=28-29
/proc/3335943/stat : 3335943 (clingo) R 3335924 3335924 3335875 0 -1 0 7949 0 0 0 1254 2 0 0 20 0 1 0 922994090 46845952 9347 17179869184 93824992301056 93824992468925 140737488338416 0 0 0 134217728 4 25184771 0 0 0 17 28 0 0 0 0 0 93824992533936 93824992571272 93824992575488 140737488340183 140737488340354 140737488340354 140737488351170 0
/proc/3335943/statm: 11437 9347 2092 41 0 7516 0
Current children cumulated CPU time: 12.63 s
Current children cumulated vsize: 72656 KiB
Current children cumulated memory: 51004 KiB

[startup+25.5004 s]
/proc/loadavg: 14.41 14.21 13.31 15/841 3336747
/proc/meminfo: memFree=387381252/528004516 swapFree=8388604/8388604
[pid=3335924] ppid=3335922 vsize=26908 memory=13616 CPUtime=0.07 cores=28-29
/proc/3335924/stat : 3335924 (perf) S 3335922 3335924 3335875 0 -1 0 1738 237 0 0 5 2 0 0 20 0 1 0 922994082 27553792 3404 17179869184 93824994299904 93824996572973 140737488338256 0 0 0 134217728 4 74274 1 0 0 17 28 0 0 0 0 0 93824998874888 93825001005840 93825001308160 140737488340073 140737488340470 140737488340470 140737488351179 0
/proc/3335924/statm: 6727 3404 2099 555 0 1769 0
[pid=3335943] ppid=3335924 vsize=52332 memory=44216 CPUtime=25.36 cores=28-29
/proc/3335943/stat : 3335943 (clingo) R 3335924 3335924 3335875 0 -1 0 10144 0 0 0 2533 3 0 0 20 0 1 0 922994090 53587968 11054 17179869184 93824992301056 93824992468925 140737488338416 0 0 0 134217728 4 25184771 0 0 0 17 28 0 0 0 0 0 93824992533936 93824992571272 93824992575488 140737488340183 140737488340354 140737488340354 140737488351170 0
/proc/3335943/statm: 13083 11054 2092 41 0 9162 0
Current children cumulated CPU time: 25.43 s
Current children cumulated vsize: 79240 KiB
Current children cumulated memory: 57832 KiB

[startup+51.1183 s]
/proc/loadavg: 14.47 14.25 13.35 15/841 3336748
/proc/meminfo: memFree=387284060/528004516 swapFree=8388604/8388604
[pid=3335924] ppid=3335922 vsize=26908 memory=13616 CPUtime=0.07 cores=28-29
/proc/3335924/stat : 3335924 (perf) S 3335922 3335924 3335875 0 -1 0 1738 237 0 0 5 2 0 0 20 0 1 0 922994082 27553792 3404 17179869184 93824994299904 93824996572973 140737488338256 0 0 0 134217728 4 74274 1 0 0 17 28 0 0 0 0 0 93824998874888 93825001005840 93825001308160 140737488340073 140737488340470 140737488340470 140737488351179 0
/proc/3335924/statm: 6727 3404 2099 555 0 1769 0
[pid=3335943] ppid=3335924 vsize=62316 memory=53764 CPUtime=50.98 cores=28-29
/proc/3335943/stat : 3335943 (clingo) R 3335924 3335924 3335875 0 -1 0 13362 0 0 0 5095 3 0 0 20 0 1 0 922994090 63811584 13441 17179869184 93824992301056 93824992468925 140737488338416 0 0 0 134217728 4 25184771 0 0 0 17 28 0 0 0 0 0 93824992533936 93824992571272 93824992575488 140737488340183 140737488340354 140737488340354 140737488351170 0
/proc/3335943/statm: 15579 13441 2092 41 0 11658 0
Current children cumulated CPU time: 51.05 s
Current children cumulated vsize: 89224 KiB
Current children cumulated memory: 67380 KiB

[startup+102.3 s]
/proc/loadavg: 14.20 14.21 13.39 15/843 3336899
/proc/meminfo: memFree=387215680/528004516 swapFree=8388604/8388604
[pid=3335924] ppid=3335922 vsize=26908 memory=13616 CPUtime=0.07 cores=28-29
/proc/3335924/stat : 3335924 (perf) S 3335922 3335924 3335875 0 -1 0 1738 237 0 0 5 2 0 0 20 0 1 0 922994082 27553792 3404 17179869184 93824994299904 93824996572973 140737488338256 0 0 0 134217728 4 74274 1 0 0 17 28 0 0 0 0 0 93824998874888 93825001005840 93825001308160 140737488340073 140737488340470 140737488340470 140737488351179 0
/proc/3335924/statm: 6727 3404 2099 555 0 1769 0
[pid=3335943] ppid=3335924 vsize=73852 memory=65448 CPUtime=102.15 cores=28-29
/proc/3335943/stat : 3335943 (clingo) R 3335924 3335924 3335875 0 -1 0 17601 0 0 0 10211 4 0 0 20 0 1 0 922994090 75624448 16362 17179869184 93824992301056 93824992468925 140737488338416 0 0 0 134217728 4 25184771 0 0 0 17 28 0 0 0 0 0 93824992533936 93824992571272 93824992575488 140737488340183 140737488340354 140737488340354 140737488351170 0
/proc/3335943/statm: 18463 16362 2092 41 0 14542 0
Current children cumulated CPU time: 102.22 s
Current children cumulated vsize: 100760 KiB
Current children cumulated memory: 79064 KiB

[startup+162.3 s]
/proc/loadavg: 14.52 14.29 13.47 15/843 3336904
/proc/meminfo: memFree=387092720/528004516 swapFree=8388604/8388604
[pid=3335924] ppid=3335922 vsize=26908 memory=13616 CPUtime=0.07 cores=28-29
/proc/3335924/stat : 3335924 (perf) S 3335922 3335924 3335875 0 -1 0 1738 237 0 0 5 2 0 0 20 0 1 0 922994082 27553792 3404 17179869184 93824994299904 93824996572973 140737488338256 0 0 0 134217728 4 74274 1 0 0 17 28 0 0 0 0 0 93824998874888 93825001005840 93825001308160 140737488340073 140737488340470 140737488340470 140737488351179 0
/proc/3335924/statm: 6727 3404 2099 555 0 1769 0
[pid=3335943] ppid=3335924 vsize=82716 memory=74352 CPUtime=162.16 cores=28-29
/proc/3335943/stat : 3335943 (clingo) R 3335924 3335924 3335875 0 -1 0 20740 0 0 0 16211 5 0 0 20 0 1 0 922994090 84701184 18588 17179869184 93824992301056 93824992468925 140737488338416 0 0 0 134217728 4 25184771 0 0 0 17 28 0 0 0 0 0 93824992533936 93824992571272 93824992575488 140737488340183 140737488340354 140737488340354 140737488351170 0
/proc/3335943/statm: 20679 18588 2092 41 0 16758 0
Current children cumulated CPU time: 162.23 s
Current children cumulated vsize: 109624 KiB
Current children cumulated memory: 87968 KiB

[startup+222.3 s]
/proc/loadavg: 14.26 14.27 13.52 15/843 3336907
/proc/meminfo: memFree=386990416/528004516 swapFree=8388604/8388604
[pid=3335924] ppid=3335922 vsize=26908 memory=13616 CPUtime=0.07 cores=28-29
/proc/3335924/stat : 3335924 (perf) S 3335922 3335924 3335875 0 -1 0 1738 237 0 0 5 2 0 0 20 0 1 0 922994082 27553792 3404 17179869184 93824994299904 93824996572973 140737488338256 0 0 0 134217728 4 74274 1 0 0 17 28 0 0 0 0 0 93824998874888 93825001005840 93825001308160 140737488340073 140737488340470 140737488340470 140737488351179 0
/proc/3335924/statm: 6727 3404 2099 555 0 1769 0
[pid=3335943] ppid=3335924 vsize=90800 memory=81872 CPUtime=222.16 cores=28-29
/proc/3335943/stat : 3335943 (clingo) R 3335924 3335924 3335875 0 -1 0 23096 0 0 0 22211 5 0 0 20 0 1 0 922994090 92979200 20468 17179869184 93824992301056 93824992468925 140737488338416 0 0 0 134217728 4 25184771 0 0 0 17 28 0 0 0 0 0 93824992533936 93824992571272 93824992575488 140737488340183 140737488340354 140737488340354 140737488351170 0
/proc/3335943/statm: 22700 20468 2092 41 0 18779 0
Current children cumulated CPU time: 222.23 s
Current children cumulated vsize: 117708 KiB
Current children cumulated memory: 95488 KiB

[startup+282.3 s]
/proc/loadavg: 14.28 14.29 13.58 15/843 3336910
/proc/meminfo: memFree=386913816/528004516 swapFree=8388604/8388604
[pid=3335924] ppid=3335922 vsize=26908 memory=13616 CPUtime=0.07 cores=28-29
/proc/3335924/stat : 3335924 (perf) S 3335922 3335924 3335875 0 -1 0 1738 237 0 0 5 2 0 0 20 0 1 0 922994082 27553792 3404 17179869184 93824994299904 93824996572973 140737488338256 0 0 0 134217728 4 74274 1 0 0 17 28 0 0 0 0 0 93824998874888 93825001005840 93825001308160 140737488340073 140737488340470 140737488340470 140737488351179 0
/proc/3335924/statm: 6727 3404 2099 555 0 1769 0
[pid=3335943] ppid=3335924 vsize=97124 memory=88556 CPUtime=282.16 cores=28-29
/proc/3335943/stat : 3335943 (clingo) R 3335924 3335924 3335875 0 -1 0 26003 0 0 0 28210 6 0 0 20 0 1 0 922994090 99454976 22139 17179869184 93824992301056 93824992468925 140737488338416 0 0 0 134217728 4 25184771 0 0 0 17 28 0 0 0 0 0 93824992533936 93824992571272 93824992575488 140737488340183 140737488340354 140737488340354 140737488351170 0
/proc/3335943/statm: 24281 22139 2092 41 0 20360 0
Current children cumulated CPU time: 282.23 s
Current children cumulated vsize: 124032 KiB
Current children cumulated memory: 102172 KiB

[startup+342.3 s]
/proc/loadavg: 14.45 14.32 13.63 15/820 3336915
/proc/meminfo: memFree=386845392/528004516 swapFree=8388604/8388604
[pid=3335924] ppid=3335922 vsize=26908 memory=13616 CPUtime=0.07 cores=28-29
/proc/3335924/stat : 3335924 (perf) S 3335922 3335924 3335875 0 -1 0 1738 237 0 0 5 2 0 0 20 0 1 0 922994082 27553792 3404 17179869184 93824994299904 93824996572973 140737488338256 0 0 0 134217728 4 74274 1 0 0 17 28 0 0 0 0 0 93824998874888 93825001005840 93825001308160 140737488340073 140737488340470 140737488340470 140737488351179 0
/proc/3335924/statm: 6727 3404 2099 555 0 1769 0
[pid=3335943] ppid=3335924 vsize=103344 memory=93832 CPUtime=342.15 cores=28-29
/proc/3335943/stat : 3335943 (clingo) R 3335924 3335924 3335875 0 -1 0 27353 0 0 0 34209 6 0 0 20 0 1 0 922994090 105824256 23458 17179869184 93824992301056 93824992468925 140737488338416 0 0 0 134217728 4 25184771 0 0 0 17 28 0 0 0 0 0 93824992533936 93824992571272 93824992575488 140737488340183 140737488340354 140737488340354 140737488351170 0
/proc/3335943/statm: 25836 23458 2092 41 0 21915 0
Current children cumulated CPU time: 342.22 s
Current children cumulated vsize: 130252 KiB
Current children cumulated memory: 107448 KiB

[startup+402.3 s]
/proc/loadavg: 14.24 14.27 13.66 15/820 3336917
/proc/meminfo: memFree=386769800/528004516 swapFree=8388604/8388604
[pid=3335924] ppid=3335922 vsize=26908 memory=13616 CPUtime=0.07 cores=28-29
/proc/3335924/stat : 3335924 (perf) S 3335922 3335924 3335875 0 -1 0 1738 237 0 0 5 2 0 0 20 0 1 0 922994082 27553792 3404 17179869184 93824994299904 93824996572973 140737488338256 0 0 0 134217728 4 74274 1 0 0 17 28 0 0 0 0 0 93824998874888 93825001005840 93825001308160 140737488340073 140737488340470 140737488340470 140737488351179 0
/proc/3335924/statm: 6727 3404 2099 555 0 1769 0
[pid=3335943] ppid=3335924 vsize=106692 memory=97304 CPUtime=402.16 cores=28-29
/proc/3335943/stat : 3335943 (clingo) R 3335924 3335924 3335875 0 -1 0 31215 0 0 0 40208 8 0 0 20 0 1 0 922994090 109252608 24326 17179869184 93824992301056 93824992468925 140737488338416 0 0 0 134217728 4 25184771 0 0 0 17 28 0 0 0 0 0 93824992533936 93824992571272 93824992575488 140737488340183 140737488340354 140737488340354 140737488351170 0
/proc/3335943/statm: 26673 24326 2092 41 0 22752 0
Current children cumulated CPU time: 402.23 s
Current children cumulated vsize: 133600 KiB
Current children cumulated memory: 110920 KiB

[startup+462.3 s]
/proc/loadavg: 14.26 14.28 13.71 15/816 3336920
/proc/meminfo: memFree=386709104/528004516 swapFree=8388604/8388604
[pid=3335924] ppid=3335922 vsize=26908 memory=13616 CPUtime=0.07 cores=28-29
/proc/3335924/stat : 3335924 (perf) S 3335922 3335924 3335875 0 -1 0 1738 237 0 0 5 2 0 0 20 0 1 0 922994082 27553792 3404 17179869184 93824994299904 93824996572973 140737488338256 0 0 0 134217728 4 74274 1 0 0 17 28 0 0 0 0 0 93824998874888 93825001005840 93825001308160 140737488340073 140737488340470 140737488340470 140737488351179 0
/proc/3335924/statm: 6727 3404 2099 555 0 1769 0
[pid=3335943] ppid=3335924 vsize=112480 memory=103060 CPUtime=462.16 cores=28-29
/proc/3335943/stat : 3335943 (clingo) R 3335924 3335924 3335875 0 -1 0 33440 0 0 0 46208 8 0 0 20 0 1 0 922994090 115179520 25765 17179869184 93824992301056 93824992468925 140737488338416 0 0 0 134217728 4 25184771 0 0 0 17 28 0 0 0 0 0 93824992533936 93824992571272 93824992575488 140737488340183 140737488340354 140737488340354 140737488351170 0
/proc/3335943/statm: 28120 25765 2092 41 0 24199 0
Current children cumulated CPU time: 462.23 s
Current children cumulated vsize: 139388 KiB
Current children cumulated memory: 116676 KiB

[startup+522.3 s]
/proc/loadavg: 14.09 14.23 13.73 15/816 3336924
/proc/meminfo: memFree=386657488/528004516 swapFree=8388604/8388604
[pid=3335924] ppid=3335922 vsize=26908 memory=13616 CPUtime=0.07 cores=28-29
/proc/3335924/stat : 3335924 (perf) S 3335922 3335924 3335875 0 -1 0 1738 237 0 0 5 2 0 0 20 0 1 0 922994082 27553792 3404 17179869184 93824994299904 93824996572973 140737488338256 0 0 0 134217728 4 74274 1 0 0 17 28 0 0 0 0 0 93824998874888 93825001005840 93825001308160 140737488340073 140737488340470 140737488340470 140737488351179 0
/proc/3335924/statm: 6727 3404 2099 555 0 1769 0
[pid=3335943] ppid=3335924 vsize=119832 memory=110392 CPUtime=522.16 cores=28-29
/proc/3335943/stat : 3335943 (clingo) R 3335924 3335924 3335875 0 -1 0 36596 0 0 0 52207 9 0 0 20 0 1 0 922994090 122707968 27598 17179869184 93824992301056 93824992468925 140737488338416 0 0 0 134217728 4 25184771 0 0 0 17 28 0 0 0 0 0 93824992533936 93824992571272 93824992575488 140737488340183 140737488340354 140737488340354 140737488351170 0
/proc/3335943/statm: 29958 27598 2092 41 0 26037 0
Current children cumulated CPU time: 522.23 s
Current children cumulated vsize: 146740 KiB
Current children cumulated memory: 124008 KiB

[startup+582.3 s]
/proc/loadavg: 15.62 14.63 13.90 15/816 3336928
/proc/meminfo: memFree=386603388/528004516 swapFree=8388604/8388604
[pid=3335924] ppid=3335922 vsize=26908 memory=13616 CPUtime=0.07 cores=28-29
/proc/3335924/stat : 3335924 (perf) S 3335922 3335924 3335875 0 -1 0 1738 237 0 0 5 2 0 0 20 0 1 0 922994082 27553792 3404 17179869184 93824994299904 93824996572973 140737488338256 0 0 0 134217728 4 74274 1 0 0 17 28 0 0 0 0 0 93824998874888 93825001005840 93825001308160 140737488340073 140737488340470 140737488340470 140737488351179 0
/proc/3335924/statm: 6727 3404 2099 555 0 1769 0
[pid=3335943] ppid=3335924 vsize=120592 memory=111148 CPUtime=582.16 cores=28-29
/proc/3335943/stat : 3335943 (clingo) R 3335924 3335924 3335875 0 -1 0 37063 0 0 0 58207 9 0 0 20 0 1 0 922994090 123486208 27787 17179869184 93824992301056 93824992468925 140737488338416 0 0 0 134217728 4 25184771 0 0 0 17 28 0 0 0 0 0 93824992533936 93824992571272 93824992575488 140737488340183 140737488340354 140737488340354 140737488351170 0
/proc/3335943/statm: 30148 27787 2092 41 0 26227 0
Current children cumulated CPU time: 582.23 s
Current children cumulated vsize: 147500 KiB
Current children cumulated memory: 124764 KiB

[startup+642.3 s]
/proc/loadavg: 14.59 14.51 13.91 15/817 3336932
/proc/meminfo: memFree=386563320/528004516 swapFree=8388604/8388604
[pid=3335924] ppid=3335922 vsize=26908 memory=13616 CPUtime=0.07 cores=28-29
/proc/3335924/stat : 3335924 (perf) S 3335922 3335924 3335875 0 -1 0 1738 237 0 0 5 2 0 0 20 0 1 0 922994082 27553792 3404 17179869184 93824994299904 93824996572973 140737488338256 0 0 0 134217728 4 74274 1 0 0 17 28 0 0 0 0 0 93824998874888 93825001005840 93825001308160 140737488340073 140737488340470 140737488340470 140737488351179 0
/proc/3335924/statm: 6727 3404 2099 555 0 1769 0
[pid=3335943] ppid=3335924 vsize=124952 memory=115188 CPUtime=642.15 cores=28-29
/proc/3335943/stat : 3335943 (clingo) R 3335924 3335924 3335875 0 -1 0 39190 0 0 0 64206 9 0 0 20 0 1 0 922994090 127950848 28797 17179869184 93824992301056 93824992468925 140737488338416 0 0 0 134217728 4 25184771 0 0 0 17 28 0 0 0 0 0 93824992533936 93824992571272 93824992575488 140737488340183 140737488340354 140737488340354 140737488351170 0
/proc/3335943/statm: 31238 28797 2092 41 0 27317 0
Current children cumulated CPU time: 642.22 s
Current children cumulated vsize: 151860 KiB
Current children cumulated memory: 128804 KiB

[startup+702.3 s]
/proc/loadavg: 14.25 14.43 13.92 15/817 3336935
/proc/meminfo: memFree=386512716/528004516 swapFree=8388604/8388604
[pid=3335924] ppid=3335922 vsize=26908 memory=13616 CPUtime=0.07 cores=28-29
/proc/3335924/stat : 3335924 (perf) S 3335922 3335924 3335875 0 -1 0 1738 237 0 0 5 2 0 0 20 0 1 0 922994082 27553792 3404 17179869184 93824994299904 93824996572973 140737488338256 0 0 0 134217728 4 74274 1 0 0 17 28 0 0 0 0 0 93824998874888 93825001005840 93825001308160 140737488340073 140737488340470 140737488340470 140737488351179 0
/proc/3335924/statm: 6727 3404 2099 555 0 1769 0
[pid=3335943] ppid=3335924 vsize=129428 memory=118844 CPUtime=702.16 cores=28-29
/proc/3335943/stat : 3335943 (clingo) R 3335924 3335924 3335875 0 -1 0 40823 0 0 0 70206 10 0 0 20 0 1 0 922994090 132534272 29711 17179869184 93824992301056 93824992468925 140737488338416 0 0 0 134217728 4 25184771 0 0 0 17 28 0 0 0 0 0 93824992533936 93824992571272 93824992575488 140737488340183 140737488340354 140737488340354 140737488351170 0
/proc/3335943/statm: 32357 29711 2092 41 0 28436 0
Current children cumulated CPU time: 702.23 s
Current children cumulated vsize: 156336 KiB
Current children cumulated memory: 132460 KiB

[startup+762.3 s]
/proc/loadavg: 14.38 14.42 13.95 15/817 3336937
/proc/meminfo: memFree=386469660/528004516 swapFree=8388604/8388604
[pid=3335924] ppid=3335922 vsize=26908 memory=13616 CPUtime=0.07 cores=28-29
/proc/3335924/stat : 3335924 (perf) S 3335922 3335924 3335875 0 -1 0 1738 237 0 0 5 2 0 0 20 0 1 0 922994082 27553792 3404 17179869184 93824994299904 93824996572973 140737488338256 0 0 0 134217728 4 74274 1 0 0 17 28 0 0 0 0 0 93824998874888 93825001005840 93825001308160 140737488340073 140737488340470 140737488340470 140737488351179 0
/proc/3335924/statm: 6727 3404 2099 555 0 1769 0
[pid=3335943] ppid=3335924 vsize=131732 memory=121076 CPUtime=762.16 cores=28-29
/proc/3335943/stat : 3335943 (clingo) R 3335924 3335924 3335875 0 -1 0 42374 0 0 0 76205 11 0 0 20 0 1 0 922994090 134893568 30269 17179869184 93824992301056 93824992468925 140737488338416 0 0 0 134217728 4 25184771 0 0 0 17 28 0 0 0 0 0 93824992533936 93824992571272 93824992575488 140737488340183 140737488340354 140737488340354 140737488351170 0
/proc/3335943/statm: 32933 30269 2092 41 0 29012 0
Current children cumulated CPU time: 762.23 s
Current children cumulated vsize: 158640 KiB
Current children cumulated memory: 134692 KiB

[startup+822.3 s]
/proc/loadavg: 14.21 14.37 13.97 15/817 3336940
/proc/meminfo: memFree=386432128/528004516 swapFree=8388604/8388604
[pid=3335924] ppid=3335922 vsize=26908 memory=13616 CPUtime=0.07 cores=28-29
/proc/3335924/stat : 3335924 (perf) S 3335922 3335924 3335875 0 -1 0 1738 237 0 0 5 2 0 0 20 0 1 0 922994082 27553792 3404 17179869184 93824994299904 93824996572973 140737488338256 0 0 0 134217728 4 74274 1 0 0 17 28 0 0 0 0 0 93824998874888 93825001005840 93825001308160 140737488340073 140737488340470 140737488340470 140737488351179 0
/proc/3335924/statm: 6727 3404 2099 555 0 1769 0
[pid=3335943] ppid=3335924 vsize=134916 memory=124144 CPUtime=822.15 cores=28-29
/proc/3335943/stat : 3335943 (clingo) R 3335924 3335924 3335875 0 -1 0 43880 0 0 0 82204 11 0 0 20 0 1 0 922994090 138153984 31036 17179869184 93824992301056 93824992468925 140737488338416 0 0 0 134217728 4 25184771 0 0 0 17 28 0 0 0 0 0 93824992533936 93824992571272 93824992575488 140737488340183 140737488340354 140737488340354 140737488351170 0
/proc/3335943/statm: 33729 31036 2092 41 0 29808 0
Current children cumulated CPU time: 822.22 s
Current children cumulated vsize: 161824 KiB
Current children cumulated memory: 137760 KiB

[startup+882.3 s]
/proc/loadavg: 14.07 14.30 13.97 15/817 3336943
/proc/meminfo: memFree=386398640/528004516 swapFree=8388604/8388604
[pid=3335924] ppid=3335922 vsize=26908 memory=13616 CPUtime=0.07 cores=28-29
/proc/3335924/stat : 3335924 (perf) S 3335922 3335924 3335875 0 -1 0 1738 237 0 0 5 2 0 0 20 0 1 0 922994082 27553792 3404 17179869184 93824994299904 93824996572973 140737488338256 0 0 0 134217728 4 74274 1 0 0 17 28 0 0 0 0 0 93824998874888 93825001005840 93825001308160 140737488340073 140737488340470 140737488340470 140737488351179 0
/proc/3335924/statm: 6727 3404 2099 555 0 1769 0
[pid=3335943] ppid=3335924 vsize=137880 memory=127020 CPUtime=882.16 cores=28-29
/proc/3335943/stat : 3335943 (clingo) R 3335924 3335924 3335875 0 -1 0 45090 0 0 0 88204 12 0 0 20 0 1 0 922994090 141189120 31755 17179869184 93824992301056 93824992468925 140737488338416 0 0 0 134217728 4 25184771 0 0 0 17 28 0 0 0 0 0 93824992533936 93824992571272 93824992575488 140737488340183 140737488340354 140737488340354 140737488351170 0
/proc/3335943/statm: 34470 31755 2092 41 0 30549 0
Current children cumulated CPU time: 882.23 s
Current children cumulated vsize: 164788 KiB
Current children cumulated memory: 140636 KiB

[startup+942.3 s]
/proc/loadavg: 14.07 14.26 13.98 15/816 3336947
/proc/meminfo: memFree=386360172/528004516 swapFree=8388604/8388604
[pid=3335924] ppid=3335922 vsize=26908 memory=13616 CPUtime=0.07 cores=28-29
/proc/3335924/stat : 3335924 (perf) S 3335922 3335924 3335875 0 -1 0 1738 237 0 0 5 2 0 0 20 0 1 0 922994082 27553792 3404 17179869184 93824994299904 93824996572973 140737488338256 0 0 0 134217728 4 74274 1 0 0 17 28 0 0 0 0 0 93824998874888 93825001005840 93825001308160 140737488340073 140737488340470 140737488340470 140737488351179 0
/proc/3335924/statm: 6727 3404 2099 555 0 1769 0
[pid=3335943] ppid=3335924 vsize=139700 memory=128924 CPUtime=942.15 cores=28-29
/proc/3335943/stat : 3335943 (clingo) R 3335924 3335924 3335875 0 -1 0 46164 0 0 0 94203 12 0 0 20 0 1 0 922994090 143052800 32231 17179869184 93824992301056 93824992468925 140737488338416 0 0 0 134217728 4 25184771 0 0 0 17 28 0 0 0 0 0 93824992533936 93824992571272 93824992575488 140737488340183 140737488340354 140737488340354 140737488351170 0
/proc/3335943/statm: 34925 32231 2092 41 0 31004 0
Current children cumulated CPU time: 942.22 s
Current children cumulated vsize: 166608 KiB
Current children cumulated memory: 142540 KiB

[startup+1002.3 s]
/proc/loadavg: 14.02 14.21 13.99 15/817 3336951
/proc/meminfo: memFree=386314824/528004516 swapFree=8388604/8388604
[pid=3335924] ppid=3335922 vsize=26908 memory=13616 CPUtime=0.07 cores=28-29
/proc/3335924/stat : 3335924 (perf) S 3335922 3335924 3335875 0 -1 0 1738 237 0 0 5 2 0 0 20 0 1 0 922994082 27553792 3404 17179869184 93824994299904 93824996572973 140737488338256 0 0 0 134217728 4 74274 1 0 0 17 28 0 0 0 0 0 93824998874888 93825001005840 93825001308160 140737488340073 140737488340470 140737488340470 140737488351179 0
/proc/3335924/statm: 6727 3404 2099 555 0 1769 0
[pid=3335943] ppid=3335924 vsize=143664 memory=132512 CPUtime=1002.15 cores=28-29
/proc/3335943/stat : 3335943 (clingo) R 3335924 3335924 3335875 0 -1 0 48126 0 0 0 100203 12 0 0 20 0 1 0 922994090 147111936 33128 17179869184 93824992301056 93824992468925 140737488338416 0 0 0 134217728 4 25184771 0 0 0 17 28 0 0 0 0 0 93824992533936 93824992571272 93824992575488 140737488340183 140737488340354 140737488340354 140737488351170 0
/proc/3335943/statm: 35916 33128 2092 41 0 31995 0
Current children cumulated CPU time: 1002.22 s
Current children cumulated vsize: 170572 KiB
Current children cumulated memory: 146128 KiB

[startup+1062.3 s]
/proc/loadavg: 14.05 14.18 14.00 15/818 3336954
/proc/meminfo: memFree=386283828/528004516 swapFree=8388604/8388604
[pid=3335924] ppid=3335922 vsize=26908 memory=13616 CPUtime=0.07 cores=28-29
/proc/3335924/stat : 3335924 (perf) S 3335922 3335924 3335875 0 -1 0 1738 237 0 0 5 2 0 0 20 0 1 0 922994082 27553792 3404 17179869184 93824994299904 93824996572973 140737488338256 0 0 0 134217728 4 74274 1 0 0 17 28 0 0 0 0 0 93824998874888 93825001005840 93825001308160 140737488340073 140737488340470 140737488340470 140737488351179 0
/proc/3335924/statm: 6727 3404 2099 555 0 1769 0
[pid=3335943] ppid=3335924 vsize=146040 memory=134620 CPUtime=1062.15 cores=28-29
/proc/3335943/stat : 3335943 (clingo) R 3335924 3335924 3335875 0 -1 0 48714 0 0 0 106203 12 0 0 20 0 1 0 922994090 149544960 33655 17179869184 93824992301056 93824992468925 140737488338416 0 0 0 134217728 4 25184771 0 0 0 17 28 0 0 0 0 0 93824992533936 93824992571272 93824992575488 140737488340183 140737488340354 140737488340354 140737488351170 0
/proc/3335943/statm: 36510 33655 2092 41 0 32589 0
Current children cumulated CPU time: 1062.22 s
Current children cumulated vsize: 172948 KiB
Current children cumulated memory: 148236 KiB

[startup+1122.3 s]
/proc/loadavg: 14.02 14.15 14.00 15/818 3336957
/proc/meminfo: memFree=386250360/528004516 swapFree=8388604/8388604
[pid=3335924] ppid=3335922 vsize=26908 memory=13616 CPUtime=0.07 cores=28-29
/proc/3335924/stat : 3335924 (perf) S 3335922 3335924 3335875 0 -1 0 1738 237 0 0 5 2 0 0 20 0 1 0 922994082 27553792 3404 17179869184 93824994299904 93824996572973 140737488338256 0 0 0 134217728 4 74274 1 0 0 17 28 0 0 0 0 0 93824998874888 93825001005840 93825001308160 140737488340073 140737488340470 140737488340470 140737488351179 0
/proc/3335924/statm: 6727 3404 2099 555 0 1769 0
[pid=3335943] ppid=3335924 vsize=149616 memory=138160 CPUtime=1122.15 cores=28-29
/proc/3335943/stat : 3335943 (clingo) R 3335924 3335924 3335875 0 -1 0 49809 0 0 0 112203 12 0 0 20 0 1 0 922994090 153206784 34540 17179869184 93824992301056 93824992468925 140737488338416 0 0 0 134217728 4 25184771 0 0 0 17 28 0 0 0 0 0 93824992533936 93824992571272 93824992575488 140737488340183 140737488340354 140737488340354 140737488351170 0
/proc/3335943/statm: 37404 34540 2092 41 0 33483 0
Current children cumulated CPU time: 1122.22 s
Current children cumulated vsize: 176524 KiB
Current children cumulated memory: 151776 KiB

[startup+1182.3 s]
/proc/loadavg: 14.12 14.15 14.01 15/818 3336961
/proc/meminfo: memFree=386218380/528004516 swapFree=8388604/8388604
[pid=3335924] ppid=3335922 vsize=26908 memory=13616 CPUtime=0.07 cores=28-29
/proc/3335924/stat : 3335924 (perf) S 3335922 3335924 3335875 0 -1 0 1738 237 0 0 5 2 0 0 20 0 1 0 922994082 27553792 3404 17179869184 93824994299904 93824996572973 140737488338256 0 0 0 134217728 4 74274 1 0 0 17 28 0 0 0 0 0 93824998874888 93825001005840 93825001308160 140737488340073 140737488340470 140737488340470 140737488351179 0
/proc/3335924/statm: 6727 3404 2099 555 0 1769 0
[pid=3335943] ppid=3335924 vsize=152160 memory=140396 CPUtime=1182.16 cores=28-29
/proc/3335943/stat : 3335943 (clingo) R 3335924 3335924 3335875 0 -1 0 50660 0 0 0 118203 13 0 0 20 0 1 0 922994090 155811840 35099 17179869184 93824992301056 93824992468925 140737488338416 0 0 0 134217728 4 25184771 0 0 0 17 28 0 0 0 0 0 93824992533936 93824992571272 93824992575488 140737488340183 140737488340354 140737488340354 140737488351170 0
/proc/3335943/statm: 38040 35099 2092 41 0 34119 0
Current children cumulated CPU time: 1182.23 s
Current children cumulated vsize: 179068 KiB
Current children cumulated memory: 154012 KiB



Maximum wall clock time exceeded: sending SIGTERM then SIGKILL

[startup+1205 s]*
/proc/loadavg: 14.31 14.19 14.02 16/792 3337373
/proc/meminfo: memFree=386825452/528004516 swapFree=8388604/8388604
[pid=3335924] ppid=3335922 vsize=26908 memory=13616 CPUtime=0.07 cores=28-29
/proc/3335924/stat : 3335924 (perf) S 3335922 3335924 3335875 0 -1 0 1738 237 0 0 5 2 0 0 20 0 1 0 922994082 27553792 3404 17179869184 93824994299904 93824996572973 140737488338256 0 0 0 134217728 4 74274 1 0 0 17 28 0 0 0 0 0 93824998874888 93825001005840 93825001308160 140737488340073 140737488340470 140737488340470 140737488351179 0
/proc/3335924/statm: 6727 3404 2099 555 0 1769 0
[pid=3335943] ppid=3335924 vsize=154956 memory=142972 CPUtime=1204.87 cores=28-29
/proc/3335943/stat : 3335943 (clingo) R 3335924 3335924 3335875 0 -1 0 51664 0 0 0 120474 13 0 0 20 0 1 0 922994090 158674944 35743 17179869184 93824992301056 93824992468925 140737488338416 0 0 0 134217728 4 25184771 0 0 0 17 28 0 0 0 0 0 93824992533936 93824992571272 93824992575488 140737488340183 140737488340354 140737488340354 140737488351170 0
/proc/3335943/statm: 38739 35743 2092 41 0 34818 0
Current children cumulated CPU time: 1204.94 s
Current children cumulated vsize: 181864 KiB
Current children cumulated memory: 156588 KiB

Sending SIGINT to process tree (bottom up)
Sleeping 5 seconds

[startup+1205.03 s]
# the end of solver process 3335924 was just reported to runsolver
# cumulated CPU time of all completed processes:  user=1204.81 s, system=0.162692 s

Solver just ended.
??? end of watcher thread
Dumping a history of the last processes samples

Child status: 1
Real time (s): 1205.03
CPU time (s): 1204.97
CPU user time (s): 1204.81
CPU system time (s): 0.162692
CPU usage (%): 99.9953
Max. virtual memory (cumulated for all children) (KiB): 181864
Max. memory (cumulated for all children) (KiB): 156588

getrusage(RUSAGE_CHILDREN,...) data:
user time used= 1204.81
system time used= 0.162692
maximum resident set size= 143048
integral shared memory size= 0
integral unshared data size= 0
integral unshared stack size= 0
page reclaims= 53679
page faults= 0
swaps= 0
block input operations= 0
block output operations= 0
messages sent= 0
messages received= 0
signals received= 0
voluntary context switches= 66
involuntary context switches= 840


# summary of solver processes directly reported to runsolver:
#   pid: 3335924
#   total CPU time (s): 1204.97
#   total CPU user time (s): 1204.81
#   total CPU system time (s): 0.162692

??? end of timestamper thread
runsolver used 9.32501 second user time and 13.6415 second system time

The end
