# WCTIME: wall clock time in seconds
WCTIME=1.84077
# CPUTIME: CPU time in seconds (USERTIME+SYSTEMTIME)
CPUTIME=1.83721
# USERTIME: CPU time spent in user mode in seconds
USERTIME=1.8104
# SYSTEMTIME: CPU time spent in system mode in seconds
SYSTEMTIME=0.026807
# CPUUSAGE: CPUTIME/WCTIME in percent
CPUUSAGE=99.8067
# MAXVM: maximum virtual memory used in KiB
MAXVM=64368
# TIMEOUT: did the solver exceed the time limit?
TIMEOUT=false
# MEMOUT: did the solver exceed the memory limit?
MEMOUT=false
# RETCODE: return code of the program.
RETCODE=10
# SIGNAL: signal the solver recieved.
SIGNAL=0
