runsolver version 3.4.0 (svn: 3018) Copyright (C) 2010-2013 Olivier ROUSSEL

This program is distributed in the hope that it will be useful,
but WITHOUT ANY WARRANTY; without even the implied warranty of
MERCHANTABILITY or FITNESS FOR A PARTICULAR PURPOSE.  See the
GNU General Public License for more details.

NUMA information:
  number of nodes: 2
  memory of node 0: 257635 MiB (185457 MiB free)
  memory of node 1: 257994 MiB (191340 MiB free)
  node distances:
     10  20
     20  10

command line: /dev/shm/373741e4-2e81-11f1-ac62-000c298f4621/input/runsolver -w /dev/shm/373741e4-2e81-11f1-ac62-000c298f4621/output/runsolver.log -v /dev/shm/373741e4-2e81-11f1-ac62-000c298f4621/output/varfile.log -W 1205 --rss-swap-limit 16384 -d 5 --sigint /usr/bin/perf stat -B -e task-clock,cache-references,cache-misses,cycles,instructions,branches,faults,migrations,context-switches -o /dev/shm/373741e4-2e81-11f1-ac62-000c298f4621/output/perf.log clingo /home/guests/mmacri/AMOSUM/benchmarks/GraphColouring/encoding-plain-amo.asp /dev/shm/373741e4-2e81-11f1-ac62-000c298f4621/input/0007-graph_colouring-125-0_2400.asp 

running on 2 cores: 26-27

Enforcing wall clock limit (soft limit, will send SIGTERM then SIGKILL): 1205 seconds
Enforcing RSS+Swap limit (soft limit, will send SIGTERM then SIGKILL): 16777216 KiB
Linux 5.15.0-131-generic
Current StackSize limit: 8192 KiB

solver pid=3551162, runsolver pid=3551161

[startup+0.100068 s]*
/proc/loadavg: 14.19 13.92 10.43 15/847 3551166
/proc/meminfo: memFree=385829448/528004520 swapFree=8388604/8388604
[pid=3551162] ppid=3551161 vsize=26908 memory=13612 CPUtime=0.07 cores=26-27
/proc/3551162/stat : 3551162 (perf) S 3551161 3551162 3551120 0 -1 0 1738 237 0 0 6 1 0 0 20 0 1 0 922878407 27553792 3403 17179869184 93824994299904 93824996572973 140737488338256 0 0 0 134217728 4 74274 1 0 0 17 26 0 0 0 0 0 93824998874888 93825001005840 93825001308160 140737488340073 140737488340470 140737488340470 140737488351179 0
/proc/3551162/statm: 6727 3403 2098 555 0 1769 0
[pid=3551166] ppid=3551162 vsize=18916 memory=10728 CPUtime=0.02 cores=26-27
/proc/3551166/stat : 3551166 (clingo) R 3551162 3551162 3551120 0 -1 0 846 0 0 0 2 0 0 0 20 0 1 0 922878414 19369984 2682 17179869184 93824992301056 93824992468925 140737488338416 0 0 0 134217728 4 25184771 0 0 0 17 27 0 0 0 0 0 93824992533936 93824992571272 93824992575488 140737488340183 140737488340354 140737488340354 140737488351170 0
/proc/3551166/statm: 4729 2682 2042 41 0 808 0
Current children cumulated CPU time: 0.09 s
Current children cumulated vsize: 45824 KiB
Current children cumulated memory: 24340 KiB

[startup+0.21873 s]*
/proc/loadavg: 14.19 13.92 10.43 15/847 3551166
/proc/meminfo: memFree=385813068/528004520 swapFree=8388604/8388604
[pid=3551162] ppid=3551161 vsize=26908 memory=13612 CPUtime=0.07 cores=26-27
/proc/3551162/stat : 3551162 (perf) S 3551161 3551162 3551120 0 -1 0 1738 237 0 0 6 1 0 0 20 0 1 0 922878407 27553792 3403 17179869184 93824994299904 93824996572973 140737488338256 0 0 0 134217728 4 74274 1 0 0 17 26 0 0 0 0 0 93824998874888 93825001005840 93825001308160 140737488340073 140737488340470 140737488340470 140737488351179 0
/proc/3551162/statm: 6727 3403 2098 555 0 1769 0
[pid=3551166] ppid=3551162 vsize=25288 memory=17072 CPUtime=0.13 cores=26-27
/proc/3551166/stat : 3551166 (clingo) R 3551162 3551162 3551120 0 -1 0 2505 0 0 0 13 0 0 0 20 0 1 0 922878414 25894912 4268 17179869184 93824992301056 93824992468925 140737488338416 0 0 0 134217728 4 25184771 0 0 0 17 27 0 0 0 0 0 93824992533936 93824992571272 93824992575488 140737488340183 140737488340354 140737488340354 140737488351170 0
/proc/3551166/statm: 6322 4268 2088 41 0 2401 0
Current children cumulated CPU time: 0.2 s
Current children cumulated vsize: 52196 KiB
Current children cumulated memory: 30684 KiB

[startup+0.330904 s]*
/proc/loadavg: 14.19 13.92 10.43 15/847 3551166
/proc/meminfo: memFree=385791648/528004520 swapFree=8388604/8388604
[pid=3551162] ppid=3551161 vsize=26908 memory=13612 CPUtime=0.07 cores=26-27
/proc/3551162/stat : 3551162 (perf) S 3551161 3551162 3551120 0 -1 0 1738 237 0 0 6 1 0 0 20 0 1 0 922878407 27553792 3403 17179869184 93824994299904 93824996572973 140737488338256 0 0 0 134217728 4 74274 1 0 0 17 26 0 0 0 0 0 93824998874888 93825001005840 93825001308160 140737488340073 140737488340470 140737488340470 140737488351179 0
/proc/3551162/statm: 6727 3403 2098 555 0 1769 0
[pid=3551166] ppid=3551162 vsize=27400 memory=19448 CPUtime=0.21 cores=26-27
/proc/3551166/stat : 3551166 (clingo) R 3551162 3551162 3551120 0 -1 0 3049 0 0 0 21 0 0 0 20 0 1 0 922878414 28057600 4862 17179869184 93824992301056 93824992468925 140737488338416 0 0 0 134217728 4 25184771 0 0 0 17 26 0 0 0 0 0 93824992533936 93824992571272 93824992575488 140737488340183 140737488340354 140737488340354 140737488351170 0
/proc/3551166/statm: 6850 4862 2088 41 0 2929 0
Current children cumulated CPU time: 0.28 s
Current children cumulated vsize: 54308 KiB
Current children cumulated memory: 33060 KiB

[startup+0.700349 s]
/proc/loadavg: 14.19 13.92 10.43 15/847 3551166
/proc/meminfo: memFree=385758888/528004520 swapFree=8388604/8388604
[pid=3551162] ppid=3551161 vsize=26908 memory=13612 CPUtime=0.07 cores=26-27
/proc/3551162/stat : 3551162 (perf) S 3551161 3551162 3551120 0 -1 0 1738 237 0 0 6 1 0 0 20 0 1 0 922878407 27553792 3403 17179869184 93824994299904 93824996572973 140737488338256 0 0 0 134217728 4 74274 1 0 0 17 26 0 0 0 0 0 93824998874888 93825001005840 93825001308160 140737488340073 140737488340470 140737488340470 140737488351179 0
/proc/3551162/statm: 6727 3403 2098 555 0 1769 0
[pid=3551166] ppid=3551162 vsize=30200 memory=22088 CPUtime=0.56 cores=26-27
/proc/3551166/stat : 3551166 (clingo) R 3551162 3551162 3551120 0 -1 0 3732 0 0 0 56 0 0 0 20 0 1 0 922878414 30924800 5522 17179869184 93824992301056 93824992468925 140737488338416 0 0 0 134217728 4 25184771 0 0 0 17 26 0 0 0 0 0 93824992533936 93824992571272 93824992575488 140737488340183 140737488340354 140737488340354 140737488351170 0
/proc/3551166/statm: 7550 5522 2088 41 0 3629 0
Current children cumulated CPU time: 0.63 s
Current children cumulated vsize: 57108 KiB
Current children cumulated memory: 35700 KiB

[startup+1.50036 s]
/proc/loadavg: 14.18 13.93 10.45 15/847 3551166
/proc/meminfo: memFree=385673356/528004520 swapFree=8388604/8388604
[pid=3551162] ppid=3551161 vsize=26908 memory=13612 CPUtime=0.07 cores=26-27
/proc/3551162/stat : 3551162 (perf) S 3551161 3551162 3551120 0 -1 0 1738 237 0 0 6 1 0 0 20 0 1 0 922878407 27553792 3403 17179869184 93824994299904 93824996572973 140737488338256 0 0 0 134217728 4 74274 1 0 0 17 26 0 0 0 0 0 93824998874888 93825001005840 93825001308160 140737488340073 140737488340470 140737488340470 140737488351179 0
/proc/3551162/statm: 6727 3403 2098 555 0 1769 0
[pid=3551166] ppid=3551162 vsize=34512 memory=26312 CPUtime=1.37 cores=26-27
/proc/3551166/stat : 3551166 (clingo) R 3551162 3551162 3551120 0 -1 0 4822 0 0 0 136 1 0 0 20 0 1 0 922878414 35340288 6578 17179869184 93824992301056 93824992468925 140737488338416 0 0 0 134217728 4 25184771 0 0 0 17 26 0 0 0 0 0 93824992533936 93824992571272 93824992575488 140737488340183 140737488340354 140737488340354 140737488351170 0
/proc/3551166/statm: 8628 6578 2088 41 0 4707 0
Current children cumulated CPU time: 1.44 s
Current children cumulated vsize: 61420 KiB
Current children cumulated memory: 39924 KiB

[startup+3.11859 s]
/proc/loadavg: 14.18 13.93 10.45 15/847 3551166
/proc/meminfo: memFree=385482752/528004520 swapFree=8388604/8388604
[pid=3551162] ppid=3551161 vsize=26908 memory=13612 CPUtime=0.07 cores=26-27
/proc/3551162/stat : 3551162 (perf) S 3551161 3551162 3551120 0 -1 0 1738 237 0 0 6 1 0 0 20 0 1 0 922878407 27553792 3403 17179869184 93824994299904 93824996572973 140737488338256 0 0 0 134217728 4 74274 1 0 0 17 26 0 0 0 0 0 93824998874888 93825001005840 93825001308160 140737488340073 140737488340470 140737488340470 140737488351179 0
/proc/3551162/statm: 6727 3403 2098 555 0 1769 0
[pid=3551166] ppid=3551162 vsize=36792 memory=28576 CPUtime=2.99 cores=26-27
/proc/3551166/stat : 3551166 (clingo) R 3551162 3551162 3551120 0 -1 0 5491 0 0 0 298 1 0 0 20 0 1 0 922878414 37675008 7144 17179869184 93824992301056 93824992468925 140737488338416 0 0 0 134217728 4 25184771 0 0 0 17 26 0 0 0 0 0 93824992533936 93824992571272 93824992575488 140737488340183 140737488340354 140737488340354 140737488351170 0
/proc/3551166/statm: 9198 7144 2088 41 0 5277 0
Current children cumulated CPU time: 3.06 s
Current children cumulated vsize: 63700 KiB
Current children cumulated memory: 42188 KiB

[startup+6.30029 s]
/proc/loadavg: 14.16 13.93 10.47 15/847 3551166
/proc/meminfo: memFree=385356584/528004520 swapFree=8388604/8388604
[pid=3551162] ppid=3551161 vsize=26908 memory=13612 CPUtime=0.07 cores=26-27
/proc/3551162/stat : 3551162 (perf) S 3551161 3551162 3551120 0 -1 0 1738 237 0 0 6 1 0 0 20 0 1 0 922878407 27553792 3403 17179869184 93824994299904 93824996572973 140737488338256 0 0 0 134217728 4 74274 1 0 0 17 26 0 0 0 0 0 93824998874888 93825001005840 93825001308160 140737488340073 140737488340470 140737488340470 140737488351179 0
/proc/3551162/statm: 6727 3403 2098 555 0 1769 0
[pid=3551166] ppid=3551162 vsize=40232 memory=32272 CPUtime=6.17 cores=26-27
/proc/3551166/stat : 3551166 (clingo) R 3551162 3551162 3551120 0 -1 0 6374 0 0 0 616 1 0 0 20 0 1 0 922878414 41197568 8068 17179869184 93824992301056 93824992468925 140737488338416 0 0 0 134217728 4 25184771 0 0 0 17 26 0 0 0 0 0 93824992533936 93824992571272 93824992575488 140737488340183 140737488340354 140737488340354 140737488351170 0
/proc/3551166/statm: 10058 8068 2088 41 0 6137 0
Current children cumulated CPU time: 6.24 s
Current children cumulated vsize: 67140 KiB
Current children cumulated memory: 45884 KiB

[startup+12.7003 s]
/proc/loadavg: 14.15 13.93 10.49 15/847 3551167
/proc/meminfo: memFree=384746132/528004520 swapFree=8388604/8388604
[pid=3551162] ppid=3551161 vsize=26908 memory=13612 CPUtime=0.07 cores=26-27
/proc/3551162/stat : 3551162 (perf) S 3551161 3551162 3551120 0 -1 0 1738 237 0 0 6 1 0 0 20 0 1 0 922878407 27553792 3403 17179869184 93824994299904 93824996572973 140737488338256 0 0 0 134217728 4 74274 1 0 0 17 26 0 0 0 0 0 93824998874888 93825001005840 93825001308160 140737488340073 140737488340470 140737488340470 140737488351179 0
/proc/3551162/statm: 6727 3403 2098 555 0 1769 0
[pid=3551166] ppid=3551162 vsize=47572 memory=39280 CPUtime=12.57 cores=26-27
/proc/3551166/stat : 3551166 (clingo) R 3551162 3551162 3551120 0 -1 0 8314 0 0 0 1255 2 0 0 20 0 1 0 922878414 48713728 9820 17179869184 93824992301056 93824992468925 140737488338416 0 0 0 134217728 4 25184771 0 0 0 17 26 0 0 0 0 0 93824992533936 93824992571272 93824992575488 140737488340183 140737488340354 140737488340354 140737488351170 0
/proc/3551166/statm: 11893 9820 2088 41 0 7972 0
Current children cumulated CPU time: 12.64 s
Current children cumulated vsize: 74480 KiB
Current children cumulated memory: 52892 KiB

[startup+25.5004 s]
/proc/loadavg: 14.13 13.93 10.53 15/847 3551167
/proc/meminfo: memFree=384302292/528004520 swapFree=8388604/8388604
[pid=3551162] ppid=3551161 vsize=26908 memory=13612 CPUtime=0.07 cores=26-27
/proc/3551162/stat : 3551162 (perf) S 3551161 3551162 3551120 0 -1 0 1738 237 0 0 6 1 0 0 20 0 1 0 922878407 27553792 3403 17179869184 93824994299904 93824996572973 140737488338256 0 0 0 134217728 4 74274 1 0 0 17 26 0 0 0 0 0 93824998874888 93825001005840 93825001308160 140737488340073 140737488340470 140737488340470 140737488351179 0
/proc/3551162/statm: 6727 3403 2098 555 0 1769 0
[pid=3551166] ppid=3551162 vsize=54760 memory=46496 CPUtime=25.37 cores=26-27
/proc/3551166/stat : 3551166 (clingo) R 3551162 3551162 3551120 0 -1 0 10870 0 0 0 2535 2 0 0 20 0 1 0 922878414 56074240 11624 17179869184 93824992301056 93824992468925 140737488338416 0 0 0 134217728 4 25184771 0 0 0 17 26 0 0 0 0 0 93824992533936 93824992571272 93824992575488 140737488340183 140737488340354 140737488340354 140737488351170 0
/proc/3551166/statm: 13690 11624 2088 41 0 9769 0
Current children cumulated CPU time: 25.44 s
Current children cumulated vsize: 81668 KiB
Current children cumulated memory: 60108 KiB

[startup+51.1188 s]
/proc/loadavg: 14.13 13.95 10.64 15/847 3551167
/proc/meminfo: memFree=383300504/528004520 swapFree=8388604/8388604
[pid=3551162] ppid=3551161 vsize=26908 memory=13612 CPUtime=0.07 cores=26-27
/proc/3551162/stat : 3551162 (perf) S 3551161 3551162 3551120 0 -1 0 1738 237 0 0 6 1 0 0 20 0 1 0 922878407 27553792 3403 17179869184 93824994299904 93824996572973 140737488338256 0 0 0 134217728 4 74274 1 0 0 17 26 0 0 0 0 0 93824998874888 93825001005840 93825001308160 140737488340073 140737488340470 140737488340470 140737488351179 0
/proc/3551162/statm: 6727 3403 2098 555 0 1769 0
[pid=3551166] ppid=3551162 vsize=60752 memory=52744 CPUtime=50.99 cores=26-27
/proc/3551166/stat : 3551166 (clingo) R 3551162 3551162 3551120 0 -1 0 14462 0 0 0 5096 3 0 0 20 0 1 0 922878414 62210048 13186 17179869184 93824992301056 93824992468925 140737488338416 0 0 0 134217728 4 25184771 0 0 0 17 26 0 0 0 0 0 93824992533936 93824992571272 93824992575488 140737488340183 140737488340354 140737488340354 140737488351170 0
/proc/3551166/statm: 15188 13186 2088 41 0 11267 0
Current children cumulated CPU time: 51.06 s
Current children cumulated vsize: 87660 KiB
Current children cumulated memory: 66356 KiB

[startup+102.3 s]
/proc/loadavg: 14.05 13.96 10.82 15/848 3551169
/proc/meminfo: memFree=381949632/528004520 swapFree=8388604/8388604
[pid=3551162] ppid=3551161 vsize=26908 memory=13612 CPUtime=0.07 cores=26-27
/proc/3551162/stat : 3551162 (perf) S 3551161 3551162 3551120 0 -1 0 1738 237 0 0 6 1 0 0 20 0 1 0 922878407 27553792 3403 17179869184 93824994299904 93824996572973 140737488338256 0 0 0 134217728 4 74274 1 0 0 17 26 0 0 0 0 0 93824998874888 93825001005840 93825001308160 140737488340073 140737488340470 140737488340470 140737488351179 0
/proc/3551162/statm: 6727 3403 2098 555 0 1769 0
[pid=3551166] ppid=3551162 vsize=71876 memory=63788 CPUtime=102.17 cores=26-27
/proc/3551166/stat : 3551166 (clingo) R 3551162 3551162 3551120 0 -1 0 19924 0 0 0 10212 5 0 0 20 0 1 0 922878414 73601024 15947 17179869184 93824992301056 93824992468925 140737488338416 0 0 0 134217728 4 25184771 0 0 0 17 26 0 0 0 0 0 93824992533936 93824992571272 93824992575488 140737488340183 140737488340354 140737488340354 140737488351170 0
/proc/3551166/statm: 17969 15947 2088 41 0 14048 0
Current children cumulated CPU time: 102.24 s
Current children cumulated vsize: 98784 KiB
Current children cumulated memory: 77400 KiB

[startup+162.3 s]
/proc/loadavg: 14.09 13.99 11.03 15/848 3551170
/proc/meminfo: memFree=380812108/528004520 swapFree=8388604/8388604
[pid=3551162] ppid=3551161 vsize=26908 memory=13612 CPUtime=0.07 cores=26-27
/proc/3551162/stat : 3551162 (perf) S 3551161 3551162 3551120 0 -1 0 1738 237 0 0 6 1 0 0 20 0 1 0 922878407 27553792 3403 17179869184 93824994299904 93824996572973 140737488338256 0 0 0 134217728 4 74274 1 0 0 17 26 0 0 0 0 0 93824998874888 93825001005840 93825001308160 140737488340073 140737488340470 140737488340470 140737488351179 0
/proc/3551162/statm: 6727 3403 2098 555 0 1769 0
[pid=3551166] ppid=3551162 vsize=78860 memory=70728 CPUtime=162.17 cores=26-27
/proc/3551166/stat : 3551166 (clingo) R 3551162 3551162 3551120 0 -1 0 23615 0 0 0 16211 6 0 0 20 0 1 0 922878414 80752640 17682 17179869184 93824992301056 93824992468925 140737488338416 0 0 0 134217728 4 25184771 0 0 0 17 26 0 0 0 0 0 93824992533936 93824992571272 93824992575488 140737488340183 140737488340354 140737488340354 140737488351170 0
/proc/3551166/statm: 19715 17682 2088 41 0 15794 0
Current children cumulated CPU time: 162.24 s
Current children cumulated vsize: 105768 KiB
Current children cumulated memory: 84340 KiB

[startup+222.3 s]
/proc/loadavg: 14.28 14.07 11.24 15/848 3551173
/proc/meminfo: memFree=379962244/528004520 swapFree=8388604/8388604
[pid=3551162] ppid=3551161 vsize=26908 memory=13612 CPUtime=0.07 cores=26-27
/proc/3551162/stat : 3551162 (perf) S 3551161 3551162 3551120 0 -1 0 1738 237 0 0 6 1 0 0 20 0 1 0 922878407 27553792 3403 17179869184 93824994299904 93824996572973 140737488338256 0 0 0 134217728 4 74274 1 0 0 17 26 0 0 0 0 0 93824998874888 93825001005840 93825001308160 140737488340073 140737488340470 140737488340470 140737488351179 0
/proc/3551162/statm: 6727 3403 2098 555 0 1769 0
[pid=3551166] ppid=3551162 vsize=88284 memory=80020 CPUtime=222.16 cores=26-27
/proc/3551166/stat : 3551166 (clingo) R 3551162 3551162 3551120 0 -1 0 28415 0 0 0 22210 6 0 0 20 0 1 0 922878414 90402816 20005 17179869184 93824992301056 93824992468925 140737488338416 0 0 0 134217728 4 25184771 0 0 0 17 26 0 0 0 0 0 93824992533936 93824992571272 93824992575488 140737488340183 140737488340354 140737488340354 140737488351170 0
/proc/3551166/statm: 22071 20005 2088 41 0 18150 0
Current children cumulated CPU time: 222.23 s
Current children cumulated vsize: 115192 KiB
Current children cumulated memory: 93632 KiB

[startup+282.3 s]
/proc/loadavg: 14.17 14.07 11.42 15/848 3551174
/proc/meminfo: memFree=378604044/528004520 swapFree=8388604/8388604
[pid=3551162] ppid=3551161 vsize=26908 memory=13612 CPUtime=0.07 cores=26-27
/proc/3551162/stat : 3551162 (perf) S 3551161 3551162 3551120 0 -1 0 1738 237 0 0 6 1 0 0 20 0 1 0 922878407 27553792 3403 17179869184 93824994299904 93824996572973 140737488338256 0 0 0 134217728 4 74274 1 0 0 17 26 0 0 0 0 0 93824998874888 93825001005840 93825001308160 140737488340073 140737488340470 140737488340470 140737488351179 0
/proc/3551162/statm: 6727 3403 2098 555 0 1769 0
[pid=3551166] ppid=3551162 vsize=95444 memory=86836 CPUtime=282.16 cores=26-27
/proc/3551166/stat : 3551166 (clingo) R 3551162 3551162 3551120 0 -1 0 32611 0 0 0 28209 7 0 0 20 0 1 0 922878414 97734656 21709 17179869184 93824992301056 93824992468925 140737488338416 0 0 0 134217728 4 25184771 0 0 0 17 26 0 0 0 0 0 93824992533936 93824992571272 93824992575488 140737488340183 140737488340354 140737488340354 140737488351170 0
/proc/3551166/statm: 23861 21709 2088 41 0 19940 0
Current children cumulated CPU time: 282.23 s
Current children cumulated vsize: 122352 KiB
Current children cumulated memory: 100448 KiB

[startup+342.3 s]
/proc/loadavg: 14.06 14.05 11.59 15/828 3551177
/proc/meminfo: memFree=377803200/528004520 swapFree=8388604/8388604
[pid=3551162] ppid=3551161 vsize=26908 memory=13612 CPUtime=0.07 cores=26-27
/proc/3551162/stat : 3551162 (perf) S 3551161 3551162 3551120 0 -1 0 1738 237 0 0 6 1 0 0 20 0 1 0 922878407 27553792 3403 17179869184 93824994299904 93824996572973 140737488338256 0 0 0 134217728 4 74274 1 0 0 17 26 0 0 0 0 0 93824998874888 93825001005840 93825001308160 140737488340073 140737488340470 140737488340470 140737488351179 0
/proc/3551162/statm: 6727 3403 2098 555 0 1769 0
[pid=3551166] ppid=3551162 vsize=99872 memory=91484 CPUtime=342.16 cores=26-27
/proc/3551166/stat : 3551166 (clingo) R 3551162 3551162 3551120 0 -1 0 34478 0 0 0 34209 7 0 0 20 0 1 0 922878414 102268928 22871 17179869184 93824992301056 93824992468925 140737488338416 0 0 0 134217728 4 25184771 0 0 0 17 26 0 0 0 0 0 93824992533936 93824992571272 93824992575488 140737488340183 140737488340354 140737488340354 140737488351170 0
/proc/3551166/statm: 24968 22871 2088 41 0 21047 0
Current children cumulated CPU time: 342.23 s
Current children cumulated vsize: 126780 KiB
Current children cumulated memory: 105096 KiB

[startup+402.3 s]
/proc/loadavg: 14.10 14.06 11.75 15/826 3551179
/proc/meminfo: memFree=377477112/528004520 swapFree=8388604/8388604
[pid=3551162] ppid=3551161 vsize=26908 memory=13612 CPUtime=0.07 cores=26-27
/proc/3551162/stat : 3551162 (perf) S 3551161 3551162 3551120 0 -1 0 1738 237 0 0 6 1 0 0 20 0 1 0 922878407 27553792 3403 17179869184 93824994299904 93824996572973 140737488338256 0 0 0 134217728 4 74274 1 0 0 17 26 0 0 0 0 0 93824998874888 93825001005840 93825001308160 140737488340073 140737488340470 140737488340470 140737488351179 0
/proc/3551162/statm: 6727 3403 2098 555 0 1769 0
[pid=3551166] ppid=3551162 vsize=103820 memory=95072 CPUtime=402.16 cores=26-27
/proc/3551166/stat : 3551166 (clingo) R 3551162 3551162 3551120 0 -1 0 36508 0 0 0 40209 7 0 0 20 0 1 0 922878414 106311680 23768 17179869184 93824992301056 93824992468925 140737488338416 0 0 0 134217728 4 25184771 0 0 0 17 26 0 0 0 0 0 93824992533936 93824992571272 93824992575488 140737488340183 140737488340354 140737488340354 140737488351170 0
/proc/3551166/statm: 25955 23768 2088 41 0 22034 0
Current children cumulated CPU time: 402.23 s
Current children cumulated vsize: 130728 KiB
Current children cumulated memory: 108684 KiB

[startup+462.3 s]
/proc/loadavg: 14.04 14.05 11.89 15/826 3551180
/proc/meminfo: memFree=377126336/528004520 swapFree=8388604/8388604
[pid=3551162] ppid=3551161 vsize=26908 memory=13612 CPUtime=0.07 cores=26-27
/proc/3551162/stat : 3551162 (perf) S 3551161 3551162 3551120 0 -1 0 1738 237 0 0 6 1 0 0 20 0 1 0 922878407 27553792 3403 17179869184 93824994299904 93824996572973 140737488338256 0 0 0 134217728 4 74274 1 0 0 17 26 0 0 0 0 0 93824998874888 93825001005840 93825001308160 140737488340073 140737488340470 140737488340470 140737488351179 0
/proc/3551162/statm: 6727 3403 2098 555 0 1769 0
[pid=3551166] ppid=3551162 vsize=109380 memory=100692 CPUtime=462.17 cores=26-27
/proc/3551166/stat : 3551166 (clingo) R 3551162 3551162 3551120 0 -1 0 39663 0 0 0 46209 8 0 0 20 0 1 0 922878414 112005120 25173 17179869184 93824992301056 93824992468925 140737488338416 0 0 0 134217728 4 25184771 0 0 0 17 26 0 0 0 0 0 93824992533936 93824992571272 93824992575488 140737488340183 140737488340354 140737488340354 140737488351170 0
/proc/3551166/statm: 27345 25173 2088 41 0 23424 0
Current children cumulated CPU time: 462.24 s
Current children cumulated vsize: 136288 KiB
Current children cumulated memory: 114304 KiB

[startup+522.3 s]
/proc/loadavg: 14.01 14.04 12.03 15/826 3551181
/proc/meminfo: memFree=376665684/528004520 swapFree=8388604/8388604
[pid=3551162] ppid=3551161 vsize=26908 memory=13612 CPUtime=0.07 cores=26-27
/proc/3551162/stat : 3551162 (perf) S 3551161 3551162 3551120 0 -1 0 1738 237 0 0 6 1 0 0 20 0 1 0 922878407 27553792 3403 17179869184 93824994299904 93824996572973 140737488338256 0 0 0 134217728 4 74274 1 0 0 17 26 0 0 0 0 0 93824998874888 93825001005840 93825001308160 140737488340073 140737488340470 140737488340470 140737488351179 0
/proc/3551162/statm: 6727 3403 2098 555 0 1769 0
[pid=3551166] ppid=3551162 vsize=112120 memory=103720 CPUtime=522.17 cores=26-27
/proc/3551166/stat : 3551166 (clingo) R 3551162 3551162 3551120 0 -1 0 41988 0 0 0 52208 9 0 0 20 0 1 0 922878414 114810880 25930 17179869184 93824992301056 93824992468925 140737488338416 0 0 0 134217728 4 25184771 0 0 0 17 26 0 0 0 0 0 93824992533936 93824992571272 93824992575488 140737488340183 140737488340354 140737488340354 140737488351170 0
/proc/3551166/statm: 28030 25930 2088 41 0 24109 0
Current children cumulated CPU time: 522.24 s
Current children cumulated vsize: 139028 KiB
Current children cumulated memory: 117332 KiB

[startup+582.3 s]
/proc/loadavg: 14.03 14.04 12.16 15/826 3551186
/proc/meminfo: memFree=375819808/528004520 swapFree=8388604/8388604
[pid=3551162] ppid=3551161 vsize=26908 memory=13612 CPUtime=0.07 cores=26-27
/proc/3551162/stat : 3551162 (perf) S 3551161 3551162 3551120 0 -1 0 1738 237 0 0 6 1 0 0 20 0 1 0 922878407 27553792 3403 17179869184 93824994299904 93824996572973 140737488338256 0 0 0 134217728 4 74274 1 0 0 17 26 0 0 0 0 0 93824998874888 93825001005840 93825001308160 140737488340073 140737488340470 140737488340470 140737488351179 0
/proc/3551162/statm: 6727 3403 2098 555 0 1769 0
[pid=3551166] ppid=3551162 vsize=117216 memory=108600 CPUtime=582.17 cores=26-27
/proc/3551166/stat : 3551166 (clingo) R 3551162 3551162 3551120 0 -1 0 44258 0 0 0 58207 10 0 0 20 0 1 0 922878414 120029184 27150 17179869184 93824992301056 93824992468925 140737488338416 0 0 0 134217728 4 25184771 0 0 0 17 26 0 0 0 0 0 93824992533936 93824992571272 93824992575488 140737488340183 140737488340354 140737488340354 140737488351170 0
/proc/3551166/statm: 29304 27150 2088 41 0 25383 0
Current children cumulated CPU time: 582.24 s
Current children cumulated vsize: 144124 KiB
Current children cumulated memory: 122212 KiB

[startup+642.3 s]
/proc/loadavg: 14.01 14.03 12.28 15/826 3551188
/proc/meminfo: memFree=374884644/528004520 swapFree=8388604/8388604
[pid=3551162] ppid=3551161 vsize=26908 memory=13612 CPUtime=0.07 cores=26-27
/proc/3551162/stat : 3551162 (perf) S 3551161 3551162 3551120 0 -1 0 1738 237 0 0 6 1 0 0 20 0 1 0 922878407 27553792 3403 17179869184 93824994299904 93824996572973 140737488338256 0 0 0 134217728 4 74274 1 0 0 17 26 0 0 0 0 0 93824998874888 93825001005840 93825001308160 140737488340073 140737488340470 140737488340470 140737488351179 0
/proc/3551162/statm: 6727 3403 2098 555 0 1769 0
[pid=3551166] ppid=3551162 vsize=121452 memory=112980 CPUtime=642.16 cores=26-27
/proc/3551166/stat : 3551166 (clingo) R 3551162 3551162 3551120 0 -1 0 47182 0 0 0 64206 10 0 0 20 0 1 0 922878414 124366848 28245 17179869184 93824992301056 93824992468925 140737488338416 0 0 0 134217728 4 25184771 0 0 0 17 26 0 0 0 0 0 93824992533936 93824992571272 93824992575488 140737488340183 140737488340354 140737488340354 140737488351170 0
/proc/3551166/statm: 30363 28245 2088 41 0 26442 0
Current children cumulated CPU time: 642.23 s
Current children cumulated vsize: 148360 KiB
Current children cumulated memory: 126592 KiB

[startup+702.3 s]
/proc/loadavg: 14.04 14.04 12.39 15/826 3551189
/proc/meminfo: memFree=373812640/528004520 swapFree=8388604/8388604
[pid=3551162] ppid=3551161 vsize=26908 memory=13612 CPUtime=0.07 cores=26-27
/proc/3551162/stat : 3551162 (perf) S 3551161 3551162 3551120 0 -1 0 1738 237 0 0 6 1 0 0 20 0 1 0 922878407 27553792 3403 17179869184 93824994299904 93824996572973 140737488338256 0 0 0 134217728 4 74274 1 0 0 17 26 0 0 0 0 0 93824998874888 93825001005840 93825001308160 140737488340073 140737488340470 140737488340470 140737488351179 0
/proc/3551162/statm: 6727 3403 2098 555 0 1769 0
[pid=3551166] ppid=3551162 vsize=123196 memory=114804 CPUtime=702.17 cores=26-27
/proc/3551166/stat : 3551166 (clingo) R 3551162 3551162 3551120 0 -1 0 48822 0 0 0 70206 11 0 0 20 0 1 0 922878414 126152704 28701 17179869184 93824992301056 93824992468925 140737488338416 0 0 0 134217728 4 25184771 0 0 0 17 26 0 0 0 0 0 93824992533936 93824992571272 93824992575488 140737488340183 140737488340354 140737488340354 140737488351170 0
/proc/3551166/statm: 30799 28701 2088 41 0 26878 0
Current children cumulated CPU time: 702.24 s
Current children cumulated vsize: 150104 KiB
Current children cumulated memory: 128416 KiB

[startup+762.3 s]
/proc/loadavg: 14.01 14.03 12.50 15/826 3551190
/proc/meminfo: memFree=372830864/528004520 swapFree=8388604/8388604
[pid=3551162] ppid=3551161 vsize=26908 memory=13612 CPUtime=0.07 cores=26-27
/proc/3551162/stat : 3551162 (perf) S 3551161 3551162 3551120 0 -1 0 1738 237 0 0 6 1 0 0 20 0 1 0 922878407 27553792 3403 17179869184 93824994299904 93824996572973 140737488338256 0 0 0 134217728 4 74274 1 0 0 17 26 0 0 0 0 0 93824998874888 93825001005840 93825001308160 140737488340073 140737488340470 140737488340470 140737488351179 0
/proc/3551162/statm: 6727 3403 2098 555 0 1769 0
[pid=3551166] ppid=3551162 vsize=123828 memory=115460 CPUtime=762.16 cores=26-27
/proc/3551166/stat : 3551166 (clingo) R 3551162 3551162 3551120 0 -1 0 49808 0 0 0 76205 11 0 0 20 0 1 0 922878414 126799872 28865 17179869184 93824992301056 93824992468925 140737488338416 0 0 0 134217728 4 25184771 0 0 0 17 26 0 0 0 0 0 93824992533936 93824992571272 93824992575488 140737488340183 140737488340354 140737488340354 140737488351170 0
/proc/3551166/statm: 30957 28865 2088 41 0 27036 0
Current children cumulated CPU time: 762.23 s
Current children cumulated vsize: 150736 KiB
Current children cumulated memory: 129072 KiB

[startup+822.3 s]
/proc/loadavg: 14.28 14.11 12.62 15/826 3551192
/proc/meminfo: memFree=372113072/528004520 swapFree=8388604/8388604
[pid=3551162] ppid=3551161 vsize=26908 memory=13612 CPUtime=0.07 cores=26-27
/proc/3551162/stat : 3551162 (perf) S 3551161 3551162 3551120 0 -1 0 1738 237 0 0 6 1 0 0 20 0 1 0 922878407 27553792 3403 17179869184 93824994299904 93824996572973 140737488338256 0 0 0 134217728 4 74274 1 0 0 17 26 0 0 0 0 0 93824998874888 93825001005840 93825001308160 140737488340073 140737488340470 140737488340470 140737488351179 0
/proc/3551162/statm: 6727 3403 2098 555 0 1769 0
[pid=3551166] ppid=3551162 vsize=126596 memory=118232 CPUtime=822.16 cores=26-27
/proc/3551166/stat : 3551166 (clingo) R 3551162 3551162 3551120 0 -1 0 50676 0 0 0 82205 11 0 0 20 0 1 0 922878414 129634304 29558 17179869184 93824992301056 93824992468925 140737488338416 0 0 0 134217728 4 25184771 0 0 0 17 26 0 0 0 0 0 93824992533936 93824992571272 93824992575488 140737488340183 140737488340354 140737488340354 140737488351170 0
/proc/3551166/statm: 31649 29558 2088 41 0 27728 0
Current children cumulated CPU time: 822.23 s
Current children cumulated vsize: 153504 KiB
Current children cumulated memory: 131844 KiB

[startup+882.3 s]
/proc/loadavg: 16.20 14.57 12.87 15/826 3551194
/proc/meminfo: memFree=371730032/528004520 swapFree=8388604/8388604
[pid=3551162] ppid=3551161 vsize=26908 memory=13612 CPUtime=0.07 cores=26-27
/proc/3551162/stat : 3551162 (perf) S 3551161 3551162 3551120 0 -1 0 1738 237 0 0 6 1 0 0 20 0 1 0 922878407 27553792 3403 17179869184 93824994299904 93824996572973 140737488338256 0 0 0 134217728 4 74274 1 0 0 17 26 0 0 0 0 0 93824998874888 93825001005840 93825001308160 140737488340073 140737488340470 140737488340470 140737488351179 0
/proc/3551162/statm: 6727 3403 2098 555 0 1769 0
[pid=3551166] ppid=3551162 vsize=132224 memory=123864 CPUtime=882.16 cores=26-27
/proc/3551166/stat : 3551166 (clingo) R 3551162 3551162 3551120 0 -1 0 53507 0 0 0 88204 12 0 0 20 0 1 0 922878414 135397376 30966 17179869184 93824992301056 93824992468925 140737488338416 0 0 0 134217728 4 25184771 0 0 0 17 26 0 0 0 0 0 93824992533936 93824992571272 93824992575488 140737488340183 140737488340354 140737488340354 140737488351170 0
/proc/3551166/statm: 33056 30966 2088 41 0 29135 0
Current children cumulated CPU time: 882.23 s
Current children cumulated vsize: 159132 KiB
Current children cumulated memory: 137476 KiB

[startup+942.3 s]
/proc/loadavg: 15.33 14.67 13.02 15/826 3551195
/proc/meminfo: memFree=371530704/528004520 swapFree=8388604/8388604
[pid=3551162] ppid=3551161 vsize=26908 memory=13612 CPUtime=0.07 cores=26-27
/proc/3551162/stat : 3551162 (perf) S 3551161 3551162 3551120 0 -1 0 1738 237 0 0 6 1 0 0 20 0 1 0 922878407 27553792 3403 17179869184 93824994299904 93824996572973 140737488338256 0 0 0 134217728 4 74274 1 0 0 17 26 0 0 0 0 0 93824998874888 93825001005840 93825001308160 140737488340073 140737488340470 140737488340470 140737488351179 0
/proc/3551162/statm: 6727 3403 2098 555 0 1769 0
[pid=3551166] ppid=3551162 vsize=136052 memory=127464 CPUtime=942.16 cores=26-27
/proc/3551166/stat : 3551166 (clingo) R 3551162 3551162 3551120 0 -1 0 54959 0 0 0 94204 12 0 0 20 0 1 0 922878414 139317248 31866 17179869184 93824992301056 93824992468925 140737488338416 0 0 0 134217728 4 25184771 0 0 0 17 26 0 0 0 0 0 93824992533936 93824992571272 93824992575488 140737488340183 140737488340354 140737488340354 140737488351170 0
/proc/3551166/statm: 34013 31866 2088 41 0 30092 0
Current children cumulated CPU time: 942.23 s
Current children cumulated vsize: 162960 KiB
Current children cumulated memory: 141076 KiB

[startup+1002.3 s]
/proc/loadavg: 14.63 14.60 13.10 15/826 3551197
/proc/meminfo: memFree=371429656/528004520 swapFree=8388604/8388604
[pid=3551162] ppid=3551161 vsize=26908 memory=13612 CPUtime=0.07 cores=26-27
/proc/3551162/stat : 3551162 (perf) S 3551161 3551162 3551120 0 -1 0 1738 237 0 0 6 1 0 0 20 0 1 0 922878407 27553792 3403 17179869184 93824994299904 93824996572973 140737488338256 0 0 0 134217728 4 74274 1 0 0 17 26 0 0 0 0 0 93824998874888 93825001005840 93825001308160 140737488340073 140737488340470 140737488340470 140737488351179 0
/proc/3551162/statm: 6727 3403 2098 555 0 1769 0
[pid=3551166] ppid=3551162 vsize=135664 memory=127352 CPUtime=1002.16 cores=26-27
/proc/3551166/stat : 3551166 (clingo) R 3551162 3551162 3551120 0 -1 0 56227 0 0 0 100204 12 0 0 20 0 1 0 922878414 138919936 31838 17179869184 93824992301056 93824992468925 140737488338416 0 0 0 134217728 4 25184771 0 0 0 17 26 0 0 0 0 0 93824992533936 93824992571272 93824992575488 140737488340183 140737488340354 140737488340354 140737488351170 0
/proc/3551166/statm: 33916 31838 2088 41 0 29995 0
Current children cumulated CPU time: 1002.23 s
Current children cumulated vsize: 162572 KiB
Current children cumulated memory: 140964 KiB

[startup+1062.3 s]
/proc/loadavg: 14.31 14.52 13.17 15/826 3551199
/proc/meminfo: memFree=371294104/528004520 swapFree=8388604/8388604
[pid=3551162] ppid=3551161 vsize=26908 memory=13612 CPUtime=0.07 cores=26-27
/proc/3551162/stat : 3551162 (perf) S 3551161 3551162 3551120 0 -1 0 1738 237 0 0 6 1 0 0 20 0 1 0 922878407 27553792 3403 17179869184 93824994299904 93824996572973 140737488338256 0 0 0 134217728 4 74274 1 0 0 17 26 0 0 0 0 0 93824998874888 93825001005840 93825001308160 140737488340073 140737488340470 140737488340470 140737488351179 0
/proc/3551162/statm: 6727 3403 2098 555 0 1769 0
[pid=3551166] ppid=3551162 vsize=137176 memory=128864 CPUtime=1062.17 cores=26-27
/proc/3551166/stat : 3551166 (clingo) R 3551162 3551162 3551120 0 -1 0 58340 0 0 0 106204 13 0 0 20 0 1 0 922878414 140468224 32216 17179869184 93824992301056 93824992468925 140737488338416 0 0 0 134217728 4 25184771 0 0 0 17 26 0 0 0 0 0 93824992533936 93824992571272 93824992575488 140737488340183 140737488340354 140737488340354 140737488351170 0
/proc/3551166/statm: 34294 32216 2088 41 0 30373 0
Current children cumulated CPU time: 1062.24 s
Current children cumulated vsize: 164084 KiB
Current children cumulated memory: 142476 KiB

[startup+1122.3 s]
/proc/loadavg: 14.19 14.44 13.23 15/826 3551201
/proc/meminfo: memFree=371099076/528004520 swapFree=8388604/8388604
[pid=3551162] ppid=3551161 vsize=26908 memory=13612 CPUtime=0.07 cores=26-27
/proc/3551162/stat : 3551162 (perf) S 3551161 3551162 3551120 0 -1 0 1738 237 0 0 6 1 0 0 20 0 1 0 922878407 27553792 3403 17179869184 93824994299904 93824996572973 140737488338256 0 0 0 134217728 4 74274 1 0 0 17 26 0 0 0 0 0 93824998874888 93825001005840 93825001308160 140737488340073 140737488340470 140737488340470 140737488351179 0
/proc/3551162/statm: 6727 3403 2098 555 0 1769 0
[pid=3551166] ppid=3551162 vsize=139040 memory=130716 CPUtime=1122.17 cores=26-27
/proc/3551166/stat : 3551166 (clingo) R 3551162 3551162 3551120 0 -1 0 60137 0 0 0 112204 13 0 0 20 0 1 0 922878414 142376960 32679 17179869184 93824992301056 93824992468925 140737488338416 0 0 0 134217728 4 25184771 0 0 0 17 26 0 0 0 0 0 93824992533936 93824992571272 93824992575488 140737488340183 140737488340354 140737488340354 140737488351170 0
/proc/3551166/statm: 34760 32679 2088 41 0 30839 0
Current children cumulated CPU time: 1122.24 s
Current children cumulated vsize: 165948 KiB
Current children cumulated memory: 144328 KiB

[startup+1182.3 s]
/proc/loadavg: 14.26 14.43 13.31 15/826 3551204
/proc/meminfo: memFree=370816104/528004520 swapFree=8388604/8388604
[pid=3551162] ppid=3551161 vsize=26908 memory=13612 CPUtime=0.07 cores=26-27
/proc/3551162/stat : 3551162 (perf) S 3551161 3551162 3551120 0 -1 0 1738 237 0 0 6 1 0 0 20 0 1 0 922878407 27553792 3403 17179869184 93824994299904 93824996572973 140737488338256 0 0 0 134217728 4 74274 1 0 0 17 26 0 0 0 0 0 93824998874888 93825001005840 93825001308160 140737488340073 140737488340470 140737488340470 140737488351179 0
/proc/3551162/statm: 6727 3403 2098 555 0 1769 0
[pid=3551166] ppid=3551162 vsize=142612 memory=133856 CPUtime=1182.16 cores=26-27
/proc/3551166/stat : 3551166 (clingo) R 3551162 3551162 3551120 0 -1 0 61188 0 0 0 118203 13 0 0 20 0 1 0 922878414 146034688 33464 17179869184 93824992301056 93824992468925 140737488338416 0 0 0 134217728 4 25184771 0 0 0 17 26 0 0 0 0 0 93824992533936 93824992571272 93824992575488 140737488340183 140737488340354 140737488340354 140737488351170 0
/proc/3551166/statm: 35653 33464 2088 41 0 31732 0
Current children cumulated CPU time: 1182.23 s
Current children cumulated vsize: 169520 KiB
Current children cumulated memory: 147468 KiB



Maximum wall clock time exceeded: sending SIGTERM then SIGKILL

[startup+1205 s]*
/proc/loadavg: 14.43 14.45 13.34 14/838 3552738
/proc/meminfo: memFree=386148272/528004520 swapFree=8388604/8388604
[pid=3551162] ppid=3551161 vsize=26908 memory=13612 CPUtime=0.07 cores=26-27
/proc/3551162/stat : 3551162 (perf) S 3551161 3551162 3551120 0 -1 0 1738 237 0 0 6 1 0 0 20 0 1 0 922878407 27553792 3403 17179869184 93824994299904 93824996572973 140737488338256 0 0 0 134217728 4 74274 1 0 0 17 26 0 0 0 0 0 93824998874888 93825001005840 93825001308160 140737488340073 140737488340470 140737488340470 140737488351179 0
/proc/3551162/statm: 6727 3403 2098 555 0 1769 0
[pid=3551166] ppid=3551162 vsize=142612 memory=133856 CPUtime=1204.88 cores=26-27
/proc/3551166/stat : 3551166 (clingo) R 3551162 3551162 3551120 0 -1 0 61193 0 0 0 120475 13 0 0 20 0 1 0 922878414 146034688 33464 17179869184 93824992301056 93824992468925 140737488338416 0 0 0 134217728 4 25184771 0 0 0 17 26 0 0 0 0 0 93824992533936 93824992571272 93824992575488 140737488340183 140737488340354 140737488340354 140737488351170 0
/proc/3551166/statm: 35653 33464 2088 41 0 31732 0
Current children cumulated CPU time: 1204.95 s
Current children cumulated vsize: 169520 KiB
Current children cumulated memory: 147468 KiB

Sending SIGINT to process tree (bottom up)
Sleeping 5 seconds

[startup+1205.03 s]
# the end of solver process 3551162 was just reported to runsolver
# cumulated CPU time of all completed processes:  user=1204.82 s, system=0.155407 s

Solver just ended.
??? end of watcher thread
Dumping a history of the last processes samples

Child status: 1
Real time (s): 1205.03
CPU time (s): 1204.98
CPU user time (s): 1204.82
CPU system time (s): 0.155407
CPU usage (%): 99.9961
Max. virtual memory (cumulated for all children) (KiB): 169992
Max. memory (cumulated for all children) (KiB): 147772

getrusage(RUSAGE_CHILDREN,...) data:
user time used= 1204.82
system time used= 0.155407
maximum resident set size= 134160
integral shared memory size= 0
integral unshared data size= 0
integral unshared stack size= 0
page reclaims= 63208
page faults= 0
swaps= 0
block input operations= 0
block output operations= 0
messages sent= 0
messages received= 0
signals received= 0
voluntary context switches= 18
involuntary context switches= 696


# summary of solver processes directly reported to runsolver:
#   pid: 3551162
#   total CPU time (s): 1204.98
#   total CPU user time (s): 1204.82
#   total CPU system time (s): 0.155407

??? end of timestamper thread
runsolver used 8.7815 second user time and 14.9446 second system time

The end
