runsolver version 3.4.0 (svn: 3018) Copyright (C) 2010-2013 Olivier ROUSSEL

This program is distributed in the hope that it will be useful,
but WITHOUT ANY WARRANTY; without even the implied warranty of
MERCHANTABILITY or FITNESS FOR A PARTICULAR PURPOSE.  See the
GNU General Public License for more details.

NUMA information:
  number of nodes: 2
  memory of node 0: 257635 MiB (181396 MiB free)
  memory of node 1: 257994 MiB (175315 MiB free)
  node distances:
     10  20
     20  10

command line: /dev/shm/37866df0-2e81-11f1-ac62-000c298f4621/input/runsolver -w /dev/shm/37866df0-2e81-11f1-ac62-000c298f4621/output/runsolver.log -v /dev/shm/37866df0-2e81-11f1-ac62-000c298f4621/output/varfile.log -W 1205 --rss-swap-limit 16384 -d 5 --sigint /usr/bin/perf stat -B -e task-clock,cache-references,cache-misses,cycles,instructions,branches,faults,migrations,context-switches -o /dev/shm/37866df0-2e81-11f1-ac62-000c298f4621/output/perf.log clingo /home/guests/mmacri/AMOSUM/benchmarks/GraphColouring/encoding-plain-amo.asp /dev/shm/37866df0-2e81-11f1-ac62-000c298f4621/input/0049-graph_colouring-145-0_4176.asp 

running on 2 cores: 22-23

Enforcing wall clock limit (soft limit, will send SIGTERM then SIGKILL): 1205 seconds
Enforcing RSS+Swap limit (soft limit, will send SIGTERM then SIGKILL): 16777216 KiB
Linux 5.15.0-131-generic
Current StackSize limit: 8192 KiB

solver pid=1306535, runsolver pid=1306531

[startup+0.100067 s]*
/proc/loadavg: 14.48 14.27 14.01 15/785 1306562
/proc/meminfo: memFree=365261672/528004516 swapFree=8388604/8388604
[pid=1306535] ppid=1306531 vsize=26908 memory=13612 CPUtime=0.07 cores=22-23
/proc/1306535/stat : 1306535 (perf) S 1306531 1306535 1306213 0 -1 0 1738 237 0 0 6 1 0 0 20 0 1 0 923128660 27553792 3403 17179869184 93824994299904 93824996572973 140737488338256 0 0 0 134217728 4 74274 1 0 0 17 22 0 0 0 0 0 93824998874888 93825001005840 93825001308160 140737488340073 140737488340470 140737488340470 140737488351179 0
/proc/1306535/statm: 6727 3403 2098 555 0 1769 0
[pid=1306561] ppid=1306535 vsize=18752 memory=10424 CPUtime=0.02 cores=22-23
/proc/1306561/stat : 1306561 (clingo) R 1306535 1306535 1306213 0 -1 0 842 0 0 0 2 0 0 0 20 0 1 0 923128668 19202048 2606 17179869184 93824992301056 93824992468925 140737488338416 0 0 0 134217728 4 25184771 0 0 0 17 23 0 0 0 0 0 93824992533936 93824992571272 93824992575488 140737488340183 140737488340354 140737488340354 140737488351170 0
/proc/1306561/statm: 4688 2606 2045 41 0 767 0
Current children cumulated CPU time: 0.09 s
Current children cumulated vsize: 45660 KiB
Current children cumulated memory: 24036 KiB

[startup+0.216568 s]*
/proc/loadavg: 14.48 14.27 14.01 16/805 1306689
/proc/meminfo: memFree=365140244/528004516 swapFree=8388604/8388604
[pid=1306535] ppid=1306531 vsize=26908 memory=13612 CPUtime=0.07 cores=22-23
/proc/1306535/stat : 1306535 (perf) S 1306531 1306535 1306213 0 -1 0 1738 237 0 0 6 1 0 0 20 0 1 0 923128660 27553792 3403 17179869184 93824994299904 93824996572973 140737488338256 0 0 0 134217728 4 74274 1 0 0 17 22 0 0 0 0 0 93824998874888 93825001005840 93825001308160 140737488340073 140737488340470 140737488340470 140737488351179 0
/proc/1306535/statm: 6727 3403 2098 555 0 1769 0
[pid=1306561] ppid=1306535 vsize=25352 memory=17260 CPUtime=0.13 cores=22-23
/proc/1306561/stat : 1306561 (clingo) R 1306535 1306535 1306213 0 -1 0 2567 0 0 0 13 0 0 0 20 0 1 0 923128668 25960448 4315 17179869184 93824992301056 93824992468925 140737488338416 0 0 0 134217728 4 25184771 0 0 0 17 23 0 0 0 0 0 93824992533936 93824992571272 93824992575488 140737488340183 140737488340354 140737488340354 140737488351170 0
/proc/1306561/statm: 6338 4315 2091 41 0 2417 0
Current children cumulated CPU time: 0.2 s
Current children cumulated vsize: 52260 KiB
Current children cumulated memory: 30872 KiB

[startup+0.332931 s]*
/proc/loadavg: 14.44 14.27 14.01 20/820 1306717
/proc/meminfo: memFree=365249256/528004516 swapFree=8388604/8388604
[pid=1306535] ppid=1306531 vsize=26908 memory=13612 CPUtime=0.07 cores=22-23
/proc/1306535/stat : 1306535 (perf) S 1306531 1306535 1306213 0 -1 0 1738 237 0 0 6 1 0 0 20 0 1 0 923128660 27553792 3403 17179869184 93824994299904 93824996572973 140737488338256 0 0 0 134217728 4 74274 1 0 0 17 22 0 0 0 0 0 93824998874888 93825001005840 93825001308160 140737488340073 140737488340470 140737488340470 140737488351179 0
/proc/1306535/statm: 6727 3403 2098 555 0 1769 0
[pid=1306561] ppid=1306535 vsize=27468 memory=19372 CPUtime=0.23 cores=22-23
/proc/1306561/stat : 1306561 (clingo) R 1306535 1306535 1306213 0 -1 0 3074 0 0 0 23 0 0 0 20 0 1 0 923128668 28127232 4843 17179869184 93824992301056 93824992468925 140737488338416 0 0 0 134217728 4 25184771 0 0 0 17 23 0 0 0 0 0 93824992533936 93824992571272 93824992575488 140737488340183 140737488340354 140737488340354 140737488351170 0
/proc/1306561/statm: 6867 4843 2091 41 0 2946 0
Current children cumulated CPU time: 0.3 s
Current children cumulated vsize: 54376 KiB
Current children cumulated memory: 32984 KiB

[startup+0.70033 s]
/proc/loadavg: 14.44 14.27 14.01 16/821 1306749
/proc/meminfo: memFree=365227664/528004516 swapFree=8388604/8388604
[pid=1306535] ppid=1306531 vsize=26908 memory=13612 CPUtime=0.07 cores=22-23
/proc/1306535/stat : 1306535 (perf) S 1306531 1306535 1306213 0 -1 0 1738 237 0 0 6 1 0 0 20 0 1 0 923128660 27553792 3403 17179869184 93824994299904 93824996572973 140737488338256 0 0 0 134217728 4 74274 1 0 0 17 22 0 0 0 0 0 93824998874888 93825001005840 93825001308160 140737488340073 140737488340470 140737488340470 140737488351179 0
/proc/1306535/statm: 6727 3403 2098 555 0 1769 0
[pid=1306561] ppid=1306535 vsize=29712 memory=21748 CPUtime=0.54 cores=22-23
/proc/1306561/stat : 1306561 (clingo) R 1306535 1306535 1306213 0 -1 0 3661 0 0 0 54 0 0 0 20 0 1 0 923128668 30425088 5437 17179869184 93824992301056 93824992468925 140737488338416 0 0 0 134217728 4 25184771 0 0 0 17 22 0 0 0 0 0 93824992533936 93824992571272 93824992575488 140737488340183 140737488340354 140737488340354 140737488351170 0
/proc/1306561/statm: 7428 5437 2091 41 0 3507 0
Current children cumulated CPU time: 0.61 s
Current children cumulated vsize: 56620 KiB
Current children cumulated memory: 35360 KiB

[startup+1.50026 s]
/proc/loadavg: 14.44 14.27 14.01 17/821 1306749
/proc/meminfo: memFree=365205012/528004516 swapFree=8388604/8388604
[pid=1306535] ppid=1306531 vsize=26908 memory=13612 CPUtime=0.07 cores=22-23
/proc/1306535/stat : 1306535 (perf) S 1306531 1306535 1306213 0 -1 0 1738 237 0 0 6 1 0 0 20 0 1 0 923128660 27553792 3403 17179869184 93824994299904 93824996572973 140737488338256 0 0 0 134217728 4 74274 1 0 0 17 22 0 0 0 0 0 93824998874888 93825001005840 93825001308160 140737488340073 140737488340470 140737488340470 140737488351179 0
/proc/1306535/statm: 6727 3403 2098 555 0 1769 0
[pid=1306561] ppid=1306535 vsize=33852 memory=25708 CPUtime=1.34 cores=22-23
/proc/1306561/stat : 1306561 (clingo) R 1306535 1306535 1306213 0 -1 0 4667 0 0 0 134 0 0 0 20 0 1 0 923128668 34664448 6427 17179869184 93824992301056 93824992468925 140737488338416 0 0 0 134217728 4 25184771 0 0 0 17 22 0 0 0 0 0 93824992533936 93824992571272 93824992575488 140737488340183 140737488340354 140737488340354 140737488351170 0
/proc/1306561/statm: 8463 6427 2091 41 0 4542 0
Current children cumulated CPU time: 1.41 s
Current children cumulated vsize: 60760 KiB
Current children cumulated memory: 39320 KiB

[startup+3.11787 s]
/proc/loadavg: 14.44 14.27 14.01 16/811 1307109
/proc/meminfo: memFree=365506820/528004516 swapFree=8388604/8388604
[pid=1306535] ppid=1306531 vsize=26908 memory=13612 CPUtime=0.07 cores=22-23
/proc/1306535/stat : 1306535 (perf) S 1306531 1306535 1306213 0 -1 0 1738 237 0 0 6 1 0 0 20 0 1 0 923128660 27553792 3403 17179869184 93824994299904 93824996572973 140737488338256 0 0 0 134217728 4 74274 1 0 0 17 22 0 0 0 0 0 93824998874888 93825001005840 93825001308160 140737488340073 140737488340470 140737488340470 140737488351179 0
/proc/1306535/statm: 6727 3403 2098 555 0 1769 0
[pid=1306561] ppid=1306535 vsize=34908 memory=26764 CPUtime=2.95 cores=22-23
/proc/1306561/stat : 1306561 (clingo) R 1306535 1306535 1306213 0 -1 0 4948 0 0 0 295 0 0 0 20 0 1 0 923128668 35745792 6691 17179869184 93824992301056 93824992468925 140737488338416 0 0 0 134217728 4 25184771 0 0 0 17 22 0 0 0 0 0 93824992533936 93824992571272 93824992575488 140737488340183 140737488340354 140737488340354 140737488351170 0
/proc/1306561/statm: 8727 6691 2091 41 0 4806 0
Current children cumulated CPU time: 3.02 s
Current children cumulated vsize: 61816 KiB
Current children cumulated memory: 40376 KiB

[startup+6.30028 s]
/proc/loadavg: 14.41 14.26 14.01 15/813 1307652
/proc/meminfo: memFree=365397544/528004516 swapFree=8388604/8388604
[pid=1306535] ppid=1306531 vsize=26908 memory=13612 CPUtime=0.07 cores=22-23
/proc/1306535/stat : 1306535 (perf) S 1306531 1306535 1306213 0 -1 0 1738 237 0 0 6 1 0 0 20 0 1 0 923128660 27553792 3403 17179869184 93824994299904 93824996572973 140737488338256 0 0 0 134217728 4 74274 1 0 0 17 22 0 0 0 0 0 93824998874888 93825001005840 93825001308160 140737488340073 140737488340470 140737488340470 140737488351179 0
/proc/1306535/statm: 6727 3403 2098 555 0 1769 0
[pid=1306561] ppid=1306535 vsize=40344 memory=32044 CPUtime=6.14 cores=22-23
/proc/1306561/stat : 1306561 (clingo) R 1306535 1306535 1306213 0 -1 0 6271 0 0 0 614 0 0 0 20 0 1 0 923128668 41312256 8011 17179869184 93824992301056 93824992468925 140737488338416 0 0 0 134217728 4 25184771 0 0 0 17 22 0 0 0 0 0 93824992533936 93824992571272 93824992575488 140737488340183 140737488340354 140737488340354 140737488351170 0
/proc/1306561/statm: 10086 8011 2091 41 0 6165 0
Current children cumulated CPU time: 6.21 s
Current children cumulated vsize: 67252 KiB
Current children cumulated memory: 45656 KiB

[startup+12.7003 s]
/proc/loadavg: 14.37 14.26 14.01 16/861 1308062
/proc/meminfo: memFree=365087736/528004516 swapFree=8388604/8388604
[pid=1306535] ppid=1306531 vsize=26908 memory=13612 CPUtime=0.07 cores=22-23
/proc/1306535/stat : 1306535 (perf) S 1306531 1306535 1306213 0 -1 0 1738 237 0 0 6 1 0 0 20 0 1 0 923128660 27553792 3403 17179869184 93824994299904 93824996572973 140737488338256 0 0 0 134217728 4 74274 1 0 0 17 22 0 0 0 0 0 93824998874888 93825001005840 93825001308160 140737488340073 140737488340470 140737488340470 140737488351179 0
/proc/1306535/statm: 6727 3403 2098 555 0 1769 0
[pid=1306561] ppid=1306535 vsize=46228 memory=37852 CPUtime=12.54 cores=22-23
/proc/1306561/stat : 1306561 (clingo) R 1306535 1306535 1306213 0 -1 0 7738 0 0 0 1254 0 0 0 20 0 1 0 923128668 47337472 9463 17179869184 93824992301056 93824992468925 140737488338416 0 0 0 134217728 4 25184771 0 0 0 17 22 0 0 0 0 0 93824992533936 93824992571272 93824992575488 140737488340183 140737488340354 140737488340354 140737488351170 0
/proc/1306561/statm: 11557 9463 2091 41 0 7636 0
Current children cumulated CPU time: 12.61 s
Current children cumulated vsize: 73136 KiB
Current children cumulated memory: 51464 KiB

[startup+25.5004 s]
/proc/loadavg: 14.32 14.25 14.00 16/861 1308063
/proc/meminfo: memFree=364870816/528004516 swapFree=8388604/8388604
[pid=1306535] ppid=1306531 vsize=26908 memory=13612 CPUtime=0.07 cores=22-23
/proc/1306535/stat : 1306535 (perf) S 1306531 1306535 1306213 0 -1 0 1738 237 0 0 6 1 0 0 20 0 1 0 923128660 27553792 3403 17179869184 93824994299904 93824996572973 140737488338256 0 0 0 134217728 4 74274 1 0 0 17 22 0 0 0 0 0 93824998874888 93825001005840 93825001308160 140737488340073 140737488340470 140737488340470 140737488351179 0
/proc/1306535/statm: 6727 3403 2098 555 0 1769 0
[pid=1306561] ppid=1306535 vsize=52048 memory=43964 CPUtime=25.34 cores=22-23
/proc/1306561/stat : 1306561 (clingo) R 1306535 1306535 1306213 0 -1 0 10275 0 0 0 2533 1 0 0 20 0 1 0 923128668 53297152 10991 17179869184 93824992301056 93824992468925 140737488338416 0 0 0 134217728 4 25184771 0 0 0 17 22 0 0 0 0 0 93824992533936 93824992571272 93824992575488 140737488340183 140737488340354 140737488340354 140737488351170 0
/proc/1306561/statm: 13012 10991 2091 41 0 9091 0
Current children cumulated CPU time: 25.41 s
Current children cumulated vsize: 78956 KiB
Current children cumulated memory: 57576 KiB

[startup+51.12 s]
/proc/loadavg: 14.25 14.24 14.01 16/865 1308172
/proc/meminfo: memFree=364513632/528004516 swapFree=8388604/8388604
[pid=1306535] ppid=1306531 vsize=26908 memory=13612 CPUtime=0.07 cores=22-23
/proc/1306535/stat : 1306535 (perf) S 1306531 1306535 1306213 0 -1 0 1738 237 0 0 6 1 0 0 20 0 1 0 923128660 27553792 3403 17179869184 93824994299904 93824996572973 140737488338256 0 0 0 134217728 4 74274 1 0 0 17 22 0 0 0 0 0 93824998874888 93825001005840 93825001308160 140737488340073 140737488340470 140737488340470 140737488351179 0
/proc/1306535/statm: 6727 3403 2098 555 0 1769 0
[pid=1306561] ppid=1306535 vsize=62428 memory=54124 CPUtime=50.96 cores=22-23
/proc/1306561/stat : 1306561 (clingo) R 1306535 1306535 1306213 0 -1 0 13421 0 0 0 5095 1 0 0 20 0 1 0 923128668 63926272 13531 17179869184 93824992301056 93824992468925 140737488338416 0 0 0 134217728 4 25184771 0 0 0 17 22 0 0 0 0 0 93824992533936 93824992571272 93824992575488 140737488340183 140737488340354 140737488340354 140737488351170 0
/proc/1306561/statm: 15607 13531 2091 41 0 11686 0
Current children cumulated CPU time: 51.03 s
Current children cumulated vsize: 89336 KiB
Current children cumulated memory: 67736 KiB

[startup+102.3 s]
/proc/loadavg: 14.16 14.22 14.01 16/866 1308176
/proc/meminfo: memFree=364145152/528004516 swapFree=8388604/8388604
[pid=1306535] ppid=1306531 vsize=26908 memory=13612 CPUtime=0.07 cores=22-23
/proc/1306535/stat : 1306535 (perf) S 1306531 1306535 1306213 0 -1 0 1738 237 0 0 6 1 0 0 20 0 1 0 923128660 27553792 3403 17179869184 93824994299904 93824996572973 140737488338256 0 0 0 134217728 4 74274 1 0 0 17 22 0 0 0 0 0 93824998874888 93825001005840 93825001308160 140737488340073 140737488340470 140737488340470 140737488351179 0
/proc/1306535/statm: 6727 3403 2098 555 0 1769 0
[pid=1306561] ppid=1306535 vsize=73588 memory=65464 CPUtime=102.14 cores=22-23
/proc/1306561/stat : 1306561 (clingo) R 1306535 1306535 1306213 0 -1 0 17635 0 0 0 10212 2 0 0 20 0 1 0 923128668 75354112 16366 17179869184 93824992301056 93824992468925 140737488338416 0 0 0 134217728 4 25184771 0 0 0 17 22 0 0 0 0 0 93824992533936 93824992571272 93824992575488 140737488340183 140737488340354 140737488340354 140737488351170 0
/proc/1306561/statm: 18397 16366 2091 41 0 14476 0
Current children cumulated CPU time: 102.21 s
Current children cumulated vsize: 100496 KiB
Current children cumulated memory: 79076 KiB

[startup+162.3 s]
/proc/loadavg: 14.55 14.34 14.07 16/866 1308179
/proc/meminfo: memFree=363766560/528004516 swapFree=8388604/8388604
[pid=1306535] ppid=1306531 vsize=26908 memory=13612 CPUtime=0.07 cores=22-23
/proc/1306535/stat : 1306535 (perf) S 1306531 1306535 1306213 0 -1 0 1738 237 0 0 6 1 0 0 20 0 1 0 923128660 27553792 3403 17179869184 93824994299904 93824996572973 140737488338256 0 0 0 134217728 4 74274 1 0 0 17 22 0 0 0 0 0 93824998874888 93825001005840 93825001308160 140737488340073 140737488340470 140737488340470 140737488351179 0
/proc/1306535/statm: 6727 3403 2098 555 0 1769 0
[pid=1306561] ppid=1306535 vsize=83580 memory=75092 CPUtime=162.14 cores=22-23
/proc/1306561/stat : 1306561 (clingo) R 1306535 1306535 1306213 0 -1 0 21337 0 0 0 16211 3 0 0 20 0 1 0 923128668 85585920 18773 17179869184 93824992301056 93824992468925 140737488338416 0 0 0 134217728 4 25184771 0 0 0 17 22 0 0 0 0 0 93824992533936 93824992571272 93824992575488 140737488340183 140737488340354 140737488340354 140737488351170 0
/proc/1306561/statm: 20895 18773 2091 41 0 16974 0
Current children cumulated CPU time: 162.21 s
Current children cumulated vsize: 110488 KiB
Current children cumulated memory: 88704 KiB

[startup+222.3 s]
/proc/loadavg: 14.26 14.29 14.07 16/866 1308183
/proc/meminfo: memFree=363615140/528004516 swapFree=8388604/8388604
[pid=1306535] ppid=1306531 vsize=26908 memory=13612 CPUtime=0.07 cores=22-23
/proc/1306535/stat : 1306535 (perf) S 1306531 1306535 1306213 0 -1 0 1738 237 0 0 6 1 0 0 20 0 1 0 923128660 27553792 3403 17179869184 93824994299904 93824996572973 140737488338256 0 0 0 134217728 4 74274 1 0 0 17 22 0 0 0 0 0 93824998874888 93825001005840 93825001308160 140737488340073 140737488340470 140737488340470 140737488351179 0
/proc/1306535/statm: 6727 3403 2098 555 0 1769 0
[pid=1306561] ppid=1306535 vsize=90736 memory=82180 CPUtime=222.14 cores=22-23
/proc/1306561/stat : 1306561 (clingo) R 1306535 1306535 1306213 0 -1 0 24420 0 0 0 22210 4 0 0 20 0 1 0 923128668 92913664 20545 17179869184 93824992301056 93824992468925 140737488338416 0 0 0 134217728 4 25184771 0 0 0 17 22 0 0 0 0 0 93824992533936 93824992571272 93824992575488 140737488340183 140737488340354 140737488340354 140737488351170 0
/proc/1306561/statm: 22684 20545 2091 41 0 18763 0
Current children cumulated CPU time: 222.21 s
Current children cumulated vsize: 117644 KiB
Current children cumulated memory: 95792 KiB

[startup+282.3 s]
/proc/loadavg: 14.17 14.25 14.07 16/866 1308184
/proc/meminfo: memFree=363399688/528004516 swapFree=8388604/8388604
[pid=1306535] ppid=1306531 vsize=26908 memory=13612 CPUtime=0.07 cores=22-23
/proc/1306535/stat : 1306535 (perf) S 1306531 1306535 1306213 0 -1 0 1738 237 0 0 6 1 0 0 20 0 1 0 923128660 27553792 3403 17179869184 93824994299904 93824996572973 140737488338256 0 0 0 134217728 4 74274 1 0 0 17 22 0 0 0 0 0 93824998874888 93825001005840 93825001308160 140737488340073 140737488340470 140737488340470 140737488351179 0
/proc/1306535/statm: 6727 3403 2098 555 0 1769 0
[pid=1306561] ppid=1306535 vsize=99160 memory=90764 CPUtime=282.14 cores=22-23
/proc/1306561/stat : 1306561 (clingo) R 1306535 1306535 1306213 0 -1 0 27502 0 0 0 28209 5 0 0 20 0 1 0 923128668 101539840 22691 17179869184 93824992301056 93824992468925 140737488338416 0 0 0 134217728 4 25184771 0 0 0 17 22 0 0 0 0 0 93824992533936 93824992571272 93824992575488 140737488340183 140737488340354 140737488340354 140737488351170 0
/proc/1306561/statm: 24790 22691 2091 41 0 20869 0
Current children cumulated CPU time: 282.21 s
Current children cumulated vsize: 126068 KiB
Current children cumulated memory: 104376 KiB

[startup+342.3 s]
/proc/loadavg: 14.12 14.22 14.07 16/842 1308189
/proc/meminfo: memFree=363296692/528004516 swapFree=8388604/8388604
[pid=1306535] ppid=1306531 vsize=26908 memory=13612 CPUtime=0.07 cores=22-23
/proc/1306535/stat : 1306535 (perf) S 1306531 1306535 1306213 0 -1 0 1738 237 0 0 6 1 0 0 20 0 1 0 923128660 27553792 3403 17179869184 93824994299904 93824996572973 140737488338256 0 0 0 134217728 4 74274 1 0 0 17 22 0 0 0 0 0 93824998874888 93825001005840 93825001308160 140737488340073 140737488340470 140737488340470 140737488351179 0
/proc/1306535/statm: 6727 3403 2098 555 0 1769 0
[pid=1306561] ppid=1306535 vsize=104048 memory=95484 CPUtime=342.14 cores=22-23
/proc/1306561/stat : 1306561 (clingo) R 1306535 1306535 1306213 0 -1 0 29140 0 0 0 34209 5 0 0 20 0 1 0 923128668 106545152 23871 17179869184 93824992301056 93824992468925 140737488338416 0 0 0 134217728 4 25184771 0 0 0 17 22 0 0 0 0 0 93824992533936 93824992571272 93824992575488 140737488340183 140737488340354 140737488340354 140737488351170 0
/proc/1306561/statm: 26012 23871 2091 41 0 22091 0
Current children cumulated CPU time: 342.21 s
Current children cumulated vsize: 130956 KiB
Current children cumulated memory: 109096 KiB

[startup+402.3 s]
/proc/loadavg: 14.04 14.18 14.06 16/834 1308193
/proc/meminfo: memFree=363173984/528004516 swapFree=8388604/8388604
[pid=1306535] ppid=1306531 vsize=26908 memory=13612 CPUtime=0.07 cores=22-23
/proc/1306535/stat : 1306535 (perf) S 1306531 1306535 1306213 0 -1 0 1738 237 0 0 6 1 0 0 20 0 1 0 923128660 27553792 3403 17179869184 93824994299904 93824996572973 140737488338256 0 0 0 134217728 4 74274 1 0 0 17 22 0 0 0 0 0 93824998874888 93825001005840 93825001308160 140737488340073 140737488340470 140737488340470 140737488351179 0
/proc/1306535/statm: 6727 3403 2098 555 0 1769 0
[pid=1306561] ppid=1306535 vsize=110640 memory=101816 CPUtime=402.14 cores=22-23
/proc/1306561/stat : 1306561 (clingo) R 1306535 1306535 1306213 0 -1 0 32215 0 0 0 40209 5 0 0 20 0 1 0 923128668 113295360 25454 17179869184 93824992301056 93824992468925 140737488338416 0 0 0 134217728 4 25184771 0 0 0 17 22 0 0 0 0 0 93824992533936 93824992571272 93824992575488 140737488340183 140737488340354 140737488340354 140737488351170 0
/proc/1306561/statm: 27660 25454 2091 41 0 23739 0
Current children cumulated CPU time: 402.21 s
Current children cumulated vsize: 137548 KiB
Current children cumulated memory: 115428 KiB

[startup+462.3 s]
/proc/loadavg: 14.27 14.21 14.08 16/835 1308198
/proc/meminfo: memFree=363064632/528004516 swapFree=8388604/8388604
[pid=1306535] ppid=1306531 vsize=26908 memory=13612 CPUtime=0.07 cores=22-23
/proc/1306535/stat : 1306535 (perf) S 1306531 1306535 1306213 0 -1 0 1738 237 0 0 6 1 0 0 20 0 1 0 923128660 27553792 3403 17179869184 93824994299904 93824996572973 140737488338256 0 0 0 134217728 4 74274 1 0 0 17 22 0 0 0 0 0 93824998874888 93825001005840 93825001308160 140737488340073 140737488340470 140737488340470 140737488351179 0
/proc/1306535/statm: 6727 3403 2098 555 0 1769 0
[pid=1306561] ppid=1306535 vsize=113136 memory=104424 CPUtime=462.14 cores=22-23
/proc/1306561/stat : 1306561 (clingo) R 1306535 1306535 1306213 0 -1 0 34304 0 0 0 46209 5 0 0 20 0 1 0 923128668 115851264 26106 17179869184 93824992301056 93824992468925 140737488338416 0 0 0 134217728 4 25184771 0 0 0 17 22 0 0 0 0 0 93824992533936 93824992571272 93824992575488 140737488340183 140737488340354 140737488340354 140737488351170 0
/proc/1306561/statm: 28284 26106 2091 41 0 24363 0
Current children cumulated CPU time: 462.21 s
Current children cumulated vsize: 140044 KiB
Current children cumulated memory: 118036 KiB

[startup+522.3 s]
/proc/loadavg: 14.16 14.19 14.08 16/836 1308202
/proc/meminfo: memFree=362978420/528004516 swapFree=8388604/8388604
[pid=1306535] ppid=1306531 vsize=26908 memory=13612 CPUtime=0.07 cores=22-23
/proc/1306535/stat : 1306535 (perf) S 1306531 1306535 1306213 0 -1 0 1738 237 0 0 6 1 0 0 20 0 1 0 923128660 27553792 3403 17179869184 93824994299904 93824996572973 140737488338256 0 0 0 134217728 4 74274 1 0 0 17 22 0 0 0 0 0 93824998874888 93825001005840 93825001308160 140737488340073 140737488340470 140737488340470 140737488351179 0
/proc/1306535/statm: 6727 3403 2098 555 0 1769 0
[pid=1306561] ppid=1306535 vsize=119076 memory=109796 CPUtime=522.14 cores=22-23
/proc/1306561/stat : 1306561 (clingo) R 1306535 1306535 1306213 0 -1 0 36378 0 0 0 52209 5 0 0 20 0 1 0 923128668 121933824 27449 17179869184 93824992301056 93824992468925 140737488338416 0 0 0 134217728 4 25184771 0 0 0 17 22 0 0 0 0 0 93824992533936 93824992571272 93824992575488 140737488340183 140737488340354 140737488340354 140737488351170 0
/proc/1306561/statm: 29769 27449 2091 41 0 25848 0
Current children cumulated CPU time: 522.21 s
Current children cumulated vsize: 145984 KiB
Current children cumulated memory: 123408 KiB

[startup+582.3 s]
/proc/loadavg: 14.32 14.22 14.10 16/836 1308206
/proc/meminfo: memFree=362918696/528004516 swapFree=8388604/8388604
[pid=1306535] ppid=1306531 vsize=26908 memory=13612 CPUtime=0.07 cores=22-23
/proc/1306535/stat : 1306535 (perf) S 1306531 1306535 1306213 0 -1 0 1738 237 0 0 6 1 0 0 20 0 1 0 923128660 27553792 3403 17179869184 93824994299904 93824996572973 140737488338256 0 0 0 134217728 4 74274 1 0 0 17 22 0 0 0 0 0 93824998874888 93825001005840 93825001308160 140737488340073 140737488340470 140737488340470 140737488351179 0
/proc/1306535/statm: 6727 3403 2098 555 0 1769 0
[pid=1306561] ppid=1306535 vsize=123548 memory=114144 CPUtime=582.14 cores=22-23
/proc/1306561/stat : 1306561 (clingo) R 1306535 1306535 1306213 0 -1 0 37675 0 0 0 58209 5 0 0 20 0 1 0 923128668 126513152 28536 17179869184 93824992301056 93824992468925 140737488338416 0 0 0 134217728 4 25184771 0 0 0 17 22 0 0 0 0 0 93824992533936 93824992571272 93824992575488 140737488340183 140737488340354 140737488340354 140737488351170 0
/proc/1306561/statm: 30887 28536 2091 41 0 26966 0
Current children cumulated CPU time: 582.21 s
Current children cumulated vsize: 150456 KiB
Current children cumulated memory: 127756 KiB

[startup+642.3 s]
/proc/loadavg: 14.37 14.26 14.12 16/836 1308207
/proc/meminfo: memFree=362741096/528004516 swapFree=8388604/8388604
[pid=1306535] ppid=1306531 vsize=26908 memory=13612 CPUtime=0.07 cores=22-23
/proc/1306535/stat : 1306535 (perf) S 1306531 1306535 1306213 0 -1 0 1738 237 0 0 6 1 0 0 20 0 1 0 923128660 27553792 3403 17179869184 93824994299904 93824996572973 140737488338256 0 0 0 134217728 4 74274 1 0 0 17 22 0 0 0 0 0 93824998874888 93825001005840 93825001308160 140737488340073 140737488340470 140737488340470 140737488351179 0
/proc/1306535/statm: 6727 3403 2098 555 0 1769 0
[pid=1306561] ppid=1306535 vsize=125636 memory=115756 CPUtime=642.14 cores=22-23
/proc/1306561/stat : 1306561 (clingo) R 1306535 1306535 1306213 0 -1 0 39159 0 0 0 64209 5 0 0 20 0 1 0 923128668 128651264 28939 17179869184 93824992301056 93824992468925 140737488338416 0 0 0 134217728 4 25184771 0 0 0 17 22 0 0 0 0 0 93824992533936 93824992571272 93824992575488 140737488340183 140737488340354 140737488340354 140737488351170 0
/proc/1306561/statm: 31409 28939 2091 41 0 27488 0
Current children cumulated CPU time: 642.21 s
Current children cumulated vsize: 152544 KiB
Current children cumulated memory: 129368 KiB

[startup+702.3 s]
/proc/loadavg: 14.46 14.31 14.15 16/836 1308209
/proc/meminfo: memFree=362721220/528004516 swapFree=8388604/8388604
[pid=1306535] ppid=1306531 vsize=26908 memory=13612 CPUtime=0.07 cores=22-23
/proc/1306535/stat : 1306535 (perf) S 1306531 1306535 1306213 0 -1 0 1738 237 0 0 6 1 0 0 20 0 1 0 923128660 27553792 3403 17179869184 93824994299904 93824996572973 140737488338256 0 0 0 134217728 4 74274 1 0 0 17 22 0 0 0 0 0 93824998874888 93825001005840 93825001308160 140737488340073 140737488340470 140737488340470 140737488351179 0
/proc/1306535/statm: 6727 3403 2098 555 0 1769 0
[pid=1306561] ppid=1306535 vsize=130732 memory=120476 CPUtime=702.14 cores=22-23
/proc/1306561/stat : 1306561 (clingo) R 1306535 1306535 1306213 0 -1 0 41249 0 0 0 70209 5 0 0 20 0 1 0 923128668 133869568 30119 17179869184 93824992301056 93824992468925 140737488338416 0 0 0 134217728 4 25184771 0 0 0 17 22 0 0 0 0 0 93824992533936 93824992571272 93824992575488 140737488340183 140737488340354 140737488340354 140737488351170 0
/proc/1306561/statm: 32683 30119 2091 41 0 28762 0
Current children cumulated CPU time: 702.21 s
Current children cumulated vsize: 157640 KiB
Current children cumulated memory: 134088 KiB

[startup+762.3 s]
/proc/loadavg: 14.17 14.25 14.14 16/841 1308323
/proc/meminfo: memFree=362837620/528004516 swapFree=8388604/8388604
[pid=1306535] ppid=1306531 vsize=26908 memory=13612 CPUtime=0.07 cores=22-23
/proc/1306535/stat : 1306535 (perf) S 1306531 1306535 1306213 0 -1 0 1738 237 0 0 6 1 0 0 20 0 1 0 923128660 27553792 3403 17179869184 93824994299904 93824996572973 140737488338256 0 0 0 134217728 4 74274 1 0 0 17 22 0 0 0 0 0 93824998874888 93825001005840 93825001308160 140737488340073 140737488340470 140737488340470 140737488351179 0
/proc/1306535/statm: 6727 3403 2098 555 0 1769 0
[pid=1306561] ppid=1306535 vsize=132664 memory=122472 CPUtime=762.14 cores=22-23
/proc/1306561/stat : 1306561 (clingo) R 1306535 1306535 1306213 0 -1 0 41859 0 0 0 76209 5 0 0 20 0 1 0 923128668 135847936 30618 17179869184 93824992301056 93824992468925 140737488338416 0 0 0 134217728 4 25184771 0 0 0 17 22 0 0 0 0 0 93824992533936 93824992571272 93824992575488 140737488340183 140737488340354 140737488340354 140737488351170 0
/proc/1306561/statm: 33166 30618 2091 41 0 29245 0
Current children cumulated CPU time: 762.21 s
Current children cumulated vsize: 159572 KiB
Current children cumulated memory: 136084 KiB

[startup+822.3 s]
/proc/loadavg: 14.06 14.20 14.12 16/846 1308330
/proc/meminfo: memFree=362777644/528004516 swapFree=8388604/8388604
[pid=1306535] ppid=1306531 vsize=26908 memory=13612 CPUtime=0.07 cores=22-23
/proc/1306535/stat : 1306535 (perf) S 1306531 1306535 1306213 0 -1 0 1738 237 0 0 6 1 0 0 20 0 1 0 923128660 27553792 3403 17179869184 93824994299904 93824996572973 140737488338256 0 0 0 134217728 4 74274 1 0 0 17 22 0 0 0 0 0 93824998874888 93825001005840 93825001308160 140737488340073 140737488340470 140737488340470 140737488351179 0
/proc/1306535/statm: 6727 3403 2098 555 0 1769 0
[pid=1306561] ppid=1306535 vsize=135512 memory=125032 CPUtime=822.13 cores=22-23
/proc/1306561/stat : 1306561 (clingo) R 1306535 1306535 1306213 0 -1 0 43168 0 0 0 82208 5 0 0 20 0 1 0 923128668 138764288 31258 17179869184 93824992301056 93824992468925 140737488338416 0 0 0 134217728 4 25184771 0 0 0 17 22 0 0 0 0 0 93824992533936 93824992571272 93824992575488 140737488340183 140737488340354 140737488340354 140737488351170 0
/proc/1306561/statm: 33878 31258 2091 41 0 29957 0
Current children cumulated CPU time: 822.2 s
Current children cumulated vsize: 162420 KiB
Current children cumulated memory: 138644 KiB

[startup+882.3 s]
/proc/loadavg: 14.10 14.18 14.12 16/846 1308374
/proc/meminfo: memFree=362718528/528004516 swapFree=8388604/8388604
[pid=1306535] ppid=1306531 vsize=26908 memory=13612 CPUtime=0.07 cores=22-23
/proc/1306535/stat : 1306535 (perf) S 1306531 1306535 1306213 0 -1 0 1738 237 0 0 6 1 0 0 20 0 1 0 923128660 27553792 3403 17179869184 93824994299904 93824996572973 140737488338256 0 0 0 134217728 4 74274 1 0 0 17 22 0 0 0 0 0 93824998874888 93825001005840 93825001308160 140737488340073 140737488340470 140737488340470 140737488351179 0
/proc/1306535/statm: 6727 3403 2098 555 0 1769 0
[pid=1306561] ppid=1306535 vsize=137968 memory=127580 CPUtime=882.13 cores=22-23
/proc/1306561/stat : 1306561 (clingo) R 1306535 1306535 1306213 0 -1 0 43924 0 0 0 88208 5 0 0 20 0 1 0 923128668 141279232 31895 17179869184 93824992301056 93824992468925 140737488338416 0 0 0 134217728 4 25184771 0 0 0 17 22 0 0 0 0 0 93824992533936 93824992571272 93824992575488 140737488340183 140737488340354 140737488340354 140737488351170 0
/proc/1306561/statm: 34492 31895 2091 41 0 30571 0
Current children cumulated CPU time: 882.2 s
Current children cumulated vsize: 164876 KiB
Current children cumulated memory: 141192 KiB

[startup+942.3 s]
/proc/loadavg: 14.34 14.26 14.15 16/846 1308375
/proc/meminfo: memFree=362573412/528004516 swapFree=8388604/8388604
[pid=1306535] ppid=1306531 vsize=26908 memory=13612 CPUtime=0.07 cores=22-23
/proc/1306535/stat : 1306535 (perf) S 1306531 1306535 1306213 0 -1 0 1738 237 0 0 6 1 0 0 20 0 1 0 923128660 27553792 3403 17179869184 93824994299904 93824996572973 140737488338256 0 0 0 134217728 4 74274 1 0 0 17 22 0 0 0 0 0 93824998874888 93825001005840 93825001308160 140737488340073 140737488340470 140737488340470 140737488351179 0
/proc/1306535/statm: 6727 3403 2098 555 0 1769 0
[pid=1306561] ppid=1306535 vsize=140712 memory=130312 CPUtime=942.13 cores=22-23
/proc/1306561/stat : 1306561 (clingo) R 1306535 1306535 1306213 0 -1 0 45346 0 0 0 94208 5 0 0 20 0 1 0 923128668 144089088 32578 17179869184 93824992301056 93824992468925 140737488338416 0 0 0 134217728 4 25184771 0 0 0 17 22 0 0 0 0 0 93824992533936 93824992571272 93824992575488 140737488340183 140737488340354 140737488340354 140737488351170 0
/proc/1306561/statm: 35178 32578 2091 41 0 31257 0
Current children cumulated CPU time: 942.2 s
Current children cumulated vsize: 167620 KiB
Current children cumulated memory: 143924 KiB

[startup+1002.3 s]
/proc/loadavg: 14.40 14.29 14.17 16/847 1308377
/proc/meminfo: memFree=362483956/528004516 swapFree=8388604/8388604
[pid=1306535] ppid=1306531 vsize=26908 memory=13612 CPUtime=0.07 cores=22-23
/proc/1306535/stat : 1306535 (perf) S 1306531 1306535 1306213 0 -1 0 1738 237 0 0 6 1 0 0 20 0 1 0 923128660 27553792 3403 17179869184 93824994299904 93824996572973 140737488338256 0 0 0 134217728 4 74274 1 0 0 17 22 0 0 0 0 0 93824998874888 93825001005840 93825001308160 140737488340073 140737488340470 140737488340470 140737488351179 0
/proc/1306535/statm: 6727 3403 2098 555 0 1769 0
[pid=1306561] ppid=1306535 vsize=144208 memory=133920 CPUtime=1002.14 cores=22-23
/proc/1306561/stat : 1306561 (clingo) R 1306535 1306535 1306213 0 -1 0 46889 0 0 0 100207 7 0 0 20 0 1 0 923128668 147668992 33480 17179869184 93824992301056 93824992468925 140737488338416 0 0 0 134217728 4 25184771 0 0 0 17 22 0 0 0 0 0 93824992533936 93824992571272 93824992575488 140737488340183 140737488340354 140737488340354 140737488351170 0
/proc/1306561/statm: 36052 33480 2091 41 0 32131 0
Current children cumulated CPU time: 1002.21 s
Current children cumulated vsize: 171116 KiB
Current children cumulated memory: 147532 KiB

[startup+1062.3 s]
/proc/loadavg: 14.41 14.31 14.18 16/843 1308382
/proc/meminfo: memFree=362374072/528004516 swapFree=8388604/8388604
[pid=1306535] ppid=1306531 vsize=26908 memory=13612 CPUtime=0.07 cores=22-23
/proc/1306535/stat : 1306535 (perf) S 1306531 1306535 1306213 0 -1 0 1738 237 0 0 6 1 0 0 20 0 1 0 923128660 27553792 3403 17179869184 93824994299904 93824996572973 140737488338256 0 0 0 134217728 4 74274 1 0 0 17 22 0 0 0 0 0 93824998874888 93825001005840 93825001308160 140737488340073 140737488340470 140737488340470 140737488351179 0
/proc/1306535/statm: 6727 3403 2098 555 0 1769 0
[pid=1306561] ppid=1306535 vsize=147216 memory=136908 CPUtime=1062.14 cores=22-23
/proc/1306561/stat : 1306561 (clingo) R 1306535 1306535 1306213 0 -1 0 49072 0 0 0 106207 7 0 0 20 0 1 0 923128668 150749184 34227 17179869184 93824992301056 93824992468925 140737488338416 0 0 0 134217728 4 25184771 0 0 0 17 22 0 0 0 0 0 93824992533936 93824992571272 93824992575488 140737488340183 140737488340354 140737488340354 140737488351170 0
/proc/1306561/statm: 36804 34227 2091 41 0 32883 0
Current children cumulated CPU time: 1062.21 s
Current children cumulated vsize: 174124 KiB
Current children cumulated memory: 150520 KiB

[startup+1122.3 s]
/proc/loadavg: 14.35 14.33 14.20 16/846 1308398
/proc/meminfo: memFree=362303044/528004516 swapFree=8388604/8388604
[pid=1306535] ppid=1306531 vsize=26908 memory=13612 CPUtime=0.07 cores=22-23
/proc/1306535/stat : 1306535 (perf) S 1306531 1306535 1306213 0 -1 0 1738 237 0 0 6 1 0 0 20 0 1 0 923128660 27553792 3403 17179869184 93824994299904 93824996572973 140737488338256 0 0 0 134217728 4 74274 1 0 0 17 22 0 0 0 0 0 93824998874888 93825001005840 93825001308160 140737488340073 140737488340470 140737488340470 140737488351179 0
/proc/1306535/statm: 6727 3403 2098 555 0 1769 0
[pid=1306561] ppid=1306535 vsize=148428 memory=137728 CPUtime=1122.14 cores=22-23
/proc/1306561/stat : 1306561 (clingo) R 1306535 1306535 1306213 0 -1 0 49594 0 0 0 112207 7 0 0 20 0 1 0 923128668 151990272 34432 17179869184 93824992301056 93824992468925 140737488338416 0 0 0 134217728 4 25184771 0 0 0 17 22 0 0 0 0 0 93824992533936 93824992571272 93824992575488 140737488340183 140737488340354 140737488340354 140737488351170 0
/proc/1306561/statm: 37107 34432 2091 41 0 33186 0
Current children cumulated CPU time: 1122.21 s
Current children cumulated vsize: 175336 KiB
Current children cumulated memory: 151340 KiB

[startup+1182.3 s]
/proc/loadavg: 14.92 14.45 14.24 16/845 1308400
/proc/meminfo: memFree=362234488/528004516 swapFree=8388604/8388604
[pid=1306535] ppid=1306531 vsize=26908 memory=13612 CPUtime=0.07 cores=22-23
/proc/1306535/stat : 1306535 (perf) S 1306531 1306535 1306213 0 -1 0 1738 237 0 0 6 1 0 0 20 0 1 0 923128660 27553792 3403 17179869184 93824994299904 93824996572973 140737488338256 0 0 0 134217728 4 74274 1 0 0 17 22 0 0 0 0 0 93824998874888 93825001005840 93825001308160 140737488340073 140737488340470 140737488340470 140737488351179 0
/proc/1306535/statm: 6727 3403 2098 555 0 1769 0
[pid=1306561] ppid=1306535 vsize=151552 memory=140716 CPUtime=1182.13 cores=22-23
/proc/1306561/stat : 1306561 (clingo) R 1306535 1306535 1306213 0 -1 0 50448 0 0 0 118206 7 0 0 20 0 1 0 923128668 155189248 35179 17179869184 93824992301056 93824992468925 140737488338416 0 0 0 134217728 4 25184771 0 0 0 17 22 0 0 0 0 0 93824992533936 93824992571272 93824992575488 140737488340183 140737488340354 140737488340354 140737488351170 0
/proc/1306561/statm: 37888 35179 2091 41 0 33967 0
Current children cumulated CPU time: 1182.2 s
Current children cumulated vsize: 178460 KiB
Current children cumulated memory: 154328 KiB



Maximum wall clock time exceeded: sending SIGTERM then SIGKILL

[startup+1205 s]*
/proc/loadavg: 15.06 14.51 14.27 16/845 1308400
/proc/meminfo: memFree=362198864/528004516 swapFree=8388604/8388604
[pid=1306535] ppid=1306531 vsize=26908 memory=13612 CPUtime=0.07 cores=22-23
/proc/1306535/stat : 1306535 (perf) S 1306531 1306535 1306213 0 -1 0 1738 237 0 0 6 1 0 0 20 0 1 0 923128660 27553792 3403 17179869184 93824994299904 93824996572973 140737488338256 0 0 0 134217728 4 74274 1 0 0 17 22 0 0 0 0 0 93824998874888 93825001005840 93825001308160 140737488340073 140737488340470 140737488340470 140737488351179 0
/proc/1306535/statm: 6727 3403 2098 555 0 1769 0
[pid=1306561] ppid=1306535 vsize=151412 memory=140844 CPUtime=1204.84 cores=22-23
/proc/1306561/stat : 1306561 (clingo) R 1306535 1306535 1306213 0 -1 0 50611 0 0 0 120477 7 0 0 20 0 1 0 923128668 155045888 35211 17179869184 93824992301056 93824992468925 140737488338416 0 0 0 134217728 4 25184771 0 0 0 17 22 0 0 0 0 0 93824992533936 93824992571272 93824992575488 140737488340183 140737488340354 140737488340354 140737488351170 0
/proc/1306561/statm: 37853 35211 2091 41 0 33932 0
Current children cumulated CPU time: 1204.91 s
Current children cumulated vsize: 178320 KiB
Current children cumulated memory: 154456 KiB

Sending SIGINT to process tree (bottom up)
Sleeping 5 seconds

[startup+1205.03 s]
# the end of solver process 1306535 was just reported to runsolver
# cumulated CPU time of all completed processes:  user=1204.85 s, system=0.100685 s

Solver just ended.
??? end of watcher thread
Dumping a history of the last processes samples

Child status: 1
Real time (s): 1205.03
CPU time (s): 1204.95
CPU user time (s): 1204.85
CPU system time (s): 0.100685
CPU usage (%): 99.9937
Max. virtual memory (cumulated for all children) (KiB): 179120
Max. memory (cumulated for all children) (KiB): 155120

getrusage(RUSAGE_CHILDREN,...) data:
user time used= 1204.85
system time used= 0.100685
maximum resident set size= 141508
integral shared memory size= 0
integral unshared data size= 0
integral unshared stack size= 0
page reclaims= 52626
page faults= 0
swaps= 0
block input operations= 0
block output operations= 0
messages sent= 0
messages received= 0
signals received= 0
voluntary context switches= 23
involuntary context switches= 820


# summary of solver processes directly reported to runsolver:
#   pid: 1306535
#   total CPU time (s): 1204.95
#   total CPU user time (s): 1204.85
#   total CPU system time (s): 0.100685

??? end of timestamper thread
runsolver used 8.9367 second user time and 16.2969 second system time

The end
