runsolver version 3.4.0 (svn: 3018) Copyright (C) 2010-2013 Olivier ROUSSEL

This program is distributed in the hope that it will be useful,
but WITHOUT ANY WARRANTY; without even the implied warranty of
MERCHANTABILITY or FITNESS FOR A PARTICULAR PURPOSE.  See the
GNU General Public License for more details.

NUMA information:
  number of nodes: 2
  memory of node 0: 257635 MiB (178677 MiB free)
  memory of node 1: 257994 MiB (181472 MiB free)
  node distances:
     10  20
     20  10

command line: /dev/shm/372b706c-2e81-11f1-ac62-000c298f4621/input/runsolver -w /dev/shm/372b706c-2e81-11f1-ac62-000c298f4621/output/runsolver.log -v /dev/shm/372b706c-2e81-11f1-ac62-000c298f4621/output/varfile.log -W 1205 --rss-swap-limit 16384 -d 5 --sigint /usr/bin/perf stat -B -e task-clock,cache-references,cache-misses,cycles,instructions,branches,faults,migrations,context-switches -o /dev/shm/372b706c-2e81-11f1-ac62-000c298f4621/output/perf.log clingo /home/guests/mmacri/AMOSUM/benchmarks/GraphColouring/encoding-plain-amo.asp /dev/shm/372b706c-2e81-11f1-ac62-000c298f4621/input/0002-graph_colouring-125-0_4800.asp 

running on 2 cores: 4-5

Enforcing wall clock limit (soft limit, will send SIGTERM then SIGKILL): 1205 seconds
Enforcing RSS+Swap limit (soft limit, will send SIGTERM then SIGKILL): 16777216 KiB
Linux 5.15.0-131-generic
solver pid=327477, runsolver pid=327476
Current StackSize limit: 8192 KiB


[startup+0.100068 s]*
/proc/loadavg: 14.85 14.39 10.50 15/842 327481
/proc/meminfo: memFree=368784188/528004516 swapFree=8388604/8388604
[pid=327477] ppid=327476 vsize=26908 memory=13616 CPUtime=0.06 cores=4-5
/proc/327477/stat : 327477 (perf) S 327476 327477 327427 0 -1 0 1738 237 0 0 6 0 0 0 20 0 1 0 922859849 27553792 3404 17179869184 93824994299904 93824996572973 140737488338256 0 0 0 134217728 4 74274 1 0 0 17 4 0 0 0 0 0 93824998874888 93825001005840 93825001308160 140737488340074 140737488340471 140737488340471 140737488351179 0
/proc/327477/statm: 6727 3404 2099 555 0 1769 0
[pid=327481] ppid=327477 vsize=19948 memory=11852 CPUtime=0.04 cores=4-5
/proc/327481/stat : 327481 (clingo) R 327477 327477 327427 0 -1 0 1207 0 0 0 4 0 0 0 20 0 1 0 922859857 20426752 2963 17179869184 93824992301056 93824992468925 140737488338416 0 0 0 134217728 4 25184771 0 0 0 17 5 0 0 0 0 0 93824992533936 93824992571272 93824992575488 140737488340184 140737488340355 140737488340355 140737488351170 0
/proc/327481/statm: 4987 2963 2091 41 0 1066 0
Current children cumulated CPU time: 0.1 s
Current children cumulated vsize: 46856 KiB
Current children cumulated memory: 25468 KiB

[startup+0.234833 s]*
/proc/loadavg: 14.85 14.39 10.50 15/842 327481
/proc/meminfo: memFree=368762012/528004516 swapFree=8388604/8388604
[pid=327477] ppid=327476 vsize=26908 memory=13616 CPUtime=0.06 cores=4-5
/proc/327477/stat : 327477 (perf) S 327476 327477 327427 0 -1 0 1738 237 0 0 6 0 0 0 20 0 1 0 922859849 27553792 3404 17179869184 93824994299904 93824996572973 140737488338256 0 0 0 134217728 4 74274 1 0 0 17 4 0 0 0 0 0 93824998874888 93825001005840 93825001308160 140737488340074 140737488340471 140737488340471 140737488351179 0
/proc/327477/statm: 6727 3404 2099 555 0 1769 0
[pid=327481] ppid=327477 vsize=24316 memory=16076 CPUtime=0.14 cores=4-5
/proc/327481/stat : 327481 (clingo) R 327477 327477 327427 0 -1 0 2289 0 0 0 14 0 0 0 20 0 1 0 922859857 24899584 4019 17179869184 93824992301056 93824992468925 140737488338416 0 0 0 134217728 4 25184771 0 0 0 17 4 0 0 0 0 0 93824992533936 93824992571272 93824992575488 140737488340184 140737488340355 140737488340355 140737488351170 0
/proc/327481/statm: 6079 4019 2091 41 0 2158 0
Current children cumulated CPU time: 0.2 s
Current children cumulated vsize: 51224 KiB
Current children cumulated memory: 29692 KiB

[startup+0.31855 s]*
/proc/loadavg: 14.85 14.39 10.50 15/842 327481
/proc/meminfo: memFree=368734292/528004516 swapFree=8388604/8388604
[pid=327477] ppid=327476 vsize=26908 memory=13616 CPUtime=0.06 cores=4-5
/proc/327477/stat : 327477 (perf) S 327476 327477 327427 0 -1 0 1738 237 0 0 6 0 0 0 20 0 1 0 922859849 27553792 3404 17179869184 93824994299904 93824996572973 140737488338256 0 0 0 134217728 4 74274 1 0 0 17 4 0 0 0 0 0 93824998874888 93825001005840 93825001308160 140737488340074 140737488340471 140737488340471 140737488351179 0
/proc/327477/statm: 6727 3404 2099 555 0 1769 0
[pid=327481] ppid=327477 vsize=25240 memory=17132 CPUtime=0.22 cores=4-5
/proc/327481/stat : 327481 (clingo) R 327477 327477 327427 0 -1 0 2530 0 0 0 22 0 0 0 20 0 1 0 922859857 25845760 4283 17179869184 93824992301056 93824992468925 140737488338416 0 0 0 134217728 4 25184771 0 0 0 17 4 0 0 0 0 0 93824992533936 93824992571272 93824992575488 140737488340184 140737488340355 140737488340355 140737488351170 0
/proc/327481/statm: 6310 4283 2091 41 0 2389 0
Current children cumulated CPU time: 0.28 s
Current children cumulated vsize: 52148 KiB
Current children cumulated memory: 30748 KiB

[startup+0.700341 s]
/proc/loadavg: 14.85 14.39 10.50 15/842 327481
/proc/meminfo: memFree=368674064/528004516 swapFree=8388604/8388604
[pid=327477] ppid=327476 vsize=26908 memory=13616 CPUtime=0.06 cores=4-5
/proc/327477/stat : 327477 (perf) S 327476 327477 327427 0 -1 0 1738 237 0 0 6 0 0 0 20 0 1 0 922859849 27553792 3404 17179869184 93824994299904 93824996572973 140737488338256 0 0 0 134217728 4 74274 1 0 0 17 4 0 0 0 0 0 93824998874888 93825001005840 93825001308160 140737488340074 140737488340471 140737488340471 140737488351179 0
/proc/327477/statm: 6727 3404 2099 555 0 1769 0
[pid=327481] ppid=327477 vsize=27092 memory=18980 CPUtime=0.59 cores=4-5
/proc/327481/stat : 327481 (clingo) R 327477 327477 327427 0 -1 0 3006 0 0 0 59 0 0 0 20 0 1 0 922859857 27742208 4745 17179869184 93824992301056 93824992468925 140737488338416 0 0 0 134217728 4 25184771 0 0 0 17 4 0 0 0 0 0 93824992533936 93824992571272 93824992575488 140737488340184 140737488340355 140737488340355 140737488351170 0
/proc/327481/statm: 6773 4745 2091 41 0 2852 0
Current children cumulated CPU time: 0.65 s
Current children cumulated vsize: 54000 KiB
Current children cumulated memory: 32596 KiB

[startup+1.50035 s]
/proc/loadavg: 14.85 14.39 10.50 15/842 327481
/proc/meminfo: memFree=368619128/528004516 swapFree=8388604/8388604
[pid=327477] ppid=327476 vsize=26908 memory=13616 CPUtime=0.06 cores=4-5
/proc/327477/stat : 327477 (perf) S 327476 327477 327427 0 -1 0 1738 237 0 0 6 0 0 0 20 0 1 0 922859849 27553792 3404 17179869184 93824994299904 93824996572973 140737488338256 0 0 0 134217728 4 74274 1 0 0 17 4 0 0 0 0 0 93824998874888 93825001005840 93825001308160 140737488340074 140737488340471 140737488340471 140737488351179 0
/proc/327477/statm: 6727 3404 2099 555 0 1769 0
[pid=327481] ppid=327477 vsize=28416 memory=20300 CPUtime=1.39 cores=4-5
/proc/327481/stat : 327481 (clingo) R 327477 327477 327427 0 -1 0 3343 0 0 0 139 0 0 0 20 0 1 0 922859857 29097984 5075 17179869184 93824992301056 93824992468925 140737488338416 0 0 0 134217728 4 25184771 0 0 0 17 4 0 0 0 0 0 93824992533936 93824992571272 93824992575488 140737488340184 140737488340355 140737488340355 140737488351170 0
/proc/327481/statm: 7104 5075 2091 41 0 3183 0
Current children cumulated CPU time: 1.45 s
Current children cumulated vsize: 55324 KiB
Current children cumulated memory: 33916 KiB

[startup+3.11845 s]
/proc/loadavg: 14.78 14.39 10.52 15/842 327689
/proc/meminfo: memFree=368426536/528004516 swapFree=8388604/8388604
[pid=327477] ppid=327476 vsize=26908 memory=13616 CPUtime=0.06 cores=4-5
/proc/327477/stat : 327477 (perf) S 327476 327477 327427 0 -1 0 1738 237 0 0 6 0 0 0 20 0 1 0 922859849 27553792 3404 17179869184 93824994299904 93824996572973 140737488338256 0 0 0 134217728 4 74274 1 0 0 17 4 0 0 0 0 0 93824998874888 93825001005840 93825001308160 140737488340074 140737488340471 140737488340471 140737488351179 0
/proc/327477/statm: 6727 3404 2099 555 0 1769 0
[pid=327481] ppid=327477 vsize=31780 memory=23576 CPUtime=3.01 cores=4-5
/proc/327481/stat : 327481 (clingo) R 327477 327477 327427 0 -1 0 4237 0 0 0 301 0 0 0 20 0 1 0 922859857 32542720 5894 17179869184 93824992301056 93824992468925 140737488338416 0 0 0 134217728 4 25184771 0 0 0 17 4 0 0 0 0 0 93824992533936 93824992571272 93824992575488 140737488340184 140737488340355 140737488340355 140737488351170 0
/proc/327481/statm: 7945 5894 2091 41 0 4024 0
Current children cumulated CPU time: 3.07 s
Current children cumulated vsize: 58688 KiB
Current children cumulated memory: 37192 KiB

[startup+6.3003 s]
/proc/loadavg: 14.78 14.39 10.52 15/842 327689
/proc/meminfo: memFree=368062012/528004516 swapFree=8388604/8388604
[pid=327477] ppid=327476 vsize=26908 memory=13616 CPUtime=0.06 cores=4-5
/proc/327477/stat : 327477 (perf) S 327476 327477 327427 0 -1 0 1738 237 0 0 6 0 0 0 20 0 1 0 922859849 27553792 3404 17179869184 93824994299904 93824996572973 140737488338256 0 0 0 134217728 4 74274 1 0 0 17 4 0 0 0 0 0 93824998874888 93825001005840 93825001308160 140737488340074 140737488340471 140737488340471 140737488351179 0
/proc/327477/statm: 6727 3404 2099 555 0 1769 0
[pid=327481] ppid=327477 vsize=35472 memory=27008 CPUtime=6.19 cores=4-5
/proc/327481/stat : 327481 (clingo) R 327477 327477 327427 0 -1 0 5103 0 0 0 619 0 0 0 20 0 1 0 922859857 36323328 6752 17179869184 93824992301056 93824992468925 140737488338416 0 0 0 134217728 4 25184771 0 0 0 17 4 0 0 0 0 0 93824992533936 93824992571272 93824992575488 140737488340184 140737488340355 140737488340355 140737488351170 0
/proc/327481/statm: 8868 6752 2091 41 0 4947 0
Current children cumulated CPU time: 6.25 s
Current children cumulated vsize: 62380 KiB
Current children cumulated memory: 40624 KiB

[startup+12.7003 s]
/proc/loadavg: 14.66 14.37 10.55 15/842 327689
/proc/meminfo: memFree=367656076/528004516 swapFree=8388604/8388604
[pid=327477] ppid=327476 vsize=26908 memory=13616 CPUtime=0.06 cores=4-5
/proc/327477/stat : 327477 (perf) S 327476 327477 327427 0 -1 0 1738 237 0 0 6 0 0 0 20 0 1 0 922859849 27553792 3404 17179869184 93824994299904 93824996572973 140737488338256 0 0 0 134217728 4 74274 1 0 0 17 4 0 0 0 0 0 93824998874888 93825001005840 93825001308160 140737488340074 140737488340471 140737488340471 140737488351179 0
/proc/327477/statm: 6727 3404 2099 555 0 1769 0
[pid=327481] ppid=327477 vsize=38364 memory=29648 CPUtime=12.58 cores=4-5
/proc/327481/stat : 327481 (clingo) R 327477 327477 327427 0 -1 0 5769 0 0 0 1258 0 0 0 20 0 1 0 922859857 39284736 7412 17179869184 93824992301056 93824992468925 140737488338416 0 0 0 134217728 4 25184771 0 0 0 17 4 0 0 0 0 0 93824992533936 93824992571272 93824992575488 140737488340184 140737488340355 140737488340355 140737488351170 0
/proc/327481/statm: 9591 7412 2091 41 0 5670 0
Current children cumulated CPU time: 12.64 s
Current children cumulated vsize: 65272 KiB
Current children cumulated memory: 43264 KiB

[startup+25.5004 s]
/proc/loadavg: 14.56 14.36 10.59 15/842 327897
/proc/meminfo: memFree=368643420/528004516 swapFree=8388604/8388604
[pid=327477] ppid=327476 vsize=26908 memory=13616 CPUtime=0.06 cores=4-5
/proc/327477/stat : 327477 (perf) S 327476 327477 327427 0 -1 0 1738 237 0 0 6 0 0 0 20 0 1 0 922859849 27553792 3404 17179869184 93824994299904 93824996572973 140737488338256 0 0 0 134217728 4 74274 1 0 0 17 4 0 0 0 0 0 93824998874888 93825001005840 93825001308160 140737488340074 140737488340471 140737488340471 140737488351179 0
/proc/327477/statm: 6727 3404 2099 555 0 1769 0
[pid=327481] ppid=327477 vsize=42764 memory=33872 CPUtime=25.38 cores=4-5
/proc/327481/stat : 327481 (clingo) R 327477 327477 327427 0 -1 0 6779 0 0 0 2538 0 0 0 20 0 1 0 922859857 43790336 8468 17179869184 93824992301056 93824992468925 140737488338416 0 0 0 134217728 4 25184771 0 0 0 17 4 0 0 0 0 0 93824992533936 93824992571272 93824992575488 140737488340184 140737488340355 140737488340355 140737488351170 0
/proc/327481/statm: 10691 8468 2091 41 0 6770 0
Current children cumulated CPU time: 25.44 s
Current children cumulated vsize: 69672 KiB
Current children cumulated memory: 47488 KiB

[startup+51.1186 s]
/proc/loadavg: 14.37 14.33 10.68 15/842 327897
/proc/meminfo: memFree=367264272/528004516 swapFree=8388604/8388604
[pid=327477] ppid=327476 vsize=26908 memory=13616 CPUtime=0.06 cores=4-5
/proc/327477/stat : 327477 (perf) S 327476 327477 327427 0 -1 0 1738 237 0 0 6 0 0 0 20 0 1 0 922859849 27553792 3404 17179869184 93824994299904 93824996572973 140737488338256 0 0 0 134217728 4 74274 1 0 0 17 4 0 0 0 0 0 93824998874888 93825001005840 93825001308160 140737488340074 140737488340471 140737488340471 140737488351179 0
/proc/327477/statm: 6727 3404 2099 555 0 1769 0
[pid=327481] ppid=327477 vsize=48848 memory=39416 CPUtime=51 cores=4-5
/proc/327481/stat : 327481 (clingo) R 327477 327477 327427 0 -1 0 8154 0 0 0 5100 0 0 0 20 0 1 0 922859857 50020352 9854 17179869184 93824992301056 93824992468925 140737488338416 0 0 0 134217728 4 25184771 0 0 0 17 4 0 0 0 0 0 93824992533936 93824992571272 93824992575488 140737488340184 140737488340355 140737488340355 140737488351170 0
/proc/327481/statm: 12212 9854 2091 41 0 8291 0
Current children cumulated CPU time: 51.06 s
Current children cumulated vsize: 75756 KiB
Current children cumulated memory: 53032 KiB

[startup+102.3 s]
/proc/loadavg: 14.14 14.27 10.88 15/842 327898
/proc/meminfo: memFree=365910676/528004516 swapFree=8388604/8388604
[pid=327477] ppid=327476 vsize=26908 memory=13616 CPUtime=0.06 cores=4-5
/proc/327477/stat : 327477 (perf) S 327476 327477 327427 0 -1 0 1738 237 0 0 6 0 0 0 20 0 1 0 922859849 27553792 3404 17179869184 93824994299904 93824996572973 140737488338256 0 0 0 134217728 4 74274 1 0 0 17 4 0 0 0 0 0 93824998874888 93825001005840 93825001308160 140737488340074 140737488340471 140737488340471 140737488351179 0
/proc/327477/statm: 6727 3404 2099 555 0 1769 0
[pid=327481] ppid=327477 vsize=57412 memory=47600 CPUtime=102.18 cores=4-5
/proc/327481/stat : 327481 (clingo) R 327477 327477 327427 0 -1 0 10198 0 0 0 10218 0 0 0 20 0 1 0 922859857 58789888 11900 17179869184 93824992301056 93824992468925 140737488338416 0 0 0 134217728 4 25184771 0 0 0 17 4 0 0 0 0 0 93824992533936 93824992571272 93824992575488 140737488340184 140737488340355 140737488340355 140737488351170 0
/proc/327481/statm: 14353 11900 2091 41 0 10432 0
Current children cumulated CPU time: 102.24 s
Current children cumulated vsize: 84320 KiB
Current children cumulated memory: 61216 KiB

[startup+162.3 s]
/proc/loadavg: 14.05 14.22 11.07 15/842 327899
/proc/meminfo: memFree=364721760/528004516 swapFree=8388604/8388604
[pid=327477] ppid=327476 vsize=26908 memory=13616 CPUtime=0.06 cores=4-5
/proc/327477/stat : 327477 (perf) S 327476 327477 327427 0 -1 0 1738 237 0 0 6 0 0 0 20 0 1 0 922859849 27553792 3404 17179869184 93824994299904 93824996572973 140737488338256 0 0 0 134217728 4 74274 1 0 0 17 4 0 0 0 0 0 93824998874888 93825001005840 93825001308160 140737488340074 140737488340471 140737488340471 140737488351179 0
/proc/327477/statm: 6727 3404 2099 555 0 1769 0
[pid=327481] ppid=327477 vsize=66788 memory=56028 CPUtime=162.18 cores=4-5
/proc/327481/stat : 327481 (clingo) R 327477 327477 327427 0 -1 0 12416 0 0 0 16218 0 0 0 20 0 1 0 922859857 68390912 14007 17179869184 93824992301056 93824992468925 140737488338416 0 0 0 134217728 4 25184771 0 0 0 17 4 0 0 0 0 0 93824992533936 93824992571272 93824992575488 140737488340184 140737488340355 140737488340355 140737488351170 0
/proc/327481/statm: 16697 14007 2091 41 0 12776 0
Current children cumulated CPU time: 162.24 s
Current children cumulated vsize: 93696 KiB
Current children cumulated memory: 69644 KiB

[startup+222.3 s]
/proc/loadavg: 15.53 14.52 11.37 15/842 327902
/proc/meminfo: memFree=363445180/528004516 swapFree=8388604/8388604
[pid=327477] ppid=327476 vsize=26908 memory=13616 CPUtime=0.06 cores=4-5
/proc/327477/stat : 327477 (perf) S 327476 327477 327427 0 -1 0 1738 237 0 0 6 0 0 0 20 0 1 0 922859849 27553792 3404 17179869184 93824994299904 93824996572973 140737488338256 0 0 0 134217728 4 74274 1 0 0 17 4 0 0 0 0 0 93824998874888 93825001005840 93825001308160 140737488340074 140737488340471 140737488340471 140737488351179 0
/proc/327477/statm: 6727 3404 2099 555 0 1769 0
[pid=327481] ppid=327477 vsize=72100 memory=61044 CPUtime=222.18 cores=4-5
/proc/327481/stat : 327481 (clingo) R 327477 327477 327427 0 -1 0 13666 0 0 0 22218 0 0 0 20 0 1 0 922859857 73830400 15261 17179869184 93824992301056 93824992468925 140737488338416 0 0 0 134217728 4 25184771 0 0 0 17 4 0 0 0 0 0 93824992533936 93824992571272 93824992575488 140737488340184 140737488340355 140737488340355 140737488351170 0
/proc/327481/statm: 18025 15261 2091 41 0 14104 0
Current children cumulated CPU time: 222.24 s
Current children cumulated vsize: 99008 KiB
Current children cumulated memory: 74660 KiB

[startup+282.3 s]
/proc/loadavg: 15.39 14.75 11.66 15/842 327903
/proc/meminfo: memFree=361975772/528004516 swapFree=8388604/8388604
[pid=327477] ppid=327476 vsize=26908 memory=13616 CPUtime=0.06 cores=4-5
/proc/327477/stat : 327477 (perf) S 327476 327477 327427 0 -1 0 1738 237 0 0 6 0 0 0 20 0 1 0 922859849 27553792 3404 17179869184 93824994299904 93824996572973 140737488338256 0 0 0 134217728 4 74274 1 0 0 17 4 0 0 0 0 0 93824998874888 93825001005840 93825001308160 140737488340074 140737488340471 140737488340471 140737488351179 0
/proc/327477/statm: 6727 3404 2099 555 0 1769 0
[pid=327481] ppid=327477 vsize=75812 memory=64740 CPUtime=282.18 cores=4-5
/proc/327481/stat : 327481 (clingo) R 327477 327477 327427 0 -1 0 14634 0 0 0 28217 1 0 0 20 0 1 0 922859857 77631488 16185 17179869184 93824992301056 93824992468925 140737488338416 0 0 0 134217728 4 25184771 0 0 0 17 4 0 0 0 0 0 93824992533936 93824992571272 93824992575488 140737488340184 140737488340355 140737488340355 140737488351170 0
/proc/327481/statm: 18953 16185 2091 41 0 15032 0
Current children cumulated CPU time: 282.24 s
Current children cumulated vsize: 102720 KiB
Current children cumulated memory: 78356 KiB

[startup+342.3 s]
/proc/loadavg: 14.51 14.61 11.81 15/817 327906
/proc/meminfo: memFree=360834728/528004516 swapFree=8388604/8388604
[pid=327477] ppid=327476 vsize=26908 memory=13616 CPUtime=0.06 cores=4-5
/proc/327477/stat : 327477 (perf) S 327476 327477 327427 0 -1 0 1738 237 0 0 6 0 0 0 20 0 1 0 922859849 27553792 3404 17179869184 93824994299904 93824996572973 140737488338256 0 0 0 134217728 4 74274 1 0 0 17 4 0 0 0 0 0 93824998874888 93825001005840 93825001308160 140737488340074 140737488340471 140737488340471 140737488351179 0
/proc/327477/statm: 6727 3404 2099 555 0 1769 0
[pid=327481] ppid=327477 vsize=80312 memory=69620 CPUtime=342.18 cores=4-5
/proc/327481/stat : 327481 (clingo) R 327477 327477 327427 0 -1 0 16016 0 0 0 34217 1 0 0 20 0 1 0 922859857 82239488 17405 17179869184 93824992301056 93824992468925 140737488338416 0 0 0 134217728 4 25184771 0 0 0 17 4 0 0 0 0 0 93824992533936 93824992571272 93824992575488 140737488340184 140737488340355 140737488340355 140737488351170 0
/proc/327481/statm: 20078 17405 2091 41 0 16157 0
Current children cumulated CPU time: 342.24 s
Current children cumulated vsize: 107220 KiB
Current children cumulated memory: 83236 KiB

[startup+402.3 s]
/proc/loadavg: 14.18 14.50 11.95 15/817 327909
/proc/meminfo: memFree=360467332/528004516 swapFree=8388604/8388604
[pid=327477] ppid=327476 vsize=26908 memory=13616 CPUtime=0.06 cores=4-5
/proc/327477/stat : 327477 (perf) S 327476 327477 327427 0 -1 0 1738 237 0 0 6 0 0 0 20 0 1 0 922859849 27553792 3404 17179869184 93824994299904 93824996572973 140737488338256 0 0 0 134217728 4 74274 1 0 0 17 4 0 0 0 0 0 93824998874888 93825001005840 93825001308160 140737488340074 140737488340471 140737488340471 140737488351179 0
/proc/327477/statm: 6727 3404 2099 555 0 1769 0
[pid=327481] ppid=327477 vsize=86760 memory=74632 CPUtime=402.18 cores=4-5
/proc/327481/stat : 327481 (clingo) R 327477 327477 327427 0 -1 0 17312 0 0 0 40217 1 0 0 20 0 1 0 922859857 88842240 18658 17179869184 93824992301056 93824992468925 140737488338416 0 0 0 134217728 4 25184771 0 0 0 17 4 0 0 0 0 0 93824992533936 93824992571272 93824992575488 140737488340184 140737488340355 140737488340355 140737488351170 0
/proc/327481/statm: 21690 18658 2091 41 0 17769 0
Current children cumulated CPU time: 402.24 s
Current children cumulated vsize: 113668 KiB
Current children cumulated memory: 88248 KiB

[startup+462.3 s]
/proc/loadavg: 14.07 14.40 12.08 15/817 327910
/proc/meminfo: memFree=360028604/528004516 swapFree=8388604/8388604
[pid=327477] ppid=327476 vsize=26908 memory=13616 CPUtime=0.06 cores=4-5
/proc/327477/stat : 327477 (perf) S 327476 327477 327427 0 -1 0 1738 237 0 0 6 0 0 0 20 0 1 0 922859849 27553792 3404 17179869184 93824994299904 93824996572973 140737488338256 0 0 0 134217728 4 74274 1 0 0 17 4 0 0 0 0 0 93824998874888 93825001005840 93825001308160 140737488340074 140737488340471 140737488340471 140737488351179 0
/proc/327477/statm: 6727 3404 2099 555 0 1769 0
[pid=327481] ppid=327477 vsize=89796 memory=77272 CPUtime=462.18 cores=4-5
/proc/327481/stat : 327481 (clingo) R 327477 327477 327427 0 -1 0 17956 0 0 0 46217 1 0 0 20 0 1 0 922859857 91951104 19318 17179869184 93824992301056 93824992468925 140737488338416 0 0 0 134217728 4 25184771 0 0 0 17 4 0 0 0 0 0 93824992533936 93824992571272 93824992575488 140737488340184 140737488340355 140737488340355 140737488351170 0
/proc/327481/statm: 22449 19318 2091 41 0 18528 0
Current children cumulated CPU time: 462.24 s
Current children cumulated vsize: 116704 KiB
Current children cumulated memory: 90888 KiB

[startup+522.3 s]
/proc/loadavg: 14.02 14.33 12.20 15/818 327912
/proc/meminfo: memFree=359432744/528004516 swapFree=8388604/8388604
[pid=327477] ppid=327476 vsize=26908 memory=13616 CPUtime=0.06 cores=4-5
/proc/327477/stat : 327477 (perf) S 327476 327477 327427 0 -1 0 1738 237 0 0 6 0 0 0 20 0 1 0 922859849 27553792 3404 17179869184 93824994299904 93824996572973 140737488338256 0 0 0 134217728 4 74274 1 0 0 17 4 0 0 0 0 0 93824998874888 93825001005840 93825001308160 140737488340074 140737488340471 140737488340471 140737488351179 0
/proc/327477/statm: 6727 3404 2099 555 0 1769 0
[pid=327481] ppid=327477 vsize=93916 memory=80704 CPUtime=522.18 cores=4-5
/proc/327481/stat : 327481 (clingo) R 327477 327477 327427 0 -1 0 18841 0 0 0 52217 1 0 0 20 0 1 0 922859857 96169984 20176 17179869184 93824992301056 93824992468925 140737488338416 0 0 0 134217728 4 25184771 0 0 0 17 4 0 0 0 0 0 93824992533936 93824992571272 93824992575488 140737488340184 140737488340355 140737488340355 140737488351170 0
/proc/327481/statm: 23479 20176 2091 41 0 19558 0
Current children cumulated CPU time: 522.24 s
Current children cumulated vsize: 120824 KiB
Current children cumulated memory: 94320 KiB

[startup+582.3 s]
/proc/loadavg: 14.07 14.28 12.32 15/819 327917
/proc/meminfo: memFree=358604428/528004516 swapFree=8388604/8388604
[pid=327477] ppid=327476 vsize=26908 memory=13616 CPUtime=0.06 cores=4-5
/proc/327477/stat : 327477 (perf) S 327476 327477 327427 0 -1 0 1738 237 0 0 6 0 0 0 20 0 1 0 922859849 27553792 3404 17179869184 93824994299904 93824996572973 140737488338256 0 0 0 134217728 4 74274 1 0 0 17 4 0 0 0 0 0 93824998874888 93825001005840 93825001308160 140737488340074 140737488340471 140737488340471 140737488351179 0
/proc/327477/statm: 6727 3404 2099 555 0 1769 0
[pid=327481] ppid=327477 vsize=96004 memory=82816 CPUtime=582.18 cores=4-5
/proc/327481/stat : 327481 (clingo) R 327477 327477 327427 0 -1 0 19329 0 0 0 58217 1 0 0 20 0 1 0 922859857 98308096 20704 17179869184 93824992301056 93824992468925 140737488338416 0 0 0 134217728 4 25184771 0 0 0 17 4 0 0 0 0 0 93824992533936 93824992571272 93824992575488 140737488340184 140737488340355 140737488340355 140737488351170 0
/proc/327481/statm: 24001 20704 2091 41 0 20080 0
Current children cumulated CPU time: 582.24 s
Current children cumulated vsize: 122912 KiB
Current children cumulated memory: 96432 KiB

[startup+642.3 s]
/proc/loadavg: 14.03 14.23 12.43 15/818 327919
/proc/meminfo: memFree=357474008/528004516 swapFree=8388604/8388604
[pid=327477] ppid=327476 vsize=26908 memory=13616 CPUtime=0.06 cores=4-5
/proc/327477/stat : 327477 (perf) S 327476 327477 327427 0 -1 0 1738 237 0 0 6 0 0 0 20 0 1 0 922859849 27553792 3404 17179869184 93824994299904 93824996572973 140737488338256 0 0 0 134217728 4 74274 1 0 0 17 4 0 0 0 0 0 93824998874888 93825001005840 93825001308160 140737488340074 140737488340471 140737488340471 140737488351179 0
/proc/327477/statm: 6727 3404 2099 555 0 1769 0
[pid=327481] ppid=327477 vsize=100724 memory=87304 CPUtime=642.18 cores=4-5
/proc/327481/stat : 327481 (clingo) R 327477 327477 327427 0 -1 0 20438 0 0 0 64217 1 0 0 20 0 1 0 922859857 103141376 21826 17179869184 93824992301056 93824992468925 140737488338416 0 0 0 134217728 4 25184771 0 0 0 17 4 0 0 0 0 0 93824992533936 93824992571272 93824992575488 140737488340184 140737488340355 140737488340355 140737488351170 0
/proc/327481/statm: 25181 21826 2091 41 0 21260 0
Current children cumulated CPU time: 642.24 s
Current children cumulated vsize: 127632 KiB
Current children cumulated memory: 100920 KiB

[startup+702.3 s]
/proc/loadavg: 14.01 14.18 12.53 15/818 327920
/proc/meminfo: memFree=356494740/528004516 swapFree=8388604/8388604
[pid=327477] ppid=327476 vsize=26908 memory=13616 CPUtime=0.06 cores=4-5
/proc/327477/stat : 327477 (perf) S 327476 327477 327427 0 -1 0 1738 237 0 0 6 0 0 0 20 0 1 0 922859849 27553792 3404 17179869184 93824994299904 93824996572973 140737488338256 0 0 0 134217728 4 74274 1 0 0 17 4 0 0 0 0 0 93824998874888 93825001005840 93825001308160 140737488340074 140737488340471 140737488340471 140737488351179 0
/proc/327477/statm: 6727 3404 2099 555 0 1769 0
[pid=327481] ppid=327477 vsize=106036 memory=92692 CPUtime=702.18 cores=4-5
/proc/327481/stat : 327481 (clingo) R 327477 327477 327427 0 -1 0 22304 0 0 0 70217 1 0 0 20 0 1 0 922859857 108580864 23173 17179869184 93824992301056 93824992468925 140737488338416 0 0 0 134217728 4 25184771 0 0 0 17 4 0 0 0 0 0 93824992533936 93824992571272 93824992575488 140737488340184 140737488340355 140737488340355 140737488351170 0
/proc/327481/statm: 26509 23173 2091 41 0 22588 0
Current children cumulated CPU time: 702.24 s
Current children cumulated vsize: 132944 KiB
Current children cumulated memory: 106308 KiB

[startup+762.3 s]
/proc/loadavg: 14.21 14.22 12.65 15/818 327921
/proc/meminfo: memFree=355551508/528004516 swapFree=8388604/8388604
[pid=327477] ppid=327476 vsize=26908 memory=13616 CPUtime=0.06 cores=4-5
/proc/327477/stat : 327477 (perf) S 327476 327477 327427 0 -1 0 1738 237 0 0 6 0 0 0 20 0 1 0 922859849 27553792 3404 17179869184 93824994299904 93824996572973 140737488338256 0 0 0 134217728 4 74274 1 0 0 17 4 0 0 0 0 0 93824998874888 93825001005840 93825001308160 140737488340074 140737488340471 140737488340471 140737488351179 0
/proc/327477/statm: 6727 3404 2099 555 0 1769 0
[pid=327481] ppid=327477 vsize=109092 memory=95688 CPUtime=762.18 cores=4-5
/proc/327481/stat : 327481 (clingo) R 327477 327477 327427 0 -1 0 23182 0 0 0 76217 1 0 0 20 0 1 0 922859857 111710208 23922 17179869184 93824992301056 93824992468925 140737488338416 0 0 0 134217728 4 25184771 0 0 0 17 4 0 0 0 0 0 93824992533936 93824992571272 93824992575488 140737488340184 140737488340355 140737488340355 140737488351170 0
/proc/327481/statm: 27273 23922 2091 41 0 23352 0
Current children cumulated CPU time: 762.24 s
Current children cumulated vsize: 136000 KiB
Current children cumulated memory: 109304 KiB

[startup+822.3 s]
/proc/loadavg: 14.07 14.18 12.74 15/817 327923
/proc/meminfo: memFree=354623928/528004516 swapFree=8388604/8388604
[pid=327477] ppid=327476 vsize=26908 memory=13616 CPUtime=0.06 cores=4-5
/proc/327477/stat : 327477 (perf) S 327476 327477 327427 0 -1 0 1738 237 0 0 6 0 0 0 20 0 1 0 922859849 27553792 3404 17179869184 93824994299904 93824996572973 140737488338256 0 0 0 134217728 4 74274 1 0 0 17 4 0 0 0 0 0 93824998874888 93825001005840 93825001308160 140737488340074 140737488340471 140737488340471 140737488351179 0
/proc/327477/statm: 6727 3404 2099 555 0 1769 0
[pid=327481] ppid=327477 vsize=111296 memory=97984 CPUtime=822.18 cores=4-5
/proc/327481/stat : 327481 (clingo) R 327477 327477 327427 0 -1 0 23914 0 0 0 82217 1 0 0 20 0 1 0 922859857 113967104 24496 17179869184 93824992301056 93824992468925 140737488338416 0 0 0 134217728 4 25184771 0 0 0 17 4 0 0 0 0 0 93824992533936 93824992571272 93824992575488 140737488340184 140737488340355 140737488340355 140737488351170 0
/proc/327481/statm: 27824 24496 2091 41 0 23903 0
Current children cumulated CPU time: 822.24 s
Current children cumulated vsize: 138204 KiB
Current children cumulated memory: 111600 KiB

[startup+882.3 s]
/proc/loadavg: 14.03 14.15 12.81 15/817 327926
/proc/meminfo: memFree=353906012/528004516 swapFree=8388604/8388604
[pid=327477] ppid=327476 vsize=26908 memory=13616 CPUtime=0.06 cores=4-5
/proc/327477/stat : 327477 (perf) S 327476 327477 327427 0 -1 0 1738 237 0 0 6 0 0 0 20 0 1 0 922859849 27553792 3404 17179869184 93824994299904 93824996572973 140737488338256 0 0 0 134217728 4 74274 1 0 0 17 4 0 0 0 0 0 93824998874888 93825001005840 93825001308160 140737488340074 140737488340471 140737488340471 140737488351179 0
/proc/327477/statm: 6727 3404 2099 555 0 1769 0
[pid=327481] ppid=327477 vsize=114972 memory=101352 CPUtime=882.18 cores=4-5
/proc/327481/stat : 327481 (clingo) R 327477 327477 327427 0 -1 0 25337 0 0 0 88217 1 0 0 20 0 1 0 922859857 117731328 25338 17179869184 93824992301056 93824992468925 140737488338416 0 0 0 134217728 4 25184771 0 0 0 17 4 0 0 0 0 0 93824992533936 93824992571272 93824992575488 140737488340184 140737488340355 140737488340355 140737488351170 0
/proc/327481/statm: 28743 25338 2091 41 0 24822 0
Current children cumulated CPU time: 882.24 s
Current children cumulated vsize: 141880 KiB
Current children cumulated memory: 114968 KiB

[startup+942.3 s]
/proc/loadavg: 14.29 14.18 12.91 15/818 327928
/proc/meminfo: memFree=353586492/528004516 swapFree=8388604/8388604
[pid=327477] ppid=327476 vsize=26908 memory=13616 CPUtime=0.06 cores=4-5
/proc/327477/stat : 327477 (perf) S 327476 327477 327427 0 -1 0 1738 237 0 0 6 0 0 0 20 0 1 0 922859849 27553792 3404 17179869184 93824994299904 93824996572973 140737488338256 0 0 0 134217728 4 74274 1 0 0 17 4 0 0 0 0 0 93824998874888 93825001005840 93825001308160 140737488340074 140737488340471 140737488340471 140737488351179 0
/proc/327477/statm: 6727 3404 2099 555 0 1769 0
[pid=327481] ppid=327477 vsize=119164 memory=105576 CPUtime=942.18 cores=4-5
/proc/327481/stat : 327481 (clingo) R 327477 327477 327427 0 -1 0 26346 0 0 0 94217 1 0 0 20 0 1 0 922859857 122023936 26394 17179869184 93824992301056 93824992468925 140737488338416 0 0 0 134217728 4 25184771 0 0 0 17 4 0 0 0 0 0 93824992533936 93824992571272 93824992575488 140737488340184 140737488340355 140737488340355 140737488351170 0
/proc/327481/statm: 29791 26394 2091 41 0 25870 0
Current children cumulated CPU time: 942.24 s
Current children cumulated vsize: 146072 KiB
Current children cumulated memory: 119192 KiB

[startup+1002.3 s]
/proc/loadavg: 14.14 14.16 12.99 15/818 327930
/proc/meminfo: memFree=353469848/528004516 swapFree=8388604/8388604
[pid=327477] ppid=327476 vsize=26908 memory=13616 CPUtime=0.06 cores=4-5
/proc/327477/stat : 327477 (perf) S 327476 327477 327427 0 -1 0 1738 237 0 0 6 0 0 0 20 0 1 0 922859849 27553792 3404 17179869184 93824994299904 93824996572973 140737488338256 0 0 0 134217728 4 74274 1 0 0 17 4 0 0 0 0 0 93824998874888 93825001005840 93825001308160 140737488340074 140737488340471 140737488340471 140737488351179 0
/proc/327477/statm: 6727 3404 2099 555 0 1769 0
[pid=327481] ppid=327477 vsize=120480 memory=107116 CPUtime=1002.18 cores=4-5
/proc/327481/stat : 327481 (clingo) R 327477 327477 327427 0 -1 0 26862 0 0 0 100217 1 0 0 20 0 1 0 922859857 123371520 26779 17179869184 93824992301056 93824992468925 140737488338416 0 0 0 134217728 4 25184771 0 0 0 17 4 0 0 0 0 0 93824992533936 93824992571272 93824992575488 140737488340184 140737488340355 140737488340355 140737488351170 0
/proc/327481/statm: 30120 26779 2091 41 0 26199 0
Current children cumulated CPU time: 1002.24 s
Current children cumulated vsize: 147388 KiB
Current children cumulated memory: 120732 KiB

[startup+1062.3 s]
/proc/loadavg: 14.05 14.13 13.05 15/818 327932
/proc/meminfo: memFree=353409628/528004516 swapFree=8388604/8388604
[pid=327477] ppid=327476 vsize=26908 memory=13616 CPUtime=0.06 cores=4-5
/proc/327477/stat : 327477 (perf) S 327476 327477 327427 0 -1 0 1738 237 0 0 6 0 0 0 20 0 1 0 922859849 27553792 3404 17179869184 93824994299904 93824996572973 140737488338256 0 0 0 134217728 4 74274 1 0 0 17 4 0 0 0 0 0 93824998874888 93825001005840 93825001308160 140737488340074 140737488340471 140737488340471 140737488351179 0
/proc/327477/statm: 6727 3404 2099 555 0 1769 0
[pid=327481] ppid=327477 vsize=122948 memory=109604 CPUtime=1062.18 cores=4-5
/proc/327481/stat : 327481 (clingo) R 327477 327477 327427 0 -1 0 27553 0 0 0 106217 1 0 0 20 0 1 0 922859857 125898752 27401 17179869184 93824992301056 93824992468925 140737488338416 0 0 0 134217728 4 25184771 0 0 0 17 4 0 0 0 0 0 93824992533936 93824992571272 93824992575488 140737488340184 140737488340355 140737488340355 140737488351170 0
/proc/327481/statm: 30737 27401 2091 41 0 26816 0
Current children cumulated CPU time: 1062.24 s
Current children cumulated vsize: 149856 KiB
Current children cumulated memory: 123220 KiB

[startup+1122.3 s]
/proc/loadavg: 14.36 14.20 13.15 15/818 327934
/proc/meminfo: memFree=353311096/528004516 swapFree=8388604/8388604
[pid=327477] ppid=327476 vsize=26908 memory=13616 CPUtime=0.06 cores=4-5
/proc/327477/stat : 327477 (perf) S 327476 327477 327427 0 -1 0 1738 237 0 0 6 0 0 0 20 0 1 0 922859849 27553792 3404 17179869184 93824994299904 93824996572973 140737488338256 0 0 0 134217728 4 74274 1 0 0 17 4 0 0 0 0 0 93824998874888 93825001005840 93825001308160 140737488340074 140737488340471 140737488340471 140737488351179 0
/proc/327477/statm: 6727 3404 2099 555 0 1769 0
[pid=327481] ppid=327477 vsize=126520 memory=112492 CPUtime=1122.18 cores=4-5
/proc/327481/stat : 327481 (clingo) R 327477 327477 327427 0 -1 0 28536 0 0 0 112217 1 0 0 20 0 1 0 922859857 129556480 28123 17179869184 93824992301056 93824992468925 140737488338416 0 0 0 134217728 4 25184771 0 0 0 17 4 0 0 0 0 0 93824992533936 93824992571272 93824992575488 140737488340184 140737488340355 140737488340355 140737488351170 0
/proc/327481/statm: 31630 28123 2091 41 0 27709 0
Current children cumulated CPU time: 1122.24 s
Current children cumulated vsize: 153428 KiB
Current children cumulated memory: 126108 KiB

[startup+1182.3 s]
/proc/loadavg: 14.52 14.27 13.24 15/819 327938
/proc/meminfo: memFree=353117308/528004516 swapFree=8388604/8388604
[pid=327477] ppid=327476 vsize=26908 memory=13616 CPUtime=0.06 cores=4-5
/proc/327477/stat : 327477 (perf) S 327476 327477 327427 0 -1 0 1738 237 0 0 6 0 0 0 20 0 1 0 922859849 27553792 3404 17179869184 93824994299904 93824996572973 140737488338256 0 0 0 134217728 4 74274 1 0 0 17 4 0 0 0 0 0 93824998874888 93825001005840 93825001308160 140737488340074 140737488340471 140737488340471 140737488351179 0
/proc/327477/statm: 6727 3404 2099 555 0 1769 0
[pid=327481] ppid=327477 vsize=128156 memory=114416 CPUtime=1182.18 cores=4-5
/proc/327481/stat : 327481 (clingo) R 327477 327477 327427 0 -1 0 29172 0 0 0 118217 1 0 0 20 0 1 0 922859857 131231744 28604 17179869184 93824992301056 93824992468925 140737488338416 0 0 0 134217728 4 25184771 0 0 0 17 4 0 0 0 0 0 93824992533936 93824992571272 93824992575488 140737488340184 140737488340355 140737488340355 140737488351170 0
/proc/327481/statm: 32039 28604 2091 41 0 28118 0
Current children cumulated CPU time: 1182.24 s
Current children cumulated vsize: 155064 KiB
Current children cumulated memory: 128032 KiB



Maximum wall clock time exceeded: sending SIGTERM then SIGKILL

[startup+1205 s]*
/proc/loadavg: 14.34 14.25 13.26 17/629 328217
/proc/meminfo: memFree=370135788/528004516 swapFree=8388604/8388604
[pid=327477] ppid=327476 vsize=26908 memory=13616 CPUtime=0.06 cores=4-5
/proc/327477/stat : 327477 (perf) S 327476 327477 327427 0 -1 0 1738 237 0 0 6 0 0 0 20 0 1 0 922859849 27553792 3404 17179869184 93824994299904 93824996572973 140737488338256 0 0 0 134217728 4 74274 1 0 0 17 4 0 0 0 0 0 93824998874888 93825001005840 93825001308160 140737488340074 140737488340471 140737488340471 140737488351179 0
/proc/327477/statm: 6727 3404 2099 555 0 1769 0
[pid=327481] ppid=327477 vsize=129992 memory=115860 CPUtime=1204.89 cores=4-5
/proc/327481/stat : 327481 (clingo) R 327477 327477 327427 0 -1 0 29662 0 0 0 120488 1 0 0 20 0 1 0 922859857 133111808 28965 17179869184 93824992301056 93824992468925 140737488338416 0 0 0 134217728 4 25184771 0 0 0 17 4 0 0 0 0 0 93824992533936 93824992571272 93824992575488 140737488340184 140737488340355 140737488340355 140737488351170 0
/proc/327481/statm: 32498 28965 2091 41 0 28577 0
Current children cumulated CPU time: 1204.95 s
Current children cumulated vsize: 156900 KiB
Current children cumulated memory: 129476 KiB

Sending SIGINT to process tree (bottom up)
Sleeping 5 seconds

[startup+1205.02 s]
# the end of solver process 327477 was just reported to runsolver
# cumulated CPU time of all completed processes:  user=1204.96 s, system=0.028643 s

Solver just ended.
??? end of watcher thread
Dumping a history of the last processes samples

Child status: 1
Real time (s): 1205.02
CPU time (s): 1204.99
CPU user time (s): 1204.96
CPU system time (s): 0.028643
CPU usage (%): 99.9973
Max. virtual memory (cumulated for all children) (KiB): 156900
Max. memory (cumulated for all children) (KiB): 129476

getrusage(RUSAGE_CHILDREN,...) data:
user time used= 1204.96
system time used= 0.028643
maximum resident set size= 115876
integral shared memory size= 0
integral unshared data size= 0
integral unshared stack size= 0
page reclaims= 31677
page faults= 0
swaps= 0
block input operations= 0
block output operations= 0
messages sent= 0
messages received= 0
signals received= 0
voluntary context switches= 17
involuntary context switches= 1040


# summary of solver processes directly reported to runsolver:
#   pid: 327477
#   total CPU time (s): 1204.99
#   total CPU user time (s): 1204.96
#   total CPU system time (s): 0.028643

??? end of timestamper thread
runsolver used 9.01324 second user time and 14.2438 second system time

The end
