runsolver version 3.4.0 (svn: 3018) Copyright (C) 2010-2013 Olivier ROUSSEL

This program is distributed in the hope that it will be useful,
but WITHOUT ANY WARRANTY; without even the implied warranty of
MERCHANTABILITY or FITNESS FOR A PARTICULAR PURPOSE.  See the
GNU General Public License for more details.

NUMA information:
  number of nodes: 2
  memory of node 0: 257587 MiB (122777 MiB free)
  memory of node 1: 258041 MiB (152080 MiB free)
  node distances:
     10  20
     20  10

command line: /dev/shm/37409fdc-2e81-11f1-ac62-000c298f4621/input/runsolver -w /dev/shm/37409fdc-2e81-11f1-ac62-000c298f4621/output/runsolver.log -v /dev/shm/37409fdc-2e81-11f1-ac62-000c298f4621/output/varfile.log -W 1205 --rss-swap-limit 16384 -d 5 --sigint /usr/bin/perf stat -B -e task-clock,cache-references,cache-misses,cycles,instructions,branches,faults,migrations,context-switches -o /dev/shm/37409fdc-2e81-11f1-ac62-000c298f4621/output/perf.log clingo /home/guests/mmacri/AMOSUM/benchmarks/GraphColouring/encoding-plain-amo.asp /dev/shm/37409fdc-2e81-11f1-ac62-000c298f4621/input/0012-graph_colouring-130-0_2496.asp 

running on 2 cores: 28-29

Enforcing wall clock limit (soft limit, will send SIGTERM then SIGKILL): 1205 seconds
Enforcing RSS+Swap limit (soft limit, will send SIGTERM then SIGKILL): 16777216 KiB
Linux 5.15.0-131-generic
Current StackSize limit: 8192 KiB

solver pid=2927106, runsolver pid=2927085

[startup+0.100069 s]*
/proc/loadavg: 14.00 14.20 13.25 19/773 2927165
/proc/meminfo: memFree=281436504/528004512 swapFree=8388604/8388604
[pid=2927106] ppid=2927085 vsize=26908 memory=13612 CPUtime=0.08 cores=28-29
/proc/2927106/stat : 2927106 (perf) S 2927085 2927106 2926718 0 -1 0 1739 237 0 0 6 2 0 0 20 0 1 0 912536195 27553792 3403 17179869184 93824994299904 93824996572973 140737488338256 0 0 0 134217728 4 74274 1 0 0 17 28 0 0 0 0 0 93824998874888 93825001005840 93825001308160 140737488340073 140737488340470 140737488340470 140737488351179 0
/proc/2927106/statm: 6727 3403 2098 555 0 1769 0
[pid=2927158] ppid=2927106 vsize=18652 memory=10376 CPUtime=0.01 cores=28-29
/proc/2927158/stat : 2927158 (clingo) R 2927106 2927106 2926718 0 -1 0 826 0 0 0 1 0 0 0 20 0 1 0 912536204 19099648 2594 17179869184 93824992301056 93824992468925 140737488338416 0 0 0 134217728 4 25184771 0 0 0 17 29 0 0 0 0 0 93824992533936 93824992571272 93824992575488 140737488340183 140737488340354 140737488340354 140737488351170 0
/proc/2927158/statm: 4663 2594 2043 41 0 742 0
Current children cumulated CPU time: 0.09 s
Current children cumulated vsize: 45560 KiB
Current children cumulated memory: 23988 KiB

[startup+0.225781 s]*
/proc/loadavg: 14.00 14.20 13.25 17/793 2927254
/proc/meminfo: memFree=284295252/528004512 swapFree=8388604/8388604
[pid=2927106] ppid=2927085 vsize=26908 memory=13612 CPUtime=0.08 cores=28-29
/proc/2927106/stat : 2927106 (perf) S 2927085 2927106 2926718 0 -1 0 1739 237 0 0 6 2 0 0 20 0 1 0 912536195 27553792 3403 17179869184 93824994299904 93824996572973 140737488338256 0 0 0 134217728 4 74274 1 0 0 17 28 0 0 0 0 0 93824998874888 93825001005840 93825001308160 140737488340073 140737488340470 140737488340470 140737488351179 0
/proc/2927106/statm: 6727 3403 2098 555 0 1769 0
[pid=2927158] ppid=2927106 vsize=25624 memory=17400 CPUtime=0.13 cores=28-29
/proc/2927158/stat : 2927158 (clingo) R 2927106 2927106 2926718 0 -1 0 2627 0 0 0 12 1 0 0 20 0 1 0 912536204 26238976 4350 17179869184 93824992301056 93824992468925 140737488338416 0 0 0 134217728 4 25184771 0 0 0 17 28 0 0 0 0 0 93824992533936 93824992571272 93824992575488 140737488340183 140737488340354 140737488340354 140737488351170 0
/proc/2927158/statm: 6406 4350 2089 41 0 2485 0
Current children cumulated CPU time: 0.21 s
Current children cumulated vsize: 52532 KiB
Current children cumulated memory: 31012 KiB

[startup+0.334101 s]*
/proc/loadavg: 14.00 14.19 13.25 19/778 2927323
/proc/meminfo: memFree=284275160/528004512 swapFree=8388604/8388604
[pid=2927106] ppid=2927085 vsize=26908 memory=13612 CPUtime=0.08 cores=28-29
/proc/2927106/stat : 2927106 (perf) S 2927085 2927106 2926718 0 -1 0 1739 237 0 0 6 2 0 0 20 0 1 0 912536195 27553792 3403 17179869184 93824994299904 93824996572973 140737488338256 0 0 0 134217728 4 74274 1 0 0 17 28 0 0 0 0 0 93824998874888 93825001005840 93825001308160 140737488340073 140737488340470 140737488340470 140737488351179 0
/proc/2927106/statm: 6727 3403 2098 555 0 1769 0
[pid=2927158] ppid=2927106 vsize=27880 memory=19776 CPUtime=0.22 cores=28-29
/proc/2927158/stat : 2927158 (clingo) R 2927106 2927106 2926718 0 -1 0 3180 0 0 0 21 1 0 0 20 0 1 0 912536204 28549120 4944 17179869184 93824992301056 93824992468925 140737488338416 0 0 0 134217728 4 25184771 0 0 0 17 28 0 0 0 0 0 93824992533936 93824992571272 93824992575488 140737488340183 140737488340354 140737488340354 140737488351170 0
/proc/2927158/statm: 6970 4944 2089 41 0 3049 0
Current children cumulated CPU time: 0.3 s
Current children cumulated vsize: 54788 KiB
Current children cumulated memory: 33388 KiB

[startup+0.700312 s]
/proc/loadavg: 14.00 14.19 13.25 21/802 2927490
/proc/meminfo: memFree=284269920/528004512 swapFree=8388604/8388604
[pid=2927106] ppid=2927085 vsize=26908 memory=13612 CPUtime=0.08 cores=28-29
/proc/2927106/stat : 2927106 (perf) S 2927085 2927106 2926718 0 -1 0 1739 237 0 0 6 2 0 0 20 0 1 0 912536195 27553792 3403 17179869184 93824994299904 93824996572973 140737488338256 0 0 0 134217728 4 74274 1 0 0 17 28 0 0 0 0 0 93824998874888 93825001005840 93825001308160 140737488340073 140737488340470 140737488340470 140737488351179 0
/proc/2927106/statm: 6727 3403 2098 555 0 1769 0
[pid=2927158] ppid=2927106 vsize=30520 memory=22416 CPUtime=0.57 cores=28-29
/proc/2927158/stat : 2927158 (clingo) R 2927106 2927106 2926718 0 -1 0 3861 0 0 0 56 1 0 0 20 0 1 0 912536204 31252480 5604 17179869184 93824992301056 93824992468925 140737488338416 0 0 0 134217728 4 25184771 0 0 0 17 28 0 0 0 0 0 93824992533936 93824992571272 93824992575488 140737488340183 140737488340354 140737488340354 140737488351170 0
/proc/2927158/statm: 7630 5604 2089 41 0 3709 0
Current children cumulated CPU time: 0.65 s
Current children cumulated vsize: 57428 KiB
Current children cumulated memory: 36028 KiB

[startup+1.50028 s]
/proc/loadavg: 14.00 14.19 13.25 24/811 2927693
/proc/meminfo: memFree=284237456/528004512 swapFree=8388604/8388604
[pid=2927106] ppid=2927085 vsize=26908 memory=13612 CPUtime=0.08 cores=28-29
/proc/2927106/stat : 2927106 (perf) S 2927085 2927106 2926718 0 -1 0 1739 237 0 0 6 2 0 0 20 0 1 0 912536195 27553792 3403 17179869184 93824994299904 93824996572973 140737488338256 0 0 0 134217728 4 74274 1 0 0 17 28 0 0 0 0 0 93824998874888 93825001005840 93825001308160 140737488340073 140737488340470 140737488340470 140737488351179 0
/proc/2927106/statm: 6727 3403 2098 555 0 1769 0
[pid=2927158] ppid=2927106 vsize=35176 memory=26904 CPUtime=1.37 cores=28-29
/proc/2927158/stat : 2927158 (clingo) R 2927106 2927106 2926718 0 -1 0 4996 0 0 0 136 1 0 0 20 0 1 0 912536204 36020224 6726 17179869184 93824992301056 93824992468925 140737488338416 0 0 0 134217728 4 25184771 0 0 0 17 28 0 0 0 0 0 93824992533936 93824992571272 93824992575488 140737488340183 140737488340354 140737488340354 140737488351170 0
/proc/2927158/statm: 8794 6726 2089 41 0 4873 0
Current children cumulated CPU time: 1.45 s
Current children cumulated vsize: 62084 KiB
Current children cumulated memory: 40516 KiB

[startup+3.11843 s]
/proc/loadavg: 14.00 14.19 13.25 19/823 2927998
/proc/meminfo: memFree=284346180/528004512 swapFree=8388604/8388604
[pid=2927106] ppid=2927085 vsize=26908 memory=13612 CPUtime=0.08 cores=28-29
/proc/2927106/stat : 2927106 (perf) S 2927085 2927106 2926718 0 -1 0 1739 237 0 0 6 2 0 0 20 0 1 0 912536195 27553792 3403 17179869184 93824994299904 93824996572973 140737488338256 0 0 0 134217728 4 74274 1 0 0 17 28 0 0 0 0 0 93824998874888 93825001005840 93825001308160 140737488340073 140737488340470 140737488340470 140737488351179 0
/proc/2927106/statm: 6727 3403 2098 555 0 1769 0
[pid=2927158] ppid=2927106 vsize=36500 memory=28488 CPUtime=2.99 cores=28-29
/proc/2927158/stat : 2927158 (clingo) R 2927106 2927106 2926718 0 -1 0 5355 0 0 0 298 1 0 0 20 0 1 0 912536204 37376000 7122 17179869184 93824992301056 93824992468925 140737488338416 0 0 0 134217728 4 25184771 0 0 0 17 28 0 0 0 0 0 93824992533936 93824992571272 93824992575488 140737488340183 140737488340354 140737488340354 140737488351170 0
/proc/2927158/statm: 9125 7122 2089 41 0 5204 0
Current children cumulated CPU time: 3.07 s
Current children cumulated vsize: 63408 KiB
Current children cumulated memory: 42100 KiB

[startup+6.30027 s]
/proc/loadavg: 14.00 14.19 13.25 19/823 2927998
/proc/meminfo: memFree=284294496/528004512 swapFree=8388604/8388604
[pid=2927106] ppid=2927085 vsize=26908 memory=13612 CPUtime=0.08 cores=28-29
/proc/2927106/stat : 2927106 (perf) S 2927085 2927106 2926718 0 -1 0 1739 237 0 0 6 2 0 0 20 0 1 0 912536195 27553792 3403 17179869184 93824994299904 93824996572973 140737488338256 0 0 0 134217728 4 74274 1 0 0 17 28 0 0 0 0 0 93824998874888 93825001005840 93825001308160 140737488340073 140737488340470 140737488340470 140737488351179 0
/proc/2927106/statm: 6727 3403 2098 555 0 1769 0
[pid=2927158] ppid=2927106 vsize=39668 memory=31656 CPUtime=6.17 cores=28-29
/proc/2927158/stat : 2927158 (clingo) R 2927106 2927106 2926718 0 -1 0 6129 0 0 0 616 1 0 0 20 0 1 0 912536204 40620032 7914 17179869184 93824992301056 93824992468925 140737488338416 0 0 0 134217728 4 25184771 0 0 0 17 28 0 0 0 0 0 93824992533936 93824992571272 93824992575488 140737488340183 140737488340354 140737488340354 140737488351170 0
/proc/2927158/statm: 9917 7914 2089 41 0 5996 0
Current children cumulated CPU time: 6.25 s
Current children cumulated vsize: 66576 KiB
Current children cumulated memory: 45268 KiB

[startup+12.7002 s]
/proc/loadavg: 14.00 14.18 13.26 19/823 2927998
/proc/meminfo: memFree=284238848/528004512 swapFree=8388604/8388604
[pid=2927106] ppid=2927085 vsize=26908 memory=13612 CPUtime=0.08 cores=28-29
/proc/2927106/stat : 2927106 (perf) S 2927085 2927106 2926718 0 -1 0 1739 237 0 0 6 2 0 0 20 0 1 0 912536195 27553792 3403 17179869184 93824994299904 93824996572973 140737488338256 0 0 0 134217728 4 74274 1 0 0 17 28 0 0 0 0 0 93824998874888 93825001005840 93825001308160 140737488340073 140737488340470 140737488340470 140737488351179 0
/proc/2927106/statm: 6727 3403 2098 555 0 1769 0
[pid=2927158] ppid=2927106 vsize=47588 memory=39328 CPUtime=12.56 cores=28-29
/proc/2927158/stat : 2927158 (clingo) R 2927106 2927106 2926718 0 -1 0 8378 0 0 0 1255 1 0 0 20 0 1 0 912536204 48730112 9832 17179869184 93824992301056 93824992468925 140737488338416 0 0 0 134217728 4 25184771 0 0 0 17 28 0 0 0 0 0 93824992533936 93824992571272 93824992575488 140737488340183 140737488340354 140737488340354 140737488351170 0
/proc/2927158/statm: 11897 9832 2089 41 0 7976 0
Current children cumulated CPU time: 12.64 s
Current children cumulated vsize: 74496 KiB
Current children cumulated memory: 52940 KiB

[startup+25.5003 s]
/proc/loadavg: 14.00 14.18 13.27 19/824 2928000
/proc/meminfo: memFree=284173520/528004512 swapFree=8388604/8388604
[pid=2927106] ppid=2927085 vsize=26908 memory=13612 CPUtime=0.08 cores=28-29
/proc/2927106/stat : 2927106 (perf) S 2927085 2927106 2926718 0 -1 0 1739 237 0 0 6 2 0 0 20 0 1 0 912536195 27553792 3403 17179869184 93824994299904 93824996572973 140737488338256 0 0 0 134217728 4 74274 1 0 0 17 28 0 0 0 0 0 93824998874888 93825001005840 93825001308160 140737488340073 140737488340470 140737488340470 140737488351179 0
/proc/2927106/statm: 6727 3403 2098 555 0 1769 0
[pid=2927158] ppid=2927106 vsize=55252 memory=47060 CPUtime=25.36 cores=28-29
/proc/2927158/stat : 2927158 (clingo) R 2927106 2927106 2926718 0 -1 0 11703 0 0 0 2535 1 0 0 20 0 1 0 912536204 56578048 11765 17179869184 93824992301056 93824992468925 140737488338416 0 0 0 134217728 4 25184771 0 0 0 17 28 0 0 0 0 0 93824992533936 93824992571272 93824992575488 140737488340183 140737488340354 140737488340354 140737488351170 0
/proc/2927158/statm: 13813 11765 2089 41 0 9892 0
Current children cumulated CPU time: 25.44 s
Current children cumulated vsize: 82160 KiB
Current children cumulated memory: 60672 KiB

[startup+51.1186 s]
/proc/loadavg: 14.07 14.18 13.30 19/823 2928000
/proc/meminfo: memFree=284085508/528004512 swapFree=8388604/8388604
[pid=2927106] ppid=2927085 vsize=26908 memory=13612 CPUtime=0.08 cores=28-29
/proc/2927106/stat : 2927106 (perf) S 2927085 2927106 2926718 0 -1 0 1739 237 0 0 6 2 0 0 20 0 1 0 912536195 27553792 3403 17179869184 93824994299904 93824996572973 140737488338256 0 0 0 134217728 4 74274 1 0 0 17 28 0 0 0 0 0 93824998874888 93825001005840 93825001308160 140737488340073 140737488340470 140737488340470 140737488351179 0
/proc/2927106/statm: 6727 3403 2098 555 0 1769 0
[pid=2927158] ppid=2927106 vsize=61968 memory=53832 CPUtime=50.99 cores=28-29
/proc/2927158/stat : 2927158 (clingo) R 2927106 2927106 2926718 0 -1 0 13703 0 0 0 5097 2 0 0 20 0 1 0 912536204 63455232 13458 17179869184 93824992301056 93824992468925 140737488338416 0 0 0 134217728 4 25184771 0 0 0 17 28 0 0 0 0 0 93824992533936 93824992571272 93824992575488 140737488340183 140737488340354 140737488340354 140737488351170 0
/proc/2927158/statm: 15492 13458 2089 41 0 11571 0
Current children cumulated CPU time: 51.07 s
Current children cumulated vsize: 88876 KiB
Current children cumulated memory: 67444 KiB

[startup+102.3 s]
/proc/loadavg: 14.03 14.15 13.34 19/824 2928047
/proc/meminfo: memFree=283956264/528004512 swapFree=8388604/8388604
[pid=2927106] ppid=2927085 vsize=26908 memory=13612 CPUtime=0.08 cores=28-29
/proc/2927106/stat : 2927106 (perf) S 2927085 2927106 2926718 0 -1 0 1739 237 0 0 6 2 0 0 20 0 1 0 912536195 27553792 3403 17179869184 93824994299904 93824996572973 140737488338256 0 0 0 134217728 4 74274 1 0 0 17 28 0 0 0 0 0 93824998874888 93825001005840 93825001308160 140737488340073 140737488340470 140737488340470 140737488351179 0
/proc/2927106/statm: 6727 3403 2098 555 0 1769 0
[pid=2927158] ppid=2927106 vsize=73180 memory=64744 CPUtime=102.16 cores=28-29
/proc/2927158/stat : 2927158 (clingo) R 2927106 2927106 2926718 0 -1 0 18836 0 0 0 10214 2 0 0 20 0 1 0 912536204 74936320 16186 17179869184 93824992301056 93824992468925 140737488338416 0 0 0 134217728 4 25184771 0 0 0 17 28 0 0 0 0 0 93824992533936 93824992571272 93824992575488 140737488340183 140737488340354 140737488340354 140737488351170 0
/proc/2927158/statm: 18295 16186 2089 41 0 14374 0
Current children cumulated CPU time: 102.24 s
Current children cumulated vsize: 100088 KiB
Current children cumulated memory: 78356 KiB

[startup+162.3 s]
/proc/loadavg: 14.27 14.18 13.40 19/823 2928050
/proc/meminfo: memFree=283855992/528004512 swapFree=8388604/8388604
[pid=2927106] ppid=2927085 vsize=26908 memory=13612 CPUtime=0.08 cores=28-29
/proc/2927106/stat : 2927106 (perf) S 2927085 2927106 2926718 0 -1 0 1739 237 0 0 6 2 0 0 20 0 1 0 912536195 27553792 3403 17179869184 93824994299904 93824996572973 140737488338256 0 0 0 134217728 4 74274 1 0 0 17 28 0 0 0 0 0 93824998874888 93825001005840 93825001308160 140737488340073 140737488340470 140737488340470 140737488351179 0
/proc/2927106/statm: 6727 3403 2098 555 0 1769 0
[pid=2927158] ppid=2927106 vsize=83732 memory=75576 CPUtime=162.16 cores=28-29
/proc/2927158/stat : 2927158 (clingo) R 2927106 2927106 2926718 0 -1 0 23088 0 0 0 16213 3 0 0 20 0 1 0 912536204 85741568 18894 17179869184 93824992301056 93824992468925 140737488338416 0 0 0 134217728 4 25184771 0 0 0 17 28 0 0 0 0 0 93824992533936 93824992571272 93824992575488 140737488340183 140737488340354 140737488340354 140737488351170 0
/proc/2927158/statm: 20933 18894 2089 41 0 17012 0
Current children cumulated CPU time: 162.24 s
Current children cumulated vsize: 110640 KiB
Current children cumulated memory: 89188 KiB

[startup+222.3 s]
/proc/loadavg: 14.10 14.15 13.44 19/823 2928053
/proc/meminfo: memFree=283773532/528004512 swapFree=8388604/8388604
[pid=2927106] ppid=2927085 vsize=26908 memory=13612 CPUtime=0.08 cores=28-29
/proc/2927106/stat : 2927106 (perf) S 2927085 2927106 2926718 0 -1 0 1739 237 0 0 6 2 0 0 20 0 1 0 912536195 27553792 3403 17179869184 93824994299904 93824996572973 140737488338256 0 0 0 134217728 4 74274 1 0 0 17 28 0 0 0 0 0 93824998874888 93825001005840 93825001308160 140737488340073 140737488340470 140737488340470 140737488351179 0
/proc/2927106/statm: 6727 3403 2098 555 0 1769 0
[pid=2927158] ppid=2927106 vsize=88660 memory=80576 CPUtime=222.17 cores=28-29
/proc/2927158/stat : 2927158 (clingo) R 2927106 2927106 2926718 0 -1 0 26959 0 0 0 22213 4 0 0 20 0 1 0 912536204 90787840 20144 17179869184 93824992301056 93824992468925 140737488338416 0 0 0 134217728 4 25184771 0 0 0 17 28 0 0 0 0 0 93824992533936 93824992571272 93824992575488 140737488340183 140737488340354 140737488340354 140737488351170 0
/proc/2927158/statm: 22165 20144 2089 41 0 18244 0
Current children cumulated CPU time: 222.25 s
Current children cumulated vsize: 115568 KiB
Current children cumulated memory: 94188 KiB

[startup+282.3 s]
/proc/loadavg: 14.10 14.13 13.49 19/823 2928056
/proc/meminfo: memFree=283693648/528004512 swapFree=8388604/8388604
[pid=2927106] ppid=2927085 vsize=26908 memory=13612 CPUtime=0.08 cores=28-29
/proc/2927106/stat : 2927106 (perf) S 2927085 2927106 2926718 0 -1 0 1739 237 0 0 6 2 0 0 20 0 1 0 912536195 27553792 3403 17179869184 93824994299904 93824996572973 140737488338256 0 0 0 134217728 4 74274 1 0 0 17 28 0 0 0 0 0 93824998874888 93825001005840 93825001308160 140737488340073 140737488340470 140737488340470 140737488351179 0
/proc/2927106/statm: 6727 3403 2098 555 0 1769 0
[pid=2927158] ppid=2927106 vsize=96664 memory=88508 CPUtime=282.16 cores=28-29
/proc/2927158/stat : 2927158 (clingo) R 2927106 2927106 2926718 0 -1 0 31560 0 0 0 28211 5 0 0 20 0 1 0 912536204 98983936 22127 17179869184 93824992301056 93824992468925 140737488338416 0 0 0 134217728 4 25184771 0 0 0 17 28 0 0 0 0 0 93824992533936 93824992571272 93824992575488 140737488340183 140737488340354 140737488340354 140737488351170 0
/proc/2927158/statm: 24166 22127 2089 41 0 20245 0
Current children cumulated CPU time: 282.24 s
Current children cumulated vsize: 123572 KiB
Current children cumulated memory: 102120 KiB

[startup+342.3 s]
/proc/loadavg: 14.35 14.22 13.56 19/808 2928060
/proc/meminfo: memFree=283620876/528004512 swapFree=8388604/8388604
[pid=2927106] ppid=2927085 vsize=26908 memory=13612 CPUtime=0.08 cores=28-29
/proc/2927106/stat : 2927106 (perf) S 2927085 2927106 2926718 0 -1 0 1739 237 0 0 6 2 0 0 20 0 1 0 912536195 27553792 3403 17179869184 93824994299904 93824996572973 140737488338256 0 0 0 134217728 4 74274 1 0 0 17 28 0 0 0 0 0 93824998874888 93825001005840 93825001308160 140737488340073 140737488340470 140737488340470 140737488351179 0
/proc/2927106/statm: 6727 3403 2098 555 0 1769 0
[pid=2927158] ppid=2927106 vsize=100116 memory=91940 CPUtime=342.17 cores=28-29
/proc/2927158/stat : 2927158 (clingo) R 2927106 2927106 2926718 0 -1 0 34915 0 0 0 34210 7 0 0 20 0 1 0 912536204 102518784 22985 17179869184 93824992301056 93824992468925 140737488338416 0 0 0 134217728 4 25184771 0 0 0 17 28 0 0 0 0 0 93824992533936 93824992571272 93824992575488 140737488340183 140737488340354 140737488340354 140737488351170 0
/proc/2927158/statm: 25029 22985 2089 41 0 21108 0
Current children cumulated CPU time: 342.25 s
Current children cumulated vsize: 127024 KiB
Current children cumulated memory: 105552 KiB

[startup+402.3 s]
/proc/loadavg: 14.35 14.23 13.61 19/803 2928063
/proc/meminfo: memFree=283563472/528004512 swapFree=8388604/8388604
[pid=2927106] ppid=2927085 vsize=26908 memory=13612 CPUtime=0.08 cores=28-29
/proc/2927106/stat : 2927106 (perf) S 2927085 2927106 2926718 0 -1 0 1739 237 0 0 6 2 0 0 20 0 1 0 912536195 27553792 3403 17179869184 93824994299904 93824996572973 140737488338256 0 0 0 134217728 4 74274 1 0 0 17 28 0 0 0 0 0 93824998874888 93825001005840 93825001308160 140737488340073 140737488340470 140737488340470 140737488351179 0
/proc/2927106/statm: 6727 3403 2098 555 0 1769 0
[pid=2927158] ppid=2927106 vsize=106912 memory=98280 CPUtime=402.16 cores=28-29
/proc/2927158/stat : 2927158 (clingo) R 2927106 2927106 2926718 0 -1 0 36983 0 0 0 40209 7 0 0 20 0 1 0 912536204 109477888 24570 17179869184 93824992301056 93824992468925 140737488338416 0 0 0 134217728 4 25184771 0 0 0 17 28 0 0 0 0 0 93824992533936 93824992571272 93824992575488 140737488340183 140737488340354 140737488340354 140737488351170 0
/proc/2927158/statm: 26728 24570 2089 41 0 22807 0
Current children cumulated CPU time: 402.24 s
Current children cumulated vsize: 133820 KiB
Current children cumulated memory: 111892 KiB

[startup+462.3 s]
/proc/loadavg: 14.16 14.20 13.64 19/803 2928118
/proc/meminfo: memFree=283478568/528004512 swapFree=8388604/8388604
[pid=2927106] ppid=2927085 vsize=26908 memory=13612 CPUtime=0.08 cores=28-29
/proc/2927106/stat : 2927106 (perf) S 2927085 2927106 2926718 0 -1 0 1739 237 0 0 6 2 0 0 20 0 1 0 912536195 27553792 3403 17179869184 93824994299904 93824996572973 140737488338256 0 0 0 134217728 4 74274 1 0 0 17 28 0 0 0 0 0 93824998874888 93825001005840 93825001308160 140737488340073 140737488340470 140737488340470 140737488351179 0
/proc/2927106/statm: 6727 3403 2098 555 0 1769 0
[pid=2927158] ppid=2927106 vsize=110064 memory=101792 CPUtime=462.16 cores=28-29
/proc/2927158/stat : 2927158 (clingo) R 2927106 2927106 2926718 0 -1 0 38667 0 0 0 46208 8 0 0 20 0 1 0 912536204 112705536 25448 17179869184 93824992301056 93824992468925 140737488338416 0 0 0 134217728 4 25184771 0 0 0 17 28 0 0 0 0 0 93824992533936 93824992571272 93824992575488 140737488340183 140737488340354 140737488340354 140737488351170 0
/proc/2927158/statm: 27516 25448 2089 41 0 23595 0
Current children cumulated CPU time: 462.24 s
Current children cumulated vsize: 136972 KiB
Current children cumulated memory: 115404 KiB

[startup+522.3 s]
/proc/loadavg: 14.13 14.18 13.67 19/804 2928123
/proc/meminfo: memFree=283450108/528004512 swapFree=8388604/8388604
[pid=2927106] ppid=2927085 vsize=26908 memory=13612 CPUtime=0.08 cores=28-29
/proc/2927106/stat : 2927106 (perf) S 2927085 2927106 2926718 0 -1 0 1739 237 0 0 6 2 0 0 20 0 1 0 912536195 27553792 3403 17179869184 93824994299904 93824996572973 140737488338256 0 0 0 134217728 4 74274 1 0 0 17 28 0 0 0 0 0 93824998874888 93825001005840 93825001308160 140737488340073 140737488340470 140737488340470 140737488351179 0
/proc/2927106/statm: 6727 3403 2098 555 0 1769 0
[pid=2927158] ppid=2927106 vsize=113264 memory=105020 CPUtime=522.16 cores=28-29
/proc/2927158/stat : 2927158 (clingo) R 2927106 2927106 2926718 0 -1 0 40395 0 0 0 52208 8 0 0 20 0 1 0 912536204 115982336 26255 17179869184 93824992301056 93824992468925 140737488338416 0 0 0 134217728 4 25184771 0 0 0 17 28 0 0 0 0 0 93824992533936 93824992571272 93824992575488 140737488340183 140737488340354 140737488340354 140737488351170 0
/proc/2927158/statm: 28316 26255 2089 41 0 24395 0
Current children cumulated CPU time: 522.24 s
Current children cumulated vsize: 140172 KiB
Current children cumulated memory: 118632 KiB

[startup+582.3 s]
/proc/loadavg: 14.05 14.14 13.69 19/804 2928126
/proc/meminfo: memFree=283406544/528004512 swapFree=8388604/8388604
[pid=2927106] ppid=2927085 vsize=26908 memory=13612 CPUtime=0.08 cores=28-29
/proc/2927106/stat : 2927106 (perf) S 2927085 2927106 2926718 0 -1 0 1739 237 0 0 6 2 0 0 20 0 1 0 912536195 27553792 3403 17179869184 93824994299904 93824996572973 140737488338256 0 0 0 134217728 4 74274 1 0 0 17 28 0 0 0 0 0 93824998874888 93825001005840 93825001308160 140737488340073 140737488340470 140737488340470 140737488351179 0
/proc/2927106/statm: 6727 3403 2098 555 0 1769 0
[pid=2927158] ppid=2927106 vsize=118316 memory=110092 CPUtime=582.17 cores=28-29
/proc/2927158/stat : 2927158 (clingo) R 2927106 2927106 2926718 0 -1 0 42754 0 0 0 58208 9 0 0 20 0 1 0 912536204 121155584 27523 17179869184 93824992301056 93824992468925 140737488338416 0 0 0 134217728 4 25184771 0 0 0 17 28 0 0 0 0 0 93824992533936 93824992571272 93824992575488 140737488340183 140737488340354 140737488340354 140737488351170 0
/proc/2927158/statm: 29579 27523 2089 41 0 25658 0
Current children cumulated CPU time: 582.25 s
Current children cumulated vsize: 145224 KiB
Current children cumulated memory: 123704 KiB

[startup+642.3 s]
/proc/loadavg: 14.55 14.28 13.77 19/804 2928130
/proc/meminfo: memFree=283365348/528004512 swapFree=8388604/8388604
[pid=2927106] ppid=2927085 vsize=26908 memory=13612 CPUtime=0.08 cores=28-29
/proc/2927106/stat : 2927106 (perf) S 2927085 2927106 2926718 0 -1 0 1739 237 0 0 6 2 0 0 20 0 1 0 912536195 27553792 3403 17179869184 93824994299904 93824996572973 140737488338256 0 0 0 134217728 4 74274 1 0 0 17 28 0 0 0 0 0 93824998874888 93825001005840 93825001308160 140737488340073 140737488340470 140737488340470 140737488351179 0
/proc/2927106/statm: 6727 3403 2098 555 0 1769 0
[pid=2927158] ppid=2927106 vsize=120436 memory=112216 CPUtime=642.17 cores=28-29
/proc/2927158/stat : 2927158 (clingo) R 2927106 2927106 2926718 0 -1 0 44932 0 0 0 64208 9 0 0 20 0 1 0 912536204 123326464 28054 17179869184 93824992301056 93824992468925 140737488338416 0 0 0 134217728 4 25184771 0 0 0 17 28 0 0 0 0 0 93824992533936 93824992571272 93824992575488 140737488340183 140737488340354 140737488340354 140737488351170 0
/proc/2927158/statm: 30109 28054 2089 41 0 26188 0
Current children cumulated CPU time: 642.25 s
Current children cumulated vsize: 147344 KiB
Current children cumulated memory: 125828 KiB

[startup+702.3 s]
/proc/loadavg: 14.20 14.23 13.79 19/804 2928133
/proc/meminfo: memFree=283320784/528004512 swapFree=8388604/8388604
[pid=2927106] ppid=2927085 vsize=26908 memory=13612 CPUtime=0.08 cores=28-29
/proc/2927106/stat : 2927106 (perf) S 2927085 2927106 2926718 0 -1 0 1739 237 0 0 6 2 0 0 20 0 1 0 912536195 27553792 3403 17179869184 93824994299904 93824996572973 140737488338256 0 0 0 134217728 4 74274 1 0 0 17 28 0 0 0 0 0 93824998874888 93825001005840 93825001308160 140737488340073 140737488340470 140737488340470 140737488351179 0
/proc/2927106/statm: 6727 3403 2098 555 0 1769 0
[pid=2927158] ppid=2927106 vsize=123960 memory=115496 CPUtime=702.17 cores=28-29
/proc/2927158/stat : 2927158 (clingo) R 2927106 2927106 2926718 0 -1 0 48258 0 0 0 70208 9 0 0 20 0 1 0 912536204 126935040 28874 17179869184 93824992301056 93824992468925 140737488338416 0 0 0 134217728 4 25184771 0 0 0 17 28 0 0 0 0 0 93824992533936 93824992571272 93824992575488 140737488340183 140737488340354 140737488340354 140737488351170 0
/proc/2927158/statm: 30990 28874 2089 41 0 27069 0
Current children cumulated CPU time: 702.25 s
Current children cumulated vsize: 150868 KiB
Current children cumulated memory: 129108 KiB

[startup+762.3 s]
/proc/loadavg: 14.07 14.18 13.81 19/804 2928136
/proc/meminfo: memFree=283279112/528004512 swapFree=8388604/8388604
[pid=2927106] ppid=2927085 vsize=26908 memory=13612 CPUtime=0.08 cores=28-29
/proc/2927106/stat : 2927106 (perf) S 2927085 2927106 2926718 0 -1 0 1739 237 0 0 6 2 0 0 20 0 1 0 912536195 27553792 3403 17179869184 93824994299904 93824996572973 140737488338256 0 0 0 134217728 4 74274 1 0 0 17 28 0 0 0 0 0 93824998874888 93825001005840 93825001308160 140737488340073 140737488340470 140737488340470 140737488351179 0
/proc/2927106/statm: 6727 3403 2098 555 0 1769 0
[pid=2927158] ppid=2927106 vsize=126960 memory=118772 CPUtime=762.17 cores=28-29
/proc/2927158/stat : 2927158 (clingo) R 2927106 2927106 2926718 0 -1 0 50266 0 0 0 76208 9 0 0 20 0 1 0 912536204 130007040 29693 17179869184 93824992301056 93824992468925 140737488338416 0 0 0 134217728 4 25184771 0 0 0 17 28 0 0 0 0 0 93824992533936 93824992571272 93824992575488 140737488340183 140737488340354 140737488340354 140737488351170 0
/proc/2927158/statm: 31740 29693 2089 41 0 27819 0
Current children cumulated CPU time: 762.25 s
Current children cumulated vsize: 153868 KiB
Current children cumulated memory: 132384 KiB

[startup+822.3 s]
/proc/loadavg: 14.23 14.22 13.85 19/803 2928139
/proc/meminfo: memFree=283237296/528004512 swapFree=8388604/8388604
[pid=2927106] ppid=2927085 vsize=26908 memory=13612 CPUtime=0.08 cores=28-29
/proc/2927106/stat : 2927106 (perf) S 2927085 2927106 2926718 0 -1 0 1739 237 0 0 6 2 0 0 20 0 1 0 912536195 27553792 3403 17179869184 93824994299904 93824996572973 140737488338256 0 0 0 134217728 4 74274 1 0 0 17 28 0 0 0 0 0 93824998874888 93825001005840 93825001308160 140737488340073 140737488340470 140737488340470 140737488351179 0
/proc/2927106/statm: 6727 3403 2098 555 0 1769 0
[pid=2927158] ppid=2927106 vsize=129744 memory=121272 CPUtime=822.17 cores=28-29
/proc/2927158/stat : 2927158 (clingo) R 2927106 2927106 2926718 0 -1 0 52659 0 0 0 82208 9 0 0 20 0 1 0 912536204 132857856 30318 17179869184 93824992301056 93824992468925 140737488338416 0 0 0 134217728 4 25184771 0 0 0 17 28 0 0 0 0 0 93824992533936 93824992571272 93824992575488 140737488340183 140737488340354 140737488340354 140737488351170 0
/proc/2927158/statm: 32436 30318 2089 41 0 28515 0
Current children cumulated CPU time: 822.25 s
Current children cumulated vsize: 156652 KiB
Current children cumulated memory: 134884 KiB

[startup+882.3 s]
/proc/loadavg: 14.08 14.18 13.86 19/803 2928142
/proc/meminfo: memFree=283199792/528004512 swapFree=8388604/8388604
[pid=2927106] ppid=2927085 vsize=26908 memory=13612 CPUtime=0.08 cores=28-29
/proc/2927106/stat : 2927106 (perf) S 2927085 2927106 2926718 0 -1 0 1739 237 0 0 6 2 0 0 20 0 1 0 912536195 27553792 3403 17179869184 93824994299904 93824996572973 140737488338256 0 0 0 134217728 4 74274 1 0 0 17 28 0 0 0 0 0 93824998874888 93825001005840 93825001308160 140737488340073 140737488340470 140737488340470 140737488351179 0
/proc/2927106/statm: 6727 3403 2098 555 0 1769 0
[pid=2927158] ppid=2927106 vsize=131908 memory=123716 CPUtime=882.17 cores=28-29
/proc/2927158/stat : 2927158 (clingo) R 2927106 2927106 2926718 0 -1 0 56290 0 0 0 88207 10 0 0 20 0 1 0 912536204 135073792 30929 17179869184 93824992301056 93824992468925 140737488338416 0 0 0 134217728 4 25184771 0 0 0 17 28 0 0 0 0 0 93824992533936 93824992571272 93824992575488 140737488340183 140737488340354 140737488340354 140737488351170 0
/proc/2927158/statm: 32977 30929 2089 41 0 29056 0
Current children cumulated CPU time: 882.25 s
Current children cumulated vsize: 158816 KiB
Current children cumulated memory: 137328 KiB

[startup+942.3 s]
/proc/loadavg: 15.22 14.53 14.00 19/804 2928147
/proc/meminfo: memFree=283170872/528004512 swapFree=8388604/8388604
[pid=2927106] ppid=2927085 vsize=26908 memory=13612 CPUtime=0.08 cores=28-29
/proc/2927106/stat : 2927106 (perf) S 2927085 2927106 2926718 0 -1 0 1739 237 0 0 6 2 0 0 20 0 1 0 912536195 27553792 3403 17179869184 93824994299904 93824996572973 140737488338256 0 0 0 134217728 4 74274 1 0 0 17 28 0 0 0 0 0 93824998874888 93825001005840 93825001308160 140737488340073 140737488340470 140737488340470 140737488351179 0
/proc/2927106/statm: 6727 3403 2098 555 0 1769 0
[pid=2927158] ppid=2927106 vsize=135188 memory=126960 CPUtime=942.16 cores=28-29
/proc/2927158/stat : 2927158 (clingo) R 2927106 2927106 2926718 0 -1 0 58468 0 0 0 94206 10 0 0 20 0 1 0 912536204 138432512 31740 17179869184 93824992301056 93824992468925 140737488338416 0 0 0 134217728 4 25184771 0 0 0 17 28 0 0 0 0 0 93824992533936 93824992571272 93824992575488 140737488340183 140737488340354 140737488340354 140737488351170 0
/proc/2927158/statm: 33797 31740 2089 41 0 29876 0
Current children cumulated CPU time: 942.24 s
Current children cumulated vsize: 162096 KiB
Current children cumulated memory: 140572 KiB

[startup+1002.3 s]
/proc/loadavg: 14.45 14.43 14.00 19/805 2928151
/proc/meminfo: memFree=283125528/528004512 swapFree=8388604/8388604
[pid=2927106] ppid=2927085 vsize=26908 memory=13612 CPUtime=0.08 cores=28-29
/proc/2927106/stat : 2927106 (perf) S 2927085 2927106 2926718 0 -1 0 1739 237 0 0 6 2 0 0 20 0 1 0 912536195 27553792 3403 17179869184 93824994299904 93824996572973 140737488338256 0 0 0 134217728 4 74274 1 0 0 17 28 0 0 0 0 0 93824998874888 93825001005840 93825001308160 140737488340073 140737488340470 140737488340470 140737488351179 0
/proc/2927106/statm: 6727 3403 2098 555 0 1769 0
[pid=2927158] ppid=2927106 vsize=140224 memory=131956 CPUtime=1002.17 cores=28-29
/proc/2927158/stat : 2927158 (clingo) R 2927106 2927106 2926718 0 -1 0 61093 0 0 0 100206 11 0 0 20 0 1 0 912536204 143589376 32989 17179869184 93824992301056 93824992468925 140737488338416 0 0 0 134217728 4 25184771 0 0 0 17 28 0 0 0 0 0 93824992533936 93824992571272 93824992575488 140737488340183 140737488340354 140737488340354 140737488351170 0
/proc/2927158/statm: 35056 32989 2089 41 0 31135 0
Current children cumulated CPU time: 1002.25 s
Current children cumulated vsize: 167132 KiB
Current children cumulated memory: 145568 KiB

[startup+1062.3 s]
/proc/loadavg: 14.16 14.35 14.00 19/805 2928153
/proc/meminfo: memFree=283082436/528004512 swapFree=8388604/8388604
[pid=2927106] ppid=2927085 vsize=26908 memory=13612 CPUtime=0.08 cores=28-29
/proc/2927106/stat : 2927106 (perf) S 2927085 2927106 2926718 0 -1 0 1739 237 0 0 6 2 0 0 20 0 1 0 912536195 27553792 3403 17179869184 93824994299904 93824996572973 140737488338256 0 0 0 134217728 4 74274 1 0 0 17 28 0 0 0 0 0 93824998874888 93825001005840 93825001308160 140737488340073 140737488340470 140737488340470 140737488351179 0
/proc/2927106/statm: 6727 3403 2098 555 0 1769 0
[pid=2927158] ppid=2927106 vsize=146652 memory=138288 CPUtime=1062.17 cores=28-29
/proc/2927158/stat : 2927158 (clingo) R 2927106 2927106 2926718 0 -1 0 63243 0 0 0 106206 11 0 0 20 0 1 0 912536204 150171648 34572 17179869184 93824992301056 93824992468925 140737488338416 0 0 0 134217728 4 25184771 0 0 0 17 28 0 0 0 0 0 93824992533936 93824992571272 93824992575488 140737488340183 140737488340354 140737488340354 140737488351170 0
/proc/2927158/statm: 36663 34572 2089 41 0 32742 0
Current children cumulated CPU time: 1062.25 s
Current children cumulated vsize: 173560 KiB
Current children cumulated memory: 151900 KiB

[startup+1122.3 s]
/proc/loadavg: 14.06 14.29 14.00 19/805 2928156
/proc/meminfo: memFree=283058292/528004512 swapFree=8388604/8388604
[pid=2927106] ppid=2927085 vsize=26908 memory=13612 CPUtime=0.08 cores=28-29
/proc/2927106/stat : 2927106 (perf) S 2927085 2927106 2926718 0 -1 0 1739 237 0 0 6 2 0 0 20 0 1 0 912536195 27553792 3403 17179869184 93824994299904 93824996572973 140737488338256 0 0 0 134217728 4 74274 1 0 0 17 28 0 0 0 0 0 93824998874888 93825001005840 93825001308160 140737488340073 140737488340470 140737488340470 140737488351179 0
/proc/2927106/statm: 6727 3403 2098 555 0 1769 0
[pid=2927158] ppid=2927106 vsize=146652 memory=138288 CPUtime=1122.17 cores=28-29
/proc/2927158/stat : 2927158 (clingo) R 2927106 2927106 2926718 0 -1 0 63244 0 0 0 112206 11 0 0 20 0 1 0 912536204 150171648 34572 17179869184 93824992301056 93824992468925 140737488338416 0 0 0 134217728 4 25184771 0 0 0 17 28 0 0 0 0 0 93824992533936 93824992571272 93824992575488 140737488340183 140737488340354 140737488340354 140737488351170 0
/proc/2927158/statm: 36663 34572 2089 41 0 32742 0
Current children cumulated CPU time: 1122.25 s
Current children cumulated vsize: 173560 KiB
Current children cumulated memory: 151900 KiB

[startup+1182.3 s]
/proc/loadavg: 14.02 14.23 14.00 19/805 2928159
/proc/meminfo: memFree=283029060/528004512 swapFree=8388604/8388604
[pid=2927106] ppid=2927085 vsize=26908 memory=13612 CPUtime=0.08 cores=28-29
/proc/2927106/stat : 2927106 (perf) S 2927085 2927106 2926718 0 -1 0 1739 237 0 0 6 2 0 0 20 0 1 0 912536195 27553792 3403 17179869184 93824994299904 93824996572973 140737488338256 0 0 0 134217728 4 74274 1 0 0 17 28 0 0 0 0 0 93824998874888 93825001005840 93825001308160 140737488340073 140737488340470 140737488340470 140737488351179 0
/proc/2927106/statm: 6727 3403 2098 555 0 1769 0
[pid=2927158] ppid=2927106 vsize=146652 memory=138288 CPUtime=1182.17 cores=28-29
/proc/2927158/stat : 2927158 (clingo) R 2927106 2927106 2926718 0 -1 0 63245 0 0 0 118206 11 0 0 20 0 1 0 912536204 150171648 34572 17179869184 93824992301056 93824992468925 140737488338416 0 0 0 134217728 4 25184771 0 0 0 17 28 0 0 0 0 0 93824992533936 93824992571272 93824992575488 140737488340183 140737488340354 140737488340354 140737488351170 0
/proc/2927158/statm: 36663 34572 2089 41 0 32742 0
Current children cumulated CPU time: 1182.25 s
Current children cumulated vsize: 173560 KiB
Current children cumulated memory: 151900 KiB



Maximum wall clock time exceeded: sending SIGTERM then SIGKILL

[startup+1205 s]*
/proc/loadavg: 14.01 14.22 14.00 19/805 2928160
/proc/meminfo: memFree=283014192/528004512 swapFree=8388604/8388604
[pid=2927106] ppid=2927085 vsize=26908 memory=13612 CPUtime=0.08 cores=28-29
/proc/2927106/stat : 2927106 (perf) S 2927085 2927106 2926718 0 -1 0 1739 237 0 0 6 2 0 0 20 0 1 0 912536195 27553792 3403 17179869184 93824994299904 93824996572973 140737488338256 0 0 0 134217728 4 74274 1 0 0 17 28 0 0 0 0 0 93824998874888 93825001005840 93825001308160 140737488340073 140737488340470 140737488340470 140737488351179 0
/proc/2927106/statm: 6727 3403 2098 555 0 1769 0
[pid=2927158] ppid=2927106 vsize=147116 memory=138288 CPUtime=1204.88 cores=28-29
/proc/2927158/stat : 2927158 (clingo) R 2927106 2927106 2926718 0 -1 0 63306 0 0 0 120477 11 0 0 20 0 1 0 912536204 150646784 34572 17179869184 93824992301056 93824992468925 140737488338416 0 0 0 134217728 4 25184771 0 0 0 17 28 0 0 0 0 0 93824992533936 93824992571272 93824992575488 140737488340183 140737488340354 140737488340354 140737488351170 0
/proc/2927158/statm: 36779 34572 2089 41 0 32858 0
Current children cumulated CPU time: 1204.96 s
Current children cumulated vsize: 174024 KiB
Current children cumulated memory: 151900 KiB

Sending SIGINT to process tree (bottom up)
Sleeping 5 seconds

[startup+1205.03 s]
# the end of solver process 2927106 was just reported to runsolver
# cumulated CPU time of all completed processes:  user=1204.86 s, system=0.141484 s

Solver just ended.
??? end of watcher thread
Dumping a history of the last processes samples

Child status: 1
Real time (s): 1205.03
CPU time (s): 1205
CPU user time (s): 1204.86
CPU system time (s): 0.141484
CPU usage (%): 99.9973
Max. virtual memory (cumulated for all children) (KiB): 174416
Max. memory (cumulated for all children) (KiB): 152484

getrusage(RUSAGE_CHILDREN,...) data:
user time used= 1204.86
system time used= 0.141484
maximum resident set size= 138872
integral shared memory size= 0
integral unshared data size= 0
integral unshared stack size= 0
page reclaims= 65322
page faults= 0
swaps= 0
block input operations= 0
block output operations= 0
messages sent= 0
messages received= 0
signals received= 0
voluntary context switches= 113
involuntary context switches= 693


# summary of solver processes directly reported to runsolver:
#   pid: 2927106
#   total CPU time (s): 1205
#   total CPU user time (s): 1204.86
#   total CPU system time (s): 0.141484

??? end of timestamper thread
runsolver used 9.06862 second user time and 14.7902 second system time

The end
