runsolver version 3.4.0 (svn: 3018) Copyright (C) 2010-2013 Olivier ROUSSEL

This program is distributed in the hope that it will be useful,
but WITHOUT ANY WARRANTY; without even the implied warranty of
MERCHANTABILITY or FITNESS FOR A PARTICULAR PURPOSE.  See the
GNU General Public License for more details.

NUMA information:
  number of nodes: 2
  memory of node 0: 257635 MiB (189210 MiB free)
  memory of node 1: 257994 MiB (189085 MiB free)
  node distances:
     10  20
     20  10

command line: /dev/shm/37566844-2e81-11f1-ac62-000c298f4621/input/runsolver -w /dev/shm/37566844-2e81-11f1-ac62-000c298f4621/output/runsolver.log -v /dev/shm/37566844-2e81-11f1-ac62-000c298f4621/output/varfile.log -W 1205 --rss-swap-limit 16384 -d 5 --sigint /usr/bin/perf stat -B -e task-clock,cache-references,cache-misses,cycles,instructions,branches,faults,migrations,context-switches -o /dev/shm/37566844-2e81-11f1-ac62-000c298f4621/output/perf.log clingo /home/guests/mmacri/AMOSUM/benchmarks/GraphColouring/encoding-plain-amo.asp /dev/shm/37566844-2e81-11f1-ac62-000c298f4621/input/0023-graph_colouring-135-0_3888.asp 

running on 2 cores: 6-7

Enforcing wall clock limit (soft limit, will send SIGTERM then SIGKILL): 1205 seconds
Enforcing RSS+Swap limit (soft limit, will send SIGTERM then SIGKILL): 16777216 KiB
Linux 5.15.0-131-generic
Current StackSize limit: 8192 KiB

solver pid=3335809, runsolver pid=3335800

[startup+0.100069 s]*
/proc/loadavg: 14.11 14.14 13.26 17/819 3335834
/proc/meminfo: memFree=387399600/528004516 swapFree=8388604/8388604
[pid=3335809] ppid=3335800 vsize=26908 memory=13616 CPUtime=0.07 cores=6-7
/proc/3335809/stat : 3335809 (perf) S 3335800 3335809 3335418 0 -1 0 1738 237 0 0 6 1 0 0 20 0 1 0 922994025 27553792 3404 17179869184 93824994299904 93824996572973 140737488338256 0 0 0 134217728 4 74274 1 0 0 17 6 0 0 0 0 0 93824998874888 93825001005840 93825001308160 140737488340073 140737488340470 140737488340470 140737488351179 0
/proc/3335809/statm: 6727 3404 2099 555 0 1769 0
[pid=3335830] ppid=3335809 vsize=18788 memory=10648 CPUtime=0.01 cores=6-7
/proc/3335830/stat : 3335830 (clingo) R 3335809 3335809 3335418 0 -1 0 855 0 0 0 1 0 0 0 20 0 1 0 922994033 19238912 2662 17179869184 93824992301056 93824992468925 140737488338416 0 0 0 134217728 4 25184771 0 0 0 17 7 0 0 0 0 0 93824992533936 93824992571272 93824992575488 140737488340183 140737488340354 140737488340354 140737488351170 0
/proc/3335830/statm: 4697 2662 2045 41 0 776 0
Current children cumulated CPU time: 0.08 s
Current children cumulated vsize: 45696 KiB
Current children cumulated memory: 24264 KiB

[startup+0.222232 s]*
/proc/loadavg: 14.11 14.14 13.26 18/813 3335840
/proc/meminfo: memFree=387361200/528004516 swapFree=8388604/8388604
[pid=3335809] ppid=3335800 vsize=26908 memory=13616 CPUtime=0.07 cores=6-7
/proc/3335809/stat : 3335809 (perf) S 3335800 3335809 3335418 0 -1 0 1738 237 0 0 6 1 0 0 20 0 1 0 922994025 27553792 3404 17179869184 93824994299904 93824996572973 140737488338256 0 0 0 134217728 4 74274 1 0 0 17 6 0 0 0 0 0 93824998874888 93825001005840 93825001308160 140737488340073 140737488340470 140737488340470 140737488351179 0
/proc/3335809/statm: 6727 3404 2099 555 0 1769 0
[pid=3335830] ppid=3335809 vsize=24952 memory=16912 CPUtime=0.12 cores=6-7
/proc/3335830/stat : 3335830 (clingo) R 3335809 3335809 3335418 0 -1 0 2470 0 0 0 12 0 0 0 20 0 1 0 922994033 25550848 4228 17179869184 93824992301056 93824992468925 140737488338416 0 0 0 134217728 4 25184771 0 0 0 17 7 0 0 0 0 0 93824992533936 93824992571272 93824992575488 140737488340183 140737488340354 140737488340354 140737488351170 0
/proc/3335830/statm: 6238 4228 2092 41 0 2317 0
Current children cumulated CPU time: 0.19 s
Current children cumulated vsize: 51860 KiB
Current children cumulated memory: 30528 KiB

[startup+0.329948 s]*
/proc/loadavg: 14.11 14.14 13.26 19/826 3335870
/proc/meminfo: memFree=387340592/528004516 swapFree=8388604/8388604
[pid=3335809] ppid=3335800 vsize=26908 memory=13616 CPUtime=0.07 cores=6-7
/proc/3335809/stat : 3335809 (perf) S 3335800 3335809 3335418 0 -1 0 1738 237 0 0 6 1 0 0 20 0 1 0 922994025 27553792 3404 17179869184 93824994299904 93824996572973 140737488338256 0 0 0 134217728 4 74274 1 0 0 17 6 0 0 0 0 0 93824998874888 93825001005840 93825001308160 140737488340073 140737488340470 140737488340470 140737488351179 0
/proc/3335809/statm: 6727 3404 2099 555 0 1769 0
[pid=3335830] ppid=3335809 vsize=26932 memory=19024 CPUtime=0.21 cores=6-7
/proc/3335830/stat : 3335830 (clingo) R 3335809 3335809 3335418 0 -1 0 2974 0 0 0 21 0 0 0 20 0 1 0 922994033 27578368 4756 17179869184 93824992301056 93824992468925 140737488338416 0 0 0 134217728 4 25184771 0 0 0 17 7 0 0 0 0 0 93824992533936 93824992571272 93824992575488 140737488340183 140737488340354 140737488340354 140737488351170 0
/proc/3335830/statm: 6733 4756 2092 41 0 2812 0
Current children cumulated CPU time: 0.28 s
Current children cumulated vsize: 53840 KiB
Current children cumulated memory: 32640 KiB

[startup+0.700328 s]
/proc/loadavg: 14.11 14.14 13.26 21/836 3335905
/proc/meminfo: memFree=387323128/528004516 swapFree=8388604/8388604
[pid=3335809] ppid=3335800 vsize=26908 memory=13616 CPUtime=0.07 cores=6-7
/proc/3335809/stat : 3335809 (perf) S 3335800 3335809 3335418 0 -1 0 1738 237 0 0 6 1 0 0 20 0 1 0 922994025 27553792 3404 17179869184 93824994299904 93824996572973 140737488338256 0 0 0 134217728 4 74274 1 0 0 17 6 0 0 0 0 0 93824998874888 93825001005840 93825001308160 140737488340073 140737488340470 140737488340470 140737488351179 0
/proc/3335809/statm: 6727 3404 2099 555 0 1769 0
[pid=3335830] ppid=3335809 vsize=29180 memory=21136 CPUtime=0.51 cores=6-7
/proc/3335830/stat : 3335830 (clingo) R 3335809 3335809 3335418 0 -1 0 3527 0 0 0 51 0 0 0 20 0 1 0 922994033 29880320 5284 17179869184 93824992301056 93824992468925 140737488338416 0 0 0 134217728 4 25184771 0 0 0 17 7 0 0 0 0 0 93824992533936 93824992571272 93824992575488 140737488340183 140737488340354 140737488340354 140737488351170 0
/proc/3335830/statm: 7295 5284 2092 41 0 3374 0
Current children cumulated CPU time: 0.58 s
Current children cumulated vsize: 56088 KiB
Current children cumulated memory: 34752 KiB

[startup+1.50033 s]
/proc/loadavg: 14.18 14.15 13.27 17/830 3336084
/proc/meminfo: memFree=387405396/528004516 swapFree=8388604/8388604
[pid=3335809] ppid=3335800 vsize=26908 memory=13616 CPUtime=0.07 cores=6-7
/proc/3335809/stat : 3335809 (perf) S 3335800 3335809 3335418 0 -1 0 1738 237 0 0 6 1 0 0 20 0 1 0 922994025 27553792 3404 17179869184 93824994299904 93824996572973 140737488338256 0 0 0 134217728 4 74274 1 0 0 17 6 0 0 0 0 0 93824998874888 93825001005840 93825001308160 140737488340073 140737488340470 140737488340470 140737488351179 0
/proc/3335809/statm: 6727 3404 2099 555 0 1769 0
[pid=3335830] ppid=3335809 vsize=33036 memory=24832 CPUtime=1.3 cores=6-7
/proc/3335830/stat : 3335830 (clingo) R 3335809 3335809 3335418 0 -1 0 4470 0 0 0 128 2 0 0 20 0 1 0 922994033 33828864 6208 17179869184 93824992301056 93824992468925 140737488338416 0 0 0 134217728 4 25184771 0 0 0 17 7 0 0 0 0 0 93824992533936 93824992571272 93824992575488 140737488340183 140737488340354 140737488340354 140737488351170 0
/proc/3335830/statm: 8259 6208 2092 41 0 4338 0
Current children cumulated CPU time: 1.37 s
Current children cumulated vsize: 59944 KiB
Current children cumulated memory: 38448 KiB

[startup+3.13459 s]
/proc/loadavg: 14.18 14.15 13.27 18/833 3336498
/proc/meminfo: memFree=387474296/528004516 swapFree=8388604/8388604
[pid=3335809] ppid=3335800 vsize=26908 memory=13616 CPUtime=0.07 cores=6-7
/proc/3335809/stat : 3335809 (perf) S 3335800 3335809 3335418 0 -1 0 1738 237 0 0 6 1 0 0 20 0 1 0 922994025 27553792 3404 17179869184 93824994299904 93824996572973 140737488338256 0 0 0 134217728 4 74274 1 0 0 17 6 0 0 0 0 0 93824998874888 93825001005840 93825001308160 140737488340073 140737488340470 140737488340470 140737488351179 0
/proc/3335809/statm: 6727 3404 2099 555 0 1769 0
[pid=3335830] ppid=3335809 vsize=34396 memory=26528 CPUtime=2.89 cores=6-7
/proc/3335830/stat : 3335830 (clingo) R 3335809 3335809 3335418 0 -1 0 5068 0 0 0 286 3 0 0 20 0 1 0 922994033 35221504 6632 17179869184 93824992301056 93824992468925 140737488338416 0 0 0 134217728 4 25184771 0 0 0 17 7 0 0 0 0 0 93824992533936 93824992571272 93824992575488 140737488340183 140737488340354 140737488340354 140737488351170 0
/proc/3335830/statm: 8599 6632 2092 41 0 4678 0
Current children cumulated CPU time: 2.96 s
Current children cumulated vsize: 61304 KiB
Current children cumulated memory: 40144 KiB

[startup+6.30026 s]
/proc/loadavg: 14.33 14.18 13.29 18/841 3336747
/proc/meminfo: memFree=387539148/528004516 swapFree=8388604/8388604
[pid=3335809] ppid=3335800 vsize=26908 memory=13616 CPUtime=0.07 cores=6-7
/proc/3335809/stat : 3335809 (perf) S 3335800 3335809 3335418 0 -1 0 1738 237 0 0 6 1 0 0 20 0 1 0 922994025 27553792 3404 17179869184 93824994299904 93824996572973 140737488338256 0 0 0 134217728 4 74274 1 0 0 17 6 0 0 0 0 0 93824998874888 93825001005840 93825001308160 140737488340073 140737488340470 140737488340470 140737488351179 0
/proc/3335809/statm: 6727 3404 2099 555 0 1769 0
[pid=3335830] ppid=3335809 vsize=38820 memory=30800 CPUtime=6 cores=6-7
/proc/3335830/stat : 3335830 (clingo) R 3335809 3335809 3335418 0 -1 0 6243 0 0 0 596 4 0 0 20 0 1 0 922994033 39751680 7700 17179869184 93824992301056 93824992468925 140737488338416 0 0 0 134217728 4 25184771 0 0 0 17 7 0 0 0 0 0 93824992533936 93824992571272 93824992575488 140737488340183 140737488340354 140737488340354 140737488351170 0
/proc/3335830/statm: 9705 7700 2092 41 0 5784 0
Current children cumulated CPU time: 6.07 s
Current children cumulated vsize: 65728 KiB
Current children cumulated memory: 44416 KiB

[startup+12.7003 s]
/proc/loadavg: 14.30 14.18 13.29 17/841 3336747
/proc/meminfo: memFree=387464552/528004516 swapFree=8388604/8388604
[pid=3335809] ppid=3335800 vsize=26908 memory=13616 CPUtime=0.07 cores=6-7
/proc/3335809/stat : 3335809 (perf) S 3335800 3335809 3335418 0 -1 0 1738 237 0 0 6 1 0 0 20 0 1 0 922994025 27553792 3404 17179869184 93824994299904 93824996572973 140737488338256 0 0 0 134217728 4 74274 1 0 0 17 6 0 0 0 0 0 93824998874888 93825001005840 93825001308160 140737488340073 140737488340470 140737488340470 140737488351179 0
/proc/3335809/statm: 6727 3404 2099 555 0 1769 0
[pid=3335830] ppid=3335809 vsize=45460 memory=37224 CPUtime=12.38 cores=6-7
/proc/3335830/stat : 3335830 (clingo) R 3335809 3335809 3335418 0 -1 0 7962 0 0 0 1234 4 0 0 20 0 1 0 922994033 46551040 9306 17179869184 93824992301056 93824992468925 140737488338416 0 0 0 134217728 4 25184771 0 0 0 17 6 0 0 0 0 0 93824992533936 93824992571272 93824992575488 140737488340183 140737488340354 140737488340354 140737488351170 0
/proc/3335830/statm: 11365 9306 2092 41 0 7444 0
Current children cumulated CPU time: 12.45 s
Current children cumulated vsize: 72368 KiB
Current children cumulated memory: 50840 KiB

[startup+25.5004 s]
/proc/loadavg: 14.41 14.21 13.31 17/841 3336747
/proc/meminfo: memFree=387387732/528004516 swapFree=8388604/8388604
[pid=3335809] ppid=3335800 vsize=26908 memory=13616 CPUtime=0.07 cores=6-7
/proc/3335809/stat : 3335809 (perf) S 3335800 3335809 3335418 0 -1 0 1738 237 0 0 6 1 0 0 20 0 1 0 922994025 27553792 3404 17179869184 93824994299904 93824996572973 140737488338256 0 0 0 134217728 4 74274 1 0 0 17 6 0 0 0 0 0 93824998874888 93825001005840 93825001308160 140737488340073 140737488340470 140737488340470 140737488351179 0
/proc/3335809/statm: 6727 3404 2099 555 0 1769 0
[pid=3335830] ppid=3335809 vsize=51776 memory=43780 CPUtime=25.19 cores=6-7
/proc/3335830/stat : 3335830 (clingo) R 3335809 3335809 3335418 0 -1 0 9959 0 0 0 2514 5 0 0 20 0 1 0 922994033 53018624 10945 17179869184 93824992301056 93824992468925 140737488338416 0 0 0 134217728 4 25184771 0 0 0 17 6 0 0 0 0 0 93824992533936 93824992571272 93824992575488 140737488340183 140737488340354 140737488340354 140737488351170 0
/proc/3335830/statm: 12944 10945 2092 41 0 9023 0
Current children cumulated CPU time: 25.26 s
Current children cumulated vsize: 78684 KiB
Current children cumulated memory: 57396 KiB

[startup+51.1188 s]
/proc/loadavg: 14.47 14.25 13.35 17/841 3336748
/proc/meminfo: memFree=387284624/528004516 swapFree=8388604/8388604
[pid=3335809] ppid=3335800 vsize=26908 memory=13616 CPUtime=0.07 cores=6-7
/proc/3335809/stat : 3335809 (perf) S 3335800 3335809 3335418 0 -1 0 1738 237 0 0 6 1 0 0 20 0 1 0 922994025 27553792 3404 17179869184 93824994299904 93824996572973 140737488338256 0 0 0 134217728 4 74274 1 0 0 17 6 0 0 0 0 0 93824998874888 93825001005840 93825001308160 140737488340073 140737488340470 140737488340470 140737488351179 0
/proc/3335809/statm: 6727 3404 2099 555 0 1769 0
[pid=3335830] ppid=3335809 vsize=59428 memory=51060 CPUtime=50.81 cores=6-7
/proc/3335830/stat : 3335830 (clingo) R 3335809 3335809 3335418 0 -1 0 12673 0 0 0 5076 5 0 0 20 0 1 0 922994033 60854272 12765 17179869184 93824992301056 93824992468925 140737488338416 0 0 0 134217728 4 25184771 0 0 0 17 6 0 0 0 0 0 93824992533936 93824992571272 93824992575488 140737488340183 140737488340354 140737488340354 140737488351170 0
/proc/3335830/statm: 14857 12765 2092 41 0 10936 0
Current children cumulated CPU time: 50.88 s
Current children cumulated vsize: 86336 KiB
Current children cumulated memory: 64676 KiB

[startup+102.3 s]
/proc/loadavg: 14.20 14.21 13.39 17/843 3336899
/proc/meminfo: memFree=387216604/528004516 swapFree=8388604/8388604
[pid=3335809] ppid=3335800 vsize=26908 memory=13616 CPUtime=0.07 cores=6-7
/proc/3335809/stat : 3335809 (perf) S 3335800 3335809 3335418 0 -1 0 1738 237 0 0 6 1 0 0 20 0 1 0 922994025 27553792 3404 17179869184 93824994299904 93824996572973 140737488338256 0 0 0 134217728 4 74274 1 0 0 17 6 0 0 0 0 0 93824998874888 93825001005840 93825001308160 140737488340073 140737488340470 140737488340470 140737488351179 0
/proc/3335809/statm: 6727 3404 2099 555 0 1769 0
[pid=3335830] ppid=3335809 vsize=71824 memory=63656 CPUtime=101.99 cores=6-7
/proc/3335830/stat : 3335830 (clingo) R 3335809 3335809 3335418 0 -1 0 17338 0 0 0 10194 5 0 0 20 0 1 0 922994033 73547776 15914 17179869184 93824992301056 93824992468925 140737488338416 0 0 0 134217728 4 25184771 0 0 0 17 6 0 0 0 0 0 93824992533936 93824992571272 93824992575488 140737488340183 140737488340354 140737488340354 140737488351170 0
/proc/3335830/statm: 17956 15914 2092 41 0 14035 0
Current children cumulated CPU time: 102.06 s
Current children cumulated vsize: 98732 KiB
Current children cumulated memory: 77272 KiB

[startup+162.3 s]
/proc/loadavg: 14.52 14.29 13.47 17/843 3336904
/proc/meminfo: memFree=387094232/528004516 swapFree=8388604/8388604
[pid=3335809] ppid=3335800 vsize=26908 memory=13616 CPUtime=0.07 cores=6-7
/proc/3335809/stat : 3335809 (perf) S 3335800 3335809 3335418 0 -1 0 1738 237 0 0 6 1 0 0 20 0 1 0 922994025 27553792 3404 17179869184 93824994299904 93824996572973 140737488338256 0 0 0 134217728 4 74274 1 0 0 17 6 0 0 0 0 0 93824998874888 93825001005840 93825001308160 140737488340073 140737488340470 140737488340470 140737488351179 0
/proc/3335809/statm: 6727 3404 2099 555 0 1769 0
[pid=3335830] ppid=3335809 vsize=80844 memory=72408 CPUtime=161.98 cores=6-7
/proc/3335830/stat : 3335830 (clingo) R 3335809 3335809 3335418 0 -1 0 20504 0 0 0 16193 5 0 0 20 0 1 0 922994033 82784256 18102 17179869184 93824992301056 93824992468925 140737488338416 0 0 0 134217728 4 25184771 0 0 0 17 6 0 0 0 0 0 93824992533936 93824992571272 93824992575488 140737488340183 140737488340354 140737488340354 140737488351170 0
/proc/3335830/statm: 20211 18102 2092 41 0 16290 0
Current children cumulated CPU time: 162.05 s
Current children cumulated vsize: 107752 KiB
Current children cumulated memory: 86024 KiB

[startup+222.3 s]
/proc/loadavg: 14.26 14.27 13.52 17/843 3336907
/proc/meminfo: memFree=386990920/528004516 swapFree=8388604/8388604
[pid=3335809] ppid=3335800 vsize=26908 memory=13616 CPUtime=0.07 cores=6-7
/proc/3335809/stat : 3335809 (perf) S 3335800 3335809 3335418 0 -1 0 1738 237 0 0 6 1 0 0 20 0 1 0 922994025 27553792 3404 17179869184 93824994299904 93824996572973 140737488338256 0 0 0 134217728 4 74274 1 0 0 17 6 0 0 0 0 0 93824998874888 93825001005840 93825001308160 140737488340073 140737488340470 140737488340470 140737488351179 0
/proc/3335809/statm: 6727 3404 2099 555 0 1769 0
[pid=3335830] ppid=3335809 vsize=89664 memory=80712 CPUtime=221.99 cores=6-7
/proc/3335830/stat : 3335830 (clingo) R 3335809 3335809 3335418 0 -1 0 23055 0 0 0 22194 5 0 0 20 0 1 0 922994033 91815936 20178 17179869184 93824992301056 93824992468925 140737488338416 0 0 0 134217728 4 25184771 0 0 0 17 6 0 0 0 0 0 93824992533936 93824992571272 93824992575488 140737488340183 140737488340354 140737488340354 140737488351170 0
/proc/3335830/statm: 22416 20178 2092 41 0 18495 0
Current children cumulated CPU time: 222.06 s
Current children cumulated vsize: 116572 KiB
Current children cumulated memory: 94328 KiB

[startup+282.3 s]
/proc/loadavg: 14.28 14.29 13.58 17/843 3336910
/proc/meminfo: memFree=386914068/528004516 swapFree=8388604/8388604
[pid=3335809] ppid=3335800 vsize=26908 memory=13616 CPUtime=0.07 cores=6-7
/proc/3335809/stat : 3335809 (perf) S 3335800 3335809 3335418 0 -1 0 1738 237 0 0 6 1 0 0 20 0 1 0 922994025 27553792 3404 17179869184 93824994299904 93824996572973 140737488338256 0 0 0 134217728 4 74274 1 0 0 17 6 0 0 0 0 0 93824998874888 93825001005840 93825001308160 140737488340073 140737488340470 140737488340470 140737488351179 0
/proc/3335809/statm: 6727 3404 2099 555 0 1769 0
[pid=3335830] ppid=3335809 vsize=95892 memory=86788 CPUtime=281.98 cores=6-7
/proc/3335830/stat : 3335830 (clingo) R 3335809 3335809 3335418 0 -1 0 25017 0 0 0 28192 6 0 0 20 0 1 0 922994033 98193408 21697 17179869184 93824992301056 93824992468925 140737488338416 0 0 0 134217728 4 25184771 0 0 0 17 6 0 0 0 0 0 93824992533936 93824992571272 93824992575488 140737488340183 140737488340354 140737488340354 140737488351170 0
/proc/3335830/statm: 23973 21697 2092 41 0 20052 0
Current children cumulated CPU time: 282.05 s
Current children cumulated vsize: 122800 KiB
Current children cumulated memory: 100404 KiB

[startup+342.3 s]
/proc/loadavg: 14.45 14.32 13.63 17/820 3336915
/proc/meminfo: memFree=386847156/528004516 swapFree=8388604/8388604
[pid=3335809] ppid=3335800 vsize=26908 memory=13616 CPUtime=0.07 cores=6-7
/proc/3335809/stat : 3335809 (perf) S 3335800 3335809 3335418 0 -1 0 1738 237 0 0 6 1 0 0 20 0 1 0 922994025 27553792 3404 17179869184 93824994299904 93824996572973 140737488338256 0 0 0 134217728 4 74274 1 0 0 17 6 0 0 0 0 0 93824998874888 93825001005840 93825001308160 140737488340073 140737488340470 140737488340470 140737488351179 0
/proc/3335809/statm: 6727 3404 2099 555 0 1769 0
[pid=3335830] ppid=3335809 vsize=99088 memory=89336 CPUtime=341.98 cores=6-7
/proc/3335830/stat : 3335830 (clingo) R 3335809 3335809 3335418 0 -1 0 26028 0 0 0 34192 6 0 0 20 0 1 0 922994033 101466112 22334 17179869184 93824992301056 93824992468925 140737488338416 0 0 0 134217728 4 25184771 0 0 0 17 6 0 0 0 0 0 93824992533936 93824992571272 93824992575488 140737488340183 140737488340354 140737488340354 140737488351170 0
/proc/3335830/statm: 24772 22334 2092 41 0 20851 0
Current children cumulated CPU time: 342.05 s
Current children cumulated vsize: 125996 KiB
Current children cumulated memory: 102952 KiB

[startup+402.3 s]
/proc/loadavg: 14.24 14.27 13.66 17/820 3336917
/proc/meminfo: memFree=386770808/528004516 swapFree=8388604/8388604
[pid=3335809] ppid=3335800 vsize=26908 memory=13616 CPUtime=0.07 cores=6-7
/proc/3335809/stat : 3335809 (perf) S 3335800 3335809 3335418 0 -1 0 1738 237 0 0 6 1 0 0 20 0 1 0 922994025 27553792 3404 17179869184 93824994299904 93824996572973 140737488338256 0 0 0 134217728 4 74274 1 0 0 17 6 0 0 0 0 0 93824998874888 93825001005840 93825001308160 140737488340073 140737488340470 140737488340470 140737488351179 0
/proc/3335809/statm: 6727 3404 2099 555 0 1769 0
[pid=3335830] ppid=3335809 vsize=103884 memory=94492 CPUtime=401.99 cores=6-7
/proc/3335830/stat : 3335830 (clingo) R 3335809 3335809 3335418 0 -1 0 28324 0 0 0 40192 7 0 0 20 0 1 0 922994033 106377216 23623 17179869184 93824992301056 93824992468925 140737488338416 0 0 0 134217728 4 25184771 0 0 0 17 6 0 0 0 0 0 93824992533936 93824992571272 93824992575488 140737488340183 140737488340354 140737488340354 140737488351170 0
/proc/3335830/statm: 25971 23623 2092 41 0 22050 0
Current children cumulated CPU time: 402.06 s
Current children cumulated vsize: 130792 KiB
Current children cumulated memory: 108108 KiB

[startup+462.3 s]
/proc/loadavg: 14.26 14.28 13.71 17/816 3336920
/proc/meminfo: memFree=386709104/528004516 swapFree=8388604/8388604
[pid=3335809] ppid=3335800 vsize=26908 memory=13616 CPUtime=0.07 cores=6-7
/proc/3335809/stat : 3335809 (perf) S 3335800 3335809 3335418 0 -1 0 1738 237 0 0 6 1 0 0 20 0 1 0 922994025 27553792 3404 17179869184 93824994299904 93824996572973 140737488338256 0 0 0 134217728 4 74274 1 0 0 17 6 0 0 0 0 0 93824998874888 93825001005840 93825001308160 140737488340073 140737488340470 140737488340470 140737488351179 0
/proc/3335809/statm: 6727 3404 2099 555 0 1769 0
[pid=3335830] ppid=3335809 vsize=110688 memory=100784 CPUtime=461.99 cores=6-7
/proc/3335830/stat : 3335830 (clingo) R 3335809 3335809 3335418 0 -1 0 30534 0 0 0 46192 7 0 0 20 0 1 0 922994033 113344512 25196 17179869184 93824992301056 93824992468925 140737488338416 0 0 0 134217728 4 25184771 0 0 0 17 6 0 0 0 0 0 93824992533936 93824992571272 93824992575488 140737488340183 140737488340354 140737488340354 140737488351170 0
/proc/3335830/statm: 27672 25196 2092 41 0 23751 0
Current children cumulated CPU time: 462.06 s
Current children cumulated vsize: 137596 KiB
Current children cumulated memory: 114400 KiB

[startup+522.3 s]
/proc/loadavg: 14.09 14.23 13.73 17/816 3336924
/proc/meminfo: memFree=386658244/528004516 swapFree=8388604/8388604
[pid=3335809] ppid=3335800 vsize=26908 memory=13616 CPUtime=0.07 cores=6-7
/proc/3335809/stat : 3335809 (perf) S 3335800 3335809 3335418 0 -1 0 1738 237 0 0 6 1 0 0 20 0 1 0 922994025 27553792 3404 17179869184 93824994299904 93824996572973 140737488338256 0 0 0 134217728 4 74274 1 0 0 17 6 0 0 0 0 0 93824998874888 93825001005840 93825001308160 140737488340073 140737488340470 140737488340470 140737488351179 0
/proc/3335809/statm: 6727 3404 2099 555 0 1769 0
[pid=3335830] ppid=3335809 vsize=113744 memory=103900 CPUtime=521.99 cores=6-7
/proc/3335830/stat : 3335830 (clingo) R 3335809 3335809 3335418 0 -1 0 32196 0 0 0 52191 8 0 0 20 0 1 0 922994033 116473856 25975 17179869184 93824992301056 93824992468925 140737488338416 0 0 0 134217728 4 25184771 0 0 0 17 6 0 0 0 0 0 93824992533936 93824992571272 93824992575488 140737488340183 140737488340354 140737488340354 140737488351170 0
/proc/3335830/statm: 28436 25975 2092 41 0 24515 0
Current children cumulated CPU time: 522.06 s
Current children cumulated vsize: 140652 KiB
Current children cumulated memory: 117516 KiB

[startup+582.3 s]
/proc/loadavg: 15.62 14.63 13.90 17/816 3336928
/proc/meminfo: memFree=386603388/528004516 swapFree=8388604/8388604
[pid=3335809] ppid=3335800 vsize=26908 memory=13616 CPUtime=0.07 cores=6-7
/proc/3335809/stat : 3335809 (perf) S 3335800 3335809 3335418 0 -1 0 1738 237 0 0 6 1 0 0 20 0 1 0 922994025 27553792 3404 17179869184 93824994299904 93824996572973 140737488338256 0 0 0 134217728 4 74274 1 0 0 17 6 0 0 0 0 0 93824998874888 93825001005840 93825001308160 140737488340073 140737488340470 140737488340470 140737488351179 0
/proc/3335809/statm: 6727 3404 2099 555 0 1769 0
[pid=3335830] ppid=3335809 vsize=117140 memory=107280 CPUtime=581.99 cores=6-7
/proc/3335830/stat : 3335830 (clingo) R 3335809 3335809 3335418 0 -1 0 33624 0 0 0 58191 8 0 0 20 0 1 0 922994033 119951360 26820 17179869184 93824992301056 93824992468925 140737488338416 0 0 0 134217728 4 25184771 0 0 0 17 6 0 0 0 0 0 93824992533936 93824992571272 93824992575488 140737488340183 140737488340354 140737488340354 140737488351170 0
/proc/3335830/statm: 29285 26820 2092 41 0 25364 0
Current children cumulated CPU time: 582.06 s
Current children cumulated vsize: 144048 KiB
Current children cumulated memory: 120896 KiB

[startup+642.3 s]
/proc/loadavg: 14.59 14.51 13.91 17/817 3336932
/proc/meminfo: memFree=386564076/528004516 swapFree=8388604/8388604
[pid=3335809] ppid=3335800 vsize=26908 memory=13616 CPUtime=0.07 cores=6-7
/proc/3335809/stat : 3335809 (perf) S 3335800 3335809 3335418 0 -1 0 1738 237 0 0 6 1 0 0 20 0 1 0 922994025 27553792 3404 17179869184 93824994299904 93824996572973 140737488338256 0 0 0 134217728 4 74274 1 0 0 17 6 0 0 0 0 0 93824998874888 93825001005840 93825001308160 140737488340073 140737488340470 140737488340470 140737488351179 0
/proc/3335809/statm: 6727 3404 2099 555 0 1769 0
[pid=3335830] ppid=3335809 vsize=120236 memory=109908 CPUtime=641.98 cores=6-7
/proc/3335830/stat : 3335830 (clingo) R 3335809 3335809 3335418 0 -1 0 35678 0 0 0 64190 8 0 0 20 0 1 0 922994033 123121664 27477 17179869184 93824992301056 93824992468925 140737488338416 0 0 0 134217728 4 25184771 0 0 0 17 6 0 0 0 0 0 93824992533936 93824992571272 93824992575488 140737488340183 140737488340354 140737488340354 140737488351170 0
/proc/3335830/statm: 30059 27477 2092 41 0 26138 0
Current children cumulated CPU time: 642.05 s
Current children cumulated vsize: 147144 KiB
Current children cumulated memory: 123524 KiB

[startup+702.3 s]
/proc/loadavg: 14.25 14.43 13.92 17/817 3336935
/proc/meminfo: memFree=386513976/528004516 swapFree=8388604/8388604
[pid=3335809] ppid=3335800 vsize=26908 memory=13616 CPUtime=0.07 cores=6-7
/proc/3335809/stat : 3335809 (perf) S 3335800 3335809 3335418 0 -1 0 1738 237 0 0 6 1 0 0 20 0 1 0 922994025 27553792 3404 17179869184 93824994299904 93824996572973 140737488338256 0 0 0 134217728 4 74274 1 0 0 17 6 0 0 0 0 0 93824998874888 93825001005840 93825001308160 140737488340073 140737488340470 140737488340470 140737488351179 0
/proc/3335809/statm: 6727 3404 2099 555 0 1769 0
[pid=3335830] ppid=3335809 vsize=127012 memory=115692 CPUtime=701.98 cores=6-7
/proc/3335830/stat : 3335830 (clingo) R 3335809 3335809 3335418 0 -1 0 37678 0 0 0 70190 8 0 0 20 0 1 0 922994033 130060288 28923 17179869184 93824992301056 93824992468925 140737488338416 0 0 0 134217728 4 25184771 0 0 0 17 6 0 0 0 0 0 93824992533936 93824992571272 93824992575488 140737488340183 140737488340354 140737488340354 140737488351170 0
/proc/3335830/statm: 31753 28923 2092 41 0 27832 0
Current children cumulated CPU time: 702.05 s
Current children cumulated vsize: 153920 KiB
Current children cumulated memory: 129308 KiB

[startup+762.3 s]
/proc/loadavg: 14.38 14.42 13.95 17/817 3336937
/proc/meminfo: memFree=386469660/528004516 swapFree=8388604/8388604
[pid=3335809] ppid=3335800 vsize=26908 memory=13616 CPUtime=0.07 cores=6-7
/proc/3335809/stat : 3335809 (perf) S 3335800 3335809 3335418 0 -1 0 1738 237 0 0 6 1 0 0 20 0 1 0 922994025 27553792 3404 17179869184 93824994299904 93824996572973 140737488338256 0 0 0 134217728 4 74274 1 0 0 17 6 0 0 0 0 0 93824998874888 93825001005840 93825001308160 140737488340073 140737488340470 140737488340470 140737488351179 0
/proc/3335809/statm: 6727 3404 2099 555 0 1769 0
[pid=3335830] ppid=3335809 vsize=129576 memory=118068 CPUtime=761.98 cores=6-7
/proc/3335830/stat : 3335830 (clingo) R 3335809 3335809 3335418 0 -1 0 38230 0 0 0 76190 8 0 0 20 0 1 0 922994033 132685824 29517 17179869184 93824992301056 93824992468925 140737488338416 0 0 0 134217728 4 25184771 0 0 0 17 6 0 0 0 0 0 93824992533936 93824992571272 93824992575488 140737488340183 140737488340354 140737488340354 140737488351170 0
/proc/3335830/statm: 32394 29517 2092 41 0 28473 0
Current children cumulated CPU time: 762.05 s
Current children cumulated vsize: 156484 KiB
Current children cumulated memory: 131684 KiB

[startup+822.3 s]
/proc/loadavg: 14.21 14.37 13.97 17/817 3336940
/proc/meminfo: memFree=386432128/528004516 swapFree=8388604/8388604
[pid=3335809] ppid=3335800 vsize=26908 memory=13616 CPUtime=0.07 cores=6-7
/proc/3335809/stat : 3335809 (perf) S 3335800 3335809 3335418 0 -1 0 1738 237 0 0 6 1 0 0 20 0 1 0 922994025 27553792 3404 17179869184 93824994299904 93824996572973 140737488338256 0 0 0 134217728 4 74274 1 0 0 17 6 0 0 0 0 0 93824998874888 93825001005840 93825001308160 140737488340073 140737488340470 140737488340470 140737488351179 0
/proc/3335809/statm: 6727 3404 2099 555 0 1769 0
[pid=3335830] ppid=3335809 vsize=130468 memory=119036 CPUtime=821.98 cores=6-7
/proc/3335830/stat : 3335830 (clingo) R 3335809 3335809 3335418 0 -1 0 38785 0 0 0 82190 8 0 0 20 0 1 0 922994033 133599232 29759 17179869184 93824992301056 93824992468925 140737488338416 0 0 0 134217728 4 25184771 0 0 0 17 6 0 0 0 0 0 93824992533936 93824992571272 93824992575488 140737488340183 140737488340354 140737488340354 140737488351170 0
/proc/3335830/statm: 32617 29759 2092 41 0 28696 0
Current children cumulated CPU time: 822.05 s
Current children cumulated vsize: 157376 KiB
Current children cumulated memory: 132652 KiB

[startup+882.3 s]
/proc/loadavg: 14.07 14.30 13.97 17/817 3336943
/proc/meminfo: memFree=386398640/528004516 swapFree=8388604/8388604
[pid=3335809] ppid=3335800 vsize=26908 memory=13616 CPUtime=0.07 cores=6-7
/proc/3335809/stat : 3335809 (perf) S 3335800 3335809 3335418 0 -1 0 1738 237 0 0 6 1 0 0 20 0 1 0 922994025 27553792 3404 17179869184 93824994299904 93824996572973 140737488338256 0 0 0 134217728 4 74274 1 0 0 17 6 0 0 0 0 0 93824998874888 93825001005840 93825001308160 140737488340073 140737488340470 140737488340470 140737488351179 0
/proc/3335809/statm: 6727 3404 2099 555 0 1769 0
[pid=3335830] ppid=3335809 vsize=133756 memory=121852 CPUtime=881.98 cores=6-7
/proc/3335830/stat : 3335830 (clingo) R 3335809 3335809 3335418 0 -1 0 40168 0 0 0 88190 8 0 0 20 0 1 0 922994033 136966144 30463 17179869184 93824992301056 93824992468925 140737488338416 0 0 0 134217728 4 25184771 0 0 0 17 6 0 0 0 0 0 93824992533936 93824992571272 93824992575488 140737488340183 140737488340354 140737488340354 140737488351170 0
/proc/3335830/statm: 33439 30463 2092 41 0 29518 0
Current children cumulated CPU time: 882.05 s
Current children cumulated vsize: 160664 KiB
Current children cumulated memory: 135468 KiB

[startup+942.3 s]
/proc/loadavg: 14.07 14.26 13.98 17/816 3336947
/proc/meminfo: memFree=386360676/528004516 swapFree=8388604/8388604
[pid=3335809] ppid=3335800 vsize=26908 memory=13616 CPUtime=0.07 cores=6-7
/proc/3335809/stat : 3335809 (perf) S 3335800 3335809 3335418 0 -1 0 1738 237 0 0 6 1 0 0 20 0 1 0 922994025 27553792 3404 17179869184 93824994299904 93824996572973 140737488338256 0 0 0 134217728 4 74274 1 0 0 17 6 0 0 0 0 0 93824998874888 93825001005840 93825001308160 140737488340073 140737488340470 140737488340470 140737488351179 0
/proc/3335809/statm: 6727 3404 2099 555 0 1769 0
[pid=3335830] ppid=3335809 vsize=136196 memory=123972 CPUtime=941.98 cores=6-7
/proc/3335830/stat : 3335830 (clingo) R 3335809 3335809 3335418 0 -1 0 41075 0 0 0 94190 8 0 0 20 0 1 0 922994033 139464704 30993 17179869184 93824992301056 93824992468925 140737488338416 0 0 0 134217728 4 25184771 0 0 0 17 6 0 0 0 0 0 93824992533936 93824992571272 93824992575488 140737488340183 140737488340354 140737488340354 140737488351170 0
/proc/3335830/statm: 34049 30993 2092 41 0 30128 0
Current children cumulated CPU time: 942.05 s
Current children cumulated vsize: 163104 KiB
Current children cumulated memory: 137588 KiB

[startup+1002.3 s]
/proc/loadavg: 14.02 14.21 13.99 17/817 3336951
/proc/meminfo: memFree=386315328/528004516 swapFree=8388604/8388604
[pid=3335809] ppid=3335800 vsize=26908 memory=13616 CPUtime=0.07 cores=6-7
/proc/3335809/stat : 3335809 (perf) S 3335800 3335809 3335418 0 -1 0 1738 237 0 0 6 1 0 0 20 0 1 0 922994025 27553792 3404 17179869184 93824994299904 93824996572973 140737488338256 0 0 0 134217728 4 74274 1 0 0 17 6 0 0 0 0 0 93824998874888 93825001005840 93825001308160 140737488340073 140737488340470 140737488340470 140737488351179 0
/proc/3335809/statm: 6727 3404 2099 555 0 1769 0
[pid=3335830] ppid=3335809 vsize=138500 memory=125808 CPUtime=1001.98 cores=6-7
/proc/3335830/stat : 3335830 (clingo) R 3335809 3335809 3335418 0 -1 0 41846 0 0 0 100190 8 0 0 20 0 1 0 922994033 141824000 31452 17179869184 93824992301056 93824992468925 140737488338416 0 0 0 134217728 4 25184771 0 0 0 17 6 0 0 0 0 0 93824992533936 93824992571272 93824992575488 140737488340183 140737488340354 140737488340354 140737488351170 0
/proc/3335830/statm: 34625 31452 2092 41 0 30704 0
Current children cumulated CPU time: 1002.05 s
Current children cumulated vsize: 165408 KiB
Current children cumulated memory: 139424 KiB

[startup+1062.3 s]
/proc/loadavg: 14.05 14.18 14.00 17/818 3336954
/proc/meminfo: memFree=386283828/528004516 swapFree=8388604/8388604
[pid=3335809] ppid=3335800 vsize=26908 memory=13616 CPUtime=0.07 cores=6-7
/proc/3335809/stat : 3335809 (perf) S 3335800 3335809 3335418 0 -1 0 1738 237 0 0 6 1 0 0 20 0 1 0 922994025 27553792 3404 17179869184 93824994299904 93824996572973 140737488338256 0 0 0 134217728 4 74274 1 0 0 17 6 0 0 0 0 0 93824998874888 93825001005840 93825001308160 140737488340073 140737488340470 140737488340470 140737488351179 0
/proc/3335809/statm: 6727 3404 2099 555 0 1769 0
[pid=3335830] ppid=3335809 vsize=141128 memory=128660 CPUtime=1061.98 cores=6-7
/proc/3335830/stat : 3335830 (clingo) R 3335809 3335809 3335418 0 -1 0 43942 0 0 0 106190 8 0 0 20 0 1 0 922994033 144515072 32165 17179869184 93824992301056 93824992468925 140737488338416 0 0 0 134217728 4 25184771 0 0 0 17 6 0 0 0 0 0 93824992533936 93824992571272 93824992575488 140737488340183 140737488340354 140737488340354 140737488351170 0
/proc/3335830/statm: 35282 32165 2092 41 0 31361 0
Current children cumulated CPU time: 1062.05 s
Current children cumulated vsize: 168036 KiB
Current children cumulated memory: 142276 KiB

[startup+1122.3 s]
/proc/loadavg: 14.02 14.15 14.00 17/818 3336957
/proc/meminfo: memFree=386252124/528004516 swapFree=8388604/8388604
[pid=3335809] ppid=3335800 vsize=26908 memory=13616 CPUtime=0.07 cores=6-7
/proc/3335809/stat : 3335809 (perf) S 3335800 3335809 3335418 0 -1 0 1738 237 0 0 6 1 0 0 20 0 1 0 922994025 27553792 3404 17179869184 93824994299904 93824996572973 140737488338256 0 0 0 134217728 4 74274 1 0 0 17 6 0 0 0 0 0 93824998874888 93825001005840 93825001308160 140737488340073 140737488340470 140737488340470 140737488351179 0
/proc/3335809/statm: 6727 3404 2099 555 0 1769 0
[pid=3335830] ppid=3335809 vsize=144120 memory=131396 CPUtime=1121.98 cores=6-7
/proc/3335830/stat : 3335830 (clingo) R 3335809 3335809 3335418 0 -1 0 45481 0 0 0 112189 9 0 0 20 0 1 0 922994033 147578880 32849 17179869184 93824992301056 93824992468925 140737488338416 0 0 0 134217728 4 25184771 0 0 0 17 6 0 0 0 0 0 93824992533936 93824992571272 93824992575488 140737488340183 140737488340354 140737488340354 140737488351170 0
/proc/3335830/statm: 36030 32849 2092 41 0 32109 0
Current children cumulated CPU time: 1122.05 s
Current children cumulated vsize: 171028 KiB
Current children cumulated memory: 145012 KiB

[startup+1182.3 s]
/proc/loadavg: 14.12 14.15 14.01 17/818 3336961
/proc/meminfo: memFree=386218884/528004516 swapFree=8388604/8388604
[pid=3335809] ppid=3335800 vsize=26908 memory=13616 CPUtime=0.07 cores=6-7
/proc/3335809/stat : 3335809 (perf) S 3335800 3335809 3335418 0 -1 0 1738 237 0 0 6 1 0 0 20 0 1 0 922994025 27553792 3404 17179869184 93824994299904 93824996572973 140737488338256 0 0 0 134217728 4 74274 1 0 0 17 6 0 0 0 0 0 93824998874888 93825001005840 93825001308160 140737488340073 140737488340470 140737488340470 140737488351179 0
/proc/3335809/statm: 6727 3404 2099 555 0 1769 0
[pid=3335830] ppid=3335809 vsize=148136 memory=135380 CPUtime=1181.98 cores=6-7
/proc/3335830/stat : 3335830 (clingo) R 3335809 3335809 3335418 0 -1 0 47126 0 0 0 118189 9 0 0 20 0 1 0 922994033 151691264 33845 17179869184 93824992301056 93824992468925 140737488338416 0 0 0 134217728 4 25184771 0 0 0 17 6 0 0 0 0 0 93824992533936 93824992571272 93824992575488 140737488340183 140737488340354 140737488340354 140737488351170 0
/proc/3335830/statm: 37034 33845 2092 41 0 33113 0
Current children cumulated CPU time: 1182.05 s
Current children cumulated vsize: 175044 KiB
Current children cumulated memory: 148996 KiB



Maximum wall clock time exceeded: sending SIGTERM then SIGKILL

[startup+1205 s]*
/proc/loadavg: 14.31 14.19 14.02 16/798 3336978
/proc/meminfo: memFree=386330540/528004516 swapFree=8388604/8388604
[pid=3335809] ppid=3335800 vsize=26908 memory=13616 CPUtime=0.07 cores=6-7
/proc/3335809/stat : 3335809 (perf) S 3335800 3335809 3335418 0 -1 0 1738 237 0 0 6 1 0 0 20 0 1 0 922994025 27553792 3404 17179869184 93824994299904 93824996572973 140737488338256 0 0 0 134217728 4 74274 1 0 0 17 6 0 0 0 0 0 93824998874888 93825001005840 93825001308160 140737488340073 140737488340470 140737488340470 140737488351179 0
/proc/3335809/statm: 6727 3404 2099 555 0 1769 0
[pid=3335830] ppid=3335809 vsize=149188 memory=135904 CPUtime=1204.7 cores=6-7
/proc/3335830/stat : 3335830 (clingo) R 3335809 3335809 3335418 0 -1 0 47317 0 0 0 120461 9 0 0 20 0 1 0 922994033 152768512 33976 17179869184 93824992301056 93824992468925 140737488338416 0 0 0 134217728 4 25184771 0 0 0 17 6 0 0 0 0 0 93824992533936 93824992571272 93824992575488 140737488340183 140737488340354 140737488340354 140737488351170 0
/proc/3335830/statm: 37297 33976 2092 41 0 33376 0
Current children cumulated CPU time: 1204.77 s
Current children cumulated vsize: 176096 KiB
Current children cumulated memory: 149520 KiB

Sending SIGINT to process tree (bottom up)
Sleeping 5 seconds

[startup+1205.03 s]
# the end of solver process 3335809 was just reported to runsolver
# cumulated CPU time of all completed processes:  user=1204.69 s, system=0.115599 s

Solver just ended.
??? end of watcher thread
Dumping a history of the last processes samples

Child status: 1
Real time (s): 1205.03
CPU time (s): 1204.8
CPU user time (s): 1204.69
CPU system time (s): 0.115599
CPU usage (%): 99.9814
Max. virtual memory (cumulated for all children) (KiB): 176248
Max. memory (cumulated for all children) (KiB): 150028

getrusage(RUSAGE_CHILDREN,...) data:
user time used= 1204.69
system time used= 0.115599
maximum resident set size= 136412
integral shared memory size= 0
integral unshared data size= 0
integral unshared stack size= 0
page reclaims= 49332
page faults= 0
swaps= 0
block input operations= 0
block output operations= 0
messages sent= 0
messages received= 0
signals received= 0
voluntary context switches= 18
involuntary context switches= 1054


# summary of solver processes directly reported to runsolver:
#   pid: 3335809
#   total CPU time (s): 1204.8
#   total CPU user time (s): 1204.69
#   total CPU system time (s): 0.115599

??? end of timestamper thread
runsolver used 8.7971 second user time and 14.9084 second system time

The end
