runsolver version 3.4.0 (svn: 3018) Copyright (C) 2010-2013 Olivier ROUSSEL

This program is distributed in the hope that it will be useful,
but WITHOUT ANY WARRANTY; without even the implied warranty of
MERCHANTABILITY or FITNESS FOR A PARTICULAR PURPOSE.  See the
GNU General Public License for more details.

NUMA information:
  number of nodes: 2
  memory of node 0: 257635 MiB (188888 MiB free)
  memory of node 1: 257994 MiB (176301 MiB free)
  node distances:
     10  20
     20  10

command line: /dev/shm/376e7e70-2e81-11f1-ac62-000c298f4621/input/runsolver -w /dev/shm/376e7e70-2e81-11f1-ac62-000c298f4621/output/runsolver.log -v /dev/shm/376e7e70-2e81-11f1-ac62-000c298f4621/output/varfile.log -W 1205 --rss-swap-limit 16384 -d 5 --sigint /usr/bin/perf stat -B -e task-clock,cache-references,cache-misses,cycles,instructions,branches,faults,migrations,context-switches -o /dev/shm/376e7e70-2e81-11f1-ac62-000c298f4621/output/perf.log clingo /home/guests/mmacri/AMOSUM/benchmarks/GraphColouring/encoding-plain-amo.asp /dev/shm/376e7e70-2e81-11f1-ac62-000c298f4621/input/0036-graph_colouring-140-0_1344.asp 

running on 2 cores: 22-23

Enforcing wall clock limit (soft limit, will send SIGTERM then SIGKILL): 1205 seconds
Enforcing RSS+Swap limit (soft limit, will send SIGTERM then SIGKILL): 16777216 KiB
Linux 5.15.0-131-generic
Current StackSize limit: 8192 KiB

solver pid=1606865, runsolver pid=1606864

[startup+0.100068 s]*
/proc/loadavg: 14.29 14.24 13.31 15/831 1606869
/proc/meminfo: memFree=373948120/528004520 swapFree=8388604/8388604
[pid=1606865] ppid=1606864 vsize=26908 memory=13612 CPUtime=0.06 cores=22-23
/proc/1606865/stat : 1606865 (perf) S 1606864 1606865 1606822 0 -1 0 1738 237 0 0 6 0 0 0 20 0 1 0 923003682 27553792 3403 17179869184 93824994299904 93824996572973 140737488338256 0 0 0 134217728 4 74274 1 0 0 17 22 0 0 0 0 0 93824998874888 93825001005840 93825001308160 140737488340073 140737488340470 140737488340470 140737488351179 0
/proc/1606865/statm: 6727 3403 2098 555 0 1769 0
[pid=1606869] ppid=1606865 vsize=19532 memory=11256 CPUtime=0.02 cores=22-23
/proc/1606869/stat : 1606869 (clingo) R 1606865 1606865 1606822 0 -1 0 1117 0 0 0 2 0 0 0 20 0 1 0 923003690 20000768 2814 17179869184 93824992301056 93824992468925 140737488338416 0 0 0 134217728 4 25184771 0 0 0 17 23 0 0 0 0 0 93824992533936 93824992571272 93824992575488 140737488340183 140737488340354 140737488340354 140737488351170 0
/proc/1606869/statm: 4883 2814 2044 41 0 962 0
Current children cumulated CPU time: 0.08 s
Current children cumulated vsize: 46440 KiB
Current children cumulated memory: 24868 KiB

[startup+0.226551 s]*
/proc/loadavg: 14.29 14.24 13.31 15/831 1606869
/proc/meminfo: memFree=373944088/528004520 swapFree=8388604/8388604
[pid=1606865] ppid=1606864 vsize=26908 memory=13612 CPUtime=0.06 cores=22-23
/proc/1606865/stat : 1606865 (perf) S 1606864 1606865 1606822 0 -1 0 1738 237 0 0 6 0 0 0 20 0 1 0 923003682 27553792 3403 17179869184 93824994299904 93824996572973 140737488338256 0 0 0 134217728 4 74274 1 0 0 17 22 0 0 0 0 0 93824998874888 93825001005840 93825001308160 140737488340073 140737488340470 140737488340470 140737488351179 0
/proc/1606865/statm: 6727 3403 2098 555 0 1769 0
[pid=1606869] ppid=1606865 vsize=26096 memory=18020 CPUtime=0.13 cores=22-23
/proc/1606869/stat : 1606869 (clingo) R 1606865 1606865 1606822 0 -1 0 2753 0 0 0 13 0 0 0 20 0 1 0 923003690 26722304 4505 17179869184 93824992301056 93824992468925 140737488338416 0 0 0 134217728 4 25184771 0 0 0 17 23 0 0 0 0 0 93824992533936 93824992571272 93824992575488 140737488340183 140737488340354 140737488340354 140737488351170 0
/proc/1606869/statm: 6524 4505 2089 41 0 2603 0
Current children cumulated CPU time: 0.19 s
Current children cumulated vsize: 53004 KiB
Current children cumulated memory: 31632 KiB

[startup+0.334323 s]*
/proc/loadavg: 14.29 14.24 13.31 14/828 1606872
/proc/meminfo: memFree=373943584/528004520 swapFree=8388604/8388604
[pid=1606865] ppid=1606864 vsize=26908 memory=13612 CPUtime=0.06 cores=22-23
/proc/1606865/stat : 1606865 (perf) S 1606864 1606865 1606822 0 -1 0 1738 237 0 0 6 0 0 0 20 0 1 0 923003682 27553792 3403 17179869184 93824994299904 93824996572973 140737488338256 0 0 0 134217728 4 74274 1 0 0 17 22 0 0 0 0 0 93824998874888 93825001005840 93825001308160 140737488340073 140737488340470 140737488340470 140737488351179 0
/proc/1606865/statm: 6727 3403 2098 555 0 1769 0
[pid=1606869] ppid=1606865 vsize=29008 memory=20924 CPUtime=0.22 cores=22-23
/proc/1606869/stat : 1606869 (clingo) R 1606865 1606865 1606822 0 -1 0 3485 0 0 0 22 0 0 0 20 0 1 0 923003690 29704192 5231 17179869184 93824992301056 93824992468925 140737488338416 0 0 0 134217728 4 25184771 0 0 0 17 22 0 0 0 0 0 93824992533936 93824992571272 93824992575488 140737488340183 140737488340354 140737488340354 140737488351170 0
/proc/1606869/statm: 7252 5231 2089 41 0 3331 0
Current children cumulated CPU time: 0.28 s
Current children cumulated vsize: 55916 KiB
Current children cumulated memory: 34536 KiB

[startup+0.700324 s]
/proc/loadavg: 14.29 14.24 13.31 14/801 1606925
/proc/meminfo: memFree=373941616/528004520 swapFree=8388604/8388604
[pid=1606865] ppid=1606864 vsize=26908 memory=13612 CPUtime=0.06 cores=22-23
/proc/1606865/stat : 1606865 (perf) S 1606864 1606865 1606822 0 -1 0 1738 237 0 0 6 0 0 0 20 0 1 0 923003682 27553792 3403 17179869184 93824994299904 93824996572973 140737488338256 0 0 0 134217728 4 74274 1 0 0 17 22 0 0 0 0 0 93824998874888 93825001005840 93825001308160 140737488340073 140737488340470 140737488340470 140737488351179 0
/proc/1606865/statm: 6727 3403 2098 555 0 1769 0
[pid=1606869] ppid=1606865 vsize=32196 memory=24092 CPUtime=0.56 cores=22-23
/proc/1606869/stat : 1606869 (clingo) R 1606865 1606865 1606822 0 -1 0 4258 0 0 0 55 1 0 0 20 0 1 0 923003690 32968704 6023 17179869184 93824992301056 93824992468925 140737488338416 0 0 0 134217728 4 25184771 0 0 0 17 22 0 0 0 0 0 93824992533936 93824992571272 93824992575488 140737488340183 140737488340354 140737488340354 140737488351170 0
/proc/1606869/statm: 8049 6023 2089 41 0 4128 0
Current children cumulated CPU time: 0.62 s
Current children cumulated vsize: 59104 KiB
Current children cumulated memory: 37704 KiB

[startup+0.721728 s]
# the end of solver process 1606865 was just reported to runsolver
# cumulated CPU time of all completed processes:  user=0.643031 s, system=0.025268 s

Solver just ended.
??? end of watcher thread
Dumping a history of the last processes samples

[startup+0.700324 s]
/proc/loadavg: 14.29 14.24 13.31 14/801 1606925
/proc/meminfo: memFree=373941616/528004520 swapFree=8388604/8388604
[pid=1606865] ppid=1606864 vsize=26908 memory=13612 CPUtime=0.06 cores=22-23
/proc/1606865/stat : 1606865 (perf) S 1606864 1606865 1606822 0 -1 0 1738 237 0 0 6 0 0 0 20 0 1 0 923003682 27553792 3403 17179869184 93824994299904 93824996572973 140737488338256 0 0 0 134217728 4 74274 1 0 0 17 22 0 0 0 0 0 93824998874888 93825001005840 93825001308160 140737488340073 140737488340470 140737488340470 140737488351179 0
/proc/1606865/statm: 6727 3403 2098 555 0 1769 0
[pid=1606869] ppid=1606865 vsize=32196 memory=24092 CPUtime=0.56 cores=22-23
/proc/1606869/stat : 1606869 (clingo) R 1606865 1606865 1606822 0 -1 0 4258 0 0 0 55 1 0 0 20 0 1 0 923003690 32968704 6023 17179869184 93824992301056 93824992468925 140737488338416 0 0 0 134217728 4 25184771 0 0 0 17 22 0 0 0 0 0 93824992533936 93824992571272 93824992575488 140737488340183 140737488340354 140737488340354 140737488351170 0
/proc/1606869/statm: 8049 6023 2089 41 0 4128 0
Current children cumulated CPU time: 0.62 s
Current children cumulated vsize: 59104 KiB
Current children cumulated memory: 37704 KiB

Child status: 10
Real time (s): 0.721741
CPU time (s): 0.668299
CPU user time (s): 0.643031
CPU system time (s): 0.025268
CPU usage (%): 92.5954
Max. virtual memory (cumulated for all children) (KiB): 59104
Max. memory (cumulated for all children) (KiB): 37704

getrusage(RUSAGE_CHILDREN,...) data:
user time used= 0.643031
system time used= 0.025268
maximum resident set size= 24092
integral shared memory size= 0
integral unshared data size= 0
integral unshared stack size= 0
page reclaims= 6294
page faults= 0
swaps= 0
block input operations= 0
block output operations= 0
messages sent= 0
messages received= 0
signals received= 0
voluntary context switches= 17
involuntary context switches= 15


# summary of solver processes directly reported to runsolver:
#   pid: 1606865
#   total CPU time (s): 0.668299
#   total CPU user time (s): 0.643031
#   total CPU system time (s): 0.025268

??? end of timestamper thread
runsolver used 0.044295 second user time and 0.086803 second system time

The end
