runsolver version 3.4.0 (svn: 3018) Copyright (C) 2010-2013 Olivier ROUSSEL

This program is distributed in the hope that it will be useful,
but WITHOUT ANY WARRANTY; without even the implied warranty of
MERCHANTABILITY or FITNESS FOR A PARTICULAR PURPOSE.  See the
GNU General Public License for more details.

NUMA information:
  number of nodes: 2
  memory of node 0: 257635 MiB (181204 MiB free)
  memory of node 1: 257994 MiB (175039 MiB free)
  node distances:
     10  20
     20  10

command line: /dev/shm/37395646-2e81-11f1-ac62-000c298f4621/input/runsolver -w /dev/shm/37395646-2e81-11f1-ac62-000c298f4621/output/runsolver.log -v /dev/shm/37395646-2e81-11f1-ac62-000c298f4621/output/varfile.log -W 1205 --rss-swap-limit 16384 -d 5 --sigint /usr/bin/perf stat -B -e task-clock,cache-references,cache-misses,cycles,instructions,branches,faults,migrations,context-switches -o /dev/shm/37395646-2e81-11f1-ac62-000c298f4621/output/perf.log clingo /home/guests/mmacri/AMOSUM/benchmarks/GraphColouring/encoding-plain-amo.asp /dev/shm/37395646-2e81-11f1-ac62-000c298f4621/input/0008-graph_colouring-125-0_3600.asp 

running on 2 cores: 10-11

Enforcing wall clock limit (soft limit, will send SIGTERM then SIGKILL): 1205 seconds
Enforcing RSS+Swap limit (soft limit, will send SIGTERM then SIGKILL): 16777216 KiB
Linux 5.15.0-131-generic
Current StackSize limit: 8192 KiB

solver pid=1303561, runsolver pid=1303560

[startup+0.100071 s]*
/proc/loadavg: 14.21 14.06 10.52 15/844 1303565
/proc/meminfo: memFree=364776268/528004516 swapFree=8388604/8388604
[pid=1303561] ppid=1303560 vsize=26908 memory=13612 CPUtime=0.07 cores=10-11
/proc/1303561/stat : 1303561 (perf) S 1303560 1303561 1303518 0 -1 0 1738 237 0 0 6 1 0 0 20 0 1 0 922888559 27553792 3403 17179869184 93824994299904 93824996572973 140737488338256 0 0 0 134217728 4 74274 1 0 0 17 10 0 0 0 0 0 93824998874888 93825001005840 93825001308160 140737488340073 140737488340470 140737488340470 140737488351179 0
/proc/1303561/statm: 6727 3403 2098 555 0 1769 0
[pid=1303565] ppid=1303561 vsize=19928 memory=11840 CPUtime=0.03 cores=10-11
/proc/1303565/stat : 1303565 (clingo) R 1303561 1303561 1303518 0 -1 0 1186 0 0 0 3 0 0 0 20 0 1 0 922888567 20406272 2960 17179869184 93824992301056 93824992468925 140737488338416 0 0 0 134217728 4 25184771 0 0 0 17 11 0 0 0 0 0 93824992533936 93824992571272 93824992575488 140737488340183 140737488340354 140737488340354 140737488351170 0
/proc/1303565/statm: 4982 2960 2091 41 0 1061 0
Current children cumulated CPU time: 0.1 s
Current children cumulated vsize: 46836 KiB
Current children cumulated memory: 25452 KiB

[startup+0.235355 s]*
/proc/loadavg: 14.21 14.06 10.52 15/844 1303565
/proc/meminfo: memFree=364753084/528004516 swapFree=8388604/8388604
[pid=1303561] ppid=1303560 vsize=26908 memory=13612 CPUtime=0.07 cores=10-11
/proc/1303561/stat : 1303561 (perf) S 1303560 1303561 1303518 0 -1 0 1738 237 0 0 6 1 0 0 20 0 1 0 922888559 27553792 3403 17179869184 93824994299904 93824996572973 140737488338256 0 0 0 134217728 4 74274 1 0 0 17 10 0 0 0 0 0 93824998874888 93825001005840 93825001308160 140737488340073 140737488340470 140737488340470 140737488351179 0
/proc/1303561/statm: 6727 3403 2098 555 0 1769 0
[pid=1303565] ppid=1303561 vsize=25376 memory=17384 CPUtime=0.14 cores=10-11
/proc/1303565/stat : 1303565 (clingo) R 1303561 1303561 1303518 0 -1 0 2527 0 0 0 14 0 0 0 20 0 1 0 922888567 25985024 4346 17179869184 93824992301056 93824992468925 140737488338416 0 0 0 134217728 4 25184771 0 0 0 17 11 0 0 0 0 0 93824992533936 93824992571272 93824992575488 140737488340183 140737488340354 140737488340354 140737488351170 0
/proc/1303565/statm: 6344 4346 2091 41 0 2423 0
Current children cumulated CPU time: 0.21 s
Current children cumulated vsize: 52284 KiB
Current children cumulated memory: 30996 KiB

[startup+0.335168 s]*
/proc/loadavg: 14.21 14.06 10.52 15/844 1303565
/proc/meminfo: memFree=364735948/528004516 swapFree=8388604/8388604
[pid=1303561] ppid=1303560 vsize=26908 memory=13612 CPUtime=0.07 cores=10-11
/proc/1303561/stat : 1303561 (perf) S 1303560 1303561 1303518 0 -1 0 1738 237 0 0 6 1 0 0 20 0 1 0 922888559 27553792 3403 17179869184 93824994299904 93824996572973 140737488338256 0 0 0 134217728 4 74274 1 0 0 17 10 0 0 0 0 0 93824998874888 93825001005840 93825001308160 140737488340073 140737488340470 140737488340470 140737488351179 0
/proc/1303561/statm: 6727 3403 2098 555 0 1769 0
[pid=1303565] ppid=1303561 vsize=26564 memory=18440 CPUtime=0.22 cores=10-11
/proc/1303565/stat : 1303565 (clingo) R 1303561 1303561 1303518 0 -1 0 2824 0 0 0 22 0 0 0 20 0 1 0 922888567 27201536 4610 17179869184 93824992301056 93824992468925 140737488338416 0 0 0 134217728 4 25184771 0 0 0 17 11 0 0 0 0 0 93824992533936 93824992571272 93824992575488 140737488340183 140737488340354 140737488340354 140737488351170 0
/proc/1303565/statm: 6641 4610 2091 41 0 2720 0
Current children cumulated CPU time: 0.29 s
Current children cumulated vsize: 53472 KiB
Current children cumulated memory: 32052 KiB

[startup+0.700346 s]
/proc/loadavg: 14.21 14.06 10.52 15/844 1303565
/proc/meminfo: memFree=364701676/528004516 swapFree=8388604/8388604
[pid=1303561] ppid=1303560 vsize=26908 memory=13612 CPUtime=0.07 cores=10-11
/proc/1303561/stat : 1303561 (perf) S 1303560 1303561 1303518 0 -1 0 1738 237 0 0 6 1 0 0 20 0 1 0 922888559 27553792 3403 17179869184 93824994299904 93824996572973 140737488338256 0 0 0 134217728 4 74274 1 0 0 17 10 0 0 0 0 0 93824998874888 93825001005840 93825001308160 140737488340073 140737488340470 140737488340470 140737488351179 0
/proc/1303561/statm: 6727 3403 2098 555 0 1769 0
[pid=1303565] ppid=1303561 vsize=28460 memory=20288 CPUtime=0.52 cores=10-11
/proc/1303565/stat : 1303565 (clingo) R 1303561 1303561 1303518 0 -1 0 3309 0 0 0 52 0 0 0 20 0 1 0 922888567 29143040 5072 17179869184 93824992301056 93824992468925 140737488338416 0 0 0 134217728 4 25184771 0 0 0 17 10 0 0 0 0 0 93824992533936 93824992571272 93824992575488 140737488340183 140737488340354 140737488340354 140737488351170 0
/proc/1303565/statm: 7115 5072 2091 41 0 3194 0
Current children cumulated CPU time: 0.59 s
Current children cumulated vsize: 55368 KiB
Current children cumulated memory: 33900 KiB

[startup+1.50036 s]
/proc/loadavg: 14.21 14.06 10.52 15/844 1303565
/proc/meminfo: memFree=364630612/528004516 swapFree=8388604/8388604
[pid=1303561] ppid=1303560 vsize=26908 memory=13612 CPUtime=0.07 cores=10-11
/proc/1303561/stat : 1303561 (perf) S 1303560 1303561 1303518 0 -1 0 1738 237 0 0 6 1 0 0 20 0 1 0 922888559 27553792 3403 17179869184 93824994299904 93824996572973 140737488338256 0 0 0 134217728 4 74274 1 0 0 17 10 0 0 0 0 0 93824998874888 93825001005840 93825001308160 140737488340073 140737488340470 140737488340470 140737488351179 0
/proc/1303561/statm: 6727 3403 2098 555 0 1769 0
[pid=1303565] ppid=1303561 vsize=31504 memory=23456 CPUtime=1.32 cores=10-11
/proc/1303565/stat : 1303565 (clingo) R 1303561 1303561 1303518 0 -1 0 4052 0 0 0 132 0 0 0 20 0 1 0 922888567 32260096 5864 17179869184 93824992301056 93824992468925 140737488338416 0 0 0 134217728 4 25184771 0 0 0 17 10 0 0 0 0 0 93824992533936 93824992571272 93824992575488 140737488340183 140737488340354 140737488340354 140737488351170 0
/proc/1303565/statm: 7876 5864 2091 41 0 3955 0
Current children cumulated CPU time: 1.39 s
Current children cumulated vsize: 58412 KiB
Current children cumulated memory: 37068 KiB

[startup+3.11884 s]
/proc/loadavg: 14.21 14.06 10.52 15/844 1303565
/proc/meminfo: memFree=364393844/528004516 swapFree=8388604/8388604
[pid=1303561] ppid=1303560 vsize=26908 memory=13612 CPUtime=0.07 cores=10-11
/proc/1303561/stat : 1303561 (perf) S 1303560 1303561 1303518 0 -1 0 1738 237 0 0 6 1 0 0 20 0 1 0 922888559 27553792 3403 17179869184 93824994299904 93824996572973 140737488338256 0 0 0 134217728 4 74274 1 0 0 17 10 0 0 0 0 0 93824998874888 93825001005840 93825001308160 140737488340073 140737488340470 140737488340470 140737488351179 0
/proc/1303561/statm: 6727 3403 2098 555 0 1769 0
[pid=1303565] ppid=1303561 vsize=33124 memory=25040 CPUtime=2.94 cores=10-11
/proc/1303565/stat : 1303565 (clingo) R 1303561 1303561 1303518 0 -1 0 4487 0 0 0 294 0 0 0 20 0 1 0 922888567 33918976 6260 17179869184 93824992301056 93824992468925 140737488338416 0 0 0 134217728 4 25184771 0 0 0 17 10 0 0 0 0 0 93824992533936 93824992571272 93824992575488 140737488340183 140737488340354 140737488340354 140737488351170 0
/proc/1303565/statm: 8281 6260 2091 41 0 4360 0
Current children cumulated CPU time: 3.01 s
Current children cumulated vsize: 60032 KiB
Current children cumulated memory: 38652 KiB

[startup+6.3003 s]
/proc/loadavg: 14.20 14.06 10.54 15/844 1303566
/proc/meminfo: memFree=364144116/528004516 swapFree=8388604/8388604
[pid=1303561] ppid=1303560 vsize=26908 memory=13612 CPUtime=0.07 cores=10-11
/proc/1303561/stat : 1303561 (perf) S 1303560 1303561 1303518 0 -1 0 1738 237 0 0 6 1 0 0 20 0 1 0 922888559 27553792 3403 17179869184 93824994299904 93824996572973 140737488338256 0 0 0 134217728 4 74274 1 0 0 17 10 0 0 0 0 0 93824998874888 93825001005840 93825001308160 140737488340073 140737488340470 140737488340470 140737488351179 0
/proc/1303561/statm: 6727 3403 2098 555 0 1769 0
[pid=1303565] ppid=1303561 vsize=38868 memory=30848 CPUtime=6.13 cores=10-11
/proc/1303565/stat : 1303565 (clingo) R 1303561 1303561 1303518 0 -1 0 5905 0 0 0 612 1 0 0 20 0 1 0 922888567 39800832 7712 17179869184 93824992301056 93824992468925 140737488338416 0 0 0 134217728 4 25184771 0 0 0 17 10 0 0 0 0 0 93824992533936 93824992571272 93824992575488 140737488340183 140737488340354 140737488340354 140737488351170 0
/proc/1303565/statm: 9717 7712 2091 41 0 5796 0
Current children cumulated CPU time: 6.2 s
Current children cumulated vsize: 65776 KiB
Current children cumulated memory: 44460 KiB

[startup+12.7003 s]
/proc/loadavg: 14.18 14.06 10.56 15/844 1303566
/proc/meminfo: memFree=363895840/528004516 swapFree=8388604/8388604
[pid=1303561] ppid=1303560 vsize=26908 memory=13612 CPUtime=0.07 cores=10-11
/proc/1303561/stat : 1303561 (perf) S 1303560 1303561 1303518 0 -1 0 1738 237 0 0 6 1 0 0 20 0 1 0 922888559 27553792 3403 17179869184 93824994299904 93824996572973 140737488338256 0 0 0 134217728 4 74274 1 0 0 17 10 0 0 0 0 0 93824998874888 93825001005840 93825001308160 140737488340073 140737488340470 140737488340470 140737488351179 0
/proc/1303561/statm: 6727 3403 2098 555 0 1769 0
[pid=1303565] ppid=1303561 vsize=44072 memory=36072 CPUtime=12.53 cores=10-11
/proc/1303565/stat : 1303565 (clingo) R 1303561 1303561 1303518 0 -1 0 7270 0 0 0 1252 1 0 0 20 0 1 0 922888567 45129728 9018 17179869184 93824992301056 93824992468925 140737488338416 0 0 0 134217728 4 25184771 0 0 0 17 10 0 0 0 0 0 93824992533936 93824992571272 93824992575488 140737488340183 140737488340354 140737488340354 140737488351170 0
/proc/1303565/statm: 11018 9018 2091 41 0 7097 0
Current children cumulated CPU time: 12.6 s
Current children cumulated vsize: 70980 KiB
Current children cumulated memory: 49684 KiB

[startup+25.5004 s]
/proc/loadavg: 14.14 14.05 10.62 15/844 1303566
/proc/meminfo: memFree=363135848/528004516 swapFree=8388604/8388604
[pid=1303561] ppid=1303560 vsize=26908 memory=13612 CPUtime=0.07 cores=10-11
/proc/1303561/stat : 1303561 (perf) S 1303560 1303561 1303518 0 -1 0 1738 237 0 0 6 1 0 0 20 0 1 0 922888559 27553792 3403 17179869184 93824994299904 93824996572973 140737488338256 0 0 0 134217728 4 74274 1 0 0 17 10 0 0 0 0 0 93824998874888 93825001005840 93825001308160 140737488340073 140737488340470 140737488340470 140737488351179 0
/proc/1303561/statm: 6727 3403 2098 555 0 1769 0
[pid=1303565] ppid=1303561 vsize=51000 memory=42768 CPUtime=25.33 cores=10-11
/proc/1303565/stat : 1303565 (clingo) R 1303561 1303561 1303518 0 -1 0 9445 0 0 0 2531 2 0 0 20 0 1 0 922888567 52224000 10692 17179869184 93824992301056 93824992468925 140737488338416 0 0 0 134217728 4 25184771 0 0 0 17 10 0 0 0 0 0 93824992533936 93824992571272 93824992575488 140737488340183 140737488340354 140737488340354 140737488351170 0
/proc/1303565/statm: 12750 10692 2091 41 0 8829 0
Current children cumulated CPU time: 25.4 s
Current children cumulated vsize: 77908 KiB
Current children cumulated memory: 56380 KiB

[startup+51.1188 s]
/proc/loadavg: 14.15 14.06 10.71 15/843 1303669
/proc/meminfo: memFree=362235208/528004516 swapFree=8388604/8388604
[pid=1303561] ppid=1303560 vsize=26908 memory=13612 CPUtime=0.07 cores=10-11
/proc/1303561/stat : 1303561 (perf) S 1303560 1303561 1303518 0 -1 0 1738 237 0 0 6 1 0 0 20 0 1 0 922888559 27553792 3403 17179869184 93824994299904 93824996572973 140737488338256 0 0 0 134217728 4 74274 1 0 0 17 10 0 0 0 0 0 93824998874888 93825001005840 93825001308160 140737488340073 140737488340470 140737488340470 140737488351179 0
/proc/1303561/statm: 6727 3403 2098 555 0 1769 0
[pid=1303565] ppid=1303561 vsize=58740 memory=50588 CPUtime=50.94 cores=10-11
/proc/1303565/stat : 1303565 (clingo) R 1303561 1303561 1303518 0 -1 0 12324 0 0 0 5092 2 0 0 20 0 1 0 922888567 60149760 12647 17179869184 93824992301056 93824992468925 140737488338416 0 0 0 134217728 4 25184771 0 0 0 17 10 0 0 0 0 0 93824992533936 93824992571272 93824992575488 140737488340183 140737488340354 140737488340354 140737488351170 0
/proc/1303565/statm: 14685 12647 2091 41 0 10764 0
Current children cumulated CPU time: 51.01 s
Current children cumulated vsize: 85648 KiB
Current children cumulated memory: 64200 KiB

[startup+102.3 s]
/proc/loadavg: 14.06 14.05 10.89 15/844 1303671
/proc/meminfo: memFree=360413872/528004516 swapFree=8388604/8388604
[pid=1303561] ppid=1303560 vsize=26908 memory=13612 CPUtime=0.07 cores=10-11
/proc/1303561/stat : 1303561 (perf) S 1303560 1303561 1303518 0 -1 0 1738 237 0 0 6 1 0 0 20 0 1 0 922888559 27553792 3403 17179869184 93824994299904 93824996572973 140737488338256 0 0 0 134217728 4 74274 1 0 0 17 10 0 0 0 0 0 93824998874888 93825001005840 93825001308160 140737488340073 140737488340470 140737488340470 140737488351179 0
/proc/1303561/statm: 6727 3403 2098 555 0 1769 0
[pid=1303565] ppid=1303561 vsize=69364 memory=61028 CPUtime=102.13 cores=10-11
/proc/1303565/stat : 1303565 (clingo) R 1303561 1303561 1303518 0 -1 0 16504 0 0 0 10209 4 0 0 20 0 1 0 922888567 71028736 15257 17179869184 93824992301056 93824992468925 140737488338416 0 0 0 134217728 4 25184771 0 0 0 17 10 0 0 0 0 0 93824992533936 93824992571272 93824992575488 140737488340183 140737488340354 140737488340354 140737488351170 0
/proc/1303565/statm: 17341 15257 2091 41 0 13420 0
Current children cumulated CPU time: 102.2 s
Current children cumulated vsize: 96272 KiB
Current children cumulated memory: 74640 KiB

[startup+162.3 s]
/proc/loadavg: 14.02 14.04 11.09 15/844 1303672
/proc/meminfo: memFree=359174728/528004516 swapFree=8388604/8388604
[pid=1303561] ppid=1303560 vsize=26908 memory=13612 CPUtime=0.07 cores=10-11
/proc/1303561/stat : 1303561 (perf) S 1303560 1303561 1303518 0 -1 0 1738 237 0 0 6 1 0 0 20 0 1 0 922888559 27553792 3403 17179869184 93824994299904 93824996572973 140737488338256 0 0 0 134217728 4 74274 1 0 0 17 10 0 0 0 0 0 93824998874888 93825001005840 93825001308160 140737488340073 140737488340470 140737488340470 140737488351179 0
/proc/1303561/statm: 6727 3403 2098 555 0 1769 0
[pid=1303565] ppid=1303561 vsize=78628 memory=69908 CPUtime=162.13 cores=10-11
/proc/1303565/stat : 1303565 (clingo) R 1303561 1303561 1303518 0 -1 0 19883 0 0 0 16209 4 0 0 20 0 1 0 922888567 80515072 17477 17179869184 93824992301056 93824992468925 140737488338416 0 0 0 134217728 4 25184771 0 0 0 17 10 0 0 0 0 0 93824992533936 93824992571272 93824992575488 140737488340183 140737488340354 140737488340354 140737488351170 0
/proc/1303565/statm: 19657 17477 2091 41 0 15736 0
Current children cumulated CPU time: 162.2 s
Current children cumulated vsize: 105536 KiB
Current children cumulated memory: 83520 KiB

[startup+222.3 s]
/proc/loadavg: 14.01 14.03 11.27 15/844 1303675
/proc/meminfo: memFree=358325616/528004516 swapFree=8388604/8388604
[pid=1303561] ppid=1303560 vsize=26908 memory=13612 CPUtime=0.07 cores=10-11
/proc/1303561/stat : 1303561 (perf) S 1303560 1303561 1303518 0 -1 0 1738 237 0 0 6 1 0 0 20 0 1 0 922888559 27553792 3403 17179869184 93824994299904 93824996572973 140737488338256 0 0 0 134217728 4 74274 1 0 0 17 10 0 0 0 0 0 93824998874888 93825001005840 93825001308160 140737488340073 140737488340470 140737488340470 140737488351179 0
/proc/1303561/statm: 6727 3403 2098 555 0 1769 0
[pid=1303565] ppid=1303561 vsize=85680 memory=76552 CPUtime=222.12 cores=10-11
/proc/1303565/stat : 1303565 (clingo) R 1303561 1303561 1303518 0 -1 0 21896 0 0 0 22208 4 0 0 20 0 1 0 922888567 87736320 19138 17179869184 93824992301056 93824992468925 140737488338416 0 0 0 134217728 4 25184771 0 0 0 17 10 0 0 0 0 0 93824992533936 93824992571272 93824992575488 140737488340183 140737488340354 140737488340354 140737488351170 0
/proc/1303565/statm: 21420 19138 2091 41 0 17499 0
Current children cumulated CPU time: 222.19 s
Current children cumulated vsize: 112588 KiB
Current children cumulated memory: 90164 KiB

[startup+282.3 s]
/proc/loadavg: 14.00 14.02 11.45 15/844 1303676
/proc/meminfo: memFree=356510964/528004516 swapFree=8388604/8388604
[pid=1303561] ppid=1303560 vsize=26908 memory=13612 CPUtime=0.07 cores=10-11
/proc/1303561/stat : 1303561 (perf) S 1303560 1303561 1303518 0 -1 0 1738 237 0 0 6 1 0 0 20 0 1 0 922888559 27553792 3403 17179869184 93824994299904 93824996572973 140737488338256 0 0 0 134217728 4 74274 1 0 0 17 10 0 0 0 0 0 93824998874888 93825001005840 93825001308160 140737488340073 140737488340470 140737488340470 140737488351179 0
/proc/1303561/statm: 6727 3403 2098 555 0 1769 0
[pid=1303565] ppid=1303561 vsize=90952 memory=81688 CPUtime=282.12 cores=10-11
/proc/1303565/stat : 1303565 (clingo) R 1303561 1303561 1303518 0 -1 0 24090 0 0 0 28207 5 0 0 20 0 1 0 922888567 93134848 20422 17179869184 93824992301056 93824992468925 140737488338416 0 0 0 134217728 4 25184771 0 0 0 17 10 0 0 0 0 0 93824992533936 93824992571272 93824992575488 140737488340183 140737488340354 140737488340354 140737488351170 0
/proc/1303565/statm: 22738 20422 2091 41 0 18817 0
Current children cumulated CPU time: 282.19 s
Current children cumulated vsize: 117860 KiB
Current children cumulated memory: 95300 KiB

[startup+342.3 s]
/proc/loadavg: 15.17 14.37 11.73 15/820 1303679
/proc/meminfo: memFree=355081644/528004516 swapFree=8388604/8388604
[pid=1303561] ppid=1303560 vsize=26908 memory=13612 CPUtime=0.07 cores=10-11
/proc/1303561/stat : 1303561 (perf) S 1303560 1303561 1303518 0 -1 0 1738 237 0 0 6 1 0 0 20 0 1 0 922888559 27553792 3403 17179869184 93824994299904 93824996572973 140737488338256 0 0 0 134217728 4 74274 1 0 0 17 10 0 0 0 0 0 93824998874888 93825001005840 93825001308160 140737488340073 140737488340470 140737488340470 140737488351179 0
/proc/1303561/statm: 6727 3403 2098 555 0 1769 0
[pid=1303565] ppid=1303561 vsize=94940 memory=85380 CPUtime=342.12 cores=10-11
/proc/1303565/stat : 1303565 (clingo) R 1303561 1303561 1303518 0 -1 0 25044 0 0 0 34207 5 0 0 20 0 1 0 922888567 97218560 21345 17179869184 93824992301056 93824992468925 140737488338416 0 0 0 134217728 4 25184771 0 0 0 17 10 0 0 0 0 0 93824992533936 93824992571272 93824992575488 140737488340183 140737488340354 140737488340354 140737488351170 0
/proc/1303565/statm: 23735 21345 2091 41 0 19814 0
Current children cumulated CPU time: 342.19 s
Current children cumulated vsize: 121848 KiB
Current children cumulated memory: 98992 KiB

[startup+402.3 s]
/proc/loadavg: 14.43 14.30 11.87 15/820 1303681
/proc/meminfo: memFree=354744000/528004516 swapFree=8388604/8388604
[pid=1303561] ppid=1303560 vsize=26908 memory=13612 CPUtime=0.07 cores=10-11
/proc/1303561/stat : 1303561 (perf) S 1303560 1303561 1303518 0 -1 0 1738 237 0 0 6 1 0 0 20 0 1 0 922888559 27553792 3403 17179869184 93824994299904 93824996572973 140737488338256 0 0 0 134217728 4 74274 1 0 0 17 10 0 0 0 0 0 93824998874888 93825001005840 93825001308160 140737488340073 140737488340470 140737488340470 140737488351179 0
/proc/1303561/statm: 6727 3403 2098 555 0 1769 0
[pid=1303565] ppid=1303561 vsize=101820 memory=92324 CPUtime=402.12 cores=10-11
/proc/1303565/stat : 1303565 (clingo) R 1303561 1303561 1303518 0 -1 0 28268 0 0 0 40206 6 0 0 20 0 1 0 922888567 104263680 23081 17179869184 93824992301056 93824992468925 140737488338416 0 0 0 134217728 4 25184771 0 0 0 17 10 0 0 0 0 0 93824992533936 93824992571272 93824992575488 140737488340183 140737488340354 140737488340354 140737488351170 0
/proc/1303565/statm: 25455 23081 2091 41 0 21534 0
Current children cumulated CPU time: 402.19 s
Current children cumulated vsize: 128728 KiB
Current children cumulated memory: 105936 KiB

[startup+462.3 s]
/proc/loadavg: 14.16 14.24 12.01 15/817 1303683
/proc/meminfo: memFree=354395232/528004516 swapFree=8388604/8388604
[pid=1303561] ppid=1303560 vsize=26908 memory=13612 CPUtime=0.07 cores=10-11
/proc/1303561/stat : 1303561 (perf) S 1303560 1303561 1303518 0 -1 0 1738 237 0 0 6 1 0 0 20 0 1 0 922888559 27553792 3403 17179869184 93824994299904 93824996572973 140737488338256 0 0 0 134217728 4 74274 1 0 0 17 10 0 0 0 0 0 93824998874888 93825001005840 93825001308160 140737488340073 140737488340470 140737488340470 140737488351179 0
/proc/1303561/statm: 6727 3403 2098 555 0 1769 0
[pid=1303565] ppid=1303561 vsize=105384 memory=95572 CPUtime=462.12 cores=10-11
/proc/1303565/stat : 1303565 (clingo) R 1303561 1303561 1303518 0 -1 0 30458 0 0 0 46205 7 0 0 20 0 1 0 922888567 107913216 23893 17179869184 93824992301056 93824992468925 140737488338416 0 0 0 134217728 4 25184771 0 0 0 17 10 0 0 0 0 0 93824992533936 93824992571272 93824992575488 140737488340183 140737488340354 140737488340354 140737488351170 0
/proc/1303565/statm: 26346 23893 2091 41 0 22425 0
Current children cumulated CPU time: 462.19 s
Current children cumulated vsize: 132292 KiB
Current children cumulated memory: 109184 KiB

[startup+522.3 s]
/proc/loadavg: 14.06 14.19 12.14 15/817 1303684
/proc/meminfo: memFree=353912908/528004516 swapFree=8388604/8388604
[pid=1303561] ppid=1303560 vsize=26908 memory=13612 CPUtime=0.07 cores=10-11
/proc/1303561/stat : 1303561 (perf) S 1303560 1303561 1303518 0 -1 0 1738 237 0 0 6 1 0 0 20 0 1 0 922888559 27553792 3403 17179869184 93824994299904 93824996572973 140737488338256 0 0 0 134217728 4 74274 1 0 0 17 10 0 0 0 0 0 93824998874888 93825001005840 93825001308160 140737488340073 140737488340470 140737488340470 140737488351179 0
/proc/1303561/statm: 6727 3403 2098 555 0 1769 0
[pid=1303565] ppid=1303561 vsize=111340 memory=100848 CPUtime=522.12 cores=10-11
/proc/1303565/stat : 1303565 (clingo) R 1303561 1303561 1303518 0 -1 0 32442 0 0 0 52205 7 0 0 20 0 1 0 922888567 114012160 25212 17179869184 93824992301056 93824992468925 140737488338416 0 0 0 134217728 4 25184771 0 0 0 17 10 0 0 0 0 0 93824992533936 93824992571272 93824992575488 140737488340183 140737488340354 140737488340354 140737488351170 0
/proc/1303565/statm: 27835 25212 2091 41 0 23914 0
Current children cumulated CPU time: 522.19 s
Current children cumulated vsize: 138248 KiB
Current children cumulated memory: 114460 KiB

[startup+582.3 s]
/proc/loadavg: 14.36 14.24 12.28 15/817 1303688
/proc/meminfo: memFree=353054732/528004516 swapFree=8388604/8388604
[pid=1303561] ppid=1303560 vsize=26908 memory=13612 CPUtime=0.07 cores=10-11
/proc/1303561/stat : 1303561 (perf) S 1303560 1303561 1303518 0 -1 0 1738 237 0 0 6 1 0 0 20 0 1 0 922888559 27553792 3403 17179869184 93824994299904 93824996572973 140737488338256 0 0 0 134217728 4 74274 1 0 0 17 10 0 0 0 0 0 93824998874888 93825001005840 93825001308160 140737488340073 140737488340470 140737488340470 140737488351179 0
/proc/1303561/statm: 6727 3403 2098 555 0 1769 0
[pid=1303565] ppid=1303561 vsize=116112 memory=105716 CPUtime=582.13 cores=10-11
/proc/1303565/stat : 1303565 (clingo) R 1303561 1303561 1303518 0 -1 0 33685 0 0 0 58205 8 0 0 20 0 1 0 922888567 118898688 26429 17179869184 93824992301056 93824992468925 140737488338416 0 0 0 134217728 4 25184771 0 0 0 17 10 0 0 0 0 0 93824992533936 93824992571272 93824992575488 140737488340183 140737488340354 140737488340354 140737488351170 0
/proc/1303565/statm: 29028 26429 2091 41 0 25107 0
Current children cumulated CPU time: 582.2 s
Current children cumulated vsize: 143020 KiB
Current children cumulated memory: 119328 KiB

[startup+642.3 s]
/proc/loadavg: 14.30 14.25 12.41 15/818 1303691
/proc/meminfo: memFree=351969412/528004516 swapFree=8388604/8388604
[pid=1303561] ppid=1303560 vsize=26908 memory=13612 CPUtime=0.07 cores=10-11
/proc/1303561/stat : 1303561 (perf) S 1303560 1303561 1303518 0 -1 0 1738 237 0 0 6 1 0 0 20 0 1 0 922888559 27553792 3403 17179869184 93824994299904 93824996572973 140737488338256 0 0 0 134217728 4 74274 1 0 0 17 10 0 0 0 0 0 93824998874888 93825001005840 93825001308160 140737488340073 140737488340470 140737488340470 140737488351179 0
/proc/1303561/statm: 6727 3403 2098 555 0 1769 0
[pid=1303565] ppid=1303561 vsize=118052 memory=107296 CPUtime=642.13 cores=10-11
/proc/1303565/stat : 1303565 (clingo) R 1303561 1303561 1303518 0 -1 0 34117 0 0 0 64205 8 0 0 20 0 1 0 922888567 120885248 26824 17179869184 93824992301056 93824992468925 140737488338416 0 0 0 134217728 4 25184771 0 0 0 17 10 0 0 0 0 0 93824992533936 93824992571272 93824992575488 140737488340183 140737488340354 140737488340354 140737488351170 0
/proc/1303565/statm: 29513 26824 2091 41 0 25592 0
Current children cumulated CPU time: 642.2 s
Current children cumulated vsize: 144960 KiB
Current children cumulated memory: 120908 KiB

[startup+702.3 s]
/proc/loadavg: 14.11 14.20 12.52 15/818 1303692
/proc/meminfo: memFree=350832124/528004516 swapFree=8388604/8388604
[pid=1303561] ppid=1303560 vsize=26908 memory=13612 CPUtime=0.07 cores=10-11
/proc/1303561/stat : 1303561 (perf) S 1303560 1303561 1303518 0 -1 0 1738 237 0 0 6 1 0 0 20 0 1 0 922888559 27553792 3403 17179869184 93824994299904 93824996572973 140737488338256 0 0 0 134217728 4 74274 1 0 0 17 10 0 0 0 0 0 93824998874888 93825001005840 93825001308160 140737488340073 140737488340470 140737488340470 140737488351179 0
/proc/1303561/statm: 6727 3403 2098 555 0 1769 0
[pid=1303565] ppid=1303561 vsize=122224 memory=110992 CPUtime=702.12 cores=10-11
/proc/1303565/stat : 1303565 (clingo) R 1303561 1303561 1303518 0 -1 0 35026 0 0 0 70204 8 0 0 20 0 1 0 922888567 125157376 27748 17179869184 93824992301056 93824992468925 140737488338416 0 0 0 134217728 4 25184771 0 0 0 17 10 0 0 0 0 0 93824992533936 93824992571272 93824992575488 140737488340183 140737488340354 140737488340354 140737488351170 0
/proc/1303565/statm: 30556 27748 2091 41 0 26635 0
Current children cumulated CPU time: 702.19 s
Current children cumulated vsize: 149132 KiB
Current children cumulated memory: 124604 KiB

[startup+762.3 s]
/proc/loadavg: 14.04 14.16 12.61 15/818 1303693
/proc/meminfo: memFree=349782812/528004516 swapFree=8388604/8388604
[pid=1303561] ppid=1303560 vsize=26908 memory=13612 CPUtime=0.07 cores=10-11
/proc/1303561/stat : 1303561 (perf) S 1303560 1303561 1303518 0 -1 0 1738 237 0 0 6 1 0 0 20 0 1 0 922888559 27553792 3403 17179869184 93824994299904 93824996572973 140737488338256 0 0 0 134217728 4 74274 1 0 0 17 10 0 0 0 0 0 93824998874888 93825001005840 93825001308160 140737488340073 140737488340470 140737488340470 140737488351179 0
/proc/1303561/statm: 6727 3403 2098 555 0 1769 0
[pid=1303565] ppid=1303561 vsize=123932 memory=112640 CPUtime=762.12 cores=10-11
/proc/1303565/stat : 1303565 (clingo) R 1303561 1303561 1303518 0 -1 0 35484 0 0 0 76204 8 0 0 20 0 1 0 922888567 126906368 28160 17179869184 93824992301056 93824992468925 140737488338416 0 0 0 134217728 4 25184771 0 0 0 17 10 0 0 0 0 0 93824992533936 93824992571272 93824992575488 140737488340183 140737488340354 140737488340354 140737488351170 0
/proc/1303565/statm: 30983 28160 2091 41 0 27062 0
Current children cumulated CPU time: 762.19 s
Current children cumulated vsize: 150840 KiB
Current children cumulated memory: 126252 KiB

[startup+822.3 s]
/proc/loadavg: 14.26 14.21 12.73 15/818 1303695
/proc/meminfo: memFree=348723916/528004516 swapFree=8388604/8388604
[pid=1303561] ppid=1303560 vsize=26908 memory=13612 CPUtime=0.07 cores=10-11
/proc/1303561/stat : 1303561 (perf) S 1303560 1303561 1303518 0 -1 0 1738 237 0 0 6 1 0 0 20 0 1 0 922888559 27553792 3403 17179869184 93824994299904 93824996572973 140737488338256 0 0 0 134217728 4 74274 1 0 0 17 10 0 0 0 0 0 93824998874888 93825001005840 93825001308160 140737488340073 140737488340470 140737488340470 140737488351179 0
/proc/1303561/statm: 6727 3403 2098 555 0 1769 0
[pid=1303565] ppid=1303561 vsize=125572 memory=114108 CPUtime=822.12 cores=10-11
/proc/1303565/stat : 1303565 (clingo) R 1303561 1303561 1303518 0 -1 0 36880 0 0 0 82204 8 0 0 20 0 1 0 922888567 128585728 28527 17179869184 93824992301056 93824992468925 140737488338416 0 0 0 134217728 4 25184771 0 0 0 17 10 0 0 0 0 0 93824992533936 93824992571272 93824992575488 140737488340183 140737488340354 140737488340354 140737488351170 0
/proc/1303565/statm: 31393 28527 2091 41 0 27472 0
Current children cumulated CPU time: 822.19 s
Current children cumulated vsize: 152480 KiB
Current children cumulated memory: 127720 KiB

[startup+882.3 s]
/proc/loadavg: 14.09 14.17 12.81 15/818 1303697
/proc/meminfo: memFree=347904932/528004516 swapFree=8388604/8388604
[pid=1303561] ppid=1303560 vsize=26908 memory=13612 CPUtime=0.07 cores=10-11
/proc/1303561/stat : 1303561 (perf) S 1303560 1303561 1303518 0 -1 0 1738 237 0 0 6 1 0 0 20 0 1 0 922888559 27553792 3403 17179869184 93824994299904 93824996572973 140737488338256 0 0 0 134217728 4 74274 1 0 0 17 10 0 0 0 0 0 93824998874888 93825001005840 93825001308160 140737488340073 140737488340470 140737488340470 140737488351179 0
/proc/1303561/statm: 6727 3403 2098 555 0 1769 0
[pid=1303565] ppid=1303561 vsize=127312 memory=115764 CPUtime=882.12 cores=10-11
/proc/1303565/stat : 1303565 (clingo) R 1303561 1303561 1303518 0 -1 0 37939 0 0 0 88204 8 0 0 20 0 1 0 922888567 130367488 28941 17179869184 93824992301056 93824992468925 140737488338416 0 0 0 134217728 4 25184771 0 0 0 17 10 0 0 0 0 0 93824992533936 93824992571272 93824992575488 140737488340183 140737488340354 140737488340354 140737488351170 0
/proc/1303565/statm: 31828 28941 2091 41 0 27907 0
Current children cumulated CPU time: 882.19 s
Current children cumulated vsize: 154220 KiB
Current children cumulated memory: 129376 KiB

[startup+942.3 s]
/proc/loadavg: 14.03 14.14 12.89 15/818 1303698
/proc/meminfo: memFree=347459652/528004516 swapFree=8388604/8388604
[pid=1303561] ppid=1303560 vsize=26908 memory=13612 CPUtime=0.07 cores=10-11
/proc/1303561/stat : 1303561 (perf) S 1303560 1303561 1303518 0 -1 0 1738 237 0 0 6 1 0 0 20 0 1 0 922888559 27553792 3403 17179869184 93824994299904 93824996572973 140737488338256 0 0 0 134217728 4 74274 1 0 0 17 10 0 0 0 0 0 93824998874888 93825001005840 93825001308160 140737488340073 140737488340470 140737488340470 140737488351179 0
/proc/1303561/statm: 6727 3403 2098 555 0 1769 0
[pid=1303565] ppid=1303561 vsize=132268 memory=120032 CPUtime=942.12 cores=10-11
/proc/1303565/stat : 1303565 (clingo) R 1303561 1303561 1303518 0 -1 0 39353 0 0 0 94204 8 0 0 20 0 1 0 922888567 135442432 30008 17179869184 93824992301056 93824992468925 140737488338416 0 0 0 134217728 4 25184771 0 0 0 17 10 0 0 0 0 0 93824992533936 93824992571272 93824992575488 140737488340183 140737488340354 140737488340354 140737488351170 0
/proc/1303565/statm: 33067 30008 2091 41 0 29146 0
Current children cumulated CPU time: 942.19 s
Current children cumulated vsize: 159176 KiB
Current children cumulated memory: 133644 KiB

[startup+1002.3 s]
/proc/loadavg: 14.98 14.35 13.04 15/817 1303700
/proc/meminfo: memFree=347244140/528004516 swapFree=8388604/8388604
[pid=1303561] ppid=1303560 vsize=26908 memory=13612 CPUtime=0.07 cores=10-11
/proc/1303561/stat : 1303561 (perf) S 1303560 1303561 1303518 0 -1 0 1738 237 0 0 6 1 0 0 20 0 1 0 922888559 27553792 3403 17179869184 93824994299904 93824996572973 140737488338256 0 0 0 134217728 4 74274 1 0 0 17 10 0 0 0 0 0 93824998874888 93825001005840 93825001308160 140737488340073 140737488340470 140737488340470 140737488351179 0
/proc/1303561/statm: 6727 3403 2098 555 0 1769 0
[pid=1303565] ppid=1303561 vsize=135372 memory=122804 CPUtime=1002.12 cores=10-11
/proc/1303565/stat : 1303565 (clingo) R 1303561 1303561 1303518 0 -1 0 40211 0 0 0 100204 8 0 0 20 0 1 0 922888567 138620928 30701 17179869184 93824992301056 93824992468925 140737488338416 0 0 0 134217728 4 25184771 0 0 0 17 10 0 0 0 0 0 93824992533936 93824992571272 93824992575488 140737488340183 140737488340354 140737488340354 140737488351170 0
/proc/1303565/statm: 33843 30701 2091 41 0 29922 0
Current children cumulated CPU time: 1002.19 s
Current children cumulated vsize: 162280 KiB
Current children cumulated memory: 136416 KiB

[startup+1062.3 s]
/proc/loadavg: 14.55 14.36 13.13 15/817 1303703
/proc/meminfo: memFree=347078096/528004516 swapFree=8388604/8388604
[pid=1303561] ppid=1303560 vsize=26908 memory=13612 CPUtime=0.07 cores=10-11
/proc/1303561/stat : 1303561 (perf) S 1303560 1303561 1303518 0 -1 0 1738 237 0 0 6 1 0 0 20 0 1 0 922888559 27553792 3403 17179869184 93824994299904 93824996572973 140737488338256 0 0 0 134217728 4 74274 1 0 0 17 10 0 0 0 0 0 93824998874888 93825001005840 93825001308160 140737488340073 140737488340470 140737488340470 140737488351179 0
/proc/1303561/statm: 6727 3403 2098 555 0 1769 0
[pid=1303565] ppid=1303561 vsize=135692 memory=123064 CPUtime=1062.12 cores=10-11
/proc/1303565/stat : 1303565 (clingo) R 1303561 1303561 1303518 0 -1 0 40291 0 0 0 106204 8 0 0 20 0 1 0 922888567 138948608 30766 17179869184 93824992301056 93824992468925 140737488338416 0 0 0 134217728 4 25184771 0 0 0 17 10 0 0 0 0 0 93824992533936 93824992571272 93824992575488 140737488340183 140737488340354 140737488340354 140737488351170 0
/proc/1303565/statm: 33923 30766 2091 41 0 30002 0
Current children cumulated CPU time: 1062.19 s
Current children cumulated vsize: 162600 KiB
Current children cumulated memory: 136676 KiB

[startup+1122.3 s]
/proc/loadavg: 14.20 14.29 13.19 15/818 1303707
/proc/meminfo: memFree=346864644/528004516 swapFree=8388604/8388604
[pid=1303561] ppid=1303560 vsize=26908 memory=13612 CPUtime=0.07 cores=10-11
/proc/1303561/stat : 1303561 (perf) S 1303560 1303561 1303518 0 -1 0 1738 237 0 0 6 1 0 0 20 0 1 0 922888559 27553792 3403 17179869184 93824994299904 93824996572973 140737488338256 0 0 0 134217728 4 74274 1 0 0 17 10 0 0 0 0 0 93824998874888 93825001005840 93825001308160 140737488340073 140737488340470 140737488340470 140737488351179 0
/proc/1303561/statm: 6727 3403 2098 555 0 1769 0
[pid=1303565] ppid=1303561 vsize=140140 memory=126792 CPUtime=1122.12 cores=10-11
/proc/1303565/stat : 1303565 (clingo) R 1303561 1303561 1303518 0 -1 0 41350 0 0 0 112204 8 0 0 20 0 1 0 922888567 143503360 31698 17179869184 93824992301056 93824992468925 140737488338416 0 0 0 134217728 4 25184771 0 0 0 17 10 0 0 0 0 0 93824992533936 93824992571272 93824992575488 140737488340183 140737488340354 140737488340354 140737488351170 0
/proc/1303565/statm: 35035 31698 2091 41 0 31114 0
Current children cumulated CPU time: 1122.19 s
Current children cumulated vsize: 167048 KiB
Current children cumulated memory: 140404 KiB

[startup+1182.3 s]
/proc/loadavg: 14.07 14.23 13.24 15/818 1303709
/proc/meminfo: memFree=346639860/528004516 swapFree=8388604/8388604
[pid=1303561] ppid=1303560 vsize=26908 memory=13612 CPUtime=0.07 cores=10-11
/proc/1303561/stat : 1303561 (perf) S 1303560 1303561 1303518 0 -1 0 1738 237 0 0 6 1 0 0 20 0 1 0 922888559 27553792 3403 17179869184 93824994299904 93824996572973 140737488338256 0 0 0 134217728 4 74274 1 0 0 17 10 0 0 0 0 0 93824998874888 93825001005840 93825001308160 140737488340073 140737488340470 140737488340470 140737488351179 0
/proc/1303561/statm: 6727 3403 2098 555 0 1769 0
[pid=1303565] ppid=1303561 vsize=142044 memory=128412 CPUtime=1182.12 cores=10-11
/proc/1303565/stat : 1303565 (clingo) R 1303561 1303561 1303518 0 -1 0 41875 0 0 0 118204 8 0 0 20 0 1 0 922888567 145453056 32103 17179869184 93824992301056 93824992468925 140737488338416 0 0 0 134217728 4 25184771 0 0 0 17 10 0 0 0 0 0 93824992533936 93824992571272 93824992575488 140737488340183 140737488340354 140737488340354 140737488351170 0
/proc/1303565/statm: 35511 32103 2091 41 0 31590 0
Current children cumulated CPU time: 1182.19 s
Current children cumulated vsize: 168952 KiB
Current children cumulated memory: 142024 KiB



Maximum wall clock time exceeded: sending SIGTERM then SIGKILL

[startup+1205 s]*
/proc/loadavg: 14.06 14.22 13.26 16/837 1305594
/proc/meminfo: memFree=365706252/528004516 swapFree=8388604/8388604
[pid=1303561] ppid=1303560 vsize=26908 memory=13612 CPUtime=0.07 cores=10-11
/proc/1303561/stat : 1303561 (perf) S 1303560 1303561 1303518 0 -1 0 1738 237 0 0 6 1 0 0 20 0 1 0 922888559 27553792 3403 17179869184 93824994299904 93824996572973 140737488338256 0 0 0 134217728 4 74274 1 0 0 17 10 0 0 0 0 0 93824998874888 93825001005840 93825001308160 140737488340073 140737488340470 140737488340470 140737488351179 0
/proc/1303561/statm: 6727 3403 2098 555 0 1769 0
[pid=1303565] ppid=1303561 vsize=143948 memory=129992 CPUtime=1204.83 cores=10-11
/proc/1303565/stat : 1303565 (clingo) R 1303561 1303561 1303518 0 -1 0 42269 0 0 0 120474 9 0 0 20 0 1 0 922888567 147402752 32498 17179869184 93824992301056 93824992468925 140737488338416 0 0 0 134217728 4 25184771 0 0 0 17 10 0 0 0 0 0 93824992533936 93824992571272 93824992575488 140737488340183 140737488340354 140737488340354 140737488351170 0
/proc/1303565/statm: 35987 32498 2091 41 0 32066 0
Current children cumulated CPU time: 1204.9 s
Current children cumulated vsize: 170856 KiB
Current children cumulated memory: 143604 KiB

Sending SIGINT to process tree (bottom up)
Sleeping 5 seconds

[startup+1205.03 s]
# the end of solver process 1303561 was just reported to runsolver
# cumulated CPU time of all completed processes:  user=1204.82 s, system=0.115816 s

Solver just ended.
??? end of watcher thread
Dumping a history of the last processes samples

Child status: 1
Real time (s): 1205.03
CPU time (s): 1204.94
CPU user time (s): 1204.82
CPU system time (s): 0.115816
CPU usage (%): 99.9925
Max. virtual memory (cumulated for all children) (KiB): 170856
Max. memory (cumulated for all children) (KiB): 143604

getrusage(RUSAGE_CHILDREN,...) data:
user time used= 1204.82
system time used= 0.115816
maximum resident set size= 130144
integral shared memory size= 0
integral unshared data size= 0
integral unshared stack size= 0
page reclaims= 44284
page faults= 0
swaps= 0
block input operations= 0
block output operations= 0
messages sent= 0
messages received= 0
signals received= 0
voluntary context switches= 18
involuntary context switches= 981


# summary of solver processes directly reported to runsolver:
#   pid: 1303561
#   total CPU time (s): 1204.94
#   total CPU user time (s): 1204.82
#   total CPU system time (s): 0.115816

??? end of timestamper thread
runsolver used 9.22455 second user time and 14.5428 second system time

The end
