runsolver version 3.4.0 (svn: 3018) Copyright (C) 2010-2013 Olivier ROUSSEL

This program is distributed in the hope that it will be useful,
but WITHOUT ANY WARRANTY; without even the implied warranty of
MERCHANTABILITY or FITNESS FOR A PARTICULAR PURPOSE.  See the
GNU General Public License for more details.

NUMA information:
  number of nodes: 2
  memory of node 0: 257635 MiB (185532 MiB free)
  memory of node 1: 257994 MiB (191462 MiB free)
  node distances:
     10  20
     20  10

command line: /dev/shm/37547c00-2e81-11f1-ac62-000c298f4621/input/runsolver -w /dev/shm/37547c00-2e81-11f1-ac62-000c298f4621/output/runsolver.log -v /dev/shm/37547c00-2e81-11f1-ac62-000c298f4621/output/varfile.log -W 1205 --rss-swap-limit 16384 -d 5 --sigint /usr/bin/perf stat -B -e task-clock,cache-references,cache-misses,cycles,instructions,branches,faults,migrations,context-switches -o /dev/shm/37547c00-2e81-11f1-ac62-000c298f4621/output/perf.log clingo /home/guests/mmacri/AMOSUM/benchmarks/GraphColouring/encoding-plain-amo.asp /dev/shm/37547c00-2e81-11f1-ac62-000c298f4621/input/0022-graph_colouring-135-0_3888.asp 

running on 2 cores: 30-31

Enforcing wall clock limit (soft limit, will send SIGTERM then SIGKILL): 1205 seconds
Enforcing RSS+Swap limit (soft limit, will send SIGTERM then SIGKILL): 16777216 KiB
Linux 5.15.0-131-generic
solver pid=3552241, runsolver pid=3552240
Current StackSize limit: 8192 KiB


[startup+0.100067 s]*
/proc/loadavg: 14.20 14.41 13.32 23/838 3552258
/proc/meminfo: memFree=386063720/528004520 swapFree=8388604/8388604
[pid=3552241] ppid=3552240 vsize=26908 memory=13612 CPUtime=0.08 cores=30-31
/proc/3552241/stat : 3552241 (perf) S 3552240 3552241 3551835 0 -1 0 1738 237 0 0 5 3 0 0 20 0 1 0 922998576 27553792 3403 17179869184 93824994299904 93824996572973 140737488338256 0 0 0 134217728 4 74274 1 0 0 17 30 0 0 0 0 0 93824998874888 93825001005840 93825001308160 140737488340073 140737488340470 140737488340470 140737488351179 0
/proc/3552241/statm: 6727 3403 2098 555 0 1769 0
[pid=3552258] ppid=3552241 vsize=18872 memory=10660 CPUtime=0.02 cores=30-31
/proc/3552258/stat : 3552258 (clingo) R 3552241 3552241 3551835 0 -1 0 877 0 0 0 2 0 0 0 20 0 1 0 922998585 19324928 2665 17179869184 93824992301056 93824992468925 140737488338416 0 0 0 134217728 4 25184771 0 0 0 17 31 0 0 0 0 0 93824992533936 93824992571272 93824992575488 140737488340183 140737488340354 140737488340354 140737488351170 0
/proc/3552258/statm: 4718 2665 2042 41 0 797 0
Current children cumulated CPU time: 0.1 s
Current children cumulated vsize: 45780 KiB
Current children cumulated memory: 24272 KiB

[startup+0.230909 s]*
/proc/loadavg: 14.43 14.45 13.34 22/837 3552259
/proc/meminfo: memFree=386106352/528004520 swapFree=8388604/8388604
[pid=3552241] ppid=3552240 vsize=26908 memory=13612 CPUtime=0.08 cores=30-31
/proc/3552241/stat : 3552241 (perf) S 3552240 3552241 3551835 0 -1 0 1738 237 0 0 5 3 0 0 20 0 1 0 922998576 27553792 3403 17179869184 93824994299904 93824996572973 140737488338256 0 0 0 134217728 4 74274 1 0 0 17 30 0 0 0 0 0 93824998874888 93825001005840 93825001308160 140737488340073 140737488340470 140737488340470 140737488351179 0
/proc/3552241/statm: 6727 3403 2098 555 0 1769 0
[pid=3552258] ppid=3552241 vsize=24912 memory=16936 CPUtime=0.13 cores=30-31
/proc/3552258/stat : 3552258 (clingo) R 3552241 3552241 3551835 0 -1 0 2470 0 0 0 13 0 0 0 20 0 1 0 922998585 25509888 4234 17179869184 93824992301056 93824992468925 140737488338416 0 0 0 134217728 4 25184771 0 0 0 17 30 0 0 0 0 0 93824992533936 93824992571272 93824992575488 140737488340183 140737488340354 140737488340354 140737488351170 0
/proc/3552258/statm: 6228 4234 2088 41 0 2307 0
Current children cumulated CPU time: 0.21 s
Current children cumulated vsize: 51820 KiB
Current children cumulated memory: 30548 KiB

[startup+0.319219 s]*
/proc/loadavg: 14.43 14.45 13.34 22/835 3552264
/proc/meminfo: memFree=386092728/528004520 swapFree=8388604/8388604
[pid=3552241] ppid=3552240 vsize=26908 memory=13612 CPUtime=0.08 cores=30-31
/proc/3552241/stat : 3552241 (perf) S 3552240 3552241 3551835 0 -1 0 1738 237 0 0 5 3 0 0 20 0 1 0 922998576 27553792 3403 17179869184 93824994299904 93824996572973 140737488338256 0 0 0 134217728 4 74274 1 0 0 17 30 0 0 0 0 0 93824998874888 93825001005840 93825001308160 140737488340073 140737488340470 140737488340470 140737488351179 0
/proc/3552241/statm: 6727 3403 2098 555 0 1769 0
[pid=3552258] ppid=3552241 vsize=26928 memory=18784 CPUtime=0.21 cores=30-31
/proc/3552258/stat : 3552258 (clingo) R 3552241 3552241 3551835 0 -1 0 2943 0 0 0 21 0 0 0 20 0 1 0 922998585 27574272 4696 17179869184 93824992301056 93824992468925 140737488338416 0 0 0 134217728 4 25184771 0 0 0 17 30 0 0 0 0 0 93824992533936 93824992571272 93824992575488 140737488340183 140737488340354 140737488340354 140737488351170 0
/proc/3552258/statm: 6732 4696 2088 41 0 2811 0
Current children cumulated CPU time: 0.29 s
Current children cumulated vsize: 53836 KiB
Current children cumulated memory: 32396 KiB

[startup+0.70034 s]
/proc/loadavg: 14.43 14.45 13.34 23/828 3552313
/proc/meminfo: memFree=386076880/528004520 swapFree=8388604/8388604
[pid=3552241] ppid=3552240 vsize=26908 memory=13612 CPUtime=0.08 cores=30-31
/proc/3552241/stat : 3552241 (perf) S 3552240 3552241 3551835 0 -1 0 1738 237 0 0 5 3 0 0 20 0 1 0 922998576 27553792 3403 17179869184 93824994299904 93824996572973 140737488338256 0 0 0 134217728 4 74274 1 0 0 17 30 0 0 0 0 0 93824998874888 93825001005840 93825001308160 140737488340073 140737488340470 140737488340470 140737488351179 0
/proc/3552241/statm: 6727 3403 2098 555 0 1769 0
[pid=3552258] ppid=3552241 vsize=29616 memory=21688 CPUtime=0.57 cores=30-31
/proc/3552258/stat : 3552258 (clingo) R 3552241 3552241 3551835 0 -1 0 3635 0 0 0 57 0 0 0 20 0 1 0 922998585 30326784 5422 17179869184 93824992301056 93824992468925 140737488338416 0 0 0 134217728 4 25184771 0 0 0 17 30 0 0 0 0 0 93824992533936 93824992571272 93824992575488 140737488340183 140737488340354 140737488340354 140737488351170 0
/proc/3552258/statm: 7404 5422 2088 41 0 3483 0
Current children cumulated CPU time: 0.65 s
Current children cumulated vsize: 56524 KiB
Current children cumulated memory: 35300 KiB

[startup+1.50034 s]
/proc/loadavg: 14.43 14.45 13.34 21/831 3552424
/proc/meminfo: memFree=386154204/528004520 swapFree=8388604/8388604
[pid=3552241] ppid=3552240 vsize=26908 memory=13612 CPUtime=0.08 cores=30-31
/proc/3552241/stat : 3552241 (perf) S 3552240 3552241 3551835 0 -1 0 1738 237 0 0 5 3 0 0 20 0 1 0 922998576 27553792 3403 17179869184 93824994299904 93824996572973 140737488338256 0 0 0 134217728 4 74274 1 0 0 17 30 0 0 0 0 0 93824998874888 93825001005840 93825001308160 140737488340073 140737488340470 140737488340470 140737488351179 0
/proc/3552241/statm: 6727 3403 2098 555 0 1769 0
[pid=3552258] ppid=3552241 vsize=32480 memory=24588 CPUtime=1.37 cores=30-31
/proc/3552258/stat : 3552258 (clingo) R 3552241 3552241 3551835 0 -1 0 4484 0 0 0 137 0 0 0 20 0 1 0 922998585 33259520 6147 17179869184 93824992301056 93824992468925 140737488338416 0 0 0 134217728 4 25184771 0 0 0 17 30 0 0 0 0 0 93824992533936 93824992571272 93824992575488 140737488340183 140737488340354 140737488340354 140737488351170 0
/proc/3552258/statm: 8120 6147 2088 41 0 4199 0
Current children cumulated CPU time: 1.45 s
Current children cumulated vsize: 59388 KiB
Current children cumulated memory: 38200 KiB

[startup+3.11915 s]
/proc/loadavg: 14.43 14.45 13.34 23/843 3552684
/proc/meminfo: memFree=386163836/528004520 swapFree=8388604/8388604
[pid=3552241] ppid=3552240 vsize=26908 memory=13612 CPUtime=0.08 cores=30-31
/proc/3552241/stat : 3552241 (perf) S 3552240 3552241 3551835 0 -1 0 1738 237 0 0 5 3 0 0 20 0 1 0 922998576 27553792 3403 17179869184 93824994299904 93824996572973 140737488338256 0 0 0 134217728 4 74274 1 0 0 17 30 0 0 0 0 0 93824998874888 93825001005840 93825001308160 140737488340073 140737488340470 140737488340470 140737488351179 0
/proc/3552241/statm: 6727 3403 2098 555 0 1769 0
[pid=3552258] ppid=3552241 vsize=33576 memory=25668 CPUtime=2.99 cores=30-31
/proc/3552258/stat : 3552258 (clingo) R 3552241 3552241 3551835 0 -1 0 4873 0 0 0 299 0 0 0 20 0 1 0 922998585 34381824 6417 17179869184 93824992301056 93824992468925 140737488338416 0 0 0 134217728 4 25184771 0 0 0 17 30 0 0 0 0 0 93824992533936 93824992571272 93824992575488 140737488340183 140737488340354 140737488340354 140737488351170 0
/proc/3552258/statm: 8394 6417 2088 41 0 4473 0
Current children cumulated CPU time: 3.07 s
Current children cumulated vsize: 60484 KiB
Current children cumulated memory: 39280 KiB

[startup+6.30029 s]
/proc/loadavg: 14.39 14.45 13.34 22/845 3552986
/proc/meminfo: memFree=386234588/528004520 swapFree=8388604/8388604
[pid=3552241] ppid=3552240 vsize=26908 memory=13612 CPUtime=0.08 cores=30-31
/proc/3552241/stat : 3552241 (perf) S 3552240 3552241 3551835 0 -1 0 1738 237 0 0 5 3 0 0 20 0 1 0 922998576 27553792 3403 17179869184 93824994299904 93824996572973 140737488338256 0 0 0 134217728 4 74274 1 0 0 17 30 0 0 0 0 0 93824998874888 93825001005840 93825001308160 140737488340073 140737488340470 140737488340470 140737488351179 0
/proc/3552241/statm: 6727 3403 2098 555 0 1769 0
[pid=3552258] ppid=3552241 vsize=38404 memory=30428 CPUtime=6.17 cores=30-31
/proc/3552258/stat : 3552258 (clingo) R 3552241 3552241 3551835 0 -1 0 6199 0 0 0 617 0 0 0 20 0 1 0 922998585 39325696 7607 17179869184 93824992301056 93824992468925 140737488338416 0 0 0 134217728 4 25184771 0 0 0 17 30 0 0 0 0 0 93824992533936 93824992571272 93824992575488 140737488340183 140737488340354 140737488340354 140737488351170 0
/proc/3552258/statm: 9601 7607 2088 41 0 5680 0
Current children cumulated CPU time: 6.25 s
Current children cumulated vsize: 65312 KiB
Current children cumulated memory: 44040 KiB

[startup+12.7003 s]
/proc/loadavg: 14.36 14.44 13.35 22/845 3552986
/proc/meminfo: memFree=386153672/528004520 swapFree=8388604/8388604
[pid=3552241] ppid=3552240 vsize=26908 memory=13612 CPUtime=0.08 cores=30-31
/proc/3552241/stat : 3552241 (perf) S 3552240 3552241 3551835 0 -1 0 1738 237 0 0 5 3 0 0 20 0 1 0 922998576 27553792 3403 17179869184 93824994299904 93824996572973 140737488338256 0 0 0 134217728 4 74274 1 0 0 17 30 0 0 0 0 0 93824998874888 93825001005840 93825001308160 140737488340073 140737488340470 140737488340470 140737488351179 0
/proc/3552241/statm: 6727 3403 2098 555 0 1769 0
[pid=3552258] ppid=3552241 vsize=44800 memory=36504 CPUtime=12.57 cores=30-31
/proc/3552258/stat : 3552258 (clingo) R 3552241 3552241 3551835 0 -1 0 7852 0 0 0 1256 1 0 0 20 0 1 0 922998585 45875200 9126 17179869184 93824992301056 93824992468925 140737488338416 0 0 0 134217728 4 25184771 0 0 0 17 30 0 0 0 0 0 93824992533936 93824992571272 93824992575488 140737488340183 140737488340354 140737488340354 140737488351170 0
/proc/3552258/statm: 11200 9126 2088 41 0 7279 0
Current children cumulated CPU time: 12.65 s
Current children cumulated vsize: 71708 KiB
Current children cumulated memory: 50116 KiB

[startup+25.5004 s]
/proc/loadavg: 14.31 14.42 13.35 22/845 3552986
/proc/meminfo: memFree=386061032/528004520 swapFree=8388604/8388604
[pid=3552241] ppid=3552240 vsize=26908 memory=13612 CPUtime=0.08 cores=30-31
/proc/3552241/stat : 3552241 (perf) S 3552240 3552241 3551835 0 -1 0 1738 237 0 0 5 3 0 0 20 0 1 0 922998576 27553792 3403 17179869184 93824994299904 93824996572973 140737488338256 0 0 0 134217728 4 74274 1 0 0 17 30 0 0 0 0 0 93824998874888 93825001005840 93825001308160 140737488340073 140737488340470 140737488340470 140737488351179 0
/proc/3552241/statm: 6727 3403 2098 555 0 1769 0
[pid=3552258] ppid=3552241 vsize=52180 memory=43860 CPUtime=25.38 cores=30-31
/proc/3552258/stat : 3552258 (clingo) R 3552241 3552241 3551835 0 -1 0 10049 0 0 0 2536 2 0 0 20 0 1 0 922998585 53432320 10965 17179869184 93824992301056 93824992468925 140737488338416 0 0 0 134217728 4 25184771 0 0 0 17 30 0 0 0 0 0 93824992533936 93824992571272 93824992575488 140737488340183 140737488340354 140737488340354 140737488351170 0
/proc/3552258/statm: 13045 10965 2088 41 0 9124 0
Current children cumulated CPU time: 25.46 s
Current children cumulated vsize: 79088 KiB
Current children cumulated memory: 57472 KiB

[startup+51.1195 s]
/proc/loadavg: 14.24 14.40 13.38 22/845 3552987
/proc/meminfo: memFree=385950184/528004520 swapFree=8388604/8388604
[pid=3552241] ppid=3552240 vsize=26908 memory=13612 CPUtime=0.08 cores=30-31
/proc/3552241/stat : 3552241 (perf) S 3552240 3552241 3551835 0 -1 0 1738 237 0 0 5 3 0 0 20 0 1 0 922998576 27553792 3403 17179869184 93824994299904 93824996572973 140737488338256 0 0 0 134217728 4 74274 1 0 0 17 30 0 0 0 0 0 93824998874888 93825001005840 93825001308160 140737488340073 140737488340470 140737488340470 140737488351179 0
/proc/3552241/statm: 6727 3403 2098 555 0 1769 0
[pid=3552258] ppid=3552241 vsize=60264 memory=52132 CPUtime=50.99 cores=30-31
/proc/3552258/stat : 3552258 (clingo) R 3552241 3552241 3551835 0 -1 0 12523 0 0 0 5096 3 0 0 20 0 1 0 922998585 61710336 13033 17179869184 93824992301056 93824992468925 140737488338416 0 0 0 134217728 4 25184771 0 0 0 17 30 0 0 0 0 0 93824992533936 93824992571272 93824992575488 140737488340183 140737488340354 140737488340354 140737488351170 0
/proc/3552258/statm: 15066 13033 2088 41 0 11145 0
Current children cumulated CPU time: 51.07 s
Current children cumulated vsize: 87172 KiB
Current children cumulated memory: 65744 KiB

[startup+102.3 s]
/proc/loadavg: 14.10 14.33 13.41 22/846 3553034
/proc/meminfo: memFree=385806024/528004520 swapFree=8388604/8388604
[pid=3552241] ppid=3552240 vsize=26908 memory=13612 CPUtime=0.08 cores=30-31
/proc/3552241/stat : 3552241 (perf) S 3552240 3552241 3551835 0 -1 0 1738 237 0 0 5 3 0 0 20 0 1 0 922998576 27553792 3403 17179869184 93824994299904 93824996572973 140737488338256 0 0 0 134217728 4 74274 1 0 0 17 30 0 0 0 0 0 93824998874888 93825001005840 93825001308160 140737488340073 140737488340470 140737488340470 140737488351179 0
/proc/3552241/statm: 6727 3403 2098 555 0 1769 0
[pid=3552258] ppid=3552241 vsize=71780 memory=63336 CPUtime=102.17 cores=30-31
/proc/3552258/stat : 3552258 (clingo) R 3552241 3552241 3551835 0 -1 0 17420 0 0 0 10214 3 0 0 20 0 1 0 922998585 73502720 15834 17179869184 93824992301056 93824992468925 140737488338416 0 0 0 134217728 4 25184771 0 0 0 17 30 0 0 0 0 0 93824992533936 93824992571272 93824992575488 140737488340183 140737488340354 140737488340354 140737488351170 0
/proc/3552258/statm: 17945 15834 2088 41 0 14024 0
Current children cumulated CPU time: 102.25 s
Current children cumulated vsize: 98688 KiB
Current children cumulated memory: 76948 KiB

[startup+162.3 s]
/proc/loadavg: 14.11 14.29 13.46 22/846 3553037
/proc/meminfo: memFree=385684088/528004520 swapFree=8388604/8388604
[pid=3552241] ppid=3552240 vsize=26908 memory=13612 CPUtime=0.08 cores=30-31
/proc/3552241/stat : 3552241 (perf) S 3552240 3552241 3551835 0 -1 0 1738 237 0 0 5 3 0 0 20 0 1 0 922998576 27553792 3403 17179869184 93824994299904 93824996572973 140737488338256 0 0 0 134217728 4 74274 1 0 0 17 30 0 0 0 0 0 93824998874888 93825001005840 93825001308160 140737488340073 140737488340470 140737488340470 140737488351179 0
/proc/3552241/statm: 6727 3403 2098 555 0 1769 0
[pid=3552258] ppid=3552241 vsize=79896 memory=71704 CPUtime=162.17 cores=30-31
/proc/3552258/stat : 3552258 (clingo) R 3552241 3552241 3551835 0 -1 0 21414 0 0 0 16214 3 0 0 20 0 1 0 922998585 81813504 17926 17179869184 93824992301056 93824992468925 140737488338416 0 0 0 134217728 4 25184771 0 0 0 17 30 0 0 0 0 0 93824992533936 93824992571272 93824992575488 140737488340183 140737488340354 140737488340354 140737488351170 0
/proc/3552258/statm: 19974 17926 2088 41 0 16053 0
Current children cumulated CPU time: 162.25 s
Current children cumulated vsize: 106804 KiB
Current children cumulated memory: 85316 KiB

[startup+222.3 s]
/proc/loadavg: 14.04 14.23 13.50 22/846 3553040
/proc/meminfo: memFree=385582456/528004520 swapFree=8388604/8388604
[pid=3552241] ppid=3552240 vsize=26908 memory=13612 CPUtime=0.08 cores=30-31
/proc/3552241/stat : 3552241 (perf) S 3552240 3552241 3551835 0 -1 0 1738 237 0 0 5 3 0 0 20 0 1 0 922998576 27553792 3403 17179869184 93824994299904 93824996572973 140737488338256 0 0 0 134217728 4 74274 1 0 0 17 30 0 0 0 0 0 93824998874888 93825001005840 93825001308160 140737488340073 140737488340470 140737488340470 140737488351179 0
/proc/3552241/statm: 6727 3403 2098 555 0 1769 0
[pid=3552258] ppid=3552241 vsize=88800 memory=80200 CPUtime=222.17 cores=30-31
/proc/3552258/stat : 3552258 (clingo) R 3552241 3552241 3551835 0 -1 0 23991 0 0 0 22214 3 0 0 20 0 1 0 922998585 90931200 20050 17179869184 93824992301056 93824992468925 140737488338416 0 0 0 134217728 4 25184771 0 0 0 17 30 0 0 0 0 0 93824992533936 93824992571272 93824992575488 140737488340183 140737488340354 140737488340354 140737488351170 0
/proc/3552258/statm: 22200 20050 2088 41 0 18279 0
Current children cumulated CPU time: 222.25 s
Current children cumulated vsize: 115708 KiB
Current children cumulated memory: 93812 KiB

[startup+282.3 s]
/proc/loadavg: 14.09 14.20 13.54 22/846 3553043
/proc/meminfo: memFree=385493280/528004520 swapFree=8388604/8388604
[pid=3552241] ppid=3552240 vsize=26908 memory=13612 CPUtime=0.08 cores=30-31
/proc/3552241/stat : 3552241 (perf) S 3552240 3552241 3551835 0 -1 0 1738 237 0 0 5 3 0 0 20 0 1 0 922998576 27553792 3403 17179869184 93824994299904 93824996572973 140737488338256 0 0 0 134217728 4 74274 1 0 0 17 30 0 0 0 0 0 93824998874888 93825001005840 93825001308160 140737488340073 140737488340470 140737488340470 140737488351179 0
/proc/3552241/statm: 6727 3403 2098 555 0 1769 0
[pid=3552258] ppid=3552241 vsize=95736 memory=87316 CPUtime=282.18 cores=30-31
/proc/3552258/stat : 3552258 (clingo) R 3552241 3552241 3551835 0 -1 0 27019 0 0 0 28214 4 0 0 20 0 1 0 922998585 98033664 21829 17179869184 93824992301056 93824992468925 140737488338416 0 0 0 134217728 4 25184771 0 0 0 17 30 0 0 0 0 0 93824992533936 93824992571272 93824992575488 140737488340183 140737488340354 140737488340354 140737488351170 0
/proc/3552258/statm: 23934 21829 2088 41 0 20013 0
Current children cumulated CPU time: 282.26 s
Current children cumulated vsize: 122644 KiB
Current children cumulated memory: 100928 KiB

[startup+342.3 s]
/proc/loadavg: 14.03 14.16 13.57 22/820 3553048
/proc/meminfo: memFree=385423296/528004520 swapFree=8388604/8388604
[pid=3552241] ppid=3552240 vsize=26908 memory=13612 CPUtime=0.08 cores=30-31
/proc/3552241/stat : 3552241 (perf) S 3552240 3552241 3551835 0 -1 0 1738 237 0 0 5 3 0 0 20 0 1 0 922998576 27553792 3403 17179869184 93824994299904 93824996572973 140737488338256 0 0 0 134217728 4 74274 1 0 0 17 30 0 0 0 0 0 93824998874888 93825001005840 93825001308160 140737488340073 140737488340470 140737488340470 140737488351179 0
/proc/3552241/statm: 6727 3403 2098 555 0 1769 0
[pid=3552258] ppid=3552241 vsize=101404 memory=92404 CPUtime=342.17 cores=30-31
/proc/3552258/stat : 3552258 (clingo) R 3552241 3552241 3551835 0 -1 0 28563 0 0 0 34213 4 0 0 20 0 1 0 922998585 103837696 23101 17179869184 93824992301056 93824992468925 140737488338416 0 0 0 134217728 4 25184771 0 0 0 17 30 0 0 0 0 0 93824992533936 93824992571272 93824992575488 140737488340183 140737488340354 140737488340354 140737488351170 0
/proc/3552258/statm: 25351 23101 2088 41 0 21430 0
Current children cumulated CPU time: 342.25 s
Current children cumulated vsize: 128312 KiB
Current children cumulated memory: 106016 KiB

[startup+402.3 s]
/proc/loadavg: 14.16 14.17 13.61 22/818 3553052
/proc/meminfo: memFree=385351024/528004520 swapFree=8388604/8388604
[pid=3552241] ppid=3552240 vsize=26908 memory=13612 CPUtime=0.08 cores=30-31
/proc/3552241/stat : 3552241 (perf) S 3552240 3552241 3551835 0 -1 0 1738 237 0 0 5 3 0 0 20 0 1 0 922998576 27553792 3403 17179869184 93824994299904 93824996572973 140737488338256 0 0 0 134217728 4 74274 1 0 0 17 30 0 0 0 0 0 93824998874888 93825001005840 93825001308160 140737488340073 140737488340470 140737488340470 140737488351179 0
/proc/3552241/statm: 6727 3403 2098 555 0 1769 0
[pid=3552258] ppid=3552241 vsize=106168 memory=96700 CPUtime=402.17 cores=30-31
/proc/3552258/stat : 3552258 (clingo) R 3552241 3552241 3551835 0 -1 0 29973 0 0 0 40213 4 0 0 20 0 1 0 922998585 108716032 24175 17179869184 93824992301056 93824992468925 140737488338416 0 0 0 134217728 4 25184771 0 0 0 17 30 0 0 0 0 0 93824992533936 93824992571272 93824992575488 140737488340183 140737488340354 140737488340354 140737488351170 0
/proc/3552258/statm: 26542 24175 2088 41 0 22621 0
Current children cumulated CPU time: 402.25 s
Current children cumulated vsize: 133076 KiB
Current children cumulated memory: 110312 KiB

[startup+462.3 s]
/proc/loadavg: 14.20 14.19 13.65 22/818 3553055
/proc/meminfo: memFree=385292584/528004520 swapFree=8388604/8388604
[pid=3552241] ppid=3552240 vsize=26908 memory=13612 CPUtime=0.08 cores=30-31
/proc/3552241/stat : 3552241 (perf) S 3552240 3552241 3551835 0 -1 0 1738 237 0 0 5 3 0 0 20 0 1 0 922998576 27553792 3403 17179869184 93824994299904 93824996572973 140737488338256 0 0 0 134217728 4 74274 1 0 0 17 30 0 0 0 0 0 93824998874888 93825001005840 93825001308160 140737488340073 140737488340470 140737488340470 140737488351179 0
/proc/3552241/statm: 6727 3403 2098 555 0 1769 0
[pid=3552258] ppid=3552241 vsize=110088 memory=100128 CPUtime=462.17 cores=30-31
/proc/3552258/stat : 3552258 (clingo) R 3552241 3552241 3551835 0 -1 0 31257 0 0 0 46213 4 0 0 20 0 1 0 922998585 112730112 25032 17179869184 93824992301056 93824992468925 140737488338416 0 0 0 134217728 4 25184771 0 0 0 17 30 0 0 0 0 0 93824992533936 93824992571272 93824992575488 140737488340183 140737488340354 140737488340354 140737488351170 0
/proc/3552258/statm: 27522 25032 2088 41 0 23601 0
Current children cumulated CPU time: 462.25 s
Current children cumulated vsize: 136996 KiB
Current children cumulated memory: 113740 KiB

[startup+522.3 s]
/proc/loadavg: 14.63 14.31 13.73 22/818 3553059
/proc/meminfo: memFree=385250800/528004520 swapFree=8388604/8388604
[pid=3552241] ppid=3552240 vsize=26908 memory=13612 CPUtime=0.08 cores=30-31
/proc/3552241/stat : 3552241 (perf) S 3552240 3552241 3551835 0 -1 0 1738 237 0 0 5 3 0 0 20 0 1 0 922998576 27553792 3403 17179869184 93824994299904 93824996572973 140737488338256 0 0 0 134217728 4 74274 1 0 0 17 30 0 0 0 0 0 93824998874888 93825001005840 93825001308160 140737488340073 140737488340470 140737488340470 140737488351179 0
/proc/3552241/statm: 6727 3403 2098 555 0 1769 0
[pid=3552258] ppid=3552241 vsize=115192 memory=104812 CPUtime=522.17 cores=30-31
/proc/3552258/stat : 3552258 (clingo) R 3552241 3552241 3551835 0 -1 0 32973 0 0 0 52213 4 0 0 20 0 1 0 922998585 117956608 26203 17179869184 93824992301056 93824992468925 140737488338416 0 0 0 134217728 4 25184771 0 0 0 17 30 0 0 0 0 0 93824992533936 93824992571272 93824992575488 140737488340183 140737488340354 140737488340354 140737488351170 0
/proc/3552258/statm: 28798 26203 2088 41 0 24877 0
Current children cumulated CPU time: 522.25 s
Current children cumulated vsize: 142100 KiB
Current children cumulated memory: 118424 KiB

[startup+582.3 s]
/proc/loadavg: 14.35 14.28 13.76 22/818 3553063
/proc/meminfo: memFree=385197428/528004520 swapFree=8388604/8388604
[pid=3552241] ppid=3552240 vsize=26908 memory=13612 CPUtime=0.08 cores=30-31
/proc/3552241/stat : 3552241 (perf) S 3552240 3552241 3551835 0 -1 0 1738 237 0 0 5 3 0 0 20 0 1 0 922998576 27553792 3403 17179869184 93824994299904 93824996572973 140737488338256 0 0 0 134217728 4 74274 1 0 0 17 30 0 0 0 0 0 93824998874888 93825001005840 93825001308160 140737488340073 140737488340470 140737488340470 140737488351179 0
/proc/3552241/statm: 6727 3403 2098 555 0 1769 0
[pid=3552258] ppid=3552241 vsize=119600 memory=108800 CPUtime=582.17 cores=30-31
/proc/3552258/stat : 3552258 (clingo) R 3552241 3552241 3551835 0 -1 0 34810 0 0 0 58212 5 0 0 20 0 1 0 922998585 122470400 27200 17179869184 93824992301056 93824992468925 140737488338416 0 0 0 134217728 4 25184771 0 0 0 17 30 0 0 0 0 0 93824992533936 93824992571272 93824992575488 140737488340183 140737488340354 140737488340354 140737488351170 0
/proc/3552258/statm: 29900 27200 2088 41 0 25979 0
Current children cumulated CPU time: 582.25 s
Current children cumulated vsize: 146508 KiB
Current children cumulated memory: 122412 KiB

[startup+642.3 s]
/proc/loadavg: 14.12 14.23 13.78 22/818 3553066
/proc/meminfo: memFree=385145768/528004520 swapFree=8388604/8388604
[pid=3552241] ppid=3552240 vsize=26908 memory=13612 CPUtime=0.08 cores=30-31
/proc/3552241/stat : 3552241 (perf) S 3552240 3552241 3551835 0 -1 0 1738 237 0 0 5 3 0 0 20 0 1 0 922998576 27553792 3403 17179869184 93824994299904 93824996572973 140737488338256 0 0 0 134217728 4 74274 1 0 0 17 30 0 0 0 0 0 93824998874888 93825001005840 93825001308160 140737488340073 140737488340470 140737488340470 140737488351179 0
/proc/3552241/statm: 6727 3403 2098 555 0 1769 0
[pid=3552258] ppid=3552241 vsize=123436 memory=112504 CPUtime=642.18 cores=30-31
/proc/3552258/stat : 3552258 (clingo) R 3552241 3552241 3551835 0 -1 0 36748 0 0 0 64212 6 0 0 20 0 1 0 922998585 126398464 28126 17179869184 93824992301056 93824992468925 140737488338416 0 0 0 134217728 4 25184771 0 0 0 17 30 0 0 0 0 0 93824992533936 93824992571272 93824992575488 140737488340183 140737488340354 140737488340354 140737488351170 0
/proc/3552258/statm: 30859 28126 2088 41 0 26938 0
Current children cumulated CPU time: 642.26 s
Current children cumulated vsize: 150344 KiB
Current children cumulated memory: 126116 KiB

[startup+702.3 s]
/proc/loadavg: 14.08 14.20 13.80 22/816 3553069
/proc/meminfo: memFree=385099016/528004520 swapFree=8388604/8388604
[pid=3552241] ppid=3552240 vsize=26908 memory=13612 CPUtime=0.08 cores=30-31
/proc/3552241/stat : 3552241 (perf) S 3552240 3552241 3551835 0 -1 0 1738 237 0 0 5 3 0 0 20 0 1 0 922998576 27553792 3403 17179869184 93824994299904 93824996572973 140737488338256 0 0 0 134217728 4 74274 1 0 0 17 30 0 0 0 0 0 93824998874888 93825001005840 93825001308160 140737488340073 140737488340470 140737488340470 140737488351179 0
/proc/3552241/statm: 6727 3403 2098 555 0 1769 0
[pid=3552258] ppid=3552241 vsize=127608 memory=115932 CPUtime=702.17 cores=30-31
/proc/3552258/stat : 3552258 (clingo) R 3552241 3552241 3551835 0 -1 0 37607 0 0 0 70211 6 0 0 20 0 1 0 922998585 130670592 28983 17179869184 93824992301056 93824992468925 140737488338416 0 0 0 134217728 4 25184771 0 0 0 17 30 0 0 0 0 0 93824992533936 93824992571272 93824992575488 140737488340183 140737488340354 140737488340354 140737488351170 0
/proc/3552258/statm: 31902 28983 2088 41 0 27981 0
Current children cumulated CPU time: 702.25 s
Current children cumulated vsize: 154516 KiB
Current children cumulated memory: 129544 KiB

[startup+762.3 s]
/proc/loadavg: 14.03 14.16 13.82 22/817 3553072
/proc/meminfo: memFree=385055960/528004520 swapFree=8388604/8388604
[pid=3552241] ppid=3552240 vsize=26908 memory=13612 CPUtime=0.08 cores=30-31
/proc/3552241/stat : 3552241 (perf) S 3552240 3552241 3551835 0 -1 0 1738 237 0 0 5 3 0 0 20 0 1 0 922998576 27553792 3403 17179869184 93824994299904 93824996572973 140737488338256 0 0 0 134217728 4 74274 1 0 0 17 30 0 0 0 0 0 93824998874888 93825001005840 93825001308160 140737488340073 140737488340470 140737488340470 140737488351179 0
/proc/3552241/statm: 6727 3403 2098 555 0 1769 0
[pid=3552258] ppid=3552241 vsize=129508 memory=117516 CPUtime=762.17 cores=30-31
/proc/3552258/stat : 3552258 (clingo) R 3552241 3552241 3551835 0 -1 0 38021 0 0 0 76211 6 0 0 20 0 1 0 922998585 132616192 29379 17179869184 93824992301056 93824992468925 140737488338416 0 0 0 134217728 4 25184771 0 0 0 17 30 0 0 0 0 0 93824992533936 93824992571272 93824992575488 140737488340183 140737488340354 140737488340354 140737488351170 0
/proc/3552258/statm: 32377 29379 2088 41 0 28456 0
Current children cumulated CPU time: 762.25 s
Current children cumulated vsize: 156416 KiB
Current children cumulated memory: 131128 KiB

[startup+822.3 s]
/proc/loadavg: 14.25 14.20 13.86 22/817 3553075
/proc/meminfo: memFree=385017172/528004520 swapFree=8388604/8388604
[pid=3552241] ppid=3552240 vsize=26908 memory=13612 CPUtime=0.08 cores=30-31
/proc/3552241/stat : 3552241 (perf) S 3552240 3552241 3551835 0 -1 0 1738 237 0 0 5 3 0 0 20 0 1 0 922998576 27553792 3403 17179869184 93824994299904 93824996572973 140737488338256 0 0 0 134217728 4 74274 1 0 0 17 30 0 0 0 0 0 93824998874888 93825001005840 93825001308160 140737488340073 140737488340470 140737488340470 140737488351179 0
/proc/3552241/statm: 6727 3403 2098 555 0 1769 0
[pid=3552258] ppid=3552241 vsize=130968 memory=118860 CPUtime=822.17 cores=30-31
/proc/3552258/stat : 3552258 (clingo) R 3552241 3552241 3551835 0 -1 0 38909 0 0 0 82211 6 0 0 20 0 1 0 922998585 134111232 29715 17179869184 93824992301056 93824992468925 140737488338416 0 0 0 134217728 4 25184771 0 0 0 17 30 0 0 0 0 0 93824992533936 93824992571272 93824992575488 140737488340183 140737488340354 140737488340354 140737488351170 0
/proc/3552258/statm: 32742 29715 2088 41 0 28821 0
Current children cumulated CPU time: 822.25 s
Current children cumulated vsize: 157876 KiB
Current children cumulated memory: 132472 KiB

[startup+882.3 s]
/proc/loadavg: 14.13 14.18 13.87 22/817 3553078
/proc/meminfo: memFree=384972836/528004520 swapFree=8388604/8388604
[pid=3552241] ppid=3552240 vsize=26908 memory=13612 CPUtime=0.08 cores=30-31
/proc/3552241/stat : 3552241 (perf) S 3552240 3552241 3551835 0 -1 0 1738 237 0 0 5 3 0 0 20 0 1 0 922998576 27553792 3403 17179869184 93824994299904 93824996572973 140737488338256 0 0 0 134217728 4 74274 1 0 0 17 30 0 0 0 0 0 93824998874888 93825001005840 93825001308160 140737488340073 140737488340470 140737488340470 140737488351179 0
/proc/3552241/statm: 6727 3403 2098 555 0 1769 0
[pid=3552258] ppid=3552241 vsize=134392 memory=122192 CPUtime=882.17 cores=30-31
/proc/3552258/stat : 3552258 (clingo) R 3552241 3552241 3551835 0 -1 0 41563 0 0 0 88210 7 0 0 20 0 1 0 922998585 137617408 30548 17179869184 93824992301056 93824992468925 140737488338416 0 0 0 134217728 4 25184771 0 0 0 17 30 0 0 0 0 0 93824992533936 93824992571272 93824992575488 140737488340183 140737488340354 140737488340354 140737488351170 0
/proc/3552258/statm: 33598 30548 2088 41 0 29677 0
Current children cumulated CPU time: 882.25 s
Current children cumulated vsize: 161300 KiB
Current children cumulated memory: 135804 KiB

[startup+942.3 s]
/proc/loadavg: 14.04 14.14 13.89 22/817 3553082
/proc/meminfo: memFree=384943660/528004520 swapFree=8388604/8388604
[pid=3552241] ppid=3552240 vsize=26908 memory=13612 CPUtime=0.08 cores=30-31
/proc/3552241/stat : 3552241 (perf) S 3552240 3552241 3551835 0 -1 0 1738 237 0 0 5 3 0 0 20 0 1 0 922998576 27553792 3403 17179869184 93824994299904 93824996572973 140737488338256 0 0 0 134217728 4 74274 1 0 0 17 30 0 0 0 0 0 93824998874888 93825001005840 93825001308160 140737488340073 140737488340470 140737488340470 140737488351179 0
/proc/3552241/statm: 6727 3403 2098 555 0 1769 0
[pid=3552258] ppid=3552241 vsize=137048 memory=124752 CPUtime=942.17 cores=30-31
/proc/3552258/stat : 3552258 (clingo) R 3552241 3552241 3551835 0 -1 0 42565 0 0 0 94210 7 0 0 20 0 1 0 922998585 140337152 31188 17179869184 93824992301056 93824992468925 140737488338416 0 0 0 134217728 4 25184771 0 0 0 17 30 0 0 0 0 0 93824992533936 93824992571272 93824992575488 140737488340183 140737488340354 140737488340354 140737488351170 0
/proc/3552258/statm: 34262 31188 2088 41 0 30341 0
Current children cumulated CPU time: 942.25 s
Current children cumulated vsize: 163956 KiB
Current children cumulated memory: 138364 KiB

[startup+1002.3 s]
/proc/loadavg: 14.01 14.12 13.90 22/817 3553085
/proc/meminfo: memFree=384894796/528004520 swapFree=8388604/8388604
[pid=3552241] ppid=3552240 vsize=26908 memory=13612 CPUtime=0.08 cores=30-31
/proc/3552241/stat : 3552241 (perf) S 3552240 3552241 3551835 0 -1 0 1738 237 0 0 5 3 0 0 20 0 1 0 922998576 27553792 3403 17179869184 93824994299904 93824996572973 140737488338256 0 0 0 134217728 4 74274 1 0 0 17 30 0 0 0 0 0 93824998874888 93825001005840 93825001308160 140737488340073 140737488340470 140737488340470 140737488351179 0
/proc/3552241/statm: 6727 3403 2098 555 0 1769 0
[pid=3552258] ppid=3552241 vsize=140392 memory=127824 CPUtime=1002.17 cores=30-31
/proc/3552258/stat : 3552258 (clingo) R 3552241 3552241 3551835 0 -1 0 44344 0 0 0 100210 7 0 0 20 0 1 0 922998585 143761408 31956 17179869184 93824992301056 93824992468925 140737488338416 0 0 0 134217728 4 25184771 0 0 0 17 30 0 0 0 0 0 93824992533936 93824992571272 93824992575488 140737488340183 140737488340354 140737488340354 140737488351170 0
/proc/3552258/statm: 35098 31956 2088 41 0 31177 0
Current children cumulated CPU time: 1002.25 s
Current children cumulated vsize: 167300 KiB
Current children cumulated memory: 141436 KiB

[startup+1062.3 s]
/proc/loadavg: 14.22 14.17 13.93 22/817 3553087
/proc/meminfo: memFree=384860276/528004520 swapFree=8388604/8388604
[pid=3552241] ppid=3552240 vsize=26908 memory=13612 CPUtime=0.08 cores=30-31
/proc/3552241/stat : 3552241 (perf) S 3552240 3552241 3551835 0 -1 0 1738 237 0 0 5 3 0 0 20 0 1 0 922998576 27553792 3403 17179869184 93824994299904 93824996572973 140737488338256 0 0 0 134217728 4 74274 1 0 0 17 30 0 0 0 0 0 93824998874888 93825001005840 93825001308160 140737488340073 140737488340470 140737488340470 140737488351179 0
/proc/3552241/statm: 6727 3403 2098 555 0 1769 0
[pid=3552258] ppid=3552241 vsize=144660 memory=131780 CPUtime=1062.17 cores=30-31
/proc/3552258/stat : 3552258 (clingo) R 3552241 3552241 3551835 0 -1 0 46022 0 0 0 106210 7 0 0 20 0 1 0 922998585 148131840 32945 17179869184 93824992301056 93824992468925 140737488338416 0 0 0 134217728 4 25184771 0 0 0 17 30 0 0 0 0 0 93824992533936 93824992571272 93824992575488 140737488340183 140737488340354 140737488340354 140737488351170 0
/proc/3552258/statm: 36165 32945 2088 41 0 32244 0
Current children cumulated CPU time: 1062.25 s
Current children cumulated vsize: 171568 KiB
Current children cumulated memory: 145392 KiB

[startup+1122.3 s]
/proc/loadavg: 16.26 14.78 14.16 22/816 3553090
/proc/meminfo: memFree=384833604/528004520 swapFree=8388604/8388604
[pid=3552241] ppid=3552240 vsize=26908 memory=13612 CPUtime=0.08 cores=30-31
/proc/3552241/stat : 3552241 (perf) S 3552240 3552241 3551835 0 -1 0 1738 237 0 0 5 3 0 0 20 0 1 0 922998576 27553792 3403 17179869184 93824994299904 93824996572973 140737488338256 0 0 0 134217728 4 74274 1 0 0 17 30 0 0 0 0 0 93824998874888 93825001005840 93825001308160 140737488340073 140737488340470 140737488340470 140737488351179 0
/proc/3552241/statm: 6727 3403 2098 555 0 1769 0
[pid=3552258] ppid=3552241 vsize=147396 memory=134456 CPUtime=1122.17 cores=30-31
/proc/3552258/stat : 3552258 (clingo) R 3552241 3552241 3551835 0 -1 0 47370 0 0 0 112210 7 0 0 20 0 1 0 922998585 150933504 33614 17179869184 93824992301056 93824992468925 140737488338416 0 0 0 134217728 4 25184771 0 0 0 17 30 0 0 0 0 0 93824992533936 93824992571272 93824992575488 140737488340183 140737488340354 140737488340354 140737488351170 0
/proc/3552258/statm: 36849 33614 2088 41 0 32928 0
Current children cumulated CPU time: 1122.25 s
Current children cumulated vsize: 174304 KiB
Current children cumulated memory: 148068 KiB

[startup+1182.3 s]
/proc/loadavg: 14.91 14.66 14.16 22/817 3553095
/proc/meminfo: memFree=384802644/528004520 swapFree=8388604/8388604
[pid=3552241] ppid=3552240 vsize=26908 memory=13612 CPUtime=0.08 cores=30-31
/proc/3552241/stat : 3552241 (perf) S 3552240 3552241 3551835 0 -1 0 1738 237 0 0 5 3 0 0 20 0 1 0 922998576 27553792 3403 17179869184 93824994299904 93824996572973 140737488338256 0 0 0 134217728 4 74274 1 0 0 17 30 0 0 0 0 0 93824998874888 93825001005840 93825001308160 140737488340073 140737488340470 140737488340470 140737488351179 0
/proc/3552241/statm: 6727 3403 2098 555 0 1769 0
[pid=3552258] ppid=3552241 vsize=148880 memory=135516 CPUtime=1182.17 cores=30-31
/proc/3552258/stat : 3552258 (clingo) R 3552241 3552241 3551835 0 -1 0 47951 0 0 0 118210 7 0 0 20 0 1 0 922998585 152453120 33879 17179869184 93824992301056 93824992468925 140737488338416 0 0 0 134217728 4 25184771 0 0 0 17 30 0 0 0 0 0 93824992533936 93824992571272 93824992575488 140737488340183 140737488340354 140737488340354 140737488351170 0
/proc/3552258/statm: 37220 33879 2088 41 0 33299 0
Current children cumulated CPU time: 1182.25 s
Current children cumulated vsize: 175788 KiB
Current children cumulated memory: 149128 KiB



Maximum wall clock time exceeded: sending SIGTERM then SIGKILL

[startup+1205 s]*
/proc/loadavg: 14.65 14.62 14.15 22/817 3553096
/proc/meminfo: memFree=384791336/528004520 swapFree=8388604/8388604
[pid=3552241] ppid=3552240 vsize=26908 memory=13612 CPUtime=0.08 cores=30-31
/proc/3552241/stat : 3552241 (perf) S 3552240 3552241 3551835 0 -1 0 1738 237 0 0 5 3 0 0 20 0 1 0 922998576 27553792 3403 17179869184 93824994299904 93824996572973 140737488338256 0 0 0 134217728 4 74274 1 0 0 17 30 0 0 0 0 0 93824998874888 93825001005840 93825001308160 140737488340073 140737488340470 140737488340470 140737488351179 0
/proc/3552241/statm: 6727 3403 2098 555 0 1769 0
[pid=3552258] ppid=3552241 vsize=149168 memory=135780 CPUtime=1204.89 cores=30-31
/proc/3552258/stat : 3552258 (clingo) R 3552241 3552241 3551835 0 -1 0 48029 0 0 0 120482 7 0 0 20 0 1 0 922998585 152748032 33945 17179869184 93824992301056 93824992468925 140737488338416 0 0 0 134217728 4 25184771 0 0 0 17 30 0 0 0 0 0 93824992533936 93824992571272 93824992575488 140737488340183 140737488340354 140737488340354 140737488351170 0
/proc/3552258/statm: 37292 33945 2088 41 0 33371 0
Current children cumulated CPU time: 1204.97 s
Current children cumulated vsize: 176076 KiB
Current children cumulated memory: 149392 KiB

Sending SIGINT to process tree (bottom up)
Sleeping 5 seconds

[startup+1205.03 s]
# the end of solver process 3552241 was just reported to runsolver
# cumulated CPU time of all completed processes:  user=1204.89 s, system=0.111035 s

Solver just ended.
??? end of watcher thread
Dumping a history of the last processes samples

Child status: 1
Real time (s): 1205.03
CPU time (s): 1205
CPU user time (s): 1204.89
CPU system time (s): 0.111035
CPU usage (%): 99.9977
Max. virtual memory (cumulated for all children) (KiB): 176076
Max. memory (cumulated for all children) (KiB): 149428

getrusage(RUSAGE_CHILDREN,...) data:
user time used= 1204.89
system time used= 0.111035
maximum resident set size= 136020
integral shared memory size= 0
integral unshared data size= 0
integral unshared stack size= 0
page reclaims= 50044
page faults= 0
swaps= 0
block input operations= 0
block output operations= 0
messages sent= 0
messages received= 0
signals received= 0
voluntary context switches= 18
involuntary context switches= 895


# summary of solver processes directly reported to runsolver:
#   pid: 3552241
#   total CPU time (s): 1205
#   total CPU user time (s): 1204.89
#   total CPU system time (s): 0.111035

??? end of timestamper thread
runsolver used 8.63001 second user time and 15.7686 second system time

The end
