# WCTIME: wall clock time in seconds
WCTIME=1205.03
# CPUTIME: CPU time in seconds (USERTIME+SYSTEMTIME)
CPUTIME=1205
# USERTIME: CPU time spent in user mode in seconds
USERTIME=1204.89
# SYSTEMTIME: CPU time spent in system mode in seconds
SYSTEMTIME=0.111035
# CPUUSAGE: CPUTIME/WCTIME in percent
CPUUSAGE=99.9977
# MAXVM: maximum virtual memory used in KiB
MAXVM=176076
# TIMEOUT: did the solver exceed the time limit?
TIMEOUT=true
# MEMOUT: did the solver exceed the memory limit?
MEMOUT=false
# RETCODE: return code of the program.
RETCODE=1
# SIGNAL: signal the solver recieved.
SIGNAL=0
