runsolver version 3.4.0 (svn: 3018) Copyright (C) 2010-2013 Olivier ROUSSEL

This program is distributed in the hope that it will be useful,
but WITHOUT ANY WARRANTY; without even the implied warranty of
MERCHANTABILITY or FITNESS FOR A PARTICULAR PURPOSE.  See the
GNU General Public License for more details.

NUMA information:
  number of nodes: 2
  memory of node 0: 257635 MiB (189141 MiB free)
  memory of node 1: 257994 MiB (189068 MiB free)
  node distances:
     10  20
     20  10

command line: /dev/shm/3755ac38-2e81-11f1-ac62-000c298f4621/input/runsolver -w /dev/shm/3755ac38-2e81-11f1-ac62-000c298f4621/output/runsolver.log -v /dev/shm/3755ac38-2e81-11f1-ac62-000c298f4621/output/varfile.log -W 1205 --rss-swap-limit 16384 -d 5 --sigint /usr/bin/perf stat -B -e task-clock,cache-references,cache-misses,cycles,instructions,branches,faults,migrations,context-switches -o /dev/shm/3755ac38-2e81-11f1-ac62-000c298f4621/output/perf.log clingo /home/guests/mmacri/AMOSUM/benchmarks/GraphColouring/encoding-plain-amo.asp /dev/shm/3755ac38-2e81-11f1-ac62-000c298f4621/input/0023-graph_colouring-135-0_1296.asp 

running on 2 cores: 4-5

Enforcing wall clock limit (soft limit, will send SIGTERM then SIGKILL): 1205 seconds
Enforcing RSS+Swap limit (soft limit, will send SIGTERM then SIGKILL): 16777216 KiB
Linux 5.15.0-131-generic
Current StackSize limit: 8192 KiB

solver pid=3335793, runsolver pid=3335792

[startup+0.100068 s]*
/proc/loadavg: 14.11 14.14 13.26 14/813 3335828
/proc/meminfo: memFree=387402996/528004516 swapFree=8388604/8388604
[pid=3335793] ppid=3335792 vsize=26908 memory=13616 CPUtime=0.07 cores=4-5
/proc/3335793/stat : 3335793 (perf) S 3335792 3335793 3335435 0 -1 0 1738 237 0 0 6 1 0 0 20 0 1 0 922994023 27553792 3404 17179869184 93824994299904 93824996572973 140737488338256 0 0 0 134217728 4 74274 1 0 0 17 4 0 0 0 0 0 93824998874888 93825001005840 93825001308160 140737488340073 140737488340470 140737488340470 140737488351179 0
/proc/3335793/statm: 6727 3404 2099 555 0 1769 0
[pid=3335827] ppid=3335793 vsize=19440 memory=11196 CPUtime=0.02 cores=4-5
/proc/3335827/stat : 3335827 (clingo) R 3335793 3335793 3335435 0 -1 0 1085 0 0 0 2 0 0 0 20 0 1 0 922994031 19906560 2799 17179869184 93824992301056 93824992468925 140737488338416 0 0 0 134217728 4 25184771 0 0 0 17 5 0 0 0 0 0 93824992533936 93824992571272 93824992575488 140737488340183 140737488340354 140737488340354 140737488351170 0
/proc/3335827/statm: 4860 2799 2045 41 0 939 0
Current children cumulated CPU time: 0.09 s
Current children cumulated vsize: 46348 KiB
Current children cumulated memory: 24812 KiB

[startup+0.230797 s]*
/proc/loadavg: 14.11 14.14 13.26 17/813 3335839
/proc/meminfo: memFree=387365736/528004516 swapFree=8388604/8388604
[pid=3335793] ppid=3335792 vsize=26908 memory=13616 CPUtime=0.07 cores=4-5
/proc/3335793/stat : 3335793 (perf) S 3335792 3335793 3335435 0 -1 0 1738 237 0 0 6 1 0 0 20 0 1 0 922994023 27553792 3404 17179869184 93824994299904 93824996572973 140737488338256 0 0 0 134217728 4 74274 1 0 0 17 4 0 0 0 0 0 93824998874888 93825001005840 93825001308160 140737488340073 140737488340470 140737488340470 140737488351179 0
/proc/3335793/statm: 6727 3404 2099 555 0 1769 0
[pid=3335827] ppid=3335793 vsize=25732 memory=17704 CPUtime=0.14 cores=4-5
/proc/3335827/stat : 3335827 (clingo) R 3335793 3335793 3335435 0 -1 0 2654 0 0 0 14 0 0 0 20 0 1 0 922994031 26349568 4426 17179869184 93824992301056 93824992468925 140737488338416 0 0 0 134217728 4 25184771 0 0 0 17 5 0 0 0 0 0 93824992533936 93824992571272 93824992575488 140737488340183 140737488340354 140737488340354 140737488351170 0
/proc/3335827/statm: 6433 4426 2092 41 0 2512 0
Current children cumulated CPU time: 0.21 s
Current children cumulated vsize: 52640 KiB
Current children cumulated memory: 31320 KiB

[startup+0.334621 s]*
/proc/loadavg: 14.11 14.14 13.26 15/826 3335866
/proc/meminfo: memFree=387342356/528004516 swapFree=8388604/8388604
[pid=3335793] ppid=3335792 vsize=26908 memory=13616 CPUtime=0.07 cores=4-5
/proc/3335793/stat : 3335793 (perf) S 3335792 3335793 3335435 0 -1 0 1738 237 0 0 6 1 0 0 20 0 1 0 922994023 27553792 3404 17179869184 93824994299904 93824996572973 140737488338256 0 0 0 134217728 4 74274 1 0 0 17 4 0 0 0 0 0 93824998874888 93825001005840 93825001308160 140737488340073 140737488340470 140737488340470 140737488351179 0
/proc/3335793/statm: 6727 3404 2099 555 0 1769 0
[pid=3335827] ppid=3335793 vsize=28240 memory=20080 CPUtime=0.22 cores=4-5
/proc/3335827/stat : 3335827 (clingo) R 3335793 3335793 3335435 0 -1 0 3289 0 0 0 22 0 0 0 20 0 1 0 922994031 28917760 5020 17179869184 93824992301056 93824992468925 140737488338416 0 0 0 134217728 4 25184771 0 0 0 17 4 0 0 0 0 0 93824992533936 93824992571272 93824992575488 140737488340183 140737488340354 140737488340354 140737488351170 0
/proc/3335827/statm: 7060 5020 2092 41 0 3139 0
Current children cumulated CPU time: 0.29 s
Current children cumulated vsize: 55148 KiB
Current children cumulated memory: 33696 KiB

[startup+0.471575 s]
# the end of solver process 3335793 was just reported to runsolver
# cumulated CPU time of all completed processes:  user=0.403871 s, system=0.023735 s

Solver just ended.
??? end of watcher thread
Dumping a history of the last processes samples

[startup+0.419013 s]*
/proc/loadavg: 14.11 14.14 13.26 14/832 3335879
/proc/meminfo: memFree=387334968/528004516 swapFree=8388604/8388604
[pid=3335793] ppid=3335792 vsize=26908 memory=13616 CPUtime=0.07 cores=4-5
/proc/3335793/stat : 3335793 (perf) S 3335792 3335793 3335435 0 -1 0 1738 237 0 0 6 1 0 0 20 0 1 0 922994023 27553792 3404 17179869184 93824994299904 93824996572973 140737488338256 0 0 0 134217728 4 74274 1 0 0 17 4 0 0 0 0 0 93824998874888 93825001005840 93825001308160 140737488340073 140737488340470 140737488340470 140737488351179 0
/proc/3335793/statm: 6727 3404 2099 555 0 1769 0
[pid=3335827] ppid=3335793 vsize=29716 memory=21664 CPUtime=0.3 cores=4-5
/proc/3335827/stat : 3335827 (clingo) R 3335793 3335793 3335435 0 -1 0 3654 0 0 0 30 0 0 0 20 0 1 0 922994031 30429184 5416 17179869184 93824992301056 93824992468925 140737488338416 0 0 0 134217728 4 25184771 0 0 0 17 4 0 0 0 0 0 93824992533936 93824992571272 93824992575488 140737488340183 140737488340354 140737488340354 140737488351170 0
/proc/3335827/statm: 7429 5416 2092 41 0 3508 0
Current children cumulated CPU time: 0.37 s
Current children cumulated vsize: 56624 KiB
Current children cumulated memory: 35280 KiB

Child status: 10
Real time (s): 0.471595
CPU time (s): 0.427606
CPU user time (s): 0.403871
CPU system time (s): 0.023735
CPU usage (%): 90.6723
Max. virtual memory (cumulated for all children) (KiB): 56624
Max. memory (cumulated for all children) (KiB): 35280

getrusage(RUSAGE_CHILDREN,...) data:
user time used= 0.403871
system time used= 0.023735
maximum resident set size= 21664
integral shared memory size= 0
integral unshared data size= 0
integral unshared stack size= 0
page reclaims= 5673
page faults= 0
swaps= 0
block input operations= 0
block output operations= 0
messages sent= 0
messages received= 0
signals received= 0
voluntary context switches= 17
involuntary context switches= 14


# summary of solver processes directly reported to runsolver:
#   pid: 3335793
#   total CPU time (s): 0.427606
#   total CPU user time (s): 0.403871
#   total CPU system time (s): 0.023735

??? end of timestamper thread
runsolver used 0.015413 second user time and 0.100187 second system time

The end
