runsolver version 3.4.0 (svn: 3018) Copyright (C) 2010-2013 Olivier ROUSSEL

This program is distributed in the hope that it will be useful,
but WITHOUT ANY WARRANTY; without even the implied warranty of
MERCHANTABILITY or FITNESS FOR A PARTICULAR PURPOSE.  See the
GNU General Public License for more details.

NUMA information:
  number of nodes: 2
  memory of node 0: 257587 MiB (122777 MiB free)
  memory of node 1: 258041 MiB (152080 MiB free)
  node distances:
     10  20
     20  10

command line: /dev/shm/3742076e-2e81-11f1-ac62-000c298f4621/input/runsolver -w /dev/shm/3742076e-2e81-11f1-ac62-000c298f4621/output/runsolver.log -v /dev/shm/3742076e-2e81-11f1-ac62-000c298f4621/output/varfile.log -W 1205 --rss-swap-limit 16384 -d 5 --sigint /usr/bin/perf stat -B -e task-clock,cache-references,cache-misses,cycles,instructions,branches,faults,migrations,context-switches -o /dev/shm/3742076e-2e81-11f1-ac62-000c298f4621/output/perf.log clingo /home/guests/mmacri/AMOSUM/benchmarks/GraphColouring/encoding-plain-amo.asp /dev/shm/3742076e-2e81-11f1-ac62-000c298f4621/input/0013-graph_colouring-130-0_1248.asp 

running on 2 cores: 14-15

Enforcing wall clock limit (soft limit, will send SIGTERM then SIGKILL): 1205 seconds
Enforcing RSS+Swap limit (soft limit, will send SIGTERM then SIGKILL): 16777216 KiB
Linux 5.15.0-131-generic
solver pid=2927097, runsolver pid=2927083
Current StackSize limit: 8192 KiB


[startup+0.100065 s]*
/proc/loadavg: 14.00 14.20 13.25 19/773 2927165
/proc/meminfo: memFree=281436504/528004512 swapFree=8388604/8388604
[pid=2927097] ppid=2927083 vsize=26908 memory=13612 CPUtime=0.07 cores=14-15
/proc/2927097/stat : 2927097 (perf) S 2927083 2927097 2926728 0 -1 0 1738 237 0 0 7 0 0 0 20 0 1 0 912536195 27553792 3403 17179869184 93824994299904 93824996572973 140737488338256 0 0 0 134217728 4 74274 1 0 0 17 14 0 0 0 0 0 93824998874888 93825001005840 93825001308160 140737488340073 140737488340470 140737488340470 140737488351179 0
/proc/2927097/statm: 6727 3403 2098 555 0 1769 0
[pid=2927160] ppid=2927097 vsize=18888 memory=10332 CPUtime=0.01 cores=14-15
/proc/2927160/stat : 2927160 (clingo) R 2927097 2927097 2926728 0 -1 0 895 0 1 0 1 0 0 0 20 0 1 0 912536204 19341312 2583 17179869184 93824992301056 93824992468925 140737488338416 0 0 0 134217728 4 25184771 0 0 0 17 15 0 0 0 0 0 93824992533936 93824992571272 93824992575488 140737488340183 140737488340354 140737488340354 140737488351170 0
/proc/2927160/statm: 4722 2583 1970 41 0 801 0
Current children cumulated CPU time: 0.08 s
Current children cumulated vsize: 45796 KiB
Current children cumulated memory: 23944 KiB

[startup+0.230513 s]*
/proc/loadavg: 14.00 14.20 13.25 19/795 2927261
/proc/meminfo: memFree=284294748/528004512 swapFree=8388604/8388604
[pid=2927097] ppid=2927083 vsize=26908 memory=13612 CPUtime=0.07 cores=14-15
/proc/2927097/stat : 2927097 (perf) S 2927083 2927097 2926728 0 -1 0 1738 237 0 0 7 0 0 0 20 0 1 0 912536195 27553792 3403 17179869184 93824994299904 93824996572973 140737488338256 0 0 0 134217728 4 74274 1 0 0 17 14 0 0 0 0 0 93824998874888 93825001005840 93825001308160 140737488340073 140737488340470 140737488340470 140737488351179 0
/proc/2927097/statm: 6727 3403 2098 555 0 1769 0
[pid=2927160] ppid=2927097 vsize=26120 memory=17912 CPUtime=0.13 cores=14-15
/proc/2927160/stat : 2927160 (clingo) R 2927097 2927097 2926728 0 -1 0 2796 0 1 0 12 1 0 0 20 0 1 0 912536204 26746880 4478 17179869184 93824992301056 93824992468925 140737488338416 0 0 0 134217728 4 25184771 0 0 0 17 14 0 0 0 0 0 93824992533936 93824992571272 93824992575488 140737488340183 140737488340354 140737488340354 140737488351170 0
/proc/2927160/statm: 6530 4478 2024 41 0 2609 0
Current children cumulated CPU time: 0.2 s
Current children cumulated vsize: 53028 KiB
Current children cumulated memory: 31524 KiB

[startup+0.334621 s]*
/proc/loadavg: 14.00 14.19 13.25 18/778 2927323
/proc/meminfo: memFree=284275160/528004512 swapFree=8388604/8388604
[pid=2927097] ppid=2927083 vsize=26908 memory=13612 CPUtime=0.07 cores=14-15
/proc/2927097/stat : 2927097 (perf) S 2927083 2927097 2926728 0 -1 0 1738 237 0 0 7 0 0 0 20 0 1 0 912536195 27553792 3403 17179869184 93824994299904 93824996572973 140737488338256 0 0 0 134217728 4 74274 1 0 0 17 14 0 0 0 0 0 93824998874888 93825001005840 93825001308160 140737488340073 140737488340470 140737488340470 140737488351179 0
/proc/2927097/statm: 6727 3403 2098 555 0 1769 0
[pid=2927160] ppid=2927097 vsize=27968 memory=19760 CPUtime=0.22 cores=14-15
/proc/2927160/stat : 2927160 (clingo) R 2927097 2927097 2926728 0 -1 0 3255 0 1 0 21 1 0 0 20 0 1 0 912536204 28639232 4940 17179869184 93824992301056 93824992468925 140737488338416 0 0 0 134217728 4 25184771 0 0 0 17 14 0 0 0 0 0 93824992533936 93824992571272 93824992575488 140737488340183 140737488340354 140737488340354 140737488351170 0
/proc/2927160/statm: 6992 4940 2024 41 0 3071 0
Current children cumulated CPU time: 0.29 s
Current children cumulated vsize: 54876 KiB
Current children cumulated memory: 33372 KiB

[startup+0.700333 s]
/proc/loadavg: 14.00 14.19 13.25 19/802 2927490
/proc/meminfo: memFree=284269920/528004512 swapFree=8388604/8388604
[pid=2927097] ppid=2927083 vsize=26908 memory=13612 CPUtime=0.07 cores=14-15
/proc/2927097/stat : 2927097 (perf) S 2927083 2927097 2926728 0 -1 0 1738 237 0 0 7 0 0 0 20 0 1 0 912536195 27553792 3403 17179869184 93824994299904 93824996572973 140737488338256 0 0 0 134217728 4 74274 1 0 0 17 14 0 0 0 0 0 93824998874888 93825001005840 93825001308160 140737488340073 140737488340470 140737488340470 140737488351179 0
/proc/2927097/statm: 6727 3403 2098 555 0 1769 0
[pid=2927160] ppid=2927097 vsize=31160 memory=22928 CPUtime=0.57 cores=14-15
/proc/2927160/stat : 2927160 (clingo) R 2927097 2927097 2926728 0 -1 0 4055 0 1 0 56 1 0 0 20 0 1 0 912536204 31907840 5732 17179869184 93824992301056 93824992468925 140737488338416 0 0 0 134217728 4 25184771 0 0 0 17 14 0 0 0 0 0 93824992533936 93824992571272 93824992575488 140737488340183 140737488340354 140737488340354 140737488351170 0
/proc/2927160/statm: 7790 5732 2024 41 0 3869 0
Current children cumulated CPU time: 0.64 s
Current children cumulated vsize: 58068 KiB
Current children cumulated memory: 36540 KiB

[startup+1.50033 s]
/proc/loadavg: 14.00 14.19 13.25 20/811 2927693
/proc/meminfo: memFree=284238968/528004512 swapFree=8388604/8388604
[pid=2927097] ppid=2927083 vsize=26908 memory=13612 CPUtime=0.07 cores=14-15
/proc/2927097/stat : 2927097 (perf) S 2927083 2927097 2926728 0 -1 0 1738 237 0 0 7 0 0 0 20 0 1 0 912536195 27553792 3403 17179869184 93824994299904 93824996572973 140737488338256 0 0 0 134217728 4 74274 1 0 0 17 14 0 0 0 0 0 93824998874888 93825001005840 93825001308160 140737488340073 140737488340470 140737488340470 140737488351179 0
/proc/2927097/statm: 6727 3403 2098 555 0 1769 0
[pid=2927160] ppid=2927097 vsize=35824 memory=27416 CPUtime=1.37 cores=14-15
/proc/2927160/stat : 2927160 (clingo) R 2927097 2927097 2926728 0 -1 0 5217 0 1 0 136 1 0 0 20 0 1 0 912536204 36683776 6854 17179869184 93824992301056 93824992468925 140737488338416 0 0 0 134217728 4 25184771 0 0 0 17 14 0 0 0 0 0 93824992533936 93824992571272 93824992575488 140737488340183 140737488340354 140737488340354 140737488351170 0
/proc/2927160/statm: 8956 6854 2024 41 0 5035 0
Current children cumulated CPU time: 1.44 s
Current children cumulated vsize: 62732 KiB
Current children cumulated memory: 41028 KiB

[startup+1.86811 s]
# the end of solver process 2927097 was just reported to runsolver
# cumulated CPU time of all completed processes:  user=1.80847 s, system=0.022947 s

Solver just ended.
??? end of watcher thread
Dumping a history of the last processes samples

[startup+1.60027 s]
/proc/loadavg: 14.00 14.19 13.25 20/811 2927693
/proc/meminfo: memFree=284238968/528004512 swapFree=8388604/8388604
[pid=2927097] ppid=2927083 vsize=26908 memory=13612 CPUtime=0.07 cores=14-15
/proc/2927097/stat : 2927097 (perf) S 2927083 2927097 2926728 0 -1 0 1738 237 0 0 7 0 0 0 20 0 1 0 912536195 27553792 3403 17179869184 93824994299904 93824996572973 140737488338256 0 0 0 134217728 4 74274 1 0 0 17 14 0 0 0 0 0 93824998874888 93825001005840 93825001308160 140737488340073 140737488340470 140737488340470 140737488351179 0
/proc/2927097/statm: 6727 3403 2098 555 0 1769 0
[pid=2927160] ppid=2927097 vsize=36488 memory=28208 CPUtime=1.47 cores=14-15
/proc/2927160/stat : 2927160 (clingo) R 2927097 2927097 2926728 0 -1 0 5372 0 1 0 146 1 0 0 20 0 1 0 912536204 37363712 7052 17179869184 93824992301056 93824992468925 140737488338416 0 0 0 134217728 4 25184771 0 0 0 17 14 0 0 0 0 0 93824992533936 93824992571272 93824992575488 140737488340183 140737488340354 140737488340354 140737488351170 0
/proc/2927160/statm: 9122 7052 2024 41 0 5201 0
Current children cumulated CPU time: 1.54 s
Current children cumulated vsize: 63396 KiB
Current children cumulated memory: 41820 KiB

[startup+1.80021 s]
/proc/loadavg: 14.00 14.19 13.25 20/811 2927693
/proc/meminfo: memFree=284238968/528004512 swapFree=8388604/8388604
[pid=2927097] ppid=2927083 vsize=26908 memory=13612 CPUtime=0.07 cores=14-15
/proc/2927097/stat : 2927097 (perf) S 2927083 2927097 2926728 0 -1 0 1738 237 0 0 7 0 0 0 20 0 1 0 912536195 27553792 3403 17179869184 93824994299904 93824996572973 140737488338256 0 0 0 134217728 4 74274 1 0 0 17 14 0 0 0 0 0 93824998874888 93825001005840 93825001308160 140737488340073 140737488340470 140737488340470 140737488351179 0
/proc/2927097/statm: 6727 3403 2098 555 0 1769 0
[pid=2927160] ppid=2927097 vsize=38080 memory=29792 CPUtime=1.67 cores=14-15
/proc/2927160/stat : 2927160 (clingo) R 2927097 2927097 2926728 0 -1 0 5775 0 1 0 166 1 0 0 20 0 1 0 912536204 38993920 7448 17179869184 93824992301056 93824992468925 140737488338416 0 0 0 134217728 4 25184771 0 0 0 17 14 0 0 0 0 0 93824992533936 93824992571272 93824992575488 140737488340183 140737488340354 140737488340354 140737488351170 0
/proc/2927160/statm: 9520 7448 2024 41 0 5599 0
Current children cumulated CPU time: 1.74 s
Current children cumulated vsize: 64988 KiB
Current children cumulated memory: 43404 KiB

Child status: 10
Real time (s): 1.86813
CPU time (s): 1.83142
CPU user time (s): 1.80847
CPU system time (s): 0.022947
CPU usage (%): 98.0346
Max. virtual memory (cumulated for all children) (KiB): 64988
Max. memory (cumulated for all children) (KiB): 43404

getrusage(RUSAGE_CHILDREN,...) data:
user time used= 1.80847
system time used= 0.022947
maximum resident set size= 30056
integral shared memory size= 0
integral unshared data size= 0
integral unshared stack size= 0
page reclaims= 7865
page faults= 1
swaps= 0
block input operations= 0
block output operations= 0
messages sent= 0
messages received= 0
signals received= 0
voluntary context switches= 161
involuntary context switches= 12


# summary of solver processes directly reported to runsolver:
#   pid: 2927097
#   total CPU time (s): 1.83142
#   total CPU user time (s): 1.80847
#   total CPU system time (s): 0.022947

??? end of timestamper thread
runsolver used 0.032795 second user time and 0.120353 second system time

The end
