runsolver version 3.4.0 (svn: 3018) Copyright (C) 2010-2013 Olivier ROUSSEL

This program is distributed in the hope that it will be useful,
but WITHOUT ANY WARRANTY; without even the implied warranty of
MERCHANTABILITY or FITNESS FOR A PARTICULAR PURPOSE.  See the
GNU General Public License for more details.

NUMA information:
  number of nodes: 2
  memory of node 0: 257635 MiB (187330 MiB free)
  memory of node 1: 257994 MiB (190778 MiB free)
  node distances:
     10  20
     20  10

command line: /dev/shm/378ff1f4-2e81-11f1-ac62-000c298f4621/input/runsolver -w /dev/shm/378ff1f4-2e81-11f1-ac62-000c298f4621/output/runsolver.log -v /dev/shm/378ff1f4-2e81-11f1-ac62-000c298f4621/output/varfile.log -W 1205 --rss-swap-limit 16384 -d 5 --sigint /usr/bin/perf stat -B -e task-clock,cache-references,cache-misses,cycles,instructions,branches,faults,migrations,context-switches -o /dev/shm/378ff1f4-2e81-11f1-ac62-000c298f4621/output/perf.log clingo /home/guests/mmacri/AMOSUM/benchmarks/GraphColouring/encoding-plain-amo.asp /dev/shm/378ff1f4-2e81-11f1-ac62-000c298f4621/input/0054-graph_colouring-150-0_5760.asp 

running on 2 cores: 28-29

Enforcing wall clock limit (soft limit, will send SIGTERM then SIGKILL): 1205 seconds
Enforcing RSS+Swap limit (soft limit, will send SIGTERM then SIGKILL): 16777216 KiB
Linux 5.15.0-131-generic
Current StackSize limit: 8192 KiB

solver pid=1843921, runsolver pid=1843915

[startup+0.10007 s]*
/proc/loadavg: 14.04 14.15 13.98 17/797 1844019
/proc/meminfo: memFree=387171908/528004524 swapFree=8388604/8388604
[pid=1843921] ppid=1843915 vsize=26908 memory=13456 CPUtime=0.07 cores=28-29
/proc/1843921/stat : 1843921 (perf) S 1843915 1843921 1843759 0 -1 0 1716 237 35 0 5 2 0 0 20 0 1 0 923092853 27553792 3364 17179869184 93824994299904 93824996572973 140737488338256 0 0 0 134217728 4 74274 1 0 0 17 28 0 0 0 0 0 93824998874888 93825001005840 93825001308160 140737488340073 140737488340470 140737488340470 140737488351179 0
/proc/1843921/statm: 6727 3364 2059 555 0 1769 0
[pid=1843991] ppid=1843921 vsize=19928 memory=11100 CPUtime=0.03 cores=28-29
/proc/1843991/stat : 1843991 (clingo) R 1843921 1843921 1843759 0 -1 0 1218 0 2 0 3 0 0 0 20 0 1 0 923092861 20406272 2775 17179869184 93824992301056 93824992468925 140737488338416 0 0 0 134217728 4 25184771 0 0 0 17 29 0 0 0 0 0 93824992533936 93824992571272 93824992575488 140737488340183 140737488340354 140737488340354 140737488351170 0
/proc/1843991/statm: 4982 2775 1938 41 0 1061 0
Current children cumulated CPU time: 0.1 s
Current children cumulated vsize: 46836 KiB
Current children cumulated memory: 24556 KiB

[startup+0.235041 s]*
/proc/loadavg: 14.04 14.15 13.98 15/814 1844061
/proc/meminfo: memFree=387170780/528004524 swapFree=8388604/8388604
[pid=1843921] ppid=1843915 vsize=26908 memory=13456 CPUtime=0.07 cores=28-29
/proc/1843921/stat : 1843921 (perf) S 1843915 1843921 1843759 0 -1 0 1716 237 35 0 5 2 0 0 20 0 1 0 923092853 27553792 3364 17179869184 93824994299904 93824996572973 140737488338256 0 0 0 134217728 4 74274 1 0 0 17 28 0 0 0 0 0 93824998874888 93825001005840 93825001308160 140737488340073 140737488340470 140737488340470 140737488351179 0
/proc/1843921/statm: 6727 3364 2059 555 0 1769 0
[pid=1843991] ppid=1843921 vsize=25244 memory=16872 CPUtime=0.13 cores=28-29
/proc/1843991/stat : 1843991 (clingo) R 1843921 1843921 1843759 0 -1 0 2573 0 2 0 13 0 0 0 20 0 1 0 923092861 25849856 4218 17179869184 93824992301056 93824992468925 140737488338416 0 0 0 134217728 4 25184771 0 0 0 17 28 0 0 0 0 0 93824992533936 93824992571272 93824992575488 140737488340183 140737488340354 140737488340354 140737488351170 0
/proc/1843991/statm: 6311 4218 2003 41 0 2390 0
Current children cumulated CPU time: 0.2 s
Current children cumulated vsize: 52152 KiB
Current children cumulated memory: 30328 KiB

[startup+0.318486 s]*
/proc/loadavg: 14.04 14.15 13.98 16/820 1844081
/proc/meminfo: memFree=387161720/528004524 swapFree=8388604/8388604
[pid=1843921] ppid=1843915 vsize=26908 memory=13456 CPUtime=0.07 cores=28-29
/proc/1843921/stat : 1843921 (perf) S 1843915 1843921 1843759 0 -1 0 1716 237 35 0 5 2 0 0 20 0 1 0 923092853 27553792 3364 17179869184 93824994299904 93824996572973 140737488338256 0 0 0 134217728 4 74274 1 0 0 17 28 0 0 0 0 0 93824998874888 93825001005840 93825001308160 140737488340073 140737488340470 140737488340470 140737488351179 0
/proc/1843921/statm: 6727 3364 2059 555 0 1769 0
[pid=1843991] ppid=1843921 vsize=26472 memory=18192 CPUtime=0.22 cores=28-29
/proc/1843991/stat : 1843991 (clingo) R 1843921 1843921 1843759 0 -1 0 2892 0 2 0 22 0 0 0 20 0 1 0 923092861 27107328 4548 17179869184 93824992301056 93824992468925 140737488338416 0 0 0 134217728 4 25184771 0 0 0 17 28 0 0 0 0 0 93824992533936 93824992571272 93824992575488 140737488340183 140737488340354 140737488340354 140737488351170 0
/proc/1843991/statm: 6618 4548 2003 41 0 2697 0
Current children cumulated CPU time: 0.29 s
Current children cumulated vsize: 53380 KiB
Current children cumulated memory: 31648 KiB

[startup+0.700326 s]
/proc/loadavg: 14.04 14.15 13.98 15/824 1844147
/proc/meminfo: memFree=387494248/528004524 swapFree=8388604/8388604
[pid=1843921] ppid=1843915 vsize=26908 memory=13456 CPUtime=0.07 cores=28-29
/proc/1843921/stat : 1843921 (perf) S 1843915 1843921 1843759 0 -1 0 1716 237 35 0 5 2 0 0 20 0 1 0 923092853 27553792 3364 17179869184 93824994299904 93824996572973 140737488338256 0 0 0 134217728 4 74274 1 0 0 17 28 0 0 0 0 0 93824998874888 93825001005840 93825001308160 140737488340073 140737488340470 140737488340470 140737488351179 0
/proc/1843921/statm: 6727 3364 2059 555 0 1769 0
[pid=1843991] ppid=1843921 vsize=28452 memory=20040 CPUtime=0.58 cores=28-29
/proc/1843991/stat : 1843991 (clingo) R 1843921 1843921 1843759 0 -1 0 3367 0 2 0 58 0 0 0 20 0 1 0 923092861 29134848 5010 17179869184 93824992301056 93824992468925 140737488338416 0 0 0 134217728 4 25184771 0 0 0 17 28 0 0 0 0 0 93824992533936 93824992571272 93824992575488 140737488340183 140737488340354 140737488340354 140737488351170 0
/proc/1843991/statm: 7113 5010 2003 41 0 3192 0
Current children cumulated CPU time: 0.65 s
Current children cumulated vsize: 55360 KiB
Current children cumulated memory: 33496 KiB

[startup+1.50033 s]
/proc/loadavg: 14.04 14.15 13.98 16/798 1844497
/proc/meminfo: memFree=387709556/528004524 swapFree=8388604/8388604
[pid=1843921] ppid=1843915 vsize=26908 memory=13456 CPUtime=0.07 cores=28-29
/proc/1843921/stat : 1843921 (perf) S 1843915 1843921 1843759 0 -1 0 1716 237 35 0 5 2 0 0 20 0 1 0 923092853 27553792 3364 17179869184 93824994299904 93824996572973 140737488338256 0 0 0 134217728 4 74274 1 0 0 17 28 0 0 0 0 0 93824998874888 93825001005840 93825001308160 140737488340073 140737488340470 140737488340470 140737488351179 0
/proc/1843921/statm: 6727 3364 2059 555 0 1769 0
[pid=1843991] ppid=1843921 vsize=30604 memory=22152 CPUtime=1.38 cores=28-29
/proc/1843991/stat : 1843991 (clingo) R 1843921 1843921 1843759 0 -1 0 3903 0 2 0 138 0 0 0 20 0 1 0 923092861 31338496 5538 17179869184 93824992301056 93824992468925 140737488338416 0 0 0 134217728 4 25184771 0 0 0 17 28 0 0 0 0 0 93824992533936 93824992571272 93824992575488 140737488340183 140737488340354 140737488340354 140737488351170 0
/proc/1843991/statm: 7651 5538 2003 41 0 3730 0
Current children cumulated CPU time: 1.45 s
Current children cumulated vsize: 57512 KiB
Current children cumulated memory: 35608 KiB

[startup+3.12104 s]
/proc/loadavg: 14.04 14.15 13.98 16/856 1845129
/proc/meminfo: memFree=387322816/528004524 swapFree=8388604/8388604
[pid=1843921] ppid=1843915 vsize=26908 memory=13456 CPUtime=0.07 cores=28-29
/proc/1843921/stat : 1843921 (perf) S 1843915 1843921 1843759 0 -1 0 1716 237 35 0 5 2 0 0 20 0 1 0 923092853 27553792 3364 17179869184 93824994299904 93824996572973 140737488338256 0 0 0 134217728 4 74274 1 0 0 17 28 0 0 0 0 0 93824998874888 93825001005840 93825001308160 140737488340073 140737488340470 140737488340470 140737488351179 0
/proc/1843921/statm: 6727 3364 2059 555 0 1769 0
[pid=1843991] ppid=1843921 vsize=33308 memory=24792 CPUtime=3.01 cores=28-29
/proc/1843991/stat : 1843991 (clingo) R 1843921 1843921 1843759 0 -1 0 4563 0 2 0 300 1 0 0 20 0 1 0 923092861 34107392 6198 17179869184 93824992301056 93824992468925 140737488338416 0 0 0 134217728 4 25184771 0 0 0 17 28 0 0 0 0 0 93824992533936 93824992571272 93824992575488 140737488340183 140737488340354 140737488340354 140737488351170 0
/proc/1843991/statm: 8327 6198 2003 41 0 4406 0
Current children cumulated CPU time: 3.08 s
Current children cumulated vsize: 60216 KiB
Current children cumulated memory: 38248 KiB

[startup+6.30029 s]
/proc/loadavg: 14.04 14.15 13.98 16/864 1845246
/proc/meminfo: memFree=387015356/528004524 swapFree=8388604/8388604
[pid=1843921] ppid=1843915 vsize=26908 memory=13456 CPUtime=0.07 cores=28-29
/proc/1843921/stat : 1843921 (perf) S 1843915 1843921 1843759 0 -1 0 1716 237 35 0 5 2 0 0 20 0 1 0 923092853 27553792 3364 17179869184 93824994299904 93824996572973 140737488338256 0 0 0 134217728 4 74274 1 0 0 17 28 0 0 0 0 0 93824998874888 93825001005840 93825001308160 140737488340073 140737488340470 140737488340470 140737488351179 0
/proc/1843921/statm: 6727 3364 2059 555 0 1769 0
[pid=1843991] ppid=1843921 vsize=37120 memory=28488 CPUtime=6.19 cores=28-29
/proc/1843991/stat : 1843991 (clingo) R 1843921 1843921 1843759 0 -1 0 5512 0 2 0 618 1 0 0 20 0 1 0 923092861 38010880 7122 17179869184 93824992301056 93824992468925 140737488338416 0 0 0 134217728 4 25184771 0 0 0 17 28 0 0 0 0 0 93824992533936 93824992571272 93824992575488 140737488340183 140737488340354 140737488340354 140737488351170 0
/proc/1843991/statm: 9280 7122 2003 41 0 5359 0
Current children cumulated CPU time: 6.26 s
Current children cumulated vsize: 64028 KiB
Current children cumulated memory: 41944 KiB

[startup+12.7002 s]
/proc/loadavg: 14.04 14.15 13.98 16/871 1845465
/proc/meminfo: memFree=386976472/528004524 swapFree=8388604/8388604
[pid=1843921] ppid=1843915 vsize=26908 memory=13456 CPUtime=0.07 cores=28-29
/proc/1843921/stat : 1843921 (perf) S 1843915 1843921 1843759 0 -1 0 1716 237 35 0 5 2 0 0 20 0 1 0 923092853 27553792 3364 17179869184 93824994299904 93824996572973 140737488338256 0 0 0 134217728 4 74274 1 0 0 17 28 0 0 0 0 0 93824998874888 93825001005840 93825001308160 140737488340073 140737488340470 140737488340470 140737488351179 0
/proc/1843921/statm: 6727 3364 2059 555 0 1769 0
[pid=1843991] ppid=1843921 vsize=43136 memory=34548 CPUtime=12.58 cores=28-29
/proc/1843991/stat : 1843991 (clingo) R 1843921 1843921 1843759 0 -1 0 7250 0 2 0 1257 1 0 0 20 0 1 0 923092861 44171264 8637 17179869184 93824992301056 93824992468925 140737488338416 0 0 0 134217728 4 25184771 0 0 0 17 28 0 0 0 0 0 93824992533936 93824992571272 93824992575488 140737488340183 140737488340354 140737488340354 140737488351170 0
/proc/1843991/statm: 10784 8637 2003 41 0 6863 0
Current children cumulated CPU time: 12.65 s
Current children cumulated vsize: 70044 KiB
Current children cumulated memory: 48004 KiB

[startup+25.5004 s]
/proc/loadavg: 14.03 14.14 13.99 16/873 1845470
/proc/meminfo: memFree=386737508/528004524 swapFree=8388604/8388604
[pid=1843921] ppid=1843915 vsize=26908 memory=13456 CPUtime=0.07 cores=28-29
/proc/1843921/stat : 1843921 (perf) S 1843915 1843921 1843759 0 -1 0 1716 237 35 0 5 2 0 0 20 0 1 0 923092853 27553792 3364 17179869184 93824994299904 93824996572973 140737488338256 0 0 0 134217728 4 74274 1 0 0 17 28 0 0 0 0 0 93824998874888 93825001005840 93825001308160 140737488340073 140737488340470 140737488340470 140737488351179 0
/proc/1843921/statm: 6727 3364 2059 555 0 1769 0
[pid=1843991] ppid=1843921 vsize=48660 memory=39624 CPUtime=25.38 cores=28-29
/proc/1843991/stat : 1843991 (clingo) R 1843921 1843921 1843759 0 -1 0 8677 0 2 0 2537 1 0 0 20 0 1 0 923092861 49827840 9906 17179869184 93824992301056 93824992468925 140737488338416 0 0 0 134217728 4 25184771 0 0 0 17 28 0 0 0 0 0 93824992533936 93824992571272 93824992575488 140737488340183 140737488340354 140737488340354 140737488351170 0
/proc/1843991/statm: 12165 9906 2003 41 0 8244 0
Current children cumulated CPU time: 25.45 s
Current children cumulated vsize: 75568 KiB
Current children cumulated memory: 53080 KiB

[startup+51.1215 s]
/proc/loadavg: 14.16 14.16 14.00 16/873 1845470
/proc/meminfo: memFree=386195384/528004524 swapFree=8388604/8388604
[pid=1843921] ppid=1843915 vsize=26908 memory=13456 CPUtime=0.07 cores=28-29
/proc/1843921/stat : 1843921 (perf) S 1843915 1843921 1843759 0 -1 0 1716 237 35 0 5 2 0 0 20 0 1 0 923092853 27553792 3364 17179869184 93824994299904 93824996572973 140737488338256 0 0 0 134217728 4 74274 1 0 0 17 28 0 0 0 0 0 93824998874888 93825001005840 93825001308160 140737488340073 140737488340470 140737488340470 140737488351179 0
/proc/1843921/statm: 6727 3364 2059 555 0 1769 0
[pid=1843991] ppid=1843921 vsize=59852 memory=50712 CPUtime=51 cores=28-29
/proc/1843991/stat : 1843991 (clingo) R 1843921 1843921 1843759 0 -1 0 11435 0 2 0 5099 1 0 0 20 0 1 0 923092861 61288448 12678 17179869184 93824992301056 93824992468925 140737488338416 0 0 0 134217728 4 25184771 0 0 0 17 28 0 0 0 0 0 93824992533936 93824992571272 93824992575488 140737488340183 140737488340354 140737488340354 140737488351170 0
/proc/1843991/statm: 14963 12678 2003 41 0 11042 0
Current children cumulated CPU time: 51.07 s
Current children cumulated vsize: 86760 KiB
Current children cumulated memory: 64168 KiB

[startup+102.3 s]
/proc/loadavg: 14.07 14.13 14.00 16/873 1845473
/proc/meminfo: memFree=385926436/528004524 swapFree=8388604/8388604
[pid=1843921] ppid=1843915 vsize=26908 memory=13456 CPUtime=0.07 cores=28-29
/proc/1843921/stat : 1843921 (perf) S 1843915 1843921 1843759 0 -1 0 1716 237 35 0 5 2 0 0 20 0 1 0 923092853 27553792 3364 17179869184 93824994299904 93824996572973 140737488338256 0 0 0 134217728 4 74274 1 0 0 17 28 0 0 0 0 0 93824998874888 93825001005840 93825001308160 140737488340073 140737488340470 140737488340470 140737488351179 0
/proc/1843921/statm: 6727 3364 2059 555 0 1769 0
[pid=1843991] ppid=1843921 vsize=72900 memory=62888 CPUtime=102.18 cores=28-29
/proc/1843991/stat : 1843991 (clingo) R 1843921 1843921 1843759 0 -1 0 14600 0 2 0 10216 2 0 0 20 0 1 0 923092861 74649600 15722 17179869184 93824992301056 93824992468925 140737488338416 0 0 0 134217728 4 25184771 0 0 0 17 28 0 0 0 0 0 93824992533936 93824992571272 93824992575488 140737488340183 140737488340354 140737488340354 140737488351170 0
/proc/1843991/statm: 18225 15722 2003 41 0 14304 0
Current children cumulated CPU time: 102.25 s
Current children cumulated vsize: 99808 KiB
Current children cumulated memory: 76344 KiB

[startup+162.3 s]
/proc/loadavg: 14.08 14.12 14.00 16/873 1845476
/proc/meminfo: memFree=385764488/528004524 swapFree=8388604/8388604
[pid=1843921] ppid=1843915 vsize=26908 memory=13456 CPUtime=0.07 cores=28-29
/proc/1843921/stat : 1843921 (perf) S 1843915 1843921 1843759 0 -1 0 1716 237 35 0 5 2 0 0 20 0 1 0 923092853 27553792 3364 17179869184 93824994299904 93824996572973 140737488338256 0 0 0 134217728 4 74274 1 0 0 17 28 0 0 0 0 0 93824998874888 93825001005840 93825001308160 140737488340073 140737488340470 140737488340470 140737488351179 0
/proc/1843921/statm: 6727 3364 2059 555 0 1769 0
[pid=1843991] ppid=1843921 vsize=83328 memory=72368 CPUtime=162.18 cores=28-29
/proc/1843991/stat : 1843991 (clingo) R 1843921 1843921 1843759 0 -1 0 17232 0 2 0 16215 3 0 0 20 0 1 0 923092861 85327872 18092 17179869184 93824992301056 93824992468925 140737488338416 0 0 0 134217728 4 25184771 0 0 0 17 28 0 0 0 0 0 93824992533936 93824992571272 93824992575488 140737488340183 140737488340354 140737488340354 140737488351170 0
/proc/1843991/statm: 20832 18092 2003 41 0 16911 0
Current children cumulated CPU time: 162.25 s
Current children cumulated vsize: 110236 KiB
Current children cumulated memory: 85824 KiB

[startup+222.3 s]
/proc/loadavg: 14.03 14.10 14.00 16/873 1845480
/proc/meminfo: memFree=385633180/528004524 swapFree=8388604/8388604
[pid=1843921] ppid=1843915 vsize=26908 memory=13456 CPUtime=0.07 cores=28-29
/proc/1843921/stat : 1843921 (perf) S 1843915 1843921 1843759 0 -1 0 1716 237 35 0 5 2 0 0 20 0 1 0 923092853 27553792 3364 17179869184 93824994299904 93824996572973 140737488338256 0 0 0 134217728 4 74274 1 0 0 17 28 0 0 0 0 0 93824998874888 93825001005840 93825001308160 140737488340073 140737488340470 140737488340470 140737488351179 0
/proc/1843921/statm: 6727 3364 2059 555 0 1769 0
[pid=1843991] ppid=1843921 vsize=93616 memory=81080 CPUtime=222.18 cores=28-29
/proc/1843991/stat : 1843991 (clingo) R 1843921 1843921 1843759 0 -1 0 19454 0 2 0 22214 4 0 0 20 0 1 0 923092861 95862784 20270 17179869184 93824992301056 93824992468925 140737488338416 0 0 0 134217728 4 25184771 0 0 0 17 28 0 0 0 0 0 93824992533936 93824992571272 93824992575488 140737488340183 140737488340354 140737488340354 140737488351170 0
/proc/1843991/statm: 23404 20270 2003 41 0 19483 0
Current children cumulated CPU time: 222.25 s
Current children cumulated vsize: 120524 KiB
Current children cumulated memory: 94536 KiB

[startup+282.3 s]
/proc/loadavg: 14.35 14.16 14.03 16/873 1845481
/proc/meminfo: memFree=385434620/528004524 swapFree=8388604/8388604
[pid=1843921] ppid=1843915 vsize=26908 memory=13456 CPUtime=0.07 cores=28-29
/proc/1843921/stat : 1843921 (perf) S 1843915 1843921 1843759 0 -1 0 1716 237 35 0 5 2 0 0 20 0 1 0 923092853 27553792 3364 17179869184 93824994299904 93824996572973 140737488338256 0 0 0 134217728 4 74274 1 0 0 17 28 0 0 0 0 0 93824998874888 93825001005840 93825001308160 140737488340073 140737488340470 140737488340470 140737488351179 0
/proc/1843921/statm: 6727 3364 2059 555 0 1769 0
[pid=1843991] ppid=1843921 vsize=101900 memory=88472 CPUtime=282.18 cores=28-29
/proc/1843991/stat : 1843991 (clingo) R 1843921 1843921 1843759 0 -1 0 21262 0 2 0 28213 5 0 0 20 0 1 0 923092861 104345600 22118 17179869184 93824992301056 93824992468925 140737488338416 0 0 0 134217728 4 25184771 0 0 0 17 28 0 0 0 0 0 93824992533936 93824992571272 93824992575488 140737488340183 140737488340354 140737488340354 140737488351170 0
/proc/1843991/statm: 25475 22118 2003 41 0 21554 0
Current children cumulated CPU time: 282.25 s
Current children cumulated vsize: 128808 KiB
Current children cumulated memory: 101928 KiB

[startup+342.3 s]
/proc/loadavg: 14.35 14.18 14.04 16/851 1845486
/proc/meminfo: memFree=385321764/528004524 swapFree=8388604/8388604
[pid=1843921] ppid=1843915 vsize=26908 memory=13456 CPUtime=0.07 cores=28-29
/proc/1843921/stat : 1843921 (perf) S 1843915 1843921 1843759 0 -1 0 1716 237 35 0 5 2 0 0 20 0 1 0 923092853 27553792 3364 17179869184 93824994299904 93824996572973 140737488338256 0 0 0 134217728 4 74274 1 0 0 17 28 0 0 0 0 0 93824998874888 93825001005840 93825001308160 140737488340073 140737488340470 140737488340470 140737488351179 0
/proc/1843921/statm: 6727 3364 2059 555 0 1769 0
[pid=1843991] ppid=1843921 vsize=107832 memory=94388 CPUtime=342.19 cores=28-29
/proc/1843991/stat : 1843991 (clingo) R 1843921 1843921 1843759 0 -1 0 22868 0 2 0 34213 6 0 0 20 0 1 0 923092861 110419968 23597 17179869184 93824992301056 93824992468925 140737488338416 0 0 0 134217728 4 25184771 0 0 0 17 28 0 0 0 0 0 93824992533936 93824992571272 93824992575488 140737488340183 140737488340354 140737488340354 140737488351170 0
/proc/1843991/statm: 26958 23597 2003 41 0 23037 0
Current children cumulated CPU time: 342.26 s
Current children cumulated vsize: 134740 KiB
Current children cumulated memory: 107844 KiB

[startup+402.3 s]
/proc/loadavg: 14.87 14.38 14.12 16/847 1845490
/proc/meminfo: memFree=385258812/528004524 swapFree=8388604/8388604
[pid=1843921] ppid=1843915 vsize=26908 memory=13456 CPUtime=0.07 cores=28-29
/proc/1843921/stat : 1843921 (perf) S 1843915 1843921 1843759 0 -1 0 1716 237 35 0 5 2 0 0 20 0 1 0 923092853 27553792 3364 17179869184 93824994299904 93824996572973 140737488338256 0 0 0 134217728 4 74274 1 0 0 17 28 0 0 0 0 0 93824998874888 93825001005840 93825001308160 140737488340073 140737488340470 140737488340470 140737488351179 0
/proc/1843921/statm: 6727 3364 2059 555 0 1769 0
[pid=1843991] ppid=1843921 vsize=114540 memory=100884 CPUtime=402.19 cores=28-29
/proc/1843991/stat : 1843991 (clingo) R 1843921 1843921 1843759 0 -1 0 24812 0 2 0 40212 7 0 0 20 0 1 0 923092861 117288960 25221 17179869184 93824992301056 93824992468925 140737488338416 0 0 0 134217728 4 25184771 0 0 0 17 28 0 0 0 0 0 93824992533936 93824992571272 93824992575488 140737488340183 140737488340354 140737488340354 140737488351170 0
/proc/1843991/statm: 28635 25221 2003 41 0 24714 0
Current children cumulated CPU time: 402.26 s
Current children cumulated vsize: 141448 KiB
Current children cumulated memory: 114340 KiB

[startup+462.3 s]
/proc/loadavg: 14.32 14.31 14.11 16/847 1845493
/proc/meminfo: memFree=385167856/528004524 swapFree=8388604/8388604
[pid=1843921] ppid=1843915 vsize=26908 memory=13456 CPUtime=0.07 cores=28-29
/proc/1843921/stat : 1843921 (perf) S 1843915 1843921 1843759 0 -1 0 1716 237 35 0 5 2 0 0 20 0 1 0 923092853 27553792 3364 17179869184 93824994299904 93824996572973 140737488338256 0 0 0 134217728 4 74274 1 0 0 17 28 0 0 0 0 0 93824998874888 93825001005840 93825001308160 140737488340073 140737488340470 140737488340470 140737488351179 0
/proc/1843921/statm: 6727 3364 2059 555 0 1769 0
[pid=1843991] ppid=1843921 vsize=120032 memory=105636 CPUtime=462.18 cores=28-29
/proc/1843991/stat : 1843991 (clingo) R 1843921 1843921 1843759 0 -1 0 26038 0 2 0 46211 7 0 0 20 0 1 0 923092861 122912768 26409 17179869184 93824992301056 93824992468925 140737488338416 0 0 0 134217728 4 25184771 0 0 0 17 28 0 0 0 0 0 93824992533936 93824992571272 93824992575488 140737488340183 140737488340354 140737488340354 140737488351170 0
/proc/1843991/statm: 30008 26409 2003 41 0 26087 0
Current children cumulated CPU time: 462.25 s
Current children cumulated vsize: 146940 KiB
Current children cumulated memory: 119092 KiB

[startup+522.3 s]
/proc/loadavg: 14.38 14.32 14.12 16/847 1845496
/proc/meminfo: memFree=385095832/528004524 swapFree=8388604/8388604
[pid=1843921] ppid=1843915 vsize=26908 memory=13456 CPUtime=0.07 cores=28-29
/proc/1843921/stat : 1843921 (perf) S 1843915 1843921 1843759 0 -1 0 1716 237 35 0 5 2 0 0 20 0 1 0 923092853 27553792 3364 17179869184 93824994299904 93824996572973 140737488338256 0 0 0 134217728 4 74274 1 0 0 17 28 0 0 0 0 0 93824998874888 93825001005840 93825001308160 140737488340073 140737488340470 140737488340470 140737488351179 0
/proc/1843921/statm: 6727 3364 2059 555 0 1769 0
[pid=1843991] ppid=1843921 vsize=128316 memory=112764 CPUtime=522.18 cores=28-29
/proc/1843991/stat : 1843991 (clingo) R 1843921 1843921 1843759 0 -1 0 27819 0 2 0 52211 7 0 0 20 0 1 0 923092861 131395584 28191 17179869184 93824992301056 93824992468925 140737488338416 0 0 0 134217728 4 25184771 0 0 0 17 28 0 0 0 0 0 93824992533936 93824992571272 93824992575488 140737488340183 140737488340354 140737488340354 140737488351170 0
/proc/1843991/statm: 32079 28191 2003 41 0 28158 0
Current children cumulated CPU time: 522.25 s
Current children cumulated vsize: 155224 KiB
Current children cumulated memory: 126220 KiB

[startup+582.3 s]
/proc/loadavg: 14.14 14.26 14.11 16/845 1845501
/proc/meminfo: memFree=385056284/528004524 swapFree=8388604/8388604
[pid=1843921] ppid=1843915 vsize=26908 memory=13456 CPUtime=0.07 cores=28-29
/proc/1843921/stat : 1843921 (perf) S 1843915 1843921 1843759 0 -1 0 1716 237 35 0 5 2 0 0 20 0 1 0 923092853 27553792 3364 17179869184 93824994299904 93824996572973 140737488338256 0 0 0 134217728 4 74274 1 0 0 17 28 0 0 0 0 0 93824998874888 93825001005840 93825001308160 140737488340073 140737488340470 140737488340470 140737488351179 0
/proc/1843921/statm: 6727 3364 2059 555 0 1769 0
[pid=1843991] ppid=1843921 vsize=132108 memory=116460 CPUtime=582.18 cores=28-29
/proc/1843991/stat : 1843991 (clingo) R 1843921 1843921 1843759 0 -1 0 28706 0 2 0 58211 7 0 0 20 0 1 0 923092861 135278592 29115 17179869184 93824992301056 93824992468925 140737488338416 0 0 0 134217728 4 25184771 0 0 0 17 28 0 0 0 0 0 93824992533936 93824992571272 93824992575488 140737488340183 140737488340354 140737488340354 140737488351170 0
/proc/1843991/statm: 33027 29115 2003 41 0 29106 0
Current children cumulated CPU time: 582.25 s
Current children cumulated vsize: 159016 KiB
Current children cumulated memory: 129916 KiB

[startup+642.3 s]
/proc/loadavg: 14.05 14.21 14.10 16/845 1845502
/proc/meminfo: memFree=384912440/528004524 swapFree=8388604/8388604
[pid=1843921] ppid=1843915 vsize=26908 memory=13456 CPUtime=0.07 cores=28-29
/proc/1843921/stat : 1843921 (perf) S 1843915 1843921 1843759 0 -1 0 1716 237 35 0 5 2 0 0 20 0 1 0 923092853 27553792 3364 17179869184 93824994299904 93824996572973 140737488338256 0 0 0 134217728 4 74274 1 0 0 17 28 0 0 0 0 0 93824998874888 93825001005840 93825001308160 140737488340073 140737488340470 140737488340470 140737488351179 0
/proc/1843921/statm: 6727 3364 2059 555 0 1769 0
[pid=1843991] ppid=1843921 vsize=134952 memory=119100 CPUtime=642.18 cores=28-29
/proc/1843991/stat : 1843991 (clingo) R 1843921 1843921 1843759 0 -1 0 29341 0 2 0 64211 7 0 0 20 0 1 0 923092861 138190848 29775 17179869184 93824992301056 93824992468925 140737488338416 0 0 0 134217728 4 25184771 0 0 0 17 28 0 0 0 0 0 93824992533936 93824992571272 93824992575488 140737488340183 140737488340354 140737488340354 140737488351170 0
/proc/1843991/statm: 33738 29775 2003 41 0 29817 0
Current children cumulated CPU time: 642.25 s
Current children cumulated vsize: 161860 KiB
Current children cumulated memory: 132556 KiB

[startup+702.3 s]
/proc/loadavg: 14.17 14.20 14.10 16/846 1845505
/proc/meminfo: memFree=384783432/528004524 swapFree=8388604/8388604
[pid=1843921] ppid=1843915 vsize=26908 memory=13456 CPUtime=0.07 cores=28-29
/proc/1843921/stat : 1843921 (perf) S 1843915 1843921 1843759 0 -1 0 1716 237 35 0 5 2 0 0 20 0 1 0 923092853 27553792 3364 17179869184 93824994299904 93824996572973 140737488338256 0 0 0 134217728 4 74274 1 0 0 17 28 0 0 0 0 0 93824998874888 93825001005840 93825001308160 140737488340073 140737488340470 140737488340470 140737488351179 0
/proc/1843921/statm: 6727 3364 2059 555 0 1769 0
[pid=1843991] ppid=1843921 vsize=140400 memory=123588 CPUtime=702.18 cores=28-29
/proc/1843991/stat : 1843991 (clingo) R 1843921 1843921 1843759 0 -1 0 30514 0 2 0 70210 8 0 0 20 0 1 0 923092861 143769600 30897 17179869184 93824992301056 93824992468925 140737488338416 0 0 0 134217728 4 25184771 0 0 0 17 28 0 0 0 0 0 93824992533936 93824992571272 93824992575488 140737488340183 140737488340354 140737488340354 140737488351170 0
/proc/1843991/statm: 35100 30897 2003 41 0 31179 0
Current children cumulated CPU time: 702.25 s
Current children cumulated vsize: 167308 KiB
Current children cumulated memory: 137044 KiB

[startup+762.3 s]
/proc/loadavg: 14.13 14.19 14.10 16/847 1845507
/proc/meminfo: memFree=384683904/528004524 swapFree=8388604/8388604
[pid=1843921] ppid=1843915 vsize=26908 memory=13456 CPUtime=0.07 cores=28-29
/proc/1843921/stat : 1843921 (perf) S 1843915 1843921 1843759 0 -1 0 1716 237 35 0 5 2 0 0 20 0 1 0 923092853 27553792 3364 17179869184 93824994299904 93824996572973 140737488338256 0 0 0 134217728 4 74274 1 0 0 17 28 0 0 0 0 0 93824998874888 93825001005840 93825001308160 140737488340073 140737488340470 140737488340470 140737488351179 0
/proc/1843921/statm: 6727 3364 2059 555 0 1769 0
[pid=1843991] ppid=1843921 vsize=144380 memory=127284 CPUtime=762.18 cores=28-29
/proc/1843991/stat : 1843991 (clingo) R 1843921 1843921 1843759 0 -1 0 31441 0 2 0 76210 8 0 0 20 0 1 0 923092861 147845120 31821 17179869184 93824992301056 93824992468925 140737488338416 0 0 0 134217728 4 25184771 0 0 0 17 28 0 0 0 0 0 93824992533936 93824992571272 93824992575488 140737488340183 140737488340354 140737488340354 140737488351170 0
/proc/1843991/statm: 36095 31821 2003 41 0 32174 0
Current children cumulated CPU time: 762.25 s
Current children cumulated vsize: 171288 KiB
Current children cumulated memory: 140740 KiB

[startup+822.3 s]
/proc/loadavg: 14.24 14.23 14.12 16/847 1845509
/proc/meminfo: memFree=384585876/528004524 swapFree=8388604/8388604
[pid=1843921] ppid=1843915 vsize=26908 memory=13456 CPUtime=0.07 cores=28-29
/proc/1843921/stat : 1843921 (perf) S 1843915 1843921 1843759 0 -1 0 1716 237 35 0 5 2 0 0 20 0 1 0 923092853 27553792 3364 17179869184 93824994299904 93824996572973 140737488338256 0 0 0 134217728 4 74274 1 0 0 17 28 0 0 0 0 0 93824998874888 93825001005840 93825001308160 140737488340073 140737488340470 140737488340470 140737488351179 0
/proc/1843921/statm: 6727 3364 2059 555 0 1769 0
[pid=1843991] ppid=1843921 vsize=147984 memory=130716 CPUtime=822.18 cores=28-29
/proc/1843991/stat : 1843991 (clingo) R 1843921 1843921 1843759 0 -1 0 32285 0 2 0 82210 8 0 0 20 0 1 0 923092861 151535616 32679 17179869184 93824992301056 93824992468925 140737488338416 0 0 0 134217728 4 25184771 0 0 0 17 28 0 0 0 0 0 93824992533936 93824992571272 93824992575488 140737488340183 140737488340354 140737488340354 140737488351170 0
/proc/1843991/statm: 36996 32679 2003 41 0 33075 0
Current children cumulated CPU time: 822.25 s
Current children cumulated vsize: 174892 KiB
Current children cumulated memory: 144172 KiB

[startup+882.3 s]
/proc/loadavg: 14.43 14.27 14.13 16/847 1845553
/proc/meminfo: memFree=384498688/528004524 swapFree=8388604/8388604
[pid=1843921] ppid=1843915 vsize=26908 memory=13456 CPUtime=0.07 cores=28-29
/proc/1843921/stat : 1843921 (perf) S 1843915 1843921 1843759 0 -1 0 1716 237 35 0 5 2 0 0 20 0 1 0 923092853 27553792 3364 17179869184 93824994299904 93824996572973 140737488338256 0 0 0 134217728 4 74274 1 0 0 17 28 0 0 0 0 0 93824998874888 93825001005840 93825001308160 140737488340073 140737488340470 140737488340470 140737488351179 0
/proc/1843921/statm: 6727 3364 2059 555 0 1769 0
[pid=1843991] ppid=1843921 vsize=154632 memory=136788 CPUtime=882.18 cores=28-29
/proc/1843991/stat : 1843991 (clingo) R 1843921 1843921 1843759 0 -1 0 33825 0 2 0 88210 8 0 0 20 0 1 0 923092861 158343168 34197 17179869184 93824992301056 93824992468925 140737488338416 0 0 0 134217728 4 25184771 0 0 0 17 28 0 0 0 0 0 93824992533936 93824992571272 93824992575488 140737488340183 140737488340354 140737488340354 140737488351170 0
/proc/1843991/statm: 38658 34197 2003 41 0 34737 0
Current children cumulated CPU time: 882.25 s
Current children cumulated vsize: 181540 KiB
Current children cumulated memory: 150244 KiB

[startup+942.3 s]
/proc/loadavg: 14.31 14.27 14.15 16/847 1845554
/proc/meminfo: memFree=384445552/528004524 swapFree=8388604/8388604
[pid=1843921] ppid=1843915 vsize=26908 memory=13456 CPUtime=0.07 cores=28-29
/proc/1843921/stat : 1843921 (perf) S 1843915 1843921 1843759 0 -1 0 1716 237 35 0 5 2 0 0 20 0 1 0 923092853 27553792 3364 17179869184 93824994299904 93824996572973 140737488338256 0 0 0 134217728 4 74274 1 0 0 17 28 0 0 0 0 0 93824998874888 93825001005840 93825001308160 140737488340073 140737488340470 140737488340470 140737488351179 0
/proc/1843921/statm: 6727 3364 2059 555 0 1769 0
[pid=1843991] ppid=1843921 vsize=156528 memory=138900 CPUtime=942.18 cores=28-29
/proc/1843991/stat : 1843991 (clingo) R 1843921 1843921 1843759 0 -1 0 34301 0 2 0 94210 8 0 0 20 0 1 0 923092861 160284672 34725 17179869184 93824992301056 93824992468925 140737488338416 0 0 0 134217728 4 25184771 0 0 0 17 28 0 0 0 0 0 93824992533936 93824992571272 93824992575488 140737488340183 140737488340354 140737488340354 140737488351170 0
/proc/1843991/statm: 39132 34725 2003 41 0 35211 0
Current children cumulated CPU time: 942.25 s
Current children cumulated vsize: 183436 KiB
Current children cumulated memory: 152356 KiB

[startup+1002.3 s]
/proc/loadavg: 14.11 14.22 14.13 16/847 1845555
/proc/meminfo: memFree=384256552/528004524 swapFree=8388604/8388604
[pid=1843921] ppid=1843915 vsize=26908 memory=13456 CPUtime=0.07 cores=28-29
/proc/1843921/stat : 1843921 (perf) S 1843915 1843921 1843759 0 -1 0 1716 237 35 0 5 2 0 0 20 0 1 0 923092853 27553792 3364 17179869184 93824994299904 93824996572973 140737488338256 0 0 0 134217728 4 74274 1 0 0 17 28 0 0 0 0 0 93824998874888 93825001005840 93825001308160 140737488340073 140737488340470 140737488340470 140737488351179 0
/proc/1843921/statm: 6727 3364 2059 555 0 1769 0
[pid=1843991] ppid=1843921 vsize=160144 memory=142068 CPUtime=1002.18 cores=28-29
/proc/1843991/stat : 1843991 (clingo) R 1843921 1843921 1843759 0 -1 0 35123 0 2 0 100210 8 0 0 20 0 1 0 923092861 163987456 35517 17179869184 93824992301056 93824992468925 140737488338416 0 0 0 134217728 4 25184771 0 0 0 17 28 0 0 0 0 0 93824992533936 93824992571272 93824992575488 140737488340183 140737488340354 140737488340354 140737488351170 0
/proc/1843991/statm: 40036 35517 2003 41 0 36115 0
Current children cumulated CPU time: 1002.25 s
Current children cumulated vsize: 187052 KiB
Current children cumulated memory: 155524 KiB

[startup+1062.3 s]
/proc/loadavg: 14.08 14.19 14.13 16/846 1845556
/proc/meminfo: memFree=384197332/528004524 swapFree=8388604/8388604
[pid=1843921] ppid=1843915 vsize=26908 memory=13456 CPUtime=0.07 cores=28-29
/proc/1843921/stat : 1843921 (perf) S 1843915 1843921 1843759 0 -1 0 1716 237 35 0 5 2 0 0 20 0 1 0 923092853 27553792 3364 17179869184 93824994299904 93824996572973 140737488338256 0 0 0 134217728 4 74274 1 0 0 17 28 0 0 0 0 0 93824998874888 93825001005840 93825001308160 140737488340073 140737488340470 140737488340470 140737488351179 0
/proc/1843921/statm: 6727 3364 2059 555 0 1769 0
[pid=1843991] ppid=1843921 vsize=162900 memory=144708 CPUtime=1062.18 cores=28-29
/proc/1843991/stat : 1843991 (clingo) R 1843921 1843921 1843759 0 -1 0 35775 0 2 0 106209 9 0 0 20 0 1 0 923092861 166809600 36177 17179869184 93824992301056 93824992468925 140737488338416 0 0 0 134217728 4 25184771 0 0 0 17 28 0 0 0 0 0 93824992533936 93824992571272 93824992575488 140737488340183 140737488340354 140737488340354 140737488351170 0
/proc/1843991/statm: 40725 36177 2003 41 0 36804 0
Current children cumulated CPU time: 1062.25 s
Current children cumulated vsize: 189808 KiB
Current children cumulated memory: 158164 KiB

[startup+1122.3 s]
/proc/loadavg: 14.03 14.16 14.12 16/846 1845558
/proc/meminfo: memFree=384131056/528004524 swapFree=8388604/8388604
[pid=1843921] ppid=1843915 vsize=26908 memory=13456 CPUtime=0.07 cores=28-29
/proc/1843921/stat : 1843921 (perf) S 1843915 1843921 1843759 0 -1 0 1716 237 35 0 5 2 0 0 20 0 1 0 923092853 27553792 3364 17179869184 93824994299904 93824996572973 140737488338256 0 0 0 134217728 4 74274 1 0 0 17 28 0 0 0 0 0 93824998874888 93825001005840 93825001308160 140737488340073 140737488340470 140737488340470 140737488351179 0
/proc/1843921/statm: 6727 3364 2059 555 0 1769 0
[pid=1843991] ppid=1843921 vsize=166040 memory=147612 CPUtime=1122.18 cores=28-29
/proc/1843991/stat : 1843991 (clingo) R 1843921 1843921 1843759 0 -1 0 36507 0 2 0 112209 9 0 0 20 0 1 0 923092861 170024960 36903 17179869184 93824992301056 93824992468925 140737488338416 0 0 0 134217728 4 25184771 0 0 0 17 28 0 0 0 0 0 93824992533936 93824992571272 93824992575488 140737488340183 140737488340354 140737488340354 140737488351170 0
/proc/1843991/statm: 41510 36903 2003 41 0 37589 0
Current children cumulated CPU time: 1122.25 s
Current children cumulated vsize: 192948 KiB
Current children cumulated memory: 161068 KiB

[startup+1182.3 s]
/proc/loadavg: 14.84 14.35 14.18 16/846 1845560
/proc/meminfo: memFree=384123264/528004524 swapFree=8388604/8388604
[pid=1843921] ppid=1843915 vsize=26908 memory=13456 CPUtime=0.07 cores=28-29
/proc/1843921/stat : 1843921 (perf) S 1843915 1843921 1843759 0 -1 0 1716 237 35 0 5 2 0 0 20 0 1 0 923092853 27553792 3364 17179869184 93824994299904 93824996572973 140737488338256 0 0 0 134217728 4 74274 1 0 0 17 28 0 0 0 0 0 93824998874888 93825001005840 93825001308160 140737488340073 140737488340470 140737488340470 140737488351179 0
/proc/1843921/statm: 6727 3364 2059 555 0 1769 0
[pid=1843991] ppid=1843921 vsize=170620 memory=151572 CPUtime=1182.18 cores=28-29
/proc/1843991/stat : 1843991 (clingo) R 1843921 1843921 1843759 0 -1 0 37478 0 2 0 118209 9 0 0 20 0 1 0 923092861 174714880 37893 17179869184 93824992301056 93824992468925 140737488338416 0 0 0 134217728 4 25184771 0 0 0 17 28 0 0 0 0 0 93824992533936 93824992571272 93824992575488 140737488340183 140737488340354 140737488340354 140737488351170 0
/proc/1843991/statm: 42655 37893 2003 41 0 38734 0
Current children cumulated CPU time: 1182.25 s
Current children cumulated vsize: 197528 KiB
Current children cumulated memory: 165028 KiB



Maximum wall clock time exceeded: sending SIGTERM then SIGKILL

[startup+1205 s]*
/proc/loadavg: 14.86 14.40 14.20 16/834 1845572
/proc/meminfo: memFree=384263916/528004524 swapFree=8388604/8388604
[pid=1843921] ppid=1843915 vsize=26908 memory=13456 CPUtime=0.07 cores=28-29
/proc/1843921/stat : 1843921 (perf) S 1843915 1843921 1843759 0 -1 0 1716 237 35 0 5 2 0 0 20 0 1 0 923092853 27553792 3364 17179869184 93824994299904 93824996572973 140737488338256 0 0 0 134217728 4 74274 1 0 0 17 28 0 0 0 0 0 93824998874888 93825001005840 93825001308160 140737488340073 140737488340470 140737488340470 140737488351179 0
/proc/1843921/statm: 6727 3364 2059 555 0 1769 0
[pid=1843991] ppid=1843921 vsize=172052 memory=152892 CPUtime=1204.9 cores=28-29
/proc/1843991/stat : 1843991 (clingo) R 1843921 1843921 1843759 0 -1 0 37813 0 2 0 120481 9 0 0 20 0 1 0 923092861 176181248 38223 17179869184 93824992301056 93824992468925 140737488338416 0 0 0 134217728 4 25184771 0 0 0 17 28 0 0 0 0 0 93824992533936 93824992571272 93824992575488 140737488340183 140737488340354 140737488340354 140737488351170 0
/proc/1843991/statm: 43013 38223 2003 41 0 39092 0
Current children cumulated CPU time: 1204.97 s
Current children cumulated vsize: 198960 KiB
Current children cumulated memory: 166348 KiB

Sending SIGINT to process tree (bottom up)
Sleeping 5 seconds

[startup+1205.03 s]
# the end of solver process 1843921 was just reported to runsolver
# cumulated CPU time of all completed processes:  user=1204.87 s, system=0.130152 s

Solver just ended.
??? end of watcher thread
Dumping a history of the last processes samples

Child status: 1
Real time (s): 1205.03
CPU time (s): 1205
CPU user time (s): 1204.87
CPU system time (s): 0.130152
CPU usage (%): 99.9978
Max. virtual memory (cumulated for all children) (KiB): 198960
Max. memory (cumulated for all children) (KiB): 166348

getrusage(RUSAGE_CHILDREN,...) data:
user time used= 1204.87
system time used= 0.130152
maximum resident set size= 153004
integral shared memory size= 0
integral unshared data size= 0
integral unshared stack size= 0
page reclaims= 39806
page faults= 37
swaps= 0
block input operations= 0
block output operations= 0
messages sent= 0
messages received= 0
signals received= 0
voluntary context switches= 102
involuntary context switches= 1117


# summary of solver processes directly reported to runsolver:
#   pid: 1843921
#   total CPU time (s): 1205
#   total CPU user time (s): 1204.87
#   total CPU system time (s): 0.130152

??? end of timestamper thread
runsolver used 9.46482 second user time and 17.273 second system time

The end
