runsolver version 3.4.0 (svn: 3018) Copyright (C) 2010-2013 Olivier ROUSSEL

This program is distributed in the hope that it will be useful,
but WITHOUT ANY WARRANTY; without even the implied warranty of
MERCHANTABILITY or FITNESS FOR A PARTICULAR PURPOSE.  See the
GNU General Public License for more details.

NUMA information:
  number of nodes: 2
  memory of node 0: 257635 MiB (178643 MiB free)
  memory of node 1: 257994 MiB (182870 MiB free)
  node distances:
     10  20
     20  10

command line: /dev/shm/3764081e-2e81-11f1-ac62-000c298f4621/input/runsolver -w /dev/shm/3764081e-2e81-11f1-ac62-000c298f4621/output/runsolver.log -v /dev/shm/3764081e-2e81-11f1-ac62-000c298f4621/output/varfile.log -W 1205 --rss-swap-limit 16384 -d 5 --sigint /usr/bin/perf stat -B -e task-clock,cache-references,cache-misses,cycles,instructions,branches,faults,migrations,context-switches -o /dev/shm/3764081e-2e81-11f1-ac62-000c298f4621/output/perf.log clingo /home/guests/mmacri/AMOSUM/benchmarks/GraphColouring/encoding-plain-amo.asp /dev/shm/3764081e-2e81-11f1-ac62-000c298f4621/input/0030-graph_colouring-135-0_5184.asp 

running on 2 cores: 10-11

Enforcing wall clock limit (soft limit, will send SIGTERM then SIGKILL): 1205 seconds
Enforcing RSS+Swap limit (soft limit, will send SIGTERM then SIGKILL): 16777216 KiB
Linux 5.15.0-131-generic
solver pid=329081, runsolver pid=329077
Current StackSize limit: 8192 KiB


[startup+0.100067 s]*
/proc/loadavg: 14.34 14.25 13.26 16/828 329093
/proc/meminfo: memFree=370178352/528004516 swapFree=8388604/8388604
[pid=329081] ppid=329077 vsize=26908 memory=13616 CPUtime=0.06 cores=10-11
/proc/329081/stat : 329081 (perf) S 329077 329081 328963 0 -1 0 1739 237 0 0 4 2 0 0 20 0 1 0 922980435 27553792 3404 17179869184 93824994299904 93824996572973 140737488338256 0 0 0 134217728 4 74274 1 0 0 17 10 0 0 0 0 0 93824998874888 93825001005840 93825001308160 140737488340074 140737488340471 140737488340471 140737488351179 0
/proc/329081/statm: 6727 3404 2099 555 0 1769 0
[pid=329092] ppid=329081 vsize=19440 memory=11020 CPUtime=0.02 cores=10-11
/proc/329092/stat : 329092 (clingo) R 329081 329081 328963 0 -1 0 1106 0 4 0 2 0 0 0 20 0 1 0 922980443 19906560 2755 17179869184 93824992301056 93824992468925 140737488338416 0 0 0 134217728 4 25184771 0 0 0 17 11 0 0 0 0 0 93824992533936 93824992571272 93824992575488 140737488340184 140737488340355 140737488340355 140737488351170 0
/proc/329092/statm: 4860 2755 2009 41 0 939 0
Current children cumulated CPU time: 0.08 s
Current children cumulated vsize: 46348 KiB
Current children cumulated memory: 24636 KiB

[startup+0.227033 s]*
/proc/loadavg: 14.34 14.25 13.26 18/828 329093
/proc/meminfo: memFree=370164080/528004516 swapFree=8388604/8388604
[pid=329081] ppid=329077 vsize=26908 memory=13616 CPUtime=0.06 cores=10-11
/proc/329081/stat : 329081 (perf) S 329077 329081 328963 0 -1 0 1739 237 0 0 4 2 0 0 20 0 1 0 922980435 27553792 3404 17179869184 93824994299904 93824996572973 140737488338256 0 0 0 134217728 4 74274 1 0 0 17 10 0 0 0 0 0 93824998874888 93825001005840 93825001308160 140737488340074 140737488340471 140737488340471 140737488351179 0
/proc/329081/statm: 6727 3404 2099 555 0 1769 0
[pid=329092] ppid=329081 vsize=25088 memory=16748 CPUtime=0.14 cores=10-11
/proc/329092/stat : 329092 (clingo) R 329081 329081 328963 0 -1 0 2508 0 4 0 14 0 0 0 20 0 1 0 922980443 25690112 4187 17179869184 93824992301056 93824992468925 140737488338416 0 0 0 134217728 4 25184771 0 0 0 17 11 0 0 0 0 0 93824992533936 93824992571272 93824992575488 140737488340184 140737488340355 140737488340355 140737488351170 0
/proc/329092/statm: 6272 4187 2060 41 0 2351 0
Current children cumulated CPU time: 0.2 s
Current children cumulated vsize: 51996 KiB
Current children cumulated memory: 30364 KiB

[startup+0.333577 s]*
/proc/loadavg: 14.34 14.25 13.26 16/826 329093
/proc/meminfo: memFree=370154504/528004516 swapFree=8388604/8388604
[pid=329081] ppid=329077 vsize=26908 memory=13616 CPUtime=0.06 cores=10-11
/proc/329081/stat : 329081 (perf) S 329077 329081 328963 0 -1 0 1739 237 0 0 4 2 0 0 20 0 1 0 922980435 27553792 3404 17179869184 93824994299904 93824996572973 140737488338256 0 0 0 134217728 4 74274 1 0 0 17 10 0 0 0 0 0 93824998874888 93825001005840 93825001308160 140737488340074 140737488340471 140737488340471 140737488351179 0
/proc/329081/statm: 6727 3404 2099 555 0 1769 0
[pid=329092] ppid=329081 vsize=26148 memory=18068 CPUtime=0.22 cores=10-11
/proc/329092/stat : 329092 (clingo) R 329081 329081 328963 0 -1 0 2790 0 4 0 22 0 0 0 20 0 1 0 922980443 26775552 4517 17179869184 93824992301056 93824992468925 140737488338416 0 0 0 134217728 4 25184771 0 0 0 17 11 0 0 0 0 0 93824992533936 93824992571272 93824992575488 140737488340184 140737488340355 140737488340355 140737488351170 0
/proc/329092/statm: 6537 4517 2060 41 0 2616 0
Current children cumulated CPU time: 0.28 s
Current children cumulated vsize: 53056 KiB
Current children cumulated memory: 31684 KiB

[startup+0.700317 s]
/proc/loadavg: 14.34 14.25 13.26 19/810 329132
/proc/meminfo: memFree=370137632/528004516 swapFree=8388604/8388604
[pid=329081] ppid=329077 vsize=26908 memory=13616 CPUtime=0.06 cores=10-11
/proc/329081/stat : 329081 (perf) S 329077 329081 328963 0 -1 0 1739 237 0 0 4 2 0 0 20 0 1 0 922980435 27553792 3404 17179869184 93824994299904 93824996572973 140737488338256 0 0 0 134217728 4 74274 1 0 0 17 10 0 0 0 0 0 93824998874888 93825001005840 93825001308160 140737488340074 140737488340471 140737488340471 140737488351179 0
/proc/329081/statm: 6727 3404 2099 555 0 1769 0
[pid=329092] ppid=329081 vsize=27868 memory=19652 CPUtime=0.52 cores=10-11
/proc/329092/stat : 329092 (clingo) R 329081 329081 328963 0 -1 0 3225 0 4 0 52 0 0 0 20 0 1 0 922980443 28536832 4913 17179869184 93824992301056 93824992468925 140737488338416 0 0 0 134217728 4 25184771 0 0 0 17 11 0 0 0 0 0 93824992533936 93824992571272 93824992575488 140737488340184 140737488340355 140737488340355 140737488351170 0
/proc/329092/statm: 6967 4913 2060 41 0 3046 0
Current children cumulated CPU time: 0.58 s
Current children cumulated vsize: 54776 KiB
Current children cumulated memory: 33268 KiB

[startup+1.50033 s]
/proc/loadavg: 14.34 14.25 13.26 16/829 329197
/proc/meminfo: memFree=370133152/528004516 swapFree=8388604/8388604
[pid=329081] ppid=329077 vsize=26908 memory=13616 CPUtime=0.06 cores=10-11
/proc/329081/stat : 329081 (perf) S 329077 329081 328963 0 -1 0 1739 237 0 0 4 2 0 0 20 0 1 0 922980435 27553792 3404 17179869184 93824994299904 93824996572973 140737488338256 0 0 0 134217728 4 74274 1 0 0 17 10 0 0 0 0 0 93824998874888 93825001005840 93825001308160 140737488340074 140737488340471 140737488340471 140737488351179 0
/proc/329081/statm: 6727 3404 2099 555 0 1769 0
[pid=329092] ppid=329081 vsize=30380 memory=22292 CPUtime=1.3 cores=10-11
/proc/329092/stat : 329092 (clingo) R 329081 329081 328963 0 -1 0 3836 0 4 0 130 0 0 0 20 0 1 0 922980443 31109120 5573 17179869184 93824992301056 93824992468925 140737488338416 0 0 0 134217728 4 25184771 0 0 0 17 10 0 0 0 0 0 93824992533936 93824992571272 93824992575488 140737488340184 140737488340355 140737488340355 140737488351170 0
/proc/329092/statm: 7595 5573 2060 41 0 3674 0
Current children cumulated CPU time: 1.36 s
Current children cumulated vsize: 57288 KiB
Current children cumulated memory: 35908 KiB

[startup+3.11932 s]
/proc/loadavg: 14.15 14.21 13.25 17/829 329403
/proc/meminfo: memFree=370284792/528004516 swapFree=8388604/8388604
[pid=329081] ppid=329077 vsize=26908 memory=13616 CPUtime=0.06 cores=10-11
/proc/329081/stat : 329081 (perf) S 329077 329081 328963 0 -1 0 1739 237 0 0 4 2 0 0 20 0 1 0 922980435 27553792 3404 17179869184 93824994299904 93824996572973 140737488338256 0 0 0 134217728 4 74274 1 0 0 17 10 0 0 0 0 0 93824998874888 93825001005840 93825001308160 140737488340074 140737488340471 140737488340471 140737488351179 0
/proc/329081/statm: 6727 3404 2099 555 0 1769 0
[pid=329092] ppid=329081 vsize=32824 memory=24404 CPUtime=2.92 cores=10-11
/proc/329092/stat : 329092 (clingo) R 329081 329081 328963 0 -1 0 4423 0 4 0 292 0 0 0 20 0 1 0 922980443 33611776 6101 17179869184 93824992301056 93824992468925 140737488338416 0 0 0 134217728 4 25184771 0 0 0 17 10 0 0 0 0 0 93824992533936 93824992571272 93824992575488 140737488340184 140737488340355 140737488340355 140737488351170 0
/proc/329092/statm: 8206 6101 2060 41 0 4285 0
Current children cumulated CPU time: 2.98 s
Current children cumulated vsize: 59732 KiB
Current children cumulated memory: 38020 KiB

[startup+6.30028 s]
/proc/loadavg: 14.15 14.21 13.25 16/829 329403
/proc/meminfo: memFree=370250788/528004516 swapFree=8388604/8388604
[pid=329081] ppid=329077 vsize=26908 memory=13616 CPUtime=0.06 cores=10-11
/proc/329081/stat : 329081 (perf) S 329077 329081 328963 0 -1 0 1739 237 0 0 4 2 0 0 20 0 1 0 922980435 27553792 3404 17179869184 93824994299904 93824996572973 140737488338256 0 0 0 134217728 4 74274 1 0 0 17 10 0 0 0 0 0 93824998874888 93825001005840 93825001308160 140737488340074 140737488340471 140737488340471 140737488351179 0
/proc/329081/statm: 6727 3404 2099 555 0 1769 0
[pid=329092] ppid=329081 vsize=35868 memory=27572 CPUtime=6.09 cores=10-11
/proc/329092/stat : 329092 (clingo) R 329081 329081 328963 0 -1 0 5191 0 4 0 609 0 0 0 20 0 1 0 922980443 36728832 6893 17179869184 93824992301056 93824992468925 140737488338416 0 0 0 134217728 4 25184771 0 0 0 17 10 0 0 0 0 0 93824992533936 93824992571272 93824992575488 140737488340184 140737488340355 140737488340355 140737488351170 0
/proc/329092/statm: 8967 6893 2060 41 0 5046 0
Current children cumulated CPU time: 6.15 s
Current children cumulated vsize: 62776 KiB
Current children cumulated memory: 41188 KiB

[startup+12.7003 s]
/proc/loadavg: 14.13 14.20 13.26 16/829 329403
/proc/meminfo: memFree=370195880/528004516 swapFree=8388604/8388604
[pid=329081] ppid=329077 vsize=26908 memory=13616 CPUtime=0.06 cores=10-11
/proc/329081/stat : 329081 (perf) S 329077 329081 328963 0 -1 0 1739 237 0 0 4 2 0 0 20 0 1 0 922980435 27553792 3404 17179869184 93824994299904 93824996572973 140737488338256 0 0 0 134217728 4 74274 1 0 0 17 10 0 0 0 0 0 93824998874888 93825001005840 93825001308160 140737488340074 140737488340471 140737488340471 140737488351179 0
/proc/329081/statm: 6727 3404 2099 555 0 1769 0
[pid=329092] ppid=329081 vsize=39992 memory=31268 CPUtime=12.49 cores=10-11
/proc/329092/stat : 329092 (clingo) R 329081 329081 328963 0 -1 0 6102 0 4 0 1249 0 0 0 20 0 1 0 922980443 40951808 7817 17179869184 93824992301056 93824992468925 140737488338416 0 0 0 134217728 4 25184771 0 0 0 17 10 0 0 0 0 0 93824992533936 93824992571272 93824992575488 140737488340184 140737488340355 140737488340355 140737488351170 0
/proc/329092/statm: 9998 7817 2060 41 0 6077 0
Current children cumulated CPU time: 12.55 s
Current children cumulated vsize: 66900 KiB
Current children cumulated memory: 44884 KiB

[startup+25.5003 s]
/proc/loadavg: 14.04 14.18 13.27 16/829 329506
/proc/meminfo: memFree=370224984/528004516 swapFree=8388604/8388604
[pid=329081] ppid=329077 vsize=26908 memory=13616 CPUtime=0.06 cores=10-11
/proc/329081/stat : 329081 (perf) S 329077 329081 328963 0 -1 0 1739 237 0 0 4 2 0 0 20 0 1 0 922980435 27553792 3404 17179869184 93824994299904 93824996572973 140737488338256 0 0 0 134217728 4 74274 1 0 0 17 10 0 0 0 0 0 93824998874888 93825001005840 93825001308160 140737488340074 140737488340471 140737488340471 140737488351179 0
/proc/329081/statm: 6727 3404 2099 555 0 1769 0
[pid=329092] ppid=329081 vsize=44792 memory=35492 CPUtime=25.29 cores=10-11
/proc/329092/stat : 329092 (clingo) R 329081 329081 328963 0 -1 0 7195 0 4 0 2529 0 0 0 20 0 1 0 922980443 45867008 8873 17179869184 93824992301056 93824992468925 140737488338416 0 0 0 134217728 4 25184771 0 0 0 17 10 0 0 0 0 0 93824992533936 93824992571272 93824992575488 140737488340184 140737488340355 140737488340355 140737488351170 0
/proc/329092/statm: 11198 8873 2060 41 0 7277 0
Current children cumulated CPU time: 25.35 s
Current children cumulated vsize: 71700 KiB
Current children cumulated memory: 49108 KiB

[startup+51.1194 s]
/proc/loadavg: 14.02 14.16 13.29 16/828 329507
/proc/meminfo: memFree=370116384/528004516 swapFree=8388604/8388604
[pid=329081] ppid=329077 vsize=26908 memory=13616 CPUtime=0.06 cores=10-11
/proc/329081/stat : 329081 (perf) S 329077 329081 328963 0 -1 0 1739 237 0 0 4 2 0 0 20 0 1 0 922980435 27553792 3404 17179869184 93824994299904 93824996572973 140737488338256 0 0 0 134217728 4 74274 1 0 0 17 10 0 0 0 0 0 93824998874888 93825001005840 93825001308160 140737488340074 140737488340471 140737488340471 140737488351179 0
/proc/329081/statm: 6727 3404 2099 555 0 1769 0
[pid=329092] ppid=329081 vsize=50716 memory=40772 CPUtime=50.92 cores=10-11
/proc/329092/stat : 329092 (clingo) R 329081 329081 328963 0 -1 0 8512 0 4 0 5091 1 0 0 20 0 1 0 922980443 51933184 10193 17179869184 93824992301056 93824992468925 140737488338416 0 0 0 134217728 4 25184771 0 0 0 17 10 0 0 0 0 0 93824992533936 93824992571272 93824992575488 140737488340184 140737488340355 140737488340355 140737488351170 0
/proc/329092/statm: 12679 10193 2060 41 0 8758 0
Current children cumulated CPU time: 50.98 s
Current children cumulated vsize: 77624 KiB
Current children cumulated memory: 54388 KiB

[startup+102.3 s]
/proc/loadavg: 14.22 14.21 13.36 16/829 329554
/proc/meminfo: memFree=369977880/528004516 swapFree=8388604/8388604
[pid=329081] ppid=329077 vsize=26908 memory=13616 CPUtime=0.06 cores=10-11
/proc/329081/stat : 329081 (perf) S 329077 329081 328963 0 -1 0 1739 237 0 0 4 2 0 0 20 0 1 0 922980435 27553792 3404 17179869184 93824994299904 93824996572973 140737488338256 0 0 0 134217728 4 74274 1 0 0 17 10 0 0 0 0 0 93824998874888 93825001005840 93825001308160 140737488340074 140737488340471 140737488340471 140737488351179 0
/proc/329081/statm: 6727 3404 2099 555 0 1769 0
[pid=329092] ppid=329081 vsize=60072 memory=49220 CPUtime=102.09 cores=10-11
/proc/329092/stat : 329092 (clingo) R 329081 329081 328963 0 -1 0 10628 0 4 0 10208 1 0 0 20 0 1 0 922980443 61513728 12305 17179869184 93824992301056 93824992468925 140737488338416 0 0 0 134217728 4 25184771 0 0 0 17 10 0 0 0 0 0 93824992533936 93824992571272 93824992575488 140737488340184 140737488340355 140737488340355 140737488351170 0
/proc/329092/statm: 15018 12305 2060 41 0 11097 0
Current children cumulated CPU time: 102.15 s
Current children cumulated vsize: 86980 KiB
Current children cumulated memory: 62836 KiB

[startup+162.3 s]
/proc/loadavg: 14.08 14.17 13.40 16/829 329557
/proc/meminfo: memFree=369874536/528004516 swapFree=8388604/8388604
[pid=329081] ppid=329077 vsize=26908 memory=13616 CPUtime=0.06 cores=10-11
/proc/329081/stat : 329081 (perf) S 329077 329081 328963 0 -1 0 1739 237 0 0 4 2 0 0 20 0 1 0 922980435 27553792 3404 17179869184 93824994299904 93824996572973 140737488338256 0 0 0 134217728 4 74274 1 0 0 17 10 0 0 0 0 0 93824998874888 93825001005840 93825001308160 140737488340074 140737488340471 140737488340471 140737488351179 0
/proc/329081/statm: 6727 3404 2099 555 0 1769 0
[pid=329092] ppid=329081 vsize=67896 memory=56612 CPUtime=162.1 cores=10-11
/proc/329092/stat : 329092 (clingo) R 329081 329081 328963 0 -1 0 12417 0 4 0 16208 2 0 0 20 0 1 0 922980443 69525504 14153 17179869184 93824992301056 93824992468925 140737488338416 0 0 0 134217728 4 25184771 0 0 0 17 10 0 0 0 0 0 93824992533936 93824992571272 93824992575488 140737488340184 140737488340355 140737488340355 140737488351170 0
/proc/329092/statm: 16974 14153 2060 41 0 13053 0
Current children cumulated CPU time: 162.16 s
Current children cumulated vsize: 94804 KiB
Current children cumulated memory: 70228 KiB

[startup+222.3 s]
/proc/loadavg: 14.03 14.14 13.44 16/829 329560
/proc/meminfo: memFree=369783772/528004516 swapFree=8388604/8388604
[pid=329081] ppid=329077 vsize=26908 memory=13616 CPUtime=0.06 cores=10-11
/proc/329081/stat : 329081 (perf) S 329077 329081 328963 0 -1 0 1739 237 0 0 4 2 0 0 20 0 1 0 922980435 27553792 3404 17179869184 93824994299904 93824996572973 140737488338256 0 0 0 134217728 4 74274 1 0 0 17 10 0 0 0 0 0 93824998874888 93825001005840 93825001308160 140737488340074 140737488340471 140737488340471 140737488351179 0
/proc/329081/statm: 6727 3404 2099 555 0 1769 0
[pid=329092] ppid=329081 vsize=73648 memory=62156 CPUtime=222.1 cores=10-11
/proc/329092/stat : 329092 (clingo) R 329081 329081 328963 0 -1 0 13822 0 4 0 22208 2 0 0 20 0 1 0 922980443 75415552 15539 17179869184 93824992301056 93824992468925 140737488338416 0 0 0 134217728 4 25184771 0 0 0 17 10 0 0 0 0 0 93824992533936 93824992571272 93824992575488 140737488340184 140737488340355 140737488340355 140737488351170 0
/proc/329092/statm: 18412 15539 2060 41 0 14491 0
Current children cumulated CPU time: 222.16 s
Current children cumulated vsize: 100556 KiB
Current children cumulated memory: 75772 KiB

[startup+282.3 s]
/proc/loadavg: 14.01 14.11 13.48 16/829 329563
/proc/meminfo: memFree=369707416/528004516 swapFree=8388604/8388604
[pid=329081] ppid=329077 vsize=26908 memory=13616 CPUtime=0.06 cores=10-11
/proc/329081/stat : 329081 (perf) S 329077 329081 328963 0 -1 0 1739 237 0 0 4 2 0 0 20 0 1 0 922980435 27553792 3404 17179869184 93824994299904 93824996572973 140737488338256 0 0 0 134217728 4 74274 1 0 0 17 10 0 0 0 0 0 93824998874888 93825001005840 93825001308160 140737488340074 140737488340471 140737488340471 140737488351179 0
/proc/329081/statm: 6727 3404 2099 555 0 1769 0
[pid=329092] ppid=329081 vsize=78572 memory=66908 CPUtime=282.1 cores=10-11
/proc/329092/stat : 329092 (clingo) R 329081 329081 328963 0 -1 0 15035 0 4 0 28207 3 0 0 20 0 1 0 922980443 80457728 16727 17179869184 93824992301056 93824992468925 140737488338416 0 0 0 134217728 4 25184771 0 0 0 17 10 0 0 0 0 0 93824992533936 93824992571272 93824992575488 140737488340184 140737488340355 140737488340355 140737488351170 0
/proc/329092/statm: 19643 16727 2060 41 0 15722 0
Current children cumulated CPU time: 282.16 s
Current children cumulated vsize: 105480 KiB
Current children cumulated memory: 80524 KiB

[startup+342.3 s]
/proc/loadavg: 15.51 14.52 13.66 16/810 329568
/proc/meminfo: memFree=369633488/528004516 swapFree=8388604/8388604
[pid=329081] ppid=329077 vsize=26908 memory=13616 CPUtime=0.06 cores=10-11
/proc/329081/stat : 329081 (perf) S 329077 329081 328963 0 -1 0 1739 237 0 0 4 2 0 0 20 0 1 0 922980435 27553792 3404 17179869184 93824994299904 93824996572973 140737488338256 0 0 0 134217728 4 74274 1 0 0 17 10 0 0 0 0 0 93824998874888 93825001005840 93825001308160 140737488340074 140737488340471 140737488340471 140737488351179 0
/proc/329081/statm: 6727 3404 2099 555 0 1769 0
[pid=329092] ppid=329081 vsize=83420 memory=71632 CPUtime=342.1 cores=10-11
/proc/329092/stat : 329092 (clingo) R 329081 329081 328963 0 -1 0 16692 0 4 0 34206 4 0 0 20 0 1 0 922980443 85422080 17908 17179869184 93824992301056 93824992468925 140737488338416 0 0 0 134217728 4 25184771 0 0 0 17 10 0 0 0 0 0 93824992533936 93824992571272 93824992575488 140737488340184 140737488340355 140737488340355 140737488351170 0
/proc/329092/statm: 20855 17908 2060 41 0 16934 0
Current children cumulated CPU time: 342.16 s
Current children cumulated vsize: 110328 KiB
Current children cumulated memory: 85248 KiB

[startup+402.3 s]
/proc/loadavg: 14.61 14.44 13.69 16/807 329570
/proc/meminfo: memFree=369570756/528004516 swapFree=8388604/8388604
[pid=329081] ppid=329077 vsize=26908 memory=13616 CPUtime=0.06 cores=10-11
/proc/329081/stat : 329081 (perf) S 329077 329081 328963 0 -1 0 1739 237 0 0 4 2 0 0 20 0 1 0 922980435 27553792 3404 17179869184 93824994299904 93824996572973 140737488338256 0 0 0 134217728 4 74274 1 0 0 17 10 0 0 0 0 0 93824998874888 93825001005840 93825001308160 140737488340074 140737488340471 140737488340471 140737488351179 0
/proc/329081/statm: 6727 3404 2099 555 0 1769 0
[pid=329092] ppid=329081 vsize=90284 memory=77440 CPUtime=402.1 cores=10-11
/proc/329092/stat : 329092 (clingo) R 329081 329081 328963 0 -1 0 18176 0 4 0 40205 5 0 0 20 0 1 0 922980443 92450816 19360 17179869184 93824992301056 93824992468925 140737488338416 0 0 0 134217728 4 25184771 0 0 0 17 10 0 0 0 0 0 93824992533936 93824992571272 93824992575488 140737488340184 140737488340355 140737488340355 140737488351170 0
/proc/329092/statm: 22571 19360 2060 41 0 18650 0
Current children cumulated CPU time: 402.16 s
Current children cumulated vsize: 117192 KiB
Current children cumulated memory: 91056 KiB

[startup+462.3 s]
/proc/loadavg: 14.22 14.35 13.71 16/808 329574
/proc/meminfo: memFree=369510580/528004516 swapFree=8388604/8388604
[pid=329081] ppid=329077 vsize=26908 memory=13616 CPUtime=0.06 cores=10-11
/proc/329081/stat : 329081 (perf) S 329077 329081 328963 0 -1 0 1739 237 0 0 4 2 0 0 20 0 1 0 922980435 27553792 3404 17179869184 93824994299904 93824996572973 140737488338256 0 0 0 134217728 4 74274 1 0 0 17 10 0 0 0 0 0 93824998874888 93825001005840 93825001308160 140737488340074 140737488340471 140737488340471 140737488351179 0
/proc/329081/statm: 6727 3404 2099 555 0 1769 0
[pid=329092] ppid=329081 vsize=96352 memory=82720 CPUtime=462.1 cores=10-11
/proc/329092/stat : 329092 (clingo) R 329081 329081 328963 0 -1 0 19465 0 4 0 46205 5 0 0 20 0 1 0 922980443 98664448 20680 17179869184 93824992301056 93824992468925 140737488338416 0 0 0 134217728 4 25184771 0 0 0 17 10 0 0 0 0 0 93824992533936 93824992571272 93824992575488 140737488340184 140737488340355 140737488340355 140737488351170 0
/proc/329092/statm: 24088 20680 2060 41 0 20167 0
Current children cumulated CPU time: 462.16 s
Current children cumulated vsize: 123260 KiB
Current children cumulated memory: 96336 KiB

[startup+522.3 s]
/proc/loadavg: 14.08 14.29 13.73 16/808 329578
/proc/meminfo: memFree=369469080/528004516 swapFree=8388604/8388604
[pid=329081] ppid=329077 vsize=26908 memory=13616 CPUtime=0.06 cores=10-11
/proc/329081/stat : 329081 (perf) S 329077 329081 328963 0 -1 0 1739 237 0 0 4 2 0 0 20 0 1 0 922980435 27553792 3404 17179869184 93824994299904 93824996572973 140737488338256 0 0 0 134217728 4 74274 1 0 0 17 10 0 0 0 0 0 93824998874888 93825001005840 93825001308160 140737488340074 140737488340471 140737488340471 140737488351179 0
/proc/329081/statm: 6727 3404 2099 555 0 1769 0
[pid=329092] ppid=329081 vsize=99956 memory=85888 CPUtime=522.1 cores=10-11
/proc/329092/stat : 329092 (clingo) R 329081 329081 328963 0 -1 0 20252 0 4 0 52205 5 0 0 20 0 1 0 922980443 102354944 21472 17179869184 93824992301056 93824992468925 140737488338416 0 0 0 134217728 4 25184771 0 0 0 17 10 0 0 0 0 0 93824992533936 93824992571272 93824992575488 140737488340184 140737488340355 140737488340355 140737488351170 0
/proc/329092/statm: 24989 21472 2060 41 0 21068 0
Current children cumulated CPU time: 522.16 s
Current children cumulated vsize: 126864 KiB
Current children cumulated memory: 99504 KiB

[startup+582.3 s]
/proc/loadavg: 14.37 14.31 13.78 16/809 329582
/proc/meminfo: memFree=369412416/528004516 swapFree=8388604/8388604
[pid=329081] ppid=329077 vsize=26908 memory=13616 CPUtime=0.06 cores=10-11
/proc/329081/stat : 329081 (perf) S 329077 329081 328963 0 -1 0 1739 237 0 0 4 2 0 0 20 0 1 0 922980435 27553792 3404 17179869184 93824994299904 93824996572973 140737488338256 0 0 0 134217728 4 74274 1 0 0 17 10 0 0 0 0 0 93824998874888 93825001005840 93825001308160 140737488340074 140737488340471 140737488340471 140737488351179 0
/proc/329081/statm: 6727 3404 2099 555 0 1769 0
[pid=329092] ppid=329081 vsize=101472 memory=87472 CPUtime=582.09 cores=10-11
/proc/329092/stat : 329092 (clingo) R 329081 329081 328963 0 -1 0 20658 0 4 0 58204 5 0 0 20 0 1 0 922980443 103907328 21868 17179869184 93824992301056 93824992468925 140737488338416 0 0 0 134217728 4 25184771 0 0 0 17 10 0 0 0 0 0 93824992533936 93824992571272 93824992575488 140737488340184 140737488340355 140737488340355 140737488351170 0
/proc/329092/statm: 25368 21868 2060 41 0 21447 0
Current children cumulated CPU time: 582.15 s
Current children cumulated vsize: 128380 KiB
Current children cumulated memory: 101088 KiB

[startup+642.3 s]
/proc/loadavg: 14.13 14.26 13.80 16/808 329585
/proc/meminfo: memFree=369372380/528004516 swapFree=8388604/8388604
[pid=329081] ppid=329077 vsize=26908 memory=13616 CPUtime=0.06 cores=10-11
/proc/329081/stat : 329081 (perf) S 329077 329081 328963 0 -1 0 1739 237 0 0 4 2 0 0 20 0 1 0 922980435 27553792 3404 17179869184 93824994299904 93824996572973 140737488338256 0 0 0 134217728 4 74274 1 0 0 17 10 0 0 0 0 0 93824998874888 93825001005840 93825001308160 140737488340074 140737488340471 140737488340471 140737488351179 0
/proc/329081/statm: 6727 3404 2099 555 0 1769 0
[pid=329092] ppid=329081 vsize=105780 memory=91168 CPUtime=642.09 cores=10-11
/proc/329092/stat : 329092 (clingo) R 329081 329081 328963 0 -1 0 21589 0 4 0 64204 5 0 0 20 0 1 0 922980443 108318720 22792 17179869184 93824992301056 93824992468925 140737488338416 0 0 0 134217728 4 25184771 0 0 0 17 10 0 0 0 0 0 93824992533936 93824992571272 93824992575488 140737488340184 140737488340355 140737488340355 140737488351170 0
/proc/329092/statm: 26445 22792 2060 41 0 22524 0
Current children cumulated CPU time: 642.15 s
Current children cumulated vsize: 132688 KiB
Current children cumulated memory: 104784 KiB

[startup+702.3 s]
/proc/loadavg: 14.05 14.21 13.81 16/809 329589
/proc/meminfo: memFree=369324028/528004516 swapFree=8388604/8388604
[pid=329081] ppid=329077 vsize=26908 memory=13616 CPUtime=0.06 cores=10-11
/proc/329081/stat : 329081 (perf) S 329077 329081 328963 0 -1 0 1739 237 0 0 4 2 0 0 20 0 1 0 922980435 27553792 3404 17179869184 93824994299904 93824996572973 140737488338256 0 0 0 134217728 4 74274 1 0 0 17 10 0 0 0 0 0 93824998874888 93825001005840 93825001308160 140737488340074 140737488340471 140737488340471 140737488351179 0
/proc/329081/statm: 6727 3404 2099 555 0 1769 0
[pid=329092] ppid=329081 vsize=112196 memory=97728 CPUtime=702.09 cores=10-11
/proc/329092/stat : 329092 (clingo) R 329081 329081 328963 0 -1 0 23852 0 4 0 70203 6 0 0 20 0 1 0 922980443 114888704 24432 17179869184 93824992301056 93824992468925 140737488338416 0 0 0 134217728 4 25184771 0 0 0 17 10 0 0 0 0 0 93824992533936 93824992571272 93824992575488 140737488340184 140737488340355 140737488340355 140737488351170 0
/proc/329092/statm: 28049 24432 2060 41 0 24128 0
Current children cumulated CPU time: 702.15 s
Current children cumulated vsize: 139104 KiB
Current children cumulated memory: 111344 KiB

[startup+762.3 s]
/proc/loadavg: 14.18 14.20 13.84 16/810 329592
/proc/meminfo: memFree=369277660/528004516 swapFree=8388604/8388604
[pid=329081] ppid=329077 vsize=26908 memory=13616 CPUtime=0.06 cores=10-11
/proc/329081/stat : 329081 (perf) S 329077 329081 328963 0 -1 0 1739 237 0 0 4 2 0 0 20 0 1 0 922980435 27553792 3404 17179869184 93824994299904 93824996572973 140737488338256 0 0 0 134217728 4 74274 1 0 0 17 10 0 0 0 0 0 93824998874888 93825001005840 93825001308160 140737488340074 140737488340471 140737488340471 140737488351179 0
/proc/329081/statm: 6727 3404 2099 555 0 1769 0
[pid=329092] ppid=329081 vsize=116460 memory=101420 CPUtime=762.09 cores=10-11
/proc/329092/stat : 329092 (clingo) R 329081 329081 328963 0 -1 0 24835 0 4 0 76203 6 0 0 20 0 1 0 922980443 119255040 25355 17179869184 93824992301056 93824992468925 140737488338416 0 0 0 134217728 4 25184771 0 0 0 17 10 0 0 0 0 0 93824992533936 93824992571272 93824992575488 140737488340184 140737488340355 140737488340355 140737488351170 0
/proc/329092/statm: 29115 25355 2060 41 0 25194 0
Current children cumulated CPU time: 762.15 s
Current children cumulated vsize: 143368 KiB
Current children cumulated memory: 115036 KiB

[startup+822.3 s]
/proc/loadavg: 15.30 14.52 13.97 16/810 329595
/proc/meminfo: memFree=369234836/528004516 swapFree=8388604/8388604
[pid=329081] ppid=329077 vsize=26908 memory=13616 CPUtime=0.06 cores=10-11
/proc/329081/stat : 329081 (perf) S 329077 329081 328963 0 -1 0 1739 237 0 0 4 2 0 0 20 0 1 0 922980435 27553792 3404 17179869184 93824994299904 93824996572973 140737488338256 0 0 0 134217728 4 74274 1 0 0 17 10 0 0 0 0 0 93824998874888 93825001005840 93825001308160 140737488340074 140737488340471 140737488340471 140737488351179 0
/proc/329081/statm: 6727 3404 2099 555 0 1769 0
[pid=329092] ppid=329081 vsize=120084 memory=105364 CPUtime=822.1 cores=10-11
/proc/329092/stat : 329092 (clingo) R 329081 329081 328963 0 -1 0 25989 0 4 0 82203 7 0 0 20 0 1 0 922980443 122966016 26341 17179869184 93824992301056 93824992468925 140737488338416 0 0 0 134217728 4 25184771 0 0 0 17 10 0 0 0 0 0 93824992533936 93824992571272 93824992575488 140737488340184 140737488340355 140737488340355 140737488351170 0
/proc/329092/statm: 30021 26341 2060 41 0 26100 0
Current children cumulated CPU time: 822.16 s
Current children cumulated vsize: 146992 KiB
Current children cumulated memory: 118980 KiB

[startup+882.3 s]
/proc/loadavg: 14.56 14.44 13.98 16/810 329598
/proc/meminfo: memFree=369192784/528004516 swapFree=8388604/8388604
[pid=329081] ppid=329077 vsize=26908 memory=13616 CPUtime=0.06 cores=10-11
/proc/329081/stat : 329081 (perf) S 329077 329081 328963 0 -1 0 1739 237 0 0 4 2 0 0 20 0 1 0 922980435 27553792 3404 17179869184 93824994299904 93824996572973 140737488338256 0 0 0 134217728 4 74274 1 0 0 17 10 0 0 0 0 0 93824998874888 93825001005840 93825001308160 140737488340074 140737488340471 140737488340471 140737488351179 0
/proc/329081/statm: 6727 3404 2099 555 0 1769 0
[pid=329092] ppid=329081 vsize=125368 memory=110532 CPUtime=882.1 cores=10-11
/proc/329092/stat : 329092 (clingo) R 329081 329081 328963 0 -1 0 27596 0 4 0 88203 7 0 0 20 0 1 0 922980443 128376832 27633 17179869184 93824992301056 93824992468925 140737488338416 0 0 0 134217728 4 25184771 0 0 0 17 10 0 0 0 0 0 93824992533936 93824992571272 93824992575488 140737488340184 140737488340355 140737488340355 140737488351170 0
/proc/329092/statm: 31342 27633 2060 41 0 27421 0
Current children cumulated CPU time: 882.16 s
Current children cumulated vsize: 152276 KiB
Current children cumulated memory: 124148 KiB

[startup+942.3 s]
/proc/loadavg: 14.31 14.40 14.00 16/810 329602
/proc/meminfo: memFree=369156528/528004516 swapFree=8388604/8388604
[pid=329081] ppid=329077 vsize=26908 memory=13616 CPUtime=0.06 cores=10-11
/proc/329081/stat : 329081 (perf) S 329077 329081 328963 0 -1 0 1739 237 0 0 4 2 0 0 20 0 1 0 922980435 27553792 3404 17179869184 93824994299904 93824996572973 140737488338256 0 0 0 134217728 4 74274 1 0 0 17 10 0 0 0 0 0 93824998874888 93825001005840 93825001308160 140737488340074 140737488340471 140737488340471 140737488351179 0
/proc/329081/statm: 6727 3404 2099 555 0 1769 0
[pid=329092] ppid=329081 vsize=127688 memory=113436 CPUtime=942.09 cores=10-11
/proc/329092/stat : 329092 (clingo) R 329081 329081 328963 0 -1 0 28265 0 4 0 94202 7 0 0 20 0 1 0 922980443 130752512 28359 17179869184 93824992301056 93824992468925 140737488338416 0 0 0 134217728 4 25184771 0 0 0 17 10 0 0 0 0 0 93824992533936 93824992571272 93824992575488 140737488340184 140737488340355 140737488340355 140737488351170 0
/proc/329092/statm: 31922 28359 2060 41 0 28001 0
Current children cumulated CPU time: 942.15 s
Current children cumulated vsize: 154596 KiB
Current children cumulated memory: 127052 KiB

[startup+1002.3 s]
/proc/loadavg: 14.11 14.32 14.00 16/809 329605
/proc/meminfo: memFree=369113184/528004516 swapFree=8388604/8388604
[pid=329081] ppid=329077 vsize=26908 memory=13616 CPUtime=0.06 cores=10-11
/proc/329081/stat : 329081 (perf) S 329077 329081 328963 0 -1 0 1739 237 0 0 4 2 0 0 20 0 1 0 922980435 27553792 3404 17179869184 93824994299904 93824996572973 140737488338256 0 0 0 134217728 4 74274 1 0 0 17 10 0 0 0 0 0 93824998874888 93825001005840 93825001308160 140737488340074 140737488340471 140737488340471 140737488351179 0
/proc/329081/statm: 6727 3404 2099 555 0 1769 0
[pid=329092] ppid=329081 vsize=132528 memory=118192 CPUtime=1002.09 cores=10-11
/proc/329092/stat : 329092 (clingo) R 329081 329081 328963 0 -1 0 29776 0 4 0 100202 7 0 0 20 0 1 0 922980443 135708672 29548 17179869184 93824992301056 93824992468925 140737488338416 0 0 0 134217728 4 25184771 0 0 0 17 10 0 0 0 0 0 93824992533936 93824992571272 93824992575488 140737488340184 140737488340355 140737488340355 140737488351170 0
/proc/329092/statm: 33132 29548 2060 41 0 29211 0
Current children cumulated CPU time: 1002.15 s
Current children cumulated vsize: 159436 KiB
Current children cumulated memory: 131808 KiB

[startup+1062.3 s]
/proc/loadavg: 14.04 14.26 14.00 16/808 329608
/proc/meminfo: memFree=369073636/528004516 swapFree=8388604/8388604
[pid=329081] ppid=329077 vsize=26908 memory=13616 CPUtime=0.06 cores=10-11
/proc/329081/stat : 329081 (perf) S 329077 329081 328963 0 -1 0 1739 237 0 0 4 2 0 0 20 0 1 0 922980435 27553792 3404 17179869184 93824994299904 93824996572973 140737488338256 0 0 0 134217728 4 74274 1 0 0 17 10 0 0 0 0 0 93824998874888 93825001005840 93825001308160 140737488340074 140737488340471 140737488340471 140737488351179 0
/proc/329081/statm: 6727 3404 2099 555 0 1769 0
[pid=329092] ppid=329081 vsize=136996 memory=122416 CPUtime=1062.09 cores=10-11
/proc/329092/stat : 329092 (clingo) R 329081 329081 328963 0 -1 0 30834 0 4 0 106202 7 0 0 20 0 1 0 922980443 140283904 30604 17179869184 93824992301056 93824992468925 140737488338416 0 0 0 134217728 4 25184771 0 0 0 17 10 0 0 0 0 0 93824992533936 93824992571272 93824992575488 140737488340184 140737488340355 140737488340355 140737488351170 0
/proc/329092/statm: 34249 30604 2060 41 0 30328 0
Current children cumulated CPU time: 1062.15 s
Current children cumulated vsize: 163904 KiB
Current children cumulated memory: 136032 KiB

[startup+1122.3 s]
/proc/loadavg: 14.04 14.23 14.00 16/809 329612
/proc/meminfo: memFree=369040676/528004516 swapFree=8388604/8388604
[pid=329081] ppid=329077 vsize=26908 memory=13616 CPUtime=0.06 cores=10-11
/proc/329081/stat : 329081 (perf) S 329077 329081 328963 0 -1 0 1739 237 0 0 4 2 0 0 20 0 1 0 922980435 27553792 3404 17179869184 93824994299904 93824996572973 140737488338256 0 0 0 134217728 4 74274 1 0 0 17 10 0 0 0 0 0 93824998874888 93825001005840 93825001308160 140737488340074 140737488340471 140737488340471 140737488351179 0
/proc/329081/statm: 6727 3404 2099 555 0 1769 0
[pid=329092] ppid=329081 vsize=138096 memory=123780 CPUtime=1122.09 cores=10-11
/proc/329092/stat : 329092 (clingo) R 329081 329081 328963 0 -1 0 31438 0 4 0 112202 7 0 0 20 0 1 0 922980443 141410304 30945 17179869184 93824992301056 93824992468925 140737488338416 0 0 0 134217728 4 25184771 0 0 0 17 10 0 0 0 0 0 93824992533936 93824992571272 93824992575488 140737488340184 140737488340355 140737488340355 140737488351170 0
/proc/329092/statm: 34524 30945 2060 41 0 30603 0
Current children cumulated CPU time: 1122.15 s
Current children cumulated vsize: 165004 KiB
Current children cumulated memory: 137396 KiB

[startup+1182.3 s]
/proc/loadavg: 14.01 14.18 14.00 16/810 329616
/proc/meminfo: memFree=369010940/528004516 swapFree=8388604/8388604
[pid=329081] ppid=329077 vsize=26908 memory=13616 CPUtime=0.06 cores=10-11
/proc/329081/stat : 329081 (perf) S 329077 329081 328963 0 -1 0 1739 237 0 0 4 2 0 0 20 0 1 0 922980435 27553792 3404 17179869184 93824994299904 93824996572973 140737488338256 0 0 0 134217728 4 74274 1 0 0 17 10 0 0 0 0 0 93824998874888 93825001005840 93825001308160 140737488340074 140737488340471 140737488340471 140737488351179 0
/proc/329081/statm: 6727 3404 2099 555 0 1769 0
[pid=329092] ppid=329081 vsize=144216 memory=128900 CPUtime=1182.09 cores=10-11
/proc/329092/stat : 329092 (clingo) R 329081 329081 328963 0 -1 0 32815 0 4 0 118202 7 0 0 20 0 1 0 922980443 147677184 32225 17179869184 93824992301056 93824992468925 140737488338416 0 0 0 134217728 4 25184771 0 0 0 17 10 0 0 0 0 0 93824992533936 93824992571272 93824992575488 140737488340184 140737488340355 140737488340355 140737488351170 0
/proc/329092/statm: 36054 32225 2060 41 0 32133 0
Current children cumulated CPU time: 1182.15 s
Current children cumulated vsize: 171124 KiB
Current children cumulated memory: 142516 KiB



Maximum wall clock time exceeded: sending SIGTERM then SIGKILL

[startup+1205 s]*
/proc/loadavg: 14.01 14.17 14.00 17/688 329883
/proc/meminfo: memFree=369728124/528004516 swapFree=8388604/8388604
[pid=329081] ppid=329077 vsize=26908 memory=13616 CPUtime=0.06 cores=10-11
/proc/329081/stat : 329081 (perf) S 329077 329081 328963 0 -1 0 1739 237 0 0 4 2 0 0 20 0 1 0 922980435 27553792 3404 17179869184 93824994299904 93824996572973 140737488338256 0 0 0 134217728 4 74274 1 0 0 17 10 0 0 0 0 0 93824998874888 93825001005840 93825001308160 140737488340074 140737488340471 140737488340471 140737488351179 0
/proc/329081/statm: 6727 3404 2099 555 0 1769 0
[pid=329092] ppid=329081 vsize=145656 memory=129956 CPUtime=1204.8 cores=10-11
/proc/329092/stat : 329092 (clingo) R 329081 329081 328963 0 -1 0 33115 0 4 0 120473 7 0 0 20 0 1 0 922980443 149151744 32489 17179869184 93824992301056 93824992468925 140737488338416 0 0 0 134217728 4 25184771 0 0 0 17 10 0 0 0 0 0 93824992533936 93824992571272 93824992575488 140737488340184 140737488340355 140737488340355 140737488351170 0
/proc/329092/statm: 36414 32489 2060 41 0 32493 0
Current children cumulated CPU time: 1204.86 s
Current children cumulated vsize: 172564 KiB
Current children cumulated memory: 143572 KiB

Sending SIGINT to process tree (bottom up)
Sleeping 5 seconds

[startup+1205.03 s]
# the end of solver process 329081 was just reported to runsolver
# cumulated CPU time of all completed processes:  user=1204.79 s, system=0.114867 s

Solver just ended.
??? end of watcher thread
Dumping a history of the last processes samples

Child status: 1
Real time (s): 1205.03
CPU time (s): 1204.91
CPU user time (s): 1204.79
CPU system time (s): 0.114867
CPU usage (%): 99.9903
Max. virtual memory (cumulated for all children) (KiB): 172564
Max. memory (cumulated for all children) (KiB): 143572

getrusage(RUSAGE_CHILDREN,...) data:
user time used= 1204.79
system time used= 0.114867
maximum resident set size= 130248
integral shared memory size= 0
integral unshared data size= 0
integral unshared stack size= 0
page reclaims= 35132
page faults= 4
swaps= 0
block input operations= 0
block output operations= 0
messages sent= 0
messages received= 0
signals received= 0
voluntary context switches= 20
involuntary context switches= 1118


# summary of solver processes directly reported to runsolver:
#   pid: 329081
#   total CPU time (s): 1204.91
#   total CPU user time (s): 1204.79
#   total CPU system time (s): 0.114867

??? end of timestamper thread
runsolver used 8.80238 second user time and 15.5843 second system time

The end
