runsolver version 3.4.0 (svn: 3018) Copyright (C) 2010-2013 Olivier ROUSSEL

This program is distributed in the hope that it will be useful,
but WITHOUT ANY WARRANTY; without even the implied warranty of
MERCHANTABILITY or FITNESS FOR A PARTICULAR PURPOSE.  See the
GNU General Public License for more details.

NUMA information:
  number of nodes: 2
  memory of node 0: 257635 MiB (188728 MiB free)
  memory of node 1: 257994 MiB (175903 MiB free)
  node distances:
     10  20
     20  10

command line: /dev/shm/37385606-2e81-11f1-ac62-000c298f4621/input/runsolver -w /dev/shm/37385606-2e81-11f1-ac62-000c298f4621/output/runsolver.log -v /dev/shm/37385606-2e81-11f1-ac62-000c298f4621/output/varfile.log -W 1205 --rss-swap-limit 16384 -d 5 --sigint /usr/bin/perf stat -B -e task-clock,cache-references,cache-misses,cycles,instructions,branches,faults,migrations,context-switches -o /dev/shm/37385606-2e81-11f1-ac62-000c298f4621/output/perf.log clingo /home/guests/mmacri/AMOSUM/benchmarks/GraphColouring/encoding-plain-amo.asp /dev/shm/37385606-2e81-11f1-ac62-000c298f4621/input/0007-graph_colouring-125-0_6000.asp 

running on 2 cores: 2-3

Enforcing wall clock limit (soft limit, will send SIGTERM then SIGKILL): 1205 seconds
Enforcing RSS+Swap limit (soft limit, will send SIGTERM then SIGKILL): 16777216 KiB
Linux 5.15.0-131-generic
solver pid=1605564, runsolver pid=1605563
Current StackSize limit: 8192 KiB


[startup+0.100072 s]*
/proc/loadavg: 14.24 14.28 10.53 15/842 1605568
/proc/meminfo: memFree=373365892/528004520 swapFree=8388604/8388604
[pid=1605564] ppid=1605563 vsize=26908 memory=13612 CPUtime=0.07 cores=2-3
/proc/1605564/stat : 1605564 (perf) S 1605563 1605564 1605522 0 -1 0 1738 237 0 0 6 1 0 0 20 0 1 0 922883461 27553792 3403 17179869184 93824994299904 93824996572973 140737488338256 0 0 0 134217728 4 74274 1 0 0 17 2 0 0 0 0 0 93824998874888 93825001005840 93825001308160 140737488340073 140737488340470 140737488340470 140737488351179 0
/proc/1605564/statm: 6727 3403 2098 555 0 1769 0
[pid=1605568] ppid=1605564 vsize=18916 memory=10736 CPUtime=0.02 cores=2-3
/proc/1605568/stat : 1605568 (clingo) R 1605564 1605564 1605522 0 -1 0 846 0 0 0 2 0 0 0 20 0 1 0 922883469 19369984 2684 17179869184 93824992301056 93824992468925 140737488338416 0 0 0 134217728 4 25184771 0 0 0 17 3 0 0 0 0 0 93824992533936 93824992571272 93824992575488 140737488340183 140737488340354 140737488340354 140737488351170 0
/proc/1605568/statm: 4729 2684 2044 41 0 808 0
Current children cumulated CPU time: 0.09 s
Current children cumulated vsize: 45824 KiB
Current children cumulated memory: 24348 KiB

[startup+0.218888 s]*
/proc/loadavg: 14.24 14.28 10.53 15/842 1605568
/proc/meminfo: memFree=373344724/528004520 swapFree=8388604/8388604
[pid=1605564] ppid=1605563 vsize=26908 memory=13612 CPUtime=0.07 cores=2-3
/proc/1605564/stat : 1605564 (perf) S 1605563 1605564 1605522 0 -1 0 1738 237 0 0 6 1 0 0 20 0 1 0 922883461 27553792 3403 17179869184 93824994299904 93824996572973 140737488338256 0 0 0 134217728 4 74274 1 0 0 17 2 0 0 0 0 0 93824998874888 93825001005840 93825001308160 140737488340073 140737488340470 140737488340470 140737488351179 0
/proc/1605564/statm: 6727 3403 2098 555 0 1769 0
[pid=1605568] ppid=1605564 vsize=23184 memory=15228 CPUtime=0.12 cores=2-3
/proc/1605568/stat : 1605568 (clingo) R 1605564 1605564 1605522 0 -1 0 1996 0 0 0 12 0 0 0 20 0 1 0 922883469 23740416 3807 17179869184 93824992301056 93824992468925 140737488338416 0 0 0 134217728 4 25184771 0 0 0 17 2 0 0 0 0 0 93824992533936 93824992571272 93824992575488 140737488340183 140737488340354 140737488340354 140737488351170 0
/proc/1605568/statm: 5796 3807 2089 41 0 1875 0
Current children cumulated CPU time: 0.19 s
Current children cumulated vsize: 50092 KiB
Current children cumulated memory: 28840 KiB

[startup+0.318749 s]*
/proc/loadavg: 14.24 14.28 10.53 15/842 1605568
/proc/meminfo: memFree=373328344/528004520 swapFree=8388604/8388604
[pid=1605564] ppid=1605563 vsize=26908 memory=13612 CPUtime=0.07 cores=2-3
/proc/1605564/stat : 1605564 (perf) S 1605563 1605564 1605522 0 -1 0 1738 237 0 0 6 1 0 0 20 0 1 0 922883461 27553792 3403 17179869184 93824994299904 93824996572973 140737488338256 0 0 0 134217728 4 74274 1 0 0 17 2 0 0 0 0 0 93824998874888 93825001005840 93825001308160 140737488340073 140737488340470 140737488340470 140737488351179 0
/proc/1605564/statm: 6727 3403 2098 555 0 1769 0
[pid=1605568] ppid=1605564 vsize=24240 memory=16284 CPUtime=0.22 cores=2-3
/proc/1605568/stat : 1605568 (clingo) R 1605564 1605564 1605522 0 -1 0 2269 0 0 0 21 1 0 0 20 0 1 0 922883469 24821760 4071 17179869184 93824992301056 93824992468925 140737488338416 0 0 0 134217728 4 25184771 0 0 0 17 2 0 0 0 0 0 93824992533936 93824992571272 93824992575488 140737488340183 140737488340354 140737488340354 140737488351170 0
/proc/1605568/statm: 6060 4071 2089 41 0 2139 0
Current children cumulated CPU time: 0.29 s
Current children cumulated vsize: 51148 KiB
Current children cumulated memory: 29896 KiB

[startup+0.700359 s]
/proc/loadavg: 14.22 14.28 10.55 15/842 1605568
/proc/meminfo: memFree=373295332/528004520 swapFree=8388604/8388604
[pid=1605564] ppid=1605563 vsize=26908 memory=13612 CPUtime=0.07 cores=2-3
/proc/1605564/stat : 1605564 (perf) S 1605563 1605564 1605522 0 -1 0 1738 237 0 0 6 1 0 0 20 0 1 0 922883461 27553792 3403 17179869184 93824994299904 93824996572973 140737488338256 0 0 0 134217728 4 74274 1 0 0 17 2 0 0 0 0 0 93824998874888 93825001005840 93825001308160 140737488340073 140737488340470 140737488340470 140737488351179 0
/proc/1605564/statm: 6727 3403 2098 555 0 1769 0
[pid=1605568] ppid=1605564 vsize=26112 memory=17868 CPUtime=0.58 cores=2-3
/proc/1605568/stat : 1605568 (clingo) R 1605564 1605564 1605522 0 -1 0 2710 0 0 0 57 1 0 0 20 0 1 0 922883469 26738688 4467 17179869184 93824992301056 93824992468925 140737488338416 0 0 0 134217728 4 25184771 0 0 0 17 2 0 0 0 0 0 93824992533936 93824992571272 93824992575488 140737488340183 140737488340354 140737488340354 140737488351170 0
/proc/1605568/statm: 6528 4467 2089 41 0 2607 0
Current children cumulated CPU time: 0.65 s
Current children cumulated vsize: 53020 KiB
Current children cumulated memory: 31480 KiB

[startup+1.50036 s]
/proc/loadavg: 14.22 14.28 10.55 17/842 1605568
/proc/meminfo: memFree=373236388/528004520 swapFree=8388604/8388604
[pid=1605564] ppid=1605563 vsize=26908 memory=13612 CPUtime=0.07 cores=2-3
/proc/1605564/stat : 1605564 (perf) S 1605563 1605564 1605522 0 -1 0 1738 237 0 0 6 1 0 0 20 0 1 0 922883461 27553792 3403 17179869184 93824994299904 93824996572973 140737488338256 0 0 0 134217728 4 74274 1 0 0 17 2 0 0 0 0 0 93824998874888 93825001005840 93825001308160 140737488340073 140737488340470 140737488340470 140737488351179 0
/proc/1605564/statm: 6727 3403 2098 555 0 1769 0
[pid=1605568] ppid=1605564 vsize=27892 memory=19716 CPUtime=1.38 cores=2-3
/proc/1605568/stat : 1605568 (clingo) R 1605564 1605564 1605522 0 -1 0 3144 0 0 0 137 1 0 0 20 0 1 0 922883469 28561408 4929 17179869184 93824992301056 93824992468925 140737488338416 0 0 0 134217728 4 25184771 0 0 0 17 2 0 0 0 0 0 93824992533936 93824992571272 93824992575488 140737488340183 140737488340354 140737488340354 140737488351170 0
/proc/1605568/statm: 6973 4929 2089 41 0 3052 0
Current children cumulated CPU time: 1.45 s
Current children cumulated vsize: 54800 KiB
Current children cumulated memory: 33328 KiB

[startup+3.11864 s]
/proc/loadavg: 14.22 14.28 10.55 17/842 1605568
/proc/meminfo: memFree=373110292/528004520 swapFree=8388604/8388604
[pid=1605564] ppid=1605563 vsize=26908 memory=13612 CPUtime=0.07 cores=2-3
/proc/1605564/stat : 1605564 (perf) S 1605563 1605564 1605522 0 -1 0 1738 237 0 0 6 1 0 0 20 0 1 0 922883461 27553792 3403 17179869184 93824994299904 93824996572973 140737488338256 0 0 0 134217728 4 74274 1 0 0 17 2 0 0 0 0 0 93824998874888 93825001005840 93825001308160 140737488340073 140737488340470 140737488340470 140737488351179 0
/proc/1605564/statm: 6727 3403 2098 555 0 1769 0
[pid=1605568] ppid=1605564 vsize=30432 memory=22092 CPUtime=3 cores=2-3
/proc/1605568/stat : 1605568 (clingo) R 1605564 1605564 1605522 0 -1 0 3728 0 0 0 299 1 0 0 20 0 1 0 922883469 31162368 5523 17179869184 93824992301056 93824992468925 140737488338416 0 0 0 134217728 4 25184771 0 0 0 17 2 0 0 0 0 0 93824992533936 93824992571272 93824992575488 140737488340183 140737488340354 140737488340354 140737488351170 0
/proc/1605568/statm: 7608 5523 2089 41 0 3687 0
Current children cumulated CPU time: 3.07 s
Current children cumulated vsize: 57340 KiB
Current children cumulated memory: 35704 KiB

[startup+6.30029 s]
/proc/loadavg: 14.20 14.27 10.57 15/842 1605568
/proc/meminfo: memFree=372854732/528004520 swapFree=8388604/8388604
[pid=1605564] ppid=1605563 vsize=26908 memory=13612 CPUtime=0.07 cores=2-3
/proc/1605564/stat : 1605564 (perf) S 1605563 1605564 1605522 0 -1 0 1738 237 0 0 6 1 0 0 20 0 1 0 922883461 27553792 3403 17179869184 93824994299904 93824996572973 140737488338256 0 0 0 134217728 4 74274 1 0 0 17 2 0 0 0 0 0 93824998874888 93825001005840 93825001308160 140737488340073 140737488340470 140737488340470 140737488351179 0
/proc/1605564/statm: 6727 3403 2098 555 0 1769 0
[pid=1605568] ppid=1605564 vsize=33156 memory=24468 CPUtime=6.18 cores=2-3
/proc/1605568/stat : 1605568 (clingo) R 1605564 1605564 1605522 0 -1 0 4344 0 0 0 617 1 0 0 20 0 1 0 922883469 33951744 6117 17179869184 93824992301056 93824992468925 140737488338416 0 0 0 134217728 4 25184771 0 0 0 17 2 0 0 0 0 0 93824992533936 93824992571272 93824992575488 140737488340183 140737488340354 140737488340354 140737488351170 0
/proc/1605568/statm: 8289 6117 2089 41 0 4368 0
Current children cumulated CPU time: 6.25 s
Current children cumulated vsize: 60064 KiB
Current children cumulated memory: 38080 KiB

[startup+12.7003 s]
/proc/loadavg: 14.18 14.27 10.59 16/842 1605568
/proc/meminfo: memFree=372325784/528004520 swapFree=8388604/8388604
[pid=1605564] ppid=1605563 vsize=26908 memory=13612 CPUtime=0.07 cores=2-3
/proc/1605564/stat : 1605564 (perf) S 1605563 1605564 1605522 0 -1 0 1738 237 0 0 6 1 0 0 20 0 1 0 922883461 27553792 3403 17179869184 93824994299904 93824996572973 140737488338256 0 0 0 134217728 4 74274 1 0 0 17 2 0 0 0 0 0 93824998874888 93825001005840 93825001308160 140737488340073 140737488340470 140737488340470 140737488351179 0
/proc/1605564/statm: 6727 3403 2098 555 0 1769 0
[pid=1605568] ppid=1605564 vsize=36500 memory=27636 CPUtime=12.58 cores=2-3
/proc/1605568/stat : 1605568 (clingo) R 1605564 1605564 1605522 0 -1 0 5097 0 0 0 1257 1 0 0 20 0 1 0 922883469 37376000 6909 17179869184 93824992301056 93824992468925 140737488338416 0 0 0 134217728 4 25184771 0 0 0 17 2 0 0 0 0 0 93824992533936 93824992571272 93824992575488 140737488340183 140737488340354 140737488340354 140737488351170 0
/proc/1605568/statm: 9125 6909 2089 41 0 5204 0
Current children cumulated CPU time: 12.65 s
Current children cumulated vsize: 63408 KiB
Current children cumulated memory: 41248 KiB

[startup+25.5004 s]
/proc/loadavg: 14.16 14.26 10.63 17/842 1605569
/proc/meminfo: memFree=371810676/528004520 swapFree=8388604/8388604
[pid=1605564] ppid=1605563 vsize=26908 memory=13612 CPUtime=0.07 cores=2-3
/proc/1605564/stat : 1605564 (perf) S 1605563 1605564 1605522 0 -1 0 1738 237 0 0 6 1 0 0 20 0 1 0 922883461 27553792 3403 17179869184 93824994299904 93824996572973 140737488338256 0 0 0 134217728 4 74274 1 0 0 17 2 0 0 0 0 0 93824998874888 93825001005840 93825001308160 140737488340073 140737488340470 140737488340470 140737488351179 0
/proc/1605564/statm: 6727 3403 2098 555 0 1769 0
[pid=1605568] ppid=1605564 vsize=40012 memory=30804 CPUtime=25.38 cores=2-3
/proc/1605568/stat : 1605568 (clingo) R 1605564 1605564 1605522 0 -1 0 5892 0 0 0 2536 2 0 0 20 0 1 0 922883469 40972288 7701 17179869184 93824992301056 93824992468925 140737488338416 0 0 0 134217728 4 25184771 0 0 0 17 2 0 0 0 0 0 93824992533936 93824992571272 93824992575488 140737488340183 140737488340354 140737488340354 140737488351170 0
/proc/1605568/statm: 10003 7701 2089 41 0 6082 0
Current children cumulated CPU time: 25.45 s
Current children cumulated vsize: 66920 KiB
Current children cumulated memory: 44416 KiB

[startup+51.1188 s]
/proc/loadavg: 14.28 14.28 10.75 17/842 1605569
/proc/meminfo: memFree=370588216/528004520 swapFree=8388604/8388604
[pid=1605564] ppid=1605563 vsize=26908 memory=13612 CPUtime=0.07 cores=2-3
/proc/1605564/stat : 1605564 (perf) S 1605563 1605564 1605522 0 -1 0 1738 237 0 0 6 1 0 0 20 0 1 0 922883461 27553792 3403 17179869184 93824994299904 93824996572973 140737488338256 0 0 0 134217728 4 74274 1 0 0 17 2 0 0 0 0 0 93824998874888 93825001005840 93825001308160 140737488340073 140737488340470 140737488340470 140737488351179 0
/proc/1605564/statm: 6727 3403 2098 555 0 1769 0
[pid=1605568] ppid=1605564 vsize=44708 memory=35292 CPUtime=51 cores=2-3
/proc/1605568/stat : 1605568 (clingo) R 1605564 1605564 1605522 0 -1 0 7035 0 0 0 5098 2 0 0 20 0 1 0 922883469 45780992 8823 17179869184 93824992301056 93824992468925 140737488338416 0 0 0 134217728 4 25184771 0 0 0 17 2 0 0 0 0 0 93824992533936 93824992571272 93824992575488 140737488340183 140737488340354 140737488340354 140737488351170 0
/proc/1605568/statm: 11177 8823 2089 41 0 7256 0
Current children cumulated CPU time: 51.07 s
Current children cumulated vsize: 71616 KiB
Current children cumulated memory: 48904 KiB

[startup+102.3 s]
/proc/loadavg: 14.12 14.24 10.92 15/843 1605571
/proc/meminfo: memFree=368770692/528004520 swapFree=8388604/8388604
[pid=1605564] ppid=1605563 vsize=26908 memory=13612 CPUtime=0.07 cores=2-3
/proc/1605564/stat : 1605564 (perf) S 1605563 1605564 1605522 0 -1 0 1738 237 0 0 6 1 0 0 20 0 1 0 922883461 27553792 3403 17179869184 93824994299904 93824996572973 140737488338256 0 0 0 134217728 4 74274 1 0 0 17 2 0 0 0 0 0 93824998874888 93825001005840 93825001308160 140737488340073 140737488340470 140737488340470 140737488351179 0
/proc/1605564/statm: 6727 3403 2098 555 0 1769 0
[pid=1605568] ppid=1605564 vsize=53180 memory=42948 CPUtime=102.18 cores=2-3
/proc/1605568/stat : 1605568 (clingo) R 1605564 1605564 1605522 0 -1 0 8944 0 0 0 10215 3 0 0 20 0 1 0 922883469 54456320 10737 17179869184 93824992301056 93824992468925 140737488338416 0 0 0 134217728 4 25184771 0 0 0 17 2 0 0 0 0 0 93824992533936 93824992571272 93824992575488 140737488340183 140737488340354 140737488340354 140737488351170 0
/proc/1605568/statm: 13295 10737 2089 41 0 9374 0
Current children cumulated CPU time: 102.25 s
Current children cumulated vsize: 80088 KiB
Current children cumulated memory: 56560 KiB

[startup+162.3 s]
/proc/loadavg: 14.11 14.21 11.12 16/843 1605572
/proc/meminfo: memFree=367660200/528004520 swapFree=8388604/8388604
[pid=1605564] ppid=1605563 vsize=26908 memory=13612 CPUtime=0.07 cores=2-3
/proc/1605564/stat : 1605564 (perf) S 1605563 1605564 1605522 0 -1 0 1738 237 0 0 6 1 0 0 20 0 1 0 922883461 27553792 3403 17179869184 93824994299904 93824996572973 140737488338256 0 0 0 134217728 4 74274 1 0 0 17 2 0 0 0 0 0 93824998874888 93825001005840 93825001308160 140737488340073 140737488340470 140737488340470 140737488351179 0
/proc/1605564/statm: 6727 3403 2098 555 0 1769 0
[pid=1605568] ppid=1605564 vsize=59904 memory=49284 CPUtime=162.18 cores=2-3
/proc/1605568/stat : 1605568 (clingo) R 1605564 1605564 1605522 0 -1 0 10532 0 0 0 16214 4 0 0 20 0 1 0 922883469 61341696 12321 17179869184 93824992301056 93824992468925 140737488338416 0 0 0 134217728 4 25184771 0 0 0 17 2 0 0 0 0 0 93824992533936 93824992571272 93824992575488 140737488340183 140737488340354 140737488340354 140737488351170 0
/proc/1605568/statm: 14976 12321 2089 41 0 11055 0
Current children cumulated CPU time: 162.25 s
Current children cumulated vsize: 86812 KiB
Current children cumulated memory: 62896 KiB

[startup+222.3 s]
/proc/loadavg: 14.32 14.23 11.33 16/843 1605575
/proc/meminfo: memFree=366802208/528004520 swapFree=8388604/8388604
[pid=1605564] ppid=1605563 vsize=26908 memory=13612 CPUtime=0.07 cores=2-3
/proc/1605564/stat : 1605564 (perf) S 1605563 1605564 1605522 0 -1 0 1738 237 0 0 6 1 0 0 20 0 1 0 922883461 27553792 3403 17179869184 93824994299904 93824996572973 140737488338256 0 0 0 134217728 4 74274 1 0 0 17 2 0 0 0 0 0 93824998874888 93825001005840 93825001308160 140737488340073 140737488340470 140737488340470 140737488351179 0
/proc/1605564/statm: 6727 3403 2098 555 0 1769 0
[pid=1605568] ppid=1605564 vsize=64268 memory=53508 CPUtime=222.18 cores=2-3
/proc/1605568/stat : 1605568 (clingo) R 1605564 1605564 1605522 0 -1 0 11562 0 0 0 22214 4 0 0 20 0 1 0 922883469 65810432 13377 17179869184 93824992301056 93824992468925 140737488338416 0 0 0 134217728 4 25184771 0 0 0 17 2 0 0 0 0 0 93824992533936 93824992571272 93824992575488 140737488340183 140737488340354 140737488340354 140737488351170 0
/proc/1605568/statm: 16067 13377 2089 41 0 12146 0
Current children cumulated CPU time: 222.25 s
Current children cumulated vsize: 91176 KiB
Current children cumulated memory: 67120 KiB

[startup+282.3 s]
/proc/loadavg: 14.22 14.22 11.51 15/843 1605576
/proc/meminfo: memFree=364920040/528004520 swapFree=8388604/8388604
[pid=1605564] ppid=1605563 vsize=26908 memory=13612 CPUtime=0.07 cores=2-3
/proc/1605564/stat : 1605564 (perf) S 1605563 1605564 1605522 0 -1 0 1738 237 0 0 6 1 0 0 20 0 1 0 922883461 27553792 3403 17179869184 93824994299904 93824996572973 140737488338256 0 0 0 134217728 4 74274 1 0 0 17 2 0 0 0 0 0 93824998874888 93825001005840 93825001308160 140737488340073 140737488340470 140737488340470 140737488351179 0
/proc/1605564/statm: 6727 3403 2098 555 0 1769 0
[pid=1605568] ppid=1605564 vsize=69580 memory=57996 CPUtime=282.17 cores=2-3
/proc/1605568/stat : 1605568 (clingo) R 1605564 1605564 1605522 0 -1 0 12735 0 0 0 28213 4 0 0 20 0 1 0 922883469 71249920 14499 17179869184 93824992301056 93824992468925 140737488338416 0 0 0 134217728 4 25184771 0 0 0 17 2 0 0 0 0 0 93824992533936 93824992571272 93824992575488 140737488340183 140737488340354 140737488340354 140737488351170 0
/proc/1605568/statm: 17395 14499 2089 41 0 13474 0
Current children cumulated CPU time: 282.24 s
Current children cumulated vsize: 96488 KiB
Current children cumulated memory: 71608 KiB

[startup+342.3 s]
/proc/loadavg: 14.08 14.18 11.67 15/821 1605579
/proc/meminfo: memFree=363636192/528004520 swapFree=8388604/8388604
[pid=1605564] ppid=1605563 vsize=26908 memory=13612 CPUtime=0.07 cores=2-3
/proc/1605564/stat : 1605564 (perf) S 1605563 1605564 1605522 0 -1 0 1738 237 0 0 6 1 0 0 20 0 1 0 922883461 27553792 3403 17179869184 93824994299904 93824996572973 140737488338256 0 0 0 134217728 4 74274 1 0 0 17 2 0 0 0 0 0 93824998874888 93825001005840 93825001308160 140737488340073 140737488340470 140737488340470 140737488351179 0
/proc/1605564/statm: 6727 3403 2098 555 0 1769 0
[pid=1605568] ppid=1605564 vsize=74700 memory=62484 CPUtime=342.17 cores=2-3
/proc/1605568/stat : 1605568 (clingo) R 1605564 1605564 1605522 0 -1 0 13826 0 0 0 34213 4 0 0 20 0 1 0 922883469 76492800 15621 17179869184 93824992301056 93824992468925 140737488338416 0 0 0 134217728 4 25184771 0 0 0 17 2 0 0 0 0 0 93824992533936 93824992571272 93824992575488 140737488340183 140737488340354 140737488340354 140737488351170 0
/proc/1605568/statm: 18675 15621 2089 41 0 14754 0
Current children cumulated CPU time: 342.24 s
Current children cumulated vsize: 101608 KiB
Current children cumulated memory: 76096 KiB

[startup+402.3 s]
/proc/loadavg: 14.11 14.16 11.82 15/819 1605581
/proc/meminfo: memFree=363326488/528004520 swapFree=8388604/8388604
[pid=1605564] ppid=1605563 vsize=26908 memory=13612 CPUtime=0.07 cores=2-3
/proc/1605564/stat : 1605564 (perf) S 1605563 1605564 1605522 0 -1 0 1738 237 0 0 6 1 0 0 20 0 1 0 922883461 27553792 3403 17179869184 93824994299904 93824996572973 140737488338256 0 0 0 134217728 4 74274 1 0 0 17 2 0 0 0 0 0 93824998874888 93825001005840 93825001308160 140737488340073 140737488340470 140737488340470 140737488351179 0
/proc/1605564/statm: 6727 3403 2098 555 0 1769 0
[pid=1605568] ppid=1605564 vsize=80200 memory=66972 CPUtime=402.17 cores=2-3
/proc/1605568/stat : 1605568 (clingo) R 1605564 1605564 1605522 0 -1 0 14978 0 0 0 40213 4 0 0 20 0 1 0 922883469 82124800 16743 17179869184 93824992301056 93824992468925 140737488338416 0 0 0 134217728 4 25184771 0 0 0 17 2 0 0 0 0 0 93824992533936 93824992571272 93824992575488 140737488340183 140737488340354 140737488340354 140737488351170 0
/proc/1605568/statm: 20050 16743 2089 41 0 16129 0
Current children cumulated CPU time: 402.24 s
Current children cumulated vsize: 107108 KiB
Current children cumulated memory: 80584 KiB

[startup+462.3 s]
/proc/loadavg: 15.49 14.64 12.14 15/819 1605582
/proc/meminfo: memFree=363103472/528004520 swapFree=8388604/8388604
[pid=1605564] ppid=1605563 vsize=26908 memory=13612 CPUtime=0.07 cores=2-3
/proc/1605564/stat : 1605564 (perf) S 1605563 1605564 1605522 0 -1 0 1738 237 0 0 6 1 0 0 20 0 1 0 922883461 27553792 3403 17179869184 93824994299904 93824996572973 140737488338256 0 0 0 134217728 4 74274 1 0 0 17 2 0 0 0 0 0 93824998874888 93825001005840 93825001308160 140737488340073 140737488340470 140737488340470 140737488351179 0
/proc/1605564/statm: 6727 3403 2098 555 0 1769 0
[pid=1605568] ppid=1605564 vsize=82476 memory=69348 CPUtime=462.17 cores=2-3
/proc/1605568/stat : 1605568 (clingo) R 1605564 1605564 1605522 0 -1 0 15560 0 0 0 46213 4 0 0 20 0 1 0 922883469 84455424 17337 17179869184 93824992301056 93824992468925 140737488338416 0 0 0 134217728 4 25184771 0 0 0 17 2 0 0 0 0 0 93824992533936 93824992571272 93824992575488 140737488340183 140737488340354 140737488340354 140737488351170 0
/proc/1605568/statm: 20619 17337 2089 41 0 16698 0
Current children cumulated CPU time: 462.24 s
Current children cumulated vsize: 109384 KiB
Current children cumulated memory: 82960 KiB

[startup+522.3 s]
/proc/loadavg: 14.84 14.64 12.30 15/819 1605583
/proc/meminfo: memFree=362646852/528004520 swapFree=8388604/8388604
[pid=1605564] ppid=1605563 vsize=26908 memory=13612 CPUtime=0.07 cores=2-3
/proc/1605564/stat : 1605564 (perf) S 1605563 1605564 1605522 0 -1 0 1738 237 0 0 6 1 0 0 20 0 1 0 922883461 27553792 3403 17179869184 93824994299904 93824996572973 140737488338256 0 0 0 134217728 4 74274 1 0 0 17 2 0 0 0 0 0 93824998874888 93825001005840 93825001308160 140737488340073 140737488340470 140737488340470 140737488351179 0
/proc/1605564/statm: 6727 3403 2098 555 0 1769 0
[pid=1605568] ppid=1605564 vsize=83616 memory=70668 CPUtime=522.17 cores=2-3
/proc/1605568/stat : 1605568 (clingo) R 1605564 1605564 1605522 0 -1 0 15911 0 0 0 52213 4 0 0 20 0 1 0 922883469 85622784 17667 17179869184 93824992301056 93824992468925 140737488338416 0 0 0 134217728 4 25184771 0 0 0 17 2 0 0 0 0 0 93824992533936 93824992571272 93824992575488 140737488340183 140737488340354 140737488340354 140737488351170 0
/proc/1605568/statm: 20904 17667 2089 41 0 16983 0
Current children cumulated CPU time: 522.24 s
Current children cumulated vsize: 110524 KiB
Current children cumulated memory: 84280 KiB

[startup+582.3 s]
/proc/loadavg: 14.40 14.55 12.42 15/819 1605588
/proc/meminfo: memFree=361469212/528004520 swapFree=8388604/8388604
[pid=1605564] ppid=1605563 vsize=26908 memory=13612 CPUtime=0.07 cores=2-3
/proc/1605564/stat : 1605564 (perf) S 1605563 1605564 1605522 0 -1 0 1738 237 0 0 6 1 0 0 20 0 1 0 922883461 27553792 3403 17179869184 93824994299904 93824996572973 140737488338256 0 0 0 134217728 4 74274 1 0 0 17 2 0 0 0 0 0 93824998874888 93825001005840 93825001308160 140737488340073 140737488340470 140737488340470 140737488351179 0
/proc/1605564/statm: 6727 3403 2098 555 0 1769 0
[pid=1605568] ppid=1605564 vsize=86216 memory=73572 CPUtime=582.17 cores=2-3
/proc/1605568/stat : 1605568 (clingo) R 1605564 1605564 1605522 0 -1 0 16589 0 0 0 58213 4 0 0 20 0 1 0 922883469 88285184 18393 17179869184 93824992301056 93824992468925 140737488338416 0 0 0 134217728 4 25184771 0 0 0 17 2 0 0 0 0 0 93824992533936 93824992571272 93824992575488 140737488340183 140737488340354 140737488340354 140737488351170 0
/proc/1605568/statm: 21554 18393 2089 41 0 17633 0
Current children cumulated CPU time: 582.24 s
Current children cumulated vsize: 113124 KiB
Current children cumulated memory: 87184 KiB

[startup+642.3 s]
/proc/loadavg: 14.15 14.45 12.52 15/819 1605590
/proc/meminfo: memFree=360067200/528004520 swapFree=8388604/8388604
[pid=1605564] ppid=1605563 vsize=26908 memory=13612 CPUtime=0.07 cores=2-3
/proc/1605564/stat : 1605564 (perf) S 1605563 1605564 1605522 0 -1 0 1738 237 0 0 6 1 0 0 20 0 1 0 922883461 27553792 3403 17179869184 93824994299904 93824996572973 140737488338256 0 0 0 134217728 4 74274 1 0 0 17 2 0 0 0 0 0 93824998874888 93825001005840 93825001308160 140737488340073 140737488340470 140737488340470 140737488351179 0
/proc/1605564/statm: 6727 3403 2098 555 0 1769 0
[pid=1605568] ppid=1605564 vsize=88400 memory=75684 CPUtime=642.17 cores=2-3
/proc/1605568/stat : 1605568 (clingo) R 1605564 1605564 1605522 0 -1 0 17125 0 0 0 64212 5 0 0 20 0 1 0 922883469 90521600 18921 17179869184 93824992301056 93824992468925 140737488338416 0 0 0 134217728 4 25184771 0 0 0 17 2 0 0 0 0 0 93824992533936 93824992571272 93824992575488 140737488340183 140737488340354 140737488340354 140737488351170 0
/proc/1605568/statm: 22100 18921 2089 41 0 18179 0
Current children cumulated CPU time: 642.24 s
Current children cumulated vsize: 115308 KiB
Current children cumulated memory: 89296 KiB

[startup+702.3 s]
/proc/loadavg: 14.50 14.51 12.67 15/819 1605591
/proc/meminfo: memFree=358890612/528004520 swapFree=8388604/8388604
[pid=1605564] ppid=1605563 vsize=26908 memory=13612 CPUtime=0.07 cores=2-3
/proc/1605564/stat : 1605564 (perf) S 1605563 1605564 1605522 0 -1 0 1738 237 0 0 6 1 0 0 20 0 1 0 922883461 27553792 3403 17179869184 93824994299904 93824996572973 140737488338256 0 0 0 134217728 4 74274 1 0 0 17 2 0 0 0 0 0 93824998874888 93825001005840 93825001308160 140737488340073 140737488340470 140737488340470 140737488351179 0
/proc/1605564/statm: 6727 3403 2098 555 0 1769 0
[pid=1605568] ppid=1605564 vsize=90204 memory=77532 CPUtime=702.17 cores=2-3
/proc/1605568/stat : 1605568 (clingo) R 1605564 1605564 1605522 0 -1 0 17627 0 0 0 70212 5 0 0 20 0 1 0 922883469 92368896 19383 17179869184 93824992301056 93824992468925 140737488338416 0 0 0 134217728 4 25184771 0 0 0 17 2 0 0 0 0 0 93824992533936 93824992571272 93824992575488 140737488340183 140737488340354 140737488340354 140737488351170 0
/proc/1605568/statm: 22551 19383 2089 41 0 18630 0
Current children cumulated CPU time: 702.24 s
Current children cumulated vsize: 117112 KiB
Current children cumulated memory: 91144 KiB

[startup+762.3 s]
/proc/loadavg: 14.18 14.42 12.75 15/819 1605592
/proc/meminfo: memFree=357755140/528004520 swapFree=8388604/8388604
[pid=1605564] ppid=1605563 vsize=26908 memory=13612 CPUtime=0.07 cores=2-3
/proc/1605564/stat : 1605564 (perf) S 1605563 1605564 1605522 0 -1 0 1738 237 0 0 6 1 0 0 20 0 1 0 922883461 27553792 3403 17179869184 93824994299904 93824996572973 140737488338256 0 0 0 134217728 4 74274 1 0 0 17 2 0 0 0 0 0 93824998874888 93825001005840 93825001308160 140737488340073 140737488340470 140737488340470 140737488351179 0
/proc/1605564/statm: 6727 3403 2098 555 0 1769 0
[pid=1605568] ppid=1605564 vsize=91540 memory=79116 CPUtime=762.17 cores=2-3
/proc/1605568/stat : 1605568 (clingo) R 1605564 1605564 1605522 0 -1 0 18015 0 0 0 76212 5 0 0 20 0 1 0 922883469 93736960 19779 17179869184 93824992301056 93824992468925 140737488338416 0 0 0 134217728 4 25184771 0 0 0 17 2 0 0 0 0 0 93824992533936 93824992571272 93824992575488 140737488340183 140737488340354 140737488340354 140737488351170 0
/proc/1605568/statm: 22885 19779 2089 41 0 18964 0
Current children cumulated CPU time: 762.24 s
Current children cumulated vsize: 118448 KiB
Current children cumulated memory: 92728 KiB

[startup+822.3 s]
/proc/loadavg: 14.39 14.42 12.86 15/819 1605595
/proc/meminfo: memFree=356651628/528004520 swapFree=8388604/8388604
[pid=1605564] ppid=1605563 vsize=26908 memory=13612 CPUtime=0.07 cores=2-3
/proc/1605564/stat : 1605564 (perf) S 1605563 1605564 1605522 0 -1 0 1738 237 0 0 6 1 0 0 20 0 1 0 922883461 27553792 3403 17179869184 93824994299904 93824996572973 140737488338256 0 0 0 134217728 4 74274 1 0 0 17 2 0 0 0 0 0 93824998874888 93825001005840 93825001308160 140737488340073 140737488340470 140737488340470 140737488351179 0
/proc/1605564/statm: 6727 3403 2098 555 0 1769 0
[pid=1605568] ppid=1605564 vsize=94508 memory=81756 CPUtime=822.17 cores=2-3
/proc/1605568/stat : 1605568 (clingo) R 1605564 1605564 1605522 0 -1 0 18652 0 0 0 82212 5 0 0 20 0 1 0 922883469 96776192 20439 17179869184 93824992301056 93824992468925 140737488338416 0 0 0 134217728 4 25184771 0 0 0 17 2 0 0 0 0 0 93824992533936 93824992571272 93824992575488 140737488340183 140737488340354 140737488340354 140737488351170 0
/proc/1605568/statm: 23627 20439 2089 41 0 19706 0
Current children cumulated CPU time: 822.24 s
Current children cumulated vsize: 121416 KiB
Current children cumulated memory: 95368 KiB

[startup+882.3 s]
/proc/loadavg: 14.17 14.35 12.94 15/819 1605597
/proc/meminfo: memFree=356136560/528004520 swapFree=8388604/8388604
[pid=1605564] ppid=1605563 vsize=26908 memory=13612 CPUtime=0.07 cores=2-3
/proc/1605564/stat : 1605564 (perf) S 1605563 1605564 1605522 0 -1 0 1738 237 0 0 6 1 0 0 20 0 1 0 922883461 27553792 3403 17179869184 93824994299904 93824996572973 140737488338256 0 0 0 134217728 4 74274 1 0 0 17 2 0 0 0 0 0 93824998874888 93825001005840 93825001308160 140737488340073 140737488340470 140737488340470 140737488351179 0
/proc/1605564/statm: 6727 3403 2098 555 0 1769 0
[pid=1605568] ppid=1605564 vsize=97388 memory=84396 CPUtime=882.17 cores=2-3
/proc/1605568/stat : 1605568 (clingo) R 1605564 1605564 1605522 0 -1 0 19283 0 0 0 88212 5 0 0 20 0 1 0 922883469 99725312 21099 17179869184 93824992301056 93824992468925 140737488338416 0 0 0 134217728 4 25184771 0 0 0 17 2 0 0 0 0 0 93824992533936 93824992571272 93824992575488 140737488340183 140737488340354 140737488340354 140737488351170 0
/proc/1605568/statm: 24347 21099 2089 41 0 20426 0
Current children cumulated CPU time: 882.24 s
Current children cumulated vsize: 124296 KiB
Current children cumulated memory: 98008 KiB

[startup+942.3 s]
/proc/loadavg: 14.15 14.32 13.02 15/819 1605598
/proc/meminfo: memFree=355858604/528004520 swapFree=8388604/8388604
[pid=1605564] ppid=1605563 vsize=26908 memory=13612 CPUtime=0.07 cores=2-3
/proc/1605564/stat : 1605564 (perf) S 1605563 1605564 1605522 0 -1 0 1738 237 0 0 6 1 0 0 20 0 1 0 922883461 27553792 3403 17179869184 93824994299904 93824996572973 140737488338256 0 0 0 134217728 4 74274 1 0 0 17 2 0 0 0 0 0 93824998874888 93825001005840 93825001308160 140737488340073 140737488340470 140737488340470 140737488351179 0
/proc/1605564/statm: 6727 3403 2098 555 0 1769 0
[pid=1605568] ppid=1605564 vsize=100844 memory=87036 CPUtime=942.16 cores=2-3
/proc/1605568/stat : 1605568 (clingo) R 1605564 1605564 1605522 0 -1 0 19962 0 0 0 94211 5 0 0 20 0 1 0 922883469 103264256 21759 17179869184 93824992301056 93824992468925 140737488338416 0 0 0 134217728 4 25184771 0 0 0 17 2 0 0 0 0 0 93824992533936 93824992571272 93824992575488 140737488340183 140737488340354 140737488340354 140737488351170 0
/proc/1605568/statm: 25211 21759 2089 41 0 21290 0
Current children cumulated CPU time: 942.23 s
Current children cumulated vsize: 127752 KiB
Current children cumulated memory: 100648 KiB

[startup+1002.3 s]
/proc/loadavg: 14.05 14.26 13.08 15/819 1605600
/proc/meminfo: memFree=355728096/528004520 swapFree=8388604/8388604
[pid=1605564] ppid=1605563 vsize=26908 memory=13612 CPUtime=0.07 cores=2-3
/proc/1605564/stat : 1605564 (perf) S 1605563 1605564 1605522 0 -1 0 1738 237 0 0 6 1 0 0 20 0 1 0 922883461 27553792 3403 17179869184 93824994299904 93824996572973 140737488338256 0 0 0 134217728 4 74274 1 0 0 17 2 0 0 0 0 0 93824998874888 93825001005840 93825001308160 140737488340073 140737488340470 140737488340470 140737488351179 0
/proc/1605564/statm: 6727 3403 2098 555 0 1769 0
[pid=1605568] ppid=1605564 vsize=102572 memory=88620 CPUtime=1002.16 cores=2-3
/proc/1605568/stat : 1605568 (clingo) R 1605564 1605564 1605522 0 -1 0 20381 0 0 0 100211 5 0 0 20 0 1 0 922883469 105033728 22155 17179869184 93824992301056 93824992468925 140737488338416 0 0 0 134217728 4 25184771 0 0 0 17 2 0 0 0 0 0 93824992533936 93824992571272 93824992575488 140737488340183 140737488340354 140737488340354 140737488351170 0
/proc/1605568/statm: 25643 22155 2089 41 0 21722 0
Current children cumulated CPU time: 1002.23 s
Current children cumulated vsize: 129480 KiB
Current children cumulated memory: 102232 KiB

[startup+1062.3 s]
/proc/loadavg: 14.06 14.22 13.15 15/819 1605602
/proc/meminfo: memFree=355716792/528004520 swapFree=8388604/8388604
[pid=1605564] ppid=1605563 vsize=26908 memory=13612 CPUtime=0.07 cores=2-3
/proc/1605564/stat : 1605564 (perf) S 1605563 1605564 1605522 0 -1 0 1738 237 0 0 6 1 0 0 20 0 1 0 922883461 27553792 3403 17179869184 93824994299904 93824996572973 140737488338256 0 0 0 134217728 4 74274 1 0 0 17 2 0 0 0 0 0 93824998874888 93825001005840 93825001308160 140737488340073 140737488340470 140737488340470 140737488351179 0
/proc/1605564/statm: 6727 3403 2098 555 0 1769 0
[pid=1605568] ppid=1605564 vsize=106028 memory=91524 CPUtime=1062.16 cores=2-3
/proc/1605568/stat : 1605568 (clingo) R 1605564 1605564 1605522 0 -1 0 21079 0 0 0 106211 5 0 0 20 0 1 0 922883469 108572672 22881 17179869184 93824992301056 93824992468925 140737488338416 0 0 0 134217728 4 25184771 0 0 0 17 2 0 0 0 0 0 93824992533936 93824992571272 93824992575488 140737488340183 140737488340354 140737488340354 140737488351170 0
/proc/1605568/statm: 26507 22881 2089 41 0 22586 0
Current children cumulated CPU time: 1062.23 s
Current children cumulated vsize: 132936 KiB
Current children cumulated memory: 105136 KiB

[startup+1122.3 s]
/proc/loadavg: 14.10 14.20 13.21 15/819 1605604
/proc/meminfo: memFree=355595664/528004520 swapFree=8388604/8388604
[pid=1605564] ppid=1605563 vsize=26908 memory=13612 CPUtime=0.07 cores=2-3
/proc/1605564/stat : 1605564 (perf) S 1605563 1605564 1605522 0 -1 0 1738 237 0 0 6 1 0 0 20 0 1 0 922883461 27553792 3403 17179869184 93824994299904 93824996572973 140737488338256 0 0 0 134217728 4 74274 1 0 0 17 2 0 0 0 0 0 93824998874888 93825001005840 93825001308160 140737488340073 140737488340470 140737488340470 140737488351179 0
/proc/1605564/statm: 6727 3403 2098 555 0 1769 0
[pid=1605568] ppid=1605564 vsize=109196 memory=94164 CPUtime=1122.16 cores=2-3
/proc/1605568/stat : 1605568 (clingo) R 1605564 1605564 1605522 0 -1 0 21773 0 0 0 112211 5 0 0 20 0 1 0 922883469 111816704 23541 17179869184 93824992301056 93824992468925 140737488338416 0 0 0 134217728 4 25184771 0 0 0 17 2 0 0 0 0 0 93824992533936 93824992571272 93824992575488 140737488340183 140737488340354 140737488340354 140737488351170 0
/proc/1605568/statm: 27299 23541 2089 41 0 23378 0
Current children cumulated CPU time: 1122.23 s
Current children cumulated vsize: 136104 KiB
Current children cumulated memory: 107776 KiB

[startup+1182.3 s]
/proc/loadavg: 14.19 14.22 13.28 15/819 1605607
/proc/meminfo: memFree=355434416/528004520 swapFree=8388604/8388604
[pid=1605564] ppid=1605563 vsize=26908 memory=13612 CPUtime=0.07 cores=2-3
/proc/1605564/stat : 1605564 (perf) S 1605563 1605564 1605522 0 -1 0 1738 237 0 0 6 1 0 0 20 0 1 0 922883461 27553792 3403 17179869184 93824994299904 93824996572973 140737488338256 0 0 0 134217728 4 74274 1 0 0 17 2 0 0 0 0 0 93824998874888 93825001005840 93825001308160 140737488340073 140737488340470 140737488340470 140737488351179 0
/proc/1605564/statm: 6727 3403 2098 555 0 1769 0
[pid=1605568] ppid=1605564 vsize=110924 memory=95748 CPUtime=1182.17 cores=2-3
/proc/1605568/stat : 1605568 (clingo) R 1605564 1605564 1605522 0 -1 0 22139 0 0 0 118211 6 0 0 20 0 1 0 922883469 113586176 23937 17179869184 93824992301056 93824992468925 140737488338416 0 0 0 134217728 4 25184771 0 0 0 17 2 0 0 0 0 0 93824992533936 93824992571272 93824992575488 140737488340183 140737488340354 140737488340354 140737488351170 0
/proc/1605568/statm: 27731 23937 2089 41 0 23810 0
Current children cumulated CPU time: 1182.24 s
Current children cumulated vsize: 137832 KiB
Current children cumulated memory: 109360 KiB



Maximum wall clock time exceeded: sending SIGTERM then SIGKILL

[startup+1205 s]*
/proc/loadavg: 14.29 14.24 13.31 15/832 1607282
/proc/meminfo: memFree=374012692/528004520 swapFree=8388604/8388604
[pid=1605564] ppid=1605563 vsize=26908 memory=13612 CPUtime=0.07 cores=2-3
/proc/1605564/stat : 1605564 (perf) S 1605563 1605564 1605522 0 -1 0 1738 237 0 0 6 1 0 0 20 0 1 0 922883461 27553792 3403 17179869184 93824994299904 93824996572973 140737488338256 0 0 0 134217728 4 74274 1 0 0 17 2 0 0 0 0 0 93824998874888 93825001005840 93825001308160 140737488340073 140737488340470 140737488340470 140737488351179 0
/proc/1605564/statm: 6727 3403 2098 555 0 1769 0
[pid=1605568] ppid=1605564 vsize=111212 memory=96012 CPUtime=1204.88 cores=2-3
/proc/1605568/stat : 1605568 (clingo) R 1605564 1605564 1605522 0 -1 0 22230 0 0 0 120482 6 0 0 20 0 1 0 922883469 113881088 24003 17179869184 93824992301056 93824992468925 140737488338416 0 0 0 134217728 4 25184771 0 0 0 17 2 0 0 0 0 0 93824992533936 93824992571272 93824992575488 140737488340183 140737488340354 140737488340354 140737488351170 0
/proc/1605568/statm: 27803 24003 2089 41 0 23882 0
Current children cumulated CPU time: 1204.95 s
Current children cumulated vsize: 138120 KiB
Current children cumulated memory: 109624 KiB

Sending SIGINT to process tree (bottom up)
Sleeping 5 seconds

[startup+1205.02 s]
# the end of solver process 1605564 was just reported to runsolver
# cumulated CPU time of all completed processes:  user=1204.9 s, system=0.079832 s

Solver just ended.
??? end of watcher thread
Dumping a history of the last processes samples

Child status: 1
Real time (s): 1205.02
CPU time (s): 1204.98
CPU user time (s): 1204.9
CPU system time (s): 0.079832
CPU usage (%): 99.9963
Max. virtual memory (cumulated for all children) (KiB): 138120
Max. memory (cumulated for all children) (KiB): 109624

getrusage(RUSAGE_CHILDREN,...) data:
user time used= 1204.9
system time used= 0.079832
maximum resident set size= 96220
integral shared memory size= 0
integral unshared data size= 0
integral unshared stack size= 0
page reclaims= 24245
page faults= 0
swaps= 0
block input operations= 0
block output operations= 0
messages sent= 0
messages received= 0
signals received= 0
voluntary context switches= 18
involuntary context switches= 1884


# summary of solver processes directly reported to runsolver:
#   pid: 1605564
#   total CPU time (s): 1204.98
#   total CPU user time (s): 1204.9
#   total CPU system time (s): 0.079832

??? end of timestamper thread
runsolver used 7.20929 second user time and 16.5136 second system time

The end
