runsolver version 3.4.0 (svn: 3018) Copyright (C) 2010-2013 Olivier ROUSSEL

This program is distributed in the hope that it will be useful,
but WITHOUT ANY WARRANTY; without even the implied warranty of
MERCHANTABILITY or FITNESS FOR A PARTICULAR PURPOSE.  See the
GNU General Public License for more details.

NUMA information:
  number of nodes: 2
  memory of node 0: 257635 MiB (178599 MiB free)
  memory of node 1: 257994 MiB (182843 MiB free)
  node distances:
     10  20
     20  10

command line: /dev/shm/37608630-2e81-11f1-ac62-000c298f4621/input/runsolver -w /dev/shm/37608630-2e81-11f1-ac62-000c298f4621/output/runsolver.log -v /dev/shm/37608630-2e81-11f1-ac62-000c298f4621/output/varfile.log -W 1205 --rss-swap-limit 16384 -d 5 --sigint /usr/bin/perf stat -B -e task-clock,cache-references,cache-misses,cycles,instructions,branches,faults,migrations,context-switches -o /dev/shm/37608630-2e81-11f1-ac62-000c298f4621/output/perf.log clingo /home/guests/mmacri/AMOSUM/benchmarks/GraphColouring/encoding-plain-amo.asp /dev/shm/37608630-2e81-11f1-ac62-000c298f4621/input/0028-graph_colouring-135-0_6480.asp 

running on 2 cores: 2-3

Enforcing wall clock limit (soft limit, will send SIGTERM then SIGKILL): 1205 seconds
Enforcing RSS+Swap limit (soft limit, will send SIGTERM then SIGKILL): 16777216 KiB
Linux 5.15.0-131-generic
solver pid=328900, runsolver pid=328898
Current StackSize limit: 8192 KiB


[startup+0.10007 s]*
/proc/loadavg: 14.34 14.25 13.26 13/782 328933
/proc/meminfo: memFree=370224900/528004516 swapFree=8388604/8388604
[pid=328900] ppid=328898 vsize=26908 memory=13616 CPUtime=0.07 cores=2-3
/proc/328900/stat : 328900 (perf) S 328898 328900 328398 0 -1 0 1738 237 0 0 5 2 0 0 20 0 1 0 922980396 27553792 3404 17179869184 93824994299904 93824996572973 140737488338256 0 0 0 134217728 4 74274 1 0 0 17 2 0 0 0 0 0 93824998874888 93825001005840 93825001308160 140737488340074 140737488340471 140737488340471 140737488351179 0
/proc/328900/statm: 6727 3404 2099 555 0 1769 0
[pid=328929] ppid=328900 vsize=18768 memory=10656 CPUtime=0.02 cores=2-3
/proc/328929/stat : 328929 (clingo) R 328900 328900 328398 0 -1 0 862 0 0 0 2 0 0 0 20 0 1 0 922980404 19218432 2664 17179869184 93824992301056 93824992468925 140737488338416 0 0 0 134217728 4 25184771 0 0 0 17 3 0 0 0 0 0 93824992533936 93824992571272 93824992575488 140737488340184 140737488340355 140737488340355 140737488351170 0
/proc/328929/statm: 4692 2664 2044 41 0 771 0
Current children cumulated CPU time: 0.09 s
Current children cumulated vsize: 45676 KiB
Current children cumulated memory: 24272 KiB

[startup+0.222563 s]*
/proc/loadavg: 14.34 14.25 13.26 13/807 328967
/proc/meminfo: memFree=370191080/528004516 swapFree=8388604/8388604
[pid=328900] ppid=328898 vsize=26908 memory=13616 CPUtime=0.07 cores=2-3
/proc/328900/stat : 328900 (perf) S 328898 328900 328398 0 -1 0 1738 237 0 0 5 2 0 0 20 0 1 0 922980396 27553792 3404 17179869184 93824994299904 93824996572973 140737488338256 0 0 0 134217728 4 74274 1 0 0 17 2 0 0 0 0 0 93824998874888 93825001005840 93825001308160 140737488340074 140737488340471 140737488340471 140737488351179 0
/proc/328900/statm: 6727 3404 2099 555 0 1769 0
[pid=328929] ppid=328900 vsize=23860 memory=15864 CPUtime=0.13 cores=2-3
/proc/328929/stat : 328929 (clingo) R 328900 328900 328398 0 -1 0 2183 0 0 0 13 0 0 0 20 0 1 0 922980404 24432640 3966 17179869184 93824992301056 93824992468925 140737488338416 0 0 0 134217728 4 25184771 0 0 0 17 2 0 0 0 0 0 93824992533936 93824992571272 93824992575488 140737488340184 140737488340355 140737488340355 140737488351170 0
/proc/328929/statm: 5965 3966 2091 41 0 2044 0
Current children cumulated CPU time: 0.2 s
Current children cumulated vsize: 50768 KiB
Current children cumulated memory: 29480 KiB

[startup+0.31717 s]*
/proc/loadavg: 14.34 14.25 13.26 15/825 328985
/proc/meminfo: memFree=370173484/528004516 swapFree=8388604/8388604
[pid=328900] ppid=328898 vsize=26908 memory=13616 CPUtime=0.07 cores=2-3
/proc/328900/stat : 328900 (perf) S 328898 328900 328398 0 -1 0 1738 237 0 0 5 2 0 0 20 0 1 0 922980396 27553792 3404 17179869184 93824994299904 93824996572973 140737488338256 0 0 0 134217728 4 74274 1 0 0 17 2 0 0 0 0 0 93824998874888 93825001005840 93825001308160 140737488340074 140737488340471 140737488340471 140737488351179 0
/proc/328900/statm: 6727 3404 2099 555 0 1769 0
[pid=328929] ppid=328900 vsize=24784 memory=16656 CPUtime=0.23 cores=2-3
/proc/328929/stat : 328929 (clingo) R 328900 328900 328398 0 -1 0 2439 0 0 0 23 0 0 0 20 0 1 0 922980404 25378816 4164 17179869184 93824992301056 93824992468925 140737488338416 0 0 0 134217728 4 25184771 0 0 0 17 2 0 0 0 0 0 93824992533936 93824992571272 93824992575488 140737488340184 140737488340355 140737488340355 140737488351170 0
/proc/328929/statm: 6196 4164 2091 41 0 2275 0
Current children cumulated CPU time: 0.3 s
Current children cumulated vsize: 51692 KiB
Current children cumulated memory: 30272 KiB

[startup+0.700322 s]
/proc/loadavg: 14.34 14.25 13.26 17/828 329093
/proc/meminfo: memFree=370177148/528004516 swapFree=8388604/8388604
[pid=328900] ppid=328898 vsize=26908 memory=13616 CPUtime=0.07 cores=2-3
/proc/328900/stat : 328900 (perf) S 328898 328900 328398 0 -1 0 1738 237 0 0 5 2 0 0 20 0 1 0 922980396 27553792 3404 17179869184 93824994299904 93824996572973 140737488338256 0 0 0 134217728 4 74274 1 0 0 17 2 0 0 0 0 0 93824998874888 93825001005840 93825001308160 140737488340074 140737488340471 140737488340471 140737488351179 0
/proc/328900/statm: 6727 3404 2099 555 0 1769 0
[pid=328929] ppid=328900 vsize=26540 memory=18504 CPUtime=0.59 cores=2-3
/proc/328929/stat : 328929 (clingo) R 328900 328900 328398 0 -1 0 2861 0 0 0 59 0 0 0 20 0 1 0 922980404 27176960 4626 17179869184 93824992301056 93824992468925 140737488338416 0 0 0 134217728 4 25184771 0 0 0 17 2 0 0 0 0 0 93824992533936 93824992571272 93824992575488 140737488340184 140737488340355 140737488340355 140737488351170 0
/proc/328929/statm: 6635 4626 2091 41 0 2714 0
Current children cumulated CPU time: 0.66 s
Current children cumulated vsize: 53448 KiB
Current children cumulated memory: 32120 KiB

[startup+1.50034 s]
/proc/loadavg: 14.34 14.25 13.26 16/821 329151
/proc/meminfo: memFree=370135392/528004516 swapFree=8388604/8388604
[pid=328900] ppid=328898 vsize=26908 memory=13616 CPUtime=0.07 cores=2-3
/proc/328900/stat : 328900 (perf) S 328898 328900 328398 0 -1 0 1738 237 0 0 5 2 0 0 20 0 1 0 922980396 27553792 3404 17179869184 93824994299904 93824996572973 140737488338256 0 0 0 134217728 4 74274 1 0 0 17 2 0 0 0 0 0 93824998874888 93825001005840 93825001308160 140737488340074 140737488340471 140737488340471 140737488351179 0
/proc/328900/statm: 6727 3404 2099 555 0 1769 0
[pid=328929] ppid=328900 vsize=27628 memory=19560 CPUtime=1.39 cores=2-3
/proc/328929/stat : 328929 (clingo) R 328900 328900 328398 0 -1 0 3128 0 0 0 139 0 0 0 20 0 1 0 922980404 28291072 4890 17179869184 93824992301056 93824992468925 140737488338416 0 0 0 134217728 4 25184771 0 0 0 17 2 0 0 0 0 0 93824992533936 93824992571272 93824992575488 140737488340184 140737488340355 140737488340355 140737488351170 0
/proc/328929/statm: 6907 4890 2091 41 0 2986 0
Current children cumulated CPU time: 1.46 s
Current children cumulated vsize: 54536 KiB
Current children cumulated memory: 33176 KiB

[startup+3.11922 s]
/proc/loadavg: 14.15 14.21 13.25 16/829 329403
/proc/meminfo: memFree=370290588/528004516 swapFree=8388604/8388604
[pid=328900] ppid=328898 vsize=26908 memory=13616 CPUtime=0.07 cores=2-3
/proc/328900/stat : 328900 (perf) S 328898 328900 328398 0 -1 0 1738 237 0 0 5 2 0 0 20 0 1 0 922980396 27553792 3404 17179869184 93824994299904 93824996572973 140737488338256 0 0 0 134217728 4 74274 1 0 0 17 2 0 0 0 0 0 93824998874888 93825001005840 93825001308160 140737488340074 140737488340471 140737488340471 140737488351179 0
/proc/328900/statm: 6727 3404 2099 555 0 1769 0
[pid=328929] ppid=328900 vsize=31252 memory=22992 CPUtime=3.01 cores=2-3
/proc/328929/stat : 328929 (clingo) R 328900 328900 328398 0 -1 0 3972 0 0 0 301 0 0 0 20 0 1 0 922980404 32002048 5748 17179869184 93824992301056 93824992468925 140737488338416 0 0 0 134217728 4 25184771 0 0 0 17 2 0 0 0 0 0 93824992533936 93824992571272 93824992575488 140737488340184 140737488340355 140737488340355 140737488351170 0
/proc/328929/statm: 7813 5748 2091 41 0 3892 0
Current children cumulated CPU time: 3.08 s
Current children cumulated vsize: 58160 KiB
Current children cumulated memory: 36608 KiB

[startup+6.30028 s]
/proc/loadavg: 14.15 14.21 13.25 16/829 329403
/proc/meminfo: memFree=370255324/528004516 swapFree=8388604/8388604
[pid=328900] ppid=328898 vsize=26908 memory=13616 CPUtime=0.07 cores=2-3
/proc/328900/stat : 328900 (perf) S 328898 328900 328398 0 -1 0 1738 237 0 0 5 2 0 0 20 0 1 0 922980396 27553792 3404 17179869184 93824994299904 93824996572973 140737488338256 0 0 0 134217728 4 74274 1 0 0 17 2 0 0 0 0 0 93824998874888 93825001005840 93825001308160 140737488340074 140737488340471 140737488340471 140737488351179 0
/proc/328900/statm: 6727 3404 2099 555 0 1769 0
[pid=328929] ppid=328900 vsize=34464 memory=25632 CPUtime=6.19 cores=2-3
/proc/328929/stat : 328929 (clingo) R 328900 328900 328398 0 -1 0 4658 0 0 0 619 0 0 0 20 0 1 0 922980404 35291136 6408 17179869184 93824992301056 93824992468925 140737488338416 0 0 0 134217728 4 25184771 0 0 0 17 2 0 0 0 0 0 93824992533936 93824992571272 93824992575488 140737488340184 140737488340355 140737488340355 140737488351170 0
/proc/328929/statm: 8616 6408 2091 41 0 4695 0
Current children cumulated CPU time: 6.26 s
Current children cumulated vsize: 61372 KiB
Current children cumulated memory: 39248 KiB

[startup+12.7003 s]
/proc/loadavg: 14.13 14.20 13.26 16/829 329403
/proc/meminfo: memFree=370197392/528004516 swapFree=8388604/8388604
[pid=328900] ppid=328898 vsize=26908 memory=13616 CPUtime=0.07 cores=2-3
/proc/328900/stat : 328900 (perf) S 328898 328900 328398 0 -1 0 1738 237 0 0 5 2 0 0 20 0 1 0 922980396 27553792 3404 17179869184 93824994299904 93824996572973 140737488338256 0 0 0 134217728 4 74274 1 0 0 17 2 0 0 0 0 0 93824998874888 93825001005840 93825001308160 140737488340074 140737488340471 140737488340471 140737488351179 0
/proc/328900/statm: 6727 3404 2099 555 0 1769 0
[pid=328929] ppid=328900 vsize=37312 memory=28272 CPUtime=12.58 cores=2-3
/proc/328929/stat : 328929 (clingo) R 328900 328900 328398 0 -1 0 5338 0 0 0 1258 0 0 0 20 0 1 0 922980404 38207488 7068 17179869184 93824992301056 93824992468925 140737488338416 0 0 0 134217728 4 25184771 0 0 0 17 2 0 0 0 0 0 93824992533936 93824992571272 93824992575488 140737488340184 140737488340355 140737488340355 140737488351170 0
/proc/328929/statm: 9328 7068 2091 41 0 5407 0
Current children cumulated CPU time: 12.65 s
Current children cumulated vsize: 64220 KiB
Current children cumulated memory: 41888 KiB

[startup+25.5003 s]
/proc/loadavg: 14.04 14.18 13.27 16/829 329506
/proc/meminfo: memFree=370228260/528004516 swapFree=8388604/8388604
[pid=328900] ppid=328898 vsize=26908 memory=13616 CPUtime=0.07 cores=2-3
/proc/328900/stat : 328900 (perf) S 328898 328900 328398 0 -1 0 1738 237 0 0 5 2 0 0 20 0 1 0 922980396 27553792 3404 17179869184 93824994299904 93824996572973 140737488338256 0 0 0 134217728 4 74274 1 0 0 17 2 0 0 0 0 0 93824998874888 93825001005840 93825001308160 140737488340074 140737488340471 140737488340471 140737488351179 0
/proc/328900/statm: 6727 3404 2099 555 0 1769 0
[pid=328929] ppid=328900 vsize=42400 memory=33024 CPUtime=25.38 cores=2-3
/proc/328929/stat : 328929 (clingo) R 328900 328900 328398 0 -1 0 6513 0 0 0 2538 0 0 0 20 0 1 0 922980404 43417600 8256 17179869184 93824992301056 93824992468925 140737488338416 0 0 0 134217728 4 25184771 0 0 0 17 2 0 0 0 0 0 93824992533936 93824992571272 93824992575488 140737488340184 140737488340355 140737488340355 140737488351170 0
/proc/328929/statm: 10600 8256 2091 41 0 6679 0
Current children cumulated CPU time: 25.45 s
Current children cumulated vsize: 69308 KiB
Current children cumulated memory: 46640 KiB

[startup+51.1192 s]
/proc/loadavg: 14.02 14.16 13.29 16/828 329507
/proc/meminfo: memFree=370118400/528004516 swapFree=8388604/8388604
[pid=328900] ppid=328898 vsize=26908 memory=13616 CPUtime=0.07 cores=2-3
/proc/328900/stat : 328900 (perf) S 328898 328900 328398 0 -1 0 1738 237 0 0 5 2 0 0 20 0 1 0 922980396 27553792 3404 17179869184 93824994299904 93824996572973 140737488338256 0 0 0 134217728 4 74274 1 0 0 17 2 0 0 0 0 0 93824998874888 93825001005840 93825001308160 140737488340074 140737488340471 140737488340471 140737488351179 0
/proc/328900/statm: 6727 3404 2099 555 0 1769 0
[pid=328929] ppid=328900 vsize=47516 memory=37776 CPUtime=51 cores=2-3
/proc/328929/stat : 328929 (clingo) R 328900 328900 328398 0 -1 0 7702 0 0 0 5099 1 0 0 20 0 1 0 922980404 48656384 9444 17179869184 93824992301056 93824992468925 140737488338416 0 0 0 134217728 4 25184771 0 0 0 17 2 0 0 0 0 0 93824992533936 93824992571272 93824992575488 140737488340184 140737488340355 140737488340355 140737488351170 0
/proc/328929/statm: 11879 9444 2091 41 0 7958 0
Current children cumulated CPU time: 51.07 s
Current children cumulated vsize: 74424 KiB
Current children cumulated memory: 51392 KiB

[startup+102.3 s]
/proc/loadavg: 14.22 14.21 13.36 16/829 329554
/proc/meminfo: memFree=369978636/528004516 swapFree=8388604/8388604
[pid=328900] ppid=328898 vsize=26908 memory=13616 CPUtime=0.07 cores=2-3
/proc/328900/stat : 328900 (perf) S 328898 328900 328398 0 -1 0 1738 237 0 0 5 2 0 0 20 0 1 0 922980396 27553792 3404 17179869184 93824994299904 93824996572973 140737488338256 0 0 0 134217728 4 74274 1 0 0 17 2 0 0 0 0 0 93824998874888 93825001005840 93825001308160 140737488340074 140737488340471 140737488340471 140737488351179 0
/proc/328900/statm: 6727 3404 2099 555 0 1769 0
[pid=328929] ppid=328900 vsize=55860 memory=45432 CPUtime=102.18 cores=2-3
/proc/328929/stat : 328929 (clingo) R 328900 328900 328398 0 -1 0 9577 0 0 0 10217 1 0 0 20 0 1 0 922980404 57200640 11358 17179869184 93824992301056 93824992468925 140737488338416 0 0 0 134217728 4 25184771 0 0 0 17 2 0 0 0 0 0 93824992533936 93824992571272 93824992575488 140737488340184 140737488340355 140737488340355 140737488351170 0
/proc/328929/statm: 13965 11358 2091 41 0 10044 0
Current children cumulated CPU time: 102.25 s
Current children cumulated vsize: 82768 KiB
Current children cumulated memory: 59048 KiB

[startup+162.3 s]
/proc/loadavg: 14.08 14.17 13.40 16/829 329557
/proc/meminfo: memFree=369875292/528004516 swapFree=8388604/8388604
[pid=328900] ppid=328898 vsize=26908 memory=13616 CPUtime=0.07 cores=2-3
/proc/328900/stat : 328900 (perf) S 328898 328900 328398 0 -1 0 1738 237 0 0 5 2 0 0 20 0 1 0 922980396 27553792 3404 17179869184 93824994299904 93824996572973 140737488338256 0 0 0 134217728 4 74274 1 0 0 17 2 0 0 0 0 0 93824998874888 93825001005840 93825001308160 140737488340074 140737488340471 140737488340471 140737488351179 0
/proc/328900/statm: 6727 3404 2099 555 0 1769 0
[pid=328929] ppid=328900 vsize=62460 memory=51768 CPUtime=162.18 cores=2-3
/proc/328929/stat : 328929 (clingo) R 328900 328900 328398 0 -1 0 11178 0 0 0 16216 2 0 0 20 0 1 0 922980404 63959040 12942 17179869184 93824992301056 93824992468925 140737488338416 0 0 0 134217728 4 25184771 0 0 0 17 2 0 0 0 0 0 93824992533936 93824992571272 93824992575488 140737488340184 140737488340355 140737488340355 140737488351170 0
/proc/328929/statm: 15615 12942 2091 41 0 11694 0
Current children cumulated CPU time: 162.25 s
Current children cumulated vsize: 89368 KiB
Current children cumulated memory: 65384 KiB

[startup+222.3 s]
/proc/loadavg: 14.03 14.14 13.44 16/829 329560
/proc/meminfo: memFree=369784276/528004516 swapFree=8388604/8388604
[pid=328900] ppid=328898 vsize=26908 memory=13616 CPUtime=0.07 cores=2-3
/proc/328900/stat : 328900 (perf) S 328898 328900 328398 0 -1 0 1738 237 0 0 5 2 0 0 20 0 1 0 922980396 27553792 3404 17179869184 93824994299904 93824996572973 140737488338256 0 0 0 134217728 4 74274 1 0 0 17 2 0 0 0 0 0 93824998874888 93825001005840 93825001308160 140737488340074 140737488340471 140737488340471 140737488351179 0
/proc/328900/statm: 6727 3404 2099 555 0 1769 0
[pid=328929] ppid=328900 vsize=65748 memory=54936 CPUtime=222.18 cores=2-3
/proc/328929/stat : 328929 (clingo) R 328900 328900 328398 0 -1 0 11982 0 0 0 22216 2 0 0 20 0 1 0 922980404 67325952 13734 17179869184 93824992301056 93824992468925 140737488338416 0 0 0 134217728 4 25184771 0 0 0 17 2 0 0 0 0 0 93824992533936 93824992571272 93824992575488 140737488340184 140737488340355 140737488340355 140737488351170 0
/proc/328929/statm: 16437 13734 2091 41 0 12516 0
Current children cumulated CPU time: 222.25 s
Current children cumulated vsize: 92656 KiB
Current children cumulated memory: 68552 KiB

[startup+282.3 s]
/proc/loadavg: 14.01 14.11 13.47 16/829 329563
/proc/meminfo: memFree=369707668/528004516 swapFree=8388604/8388604
[pid=328900] ppid=328898 vsize=26908 memory=13616 CPUtime=0.07 cores=2-3
/proc/328900/stat : 328900 (perf) S 328898 328900 328398 0 -1 0 1738 237 0 0 5 2 0 0 20 0 1 0 922980396 27553792 3404 17179869184 93824994299904 93824996572973 140737488338256 0 0 0 134217728 4 74274 1 0 0 17 2 0 0 0 0 0 93824998874888 93825001005840 93825001308160 140737488340074 140737488340471 140737488340471 140737488351179 0
/proc/328900/statm: 6727 3404 2099 555 0 1769 0
[pid=328929] ppid=328900 vsize=73336 memory=61272 CPUtime=282.18 cores=2-3
/proc/328929/stat : 328929 (clingo) R 328900 328900 328398 0 -1 0 13542 0 0 0 28215 3 0 0 20 0 1 0 922980404 75096064 15318 17179869184 93824992301056 93824992468925 140737488338416 0 0 0 134217728 4 25184771 0 0 0 17 2 0 0 0 0 0 93824992533936 93824992571272 93824992575488 140737488340184 140737488340355 140737488340355 140737488351170 0
/proc/328929/statm: 18334 15318 2091 41 0 14413 0
Current children cumulated CPU time: 282.25 s
Current children cumulated vsize: 100244 KiB
Current children cumulated memory: 74888 KiB

[startup+342.3 s]
/proc/loadavg: 15.64 14.53 13.66 16/810 329568
/proc/meminfo: memFree=369635000/528004516 swapFree=8388604/8388604
[pid=328900] ppid=328898 vsize=26908 memory=13616 CPUtime=0.07 cores=2-3
/proc/328900/stat : 328900 (perf) S 328898 328900 328398 0 -1 0 1738 237 0 0 5 2 0 0 20 0 1 0 922980396 27553792 3404 17179869184 93824994299904 93824996572973 140737488338256 0 0 0 134217728 4 74274 1 0 0 17 2 0 0 0 0 0 93824998874888 93825001005840 93825001308160 140737488340074 140737488340471 140737488340471 140737488351179 0
/proc/328900/statm: 6727 3404 2099 555 0 1769 0
[pid=328929] ppid=328900 vsize=77320 memory=64704 CPUtime=342.17 cores=2-3
/proc/328929/stat : 328929 (clingo) R 328900 328900 328398 0 -1 0 14413 0 0 0 34214 3 0 0 20 0 1 0 922980404 79175680 16176 17179869184 93824992301056 93824992468925 140737488338416 0 0 0 134217728 4 25184771 0 0 0 17 2 0 0 0 0 0 93824992533936 93824992571272 93824992575488 140737488340184 140737488340355 140737488340355 140737488351170 0
/proc/328929/statm: 19330 16176 2091 41 0 15409 0
Current children cumulated CPU time: 342.24 s
Current children cumulated vsize: 104228 KiB
Current children cumulated memory: 78320 KiB

[startup+402.3 s]
/proc/loadavg: 14.66 14.44 13.69 16/807 329570
/proc/meminfo: memFree=369571008/528004516 swapFree=8388604/8388604
[pid=328900] ppid=328898 vsize=26908 memory=13616 CPUtime=0.07 cores=2-3
/proc/328900/stat : 328900 (perf) S 328898 328900 328398 0 -1 0 1738 237 0 0 5 2 0 0 20 0 1 0 922980396 27553792 3404 17179869184 93824994299904 93824996572973 140737488338256 0 0 0 134217728 4 74274 1 0 0 17 2 0 0 0 0 0 93824998874888 93825001005840 93825001308160 140737488340074 140737488340471 140737488340471 140737488351179 0
/proc/328900/statm: 6727 3404 2099 555 0 1769 0
[pid=328929] ppid=328900 vsize=80352 memory=67608 CPUtime=402.17 cores=2-3
/proc/328929/stat : 328929 (clingo) R 328900 328900 328398 0 -1 0 15131 0 0 0 40214 3 0 0 20 0 1 0 922980404 82280448 16902 17179869184 93824992301056 93824992468925 140737488338416 0 0 0 134217728 4 25184771 0 0 0 17 2 0 0 0 0 0 93824992533936 93824992571272 93824992575488 140737488340184 140737488340355 140737488340355 140737488351170 0
/proc/328929/statm: 20088 16902 2091 41 0 16167 0
Current children cumulated CPU time: 402.24 s
Current children cumulated vsize: 107260 KiB
Current children cumulated memory: 81224 KiB

[startup+462.3 s]
/proc/loadavg: 14.24 14.36 13.71 16/808 329574
/proc/meminfo: memFree=369510832/528004516 swapFree=8388604/8388604
[pid=328900] ppid=328898 vsize=26908 memory=13616 CPUtime=0.07 cores=2-3
/proc/328900/stat : 328900 (perf) S 328898 328900 328398 0 -1 0 1738 237 0 0 5 2 0 0 20 0 1 0 922980396 27553792 3404 17179869184 93824994299904 93824996572973 140737488338256 0 0 0 134217728 4 74274 1 0 0 17 2 0 0 0 0 0 93824998874888 93825001005840 93825001308160 140737488340074 140737488340471 140737488340471 140737488351179 0
/proc/328900/statm: 6727 3404 2099 555 0 1769 0
[pid=328929] ppid=328900 vsize=84528 memory=71568 CPUtime=462.18 cores=2-3
/proc/328929/stat : 328929 (clingo) R 328900 328900 328398 0 -1 0 16119 0 0 0 46214 4 0 0 20 0 1 0 922980404 86556672 17892 17179869184 93824992301056 93824992468925 140737488338416 0 0 0 134217728 4 25184771 0 0 0 17 2 0 0 0 0 0 93824992533936 93824992571272 93824992575488 140737488340184 140737488340355 140737488340355 140737488351170 0
/proc/328929/statm: 21132 17892 2091 41 0 17211 0
Current children cumulated CPU time: 462.25 s
Current children cumulated vsize: 111436 KiB
Current children cumulated memory: 85184 KiB

[startup+522.3 s]
/proc/loadavg: 14.09 14.29 13.73 16/808 329578
/proc/meminfo: memFree=369469332/528004516 swapFree=8388604/8388604
[pid=328900] ppid=328898 vsize=26908 memory=13616 CPUtime=0.07 cores=2-3
/proc/328900/stat : 328900 (perf) S 328898 328900 328398 0 -1 0 1738 237 0 0 5 2 0 0 20 0 1 0 922980396 27553792 3404 17179869184 93824994299904 93824996572973 140737488338256 0 0 0 134217728 4 74274 1 0 0 17 2 0 0 0 0 0 93824998874888 93825001005840 93825001308160 140737488340074 140737488340471 140737488340471 140737488351179 0
/proc/328900/statm: 6727 3404 2099 555 0 1769 0
[pid=328929] ppid=328900 vsize=86140 memory=73152 CPUtime=522.18 cores=2-3
/proc/328929/stat : 328929 (clingo) R 328900 328900 328398 0 -1 0 16534 0 0 0 52214 4 0 0 20 0 1 0 922980404 88207360 18288 17179869184 93824992301056 93824992468925 140737488338416 0 0 0 134217728 4 25184771 0 0 0 17 2 0 0 0 0 0 93824992533936 93824992571272 93824992575488 140737488340184 140737488340355 140737488340355 140737488351170 0
/proc/328929/statm: 21535 18288 2091 41 0 17614 0
Current children cumulated CPU time: 522.25 s
Current children cumulated vsize: 113048 KiB
Current children cumulated memory: 86768 KiB

[startup+582.3 s]
/proc/loadavg: 14.32 14.30 13.77 16/809 329582
/proc/meminfo: memFree=369412920/528004516 swapFree=8388604/8388604
[pid=328900] ppid=328898 vsize=26908 memory=13616 CPUtime=0.07 cores=2-3
/proc/328900/stat : 328900 (perf) S 328898 328900 328398 0 -1 0 1738 237 0 0 5 2 0 0 20 0 1 0 922980396 27553792 3404 17179869184 93824994299904 93824996572973 140737488338256 0 0 0 134217728 4 74274 1 0 0 17 2 0 0 0 0 0 93824998874888 93825001005840 93825001308160 140737488340074 140737488340471 140737488340471 140737488351179 0
/proc/328900/statm: 6727 3404 2099 555 0 1769 0
[pid=328929] ppid=328900 vsize=89368 memory=76320 CPUtime=582.17 cores=2-3
/proc/328929/stat : 328929 (clingo) R 328900 328900 328398 0 -1 0 17335 0 0 0 58213 4 0 0 20 0 1 0 922980404 91512832 19080 17179869184 93824992301056 93824992468925 140737488338416 0 0 0 134217728 4 25184771 0 0 0 17 2 0 0 0 0 0 93824992533936 93824992571272 93824992575488 140737488340184 140737488340355 140737488340355 140737488351170 0
/proc/328929/statm: 22342 19080 2091 41 0 18421 0
Current children cumulated CPU time: 582.24 s
Current children cumulated vsize: 116276 KiB
Current children cumulated memory: 89936 KiB

[startup+642.3 s]
/proc/loadavg: 14.15 14.26 13.79 16/808 329585
/proc/meminfo: memFree=369372380/528004516 swapFree=8388604/8388604
[pid=328900] ppid=328898 vsize=26908 memory=13616 CPUtime=0.07 cores=2-3
/proc/328900/stat : 328900 (perf) S 328898 328900 328398 0 -1 0 1738 237 0 0 5 2 0 0 20 0 1 0 922980396 27553792 3404 17179869184 93824994299904 93824996572973 140737488338256 0 0 0 134217728 4 74274 1 0 0 17 2 0 0 0 0 0 93824998874888 93825001005840 93825001308160 140737488340074 140737488340471 140737488340471 140737488351179 0
/proc/328900/statm: 6727 3404 2099 555 0 1769 0
[pid=328929] ppid=328900 vsize=92260 memory=79224 CPUtime=642.18 cores=2-3
/proc/328929/stat : 328929 (clingo) R 328900 328900 328398 0 -1 0 18033 0 0 0 64213 5 0 0 20 0 1 0 922980404 94474240 19806 17179869184 93824992301056 93824992468925 140737488338416 0 0 0 134217728 4 25184771 0 0 0 17 2 0 0 0 0 0 93824992533936 93824992571272 93824992575488 140737488340184 140737488340355 140737488340355 140737488351170 0
/proc/328929/statm: 23065 19806 2091 41 0 19144 0
Current children cumulated CPU time: 642.25 s
Current children cumulated vsize: 119168 KiB
Current children cumulated memory: 92840 KiB

[startup+702.3 s]
/proc/loadavg: 14.05 14.21 13.81 16/809 329589
/proc/meminfo: memFree=369324028/528004516 swapFree=8388604/8388604
[pid=328900] ppid=328898 vsize=26908 memory=13616 CPUtime=0.07 cores=2-3
/proc/328900/stat : 328900 (perf) S 328898 328900 328398 0 -1 0 1738 237 0 0 5 2 0 0 20 0 1 0 922980396 27553792 3404 17179869184 93824994299904 93824996572973 140737488338256 0 0 0 134217728 4 74274 1 0 0 17 2 0 0 0 0 0 93824998874888 93825001005840 93825001308160 140737488340074 140737488340471 140737488340471 140737488351179 0
/proc/328900/statm: 6727 3404 2099 555 0 1769 0
[pid=328929] ppid=328900 vsize=93700 memory=80544 CPUtime=702.17 cores=2-3
/proc/328929/stat : 328929 (clingo) R 328900 328900 328398 0 -1 0 18393 0 0 0 70212 5 0 0 20 0 1 0 922980404 95948800 20136 17179869184 93824992301056 93824992468925 140737488338416 0 0 0 134217728 4 25184771 0 0 0 17 2 0 0 0 0 0 93824992533936 93824992571272 93824992575488 140737488340184 140737488340355 140737488340355 140737488351170 0
/proc/328929/statm: 23425 20136 2091 41 0 19504 0
Current children cumulated CPU time: 702.24 s
Current children cumulated vsize: 120608 KiB
Current children cumulated memory: 94160 KiB

[startup+762.3 s]
/proc/loadavg: 14.18 14.20 13.84 16/810 329592
/proc/meminfo: memFree=369278164/528004516 swapFree=8388604/8388604
[pid=328900] ppid=328898 vsize=26908 memory=13616 CPUtime=0.07 cores=2-3
/proc/328900/stat : 328900 (perf) S 328898 328900 328398 0 -1 0 1738 237 0 0 5 2 0 0 20 0 1 0 922980396 27553792 3404 17179869184 93824994299904 93824996572973 140737488338256 0 0 0 134217728 4 74274 1 0 0 17 2 0 0 0 0 0 93824998874888 93825001005840 93825001308160 140737488340074 140737488340471 140737488340471 140737488351179 0
/proc/328900/statm: 6727 3404 2099 555 0 1769 0
[pid=328929] ppid=328900 vsize=98952 memory=86156 CPUtime=762.17 cores=2-3
/proc/328929/stat : 328929 (clingo) R 328900 328900 328398 0 -1 0 19889 0 0 0 76212 5 0 0 20 0 1 0 922980404 101326848 21539 17179869184 93824992301056 93824992468925 140737488338416 0 0 0 134217728 4 25184771 0 0 0 17 2 0 0 0 0 0 93824992533936 93824992571272 93824992575488 140737488340184 140737488340355 140737488340355 140737488351170 0
/proc/328929/statm: 24738 21539 2091 41 0 20817 0
Current children cumulated CPU time: 762.24 s
Current children cumulated vsize: 125860 KiB
Current children cumulated memory: 99772 KiB

[startup+822.3 s]
/proc/loadavg: 15.30 14.52 13.97 16/810 329595
/proc/meminfo: memFree=369234836/528004516 swapFree=8388604/8388604
[pid=328900] ppid=328898 vsize=26908 memory=13616 CPUtime=0.07 cores=2-3
/proc/328900/stat : 328900 (perf) S 328898 328900 328398 0 -1 0 1738 237 0 0 5 2 0 0 20 0 1 0 922980396 27553792 3404 17179869184 93824994299904 93824996572973 140737488338256 0 0 0 134217728 4 74274 1 0 0 17 2 0 0 0 0 0 93824998874888 93825001005840 93825001308160 140737488340074 140737488340471 140737488340471 140737488351179 0
/proc/328900/statm: 6727 3404 2099 555 0 1769 0
[pid=328929] ppid=328900 vsize=101808 memory=88796 CPUtime=822.17 cores=2-3
/proc/328929/stat : 328929 (clingo) R 328900 328900 328398 0 -1 0 20517 0 0 0 82211 6 0 0 20 0 1 0 922980404 104251392 22199 17179869184 93824992301056 93824992468925 140737488338416 0 0 0 134217728 4 25184771 0 0 0 17 2 0 0 0 0 0 93824992533936 93824992571272 93824992575488 140737488340184 140737488340355 140737488340355 140737488351170 0
/proc/328929/statm: 25452 22199 2091 41 0 21531 0
Current children cumulated CPU time: 822.24 s
Current children cumulated vsize: 128716 KiB
Current children cumulated memory: 102412 KiB

[startup+882.3 s]
/proc/loadavg: 14.56 14.44 13.98 16/810 329598
/proc/meminfo: memFree=369193792/528004516 swapFree=8388604/8388604
[pid=328900] ppid=328898 vsize=26908 memory=13616 CPUtime=0.07 cores=2-3
/proc/328900/stat : 328900 (perf) S 328898 328900 328398 0 -1 0 1738 237 0 0 5 2 0 0 20 0 1 0 922980396 27553792 3404 17179869184 93824994299904 93824996572973 140737488338256 0 0 0 134217728 4 74274 1 0 0 17 2 0 0 0 0 0 93824998874888 93825001005840 93825001308160 140737488340074 140737488340471 140737488340471 140737488351179 0
/proc/328900/statm: 6727 3404 2099 555 0 1769 0
[pid=328929] ppid=328900 vsize=103912 memory=90644 CPUtime=882.17 cores=2-3
/proc/328929/stat : 328929 (clingo) R 328900 328900 328398 0 -1 0 20963 0 0 0 88211 6 0 0 20 0 1 0 922980404 106405888 22661 17179869184 93824992301056 93824992468925 140737488338416 0 0 0 134217728 4 25184771 0 0 0 17 2 0 0 0 0 0 93824992533936 93824992571272 93824992575488 140737488340184 140737488340355 140737488340355 140737488351170 0
/proc/328929/statm: 25978 22661 2091 41 0 22057 0
Current children cumulated CPU time: 882.24 s
Current children cumulated vsize: 130820 KiB
Current children cumulated memory: 104260 KiB

[startup+942.3 s]
/proc/loadavg: 14.31 14.40 14.00 16/810 329602
/proc/meminfo: memFree=369157032/528004516 swapFree=8388604/8388604
[pid=328900] ppid=328898 vsize=26908 memory=13616 CPUtime=0.07 cores=2-3
/proc/328900/stat : 328900 (perf) S 328898 328900 328398 0 -1 0 1738 237 0 0 5 2 0 0 20 0 1 0 922980396 27553792 3404 17179869184 93824994299904 93824996572973 140737488338256 0 0 0 134217728 4 74274 1 0 0 17 2 0 0 0 0 0 93824998874888 93825001005840 93825001308160 140737488340074 140737488340471 140737488340471 140737488351179 0
/proc/328900/statm: 6727 3404 2099 555 0 1769 0
[pid=328929] ppid=328900 vsize=108232 memory=94076 CPUtime=942.17 cores=2-3
/proc/328929/stat : 328929 (clingo) R 328900 328900 328398 0 -1 0 21819 0 0 0 94211 6 0 0 20 0 1 0 922980404 110829568 23519 17179869184 93824992301056 93824992468925 140737488338416 0 0 0 134217728 4 25184771 0 0 0 17 2 0 0 0 0 0 93824992533936 93824992571272 93824992575488 140737488340184 140737488340355 140737488340355 140737488351170 0
/proc/328929/statm: 27058 23519 2091 41 0 23137 0
Current children cumulated CPU time: 942.24 s
Current children cumulated vsize: 135140 KiB
Current children cumulated memory: 107692 KiB

[startup+1002.3 s]
/proc/loadavg: 14.11 14.32 14.00 16/809 329605
/proc/meminfo: memFree=369113184/528004516 swapFree=8388604/8388604
[pid=328900] ppid=328898 vsize=26908 memory=13616 CPUtime=0.07 cores=2-3
/proc/328900/stat : 328900 (perf) S 328898 328900 328398 0 -1 0 1738 237 0 0 5 2 0 0 20 0 1 0 922980396 27553792 3404 17179869184 93824994299904 93824996572973 140737488338256 0 0 0 134217728 4 74274 1 0 0 17 2 0 0 0 0 0 93824998874888 93825001005840 93825001308160 140737488340074 140737488340471 140737488340471 140737488351179 0
/proc/328900/statm: 6727 3404 2099 555 0 1769 0
[pid=328929] ppid=328900 vsize=113992 memory=98564 CPUtime=1002.17 cores=2-3
/proc/328929/stat : 328929 (clingo) R 328900 328900 328398 0 -1 0 22959 0 0 0 100210 7 0 0 20 0 1 0 922980404 116727808 24641 17179869184 93824992301056 93824992468925 140737488338416 0 0 0 134217728 4 25184771 0 0 0 17 2 0 0 0 0 0 93824992533936 93824992571272 93824992575488 140737488340184 140737488340355 140737488340355 140737488351170 0
/proc/328929/statm: 28498 24641 2091 41 0 24577 0
Current children cumulated CPU time: 1002.24 s
Current children cumulated vsize: 140900 KiB
Current children cumulated memory: 112180 KiB

[startup+1062.3 s]
/proc/loadavg: 14.04 14.26 14.00 16/808 329608
/proc/meminfo: memFree=369073888/528004516 swapFree=8388604/8388604
[pid=328900] ppid=328898 vsize=26908 memory=13616 CPUtime=0.07 cores=2-3
/proc/328900/stat : 328900 (perf) S 328898 328900 328398 0 -1 0 1738 237 0 0 5 2 0 0 20 0 1 0 922980396 27553792 3404 17179869184 93824994299904 93824996572973 140737488338256 0 0 0 134217728 4 74274 1 0 0 17 2 0 0 0 0 0 93824998874888 93825001005840 93825001308160 140737488340074 140737488340471 140737488340471 140737488351179 0
/proc/328900/statm: 6727 3404 2099 555 0 1769 0
[pid=328929] ppid=328900 vsize=117160 memory=101204 CPUtime=1062.17 cores=2-3
/proc/328929/stat : 328929 (clingo) R 328900 328900 328398 0 -1 0 23626 0 0 0 106210 7 0 0 20 0 1 0 922980404 119971840 25301 17179869184 93824992301056 93824992468925 140737488338416 0 0 0 134217728 4 25184771 0 0 0 17 2 0 0 0 0 0 93824992533936 93824992571272 93824992575488 140737488340184 140737488340355 140737488340355 140737488351170 0
/proc/328929/statm: 29290 25301 2091 41 0 25369 0
Current children cumulated CPU time: 1062.24 s
Current children cumulated vsize: 144068 KiB
Current children cumulated memory: 114820 KiB

[startup+1122.3 s]
/proc/loadavg: 14.04 14.23 14.00 16/809 329612
/proc/meminfo: memFree=369040676/528004516 swapFree=8388604/8388604
[pid=328900] ppid=328898 vsize=26908 memory=13616 CPUtime=0.07 cores=2-3
/proc/328900/stat : 328900 (perf) S 328898 328900 328398 0 -1 0 1738 237 0 0 5 2 0 0 20 0 1 0 922980396 27553792 3404 17179869184 93824994299904 93824996572973 140737488338256 0 0 0 134217728 4 74274 1 0 0 17 2 0 0 0 0 0 93824998874888 93825001005840 93825001308160 140737488340074 140737488340471 140737488340471 140737488351179 0
/proc/328900/statm: 6727 3404 2099 555 0 1769 0
[pid=328929] ppid=328900 vsize=120040 memory=103580 CPUtime=1122.17 cores=2-3
/proc/328929/stat : 328929 (clingo) R 328900 328900 328398 0 -1 0 24238 0 0 0 112210 7 0 0 20 0 1 0 922980404 122920960 25895 17179869184 93824992301056 93824992468925 140737488338416 0 0 0 134217728 4 25184771 0 0 0 17 2 0 0 0 0 0 93824992533936 93824992571272 93824992575488 140737488340184 140737488340355 140737488340355 140737488351170 0
/proc/328929/statm: 30010 25895 2091 41 0 26089 0
Current children cumulated CPU time: 1122.24 s
Current children cumulated vsize: 146948 KiB
Current children cumulated memory: 117196 KiB

[startup+1182.3 s]
/proc/loadavg: 14.01 14.18 14.00 16/810 329616
/proc/meminfo: memFree=369011444/528004516 swapFree=8388604/8388604
[pid=328900] ppid=328898 vsize=26908 memory=13616 CPUtime=0.07 cores=2-3
/proc/328900/stat : 328900 (perf) S 328898 328900 328398 0 -1 0 1738 237 0 0 5 2 0 0 20 0 1 0 922980396 27553792 3404 17179869184 93824994299904 93824996572973 140737488338256 0 0 0 134217728 4 74274 1 0 0 17 2 0 0 0 0 0 93824998874888 93825001005840 93825001308160 140737488340074 140737488340471 140737488340471 140737488351179 0
/proc/328900/statm: 6727 3404 2099 555 0 1769 0
[pid=328929] ppid=328900 vsize=122056 memory=105428 CPUtime=1182.17 cores=2-3
/proc/328929/stat : 328929 (clingo) R 328900 328900 328398 0 -1 0 24681 0 0 0 118210 7 0 0 20 0 1 0 922980404 124985344 26357 17179869184 93824992301056 93824992468925 140737488338416 0 0 0 134217728 4 25184771 0 0 0 17 2 0 0 0 0 0 93824992533936 93824992571272 93824992575488 140737488340184 140737488340355 140737488340355 140737488351170 0
/proc/328929/statm: 30514 26357 2091 41 0 26593 0
Current children cumulated CPU time: 1182.24 s
Current children cumulated vsize: 148964 KiB
Current children cumulated memory: 119044 KiB



Maximum wall clock time exceeded: sending SIGTERM then SIGKILL

[startup+1205 s]*
/proc/loadavg: 14.01 14.17 14.00 15/806 329623
/proc/meminfo: memFree=369085548/528004516 swapFree=8388604/8388604
[pid=328900] ppid=328898 vsize=26908 memory=13616 CPUtime=0.07 cores=2-3
/proc/328900/stat : 328900 (perf) S 328898 328900 328398 0 -1 0 1738 237 0 0 5 2 0 0 20 0 1 0 922980396 27553792 3404 17179869184 93824994299904 93824996572973 140737488338256 0 0 0 134217728 4 74274 1 0 0 17 2 0 0 0 0 0 93824998874888 93825001005840 93825001308160 140737488340074 140737488340471 140737488340471 140737488351179 0
/proc/328900/statm: 6727 3404 2099 555 0 1769 0
[pid=328929] ppid=328900 vsize=123208 memory=106484 CPUtime=1204.88 cores=2-3
/proc/328929/stat : 328929 (clingo) R 328900 328900 328398 0 -1 0 24923 0 0 0 120481 7 0 0 20 0 1 0 922980404 126164992 26621 17179869184 93824992301056 93824992468925 140737488338416 0 0 0 134217728 4 25184771 0 0 0 17 2 0 0 0 0 0 93824992533936 93824992571272 93824992575488 140737488340184 140737488340355 140737488340355 140737488351170 0
/proc/328929/statm: 30802 26621 2091 41 0 26881 0
Current children cumulated CPU time: 1204.95 s
Current children cumulated vsize: 150116 KiB
Current children cumulated memory: 120100 KiB

Sending SIGINT to process tree (bottom up)
Sleeping 5 seconds

[startup+1205.03 s]
# the end of solver process 328900 was just reported to runsolver
# cumulated CPU time of all completed processes:  user=1204.88 s, system=0.106917 s

Solver just ended.
??? end of watcher thread
Dumping a history of the last processes samples

Child status: 1
Real time (s): 1205.03
CPU time (s): 1204.98
CPU user time (s): 1204.88
CPU system time (s): 0.106917
CPU usage (%): 99.9965
Max. virtual memory (cumulated for all children) (KiB): 150116
Max. memory (cumulated for all children) (KiB): 120100

getrusage(RUSAGE_CHILDREN,...) data:
user time used= 1204.88
system time used= 0.106917
maximum resident set size= 106544
integral shared memory size= 0
integral unshared data size= 0
integral unshared stack size= 0
page reclaims= 26938
page faults= 0
swaps= 0
block input operations= 0
block output operations= 0
messages sent= 0
messages received= 0
signals received= 0
voluntary context switches= 18
involuntary context switches= 2094


# summary of solver processes directly reported to runsolver:
#   pid: 328900
#   total CPU time (s): 1204.98
#   total CPU user time (s): 1204.88
#   total CPU system time (s): 0.106917

??? end of timestamper thread
runsolver used 8.89622 second user time and 15.441 second system time

The end
