runsolver version 3.4.0 (svn: 3018) Copyright (C) 2010-2013 Olivier ROUSSEL

This program is distributed in the hope that it will be useful,
but WITHOUT ANY WARRANTY; without even the implied warranty of
MERCHANTABILITY or FITNESS FOR A PARTICULAR PURPOSE.  See the
GNU General Public License for more details.

NUMA information:
  number of nodes: 2
  memory of node 0: 257634 MiB (180130 MiB free)
  memory of node 1: 257994 MiB (185877 MiB free)
  node distances:
     10  20
     20  10

command line: /dev/shm/3742b970-2e81-11f1-ac62-000c298f4621/input/runsolver -w /dev/shm/3742b970-2e81-11f1-ac62-000c298f4621/output/runsolver.log -v /dev/shm/3742b970-2e81-11f1-ac62-000c298f4621/output/varfile.log -W 1205 --rss-swap-limit 16384 -d 5 --sigint /usr/bin/perf stat -B -e task-clock,cache-references,cache-misses,cycles,instructions,branches,faults,migrations,context-switches -o /dev/shm/3742b970-2e81-11f1-ac62-000c298f4621/output/perf.log clingo /home/guests/mmacri/AMOSUM/benchmarks/GraphColouring/encoding-plain-amo.asp /dev/shm/3742b970-2e81-11f1-ac62-000c298f4621/input/0013-graph_colouring-130-0_3744.asp 

running on 2 cores: 26-27

Enforcing wall clock limit (soft limit, will send SIGTERM then SIGKILL): 1205 seconds
Enforcing RSS+Swap limit (soft limit, will send SIGTERM then SIGKILL): 16777216 KiB
Linux 5.15.0-131-generic
Current StackSize limit: 8192 KiB

solver pid=4057152, runsolver pid=4057149

[startup+0.100067 s]*
/proc/loadavg: 14.46 14.46 13.31 8/765 4057219
/proc/meminfo: memFree=374778392/528004312 swapFree=8388604/8388604
[pid=4057152] ppid=4057149 vsize=26908 memory=13612 CPUtime=0.07 cores=26-27
/proc/4057152/stat : 4057152 (perf) S 4057149 4057152 4056730 0 -1 0 1738 237 0 0 5 2 0 0 20 0 1 0 923017979 27553792 3403 17179869184 93824994299904 93824996572973 140737488338256 0 0 0 134217728 4 74274 1 0 0 17 26 0 0 0 0 0 93824998874888 93825001005840 93825001308160 140737488340073 140737488340470 140737488340470 140737488351179 0
/proc/4057152/statm: 6727 3403 2098 555 0 1769 0
[pid=4057217] ppid=4057152 vsize=18888 memory=10604 CPUtime=0.02 cores=26-27
/proc/4057217/stat : 4057217 (clingo) R 4057152 4057152 4056730 0 -1 0 869 0 0 0 2 0 0 0 20 0 1 0 923017987 19341312 2651 17179869184 93824992301056 93824992468925 140737488338416 0 0 0 134217728 4 25184771 0 0 0 17 27 0 0 0 0 0 93824992533936 93824992571272 93824992575488 140737488340183 140737488340354 140737488340354 140737488351170 0
/proc/4057217/statm: 4722 2651 2038 41 0 801 0
Current children cumulated CPU time: 0.09 s
Current children cumulated vsize: 45796 KiB
Current children cumulated memory: 24216 KiB

[startup+0.217132 s]*
/proc/loadavg: 14.46 14.46 13.31 16/796 4057362
/proc/meminfo: memFree=374757396/528004312 swapFree=8388604/8388604
[pid=4057152] ppid=4057149 vsize=26908 memory=13612 CPUtime=0.07 cores=26-27
/proc/4057152/stat : 4057152 (perf) S 4057149 4057152 4056730 0 -1 0 1738 237 0 0 5 2 0 0 20 0 1 0 923017979 27553792 3403 17179869184 93824994299904 93824996572973 140737488338256 0 0 0 134217728 4 74274 1 0 0 17 26 0 0 0 0 0 93824998874888 93825001005840 93825001308160 140737488340073 140737488340470 140737488340470 140737488351179 0
/proc/4057152/statm: 6727 3403 2098 555 0 1769 0
[pid=4057217] ppid=4057152 vsize=24668 memory=16580 CPUtime=0.13 cores=26-27
/proc/4057217/stat : 4057217 (clingo) R 4057152 4057152 4056730 0 -1 0 2401 0 0 0 13 0 0 0 20 0 1 0 923017987 25260032 4145 17179869184 93824992301056 93824992468925 140737488338416 0 0 0 134217728 4 25184771 0 0 0 17 27 0 0 0 0 0 93824992533936 93824992571272 93824992575488 140737488340183 140737488340354 140737488340354 140737488351170 0
/proc/4057217/statm: 6167 4145 2085 41 0 2246 0
Current children cumulated CPU time: 0.2 s
Current children cumulated vsize: 51576 KiB
Current children cumulated memory: 30192 KiB

[startup+0.334581 s]*
/proc/loadavg: 14.46 14.46 13.31 14/816 4057527
/proc/meminfo: memFree=374814172/528004312 swapFree=8388604/8388604
[pid=4057152] ppid=4057149 vsize=26908 memory=13612 CPUtime=0.07 cores=26-27
/proc/4057152/stat : 4057152 (perf) S 4057149 4057152 4056730 0 -1 0 1738 237 0 0 5 2 0 0 20 0 1 0 923017979 27553792 3403 17179869184 93824994299904 93824996572973 140737488338256 0 0 0 134217728 4 74274 1 0 0 17 26 0 0 0 0 0 93824998874888 93825001005840 93825001308160 140737488340073 140737488340470 140737488340470 140737488351179 0
/proc/4057152/statm: 6727 3403 2098 555 0 1769 0
[pid=4057217] ppid=4057152 vsize=26572 memory=18428 CPUtime=0.23 cores=26-27
/proc/4057217/stat : 4057217 (clingo) R 4057152 4057152 4056730 0 -1 0 2882 0 0 0 23 0 0 0 20 0 1 0 923017987 27209728 4607 17179869184 93824992301056 93824992468925 140737488338416 0 0 0 134217728 4 25184771 0 0 0 17 26 0 0 0 0 0 93824992533936 93824992571272 93824992575488 140737488340183 140737488340354 140737488340354 140737488351170 0
/proc/4057217/statm: 6643 4607 2085 41 0 2722 0
Current children cumulated CPU time: 0.3 s
Current children cumulated vsize: 53480 KiB
Current children cumulated memory: 32040 KiB

[startup+0.700318 s]
/proc/loadavg: 14.46 14.46 13.31 20/829 4057575
/proc/meminfo: memFree=374771592/528004312 swapFree=8388604/8388604
[pid=4057152] ppid=4057149 vsize=26908 memory=13612 CPUtime=0.07 cores=26-27
/proc/4057152/stat : 4057152 (perf) S 4057149 4057152 4056730 0 -1 0 1738 237 0 0 5 2 0 0 20 0 1 0 923017979 27553792 3403 17179869184 93824994299904 93824996572973 140737488338256 0 0 0 134217728 4 74274 1 0 0 17 26 0 0 0 0 0 93824998874888 93825001005840 93825001308160 140737488340073 140737488340470 140737488340470 140737488351179 0
/proc/4057152/statm: 6727 3403 2098 555 0 1769 0
[pid=4057217] ppid=4057152 vsize=29488 memory=21332 CPUtime=0.57 cores=26-27
/proc/4057217/stat : 4057217 (clingo) R 4057152 4057152 4056730 0 -1 0 3588 0 0 0 57 0 0 0 20 0 1 0 923017987 30195712 5333 17179869184 93824992301056 93824992468925 140737488338416 0 0 0 134217728 4 25184771 0 0 0 17 26 0 0 0 0 0 93824992533936 93824992571272 93824992575488 140737488340183 140737488340354 140737488340354 140737488351170 0
/proc/4057217/statm: 7372 5333 2085 41 0 3451 0
Current children cumulated CPU time: 0.64 s
Current children cumulated vsize: 56396 KiB
Current children cumulated memory: 34944 KiB

[startup+1.50033 s]
/proc/loadavg: 14.46 14.46 13.31 16/830 4057576
/proc/meminfo: memFree=374729528/528004312 swapFree=8388604/8388604
[pid=4057152] ppid=4057149 vsize=26908 memory=13612 CPUtime=0.07 cores=26-27
/proc/4057152/stat : 4057152 (perf) S 4057149 4057152 4056730 0 -1 0 1738 237 0 0 5 2 0 0 20 0 1 0 923017979 27553792 3403 17179869184 93824994299904 93824996572973 140737488338256 0 0 0 134217728 4 74274 1 0 0 17 26 0 0 0 0 0 93824998874888 93825001005840 93825001308160 140737488340073 140737488340470 140737488340470 140737488351179 0
/proc/4057152/statm: 6727 3403 2098 555 0 1769 0
[pid=4057217] ppid=4057152 vsize=31736 memory=23832 CPUtime=1.37 cores=26-27
/proc/4057217/stat : 4057217 (clingo) R 4057152 4057152 4056730 0 -1 0 4293 0 0 0 137 0 0 0 20 0 1 0 923017987 32497664 5958 17179869184 93824992301056 93824992468925 140737488338416 0 0 0 134217728 4 25184771 0 0 0 17 26 0 0 0 0 0 93824992533936 93824992571272 93824992575488 140737488340183 140737488340354 140737488340354 140737488351170 0
/proc/4057217/statm: 7934 5958 2085 41 0 4013 0
Current children cumulated CPU time: 1.44 s
Current children cumulated vsize: 58644 KiB
Current children cumulated memory: 37444 KiB

[startup+3.11824 s]
/proc/loadavg: 14.42 14.45 13.31 14/825 4057639
/proc/meminfo: memFree=374688172/528004312 swapFree=8388604/8388604
[pid=4057152] ppid=4057149 vsize=26908 memory=13612 CPUtime=0.07 cores=26-27
/proc/4057152/stat : 4057152 (perf) S 4057149 4057152 4056730 0 -1 0 1738 237 0 0 5 2 0 0 20 0 1 0 923017979 27553792 3403 17179869184 93824994299904 93824996572973 140737488338256 0 0 0 134217728 4 74274 1 0 0 17 26 0 0 0 0 0 93824998874888 93825001005840 93825001308160 140737488340073 140737488340470 140737488340470 140737488351179 0
/proc/4057152/statm: 6727 3403 2098 555 0 1769 0
[pid=4057217] ppid=4057152 vsize=34112 memory=25940 CPUtime=2.99 cores=26-27
/proc/4057217/stat : 4057217 (clingo) R 4057152 4057152 4056730 0 -1 0 4856 0 0 0 299 0 0 0 20 0 1 0 923017987 34930688 6485 17179869184 93824992301056 93824992468925 140737488338416 0 0 0 134217728 4 25184771 0 0 0 17 26 0 0 0 0 0 93824992533936 93824992571272 93824992575488 140737488340183 140737488340354 140737488340354 140737488351170 0
/proc/4057217/statm: 8528 6485 2085 41 0 4607 0
Current children cumulated CPU time: 3.06 s
Current children cumulated vsize: 61020 KiB
Current children cumulated memory: 39552 KiB

[startup+6.30028 s]
/proc/loadavg: 14.42 14.45 13.31 15/832 4057784
/proc/meminfo: memFree=374643724/528004312 swapFree=8388604/8388604
[pid=4057152] ppid=4057149 vsize=26908 memory=13612 CPUtime=0.07 cores=26-27
/proc/4057152/stat : 4057152 (perf) S 4057149 4057152 4056730 0 -1 0 1738 237 0 0 5 2 0 0 20 0 1 0 923017979 27553792 3403 17179869184 93824994299904 93824996572973 140737488338256 0 0 0 134217728 4 74274 1 0 0 17 26 0 0 0 0 0 93824998874888 93825001005840 93825001308160 140737488340073 140737488340470 140737488340470 140737488351179 0
/proc/4057152/statm: 6727 3403 2098 555 0 1769 0
[pid=4057217] ppid=4057152 vsize=38660 memory=30428 CPUtime=6.18 cores=26-27
/proc/4057217/stat : 4057217 (clingo) R 4057152 4057152 4056730 0 -1 0 5988 0 0 0 617 1 0 0 20 0 1 0 923017987 39587840 7607 17179869184 93824992301056 93824992468925 140737488338416 0 0 0 134217728 4 25184771 0 0 0 17 26 0 0 0 0 0 93824992533936 93824992571272 93824992575488 140737488340183 140737488340354 140737488340354 140737488351170 0
/proc/4057217/statm: 9665 7607 2085 41 0 5744 0
Current children cumulated CPU time: 6.25 s
Current children cumulated vsize: 65568 KiB
Current children cumulated memory: 44040 KiB

[startup+12.7003 s]
/proc/loadavg: 14.36 14.44 13.32 15/832 4057784
/proc/meminfo: memFree=374589972/528004312 swapFree=8388604/8388604
[pid=4057152] ppid=4057149 vsize=26908 memory=13612 CPUtime=0.07 cores=26-27
/proc/4057152/stat : 4057152 (perf) S 4057149 4057152 4056730 0 -1 0 1738 237 0 0 5 2 0 0 20 0 1 0 923017979 27553792 3403 17179869184 93824994299904 93824996572973 140737488338256 0 0 0 134217728 4 74274 1 0 0 17 26 0 0 0 0 0 93824998874888 93825001005840 93825001308160 140737488340073 140737488340470 140737488340470 140737488351179 0
/proc/4057152/statm: 6727 3403 2098 555 0 1769 0
[pid=4057217] ppid=4057152 vsize=45028 memory=36764 CPUtime=12.57 cores=26-27
/proc/4057217/stat : 4057217 (clingo) R 4057152 4057152 4056730 0 -1 0 7576 0 0 0 1256 1 0 0 20 0 1 0 923017987 46108672 9191 17179869184 93824992301056 93824992468925 140737488338416 0 0 0 134217728 4 25184771 0 0 0 17 26 0 0 0 0 0 93824992533936 93824992571272 93824992575488 140737488340183 140737488340354 140737488340354 140737488351170 0
/proc/4057217/statm: 11257 9191 2085 41 0 7336 0
Current children cumulated CPU time: 12.64 s
Current children cumulated vsize: 71936 KiB
Current children cumulated memory: 50376 KiB

[startup+25.5004 s]
/proc/loadavg: 14.38 14.44 13.33 15/832 4057784
/proc/meminfo: memFree=374514556/528004312 swapFree=8388604/8388604
[pid=4057152] ppid=4057149 vsize=26908 memory=13612 CPUtime=0.07 cores=26-27
/proc/4057152/stat : 4057152 (perf) S 4057149 4057152 4056730 0 -1 0 1738 237 0 0 5 2 0 0 20 0 1 0 923017979 27553792 3403 17179869184 93824994299904 93824996572973 140737488338256 0 0 0 134217728 4 74274 1 0 0 17 26 0 0 0 0 0 93824998874888 93825001005840 93825001308160 140737488340073 140737488340470 140737488340470 140737488351179 0
/proc/4057152/statm: 6727 3403 2098 555 0 1769 0
[pid=4057217] ppid=4057152 vsize=51268 memory=43212 CPUtime=25.37 cores=26-27
/proc/4057217/stat : 4057217 (clingo) R 4057152 4057152 4056730 0 -1 0 9455 0 0 0 2536 1 0 0 20 0 1 0 923017987 52498432 10803 17179869184 93824992301056 93824992468925 140737488338416 0 0 0 134217728 4 25184771 0 0 0 17 26 0 0 0 0 0 93824992533936 93824992571272 93824992575488 140737488340183 140737488340354 140737488340354 140737488351170 0
/proc/4057217/statm: 12817 10803 2085 41 0 8896 0
Current children cumulated CPU time: 25.44 s
Current children cumulated vsize: 78176 KiB
Current children cumulated memory: 56824 KiB

[startup+51.1187 s]
/proc/loadavg: 15.03 14.57 13.40 15/833 4057888
/proc/meminfo: memFree=374509132/528004312 swapFree=8388604/8388604
[pid=4057152] ppid=4057149 vsize=26908 memory=13612 CPUtime=0.07 cores=26-27
/proc/4057152/stat : 4057152 (perf) S 4057149 4057152 4056730 0 -1 0 1738 237 0 0 5 2 0 0 20 0 1 0 923017979 27553792 3403 17179869184 93824994299904 93824996572973 140737488338256 0 0 0 134217728 4 74274 1 0 0 17 26 0 0 0 0 0 93824998874888 93825001005840 93825001308160 140737488340073 140737488340470 140737488340470 140737488351179 0
/proc/4057152/statm: 6727 3403 2098 555 0 1769 0
[pid=4057217] ppid=4057152 vsize=58824 memory=50580 CPUtime=50.99 cores=26-27
/proc/4057217/stat : 4057217 (clingo) R 4057152 4057152 4056730 0 -1 0 11662 0 0 0 5097 2 0 0 20 0 1 0 923017987 60235776 12645 17179869184 93824992301056 93824992468925 140737488338416 0 0 0 134217728 4 25184771 0 0 0 17 26 0 0 0 0 0 93824992533936 93824992571272 93824992575488 140737488340183 140737488340354 140737488340354 140737488351170 0
/proc/4057217/statm: 14706 12645 2085 41 0 10785 0
Current children cumulated CPU time: 51.06 s
Current children cumulated vsize: 85732 KiB
Current children cumulated memory: 64192 KiB

[startup+102.3 s]
/proc/loadavg: 15.16 14.75 13.54 15/834 4057935
/proc/meminfo: memFree=374349648/528004312 swapFree=8388604/8388604
[pid=4057152] ppid=4057149 vsize=26908 memory=13612 CPUtime=0.07 cores=26-27
/proc/4057152/stat : 4057152 (perf) S 4057149 4057152 4056730 0 -1 0 1738 237 0 0 5 2 0 0 20 0 1 0 923017979 27553792 3403 17179869184 93824994299904 93824996572973 140737488338256 0 0 0 134217728 4 74274 1 0 0 17 26 0 0 0 0 0 93824998874888 93825001005840 93825001308160 140737488340073 140737488340470 140737488340470 140737488351179 0
/proc/4057152/statm: 6727 3403 2098 555 0 1769 0
[pid=4057217] ppid=4057152 vsize=71156 memory=62516 CPUtime=102.17 cores=26-27
/proc/4057217/stat : 4057217 (clingo) R 4057152 4057152 4056730 0 -1 0 15631 0 0 0 10213 4 0 0 20 0 1 0 923017987 72863744 15629 17179869184 93824992301056 93824992468925 140737488338416 0 0 0 134217728 4 25184771 0 0 0 17 26 0 0 0 0 0 93824992533936 93824992571272 93824992575488 140737488340183 140737488340354 140737488340354 140737488351170 0
/proc/4057217/statm: 17789 15629 2085 41 0 13868 0
Current children cumulated CPU time: 102.24 s
Current children cumulated vsize: 98064 KiB
Current children cumulated memory: 76128 KiB

[startup+162.3 s]
/proc/loadavg: 14.57 14.64 13.58 15/834 4057938
/proc/meminfo: memFree=374238028/528004312 swapFree=8388604/8388604
[pid=4057152] ppid=4057149 vsize=26908 memory=13612 CPUtime=0.07 cores=26-27
/proc/4057152/stat : 4057152 (perf) S 4057149 4057152 4056730 0 -1 0 1738 237 0 0 5 2 0 0 20 0 1 0 923017979 27553792 3403 17179869184 93824994299904 93824996572973 140737488338256 0 0 0 134217728 4 74274 1 0 0 17 26 0 0 0 0 0 93824998874888 93825001005840 93825001308160 140737488340073 140737488340470 140737488340470 140737488351179 0
/proc/4057152/statm: 6727 3403 2098 555 0 1769 0
[pid=4057217] ppid=4057152 vsize=79108 memory=70472 CPUtime=162.17 cores=26-27
/proc/4057217/stat : 4057217 (clingo) R 4057152 4057152 4056730 0 -1 0 18141 0 0 0 16212 5 0 0 20 0 1 0 923017987 81006592 17618 17179869184 93824992301056 93824992468925 140737488338416 0 0 0 134217728 4 25184771 0 0 0 17 26 0 0 0 0 0 93824992533936 93824992571272 93824992575488 140737488340183 140737488340354 140737488340354 140737488351170 0
/proc/4057217/statm: 19777 17618 2085 41 0 15856 0
Current children cumulated CPU time: 162.24 s
Current children cumulated vsize: 106016 KiB
Current children cumulated memory: 84084 KiB

[startup+222.3 s]
/proc/loadavg: 14.28 14.54 13.62 15/834 4057941
/proc/meminfo: memFree=374141840/528004312 swapFree=8388604/8388604
[pid=4057152] ppid=4057149 vsize=26908 memory=13612 CPUtime=0.07 cores=26-27
/proc/4057152/stat : 4057152 (perf) S 4057149 4057152 4056730 0 -1 0 1738 237 0 0 5 2 0 0 20 0 1 0 923017979 27553792 3403 17179869184 93824994299904 93824996572973 140737488338256 0 0 0 134217728 4 74274 1 0 0 17 26 0 0 0 0 0 93824998874888 93825001005840 93825001308160 140737488340073 140737488340470 140737488340470 140737488351179 0
/proc/4057152/statm: 6727 3403 2098 555 0 1769 0
[pid=4057217] ppid=4057152 vsize=86316 memory=77220 CPUtime=222.17 cores=26-27
/proc/4057217/stat : 4057217 (clingo) R 4057152 4057152 4056730 0 -1 0 20985 0 0 0 22212 5 0 0 20 0 1 0 923017987 88387584 19305 17179869184 93824992301056 93824992468925 140737488338416 0 0 0 134217728 4 25184771 0 0 0 17 26 0 0 0 0 0 93824992533936 93824992571272 93824992575488 140737488340183 140737488340354 140737488340354 140737488351170 0
/proc/4057217/statm: 21579 19305 2085 41 0 17658 0
Current children cumulated CPU time: 222.24 s
Current children cumulated vsize: 113224 KiB
Current children cumulated memory: 90832 KiB

[startup+282.3 s]
/proc/loadavg: 14.32 14.49 13.66 15/834 4057944
/proc/meminfo: memFree=374059456/528004312 swapFree=8388604/8388604
[pid=4057152] ppid=4057149 vsize=26908 memory=13612 CPUtime=0.07 cores=26-27
/proc/4057152/stat : 4057152 (perf) S 4057149 4057152 4056730 0 -1 0 1738 237 0 0 5 2 0 0 20 0 1 0 923017979 27553792 3403 17179869184 93824994299904 93824996572973 140737488338256 0 0 0 134217728 4 74274 1 0 0 17 26 0 0 0 0 0 93824998874888 93825001005840 93825001308160 140737488340073 140737488340470 140737488340470 140737488351179 0
/proc/4057152/statm: 6727 3403 2098 555 0 1769 0
[pid=4057217] ppid=4057152 vsize=93080 memory=84088 CPUtime=282.18 cores=26-27
/proc/4057217/stat : 4057217 (clingo) R 4057152 4057152 4056730 0 -1 0 24397 0 0 0 28212 6 0 0 20 0 1 0 923017987 95313920 21022 17179869184 93824992301056 93824992468925 140737488338416 0 0 0 134217728 4 25184771 0 0 0 17 26 0 0 0 0 0 93824992533936 93824992571272 93824992575488 140737488340183 140737488340354 140737488340354 140737488351170 0
/proc/4057217/statm: 23270 21022 2085 41 0 19349 0
Current children cumulated CPU time: 282.25 s
Current children cumulated vsize: 119988 KiB
Current children cumulated memory: 97700 KiB

[startup+342.3 s]
/proc/loadavg: 14.26 14.44 13.70 15/810 4057949
/proc/meminfo: memFree=373997076/528004312 swapFree=8388604/8388604
[pid=4057152] ppid=4057149 vsize=26908 memory=13612 CPUtime=0.07 cores=26-27
/proc/4057152/stat : 4057152 (perf) S 4057149 4057152 4056730 0 -1 0 1738 237 0 0 5 2 0 0 20 0 1 0 923017979 27553792 3403 17179869184 93824994299904 93824996572973 140737488338256 0 0 0 134217728 4 74274 1 0 0 17 26 0 0 0 0 0 93824998874888 93825001005840 93825001308160 140737488340073 140737488340470 140737488340470 140737488351179 0
/proc/4057152/statm: 6727 3403 2098 555 0 1769 0
[pid=4057217] ppid=4057152 vsize=97472 memory=88556 CPUtime=342.18 cores=26-27
/proc/4057217/stat : 4057217 (clingo) R 4057152 4057152 4056730 0 -1 0 26508 0 0 0 34211 7 0 0 20 0 1 0 923017987 99811328 22139 17179869184 93824992301056 93824992468925 140737488338416 0 0 0 134217728 4 25184771 0 0 0 17 26 0 0 0 0 0 93824992533936 93824992571272 93824992575488 140737488340183 140737488340354 140737488340354 140737488351170 0
/proc/4057217/statm: 24368 22139 2085 41 0 20447 0
Current children cumulated CPU time: 342.25 s
Current children cumulated vsize: 124380 KiB
Current children cumulated memory: 102168 KiB

[startup+402.3 s]
/proc/loadavg: 14.10 14.36 13.72 15/807 4057952
/proc/meminfo: memFree=373930816/528004312 swapFree=8388604/8388604
[pid=4057152] ppid=4057149 vsize=26908 memory=13612 CPUtime=0.07 cores=26-27
/proc/4057152/stat : 4057152 (perf) S 4057149 4057152 4056730 0 -1 0 1738 237 0 0 5 2 0 0 20 0 1 0 923017979 27553792 3403 17179869184 93824994299904 93824996572973 140737488338256 0 0 0 134217728 4 74274 1 0 0 17 26 0 0 0 0 0 93824998874888 93825001005840 93825001308160 140737488340073 140737488340470 140737488340470 140737488351179 0
/proc/4057152/statm: 6727 3403 2098 555 0 1769 0
[pid=4057217] ppid=4057152 vsize=101340 memory=91824 CPUtime=402.17 cores=26-27
/proc/4057217/stat : 4057217 (clingo) R 4057152 4057152 4056730 0 -1 0 28754 0 0 0 40210 7 0 0 20 0 1 0 923017987 103772160 22956 17179869184 93824992301056 93824992468925 140737488338416 0 0 0 134217728 4 25184771 0 0 0 17 26 0 0 0 0 0 93824992533936 93824992571272 93824992575488 140737488340183 140737488340354 140737488340354 140737488351170 0
/proc/4057217/statm: 25335 22956 2085 41 0 21414 0
Current children cumulated CPU time: 402.24 s
Current children cumulated vsize: 128248 KiB
Current children cumulated memory: 105436 KiB

[startup+462.3 s]
/proc/loadavg: 14.30 14.37 13.77 15/808 4057956
/proc/meminfo: memFree=373870100/528004312 swapFree=8388604/8388604
[pid=4057152] ppid=4057149 vsize=26908 memory=13612 CPUtime=0.07 cores=26-27
/proc/4057152/stat : 4057152 (perf) S 4057149 4057152 4056730 0 -1 0 1738 237 0 0 5 2 0 0 20 0 1 0 923017979 27553792 3403 17179869184 93824994299904 93824996572973 140737488338256 0 0 0 134217728 4 74274 1 0 0 17 26 0 0 0 0 0 93824998874888 93825001005840 93825001308160 140737488340073 140737488340470 140737488340470 140737488351179 0
/proc/4057152/statm: 6727 3403 2098 555 0 1769 0
[pid=4057217] ppid=4057152 vsize=106188 memory=96016 CPUtime=462.17 cores=26-27
/proc/4057217/stat : 4057217 (clingo) R 4057152 4057152 4056730 0 -1 0 30980 0 0 0 46209 8 0 0 20 0 1 0 923017987 108736512 24004 17179869184 93824992301056 93824992468925 140737488338416 0 0 0 134217728 4 25184771 0 0 0 17 26 0 0 0 0 0 93824992533936 93824992571272 93824992575488 140737488340183 140737488340354 140737488340354 140737488351170 0
/proc/4057217/statm: 26547 24004 2085 41 0 22626 0
Current children cumulated CPU time: 462.24 s
Current children cumulated vsize: 133096 KiB
Current children cumulated memory: 109628 KiB

[startup+522.3 s]
/proc/loadavg: 14.22 14.33 13.80 15/808 4057960
/proc/meminfo: memFree=373817736/528004312 swapFree=8388604/8388604
[pid=4057152] ppid=4057149 vsize=26908 memory=13612 CPUtime=0.07 cores=26-27
/proc/4057152/stat : 4057152 (perf) S 4057149 4057152 4056730 0 -1 0 1738 237 0 0 5 2 0 0 20 0 1 0 923017979 27553792 3403 17179869184 93824994299904 93824996572973 140737488338256 0 0 0 134217728 4 74274 1 0 0 17 26 0 0 0 0 0 93824998874888 93825001005840 93825001308160 140737488340073 140737488340470 140737488340470 140737488351179 0
/proc/4057152/statm: 6727 3403 2098 555 0 1769 0
[pid=4057217] ppid=4057152 vsize=112188 memory=101032 CPUtime=522.18 cores=26-27
/proc/4057217/stat : 4057217 (clingo) R 4057152 4057152 4056730 0 -1 0 32252 0 0 0 52209 9 0 0 20 0 1 0 923017987 114880512 25258 17179869184 93824992301056 93824992468925 140737488338416 0 0 0 134217728 4 25184771 0 0 0 17 26 0 0 0 0 0 93824992533936 93824992571272 93824992575488 140737488340183 140737488340354 140737488340354 140737488351170 0
/proc/4057217/statm: 28047 25258 2085 41 0 24126 0
Current children cumulated CPU time: 522.25 s
Current children cumulated vsize: 139096 KiB
Current children cumulated memory: 114644 KiB

[startup+582.3 s]
/proc/loadavg: 14.08 14.27 13.81 15/808 4057963
/proc/meminfo: memFree=373774680/528004312 swapFree=8388604/8388604
[pid=4057152] ppid=4057149 vsize=26908 memory=13612 CPUtime=0.07 cores=26-27
/proc/4057152/stat : 4057152 (perf) S 4057149 4057152 4056730 0 -1 0 1738 237 0 0 5 2 0 0 20 0 1 0 923017979 27553792 3403 17179869184 93824994299904 93824996572973 140737488338256 0 0 0 134217728 4 74274 1 0 0 17 26 0 0 0 0 0 93824998874888 93825001005840 93825001308160 140737488340073 140737488340470 140737488340470 140737488351179 0
/proc/4057152/statm: 6727 3403 2098 555 0 1769 0
[pid=4057217] ppid=4057152 vsize=116728 memory=104992 CPUtime=582.18 cores=26-27
/proc/4057217/stat : 4057217 (clingo) R 4057152 4057152 4056730 0 -1 0 33235 0 0 0 58209 9 0 0 20 0 1 0 923017987 119529472 26248 17179869184 93824992301056 93824992468925 140737488338416 0 0 0 134217728 4 25184771 0 0 0 17 26 0 0 0 0 0 93824992533936 93824992571272 93824992575488 140737488340183 140737488340354 140737488340354 140737488351170 0
/proc/4057217/statm: 29182 26248 2085 41 0 25261 0
Current children cumulated CPU time: 582.25 s
Current children cumulated vsize: 143636 KiB
Current children cumulated memory: 118604 KiB

[startup+642.3 s]
/proc/loadavg: 14.60 14.42 13.90 15/808 4057966
/proc/meminfo: memFree=373728060/528004312 swapFree=8388604/8388604
[pid=4057152] ppid=4057149 vsize=26908 memory=13612 CPUtime=0.07 cores=26-27
/proc/4057152/stat : 4057152 (perf) S 4057149 4057152 4056730 0 -1 0 1738 237 0 0 5 2 0 0 20 0 1 0 923017979 27553792 3403 17179869184 93824994299904 93824996572973 140737488338256 0 0 0 134217728 4 74274 1 0 0 17 26 0 0 0 0 0 93824998874888 93825001005840 93825001308160 140737488340073 140737488340470 140737488340470 140737488351179 0
/proc/4057152/statm: 6727 3403 2098 555 0 1769 0
[pid=4057217] ppid=4057152 vsize=120964 memory=108424 CPUtime=642.18 cores=26-27
/proc/4057217/stat : 4057217 (clingo) R 4057152 4057152 4056730 0 -1 0 34097 0 0 0 64209 9 0 0 20 0 1 0 923017987 123867136 27106 17179869184 93824992301056 93824992468925 140737488338416 0 0 0 134217728 4 25184771 0 0 0 17 26 0 0 0 0 0 93824992533936 93824992571272 93824992575488 140737488340183 140737488340354 140737488340354 140737488351170 0
/proc/4057217/statm: 30241 27106 2085 41 0 26320 0
Current children cumulated CPU time: 642.25 s
Current children cumulated vsize: 147872 KiB
Current children cumulated memory: 122036 KiB

[startup+702.3 s]
/proc/loadavg: 14.25 14.36 13.91 15/808 4057969
/proc/meminfo: memFree=373686776/528004312 swapFree=8388604/8388604
[pid=4057152] ppid=4057149 vsize=26908 memory=13612 CPUtime=0.07 cores=26-27
/proc/4057152/stat : 4057152 (perf) S 4057149 4057152 4056730 0 -1 0 1738 237 0 0 5 2 0 0 20 0 1 0 923017979 27553792 3403 17179869184 93824994299904 93824996572973 140737488338256 0 0 0 134217728 4 74274 1 0 0 17 26 0 0 0 0 0 93824998874888 93825001005840 93825001308160 140737488340073 140737488340470 140737488340470 140737488351179 0
/proc/4057152/statm: 6727 3403 2098 555 0 1769 0
[pid=4057217] ppid=4057152 vsize=124192 memory=111328 CPUtime=702.18 cores=26-27
/proc/4057217/stat : 4057217 (clingo) R 4057152 4057152 4056730 0 -1 0 34773 0 0 0 70209 9 0 0 20 0 1 0 923017987 127172608 27832 17179869184 93824992301056 93824992468925 140737488338416 0 0 0 134217728 4 25184771 0 0 0 17 26 0 0 0 0 0 93824992533936 93824992571272 93824992575488 140737488340183 140737488340354 140737488340354 140737488351170 0
/proc/4057217/statm: 31048 27832 2085 41 0 27127 0
Current children cumulated CPU time: 702.25 s
Current children cumulated vsize: 151100 KiB
Current children cumulated memory: 124940 KiB

[startup+762.3 s]
/proc/loadavg: 14.09 14.29 13.92 15/807 4057971
/proc/meminfo: memFree=373647748/528004312 swapFree=8388604/8388604
[pid=4057152] ppid=4057149 vsize=26908 memory=13612 CPUtime=0.07 cores=26-27
/proc/4057152/stat : 4057152 (perf) S 4057149 4057152 4056730 0 -1 0 1738 237 0 0 5 2 0 0 20 0 1 0 923017979 27553792 3403 17179869184 93824994299904 93824996572973 140737488338256 0 0 0 134217728 4 74274 1 0 0 17 26 0 0 0 0 0 93824998874888 93825001005840 93825001308160 140737488340073 140737488340470 140737488340470 140737488351179 0
/proc/4057152/statm: 6727 3403 2098 555 0 1769 0
[pid=4057217] ppid=4057152 vsize=127984 memory=114496 CPUtime=762.18 cores=26-27
/proc/4057217/stat : 4057217 (clingo) R 4057152 4057152 4056730 0 -1 0 35579 0 0 0 76209 9 0 0 20 0 1 0 923017987 131055616 28624 17179869184 93824992301056 93824992468925 140737488338416 0 0 0 134217728 4 25184771 0 0 0 17 26 0 0 0 0 0 93824992533936 93824992571272 93824992575488 140737488340183 140737488340354 140737488340354 140737488351170 0
/proc/4057217/statm: 31996 28624 2085 41 0 28075 0
Current children cumulated CPU time: 762.25 s
Current children cumulated vsize: 154892 KiB
Current children cumulated memory: 128108 KiB

[startup+822.3 s]
/proc/loadavg: 14.07 14.25 13.93 15/809 4057976
/proc/meminfo: memFree=373610216/528004312 swapFree=8388604/8388604
[pid=4057152] ppid=4057149 vsize=26908 memory=13612 CPUtime=0.07 cores=26-27
/proc/4057152/stat : 4057152 (perf) S 4057149 4057152 4056730 0 -1 0 1738 237 0 0 5 2 0 0 20 0 1 0 923017979 27553792 3403 17179869184 93824994299904 93824996572973 140737488338256 0 0 0 134217728 4 74274 1 0 0 17 26 0 0 0 0 0 93824998874888 93825001005840 93825001308160 140737488340073 140737488340470 140737488340470 140737488351179 0
/proc/4057152/statm: 6727 3403 2098 555 0 1769 0
[pid=4057217] ppid=4057152 vsize=128856 memory=115472 CPUtime=822.18 cores=26-27
/proc/4057217/stat : 4057217 (clingo) R 4057152 4057152 4056730 0 -1 0 36181 0 0 0 82209 9 0 0 20 0 1 0 923017987 131948544 28868 17179869184 93824992301056 93824992468925 140737488338416 0 0 0 134217728 4 25184771 0 0 0 17 26 0 0 0 0 0 93824992533936 93824992571272 93824992575488 140737488340183 140737488340354 140737488340354 140737488351170 0
/proc/4057217/statm: 32214 28868 2085 41 0 28293 0
Current children cumulated CPU time: 822.25 s
Current children cumulated vsize: 155764 KiB
Current children cumulated memory: 129084 KiB

[startup+882.3 s]
/proc/loadavg: 14.06 14.22 13.94 15/809 4057979
/proc/meminfo: memFree=373572940/528004312 swapFree=8388604/8388604
[pid=4057152] ppid=4057149 vsize=26908 memory=13612 CPUtime=0.07 cores=26-27
/proc/4057152/stat : 4057152 (perf) S 4057149 4057152 4056730 0 -1 0 1738 237 0 0 5 2 0 0 20 0 1 0 923017979 27553792 3403 17179869184 93824994299904 93824996572973 140737488338256 0 0 0 134217728 4 74274 1 0 0 17 26 0 0 0 0 0 93824998874888 93825001005840 93825001308160 140737488340073 140737488340470 140737488340470 140737488351179 0
/proc/4057152/statm: 6727 3403 2098 555 0 1769 0
[pid=4057217] ppid=4057152 vsize=131456 memory=117560 CPUtime=882.18 cores=26-27
/proc/4057217/stat : 4057217 (clingo) R 4057152 4057152 4056730 0 -1 0 37184 0 0 0 88209 9 0 0 20 0 1 0 923017987 134610944 29390 17179869184 93824992301056 93824992468925 140737488338416 0 0 0 134217728 4 25184771 0 0 0 17 26 0 0 0 0 0 93824992533936 93824992571272 93824992575488 140737488340183 140737488340354 140737488340354 140737488351170 0
/proc/4057217/statm: 32864 29390 2085 41 0 28943 0
Current children cumulated CPU time: 882.25 s
Current children cumulated vsize: 158364 KiB
Current children cumulated memory: 131172 KiB

[startup+942.3 s]
/proc/loadavg: 14.22 14.22 13.96 15/809 4057984
/proc/meminfo: memFree=373528872/528004312 swapFree=8388604/8388604
[pid=4057152] ppid=4057149 vsize=26908 memory=13612 CPUtime=0.07 cores=26-27
/proc/4057152/stat : 4057152 (perf) S 4057149 4057152 4056730 0 -1 0 1738 237 0 0 5 2 0 0 20 0 1 0 923017979 27553792 3403 17179869184 93824994299904 93824996572973 140737488338256 0 0 0 134217728 4 74274 1 0 0 17 26 0 0 0 0 0 93824998874888 93825001005840 93825001308160 140737488340073 140737488340470 140737488340470 140737488351179 0
/proc/4057152/statm: 6727 3403 2098 555 0 1769 0
[pid=4057217] ppid=4057152 vsize=133984 memory=119824 CPUtime=942.17 cores=26-27
/proc/4057217/stat : 4057217 (clingo) R 4057152 4057152 4056730 0 -1 0 38310 0 0 0 94208 9 0 0 20 0 1 0 923017987 137199616 29956 17179869184 93824992301056 93824992468925 140737488338416 0 0 0 134217728 4 25184771 0 0 0 17 26 0 0 0 0 0 93824992533936 93824992571272 93824992575488 140737488340183 140737488340354 140737488340354 140737488351170 0
/proc/4057217/statm: 33496 29956 2085 41 0 29575 0
Current children cumulated CPU time: 942.24 s
Current children cumulated vsize: 160892 KiB
Current children cumulated memory: 133436 KiB

[startup+1002.3 s]
/proc/loadavg: 14.60 14.35 14.02 15/809 4057987
/proc/meminfo: memFree=373491844/528004312 swapFree=8388604/8388604
[pid=4057152] ppid=4057149 vsize=26908 memory=13612 CPUtime=0.07 cores=26-27
/proc/4057152/stat : 4057152 (perf) S 4057149 4057152 4056730 0 -1 0 1738 237 0 0 5 2 0 0 20 0 1 0 923017979 27553792 3403 17179869184 93824994299904 93824996572973 140737488338256 0 0 0 134217728 4 74274 1 0 0 17 26 0 0 0 0 0 93824998874888 93825001005840 93825001308160 140737488340073 140737488340470 140737488340470 140737488351179 0
/proc/4057152/statm: 6727 3403 2098 555 0 1769 0
[pid=4057217] ppid=4057152 vsize=137020 memory=122720 CPUtime=1002.18 cores=26-27
/proc/4057217/stat : 4057217 (clingo) R 4057152 4057152 4056730 0 -1 0 39340 0 0 0 100208 10 0 0 20 0 1 0 923017987 140308480 30680 17179869184 93824992301056 93824992468925 140737488338416 0 0 0 134217728 4 25184771 0 0 0 17 26 0 0 0 0 0 93824992533936 93824992571272 93824992575488 140737488340183 140737488340354 140737488340354 140737488351170 0
/proc/4057217/statm: 34255 30680 2085 41 0 30334 0
Current children cumulated CPU time: 1002.25 s
Current children cumulated vsize: 163928 KiB
Current children cumulated memory: 136332 KiB

[startup+1062.3 s]
/proc/loadavg: 14.26 14.30 14.02 15/809 4057989
/proc/meminfo: memFree=373451796/528004312 swapFree=8388604/8388604
[pid=4057152] ppid=4057149 vsize=26908 memory=13612 CPUtime=0.07 cores=26-27
/proc/4057152/stat : 4057152 (perf) S 4057149 4057152 4056730 0 -1 0 1738 237 0 0 5 2 0 0 20 0 1 0 923017979 27553792 3403 17179869184 93824994299904 93824996572973 140737488338256 0 0 0 134217728 4 74274 1 0 0 17 26 0 0 0 0 0 93824998874888 93825001005840 93825001308160 140737488340073 140737488340470 140737488340470 140737488351179 0
/proc/4057152/statm: 6727 3403 2098 555 0 1769 0
[pid=4057217] ppid=4057152 vsize=140372 memory=126316 CPUtime=1062.18 cores=26-27
/proc/4057217/stat : 4057217 (clingo) R 4057152 4057152 4056730 0 -1 0 41236 0 0 0 106207 11 0 0 20 0 1 0 923017987 143740928 31579 17179869184 93824992301056 93824992468925 140737488338416 0 0 0 134217728 4 25184771 0 0 0 17 26 0 0 0 0 0 93824992533936 93824992571272 93824992575488 140737488340183 140737488340354 140737488340354 140737488351170 0
/proc/4057217/statm: 35093 31579 2085 41 0 31172 0
Current children cumulated CPU time: 1062.25 s
Current children cumulated vsize: 167280 KiB
Current children cumulated memory: 139928 KiB

[startup+1122.3 s]
/proc/loadavg: 14.19 14.27 14.03 15/808 4057993
/proc/meminfo: memFree=373424064/528004312 swapFree=8388604/8388604
[pid=4057152] ppid=4057149 vsize=26908 memory=13612 CPUtime=0.07 cores=26-27
/proc/4057152/stat : 4057152 (perf) S 4057149 4057152 4056730 0 -1 0 1738 237 0 0 5 2 0 0 20 0 1 0 923017979 27553792 3403 17179869184 93824994299904 93824996572973 140737488338256 0 0 0 134217728 4 74274 1 0 0 17 26 0 0 0 0 0 93824998874888 93825001005840 93825001308160 140737488340073 140737488340470 140737488340470 140737488351179 0
/proc/4057152/statm: 6727 3403 2098 555 0 1769 0
[pid=4057217] ppid=4057152 vsize=143004 memory=128424 CPUtime=1122.18 cores=26-27
/proc/4057217/stat : 4057217 (clingo) R 4057152 4057152 4056730 0 -1 0 42035 0 0 0 112207 11 0 0 20 0 1 0 923017987 146436096 32106 17179869184 93824992301056 93824992468925 140737488338416 0 0 0 134217728 4 25184771 0 0 0 17 26 0 0 0 0 0 93824992533936 93824992571272 93824992575488 140737488340183 140737488340354 140737488340354 140737488351170 0
/proc/4057217/statm: 35751 32106 2085 41 0 31830 0
Current children cumulated CPU time: 1122.25 s
Current children cumulated vsize: 169912 KiB
Current children cumulated memory: 142036 KiB

[startup+1182.3 s]
/proc/loadavg: 14.12 14.23 14.03 15/808 4057996
/proc/meminfo: memFree=373392580/528004312 swapFree=8388604/8388604
[pid=4057152] ppid=4057149 vsize=26908 memory=13612 CPUtime=0.07 cores=26-27
/proc/4057152/stat : 4057152 (perf) S 4057149 4057152 4056730 0 -1 0 1738 237 0 0 5 2 0 0 20 0 1 0 923017979 27553792 3403 17179869184 93824994299904 93824996572973 140737488338256 0 0 0 134217728 4 74274 1 0 0 17 26 0 0 0 0 0 93824998874888 93825001005840 93825001308160 140737488340073 140737488340470 140737488340470 140737488351179 0
/proc/4057152/statm: 6727 3403 2098 555 0 1769 0
[pid=4057217] ppid=4057152 vsize=143964 memory=129628 CPUtime=1182.18 cores=26-27
/proc/4057217/stat : 4057217 (clingo) R 4057152 4057152 4056730 0 -1 0 42785 0 0 0 118206 12 0 0 20 0 1 0 923017987 147419136 32407 17179869184 93824992301056 93824992468925 140737488338416 0 0 0 134217728 4 25184771 0 0 0 17 26 0 0 0 0 0 93824992533936 93824992571272 93824992575488 140737488340183 140737488340354 140737488340354 140737488351170 0
/proc/4057217/statm: 35991 32407 2085 41 0 32070 0
Current children cumulated CPU time: 1182.25 s
Current children cumulated vsize: 170872 KiB
Current children cumulated memory: 143240 KiB



Maximum wall clock time exceeded: sending SIGTERM then SIGKILL

[startup+1205 s]*
/proc/loadavg: 14.08 14.21 14.03 14/738 4058078
/proc/meminfo: memFree=373688472/528004312 swapFree=8388604/8388604
[pid=4057152] ppid=4057149 vsize=26908 memory=13612 CPUtime=0.07 cores=26-27
/proc/4057152/stat : 4057152 (perf) S 4057149 4057152 4056730 0 -1 0 1738 237 0 0 5 2 0 0 20 0 1 0 923017979 27553792 3403 17179869184 93824994299904 93824996572973 140737488338256 0 0 0 134217728 4 74274 1 0 0 17 26 0 0 0 0 0 93824998874888 93825001005840 93825001308160 140737488340073 140737488340470 140737488340470 140737488351179 0
/proc/4057152/statm: 6727 3403 2098 555 0 1769 0
[pid=4057217] ppid=4057152 vsize=145268 memory=130656 CPUtime=1204.9 cores=26-27
/proc/4057217/stat : 4057217 (clingo) R 4057152 4057152 4056730 0 -1 0 43709 0 0 0 120478 12 0 0 20 0 1 0 923017987 148754432 32664 17179869184 93824992301056 93824992468925 140737488338416 0 0 0 134217728 4 25184771 0 0 0 17 26 0 0 0 0 0 93824992533936 93824992571272 93824992575488 140737488340183 140737488340354 140737488340354 140737488351170 0
/proc/4057217/statm: 36317 32664 2085 41 0 32396 0
Current children cumulated CPU time: 1204.97 s
Current children cumulated vsize: 172176 KiB
Current children cumulated memory: 144268 KiB

Sending SIGINT to process tree (bottom up)
Sleeping 5 seconds

[startup+1205.03 s]
# the end of solver process 4057152 was just reported to runsolver
# cumulated CPU time of all completed processes:  user=1204.84 s, system=0.152208 s

Solver just ended.
??? end of watcher thread
Dumping a history of the last processes samples

Child status: 1
Real time (s): 1205.03
CPU time (s): 1204.99
CPU user time (s): 1204.84
CPU system time (s): 0.152208
CPU usage (%): 99.9973
Max. virtual memory (cumulated for all children) (KiB): 174948
Max. memory (cumulated for all children) (KiB): 146932

getrusage(RUSAGE_CHILDREN,...) data:
user time used= 1204.84
system time used= 0.152208
maximum resident set size= 133320
integral shared memory size= 0
integral unshared data size= 0
integral unshared stack size= 0
page reclaims= 45725
page faults= 0
swaps= 0
block input operations= 0
block output operations= 0
messages sent= 0
messages received= 0
signals received= 0
voluntary context switches= 20
involuntary context switches= 910


# summary of solver processes directly reported to runsolver:
#   pid: 4057152
#   total CPU time (s): 1204.99
#   total CPU user time (s): 1204.84
#   total CPU system time (s): 0.152208

??? end of timestamper thread
runsolver used 8.47798 second user time and 14.6746 second system time

The end
