# WCTIME: wall clock time in seconds
WCTIME=1.25571
# CPUTIME: CPU time in seconds (USERTIME+SYSTEMTIME)
CPUTIME=1.2102
# USERTIME: CPU time spent in user mode in seconds
USERTIME=1.19361
# SYSTEMTIME: CPU time spent in system mode in seconds
SYSTEMTIME=0.016594
# CPUUSAGE: CPUTIME/WCTIME in percent
CPUUSAGE=96.3758
# MAXVM: maximum virtual memory used in KiB
MAXVM=63040
# TIMEOUT: did the solver exceed the time limit?
TIMEOUT=false
# MEMOUT: did the solver exceed the memory limit?
MEMOUT=false
# RETCODE: return code of the program.
RETCODE=10
# SIGNAL: signal the solver recieved.
SIGNAL=0
