runsolver version 3.4.0 (svn: 3018) Copyright (C) 2010-2013 Olivier ROUSSEL

This program is distributed in the hope that it will be useful,
but WITHOUT ANY WARRANTY; without even the implied warranty of
MERCHANTABILITY or FITNESS FOR A PARTICULAR PURPOSE.  See the
GNU General Public License for more details.

NUMA information:
  number of nodes: 2
  memory of node 0: 257635 MiB (178711 MiB free)
  memory of node 1: 257994 MiB (182916 MiB free)
  node distances:
     10  20
     20  10

command line: /dev/shm/3773c024-2e81-11f1-ac62-000c298f4621/input/runsolver -w /dev/shm/3773c024-2e81-11f1-ac62-000c298f4621/output/runsolver.log -v /dev/shm/3773c024-2e81-11f1-ac62-000c298f4621/output/varfile.log -W 1205 --rss-swap-limit 16384 -d 5 --sigint /usr/bin/perf stat -B -e task-clock,cache-references,cache-misses,cycles,instructions,branches,faults,migrations,context-switches -o /dev/shm/3773c024-2e81-11f1-ac62-000c298f4621/output/perf.log clingo /home/guests/mmacri/AMOSUM/benchmarks/GraphColouring/encoding-plain-amo.asp /dev/shm/3773c024-2e81-11f1-ac62-000c298f4621/input/0038-graph_colouring-140-0_6720.asp 

running on 2 cores: 22-23

Enforcing wall clock limit (soft limit, will send SIGTERM then SIGKILL): 1205 seconds
Enforcing RSS+Swap limit (soft limit, will send SIGTERM then SIGKILL): 16777216 KiB
Linux 5.15.0-131-generic
Current StackSize limit: 8192 KiB

solver pid=329394, runsolver pid=329393

[startup+0.100067 s]*
/proc/loadavg: 14.15 14.21 13.25 15/829 329403
/proc/meminfo: memFree=370299500/528004516 swapFree=8388604/8388604
[pid=329394] ppid=329393 vsize=26908 memory=13616 CPUtime=0.06 cores=22-23
/proc/329394/stat : 329394 (perf) S 329393 329394 329315 0 -1 0 1738 237 0 0 5 1 0 0 20 0 1 0 922980632 27553792 3404 17179869184 93824994299904 93824996572973 140737488338256 0 0 0 134217728 4 74274 1 0 0 17 22 0 0 0 0 0 93824998874888 93825001005840 93825001308160 140737488340074 140737488340471 140737488340471 140737488351179 0
/proc/329394/statm: 6727 3404 2099 555 0 1769 0
[pid=329403] ppid=329394 vsize=20372 memory=12200 CPUtime=0.03 cores=22-23
/proc/329403/stat : 329403 (clingo) R 329394 329394 329315 0 -1 0 1275 0 0 0 3 0 0 0 20 0 1 0 922980640 20860928 3050 17179869184 93824992301056 93824992468925 140737488338416 0 0 0 134217728 4 25184771 0 0 0 17 23 0 0 0 0 0 93824992533936 93824992571272 93824992575488 140737488340184 140737488340355 140737488340355 140737488351170 0
/proc/329403/statm: 5093 3050 2091 41 0 1172 0
Current children cumulated CPU time: 0.09 s
Current children cumulated vsize: 47280 KiB
Current children cumulated memory: 25816 KiB

[startup+0.242601 s]*
/proc/loadavg: 14.15 14.21 13.25 16/829 329403
/proc/meminfo: memFree=370297988/528004516 swapFree=8388604/8388604
[pid=329394] ppid=329393 vsize=26908 memory=13616 CPUtime=0.06 cores=22-23
/proc/329394/stat : 329394 (perf) S 329393 329394 329315 0 -1 0 1738 237 0 0 5 1 0 0 20 0 1 0 922980632 27553792 3404 17179869184 93824994299904 93824996572973 140737488338256 0 0 0 134217728 4 74274 1 0 0 17 22 0 0 0 0 0 93824998874888 93825001005840 93825001308160 140737488340074 140737488340471 140737488340471 140737488351179 0
/proc/329394/statm: 6727 3404 2099 555 0 1769 0
[pid=329403] ppid=329394 vsize=24212 memory=16160 CPUtime=0.15 cores=22-23
/proc/329403/stat : 329403 (clingo) R 329394 329394 329315 0 -1 0 2244 0 0 0 14 1 0 0 20 0 1 0 922980640 24793088 4040 17179869184 93824992301056 93824992468925 140737488338416 0 0 0 134217728 4 25184771 0 0 0 17 23 0 0 0 0 0 93824992533936 93824992571272 93824992575488 140737488340184 140737488340355 140737488340355 140737488351170 0
/proc/329403/statm: 6053 4040 2091 41 0 2132 0
Current children cumulated CPU time: 0.21 s
Current children cumulated vsize: 51120 KiB
Current children cumulated memory: 29776 KiB

[startup+0.334498 s]*
/proc/loadavg: 14.15 14.21 13.25 15/829 329403
/proc/meminfo: memFree=370297140/528004516 swapFree=8388604/8388604
[pid=329394] ppid=329393 vsize=26908 memory=13616 CPUtime=0.06 cores=22-23
/proc/329394/stat : 329394 (perf) S 329393 329394 329315 0 -1 0 1738 237 0 0 5 1 0 0 20 0 1 0 922980632 27553792 3404 17179869184 93824994299904 93824996572973 140737488338256 0 0 0 134217728 4 74274 1 0 0 17 22 0 0 0 0 0 93824998874888 93825001005840 93825001308160 140737488340074 140737488340471 140737488340471 140737488351179 0
/proc/329394/statm: 6727 3404 2099 555 0 1769 0
[pid=329403] ppid=329394 vsize=24876 memory=16688 CPUtime=0.22 cores=22-23
/proc/329403/stat : 329403 (clingo) R 329394 329394 329315 0 -1 0 2407 0 0 0 21 1 0 0 20 0 1 0 922980640 25473024 4172 17179869184 93824992301056 93824992468925 140737488338416 0 0 0 134217728 4 25184771 0 0 0 17 22 0 0 0 0 0 93824992533936 93824992571272 93824992575488 140737488340184 140737488340355 140737488340355 140737488351170 0
/proc/329403/statm: 6219 4172 2091 41 0 2298 0
Current children cumulated CPU time: 0.28 s
Current children cumulated vsize: 51784 KiB
Current children cumulated memory: 30304 KiB

[startup+0.700338 s]
/proc/loadavg: 14.15 14.21 13.25 15/829 329403
/proc/meminfo: memFree=370292604/528004516 swapFree=8388604/8388604
[pid=329394] ppid=329393 vsize=26908 memory=13616 CPUtime=0.06 cores=22-23
/proc/329394/stat : 329394 (perf) S 329393 329394 329315 0 -1 0 1738 237 0 0 5 1 0 0 20 0 1 0 922980632 27553792 3404 17179869184 93824994299904 93824996572973 140737488338256 0 0 0 134217728 4 74274 1 0 0 17 22 0 0 0 0 0 93824998874888 93825001005840 93825001308160 140737488340074 140737488340471 140737488340471 140737488351179 0
/proc/329394/statm: 6727 3404 2099 555 0 1769 0
[pid=329403] ppid=329394 vsize=26360 memory=18272 CPUtime=0.56 cores=22-23
/proc/329403/stat : 329403 (clingo) R 329394 329394 329315 0 -1 0 2796 0 0 0 55 1 0 0 20 0 1 0 922980640 26992640 4568 17179869184 93824992301056 93824992468925 140737488338416 0 0 0 134217728 4 25184771 0 0 0 17 22 0 0 0 0 0 93824992533936 93824992571272 93824992575488 140737488340184 140737488340355 140737488340355 140737488351170 0
/proc/329403/statm: 6590 4568 2091 41 0 2669 0
Current children cumulated CPU time: 0.62 s
Current children cumulated vsize: 53268 KiB
Current children cumulated memory: 31888 KiB

[startup+1.50035 s]
/proc/loadavg: 14.15 14.21 13.25 15/829 329403
/proc/meminfo: memFree=370284792/528004516 swapFree=8388604/8388604
[pid=329394] ppid=329393 vsize=26908 memory=13616 CPUtime=0.06 cores=22-23
/proc/329394/stat : 329394 (perf) S 329393 329394 329315 0 -1 0 1738 237 0 0 5 1 0 0 20 0 1 0 922980632 27553792 3404 17179869184 93824994299904 93824996572973 140737488338256 0 0 0 134217728 4 74274 1 0 0 17 22 0 0 0 0 0 93824998874888 93825001005840 93825001308160 140737488340074 140737488340471 140737488340471 140737488351179 0
/proc/329394/statm: 6727 3404 2099 555 0 1769 0
[pid=329403] ppid=329394 vsize=28224 memory=20120 CPUtime=1.36 cores=22-23
/proc/329403/stat : 329403 (clingo) R 329394 329394 329315 0 -1 0 3245 0 0 0 135 1 0 0 20 0 1 0 922980640 28901376 5030 17179869184 93824992301056 93824992468925 140737488338416 0 0 0 134217728 4 25184771 0 0 0 17 22 0 0 0 0 0 93824992533936 93824992571272 93824992575488 140737488340184 140737488340355 140737488340355 140737488351170 0
/proc/329403/statm: 7056 5030 2091 41 0 3135 0
Current children cumulated CPU time: 1.42 s
Current children cumulated vsize: 55132 KiB
Current children cumulated memory: 33736 KiB

[startup+3.12021 s]
/proc/loadavg: 14.15 14.21 13.25 15/829 329403
/proc/meminfo: memFree=370261616/528004516 swapFree=8388604/8388604
[pid=329394] ppid=329393 vsize=26908 memory=13616 CPUtime=0.06 cores=22-23
/proc/329394/stat : 329394 (perf) S 329393 329394 329315 0 -1 0 1738 237 0 0 5 1 0 0 20 0 1 0 922980632 27553792 3404 17179869184 93824994299904 93824996572973 140737488338256 0 0 0 134217728 4 74274 1 0 0 17 22 0 0 0 0 0 93824998874888 93825001005840 93825001308160 140737488340074 140737488340471 140737488340471 140737488351179 0
/proc/329394/statm: 6727 3404 2099 555 0 1769 0
[pid=329403] ppid=329394 vsize=31300 memory=23024 CPUtime=2.98 cores=22-23
/proc/329403/stat : 329403 (clingo) R 329394 329394 329315 0 -1 0 3944 0 0 0 297 1 0 0 20 0 1 0 922980640 32051200 5756 17179869184 93824992301056 93824992468925 140737488338416 0 0 0 134217728 4 25184771 0 0 0 17 22 0 0 0 0 0 93824992533936 93824992571272 93824992575488 140737488340184 140737488340355 140737488340355 140737488351170 0
/proc/329403/statm: 7825 5756 2091 41 0 3904 0
Current children cumulated CPU time: 3.04 s
Current children cumulated vsize: 58208 KiB
Current children cumulated memory: 36640 KiB

[startup+6.30028 s]
/proc/loadavg: 14.14 14.21 13.26 15/829 329403
/proc/meminfo: memFree=370230676/528004516 swapFree=8388604/8388604
[pid=329394] ppid=329393 vsize=26908 memory=13616 CPUtime=0.06 cores=22-23
/proc/329394/stat : 329394 (perf) S 329393 329394 329315 0 -1 0 1738 237 0 0 5 1 0 0 20 0 1 0 922980632 27553792 3404 17179869184 93824994299904 93824996572973 140737488338256 0 0 0 134217728 4 74274 1 0 0 17 22 0 0 0 0 0 93824998874888 93825001005840 93825001308160 140737488340074 140737488340471 140737488340471 140737488351179 0
/proc/329394/statm: 6727 3404 2099 555 0 1769 0
[pid=329403] ppid=329394 vsize=34972 memory=26192 CPUtime=6.16 cores=22-23
/proc/329403/stat : 329403 (clingo) R 329394 329394 329315 0 -1 0 4772 0 0 0 615 1 0 0 20 0 1 0 922980640 35811328 6548 17179869184 93824992301056 93824992468925 140737488338416 0 0 0 134217728 4 25184771 0 0 0 17 22 0 0 0 0 0 93824992533936 93824992571272 93824992575488 140737488340184 140737488340355 140737488340355 140737488351170 0
/proc/329403/statm: 8743 6548 2091 41 0 4822 0
Current children cumulated CPU time: 6.22 s
Current children cumulated vsize: 61880 KiB
Current children cumulated memory: 39808 KiB

[startup+12.7003 s]
/proc/loadavg: 14.13 14.20 13.26 15/829 329403
/proc/meminfo: memFree=370181620/528004516 swapFree=8388604/8388604
[pid=329394] ppid=329393 vsize=26908 memory=13616 CPUtime=0.06 cores=22-23
/proc/329394/stat : 329394 (perf) S 329393 329394 329315 0 -1 0 1738 237 0 0 5 1 0 0 20 0 1 0 922980632 27553792 3404 17179869184 93824994299904 93824996572973 140737488338256 0 0 0 134217728 4 74274 1 0 0 17 22 0 0 0 0 0 93824998874888 93825001005840 93825001308160 140737488340074 140737488340471 140737488340471 140737488351179 0
/proc/329394/statm: 6727 3404 2099 555 0 1769 0
[pid=329403] ppid=329394 vsize=38368 memory=29360 CPUtime=12.56 cores=22-23
/proc/329403/stat : 329403 (clingo) R 329394 329394 329315 0 -1 0 5573 0 0 0 1255 1 0 0 20 0 1 0 922980640 39288832 7340 17179869184 93824992301056 93824992468925 140737488338416 0 0 0 134217728 4 25184771 0 0 0 17 22 0 0 0 0 0 93824992533936 93824992571272 93824992575488 140737488340184 140737488340355 140737488340355 140737488351170 0
/proc/329403/statm: 9592 7340 2091 41 0 5671 0
Current children cumulated CPU time: 12.62 s
Current children cumulated vsize: 65276 KiB
Current children cumulated memory: 42976 KiB

[startup+25.5003 s]
/proc/loadavg: 14.03 14.18 13.27 15/829 329507
/proc/meminfo: memFree=370215408/528004516 swapFree=8388604/8388604
[pid=329394] ppid=329393 vsize=26908 memory=13616 CPUtime=0.06 cores=22-23
/proc/329394/stat : 329394 (perf) S 329393 329394 329315 0 -1 0 1738 237 0 0 5 1 0 0 20 0 1 0 922980632 27553792 3404 17179869184 93824994299904 93824996572973 140737488338256 0 0 0 134217728 4 74274 1 0 0 17 22 0 0 0 0 0 93824998874888 93825001005840 93825001308160 140737488340074 140737488340471 140737488340471 140737488351179 0
/proc/329394/statm: 6727 3404 2099 555 0 1769 0
[pid=329403] ppid=329394 vsize=42328 memory=32792 CPUtime=25.36 cores=22-23
/proc/329403/stat : 329403 (clingo) R 329394 329394 329315 0 -1 0 6433 0 0 0 2535 1 0 0 20 0 1 0 922980640 43343872 8198 17179869184 93824992301056 93824992468925 140737488338416 0 0 0 134217728 4 25184771 0 0 0 17 22 0 0 0 0 0 93824992533936 93824992571272 93824992575488 140737488340184 140737488340355 140737488340355 140737488351170 0
/proc/329403/statm: 10582 8198 2091 41 0 6661 0
Current children cumulated CPU time: 25.42 s
Current children cumulated vsize: 69236 KiB
Current children cumulated memory: 46408 KiB

[startup+51.1201 s]
/proc/loadavg: 14.02 14.16 13.29 15/828 329507
/proc/meminfo: memFree=370112608/528004516 swapFree=8388604/8388604
[pid=329394] ppid=329393 vsize=26908 memory=13616 CPUtime=0.06 cores=22-23
/proc/329394/stat : 329394 (perf) S 329393 329394 329315 0 -1 0 1738 237 0 0 5 1 0 0 20 0 1 0 922980632 27553792 3404 17179869184 93824994299904 93824996572973 140737488338256 0 0 0 134217728 4 74274 1 0 0 17 22 0 0 0 0 0 93824998874888 93825001005840 93825001308160 140737488340074 140737488340471 140737488340471 140737488351179 0
/proc/329394/statm: 6727 3404 2099 555 0 1769 0
[pid=329403] ppid=329394 vsize=47824 memory=38336 CPUtime=50.98 cores=22-23
/proc/329403/stat : 329403 (clingo) R 329394 329394 329315 0 -1 0 7771 0 0 0 5096 2 0 0 20 0 1 0 922980640 48971776 9584 17179869184 93824992301056 93824992468925 140737488338416 0 0 0 134217728 4 25184771 0 0 0 17 22 0 0 0 0 0 93824992533936 93824992571272 93824992575488 140737488340184 140737488340355 140737488340355 140737488351170 0
/proc/329403/statm: 11956 9584 2091 41 0 8035 0
Current children cumulated CPU time: 51.04 s
Current children cumulated vsize: 74732 KiB
Current children cumulated memory: 51952 KiB

[startup+102.3 s]
/proc/loadavg: 14.22 14.21 13.36 15/829 329554
/proc/meminfo: memFree=369975108/528004516 swapFree=8388604/8388604
[pid=329394] ppid=329393 vsize=26908 memory=13616 CPUtime=0.06 cores=22-23
/proc/329394/stat : 329394 (perf) S 329393 329394 329315 0 -1 0 1738 237 0 0 5 1 0 0 20 0 1 0 922980632 27553792 3404 17179869184 93824994299904 93824996572973 140737488338256 0 0 0 134217728 4 74274 1 0 0 17 22 0 0 0 0 0 93824998874888 93825001005840 93825001308160 140737488340074 140737488340471 140737488340471 140737488351179 0
/proc/329394/statm: 6727 3404 2099 555 0 1769 0
[pid=329403] ppid=329394 vsize=58068 memory=47048 CPUtime=102.16 cores=22-23
/proc/329403/stat : 329403 (clingo) R 329394 329394 329315 0 -1 0 9985 0 0 0 10214 2 0 0 20 0 1 0 922980640 59461632 11762 17179869184 93824992301056 93824992468925 140737488338416 0 0 0 134217728 4 25184771 0 0 0 17 22 0 0 0 0 0 93824992533936 93824992571272 93824992575488 140737488340184 140737488340355 140737488340355 140737488351170 0
/proc/329403/statm: 14517 11762 2091 41 0 10596 0
Current children cumulated CPU time: 102.22 s
Current children cumulated vsize: 84976 KiB
Current children cumulated memory: 60664 KiB

[startup+162.3 s]
/proc/loadavg: 14.08 14.17 13.40 15/829 329557
/proc/meminfo: memFree=369872016/528004516 swapFree=8388604/8388604
[pid=329394] ppid=329393 vsize=26908 memory=13616 CPUtime=0.06 cores=22-23
/proc/329394/stat : 329394 (perf) S 329393 329394 329315 0 -1 0 1738 237 0 0 5 1 0 0 20 0 1 0 922980632 27553792 3404 17179869184 93824994299904 93824996572973 140737488338256 0 0 0 134217728 4 74274 1 0 0 17 22 0 0 0 0 0 93824998874888 93825001005840 93825001308160 140737488340074 140737488340471 140737488340471 140737488351179 0
/proc/329394/statm: 6727 3404 2099 555 0 1769 0
[pid=329403] ppid=329394 vsize=63592 memory=52592 CPUtime=162.16 cores=22-23
/proc/329403/stat : 329403 (clingo) R 329394 329394 329315 0 -1 0 11331 0 0 0 16214 2 0 0 20 0 1 0 922980640 65118208 13148 17179869184 93824992301056 93824992468925 140737488338416 0 0 0 134217728 4 25184771 0 0 0 17 22 0 0 0 0 0 93824992533936 93824992571272 93824992575488 140737488340184 140737488340355 140737488340355 140737488351170 0
/proc/329403/statm: 15898 13148 2091 41 0 11977 0
Current children cumulated CPU time: 162.22 s
Current children cumulated vsize: 90500 KiB
Current children cumulated memory: 66208 KiB

[startup+222.3 s]
/proc/loadavg: 14.03 14.14 13.44 15/829 329560
/proc/meminfo: memFree=369782260/528004516 swapFree=8388604/8388604
[pid=329394] ppid=329393 vsize=26908 memory=13616 CPUtime=0.06 cores=22-23
/proc/329394/stat : 329394 (perf) S 329393 329394 329315 0 -1 0 1738 237 0 0 5 1 0 0 20 0 1 0 922980632 27553792 3404 17179869184 93824994299904 93824996572973 140737488338256 0 0 0 134217728 4 74274 1 0 0 17 22 0 0 0 0 0 93824998874888 93825001005840 93825001308160 140737488340074 140737488340471 140737488340471 140737488351179 0
/proc/329394/statm: 6727 3404 2099 555 0 1769 0
[pid=329403] ppid=329394 vsize=67448 memory=56288 CPUtime=222.16 cores=22-23
/proc/329403/stat : 329403 (clingo) R 329394 329394 329315 0 -1 0 12275 0 0 0 22213 3 0 0 20 0 1 0 922980640 69066752 14072 17179869184 93824992301056 93824992468925 140737488338416 0 0 0 134217728 4 25184771 0 0 0 17 22 0 0 0 0 0 93824992533936 93824992571272 93824992575488 140737488340184 140737488340355 140737488340355 140737488351170 0
/proc/329403/statm: 16862 14072 2091 41 0 12941 0
Current children cumulated CPU time: 222.22 s
Current children cumulated vsize: 94356 KiB
Current children cumulated memory: 69904 KiB

[startup+282.3 s]
/proc/loadavg: 14.01 14.11 13.48 15/829 329563
/proc/meminfo: memFree=369702880/528004516 swapFree=8388604/8388604
[pid=329394] ppid=329393 vsize=26908 memory=13616 CPUtime=0.06 cores=22-23
/proc/329394/stat : 329394 (perf) S 329393 329394 329315 0 -1 0 1738 237 0 0 5 1 0 0 20 0 1 0 922980632 27553792 3404 17179869184 93824994299904 93824996572973 140737488338256 0 0 0 134217728 4 74274 1 0 0 17 22 0 0 0 0 0 93824998874888 93825001005840 93825001308160 140737488340074 140737488340471 140737488340471 140737488351179 0
/proc/329394/statm: 6727 3404 2099 555 0 1769 0
[pid=329403] ppid=329394 vsize=76364 memory=63680 CPUtime=282.16 cores=22-23
/proc/329403/stat : 329403 (clingo) R 329394 329394 329315 0 -1 0 14128 0 0 0 28213 3 0 0 20 0 1 0 922980640 78196736 15920 17179869184 93824992301056 93824992468925 140737488338416 0 0 0 134217728 4 25184771 0 0 0 17 22 0 0 0 0 0 93824992533936 93824992571272 93824992575488 140737488340184 140737488340355 140737488340355 140737488351170 0
/proc/329403/statm: 19091 15920 2091 41 0 15170 0
Current children cumulated CPU time: 282.22 s
Current children cumulated vsize: 103272 KiB
Current children cumulated memory: 77296 KiB

[startup+342.3 s]
/proc/loadavg: 15.51 14.52 13.66 15/810 329568
/proc/meminfo: memFree=369630968/528004516 swapFree=8388604/8388604
[pid=329394] ppid=329393 vsize=26908 memory=13616 CPUtime=0.06 cores=22-23
/proc/329394/stat : 329394 (perf) S 329393 329394 329315 0 -1 0 1738 237 0 0 5 1 0 0 20 0 1 0 922980632 27553792 3404 17179869184 93824994299904 93824996572973 140737488338256 0 0 0 134217728 4 74274 1 0 0 17 22 0 0 0 0 0 93824998874888 93825001005840 93825001308160 140737488340074 140737488340471 140737488340471 140737488351179 0
/proc/329394/statm: 6727 3404 2099 555 0 1769 0
[pid=329403] ppid=329394 vsize=82432 memory=68960 CPUtime=342.16 cores=22-23
/proc/329403/stat : 329403 (clingo) R 329394 329394 329315 0 -1 0 15427 0 0 0 34213 3 0 0 20 0 1 0 922980640 84410368 17240 17179869184 93824992301056 93824992468925 140737488338416 0 0 0 134217728 4 25184771 0 0 0 17 22 0 0 0 0 0 93824992533936 93824992571272 93824992575488 140737488340184 140737488340355 140737488340355 140737488351170 0
/proc/329403/statm: 20608 17240 2091 41 0 16687 0
Current children cumulated CPU time: 342.22 s
Current children cumulated vsize: 109340 KiB
Current children cumulated memory: 82576 KiB

[startup+402.3 s]
/proc/loadavg: 14.61 14.44 13.69 15/807 329570
/proc/meminfo: memFree=369569496/528004516 swapFree=8388604/8388604
[pid=329394] ppid=329393 vsize=26908 memory=13616 CPUtime=0.06 cores=22-23
/proc/329394/stat : 329394 (perf) S 329393 329394 329315 0 -1 0 1738 237 0 0 5 1 0 0 20 0 1 0 922980632 27553792 3404 17179869184 93824994299904 93824996572973 140737488338256 0 0 0 134217728 4 74274 1 0 0 17 22 0 0 0 0 0 93824998874888 93825001005840 93825001308160 140737488340074 140737488340471 140737488340471 140737488351179 0
/proc/329394/statm: 6727 3404 2099 555 0 1769 0
[pid=329403] ppid=329394 vsize=85656 memory=71864 CPUtime=402.16 cores=22-23
/proc/329403/stat : 329403 (clingo) R 329394 329394 329315 0 -1 0 16200 0 0 0 40212 4 0 0 20 0 1 0 922980640 87711744 17966 17179869184 93824992301056 93824992468925 140737488338416 0 0 0 134217728 4 25184771 0 0 0 17 22 0 0 0 0 0 93824992533936 93824992571272 93824992575488 140737488340184 140737488340355 140737488340355 140737488351170 0
/proc/329403/statm: 21414 17966 2091 41 0 17493 0
Current children cumulated CPU time: 402.22 s
Current children cumulated vsize: 112564 KiB
Current children cumulated memory: 85480 KiB

[startup+462.3 s]
/proc/loadavg: 14.22 14.35 13.71 15/808 329574
/proc/meminfo: memFree=369510328/528004516 swapFree=8388604/8388604
[pid=329394] ppid=329393 vsize=26908 memory=13616 CPUtime=0.06 cores=22-23
/proc/329394/stat : 329394 (perf) S 329393 329394 329315 0 -1 0 1738 237 0 0 5 1 0 0 20 0 1 0 922980632 27553792 3404 17179869184 93824994299904 93824996572973 140737488338256 0 0 0 134217728 4 74274 1 0 0 17 22 0 0 0 0 0 93824998874888 93825001005840 93825001308160 140737488340074 140737488340471 140737488340471 140737488351179 0
/proc/329394/statm: 6727 3404 2099 555 0 1769 0
[pid=329403] ppid=329394 vsize=89832 memory=76088 CPUtime=462.16 cores=22-23
/proc/329403/stat : 329403 (clingo) R 329394 329394 329315 0 -1 0 17231 0 0 0 46212 4 0 0 20 0 1 0 922980640 91987968 19022 17179869184 93824992301056 93824992468925 140737488338416 0 0 0 134217728 4 25184771 0 0 0 17 22 0 0 0 0 0 93824992533936 93824992571272 93824992575488 140737488340184 140737488340355 140737488340355 140737488351170 0
/proc/329403/statm: 22458 19022 2091 41 0 18537 0
Current children cumulated CPU time: 462.22 s
Current children cumulated vsize: 116740 KiB
Current children cumulated memory: 89704 KiB

[startup+522.3 s]
/proc/loadavg: 14.08 14.29 13.73 15/808 329578
/proc/meminfo: memFree=369468576/528004516 swapFree=8388604/8388604
[pid=329394] ppid=329393 vsize=26908 memory=13616 CPUtime=0.06 cores=22-23
/proc/329394/stat : 329394 (perf) S 329393 329394 329315 0 -1 0 1738 237 0 0 5 1 0 0 20 0 1 0 922980632 27553792 3404 17179869184 93824994299904 93824996572973 140737488338256 0 0 0 134217728 4 74274 1 0 0 17 22 0 0 0 0 0 93824998874888 93825001005840 93825001308160 140737488340074 140737488340471 140737488340471 140737488351179 0
/proc/329394/statm: 6727 3404 2099 555 0 1769 0
[pid=329403] ppid=329394 vsize=92108 memory=78200 CPUtime=522.16 cores=22-23
/proc/329403/stat : 329403 (clingo) R 329394 329394 329315 0 -1 0 17792 0 0 0 52212 4 0 0 20 0 1 0 922980640 94318592 19550 17179869184 93824992301056 93824992468925 140737488338416 0 0 0 134217728 4 25184771 0 0 0 17 22 0 0 0 0 0 93824992533936 93824992571272 93824992575488 140737488340184 140737488340355 140737488340355 140737488351170 0
/proc/329403/statm: 23027 19550 2091 41 0 19106 0
Current children cumulated CPU time: 522.22 s
Current children cumulated vsize: 119016 KiB
Current children cumulated memory: 91816 KiB

[startup+582.3 s]
/proc/loadavg: 14.37 14.31 13.78 15/809 329582
/proc/meminfo: memFree=369412416/528004516 swapFree=8388604/8388604
[pid=329394] ppid=329393 vsize=26908 memory=13616 CPUtime=0.06 cores=22-23
/proc/329394/stat : 329394 (perf) S 329393 329394 329315 0 -1 0 1738 237 0 0 5 1 0 0 20 0 1 0 922980632 27553792 3404 17179869184 93824994299904 93824996572973 140737488338256 0 0 0 134217728 4 74274 1 0 0 17 22 0 0 0 0 0 93824998874888 93825001005840 93825001308160 140737488340074 140737488340471 140737488340471 140737488351179 0
/proc/329394/statm: 6727 3404 2099 555 0 1769 0
[pid=329403] ppid=329394 vsize=93244 memory=79520 CPUtime=582.16 cores=22-23
/proc/329403/stat : 329403 (clingo) R 329394 329394 329315 0 -1 0 18116 0 0 0 58212 4 0 0 20 0 1 0 922980640 95481856 19880 17179869184 93824992301056 93824992468925 140737488338416 0 0 0 134217728 4 25184771 0 0 0 17 22 0 0 0 0 0 93824992533936 93824992571272 93824992575488 140737488340184 140737488340355 140737488340355 140737488351170 0
/proc/329403/statm: 23311 19880 2091 41 0 19390 0
Current children cumulated CPU time: 582.22 s
Current children cumulated vsize: 120152 KiB
Current children cumulated memory: 93136 KiB

[startup+642.3 s]
/proc/loadavg: 14.13 14.26 13.80 15/808 329585
/proc/meminfo: memFree=369371120/528004516 swapFree=8388604/8388604
[pid=329394] ppid=329393 vsize=26908 memory=13616 CPUtime=0.06 cores=22-23
/proc/329394/stat : 329394 (perf) S 329393 329394 329315 0 -1 0 1738 237 0 0 5 1 0 0 20 0 1 0 922980632 27553792 3404 17179869184 93824994299904 93824996572973 140737488338256 0 0 0 134217728 4 74274 1 0 0 17 22 0 0 0 0 0 93824998874888 93825001005840 93825001308160 140737488340074 140737488340471 140737488340471 140737488351179 0
/proc/329394/statm: 6727 3404 2099 555 0 1769 0
[pid=329403] ppid=329394 vsize=96140 memory=82424 CPUtime=642.16 cores=22-23
/proc/329403/stat : 329403 (clingo) R 329394 329394 329315 0 -1 0 18784 0 0 0 64212 4 0 0 20 0 1 0 922980640 98447360 20606 17179869184 93824992301056 93824992468925 140737488338416 0 0 0 134217728 4 25184771 0 0 0 17 22 0 0 0 0 0 93824992533936 93824992571272 93824992575488 140737488340184 140737488340355 140737488340355 140737488351170 0
/proc/329403/statm: 24035 20606 2091 41 0 20114 0
Current children cumulated CPU time: 642.22 s
Current children cumulated vsize: 123048 KiB
Current children cumulated memory: 96040 KiB

[startup+702.3 s]
/proc/loadavg: 14.05 14.21 13.81 15/809 329589
/proc/meminfo: memFree=369323272/528004516 swapFree=8388604/8388604
[pid=329394] ppid=329393 vsize=26908 memory=13616 CPUtime=0.06 cores=22-23
/proc/329394/stat : 329394 (perf) S 329393 329394 329315 0 -1 0 1738 237 0 0 5 1 0 0 20 0 1 0 922980632 27553792 3404 17179869184 93824994299904 93824996572973 140737488338256 0 0 0 134217728 4 74274 1 0 0 17 22 0 0 0 0 0 93824998874888 93825001005840 93825001308160 140737488340074 140737488340471 140737488340471 140737488351179 0
/proc/329394/statm: 6727 3404 2099 555 0 1769 0
[pid=329403] ppid=329394 vsize=97564 memory=84272 CPUtime=702.16 cores=22-23
/proc/329403/stat : 329403 (clingo) R 329394 329394 329315 0 -1 0 19257 0 0 0 70212 4 0 0 20 0 1 0 922980640 99905536 21068 17179869184 93824992301056 93824992468925 140737488338416 0 0 0 134217728 4 25184771 0 0 0 17 22 0 0 0 0 0 93824992533936 93824992571272 93824992575488 140737488340184 140737488340355 140737488340355 140737488351170 0
/proc/329403/statm: 24391 21068 2091 41 0 20470 0
Current children cumulated CPU time: 702.22 s
Current children cumulated vsize: 124472 KiB
Current children cumulated memory: 97888 KiB

[startup+762.3 s]
/proc/loadavg: 14.32 14.23 13.85 15/810 329592
/proc/meminfo: memFree=369276148/528004516 swapFree=8388604/8388604
[pid=329394] ppid=329393 vsize=26908 memory=13616 CPUtime=0.06 cores=22-23
/proc/329394/stat : 329394 (perf) S 329393 329394 329315 0 -1 0 1738 237 0 0 5 1 0 0 20 0 1 0 922980632 27553792 3404 17179869184 93824994299904 93824996572973 140737488338256 0 0 0 134217728 4 74274 1 0 0 17 22 0 0 0 0 0 93824998874888 93825001005840 93825001308160 140737488340074 140737488340471 140737488340471 140737488351179 0
/proc/329394/statm: 6727 3404 2099 555 0 1769 0
[pid=329403] ppid=329394 vsize=99760 memory=86384 CPUtime=762.16 cores=22-23
/proc/329403/stat : 329403 (clingo) R 329394 329394 329315 0 -1 0 19812 0 0 0 76212 4 0 0 20 0 1 0 922980640 102154240 21596 17179869184 93824992301056 93824992468925 140737488338416 0 0 0 134217728 4 25184771 0 0 0 17 22 0 0 0 0 0 93824992533936 93824992571272 93824992575488 140737488340184 140737488340355 140737488340355 140737488351170 0
/proc/329403/statm: 24940 21596 2091 41 0 21019 0
Current children cumulated CPU time: 762.22 s
Current children cumulated vsize: 126668 KiB
Current children cumulated memory: 100000 KiB

[startup+822.3 s]
/proc/loadavg: 15.19 14.51 13.97 15/810 329595
/proc/meminfo: memFree=369232064/528004516 swapFree=8388604/8388604
[pid=329394] ppid=329393 vsize=26908 memory=13616 CPUtime=0.06 cores=22-23
/proc/329394/stat : 329394 (perf) S 329393 329394 329315 0 -1 0 1738 237 0 0 5 1 0 0 20 0 1 0 922980632 27553792 3404 17179869184 93824994299904 93824996572973 140737488338256 0 0 0 134217728 4 74274 1 0 0 17 22 0 0 0 0 0 93824998874888 93825001005840 93825001308160 140737488340074 140737488340471 140737488340471 140737488351179 0
/proc/329394/statm: 6727 3404 2099 555 0 1769 0
[pid=329403] ppid=329394 vsize=104944 memory=90872 CPUtime=822.16 cores=22-23
/proc/329403/stat : 329403 (clingo) R 329394 329394 329315 0 -1 0 20934 0 0 0 82211 5 0 0 20 0 1 0 922980640 107462656 22718 17179869184 93824992301056 93824992468925 140737488338416 0 0 0 134217728 4 25184771 0 0 0 17 22 0 0 0 0 0 93824992533936 93824992571272 93824992575488 140737488340184 140737488340355 140737488340355 140737488351170 0
/proc/329403/statm: 26236 22718 2091 41 0 22315 0
Current children cumulated CPU time: 822.22 s
Current children cumulated vsize: 131852 KiB
Current children cumulated memory: 104488 KiB

[startup+882.3 s]
/proc/loadavg: 14.59 14.45 13.99 15/810 329598
/proc/meminfo: memFree=369188752/528004516 swapFree=8388604/8388604
[pid=329394] ppid=329393 vsize=26908 memory=13616 CPUtime=0.06 cores=22-23
/proc/329394/stat : 329394 (perf) S 329393 329394 329315 0 -1 0 1738 237 0 0 5 1 0 0 20 0 1 0 922980632 27553792 3404 17179869184 93824994299904 93824996572973 140737488338256 0 0 0 134217728 4 74274 1 0 0 17 22 0 0 0 0 0 93824998874888 93825001005840 93825001308160 140737488340074 140737488340471 140737488340471 140737488351179 0
/proc/329394/statm: 6727 3404 2099 555 0 1769 0
[pid=329403] ppid=329394 vsize=108112 memory=93512 CPUtime=882.16 cores=22-23
/proc/329403/stat : 329403 (clingo) R 329394 329394 329315 0 -1 0 21578 0 0 0 88211 5 0 0 20 0 1 0 922980640 110706688 23378 17179869184 93824992301056 93824992468925 140737488338416 0 0 0 134217728 4 25184771 0 0 0 17 22 0 0 0 0 0 93824992533936 93824992571272 93824992575488 140737488340184 140737488340355 140737488340355 140737488351170 0
/proc/329403/statm: 27028 23378 2091 41 0 23107 0
Current children cumulated CPU time: 882.22 s
Current children cumulated vsize: 135020 KiB
Current children cumulated memory: 107128 KiB

[startup+942.3 s]
/proc/loadavg: 14.28 14.39 14.00 15/810 329602
/proc/meminfo: memFree=369152496/528004516 swapFree=8388604/8388604
[pid=329394] ppid=329393 vsize=26908 memory=13616 CPUtime=0.06 cores=22-23
/proc/329394/stat : 329394 (perf) S 329393 329394 329315 0 -1 0 1738 237 0 0 5 1 0 0 20 0 1 0 922980632 27553792 3404 17179869184 93824994299904 93824996572973 140737488338256 0 0 0 134217728 4 74274 1 0 0 17 22 0 0 0 0 0 93824998874888 93825001005840 93825001308160 140737488340074 140737488340471 140737488340471 140737488351179 0
/proc/329394/statm: 6727 3404 2099 555 0 1769 0
[pid=329403] ppid=329394 vsize=110992 memory=95888 CPUtime=942.16 cores=22-23
/proc/329403/stat : 329403 (clingo) R 329394 329394 329315 0 -1 0 22184 0 0 0 94211 5 0 0 20 0 1 0 922980640 113655808 23972 17179869184 93824992301056 93824992468925 140737488338416 0 0 0 134217728 4 25184771 0 0 0 17 22 0 0 0 0 0 93824992533936 93824992571272 93824992575488 140737488340184 140737488340355 140737488340355 140737488351170 0
/proc/329403/statm: 27748 23972 2091 41 0 23827 0
Current children cumulated CPU time: 942.22 s
Current children cumulated vsize: 137900 KiB
Current children cumulated memory: 109504 KiB

[startup+1002.3 s]
/proc/loadavg: 14.10 14.32 14.00 15/809 329605
/proc/meminfo: memFree=369113184/528004516 swapFree=8388604/8388604
[pid=329394] ppid=329393 vsize=26908 memory=13616 CPUtime=0.06 cores=22-23
/proc/329394/stat : 329394 (perf) S 329393 329394 329315 0 -1 0 1738 237 0 0 5 1 0 0 20 0 1 0 922980632 27553792 3404 17179869184 93824994299904 93824996572973 140737488338256 0 0 0 134217728 4 74274 1 0 0 17 22 0 0 0 0 0 93824998874888 93825001005840 93825001308160 140737488340074 140737488340471 140737488340471 140737488351179 0
/proc/329394/statm: 6727 3404 2099 555 0 1769 0
[pid=329403] ppid=329394 vsize=113584 memory=98000 CPUtime=1002.16 cores=22-23
/proc/329403/stat : 329403 (clingo) R 329394 329394 329315 0 -1 0 22734 0 0 0 100211 5 0 0 20 0 1 0 922980640 116310016 24500 17179869184 93824992301056 93824992468925 140737488338416 0 0 0 134217728 4 25184771 0 0 0 17 22 0 0 0 0 0 93824992533936 93824992571272 93824992575488 140737488340184 140737488340355 140737488340355 140737488351170 0
/proc/329403/statm: 28396 24500 2091 41 0 24475 0
Current children cumulated CPU time: 1002.22 s
Current children cumulated vsize: 140492 KiB
Current children cumulated memory: 111616 KiB

[startup+1062.3 s]
/proc/loadavg: 14.12 14.27 14.01 15/808 329608
/proc/meminfo: memFree=369072124/528004516 swapFree=8388604/8388604
[pid=329394] ppid=329393 vsize=26908 memory=13616 CPUtime=0.06 cores=22-23
/proc/329394/stat : 329394 (perf) S 329393 329394 329315 0 -1 0 1738 237 0 0 5 1 0 0 20 0 1 0 922980632 27553792 3404 17179869184 93824994299904 93824996572973 140737488338256 0 0 0 134217728 4 74274 1 0 0 17 22 0 0 0 0 0 93824998874888 93825001005840 93825001308160 140737488340074 140737488340471 140737488340471 140737488351179 0
/proc/329394/statm: 6727 3404 2099 555 0 1769 0
[pid=329403] ppid=329394 vsize=117904 memory=101696 CPUtime=1062.16 cores=22-23
/proc/329403/stat : 329403 (clingo) R 329394 329394 329315 0 -1 0 23629 0 0 0 106211 5 0 0 20 0 1 0 922980640 120733696 25424 17179869184 93824992301056 93824992468925 140737488338416 0 0 0 134217728 4 25184771 0 0 0 17 22 0 0 0 0 0 93824992533936 93824992571272 93824992575488 140737488340184 140737488340355 140737488340355 140737488351170 0
/proc/329403/statm: 29476 25424 2091 41 0 25555 0
Current children cumulated CPU time: 1062.22 s
Current children cumulated vsize: 144812 KiB
Current children cumulated memory: 115312 KiB

[startup+1122.3 s]
/proc/loadavg: 14.04 14.22 14.00 15/809 329612
/proc/meminfo: memFree=369040424/528004516 swapFree=8388604/8388604
[pid=329394] ppid=329393 vsize=26908 memory=13616 CPUtime=0.06 cores=22-23
/proc/329394/stat : 329394 (perf) S 329393 329394 329315 0 -1 0 1738 237 0 0 5 1 0 0 20 0 1 0 922980632 27553792 3404 17179869184 93824994299904 93824996572973 140737488338256 0 0 0 134217728 4 74274 1 0 0 17 22 0 0 0 0 0 93824998874888 93825001005840 93825001308160 140737488340074 140737488340471 140737488340471 140737488351179 0
/proc/329394/statm: 6727 3404 2099 555 0 1769 0
[pid=329403] ppid=329394 vsize=121648 memory=104864 CPUtime=1122.16 cores=22-23
/proc/329403/stat : 329403 (clingo) R 329394 329394 329315 0 -1 0 24393 0 0 0 112211 5 0 0 20 0 1 0 922980640 124567552 26216 17179869184 93824992301056 93824992468925 140737488338416 0 0 0 134217728 4 25184771 0 0 0 17 22 0 0 0 0 0 93824992533936 93824992571272 93824992575488 140737488340184 140737488340355 140737488340355 140737488351170 0
/proc/329403/statm: 30412 26216 2091 41 0 26491 0
Current children cumulated CPU time: 1122.22 s
Current children cumulated vsize: 148556 KiB
Current children cumulated memory: 118480 KiB

[startup+1182.3 s]
/proc/loadavg: 14.01 14.18 14.00 15/810 329616
/proc/meminfo: memFree=369006404/528004516 swapFree=8388604/8388604
[pid=329394] ppid=329393 vsize=26908 memory=13616 CPUtime=0.06 cores=22-23
/proc/329394/stat : 329394 (perf) S 329393 329394 329315 0 -1 0 1738 237 0 0 5 1 0 0 20 0 1 0 922980632 27553792 3404 17179869184 93824994299904 93824996572973 140737488338256 0 0 0 134217728 4 74274 1 0 0 17 22 0 0 0 0 0 93824998874888 93825001005840 93825001308160 140737488340074 140737488340471 140737488340471 140737488351179 0
/proc/329394/statm: 6727 3404 2099 555 0 1769 0
[pid=329403] ppid=329394 vsize=125680 memory=108032 CPUtime=1182.16 cores=22-23
/proc/329403/stat : 329403 (clingo) R 329394 329394 329315 0 -1 0 25239 0 0 0 118210 6 0 0 20 0 1 0 922980640 128696320 27008 17179869184 93824992301056 93824992468925 140737488338416 0 0 0 134217728 4 25184771 0 0 0 17 22 0 0 0 0 0 93824992533936 93824992571272 93824992575488 140737488340184 140737488340355 140737488340355 140737488351170 0
/proc/329403/statm: 31420 27008 2091 41 0 27499 0
Current children cumulated CPU time: 1182.22 s
Current children cumulated vsize: 152588 KiB
Current children cumulated memory: 121648 KiB



Maximum wall clock time exceeded: sending SIGTERM then SIGKILL

[startup+1205 s]*
/proc/loadavg: 14.01 14.17 14.00 16/840 330978
/proc/meminfo: memFree=369921440/528004516 swapFree=8388604/8388604
[pid=329394] ppid=329393 vsize=26908 memory=13616 CPUtime=0.06 cores=22-23
/proc/329394/stat : 329394 (perf) S 329393 329394 329315 0 -1 0 1738 237 0 0 5 1 0 0 20 0 1 0 922980632 27553792 3404 17179869184 93824994299904 93824996572973 140737488338256 0 0 0 134217728 4 74274 1 0 0 17 22 0 0 0 0 0 93824998874888 93825001005840 93825001308160 140737488340074 140737488340471 140737488340471 140737488351179 0
/proc/329394/statm: 6727 3404 2099 555 0 1769 0
[pid=329403] ppid=329394 vsize=125680 memory=108032 CPUtime=1204.88 cores=22-23
/proc/329403/stat : 329403 (clingo) R 329394 329394 329315 0 -1 0 25249 0 0 0 120482 6 0 0 20 0 1 0 922980640 128696320 27008 17179869184 93824992301056 93824992468925 140737488338416 0 0 0 134217728 4 25184771 0 0 0 17 22 0 0 0 0 0 93824992533936 93824992571272 93824992575488 140737488340184 140737488340355 140737488340355 140737488351170 0
/proc/329403/statm: 31420 27008 2091 41 0 27499 0
Current children cumulated CPU time: 1204.94 s
Current children cumulated vsize: 152588 KiB
Current children cumulated memory: 121648 KiB

Sending SIGINT to process tree (bottom up)
Sleeping 5 seconds

[startup+1205.03 s]
# the end of solver process 329394 was just reported to runsolver
# cumulated CPU time of all completed processes:  user=1204.89 s, system=0.088132 s

Solver just ended.
??? end of watcher thread
Dumping a history of the last processes samples

Child status: 1
Real time (s): 1205.03
CPU time (s): 1204.98
CPU user time (s): 1204.89
CPU system time (s): 0.088132
CPU usage (%): 99.9959
Max. virtual memory (cumulated for all children) (KiB): 152588
Max. memory (cumulated for all children) (KiB): 121648

getrusage(RUSAGE_CHILDREN,...) data:
user time used= 1204.89
system time used= 0.088132
maximum resident set size= 108304
integral shared memory size= 0
integral unshared data size= 0
integral unshared stack size= 0
page reclaims= 27264
page faults= 0
swaps= 0
block input operations= 0
block output operations= 0
messages sent= 0
messages received= 0
signals received= 0
voluntary context switches= 18
involuntary context switches= 971


# summary of solver processes directly reported to runsolver:
#   pid: 329394
#   total CPU time (s): 1204.98
#   total CPU user time (s): 1204.89
#   total CPU system time (s): 0.088132

??? end of timestamper thread
runsolver used 8.71648 second user time and 16.9566 second system time

The end
