runsolver version 3.4.0 (svn: 3018) Copyright (C) 2010-2013 Olivier ROUSSEL

This program is distributed in the hope that it will be useful,
but WITHOUT ANY WARRANTY; without even the implied warranty of
MERCHANTABILITY or FITNESS FOR A PARTICULAR PURPOSE.  See the
GNU General Public License for more details.

NUMA information:
  number of nodes: 2
  memory of node 0: 257634 MiB (179997 MiB free)
  memory of node 1: 257994 MiB (185848 MiB free)
  node distances:
     10  20
     20  10

command line: /dev/shm/378904de-2e81-11f1-ac62-000c298f4621/input/runsolver -w /dev/shm/378904de-2e81-11f1-ac62-000c298f4621/output/runsolver.log -v /dev/shm/378904de-2e81-11f1-ac62-000c298f4621/output/varfile.log -W 1205 --rss-swap-limit 16384 -d 5 --sigint /usr/bin/perf stat -B -e task-clock,cache-references,cache-misses,cycles,instructions,branches,faults,migrations,context-switches -o /dev/shm/378904de-2e81-11f1-ac62-000c298f4621/output/perf.log clingo /home/guests/mmacri/AMOSUM/benchmarks/GraphColouring/encoding-plain-amo.asp /dev/shm/378904de-2e81-11f1-ac62-000c298f4621/input/0050-graph_colouring-145-0_6960.asp 

running on 2 cores: 24-25

Enforcing wall clock limit (soft limit, will send SIGTERM then SIGKILL): 1205 seconds
Enforcing RSS+Swap limit (soft limit, will send SIGTERM then SIGKILL): 16777216 KiB
Linux 5.15.0-131-generic
solver pid=4059227, runsolver pid=4059216
Current StackSize limit: 8192 KiB


[startup+0.100066 s]*
/proc/loadavg: 14.08 14.21 14.03 20/828 4059253
/proc/meminfo: memFree=374625592/528004312 swapFree=8388604/8388604
[pid=4059227] ppid=4059216 vsize=26908 memory=13444 CPUtime=0.07 cores=24-25
/proc/4059227/stat : 4059227 (perf) S 4059216 4059227 4058887 0 -1 0 1742 246 11 0 6 1 0 0 20 0 1 0 923138588 27553792 3361 17179869184 93824994299904 93824996572973 140737488338256 0 0 0 134217728 4 74274 1 0 0 17 24 0 0 0 0 0 93824998874888 93825001005840 93825001308160 140737488340073 140737488340470 140737488340470 140737488351179 0
/proc/4059227/statm: 6727 3361 2056 555 0 1769 0
[pid=4059252] ppid=4059227 vsize=18740 memory=10388 CPUtime=0.01 cores=24-25
/proc/4059252/stat : 4059252 (clingo) R 4059227 4059227 4058887 0 -1 0 819 0 0 0 1 0 0 0 20 0 1 0 923138596 19189760 2597 17179869184 93824992301056 93824992468925 140737488338416 0 0 0 134217728 4 25184771 0 0 0 17 25 0 0 0 0 0 93824992533936 93824992571272 93824992575488 140737488340183 140737488340354 140737488340354 140737488351170 0
/proc/4059252/statm: 4685 2597 2038 41 0 764 0
Current children cumulated CPU time: 0.08 s
Current children cumulated vsize: 45648 KiB
Current children cumulated memory: 23832 KiB

[startup+0.223088 s]*
/proc/loadavg: 14.08 14.21 14.03 17/828 4059253
/proc/meminfo: memFree=374605000/528004312 swapFree=8388604/8388604
[pid=4059227] ppid=4059216 vsize=26908 memory=13444 CPUtime=0.07 cores=24-25
/proc/4059227/stat : 4059227 (perf) S 4059216 4059227 4058887 0 -1 0 1742 246 11 0 6 1 0 0 20 0 1 0 923138588 27553792 3361 17179869184 93824994299904 93824996572973 140737488338256 0 0 0 134217728 4 74274 1 0 0 17 24 0 0 0 0 0 93824998874888 93825001005840 93825001308160 140737488340073 140737488340470 140737488340470 140737488351179 0
/proc/4059227/statm: 6727 3361 2056 555 0 1769 0
[pid=4059252] ppid=4059227 vsize=24284 memory=16168 CPUtime=0.12 cores=24-25
/proc/4059252/stat : 4059252 (clingo) R 4059227 4059227 4058887 0 -1 0 2299 0 0 0 12 0 0 0 20 0 1 0 923138596 24866816 4042 17179869184 93824992301056 93824992468925 140737488338416 0 0 0 134217728 4 25184771 0 0 0 17 25 0 0 0 0 0 93824992533936 93824992571272 93824992575488 140737488340183 140737488340354 140737488340354 140737488351170 0
/proc/4059252/statm: 6071 4042 2085 41 0 2150 0
Current children cumulated CPU time: 0.19 s
Current children cumulated vsize: 51192 KiB
Current children cumulated memory: 29612 KiB

[startup+0.335276 s]*
/proc/loadavg: 14.08 14.21 14.03 20/828 4059253
/proc/meminfo: memFree=374584112/528004312 swapFree=8388604/8388604
[pid=4059227] ppid=4059216 vsize=26908 memory=13444 CPUtime=0.07 cores=24-25
/proc/4059227/stat : 4059227 (perf) S 4059216 4059227 4058887 0 -1 0 1742 246 11 0 6 1 0 0 20 0 1 0 923138588 27553792 3361 17179869184 93824994299904 93824996572973 140737488338256 0 0 0 134217728 4 74274 1 0 0 17 24 0 0 0 0 0 93824998874888 93825001005840 93825001308160 140737488340073 140737488340470 140737488340470 140737488351179 0
/proc/4059227/statm: 6727 3361 2056 555 0 1769 0
[pid=4059252] ppid=4059227 vsize=25340 memory=17224 CPUtime=0.22 cores=24-25
/proc/4059252/stat : 4059252 (clingo) R 4059227 4059227 4058887 0 -1 0 2538 0 0 0 22 0 0 0 20 0 1 0 923138596 25948160 4306 17179869184 93824992301056 93824992468925 140737488338416 0 0 0 134217728 4 25184771 0 0 0 17 25 0 0 0 0 0 93824992533936 93824992571272 93824992575488 140737488340183 140737488340354 140737488340354 140737488351170 0
/proc/4059252/statm: 6335 4306 2085 41 0 2414 0
Current children cumulated CPU time: 0.29 s
Current children cumulated vsize: 52248 KiB
Current children cumulated memory: 30668 KiB

[startup+0.700335 s]
/proc/loadavg: 14.08 14.21 14.03 20/828 4059253
/proc/meminfo: memFree=374562944/528004312 swapFree=8388604/8388604
[pid=4059227] ppid=4059216 vsize=26908 memory=13444 CPUtime=0.07 cores=24-25
/proc/4059227/stat : 4059227 (perf) S 4059216 4059227 4058887 0 -1 0 1742 246 11 0 6 1 0 0 20 0 1 0 923138588 27553792 3361 17179869184 93824994299904 93824996572973 140737488338256 0 0 0 134217728 4 74274 1 0 0 17 24 0 0 0 0 0 93824998874888 93825001005840 93825001308160 140737488340073 140737488340470 140737488340470 140737488351179 0
/proc/4059227/statm: 6727 3361 2056 555 0 1769 0
[pid=4059252] ppid=4059227 vsize=26924 memory=18808 CPUtime=0.51 cores=24-25
/proc/4059252/stat : 4059252 (clingo) R 4059227 4059227 4058887 0 -1 0 2948 0 0 0 51 0 0 0 20 0 1 0 923138596 27570176 4702 17179869184 93824992301056 93824992468925 140737488338416 0 0 0 134217728 4 25184771 0 0 0 17 25 0 0 0 0 0 93824992533936 93824992571272 93824992575488 140737488340183 140737488340354 140737488340354 140737488351170 0
/proc/4059252/statm: 6731 4702 2085 41 0 2810 0
Current children cumulated CPU time: 0.58 s
Current children cumulated vsize: 53832 KiB
Current children cumulated memory: 32252 KiB

[startup+1.50033 s]
/proc/loadavg: 14.08 14.21 14.03 19/814 4059268
/proc/meminfo: memFree=374534248/528004312 swapFree=8388604/8388604
[pid=4059227] ppid=4059216 vsize=26908 memory=13444 CPUtime=0.07 cores=24-25
/proc/4059227/stat : 4059227 (perf) S 4059216 4059227 4058887 0 -1 0 1742 246 11 0 6 1 0 0 20 0 1 0 923138588 27553792 3361 17179869184 93824994299904 93824996572973 140737488338256 0 0 0 134217728 4 74274 1 0 0 17 24 0 0 0 0 0 93824998874888 93825001005840 93825001308160 140737488340073 140737488340470 140737488340470 140737488351179 0
/proc/4059227/statm: 6727 3361 2056 555 0 1769 0
[pid=4059252] ppid=4059227 vsize=28508 memory=20392 CPUtime=1.29 cores=24-25
/proc/4059252/stat : 4059252 (clingo) R 4059227 4059227 4058887 0 -1 0 3330 0 0 0 128 1 0 0 20 0 1 0 923138596 29192192 5098 17179869184 93824992301056 93824992468925 140737488338416 0 0 0 134217728 4 25184771 0 0 0 17 24 0 0 0 0 0 93824992533936 93824992571272 93824992575488 140737488340183 140737488340354 140737488340354 140737488351170 0
/proc/4059252/statm: 7127 5098 2085 41 0 3206 0
Current children cumulated CPU time: 1.36 s
Current children cumulated vsize: 55416 KiB
Current children cumulated memory: 33836 KiB

[startup+3.11924 s]
/proc/loadavg: 14.07 14.21 14.03 19/831 4059361
/proc/meminfo: memFree=374458316/528004312 swapFree=8388604/8388604
[pid=4059227] ppid=4059216 vsize=26908 memory=13444 CPUtime=0.07 cores=24-25
/proc/4059227/stat : 4059227 (perf) S 4059216 4059227 4058887 0 -1 0 1742 246 11 0 6 1 0 0 20 0 1 0 923138588 27553792 3361 17179869184 93824994299904 93824996572973 140737488338256 0 0 0 134217728 4 74274 1 0 0 17 24 0 0 0 0 0 93824998874888 93825001005840 93825001308160 140737488340073 140737488340470 140737488340470 140737488351179 0
/proc/4059227/statm: 6727 3361 2056 555 0 1769 0
[pid=4059252] ppid=4059227 vsize=31280 memory=23032 CPUtime=2.91 cores=24-25
/proc/4059252/stat : 4059252 (clingo) R 4059227 4059227 4058887 0 -1 0 4019 0 0 0 290 1 0 0 20 0 1 0 923138596 32030720 5758 17179869184 93824992301056 93824992468925 140737488338416 0 0 0 134217728 4 25184771 0 0 0 17 24 0 0 0 0 0 93824992533936 93824992571272 93824992575488 140737488340183 140737488340354 140737488340354 140737488351170 0
/proc/4059252/statm: 7820 5758 2085 41 0 3899 0
Current children cumulated CPU time: 2.98 s
Current children cumulated vsize: 58188 KiB
Current children cumulated memory: 36476 KiB

[startup+6.30027 s]
/proc/loadavg: 14.07 14.21 14.03 18/837 4059577
/proc/meminfo: memFree=374429024/528004312 swapFree=8388604/8388604
[pid=4059227] ppid=4059216 vsize=26908 memory=13444 CPUtime=0.07 cores=24-25
/proc/4059227/stat : 4059227 (perf) S 4059216 4059227 4058887 0 -1 0 1742 246 11 0 6 1 0 0 20 0 1 0 923138588 27553792 3361 17179869184 93824994299904 93824996572973 140737488338256 0 0 0 134217728 4 74274 1 0 0 17 24 0 0 0 0 0 93824998874888 93825001005840 93825001308160 140737488340073 140737488340470 140737488340470 140737488351179 0
/proc/4059227/statm: 6727 3361 2056 555 0 1769 0
[pid=4059252] ppid=4059227 vsize=35796 memory=26992 CPUtime=6.09 cores=24-25
/proc/4059252/stat : 4059252 (clingo) R 4059227 4059227 4058887 0 -1 0 5013 0 0 0 608 1 0 0 20 0 1 0 923138596 36655104 6748 17179869184 93824992301056 93824992468925 140737488338416 0 0 0 134217728 4 25184771 0 0 0 17 24 0 0 0 0 0 93824992533936 93824992571272 93824992575488 140737488340183 140737488340354 140737488340354 140737488351170 0
/proc/4059252/statm: 8949 6748 2085 41 0 5028 0
Current children cumulated CPU time: 6.16 s
Current children cumulated vsize: 62704 KiB
Current children cumulated memory: 40436 KiB

[startup+12.7003 s]
/proc/loadavg: 14.14 14.22 14.03 18/841 4060014
/proc/meminfo: memFree=374278888/528004312 swapFree=8388604/8388604
[pid=4059227] ppid=4059216 vsize=26908 memory=13444 CPUtime=0.07 cores=24-25
/proc/4059227/stat : 4059227 (perf) S 4059216 4059227 4058887 0 -1 0 1742 246 11 0 6 1 0 0 20 0 1 0 923138588 27553792 3361 17179869184 93824994299904 93824996572973 140737488338256 0 0 0 134217728 4 74274 1 0 0 17 24 0 0 0 0 0 93824998874888 93825001005840 93825001308160 140737488340073 140737488340470 140737488340470 140737488351179 0
/proc/4059227/statm: 6727 3361 2056 555 0 1769 0
[pid=4059252] ppid=4059227 vsize=39000 memory=29896 CPUtime=12.49 cores=24-25
/proc/4059252/stat : 4059252 (clingo) R 4059227 4059227 4058887 0 -1 0 5730 0 0 0 1248 1 0 0 20 0 1 0 923138596 39936000 7474 17179869184 93824992301056 93824992468925 140737488338416 0 0 0 134217728 4 25184771 0 0 0 17 24 0 0 0 0 0 93824992533936 93824992571272 93824992575488 140737488340183 140737488340354 140737488340354 140737488351170 0
/proc/4059252/statm: 9750 7474 2085 41 0 5829 0
Current children cumulated CPU time: 12.56 s
Current children cumulated vsize: 65908 KiB
Current children cumulated memory: 43340 KiB

[startup+25.5004 s]
/proc/loadavg: 14.12 14.21 14.03 18/841 4060015
/proc/meminfo: memFree=374086964/528004312 swapFree=8388604/8388604
[pid=4059227] ppid=4059216 vsize=26908 memory=13444 CPUtime=0.07 cores=24-25
/proc/4059227/stat : 4059227 (perf) S 4059216 4059227 4058887 0 -1 0 1742 246 11 0 6 1 0 0 20 0 1 0 923138588 27553792 3361 17179869184 93824994299904 93824996572973 140737488338256 0 0 0 134217728 4 74274 1 0 0 17 24 0 0 0 0 0 93824998874888 93825001005840 93825001308160 140737488340073 140737488340470 140737488340470 140737488351179 0
/proc/4059227/statm: 6727 3361 2056 555 0 1769 0
[pid=4059252] ppid=4059227 vsize=43836 memory=34120 CPUtime=25.3 cores=24-25
/proc/4059252/stat : 4059252 (clingo) R 4059227 4059227 4058887 0 -1 0 6792 0 0 0 2528 2 0 0 20 0 1 0 923138596 44888064 8530 17179869184 93824992301056 93824992468925 140737488338416 0 0 0 134217728 4 25184771 0 0 0 17 24 0 0 0 0 0 93824992533936 93824992571272 93824992575488 140737488340183 140737488340354 140737488340354 140737488351170 0
/proc/4059252/statm: 10959 8530 2085 41 0 7038 0
Current children cumulated CPU time: 25.37 s
Current children cumulated vsize: 70744 KiB
Current children cumulated memory: 47564 KiB

[startup+51.1195 s]
/proc/loadavg: 14.08 14.19 14.03 18/844 4060123
/proc/meminfo: memFree=374003296/528004312 swapFree=8388604/8388604
[pid=4059227] ppid=4059216 vsize=26908 memory=13444 CPUtime=0.07 cores=24-25
/proc/4059227/stat : 4059227 (perf) S 4059216 4059227 4058887 0 -1 0 1742 246 11 0 6 1 0 0 20 0 1 0 923138588 27553792 3361 17179869184 93824994299904 93824996572973 140737488338256 0 0 0 134217728 4 74274 1 0 0 17 24 0 0 0 0 0 93824998874888 93825001005840 93825001308160 140737488340073 140737488340470 140737488340470 140737488351179 0
/proc/4059227/statm: 6727 3361 2056 555 0 1769 0
[pid=4059252] ppid=4059227 vsize=47984 memory=38344 CPUtime=50.92 cores=24-25
/proc/4059252/stat : 4059252 (clingo) R 4059227 4059227 4058887 0 -1 0 7835 0 0 0 5090 2 0 0 20 0 1 0 923138596 49135616 9586 17179869184 93824992301056 93824992468925 140737488338416 0 0 0 134217728 4 25184771 0 0 0 17 24 0 0 0 0 0 93824992533936 93824992571272 93824992575488 140737488340183 140737488340354 140737488340354 140737488351170 0
/proc/4059252/statm: 11996 9586 2085 41 0 8075 0
Current children cumulated CPU time: 50.99 s
Current children cumulated vsize: 74892 KiB
Current children cumulated memory: 51788 KiB

[startup+102.3 s]
/proc/loadavg: 14.34 14.24 14.05 18/845 4060127
/proc/meminfo: memFree=373692556/528004312 swapFree=8388604/8388604
[pid=4059227] ppid=4059216 vsize=26908 memory=13444 CPUtime=0.07 cores=24-25
/proc/4059227/stat : 4059227 (perf) S 4059216 4059227 4058887 0 -1 0 1742 246 11 0 6 1 0 0 20 0 1 0 923138588 27553792 3361 17179869184 93824994299904 93824996572973 140737488338256 0 0 0 134217728 4 74274 1 0 0 17 24 0 0 0 0 0 93824998874888 93825001005840 93825001308160 140737488340073 140737488340470 140737488340470 140737488351179 0
/proc/4059227/statm: 6727 3361 2056 555 0 1769 0
[pid=4059252] ppid=4059227 vsize=57972 memory=47056 CPUtime=102.09 cores=24-25
/proc/4059252/stat : 4059252 (clingo) R 4059227 4059227 4058887 0 -1 0 10029 0 0 0 10207 2 0 0 20 0 1 0 923138596 59363328 11764 17179869184 93824992301056 93824992468925 140737488338416 0 0 0 134217728 4 25184771 0 0 0 17 24 0 0 0 0 0 93824992533936 93824992571272 93824992575488 140737488340183 140737488340354 140737488340354 140737488351170 0
/proc/4059252/statm: 14493 11764 2085 41 0 10572 0
Current children cumulated CPU time: 102.16 s
Current children cumulated vsize: 84880 KiB
Current children cumulated memory: 60500 KiB

[startup+162.3 s]
/proc/loadavg: 14.12 14.19 14.05 18/845 4060130
/proc/meminfo: memFree=373391084/528004312 swapFree=8388604/8388604
[pid=4059227] ppid=4059216 vsize=26908 memory=13444 CPUtime=0.07 cores=24-25
/proc/4059227/stat : 4059227 (perf) S 4059216 4059227 4058887 0 -1 0 1742 246 11 0 6 1 0 0 20 0 1 0 923138588 27553792 3361 17179869184 93824994299904 93824996572973 140737488338256 0 0 0 134217728 4 74274 1 0 0 17 24 0 0 0 0 0 93824998874888 93825001005840 93825001308160 140737488340073 140737488340470 140737488340470 140737488351179 0
/proc/4059227/statm: 6727 3361 2056 555 0 1769 0
[pid=4059252] ppid=4059227 vsize=62928 memory=52072 CPUtime=162.09 cores=24-25
/proc/4059252/stat : 4059252 (clingo) R 4059227 4059227 4058887 0 -1 0 11298 0 0 0 16207 2 0 0 20 0 1 0 923138596 64438272 13018 17179869184 93824992301056 93824992468925 140737488338416 0 0 0 134217728 4 25184771 0 0 0 17 24 0 0 0 0 0 93824992533936 93824992571272 93824992575488 140737488340183 140737488340354 140737488340354 140737488351170 0
/proc/4059252/statm: 15732 13018 2085 41 0 11811 0
Current children cumulated CPU time: 162.16 s
Current children cumulated vsize: 89836 KiB
Current children cumulated memory: 65516 KiB

[startup+222.3 s]
/proc/loadavg: 14.29 14.23 14.07 18/845 4060134
/proc/meminfo: memFree=373264888/528004312 swapFree=8388604/8388604
[pid=4059227] ppid=4059216 vsize=26908 memory=13444 CPUtime=0.07 cores=24-25
/proc/4059227/stat : 4059227 (perf) S 4059216 4059227 4058887 0 -1 0 1742 246 11 0 6 1 0 0 20 0 1 0 923138588 27553792 3361 17179869184 93824994299904 93824996572973 140737488338256 0 0 0 134217728 4 74274 1 0 0 17 24 0 0 0 0 0 93824998874888 93825001005840 93825001308160 140737488340073 140737488340470 140737488340470 140737488351179 0
/proc/4059227/statm: 6727 3361 2056 555 0 1769 0
[pid=4059252] ppid=4059227 vsize=68428 memory=57352 CPUtime=222.09 cores=24-25
/proc/4059252/stat : 4059252 (clingo) R 4059227 4059227 4058887 0 -1 0 12579 0 0 0 22207 2 0 0 20 0 1 0 923138596 70070272 14338 17179869184 93824992301056 93824992468925 140737488338416 0 0 0 134217728 4 25184771 0 0 0 17 24 0 0 0 0 0 93824992533936 93824992571272 93824992575488 140737488340183 140737488340354 140737488340354 140737488351170 0
/proc/4059252/statm: 17107 14338 2085 41 0 13186 0
Current children cumulated CPU time: 222.16 s
Current children cumulated vsize: 95336 KiB
Current children cumulated memory: 70796 KiB

[startup+282.3 s]
/proc/loadavg: 14.10 14.19 14.06 18/845 4060135
/proc/meminfo: memFree=373125296/528004312 swapFree=8388604/8388604
[pid=4059227] ppid=4059216 vsize=26908 memory=13444 CPUtime=0.07 cores=24-25
/proc/4059227/stat : 4059227 (perf) S 4059216 4059227 4058887 0 -1 0 1742 246 11 0 6 1 0 0 20 0 1 0 923138588 27553792 3361 17179869184 93824994299904 93824996572973 140737488338256 0 0 0 134217728 4 74274 1 0 0 17 24 0 0 0 0 0 93824998874888 93825001005840 93825001308160 140737488340073 140737488340470 140737488340470 140737488351179 0
/proc/4059227/statm: 6727 3361 2056 555 0 1769 0
[pid=4059252] ppid=4059227 vsize=74688 memory=62632 CPUtime=282.09 cores=24-25
/proc/4059252/stat : 4059252 (clingo) R 4059227 4059227 4058887 0 -1 0 13887 0 0 0 28206 3 0 0 20 0 1 0 923138596 76480512 15658 17179869184 93824992301056 93824992468925 140737488338416 0 0 0 134217728 4 25184771 0 0 0 17 24 0 0 0 0 0 93824992533936 93824992571272 93824992575488 140737488340183 140737488340354 140737488340354 140737488351170 0
/proc/4059252/statm: 18672 15658 2085 41 0 14751 0
Current children cumulated CPU time: 282.16 s
Current children cumulated vsize: 101596 KiB
Current children cumulated memory: 76076 KiB

[startup+342.3 s]
/proc/loadavg: 14.69 14.36 14.13 18/828 4060141
/proc/meminfo: memFree=373064876/528004312 swapFree=8388604/8388604
[pid=4059227] ppid=4059216 vsize=26908 memory=13444 CPUtime=0.07 cores=24-25
/proc/4059227/stat : 4059227 (perf) S 4059216 4059227 4058887 0 -1 0 1742 246 11 0 6 1 0 0 20 0 1 0 923138588 27553792 3361 17179869184 93824994299904 93824996572973 140737488338256 0 0 0 134217728 4 74274 1 0 0 17 24 0 0 0 0 0 93824998874888 93825001005840 93825001308160 140737488340073 140737488340470 140737488340470 140737488351179 0
/proc/4059227/statm: 6727 3361 2056 555 0 1769 0
[pid=4059252] ppid=4059227 vsize=78860 memory=66064 CPUtime=342.09 cores=24-25
/proc/4059252/stat : 4059252 (clingo) R 4059227 4059227 4058887 0 -1 0 14776 0 0 0 34206 3 0 0 20 0 1 0 923138596 80752640 16516 17179869184 93824992301056 93824992468925 140737488338416 0 0 0 134217728 4 25184771 0 0 0 17 24 0 0 0 0 0 93824992533936 93824992571272 93824992575488 140737488340183 140737488340354 140737488340354 140737488351170 0
/proc/4059252/statm: 19715 16516 2085 41 0 15794 0
Current children cumulated CPU time: 342.16 s
Current children cumulated vsize: 105768 KiB
Current children cumulated memory: 79508 KiB

[startup+402.3 s]
/proc/loadavg: 14.25 14.29 14.12 18/819 4060145
/proc/meminfo: memFree=372992620/528004312 swapFree=8388604/8388604
[pid=4059227] ppid=4059216 vsize=26908 memory=13444 CPUtime=0.07 cores=24-25
/proc/4059227/stat : 4059227 (perf) S 4059216 4059227 4058887 0 -1 0 1742 246 11 0 6 1 0 0 20 0 1 0 923138588 27553792 3361 17179869184 93824994299904 93824996572973 140737488338256 0 0 0 134217728 4 74274 1 0 0 17 24 0 0 0 0 0 93824998874888 93825001005840 93825001308160 140737488340073 140737488340470 140737488340470 140737488351179 0
/proc/4059227/statm: 6727 3361 2056 555 0 1769 0
[pid=4059252] ppid=4059227 vsize=82652 memory=69496 CPUtime=402.09 cores=24-25
/proc/4059252/stat : 4059252 (clingo) R 4059227 4059227 4058887 0 -1 0 15640 0 0 0 40206 3 0 0 20 0 1 0 923138596 84635648 17374 17179869184 93824992301056 93824992468925 140737488338416 0 0 0 134217728 4 25184771 0 0 0 17 24 0 0 0 0 0 93824992533936 93824992571272 93824992575488 140737488340183 140737488340354 140737488340354 140737488351170 0
/proc/4059252/statm: 20663 17374 2085 41 0 16742 0
Current children cumulated CPU time: 402.16 s
Current children cumulated vsize: 109560 KiB
Current children cumulated memory: 82940 KiB

[startup+462.3 s]
/proc/loadavg: 14.24 14.30 14.13 18/820 4060149
/proc/meminfo: memFree=372932676/528004312 swapFree=8388604/8388604
[pid=4059227] ppid=4059216 vsize=26908 memory=13444 CPUtime=0.07 cores=24-25
/proc/4059227/stat : 4059227 (perf) S 4059216 4059227 4058887 0 -1 0 1742 246 11 0 6 1 0 0 20 0 1 0 923138588 27553792 3361 17179869184 93824994299904 93824996572973 140737488338256 0 0 0 134217728 4 74274 1 0 0 17 24 0 0 0 0 0 93824998874888 93825001005840 93825001308160 140737488340073 140737488340470 140737488340470 140737488351179 0
/proc/4059227/statm: 6727 3361 2056 555 0 1769 0
[pid=4059252] ppid=4059227 vsize=84740 memory=71872 CPUtime=462.09 cores=24-25
/proc/4059252/stat : 4059252 (clingo) R 4059227 4059227 4058887 0 -1 0 16214 0 0 0 46206 3 0 0 20 0 1 0 923138596 86773760 17968 17179869184 93824992301056 93824992468925 140737488338416 0 0 0 134217728 4 25184771 0 0 0 17 24 0 0 0 0 0 93824992533936 93824992571272 93824992575488 140737488340183 140737488340354 140737488340354 140737488351170 0
/proc/4059252/statm: 21185 17968 2085 41 0 17264 0
Current children cumulated CPU time: 462.16 s
Current children cumulated vsize: 111648 KiB
Current children cumulated memory: 85316 KiB

[startup+522.3 s]
/proc/loadavg: 14.08 14.24 14.12 18/820 4060152
/proc/meminfo: memFree=372877008/528004312 swapFree=8388604/8388604
[pid=4059227] ppid=4059216 vsize=26908 memory=13444 CPUtime=0.07 cores=24-25
/proc/4059227/stat : 4059227 (perf) S 4059216 4059227 4058887 0 -1 0 1742 246 11 0 6 1 0 0 20 0 1 0 923138588 27553792 3361 17179869184 93824994299904 93824996572973 140737488338256 0 0 0 134217728 4 74274 1 0 0 17 24 0 0 0 0 0 93824998874888 93825001005840 93825001308160 140737488340073 140737488340470 140737488340470 140737488351179 0
/proc/4059227/statm: 6727 3361 2056 555 0 1769 0
[pid=4059252] ppid=4059227 vsize=86828 memory=73984 CPUtime=522.09 cores=24-25
/proc/4059252/stat : 4059252 (clingo) R 4059227 4059227 4058887 0 -1 0 16768 0 0 0 52206 3 0 0 20 0 1 0 923138596 88911872 18496 17179869184 93824992301056 93824992468925 140737488338416 0 0 0 134217728 4 25184771 0 0 0 17 24 0 0 0 0 0 93824992533936 93824992571272 93824992575488 140737488340183 140737488340354 140737488340354 140737488351170 0
/proc/4059252/statm: 21707 18496 2085 41 0 17786 0
Current children cumulated CPU time: 522.16 s
Current children cumulated vsize: 113736 KiB
Current children cumulated memory: 87428 KiB

[startup+582.3 s]
/proc/loadavg: 14.07 14.21 14.12 18/821 4060157
/proc/meminfo: memFree=372829160/528004312 swapFree=8388604/8388604
[pid=4059227] ppid=4059216 vsize=26908 memory=13444 CPUtime=0.07 cores=24-25
/proc/4059227/stat : 4059227 (perf) S 4059216 4059227 4058887 0 -1 0 1742 246 11 0 6 1 0 0 20 0 1 0 923138588 27553792 3361 17179869184 93824994299904 93824996572973 140737488338256 0 0 0 134217728 4 74274 1 0 0 17 24 0 0 0 0 0 93824998874888 93825001005840 93825001308160 140737488340073 140737488340470 140737488340470 140737488351179 0
/proc/4059227/statm: 6727 3361 2056 555 0 1769 0
[pid=4059252] ppid=4059227 vsize=88632 memory=75832 CPUtime=582.09 cores=24-25
/proc/4059252/stat : 4059252 (clingo) R 4059227 4059227 4058887 0 -1 0 17232 0 0 0 58206 3 0 0 20 0 1 0 923138596 90759168 18958 17179869184 93824992301056 93824992468925 140737488338416 0 0 0 134217728 4 25184771 0 0 0 17 24 0 0 0 0 0 93824992533936 93824992571272 93824992575488 140737488340183 140737488340354 140737488340354 140737488351170 0
/proc/4059252/statm: 22158 18958 2085 41 0 18237 0
Current children cumulated CPU time: 582.16 s
Current children cumulated vsize: 115540 KiB
Current children cumulated memory: 89276 KiB

[startup+642.3 s]
/proc/loadavg: 14.40 14.29 14.15 18/821 4060158
/proc/meminfo: memFree=372749576/528004312 swapFree=8388604/8388604
[pid=4059227] ppid=4059216 vsize=26908 memory=13444 CPUtime=0.07 cores=24-25
/proc/4059227/stat : 4059227 (perf) S 4059216 4059227 4058887 0 -1 0 1742 246 11 0 6 1 0 0 20 0 1 0 923138588 27553792 3361 17179869184 93824994299904 93824996572973 140737488338256 0 0 0 134217728 4 74274 1 0 0 17 24 0 0 0 0 0 93824998874888 93825001005840 93825001308160 140737488340073 140737488340470 140737488340470 140737488351179 0
/proc/4059227/statm: 6727 3361 2056 555 0 1769 0
[pid=4059252] ppid=4059227 vsize=91532 memory=78736 CPUtime=642.1 cores=24-25
/proc/4059252/stat : 4059252 (clingo) R 4059227 4059227 4058887 0 -1 0 17958 0 0 0 64206 4 0 0 20 0 1 0 923138596 93728768 19684 17179869184 93824992301056 93824992468925 140737488338416 0 0 0 134217728 4 25184771 0 0 0 17 24 0 0 0 0 0 93824992533936 93824992571272 93824992575488 140737488340183 140737488340354 140737488340354 140737488351170 0
/proc/4059252/statm: 22883 19684 2085 41 0 18962 0
Current children cumulated CPU time: 642.17 s
Current children cumulated vsize: 118440 KiB
Current children cumulated memory: 92180 KiB

[startup+702.3 s]
/proc/loadavg: 14.15 14.23 14.14 18/821 4060160
/proc/meminfo: memFree=372701700/528004312 swapFree=8388604/8388604
[pid=4059227] ppid=4059216 vsize=26908 memory=13444 CPUtime=0.07 cores=24-25
/proc/4059227/stat : 4059227 (perf) S 4059216 4059227 4058887 0 -1 0 1742 246 11 0 6 1 0 0 20 0 1 0 923138588 27553792 3361 17179869184 93824994299904 93824996572973 140737488338256 0 0 0 134217728 4 74274 1 0 0 17 24 0 0 0 0 0 93824998874888 93825001005840 93825001308160 140737488340073 140737488340470 140737488340470 140737488351179 0
/proc/4059227/statm: 6727 3361 2056 555 0 1769 0
[pid=4059252] ppid=4059227 vsize=91820 memory=79528 CPUtime=702.1 cores=24-25
/proc/4059252/stat : 4059252 (clingo) R 4059227 4059227 4058887 0 -1 0 18109 0 0 0 70206 4 0 0 20 0 1 0 923138596 94023680 19882 17179869184 93824992301056 93824992468925 140737488338416 0 0 0 134217728 4 25184771 0 0 0 17 24 0 0 0 0 0 93824992533936 93824992571272 93824992575488 140737488340183 140737488340354 140737488340354 140737488351170 0
/proc/4059252/statm: 22955 19882 2085 41 0 19034 0
Current children cumulated CPU time: 702.17 s
Current children cumulated vsize: 118728 KiB
Current children cumulated memory: 92972 KiB

[startup+762.3 s]
/proc/loadavg: 14.05 14.19 14.13 18/820 4060161
/proc/meminfo: memFree=372588056/528004312 swapFree=8388604/8388604
[pid=4059227] ppid=4059216 vsize=26908 memory=13444 CPUtime=0.07 cores=24-25
/proc/4059227/stat : 4059227 (perf) S 4059216 4059227 4058887 0 -1 0 1742 246 11 0 6 1 0 0 20 0 1 0 923138588 27553792 3361 17179869184 93824994299904 93824996572973 140737488338256 0 0 0 134217728 4 74274 1 0 0 17 24 0 0 0 0 0 93824998874888 93825001005840 93825001308160 140737488340073 140737488340470 140737488340470 140737488351179 0
/proc/4059227/statm: 6727 3361 2056 555 0 1769 0
[pid=4059252] ppid=4059227 vsize=97280 memory=84016 CPUtime=762.09 cores=24-25
/proc/4059252/stat : 4059252 (clingo) R 4059227 4059227 4058887 0 -1 0 19250 0 0 0 76205 4 0 0 20 0 1 0 923138596 99614720 21004 17179869184 93824992301056 93824992468925 140737488338416 0 0 0 134217728 4 25184771 0 0 0 17 24 0 0 0 0 0 93824992533936 93824992571272 93824992575488 140737488340183 140737488340354 140737488340354 140737488351170 0
/proc/4059252/statm: 24320 21004 2085 41 0 20399 0
Current children cumulated CPU time: 762.16 s
Current children cumulated vsize: 124188 KiB
Current children cumulated memory: 97460 KiB

[startup+822.3 s]
/proc/loadavg: 14.02 14.15 14.12 18/820 4060163
/proc/meminfo: memFree=372546300/528004312 swapFree=8388604/8388604
[pid=4059227] ppid=4059216 vsize=26908 memory=13444 CPUtime=0.07 cores=24-25
/proc/4059227/stat : 4059227 (perf) S 4059216 4059227 4058887 0 -1 0 1742 246 11 0 6 1 0 0 20 0 1 0 923138588 27553792 3361 17179869184 93824994299904 93824996572973 140737488338256 0 0 0 134217728 4 74274 1 0 0 17 24 0 0 0 0 0 93824998874888 93825001005840 93825001308160 140737488340073 140737488340470 140737488340470 140737488351179 0
/proc/4059227/statm: 6727 3361 2056 555 0 1769 0
[pid=4059252] ppid=4059227 vsize=100448 memory=86656 CPUtime=822.09 cores=24-25
/proc/4059252/stat : 4059252 (clingo) R 4059227 4059227 4058887 0 -1 0 19942 0 0 0 82204 5 0 0 20 0 1 0 923138596 102858752 21664 17179869184 93824992301056 93824992468925 140737488338416 0 0 0 134217728 4 25184771 0 0 0 17 24 0 0 0 0 0 93824992533936 93824992571272 93824992575488 140737488340183 140737488340354 140737488340354 140737488351170 0
/proc/4059252/statm: 25112 21664 2085 41 0 21191 0
Current children cumulated CPU time: 822.16 s
Current children cumulated vsize: 127356 KiB
Current children cumulated memory: 100100 KiB

[startup+882.3 s]
/proc/loadavg: 14.00 14.12 14.10 18/820 4060208
/proc/meminfo: memFree=372512040/528004312 swapFree=8388604/8388604
[pid=4059227] ppid=4059216 vsize=26908 memory=13444 CPUtime=0.07 cores=24-25
/proc/4059227/stat : 4059227 (perf) S 4059216 4059227 4058887 0 -1 0 1742 246 11 0 6 1 0 0 20 0 1 0 923138588 27553792 3361 17179869184 93824994299904 93824996572973 140737488338256 0 0 0 134217728 4 74274 1 0 0 17 24 0 0 0 0 0 93824998874888 93825001005840 93825001308160 140737488340073 140737488340470 140737488340470 140737488351179 0
/proc/4059227/statm: 6727 3361 2056 555 0 1769 0
[pid=4059252] ppid=4059227 vsize=103904 memory=89560 CPUtime=882.09 cores=24-25
/proc/4059252/stat : 4059252 (clingo) R 4059227 4059227 4058887 0 -1 0 20608 0 0 0 88204 5 0 0 20 0 1 0 923138596 106397696 22390 17179869184 93824992301056 93824992468925 140737488338416 0 0 0 134217728 4 25184771 0 0 0 17 24 0 0 0 0 0 93824992533936 93824992571272 93824992575488 140737488340183 140737488340354 140737488340354 140737488351170 0
/proc/4059252/statm: 25976 22390 2085 41 0 22055 0
Current children cumulated CPU time: 882.16 s
Current children cumulated vsize: 130812 KiB
Current children cumulated memory: 103004 KiB

[startup+942.3 s]
/proc/loadavg: 14.00 14.10 14.09 18/820 4060210
/proc/meminfo: memFree=372433176/528004312 swapFree=8388604/8388604
[pid=4059227] ppid=4059216 vsize=26908 memory=13444 CPUtime=0.07 cores=24-25
/proc/4059227/stat : 4059227 (perf) S 4059216 4059227 4058887 0 -1 0 1742 246 11 0 6 1 0 0 20 0 1 0 923138588 27553792 3361 17179869184 93824994299904 93824996572973 140737488338256 0 0 0 134217728 4 74274 1 0 0 17 24 0 0 0 0 0 93824998874888 93825001005840 93825001308160 140737488340073 140737488340470 140737488340470 140737488351179 0
/proc/4059227/statm: 6727 3361 2056 555 0 1769 0
[pid=4059252] ppid=4059227 vsize=105920 memory=91144 CPUtime=942.1 cores=24-25
/proc/4059252/stat : 4059252 (clingo) R 4059227 4059227 4058887 0 -1 0 21050 0 0 0 94205 5 0 0 20 0 1 0 923138596 108462080 22786 17179869184 93824992301056 93824992468925 140737488338416 0 0 0 134217728 4 25184771 0 0 0 17 24 0 0 0 0 0 93824992533936 93824992571272 93824992575488 140737488340183 140737488340354 140737488340354 140737488351170 0
/proc/4059252/statm: 26480 22786 2085 41 0 22559 0
Current children cumulated CPU time: 942.17 s
Current children cumulated vsize: 132828 KiB
Current children cumulated memory: 104588 KiB

[startup+1002.3 s]
/proc/loadavg: 14.00 14.08 14.09 18/820 4060211
/proc/meminfo: memFree=372369936/528004312 swapFree=8388604/8388604
[pid=4059227] ppid=4059216 vsize=26908 memory=13444 CPUtime=0.07 cores=24-25
/proc/4059227/stat : 4059227 (perf) S 4059216 4059227 4058887 0 -1 0 1742 246 11 0 6 1 0 0 20 0 1 0 923138588 27553792 3361 17179869184 93824994299904 93824996572973 140737488338256 0 0 0 134217728 4 74274 1 0 0 17 24 0 0 0 0 0 93824998874888 93825001005840 93825001308160 140737488340073 140737488340470 140737488340470 140737488351179 0
/proc/4059227/statm: 6727 3361 2056 555 0 1769 0
[pid=4059252] ppid=4059227 vsize=108800 memory=93520 CPUtime=1002.1 cores=24-25
/proc/4059252/stat : 4059252 (clingo) R 4059227 4059227 4058887 0 -1 0 21624 0 0 0 100205 5 0 0 20 0 1 0 923138596 111411200 23380 17179869184 93824992301056 93824992468925 140737488338416 0 0 0 134217728 4 25184771 0 0 0 17 24 0 0 0 0 0 93824992533936 93824992571272 93824992575488 140737488340183 140737488340354 140737488340354 140737488351170 0
/proc/4059252/statm: 27200 23380 2085 41 0 23279 0
Current children cumulated CPU time: 1002.17 s
Current children cumulated vsize: 135708 KiB
Current children cumulated memory: 106964 KiB

[startup+1062.3 s]
/proc/loadavg: 14.00 14.06 14.08 18/820 4060212
/proc/meminfo: memFree=372335420/528004312 swapFree=8388604/8388604
[pid=4059227] ppid=4059216 vsize=26908 memory=13444 CPUtime=0.07 cores=24-25
/proc/4059227/stat : 4059227 (perf) S 4059216 4059227 4058887 0 -1 0 1742 246 11 0 6 1 0 0 20 0 1 0 923138588 27553792 3361 17179869184 93824994299904 93824996572973 140737488338256 0 0 0 134217728 4 74274 1 0 0 17 24 0 0 0 0 0 93824998874888 93825001005840 93825001308160 140737488340073 140737488340470 140737488340470 140737488351179 0
/proc/4059227/statm: 6727 3361 2056 555 0 1769 0
[pid=4059252] ppid=4059227 vsize=111392 memory=95632 CPUtime=1062.1 cores=24-25
/proc/4059252/stat : 4059252 (clingo) R 4059227 4059227 4058887 0 -1 0 22144 0 0 0 106205 5 0 0 20 0 1 0 923138596 114065408 23908 17179869184 93824992301056 93824992468925 140737488338416 0 0 0 134217728 4 25184771 0 0 0 17 24 0 0 0 0 0 93824992533936 93824992571272 93824992575488 140737488340183 140737488340354 140737488340354 140737488351170 0
/proc/4059252/statm: 27848 23908 2085 41 0 23927 0
Current children cumulated CPU time: 1062.17 s
Current children cumulated vsize: 138300 KiB
Current children cumulated memory: 109076 KiB

[startup+1122.3 s]
/proc/loadavg: 14.32 14.12 14.10 18/820 4060214
/proc/meminfo: memFree=372304716/528004312 swapFree=8388604/8388604
[pid=4059227] ppid=4059216 vsize=26908 memory=13444 CPUtime=0.07 cores=24-25
/proc/4059227/stat : 4059227 (perf) S 4059216 4059227 4058887 0 -1 0 1742 246 11 0 6 1 0 0 20 0 1 0 923138588 27553792 3361 17179869184 93824994299904 93824996572973 140737488338256 0 0 0 134217728 4 74274 1 0 0 17 24 0 0 0 0 0 93824998874888 93825001005840 93825001308160 140737488340073 140737488340470 140737488340470 140737488351179 0
/proc/4059227/statm: 6727 3361 2056 555 0 1769 0
[pid=4059252] ppid=4059227 vsize=113696 memory=97480 CPUtime=1122.1 cores=24-25
/proc/4059252/stat : 4059252 (clingo) R 4059227 4059227 4058887 0 -1 0 22616 0 0 0 112204 6 0 0 20 0 1 0 923138596 116424704 24370 17179869184 93824992301056 93824992468925 140737488338416 0 0 0 134217728 4 25184771 0 0 0 17 24 0 0 0 0 0 93824992533936 93824992571272 93824992575488 140737488340183 140737488340354 140737488340354 140737488351170 0
/proc/4059252/statm: 28424 24370 2085 41 0 24503 0
Current children cumulated CPU time: 1122.17 s
Current children cumulated vsize: 140604 KiB
Current children cumulated memory: 110924 KiB

[startup+1182.3 s]
/proc/loadavg: 15.03 14.45 14.22 18/820 4060215
/proc/meminfo: memFree=372281536/528004312 swapFree=8388604/8388604
[pid=4059227] ppid=4059216 vsize=26908 memory=13444 CPUtime=0.07 cores=24-25
/proc/4059227/stat : 4059227 (perf) S 4059216 4059227 4058887 0 -1 0 1742 246 11 0 6 1 0 0 20 0 1 0 923138588 27553792 3361 17179869184 93824994299904 93824996572973 140737488338256 0 0 0 134217728 4 74274 1 0 0 17 24 0 0 0 0 0 93824998874888 93825001005840 93825001308160 140737488340073 140737488340470 140737488340470 140737488351179 0
/proc/4059227/statm: 6727 3361 2056 555 0 1769 0
[pid=4059252] ppid=4059227 vsize=116288 memory=99592 CPUtime=1182.1 cores=24-25
/proc/4059252/stat : 4059252 (clingo) R 4059227 4059227 4058887 0 -1 0 23160 0 0 0 118204 6 0 0 20 0 1 0 923138596 119078912 24898 17179869184 93824992301056 93824992468925 140737488338416 0 0 0 134217728 4 25184771 0 0 0 17 24 0 0 0 0 0 93824992533936 93824992571272 93824992575488 140737488340183 140737488340354 140737488340354 140737488351170 0
/proc/4059252/statm: 29072 24898 2085 41 0 25151 0
Current children cumulated CPU time: 1182.17 s
Current children cumulated vsize: 143196 KiB
Current children cumulated memory: 113036 KiB



Maximum wall clock time exceeded: sending SIGTERM then SIGKILL

[startup+1205 s]*
/proc/loadavg: 14.68 14.41 14.21 17/811 4060467
/proc/meminfo: memFree=372712532/528004312 swapFree=8388604/8388604
[pid=4059227] ppid=4059216 vsize=26908 memory=13444 CPUtime=0.07 cores=24-25
/proc/4059227/stat : 4059227 (perf) S 4059216 4059227 4058887 0 -1 0 1742 246 11 0 6 1 0 0 20 0 1 0 923138588 27553792 3361 17179869184 93824994299904 93824996572973 140737488338256 0 0 0 134217728 4 74274 1 0 0 17 24 0 0 0 0 0 93824998874888 93825001005840 93825001308160 140737488340073 140737488340470 140737488340470 140737488351179 0
/proc/4059227/statm: 6727 3361 2056 555 0 1769 0
[pid=4059252] ppid=4059227 vsize=117728 memory=100912 CPUtime=1204.81 cores=24-25
/proc/4059252/stat : 4059252 (clingo) R 4059227 4059227 4058887 0 -1 0 23446 0 0 0 120475 6 0 0 20 0 1 0 923138596 120553472 25228 17179869184 93824992301056 93824992468925 140737488338416 0 0 0 134217728 4 25184771 0 0 0 17 24 0 0 0 0 0 93824992533936 93824992571272 93824992575488 140737488340183 140737488340354 140737488340354 140737488351170 0
/proc/4059252/statm: 29432 25228 2085 41 0 25511 0
Current children cumulated CPU time: 1204.88 s
Current children cumulated vsize: 144636 KiB
Current children cumulated memory: 114356 KiB

Sending SIGINT to process tree (bottom up)
Sleeping 5 seconds

[startup+1205.03 s]
# the end of solver process 4059227 was just reported to runsolver
# cumulated CPU time of all completed processes:  user=1204.83 s, system=0.087084 s

Solver just ended.
??? end of watcher thread
Dumping a history of the last processes samples

Child status: 1
Real time (s): 1205.03
CPU time (s): 1204.92
CPU user time (s): 1204.83
CPU system time (s): 0.087084
CPU usage (%): 99.9909
Max. virtual memory (cumulated for all children) (KiB): 144636
Max. memory (cumulated for all children) (KiB): 114356

getrusage(RUSAGE_CHILDREN,...) data:
user time used= 1204.83
system time used= 0.087084
maximum resident set size= 100936
integral shared memory size= 0
integral unshared data size= 0
integral unshared stack size= 0
page reclaims= 25474
page faults= 11
swaps= 0
block input operations= 0
block output operations= 0
messages sent= 0
messages received= 0
signals received= 0
voluntary context switches= 23
involuntary context switches= 931


# summary of solver processes directly reported to runsolver:
#   pid: 4059227
#   total CPU time (s): 1204.92
#   total CPU user time (s): 1204.83
#   total CPU system time (s): 0.087084

??? end of timestamper thread
runsolver used 8.68184 second user time and 16.3953 second system time

The end
