runsolver version 3.4.0 (svn: 3018) Copyright (C) 2010-2013 Olivier ROUSSEL

This program is distributed in the hope that it will be useful,
but WITHOUT ANY WARRANTY; without even the implied warranty of
MERCHANTABILITY or FITNESS FOR A PARTICULAR PURPOSE.  See the
GNU General Public License for more details.

NUMA information:
  number of nodes: 2
  memory of node 0: 257634 MiB (179984 MiB free)
  memory of node 1: 257994 MiB (185848 MiB free)
  node distances:
     10  20
     20  10

command line: /dev/shm/3789b140-2e81-11f1-ac62-000c298f4621/input/runsolver -w /dev/shm/3789b140-2e81-11f1-ac62-000c298f4621/output/runsolver.log -v /dev/shm/3789b140-2e81-11f1-ac62-000c298f4621/output/varfile.log -W 1205 --rss-swap-limit 16384 -d 5 --sigint /usr/bin/perf stat -B -e task-clock,cache-references,cache-misses,cycles,instructions,branches,faults,migrations,context-switches -o /dev/shm/3789b140-2e81-11f1-ac62-000c298f4621/output/perf.log clingo /home/guests/mmacri/AMOSUM/benchmarks/GraphColouring/encoding-plain-amo.asp /dev/shm/3789b140-2e81-11f1-ac62-000c298f4621/input/0051-graph_colouring-150-0_2880.asp 

running on 2 cores: 28-29

Enforcing wall clock limit (soft limit, will send SIGTERM then SIGKILL): 1205 seconds
Enforcing RSS+Swap limit (soft limit, will send SIGTERM then SIGKILL): 16777216 KiB
Linux 5.15.0-131-generic
Current StackSize limit: 8192 KiB

solver pid=4059223, runsolver pid=4059214

[startup+0.100069 s]*
/proc/loadavg: 14.08 14.21 14.03 18/828 4059253
/proc/meminfo: memFree=374625592/528004312 swapFree=8388604/8388604
[pid=4059223] ppid=4059214 vsize=26908 memory=13612 CPUtime=0.07 cores=28-29
/proc/4059223/stat : 4059223 (perf) S 4059214 4059223 4058938 0 -1 0 1738 238 0 0 5 2 0 0 20 0 1 0 923138588 27553792 3403 17179869184 93824994299904 93824996572973 140737488338256 0 0 0 134217728 4 74274 1 0 0 17 28 0 0 0 0 0 93824998874888 93825001005840 93825001308160 140737488340073 140737488340470 140737488340470 140737488351179 0
/proc/4059223/statm: 6727 3403 2098 555 0 1769 0
[pid=4059249] ppid=4059223 vsize=19036 memory=10656 CPUtime=0.02 cores=28-29
/proc/4059249/stat : 4059249 (clingo) R 4059223 4059223 4058938 0 -1 0 897 0 0 0 2 0 0 0 20 0 1 0 923138596 19492864 2664 17179869184 93824992301056 93824992468925 140737488338416 0 0 0 134217728 4 25184771 0 0 0 17 29 0 0 0 0 0 93824992533936 93824992571272 93824992575488 140737488340183 140737488340354 140737488340354 140737488351170 0
/proc/4059249/statm: 4759 2664 2038 41 0 838 0
Current children cumulated CPU time: 0.09 s
Current children cumulated vsize: 45944 KiB
Current children cumulated memory: 24268 KiB

[startup+0.228135 s]*
/proc/loadavg: 14.08 14.21 14.03 20/828 4059253
/proc/meminfo: memFree=374603488/528004312 swapFree=8388604/8388604
[pid=4059223] ppid=4059214 vsize=26908 memory=13612 CPUtime=0.07 cores=28-29
/proc/4059223/stat : 4059223 (perf) S 4059214 4059223 4058938 0 -1 0 1738 238 0 0 5 2 0 0 20 0 1 0 923138588 27553792 3403 17179869184 93824994299904 93824996572973 140737488338256 0 0 0 134217728 4 74274 1 0 0 17 28 0 0 0 0 0 93824998874888 93825001005840 93825001308160 140737488340073 140737488340470 140737488340470 140737488351179 0
/proc/4059223/statm: 6727 3403 2098 555 0 1769 0
[pid=4059249] ppid=4059223 vsize=26532 memory=18292 CPUtime=0.13 cores=28-29
/proc/4059249/stat : 4059249 (clingo) R 4059223 4059223 4058938 0 -1 0 2845 0 0 0 12 1 0 0 20 0 1 0 923138596 27168768 4573 17179869184 93824992301056 93824992468925 140737488338416 0 0 0 134217728 4 25184771 0 0 0 17 28 0 0 0 0 0 93824992533936 93824992571272 93824992575488 140737488340183 140737488340354 140737488340354 140737488351170 0
/proc/4059249/statm: 6633 4573 2085 41 0 2712 0
Current children cumulated CPU time: 0.2 s
Current children cumulated vsize: 53440 KiB
Current children cumulated memory: 31904 KiB

[startup+0.320264 s]*
/proc/loadavg: 14.08 14.21 14.03 15/828 4059253
/proc/meminfo: memFree=374585120/528004312 swapFree=8388604/8388604
[pid=4059223] ppid=4059214 vsize=26908 memory=13612 CPUtime=0.07 cores=28-29
/proc/4059223/stat : 4059223 (perf) S 4059214 4059223 4058938 0 -1 0 1738 238 0 0 5 2 0 0 20 0 1 0 923138588 27553792 3403 17179869184 93824994299904 93824996572973 140737488338256 0 0 0 134217728 4 74274 1 0 0 17 28 0 0 0 0 0 93824998874888 93825001005840 93825001308160 140737488340073 140737488340470 140737488340470 140737488351179 0
/proc/4059223/statm: 6727 3403 2098 555 0 1769 0
[pid=4059249] ppid=4059223 vsize=28388 memory=20140 CPUtime=0.22 cores=28-29
/proc/4059249/stat : 4059249 (clingo) R 4059223 4059223 4058938 0 -1 0 3316 0 0 0 21 1 0 0 20 0 1 0 923138596 29069312 5035 17179869184 93824992301056 93824992468925 140737488338416 0 0 0 134217728 4 25184771 0 0 0 17 28 0 0 0 0 0 93824992533936 93824992571272 93824992575488 140737488340183 140737488340354 140737488340354 140737488351170 0
/proc/4059249/statm: 7097 5035 2085 41 0 3176 0
Current children cumulated CPU time: 0.29 s
Current children cumulated vsize: 55296 KiB
Current children cumulated memory: 33752 KiB

[startup+0.700325 s]
/proc/loadavg: 14.08 14.21 14.03 17/828 4059253
/proc/meminfo: memFree=374563952/528004312 swapFree=8388604/8388604
[pid=4059223] ppid=4059214 vsize=26908 memory=13612 CPUtime=0.07 cores=28-29
/proc/4059223/stat : 4059223 (perf) S 4059214 4059223 4058938 0 -1 0 1738 238 0 0 5 2 0 0 20 0 1 0 923138588 27553792 3403 17179869184 93824994299904 93824996572973 140737488338256 0 0 0 134217728 4 74274 1 0 0 17 28 0 0 0 0 0 93824998874888 93825001005840 93825001308160 140737488340073 140737488340470 140737488340470 140737488351179 0
/proc/4059223/statm: 6727 3403 2098 555 0 1769 0
[pid=4059249] ppid=4059223 vsize=32096 memory=24100 CPUtime=0.58 cores=28-29
/proc/4059249/stat : 4059249 (clingo) R 4059223 4059223 4058938 0 -1 0 4259 0 0 0 57 1 0 0 20 0 1 0 923138596 32866304 6025 17179869184 93824992301056 93824992468925 140737488338416 0 0 0 134217728 4 25184771 0 0 0 17 28 0 0 0 0 0 93824992533936 93824992571272 93824992575488 140737488340183 140737488340354 140737488340354 140737488351170 0
/proc/4059249/statm: 8024 6025 2085 41 0 4103 0
Current children cumulated CPU time: 0.65 s
Current children cumulated vsize: 59004 KiB
Current children cumulated memory: 37712 KiB

[startup+1.50029 s]
/proc/loadavg: 14.08 14.21 14.03 17/814 4059268
/proc/meminfo: memFree=374534248/528004312 swapFree=8388604/8388604
[pid=4059223] ppid=4059214 vsize=26908 memory=13612 CPUtime=0.07 cores=28-29
/proc/4059223/stat : 4059223 (perf) S 4059214 4059223 4058938 0 -1 0 1738 238 0 0 5 2 0 0 20 0 1 0 923138588 27553792 3403 17179869184 93824994299904 93824996572973 140737488338256 0 0 0 134217728 4 74274 1 0 0 17 28 0 0 0 0 0 93824998874888 93825001005840 93825001308160 140737488340073 140737488340470 140737488340470 140737488351179 0
/proc/4059223/statm: 6727 3403 2098 555 0 1769 0
[pid=4059249] ppid=4059223 vsize=36468 memory=28324 CPUtime=1.38 cores=28-29
/proc/4059249/stat : 4059249 (clingo) R 4059223 4059223 4058938 0 -1 0 5329 0 0 0 136 2 0 0 20 0 1 0 923138596 37343232 7081 17179869184 93824992301056 93824992468925 140737488338416 0 0 0 134217728 4 25184771 0 0 0 17 28 0 0 0 0 0 93824992533936 93824992571272 93824992575488 140737488340183 140737488340354 140737488340354 140737488351170 0
/proc/4059249/statm: 9117 7081 2085 41 0 5196 0
Current children cumulated CPU time: 1.45 s
Current children cumulated vsize: 63376 KiB
Current children cumulated memory: 41936 KiB

[startup+3.11959 s]
/proc/loadavg: 14.07 14.21 14.03 17/831 4059361
/proc/meminfo: memFree=374458316/528004312 swapFree=8388604/8388604
[pid=4059223] ppid=4059214 vsize=26908 memory=13612 CPUtime=0.07 cores=28-29
/proc/4059223/stat : 4059223 (perf) S 4059214 4059223 4058938 0 -1 0 1738 238 0 0 5 2 0 0 20 0 1 0 923138588 27553792 3403 17179869184 93824994299904 93824996572973 140737488338256 0 0 0 134217728 4 74274 1 0 0 17 28 0 0 0 0 0 93824998874888 93825001005840 93825001308160 140737488340073 140737488340470 140737488340470 140737488351179 0
/proc/4059223/statm: 6727 3403 2098 555 0 1769 0
[pid=4059249] ppid=4059223 vsize=38848 memory=30700 CPUtime=3 cores=28-29
/proc/4059249/stat : 4059249 (clingo) R 4059223 4059223 4058938 0 -1 0 5935 0 0 0 298 2 0 0 20 0 1 0 923138596 39780352 7675 17179869184 93824992301056 93824992468925 140737488338416 0 0 0 134217728 4 25184771 0 0 0 17 28 0 0 0 0 0 93824992533936 93824992571272 93824992575488 140737488340183 140737488340354 140737488340354 140737488351170 0
/proc/4059249/statm: 9712 7675 2085 41 0 5791 0
Current children cumulated CPU time: 3.07 s
Current children cumulated vsize: 65756 KiB
Current children cumulated memory: 44312 KiB

[startup+6.30029 s]
/proc/loadavg: 14.07 14.21 14.03 16/837 4059577
/proc/meminfo: memFree=374429024/528004312 swapFree=8388604/8388604
[pid=4059223] ppid=4059214 vsize=26908 memory=13612 CPUtime=0.07 cores=28-29
/proc/4059223/stat : 4059223 (perf) S 4059214 4059223 4058938 0 -1 0 1738 238 0 0 5 2 0 0 20 0 1 0 923138588 27553792 3403 17179869184 93824994299904 93824996572973 140737488338256 0 0 0 134217728 4 74274 1 0 0 17 28 0 0 0 0 0 93824998874888 93825001005840 93825001308160 140737488340073 140737488340470 140737488340470 140737488351179 0
/proc/4059223/statm: 6727 3403 2098 555 0 1769 0
[pid=4059249] ppid=4059223 vsize=42452 memory=34396 CPUtime=6.18 cores=28-29
/proc/4059249/stat : 4059249 (clingo) R 4059223 4059223 4058938 0 -1 0 6834 0 0 0 616 2 0 0 20 0 1 0 923138596 43470848 8599 17179869184 93824992301056 93824992468925 140737488338416 0 0 0 134217728 4 25184771 0 0 0 17 28 0 0 0 0 0 93824992533936 93824992571272 93824992575488 140737488340183 140737488340354 140737488340354 140737488351170 0
/proc/4059249/statm: 10613 8599 2085 41 0 6692 0
Current children cumulated CPU time: 6.25 s
Current children cumulated vsize: 69360 KiB
Current children cumulated memory: 48008 KiB

[startup+12.7002 s]
/proc/loadavg: 14.14 14.22 14.03 16/841 4060014
/proc/meminfo: memFree=374278888/528004312 swapFree=8388604/8388604
[pid=4059223] ppid=4059214 vsize=26908 memory=13612 CPUtime=0.07 cores=28-29
/proc/4059223/stat : 4059223 (perf) S 4059214 4059223 4058938 0 -1 0 1738 238 0 0 5 2 0 0 20 0 1 0 923138588 27553792 3403 17179869184 93824994299904 93824996572973 140737488338256 0 0 0 134217728 4 74274 1 0 0 17 28 0 0 0 0 0 93824998874888 93825001005840 93825001308160 140737488340073 140737488340470 140737488340470 140737488351179 0
/proc/4059223/statm: 6727 3403 2098 555 0 1769 0
[pid=4059249] ppid=4059223 vsize=48088 memory=40028 CPUtime=12.58 cores=28-29
/proc/4059249/stat : 4059249 (clingo) R 4059223 4059223 4058938 0 -1 0 8599 0 0 0 1256 2 0 0 20 0 1 0 923138596 49242112 10007 17179869184 93824992301056 93824992468925 140737488338416 0 0 0 134217728 4 25184771 0 0 0 17 28 0 0 0 0 0 93824992533936 93824992571272 93824992575488 140737488340183 140737488340354 140737488340354 140737488351170 0
/proc/4059249/statm: 12022 10007 2085 41 0 8101 0
Current children cumulated CPU time: 12.65 s
Current children cumulated vsize: 74996 KiB
Current children cumulated memory: 53640 KiB

[startup+25.5004 s]
/proc/loadavg: 14.12 14.21 14.03 16/841 4060015
/proc/meminfo: memFree=374086964/528004312 swapFree=8388604/8388604
[pid=4059223] ppid=4059214 vsize=26908 memory=13612 CPUtime=0.07 cores=28-29
/proc/4059223/stat : 4059223 (perf) S 4059214 4059223 4058938 0 -1 0 1738 238 0 0 5 2 0 0 20 0 1 0 923138588 27553792 3403 17179869184 93824994299904 93824996572973 140737488338256 0 0 0 134217728 4 74274 1 0 0 17 28 0 0 0 0 0 93824998874888 93825001005840 93825001308160 140737488340073 140737488340470 140737488340470 140737488351179 0
/proc/4059223/statm: 6727 3403 2098 555 0 1769 0
[pid=4059249] ppid=4059223 vsize=56424 memory=48336 CPUtime=25.38 cores=28-29
/proc/4059249/stat : 4059249 (clingo) R 4059223 4059223 4058938 0 -1 0 11010 0 0 0 2536 2 0 0 20 0 1 0 923138596 57778176 12084 17179869184 93824992301056 93824992468925 140737488338416 0 0 0 134217728 4 25184771 0 0 0 17 28 0 0 0 0 0 93824992533936 93824992571272 93824992575488 140737488340183 140737488340354 140737488340354 140737488351170 0
/proc/4059249/statm: 14106 12084 2085 41 0 10185 0
Current children cumulated CPU time: 25.45 s
Current children cumulated vsize: 83332 KiB
Current children cumulated memory: 61948 KiB

[startup+51.12 s]
/proc/loadavg: 14.08 14.19 14.03 16/844 4060123
/proc/meminfo: memFree=374003296/528004312 swapFree=8388604/8388604
[pid=4059223] ppid=4059214 vsize=26908 memory=13612 CPUtime=0.07 cores=28-29
/proc/4059223/stat : 4059223 (perf) S 4059214 4059223 4058938 0 -1 0 1738 238 0 0 5 2 0 0 20 0 1 0 923138588 27553792 3403 17179869184 93824994299904 93824996572973 140737488338256 0 0 0 134217728 4 74274 1 0 0 17 28 0 0 0 0 0 93824998874888 93825001005840 93825001308160 140737488340073 140737488340470 140737488340470 140737488351179 0
/proc/4059223/statm: 6727 3403 2098 555 0 1769 0
[pid=4059249] ppid=4059223 vsize=66496 memory=58212 CPUtime=51 cores=28-29
/proc/4059249/stat : 4059249 (clingo) R 4059223 4059223 4058938 0 -1 0 14607 0 0 0 5098 2 0 0 20 0 1 0 923138596 68091904 14553 17179869184 93824992301056 93824992468925 140737488338416 0 0 0 134217728 4 25184771 0 0 0 17 28 0 0 0 0 0 93824992533936 93824992571272 93824992575488 140737488340183 140737488340354 140737488340354 140737488351170 0
/proc/4059249/statm: 16624 14553 2085 41 0 12703 0
Current children cumulated CPU time: 51.07 s
Current children cumulated vsize: 93404 KiB
Current children cumulated memory: 71824 KiB

[startup+102.3 s]
/proc/loadavg: 14.34 14.24 14.05 16/845 4060127
/proc/meminfo: memFree=373692556/528004312 swapFree=8388604/8388604
[pid=4059223] ppid=4059214 vsize=26908 memory=13612 CPUtime=0.07 cores=28-29
/proc/4059223/stat : 4059223 (perf) S 4059214 4059223 4058938 0 -1 0 1738 238 0 0 5 2 0 0 20 0 1 0 923138588 27553792 3403 17179869184 93824994299904 93824996572973 140737488338256 0 0 0 134217728 4 74274 1 0 0 17 28 0 0 0 0 0 93824998874888 93825001005840 93825001308160 140737488340073 140737488340470 140737488340470 140737488351179 0
/proc/4059223/statm: 6727 3403 2098 555 0 1769 0
[pid=4059249] ppid=4059223 vsize=80776 memory=72396 CPUtime=102.18 cores=28-29
/proc/4059249/stat : 4059249 (clingo) R 4059223 4059223 4058938 0 -1 0 20341 0 0 0 10215 3 0 0 20 0 1 0 923138596 82714624 18099 17179869184 93824992301056 93824992468925 140737488338416 0 0 0 134217728 4 25184771 0 0 0 17 28 0 0 0 0 0 93824992533936 93824992571272 93824992575488 140737488340183 140737488340354 140737488340354 140737488351170 0
/proc/4059249/statm: 20194 18099 2085 41 0 16273 0
Current children cumulated CPU time: 102.25 s
Current children cumulated vsize: 107684 KiB
Current children cumulated memory: 86008 KiB

[startup+162.3 s]
/proc/loadavg: 14.12 14.19 14.05 16/845 4060130
/proc/meminfo: memFree=373391084/528004312 swapFree=8388604/8388604
[pid=4059223] ppid=4059214 vsize=26908 memory=13612 CPUtime=0.07 cores=28-29
/proc/4059223/stat : 4059223 (perf) S 4059214 4059223 4058938 0 -1 0 1738 238 0 0 5 2 0 0 20 0 1 0 923138588 27553792 3403 17179869184 93824994299904 93824996572973 140737488338256 0 0 0 134217728 4 74274 1 0 0 17 28 0 0 0 0 0 93824998874888 93825001005840 93825001308160 140737488340073 140737488340470 140737488340470 140737488351179 0
/proc/4059223/statm: 6727 3403 2098 555 0 1769 0
[pid=4059249] ppid=4059223 vsize=88260 memory=79992 CPUtime=162.18 cores=28-29
/proc/4059249/stat : 4059249 (clingo) R 4059223 4059223 4058938 0 -1 0 25021 0 0 0 16215 3 0 0 20 0 1 0 923138596 90378240 19998 17179869184 93824992301056 93824992468925 140737488338416 0 0 0 134217728 4 25184771 0 0 0 17 28 0 0 0 0 0 93824992533936 93824992571272 93824992575488 140737488340183 140737488340354 140737488340354 140737488351170 0
/proc/4059249/statm: 22065 19998 2085 41 0 18144 0
Current children cumulated CPU time: 162.25 s
Current children cumulated vsize: 115168 KiB
Current children cumulated memory: 93604 KiB

[startup+222.3 s]
/proc/loadavg: 14.29 14.23 14.07 16/845 4060134
/proc/meminfo: memFree=373264888/528004312 swapFree=8388604/8388604
[pid=4059223] ppid=4059214 vsize=26908 memory=13612 CPUtime=0.07 cores=28-29
/proc/4059223/stat : 4059223 (perf) S 4059214 4059223 4058938 0 -1 0 1738 238 0 0 5 2 0 0 20 0 1 0 923138588 27553792 3403 17179869184 93824994299904 93824996572973 140737488338256 0 0 0 134217728 4 74274 1 0 0 17 28 0 0 0 0 0 93824998874888 93825001005840 93825001308160 140737488340073 140737488340470 140737488340470 140737488351179 0
/proc/4059223/statm: 6727 3403 2098 555 0 1769 0
[pid=4059249] ppid=4059223 vsize=95764 memory=87332 CPUtime=222.18 cores=28-29
/proc/4059249/stat : 4059249 (clingo) R 4059223 4059223 4058938 0 -1 0 27278 0 0 0 22214 4 0 0 20 0 1 0 923138596 98062336 21833 17179869184 93824992301056 93824992468925 140737488338416 0 0 0 134217728 4 25184771 0 0 0 17 28 0 0 0 0 0 93824992533936 93824992571272 93824992575488 140737488340183 140737488340354 140737488340354 140737488351170 0
/proc/4059249/statm: 23941 21833 2085 41 0 20020 0
Current children cumulated CPU time: 222.25 s
Current children cumulated vsize: 122672 KiB
Current children cumulated memory: 100944 KiB

[startup+282.3 s]
/proc/loadavg: 14.10 14.19 14.06 16/845 4060135
/proc/meminfo: memFree=373125296/528004312 swapFree=8388604/8388604
[pid=4059223] ppid=4059214 vsize=26908 memory=13612 CPUtime=0.07 cores=28-29
/proc/4059223/stat : 4059223 (perf) S 4059214 4059223 4058938 0 -1 0 1738 238 0 0 5 2 0 0 20 0 1 0 923138588 27553792 3403 17179869184 93824994299904 93824996572973 140737488338256 0 0 0 134217728 4 74274 1 0 0 17 28 0 0 0 0 0 93824998874888 93825001005840 93825001308160 140737488340073 140737488340470 140737488340470 140737488351179 0
/proc/4059223/statm: 6727 3403 2098 555 0 1769 0
[pid=4059249] ppid=4059223 vsize=102528 memory=94160 CPUtime=282.18 cores=28-29
/proc/4059249/stat : 4059249 (clingo) R 4059223 4059223 4058938 0 -1 0 31864 0 0 0 28214 4 0 0 20 0 1 0 923138596 104988672 23540 17179869184 93824992301056 93824992468925 140737488338416 0 0 0 134217728 4 25184771 0 0 0 17 28 0 0 0 0 0 93824992533936 93824992571272 93824992575488 140737488340183 140737488340354 140737488340354 140737488351170 0
/proc/4059249/statm: 25632 23540 2085 41 0 21711 0
Current children cumulated CPU time: 282.25 s
Current children cumulated vsize: 129436 KiB
Current children cumulated memory: 107772 KiB

[startup+342.3 s]
/proc/loadavg: 14.69 14.36 14.13 16/828 4060141
/proc/meminfo: memFree=373064876/528004312 swapFree=8388604/8388604
[pid=4059223] ppid=4059214 vsize=26908 memory=13612 CPUtime=0.07 cores=28-29
/proc/4059223/stat : 4059223 (perf) S 4059214 4059223 4058938 0 -1 0 1738 238 0 0 5 2 0 0 20 0 1 0 923138588 27553792 3403 17179869184 93824994299904 93824996572973 140737488338256 0 0 0 134217728 4 74274 1 0 0 17 28 0 0 0 0 0 93824998874888 93825001005840 93825001308160 140737488340073 140737488340470 140737488340470 140737488351179 0
/proc/4059223/statm: 6727 3403 2098 555 0 1769 0
[pid=4059249] ppid=4059223 vsize=108956 memory=100732 CPUtime=342.18 cores=28-29
/proc/4059249/stat : 4059249 (clingo) R 4059223 4059223 4058938 0 -1 0 35676 0 0 0 34213 5 0 0 20 0 1 0 923138596 111570944 25183 17179869184 93824992301056 93824992468925 140737488338416 0 0 0 134217728 4 25184771 0 0 0 17 28 0 0 0 0 0 93824992533936 93824992571272 93824992575488 140737488340183 140737488340354 140737488340354 140737488351170 0
/proc/4059249/statm: 27239 25183 2085 41 0 23318 0
Current children cumulated CPU time: 342.25 s
Current children cumulated vsize: 135864 KiB
Current children cumulated memory: 114344 KiB

[startup+402.3 s]
/proc/loadavg: 14.25 14.29 14.12 16/819 4060145
/proc/meminfo: memFree=372992620/528004312 swapFree=8388604/8388604
[pid=4059223] ppid=4059214 vsize=26908 memory=13612 CPUtime=0.07 cores=28-29
/proc/4059223/stat : 4059223 (perf) S 4059214 4059223 4058938 0 -1 0 1738 238 0 0 5 2 0 0 20 0 1 0 923138588 27553792 3403 17179869184 93824994299904 93824996572973 140737488338256 0 0 0 134217728 4 74274 1 0 0 17 28 0 0 0 0 0 93824998874888 93825001005840 93825001308160 140737488340073 140737488340470 140737488340470 140737488351179 0
/proc/4059223/statm: 6727 3403 2098 555 0 1769 0
[pid=4059249] ppid=4059223 vsize=113324 memory=105036 CPUtime=402.18 cores=28-29
/proc/4059249/stat : 4059249 (clingo) R 4059223 4059223 4058938 0 -1 0 37525 0 0 0 40213 5 0 0 20 0 1 0 923138596 116043776 26259 17179869184 93824992301056 93824992468925 140737488338416 0 0 0 134217728 4 25184771 0 0 0 17 28 0 0 0 0 0 93824992533936 93824992571272 93824992575488 140737488340183 140737488340354 140737488340354 140737488351170 0
/proc/4059249/statm: 28331 26259 2085 41 0 24410 0
Current children cumulated CPU time: 402.25 s
Current children cumulated vsize: 140232 KiB
Current children cumulated memory: 118648 KiB

[startup+462.3 s]
/proc/loadavg: 14.24 14.30 14.13 16/820 4060149
/proc/meminfo: memFree=372932676/528004312 swapFree=8388604/8388604
[pid=4059223] ppid=4059214 vsize=26908 memory=13612 CPUtime=0.07 cores=28-29
/proc/4059223/stat : 4059223 (perf) S 4059214 4059223 4058938 0 -1 0 1738 238 0 0 5 2 0 0 20 0 1 0 923138588 27553792 3403 17179869184 93824994299904 93824996572973 140737488338256 0 0 0 134217728 4 74274 1 0 0 17 28 0 0 0 0 0 93824998874888 93825001005840 93825001308160 140737488340073 140737488340470 140737488340470 140737488351179 0
/proc/4059223/statm: 6727 3403 2098 555 0 1769 0
[pid=4059249] ppid=4059223 vsize=118024 memory=109704 CPUtime=462.18 cores=28-29
/proc/4059249/stat : 4059249 (clingo) R 4059223 4059223 4058938 0 -1 0 41050 0 0 0 46212 6 0 0 20 0 1 0 923138596 120856576 27426 17179869184 93824992301056 93824992468925 140737488338416 0 0 0 134217728 4 25184771 0 0 0 17 28 0 0 0 0 0 93824992533936 93824992571272 93824992575488 140737488340183 140737488340354 140737488340354 140737488351170 0
/proc/4059249/statm: 29506 27426 2085 41 0 25585 0
Current children cumulated CPU time: 462.25 s
Current children cumulated vsize: 144932 KiB
Current children cumulated memory: 123316 KiB

[startup+522.3 s]
/proc/loadavg: 14.08 14.24 14.12 16/820 4060152
/proc/meminfo: memFree=372877008/528004312 swapFree=8388604/8388604
[pid=4059223] ppid=4059214 vsize=26908 memory=13612 CPUtime=0.07 cores=28-29
/proc/4059223/stat : 4059223 (perf) S 4059214 4059223 4058938 0 -1 0 1738 238 0 0 5 2 0 0 20 0 1 0 923138588 27553792 3403 17179869184 93824994299904 93824996572973 140737488338256 0 0 0 134217728 4 74274 1 0 0 17 28 0 0 0 0 0 93824998874888 93825001005840 93825001308160 140737488340073 140737488340470 140737488340470 140737488351179 0
/proc/4059223/statm: 6727 3403 2098 555 0 1769 0
[pid=4059249] ppid=4059223 vsize=122116 memory=113660 CPUtime=522.18 cores=28-29
/proc/4059249/stat : 4059249 (clingo) R 4059223 4059223 4058938 0 -1 0 42087 0 0 0 52212 6 0 0 20 0 1 0 923138596 125046784 28415 17179869184 93824992301056 93824992468925 140737488338416 0 0 0 134217728 4 25184771 0 0 0 17 28 0 0 0 0 0 93824992533936 93824992571272 93824992575488 140737488340183 140737488340354 140737488340354 140737488351170 0
/proc/4059249/statm: 30529 28415 2085 41 0 26608 0
Current children cumulated CPU time: 522.25 s
Current children cumulated vsize: 149024 KiB
Current children cumulated memory: 127272 KiB

[startup+582.3 s]
/proc/loadavg: 14.07 14.21 14.12 16/821 4060157
/proc/meminfo: memFree=372829160/528004312 swapFree=8388604/8388604
[pid=4059223] ppid=4059214 vsize=26908 memory=13612 CPUtime=0.07 cores=28-29
/proc/4059223/stat : 4059223 (perf) S 4059214 4059223 4058938 0 -1 0 1738 238 0 0 5 2 0 0 20 0 1 0 923138588 27553792 3403 17179869184 93824994299904 93824996572973 140737488338256 0 0 0 134217728 4 74274 1 0 0 17 28 0 0 0 0 0 93824998874888 93825001005840 93825001308160 140737488340073 140737488340470 140737488340470 140737488351179 0
/proc/4059223/statm: 6727 3403 2098 555 0 1769 0
[pid=4059249] ppid=4059223 vsize=125204 memory=116936 CPUtime=582.18 cores=28-29
/proc/4059249/stat : 4059249 (clingo) R 4059223 4059223 4058938 0 -1 0 43564 0 0 0 58212 6 0 0 20 0 1 0 923138596 128208896 29234 17179869184 93824992301056 93824992468925 140737488338416 0 0 0 134217728 4 25184771 0 0 0 17 28 0 0 0 0 0 93824992533936 93824992571272 93824992575488 140737488340183 140737488340354 140737488340354 140737488351170 0
/proc/4059249/statm: 31301 29234 2085 41 0 27380 0
Current children cumulated CPU time: 582.25 s
Current children cumulated vsize: 152112 KiB
Current children cumulated memory: 130548 KiB

[startup+642.3 s]
/proc/loadavg: 14.40 14.29 14.15 16/821 4060158
/proc/meminfo: memFree=372749576/528004312 swapFree=8388604/8388604
[pid=4059223] ppid=4059214 vsize=26908 memory=13612 CPUtime=0.07 cores=28-29
/proc/4059223/stat : 4059223 (perf) S 4059214 4059223 4058938 0 -1 0 1738 238 0 0 5 2 0 0 20 0 1 0 923138588 27553792 3403 17179869184 93824994299904 93824996572973 140737488338256 0 0 0 134217728 4 74274 1 0 0 17 28 0 0 0 0 0 93824998874888 93825001005840 93825001308160 140737488340073 140737488340470 140737488340470 140737488351179 0
/proc/4059223/statm: 6727 3403 2098 555 0 1769 0
[pid=4059249] ppid=4059223 vsize=130024 memory=121688 CPUtime=642.18 cores=28-29
/proc/4059249/stat : 4059249 (clingo) R 4059223 4059223 4058938 0 -1 0 46869 0 0 0 64212 6 0 0 20 0 1 0 923138596 133144576 30422 17179869184 93824992301056 93824992468925 140737488338416 0 0 0 134217728 4 25184771 0 0 0 17 28 0 0 0 0 0 93824992533936 93824992571272 93824992575488 140737488340183 140737488340354 140737488340354 140737488351170 0
/proc/4059249/statm: 32506 30422 2085 41 0 28585 0
Current children cumulated CPU time: 642.25 s
Current children cumulated vsize: 156932 KiB
Current children cumulated memory: 135300 KiB

[startup+702.3 s]
/proc/loadavg: 14.15 14.23 14.14 16/821 4060160
/proc/meminfo: memFree=372701700/528004312 swapFree=8388604/8388604
[pid=4059223] ppid=4059214 vsize=26908 memory=13612 CPUtime=0.07 cores=28-29
/proc/4059223/stat : 4059223 (perf) S 4059214 4059223 4058938 0 -1 0 1738 238 0 0 5 2 0 0 20 0 1 0 923138588 27553792 3403 17179869184 93824994299904 93824996572973 140737488338256 0 0 0 134217728 4 74274 1 0 0 17 28 0 0 0 0 0 93824998874888 93825001005840 93825001308160 140737488340073 140737488340470 140737488340470 140737488351179 0
/proc/4059223/statm: 6727 3403 2098 555 0 1769 0
[pid=4059249] ppid=4059223 vsize=132756 memory=124292 CPUtime=702.18 cores=28-29
/proc/4059249/stat : 4059249 (clingo) R 4059223 4059223 4058938 0 -1 0 50327 0 0 0 70212 6 0 0 20 0 1 0 923138596 135942144 31073 17179869184 93824992301056 93824992468925 140737488338416 0 0 0 134217728 4 25184771 0 0 0 17 28 0 0 0 0 0 93824992533936 93824992571272 93824992575488 140737488340183 140737488340354 140737488340354 140737488351170 0
/proc/4059249/statm: 33189 31073 2085 41 0 29268 0
Current children cumulated CPU time: 702.25 s
Current children cumulated vsize: 159664 KiB
Current children cumulated memory: 137904 KiB

[startup+762.3 s]
/proc/loadavg: 14.05 14.19 14.13 16/820 4060161
/proc/meminfo: memFree=372588056/528004312 swapFree=8388604/8388604
[pid=4059223] ppid=4059214 vsize=26908 memory=13612 CPUtime=0.07 cores=28-29
/proc/4059223/stat : 4059223 (perf) S 4059214 4059223 4058938 0 -1 0 1738 238 0 0 5 2 0 0 20 0 1 0 923138588 27553792 3403 17179869184 93824994299904 93824996572973 140737488338256 0 0 0 134217728 4 74274 1 0 0 17 28 0 0 0 0 0 93824998874888 93825001005840 93825001308160 140737488340073 140737488340470 140737488340470 140737488351179 0
/proc/4059223/statm: 6727 3403 2098 555 0 1769 0
[pid=4059249] ppid=4059223 vsize=136968 memory=128760 CPUtime=762.18 cores=28-29
/proc/4059249/stat : 4059249 (clingo) R 4059223 4059223 4058938 0 -1 0 52794 0 0 0 76212 6 0 0 20 0 1 0 923138596 140255232 32190 17179869184 93824992301056 93824992468925 140737488338416 0 0 0 134217728 4 25184771 0 0 0 17 28 0 0 0 0 0 93824992533936 93824992571272 93824992575488 140737488340183 140737488340354 140737488340354 140737488351170 0
/proc/4059249/statm: 34242 32190 2085 41 0 30321 0
Current children cumulated CPU time: 762.25 s
Current children cumulated vsize: 163876 KiB
Current children cumulated memory: 142372 KiB

[startup+822.3 s]
/proc/loadavg: 14.02 14.15 14.12 16/820 4060163
/proc/meminfo: memFree=372546300/528004312 swapFree=8388604/8388604
[pid=4059223] ppid=4059214 vsize=26908 memory=13612 CPUtime=0.07 cores=28-29
/proc/4059223/stat : 4059223 (perf) S 4059214 4059223 4058938 0 -1 0 1738 238 0 0 5 2 0 0 20 0 1 0 923138588 27553792 3403 17179869184 93824994299904 93824996572973 140737488338256 0 0 0 134217728 4 74274 1 0 0 17 28 0 0 0 0 0 93824998874888 93825001005840 93825001308160 140737488340073 140737488340470 140737488340470 140737488351179 0
/proc/4059223/statm: 6727 3403 2098 555 0 1769 0
[pid=4059249] ppid=4059223 vsize=138908 memory=130696 CPUtime=822.18 cores=28-29
/proc/4059249/stat : 4059249 (clingo) R 4059223 4059223 4058938 0 -1 0 54735 0 0 0 82211 7 0 0 20 0 1 0 923138596 142241792 32674 17179869184 93824992301056 93824992468925 140737488338416 0 0 0 134217728 4 25184771 0 0 0 17 28 0 0 0 0 0 93824992533936 93824992571272 93824992575488 140737488340183 140737488340354 140737488340354 140737488351170 0
/proc/4059249/statm: 34727 32674 2085 41 0 30806 0
Current children cumulated CPU time: 822.25 s
Current children cumulated vsize: 165816 KiB
Current children cumulated memory: 144308 KiB

[startup+882.3 s]
/proc/loadavg: 14.00 14.12 14.10 16/820 4060208
/proc/meminfo: memFree=372512040/528004312 swapFree=8388604/8388604
[pid=4059223] ppid=4059214 vsize=26908 memory=13612 CPUtime=0.07 cores=28-29
/proc/4059223/stat : 4059223 (perf) S 4059214 4059223 4058938 0 -1 0 1738 238 0 0 5 2 0 0 20 0 1 0 923138588 27553792 3403 17179869184 93824994299904 93824996572973 140737488338256 0 0 0 134217728 4 74274 1 0 0 17 28 0 0 0 0 0 93824998874888 93825001005840 93825001308160 140737488340073 140737488340470 140737488340470 140737488351179 0
/proc/4059223/statm: 6727 3403 2098 555 0 1769 0
[pid=4059249] ppid=4059223 vsize=144056 memory=135904 CPUtime=882.18 cores=28-29
/proc/4059249/stat : 4059249 (clingo) R 4059223 4059223 4058938 0 -1 0 57471 0 0 0 88210 8 0 0 20 0 1 0 923138596 147513344 33976 17179869184 93824992301056 93824992468925 140737488338416 0 0 0 134217728 4 25184771 0 0 0 17 28 0 0 0 0 0 93824992533936 93824992571272 93824992575488 140737488340183 140737488340354 140737488340354 140737488351170 0
/proc/4059249/statm: 36014 33976 2085 41 0 32093 0
Current children cumulated CPU time: 882.25 s
Current children cumulated vsize: 170964 KiB
Current children cumulated memory: 149516 KiB

[startup+942.3 s]
/proc/loadavg: 14.00 14.10 14.09 16/820 4060210
/proc/meminfo: memFree=372433176/528004312 swapFree=8388604/8388604
[pid=4059223] ppid=4059214 vsize=26908 memory=13612 CPUtime=0.07 cores=28-29
/proc/4059223/stat : 4059223 (perf) S 4059214 4059223 4058938 0 -1 0 1738 238 0 0 5 2 0 0 20 0 1 0 923138588 27553792 3403 17179869184 93824994299904 93824996572973 140737488338256 0 0 0 134217728 4 74274 1 0 0 17 28 0 0 0 0 0 93824998874888 93825001005840 93825001308160 140737488340073 140737488340470 140737488340470 140737488351179 0
/proc/4059223/statm: 6727 3403 2098 555 0 1769 0
[pid=4059249] ppid=4059223 vsize=149192 memory=141008 CPUtime=942.18 cores=28-29
/proc/4059249/stat : 4059249 (clingo) R 4059223 4059223 4058938 0 -1 0 60050 0 0 0 94210 8 0 0 20 0 1 0 923138596 152772608 35252 17179869184 93824992301056 93824992468925 140737488338416 0 0 0 134217728 4 25184771 0 0 0 17 28 0 0 0 0 0 93824992533936 93824992571272 93824992575488 140737488340183 140737488340354 140737488340354 140737488351170 0
/proc/4059249/statm: 37298 35252 2085 41 0 33377 0
Current children cumulated CPU time: 942.25 s
Current children cumulated vsize: 176100 KiB
Current children cumulated memory: 154620 KiB

[startup+1002.3 s]
/proc/loadavg: 14.00 14.08 14.09 16/820 4060211
/proc/meminfo: memFree=372369936/528004312 swapFree=8388604/8388604
[pid=4059223] ppid=4059214 vsize=26908 memory=13612 CPUtime=0.07 cores=28-29
/proc/4059223/stat : 4059223 (perf) S 4059214 4059223 4058938 0 -1 0 1738 238 0 0 5 2 0 0 20 0 1 0 923138588 27553792 3403 17179869184 93824994299904 93824996572973 140737488338256 0 0 0 134217728 4 74274 1 0 0 17 28 0 0 0 0 0 93824998874888 93825001005840 93825001308160 140737488340073 140737488340470 140737488340470 140737488351179 0
/proc/4059223/statm: 6727 3403 2098 555 0 1769 0
[pid=4059249] ppid=4059223 vsize=149992 memory=141780 CPUtime=1002.18 cores=28-29
/proc/4059249/stat : 4059249 (clingo) R 4059223 4059223 4058938 0 -1 0 61044 0 0 0 100210 8 0 0 20 0 1 0 923138596 153591808 35445 17179869184 93824992301056 93824992468925 140737488338416 0 0 0 134217728 4 25184771 0 0 0 17 28 0 0 0 0 0 93824992533936 93824992571272 93824992575488 140737488340183 140737488340354 140737488340354 140737488351170 0
/proc/4059249/statm: 37498 35445 2085 41 0 33577 0
Current children cumulated CPU time: 1002.25 s
Current children cumulated vsize: 176900 KiB
Current children cumulated memory: 155392 KiB

[startup+1062.3 s]
/proc/loadavg: 14.00 14.06 14.08 16/820 4060212
/proc/meminfo: memFree=372335420/528004312 swapFree=8388604/8388604
[pid=4059223] ppid=4059214 vsize=26908 memory=13612 CPUtime=0.07 cores=28-29
/proc/4059223/stat : 4059223 (perf) S 4059214 4059223 4058938 0 -1 0 1738 238 0 0 5 2 0 0 20 0 1 0 923138588 27553792 3403 17179869184 93824994299904 93824996572973 140737488338256 0 0 0 134217728 4 74274 1 0 0 17 28 0 0 0 0 0 93824998874888 93825001005840 93825001308160 140737488340073 140737488340470 140737488340470 140737488351179 0
/proc/4059223/statm: 6727 3403 2098 555 0 1769 0
[pid=4059249] ppid=4059223 vsize=154744 memory=146488 CPUtime=1062.19 cores=28-29
/proc/4059249/stat : 4059249 (clingo) R 4059223 4059223 4058938 0 -1 0 63959 0 0 0 106210 9 0 0 20 0 1 0 923138596 158457856 36622 17179869184 93824992301056 93824992468925 140737488338416 0 0 0 134217728 4 25184771 0 0 0 17 28 0 0 0 0 0 93824992533936 93824992571272 93824992575488 140737488340183 140737488340354 140737488340354 140737488351170 0
/proc/4059249/statm: 38686 36622 2085 41 0 34765 0
Current children cumulated CPU time: 1062.26 s
Current children cumulated vsize: 181652 KiB
Current children cumulated memory: 160100 KiB

[startup+1122.3 s]
/proc/loadavg: 14.32 14.12 14.10 16/820 4060214
/proc/meminfo: memFree=372304716/528004312 swapFree=8388604/8388604
[pid=4059223] ppid=4059214 vsize=26908 memory=13612 CPUtime=0.07 cores=28-29
/proc/4059223/stat : 4059223 (perf) S 4059214 4059223 4058938 0 -1 0 1738 238 0 0 5 2 0 0 20 0 1 0 923138588 27553792 3403 17179869184 93824994299904 93824996572973 140737488338256 0 0 0 134217728 4 74274 1 0 0 17 28 0 0 0 0 0 93824998874888 93825001005840 93825001308160 140737488340073 140737488340470 140737488340470 140737488351179 0
/proc/4059223/statm: 6727 3403 2098 555 0 1769 0
[pid=4059249] ppid=4059223 vsize=154932 memory=146684 CPUtime=1122.19 cores=28-29
/proc/4059249/stat : 4059249 (clingo) R 4059223 4059223 4058938 0 -1 0 64345 0 0 0 112210 9 0 0 20 0 1 0 923138596 158650368 36671 17179869184 93824992301056 93824992468925 140737488338416 0 0 0 134217728 4 25184771 0 0 0 17 28 0 0 0 0 0 93824992533936 93824992571272 93824992575488 140737488340183 140737488340354 140737488340354 140737488351170 0
/proc/4059249/statm: 38733 36671 2085 41 0 34812 0
Current children cumulated CPU time: 1122.26 s
Current children cumulated vsize: 181840 KiB
Current children cumulated memory: 160296 KiB

[startup+1182.3 s]
/proc/loadavg: 15.03 14.45 14.22 16/820 4060215
/proc/meminfo: memFree=372281536/528004312 swapFree=8388604/8388604
[pid=4059223] ppid=4059214 vsize=26908 memory=13612 CPUtime=0.07 cores=28-29
/proc/4059223/stat : 4059223 (perf) S 4059214 4059223 4058938 0 -1 0 1738 238 0 0 5 2 0 0 20 0 1 0 923138588 27553792 3403 17179869184 93824994299904 93824996572973 140737488338256 0 0 0 134217728 4 74274 1 0 0 17 28 0 0 0 0 0 93824998874888 93825001005840 93825001308160 140737488340073 140737488340470 140737488340470 140737488351179 0
/proc/4059223/statm: 6727 3403 2098 555 0 1769 0
[pid=4059249] ppid=4059223 vsize=156288 memory=147976 CPUtime=1182.19 cores=28-29
/proc/4059249/stat : 4059249 (clingo) R 4059223 4059223 4058938 0 -1 0 65127 0 0 0 118210 9 0 0 20 0 1 0 923138596 160038912 36994 17179869184 93824992301056 93824992468925 140737488338416 0 0 0 134217728 4 25184771 0 0 0 17 28 0 0 0 0 0 93824992533936 93824992571272 93824992575488 140737488340183 140737488340354 140737488340354 140737488351170 0
/proc/4059249/statm: 39072 36994 2085 41 0 35151 0
Current children cumulated CPU time: 1182.26 s
Current children cumulated vsize: 183196 KiB
Current children cumulated memory: 161588 KiB



Maximum wall clock time exceeded: sending SIGTERM then SIGKILL

[startup+1205 s]*
/proc/loadavg: 14.68 14.41 14.21 15/811 4060467
/proc/meminfo: memFree=372712532/528004312 swapFree=8388604/8388604
[pid=4059223] ppid=4059214 vsize=26908 memory=13612 CPUtime=0.07 cores=28-29
/proc/4059223/stat : 4059223 (perf) S 4059214 4059223 4058938 0 -1 0 1738 238 0 0 5 2 0 0 20 0 1 0 923138588 27553792 3403 17179869184 93824994299904 93824996572973 140737488338256 0 0 0 134217728 4 74274 1 0 0 17 28 0 0 0 0 0 93824998874888 93825001005840 93825001308160 140737488340073 140737488340470 140737488340470 140737488351179 0
/proc/4059223/statm: 6727 3403 2098 555 0 1769 0
[pid=4059249] ppid=4059223 vsize=157404 memory=148764 CPUtime=1204.9 cores=28-29
/proc/4059249/stat : 4059249 (clingo) R 4059223 4059223 4058938 0 -1 0 65387 0 0 0 120481 9 0 0 20 0 1 0 923138596 161181696 37191 17179869184 93824992301056 93824992468925 140737488338416 0 0 0 134217728 4 25184771 0 0 0 17 28 0 0 0 0 0 93824992533936 93824992571272 93824992575488 140737488340183 140737488340354 140737488340354 140737488351170 0
/proc/4059249/statm: 39351 37191 2085 41 0 35430 0
Current children cumulated CPU time: 1204.97 s
Current children cumulated vsize: 184312 KiB
Current children cumulated memory: 162376 KiB

Sending SIGINT to process tree (bottom up)
Sleeping 5 seconds

[startup+1205.03 s]
# the end of solver process 4059223 was just reported to runsolver
# cumulated CPU time of all completed processes:  user=1204.88 s, system=0.126516 s

Solver just ended.
??? end of watcher thread
Dumping a history of the last processes samples

Child status: 1
Real time (s): 1205.03
CPU time (s): 1205.01
CPU user time (s): 1204.88
CPU system time (s): 0.126516
CPU usage (%): 99.9982
Max. virtual memory (cumulated for all children) (KiB): 184312
Max. memory (cumulated for all children) (KiB): 162488

getrusage(RUSAGE_CHILDREN,...) data:
user time used= 1204.88
system time used= 0.126516
maximum resident set size= 149028
integral shared memory size= 0
integral unshared data size= 0
integral unshared stack size= 0
page reclaims= 67403
page faults= 0
swaps= 0
block input operations= 0
block output operations= 0
messages sent= 0
messages received= 0
signals received= 0
voluntary context switches= 17
involuntary context switches= 721


# summary of solver processes directly reported to runsolver:
#   pid: 4059223
#   total CPU time (s): 1205.01
#   total CPU user time (s): 1204.88
#   total CPU system time (s): 0.126516

??? end of timestamper thread
runsolver used 9.01862 second user time and 16.4334 second system time

The end
