runsolver version 3.4.0 (svn: 3018) Copyright (C) 2010-2013 Olivier ROUSSEL

This program is distributed in the hope that it will be useful,
but WITHOUT ANY WARRANTY; without even the implied warranty of
MERCHANTABILITY or FITNESS FOR A PARTICULAR PURPOSE.  See the
GNU General Public License for more details.

NUMA information:
  number of nodes: 2
  memory of node 0: 257634 MiB (186091 MiB free)
  memory of node 1: 257994 MiB (187441 MiB free)
  node distances:
     10  20
     20  10

command line: /dev/shm/3729364e-2e81-11f1-ac62-000c298f4621/input/runsolver -w /dev/shm/3729364e-2e81-11f1-ac62-000c298f4621/output/runsolver.log -v /dev/shm/3729364e-2e81-11f1-ac62-000c298f4621/output/varfile.log -W 1205 --rss-swap-limit 16384 -d 5 --sigint /usr/bin/perf stat -B -e task-clock,cache-references,cache-misses,cycles,instructions,branches,faults,migrations,context-switches -o /dev/shm/3729364e-2e81-11f1-ac62-000c298f4621/output/perf.log clingo /home/guests/mmacri/AMOSUM/benchmarks/GraphColouring/encoding-plain-amo.asp /dev/shm/3729364e-2e81-11f1-ac62-000c298f4621/input/0001-graph_colouring-125-0_4800.asp 

running on 2 cores: 2-3

Enforcing wall clock limit (soft limit, will send SIGTERM then SIGKILL): 1205 seconds
Enforcing RSS+Swap limit (soft limit, will send SIGTERM then SIGKILL): 16777216 KiB
Linux 5.15.0-131-generic
Current StackSize limit: 8192 KiB

solver pid=384313, runsolver pid=384308

[startup+0.10007 s]*
/proc/loadavg: 14.14 13.95 10.42 14/845 384330
/proc/meminfo: memFree=382470384/528004324 swapFree=8388604/8388604
[pid=384313] ppid=384308 vsize=26908 memory=13612 CPUtime=0.06 cores=2-3
/proc/384313/stat : 384313 (perf) S 384308 384313 384223 0 -1 0 1737 237 0 0 5 1 0 0 20 0 1 0 922892870 27553792 3403 17179869184 93824994299904 93824996572973 140737488338256 0 0 0 134217728 4 74274 1 0 0 17 2 0 0 0 0 0 93824998874888 93825001005840 93825001308160 140737488340074 140737488340471 140737488340471 140737488351179 0
/proc/384313/statm: 6727 3403 2098 555 0 1769 0
[pid=384330] ppid=384313 vsize=18888 memory=10608 CPUtime=0.02 cores=2-3
/proc/384330/stat : 384330 (clingo) R 384313 384313 384223 0 -1 0 876 0 0 0 2 0 0 0 20 0 1 0 922892878 19341312 2652 17179869184 93824992301056 93824992468925 140737488338416 0 0 0 134217728 4 25184771 0 0 0 17 3 0 0 0 0 0 93824992533936 93824992571272 93824992575488 140737488340184 140737488340355 140737488340355 140737488351170 0
/proc/384330/statm: 4722 2652 2042 41 0 801 0
Current children cumulated CPU time: 0.08 s
Current children cumulated vsize: 45796 KiB
Current children cumulated memory: 24220 KiB

[startup+0.218623 s]*
/proc/loadavg: 14.14 13.95 10.42 15/848 384340
/proc/meminfo: memFree=382440216/528004324 swapFree=8388604/8388604
[pid=384313] ppid=384308 vsize=26908 memory=13612 CPUtime=0.06 cores=2-3
/proc/384313/stat : 384313 (perf) S 384308 384313 384223 0 -1 0 1737 237 0 0 5 1 0 0 20 0 1 0 922892870 27553792 3403 17179869184 93824994299904 93824996572973 140737488338256 0 0 0 134217728 4 74274 1 0 0 17 2 0 0 0 0 0 93824998874888 93825001005840 93825001308160 140737488340074 140737488340471 140737488340471 140737488351179 0
/proc/384313/statm: 6727 3403 2098 555 0 1769 0
[pid=384330] ppid=384313 vsize=24164 memory=16048 CPUtime=0.12 cores=2-3
/proc/384330/stat : 384330 (clingo) R 384313 384313 384223 0 -1 0 2263 0 0 0 12 0 0 0 20 0 1 0 922892878 24743936 4012 17179869184 93824992301056 93824992468925 140737488338416 0 0 0 134217728 4 25184771 0 0 0 17 2 0 0 0 0 0 93824992533936 93824992571272 93824992575488 140737488340184 140737488340355 140737488340355 140737488351170 0
/proc/384330/statm: 6041 4012 2088 41 0 2120 0
Current children cumulated CPU time: 0.18 s
Current children cumulated vsize: 51072 KiB
Current children cumulated memory: 29660 KiB

[startup+0.318866 s]*
/proc/loadavg: 14.14 13.95 10.42 16/851 384371
/proc/meminfo: memFree=383267296/528004324 swapFree=8388604/8388604
[pid=384313] ppid=384308 vsize=26908 memory=13612 CPUtime=0.06 cores=2-3
/proc/384313/stat : 384313 (perf) S 384308 384313 384223 0 -1 0 1737 237 0 0 5 1 0 0 20 0 1 0 922892870 27553792 3403 17179869184 93824994299904 93824996572973 140737488338256 0 0 0 134217728 4 74274 1 0 0 17 2 0 0 0 0 0 93824998874888 93825001005840 93825001308160 140737488340074 140737488340471 140737488340471 140737488351179 0
/proc/384313/statm: 6727 3403 2098 555 0 1769 0
[pid=384330] ppid=384313 vsize=25232 memory=17104 CPUtime=0.22 cores=2-3
/proc/384330/stat : 384330 (clingo) R 384313 384313 384223 0 -1 0 2520 0 0 0 22 0 0 0 20 0 1 0 922892878 25837568 4276 17179869184 93824992301056 93824992468925 140737488338416 0 0 0 134217728 4 25184771 0 0 0 17 2 0 0 0 0 0 93824992533936 93824992571272 93824992575488 140737488340184 140737488340355 140737488340355 140737488351170 0
/proc/384330/statm: 6308 4276 2088 41 0 2387 0
Current children cumulated CPU time: 0.28 s
Current children cumulated vsize: 52140 KiB
Current children cumulated memory: 30716 KiB

[startup+0.700329 s]
/proc/loadavg: 14.14 13.95 10.42 18/825 384393
/proc/meminfo: memFree=383554328/528004324 swapFree=8388604/8388604
[pid=384313] ppid=384308 vsize=26908 memory=13612 CPUtime=0.06 cores=2-3
/proc/384313/stat : 384313 (perf) S 384308 384313 384223 0 -1 0 1737 237 0 0 5 1 0 0 20 0 1 0 922892870 27553792 3403 17179869184 93824994299904 93824996572973 140737488338256 0 0 0 134217728 4 74274 1 0 0 17 2 0 0 0 0 0 93824998874888 93825001005840 93825001308160 140737488340074 140737488340471 140737488340471 140737488351179 0
/proc/384313/statm: 6727 3403 2098 555 0 1769 0
[pid=384330] ppid=384313 vsize=27212 memory=19216 CPUtime=0.58 cores=2-3
/proc/384330/stat : 384330 (clingo) R 384313 384313 384223 0 -1 0 3023 0 0 0 58 0 0 0 20 0 1 0 922892878 27865088 4804 17179869184 93824992301056 93824992468925 140737488338416 0 0 0 134217728 4 25184771 0 0 0 17 2 0 0 0 0 0 93824992533936 93824992571272 93824992575488 140737488340184 140737488340355 140737488340355 140737488351170 0
/proc/384330/statm: 6803 4804 2088 41 0 2882 0
Current children cumulated CPU time: 0.64 s
Current children cumulated vsize: 54120 KiB
Current children cumulated memory: 32828 KiB

[startup+1.50036 s]
/proc/loadavg: 14.14 13.95 10.42 16/852 384476
/proc/meminfo: memFree=383449680/528004324 swapFree=8388604/8388604
[pid=384313] ppid=384308 vsize=26908 memory=13612 CPUtime=0.06 cores=2-3
/proc/384313/stat : 384313 (perf) S 384308 384313 384223 0 -1 0 1737 237 0 0 5 1 0 0 20 0 1 0 922892870 27553792 3403 17179869184 93824994299904 93824996572973 140737488338256 0 0 0 134217728 4 74274 1 0 0 17 2 0 0 0 0 0 93824998874888 93825001005840 93825001308160 140737488340074 140737488340471 140737488340471 140737488351179 0
/proc/384313/statm: 6727 3403 2098 555 0 1769 0
[pid=384330] ppid=384313 vsize=28808 memory=20800 CPUtime=1.38 cores=2-3
/proc/384330/stat : 384330 (clingo) R 384313 384313 384223 0 -1 0 3428 0 0 0 138 0 0 0 20 0 1 0 922892878 29499392 5200 17179869184 93824992301056 93824992468925 140737488338416 0 0 0 134217728 4 25184771 0 0 0 17 2 0 0 0 0 0 93824992533936 93824992571272 93824992575488 140737488340184 140737488340355 140737488340355 140737488351170 0
/proc/384330/statm: 7202 5200 2088 41 0 3281 0
Current children cumulated CPU time: 1.44 s
Current children cumulated vsize: 55716 KiB
Current children cumulated memory: 34412 KiB

[startup+3.11862 s]
/proc/loadavg: 14.12 13.95 10.44 15/851 384579
/proc/meminfo: memFree=383259736/528004324 swapFree=8388604/8388604
[pid=384313] ppid=384308 vsize=26908 memory=13612 CPUtime=0.06 cores=2-3
/proc/384313/stat : 384313 (perf) S 384308 384313 384223 0 -1 0 1737 237 0 0 5 1 0 0 20 0 1 0 922892870 27553792 3403 17179869184 93824994299904 93824996572973 140737488338256 0 0 0 134217728 4 74274 1 0 0 17 2 0 0 0 0 0 93824998874888 93825001005840 93825001308160 140737488340074 140737488340471 140737488340471 140737488351179 0
/proc/384313/statm: 6727 3403 2098 555 0 1769 0
[pid=384330] ppid=384313 vsize=31760 memory=23440 CPUtime=3 cores=2-3
/proc/384330/stat : 384330 (clingo) R 384313 384313 384223 0 -1 0 4137 0 0 0 300 0 0 0 20 0 1 0 922892878 32522240 5860 17179869184 93824992301056 93824992468925 140737488338416 0 0 0 134217728 4 25184771 0 0 0 17 2 0 0 0 0 0 93824992533936 93824992571272 93824992575488 140737488340184 140737488340355 140737488340355 140737488351170 0
/proc/384330/statm: 7940 5860 2088 41 0 4019 0
Current children cumulated CPU time: 3.06 s
Current children cumulated vsize: 58668 KiB
Current children cumulated memory: 37052 KiB

[startup+6.30028 s]
/proc/loadavg: 14.12 13.95 10.44 15/851 384579
/proc/meminfo: memFree=382857156/528004324 swapFree=8388604/8388604
[pid=384313] ppid=384308 vsize=26908 memory=13612 CPUtime=0.06 cores=2-3
/proc/384313/stat : 384313 (perf) S 384308 384313 384223 0 -1 0 1737 237 0 0 5 1 0 0 20 0 1 0 922892870 27553792 3403 17179869184 93824994299904 93824996572973 140737488338256 0 0 0 134217728 4 74274 1 0 0 17 2 0 0 0 0 0 93824998874888 93825001005840 93825001308160 140737488340074 140737488340471 140737488340471 140737488351179 0
/proc/384313/statm: 6727 3403 2098 555 0 1769 0
[pid=384330] ppid=384313 vsize=36024 memory=27400 CPUtime=6.19 cores=2-3
/proc/384330/stat : 384330 (clingo) R 384313 384313 384223 0 -1 0 5125 0 0 0 618 1 0 0 20 0 1 0 922892878 36888576 6850 17179869184 93824992301056 93824992468925 140737488338416 0 0 0 134217728 4 25184771 0 0 0 17 2 0 0 0 0 0 93824992533936 93824992571272 93824992575488 140737488340184 140737488340355 140737488340355 140737488351170 0
/proc/384330/statm: 9006 6850 2088 41 0 5085 0
Current children cumulated CPU time: 6.25 s
Current children cumulated vsize: 62932 KiB
Current children cumulated memory: 41012 KiB

[startup+12.7003 s]
/proc/loadavg: 14.10 13.95 10.48 15/851 384579
/proc/meminfo: memFree=382294056/528004324 swapFree=8388604/8388604
[pid=384313] ppid=384308 vsize=26908 memory=13612 CPUtime=0.06 cores=2-3
/proc/384313/stat : 384313 (perf) S 384308 384313 384223 0 -1 0 1737 237 0 0 5 1 0 0 20 0 1 0 922892870 27553792 3403 17179869184 93824994299904 93824996572973 140737488338256 0 0 0 134217728 4 74274 1 0 0 17 2 0 0 0 0 0 93824998874888 93825001005840 93825001308160 140737488340074 140737488340471 140737488340471 140737488351179 0
/proc/384313/statm: 6727 3403 2098 555 0 1769 0
[pid=384330] ppid=384313 vsize=39000 memory=30304 CPUtime=12.59 cores=2-3
/proc/384330/stat : 384330 (clingo) R 384313 384313 384223 0 -1 0 5813 0 0 0 1258 1 0 0 20 0 1 0 922892878 39936000 7576 17179869184 93824992301056 93824992468925 140737488338416 0 0 0 134217728 4 25184771 0 0 0 17 2 0 0 0 0 0 93824992533936 93824992571272 93824992575488 140737488340184 140737488340355 140737488340355 140737488351170 0
/proc/384330/statm: 9750 7576 2088 41 0 5829 0
Current children cumulated CPU time: 12.65 s
Current children cumulated vsize: 65908 KiB
Current children cumulated memory: 43916 KiB

[startup+25.5004 s]
/proc/loadavg: 14.09 13.96 10.52 15/850 384683
/proc/meminfo: memFree=381978116/528004324 swapFree=8388604/8388604
[pid=384313] ppid=384308 vsize=26908 memory=13612 CPUtime=0.06 cores=2-3
/proc/384313/stat : 384313 (perf) S 384308 384313 384223 0 -1 0 1737 237 0 0 5 1 0 0 20 0 1 0 922892870 27553792 3403 17179869184 93824994299904 93824996572973 140737488338256 0 0 0 134217728 4 74274 1 0 0 17 2 0 0 0 0 0 93824998874888 93825001005840 93825001308160 140737488340074 140737488340471 140737488340471 140737488351179 0
/proc/384313/statm: 6727 3403 2098 555 0 1769 0
[pid=384330] ppid=384313 vsize=44036 memory=34792 CPUtime=25.38 cores=2-3
/proc/384330/stat : 384330 (clingo) R 384313 384313 384223 0 -1 0 6954 0 0 0 2537 1 0 0 20 0 1 0 922892878 45092864 8698 17179869184 93824992301056 93824992468925 140737488338416 0 0 0 134217728 4 25184771 0 0 0 17 2 0 0 0 0 0 93824992533936 93824992571272 93824992575488 140737488340184 140737488340355 140737488340355 140737488351170 0
/proc/384330/statm: 11009 8698 2088 41 0 7088 0
Current children cumulated CPU time: 25.44 s
Current children cumulated vsize: 70944 KiB
Current children cumulated memory: 48404 KiB

[startup+51.1185 s]
/proc/loadavg: 14.06 13.96 10.61 15/850 384684
/proc/meminfo: memFree=380805832/528004324 swapFree=8388604/8388604
[pid=384313] ppid=384308 vsize=26908 memory=13612 CPUtime=0.06 cores=2-3
/proc/384313/stat : 384313 (perf) S 384308 384313 384223 0 -1 0 1737 237 0 0 5 1 0 0 20 0 1 0 922892870 27553792 3403 17179869184 93824994299904 93824996572973 140737488338256 0 0 0 134217728 4 74274 1 0 0 17 2 0 0 0 0 0 93824998874888 93825001005840 93825001308160 140737488340074 140737488340471 140737488340471 140737488351179 0
/proc/384313/statm: 6727 3403 2098 555 0 1769 0
[pid=384330] ppid=384313 vsize=49604 memory=39808 CPUtime=50.99 cores=2-3
/proc/384330/stat : 384330 (clingo) R 384313 384313 384223 0 -1 0 8203 0 0 0 5098 1 0 0 20 0 1 0 922892878 50794496 9952 17179869184 93824992301056 93824992468925 140737488338416 0 0 0 134217728 4 25184771 0 0 0 17 2 0 0 0 0 0 93824992533936 93824992571272 93824992575488 140737488340184 140737488340355 140737488340355 140737488351170 0
/proc/384330/statm: 12401 9952 2088 41 0 8480 0
Current children cumulated CPU time: 51.05 s
Current children cumulated vsize: 76512 KiB
Current children cumulated memory: 53420 KiB

[startup+102.3 s]
/proc/loadavg: 14.02 13.97 10.81 15/852 384687
/proc/meminfo: memFree=379206192/528004324 swapFree=8388604/8388604
[pid=384313] ppid=384308 vsize=26908 memory=13612 CPUtime=0.06 cores=2-3
/proc/384313/stat : 384313 (perf) S 384308 384313 384223 0 -1 0 1737 237 0 0 5 1 0 0 20 0 1 0 922892870 27553792 3403 17179869184 93824994299904 93824996572973 140737488338256 0 0 0 134217728 4 74274 1 0 0 17 2 0 0 0 0 0 93824998874888 93825001005840 93825001308160 140737488340074 140737488340471 140737488340471 140737488351179 0
/proc/384313/statm: 6727 3403 2098 555 0 1769 0
[pid=384330] ppid=384313 vsize=58160 memory=47992 CPUtime=102.18 cores=2-3
/proc/384330/stat : 384330 (clingo) R 384313 384313 384223 0 -1 0 10240 0 0 0 10216 2 0 0 20 0 1 0 922892878 59555840 11998 17179869184 93824992301056 93824992468925 140737488338416 0 0 0 134217728 4 25184771 0 0 0 17 2 0 0 0 0 0 93824992533936 93824992571272 93824992575488 140737488340184 140737488340355 140737488340355 140737488351170 0
/proc/384330/statm: 14540 11998 2088 41 0 10619 0
Current children cumulated CPU time: 102.24 s
Current children cumulated vsize: 85068 KiB
Current children cumulated memory: 61604 KiB

[startup+162.3 s]
/proc/loadavg: 14.30 14.06 11.04 15/852 384688
/proc/meminfo: memFree=378346064/528004324 swapFree=8388604/8388604
[pid=384313] ppid=384308 vsize=26908 memory=13612 CPUtime=0.06 cores=2-3
/proc/384313/stat : 384313 (perf) S 384308 384313 384223 0 -1 0 1737 237 0 0 5 1 0 0 20 0 1 0 922892870 27553792 3403 17179869184 93824994299904 93824996572973 140737488338256 0 0 0 134217728 4 74274 1 0 0 17 2 0 0 0 0 0 93824998874888 93825001005840 93825001308160 140737488340074 140737488340471 140737488340471 140737488351179 0
/proc/384313/statm: 6727 3403 2098 555 0 1769 0
[pid=384330] ppid=384313 vsize=67460 memory=57092 CPUtime=162.17 cores=2-3
/proc/384330/stat : 384330 (clingo) R 384313 384313 384223 0 -1 0 13024 0 0 0 16214 3 0 0 20 0 1 0 922892878 69079040 14273 17179869184 93824992301056 93824992468925 140737488338416 0 0 0 134217728 4 25184771 0 0 0 17 2 0 0 0 0 0 93824992533936 93824992571272 93824992575488 140737488340184 140737488340355 140737488340355 140737488351170 0
/proc/384330/statm: 16865 14273 2088 41 0 12944 0
Current children cumulated CPU time: 162.23 s
Current children cumulated vsize: 94368 KiB
Current children cumulated memory: 70704 KiB

[startup+222.3 s]
/proc/loadavg: 14.66 14.20 11.28 15/852 384691
/proc/meminfo: memFree=377307008/528004324 swapFree=8388604/8388604
[pid=384313] ppid=384308 vsize=26908 memory=13612 CPUtime=0.06 cores=2-3
/proc/384313/stat : 384313 (perf) S 384308 384313 384223 0 -1 0 1737 237 0 0 5 1 0 0 20 0 1 0 922892870 27553792 3403 17179869184 93824994299904 93824996572973 140737488338256 0 0 0 134217728 4 74274 1 0 0 17 2 0 0 0 0 0 93824998874888 93825001005840 93825001308160 140737488340074 140737488340471 140737488340471 140737488351179 0
/proc/384313/statm: 6727 3403 2098 555 0 1769 0
[pid=384330] ppid=384313 vsize=74288 memory=63424 CPUtime=222.17 cores=2-3
/proc/384330/stat : 384330 (clingo) R 384313 384313 384223 0 -1 0 14646 0 0 0 22213 4 0 0 20 0 1 0 922892878 76070912 15856 17179869184 93824992301056 93824992468925 140737488338416 0 0 0 134217728 4 25184771 0 0 0 17 2 0 0 0 0 0 93824992533936 93824992571272 93824992575488 140737488340184 140737488340355 140737488340355 140737488351170 0
/proc/384330/statm: 18572 15856 2088 41 0 14651 0
Current children cumulated CPU time: 222.23 s
Current children cumulated vsize: 101196 KiB
Current children cumulated memory: 77036 KiB

[startup+282.3 s]
/proc/loadavg: 14.24 14.16 11.45 15/852 384692
/proc/meminfo: memFree=375773840/528004324 swapFree=8388604/8388604
[pid=384313] ppid=384308 vsize=26908 memory=13612 CPUtime=0.06 cores=2-3
/proc/384313/stat : 384313 (perf) S 384308 384313 384223 0 -1 0 1737 237 0 0 5 1 0 0 20 0 1 0 922892870 27553792 3403 17179869184 93824994299904 93824996572973 140737488338256 0 0 0 134217728 4 74274 1 0 0 17 2 0 0 0 0 0 93824998874888 93825001005840 93825001308160 140737488340074 140737488340471 140737488340471 140737488351179 0
/proc/384313/statm: 6727 3403 2098 555 0 1769 0
[pid=384330] ppid=384313 vsize=78676 memory=67120 CPUtime=282.17 cores=2-3
/proc/384330/stat : 384330 (clingo) R 384313 384313 384223 0 -1 0 15583 0 0 0 28213 4 0 0 20 0 1 0 922892878 80564224 16780 17179869184 93824992301056 93824992468925 140737488338416 0 0 0 134217728 4 25184771 0 0 0 17 2 0 0 0 0 0 93824992533936 93824992571272 93824992575488 140737488340184 140737488340355 140737488340355 140737488351170 0
/proc/384330/statm: 19669 16780 2088 41 0 15748 0
Current children cumulated CPU time: 282.23 s
Current children cumulated vsize: 105584 KiB
Current children cumulated memory: 80732 KiB

[startup+342.3 s]
/proc/loadavg: 14.09 14.13 11.61 15/826 384695
/proc/meminfo: memFree=375036804/528004324 swapFree=8388604/8388604
[pid=384313] ppid=384308 vsize=26908 memory=13612 CPUtime=0.06 cores=2-3
/proc/384313/stat : 384313 (perf) S 384308 384313 384223 0 -1 0 1737 237 0 0 5 1 0 0 20 0 1 0 922892870 27553792 3403 17179869184 93824994299904 93824996572973 140737488338256 0 0 0 134217728 4 74274 1 0 0 17 2 0 0 0 0 0 93824998874888 93825001005840 93825001308160 140737488340074 140737488340471 140737488340471 140737488351179 0
/proc/384313/statm: 6727 3403 2098 555 0 1769 0
[pid=384330] ppid=384313 vsize=83068 memory=71780 CPUtime=342.17 cores=2-3
/proc/384330/stat : 384330 (clingo) R 384313 384313 384223 0 -1 0 17040 0 0 0 34212 5 0 0 20 0 1 0 922892878 85061632 17945 17179869184 93824992301056 93824992468925 140737488338416 0 0 0 134217728 4 25184771 0 0 0 17 2 0 0 0 0 0 93824992533936 93824992571272 93824992575488 140737488340184 140737488340355 140737488340355 140737488351170 0
/proc/384330/statm: 20767 17945 2088 41 0 16846 0
Current children cumulated CPU time: 342.23 s
Current children cumulated vsize: 109976 KiB
Current children cumulated memory: 85392 KiB

[startup+402.3 s]
/proc/loadavg: 14.09 14.12 11.77 15/823 384697
/proc/meminfo: memFree=374759228/528004324 swapFree=8388604/8388604
[pid=384313] ppid=384308 vsize=26908 memory=13612 CPUtime=0.06 cores=2-3
/proc/384313/stat : 384313 (perf) S 384308 384313 384223 0 -1 0 1737 237 0 0 5 1 0 0 20 0 1 0 922892870 27553792 3403 17179869184 93824994299904 93824996572973 140737488338256 0 0 0 134217728 4 74274 1 0 0 17 2 0 0 0 0 0 93824998874888 93825001005840 93825001308160 140737488340074 140737488340471 140737488340471 140737488351179 0
/proc/384313/statm: 6727 3403 2098 555 0 1769 0
[pid=384330] ppid=384313 vsize=87892 memory=75808 CPUtime=402.17 cores=2-3
/proc/384330/stat : 384330 (clingo) R 384313 384313 384223 0 -1 0 18502 0 0 0 40212 5 0 0 20 0 1 0 922892878 90001408 18952 17179869184 93824992301056 93824992468925 140737488338416 0 0 0 134217728 4 25184771 0 0 0 17 2 0 0 0 0 0 93824992533936 93824992571272 93824992575488 140737488340184 140737488340355 140737488340355 140737488351170 0
/proc/384330/statm: 21973 18952 2088 41 0 18052 0
Current children cumulated CPU time: 402.23 s
Current children cumulated vsize: 114800 KiB
Current children cumulated memory: 89420 KiB

[startup+462.3 s]
/proc/loadavg: 14.11 14.11 11.92 15/823 384698
/proc/meminfo: memFree=374510284/528004324 swapFree=8388604/8388604
[pid=384313] ppid=384308 vsize=26908 memory=13612 CPUtime=0.06 cores=2-3
/proc/384313/stat : 384313 (perf) S 384308 384313 384223 0 -1 0 1737 237 0 0 5 1 0 0 20 0 1 0 922892870 27553792 3403 17179869184 93824994299904 93824996572973 140737488338256 0 0 0 134217728 4 74274 1 0 0 17 2 0 0 0 0 0 93824998874888 93825001005840 93825001308160 140737488340074 140737488340471 140737488340471 140737488351179 0
/proc/384313/statm: 6727 3403 2098 555 0 1769 0
[pid=384330] ppid=384313 vsize=91684 memory=78976 CPUtime=462.16 cores=2-3
/proc/384330/stat : 384330 (clingo) R 384313 384313 384223 0 -1 0 19275 0 0 0 46211 5 0 0 20 0 1 0 922892878 93884416 19744 17179869184 93824992301056 93824992468925 140737488338416 0 0 0 134217728 4 25184771 0 0 0 17 2 0 0 0 0 0 93824992533936 93824992571272 93824992575488 140737488340184 140737488340355 140737488340355 140737488351170 0
/proc/384330/statm: 22921 19744 2088 41 0 19000 0
Current children cumulated CPU time: 462.22 s
Current children cumulated vsize: 118592 KiB
Current children cumulated memory: 92588 KiB

[startup+522.3 s]
/proc/loadavg: 14.19 14.15 12.07 15/823 384699
/proc/meminfo: memFree=373973028/528004324 swapFree=8388604/8388604
[pid=384313] ppid=384308 vsize=26908 memory=13612 CPUtime=0.06 cores=2-3
/proc/384313/stat : 384313 (perf) S 384308 384313 384223 0 -1 0 1737 237 0 0 5 1 0 0 20 0 1 0 922892870 27553792 3403 17179869184 93824994299904 93824996572973 140737488338256 0 0 0 134217728 4 74274 1 0 0 17 2 0 0 0 0 0 93824998874888 93825001005840 93825001308160 140737488340074 140737488340471 140737488340471 140737488351179 0
/proc/384313/statm: 6727 3403 2098 555 0 1769 0
[pid=384330] ppid=384313 vsize=94908 memory=81880 CPUtime=522.17 cores=2-3
/proc/384330/stat : 384330 (clingo) R 384313 384313 384223 0 -1 0 19968 0 0 0 52211 6 0 0 20 0 1 0 922892878 97185792 20470 17179869184 93824992301056 93824992468925 140737488338416 0 0 0 134217728 4 25184771 0 0 0 17 2 0 0 0 0 0 93824992533936 93824992571272 93824992575488 140737488340184 140737488340355 140737488340355 140737488351170 0
/proc/384330/statm: 23727 20470 2088 41 0 19806 0
Current children cumulated CPU time: 522.23 s
Current children cumulated vsize: 121816 KiB
Current children cumulated memory: 95492 KiB

[startup+582.3 s]
/proc/loadavg: 14.07 14.12 12.19 15/823 384703
/proc/meminfo: memFree=372863304/528004324 swapFree=8388604/8388604
[pid=384313] ppid=384308 vsize=26908 memory=13612 CPUtime=0.06 cores=2-3
/proc/384313/stat : 384313 (perf) S 384308 384313 384223 0 -1 0 1737 237 0 0 5 1 0 0 20 0 1 0 922892870 27553792 3403 17179869184 93824994299904 93824996572973 140737488338256 0 0 0 134217728 4 74274 1 0 0 17 2 0 0 0 0 0 93824998874888 93825001005840 93825001308160 140737488340074 140737488340471 140737488340471 140737488351179 0
/proc/384313/statm: 6727 3403 2098 555 0 1769 0
[pid=384330] ppid=384313 vsize=98324 memory=84784 CPUtime=582.17 cores=2-3
/proc/384330/stat : 384330 (clingo) R 384313 384313 384223 0 -1 0 20739 0 0 0 58211 6 0 0 20 0 1 0 922892878 100683776 21196 17179869184 93824992301056 93824992468925 140737488338416 0 0 0 134217728 4 25184771 0 0 0 17 2 0 0 0 0 0 93824992533936 93824992571272 93824992575488 140737488340184 140737488340355 140737488340355 140737488351170 0
/proc/384330/statm: 24581 21196 2088 41 0 20660 0
Current children cumulated CPU time: 582.23 s
Current children cumulated vsize: 125232 KiB
Current children cumulated memory: 98396 KiB

[startup+642.3 s]
/proc/loadavg: 14.07 14.11 12.31 15/824 384706
/proc/meminfo: memFree=371933456/528004324 swapFree=8388604/8388604
[pid=384313] ppid=384308 vsize=26908 memory=13612 CPUtime=0.06 cores=2-3
/proc/384313/stat : 384313 (perf) S 384308 384313 384223 0 -1 0 1737 237 0 0 5 1 0 0 20 0 1 0 922892870 27553792 3403 17179869184 93824994299904 93824996572973 140737488338256 0 0 0 134217728 4 74274 1 0 0 17 2 0 0 0 0 0 93824998874888 93825001005840 93825001308160 140737488340074 140737488340471 140737488340471 140737488351179 0
/proc/384313/statm: 6727 3403 2098 555 0 1769 0
[pid=384330] ppid=384313 vsize=101888 memory=88004 CPUtime=642.16 cores=2-3
/proc/384330/stat : 384330 (clingo) R 384313 384313 384223 0 -1 0 21643 0 0 0 64210 6 0 0 20 0 1 0 922892878 104333312 22001 17179869184 93824992301056 93824992468925 140737488338416 0 0 0 134217728 4 25184771 0 0 0 17 2 0 0 0 0 0 93824992533936 93824992571272 93824992575488 140737488340184 140737488340355 140737488340355 140737488351170 0
/proc/384330/statm: 25472 22001 2088 41 0 21551 0
Current children cumulated CPU time: 642.22 s
Current children cumulated vsize: 128796 KiB
Current children cumulated memory: 101616 KiB

[startup+702.3 s]
/proc/loadavg: 14.02 14.09 12.42 15/822 384707
/proc/meminfo: memFree=370925708/528004324 swapFree=8388604/8388604
[pid=384313] ppid=384308 vsize=26908 memory=13612 CPUtime=0.06 cores=2-3
/proc/384313/stat : 384313 (perf) S 384308 384313 384223 0 -1 0 1737 237 0 0 5 1 0 0 20 0 1 0 922892870 27553792 3403 17179869184 93824994299904 93824996572973 140737488338256 0 0 0 134217728 4 74274 1 0 0 17 2 0 0 0 0 0 93824998874888 93825001005840 93825001308160 140737488340074 140737488340471 140737488340471 140737488351179 0
/proc/384313/statm: 6727 3403 2098 555 0 1769 0
[pid=384330] ppid=384313 vsize=104544 memory=90644 CPUtime=702.16 cores=2-3
/proc/384330/stat : 384330 (clingo) R 384313 384313 384223 0 -1 0 22259 0 0 0 70210 6 0 0 20 0 1 0 922892878 107053056 22661 17179869184 93824992301056 93824992468925 140737488338416 0 0 0 134217728 4 25184771 0 0 0 17 2 0 0 0 0 0 93824992533936 93824992571272 93824992575488 140737488340184 140737488340355 140737488340355 140737488351170 0
/proc/384330/statm: 26136 22661 2088 41 0 22215 0
Current children cumulated CPU time: 702.22 s
Current children cumulated vsize: 131452 KiB
Current children cumulated memory: 104256 KiB

[startup+762.3 s]
/proc/loadavg: 14.15 14.13 12.55 15/822 384708
/proc/meminfo: memFree=370099904/528004324 swapFree=8388604/8388604
[pid=384313] ppid=384308 vsize=26908 memory=13612 CPUtime=0.06 cores=2-3
/proc/384313/stat : 384313 (perf) S 384308 384313 384223 0 -1 0 1737 237 0 0 5 1 0 0 20 0 1 0 922892870 27553792 3403 17179869184 93824994299904 93824996572973 140737488338256 0 0 0 134217728 4 74274 1 0 0 17 2 0 0 0 0 0 93824998874888 93825001005840 93825001308160 140737488340074 140737488340471 140737488340471 140737488351179 0
/proc/384313/statm: 6727 3403 2098 555 0 1769 0
[pid=384330] ppid=384313 vsize=108148 memory=93548 CPUtime=762.16 cores=2-3
/proc/384330/stat : 384330 (clingo) R 384313 384313 384223 0 -1 0 23025 0 0 0 76210 6 0 0 20 0 1 0 922892878 110743552 23387 17179869184 93824992301056 93824992468925 140737488338416 0 0 0 134217728 4 25184771 0 0 0 17 2 0 0 0 0 0 93824992533936 93824992571272 93824992575488 140737488340184 140737488340355 140737488340355 140737488351170 0
/proc/384330/statm: 27037 23387 2088 41 0 23116 0
Current children cumulated CPU time: 762.22 s
Current children cumulated vsize: 135056 KiB
Current children cumulated memory: 107160 KiB

[startup+822.3 s]
/proc/loadavg: 14.06 14.10 12.63 15/822 384710
/proc/meminfo: memFree=369224496/528004324 swapFree=8388604/8388604
[pid=384313] ppid=384308 vsize=26908 memory=13612 CPUtime=0.06 cores=2-3
/proc/384313/stat : 384313 (perf) S 384308 384313 384223 0 -1 0 1737 237 0 0 5 1 0 0 20 0 1 0 922892870 27553792 3403 17179869184 93824994299904 93824996572973 140737488338256 0 0 0 134217728 4 74274 1 0 0 17 2 0 0 0 0 0 93824998874888 93825001005840 93825001308160 140737488340074 140737488340471 140737488340471 140737488351179 0
/proc/384313/statm: 6727 3403 2098 555 0 1769 0
[pid=384330] ppid=384313 vsize=110148 memory=95660 CPUtime=822.16 cores=2-3
/proc/384330/stat : 384330 (clingo) R 384313 384313 384223 0 -1 0 23531 0 0 0 82210 6 0 0 20 0 1 0 922892878 112791552 23915 17179869184 93824992301056 93824992468925 140737488338416 0 0 0 134217728 4 25184771 0 0 0 17 2 0 0 0 0 0 93824992533936 93824992571272 93824992575488 140737488340184 140737488340355 140737488340355 140737488351170 0
/proc/384330/statm: 27537 23915 2088 41 0 23616 0
Current children cumulated CPU time: 822.22 s
Current children cumulated vsize: 137056 KiB
Current children cumulated memory: 109272 KiB

[startup+882.3 s]
/proc/loadavg: 14.21 14.14 12.74 15/822 384712
/proc/meminfo: memFree=368804444/528004324 swapFree=8388604/8388604
[pid=384313] ppid=384308 vsize=26908 memory=13612 CPUtime=0.06 cores=2-3
/proc/384313/stat : 384313 (perf) S 384308 384313 384223 0 -1 0 1737 237 0 0 5 1 0 0 20 0 1 0 922892870 27553792 3403 17179869184 93824994299904 93824996572973 140737488338256 0 0 0 134217728 4 74274 1 0 0 17 2 0 0 0 0 0 93824998874888 93825001005840 93825001308160 140737488340074 140737488340471 140737488340471 140737488351179 0
/proc/384313/statm: 6727 3403 2098 555 0 1769 0
[pid=384330] ppid=384313 vsize=111900 memory=97700 CPUtime=882.15 cores=2-3
/proc/384330/stat : 384330 (clingo) R 384313 384313 384223 0 -1 0 24093 0 0 0 88209 6 0 0 20 0 1 0 922892878 114585600 24425 17179869184 93824992301056 93824992468925 140737488338416 0 0 0 134217728 4 25184771 0 0 0 17 2 0 0 0 0 0 93824992533936 93824992571272 93824992575488 140737488340184 140737488340355 140737488340355 140737488351170 0
/proc/384330/statm: 27975 24425 2088 41 0 24054 0
Current children cumulated CPU time: 882.21 s
Current children cumulated vsize: 138808 KiB
Current children cumulated memory: 111312 KiB

[startup+942.3 s]
/proc/loadavg: 15.62 14.50 12.95 15/822 384713
/proc/meminfo: memFree=368626788/528004324 swapFree=8388604/8388604
[pid=384313] ppid=384308 vsize=26908 memory=13612 CPUtime=0.06 cores=2-3
/proc/384313/stat : 384313 (perf) S 384308 384313 384223 0 -1 0 1737 237 0 0 5 1 0 0 20 0 1 0 922892870 27553792 3403 17179869184 93824994299904 93824996572973 140737488338256 0 0 0 134217728 4 74274 1 0 0 17 2 0 0 0 0 0 93824998874888 93825001005840 93825001308160 140737488340074 140737488340471 140737488340471 140737488351179 0
/proc/384313/statm: 6727 3403 2098 555 0 1769 0
[pid=384330] ppid=384313 vsize=113448 memory=99280 CPUtime=942.15 cores=2-3
/proc/384330/stat : 384330 (clingo) R 384313 384313 384223 0 -1 0 24500 0 0 0 94209 6 0 0 20 0 1 0 922892878 116170752 24820 17179869184 93824992301056 93824992468925 140737488338416 0 0 0 134217728 4 25184771 0 0 0 17 2 0 0 0 0 0 93824992533936 93824992571272 93824992575488 140737488340184 140737488340355 140737488340355 140737488351170 0
/proc/384330/statm: 28362 24820 2088 41 0 24441 0
Current children cumulated CPU time: 942.21 s
Current children cumulated vsize: 140356 KiB
Current children cumulated memory: 112892 KiB

[startup+1002.3 s]
/proc/loadavg: 14.63 14.42 13.02 15/823 384716
/proc/meminfo: memFree=368522476/528004324 swapFree=8388604/8388604
[pid=384313] ppid=384308 vsize=26908 memory=13612 CPUtime=0.06 cores=2-3
/proc/384313/stat : 384313 (perf) S 384308 384313 384223 0 -1 0 1737 237 0 0 5 1 0 0 20 0 1 0 922892870 27553792 3403 17179869184 93824994299904 93824996572973 140737488338256 0 0 0 134217728 4 74274 1 0 0 17 2 0 0 0 0 0 93824998874888 93825001005840 93825001308160 140737488340074 140737488340471 140737488340471 140737488351179 0
/proc/384313/statm: 6727 3403 2098 555 0 1769 0
[pid=384330] ppid=384313 vsize=114632 memory=100920 CPUtime=1002.15 cores=2-3
/proc/384330/stat : 384330 (clingo) R 384313 384313 384223 0 -1 0 25114 0 0 0 100209 6 0 0 20 0 1 0 922892878 117383168 25230 17179869184 93824992301056 93824992468925 140737488338416 0 0 0 134217728 4 25184771 0 0 0 17 2 0 0 0 0 0 93824992533936 93824992571272 93824992575488 140737488340184 140737488340355 140737488340355 140737488351170 0
/proc/384330/statm: 28658 25230 2088 41 0 24737 0
Current children cumulated CPU time: 1002.21 s
Current children cumulated vsize: 141540 KiB
Current children cumulated memory: 114532 KiB

[startup+1062.3 s]
/proc/loadavg: 14.45 14.42 13.11 15/823 384718
/proc/meminfo: memFree=368428732/528004324 swapFree=8388604/8388604
[pid=384313] ppid=384308 vsize=26908 memory=13612 CPUtime=0.06 cores=2-3
/proc/384313/stat : 384313 (perf) S 384308 384313 384223 0 -1 0 1737 237 0 0 5 1 0 0 20 0 1 0 922892870 27553792 3403 17179869184 93824994299904 93824996572973 140737488338256 0 0 0 134217728 4 74274 1 0 0 17 2 0 0 0 0 0 93824998874888 93825001005840 93825001308160 140737488340074 140737488340471 140737488340471 140737488351179 0
/proc/384313/statm: 6727 3403 2098 555 0 1769 0
[pid=384330] ppid=384313 vsize=117392 memory=103872 CPUtime=1062.15 cores=2-3
/proc/384330/stat : 384330 (clingo) R 384313 384313 384223 0 -1 0 26085 0 0 0 106208 7 0 0 20 0 1 0 922892878 120209408 25968 17179869184 93824992301056 93824992468925 140737488338416 0 0 0 134217728 4 25184771 0 0 0 17 2 0 0 0 0 0 93824992533936 93824992571272 93824992575488 140737488340184 140737488340355 140737488340355 140737488351170 0
/proc/384330/statm: 29348 25968 2088 41 0 25427 0
Current children cumulated CPU time: 1062.21 s
Current children cumulated vsize: 144300 KiB
Current children cumulated memory: 117484 KiB

[startup+1122.3 s]
/proc/loadavg: 14.20 14.35 13.18 15/823 384720
/proc/meminfo: memFree=368324440/528004324 swapFree=8388604/8388604
[pid=384313] ppid=384308 vsize=26908 memory=13612 CPUtime=0.06 cores=2-3
/proc/384313/stat : 384313 (perf) S 384308 384313 384223 0 -1 0 1737 237 0 0 5 1 0 0 20 0 1 0 922892870 27553792 3403 17179869184 93824994299904 93824996572973 140737488338256 0 0 0 134217728 4 74274 1 0 0 17 2 0 0 0 0 0 93824998874888 93825001005840 93825001308160 140737488340074 140737488340471 140737488340471 140737488351179 0
/proc/384313/statm: 6727 3403 2098 555 0 1769 0
[pid=384330] ppid=384313 vsize=119408 memory=105456 CPUtime=1122.15 cores=2-3
/proc/384330/stat : 384330 (clingo) R 384313 384313 384223 0 -1 0 26540 0 0 0 112208 7 0 0 20 0 1 0 922892878 122273792 26364 17179869184 93824992301056 93824992468925 140737488338416 0 0 0 134217728 4 25184771 0 0 0 17 2 0 0 0 0 0 93824992533936 93824992571272 93824992575488 140737488340184 140737488340355 140737488340355 140737488351170 0
/proc/384330/statm: 29852 26364 2088 41 0 25931 0
Current children cumulated CPU time: 1122.21 s
Current children cumulated vsize: 146316 KiB
Current children cumulated memory: 119068 KiB

[startup+1182.3 s]
/proc/loadavg: 14.15 14.30 13.24 15/823 384722
/proc/meminfo: memFree=368166220/528004324 swapFree=8388604/8388604
[pid=384313] ppid=384308 vsize=26908 memory=13612 CPUtime=0.06 cores=2-3
/proc/384313/stat : 384313 (perf) S 384308 384313 384223 0 -1 0 1737 237 0 0 5 1 0 0 20 0 1 0 922892870 27553792 3403 17179869184 93824994299904 93824996572973 140737488338256 0 0 0 134217728 4 74274 1 0 0 17 2 0 0 0 0 0 93824998874888 93825001005840 93825001308160 140737488340074 140737488340471 140737488340471 140737488351179 0
/proc/384313/statm: 6727 3403 2098 555 0 1769 0
[pid=384330] ppid=384313 vsize=122000 memory=107832 CPUtime=1182.15 cores=2-3
/proc/384330/stat : 384330 (clingo) R 384313 384313 384223 0 -1 0 27101 0 0 0 118208 7 0 0 20 0 1 0 922892878 124928000 26958 17179869184 93824992301056 93824992468925 140737488338416 0 0 0 134217728 4 25184771 0 0 0 17 2 0 0 0 0 0 93824992533936 93824992571272 93824992575488 140737488340184 140737488340355 140737488340355 140737488351170 0
/proc/384330/statm: 30500 26958 2088 41 0 26579 0
Current children cumulated CPU time: 1182.21 s
Current children cumulated vsize: 148908 KiB
Current children cumulated memory: 121444 KiB



Maximum wall clock time exceeded: sending SIGTERM then SIGKILL

[startup+1205 s]*
/proc/loadavg: 14.36 14.34 13.28 14/772 385466
/proc/meminfo: memFree=383199232/528004324 swapFree=8388604/8388604
[pid=384313] ppid=384308 vsize=26908 memory=13612 CPUtime=0.06 cores=2-3
/proc/384313/stat : 384313 (perf) S 384308 384313 384223 0 -1 0 1737 237 0 0 5 1 0 0 20 0 1 0 922892870 27553792 3403 17179869184 93824994299904 93824996572973 140737488338256 0 0 0 134217728 4 74274 1 0 0 17 2 0 0 0 0 0 93824998874888 93825001005840 93825001308160 140737488340074 140737488340471 140737488340471 140737488351179 0
/proc/384313/statm: 6727 3403 2098 555 0 1769 0
[pid=384330] ppid=384313 vsize=123152 memory=108888 CPUtime=1204.86 cores=2-3
/proc/384330/stat : 384330 (clingo) R 384313 384313 384223 0 -1 0 27353 0 0 0 120479 7 0 0 20 0 1 0 922892878 126107648 27222 17179869184 93824992301056 93824992468925 140737488338416 0 0 0 134217728 4 25184771 0 0 0 17 2 0 0 0 0 0 93824992533936 93824992571272 93824992575488 140737488340184 140737488340355 140737488340355 140737488351170 0
/proc/384330/statm: 30788 27222 2088 41 0 26867 0
Current children cumulated CPU time: 1204.92 s
Current children cumulated vsize: 150060 KiB
Current children cumulated memory: 122500 KiB

Sending SIGINT to process tree (bottom up)
Sleeping 5 seconds

[startup+1205.02 s]
# the end of solver process 384313 was just reported to runsolver
# cumulated CPU time of all completed processes:  user=1204.86 s, system=0.0957 s

Solver just ended.
??? end of watcher thread
Dumping a history of the last processes samples

Child status: 1
Real time (s): 1205.02
CPU time (s): 1204.96
CPU user time (s): 1204.86
CPU system time (s): 0.0957
CPU usage (%): 99.9944
Max. virtual memory (cumulated for all children) (KiB): 150060
Max. memory (cumulated for all children) (KiB): 122500

getrusage(RUSAGE_CHILDREN,...) data:
user time used= 1204.86
system time used= 0.0957
maximum resident set size= 108972
integral shared memory size= 0
integral unshared data size= 0
integral unshared stack size= 0
page reclaims= 29367
page faults= 0
swaps= 0
block input operations= 0
block output operations= 0
messages sent= 0
messages received= 0
signals received= 0
voluntary context switches= 18
involuntary context switches= 3170


# summary of solver processes directly reported to runsolver:
#   pid: 384313
#   total CPU time (s): 1204.96
#   total CPU user time (s): 1204.86
#   total CPU system time (s): 0.0957

??? end of timestamper thread
runsolver used 8.4656 second user time and 15.0357 second system time

The end
