runsolver version 3.4.0 (svn: 3018) Copyright (C) 2010-2013 Olivier ROUSSEL

This program is distributed in the hope that it will be useful,
but WITHOUT ANY WARRANTY; without even the implied warranty of
MERCHANTABILITY or FITNESS FOR A PARTICULAR PURPOSE.  See the
GNU General Public License for more details.

NUMA information:
  number of nodes: 2
  memory of node 0: 257635 MiB (188881 MiB free)
  memory of node 1: 257994 MiB (176300 MiB free)
  node distances:
     10  20
     20  10

command line: /dev/shm/3771fb72-2e81-11f1-ac62-000c298f4621/input/runsolver -w /dev/shm/3771fb72-2e81-11f1-ac62-000c298f4621/output/runsolver.log -v /dev/shm/3771fb72-2e81-11f1-ac62-000c298f4621/output/varfile.log -W 1205 --rss-swap-limit 16384 -d 5 --sigint /usr/bin/perf stat -B -e task-clock,cache-references,cache-misses,cycles,instructions,branches,faults,migrations,context-switches -o /dev/shm/3771fb72-2e81-11f1-ac62-000c298f4621/output/perf.log clingo /home/guests/mmacri/AMOSUM/benchmarks/GraphColouring/encoding-plain-amo.asp /dev/shm/3771fb72-2e81-11f1-ac62-000c298f4621/input/0037-graph_colouring-140-0_6720.asp 

running on 2 cores: 20-21

Enforcing wall clock limit (soft limit, will send SIGTERM then SIGKILL): 1205 seconds
Enforcing RSS+Swap limit (soft limit, will send SIGTERM then SIGKILL): 16777216 KiB
Linux 5.15.0-131-generic
Current StackSize limit: 8192 KiB

solver pid=1607047, runsolver pid=1607046

[startup+0.100069 s]*
/proc/loadavg: 14.29 14.24 13.31 15/812 1607110
/proc/meminfo: memFree=373949104/528004520 swapFree=8388604/8388604
[pid=1607047] ppid=1607046 vsize=26908 memory=13612 CPUtime=0.07 cores=20-21
/proc/1607047/stat : 1607047 (perf) S 1607046 1607047 1606965 0 -1 0 1738 238 0 0 6 1 0 0 20 0 1 0 923003770 27553792 3403 17179869184 93824994299904 93824996572973 140737488338256 0 0 0 134217728 4 74274 1 0 0 17 20 0 0 0 0 0 93824998874888 93825001005840 93825001308160 140737488340073 140737488340470 140737488340470 140737488351179 0
/proc/1607047/statm: 6727 3403 2098 555 0 1769 0
[pid=1607099] ppid=1607047 vsize=19528 memory=11252 CPUtime=0.02 cores=20-21
/proc/1607099/stat : 1607099 (clingo) R 1607047 1607047 1606965 0 -1 0 1061 0 0 0 2 0 0 0 20 0 1 0 923003778 19996672 2813 17179869184 93824992301056 93824992468925 140737488338416 0 0 0 134217728 4 25184771 0 0 0 17 21 0 0 0 0 0 93824992533936 93824992571272 93824992575488 140737488340183 140737488340354 140737488340354 140737488351170 0
/proc/1607099/statm: 4882 2813 2044 41 0 961 0
Current children cumulated CPU time: 0.09 s
Current children cumulated vsize: 46436 KiB
Current children cumulated memory: 24864 KiB

[startup+0.226539 s]*
/proc/loadavg: 14.29 14.24 13.31 13/823 1607137
/proc/meminfo: memFree=374045488/528004520 swapFree=8388604/8388604
[pid=1607047] ppid=1607046 vsize=26908 memory=13612 CPUtime=0.07 cores=20-21
/proc/1607047/stat : 1607047 (perf) S 1607046 1607047 1606965 0 -1 0 1738 238 0 0 6 1 0 0 20 0 1 0 923003770 27553792 3403 17179869184 93824994299904 93824996572973 140737488338256 0 0 0 134217728 4 74274 1 0 0 17 20 0 0 0 0 0 93824998874888 93825001005840 93825001308160 140737488340073 140737488340470 140737488340470 140737488351179 0
/proc/1607047/statm: 6727 3403 2098 555 0 1769 0
[pid=1607099] ppid=1607047 vsize=23976 memory=15904 CPUtime=0.13 cores=20-21
/proc/1607099/stat : 1607099 (clingo) R 1607047 1607047 1606965 0 -1 0 2177 0 0 0 13 0 0 0 20 0 1 0 923003778 24551424 3976 17179869184 93824992301056 93824992468925 140737488338416 0 0 0 134217728 4 25184771 0 0 0 17 21 0 0 0 0 0 93824992533936 93824992571272 93824992575488 140737488340183 140737488340354 140737488340354 140737488351170 0
/proc/1607099/statm: 5994 3976 2089 41 0 2073 0
Current children cumulated CPU time: 0.2 s
Current children cumulated vsize: 50884 KiB
Current children cumulated memory: 29516 KiB

[startup+0.33405 s]*
/proc/loadavg: 14.29 14.24 13.31 16/825 1607141
/proc/meminfo: memFree=374040196/528004520 swapFree=8388604/8388604
[pid=1607047] ppid=1607046 vsize=26908 memory=13612 CPUtime=0.07 cores=20-21
/proc/1607047/stat : 1607047 (perf) S 1607046 1607047 1606965 0 -1 0 1738 238 0 0 6 1 0 0 20 0 1 0 923003770 27553792 3403 17179869184 93824994299904 93824996572973 140737488338256 0 0 0 134217728 4 74274 1 0 0 17 20 0 0 0 0 0 93824998874888 93825001005840 93825001308160 140737488340073 140737488340470 140737488340470 140737488351179 0
/proc/1607047/statm: 6727 3403 2098 555 0 1769 0
[pid=1607099] ppid=1607047 vsize=25032 memory=16960 CPUtime=0.23 cores=20-21
/proc/1607099/stat : 1607099 (clingo) R 1607047 1607047 1606965 0 -1 0 2456 0 0 0 22 1 0 0 20 0 1 0 923003778 25632768 4240 17179869184 93824992301056 93824992468925 140737488338416 0 0 0 134217728 4 25184771 0 0 0 17 21 0 0 0 0 0 93824992533936 93824992571272 93824992575488 140737488340183 140737488340354 140737488340354 140737488351170 0
/proc/1607099/statm: 6258 4240 2089 41 0 2337 0
Current children cumulated CPU time: 0.3 s
Current children cumulated vsize: 51940 KiB
Current children cumulated memory: 30572 KiB

[startup+0.700326 s]
/proc/loadavg: 14.29 14.24 13.31 15/819 1607223
/proc/meminfo: memFree=374040952/528004520 swapFree=8388604/8388604
[pid=1607047] ppid=1607046 vsize=26908 memory=13612 CPUtime=0.07 cores=20-21
/proc/1607047/stat : 1607047 (perf) S 1607046 1607047 1606965 0 -1 0 1738 238 0 0 6 1 0 0 20 0 1 0 923003770 27553792 3403 17179869184 93824994299904 93824996572973 140737488338256 0 0 0 134217728 4 74274 1 0 0 17 20 0 0 0 0 0 93824998874888 93825001005840 93825001308160 140737488340073 140737488340470 140737488340470 140737488351179 0
/proc/1607047/statm: 6727 3403 2098 555 0 1769 0
[pid=1607099] ppid=1607047 vsize=26120 memory=18016 CPUtime=0.56 cores=20-21
/proc/1607099/stat : 1607099 (clingo) R 1607047 1607047 1606965 0 -1 0 2731 0 0 0 55 1 0 0 20 0 1 0 923003778 26746880 4504 17179869184 93824992301056 93824992468925 140737488338416 0 0 0 134217728 4 25184771 0 0 0 17 20 0 0 0 0 0 93824992533936 93824992571272 93824992575488 140737488340183 140737488340354 140737488340354 140737488351170 0
/proc/1607099/statm: 6530 4504 2089 41 0 2609 0
Current children cumulated CPU time: 0.63 s
Current children cumulated vsize: 53028 KiB
Current children cumulated memory: 31628 KiB

[startup+1.50034 s]
/proc/loadavg: 14.29 14.24 13.31 16/832 1607282
/proc/meminfo: memFree=374029292/528004520 swapFree=8388604/8388604
[pid=1607047] ppid=1607046 vsize=26908 memory=13612 CPUtime=0.07 cores=20-21
/proc/1607047/stat : 1607047 (perf) S 1607046 1607047 1606965 0 -1 0 1738 238 0 0 6 1 0 0 20 0 1 0 923003770 27553792 3403 17179869184 93824994299904 93824996572973 140737488338256 0 0 0 134217728 4 74274 1 0 0 17 20 0 0 0 0 0 93824998874888 93825001005840 93825001308160 140737488340073 140737488340470 140737488340470 140737488351179 0
/proc/1607047/statm: 6727 3403 2098 555 0 1769 0
[pid=1607099] ppid=1607047 vsize=27976 memory=19864 CPUtime=1.36 cores=20-21
/proc/1607099/stat : 1607099 (clingo) R 1607047 1607047 1606965 0 -1 0 3166 0 0 0 135 1 0 0 20 0 1 0 923003778 28647424 4966 17179869184 93824992301056 93824992468925 140737488338416 0 0 0 134217728 4 25184771 0 0 0 17 20 0 0 0 0 0 93824992533936 93824992571272 93824992575488 140737488340183 140737488340354 140737488340354 140737488351170 0
/proc/1607099/statm: 6994 4966 2089 41 0 3073 0
Current children cumulated CPU time: 1.43 s
Current children cumulated vsize: 54884 KiB
Current children cumulated memory: 33476 KiB

[startup+3.11811 s]
/proc/loadavg: 14.29 14.24 13.31 15/832 1607385
/proc/meminfo: memFree=374077228/528004520 swapFree=8388604/8388604
[pid=1607047] ppid=1607046 vsize=26908 memory=13612 CPUtime=0.07 cores=20-21
/proc/1607047/stat : 1607047 (perf) S 1607046 1607047 1606965 0 -1 0 1738 238 0 0 6 1 0 0 20 0 1 0 923003770 27553792 3403 17179869184 93824994299904 93824996572973 140737488338256 0 0 0 134217728 4 74274 1 0 0 17 20 0 0 0 0 0 93824998874888 93825001005840 93825001308160 140737488340073 140737488340470 140737488340470 140737488351179 0
/proc/1607047/statm: 6727 3403 2098 555 0 1769 0
[pid=1607099] ppid=1607047 vsize=30924 memory=22504 CPUtime=2.97 cores=20-21
/proc/1607099/stat : 1607099 (clingo) R 1607047 1607047 1606965 0 -1 0 3861 0 0 0 296 1 0 0 20 0 1 0 923003778 31666176 5626 17179869184 93824992301056 93824992468925 140737488338416 0 0 0 134217728 4 25184771 0 0 0 17 20 0 0 0 0 0 93824992533936 93824992571272 93824992575488 140737488340183 140737488340354 140737488340354 140737488351170 0
/proc/1607099/statm: 7731 5626 2089 41 0 3810 0
Current children cumulated CPU time: 3.04 s
Current children cumulated vsize: 57832 KiB
Current children cumulated memory: 36116 KiB

[startup+6.30029 s]
/proc/loadavg: 14.27 14.23 13.31 15/832 1607488
/proc/meminfo: memFree=374038892/528004520 swapFree=8388604/8388604
[pid=1607047] ppid=1607046 vsize=26908 memory=13612 CPUtime=0.07 cores=20-21
/proc/1607047/stat : 1607047 (perf) S 1607046 1607047 1606965 0 -1 0 1738 238 0 0 6 1 0 0 20 0 1 0 923003770 27553792 3403 17179869184 93824994299904 93824996572973 140737488338256 0 0 0 134217728 4 74274 1 0 0 17 20 0 0 0 0 0 93824998874888 93825001005840 93825001308160 140737488340073 140737488340470 140737488340470 140737488351179 0
/proc/1607047/statm: 6727 3403 2098 555 0 1769 0
[pid=1607099] ppid=1607047 vsize=34136 memory=25408 CPUtime=6.15 cores=20-21
/proc/1607099/stat : 1607099 (clingo) R 1607047 1607047 1606965 0 -1 0 4592 0 0 0 614 1 0 0 20 0 1 0 923003778 34955264 6352 17179869184 93824992301056 93824992468925 140737488338416 0 0 0 134217728 4 25184771 0 0 0 17 20 0 0 0 0 0 93824992533936 93824992571272 93824992575488 140737488340183 140737488340354 140737488340354 140737488351170 0
/proc/1607099/statm: 8534 6352 2089 41 0 4613 0
Current children cumulated CPU time: 6.22 s
Current children cumulated vsize: 61044 KiB
Current children cumulated memory: 39020 KiB

[startup+12.7003 s]
/proc/loadavg: 14.25 14.23 13.32 15/833 1607592
/proc/meminfo: memFree=373991824/528004520 swapFree=8388604/8388604
[pid=1607047] ppid=1607046 vsize=26908 memory=13612 CPUtime=0.07 cores=20-21
/proc/1607047/stat : 1607047 (perf) S 1607046 1607047 1606965 0 -1 0 1738 238 0 0 6 1 0 0 20 0 1 0 923003770 27553792 3403 17179869184 93824994299904 93824996572973 140737488338256 0 0 0 134217728 4 74274 1 0 0 17 20 0 0 0 0 0 93824998874888 93825001005840 93825001308160 140737488340073 140737488340470 140737488340470 140737488351179 0
/proc/1607047/statm: 6727 3403 2098 555 0 1769 0
[pid=1607099] ppid=1607047 vsize=37868 memory=29112 CPUtime=12.56 cores=20-21
/proc/1607099/stat : 1607099 (clingo) R 1607047 1607047 1606965 0 -1 0 5622 0 0 0 1254 2 0 0 20 0 1 0 923003778 38776832 7278 17179869184 93824992301056 93824992468925 140737488338416 0 0 0 134217728 4 25184771 0 0 0 17 20 0 0 0 0 0 93824992533936 93824992571272 93824992575488 140737488340183 140737488340354 140737488340354 140737488351170 0
/proc/1607099/statm: 9467 7278 2089 41 0 5546 0
Current children cumulated CPU time: 12.63 s
Current children cumulated vsize: 64776 KiB
Current children cumulated memory: 42724 KiB

[startup+25.5004 s]
/proc/loadavg: 14.19 14.22 13.33 15/833 1607592
/proc/meminfo: memFree=373911368/528004520 swapFree=8388604/8388604
[pid=1607047] ppid=1607046 vsize=26908 memory=13612 CPUtime=0.07 cores=20-21
/proc/1607047/stat : 1607047 (perf) S 1607046 1607047 1606965 0 -1 0 1738 238 0 0 6 1 0 0 20 0 1 0 923003770 27553792 3403 17179869184 93824994299904 93824996572973 140737488338256 0 0 0 134217728 4 74274 1 0 0 17 20 0 0 0 0 0 93824998874888 93825001005840 93825001308160 140737488340073 140737488340470 140737488340470 140737488351179 0
/proc/1607047/statm: 6727 3403 2098 555 0 1769 0
[pid=1607099] ppid=1607047 vsize=43208 memory=33864 CPUtime=25.36 cores=20-21
/proc/1607099/stat : 1607099 (clingo) R 1607047 1607047 1606965 0 -1 0 6799 0 0 0 2534 2 0 0 20 0 1 0 923003778 44244992 8466 17179869184 93824992301056 93824992468925 140737488338416 0 0 0 134217728 4 25184771 0 0 0 17 20 0 0 0 0 0 93824992533936 93824992571272 93824992575488 140737488340183 140737488340354 140737488340354 140737488351170 0
/proc/1607099/statm: 10802 8466 2089 41 0 6881 0
Current children cumulated CPU time: 25.43 s
Current children cumulated vsize: 70116 KiB
Current children cumulated memory: 47476 KiB

[startup+51.1183 s]
/proc/loadavg: 14.13 14.20 13.35 15/833 1607593
/proc/meminfo: memFree=373817272/528004520 swapFree=8388604/8388604
[pid=1607047] ppid=1607046 vsize=26908 memory=13612 CPUtime=0.07 cores=20-21
/proc/1607047/stat : 1607047 (perf) S 1607046 1607047 1606965 0 -1 0 1738 238 0 0 6 1 0 0 20 0 1 0 923003770 27553792 3403 17179869184 93824994299904 93824996572973 140737488338256 0 0 0 134217728 4 74274 1 0 0 17 20 0 0 0 0 0 93824998874888 93825001005840 93825001308160 140737488340073 140737488340470 140737488340470 140737488351179 0
/proc/1607047/statm: 6727 3403 2098 555 0 1769 0
[pid=1607099] ppid=1607047 vsize=48704 memory=38880 CPUtime=50.97 cores=20-21
/proc/1607099/stat : 1607099 (clingo) R 1607047 1607047 1606965 0 -1 0 8050 0 0 0 5095 2 0 0 20 0 1 0 923003778 49872896 9720 17179869184 93824992301056 93824992468925 140737488338416 0 0 0 134217728 4 25184771 0 0 0 17 20 0 0 0 0 0 93824992533936 93824992571272 93824992575488 140737488340183 140737488340354 140737488340354 140737488351170 0
/proc/1607099/statm: 12176 9720 2089 41 0 8255 0
Current children cumulated CPU time: 51.04 s
Current children cumulated vsize: 75612 KiB
Current children cumulated memory: 52492 KiB

[startup+102.3 s]
/proc/loadavg: 14.12 14.18 13.39 15/834 1607640
/proc/meminfo: memFree=373684128/528004520 swapFree=8388604/8388604
[pid=1607047] ppid=1607046 vsize=26908 memory=13612 CPUtime=0.07 cores=20-21
/proc/1607047/stat : 1607047 (perf) S 1607046 1607047 1606965 0 -1 0 1738 238 0 0 6 1 0 0 20 0 1 0 923003770 27553792 3403 17179869184 93824994299904 93824996572973 140737488338256 0 0 0 134217728 4 74274 1 0 0 17 20 0 0 0 0 0 93824998874888 93825001005840 93825001308160 140737488340073 140737488340470 140737488340470 140737488351179 0
/proc/1607047/statm: 6727 3403 2098 555 0 1769 0
[pid=1607099] ppid=1607047 vsize=57300 memory=47064 CPUtime=102.15 cores=20-21
/proc/1607099/stat : 1607099 (clingo) R 1607047 1607047 1606965 0 -1 0 10072 0 0 0 10213 2 0 0 20 0 1 0 923003778 58675200 11766 17179869184 93824992301056 93824992468925 140737488338416 0 0 0 134217728 4 25184771 0 0 0 17 20 0 0 0 0 0 93824992533936 93824992571272 93824992575488 140737488340183 140737488340354 140737488340354 140737488351170 0
/proc/1607099/statm: 14325 11766 2089 41 0 10404 0
Current children cumulated CPU time: 102.22 s
Current children cumulated vsize: 84208 KiB
Current children cumulated memory: 60676 KiB

[startup+162.3 s]
/proc/loadavg: 14.04 14.14 13.43 15/834 1607643
/proc/meminfo: memFree=373579644/528004520 swapFree=8388604/8388604
[pid=1607047] ppid=1607046 vsize=26908 memory=13612 CPUtime=0.07 cores=20-21
/proc/1607047/stat : 1607047 (perf) S 1607046 1607047 1606965 0 -1 0 1738 238 0 0 6 1 0 0 20 0 1 0 923003770 27553792 3403 17179869184 93824994299904 93824996572973 140737488338256 0 0 0 134217728 4 74274 1 0 0 17 20 0 0 0 0 0 93824998874888 93825001005840 93825001308160 140737488340073 140737488340470 140737488340470 140737488351179 0
/proc/1607047/statm: 6727 3403 2098 555 0 1769 0
[pid=1607099] ppid=1607047 vsize=64216 memory=53400 CPUtime=162.15 cores=20-21
/proc/1607099/stat : 1607099 (clingo) R 1607047 1607047 1606965 0 -1 0 11688 0 0 0 16212 3 0 0 20 0 1 0 923003778 65757184 13350 17179869184 93824992301056 93824992468925 140737488338416 0 0 0 134217728 4 25184771 0 0 0 17 20 0 0 0 0 0 93824992533936 93824992571272 93824992575488 140737488340183 140737488340354 140737488340354 140737488351170 0
/proc/1607099/statm: 16054 13350 2089 41 0 12133 0
Current children cumulated CPU time: 162.22 s
Current children cumulated vsize: 91124 KiB
Current children cumulated memory: 67012 KiB

[startup+222.3 s]
/proc/loadavg: 14.08 14.13 13.48 15/834 1607646
/proc/meminfo: memFree=373491620/528004520 swapFree=8388604/8388604
[pid=1607047] ppid=1607046 vsize=26908 memory=13612 CPUtime=0.07 cores=20-21
/proc/1607047/stat : 1607047 (perf) S 1607046 1607047 1606965 0 -1 0 1738 238 0 0 6 1 0 0 20 0 1 0 923003770 27553792 3403 17179869184 93824994299904 93824996572973 140737488338256 0 0 0 134217728 4 74274 1 0 0 17 20 0 0 0 0 0 93824998874888 93825001005840 93825001308160 140737488340073 140737488340470 140737488340470 140737488351179 0
/proc/1607047/statm: 6727 3403 2098 555 0 1769 0
[pid=1607099] ppid=1607047 vsize=68452 memory=57360 CPUtime=222.16 cores=20-21
/proc/1607099/stat : 1607099 (clingo) R 1607047 1607047 1606965 0 -1 0 12700 0 0 0 22212 4 0 0 20 0 1 0 923003778 70094848 14340 17179869184 93824992301056 93824992468925 140737488338416 0 0 0 134217728 4 25184771 0 0 0 17 20 0 0 0 0 0 93824992533936 93824992571272 93824992575488 140737488340183 140737488340354 140737488340354 140737488351170 0
/proc/1607099/statm: 17113 14340 2089 41 0 13192 0
Current children cumulated CPU time: 222.23 s
Current children cumulated vsize: 95360 KiB
Current children cumulated memory: 70972 KiB

[startup+282.3 s]
/proc/loadavg: 14.32 14.18 13.54 15/834 1607649
/proc/meminfo: memFree=373408496/528004520 swapFree=8388604/8388604
[pid=1607047] ppid=1607046 vsize=26908 memory=13612 CPUtime=0.07 cores=20-21
/proc/1607047/stat : 1607047 (perf) S 1607046 1607047 1606965 0 -1 0 1738 238 0 0 6 1 0 0 20 0 1 0 923003770 27553792 3403 17179869184 93824994299904 93824996572973 140737488338256 0 0 0 134217728 4 74274 1 0 0 17 20 0 0 0 0 0 93824998874888 93825001005840 93825001308160 140737488340073 140737488340470 140737488340470 140737488351179 0
/proc/1607047/statm: 6727 3403 2098 555 0 1769 0
[pid=1607099] ppid=1607047 vsize=74584 memory=62904 CPUtime=282.15 cores=20-21
/proc/1607099/stat : 1607099 (clingo) R 1607047 1607047 1606965 0 -1 0 14051 0 0 0 28211 4 0 0 20 0 1 0 923003778 76374016 15726 17179869184 93824992301056 93824992468925 140737488338416 0 0 0 134217728 4 25184771 0 0 0 17 20 0 0 0 0 0 93824992533936 93824992571272 93824992575488 140737488340183 140737488340354 140737488340354 140737488351170 0
/proc/1607099/statm: 18646 15726 2089 41 0 14725 0
Current children cumulated CPU time: 282.22 s
Current children cumulated vsize: 101492 KiB
Current children cumulated memory: 76516 KiB

[startup+342.3 s]
/proc/loadavg: 14.34 14.22 13.60 15/810 1607654
/proc/meminfo: memFree=373337780/528004520 swapFree=8388604/8388604
[pid=1607047] ppid=1607046 vsize=26908 memory=13612 CPUtime=0.07 cores=20-21
/proc/1607047/stat : 1607047 (perf) S 1607046 1607047 1606965 0 -1 0 1738 238 0 0 6 1 0 0 20 0 1 0 923003770 27553792 3403 17179869184 93824994299904 93824996572973 140737488338256 0 0 0 134217728 4 74274 1 0 0 17 20 0 0 0 0 0 93824998874888 93825001005840 93825001308160 140737488340073 140737488340470 140737488340470 140737488351179 0
/proc/1607047/statm: 6727 3403 2098 555 0 1769 0
[pid=1607099] ppid=1607047 vsize=80656 memory=67920 CPUtime=342.15 cores=20-21
/proc/1607099/stat : 1607099 (clingo) R 1607047 1607047 1606965 0 -1 0 15294 0 0 0 34211 4 0 0 20 0 1 0 923003778 82591744 16980 17179869184 93824992301056 93824992468925 140737488338416 0 0 0 134217728 4 25184771 0 0 0 17 20 0 0 0 0 0 93824992533936 93824992571272 93824992575488 140737488340183 140737488340354 140737488340354 140737488351170 0
/proc/1607099/statm: 20164 16980 2089 41 0 16243 0
Current children cumulated CPU time: 342.22 s
Current children cumulated vsize: 107564 KiB
Current children cumulated memory: 81532 KiB

[startup+402.3 s]
/proc/loadavg: 14.12 14.18 13.62 15/807 1607656
/proc/meminfo: memFree=373271300/528004520 swapFree=8388604/8388604
[pid=1607047] ppid=1607046 vsize=26908 memory=13612 CPUtime=0.07 cores=20-21
/proc/1607047/stat : 1607047 (perf) S 1607046 1607047 1606965 0 -1 0 1738 238 0 0 6 1 0 0 20 0 1 0 923003770 27553792 3403 17179869184 93824994299904 93824996572973 140737488338256 0 0 0 134217728 4 74274 1 0 0 17 20 0 0 0 0 0 93824998874888 93825001005840 93825001308160 140737488340073 140737488340470 140737488340470 140737488351179 0
/proc/1607047/statm: 6727 3403 2098 555 0 1769 0
[pid=1607099] ppid=1607047 vsize=85208 memory=71880 CPUtime=402.15 cores=20-21
/proc/1607099/stat : 1607099 (clingo) R 1607047 1607047 1606965 0 -1 0 16283 0 0 0 40211 4 0 0 20 0 1 0 923003778 87252992 17970 17179869184 93824992301056 93824992468925 140737488338416 0 0 0 134217728 4 25184771 0 0 0 17 20 0 0 0 0 0 93824992533936 93824992571272 93824992575488 140737488340183 140737488340354 140737488340354 140737488351170 0
/proc/1607099/statm: 21302 17970 2089 41 0 17381 0
Current children cumulated CPU time: 402.22 s
Current children cumulated vsize: 112116 KiB
Current children cumulated memory: 85492 KiB

[startup+462.3 s]
/proc/loadavg: 14.12 14.16 13.66 15/808 1607660
/proc/meminfo: memFree=373217908/528004520 swapFree=8388604/8388604
[pid=1607047] ppid=1607046 vsize=26908 memory=13612 CPUtime=0.07 cores=20-21
/proc/1607047/stat : 1607047 (perf) S 1607046 1607047 1606965 0 -1 0 1738 238 0 0 6 1 0 0 20 0 1 0 923003770 27553792 3403 17179869184 93824994299904 93824996572973 140737488338256 0 0 0 134217728 4 74274 1 0 0 17 20 0 0 0 0 0 93824998874888 93825001005840 93825001308160 140737488340073 140737488340470 140737488340470 140737488351179 0
/proc/1607047/statm: 6727 3403 2098 555 0 1769 0
[pid=1607099] ppid=1607047 vsize=88240 memory=74784 CPUtime=462.16 cores=20-21
/proc/1607099/stat : 1607099 (clingo) R 1607047 1607047 1606965 0 -1 0 17036 0 0 0 46211 5 0 0 20 0 1 0 923003778 90357760 18696 17179869184 93824992301056 93824992468925 140737488338416 0 0 0 134217728 4 25184771 0 0 0 17 20 0 0 0 0 0 93824992533936 93824992571272 93824992575488 140737488340183 140737488340354 140737488340354 140737488351170 0
/proc/1607099/statm: 22060 18696 2089 41 0 18139 0
Current children cumulated CPU time: 462.23 s
Current children cumulated vsize: 115148 KiB
Current children cumulated memory: 88396 KiB

[startup+522.3 s]
/proc/loadavg: 14.04 14.13 13.68 15/808 1607664
/proc/meminfo: memFree=373185208/528004520 swapFree=8388604/8388604
[pid=1607047] ppid=1607046 vsize=26908 memory=13612 CPUtime=0.07 cores=20-21
/proc/1607047/stat : 1607047 (perf) S 1607046 1607047 1606965 0 -1 0 1738 238 0 0 6 1 0 0 20 0 1 0 923003770 27553792 3403 17179869184 93824994299904 93824996572973 140737488338256 0 0 0 134217728 4 74274 1 0 0 17 20 0 0 0 0 0 93824998874888 93825001005840 93825001308160 140737488340073 140737488340470 140737488340470 140737488351179 0
/proc/1607047/statm: 6727 3403 2098 555 0 1769 0
[pid=1607099] ppid=1607047 vsize=90516 memory=77160 CPUtime=522.16 cores=20-21
/proc/1607099/stat : 1607099 (clingo) R 1607047 1607047 1606965 0 -1 0 17630 0 0 0 52211 5 0 0 20 0 1 0 923003778 92688384 19290 17179869184 93824992301056 93824992468925 140737488338416 0 0 0 134217728 4 25184771 0 0 0 17 20 0 0 0 0 0 93824992533936 93824992571272 93824992575488 140737488340183 140737488340354 140737488340354 140737488351170 0
/proc/1607099/statm: 22629 19290 2089 41 0 18708 0
Current children cumulated CPU time: 522.23 s
Current children cumulated vsize: 117424 KiB
Current children cumulated memory: 90772 KiB

[startup+582.3 s]
/proc/loadavg: 14.01 14.10 13.70 15/808 1607668
/proc/meminfo: memFree=373134344/528004520 swapFree=8388604/8388604
[pid=1607047] ppid=1607046 vsize=26908 memory=13612 CPUtime=0.07 cores=20-21
/proc/1607047/stat : 1607047 (perf) S 1607046 1607047 1606965 0 -1 0 1738 238 0 0 6 1 0 0 20 0 1 0 923003770 27553792 3403 17179869184 93824994299904 93824996572973 140737488338256 0 0 0 134217728 4 74274 1 0 0 17 20 0 0 0 0 0 93824998874888 93825001005840 93825001308160 140737488340073 140737488340470 140737488340470 140737488351179 0
/proc/1607047/statm: 6727 3403 2098 555 0 1769 0
[pid=1607099] ppid=1607047 vsize=94120 memory=80856 CPUtime=582.16 cores=20-21
/proc/1607099/stat : 1607099 (clingo) R 1607047 1607047 1606965 0 -1 0 18517 0 0 0 58211 5 0 0 20 0 1 0 923003778 96378880 20214 17179869184 93824992301056 93824992468925 140737488338416 0 0 0 134217728 4 25184771 0 0 0 17 20 0 0 0 0 0 93824992533936 93824992571272 93824992575488 140737488340183 140737488340354 140737488340354 140737488351170 0
/proc/1607099/statm: 23530 20214 2089 41 0 19609 0
Current children cumulated CPU time: 582.23 s
Current children cumulated vsize: 121028 KiB
Current children cumulated memory: 94468 KiB

[startup+642.3 s]
/proc/loadavg: 15.83 14.57 13.89 15/808 1607671
/proc/meminfo: memFree=373094068/528004520 swapFree=8388604/8388604
[pid=1607047] ppid=1607046 vsize=26908 memory=13612 CPUtime=0.07 cores=20-21
/proc/1607047/stat : 1607047 (perf) S 1607046 1607047 1606965 0 -1 0 1738 238 0 0 6 1 0 0 20 0 1 0 923003770 27553792 3403 17179869184 93824994299904 93824996572973 140737488338256 0 0 0 134217728 4 74274 1 0 0 17 20 0 0 0 0 0 93824998874888 93825001005840 93825001308160 140737488340073 140737488340470 140737488340470 140737488351179 0
/proc/1607047/statm: 6727 3403 2098 555 0 1769 0
[pid=1607099] ppid=1607047 vsize=96448 memory=82968 CPUtime=642.16 cores=20-21
/proc/1607099/stat : 1607099 (clingo) R 1607047 1607047 1606965 0 -1 0 19087 0 0 0 64210 6 0 0 20 0 1 0 923003778 98762752 20742 17179869184 93824992301056 93824992468925 140737488338416 0 0 0 134217728 4 25184771 0 0 0 17 20 0 0 0 0 0 93824992533936 93824992571272 93824992575488 140737488340183 140737488340354 140737488340354 140737488351170 0
/proc/1607099/statm: 24112 20742 2089 41 0 20191 0
Current children cumulated CPU time: 642.23 s
Current children cumulated vsize: 123356 KiB
Current children cumulated memory: 96580 KiB

[startup+702.3 s]
/proc/loadavg: 15.03 14.57 13.93 15/809 1607675
/proc/meminfo: memFree=373053496/528004520 swapFree=8388604/8388604
[pid=1607047] ppid=1607046 vsize=26908 memory=13612 CPUtime=0.07 cores=20-21
/proc/1607047/stat : 1607047 (perf) S 1607046 1607047 1606965 0 -1 0 1738 238 0 0 6 1 0 0 20 0 1 0 923003770 27553792 3403 17179869184 93824994299904 93824996572973 140737488338256 0 0 0 134217728 4 74274 1 0 0 17 20 0 0 0 0 0 93824998874888 93825001005840 93825001308160 140737488340073 140737488340470 140737488340470 140737488351179 0
/proc/1607047/statm: 6727 3403 2098 555 0 1769 0
[pid=1607099] ppid=1607047 vsize=97404 memory=84024 CPUtime=702.16 cores=20-21
/proc/1607099/stat : 1607099 (clingo) R 1607047 1607047 1606965 0 -1 0 19339 0 0 0 70210 6 0 0 20 0 1 0 923003778 99741696 21006 17179869184 93824992301056 93824992468925 140737488338416 0 0 0 134217728 4 25184771 0 0 0 17 20 0 0 0 0 0 93824992533936 93824992571272 93824992575488 140737488340183 140737488340354 140737488340354 140737488351170 0
/proc/1607099/statm: 24351 21006 2089 41 0 20430 0
Current children cumulated CPU time: 702.23 s
Current children cumulated vsize: 124312 KiB
Current children cumulated memory: 97636 KiB

[startup+762.3 s]
/proc/loadavg: 14.58 14.54 13.97 15/809 1607677
/proc/meminfo: memFree=373002356/528004520 swapFree=8388604/8388604
[pid=1607047] ppid=1607046 vsize=26908 memory=13612 CPUtime=0.07 cores=20-21
/proc/1607047/stat : 1607047 (perf) S 1607046 1607047 1606965 0 -1 0 1738 238 0 0 6 1 0 0 20 0 1 0 923003770 27553792 3403 17179869184 93824994299904 93824996572973 140737488338256 0 0 0 134217728 4 74274 1 0 0 17 20 0 0 0 0 0 93824998874888 93825001005840 93825001308160 140737488340073 140737488340470 140737488340470 140737488351179 0
/proc/1607047/statm: 6727 3403 2098 555 0 1769 0
[pid=1607099] ppid=1607047 vsize=100072 memory=86664 CPUtime=762.16 cores=20-21
/proc/1607099/stat : 1607099 (clingo) R 1607047 1607047 1606965 0 -1 0 20016 0 0 0 76210 6 0 0 20 0 1 0 923003778 102473728 21666 17179869184 93824992301056 93824992468925 140737488338416 0 0 0 134217728 4 25184771 0 0 0 17 20 0 0 0 0 0 93824992533936 93824992571272 93824992575488 140737488340183 140737488340354 140737488340354 140737488351170 0
/proc/1607099/statm: 25018 21666 2089 41 0 21097 0
Current children cumulated CPU time: 762.23 s
Current children cumulated vsize: 126980 KiB
Current children cumulated memory: 100276 KiB

[startup+822.3 s]
/proc/loadavg: 14.25 14.45 13.98 15/809 1607680
/proc/meminfo: memFree=372970180/528004520 swapFree=8388604/8388604
[pid=1607047] ppid=1607046 vsize=26908 memory=13612 CPUtime=0.07 cores=20-21
/proc/1607047/stat : 1607047 (perf) S 1607046 1607047 1606965 0 -1 0 1738 238 0 0 6 1 0 0 20 0 1 0 923003770 27553792 3403 17179869184 93824994299904 93824996572973 140737488338256 0 0 0 134217728 4 74274 1 0 0 17 20 0 0 0 0 0 93824998874888 93825001005840 93825001308160 140737488340073 140737488340470 140737488340470 140737488351179 0
/proc/1607047/statm: 6727 3403 2098 555 0 1769 0
[pid=1607099] ppid=1607047 vsize=101800 memory=88512 CPUtime=822.16 cores=20-21
/proc/1607099/stat : 1607099 (clingo) R 1607047 1607047 1606965 0 -1 0 20492 0 0 0 82210 6 0 0 20 0 1 0 923003778 104243200 22128 17179869184 93824992301056 93824992468925 140737488338416 0 0 0 134217728 4 25184771 0 0 0 17 20 0 0 0 0 0 93824992533936 93824992571272 93824992575488 140737488340183 140737488340354 140737488340354 140737488351170 0
/proc/1607099/statm: 25450 22128 2089 41 0 21529 0
Current children cumulated CPU time: 822.23 s
Current children cumulated vsize: 128708 KiB
Current children cumulated memory: 102124 KiB

[startup+882.3 s]
/proc/loadavg: 14.13 14.38 13.99 15/809 1607683
/proc/meminfo: memFree=372927876/528004520 swapFree=8388604/8388604
[pid=1607047] ppid=1607046 vsize=26908 memory=13612 CPUtime=0.07 cores=20-21
/proc/1607047/stat : 1607047 (perf) S 1607046 1607047 1606965 0 -1 0 1738 238 0 0 6 1 0 0 20 0 1 0 923003770 27553792 3403 17179869184 93824994299904 93824996572973 140737488338256 0 0 0 134217728 4 74274 1 0 0 17 20 0 0 0 0 0 93824998874888 93825001005840 93825001308160 140737488340073 140737488340470 140737488340470 140737488351179 0
/proc/1607047/statm: 6727 3403 2098 555 0 1769 0
[pid=1607099] ppid=1607047 vsize=105544 memory=91680 CPUtime=882.15 cores=20-21
/proc/1607099/stat : 1607099 (clingo) R 1607047 1607047 1606965 0 -1 0 21261 0 0 0 88209 6 0 0 20 0 1 0 923003778 108077056 22920 17179869184 93824992301056 93824992468925 140737488338416 0 0 0 134217728 4 25184771 0 0 0 17 20 0 0 0 0 0 93824992533936 93824992571272 93824992575488 140737488340183 140737488340354 140737488340354 140737488351170 0
/proc/1607099/statm: 26386 22920 2089 41 0 22465 0
Current children cumulated CPU time: 882.22 s
Current children cumulated vsize: 132452 KiB
Current children cumulated memory: 105292 KiB

[startup+942.3 s]
/proc/loadavg: 14.04 14.31 13.99 15/809 1607687
/proc/meminfo: memFree=372888596/528004520 swapFree=8388604/8388604
[pid=1607047] ppid=1607046 vsize=26908 memory=13612 CPUtime=0.07 cores=20-21
/proc/1607047/stat : 1607047 (perf) S 1607046 1607047 1606965 0 -1 0 1738 238 0 0 6 1 0 0 20 0 1 0 923003770 27553792 3403 17179869184 93824994299904 93824996572973 140737488338256 0 0 0 134217728 4 74274 1 0 0 17 20 0 0 0 0 0 93824998874888 93825001005840 93825001308160 140737488340073 140737488340470 140737488340470 140737488351179 0
/proc/1607047/statm: 6727 3403 2098 555 0 1769 0
[pid=1607099] ppid=1607047 vsize=107560 memory=93528 CPUtime=942.15 cores=20-21
/proc/1607099/stat : 1607099 (clingo) R 1607047 1607047 1606965 0 -1 0 21712 0 0 0 94209 6 0 0 20 0 1 0 923003778 110141440 23382 17179869184 93824992301056 93824992468925 140737488338416 0 0 0 134217728 4 25184771 0 0 0 17 20 0 0 0 0 0 93824992533936 93824992571272 93824992575488 140737488340183 140737488340354 140737488340354 140737488351170 0
/proc/1607099/statm: 26890 23382 2089 41 0 22969 0
Current children cumulated CPU time: 942.22 s
Current children cumulated vsize: 134468 KiB
Current children cumulated memory: 107140 KiB

[startup+1002.3 s]
/proc/loadavg: 14.26 14.33 14.02 15/807 1607690
/proc/meminfo: memFree=372844276/528004520 swapFree=8388604/8388604
[pid=1607047] ppid=1607046 vsize=26908 memory=13612 CPUtime=0.07 cores=20-21
/proc/1607047/stat : 1607047 (perf) S 1607046 1607047 1606965 0 -1 0 1738 238 0 0 6 1 0 0 20 0 1 0 923003770 27553792 3403 17179869184 93824994299904 93824996572973 140737488338256 0 0 0 134217728 4 74274 1 0 0 17 20 0 0 0 0 0 93824998874888 93825001005840 93825001308160 140737488340073 140737488340470 140737488340470 140737488351179 0
/proc/1607047/statm: 6727 3403 2098 555 0 1769 0
[pid=1607099] ppid=1607047 vsize=111016 memory=96432 CPUtime=1002.16 cores=20-21
/proc/1607099/stat : 1607099 (clingo) R 1607047 1607047 1606965 0 -1 0 22414 0 0 0 100209 7 0 0 20 0 1 0 923003778 113680384 24108 17179869184 93824992301056 93824992468925 140737488338416 0 0 0 134217728 4 25184771 0 0 0 17 20 0 0 0 0 0 93824992533936 93824992571272 93824992575488 140737488340183 140737488340354 140737488340354 140737488351170 0
/proc/1607099/statm: 27754 24108 2089 41 0 23833 0
Current children cumulated CPU time: 1002.23 s
Current children cumulated vsize: 137924 KiB
Current children cumulated memory: 110044 KiB

[startup+1062.3 s]
/proc/loadavg: 14.33 14.33 14.04 15/808 1607693
/proc/meminfo: memFree=372808488/528004520 swapFree=8388604/8388604
[pid=1607047] ppid=1607046 vsize=26908 memory=13612 CPUtime=0.07 cores=20-21
/proc/1607047/stat : 1607047 (perf) S 1607046 1607047 1606965 0 -1 0 1738 238 0 0 6 1 0 0 20 0 1 0 923003770 27553792 3403 17179869184 93824994299904 93824996572973 140737488338256 0 0 0 134217728 4 74274 1 0 0 17 20 0 0 0 0 0 93824998874888 93825001005840 93825001308160 140737488340073 140737488340470 140737488340470 140737488351179 0
/proc/1607047/statm: 6727 3403 2098 555 0 1769 0
[pid=1607099] ppid=1607047 vsize=113320 memory=98280 CPUtime=1062.16 cores=20-21
/proc/1607099/stat : 1607099 (clingo) R 1607047 1607047 1606965 0 -1 0 22908 0 0 0 106209 7 0 0 20 0 1 0 923003778 116039680 24570 17179869184 93824992301056 93824992468925 140737488338416 0 0 0 134217728 4 25184771 0 0 0 17 20 0 0 0 0 0 93824992533936 93824992571272 93824992575488 140737488340183 140737488340354 140737488340354 140737488351170 0
/proc/1607099/statm: 28330 24570 2089 41 0 24409 0
Current children cumulated CPU time: 1062.23 s
Current children cumulated vsize: 140228 KiB
Current children cumulated memory: 111892 KiB

[startup+1122.3 s]
/proc/loadavg: 14.12 14.27 14.03 15/808 1607696
/proc/meminfo: memFree=372785320/528004520 swapFree=8388604/8388604
[pid=1607047] ppid=1607046 vsize=26908 memory=13612 CPUtime=0.07 cores=20-21
/proc/1607047/stat : 1607047 (perf) S 1607046 1607047 1606965 0 -1 0 1738 238 0 0 6 1 0 0 20 0 1 0 923003770 27553792 3403 17179869184 93824994299904 93824996572973 140737488338256 0 0 0 134217728 4 74274 1 0 0 17 20 0 0 0 0 0 93824998874888 93825001005840 93825001308160 140737488340073 140737488340470 140737488340470 140737488351179 0
/proc/1607047/statm: 6727 3403 2098 555 0 1769 0
[pid=1607099] ppid=1607047 vsize=115336 memory=100128 CPUtime=1122.16 cores=20-21
/proc/1607099/stat : 1607099 (clingo) R 1607047 1607047 1606965 0 -1 0 23334 0 0 0 112209 7 0 0 20 0 1 0 923003778 118104064 25032 17179869184 93824992301056 93824992468925 140737488338416 0 0 0 134217728 4 25184771 0 0 0 17 20 0 0 0 0 0 93824992533936 93824992571272 93824992575488 140737488340183 140737488340354 140737488340354 140737488351170 0
/proc/1607099/statm: 28834 25032 2089 41 0 24913 0
Current children cumulated CPU time: 1122.23 s
Current children cumulated vsize: 142244 KiB
Current children cumulated memory: 113740 KiB

[startup+1182.3 s]
/proc/loadavg: 14.23 14.28 14.05 15/808 1607700
/proc/meminfo: memFree=372755616/528004520 swapFree=8388604/8388604
[pid=1607047] ppid=1607046 vsize=26908 memory=13612 CPUtime=0.07 cores=20-21
/proc/1607047/stat : 1607047 (perf) S 1607046 1607047 1606965 0 -1 0 1738 238 0 0 6 1 0 0 20 0 1 0 923003770 27553792 3403 17179869184 93824994299904 93824996572973 140737488338256 0 0 0 134217728 4 74274 1 0 0 17 20 0 0 0 0 0 93824998874888 93825001005840 93825001308160 140737488340073 140737488340470 140737488340470 140737488351179 0
/proc/1607047/statm: 6727 3403 2098 555 0 1769 0
[pid=1607099] ppid=1607047 vsize=118792 memory=103032 CPUtime=1182.16 cores=20-21
/proc/1607099/stat : 1607099 (clingo) R 1607047 1607047 1606965 0 -1 0 24076 0 0 0 118209 7 0 0 20 0 1 0 923003778 121643008 25758 17179869184 93824992301056 93824992468925 140737488338416 0 0 0 134217728 4 25184771 0 0 0 17 20 0 0 0 0 0 93824992533936 93824992571272 93824992575488 140737488340183 140737488340354 140737488340354 140737488351170 0
/proc/1607099/statm: 29698 25758 2089 41 0 25777 0
Current children cumulated CPU time: 1182.23 s
Current children cumulated vsize: 145700 KiB
Current children cumulated memory: 116644 KiB



Maximum wall clock time exceeded: sending SIGTERM then SIGKILL

[startup+1205 s]*
/proc/loadavg: 14.23 14.27 14.05 15/824 1608661
/proc/meminfo: memFree=373580380/528004520 swapFree=8388604/8388604
[pid=1607047] ppid=1607046 vsize=26908 memory=13612 CPUtime=0.07 cores=20-21
/proc/1607047/stat : 1607047 (perf) S 1607046 1607047 1606965 0 -1 0 1738 238 0 0 6 1 0 0 20 0 1 0 923003770 27553792 3403 17179869184 93824994299904 93824996572973 140737488338256 0 0 0 134217728 4 74274 1 0 0 17 20 0 0 0 0 0 93824998874888 93825001005840 93825001308160 140737488340073 140737488340470 140737488340470 140737488351179 0
/proc/1607047/statm: 6727 3403 2098 555 0 1769 0
[pid=1607099] ppid=1607047 vsize=119944 memory=103824 CPUtime=1204.87 cores=20-21
/proc/1607099/stat : 1607099 (clingo) R 1607047 1607047 1606965 0 -1 0 24321 0 0 0 120480 7 0 0 20 0 1 0 923003778 122822656 25956 17179869184 93824992301056 93824992468925 140737488338416 0 0 0 134217728 4 25184771 0 0 0 17 20 0 0 0 0 0 93824992533936 93824992571272 93824992575488 140737488340183 140737488340354 140737488340354 140737488351170 0
/proc/1607099/statm: 29986 25956 2089 41 0 26065 0
Current children cumulated CPU time: 1204.94 s
Current children cumulated vsize: 146852 KiB
Current children cumulated memory: 117436 KiB

Sending SIGINT to process tree (bottom up)
Sleeping 5 seconds

[startup+1205.03 s]
# the end of solver process 1607047 was just reported to runsolver
# cumulated CPU time of all completed processes:  user=1204.87 s, system=0.09773 s

Solver just ended.
??? end of watcher thread
Dumping a history of the last processes samples

Child status: 1
Real time (s): 1205.03
CPU time (s): 1204.97
CPU user time (s): 1204.87
CPU system time (s): 0.09773
CPU usage (%): 99.9955
Max. virtual memory (cumulated for all children) (KiB): 146852
Max. memory (cumulated for all children) (KiB): 117436

getrusage(RUSAGE_CHILDREN,...) data:
user time used= 1204.87
system time used= 0.09773
maximum resident set size= 104092
integral shared memory size= 0
integral unshared data size= 0
integral unshared stack size= 0
page reclaims= 26337
page faults= 0
swaps= 0
block input operations= 0
block output operations= 0
messages sent= 0
messages received= 0
signals received= 0
voluntary context switches= 221
involuntary context switches= 960


# summary of solver processes directly reported to runsolver:
#   pid: 1607047
#   total CPU time (s): 1204.97
#   total CPU user time (s): 1204.87
#   total CPU system time (s): 0.09773

??? end of timestamper thread
runsolver used 12.8262 second user time and 10.2964 second system time

The end
