runsolver version 3.4.0 (svn: 3018) Copyright (C) 2010-2013 Olivier ROUSSEL

This program is distributed in the hope that it will be useful,
but WITHOUT ANY WARRANTY; without even the implied warranty of
MERCHANTABILITY or FITNESS FOR A PARTICULAR PURPOSE.  See the
GNU General Public License for more details.

NUMA information:
  number of nodes: 2
  memory of node 0: 257635 MiB (178566 MiB free)
  memory of node 1: 257994 MiB (181286 MiB free)
  node distances:
     10  20
     20  10

command line: /dev/shm/3732a9ea-2e81-11f1-ac62-000c298f4621/input/runsolver -w /dev/shm/3732a9ea-2e81-11f1-ac62-000c298f4621/output/runsolver.log -v /dev/shm/3732a9ea-2e81-11f1-ac62-000c298f4621/output/varfile.log -W 1205 --rss-swap-limit 16384 -d 5 --sigint /usr/bin/perf stat -B -e task-clock,cache-references,cache-misses,cycles,instructions,branches,faults,migrations,context-switches -o /dev/shm/3732a9ea-2e81-11f1-ac62-000c298f4621/output/perf.log clingo /home/guests/mmacri/AMOSUM/benchmarks/GraphColouring/encoding-plain-amo.asp /dev/shm/3732a9ea-2e81-11f1-ac62-000c298f4621/input/0005-graph_colouring-125-0_3600.asp 

running on 2 cores: 12-13

Enforcing wall clock limit (soft limit, will send SIGTERM then SIGKILL): 1205 seconds
Enforcing RSS+Swap limit (soft limit, will send SIGTERM then SIGKILL): 16777216 KiB
Linux 5.15.0-131-generic
Current StackSize limit: 8192 KiB

solver pid=327679, runsolver pid=327678

[startup+0.10007 s]*
/proc/loadavg: 14.78 14.39 10.52 15/841 327688
/proc/meminfo: memFree=368484496/528004516 swapFree=8388604/8388604
[pid=327679] ppid=327678 vsize=26908 memory=13616 CPUtime=0.06 cores=12-13
/proc/327679/stat : 327679 (perf) S 327678 327679 327584 0 -1 0 1738 237 0 0 5 1 0 0 20 0 1 0 922860062 27553792 3404 17179869184 93824994299904 93824996572973 140737488338256 0 0 0 134217728 4 74274 1 0 0 17 12 0 0 0 0 0 93824998874888 93825001005840 93825001308160 140737488340074 140737488340471 140737488340471 140737488351179 0
/proc/327679/statm: 6727 3404 2099 555 0 1769 0
[pid=327688] ppid=327679 vsize=19320 memory=11120 CPUtime=0.02 cores=12-13
/proc/327688/stat : 327688 (clingo) R 327679 327679 327584 0 -1 0 1036 0 0 0 2 0 0 0 20 0 1 0 922860070 19783680 2780 17179869184 93824992301056 93824992468925 140737488338416 0 0 0 134217728 4 25184771 0 0 0 17 13 0 0 0 0 0 93824992533936 93824992571272 93824992575488 140737488340184 140737488340355 140737488340355 140737488351170 0
/proc/327688/statm: 4830 2780 2044 41 0 909 0
Current children cumulated CPU time: 0.08 s
Current children cumulated vsize: 46228 KiB
Current children cumulated memory: 24736 KiB

[startup+0.222853 s]*
/proc/loadavg: 14.78 14.39 10.52 15/842 327689
/proc/meminfo: memFree=368469124/528004516 swapFree=8388604/8388604
[pid=327679] ppid=327678 vsize=26908 memory=13616 CPUtime=0.06 cores=12-13
/proc/327679/stat : 327679 (perf) S 327678 327679 327584 0 -1 0 1738 237 0 0 5 1 0 0 20 0 1 0 922860062 27553792 3404 17179869184 93824994299904 93824996572973 140737488338256 0 0 0 134217728 4 74274 1 0 0 17 12 0 0 0 0 0 93824998874888 93825001005840 93825001308160 140737488340074 140737488340471 140737488340471 140737488351179 0
/proc/327679/statm: 6727 3404 2099 555 0 1769 0
[pid=327688] ppid=327679 vsize=25064 memory=17100 CPUtime=0.14 cores=12-13
/proc/327688/stat : 327688 (clingo) R 327679 327679 327584 0 -1 0 2502 0 0 0 14 0 0 0 20 0 1 0 922860070 25665536 4275 17179869184 93824992301056 93824992468925 140737488338416 0 0 0 134217728 4 25184771 0 0 0 17 13 0 0 0 0 0 93824992533936 93824992571272 93824992575488 140737488340184 140737488340355 140737488340355 140737488351170 0
/proc/327688/statm: 6266 4275 2091 41 0 2345 0
Current children cumulated CPU time: 0.2 s
Current children cumulated vsize: 51972 KiB
Current children cumulated memory: 30716 KiB

[startup+0.335276 s]*
/proc/loadavg: 14.78 14.39 10.52 15/842 327689
/proc/meminfo: memFree=368455516/528004516 swapFree=8388604/8388604
[pid=327679] ppid=327678 vsize=26908 memory=13616 CPUtime=0.06 cores=12-13
/proc/327679/stat : 327679 (perf) S 327678 327679 327584 0 -1 0 1738 237 0 0 5 1 0 0 20 0 1 0 922860062 27553792 3404 17179869184 93824994299904 93824996572973 140737488338256 0 0 0 134217728 4 74274 1 0 0 17 12 0 0 0 0 0 93824998874888 93825001005840 93825001308160 140737488340074 140737488340471 140737488340471 140737488351179 0
/proc/327679/statm: 6727 3404 2099 555 0 1769 0
[pid=327688] ppid=327679 vsize=26648 memory=18420 CPUtime=0.23 cores=12-13
/proc/327688/stat : 327688 (clingo) R 327679 327679 327584 0 -1 0 2879 0 0 0 23 0 0 0 20 0 1 0 922860070 27287552 4605 17179869184 93824992301056 93824992468925 140737488338416 0 0 0 134217728 4 25184771 0 0 0 17 13 0 0 0 0 0 93824992533936 93824992571272 93824992575488 140737488340184 140737488340355 140737488340355 140737488351170 0
/proc/327688/statm: 6662 4605 2091 41 0 2741 0
Current children cumulated CPU time: 0.29 s
Current children cumulated vsize: 53556 KiB
Current children cumulated memory: 32036 KiB

[startup+0.700341 s]
/proc/loadavg: 14.78 14.39 10.52 15/842 327689
/proc/meminfo: memFree=368440396/528004516 swapFree=8388604/8388604
[pid=327679] ppid=327678 vsize=26908 memory=13616 CPUtime=0.06 cores=12-13
/proc/327679/stat : 327679 (perf) S 327678 327679 327584 0 -1 0 1738 237 0 0 5 1 0 0 20 0 1 0 922860062 27553792 3404 17179869184 93824994299904 93824996572973 140737488338256 0 0 0 134217728 4 74274 1 0 0 17 12 0 0 0 0 0 93824998874888 93825001005840 93825001308160 140737488340074 140737488340471 140737488340471 140737488351179 0
/proc/327679/statm: 6727 3404 2099 555 0 1769 0
[pid=327688] ppid=327679 vsize=28260 memory=20268 CPUtime=0.52 cores=12-13
/proc/327688/stat : 327688 (clingo) R 327679 327679 327584 0 -1 0 3286 0 0 0 52 0 0 0 20 0 1 0 922860070 28938240 5067 17179869184 93824992301056 93824992468925 140737488338416 0 0 0 134217728 4 25184771 0 0 0 17 13 0 0 0 0 0 93824992533936 93824992571272 93824992575488 140737488340184 140737488340355 140737488340355 140737488351170 0
/proc/327688/statm: 7065 5067 2091 41 0 3144 0
Current children cumulated CPU time: 0.58 s
Current children cumulated vsize: 55168 KiB
Current children cumulated memory: 33884 KiB

[startup+1.50033 s]
/proc/loadavg: 14.78 14.39 10.52 15/842 327689
/proc/meminfo: memFree=368423348/528004516 swapFree=8388604/8388604
[pid=327679] ppid=327678 vsize=26908 memory=13616 CPUtime=0.06 cores=12-13
/proc/327679/stat : 327679 (perf) S 327678 327679 327584 0 -1 0 1738 237 0 0 5 1 0 0 20 0 1 0 922860062 27553792 3404 17179869184 93824994299904 93824996572973 140737488338256 0 0 0 134217728 4 74274 1 0 0 17 12 0 0 0 0 0 93824998874888 93825001005840 93825001308160 140737488340074 140737488340471 140737488340471 140737488351179 0
/proc/327679/statm: 6727 3404 2099 555 0 1769 0
[pid=327688] ppid=327679 vsize=31888 memory=23700 CPUtime=1.3 cores=12-13
/proc/327688/stat : 327688 (clingo) R 327679 327679 327584 0 -1 0 4199 0 0 0 130 0 0 0 20 0 1 0 922860070 32653312 5925 17179869184 93824992301056 93824992468925 140737488338416 0 0 0 134217728 4 25184771 0 0 0 17 13 0 0 0 0 0 93824992533936 93824992571272 93824992575488 140737488340184 140737488340355 140737488340355 140737488351170 0
/proc/327688/statm: 7972 5925 2091 41 0 4051 0
Current children cumulated CPU time: 1.36 s
Current children cumulated vsize: 58796 KiB
Current children cumulated memory: 37316 KiB

[startup+3.1185 s]
/proc/loadavg: 14.78 14.39 10.52 15/842 327689
/proc/meminfo: memFree=368171612/528004516 swapFree=8388604/8388604
[pid=327679] ppid=327678 vsize=26908 memory=13616 CPUtime=0.06 cores=12-13
/proc/327679/stat : 327679 (perf) S 327678 327679 327584 0 -1 0 1738 237 0 0 5 1 0 0 20 0 1 0 922860062 27553792 3404 17179869184 93824994299904 93824996572973 140737488338256 0 0 0 134217728 4 74274 1 0 0 17 12 0 0 0 0 0 93824998874888 93825001005840 93825001308160 140737488340074 140737488340471 140737488340471 140737488351179 0
/proc/327679/statm: 6727 3404 2099 555 0 1769 0
[pid=327688] ppid=327679 vsize=33376 memory=25284 CPUtime=2.9 cores=12-13
/proc/327688/stat : 327688 (clingo) R 327679 327679 327584 0 -1 0 4559 0 0 0 290 0 0 0 20 0 1 0 922860070 34177024 6321 17179869184 93824992301056 93824992468925 140737488338416 0 0 0 134217728 4 25184771 0 0 0 17 12 0 0 0 0 0 93824992533936 93824992571272 93824992575488 140737488340184 140737488340355 140737488340355 140737488351170 0
/proc/327688/statm: 8344 6321 2091 41 0 4423 0
Current children cumulated CPU time: 2.96 s
Current children cumulated vsize: 60284 KiB
Current children cumulated memory: 38900 KiB

[startup+6.30028 s]
/proc/loadavg: 14.72 14.38 10.53 15/842 327689
/proc/meminfo: memFree=367994052/528004516 swapFree=8388604/8388604
[pid=327679] ppid=327678 vsize=26908 memory=13616 CPUtime=0.06 cores=12-13
/proc/327679/stat : 327679 (perf) S 327678 327679 327584 0 -1 0 1738 237 0 0 5 1 0 0 20 0 1 0 922860062 27553792 3404 17179869184 93824994299904 93824996572973 140737488338256 0 0 0 134217728 4 74274 1 0 0 17 12 0 0 0 0 0 93824998874888 93825001005840 93825001308160 140737488340074 140737488340471 140737488340471 140737488351179 0
/proc/327679/statm: 6727 3404 2099 555 0 1769 0
[pid=327688] ppid=327679 vsize=37888 memory=29772 CPUtime=6.07 cores=12-13
/proc/327688/stat : 327688 (clingo) R 327679 327679 327584 0 -1 0 5682 0 0 0 607 0 0 0 20 0 1 0 922860070 38797312 7443 17179869184 93824992301056 93824992468925 140737488338416 0 0 0 134217728 4 25184771 0 0 0 17 12 0 0 0 0 0 93824992533936 93824992571272 93824992575488 140737488340184 140737488340355 140737488340355 140737488351170 0
/proc/327688/statm: 9472 7443 2091 41 0 5551 0
Current children cumulated CPU time: 6.13 s
Current children cumulated vsize: 64796 KiB
Current children cumulated memory: 43388 KiB

[startup+12.7003 s]
/proc/loadavg: 14.66 14.37 10.55 15/842 327690
/proc/meminfo: memFree=367449444/528004516 swapFree=8388604/8388604
[pid=327679] ppid=327678 vsize=26908 memory=13616 CPUtime=0.06 cores=12-13
/proc/327679/stat : 327679 (perf) S 327678 327679 327584 0 -1 0 1738 237 0 0 5 1 0 0 20 0 1 0 922860062 27553792 3404 17179869184 93824994299904 93824996572973 140737488338256 0 0 0 134217728 4 74274 1 0 0 17 12 0 0 0 0 0 93824998874888 93825001005840 93825001308160 140737488340074 140737488340471 140737488340471 140737488351179 0
/proc/327679/statm: 6727 3404 2099 555 0 1769 0
[pid=327688] ppid=327679 vsize=44696 memory=36540 CPUtime=12.47 cores=12-13
/proc/327688/stat : 327688 (clingo) R 327679 327679 327584 0 -1 0 7452 0 0 0 1247 0 0 0 20 0 1 0 922860070 45768704 9135 17179869184 93824992301056 93824992468925 140737488338416 0 0 0 134217728 4 25184771 0 0 0 17 12 0 0 0 0 0 93824992533936 93824992571272 93824992575488 140737488340184 140737488340355 140737488340355 140737488351170 0
/proc/327688/statm: 11174 9135 2091 41 0 7253 0
Current children cumulated CPU time: 12.53 s
Current children cumulated vsize: 71604 KiB
Current children cumulated memory: 50156 KiB

[startup+25.5004 s]
/proc/loadavg: 14.51 14.35 10.61 15/842 327897
/proc/meminfo: memFree=368518228/528004516 swapFree=8388604/8388604
[pid=327679] ppid=327678 vsize=26908 memory=13616 CPUtime=0.06 cores=12-13
/proc/327679/stat : 327679 (perf) S 327678 327679 327584 0 -1 0 1738 237 0 0 5 1 0 0 20 0 1 0 922860062 27553792 3404 17179869184 93824994299904 93824996572973 140737488338256 0 0 0 134217728 4 74274 1 0 0 17 12 0 0 0 0 0 93824998874888 93825001005840 93825001308160 140737488340074 140737488340471 140737488340471 140737488351179 0
/proc/327679/statm: 6727 3404 2099 555 0 1769 0
[pid=327688] ppid=327679 vsize=50788 memory=42564 CPUtime=25.28 cores=12-13
/proc/327688/stat : 327688 (clingo) R 327679 327679 327584 0 -1 0 9253 0 0 0 2527 1 0 0 20 0 1 0 922860070 52006912 10641 17179869184 93824992301056 93824992468925 140737488338416 0 0 0 134217728 4 25184771 0 0 0 17 12 0 0 0 0 0 93824992533936 93824992571272 93824992575488 140737488340184 140737488340355 140737488340355 140737488351170 0
/proc/327688/statm: 12697 10641 2091 41 0 8776 0
Current children cumulated CPU time: 25.34 s
Current children cumulated vsize: 77696 KiB
Current children cumulated memory: 56180 KiB

[startup+51.1186 s]
/proc/loadavg: 14.34 14.33 10.70 15/842 327897
/proc/meminfo: memFree=367202384/528004516 swapFree=8388604/8388604
[pid=327679] ppid=327678 vsize=26908 memory=13616 CPUtime=0.06 cores=12-13
/proc/327679/stat : 327679 (perf) S 327678 327679 327584 0 -1 0 1738 237 0 0 5 1 0 0 20 0 1 0 922860062 27553792 3404 17179869184 93824994299904 93824996572973 140737488338256 0 0 0 134217728 4 74274 1 0 0 17 12 0 0 0 0 0 93824998874888 93825001005840 93825001308160 140737488340074 140737488340471 140737488340471 140737488351179 0
/proc/327679/statm: 6727 3404 2099 555 0 1769 0
[pid=327688] ppid=327679 vsize=59044 memory=50584 CPUtime=50.9 cores=12-13
/proc/327688/stat : 327688 (clingo) R 327679 327679 327584 0 -1 0 12228 0 0 0 5088 2 0 0 20 0 1 0 922860070 60461056 12646 17179869184 93824992301056 93824992468925 140737488338416 0 0 0 134217728 4 25184771 0 0 0 17 12 0 0 0 0 0 93824992533936 93824992571272 93824992575488 140737488340184 140737488340355 140737488340355 140737488351170 0
/proc/327688/statm: 14761 12646 2091 41 0 10840 0
Current children cumulated CPU time: 50.96 s
Current children cumulated vsize: 85952 KiB
Current children cumulated memory: 64200 KiB

[startup+102.3 s]
/proc/loadavg: 14.14 14.27 10.88 15/842 327898
/proc/meminfo: memFree=365857252/528004516 swapFree=8388604/8388604
[pid=327679] ppid=327678 vsize=26908 memory=13616 CPUtime=0.06 cores=12-13
/proc/327679/stat : 327679 (perf) S 327678 327679 327584 0 -1 0 1738 237 0 0 5 1 0 0 20 0 1 0 922860062 27553792 3404 17179869184 93824994299904 93824996572973 140737488338256 0 0 0 134217728 4 74274 1 0 0 17 12 0 0 0 0 0 93824998874888 93825001005840 93825001308160 140737488340074 140737488340471 140737488340471 140737488351179 0
/proc/327679/statm: 6727 3404 2099 555 0 1769 0
[pid=327688] ppid=327679 vsize=69160 memory=60616 CPUtime=102.07 cores=12-13
/proc/327688/stat : 327688 (clingo) R 327679 327679 327584 0 -1 0 15910 0 0 0 10204 3 0 0 20 0 1 0 922860070 70819840 15154 17179869184 93824992301056 93824992468925 140737488338416 0 0 0 134217728 4 25184771 0 0 0 17 12 0 0 0 0 0 93824992533936 93824992571272 93824992575488 140737488340184 140737488340355 140737488340355 140737488351170 0
/proc/327688/statm: 17290 15154 2091 41 0 13369 0
Current children cumulated CPU time: 102.13 s
Current children cumulated vsize: 96068 KiB
Current children cumulated memory: 74232 KiB

[startup+162.3 s]
/proc/loadavg: 14.05 14.22 11.07 15/842 327899
/proc/meminfo: memFree=364689252/528004516 swapFree=8388604/8388604
[pid=327679] ppid=327678 vsize=26908 memory=13616 CPUtime=0.06 cores=12-13
/proc/327679/stat : 327679 (perf) S 327678 327679 327584 0 -1 0 1738 237 0 0 5 1 0 0 20 0 1 0 922860062 27553792 3404 17179869184 93824994299904 93824996572973 140737488338256 0 0 0 134217728 4 74274 1 0 0 17 12 0 0 0 0 0 93824998874888 93825001005840 93825001308160 140737488340074 140737488340471 140737488340471 140737488351179 0
/proc/327679/statm: 6727 3404 2099 555 0 1769 0
[pid=327688] ppid=327679 vsize=76764 memory=68268 CPUtime=162.07 cores=12-13
/proc/327688/stat : 327688 (clingo) R 327679 327679 327584 0 -1 0 19106 0 0 0 16204 3 0 0 20 0 1 0 922860070 78606336 17067 17179869184 93824992301056 93824992468925 140737488338416 0 0 0 134217728 4 25184771 0 0 0 17 12 0 0 0 0 0 93824992533936 93824992571272 93824992575488 140737488340184 140737488340355 140737488340355 140737488351170 0
/proc/327688/statm: 19191 17067 2091 41 0 15270 0
Current children cumulated CPU time: 162.13 s
Current children cumulated vsize: 103672 KiB
Current children cumulated memory: 81884 KiB

[startup+222.3 s]
/proc/loadavg: 15.53 14.52 11.37 15/842 327902
/proc/meminfo: memFree=363399316/528004516 swapFree=8388604/8388604
[pid=327679] ppid=327678 vsize=26908 memory=13616 CPUtime=0.06 cores=12-13
/proc/327679/stat : 327679 (perf) S 327678 327679 327584 0 -1 0 1738 237 0 0 5 1 0 0 20 0 1 0 922860062 27553792 3404 17179869184 93824994299904 93824996572973 140737488338256 0 0 0 134217728 4 74274 1 0 0 17 12 0 0 0 0 0 93824998874888 93825001005840 93825001308160 140737488340074 140737488340471 140737488340471 140737488351179 0
/proc/327679/statm: 6727 3404 2099 555 0 1769 0
[pid=327688] ppid=327679 vsize=84852 memory=76124 CPUtime=222.07 cores=12-13
/proc/327688/stat : 327688 (clingo) R 327679 327679 327584 0 -1 0 22251 0 0 0 22204 3 0 0 20 0 1 0 922860070 86888448 19031 17179869184 93824992301056 93824992468925 140737488338416 0 0 0 134217728 4 25184771 0 0 0 17 12 0 0 0 0 0 93824992533936 93824992571272 93824992575488 140737488340184 140737488340355 140737488340355 140737488351170 0
/proc/327688/statm: 21213 19031 2091 41 0 17292 0
Current children cumulated CPU time: 222.13 s
Current children cumulated vsize: 111760 KiB
Current children cumulated memory: 89740 KiB

[startup+282.3 s]
/proc/loadavg: 15.39 14.75 11.66 15/842 327903
/proc/meminfo: memFree=361928396/528004516 swapFree=8388604/8388604
[pid=327679] ppid=327678 vsize=26908 memory=13616 CPUtime=0.06 cores=12-13
/proc/327679/stat : 327679 (perf) S 327678 327679 327584 0 -1 0 1738 237 0 0 5 1 0 0 20 0 1 0 922860062 27553792 3404 17179869184 93824994299904 93824996572973 140737488338256 0 0 0 134217728 4 74274 1 0 0 17 12 0 0 0 0 0 93824998874888 93825001005840 93825001308160 140737488340074 140737488340471 140737488340471 140737488351179 0
/proc/327679/statm: 6727 3404 2099 555 0 1769 0
[pid=327688] ppid=327679 vsize=91792 memory=82636 CPUtime=282.07 cores=12-13
/proc/327688/stat : 327688 (clingo) R 327679 327679 327584 0 -1 0 24378 0 0 0 28204 3 0 0 20 0 1 0 922860070 93995008 20659 17179869184 93824992301056 93824992468925 140737488338416 0 0 0 134217728 4 25184771 0 0 0 17 12 0 0 0 0 0 93824992533936 93824992571272 93824992575488 140737488340184 140737488340355 140737488340355 140737488351170 0
/proc/327688/statm: 22948 20659 2091 41 0 19027 0
Current children cumulated CPU time: 282.13 s
Current children cumulated vsize: 118700 KiB
Current children cumulated memory: 96252 KiB

[startup+342.3 s]
/proc/loadavg: 14.51 14.61 11.81 15/818 327907
/proc/meminfo: memFree=360817592/528004516 swapFree=8388604/8388604
[pid=327679] ppid=327678 vsize=26908 memory=13616 CPUtime=0.06 cores=12-13
/proc/327679/stat : 327679 (perf) S 327678 327679 327584 0 -1 0 1738 237 0 0 5 1 0 0 20 0 1 0 922860062 27553792 3404 17179869184 93824994299904 93824996572973 140737488338256 0 0 0 134217728 4 74274 1 0 0 17 12 0 0 0 0 0 93824998874888 93825001005840 93825001308160 140737488340074 140737488340471 140737488340471 140737488351179 0
/proc/327679/statm: 6727 3404 2099 555 0 1769 0
[pid=327688] ppid=327679 vsize=98728 memory=89016 CPUtime=342.07 cores=12-13
/proc/327688/stat : 327688 (clingo) R 327679 327679 327584 0 -1 0 26124 0 0 0 34204 3 0 0 20 0 1 0 922860070 101097472 22254 17179869184 93824992301056 93824992468925 140737488338416 0 0 0 134217728 4 25184771 0 0 0 17 12 0 0 0 0 0 93824992533936 93824992571272 93824992575488 140737488340184 140737488340355 140737488340355 140737488351170 0
/proc/327688/statm: 24682 22254 2091 41 0 20761 0
Current children cumulated CPU time: 342.13 s
Current children cumulated vsize: 125636 KiB
Current children cumulated memory: 102632 KiB

[startup+402.3 s]
/proc/loadavg: 14.18 14.50 11.95 15/817 327909
/proc/meminfo: memFree=360459520/528004516 swapFree=8388604/8388604
[pid=327679] ppid=327678 vsize=26908 memory=13616 CPUtime=0.06 cores=12-13
/proc/327679/stat : 327679 (perf) S 327678 327679 327584 0 -1 0 1738 237 0 0 5 1 0 0 20 0 1 0 922860062 27553792 3404 17179869184 93824994299904 93824996572973 140737488338256 0 0 0 134217728 4 74274 1 0 0 17 12 0 0 0 0 0 93824998874888 93825001005840 93825001308160 140737488340074 140737488340471 140737488340471 140737488351179 0
/proc/327679/statm: 6727 3404 2099 555 0 1769 0
[pid=327688] ppid=327679 vsize=101612 memory=91884 CPUtime=402.08 cores=12-13
/proc/327688/stat : 327688 (clingo) R 327679 327679 327584 0 -1 0 28551 0 0 0 40204 4 0 0 20 0 1 0 922860070 104050688 22971 17179869184 93824992301056 93824992468925 140737488338416 0 0 0 134217728 4 25184771 0 0 0 17 12 0 0 0 0 0 93824992533936 93824992571272 93824992575488 140737488340184 140737488340355 140737488340355 140737488351170 0
/proc/327688/statm: 25403 22971 2091 41 0 21482 0
Current children cumulated CPU time: 402.14 s
Current children cumulated vsize: 128520 KiB
Current children cumulated memory: 105500 KiB

[startup+462.3 s]
/proc/loadavg: 14.07 14.40 12.08 15/817 327910
/proc/meminfo: memFree=360009704/528004516 swapFree=8388604/8388604
[pid=327679] ppid=327678 vsize=26908 memory=13616 CPUtime=0.06 cores=12-13
/proc/327679/stat : 327679 (perf) S 327678 327679 327584 0 -1 0 1738 237 0 0 5 1 0 0 20 0 1 0 922860062 27553792 3404 17179869184 93824994299904 93824996572973 140737488338256 0 0 0 134217728 4 74274 1 0 0 17 12 0 0 0 0 0 93824998874888 93825001005840 93825001308160 140737488340074 140737488340471 140737488340471 140737488351179 0
/proc/327679/statm: 6727 3404 2099 555 0 1769 0
[pid=327688] ppid=327679 vsize=106216 memory=96280 CPUtime=462.08 cores=12-13
/proc/327688/stat : 327688 (clingo) R 327679 327679 327584 0 -1 0 31106 0 0 0 46204 4 0 0 20 0 1 0 922860070 108765184 24070 17179869184 93824992301056 93824992468925 140737488338416 0 0 0 134217728 4 25184771 0 0 0 17 12 0 0 0 0 0 93824992533936 93824992571272 93824992575488 140737488340184 140737488340355 140737488340355 140737488351170 0
/proc/327688/statm: 26554 24070 2091 41 0 22633 0
Current children cumulated CPU time: 462.14 s
Current children cumulated vsize: 133124 KiB
Current children cumulated memory: 109896 KiB

[startup+522.3 s]
/proc/loadavg: 14.02 14.33 12.20 15/818 327912
/proc/meminfo: memFree=359409056/528004516 swapFree=8388604/8388604
[pid=327679] ppid=327678 vsize=26908 memory=13616 CPUtime=0.06 cores=12-13
/proc/327679/stat : 327679 (perf) S 327678 327679 327584 0 -1 0 1738 237 0 0 5 1 0 0 20 0 1 0 922860062 27553792 3404 17179869184 93824994299904 93824996572973 140737488338256 0 0 0 134217728 4 74274 1 0 0 17 12 0 0 0 0 0 93824998874888 93825001005840 93825001308160 140737488340074 140737488340471 140737488340471 140737488351179 0
/proc/327679/statm: 6727 3404 2099 555 0 1769 0
[pid=327688] ppid=327679 vsize=110964 memory=100640 CPUtime=522.07 cores=12-13
/proc/327688/stat : 327688 (clingo) R 327679 327679 327584 0 -1 0 33186 0 0 0 52203 4 0 0 20 0 1 0 922860070 113627136 25160 17179869184 93824992301056 93824992468925 140737488338416 0 0 0 134217728 4 25184771 0 0 0 17 12 0 0 0 0 0 93824992533936 93824992571272 93824992575488 140737488340184 140737488340355 140737488340355 140737488351170 0
/proc/327688/statm: 27741 25160 2091 41 0 23820 0
Current children cumulated CPU time: 522.13 s
Current children cumulated vsize: 137872 KiB
Current children cumulated memory: 114256 KiB

[startup+582.3 s]
/proc/loadavg: 14.07 14.28 12.32 15/819 327917
/proc/meminfo: memFree=358577212/528004516 swapFree=8388604/8388604
[pid=327679] ppid=327678 vsize=26908 memory=13616 CPUtime=0.06 cores=12-13
/proc/327679/stat : 327679 (perf) S 327678 327679 327584 0 -1 0 1738 237 0 0 5 1 0 0 20 0 1 0 922860062 27553792 3404 17179869184 93824994299904 93824996572973 140737488338256 0 0 0 134217728 4 74274 1 0 0 17 12 0 0 0 0 0 93824998874888 93825001005840 93825001308160 140737488340074 140737488340471 140737488340471 140737488351179 0
/proc/327679/statm: 6727 3404 2099 555 0 1769 0
[pid=327688] ppid=327679 vsize=115824 memory=104868 CPUtime=582.07 cores=12-13
/proc/327688/stat : 327688 (clingo) R 327679 327679 327584 0 -1 0 34582 0 0 0 58203 4 0 0 20 0 1 0 922860070 118603776 26217 17179869184 93824992301056 93824992468925 140737488338416 0 0 0 134217728 4 25184771 0 0 0 17 12 0 0 0 0 0 93824992533936 93824992571272 93824992575488 140737488340184 140737488340355 140737488340355 140737488351170 0
/proc/327688/statm: 28956 26217 2091 41 0 25035 0
Current children cumulated CPU time: 582.13 s
Current children cumulated vsize: 142732 KiB
Current children cumulated memory: 118484 KiB

[startup+642.3 s]
/proc/loadavg: 14.03 14.23 12.43 15/818 327919
/proc/meminfo: memFree=357437972/528004516 swapFree=8388604/8388604
[pid=327679] ppid=327678 vsize=26908 memory=13616 CPUtime=0.06 cores=12-13
/proc/327679/stat : 327679 (perf) S 327678 327679 327584 0 -1 0 1738 237 0 0 5 1 0 0 20 0 1 0 922860062 27553792 3404 17179869184 93824994299904 93824996572973 140737488338256 0 0 0 134217728 4 74274 1 0 0 17 12 0 0 0 0 0 93824998874888 93825001005840 93825001308160 140737488340074 140737488340471 140737488340471 140737488351179 0
/proc/327679/statm: 6727 3404 2099 555 0 1769 0
[pid=327688] ppid=327679 vsize=118416 memory=106900 CPUtime=642.07 cores=12-13
/proc/327688/stat : 327688 (clingo) R 327679 327679 327584 0 -1 0 35510 0 0 0 64203 4 0 0 20 0 1 0 922860070 121257984 26725 17179869184 93824992301056 93824992468925 140737488338416 0 0 0 134217728 4 25184771 0 0 0 17 12 0 0 0 0 0 93824992533936 93824992571272 93824992575488 140737488340184 140737488340355 140737488340355 140737488351170 0
/proc/327688/statm: 29604 26725 2091 41 0 25683 0
Current children cumulated CPU time: 642.13 s
Current children cumulated vsize: 145324 KiB
Current children cumulated memory: 120516 KiB

[startup+702.3 s]
/proc/loadavg: 14.01 14.18 12.53 15/818 327920
/proc/meminfo: memFree=356469036/528004516 swapFree=8388604/8388604
[pid=327679] ppid=327678 vsize=26908 memory=13616 CPUtime=0.06 cores=12-13
/proc/327679/stat : 327679 (perf) S 327678 327679 327584 0 -1 0 1738 237 0 0 5 1 0 0 20 0 1 0 922860062 27553792 3404 17179869184 93824994299904 93824996572973 140737488338256 0 0 0 134217728 4 74274 1 0 0 17 12 0 0 0 0 0 93824998874888 93825001005840 93825001308160 140737488340074 140737488340471 140737488340471 140737488351179 0
/proc/327679/statm: 6727 3404 2099 555 0 1769 0
[pid=327688] ppid=327679 vsize=121912 memory=109896 CPUtime=702.07 cores=12-13
/proc/327688/stat : 327688 (clingo) R 327679 327679 327584 0 -1 0 36846 0 0 0 70203 4 0 0 20 0 1 0 922860070 124837888 27474 17179869184 93824992301056 93824992468925 140737488338416 0 0 0 134217728 4 25184771 0 0 0 17 12 0 0 0 0 0 93824992533936 93824992571272 93824992575488 140737488340184 140737488340355 140737488340355 140737488351170 0
/proc/327688/statm: 30478 27474 2091 41 0 26557 0
Current children cumulated CPU time: 702.13 s
Current children cumulated vsize: 148820 KiB
Current children cumulated memory: 123512 KiB

[startup+762.3 s]
/proc/loadavg: 14.21 14.22 12.65 15/818 327921
/proc/meminfo: memFree=355520008/528004516 swapFree=8388604/8388604
[pid=327679] ppid=327678 vsize=26908 memory=13616 CPUtime=0.06 cores=12-13
/proc/327679/stat : 327679 (perf) S 327678 327679 327584 0 -1 0 1738 237 0 0 5 1 0 0 20 0 1 0 922860062 27553792 3404 17179869184 93824994299904 93824996572973 140737488338256 0 0 0 134217728 4 74274 1 0 0 17 12 0 0 0 0 0 93824998874888 93825001005840 93825001308160 140737488340074 140737488340471 140737488340471 140737488351179 0
/proc/327679/statm: 6727 3404 2099 555 0 1769 0
[pid=327688] ppid=327679 vsize=123980 memory=111660 CPUtime=762.07 cores=12-13
/proc/327688/stat : 327688 (clingo) R 327679 327679 327584 0 -1 0 37362 0 0 0 76203 4 0 0 20 0 1 0 922860070 126955520 27915 17179869184 93824992301056 93824992468925 140737488338416 0 0 0 134217728 4 25184771 0 0 0 17 12 0 0 0 0 0 93824992533936 93824992571272 93824992575488 140737488340184 140737488340355 140737488340355 140737488351170 0
/proc/327688/statm: 30995 27915 2091 41 0 27074 0
Current children cumulated CPU time: 762.13 s
Current children cumulated vsize: 150888 KiB
Current children cumulated memory: 125276 KiB

[startup+822.3 s]
/proc/loadavg: 14.07 14.18 12.74 15/817 327923
/proc/meminfo: memFree=354596712/528004516 swapFree=8388604/8388604
[pid=327679] ppid=327678 vsize=26908 memory=13616 CPUtime=0.06 cores=12-13
/proc/327679/stat : 327679 (perf) S 327678 327679 327584 0 -1 0 1738 237 0 0 5 1 0 0 20 0 1 0 922860062 27553792 3404 17179869184 93824994299904 93824996572973 140737488338256 0 0 0 134217728 4 74274 1 0 0 17 12 0 0 0 0 0 93824998874888 93825001005840 93825001308160 140737488340074 140737488340471 140737488340471 140737488351179 0
/proc/327679/statm: 6727 3404 2099 555 0 1769 0
[pid=327688] ppid=327679 vsize=126580 memory=113996 CPUtime=822.07 cores=12-13
/proc/327688/stat : 327688 (clingo) R 327679 327679 327584 0 -1 0 39421 0 0 0 82203 4 0 0 20 0 1 0 922860070 129617920 28499 17179869184 93824992301056 93824992468925 140737488338416 0 0 0 134217728 4 25184771 0 0 0 17 12 0 0 0 0 0 93824992533936 93824992571272 93824992575488 140737488340184 140737488340355 140737488340355 140737488351170 0
/proc/327688/statm: 31645 28499 2091 41 0 27724 0
Current children cumulated CPU time: 822.13 s
Current children cumulated vsize: 153488 KiB
Current children cumulated memory: 127612 KiB

[startup+882.3 s]
/proc/loadavg: 14.03 14.14 12.82 15/817 327926
/proc/meminfo: memFree=353876780/528004516 swapFree=8388604/8388604
[pid=327679] ppid=327678 vsize=26908 memory=13616 CPUtime=0.06 cores=12-13
/proc/327679/stat : 327679 (perf) S 327678 327679 327584 0 -1 0 1738 237 0 0 5 1 0 0 20 0 1 0 922860062 27553792 3404 17179869184 93824994299904 93824996572973 140737488338256 0 0 0 134217728 4 74274 1 0 0 17 12 0 0 0 0 0 93824998874888 93825001005840 93825001308160 140737488340074 140737488340471 140737488340471 140737488351179 0
/proc/327679/statm: 6727 3404 2099 555 0 1769 0
[pid=327688] ppid=327679 vsize=130284 memory=117268 CPUtime=882.08 cores=12-13
/proc/327688/stat : 327688 (clingo) R 327679 327679 327584 0 -1 0 40334 0 0 0 88203 5 0 0 20 0 1 0 922860070 133410816 29317 17179869184 93824992301056 93824992468925 140737488338416 0 0 0 134217728 4 25184771 0 0 0 17 12 0 0 0 0 0 93824992533936 93824992571272 93824992575488 140737488340184 140737488340355 140737488340355 140737488351170 0
/proc/327688/statm: 32571 29317 2091 41 0 28650 0
Current children cumulated CPU time: 882.14 s
Current children cumulated vsize: 157192 KiB
Current children cumulated memory: 130884 KiB

[startup+942.3 s]
/proc/loadavg: 14.35 14.20 12.92 15/818 327928
/proc/meminfo: memFree=353581200/528004516 swapFree=8388604/8388604
[pid=327679] ppid=327678 vsize=26908 memory=13616 CPUtime=0.06 cores=12-13
/proc/327679/stat : 327679 (perf) S 327678 327679 327584 0 -1 0 1738 237 0 0 5 1 0 0 20 0 1 0 922860062 27553792 3404 17179869184 93824994299904 93824996572973 140737488338256 0 0 0 134217728 4 74274 1 0 0 17 12 0 0 0 0 0 93824998874888 93825001005840 93825001308160 140737488340074 140737488340471 140737488340471 140737488351179 0
/proc/327679/statm: 6727 3404 2099 555 0 1769 0
[pid=327688] ppid=327679 vsize=133508 memory=119912 CPUtime=942.08 cores=12-13
/proc/327688/stat : 327688 (clingo) R 327679 327679 327584 0 -1 0 41269 0 0 0 94203 5 0 0 20 0 1 0 922860070 136712192 29978 17179869184 93824992301056 93824992468925 140737488338416 0 0 0 134217728 4 25184771 0 0 0 17 12 0 0 0 0 0 93824992533936 93824992571272 93824992575488 140737488340184 140737488340355 140737488340355 140737488351170 0
/proc/327688/statm: 33377 29978 2091 41 0 29456 0
Current children cumulated CPU time: 942.14 s
Current children cumulated vsize: 160416 KiB
Current children cumulated memory: 133528 KiB

[startup+1002.3 s]
/proc/loadavg: 14.13 14.16 12.99 15/818 327930
/proc/meminfo: memFree=353466572/528004516 swapFree=8388604/8388604
[pid=327679] ppid=327678 vsize=26908 memory=13616 CPUtime=0.06 cores=12-13
/proc/327679/stat : 327679 (perf) S 327678 327679 327584 0 -1 0 1738 237 0 0 5 1 0 0 20 0 1 0 922860062 27553792 3404 17179869184 93824994299904 93824996572973 140737488338256 0 0 0 134217728 4 74274 1 0 0 17 12 0 0 0 0 0 93824998874888 93825001005840 93825001308160 140737488340074 140737488340471 140737488340471 140737488351179 0
/proc/327679/statm: 6727 3404 2099 555 0 1769 0
[pid=327688] ppid=327679 vsize=136428 memory=122704 CPUtime=1002.07 cores=12-13
/proc/327688/stat : 327688 (clingo) R 327679 327679 327584 0 -1 0 42384 0 0 0 100202 5 0 0 20 0 1 0 922860070 139702272 30676 17179869184 93824992301056 93824992468925 140737488338416 0 0 0 134217728 4 25184771 0 0 0 17 12 0 0 0 0 0 93824992533936 93824992571272 93824992575488 140737488340184 140737488340355 140737488340355 140737488351170 0
/proc/327688/statm: 34107 30676 2091 41 0 30186 0
Current children cumulated CPU time: 1002.13 s
Current children cumulated vsize: 163336 KiB
Current children cumulated memory: 136320 KiB

[startup+1062.3 s]
/proc/loadavg: 14.04 14.13 13.06 15/818 327932
/proc/meminfo: memFree=353407864/528004516 swapFree=8388604/8388604
[pid=327679] ppid=327678 vsize=26908 memory=13616 CPUtime=0.06 cores=12-13
/proc/327679/stat : 327679 (perf) S 327678 327679 327584 0 -1 0 1738 237 0 0 5 1 0 0 20 0 1 0 922860062 27553792 3404 17179869184 93824994299904 93824996572973 140737488338256 0 0 0 134217728 4 74274 1 0 0 17 12 0 0 0 0 0 93824998874888 93825001005840 93825001308160 140737488340074 140737488340471 140737488340471 140737488351179 0
/proc/327679/statm: 6727 3404 2099 555 0 1769 0
[pid=327688] ppid=327679 vsize=137372 memory=123960 CPUtime=1062.07 cores=12-13
/proc/327688/stat : 327688 (clingo) R 327679 327679 327584 0 -1 0 43499 0 0 0 106202 5 0 0 20 0 1 0 922860070 140668928 30990 17179869184 93824992301056 93824992468925 140737488338416 0 0 0 134217728 4 25184771 0 0 0 17 12 0 0 0 0 0 93824992533936 93824992571272 93824992575488 140737488340184 140737488340355 140737488340355 140737488351170 0
/proc/327688/statm: 34343 30990 2091 41 0 30422 0
Current children cumulated CPU time: 1062.13 s
Current children cumulated vsize: 164280 KiB
Current children cumulated memory: 137576 KiB

[startup+1122.3 s]
/proc/loadavg: 14.41 14.21 13.16 15/818 327934
/proc/meminfo: memFree=353306812/528004516 swapFree=8388604/8388604
[pid=327679] ppid=327678 vsize=26908 memory=13616 CPUtime=0.06 cores=12-13
/proc/327679/stat : 327679 (perf) S 327678 327679 327584 0 -1 0 1738 237 0 0 5 1 0 0 20 0 1 0 922860062 27553792 3404 17179869184 93824994299904 93824996572973 140737488338256 0 0 0 134217728 4 74274 1 0 0 17 12 0 0 0 0 0 93824998874888 93825001005840 93825001308160 140737488340074 140737488340471 140737488340471 140737488351179 0
/proc/327679/statm: 6727 3404 2099 555 0 1769 0
[pid=327688] ppid=327679 vsize=141544 memory=127368 CPUtime=1122.08 cores=12-13
/proc/327688/stat : 327688 (clingo) R 327679 327679 327584 0 -1 0 44625 0 0 0 112202 6 0 0 20 0 1 0 922860070 144941056 31842 17179869184 93824992301056 93824992468925 140737488338416 0 0 0 134217728 4 25184771 0 0 0 17 12 0 0 0 0 0 93824992533936 93824992571272 93824992575488 140737488340184 140737488340355 140737488340355 140737488351170 0
/proc/327688/statm: 35386 31842 2091 41 0 31465 0
Current children cumulated CPU time: 1122.14 s
Current children cumulated vsize: 168452 KiB
Current children cumulated memory: 140984 KiB

[startup+1182.3 s]
/proc/loadavg: 14.48 14.27 13.24 15/819 327938
/proc/meminfo: memFree=353111764/528004516 swapFree=8388604/8388604
[pid=327679] ppid=327678 vsize=26908 memory=13616 CPUtime=0.06 cores=12-13
/proc/327679/stat : 327679 (perf) S 327678 327679 327584 0 -1 0 1738 237 0 0 5 1 0 0 20 0 1 0 922860062 27553792 3404 17179869184 93824994299904 93824996572973 140737488338256 0 0 0 134217728 4 74274 1 0 0 17 12 0 0 0 0 0 93824998874888 93825001005840 93825001308160 140737488340074 140737488340471 140737488340471 140737488351179 0
/proc/327679/statm: 6727 3404 2099 555 0 1769 0
[pid=327688] ppid=327679 vsize=145252 memory=130536 CPUtime=1182.08 cores=12-13
/proc/327688/stat : 327688 (clingo) R 327679 327679 327584 0 -1 0 45367 0 0 0 118202 6 0 0 20 0 1 0 922860070 148738048 32634 17179869184 93824992301056 93824992468925 140737488338416 0 0 0 134217728 4 25184771 0 0 0 17 12 0 0 0 0 0 93824992533936 93824992571272 93824992575488 140737488340184 140737488340355 140737488340355 140737488351170 0
/proc/327688/statm: 36313 32634 2091 41 0 32392 0
Current children cumulated CPU time: 1182.14 s
Current children cumulated vsize: 172160 KiB
Current children cumulated memory: 144152 KiB



Maximum wall clock time exceeded: sending SIGTERM then SIGKILL

[startup+1205 s]*
/proc/loadavg: 14.34 14.25 13.26 16/829 329197
/proc/meminfo: memFree=370123576/528004516 swapFree=8388604/8388604
[pid=327679] ppid=327678 vsize=26908 memory=13616 CPUtime=0.06 cores=12-13
/proc/327679/stat : 327679 (perf) S 327678 327679 327584 0 -1 0 1738 237 0 0 5 1 0 0 20 0 1 0 922860062 27553792 3404 17179869184 93824994299904 93824996572973 140737488338256 0 0 0 134217728 4 74274 1 0 0 17 12 0 0 0 0 0 93824998874888 93825001005840 93825001308160 140737488340074 140737488340471 140737488340471 140737488351179 0
/proc/327679/statm: 6727 3404 2099 555 0 1769 0
[pid=327688] ppid=327679 vsize=146672 memory=131592 CPUtime=1204.78 cores=12-13
/proc/327688/stat : 327688 (clingo) R 327679 327679 327584 0 -1 0 45664 0 0 0 120472 6 0 0 20 0 1 0 922860070 150192128 32898 17179869184 93824992301056 93824992468925 140737488338416 0 0 0 134217728 4 25184771 0 0 0 17 12 0 0 0 0 0 93824992533936 93824992571272 93824992575488 140737488340184 140737488340355 140737488340355 140737488351170 0
/proc/327688/statm: 36668 32898 2091 41 0 32747 0
Current children cumulated CPU time: 1204.84 s
Current children cumulated vsize: 173580 KiB
Current children cumulated memory: 145208 KiB

Sending SIGINT to process tree (bottom up)
Sleeping 5 seconds

[startup+1205.03 s]
# the end of solver process 327679 was just reported to runsolver
# cumulated CPU time of all completed processes:  user=1204.79 s, system=0.09461 s

Solver just ended.
??? end of watcher thread
Dumping a history of the last processes samples

Child status: 1
Real time (s): 1205.03
CPU time (s): 1204.89
CPU user time (s): 1204.79
CPU system time (s): 0.09461
CPU usage (%): 99.9887
Max. virtual memory (cumulated for all children) (KiB): 173580
Max. memory (cumulated for all children) (KiB): 145208

getrusage(RUSAGE_CHILDREN,...) data:
user time used= 1204.79
system time used= 0.09461
maximum resident set size= 131792
integral shared memory size= 0
integral unshared data size= 0
integral unshared stack size= 0
page reclaims= 47679
page faults= 0
swaps= 0
block input operations= 0
block output operations= 0
messages sent= 0
messages received= 0
signals received= 0
voluntary context switches= 18
involuntary context switches= 1025


# summary of solver processes directly reported to runsolver:
#   pid: 327679
#   total CPU time (s): 1204.89
#   total CPU user time (s): 1204.79
#   total CPU system time (s): 0.09461

??? end of timestamper thread
runsolver used 7.16835 second user time and 16.2079 second system time

The end
