runsolver version 3.4.0 (svn: 3018) Copyright (C) 2010-2013 Olivier ROUSSEL

This program is distributed in the hope that it will be useful,
but WITHOUT ANY WARRANTY; without even the implied warranty of
MERCHANTABILITY or FITNESS FOR A PARTICULAR PURPOSE.  See the
GNU General Public License for more details.

NUMA information:
  number of nodes: 2
  memory of node 0: 257635 MiB (188985 MiB free)
  memory of node 1: 257994 MiB (176286 MiB free)
  node distances:
     10  20
     20  10

command line: /dev/shm/37757ad6-2e81-11f1-ac62-000c298f4621/input/runsolver -w /dev/shm/37757ad6-2e81-11f1-ac62-000c298f4621/output/runsolver.log -v /dev/shm/37757ad6-2e81-11f1-ac62-000c298f4621/output/varfile.log -W 1205 --rss-swap-limit 16384 -d 5 --sigint /usr/bin/perf stat -B -e task-clock,cache-references,cache-misses,cycles,instructions,branches,faults,migrations,context-switches -o /dev/shm/37757ad6-2e81-11f1-ac62-000c298f4621/output/perf.log clingo /home/guests/mmacri/AMOSUM/benchmarks/GraphColouring/encoding-plain-amo.asp /dev/shm/37757ad6-2e81-11f1-ac62-000c298f4621/input/0039-graph_colouring-140-0_6720.asp 

running on 2 cores: 14-15

Enforcing wall clock limit (soft limit, will send SIGTERM then SIGKILL): 1205 seconds
Enforcing RSS+Swap limit (soft limit, will send SIGTERM then SIGKILL): 16777216 KiB
Linux 5.15.0-131-generic
solver pid=1607278, runsolver pid=1607277
Current StackSize limit: 8192 KiB


[startup+0.100072 s]*
/proc/loadavg: 14.29 14.24 13.31 16/832 1607282
/proc/meminfo: memFree=374033984/528004520 swapFree=8388604/8388604
[pid=1607278] ppid=1607277 vsize=26908 memory=13612 CPUtime=0.07 cores=14-15
/proc/1607278/stat : 1607278 (perf) S 1607277 1607278 1607236 0 -1 0 1738 237 0 0 7 0 0 0 20 0 1 0 923003847 27553792 3403 17179869184 93824994299904 93824996572973 140737488338256 0 0 0 134217728 4 74274 1 0 0 17 14 0 0 0 0 0 93824998874888 93825001005840 93825001308160 140737488340073 140737488340470 140737488340470 140737488351179 0
/proc/1607278/statm: 6727 3403 2098 555 0 1769 0
[pid=1607282] ppid=1607278 vsize=18880 memory=10736 CPUtime=0.01 cores=14-15
/proc/1607282/stat : 1607282 (clingo) R 1607278 1607278 1607236 0 -1 0 856 0 0 0 1 0 0 0 20 0 1 0 923003855 19333120 2684 17179869184 93824992301056 93824992468925 140737488338416 0 0 0 134217728 4 25184771 0 0 0 17 15 0 0 0 0 0 93824992533936 93824992571272 93824992575488 140737488340183 140737488340354 140737488340354 140737488351170 0
/proc/1607282/statm: 4720 2684 2044 41 0 799 0
Current children cumulated CPU time: 0.08 s
Current children cumulated vsize: 45788 KiB
Current children cumulated memory: 24348 KiB

[startup+0.218603 s]*
/proc/loadavg: 14.29 14.24 13.31 15/832 1607282
/proc/meminfo: memFree=374029796/528004520 swapFree=8388604/8388604
[pid=1607278] ppid=1607277 vsize=26908 memory=13612 CPUtime=0.07 cores=14-15
/proc/1607278/stat : 1607278 (perf) S 1607277 1607278 1607236 0 -1 0 1738 237 0 0 7 0 0 0 20 0 1 0 923003847 27553792 3403 17179869184 93824994299904 93824996572973 140737488338256 0 0 0 134217728 4 74274 1 0 0 17 14 0 0 0 0 0 93824998874888 93825001005840 93825001308160 140737488340073 140737488340470 140737488340470 140737488351179 0
/proc/1607278/statm: 6727 3403 2098 555 0 1769 0
[pid=1607282] ppid=1607278 vsize=23992 memory=15916 CPUtime=0.13 cores=14-15
/proc/1607282/stat : 1607282 (clingo) R 1607278 1607278 1607236 0 -1 0 2183 0 0 0 13 0 0 0 20 0 1 0 923003855 24567808 3979 17179869184 93824992301056 93824992468925 140737488338416 0 0 0 134217728 4 25184771 0 0 0 17 15 0 0 0 0 0 93824992533936 93824992571272 93824992575488 140737488340183 140737488340354 140737488340354 140737488351170 0
/proc/1607282/statm: 5998 3979 2089 41 0 2077 0
Current children cumulated CPU time: 0.2 s
Current children cumulated vsize: 50900 KiB
Current children cumulated memory: 29528 KiB

[startup+0.334802 s]*
/proc/loadavg: 14.29 14.24 13.31 15/832 1607282
/proc/meminfo: memFree=374027024/528004520 swapFree=8388604/8388604
[pid=1607278] ppid=1607277 vsize=26908 memory=13612 CPUtime=0.07 cores=14-15
/proc/1607278/stat : 1607278 (perf) S 1607277 1607278 1607236 0 -1 0 1738 237 0 0 7 0 0 0 20 0 1 0 923003847 27553792 3403 17179869184 93824994299904 93824996572973 140737488338256 0 0 0 134217728 4 74274 1 0 0 17 14 0 0 0 0 0 93824998874888 93825001005840 93825001308160 140737488340073 140737488340470 140737488340470 140737488351179 0
/proc/1607278/statm: 6727 3403 2098 555 0 1769 0
[pid=1607282] ppid=1607278 vsize=25312 memory=17236 CPUtime=0.22 cores=14-15
/proc/1607282/stat : 1607282 (clingo) R 1607278 1607278 1607236 0 -1 0 2504 0 0 0 22 0 0 0 20 0 1 0 923003855 25919488 4309 17179869184 93824992301056 93824992468925 140737488338416 0 0 0 134217728 4 25184771 0 0 0 17 15 0 0 0 0 0 93824992533936 93824992571272 93824992575488 140737488340183 140737488340354 140737488340354 140737488351170 0
/proc/1607282/statm: 6328 4309 2089 41 0 2407 0
Current children cumulated CPU time: 0.29 s
Current children cumulated vsize: 52220 KiB
Current children cumulated memory: 30848 KiB

[startup+0.700345 s]
/proc/loadavg: 14.29 14.24 13.31 15/832 1607282
/proc/meminfo: memFree=374020976/528004520 swapFree=8388604/8388604
[pid=1607278] ppid=1607277 vsize=26908 memory=13612 CPUtime=0.07 cores=14-15
/proc/1607278/stat : 1607278 (perf) S 1607277 1607278 1607236 0 -1 0 1738 237 0 0 7 0 0 0 20 0 1 0 923003847 27553792 3403 17179869184 93824994299904 93824996572973 140737488338256 0 0 0 134217728 4 74274 1 0 0 17 14 0 0 0 0 0 93824998874888 93825001005840 93825001308160 140737488340073 140737488340470 140737488340470 140737488351179 0
/proc/1607278/statm: 6727 3403 2098 555 0 1769 0
[pid=1607282] ppid=1607278 vsize=26664 memory=18556 CPUtime=0.55 cores=14-15
/proc/1607282/stat : 1607282 (clingo) R 1607278 1607278 1607236 0 -1 0 2850 0 0 0 54 1 0 0 20 0 1 0 923003855 27303936 4639 17179869184 93824992301056 93824992468925 140737488338416 0 0 0 134217728 4 25184771 0 0 0 17 14 0 0 0 0 0 93824992533936 93824992571272 93824992575488 140737488340183 140737488340354 140737488340354 140737488351170 0
/proc/1607282/statm: 6666 4639 2089 41 0 2745 0
Current children cumulated CPU time: 0.62 s
Current children cumulated vsize: 53572 KiB
Current children cumulated memory: 32168 KiB

[startup+1.50036 s]
/proc/loadavg: 14.29 14.24 13.31 15/832 1607282
/proc/meminfo: memFree=374014424/528004520 swapFree=8388604/8388604
[pid=1607278] ppid=1607277 vsize=26908 memory=13612 CPUtime=0.07 cores=14-15
/proc/1607278/stat : 1607278 (perf) S 1607277 1607278 1607236 0 -1 0 1738 237 0 0 7 0 0 0 20 0 1 0 923003847 27553792 3403 17179869184 93824994299904 93824996572973 140737488338256 0 0 0 134217728 4 74274 1 0 0 17 14 0 0 0 0 0 93824998874888 93825001005840 93825001308160 140737488340073 140737488340470 140737488340470 140737488351179 0
/proc/1607278/statm: 6727 3403 2098 555 0 1769 0
[pid=1607282] ppid=1607278 vsize=27876 memory=19876 CPUtime=1.35 cores=14-15
/proc/1607282/stat : 1607282 (clingo) R 1607278 1607278 1607236 0 -1 0 3159 0 0 0 134 1 0 0 20 0 1 0 923003855 28545024 4969 17179869184 93824992301056 93824992468925 140737488338416 0 0 0 134217728 4 25184771 0 0 0 17 14 0 0 0 0 0 93824992533936 93824992571272 93824992575488 140737488340183 140737488340354 140737488340354 140737488351170 0
/proc/1607282/statm: 6969 4969 2089 41 0 3048 0
Current children cumulated CPU time: 1.42 s
Current children cumulated vsize: 54784 KiB
Current children cumulated memory: 33488 KiB

[startup+3.1183 s]
/proc/loadavg: 14.27 14.23 13.31 15/832 1607385
/proc/meminfo: memFree=374063872/528004520 swapFree=8388604/8388604
[pid=1607278] ppid=1607277 vsize=26908 memory=13612 CPUtime=0.07 cores=14-15
/proc/1607278/stat : 1607278 (perf) S 1607277 1607278 1607236 0 -1 0 1738 237 0 0 7 0 0 0 20 0 1 0 923003847 27553792 3403 17179869184 93824994299904 93824996572973 140737488338256 0 0 0 134217728 4 74274 1 0 0 17 14 0 0 0 0 0 93824998874888 93825001005840 93825001308160 140737488340073 140737488340470 140737488340470 140737488351179 0
/proc/1607278/statm: 6727 3403 2098 555 0 1769 0
[pid=1607282] ppid=1607278 vsize=31096 memory=22780 CPUtime=2.97 cores=14-15
/proc/1607282/stat : 1607282 (clingo) R 1607278 1607278 1607236 0 -1 0 3891 0 0 0 296 1 0 0 20 0 1 0 923003855 31842304 5695 17179869184 93824992301056 93824992468925 140737488338416 0 0 0 134217728 4 25184771 0 0 0 17 14 0 0 0 0 0 93824992533936 93824992571272 93824992575488 140737488340183 140737488340354 140737488340354 140737488351170 0
/proc/1607282/statm: 7774 5695 2089 41 0 3853 0
Current children cumulated CPU time: 3.04 s
Current children cumulated vsize: 58004 KiB
Current children cumulated memory: 36392 KiB

[startup+6.30029 s]
/proc/loadavg: 14.27 14.23 13.31 15/832 1607488
/proc/meminfo: memFree=374027096/528004520 swapFree=8388604/8388604
[pid=1607278] ppid=1607277 vsize=26908 memory=13612 CPUtime=0.07 cores=14-15
/proc/1607278/stat : 1607278 (perf) S 1607277 1607278 1607236 0 -1 0 1738 237 0 0 7 0 0 0 20 0 1 0 923003847 27553792 3403 17179869184 93824994299904 93824996572973 140737488338256 0 0 0 134217728 4 74274 1 0 0 17 14 0 0 0 0 0 93824998874888 93825001005840 93825001308160 140737488340073 140737488340470 140737488340470 140737488351179 0
/proc/1607278/statm: 6727 3403 2098 555 0 1769 0
[pid=1607282] ppid=1607278 vsize=34856 memory=25948 CPUtime=6.15 cores=14-15
/proc/1607282/stat : 1607282 (clingo) R 1607278 1607278 1607236 0 -1 0 4716 0 0 0 614 1 0 0 20 0 1 0 923003855 35692544 6487 17179869184 93824992301056 93824992468925 140737488338416 0 0 0 134217728 4 25184771 0 0 0 17 14 0 0 0 0 0 93824992533936 93824992571272 93824992575488 140737488340183 140737488340354 140737488340354 140737488351170 0
/proc/1607282/statm: 8714 6487 2089 41 0 4793 0
Current children cumulated CPU time: 6.22 s
Current children cumulated vsize: 61764 KiB
Current children cumulated memory: 39560 KiB

[startup+12.7003 s]
/proc/loadavg: 14.25 14.23 13.32 15/833 1607592
/proc/meminfo: memFree=373981720/528004520 swapFree=8388604/8388604
[pid=1607278] ppid=1607277 vsize=26908 memory=13612 CPUtime=0.07 cores=14-15
/proc/1607278/stat : 1607278 (perf) S 1607277 1607278 1607236 0 -1 0 1738 237 0 0 7 0 0 0 20 0 1 0 923003847 27553792 3403 17179869184 93824994299904 93824996572973 140737488338256 0 0 0 134217728 4 74274 1 0 0 17 14 0 0 0 0 0 93824998874888 93825001005840 93825001308160 140737488340073 140737488340470 140737488340470 140737488351179 0
/proc/1607278/statm: 6727 3403 2098 555 0 1769 0
[pid=1607282] ppid=1607278 vsize=38060 memory=28852 CPUtime=12.55 cores=14-15
/proc/1607282/stat : 1607282 (clingo) R 1607278 1607278 1607236 0 -1 0 5445 0 0 0 1253 2 0 0 20 0 1 0 923003855 38973440 7213 17179869184 93824992301056 93824992468925 140737488338416 0 0 0 134217728 4 25184771 0 0 0 17 14 0 0 0 0 0 93824992533936 93824992571272 93824992575488 140737488340183 140737488340354 140737488340354 140737488351170 0
/proc/1607282/statm: 9515 7213 2089 41 0 5594 0
Current children cumulated CPU time: 12.62 s
Current children cumulated vsize: 64968 KiB
Current children cumulated memory: 42464 KiB

[startup+25.5004 s]
/proc/loadavg: 14.19 14.22 13.33 15/833 1607593
/proc/meminfo: memFree=373906332/528004520 swapFree=8388604/8388604
[pid=1607278] ppid=1607277 vsize=26908 memory=13612 CPUtime=0.07 cores=14-15
/proc/1607278/stat : 1607278 (perf) S 1607277 1607278 1607236 0 -1 0 1738 237 0 0 7 0 0 0 20 0 1 0 923003847 27553792 3403 17179869184 93824994299904 93824996572973 140737488338256 0 0 0 134217728 4 74274 1 0 0 17 14 0 0 0 0 0 93824998874888 93825001005840 93825001308160 140737488340073 140737488340470 140737488340470 140737488351179 0
/proc/1607278/statm: 6727 3403 2098 555 0 1769 0
[pid=1607282] ppid=1607278 vsize=42276 memory=32812 CPUtime=25.35 cores=14-15
/proc/1607282/stat : 1607282 (clingo) R 1607278 1607278 1607236 0 -1 0 6400 0 0 0 2533 2 0 0 20 0 1 0 923003855 43290624 8203 17179869184 93824992301056 93824992468925 140737488338416 0 0 0 134217728 4 25184771 0 0 0 17 14 0 0 0 0 0 93824992533936 93824992571272 93824992575488 140737488340183 140737488340354 140737488340354 140737488351170 0
/proc/1607282/statm: 10569 8203 2089 41 0 6648 0
Current children cumulated CPU time: 25.42 s
Current children cumulated vsize: 69184 KiB
Current children cumulated memory: 46424 KiB

[startup+51.1184 s]
/proc/loadavg: 14.13 14.20 13.35 15/833 1607593
/proc/meminfo: memFree=373813240/528004520 swapFree=8388604/8388604
[pid=1607278] ppid=1607277 vsize=26908 memory=13612 CPUtime=0.07 cores=14-15
/proc/1607278/stat : 1607278 (perf) S 1607277 1607278 1607236 0 -1 0 1738 237 0 0 7 0 0 0 20 0 1 0 923003847 27553792 3403 17179869184 93824994299904 93824996572973 140737488338256 0 0 0 134217728 4 74274 1 0 0 17 14 0 0 0 0 0 93824998874888 93825001005840 93825001308160 140737488340073 140737488340470 140737488340470 140737488351179 0
/proc/1607278/statm: 6727 3403 2098 555 0 1769 0
[pid=1607282] ppid=1607278 vsize=46828 memory=37300 CPUtime=50.96 cores=14-15
/proc/1607282/stat : 1607282 (clingo) R 1607278 1607278 1607236 0 -1 0 7536 0 0 0 5094 2 0 0 20 0 1 0 923003855 47951872 9325 17179869184 93824992301056 93824992468925 140737488338416 0 0 0 134217728 4 25184771 0 0 0 17 14 0 0 0 0 0 93824992533936 93824992571272 93824992575488 140737488340183 140737488340354 140737488340354 140737488351170 0
/proc/1607282/statm: 11707 9325 2089 41 0 7786 0
Current children cumulated CPU time: 51.03 s
Current children cumulated vsize: 73736 KiB
Current children cumulated memory: 50912 KiB

[startup+102.3 s]
/proc/loadavg: 14.12 14.18 13.39 15/834 1607640
/proc/meminfo: memFree=373683372/528004520 swapFree=8388604/8388604
[pid=1607278] ppid=1607277 vsize=26908 memory=13612 CPUtime=0.07 cores=14-15
/proc/1607278/stat : 1607278 (perf) S 1607277 1607278 1607236 0 -1 0 1738 237 0 0 7 0 0 0 20 0 1 0 923003847 27553792 3403 17179869184 93824994299904 93824996572973 140737488338256 0 0 0 134217728 4 74274 1 0 0 17 14 0 0 0 0 0 93824998874888 93825001005840 93825001308160 140737488340073 140737488340470 140737488340470 140737488351179 0
/proc/1607278/statm: 6727 3403 2098 555 0 1769 0
[pid=1607282] ppid=1607278 vsize=56184 memory=45484 CPUtime=102.15 cores=14-15
/proc/1607282/stat : 1607282 (clingo) R 1607278 1607278 1607236 0 -1 0 9557 0 0 0 10212 3 0 0 20 0 1 0 923003855 57532416 11371 17179869184 93824992301056 93824992468925 140737488338416 0 0 0 134217728 4 25184771 0 0 0 17 14 0 0 0 0 0 93824992533936 93824992571272 93824992575488 140737488340183 140737488340354 140737488340354 140737488351170 0
/proc/1607282/statm: 14046 11371 2089 41 0 10125 0
Current children cumulated CPU time: 102.22 s
Current children cumulated vsize: 83092 KiB
Current children cumulated memory: 59096 KiB

[startup+162.3 s]
/proc/loadavg: 14.04 14.14 13.43 15/834 1607643
/proc/meminfo: memFree=373577628/528004520 swapFree=8388604/8388604
[pid=1607278] ppid=1607277 vsize=26908 memory=13612 CPUtime=0.07 cores=14-15
/proc/1607278/stat : 1607278 (perf) S 1607277 1607278 1607236 0 -1 0 1738 237 0 0 7 0 0 0 20 0 1 0 923003847 27553792 3403 17179869184 93824994299904 93824996572973 140737488338256 0 0 0 134217728 4 74274 1 0 0 17 14 0 0 0 0 0 93824998874888 93825001005840 93825001308160 140737488340073 140737488340470 140737488340470 140737488351179 0
/proc/1607278/statm: 6727 3403 2098 555 0 1769 0
[pid=1607282] ppid=1607278 vsize=60700 memory=50236 CPUtime=162.15 cores=14-15
/proc/1607282/stat : 1607282 (clingo) R 1607278 1607278 1607236 0 -1 0 10739 0 0 0 16211 4 0 0 20 0 1 0 923003855 62156800 12559 17179869184 93824992301056 93824992468925 140737488338416 0 0 0 134217728 4 25184771 0 0 0 17 14 0 0 0 0 0 93824992533936 93824992571272 93824992575488 140737488340183 140737488340354 140737488340354 140737488351170 0
/proc/1607282/statm: 15175 12559 2089 41 0 11254 0
Current children cumulated CPU time: 162.22 s
Current children cumulated vsize: 87608 KiB
Current children cumulated memory: 63848 KiB

[startup+222.3 s]
/proc/loadavg: 14.08 14.13 13.48 15/834 1607646
/proc/meminfo: memFree=373489604/528004520 swapFree=8388604/8388604
[pid=1607278] ppid=1607277 vsize=26908 memory=13612 CPUtime=0.07 cores=14-15
/proc/1607278/stat : 1607278 (perf) S 1607277 1607278 1607236 0 -1 0 1738 237 0 0 7 0 0 0 20 0 1 0 923003847 27553792 3403 17179869184 93824994299904 93824996572973 140737488338256 0 0 0 134217728 4 74274 1 0 0 17 14 0 0 0 0 0 93824998874888 93825001005840 93825001308160 140737488340073 140737488340470 140737488340470 140737488351179 0
/proc/1607278/statm: 6727 3403 2098 555 0 1769 0
[pid=1607282] ppid=1607278 vsize=64856 memory=54004 CPUtime=222.15 cores=14-15
/proc/1607282/stat : 1607282 (clingo) R 1607278 1607278 1607236 0 -1 0 11809 0 0 0 22211 4 0 0 20 0 1 0 923003855 66412544 13501 17179869184 93824992301056 93824992468925 140737488338416 0 0 0 134217728 4 25184771 0 0 0 17 14 0 0 0 0 0 93824992533936 93824992571272 93824992575488 140737488340183 140737488340354 140737488340354 140737488351170 0
/proc/1607282/statm: 16214 13501 2089 41 0 12293 0
Current children cumulated CPU time: 222.22 s
Current children cumulated vsize: 91764 KiB
Current children cumulated memory: 67616 KiB

[startup+282.3 s]
/proc/loadavg: 14.32 14.18 13.54 15/834 1607649
/proc/meminfo: memFree=373407740/528004520 swapFree=8388604/8388604
[pid=1607278] ppid=1607277 vsize=26908 memory=13612 CPUtime=0.07 cores=14-15
/proc/1607278/stat : 1607278 (perf) S 1607277 1607278 1607236 0 -1 0 1738 237 0 0 7 0 0 0 20 0 1 0 923003847 27553792 3403 17179869184 93824994299904 93824996572973 140737488338256 0 0 0 134217728 4 74274 1 0 0 17 14 0 0 0 0 0 93824998874888 93825001005840 93825001308160 140737488340073 140737488340470 140737488340470 140737488351179 0
/proc/1607278/statm: 6727 3403 2098 555 0 1769 0
[pid=1607282] ppid=1607278 vsize=71304 memory=59548 CPUtime=282.15 cores=14-15
/proc/1607282/stat : 1607282 (clingo) R 1607278 1607278 1607236 0 -1 0 13162 0 0 0 28211 4 0 0 20 0 1 0 923003855 73015296 14887 17179869184 93824992301056 93824992468925 140737488338416 0 0 0 134217728 4 25184771 0 0 0 17 14 0 0 0 0 0 93824992533936 93824992571272 93824992575488 140737488340183 140737488340354 140737488340354 140737488351170 0
/proc/1607282/statm: 17826 14887 2089 41 0 13905 0
Current children cumulated CPU time: 282.22 s
Current children cumulated vsize: 98212 KiB
Current children cumulated memory: 73160 KiB

[startup+342.3 s]
/proc/loadavg: 14.34 14.22 13.60 15/810 1607654
/proc/meminfo: memFree=373336016/528004520 swapFree=8388604/8388604
[pid=1607278] ppid=1607277 vsize=26908 memory=13612 CPUtime=0.07 cores=14-15
/proc/1607278/stat : 1607278 (perf) S 1607277 1607278 1607236 0 -1 0 1738 237 0 0 7 0 0 0 20 0 1 0 923003847 27553792 3403 17179869184 93824994299904 93824996572973 140737488338256 0 0 0 134217728 4 74274 1 0 0 17 14 0 0 0 0 0 93824998874888 93825001005840 93825001308160 140737488340073 140737488340470 140737488340470 140737488351179 0
/proc/1607278/statm: 6727 3403 2098 555 0 1769 0
[pid=1607282] ppid=1607278 vsize=76804 memory=64036 CPUtime=342.14 cores=14-15
/proc/1607282/stat : 1607282 (clingo) R 1607278 1607278 1607236 0 -1 0 14307 0 0 0 34210 4 0 0 20 0 1 0 923003855 78647296 16009 17179869184 93824992301056 93824992468925 140737488338416 0 0 0 134217728 4 25184771 0 0 0 17 14 0 0 0 0 0 93824992533936 93824992571272 93824992575488 140737488340183 140737488340354 140737488340354 140737488351170 0
/proc/1607282/statm: 19201 16009 2089 41 0 15280 0
Current children cumulated CPU time: 342.21 s
Current children cumulated vsize: 103712 KiB
Current children cumulated memory: 77648 KiB

[startup+402.3 s]
/proc/loadavg: 14.12 14.18 13.62 15/807 1607656
/proc/meminfo: memFree=373270796/528004520 swapFree=8388604/8388604
[pid=1607278] ppid=1607277 vsize=26908 memory=13612 CPUtime=0.07 cores=14-15
/proc/1607278/stat : 1607278 (perf) S 1607277 1607278 1607236 0 -1 0 1738 237 0 0 7 0 0 0 20 0 1 0 923003847 27553792 3403 17179869184 93824994299904 93824996572973 140737488338256 0 0 0 134217728 4 74274 1 0 0 17 14 0 0 0 0 0 93824998874888 93825001005840 93825001308160 140737488340073 140737488340470 140737488340470 140737488351179 0
/proc/1607278/statm: 6727 3403 2098 555 0 1769 0
[pid=1607282] ppid=1607278 vsize=80028 memory=67204 CPUtime=402.14 cores=14-15
/proc/1607282/stat : 1607282 (clingo) R 1607278 1607278 1607236 0 -1 0 15080 0 0 0 40210 4 0 0 20 0 1 0 923003855 81948672 16801 17179869184 93824992301056 93824992468925 140737488338416 0 0 0 134217728 4 25184771 0 0 0 17 14 0 0 0 0 0 93824992533936 93824992571272 93824992575488 140737488340183 140737488340354 140737488340354 140737488351170 0
/proc/1607282/statm: 20007 16801 2089 41 0 16086 0
Current children cumulated CPU time: 402.21 s
Current children cumulated vsize: 106936 KiB
Current children cumulated memory: 80816 KiB

[startup+462.3 s]
/proc/loadavg: 14.12 14.16 13.66 15/808 1607660
/proc/meminfo: memFree=373217404/528004520 swapFree=8388604/8388604
[pid=1607278] ppid=1607277 vsize=26908 memory=13612 CPUtime=0.07 cores=14-15
/proc/1607278/stat : 1607278 (perf) S 1607277 1607278 1607236 0 -1 0 1738 237 0 0 7 0 0 0 20 0 1 0 923003847 27553792 3403 17179869184 93824994299904 93824996572973 140737488338256 0 0 0 134217728 4 74274 1 0 0 17 14 0 0 0 0 0 93824998874888 93825001005840 93825001308160 140737488340073 140737488340470 140737488340470 140737488351179 0
/proc/1607278/statm: 6727 3403 2098 555 0 1769 0
[pid=1607282] ppid=1607278 vsize=81168 memory=68788 CPUtime=462.15 cores=14-15
/proc/1607282/stat : 1607282 (clingo) R 1607278 1607278 1607236 0 -1 0 15469 0 0 0 46210 5 0 0 20 0 1 0 923003855 83116032 17197 17179869184 93824992301056 93824992468925 140737488338416 0 0 0 134217728 4 25184771 0 0 0 17 14 0 0 0 0 0 93824992533936 93824992571272 93824992575488 140737488340183 140737488340354 140737488340354 140737488351170 0
/proc/1607282/statm: 20292 17197 2089 41 0 16371 0
Current children cumulated CPU time: 462.22 s
Current children cumulated vsize: 108076 KiB
Current children cumulated memory: 82400 KiB

[startup+522.3 s]
/proc/loadavg: 14.04 14.13 13.68 15/808 1607664
/proc/meminfo: memFree=373184200/528004520 swapFree=8388604/8388604
[pid=1607278] ppid=1607277 vsize=26908 memory=13612 CPUtime=0.07 cores=14-15
/proc/1607278/stat : 1607278 (perf) S 1607277 1607278 1607236 0 -1 0 1738 237 0 0 7 0 0 0 20 0 1 0 923003847 27553792 3403 17179869184 93824994299904 93824996572973 140737488338256 0 0 0 134217728 4 74274 1 0 0 17 14 0 0 0 0 0 93824998874888 93825001005840 93825001308160 140737488340073 140737488340470 140737488340470 140737488351179 0
/proc/1607278/statm: 6727 3403 2098 555 0 1769 0
[pid=1607282] ppid=1607278 vsize=82496 memory=70372 CPUtime=522.15 cores=14-15
/proc/1607282/stat : 1607282 (clingo) R 1607278 1607278 1607236 0 -1 0 15903 0 0 0 52210 5 0 0 20 0 1 0 923003855 84475904 17593 17179869184 93824992301056 93824992468925 140737488338416 0 0 0 134217728 4 25184771 0 0 0 17 14 0 0 0 0 0 93824992533936 93824992571272 93824992575488 140737488340183 140737488340354 140737488340354 140737488351170 0
/proc/1607282/statm: 20624 17593 2089 41 0 16703 0
Current children cumulated CPU time: 522.22 s
Current children cumulated vsize: 109404 KiB
Current children cumulated memory: 83984 KiB

[startup+582.3 s]
/proc/loadavg: 14.01 14.10 13.70 15/808 1607668
/proc/meminfo: memFree=373133588/528004520 swapFree=8388604/8388604
[pid=1607278] ppid=1607277 vsize=26908 memory=13612 CPUtime=0.07 cores=14-15
/proc/1607278/stat : 1607278 (perf) S 1607277 1607278 1607236 0 -1 0 1738 237 0 0 7 0 0 0 20 0 1 0 923003847 27553792 3403 17179869184 93824994299904 93824996572973 140737488338256 0 0 0 134217728 4 74274 1 0 0 17 14 0 0 0 0 0 93824998874888 93825001005840 93825001308160 140737488340073 140737488340470 140737488340470 140737488351179 0
/proc/1607278/statm: 6727 3403 2098 555 0 1769 0
[pid=1607282] ppid=1607278 vsize=83072 memory=71164 CPUtime=582.15 cores=14-15
/proc/1607282/stat : 1607282 (clingo) R 1607278 1607278 1607236 0 -1 0 16077 0 0 0 58210 5 0 0 20 0 1 0 923003855 85065728 17791 17179869184 93824992301056 93824992468925 140737488338416 0 0 0 134217728 4 25184771 0 0 0 17 14 0 0 0 0 0 93824992533936 93824992571272 93824992575488 140737488340183 140737488340354 140737488340354 140737488351170 0
/proc/1607282/statm: 20768 17791 2089 41 0 16847 0
Current children cumulated CPU time: 582.22 s
Current children cumulated vsize: 109980 KiB
Current children cumulated memory: 84776 KiB

[startup+642.3 s]
/proc/loadavg: 15.83 14.57 13.89 15/808 1607671
/proc/meminfo: memFree=373094068/528004520 swapFree=8388604/8388604
[pid=1607278] ppid=1607277 vsize=26908 memory=13612 CPUtime=0.07 cores=14-15
/proc/1607278/stat : 1607278 (perf) S 1607277 1607278 1607236 0 -1 0 1738 237 0 0 7 0 0 0 20 0 1 0 923003847 27553792 3403 17179869184 93824994299904 93824996572973 140737488338256 0 0 0 134217728 4 74274 1 0 0 17 14 0 0 0 0 0 93824998874888 93825001005840 93825001308160 140737488340073 140737488340470 140737488340470 140737488351179 0
/proc/1607278/statm: 6727 3403 2098 555 0 1769 0
[pid=1607282] ppid=1607278 vsize=85924 memory=74332 CPUtime=642.15 cores=14-15
/proc/1607282/stat : 1607282 (clingo) R 1607278 1607278 1607236 0 -1 0 16845 0 0 0 64209 6 0 0 20 0 1 0 923003855 87986176 18583 17179869184 93824992301056 93824992468925 140737488338416 0 0 0 134217728 4 25184771 0 0 0 17 14 0 0 0 0 0 93824992533936 93824992571272 93824992575488 140737488340183 140737488340354 140737488340354 140737488351170 0
/proc/1607282/statm: 21481 18583 2089 41 0 17560 0
Current children cumulated CPU time: 642.22 s
Current children cumulated vsize: 112832 KiB
Current children cumulated memory: 87944 KiB

[startup+702.3 s]
/proc/loadavg: 15.03 14.57 13.93 15/809 1607675
/proc/meminfo: memFree=373053496/528004520 swapFree=8388604/8388604
[pid=1607278] ppid=1607277 vsize=26908 memory=13612 CPUtime=0.07 cores=14-15
/proc/1607278/stat : 1607278 (perf) S 1607277 1607278 1607236 0 -1 0 1738 237 0 0 7 0 0 0 20 0 1 0 923003847 27553792 3403 17179869184 93824994299904 93824996572973 140737488338256 0 0 0 134217728 4 74274 1 0 0 17 14 0 0 0 0 0 93824998874888 93825001005840 93825001308160 140737488340073 140737488340470 140737488340470 140737488351179 0
/proc/1607278/statm: 6727 3403 2098 555 0 1769 0
[pid=1607282] ppid=1607278 vsize=88980 memory=77500 CPUtime=702.14 cores=14-15
/proc/1607282/stat : 1607282 (clingo) R 1607278 1607278 1607236 0 -1 0 17672 0 0 0 70208 6 0 0 20 0 1 0 923003855 91115520 19375 17179869184 93824992301056 93824992468925 140737488338416 0 0 0 134217728 4 25184771 0 0 0 17 14 0 0 0 0 0 93824992533936 93824992571272 93824992575488 140737488340183 140737488340354 140737488340354 140737488351170 0
/proc/1607282/statm: 22245 19375 2089 41 0 18324 0
Current children cumulated CPU time: 702.21 s
Current children cumulated vsize: 115888 KiB
Current children cumulated memory: 91112 KiB

[startup+762.3 s]
/proc/loadavg: 14.58 14.54 13.97 15/809 1607677
/proc/meminfo: memFree=373001852/528004520 swapFree=8388604/8388604
[pid=1607278] ppid=1607277 vsize=26908 memory=13612 CPUtime=0.07 cores=14-15
/proc/1607278/stat : 1607278 (perf) S 1607277 1607278 1607236 0 -1 0 1738 237 0 0 7 0 0 0 20 0 1 0 923003847 27553792 3403 17179869184 93824994299904 93824996572973 140737488338256 0 0 0 134217728 4 74274 1 0 0 17 14 0 0 0 0 0 93824998874888 93825001005840 93825001308160 140737488340073 140737488340470 140737488340470 140737488351179 0
/proc/1607278/statm: 6727 3403 2098 555 0 1769 0
[pid=1607282] ppid=1607278 vsize=91284 memory=79348 CPUtime=762.14 cores=14-15
/proc/1607282/stat : 1607282 (clingo) R 1607278 1607278 1607236 0 -1 0 18158 0 0 0 76208 6 0 0 20 0 1 0 923003855 93474816 19837 17179869184 93824992301056 93824992468925 140737488338416 0 0 0 134217728 4 25184771 0 0 0 17 14 0 0 0 0 0 93824992533936 93824992571272 93824992575488 140737488340183 140737488340354 140737488340354 140737488351170 0
/proc/1607282/statm: 22821 19837 2089 41 0 18900 0
Current children cumulated CPU time: 762.21 s
Current children cumulated vsize: 118192 KiB
Current children cumulated memory: 92960 KiB

[startup+822.3 s]
/proc/loadavg: 14.25 14.45 13.98 15/809 1607680
/proc/meminfo: memFree=372969424/528004520 swapFree=8388604/8388604
[pid=1607278] ppid=1607277 vsize=26908 memory=13612 CPUtime=0.07 cores=14-15
/proc/1607278/stat : 1607278 (perf) S 1607277 1607278 1607236 0 -1 0 1738 237 0 0 7 0 0 0 20 0 1 0 923003847 27553792 3403 17179869184 93824994299904 93824996572973 140737488338256 0 0 0 134217728 4 74274 1 0 0 17 14 0 0 0 0 0 93824998874888 93825001005840 93825001308160 140737488340073 140737488340470 140737488340470 140737488351179 0
/proc/1607278/statm: 6727 3403 2098 555 0 1769 0
[pid=1607282] ppid=1607278 vsize=94164 memory=81724 CPUtime=822.14 cores=14-15
/proc/1607282/stat : 1607282 (clingo) R 1607278 1607278 1607236 0 -1 0 18734 0 0 0 82208 6 0 0 20 0 1 0 923003855 96423936 20431 17179869184 93824992301056 93824992468925 140737488338416 0 0 0 134217728 4 25184771 0 0 0 17 14 0 0 0 0 0 93824992533936 93824992571272 93824992575488 140737488340183 140737488340354 140737488340354 140737488351170 0
/proc/1607282/statm: 23541 20431 2089 41 0 19620 0
Current children cumulated CPU time: 822.21 s
Current children cumulated vsize: 121072 KiB
Current children cumulated memory: 95336 KiB

[startup+882.3 s]
/proc/loadavg: 14.13 14.38 13.99 15/809 1607683
/proc/meminfo: memFree=372927876/528004520 swapFree=8388604/8388604
[pid=1607278] ppid=1607277 vsize=26908 memory=13612 CPUtime=0.07 cores=14-15
/proc/1607278/stat : 1607278 (perf) S 1607277 1607278 1607236 0 -1 0 1738 237 0 0 7 0 0 0 20 0 1 0 923003847 27553792 3403 17179869184 93824994299904 93824996572973 140737488338256 0 0 0 134217728 4 74274 1 0 0 17 14 0 0 0 0 0 93824998874888 93825001005840 93825001308160 140737488340073 140737488340470 140737488340470 140737488351179 0
/proc/1607278/statm: 6727 3403 2098 555 0 1769 0
[pid=1607282] ppid=1607278 vsize=98484 memory=85156 CPUtime=882.15 cores=14-15
/proc/1607282/stat : 1607282 (clingo) R 1607278 1607278 1607236 0 -1 0 19555 0 0 0 88208 7 0 0 20 0 1 0 923003855 100847616 21289 17179869184 93824992301056 93824992468925 140737488338416 0 0 0 134217728 4 25184771 0 0 0 17 14 0 0 0 0 0 93824992533936 93824992571272 93824992575488 140737488340183 140737488340354 140737488340354 140737488351170 0
/proc/1607282/statm: 24621 21289 2089 41 0 20700 0
Current children cumulated CPU time: 882.22 s
Current children cumulated vsize: 125392 KiB
Current children cumulated memory: 98768 KiB

[startup+942.3 s]
/proc/loadavg: 14.04 14.31 13.99 15/809 1607687
/proc/meminfo: memFree=372888596/528004520 swapFree=8388604/8388604
[pid=1607278] ppid=1607277 vsize=26908 memory=13612 CPUtime=0.07 cores=14-15
/proc/1607278/stat : 1607278 (perf) S 1607277 1607278 1607236 0 -1 0 1738 237 0 0 7 0 0 0 20 0 1 0 923003847 27553792 3403 17179869184 93824994299904 93824996572973 140737488338256 0 0 0 134217728 4 74274 1 0 0 17 14 0 0 0 0 0 93824998874888 93825001005840 93825001308160 140737488340073 140737488340470 140737488340470 140737488351179 0
/proc/1607278/statm: 6727 3403 2098 555 0 1769 0
[pid=1607282] ppid=1607278 vsize=102804 memory=88324 CPUtime=942.15 cores=14-15
/proc/1607282/stat : 1607282 (clingo) R 1607278 1607278 1607236 0 -1 0 20375 0 0 0 94208 7 0 0 20 0 1 0 923003855 105271296 22081 17179869184 93824992301056 93824992468925 140737488338416 0 0 0 134217728 4 25184771 0 0 0 17 14 0 0 0 0 0 93824992533936 93824992571272 93824992575488 140737488340183 140737488340354 140737488340354 140737488351170 0
/proc/1607282/statm: 25701 22081 2089 41 0 21780 0
Current children cumulated CPU time: 942.22 s
Current children cumulated vsize: 129712 KiB
Current children cumulated memory: 101936 KiB

[startup+1002.3 s]
/proc/loadavg: 14.26 14.33 14.02 15/807 1607690
/proc/meminfo: memFree=372844024/528004520 swapFree=8388604/8388604
[pid=1607278] ppid=1607277 vsize=26908 memory=13612 CPUtime=0.07 cores=14-15
/proc/1607278/stat : 1607278 (perf) S 1607277 1607278 1607236 0 -1 0 1738 237 0 0 7 0 0 0 20 0 1 0 923003847 27553792 3403 17179869184 93824994299904 93824996572973 140737488338256 0 0 0 134217728 4 74274 1 0 0 17 14 0 0 0 0 0 93824998874888 93825001005840 93825001308160 140737488340073 140737488340470 140737488340470 140737488351179 0
/proc/1607278/statm: 6727 3403 2098 555 0 1769 0
[pid=1607282] ppid=1607278 vsize=106548 memory=91492 CPUtime=1002.15 cores=14-15
/proc/1607282/stat : 1607282 (clingo) R 1607278 1607278 1607236 0 -1 0 21130 0 0 0 100207 8 0 0 20 0 1 0 923003855 109105152 22873 17179869184 93824992301056 93824992468925 140737488338416 0 0 0 134217728 4 25184771 0 0 0 17 14 0 0 0 0 0 93824992533936 93824992571272 93824992575488 140737488340183 140737488340354 140737488340354 140737488351170 0
/proc/1607282/statm: 26637 22873 2089 41 0 22716 0
Current children cumulated CPU time: 1002.22 s
Current children cumulated vsize: 133456 KiB
Current children cumulated memory: 105104 KiB

[startup+1062.3 s]
/proc/loadavg: 14.33 14.33 14.04 15/808 1607693
/proc/meminfo: memFree=372808488/528004520 swapFree=8388604/8388604
[pid=1607278] ppid=1607277 vsize=26908 memory=13612 CPUtime=0.07 cores=14-15
/proc/1607278/stat : 1607278 (perf) S 1607277 1607278 1607236 0 -1 0 1738 237 0 0 7 0 0 0 20 0 1 0 923003847 27553792 3403 17179869184 93824994299904 93824996572973 140737488338256 0 0 0 134217728 4 74274 1 0 0 17 14 0 0 0 0 0 93824998874888 93825001005840 93825001308160 140737488340073 140737488340470 140737488340470 140737488351179 0
/proc/1607278/statm: 6727 3403 2098 555 0 1769 0
[pid=1607282] ppid=1607278 vsize=110868 memory=94660 CPUtime=1062.15 cores=14-15
/proc/1607282/stat : 1607282 (clingo) R 1607278 1607278 1607236 0 -1 0 21961 0 0 0 106207 8 0 0 20 0 1 0 923003855 113528832 23665 17179869184 93824992301056 93824992468925 140737488338416 0 0 0 134217728 4 25184771 0 0 0 17 14 0 0 0 0 0 93824992533936 93824992571272 93824992575488 140737488340183 140737488340354 140737488340354 140737488351170 0
/proc/1607282/statm: 27717 23665 2089 41 0 23796 0
Current children cumulated CPU time: 1062.22 s
Current children cumulated vsize: 137776 KiB
Current children cumulated memory: 108272 KiB

[startup+1122.3 s]
/proc/loadavg: 14.12 14.27 14.03 15/808 1607696
/proc/meminfo: memFree=372784060/528004520 swapFree=8388604/8388604
[pid=1607278] ppid=1607277 vsize=26908 memory=13612 CPUtime=0.07 cores=14-15
/proc/1607278/stat : 1607278 (perf) S 1607277 1607278 1607236 0 -1 0 1738 237 0 0 7 0 0 0 20 0 1 0 923003847 27553792 3403 17179869184 93824994299904 93824996572973 140737488338256 0 0 0 134217728 4 74274 1 0 0 17 14 0 0 0 0 0 93824998874888 93825001005840 93825001308160 140737488340073 140737488340470 140737488340470 140737488351179 0
/proc/1607278/statm: 6727 3403 2098 555 0 1769 0
[pid=1607282] ppid=1607278 vsize=112020 memory=95716 CPUtime=1122.15 cores=14-15
/proc/1607282/stat : 1607282 (clingo) R 1607278 1607278 1607236 0 -1 0 22229 0 0 0 112207 8 0 0 20 0 1 0 923003855 114708480 23929 17179869184 93824992301056 93824992468925 140737488338416 0 0 0 134217728 4 25184771 0 0 0 17 14 0 0 0 0 0 93824992533936 93824992571272 93824992575488 140737488340183 140737488340354 140737488340354 140737488351170 0
/proc/1607282/statm: 28005 23929 2089 41 0 24084 0
Current children cumulated CPU time: 1122.22 s
Current children cumulated vsize: 138928 KiB
Current children cumulated memory: 109328 KiB

[startup+1182.3 s]
/proc/loadavg: 14.23 14.28 14.05 15/808 1607700
/proc/meminfo: memFree=372755616/528004520 swapFree=8388604/8388604
[pid=1607278] ppid=1607277 vsize=26908 memory=13612 CPUtime=0.07 cores=14-15
/proc/1607278/stat : 1607278 (perf) S 1607277 1607278 1607236 0 -1 0 1738 237 0 0 7 0 0 0 20 0 1 0 923003847 27553792 3403 17179869184 93824994299904 93824996572973 140737488338256 0 0 0 134217728 4 74274 1 0 0 17 14 0 0 0 0 0 93824998874888 93825001005840 93825001308160 140737488340073 140737488340470 140737488340470 140737488351179 0
/proc/1607278/statm: 6727 3403 2098 555 0 1769 0
[pid=1607282] ppid=1607278 vsize=113748 memory=97300 CPUtime=1182.15 cores=14-15
/proc/1607282/stat : 1607282 (clingo) R 1607278 1607278 1607236 0 -1 0 22615 0 0 0 118207 8 0 0 20 0 1 0 923003855 116477952 24325 17179869184 93824992301056 93824992468925 140737488338416 0 0 0 134217728 4 25184771 0 0 0 17 14 0 0 0 0 0 93824992533936 93824992571272 93824992575488 140737488340183 140737488340354 140737488340354 140737488351170 0
/proc/1607282/statm: 28437 24325 2089 41 0 24516 0
Current children cumulated CPU time: 1182.22 s
Current children cumulated vsize: 140656 KiB
Current children cumulated memory: 110912 KiB



Maximum wall clock time exceeded: sending SIGTERM then SIGKILL

[startup+1205 s]*
/proc/loadavg: 14.23 14.27 14.05 15/792 1609037
/proc/meminfo: memFree=373915804/528004520 swapFree=8388604/8388604
[pid=1607278] ppid=1607277 vsize=26908 memory=13612 CPUtime=0.07 cores=14-15
/proc/1607278/stat : 1607278 (perf) S 1607277 1607278 1607236 0 -1 0 1738 237 0 0 7 0 0 0 20 0 1 0 923003847 27553792 3403 17179869184 93824994299904 93824996572973 140737488338256 0 0 0 134217728 4 74274 1 0 0 17 14 0 0 0 0 0 93824998874888 93825001005840 93825001308160 140737488340073 140737488340470 140737488340470 140737488351179 0
/proc/1607278/statm: 6727 3403 2098 555 0 1769 0
[pid=1607282] ppid=1607278 vsize=115188 memory=98620 CPUtime=1204.86 cores=14-15
/proc/1607282/stat : 1607282 (clingo) R 1607278 1607278 1607236 0 -1 0 22924 0 0 0 120478 8 0 0 20 0 1 0 923003855 117952512 24655 17179869184 93824992301056 93824992468925 140737488338416 0 0 0 134217728 4 25184771 0 0 0 17 14 0 0 0 0 0 93824992533936 93824992571272 93824992575488 140737488340183 140737488340354 140737488340354 140737488351170 0
/proc/1607282/statm: 28797 24655 2089 41 0 24876 0
Current children cumulated CPU time: 1204.93 s
Current children cumulated vsize: 142096 KiB
Current children cumulated memory: 112232 KiB

Sending SIGINT to process tree (bottom up)
Sleeping 5 seconds

[startup+1205.03 s]
# the end of solver process 1607278 was just reported to runsolver
# cumulated CPU time of all completed processes:  user=1204.87 s, system=0.092969 s

Solver just ended.
??? end of watcher thread
Dumping a history of the last processes samples

Child status: 1
Real time (s): 1205.03
CPU time (s): 1204.96
CPU user time (s): 1204.87
CPU system time (s): 0.092969
CPU usage (%): 99.9946
Max. virtual memory (cumulated for all children) (KiB): 142096
Max. memory (cumulated for all children) (KiB): 112232

getrusage(RUSAGE_CHILDREN,...) data:
user time used= 1204.87
system time used= 0.092969
maximum resident set size= 98688
integral shared memory size= 0
integral unshared data size= 0
integral unshared stack size= 0
page reclaims= 24939
page faults= 0
swaps= 0
block input operations= 0
block output operations= 0
messages sent= 0
messages received= 0
signals received= 0
voluntary context switches= 18
involuntary context switches= 1027


# summary of solver processes directly reported to runsolver:
#   pid: 1607278
#   total CPU time (s): 1204.96
#   total CPU user time (s): 1204.87
#   total CPU system time (s): 0.092969

??? end of timestamper thread
runsolver used 8.37164 second user time and 14.8936 second system time

The end
