runsolver version 3.4.0 (svn: 3018) Copyright (C) 2010-2013 Olivier ROUSSEL

This program is distributed in the hope that it will be useful,
but WITHOUT ANY WARRANTY; without even the implied warranty of
MERCHANTABILITY or FITNESS FOR A PARTICULAR PURPOSE.  See the
GNU General Public License for more details.

NUMA information:
  number of nodes: 2
  memory of node 0: 257587 MiB (124372 MiB free)
  memory of node 1: 258041 MiB (153233 MiB free)
  node distances:
     10  20
     20  10

command line: /dev/shm/3763b56c-2e81-11f1-ac62-000c298f4621/input/runsolver -w /dev/shm/3763b56c-2e81-11f1-ac62-000c298f4621/output/runsolver.log -v /dev/shm/3763b56c-2e81-11f1-ac62-000c298f4621/output/varfile.log -W 1205 --rss-swap-limit 16384 -d 5 --sigint /usr/bin/perf stat -B -e task-clock,cache-references,cache-misses,cycles,instructions,branches,faults,migrations,context-switches -o /dev/shm/3763b56c-2e81-11f1-ac62-000c298f4621/output/perf.log clingo /home/guests/mmacri/AMOSUM/benchmarks/GraphColouring/encoding-plain-amo.asp /dev/shm/3763b56c-2e81-11f1-ac62-000c298f4621/input/0030-graph_colouring-135-0_3888.asp 

running on 2 cores: 18-19

Enforcing wall clock limit (soft limit, will send SIGTERM then SIGKILL): 1205 seconds
Enforcing RSS+Swap limit (soft limit, will send SIGTERM then SIGKILL): 16777216 KiB
Linux 5.15.0-131-generic
Current StackSize limit: 8192 KiB

solver pid=2927699, runsolver pid=2927697

[startup+0.100069 s]*
/proc/loadavg: 14.00 14.19 13.25 14/805 2927704
/proc/meminfo: memFree=284259120/528004512 swapFree=8388604/8388604
[pid=2927699] ppid=2927697 vsize=26908 memory=13612 CPUtime=0.07 cores=18-19
/proc/2927699/stat : 2927699 (perf) S 2927697 2927699 2927640 0 -1 0 1738 237 0 0 6 1 0 0 20 0 1 0 912536297 27553792 3403 17179869184 93824994299904 93824996572973 140737488338256 0 0 0 134217728 4 74274 1 0 0 17 18 0 0 0 0 0 93824998874888 93825001005840 93825001308160 140737488340073 140737488340470 140737488340470 140737488351179 0
/proc/2927699/statm: 6727 3403 2098 555 0 1769 0
[pid=2927704] ppid=2927699 vsize=20204 memory=12116 CPUtime=0.03 cores=18-19
/proc/2927704/stat : 2927704 (clingo) R 2927699 2927699 2927640 0 -1 0 1260 0 0 0 3 0 0 0 20 0 1 0 912536305 20688896 3029 17179869184 93824992301056 93824992468925 140737488338416 0 0 0 134217728 4 25184771 0 0 0 17 19 0 0 0 0 0 93824992533936 93824992571272 93824992575488 140737488340183 140737488340354 140737488340354 140737488351170 0
/proc/2927704/statm: 5051 3029 2089 41 0 1130 0
Current children cumulated CPU time: 0.1 s
Current children cumulated vsize: 47112 KiB
Current children cumulated memory: 25728 KiB

[startup+0.233746 s]*
/proc/loadavg: 14.00 14.19 13.25 15/797 2927709
/proc/meminfo: memFree=284252840/528004512 swapFree=8388604/8388604
[pid=2927699] ppid=2927697 vsize=26908 memory=13612 CPUtime=0.07 cores=18-19
/proc/2927699/stat : 2927699 (perf) S 2927697 2927699 2927640 0 -1 0 1738 237 0 0 6 1 0 0 20 0 1 0 912536297 27553792 3403 17179869184 93824994299904 93824996572973 140737488338256 0 0 0 134217728 4 74274 1 0 0 17 18 0 0 0 0 0 93824998874888 93825001005840 93825001308160 140737488340073 140737488340470 140737488340470 140737488351179 0
/proc/2927699/statm: 6727 3403 2098 555 0 1769 0
[pid=2927704] ppid=2927699 vsize=25492 memory=17396 CPUtime=0.15 cores=18-19
/proc/2927704/stat : 2927704 (clingo) R 2927699 2927699 2927640 0 -1 0 2588 0 0 0 15 0 0 0 20 0 1 0 912536305 26103808 4349 17179869184 93824992301056 93824992468925 140737488338416 0 0 0 134217728 4 25184771 0 0 0 17 18 0 0 0 0 0 93824992533936 93824992571272 93824992575488 140737488340183 140737488340354 140737488340354 140737488351170 0
/proc/2927704/statm: 6373 4349 2089 41 0 2452 0
Current children cumulated CPU time: 0.22 s
Current children cumulated vsize: 52400 KiB
Current children cumulated memory: 31008 KiB

[startup+0.317579 s]*
/proc/loadavg: 14.00 14.19 13.25 14/803 2927728
/proc/meminfo: memFree=284382144/528004512 swapFree=8388604/8388604
[pid=2927699] ppid=2927697 vsize=26908 memory=13612 CPUtime=0.07 cores=18-19
/proc/2927699/stat : 2927699 (perf) S 2927697 2927699 2927640 0 -1 0 1738 237 0 0 6 1 0 0 20 0 1 0 912536297 27553792 3403 17179869184 93824994299904 93824996572973 140737488338256 0 0 0 134217728 4 74274 1 0 0 17 18 0 0 0 0 0 93824998874888 93825001005840 93825001308160 140737488340073 140737488340470 140737488340470 140737488351179 0
/proc/2927699/statm: 6727 3403 2098 555 0 1769 0
[pid=2927704] ppid=2927699 vsize=26832 memory=18716 CPUtime=0.23 cores=18-19
/proc/2927704/stat : 2927704 (clingo) R 2927699 2927699 2927640 0 -1 0 2923 0 0 0 23 0 0 0 20 0 1 0 912536305 27475968 4679 17179869184 93824992301056 93824992468925 140737488338416 0 0 0 134217728 4 25184771 0 0 0 17 18 0 0 0 0 0 93824992533936 93824992571272 93824992575488 140737488340183 140737488340354 140737488340354 140737488351170 0
/proc/2927704/statm: 6708 4679 2089 41 0 2787 0
Current children cumulated CPU time: 0.3 s
Current children cumulated vsize: 53740 KiB
Current children cumulated memory: 32328 KiB

[startup+0.70033 s]
/proc/loadavg: 14.00 14.19 13.25 15/801 2927775
/proc/meminfo: memFree=284364816/528004512 swapFree=8388604/8388604
[pid=2927699] ppid=2927697 vsize=26908 memory=13612 CPUtime=0.07 cores=18-19
/proc/2927699/stat : 2927699 (perf) S 2927697 2927699 2927640 0 -1 0 1738 237 0 0 6 1 0 0 20 0 1 0 912536297 27553792 3403 17179869184 93824994299904 93824996572973 140737488338256 0 0 0 134217728 4 74274 1 0 0 17 18 0 0 0 0 0 93824998874888 93825001005840 93825001308160 140737488340073 140737488340470 140737488340470 140737488351179 0
/proc/2927699/statm: 6727 3403 2098 555 0 1769 0
[pid=2927704] ppid=2927699 vsize=29876 memory=21620 CPUtime=0.59 cores=18-19
/proc/2927704/stat : 2927704 (clingo) R 2927699 2927699 2927640 0 -1 0 3681 0 0 0 59 0 0 0 20 0 1 0 912536305 30593024 5405 17179869184 93824992301056 93824992468925 140737488338416 0 0 0 134217728 4 25184771 0 0 0 17 18 0 0 0 0 0 93824992533936 93824992571272 93824992575488 140737488340183 140737488340354 140737488340354 140737488351170 0
/proc/2927704/statm: 7469 5405 2089 41 0 3548 0
Current children cumulated CPU time: 0.66 s
Current children cumulated vsize: 56784 KiB
Current children cumulated memory: 35232 KiB

[startup+1.50033 s]
/proc/loadavg: 14.00 14.19 13.25 23/808 2927909
/proc/meminfo: memFree=284367876/528004512 swapFree=8388604/8388604
[pid=2927699] ppid=2927697 vsize=26908 memory=13612 CPUtime=0.07 cores=18-19
/proc/2927699/stat : 2927699 (perf) S 2927697 2927699 2927640 0 -1 0 1738 237 0 0 6 1 0 0 20 0 1 0 912536297 27553792 3403 17179869184 93824994299904 93824996572973 140737488338256 0 0 0 134217728 4 74274 1 0 0 17 18 0 0 0 0 0 93824998874888 93825001005840 93825001308160 140737488340073 140737488340470 140737488340470 140737488351179 0
/proc/2927699/statm: 6727 3403 2098 555 0 1769 0
[pid=2927704] ppid=2927699 vsize=32992 memory=24788 CPUtime=1.39 cores=18-19
/proc/2927704/stat : 2927704 (clingo) R 2927699 2927699 2927640 0 -1 0 4464 0 0 0 139 0 0 0 20 0 1 0 912536305 33783808 6197 17179869184 93824992301056 93824992468925 140737488338416 0 0 0 134217728 4 25184771 0 0 0 17 18 0 0 0 0 0 93824992533936 93824992571272 93824992575488 140737488340183 140737488340354 140737488340354 140737488351170 0
/proc/2927704/statm: 8248 6197 2089 41 0 4327 0
Current children cumulated CPU time: 1.46 s
Current children cumulated vsize: 59900 KiB
Current children cumulated memory: 38400 KiB

[startup+3.11754 s]
/proc/loadavg: 14.00 14.19 13.25 21/823 2927998
/proc/meminfo: memFree=284321764/528004512 swapFree=8388604/8388604
[pid=2927699] ppid=2927697 vsize=26908 memory=13612 CPUtime=0.07 cores=18-19
/proc/2927699/stat : 2927699 (perf) S 2927697 2927699 2927640 0 -1 0 1738 237 0 0 6 1 0 0 20 0 1 0 912536297 27553792 3403 17179869184 93824994299904 93824996572973 140737488338256 0 0 0 134217728 4 74274 1 0 0 17 18 0 0 0 0 0 93824998874888 93825001005840 93825001308160 140737488340073 140737488340470 140737488340470 140737488351179 0
/proc/2927699/statm: 6727 3403 2098 555 0 1769 0
[pid=2927704] ppid=2927699 vsize=34312 memory=26108 CPUtime=3 cores=18-19
/proc/2927704/stat : 2927704 (clingo) R 2927699 2927699 2927640 0 -1 0 4791 0 0 0 300 0 0 0 20 0 1 0 912536305 35135488 6527 17179869184 93824992301056 93824992468925 140737488338416 0 0 0 134217728 4 25184771 0 0 0 17 18 0 0 0 0 0 93824992533936 93824992571272 93824992575488 140737488340183 140737488340354 140737488340354 140737488351170 0
/proc/2927704/statm: 8578 6527 2089 41 0 4657 0
Current children cumulated CPU time: 3.07 s
Current children cumulated vsize: 61220 KiB
Current children cumulated memory: 39720 KiB

[startup+6.30028 s]
/proc/loadavg: 14.00 14.19 13.25 20/823 2927998
/proc/meminfo: memFree=284281272/528004512 swapFree=8388604/8388604
[pid=2927699] ppid=2927697 vsize=26908 memory=13612 CPUtime=0.07 cores=18-19
/proc/2927699/stat : 2927699 (perf) S 2927697 2927699 2927640 0 -1 0 1738 237 0 0 6 1 0 0 20 0 1 0 912536297 27553792 3403 17179869184 93824994299904 93824996572973 140737488338256 0 0 0 134217728 4 74274 1 0 0 17 18 0 0 0 0 0 93824998874888 93825001005840 93825001308160 140737488340073 140737488340470 140737488340470 140737488351179 0
/proc/2927699/statm: 6727 3403 2098 555 0 1769 0
[pid=2927704] ppid=2927699 vsize=39712 memory=31652 CPUtime=6.19 cores=18-19
/proc/2927704/stat : 2927704 (clingo) R 2927699 2927699 2927640 0 -1 0 6137 0 0 0 618 1 0 0 20 0 1 0 912536305 40665088 7913 17179869184 93824992301056 93824992468925 140737488338416 0 0 0 134217728 4 25184771 0 0 0 17 18 0 0 0 0 0 93824992533936 93824992571272 93824992575488 140737488340183 140737488340354 140737488340354 140737488351170 0
/proc/2927704/statm: 9928 7913 2089 41 0 6007 0
Current children cumulated CPU time: 6.26 s
Current children cumulated vsize: 66620 KiB
Current children cumulated memory: 45264 KiB

[startup+12.7003 s]
/proc/loadavg: 14.00 14.18 13.26 20/823 2927998
/proc/meminfo: memFree=284229412/528004512 swapFree=8388604/8388604
[pid=2927699] ppid=2927697 vsize=26908 memory=13612 CPUtime=0.07 cores=18-19
/proc/2927699/stat : 2927699 (perf) S 2927697 2927699 2927640 0 -1 0 1738 237 0 0 6 1 0 0 20 0 1 0 912536297 27553792 3403 17179869184 93824994299904 93824996572973 140737488338256 0 0 0 134217728 4 74274 1 0 0 17 18 0 0 0 0 0 93824998874888 93825001005840 93825001308160 140737488340073 140737488340470 140737488340470 140737488351179 0
/proc/2927699/statm: 6727 3403 2098 555 0 1769 0
[pid=2927704] ppid=2927699 vsize=45412 memory=37196 CPUtime=12.59 cores=18-19
/proc/2927704/stat : 2927704 (clingo) R 2927699 2927699 2927640 0 -1 0 7551 0 0 0 1258 1 0 0 20 0 1 0 912536305 46501888 9299 17179869184 93824992301056 93824992468925 140737488338416 0 0 0 134217728 4 25184771 0 0 0 17 18 0 0 0 0 0 93824992533936 93824992571272 93824992575488 140737488340183 140737488340354 140737488340354 140737488351170 0
/proc/2927704/statm: 11353 9299 2089 41 0 7432 0
Current children cumulated CPU time: 12.66 s
Current children cumulated vsize: 72320 KiB
Current children cumulated memory: 50808 KiB

[startup+25.5003 s]
/proc/loadavg: 14.00 14.17 13.27 21/824 2928000
/proc/meminfo: memFree=284162180/528004512 swapFree=8388604/8388604
[pid=2927699] ppid=2927697 vsize=26908 memory=13612 CPUtime=0.07 cores=18-19
/proc/2927699/stat : 2927699 (perf) S 2927697 2927699 2927640 0 -1 0 1738 237 0 0 6 1 0 0 20 0 1 0 912536297 27553792 3403 17179869184 93824994299904 93824996572973 140737488338256 0 0 0 134217728 4 74274 1 0 0 17 18 0 0 0 0 0 93824998874888 93825001005840 93825001308160 140737488340073 140737488340470 140737488340470 140737488351179 0
/proc/2927699/statm: 6727 3403 2098 555 0 1769 0
[pid=2927704] ppid=2927699 vsize=53092 memory=44728 CPUtime=25.39 cores=18-19
/proc/2927704/stat : 2927704 (clingo) R 2927699 2927699 2927640 0 -1 0 10320 0 0 0 2538 1 0 0 20 0 1 0 912536305 54366208 11182 17179869184 93824992301056 93824992468925 140737488338416 0 0 0 134217728 4 25184771 0 0 0 17 18 0 0 0 0 0 93824992533936 93824992571272 93824992575488 140737488340183 140737488340354 140737488340354 140737488351170 0
/proc/2927704/statm: 13273 11182 2089 41 0 9352 0
Current children cumulated CPU time: 25.46 s
Current children cumulated vsize: 80000 KiB
Current children cumulated memory: 58340 KiB

[startup+51.1177 s]
/proc/loadavg: 14.07 14.18 13.30 21/823 2928000
/proc/meminfo: memFree=284080720/528004512 swapFree=8388604/8388604
[pid=2927699] ppid=2927697 vsize=26908 memory=13612 CPUtime=0.07 cores=18-19
/proc/2927699/stat : 2927699 (perf) S 2927697 2927699 2927640 0 -1 0 1738 237 0 0 6 1 0 0 20 0 1 0 912536297 27553792 3403 17179869184 93824994299904 93824996572973 140737488338256 0 0 0 134217728 4 74274 1 0 0 17 18 0 0 0 0 0 93824998874888 93825001005840 93825001308160 140737488340073 140737488340470 140737488340470 140737488351179 0
/proc/2927699/statm: 6727 3403 2098 555 0 1769 0
[pid=2927704] ppid=2927699 vsize=61368 memory=53044 CPUtime=51 cores=18-19
/proc/2927704/stat : 2927704 (clingo) R 2927699 2927699 2927640 0 -1 0 13800 0 0 0 5099 1 0 0 20 0 1 0 912536305 62840832 13261 17179869184 93824992301056 93824992468925 140737488338416 0 0 0 134217728 4 25184771 0 0 0 17 18 0 0 0 0 0 93824992533936 93824992571272 93824992575488 140737488340183 140737488340354 140737488340354 140737488351170 0
/proc/2927704/statm: 15342 13261 2089 41 0 11421 0
Current children cumulated CPU time: 51.07 s
Current children cumulated vsize: 88276 KiB
Current children cumulated memory: 66656 KiB

[startup+102.3 s]
/proc/loadavg: 14.03 14.15 13.34 20/824 2928047
/proc/meminfo: memFree=283956264/528004512 swapFree=8388604/8388604
[pid=2927699] ppid=2927697 vsize=26908 memory=13612 CPUtime=0.07 cores=18-19
/proc/2927699/stat : 2927699 (perf) S 2927697 2927699 2927640 0 -1 0 1738 237 0 0 6 1 0 0 20 0 1 0 912536297 27553792 3403 17179869184 93824994299904 93824996572973 140737488338256 0 0 0 134217728 4 74274 1 0 0 17 18 0 0 0 0 0 93824998874888 93825001005840 93825001308160 140737488340073 140737488340470 140737488340470 140737488351179 0
/proc/2927699/statm: 6727 3403 2098 555 0 1769 0
[pid=2927704] ppid=2927699 vsize=71428 memory=63252 CPUtime=102.18 cores=18-19
/proc/2927704/stat : 2927704 (clingo) R 2927699 2927699 2927640 0 -1 0 18231 0 0 0 10217 1 0 0 20 0 1 0 912536305 73142272 15813 17179869184 93824992301056 93824992468925 140737488338416 0 0 0 134217728 4 25184771 0 0 0 17 18 0 0 0 0 0 93824992533936 93824992571272 93824992575488 140737488340183 140737488340354 140737488340354 140737488351170 0
/proc/2927704/statm: 17857 15813 2089 41 0 13936 0
Current children cumulated CPU time: 102.25 s
Current children cumulated vsize: 98336 KiB
Current children cumulated memory: 76864 KiB

[startup+162.3 s]
/proc/loadavg: 14.27 14.18 13.40 20/823 2928050
/proc/meminfo: memFree=283855740/528004512 swapFree=8388604/8388604
[pid=2927699] ppid=2927697 vsize=26908 memory=13612 CPUtime=0.07 cores=18-19
/proc/2927699/stat : 2927699 (perf) S 2927697 2927699 2927640 0 -1 0 1738 237 0 0 6 1 0 0 20 0 1 0 912536297 27553792 3403 17179869184 93824994299904 93824996572973 140737488338256 0 0 0 134217728 4 74274 1 0 0 17 18 0 0 0 0 0 93824998874888 93825001005840 93825001308160 140737488340073 140737488340470 140737488340470 140737488351179 0
/proc/2927699/statm: 6727 3403 2098 555 0 1769 0
[pid=2927704] ppid=2927699 vsize=80396 memory=71980 CPUtime=162.19 cores=18-19
/proc/2927704/stat : 2927704 (clingo) R 2927699 2927699 2927640 0 -1 0 21149 0 0 0 16217 2 0 0 20 0 1 0 912536305 82325504 17995 17179869184 93824992301056 93824992468925 140737488338416 0 0 0 134217728 4 25184771 0 0 0 17 18 0 0 0 0 0 93824992533936 93824992571272 93824992575488 140737488340183 140737488340354 140737488340354 140737488351170 0
/proc/2927704/statm: 20099 17995 2089 41 0 16178 0
Current children cumulated CPU time: 162.26 s
Current children cumulated vsize: 107304 KiB
Current children cumulated memory: 85592 KiB

[startup+222.3 s]
/proc/loadavg: 14.10 14.15 13.44 20/823 2928053
/proc/meminfo: memFree=283772272/528004512 swapFree=8388604/8388604
[pid=2927699] ppid=2927697 vsize=26908 memory=13612 CPUtime=0.07 cores=18-19
/proc/2927699/stat : 2927699 (perf) S 2927697 2927699 2927640 0 -1 0 1738 237 0 0 6 1 0 0 20 0 1 0 912536297 27553792 3403 17179869184 93824994299904 93824996572973 140737488338256 0 0 0 134217728 4 74274 1 0 0 17 18 0 0 0 0 0 93824998874888 93825001005840 93825001308160 140737488340073 140737488340470 140737488340470 140737488351179 0
/proc/2927699/statm: 6727 3403 2098 555 0 1769 0
[pid=2927704] ppid=2927699 vsize=89028 memory=80392 CPUtime=222.19 cores=18-19
/proc/2927704/stat : 2927704 (clingo) R 2927699 2927699 2927640 0 -1 0 24001 0 0 0 22216 3 0 0 20 0 1 0 912536305 91164672 20098 17179869184 93824992301056 93824992468925 140737488338416 0 0 0 134217728 4 25184771 0 0 0 17 18 0 0 0 0 0 93824992533936 93824992571272 93824992575488 140737488340183 140737488340354 140737488340354 140737488351170 0
/proc/2927704/statm: 22257 20098 2089 41 0 18336 0
Current children cumulated CPU time: 222.26 s
Current children cumulated vsize: 115936 KiB
Current children cumulated memory: 94004 KiB

[startup+282.3 s]
/proc/loadavg: 14.10 14.13 13.49 20/823 2928056
/proc/meminfo: memFree=283691884/528004512 swapFree=8388604/8388604
[pid=2927699] ppid=2927697 vsize=26908 memory=13612 CPUtime=0.07 cores=18-19
/proc/2927699/stat : 2927699 (perf) S 2927697 2927699 2927640 0 -1 0 1738 237 0 0 6 1 0 0 20 0 1 0 912536297 27553792 3403 17179869184 93824994299904 93824996572973 140737488338256 0 0 0 134217728 4 74274 1 0 0 17 18 0 0 0 0 0 93824998874888 93825001005840 93825001308160 140737488340073 140737488340470 140737488340470 140737488351179 0
/proc/2927699/statm: 6727 3403 2098 555 0 1769 0
[pid=2927704] ppid=2927699 vsize=96352 memory=87672 CPUtime=282.18 cores=18-19
/proc/2927704/stat : 2927704 (clingo) R 2927699 2927699 2927640 0 -1 0 26596 0 0 0 28215 3 0 0 20 0 1 0 912536305 98664448 21918 17179869184 93824992301056 93824992468925 140737488338416 0 0 0 134217728 4 25184771 0 0 0 17 18 0 0 0 0 0 93824992533936 93824992571272 93824992575488 140737488340183 140737488340354 140737488340354 140737488351170 0
/proc/2927704/statm: 24088 21918 2089 41 0 20167 0
Current children cumulated CPU time: 282.25 s
Current children cumulated vsize: 123260 KiB
Current children cumulated memory: 101284 KiB

[startup+342.3 s]
/proc/loadavg: 14.35 14.22 13.56 20/808 2928061
/proc/meminfo: memFree=283619868/528004512 swapFree=8388604/8388604
[pid=2927699] ppid=2927697 vsize=26908 memory=13612 CPUtime=0.07 cores=18-19
/proc/2927699/stat : 2927699 (perf) S 2927697 2927699 2927640 0 -1 0 1738 237 0 0 6 1 0 0 20 0 1 0 912536297 27553792 3403 17179869184 93824994299904 93824996572973 140737488338256 0 0 0 134217728 4 74274 1 0 0 17 18 0 0 0 0 0 93824998874888 93825001005840 93825001308160 140737488340073 140737488340470 140737488340470 140737488351179 0
/proc/2927699/statm: 6727 3403 2098 555 0 1769 0
[pid=2927704] ppid=2927699 vsize=100172 memory=90996 CPUtime=342.18 cores=18-19
/proc/2927704/stat : 2927704 (clingo) R 2927699 2927699 2927640 0 -1 0 27931 0 0 0 34214 4 0 0 20 0 1 0 912536305 102576128 22749 17179869184 93824992301056 93824992468925 140737488338416 0 0 0 134217728 4 25184771 0 0 0 17 18 0 0 0 0 0 93824992533936 93824992571272 93824992575488 140737488340183 140737488340354 140737488340354 140737488351170 0
/proc/2927704/statm: 25043 22749 2089 41 0 21122 0
Current children cumulated CPU time: 342.25 s
Current children cumulated vsize: 127080 KiB
Current children cumulated memory: 104608 KiB

[startup+402.3 s]
/proc/loadavg: 14.35 14.23 13.61 20/803 2928063
/proc/meminfo: memFree=283562464/528004512 swapFree=8388604/8388604
[pid=2927699] ppid=2927697 vsize=26908 memory=13612 CPUtime=0.07 cores=18-19
/proc/2927699/stat : 2927699 (perf) S 2927697 2927699 2927640 0 -1 0 1738 237 0 0 6 1 0 0 20 0 1 0 912536297 27553792 3403 17179869184 93824994299904 93824996572973 140737488338256 0 0 0 134217728 4 74274 1 0 0 17 18 0 0 0 0 0 93824998874888 93825001005840 93825001308160 140737488340073 140737488340470 140737488340470 140737488351179 0
/proc/2927699/statm: 6727 3403 2098 555 0 1769 0
[pid=2927704] ppid=2927699 vsize=105156 memory=96076 CPUtime=402.19 cores=18-19
/proc/2927704/stat : 2927704 (clingo) R 2927699 2927699 2927640 0 -1 0 30741 0 0 0 40214 5 0 0 20 0 1 0 912536305 107679744 24019 17179869184 93824992301056 93824992468925 140737488338416 0 0 0 134217728 4 25184771 0 0 0 17 18 0 0 0 0 0 93824992533936 93824992571272 93824992575488 140737488340183 140737488340354 140737488340354 140737488351170 0
/proc/2927704/statm: 26289 24019 2089 41 0 22368 0
Current children cumulated CPU time: 402.26 s
Current children cumulated vsize: 132064 KiB
Current children cumulated memory: 109688 KiB

[startup+462.3 s]
/proc/loadavg: 14.16 14.20 13.64 20/803 2928118
/proc/meminfo: memFree=283478568/528004512 swapFree=8388604/8388604
[pid=2927699] ppid=2927697 vsize=26908 memory=13612 CPUtime=0.07 cores=18-19
/proc/2927699/stat : 2927699 (perf) S 2927697 2927699 2927640 0 -1 0 1738 237 0 0 6 1 0 0 20 0 1 0 912536297 27553792 3403 17179869184 93824994299904 93824996572973 140737488338256 0 0 0 134217728 4 74274 1 0 0 17 18 0 0 0 0 0 93824998874888 93825001005840 93825001308160 140737488340073 140737488340470 140737488340470 140737488351179 0
/proc/2927699/statm: 6727 3403 2098 555 0 1769 0
[pid=2927704] ppid=2927699 vsize=111728 memory=102228 CPUtime=462.19 cores=18-19
/proc/2927704/stat : 2927704 (clingo) R 2927699 2927699 2927640 0 -1 0 33655 0 0 0 46214 5 0 0 20 0 1 0 912536305 114409472 25557 17179869184 93824992301056 93824992468925 140737488338416 0 0 0 134217728 4 25184771 0 0 0 17 18 0 0 0 0 0 93824992533936 93824992571272 93824992575488 140737488340183 140737488340354 140737488340354 140737488351170 0
/proc/2927704/statm: 27932 25557 2089 41 0 24011 0
Current children cumulated CPU time: 462.26 s
Current children cumulated vsize: 138636 KiB
Current children cumulated memory: 115840 KiB

[startup+522.3 s]
/proc/loadavg: 14.13 14.18 13.67 20/804 2928123
/proc/meminfo: memFree=283449856/528004512 swapFree=8388604/8388604
[pid=2927699] ppid=2927697 vsize=26908 memory=13612 CPUtime=0.07 cores=18-19
/proc/2927699/stat : 2927699 (perf) S 2927697 2927699 2927640 0 -1 0 1738 237 0 0 6 1 0 0 20 0 1 0 912536297 27553792 3403 17179869184 93824994299904 93824996572973 140737488338256 0 0 0 134217728 4 74274 1 0 0 17 18 0 0 0 0 0 93824998874888 93825001005840 93825001308160 140737488340073 140737488340470 140737488340470 140737488351179 0
/proc/2927699/statm: 6727 3403 2098 555 0 1769 0
[pid=2927704] ppid=2927699 vsize=114960 memory=104724 CPUtime=522.18 cores=18-19
/proc/2927704/stat : 2927704 (clingo) R 2927699 2927699 2927640 0 -1 0 34913 0 0 0 52213 5 0 0 20 0 1 0 912536305 117719040 26181 17179869184 93824992301056 93824992468925 140737488338416 0 0 0 134217728 4 25184771 0 0 0 17 18 0 0 0 0 0 93824992533936 93824992571272 93824992575488 140737488340183 140737488340354 140737488340354 140737488351170 0
/proc/2927704/statm: 28740 26181 2089 41 0 24819 0
Current children cumulated CPU time: 522.25 s
Current children cumulated vsize: 141868 KiB
Current children cumulated memory: 118336 KiB

[startup+582.3 s]
/proc/loadavg: 14.05 14.14 13.69 20/804 2928126
/proc/meminfo: memFree=283406040/528004512 swapFree=8388604/8388604
[pid=2927699] ppid=2927697 vsize=26908 memory=13612 CPUtime=0.07 cores=18-19
/proc/2927699/stat : 2927699 (perf) S 2927697 2927699 2927640 0 -1 0 1738 237 0 0 6 1 0 0 20 0 1 0 912536297 27553792 3403 17179869184 93824994299904 93824996572973 140737488338256 0 0 0 134217728 4 74274 1 0 0 17 18 0 0 0 0 0 93824998874888 93825001005840 93825001308160 140737488340073 140737488340470 140737488340470 140737488351179 0
/proc/2927699/statm: 6727 3403 2098 555 0 1769 0
[pid=2927704] ppid=2927699 vsize=119940 memory=109824 CPUtime=582.18 cores=18-19
/proc/2927704/stat : 2927704 (clingo) R 2927699 2927699 2927640 0 -1 0 36999 0 0 0 58212 6 0 0 20 0 1 0 912536305 122818560 27456 17179869184 93824992301056 93824992468925 140737488338416 0 0 0 134217728 4 25184771 0 0 0 17 18 0 0 0 0 0 93824992533936 93824992571272 93824992575488 140737488340183 140737488340354 140737488340354 140737488351170 0
/proc/2927704/statm: 29985 27456 2089 41 0 26064 0
Current children cumulated CPU time: 582.25 s
Current children cumulated vsize: 146848 KiB
Current children cumulated memory: 123436 KiB

[startup+642.3 s]
/proc/loadavg: 14.55 14.28 13.77 20/804 2928130
/proc/meminfo: memFree=283363332/528004512 swapFree=8388604/8388604
[pid=2927699] ppid=2927697 vsize=26908 memory=13612 CPUtime=0.07 cores=18-19
/proc/2927699/stat : 2927699 (perf) S 2927697 2927699 2927640 0 -1 0 1738 237 0 0 6 1 0 0 20 0 1 0 912536297 27553792 3403 17179869184 93824994299904 93824996572973 140737488338256 0 0 0 134217728 4 74274 1 0 0 17 18 0 0 0 0 0 93824998874888 93825001005840 93825001308160 140737488340073 140737488340470 140737488340470 140737488351179 0
/proc/2927699/statm: 6727 3403 2098 555 0 1769 0
[pid=2927704] ppid=2927699 vsize=123292 memory=112472 CPUtime=642.19 cores=18-19
/proc/2927704/stat : 2927704 (clingo) R 2927699 2927699 2927640 0 -1 0 38069 0 0 0 64212 7 0 0 20 0 1 0 912536305 126251008 28118 17179869184 93824992301056 93824992468925 140737488338416 0 0 0 134217728 4 25184771 0 0 0 17 18 0 0 0 0 0 93824992533936 93824992571272 93824992575488 140737488340183 140737488340354 140737488340354 140737488351170 0
/proc/2927704/statm: 30823 28118 2089 41 0 26902 0
Current children cumulated CPU time: 642.26 s
Current children cumulated vsize: 150200 KiB
Current children cumulated memory: 126084 KiB

[startup+702.3 s]
/proc/loadavg: 14.20 14.23 13.79 20/804 2928133
/proc/meminfo: memFree=283318768/528004512 swapFree=8388604/8388604
[pid=2927699] ppid=2927697 vsize=26908 memory=13612 CPUtime=0.07 cores=18-19
/proc/2927699/stat : 2927699 (perf) S 2927697 2927699 2927640 0 -1 0 1738 237 0 0 6 1 0 0 20 0 1 0 912536297 27553792 3403 17179869184 93824994299904 93824996572973 140737488338256 0 0 0 134217728 4 74274 1 0 0 17 18 0 0 0 0 0 93824998874888 93825001005840 93825001308160 140737488340073 140737488340470 140737488340470 140737488351179 0
/proc/2927699/statm: 6727 3403 2098 555 0 1769 0
[pid=2927704] ppid=2927699 vsize=127156 memory=116092 CPUtime=702.18 cores=18-19
/proc/2927704/stat : 2927704 (clingo) R 2927699 2927699 2927640 0 -1 0 39393 0 0 0 70211 7 0 0 20 0 1 0 912536305 130207744 29023 17179869184 93824992301056 93824992468925 140737488338416 0 0 0 134217728 4 25184771 0 0 0 17 18 0 0 0 0 0 93824992533936 93824992571272 93824992575488 140737488340183 140737488340354 140737488340354 140737488351170 0
/proc/2927704/statm: 31789 29023 2089 41 0 27868 0
Current children cumulated CPU time: 702.25 s
Current children cumulated vsize: 154064 KiB
Current children cumulated memory: 129704 KiB

[startup+762.3 s]
/proc/loadavg: 14.07 14.18 13.81 20/804 2928136
/proc/meminfo: memFree=283278860/528004512 swapFree=8388604/8388604
[pid=2927699] ppid=2927697 vsize=26908 memory=13612 CPUtime=0.07 cores=18-19
/proc/2927699/stat : 2927699 (perf) S 2927697 2927699 2927640 0 -1 0 1738 237 0 0 6 1 0 0 20 0 1 0 912536297 27553792 3403 17179869184 93824994299904 93824996572973 140737488338256 0 0 0 134217728 4 74274 1 0 0 17 18 0 0 0 0 0 93824998874888 93825001005840 93825001308160 140737488340073 140737488340470 140737488340470 140737488351179 0
/proc/2927699/statm: 6727 3403 2098 555 0 1769 0
[pid=2927704] ppid=2927699 vsize=130668 memory=119260 CPUtime=762.18 cores=18-19
/proc/2927704/stat : 2927704 (clingo) R 2927699 2927699 2927640 0 -1 0 40142 0 0 0 76211 7 0 0 20 0 1 0 912536305 133804032 29815 17179869184 93824992301056 93824992468925 140737488338416 0 0 0 134217728 4 25184771 0 0 0 17 18 0 0 0 0 0 93824992533936 93824992571272 93824992575488 140737488340183 140737488340354 140737488340354 140737488351170 0
/proc/2927704/statm: 32667 29815 2089 41 0 28746 0
Current children cumulated CPU time: 762.25 s
Current children cumulated vsize: 157576 KiB
Current children cumulated memory: 132872 KiB

[startup+822.3 s]
/proc/loadavg: 14.23 14.22 13.85 20/803 2928139
/proc/meminfo: memFree=283237296/528004512 swapFree=8388604/8388604
[pid=2927699] ppid=2927697 vsize=26908 memory=13612 CPUtime=0.07 cores=18-19
/proc/2927699/stat : 2927699 (perf) S 2927697 2927699 2927640 0 -1 0 1738 237 0 0 6 1 0 0 20 0 1 0 912536297 27553792 3403 17179869184 93824994299904 93824996572973 140737488338256 0 0 0 134217728 4 74274 1 0 0 17 18 0 0 0 0 0 93824998874888 93825001005840 93825001308160 140737488340073 140737488340470 140737488340470 140737488351179 0
/proc/2927699/statm: 6727 3403 2098 555 0 1769 0
[pid=2927704] ppid=2927699 vsize=133084 memory=121428 CPUtime=822.18 cores=18-19
/proc/2927704/stat : 2927704 (clingo) R 2927699 2927699 2927640 0 -1 0 40865 0 0 0 82211 7 0 0 20 0 1 0 912536305 136278016 30357 17179869184 93824992301056 93824992468925 140737488338416 0 0 0 134217728 4 25184771 0 0 0 17 18 0 0 0 0 0 93824992533936 93824992571272 93824992575488 140737488340183 140737488340354 140737488340354 140737488351170 0
/proc/2927704/statm: 33271 30357 2089 41 0 29350 0
Current children cumulated CPU time: 822.25 s
Current children cumulated vsize: 159992 KiB
Current children cumulated memory: 135040 KiB

[startup+882.3 s]
/proc/loadavg: 14.08 14.18 13.86 20/803 2928142
/proc/meminfo: memFree=283199792/528004512 swapFree=8388604/8388604
[pid=2927699] ppid=2927697 vsize=26908 memory=13612 CPUtime=0.07 cores=18-19
/proc/2927699/stat : 2927699 (perf) S 2927697 2927699 2927640 0 -1 0 1738 237 0 0 6 1 0 0 20 0 1 0 912536297 27553792 3403 17179869184 93824994299904 93824996572973 140737488338256 0 0 0 134217728 4 74274 1 0 0 17 18 0 0 0 0 0 93824998874888 93825001005840 93825001308160 140737488340073 140737488340470 140737488340470 140737488351179 0
/proc/2927699/statm: 6727 3403 2098 555 0 1769 0
[pid=2927704] ppid=2927699 vsize=135684 memory=123704 CPUtime=882.18 cores=18-19
/proc/2927704/stat : 2927704 (clingo) R 2927699 2927699 2927640 0 -1 0 42286 0 0 0 88210 8 0 0 20 0 1 0 912536305 138940416 30926 17179869184 93824992301056 93824992468925 140737488338416 0 0 0 134217728 4 25184771 0 0 0 17 18 0 0 0 0 0 93824992533936 93824992571272 93824992575488 140737488340183 140737488340354 140737488340354 140737488351170 0
/proc/2927704/statm: 33921 30926 2089 41 0 30000 0
Current children cumulated CPU time: 882.25 s
Current children cumulated vsize: 162592 KiB
Current children cumulated memory: 137316 KiB

[startup+942.3 s]
/proc/loadavg: 15.22 14.53 14.00 20/804 2928147
/proc/meminfo: memFree=283170368/528004512 swapFree=8388604/8388604
[pid=2927699] ppid=2927697 vsize=26908 memory=13612 CPUtime=0.07 cores=18-19
/proc/2927699/stat : 2927699 (perf) S 2927697 2927699 2927640 0 -1 0 1738 237 0 0 6 1 0 0 20 0 1 0 912536297 27553792 3403 17179869184 93824994299904 93824996572973 140737488338256 0 0 0 134217728 4 74274 1 0 0 17 18 0 0 0 0 0 93824998874888 93825001005840 93825001308160 140737488340073 140737488340470 140737488340470 140737488351179 0
/proc/2927699/statm: 6727 3403 2098 555 0 1769 0
[pid=2927704] ppid=2927699 vsize=137228 memory=125156 CPUtime=942.18 cores=18-19
/proc/2927704/stat : 2927704 (clingo) R 2927699 2927699 2927640 0 -1 0 43111 0 0 0 94210 8 0 0 20 0 1 0 912536305 140521472 31289 17179869184 93824992301056 93824992468925 140737488338416 0 0 0 134217728 4 25184771 0 0 0 17 18 0 0 0 0 0 93824992533936 93824992571272 93824992575488 140737488340183 140737488340354 140737488340354 140737488351170 0
/proc/2927704/statm: 34307 31289 2089 41 0 30386 0
Current children cumulated CPU time: 942.25 s
Current children cumulated vsize: 164136 KiB
Current children cumulated memory: 138768 KiB

[startup+1002.3 s]
/proc/loadavg: 14.45 14.43 14.00 20/805 2928151
/proc/meminfo: memFree=283125528/528004512 swapFree=8388604/8388604
[pid=2927699] ppid=2927697 vsize=26908 memory=13612 CPUtime=0.07 cores=18-19
/proc/2927699/stat : 2927699 (perf) S 2927697 2927699 2927640 0 -1 0 1738 237 0 0 6 1 0 0 20 0 1 0 912536297 27553792 3403 17179869184 93824994299904 93824996572973 140737488338256 0 0 0 134217728 4 74274 1 0 0 17 18 0 0 0 0 0 93824998874888 93825001005840 93825001308160 140737488340073 140737488340470 140737488340470 140737488351179 0
/proc/2927699/statm: 6727 3403 2098 555 0 1769 0
[pid=2927704] ppid=2927699 vsize=139580 memory=127288 CPUtime=1002.18 cores=18-19
/proc/2927704/stat : 2927704 (clingo) R 2927699 2927699 2927640 0 -1 0 43960 0 0 0 100210 8 0 0 20 0 1 0 912536305 142929920 31822 17179869184 93824992301056 93824992468925 140737488338416 0 0 0 134217728 4 25184771 0 0 0 17 18 0 0 0 0 0 93824992533936 93824992571272 93824992575488 140737488340183 140737488340354 140737488340354 140737488351170 0
/proc/2927704/statm: 34895 31822 2089 41 0 30974 0
Current children cumulated CPU time: 1002.25 s
Current children cumulated vsize: 166488 KiB
Current children cumulated memory: 140900 KiB

[startup+1062.3 s]
/proc/loadavg: 14.16 14.35 14.00 20/805 2928153
/proc/meminfo: memFree=283082436/528004512 swapFree=8388604/8388604
[pid=2927699] ppid=2927697 vsize=26908 memory=13612 CPUtime=0.07 cores=18-19
/proc/2927699/stat : 2927699 (perf) S 2927697 2927699 2927640 0 -1 0 1738 237 0 0 6 1 0 0 20 0 1 0 912536297 27553792 3403 17179869184 93824994299904 93824996572973 140737488338256 0 0 0 134217728 4 74274 1 0 0 17 18 0 0 0 0 0 93824998874888 93825001005840 93825001308160 140737488340073 140737488340470 140737488340470 140737488351179 0
/proc/2927699/statm: 6727 3403 2098 555 0 1769 0
[pid=2927704] ppid=2927699 vsize=142900 memory=129924 CPUtime=1062.18 cores=18-19
/proc/2927704/stat : 2927704 (clingo) R 2927699 2927699 2927640 0 -1 0 44781 0 0 0 106210 8 0 0 20 0 1 0 912536305 146329600 32481 17179869184 93824992301056 93824992468925 140737488338416 0 0 0 134217728 4 25184771 0 0 0 17 18 0 0 0 0 0 93824992533936 93824992571272 93824992575488 140737488340183 140737488340354 140737488340354 140737488351170 0
/proc/2927704/statm: 35725 32481 2089 41 0 31804 0
Current children cumulated CPU time: 1062.25 s
Current children cumulated vsize: 169808 KiB
Current children cumulated memory: 143536 KiB

[startup+1122.3 s]
/proc/loadavg: 14.06 14.29 14.00 20/805 2928156
/proc/meminfo: memFree=283058040/528004512 swapFree=8388604/8388604
[pid=2927699] ppid=2927697 vsize=26908 memory=13612 CPUtime=0.07 cores=18-19
/proc/2927699/stat : 2927699 (perf) S 2927697 2927699 2927640 0 -1 0 1738 237 0 0 6 1 0 0 20 0 1 0 912536297 27553792 3403 17179869184 93824994299904 93824996572973 140737488338256 0 0 0 134217728 4 74274 1 0 0 17 18 0 0 0 0 0 93824998874888 93825001005840 93825001308160 140737488340073 140737488340470 140737488340470 140737488351179 0
/proc/2927699/statm: 6727 3403 2098 555 0 1769 0
[pid=2927704] ppid=2927699 vsize=145324 memory=132476 CPUtime=1122.18 cores=18-19
/proc/2927704/stat : 2927704 (clingo) R 2927699 2927699 2927640 0 -1 0 46408 0 0 0 112209 9 0 0 20 0 1 0 912536305 148811776 33119 17179869184 93824992301056 93824992468925 140737488338416 0 0 0 134217728 4 25184771 0 0 0 17 18 0 0 0 0 0 93824992533936 93824992571272 93824992575488 140737488340183 140737488340354 140737488340354 140737488351170 0
/proc/2927704/statm: 36331 33119 2089 41 0 32410 0
Current children cumulated CPU time: 1122.25 s
Current children cumulated vsize: 172232 KiB
Current children cumulated memory: 146088 KiB

[startup+1182.3 s]
/proc/loadavg: 14.02 14.23 14.00 20/805 2928159
/proc/meminfo: memFree=283028556/528004512 swapFree=8388604/8388604
[pid=2927699] ppid=2927697 vsize=26908 memory=13612 CPUtime=0.07 cores=18-19
/proc/2927699/stat : 2927699 (perf) S 2927697 2927699 2927640 0 -1 0 1738 237 0 0 6 1 0 0 20 0 1 0 912536297 27553792 3403 17179869184 93824994299904 93824996572973 140737488338256 0 0 0 134217728 4 74274 1 0 0 17 18 0 0 0 0 0 93824998874888 93825001005840 93825001308160 140737488340073 140737488340470 140737488340470 140737488351179 0
/proc/2927699/statm: 6727 3403 2098 555 0 1769 0
[pid=2927704] ppid=2927699 vsize=148472 memory=135112 CPUtime=1182.17 cores=18-19
/proc/2927704/stat : 2927704 (clingo) R 2927699 2927699 2927640 0 -1 0 47097 0 0 0 118208 9 0 0 20 0 1 0 912536305 152035328 33778 17179869184 93824992301056 93824992468925 140737488338416 0 0 0 134217728 4 25184771 0 0 0 17 18 0 0 0 0 0 93824992533936 93824992571272 93824992575488 140737488340183 140737488340354 140737488340354 140737488351170 0
/proc/2927704/statm: 37118 33778 2089 41 0 33197 0
Current children cumulated CPU time: 1182.24 s
Current children cumulated vsize: 175380 KiB
Current children cumulated memory: 148724 KiB



Maximum wall clock time exceeded: sending SIGTERM then SIGKILL

[startup+1205 s]*
/proc/loadavg: 14.01 14.22 14.00 15/768 2928950
/proc/meminfo: memFree=283995848/528004512 swapFree=8388604/8388604
[pid=2927699] ppid=2927697 vsize=26908 memory=13612 CPUtime=0.07 cores=18-19
/proc/2927699/stat : 2927699 (perf) S 2927697 2927699 2927640 0 -1 0 1738 237 0 0 6 1 0 0 20 0 1 0 912536297 27553792 3403 17179869184 93824994299904 93824996572973 140737488338256 0 0 0 134217728 4 74274 1 0 0 17 18 0 0 0 0 0 93824998874888 93825001005840 93825001308160 140737488340073 140737488340470 140737488340470 140737488351179 0
/proc/2927699/statm: 6727 3403 2098 555 0 1769 0
[pid=2927704] ppid=2927699 vsize=148472 memory=135368 CPUtime=1204.89 cores=18-19
/proc/2927704/stat : 2927704 (clingo) R 2927699 2927699 2927640 0 -1 0 47438 0 0 0 120479 10 0 0 20 0 1 0 912536305 152035328 33842 17179869184 93824992301056 93824992468925 140737488338416 0 0 0 134217728 4 25184771 0 0 0 17 18 0 0 0 0 0 93824992533936 93824992571272 93824992575488 140737488340183 140737488340354 140737488340354 140737488351170 0
/proc/2927704/statm: 37118 33842 2089 41 0 33197 0
Current children cumulated CPU time: 1204.96 s
Current children cumulated vsize: 175380 KiB
Current children cumulated memory: 148980 KiB

Sending SIGINT to process tree (bottom up)
Sleeping 5 seconds

[startup+1205.03 s]
# the end of solver process 2927699 was just reported to runsolver
# cumulated CPU time of all completed processes:  user=1204.87 s, system=0.125299 s

Solver just ended.
??? end of watcher thread
Dumping a history of the last processes samples

Child status: 1
Real time (s): 1205.03
CPU time (s): 1204.99
CPU user time (s): 1204.87
CPU system time (s): 0.125299
CPU usage (%): 99.9973
Max. virtual memory (cumulated for all children) (KiB): 176700
Max. memory (cumulated for all children) (KiB): 150044

getrusage(RUSAGE_CHILDREN,...) data:
user time used= 1204.87
system time used= 0.125299
maximum resident set size= 136432
integral shared memory size= 0
integral unshared data size= 0
integral unshared stack size= 0
page reclaims= 49453
page faults= 0
swaps= 0
block input operations= 0
block output operations= 0
messages sent= 0
messages received= 0
signals received= 0
voluntary context switches= 33
involuntary context switches= 1455


# summary of solver processes directly reported to runsolver:
#   pid: 2927699
#   total CPU time (s): 1204.99
#   total CPU user time (s): 1204.87
#   total CPU system time (s): 0.125299

??? end of timestamper thread
runsolver used 8.17345 second user time and 14.6306 second system time

The end
