runsolver version 3.4.0 (svn: 3018) Copyright (C) 2010-2013 Olivier ROUSSEL

This program is distributed in the hope that it will be useful,
but WITHOUT ANY WARRANTY; without even the implied warranty of
MERCHANTABILITY or FITNESS FOR A PARTICULAR PURPOSE.  See the
GNU General Public License for more details.

NUMA information:
  number of nodes: 2
  memory of node 0: 257635 MiB (189353 MiB free)
  memory of node 1: 257994 MiB (189116 MiB free)
  node distances:
     10  20
     20  10

command line: /dev/shm/37794134-2e81-11f1-ac62-000c298f4621/input/runsolver -w /dev/shm/37794134-2e81-11f1-ac62-000c298f4621/output/runsolver.log -v /dev/shm/37794134-2e81-11f1-ac62-000c298f4621/output/varfile.log -W 1205 --rss-swap-limit 16384 -d 5 --sigint /usr/bin/perf stat -B -e task-clock,cache-references,cache-misses,cycles,instructions,branches,faults,migrations,context-switches -o /dev/shm/37794134-2e81-11f1-ac62-000c298f4621/output/perf.log clingo /home/guests/mmacri/AMOSUM/benchmarks/GraphColouring/encoding-plain-amo.asp /dev/shm/37794134-2e81-11f1-ac62-000c298f4621/input/0041-graph_colouring-145-0_6960.asp 

running on 2 cores: 2-3

Enforcing wall clock limit (soft limit, will send SIGTERM then SIGKILL): 1205 seconds
Enforcing RSS+Swap limit (soft limit, will send SIGTERM then SIGKILL): 16777216 KiB
Linux 5.15.0-131-generic
Current StackSize limit: 8192 KiB

solver pid=3336639, runsolver pid=3336638

[startup+0.10007 s]*
/proc/loadavg: 14.18 14.15 13.27 15/840 3336643
/proc/meminfo: memFree=387547920/528004516 swapFree=8388604/8388604
[pid=3336639] ppid=3336638 vsize=26908 memory=13616 CPUtime=0.07 cores=2-3
/proc/3336639/stat : 3336639 (perf) S 3336638 3336639 3336597 0 -1 0 1738 237 0 0 5 2 0 0 20 0 1 0 922994493 27553792 3404 17179869184 93824994299904 93824996572973 140737488338256 0 0 0 134217728 4 74274 1 0 0 17 2 0 0 0 0 0 93824998874888 93825001005840 93825001308160 140737488340073 140737488340470 140737488340470 140737488351179 0
/proc/3336639/statm: 6727 3404 2099 555 0 1769 0
[pid=3336643] ppid=3336639 vsize=19028 memory=10680 CPUtime=0.01 cores=2-3
/proc/3336643/stat : 3336643 (clingo) R 3336639 3336639 3336597 0 -1 0 888 0 0 0 1 0 0 0 20 0 1 0 922994501 19484672 2670 17179869184 93824992301056 93824992468925 140737488338416 0 0 0 134217728 4 25184771 0 0 0 17 3 0 0 0 0 0 93824992533936 93824992571272 93824992575488 140737488340183 140737488340354 140737488340354 140737488351170 0
/proc/3336643/statm: 4757 2670 2045 41 0 836 0
Current children cumulated CPU time: 0.08 s
Current children cumulated vsize: 45936 KiB
Current children cumulated memory: 24296 KiB

[startup+0.218645 s]*
/proc/loadavg: 14.18 14.15 13.27 16/840 3336643
/proc/meminfo: memFree=387544896/528004516 swapFree=8388604/8388604
[pid=3336639] ppid=3336638 vsize=26908 memory=13616 CPUtime=0.07 cores=2-3
/proc/3336639/stat : 3336639 (perf) S 3336638 3336639 3336597 0 -1 0 1738 237 0 0 5 2 0 0 20 0 1 0 922994493 27553792 3404 17179869184 93824994299904 93824996572973 140737488338256 0 0 0 134217728 4 74274 1 0 0 17 2 0 0 0 0 0 93824998874888 93825001005840 93825001308160 140737488340073 140737488340470 140737488340470 140737488351179 0
/proc/3336639/statm: 6727 3404 2099 555 0 1769 0
[pid=3336643] ppid=3336639 vsize=24520 memory=16468 CPUtime=0.13 cores=2-3
/proc/3336643/stat : 3336643 (clingo) R 3336639 3336639 3336597 0 -1 0 2337 0 0 0 13 0 0 0 20 0 1 0 922994501 25108480 4117 17179869184 93824992301056 93824992468925 140737488338416 0 0 0 134217728 4 25184771 0 0 0 17 3 0 0 0 0 0 93824992533936 93824992571272 93824992575488 140737488340183 140737488340354 140737488340354 140737488351170 0
/proc/3336643/statm: 6130 4117 2092 41 0 2209 0
Current children cumulated CPU time: 0.2 s
Current children cumulated vsize: 51428 KiB
Current children cumulated memory: 30084 KiB

[startup+0.334986 s]*
/proc/loadavg: 14.18 14.15 13.27 19/840 3336643
/proc/meminfo: memFree=387543636/528004516 swapFree=8388604/8388604
[pid=3336639] ppid=3336638 vsize=26908 memory=13616 CPUtime=0.07 cores=2-3
/proc/3336639/stat : 3336639 (perf) S 3336638 3336639 3336597 0 -1 0 1738 237 0 0 5 2 0 0 20 0 1 0 922994493 27553792 3404 17179869184 93824994299904 93824996572973 140737488338256 0 0 0 134217728 4 74274 1 0 0 17 2 0 0 0 0 0 93824998874888 93825001005840 93825001308160 140737488340073 140737488340470 140737488340470 140737488351179 0
/proc/3336639/statm: 6727 3404 2099 555 0 1769 0
[pid=3336643] ppid=3336639 vsize=25444 memory=17260 CPUtime=0.22 cores=2-3
/proc/3336643/stat : 3336643 (clingo) R 3336639 3336639 3336597 0 -1 0 2569 0 0 0 22 0 0 0 20 0 1 0 922994501 26054656 4315 17179869184 93824992301056 93824992468925 140737488338416 0 0 0 134217728 4 25184771 0 0 0 17 3 0 0 0 0 0 93824992533936 93824992571272 93824992575488 140737488340183 140737488340354 140737488340354 140737488351170 0
/proc/3336643/statm: 6361 4315 2092 41 0 2440 0
Current children cumulated CPU time: 0.29 s
Current children cumulated vsize: 52352 KiB
Current children cumulated memory: 30876 KiB

[startup+0.700314 s]
/proc/loadavg: 14.18 14.15 13.27 14/832 3336655
/proc/meminfo: memFree=387548084/528004516 swapFree=8388604/8388604
[pid=3336639] ppid=3336638 vsize=26908 memory=13616 CPUtime=0.07 cores=2-3
/proc/3336639/stat : 3336639 (perf) S 3336638 3336639 3336597 0 -1 0 1738 237 0 0 5 2 0 0 20 0 1 0 922994493 27553792 3404 17179869184 93824994299904 93824996572973 140737488338256 0 0 0 134217728 4 74274 1 0 0 17 2 0 0 0 0 0 93824998874888 93825001005840 93825001308160 140737488340073 140737488340470 140737488340470 140737488351179 0
/proc/3336639/statm: 6727 3404 2099 555 0 1769 0
[pid=3336643] ppid=3336639 vsize=27080 memory=18844 CPUtime=0.52 cores=2-3
/proc/3336643/stat : 3336643 (clingo) R 3336639 3336639 3336597 0 -1 0 2976 0 0 0 52 0 0 0 20 0 1 0 922994501 27729920 4711 17179869184 93824992301056 93824992468925 140737488338416 0 0 0 134217728 4 25184771 0 0 0 17 3 0 0 0 0 0 93824992533936 93824992571272 93824992575488 140737488340183 140737488340354 140737488340354 140737488351170 0
/proc/3336643/statm: 6770 4711 2092 41 0 2849 0
Current children cumulated CPU time: 0.59 s
Current children cumulated vsize: 53988 KiB
Current children cumulated memory: 32460 KiB

[startup+1.50035 s]
/proc/loadavg: 14.33 14.18 13.29 15/840 3336746
/proc/meminfo: memFree=387547968/528004516 swapFree=8388604/8388604
[pid=3336639] ppid=3336638 vsize=26908 memory=13616 CPUtime=0.07 cores=2-3
/proc/3336639/stat : 3336639 (perf) S 3336638 3336639 3336597 0 -1 0 1738 237 0 0 5 2 0 0 20 0 1 0 922994493 27553792 3404 17179869184 93824994299904 93824996572973 140737488338256 0 0 0 134217728 4 74274 1 0 0 17 2 0 0 0 0 0 93824998874888 93825001005840 93825001308160 140737488340073 140737488340470 140737488340470 140737488351179 0
/proc/3336639/statm: 6727 3404 2099 555 0 1769 0
[pid=3336643] ppid=3336639 vsize=29228 memory=20956 CPUtime=1.31 cores=2-3
/proc/3336643/stat : 3336643 (clingo) R 3336639 3336639 3336597 0 -1 0 3501 0 0 0 130 1 0 0 20 0 1 0 922994501 29929472 5239 17179869184 93824992301056 93824992468925 140737488338416 0 0 0 134217728 4 25184771 0 0 0 17 2 0 0 0 0 0 93824992533936 93824992571272 93824992575488 140737488340183 140737488340354 140737488340354 140737488351170 0
/proc/3336643/statm: 7307 5239 2092 41 0 3386 0
Current children cumulated CPU time: 1.38 s
Current children cumulated vsize: 56136 KiB
Current children cumulated memory: 34572 KiB

[startup+3.11831 s]
/proc/loadavg: 14.33 14.18 13.29 16/841 3336747
/proc/meminfo: memFree=387514144/528004516 swapFree=8388604/8388604
[pid=3336639] ppid=3336638 vsize=26908 memory=13616 CPUtime=0.07 cores=2-3
/proc/3336639/stat : 3336639 (perf) S 3336638 3336639 3336597 0 -1 0 1738 237 0 0 5 2 0 0 20 0 1 0 922994493 27553792 3404 17179869184 93824994299904 93824996572973 140737488338256 0 0 0 134217728 4 74274 1 0 0 17 2 0 0 0 0 0 93824998874888 93825001005840 93825001308160 140737488340073 140737488340470 140737488340470 140737488351179 0
/proc/3336639/statm: 6727 3404 2099 555 0 1769 0
[pid=3336643] ppid=3336639 vsize=31260 memory=23068 CPUtime=2.92 cores=2-3
/proc/3336643/stat : 3336643 (clingo) R 3336639 3336639 3336597 0 -1 0 4006 0 0 0 291 1 0 0 20 0 1 0 922994501 32010240 5767 17179869184 93824992301056 93824992468925 140737488338416 0 0 0 134217728 4 25184771 0 0 0 17 2 0 0 0 0 0 93824992533936 93824992571272 93824992575488 140737488340183 140737488340354 140737488340354 140737488351170 0
/proc/3336643/statm: 7815 5767 2092 41 0 3894 0
Current children cumulated CPU time: 2.99 s
Current children cumulated vsize: 58168 KiB
Current children cumulated memory: 36684 KiB

[startup+6.30029 s]
/proc/loadavg: 14.30 14.18 13.29 16/841 3336747
/proc/meminfo: memFree=387479052/528004516 swapFree=8388604/8388604
[pid=3336639] ppid=3336638 vsize=26908 memory=13616 CPUtime=0.07 cores=2-3
/proc/3336639/stat : 3336639 (perf) S 3336638 3336639 3336597 0 -1 0 1738 237 0 0 5 2 0 0 20 0 1 0 922994493 27553792 3404 17179869184 93824994299904 93824996572973 140737488338256 0 0 0 134217728 4 74274 1 0 0 17 2 0 0 0 0 0 93824998874888 93825001005840 93825001308160 140737488340073 140737488340470 140737488340470 140737488351179 0
/proc/3336639/statm: 6727 3404 2099 555 0 1769 0
[pid=3336643] ppid=3336639 vsize=36412 memory=27820 CPUtime=6.11 cores=2-3
/proc/3336643/stat : 3336643 (clingo) R 3336639 3336639 3336597 0 -1 0 5183 0 0 0 610 1 0 0 20 0 1 0 922994501 37285888 6955 17179869184 93824992301056 93824992468925 140737488338416 0 0 0 134217728 4 25184771 0 0 0 17 2 0 0 0 0 0 93824992533936 93824992571272 93824992575488 140737488340183 140737488340354 140737488340354 140737488351170 0
/proc/3336643/statm: 9103 6955 2092 41 0 5182 0
Current children cumulated CPU time: 6.18 s
Current children cumulated vsize: 63320 KiB
Current children cumulated memory: 41436 KiB

[startup+12.7003 s]
/proc/loadavg: 14.36 14.19 13.30 16/841 3336747
/proc/meminfo: memFree=387428492/528004516 swapFree=8388604/8388604
[pid=3336639] ppid=3336638 vsize=26908 memory=13616 CPUtime=0.07 cores=2-3
/proc/3336639/stat : 3336639 (perf) S 3336638 3336639 3336597 0 -1 0 1738 237 0 0 5 2 0 0 20 0 1 0 922994493 27553792 3404 17179869184 93824994299904 93824996572973 140737488338256 0 0 0 134217728 4 74274 1 0 0 17 2 0 0 0 0 0 93824998874888 93825001005840 93825001308160 140737488340073 140737488340470 140737488340470 140737488351179 0
/proc/3336639/statm: 6727 3404 2099 555 0 1769 0
[pid=3336643] ppid=3336639 vsize=40040 memory=30988 CPUtime=12.51 cores=2-3
/proc/3336643/stat : 3336643 (clingo) R 3336639 3336639 3336597 0 -1 0 5990 0 0 0 1250 1 0 0 20 0 1 0 922994501 41000960 7747 17179869184 93824992301056 93824992468925 140737488338416 0 0 0 134217728 4 25184771 0 0 0 17 2 0 0 0 0 0 93824992533936 93824992571272 93824992575488 140737488340183 140737488340354 140737488340354 140737488351170 0
/proc/3336643/statm: 10010 7747 2092 41 0 6089 0
Current children cumulated CPU time: 12.58 s
Current children cumulated vsize: 66948 KiB
Current children cumulated memory: 44604 KiB

[startup+25.5004 s]
/proc/loadavg: 14.54 14.24 13.32 15/841 3336748
/proc/meminfo: memFree=387362824/528004516 swapFree=8388604/8388604
[pid=3336639] ppid=3336638 vsize=26908 memory=13616 CPUtime=0.07 cores=2-3
/proc/3336639/stat : 3336639 (perf) S 3336638 3336639 3336597 0 -1 0 1738 237 0 0 5 2 0 0 20 0 1 0 922994493 27553792 3404 17179869184 93824994299904 93824996572973 140737488338256 0 0 0 134217728 4 74274 1 0 0 17 2 0 0 0 0 0 93824998874888 93825001005840 93825001308160 140737488340073 140737488340470 140737488340470 140737488351179 0
/proc/3336639/statm: 6727 3404 2099 555 0 1769 0
[pid=3336643] ppid=3336639 vsize=43804 memory=34420 CPUtime=25.31 cores=2-3
/proc/3336643/stat : 3336643 (clingo) R 3336639 3336639 3336597 0 -1 0 6850 0 0 0 2530 1 0 0 20 0 1 0 922994501 44855296 8605 17179869184 93824992301056 93824992468925 140737488338416 0 0 0 134217728 4 25184771 0 0 0 17 2 0 0 0 0 0 93824992533936 93824992571272 93824992575488 140737488340183 140737488340354 140737488340354 140737488351170 0
/proc/3336643/statm: 10951 8605 2092 41 0 7030 0
Current children cumulated CPU time: 25.38 s
Current children cumulated vsize: 70712 KiB
Current children cumulated memory: 48036 KiB

[startup+51.1185 s]
/proc/loadavg: 14.44 14.24 13.36 15/842 3336750
/proc/meminfo: memFree=387268920/528004516 swapFree=8388604/8388604
[pid=3336639] ppid=3336638 vsize=26908 memory=13616 CPUtime=0.07 cores=2-3
/proc/3336639/stat : 3336639 (perf) S 3336638 3336639 3336597 0 -1 0 1738 237 0 0 5 2 0 0 20 0 1 0 922994493 27553792 3404 17179869184 93824994299904 93824996572973 140737488338256 0 0 0 134217728 4 74274 1 0 0 17 2 0 0 0 0 0 93824998874888 93825001005840 93825001308160 140737488340073 140737488340470 140737488340470 140737488351179 0
/proc/3336639/statm: 6727 3404 2099 555 0 1769 0
[pid=3336643] ppid=3336639 vsize=50104 memory=40228 CPUtime=50.92 cores=2-3
/proc/3336643/stat : 3336643 (clingo) R 3336639 3336639 3336597 0 -1 0 8331 0 0 0 5091 1 0 0 20 0 1 0 922994501 51306496 10057 17179869184 93824992301056 93824992468925 140737488338416 0 0 0 134217728 4 25184771 0 0 0 17 2 0 0 0 0 0 93824992533936 93824992571272 93824992575488 140737488340183 140737488340354 140737488340354 140737488351170 0
/proc/3336643/statm: 12526 10057 2092 41 0 8605 0
Current children cumulated CPU time: 50.99 s
Current children cumulated vsize: 77012 KiB
Current children cumulated memory: 53844 KiB

[startup+102.3 s]
/proc/loadavg: 14.19 14.20 13.39 15/843 3336899
/proc/meminfo: memFree=387209380/528004516 swapFree=8388604/8388604
[pid=3336639] ppid=3336638 vsize=26908 memory=13616 CPUtime=0.07 cores=2-3
/proc/3336639/stat : 3336639 (perf) S 3336638 3336639 3336597 0 -1 0 1738 237 0 0 5 2 0 0 20 0 1 0 922994493 27553792 3404 17179869184 93824994299904 93824996572973 140737488338256 0 0 0 134217728 4 74274 1 0 0 17 2 0 0 0 0 0 93824998874888 93825001005840 93825001308160 140737488340073 140737488340470 140737488340470 140737488351179 0
/proc/3336639/statm: 6727 3404 2099 555 0 1769 0
[pid=3336643] ppid=3336639 vsize=58956 memory=48148 CPUtime=102.1 cores=2-3
/proc/3336643/stat : 3336643 (clingo) R 3336639 3336639 3336597 0 -1 0 10257 0 0 0 10208 2 0 0 20 0 1 0 922994501 60370944 12037 17179869184 93824992301056 93824992468925 140737488338416 0 0 0 134217728 4 25184771 0 0 0 17 2 0 0 0 0 0 93824992533936 93824992571272 93824992575488 140737488340183 140737488340354 140737488340354 140737488351170 0
/proc/3336643/statm: 14739 12037 2092 41 0 10818 0
Current children cumulated CPU time: 102.17 s
Current children cumulated vsize: 85864 KiB
Current children cumulated memory: 61764 KiB

[startup+162.3 s]
/proc/loadavg: 14.56 14.31 13.48 15/843 3336904
/proc/meminfo: memFree=387083648/528004516 swapFree=8388604/8388604
[pid=3336639] ppid=3336638 vsize=26908 memory=13616 CPUtime=0.07 cores=2-3
/proc/3336639/stat : 3336639 (perf) S 3336638 3336639 3336597 0 -1 0 1738 237 0 0 5 2 0 0 20 0 1 0 922994493 27553792 3404 17179869184 93824994299904 93824996572973 140737488338256 0 0 0 134217728 4 74274 1 0 0 17 2 0 0 0 0 0 93824998874888 93825001005840 93825001308160 140737488340073 140737488340470 140737488340470 140737488351179 0
/proc/3336639/statm: 6727 3404 2099 555 0 1769 0
[pid=3336643] ppid=3336639 vsize=64224 memory=53692 CPUtime=162.1 cores=2-3
/proc/3336643/stat : 3336643 (clingo) R 3336639 3336639 3336597 0 -1 0 11646 0 0 0 16208 2 0 0 20 0 1 0 922994501 65765376 13423 17179869184 93824992301056 93824992468925 140737488338416 0 0 0 134217728 4 25184771 0 0 0 17 2 0 0 0 0 0 93824992533936 93824992571272 93824992575488 140737488340183 140737488340354 140737488340354 140737488351170 0
/proc/3336643/statm: 16056 13423 2092 41 0 12135 0
Current children cumulated CPU time: 162.17 s
Current children cumulated vsize: 91132 KiB
Current children cumulated memory: 67308 KiB

[startup+222.3 s]
/proc/loadavg: 14.32 14.28 13.53 15/843 3336907
/proc/meminfo: memFree=386983864/528004516 swapFree=8388604/8388604
[pid=3336639] ppid=3336638 vsize=26908 memory=13616 CPUtime=0.07 cores=2-3
/proc/3336639/stat : 3336639 (perf) S 3336638 3336639 3336597 0 -1 0 1738 237 0 0 5 2 0 0 20 0 1 0 922994493 27553792 3404 17179869184 93824994299904 93824996572973 140737488338256 0 0 0 134217728 4 74274 1 0 0 17 2 0 0 0 0 0 93824998874888 93825001005840 93825001308160 140737488340073 140737488340470 140737488340470 140737488351179 0
/proc/3336639/statm: 6727 3404 2099 555 0 1769 0
[pid=3336643] ppid=3336639 vsize=69536 memory=58444 CPUtime=222.09 cores=2-3
/proc/3336643/stat : 3336643 (clingo) R 3336639 3336639 3336597 0 -1 0 12838 0 0 0 22207 2 0 0 20 0 1 0 922994501 71204864 14611 17179869184 93824992301056 93824992468925 140737488338416 0 0 0 134217728 4 25184771 0 0 0 17 2 0 0 0 0 0 93824992533936 93824992571272 93824992575488 140737488340183 140737488340354 140737488340354 140737488351170 0
/proc/3336643/statm: 17384 14611 2092 41 0 13463 0
Current children cumulated CPU time: 222.16 s
Current children cumulated vsize: 96444 KiB
Current children cumulated memory: 72060 KiB

[startup+282.3 s]
/proc/loadavg: 14.26 14.28 13.58 15/843 3336911
/proc/meminfo: memFree=386907012/528004516 swapFree=8388604/8388604
[pid=3336639] ppid=3336638 vsize=26908 memory=13616 CPUtime=0.07 cores=2-3
/proc/3336639/stat : 3336639 (perf) S 3336638 3336639 3336597 0 -1 0 1738 237 0 0 5 2 0 0 20 0 1 0 922994493 27553792 3404 17179869184 93824994299904 93824996572973 140737488338256 0 0 0 134217728 4 74274 1 0 0 17 2 0 0 0 0 0 93824998874888 93825001005840 93825001308160 140737488340073 140737488340470 140737488340470 140737488351179 0
/proc/3336639/statm: 6727 3404 2099 555 0 1769 0
[pid=3336643] ppid=3336639 vsize=75984 memory=63724 CPUtime=282.09 cores=2-3
/proc/3336643/stat : 3336643 (clingo) R 3336639 3336639 3336597 0 -1 0 14169 0 0 0 28207 2 0 0 20 0 1 0 922994501 77807616 15931 17179869184 93824992301056 93824992468925 140737488338416 0 0 0 134217728 4 25184771 0 0 0 17 2 0 0 0 0 0 93824992533936 93824992571272 93824992575488 140737488340183 140737488340354 140737488340354 140737488351170 0
/proc/3336643/statm: 18996 15931 2092 41 0 15075 0
Current children cumulated CPU time: 282.16 s
Current children cumulated vsize: 102892 KiB
Current children cumulated memory: 77340 KiB

[startup+342.3 s]
/proc/loadavg: 14.41 14.31 13.64 15/820 3336915
/proc/meminfo: memFree=386837580/528004516 swapFree=8388604/8388604
[pid=3336639] ppid=3336638 vsize=26908 memory=13616 CPUtime=0.07 cores=2-3
/proc/3336639/stat : 3336639 (perf) S 3336638 3336639 3336597 0 -1 0 1738 237 0 0 5 2 0 0 20 0 1 0 922994493 27553792 3404 17179869184 93824994299904 93824996572973 140737488338256 0 0 0 134217728 4 74274 1 0 0 17 2 0 0 0 0 0 93824998874888 93825001005840 93825001308160 140737488340073 140737488340470 140737488340470 140737488351179 0
/proc/3336639/statm: 6727 3404 2099 555 0 1769 0
[pid=3336643] ppid=3336639 vsize=81484 memory=68476 CPUtime=342.1 cores=2-3
/proc/3336643/stat : 3336643 (clingo) R 3336639 3336639 3336597 0 -1 0 15336 0 0 0 34207 3 0 0 20 0 1 0 922994501 83439616 17119 17179869184 93824992301056 93824992468925 140737488338416 0 0 0 134217728 4 25184771 0 0 0 17 2 0 0 0 0 0 93824992533936 93824992571272 93824992575488 140737488340183 140737488340354 140737488340354 140737488351170 0
/proc/3336643/statm: 20371 17119 2092 41 0 16450 0
Current children cumulated CPU time: 342.17 s
Current children cumulated vsize: 108392 KiB
Current children cumulated memory: 82092 KiB

[startup+402.3 s]
/proc/loadavg: 14.22 14.27 13.66 15/819 3336917
/proc/meminfo: memFree=386762752/528004516 swapFree=8388604/8388604
[pid=3336639] ppid=3336638 vsize=26908 memory=13616 CPUtime=0.07 cores=2-3
/proc/3336639/stat : 3336639 (perf) S 3336638 3336639 3336597 0 -1 0 1738 237 0 0 5 2 0 0 20 0 1 0 922994493 27553792 3404 17179869184 93824994299904 93824996572973 140737488338256 0 0 0 134217728 4 74274 1 0 0 17 2 0 0 0 0 0 93824998874888 93825001005840 93825001308160 140737488340073 140737488340470 140737488340470 140737488351179 0
/proc/3336639/statm: 6727 3404 2099 555 0 1769 0
[pid=3336643] ppid=3336639 vsize=84332 memory=71116 CPUtime=402.1 cores=2-3
/proc/3336643/stat : 3336643 (clingo) R 3336639 3336639 3336597 0 -1 0 16014 0 0 0 40207 3 0 0 20 0 1 0 922994501 86355968 17779 17179869184 93824992301056 93824992468925 140737488338416 0 0 0 134217728 4 25184771 0 0 0 17 2 0 0 0 0 0 93824992533936 93824992571272 93824992575488 140737488340183 140737488340354 140737488340354 140737488351170 0
/proc/3336643/statm: 21083 17779 2092 41 0 17162 0
Current children cumulated CPU time: 402.17 s
Current children cumulated vsize: 111240 KiB
Current children cumulated memory: 84732 KiB

[startup+462.3 s]
/proc/loadavg: 14.24 14.28 13.71 15/816 3336920
/proc/meminfo: memFree=386703056/528004516 swapFree=8388604/8388604
[pid=3336639] ppid=3336638 vsize=26908 memory=13616 CPUtime=0.07 cores=2-3
/proc/3336639/stat : 3336639 (perf) S 3336638 3336639 3336597 0 -1 0 1738 237 0 0 5 2 0 0 20 0 1 0 922994493 27553792 3404 17179869184 93824994299904 93824996572973 140737488338256 0 0 0 134217728 4 74274 1 0 0 17 2 0 0 0 0 0 93824998874888 93825001005840 93825001308160 140737488340073 140737488340470 140737488340470 140737488351179 0
/proc/3336639/statm: 6727 3404 2099 555 0 1769 0
[pid=3336643] ppid=3336639 vsize=85848 memory=72964 CPUtime=462.09 cores=2-3
/proc/3336643/stat : 3336643 (clingo) R 3336639 3336639 3336597 0 -1 0 16497 0 0 0 46206 3 0 0 20 0 1 0 922994501 87908352 18241 17179869184 93824992301056 93824992468925 140737488338416 0 0 0 134217728 4 25184771 0 0 0 17 2 0 0 0 0 0 93824992533936 93824992571272 93824992575488 140737488340183 140737488340354 140737488340354 140737488351170 0
/proc/3336643/statm: 21462 18241 2092 41 0 17541 0
Current children cumulated CPU time: 462.16 s
Current children cumulated vsize: 112756 KiB
Current children cumulated memory: 86580 KiB

[startup+522.3 s]
/proc/loadavg: 14.17 14.24 13.74 15/816 3336924
/proc/meminfo: memFree=386653204/528004516 swapFree=8388604/8388604
[pid=3336639] ppid=3336638 vsize=26908 memory=13616 CPUtime=0.07 cores=2-3
/proc/3336639/stat : 3336639 (perf) S 3336638 3336639 3336597 0 -1 0 1738 237 0 0 5 2 0 0 20 0 1 0 922994493 27553792 3404 17179869184 93824994299904 93824996572973 140737488338256 0 0 0 134217728 4 74274 1 0 0 17 2 0 0 0 0 0 93824998874888 93825001005840 93825001308160 140737488340073 140737488340470 140737488340470 140737488351179 0
/proc/3336639/statm: 6727 3404 2099 555 0 1769 0
[pid=3336643] ppid=3336639 vsize=87364 memory=74548 CPUtime=522.09 cores=2-3
/proc/3336643/stat : 3336643 (clingo) R 3336639 3336639 3336597 0 -1 0 16910 0 0 0 52206 3 0 0 20 0 1 0 922994501 89460736 18637 17179869184 93824992301056 93824992468925 140737488338416 0 0 0 134217728 4 25184771 0 0 0 17 2 0 0 0 0 0 93824992533936 93824992571272 93824992575488 140737488340183 140737488340354 140737488340354 140737488351170 0
/proc/3336643/statm: 21841 18637 2092 41 0 17920 0
Current children cumulated CPU time: 522.16 s
Current children cumulated vsize: 114272 KiB
Current children cumulated memory: 88164 KiB

[startup+582.3 s]
/proc/loadavg: 15.49 14.62 13.90 15/816 3336928
/proc/meminfo: memFree=386602128/528004516 swapFree=8388604/8388604
[pid=3336639] ppid=3336638 vsize=26908 memory=13616 CPUtime=0.07 cores=2-3
/proc/3336639/stat : 3336639 (perf) S 3336638 3336639 3336597 0 -1 0 1738 237 0 0 5 2 0 0 20 0 1 0 922994493 27553792 3404 17179869184 93824994299904 93824996572973 140737488338256 0 0 0 134217728 4 74274 1 0 0 17 2 0 0 0 0 0 93824998874888 93825001005840 93825001308160 140737488340073 140737488340470 140737488340470 140737488351179 0
/proc/3336639/statm: 6727 3404 2099 555 0 1769 0
[pid=3336643] ppid=3336639 vsize=89080 memory=76396 CPUtime=582.09 cores=2-3
/proc/3336643/stat : 3336643 (clingo) R 3336639 3336639 3336597 0 -1 0 17369 0 0 0 58206 3 0 0 20 0 1 0 922994501 91217920 19099 17179869184 93824992301056 93824992468925 140737488338416 0 0 0 134217728 4 25184771 0 0 0 17 2 0 0 0 0 0 93824992533936 93824992571272 93824992575488 140737488340183 140737488340354 140737488340354 140737488351170 0
/proc/3336643/statm: 22270 19099 2092 41 0 18349 0
Current children cumulated CPU time: 582.16 s
Current children cumulated vsize: 115988 KiB
Current children cumulated memory: 90012 KiB

[startup+642.3 s]
/proc/loadavg: 14.55 14.50 13.91 15/817 3336932
/proc/meminfo: memFree=386560296/528004516 swapFree=8388604/8388604
[pid=3336639] ppid=3336638 vsize=26908 memory=13616 CPUtime=0.07 cores=2-3
/proc/3336639/stat : 3336639 (perf) S 3336638 3336639 3336597 0 -1 0 1738 237 0 0 5 2 0 0 20 0 1 0 922994493 27553792 3404 17179869184 93824994299904 93824996572973 140737488338256 0 0 0 134217728 4 74274 1 0 0 17 2 0 0 0 0 0 93824998874888 93825001005840 93825001308160 140737488340073 140737488340470 140737488340470 140737488351179 0
/proc/3336639/statm: 6727 3404 2099 555 0 1769 0
[pid=3336643] ppid=3336639 vsize=91216 memory=78772 CPUtime=642.08 cores=2-3
/proc/3336643/stat : 3336643 (clingo) R 3336639 3336639 3336597 0 -1 0 17950 0 0 0 64205 3 0 0 20 0 1 0 922994501 93405184 19693 17179869184 93824992301056 93824992468925 140737488338416 0 0 0 134217728 4 25184771 0 0 0 17 2 0 0 0 0 0 93824992533936 93824992571272 93824992575488 140737488340183 140737488340354 140737488340354 140737488351170 0
/proc/3336643/statm: 22804 19693 2092 41 0 18883 0
Current children cumulated CPU time: 642.15 s
Current children cumulated vsize: 118124 KiB
Current children cumulated memory: 92388 KiB

[startup+702.3 s]
/proc/loadavg: 14.23 14.42 13.92 15/817 3336935
/proc/meminfo: memFree=386509944/528004516 swapFree=8388604/8388604
[pid=3336639] ppid=3336638 vsize=26908 memory=13616 CPUtime=0.07 cores=2-3
/proc/3336639/stat : 3336639 (perf) S 3336638 3336639 3336597 0 -1 0 1738 237 0 0 5 2 0 0 20 0 1 0 922994493 27553792 3404 17179869184 93824994299904 93824996572973 140737488338256 0 0 0 134217728 4 74274 1 0 0 17 2 0 0 0 0 0 93824998874888 93825001005840 93825001308160 140737488340073 140737488340470 140737488340470 140737488351179 0
/proc/3336639/statm: 6727 3404 2099 555 0 1769 0
[pid=3336643] ppid=3336639 vsize=93324 memory=80884 CPUtime=702.08 cores=2-3
/proc/3336643/stat : 3336643 (clingo) R 3336639 3336639 3336597 0 -1 0 18465 0 0 0 70205 3 0 0 20 0 1 0 922994501 95563776 20221 17179869184 93824992301056 93824992468925 140737488338416 0 0 0 134217728 4 25184771 0 0 0 17 2 0 0 0 0 0 93824992533936 93824992571272 93824992575488 140737488340183 140737488340354 140737488340354 140737488351170 0
/proc/3336643/statm: 23331 20221 2092 41 0 19410 0
Current children cumulated CPU time: 702.15 s
Current children cumulated vsize: 120232 KiB
Current children cumulated memory: 94500 KiB

[startup+762.3 s]
/proc/loadavg: 14.43 14.43 13.96 15/817 3336937
/proc/meminfo: memFree=386466136/528004516 swapFree=8388604/8388604
[pid=3336639] ppid=3336638 vsize=26908 memory=13616 CPUtime=0.07 cores=2-3
/proc/3336639/stat : 3336639 (perf) S 3336638 3336639 3336597 0 -1 0 1738 237 0 0 5 2 0 0 20 0 1 0 922994493 27553792 3404 17179869184 93824994299904 93824996572973 140737488338256 0 0 0 134217728 4 74274 1 0 0 17 2 0 0 0 0 0 93824998874888 93825001005840 93825001308160 140737488340073 140737488340470 140737488340470 140737488351179 0
/proc/3336639/statm: 6727 3404 2099 555 0 1769 0
[pid=3336643] ppid=3336639 vsize=95052 memory=82468 CPUtime=762.08 cores=2-3
/proc/3336643/stat : 3336643 (clingo) R 3336639 3336639 3336597 0 -1 0 18847 0 0 0 76205 3 0 0 20 0 1 0 922994501 97333248 20617 17179869184 93824992301056 93824992468925 140737488338416 0 0 0 134217728 4 25184771 0 0 0 17 2 0 0 0 0 0 93824992533936 93824992571272 93824992575488 140737488340183 140737488340354 140737488340354 140737488351170 0
/proc/3336643/statm: 23763 20617 2092 41 0 19842 0
Current children cumulated CPU time: 762.15 s
Current children cumulated vsize: 121960 KiB
Current children cumulated memory: 96084 KiB

[startup+822.3 s]
/proc/loadavg: 14.19 14.36 13.97 15/817 3336940
/proc/meminfo: memFree=386431876/528004516 swapFree=8388604/8388604
[pid=3336639] ppid=3336638 vsize=26908 memory=13616 CPUtime=0.07 cores=2-3
/proc/3336639/stat : 3336639 (perf) S 3336638 3336639 3336597 0 -1 0 1738 237 0 0 5 2 0 0 20 0 1 0 922994493 27553792 3404 17179869184 93824994299904 93824996572973 140737488338256 0 0 0 134217728 4 74274 1 0 0 17 2 0 0 0 0 0 93824998874888 93825001005840 93825001308160 140737488340073 140737488340470 140737488340470 140737488351179 0
/proc/3336639/statm: 6727 3404 2099 555 0 1769 0
[pid=3336643] ppid=3336639 vsize=97544 memory=84580 CPUtime=822.08 cores=2-3
/proc/3336643/stat : 3336643 (clingo) R 3336639 3336639 3336597 0 -1 0 19394 0 0 0 82205 3 0 0 20 0 1 0 922994501 99885056 21145 17179869184 93824992301056 93824992468925 140737488338416 0 0 0 134217728 4 25184771 0 0 0 17 2 0 0 0 0 0 93824992533936 93824992571272 93824992575488 140737488340183 140737488340354 140737488340354 140737488351170 0
/proc/3336643/statm: 24386 21145 2092 41 0 20465 0
Current children cumulated CPU time: 822.15 s
Current children cumulated vsize: 124452 KiB
Current children cumulated memory: 98196 KiB

[startup+882.3 s]
/proc/loadavg: 14.07 14.29 13.97 15/817 3336943
/proc/meminfo: memFree=386396120/528004516 swapFree=8388604/8388604
[pid=3336639] ppid=3336638 vsize=26908 memory=13616 CPUtime=0.07 cores=2-3
/proc/3336639/stat : 3336639 (perf) S 3336638 3336639 3336597 0 -1 0 1738 237 0 0 5 2 0 0 20 0 1 0 922994493 27553792 3404 17179869184 93824994299904 93824996572973 140737488338256 0 0 0 134217728 4 74274 1 0 0 17 2 0 0 0 0 0 93824998874888 93825001005840 93825001308160 140737488340073 140737488340470 140737488340470 140737488351179 0
/proc/3336639/statm: 6727 3404 2099 555 0 1769 0
[pid=3336643] ppid=3336639 vsize=100712 memory=87220 CPUtime=882.07 cores=2-3
/proc/3336643/stat : 3336643 (clingo) R 3336639 3336639 3336597 0 -1 0 20065 0 0 0 88204 3 0 0 20 0 1 0 922994501 103129088 21805 17179869184 93824992301056 93824992468925 140737488338416 0 0 0 134217728 4 25184771 0 0 0 17 2 0 0 0 0 0 93824992533936 93824992571272 93824992575488 140737488340183 140737488340354 140737488340354 140737488351170 0
/proc/3336643/statm: 25178 21805 2092 41 0 21257 0
Current children cumulated CPU time: 882.14 s
Current children cumulated vsize: 127620 KiB
Current children cumulated memory: 100836 KiB

[startup+942.3 s]
/proc/loadavg: 14.06 14.25 13.98 15/816 3336947
/proc/meminfo: memFree=386359164/528004516 swapFree=8388604/8388604
[pid=3336639] ppid=3336638 vsize=26908 memory=13616 CPUtime=0.07 cores=2-3
/proc/3336639/stat : 3336639 (perf) S 3336638 3336639 3336597 0 -1 0 1738 237 0 0 5 2 0 0 20 0 1 0 922994493 27553792 3404 17179869184 93824994299904 93824996572973 140737488338256 0 0 0 134217728 4 74274 1 0 0 17 2 0 0 0 0 0 93824998874888 93825001005840 93825001308160 140737488340073 140737488340470 140737488340470 140737488351179 0
/proc/3336639/statm: 6727 3404 2099 555 0 1769 0
[pid=3336643] ppid=3336639 vsize=102440 memory=88804 CPUtime=942.07 cores=2-3
/proc/3336643/stat : 3336643 (clingo) R 3336639 3336639 3336597 0 -1 0 20415 0 0 0 94204 3 0 0 20 0 1 0 922994501 104898560 22201 17179869184 93824992301056 93824992468925 140737488338416 0 0 0 134217728 4 25184771 0 0 0 17 2 0 0 0 0 0 93824992533936 93824992571272 93824992575488 140737488340183 140737488340354 140737488340354 140737488351170 0
/proc/3336643/statm: 25610 22201 2092 41 0 21689 0
Current children cumulated CPU time: 942.14 s
Current children cumulated vsize: 129348 KiB
Current children cumulated memory: 102420 KiB

[startup+1002.3 s]
/proc/loadavg: 14.02 14.20 13.99 15/817 3336951
/proc/meminfo: memFree=386311800/528004516 swapFree=8388604/8388604
[pid=3336639] ppid=3336638 vsize=26908 memory=13616 CPUtime=0.07 cores=2-3
/proc/3336639/stat : 3336639 (perf) S 3336638 3336639 3336597 0 -1 0 1738 237 0 0 5 2 0 0 20 0 1 0 922994493 27553792 3404 17179869184 93824994299904 93824996572973 140737488338256 0 0 0 134217728 4 74274 1 0 0 17 2 0 0 0 0 0 93824998874888 93825001005840 93825001308160 140737488340073 140737488340470 140737488340470 140737488351179 0
/proc/3336639/statm: 6727 3404 2099 555 0 1769 0
[pid=3336643] ppid=3336639 vsize=107912 memory=93028 CPUtime=1002.07 cores=2-3
/proc/3336643/stat : 3336643 (clingo) R 3336639 3336639 3336597 0 -1 0 21520 0 0 0 100203 4 0 0 20 0 1 0 922994501 110501888 23257 17179869184 93824992301056 93824992468925 140737488338416 0 0 0 134217728 4 25184771 0 0 0 17 2 0 0 0 0 0 93824992533936 93824992571272 93824992575488 140737488340183 140737488340354 140737488340354 140737488351170 0
/proc/3336643/statm: 26978 23257 2092 41 0 23057 0
Current children cumulated CPU time: 1002.14 s
Current children cumulated vsize: 134820 KiB
Current children cumulated memory: 106644 KiB

[startup+1062.3 s]
/proc/loadavg: 14.05 14.18 14.00 15/818 3336954
/proc/meminfo: memFree=386281560/528004516 swapFree=8388604/8388604
[pid=3336639] ppid=3336638 vsize=26908 memory=13616 CPUtime=0.07 cores=2-3
/proc/3336639/stat : 3336639 (perf) S 3336638 3336639 3336597 0 -1 0 1738 237 0 0 5 2 0 0 20 0 1 0 922994493 27553792 3404 17179869184 93824994299904 93824996572973 140737488338256 0 0 0 134217728 4 74274 1 0 0 17 2 0 0 0 0 0 93824998874888 93825001005840 93825001308160 140737488340073 140737488340470 140737488340470 140737488351179 0
/proc/3336639/statm: 6727 3404 2099 555 0 1769 0
[pid=3336643] ppid=3336639 vsize=108776 memory=93820 CPUtime=1062.07 cores=2-3
/proc/3336643/stat : 3336643 (clingo) R 3336639 3336639 3336597 0 -1 0 21711 0 0 0 106203 4 0 0 20 0 1 0 922994501 111386624 23455 17179869184 93824992301056 93824992468925 140737488338416 0 0 0 134217728 4 25184771 0 0 0 17 2 0 0 0 0 0 93824992533936 93824992571272 93824992575488 140737488340183 140737488340354 140737488340354 140737488351170 0
/proc/3336643/statm: 27194 23455 2092 41 0 23273 0
Current children cumulated CPU time: 1062.14 s
Current children cumulated vsize: 135684 KiB
Current children cumulated memory: 107436 KiB

[startup+1122.3 s]
/proc/loadavg: 14.02 14.14 14.00 15/818 3336957
/proc/meminfo: memFree=386248596/528004516 swapFree=8388604/8388604
[pid=3336639] ppid=3336638 vsize=26908 memory=13616 CPUtime=0.07 cores=2-3
/proc/3336639/stat : 3336639 (perf) S 3336638 3336639 3336597 0 -1 0 1738 237 0 0 5 2 0 0 20 0 1 0 922994493 27553792 3404 17179869184 93824994299904 93824996572973 140737488338256 0 0 0 134217728 4 74274 1 0 0 17 2 0 0 0 0 0 93824998874888 93825001005840 93825001308160 140737488340073 140737488340470 140737488340470 140737488351179 0
/proc/3336639/statm: 6727 3404 2099 555 0 1769 0
[pid=3336643] ppid=3336639 vsize=113384 memory=97780 CPUtime=1122.07 cores=2-3
/proc/3336643/stat : 3336643 (clingo) R 3336639 3336639 3336597 0 -1 0 22659 0 0 0 112203 4 0 0 20 0 1 0 922994501 116105216 24445 17179869184 93824992301056 93824992468925 140737488338416 0 0 0 134217728 4 25184771 0 0 0 17 2 0 0 0 0 0 93824992533936 93824992571272 93824992575488 140737488340183 140737488340354 140737488340354 140737488351170 0
/proc/3336643/statm: 28346 24445 2092 41 0 24425 0
Current children cumulated CPU time: 1122.14 s
Current children cumulated vsize: 140292 KiB
Current children cumulated memory: 111396 KiB

[startup+1182.3 s]
/proc/loadavg: 14.11 14.15 14.01 15/818 3336961
/proc/meminfo: memFree=386217876/528004516 swapFree=8388604/8388604
[pid=3336639] ppid=3336638 vsize=26908 memory=13616 CPUtime=0.07 cores=2-3
/proc/3336639/stat : 3336639 (perf) S 3336638 3336639 3336597 0 -1 0 1738 237 0 0 5 2 0 0 20 0 1 0 922994493 27553792 3404 17179869184 93824994299904 93824996572973 140737488338256 0 0 0 134217728 4 74274 1 0 0 17 2 0 0 0 0 0 93824998874888 93825001005840 93825001308160 140737488340073 140737488340470 140737488340470 140737488351179 0
/proc/3336639/statm: 6727 3404 2099 555 0 1769 0
[pid=3336643] ppid=3336639 vsize=114536 memory=98836 CPUtime=1182.07 cores=2-3
/proc/3336643/stat : 3336643 (clingo) R 3336639 3336639 3336597 0 -1 0 22939 0 0 0 118203 4 0 0 20 0 1 0 922994501 117284864 24709 17179869184 93824992301056 93824992468925 140737488338416 0 0 0 134217728 4 25184771 0 0 0 17 2 0 0 0 0 0 93824992533936 93824992571272 93824992575488 140737488340183 140737488340354 140737488340354 140737488351170 0
/proc/3336643/statm: 28634 24709 2092 41 0 24713 0
Current children cumulated CPU time: 1182.14 s
Current children cumulated vsize: 141444 KiB
Current children cumulated memory: 112452 KiB



Maximum wall clock time exceeded: sending SIGTERM then SIGKILL

[startup+1205 s]*
/proc/loadavg: 14.36 14.20 14.03 14/850 3338526
/proc/meminfo: memFree=387032260/528004516 swapFree=8388604/8388604
[pid=3336639] ppid=3336638 vsize=26908 memory=13616 CPUtime=0.07 cores=2-3
/proc/3336639/stat : 3336639 (perf) S 3336638 3336639 3336597 0 -1 0 1738 237 0 0 5 2 0 0 20 0 1 0 922994493 27553792 3404 17179869184 93824994299904 93824996572973 140737488338256 0 0 0 134217728 4 74274 1 0 0 17 2 0 0 0 0 0 93824998874888 93825001005840 93825001308160 140737488340073 140737488340470 140737488340470 140737488351179 0
/proc/3336639/statm: 6727 3404 2099 555 0 1769 0
[pid=3336643] ppid=3336639 vsize=115400 memory=99364 CPUtime=1204.77 cores=2-3
/proc/3336643/stat : 3336643 (clingo) R 3336639 3336639 3336597 0 -1 0 23106 0 0 0 120473 4 0 0 20 0 1 0 922994501 118169600 24841 17179869184 93824992301056 93824992468925 140737488338416 0 0 0 134217728 4 25184771 0 0 0 17 2 0 0 0 0 0 93824992533936 93824992571272 93824992575488 140737488340183 140737488340354 140737488340354 140737488351170 0
/proc/3336643/statm: 28850 24841 2092 41 0 24929 0
Current children cumulated CPU time: 1204.84 s
Current children cumulated vsize: 142308 KiB
Current children cumulated memory: 112980 KiB

Sending SIGINT to process tree (bottom up)
Sleeping 5 seconds

[startup+1205.03 s]
# the end of solver process 3336639 was just reported to runsolver
# cumulated CPU time of all completed processes:  user=1204.8 s, system=0.076732 s

Solver just ended.
??? end of watcher thread
Dumping a history of the last processes samples

Child status: 1
Real time (s): 1205.03
CPU time (s): 1204.88
CPU user time (s): 1204.8
CPU system time (s): 0.076732
CPU usage (%): 99.9877
Max. virtual memory (cumulated for all children) (KiB): 142308
Max. memory (cumulated for all children) (KiB): 112980

getrusage(RUSAGE_CHILDREN,...) data:
user time used= 1204.8
system time used= 0.076732
maximum resident set size= 99604
integral shared memory size= 0
integral unshared data size= 0
integral unshared stack size= 0
page reclaims= 25121
page faults= 0
swaps= 0
block input operations= 0
block output operations= 0
messages sent= 0
messages received= 0
signals received= 0
voluntary context switches= 18
involuntary context switches= 2846


# summary of solver processes directly reported to runsolver:
#   pid: 3336639
#   total CPU time (s): 1204.88
#   total CPU user time (s): 1204.8
#   total CPU system time (s): 0.076732

??? end of timestamper thread
runsolver used 10.1104 second user time and 13.2053 second system time

The end
