runsolver version 3.4.0 (svn: 3018) Copyright (C) 2010-2013 Olivier ROUSSEL

This program is distributed in the hope that it will be useful,
but WITHOUT ANY WARRANTY; without even the implied warranty of
MERCHANTABILITY or FITNESS FOR A PARTICULAR PURPOSE.  See the
GNU General Public License for more details.

NUMA information:
  number of nodes: 2
  memory of node 0: 257635 MiB (189041 MiB free)
  memory of node 1: 257994 MiB (176235 MiB free)
  node distances:
     10  20
     20  10

command line: /dev/shm/377bda20-2e81-11f1-ac62-000c298f4621/input/runsolver -w /dev/shm/377bda20-2e81-11f1-ac62-000c298f4621/output/runsolver.log -v /dev/shm/377bda20-2e81-11f1-ac62-000c298f4621/output/varfile.log -W 1205 --rss-swap-limit 16384 -d 5 --sigint /usr/bin/perf stat -B -e task-clock,cache-references,cache-misses,cycles,instructions,branches,faults,migrations,context-switches -o /dev/shm/377bda20-2e81-11f1-ac62-000c298f4621/output/perf.log clingo /home/guests/mmacri/AMOSUM/benchmarks/GraphColouring/encoding-plain-amo.asp /dev/shm/377bda20-2e81-11f1-ac62-000c298f4621/input/0043-graph_colouring-145-0_4176.asp 

running on 2 cores: 2-3

Enforcing wall clock limit (soft limit, will send SIGTERM then SIGKILL): 1205 seconds
Enforcing RSS+Swap limit (soft limit, will send SIGTERM then SIGKILL): 16777216 KiB
Linux 5.15.0-131-generic
Current StackSize limit: 8192 KiB

solver pid=1607588, runsolver pid=1607587

[startup+0.100064 s]*
/proc/loadavg: 14.27 14.23 13.31 15/833 1607592
/proc/meminfo: memFree=374037908/528004520 swapFree=8388604/8388604
[pid=1607588] ppid=1607587 vsize=26908 memory=13612 CPUtime=0.07 cores=2-3
/proc/1607588/stat : 1607588 (perf) S 1607587 1607588 1607546 0 -1 0 1738 237 0 0 6 1 0 0 20 0 1 0 923004550 27553792 3403 17179869184 93824994299904 93824996572973 140737488338256 0 0 0 134217728 4 74274 1 0 0 17 2 0 0 0 0 0 93824998874888 93825001005840 93825001308160 140737488340073 140737488340470 140737488340470 140737488351179 0
/proc/1607588/statm: 6727 3403 2098 555 0 1769 0
[pid=1607592] ppid=1607588 vsize=19028 memory=10676 CPUtime=0.02 cores=2-3
/proc/1607592/stat : 1607592 (clingo) R 1607588 1607588 1607546 0 -1 0 889 0 0 0 2 0 0 0 20 0 1 0 923004558 19484672 2669 17179869184 93824992301056 93824992468925 140737488338416 0 0 0 134217728 4 25184771 0 0 0 17 3 0 0 0 0 0 93824992533936 93824992571272 93824992575488 140737488340183 140737488340354 140737488340354 140737488351170 0
/proc/1607592/statm: 4757 2669 2044 41 0 836 0
Current children cumulated CPU time: 0.09 s
Current children cumulated vsize: 45936 KiB
Current children cumulated memory: 24288 KiB

[startup+0.218327 s]*
/proc/loadavg: 14.27 14.23 13.31 15/833 1607592
/proc/meminfo: memFree=374031860/528004520 swapFree=8388604/8388604
[pid=1607588] ppid=1607587 vsize=26908 memory=13612 CPUtime=0.07 cores=2-3
/proc/1607588/stat : 1607588 (perf) S 1607587 1607588 1607546 0 -1 0 1738 237 0 0 6 1 0 0 20 0 1 0 923004550 27553792 3403 17179869184 93824994299904 93824996572973 140737488338256 0 0 0 134217728 4 74274 1 0 0 17 2 0 0 0 0 0 93824998874888 93825001005840 93825001308160 140737488340073 140737488340470 140737488340470 140737488351179 0
/proc/1607588/statm: 6727 3403 2098 555 0 1769 0
[pid=1607592] ppid=1607588 vsize=25448 memory=17508 CPUtime=0.13 cores=2-3
/proc/1607592/stat : 1607592 (clingo) R 1607588 1607588 1607546 0 -1 0 2599 0 0 0 13 0 0 0 20 0 1 0 923004558 26058752 4377 17179869184 93824992301056 93824992468925 140737488338416 0 0 0 134217728 4 25184771 0 0 0 17 2 0 0 0 0 0 93824992533936 93824992571272 93824992575488 140737488340183 140737488340354 140737488340354 140737488351170 0
/proc/1607592/statm: 6362 4377 2089 41 0 2441 0
Current children cumulated CPU time: 0.2 s
Current children cumulated vsize: 52356 KiB
Current children cumulated memory: 31120 KiB

[startup+0.334505 s]*
/proc/loadavg: 14.27 14.23 13.31 15/833 1607592
/proc/meminfo: memFree=374028836/528004520 swapFree=8388604/8388604
[pid=1607588] ppid=1607587 vsize=26908 memory=13612 CPUtime=0.07 cores=2-3
/proc/1607588/stat : 1607588 (perf) S 1607587 1607588 1607546 0 -1 0 1738 237 0 0 6 1 0 0 20 0 1 0 923004550 27553792 3403 17179869184 93824994299904 93824996572973 140737488338256 0 0 0 134217728 4 74274 1 0 0 17 2 0 0 0 0 0 93824998874888 93825001005840 93825001308160 140737488340073 140737488340470 140737488340470 140737488351179 0
/proc/1607588/statm: 6727 3403 2098 555 0 1769 0
[pid=1607592] ppid=1607588 vsize=27564 memory=19356 CPUtime=0.23 cores=2-3
/proc/1607592/stat : 1607592 (clingo) R 1607588 1607588 1607546 0 -1 0 3100 0 0 0 23 0 0 0 20 0 1 0 923004558 28225536 4839 17179869184 93824992301056 93824992468925 140737488338416 0 0 0 134217728 4 25184771 0 0 0 17 2 0 0 0 0 0 93824992533936 93824992571272 93824992575488 140737488340183 140737488340354 140737488340354 140737488351170 0
/proc/1607592/statm: 6891 4839 2089 41 0 2970 0
Current children cumulated CPU time: 0.3 s
Current children cumulated vsize: 54472 KiB
Current children cumulated memory: 32968 KiB

[startup+0.700341 s]
/proc/loadavg: 14.25 14.23 13.32 15/833 1607592
/proc/meminfo: memFree=374025560/528004520 swapFree=8388604/8388604
[pid=1607588] ppid=1607587 vsize=26908 memory=13612 CPUtime=0.07 cores=2-3
/proc/1607588/stat : 1607588 (perf) S 1607587 1607588 1607546 0 -1 0 1738 237 0 0 6 1 0 0 20 0 1 0 923004550 27553792 3403 17179869184 93824994299904 93824996572973 140737488338256 0 0 0 134217728 4 74274 1 0 0 17 2 0 0 0 0 0 93824998874888 93825001005840 93825001308160 140737488340073 140737488340470 140737488340470 140737488351179 0
/proc/1607588/statm: 6727 3403 2098 555 0 1769 0
[pid=1607592] ppid=1607588 vsize=30248 memory=22260 CPUtime=0.58 cores=2-3
/proc/1607592/stat : 1607592 (clingo) R 1607588 1607588 1607546 0 -1 0 3793 0 0 0 58 0 0 0 20 0 1 0 923004558 30973952 5565 17179869184 93824992301056 93824992468925 140737488338416 0 0 0 134217728 4 25184771 0 0 0 17 2 0 0 0 0 0 93824992533936 93824992571272 93824992575488 140737488340183 140737488340354 140737488340354 140737488351170 0
/proc/1607592/statm: 7562 5565 2089 41 0 3641 0
Current children cumulated CPU time: 0.65 s
Current children cumulated vsize: 57156 KiB
Current children cumulated memory: 35872 KiB

[startup+1.50036 s]
/proc/loadavg: 14.25 14.23 13.32 15/833 1607592
/proc/meminfo: memFree=374015228/528004520 swapFree=8388604/8388604
[pid=1607588] ppid=1607587 vsize=26908 memory=13612 CPUtime=0.07 cores=2-3
/proc/1607588/stat : 1607588 (perf) S 1607587 1607588 1607546 0 -1 0 1738 237 0 0 6 1 0 0 20 0 1 0 923004550 27553792 3403 17179869184 93824994299904 93824996572973 140737488338256 0 0 0 134217728 4 74274 1 0 0 17 2 0 0 0 0 0 93824998874888 93825001005840 93825001308160 140737488340073 140737488340470 140737488340470 140737488351179 0
/proc/1607588/statm: 6727 3403 2098 555 0 1769 0
[pid=1607592] ppid=1607588 vsize=33712 memory=25692 CPUtime=1.38 cores=2-3
/proc/1607592/stat : 1607592 (clingo) R 1607588 1607588 1607546 0 -1 0 4657 0 0 0 138 0 0 0 20 0 1 0 923004558 34521088 6423 17179869184 93824992301056 93824992468925 140737488338416 0 0 0 134217728 4 25184771 0 0 0 17 2 0 0 0 0 0 93824992533936 93824992571272 93824992575488 140737488340183 140737488340354 140737488340354 140737488351170 0
/proc/1607592/statm: 8428 6423 2089 41 0 4507 0
Current children cumulated CPU time: 1.45 s
Current children cumulated vsize: 60620 KiB
Current children cumulated memory: 39304 KiB

[startup+3.11806 s]
/proc/loadavg: 14.25 14.23 13.32 15/833 1607592
/proc/meminfo: memFree=373998628/528004520 swapFree=8388604/8388604
[pid=1607588] ppid=1607587 vsize=26908 memory=13612 CPUtime=0.07 cores=2-3
/proc/1607588/stat : 1607588 (perf) S 1607587 1607588 1607546 0 -1 0 1738 237 0 0 6 1 0 0 20 0 1 0 923004550 27553792 3403 17179869184 93824994299904 93824996572973 140737488338256 0 0 0 134217728 4 74274 1 0 0 17 2 0 0 0 0 0 93824998874888 93825001005840 93825001308160 140737488340073 140737488340470 140737488340470 140737488351179 0
/proc/1607588/statm: 6727 3403 2098 555 0 1769 0
[pid=1607592] ppid=1607588 vsize=34784 memory=26748 CPUtime=3 cores=2-3
/proc/1607592/stat : 1607592 (clingo) R 1607588 1607588 1607546 0 -1 0 4917 0 0 0 300 0 0 0 20 0 1 0 923004558 35618816 6687 17179869184 93824992301056 93824992468925 140737488338416 0 0 0 134217728 4 25184771 0 0 0 17 2 0 0 0 0 0 93824992533936 93824992571272 93824992575488 140737488340183 140737488340354 140737488340354 140737488351170 0
/proc/1607592/statm: 8696 6687 2089 41 0 4775 0
Current children cumulated CPU time: 3.07 s
Current children cumulated vsize: 61692 KiB
Current children cumulated memory: 40360 KiB

[startup+6.30028 s]
/proc/loadavg: 14.23 14.22 13.32 15/833 1607592
/proc/meminfo: memFree=373973940/528004520 swapFree=8388604/8388604
[pid=1607588] ppid=1607587 vsize=26908 memory=13612 CPUtime=0.07 cores=2-3
/proc/1607588/stat : 1607588 (perf) S 1607587 1607588 1607546 0 -1 0 1738 237 0 0 6 1 0 0 20 0 1 0 923004550 27553792 3403 17179869184 93824994299904 93824996572973 140737488338256 0 0 0 134217728 4 74274 1 0 0 17 2 0 0 0 0 0 93824998874888 93825001005840 93825001308160 140737488340073 140737488340470 140737488340470 140737488351179 0
/proc/1607588/statm: 6727 3403 2098 555 0 1769 0
[pid=1607592] ppid=1607588 vsize=40132 memory=32028 CPUtime=6.18 cores=2-3
/proc/1607592/stat : 1607592 (clingo) R 1607588 1607588 1607546 0 -1 0 6226 0 0 0 618 0 0 0 20 0 1 0 923004558 41095168 8007 17179869184 93824992301056 93824992468925 140737488338416 0 0 0 134217728 4 25184771 0 0 0 17 2 0 0 0 0 0 93824992533936 93824992571272 93824992575488 140737488340183 140737488340354 140737488340354 140737488351170 0
/proc/1607592/statm: 10033 8007 2089 41 0 6112 0
Current children cumulated CPU time: 6.25 s
Current children cumulated vsize: 67040 KiB
Current children cumulated memory: 45640 KiB

[startup+12.7003 s]
/proc/loadavg: 14.21 14.22 13.33 15/833 1607592
/proc/meminfo: memFree=373934552/528004520 swapFree=8388604/8388604
[pid=1607588] ppid=1607587 vsize=26908 memory=13612 CPUtime=0.07 cores=2-3
/proc/1607588/stat : 1607588 (perf) S 1607587 1607588 1607546 0 -1 0 1738 237 0 0 6 1 0 0 20 0 1 0 923004550 27553792 3403 17179869184 93824994299904 93824996572973 140737488338256 0 0 0 134217728 4 74274 1 0 0 17 2 0 0 0 0 0 93824998874888 93825001005840 93825001308160 140737488340073 140737488340470 140737488340470 140737488351179 0
/proc/1607588/statm: 6727 3403 2098 555 0 1769 0
[pid=1607592] ppid=1607588 vsize=45832 memory=37572 CPUtime=12.58 cores=2-3
/proc/1607592/stat : 1607592 (clingo) R 1607588 1607588 1607546 0 -1 0 7644 0 0 0 1258 0 0 0 20 0 1 0 923004558 46931968 9393 17179869184 93824992301056 93824992468925 140737488338416 0 0 0 134217728 4 25184771 0 0 0 17 2 0 0 0 0 0 93824992533936 93824992571272 93824992575488 140737488340183 140737488340354 140737488340354 140737488351170 0
/proc/1607592/statm: 11458 9393 2089 41 0 7537 0
Current children cumulated CPU time: 12.65 s
Current children cumulated vsize: 72740 KiB
Current children cumulated memory: 51184 KiB

[startup+25.5004 s]
/proc/loadavg: 14.18 14.21 13.33 15/833 1607593
/proc/meminfo: memFree=373878312/528004520 swapFree=8388604/8388604
[pid=1607588] ppid=1607587 vsize=26908 memory=13612 CPUtime=0.07 cores=2-3
/proc/1607588/stat : 1607588 (perf) S 1607587 1607588 1607546 0 -1 0 1738 237 0 0 6 1 0 0 20 0 1 0 923004550 27553792 3403 17179869184 93824994299904 93824996572973 140737488338256 0 0 0 134217728 4 74274 1 0 0 17 2 0 0 0 0 0 93824998874888 93825001005840 93825001308160 140737488340073 140737488340470 140737488340470 140737488351179 0
/proc/1607588/statm: 6727 3403 2098 555 0 1769 0
[pid=1607592] ppid=1607588 vsize=52472 memory=44392 CPUtime=25.38 cores=2-3
/proc/1607592/stat : 1607592 (clingo) R 1607588 1607588 1607546 0 -1 0 10232 0 0 0 2538 0 0 0 20 0 1 0 923004558 53731328 11098 17179869184 93824992301056 93824992468925 140737488338416 0 0 0 134217728 4 25184771 0 0 0 17 2 0 0 0 0 0 93824992533936 93824992571272 93824992575488 140737488340183 140737488340354 140737488340354 140737488351170 0
/proc/1607592/statm: 13118 11098 2089 41 0 9197 0
Current children cumulated CPU time: 25.45 s
Current children cumulated vsize: 79380 KiB
Current children cumulated memory: 58004 KiB

[startup+51.1183 s]
/proc/loadavg: 14.11 14.19 13.36 15/834 1607595
/proc/meminfo: memFree=373790816/528004520 swapFree=8388604/8388604
[pid=1607588] ppid=1607587 vsize=26908 memory=13612 CPUtime=0.07 cores=2-3
/proc/1607588/stat : 1607588 (perf) S 1607587 1607588 1607546 0 -1 0 1738 237 0 0 6 1 0 0 20 0 1 0 923004550 27553792 3403 17179869184 93824994299904 93824996572973 140737488338256 0 0 0 134217728 4 74274 1 0 0 17 2 0 0 0 0 0 93824998874888 93825001005840 93825001308160 140737488340073 140737488340470 140737488340470 140737488351179 0
/proc/1607588/statm: 6727 3403 2098 555 0 1769 0
[pid=1607592] ppid=1607588 vsize=63440 memory=55060 CPUtime=50.99 cores=2-3
/proc/1607592/stat : 1607592 (clingo) R 1607588 1607588 1607546 0 -1 0 13247 0 0 0 5099 0 0 0 20 0 1 0 923004558 64962560 13765 17179869184 93824992301056 93824992468925 140737488338416 0 0 0 134217728 4 25184771 0 0 0 17 2 0 0 0 0 0 93824992533936 93824992571272 93824992575488 140737488340183 140737488340354 140737488340354 140737488351170 0
/proc/1607592/statm: 15860 13765 2089 41 0 11939 0
Current children cumulated CPU time: 51.06 s
Current children cumulated vsize: 90348 KiB
Current children cumulated memory: 68672 KiB

[startup+102.3 s]
/proc/loadavg: 14.10 14.17 13.40 15/834 1607640
/proc/meminfo: memFree=373670268/528004520 swapFree=8388604/8388604
[pid=1607588] ppid=1607587 vsize=26908 memory=13612 CPUtime=0.07 cores=2-3
/proc/1607588/stat : 1607588 (perf) S 1607587 1607588 1607546 0 -1 0 1738 237 0 0 6 1 0 0 20 0 1 0 923004550 27553792 3403 17179869184 93824994299904 93824996572973 140737488338256 0 0 0 134217728 4 74274 1 0 0 17 2 0 0 0 0 0 93824998874888 93825001005840 93825001308160 140737488340073 140737488340470 140737488340470 140737488351179 0
/proc/1607588/statm: 6727 3403 2098 555 0 1769 0
[pid=1607592] ppid=1607588 vsize=72692 memory=64184 CPUtime=102.17 cores=2-3
/proc/1607592/stat : 1607592 (clingo) R 1607588 1607588 1607546 0 -1 0 17968 0 0 0 10216 1 0 0 20 0 1 0 923004558 74436608 16046 17179869184 93824992301056 93824992468925 140737488338416 0 0 0 134217728 4 25184771 0 0 0 17 2 0 0 0 0 0 93824992533936 93824992571272 93824992575488 140737488340183 140737488340354 140737488340354 140737488351170 0
/proc/1607592/statm: 18173 16046 2089 41 0 14252 0
Current children cumulated CPU time: 102.24 s
Current children cumulated vsize: 99600 KiB
Current children cumulated memory: 77796 KiB

[startup+162.3 s]
/proc/loadavg: 14.03 14.14 13.44 15/834 1607643
/proc/meminfo: memFree=373567296/528004520 swapFree=8388604/8388604
[pid=1607588] ppid=1607587 vsize=26908 memory=13612 CPUtime=0.07 cores=2-3
/proc/1607588/stat : 1607588 (perf) S 1607587 1607588 1607546 0 -1 0 1738 237 0 0 6 1 0 0 20 0 1 0 923004550 27553792 3403 17179869184 93824994299904 93824996572973 140737488338256 0 0 0 134217728 4 74274 1 0 0 17 2 0 0 0 0 0 93824998874888 93825001005840 93825001308160 140737488340073 140737488340470 140737488340470 140737488351179 0
/proc/1607588/statm: 6727 3403 2098 555 0 1769 0
[pid=1607592] ppid=1607588 vsize=81352 memory=73112 CPUtime=162.18 cores=2-3
/proc/1607592/stat : 1607592 (clingo) R 1607588 1607588 1607546 0 -1 0 22043 0 0 0 16216 2 0 0 20 0 1 0 923004558 83304448 18278 17179869184 93824992301056 93824992468925 140737488338416 0 0 0 134217728 4 25184771 0 0 0 17 2 0 0 0 0 0 93824992533936 93824992571272 93824992575488 140737488340183 140737488340354 140737488340354 140737488351170 0
/proc/1607592/statm: 20338 18278 2089 41 0 16417 0
Current children cumulated CPU time: 162.25 s
Current children cumulated vsize: 108260 KiB
Current children cumulated memory: 86724 KiB

[startup+222.3 s]
/proc/loadavg: 14.07 14.13 13.48 15/834 1607646
/proc/meminfo: memFree=373483304/528004520 swapFree=8388604/8388604
[pid=1607588] ppid=1607587 vsize=26908 memory=13612 CPUtime=0.07 cores=2-3
/proc/1607588/stat : 1607588 (perf) S 1607587 1607588 1607546 0 -1 0 1738 237 0 0 6 1 0 0 20 0 1 0 923004550 27553792 3403 17179869184 93824994299904 93824996572973 140737488338256 0 0 0 134217728 4 74274 1 0 0 17 2 0 0 0 0 0 93824998874888 93825001005840 93825001308160 140737488340073 140737488340470 140737488340470 140737488351179 0
/proc/1607588/statm: 6727 3403 2098 555 0 1769 0
[pid=1607592] ppid=1607588 vsize=91080 memory=82284 CPUtime=222.17 cores=2-3
/proc/1607592/stat : 1607592 (clingo) R 1607588 1607588 1607546 0 -1 0 25577 0 0 0 22215 2 0 0 20 0 1 0 923004558 93265920 20571 17179869184 93824992301056 93824992468925 140737488338416 0 0 0 134217728 4 25184771 0 0 0 17 2 0 0 0 0 0 93824992533936 93824992571272 93824992575488 140737488340183 140737488340354 140737488340354 140737488351170 0
/proc/1607592/statm: 22770 20571 2089 41 0 18849 0
Current children cumulated CPU time: 222.24 s
Current children cumulated vsize: 117988 KiB
Current children cumulated memory: 95896 KiB

[startup+282.3 s]
/proc/loadavg: 14.42 14.21 13.55 15/834 1607650
/proc/meminfo: memFree=373398456/528004520 swapFree=8388604/8388604
[pid=1607588] ppid=1607587 vsize=26908 memory=13612 CPUtime=0.07 cores=2-3
/proc/1607588/stat : 1607588 (perf) S 1607587 1607588 1607546 0 -1 0 1738 237 0 0 6 1 0 0 20 0 1 0 923004550 27553792 3403 17179869184 93824994299904 93824996572973 140737488338256 0 0 0 134217728 4 74274 1 0 0 17 2 0 0 0 0 0 93824998874888 93825001005840 93825001308160 140737488340073 140737488340470 140737488340470 140737488351179 0
/proc/1607588/statm: 6727 3403 2098 555 0 1769 0
[pid=1607592] ppid=1607588 vsize=98044 memory=89440 CPUtime=282.18 cores=2-3
/proc/1607592/stat : 1607592 (clingo) R 1607588 1607588 1607546 0 -1 0 28623 0 0 0 28215 3 0 0 20 0 1 0 923004558 100397056 22360 17179869184 93824992301056 93824992468925 140737488338416 0 0 0 134217728 4 25184771 0 0 0 17 2 0 0 0 0 0 93824992533936 93824992571272 93824992575488 140737488340183 140737488340354 140737488340354 140737488351170 0
/proc/1607592/statm: 24511 22360 2089 41 0 20590 0
Current children cumulated CPU time: 282.25 s
Current children cumulated vsize: 124952 KiB
Current children cumulated memory: 103052 KiB

[startup+342.3 s]
/proc/loadavg: 14.28 14.22 13.60 15/810 1607655
/proc/meminfo: memFree=373327700/528004520 swapFree=8388604/8388604
[pid=1607588] ppid=1607587 vsize=26908 memory=13612 CPUtime=0.07 cores=2-3
/proc/1607588/stat : 1607588 (perf) S 1607587 1607588 1607546 0 -1 0 1738 237 0 0 6 1 0 0 20 0 1 0 923004550 27553792 3403 17179869184 93824994299904 93824996572973 140737488338256 0 0 0 134217728 4 74274 1 0 0 17 2 0 0 0 0 0 93824998874888 93825001005840 93825001308160 140737488340073 140737488340470 140737488340470 140737488351179 0
/proc/1607588/statm: 6727 3403 2098 555 0 1769 0
[pid=1607592] ppid=1607588 vsize=101368 memory=92388 CPUtime=342.18 cores=2-3
/proc/1607592/stat : 1607592 (clingo) R 1607588 1607588 1607546 0 -1 0 29575 0 0 0 34215 3 0 0 20 0 1 0 923004558 103800832 23097 17179869184 93824992301056 93824992468925 140737488338416 0 0 0 134217728 4 25184771 0 0 0 17 2 0 0 0 0 0 93824992533936 93824992571272 93824992575488 140737488340183 140737488340354 140737488340354 140737488351170 0
/proc/1607592/statm: 25342 23097 2089 41 0 21421 0
Current children cumulated CPU time: 342.25 s
Current children cumulated vsize: 128276 KiB
Current children cumulated memory: 106000 KiB

[startup+402.3 s]
/proc/loadavg: 14.10 14.17 13.63 15/807 1607656
/proc/meminfo: memFree=373266764/528004520 swapFree=8388604/8388604
[pid=1607588] ppid=1607587 vsize=26908 memory=13612 CPUtime=0.07 cores=2-3
/proc/1607588/stat : 1607588 (perf) S 1607587 1607588 1607546 0 -1 0 1738 237 0 0 6 1 0 0 20 0 1 0 923004550 27553792 3403 17179869184 93824994299904 93824996572973 140737488338256 0 0 0 134217728 4 74274 1 0 0 17 2 0 0 0 0 0 93824998874888 93825001005840 93825001308160 140737488340073 140737488340470 140737488340470 140737488351179 0
/proc/1607588/statm: 6727 3403 2098 555 0 1769 0
[pid=1607592] ppid=1607588 vsize=107320 memory=98176 CPUtime=402.17 cores=2-3
/proc/1607592/stat : 1607592 (clingo) R 1607588 1607588 1607546 0 -1 0 33271 0 0 0 40213 4 0 0 20 0 1 0 923004558 109895680 24544 17179869184 93824992301056 93824992468925 140737488338416 0 0 0 134217728 4 25184771 0 0 0 17 2 0 0 0 0 0 93824992533936 93824992571272 93824992575488 140737488340183 140737488340354 140737488340354 140737488351170 0
/proc/1607592/statm: 26830 24544 2089 41 0 22909 0
Current children cumulated CPU time: 402.24 s
Current children cumulated vsize: 134228 KiB
Current children cumulated memory: 111788 KiB

[startup+462.3 s]
/proc/loadavg: 14.10 14.16 13.66 15/808 1607660
/proc/meminfo: memFree=373216144/528004520 swapFree=8388604/8388604
[pid=1607588] ppid=1607587 vsize=26908 memory=13612 CPUtime=0.07 cores=2-3
/proc/1607588/stat : 1607588 (perf) S 1607587 1607588 1607546 0 -1 0 1738 237 0 0 6 1 0 0 20 0 1 0 923004550 27553792 3403 17179869184 93824994299904 93824996572973 140737488338256 0 0 0 134217728 4 74274 1 0 0 17 2 0 0 0 0 0 93824998874888 93825001005840 93825001308160 140737488340073 140737488340470 140737488340470 140737488351179 0
/proc/1607588/statm: 6727 3403 2098 555 0 1769 0
[pid=1607592] ppid=1607588 vsize=113156 memory=103684 CPUtime=462.17 cores=2-3
/proc/1607592/stat : 1607592 (clingo) R 1607588 1607588 1607546 0 -1 0 35212 0 0 0 46213 4 0 0 20 0 1 0 923004558 115871744 25921 17179869184 93824992301056 93824992468925 140737488338416 0 0 0 134217728 4 25184771 0 0 0 17 2 0 0 0 0 0 93824992533936 93824992571272 93824992575488 140737488340183 140737488340354 140737488340354 140737488351170 0
/proc/1607592/statm: 28289 25921 2089 41 0 24368 0
Current children cumulated CPU time: 462.24 s
Current children cumulated vsize: 140064 KiB
Current children cumulated memory: 117296 KiB

[startup+522.3 s]
/proc/loadavg: 14.04 14.12 13.68 15/808 1607664
/proc/meminfo: memFree=373180168/528004520 swapFree=8388604/8388604
[pid=1607588] ppid=1607587 vsize=26908 memory=13612 CPUtime=0.07 cores=2-3
/proc/1607588/stat : 1607588 (perf) S 1607587 1607588 1607546 0 -1 0 1738 237 0 0 6 1 0 0 20 0 1 0 923004550 27553792 3403 17179869184 93824994299904 93824996572973 140737488338256 0 0 0 134217728 4 74274 1 0 0 17 2 0 0 0 0 0 93824998874888 93825001005840 93825001308160 140737488340073 140737488340470 140737488340470 140737488351179 0
/proc/1607588/statm: 6727 3403 2098 555 0 1769 0
[pid=1607592] ppid=1607588 vsize=115816 memory=106664 CPUtime=522.17 cores=2-3
/proc/1607592/stat : 1607592 (clingo) R 1607588 1607588 1607546 0 -1 0 36640 0 0 0 52213 4 0 0 20 0 1 0 923004558 118595584 26666 17179869184 93824992301056 93824992468925 140737488338416 0 0 0 134217728 4 25184771 0 0 0 17 2 0 0 0 0 0 93824992533936 93824992571272 93824992575488 140737488340183 140737488340354 140737488340354 140737488351170 0
/proc/1607592/statm: 28954 26666 2089 41 0 25033 0
Current children cumulated CPU time: 522.24 s
Current children cumulated vsize: 142724 KiB
Current children cumulated memory: 120276 KiB

[startup+582.3 s]
/proc/loadavg: 14.17 14.13 13.72 15/808 1607668
/proc/meminfo: memFree=373131068/528004520 swapFree=8388604/8388604
[pid=1607588] ppid=1607587 vsize=26908 memory=13612 CPUtime=0.07 cores=2-3
/proc/1607588/stat : 1607588 (perf) S 1607587 1607588 1607546 0 -1 0 1738 237 0 0 6 1 0 0 20 0 1 0 923004550 27553792 3403 17179869184 93824994299904 93824996572973 140737488338256 0 0 0 134217728 4 74274 1 0 0 17 2 0 0 0 0 0 93824998874888 93825001005840 93825001308160 140737488340073 140737488340470 140737488340470 140737488351179 0
/proc/1607588/statm: 6727 3403 2098 555 0 1769 0
[pid=1607592] ppid=1607588 vsize=119256 memory=110116 CPUtime=582.17 cores=2-3
/proc/1607592/stat : 1607592 (clingo) R 1607588 1607588 1607546 0 -1 0 38353 0 0 0 58212 5 0 0 20 0 1 0 923004558 122118144 27529 17179869184 93824992301056 93824992468925 140737488338416 0 0 0 134217728 4 25184771 0 0 0 17 2 0 0 0 0 0 93824992533936 93824992571272 93824992575488 140737488340183 140737488340354 140737488340354 140737488351170 0
/proc/1607592/statm: 29814 27529 2089 41 0 25893 0
Current children cumulated CPU time: 582.24 s
Current children cumulated vsize: 146164 KiB
Current children cumulated memory: 123728 KiB

[startup+642.3 s]
/proc/loadavg: 15.77 14.60 13.91 15/809 1607672
/proc/meminfo: memFree=373088508/528004520 swapFree=8388604/8388604
[pid=1607588] ppid=1607587 vsize=26908 memory=13612 CPUtime=0.07 cores=2-3
/proc/1607588/stat : 1607588 (perf) S 1607587 1607588 1607546 0 -1 0 1738 237 0 0 6 1 0 0 20 0 1 0 923004550 27553792 3403 17179869184 93824994299904 93824996572973 140737488338256 0 0 0 134217728 4 74274 1 0 0 17 2 0 0 0 0 0 93824998874888 93825001005840 93825001308160 140737488340073 140737488340470 140737488340470 140737488351179 0
/proc/1607588/statm: 6727 3403 2098 555 0 1769 0
[pid=1607592] ppid=1607588 vsize=123648 memory=114352 CPUtime=642.16 cores=2-3
/proc/1607592/stat : 1607592 (clingo) R 1607588 1607588 1607546 0 -1 0 41323 0 0 0 64211 5 0 0 20 0 1 0 923004558 126615552 28588 17179869184 93824992301056 93824992468925 140737488338416 0 0 0 134217728 4 25184771 0 0 0 17 2 0 0 0 0 0 93824992533936 93824992571272 93824992575488 140737488340183 140737488340354 140737488340354 140737488351170 0
/proc/1607592/statm: 30912 28588 2089 41 0 26991 0
Current children cumulated CPU time: 642.23 s
Current children cumulated vsize: 150556 KiB
Current children cumulated memory: 127964 KiB

[startup+702.3 s]
/proc/loadavg: 14.95 14.57 13.94 15/809 1607676
/proc/meminfo: memFree=373040392/528004520 swapFree=8388604/8388604
[pid=1607588] ppid=1607587 vsize=26908 memory=13612 CPUtime=0.07 cores=2-3
/proc/1607588/stat : 1607588 (perf) S 1607587 1607588 1607546 0 -1 0 1738 237 0 0 6 1 0 0 20 0 1 0 923004550 27553792 3403 17179869184 93824994299904 93824996572973 140737488338256 0 0 0 134217728 4 74274 1 0 0 17 2 0 0 0 0 0 93824998874888 93825001005840 93825001308160 140737488340073 140737488340470 140737488340470 140737488351179 0
/proc/1607588/statm: 6727 3403 2098 555 0 1769 0
[pid=1607592] ppid=1607588 vsize=128340 memory=118180 CPUtime=702.17 cores=2-3
/proc/1607592/stat : 1607592 (clingo) R 1607588 1607588 1607546 0 -1 0 42717 0 0 0 70211 6 0 0 20 0 1 0 923004558 131420160 29545 17179869184 93824992301056 93824992468925 140737488338416 0 0 0 134217728 4 25184771 0 0 0 17 2 0 0 0 0 0 93824992533936 93824992571272 93824992575488 140737488340183 140737488340354 140737488340354 140737488351170 0
/proc/1607592/statm: 32085 29545 2089 41 0 28164 0
Current children cumulated CPU time: 702.24 s
Current children cumulated vsize: 155248 KiB
Current children cumulated memory: 131792 KiB

[startup+762.3 s]
/proc/loadavg: 14.57 14.54 13.97 15/809 1607678
/proc/meminfo: memFree=372998324/528004520 swapFree=8388604/8388604
[pid=1607588] ppid=1607587 vsize=26908 memory=13612 CPUtime=0.07 cores=2-3
/proc/1607588/stat : 1607588 (perf) S 1607587 1607588 1607546 0 -1 0 1738 237 0 0 6 1 0 0 20 0 1 0 923004550 27553792 3403 17179869184 93824994299904 93824996572973 140737488338256 0 0 0 134217728 4 74274 1 0 0 17 2 0 0 0 0 0 93824998874888 93825001005840 93825001308160 140737488340073 140737488340470 140737488340470 140737488351179 0
/proc/1607588/statm: 6727 3403 2098 555 0 1769 0
[pid=1607592] ppid=1607588 vsize=130400 memory=120420 CPUtime=762.17 cores=2-3
/proc/1607592/stat : 1607592 (clingo) R 1607588 1607588 1607546 0 -1 0 43534 0 0 0 76210 7 0 0 20 0 1 0 923004558 133529600 30105 17179869184 93824992301056 93824992468925 140737488338416 0 0 0 134217728 4 25184771 0 0 0 17 2 0 0 0 0 0 93824992533936 93824992571272 93824992575488 140737488340183 140737488340354 140737488340354 140737488351170 0
/proc/1607592/statm: 32600 30105 2089 41 0 28679 0
Current children cumulated CPU time: 762.24 s
Current children cumulated vsize: 157308 KiB
Current children cumulated memory: 134032 KiB

[startup+822.3 s]
/proc/loadavg: 14.21 14.44 13.98 15/809 1607680
/proc/meminfo: memFree=372963376/528004520 swapFree=8388604/8388604
[pid=1607588] ppid=1607587 vsize=26908 memory=13612 CPUtime=0.07 cores=2-3
/proc/1607588/stat : 1607588 (perf) S 1607587 1607588 1607546 0 -1 0 1738 237 0 0 6 1 0 0 20 0 1 0 923004550 27553792 3403 17179869184 93824994299904 93824996572973 140737488338256 0 0 0 134217728 4 74274 1 0 0 17 2 0 0 0 0 0 93824998874888 93825001005840 93825001308160 140737488340073 140737488340470 140737488340470 140737488351179 0
/proc/1607588/statm: 6727 3403 2098 555 0 1769 0
[pid=1607592] ppid=1607588 vsize=132472 memory=122284 CPUtime=822.17 cores=2-3
/proc/1607592/stat : 1607592 (clingo) R 1607588 1607588 1607546 0 -1 0 44214 0 0 0 82210 7 0 0 20 0 1 0 923004558 135651328 30571 17179869184 93824992301056 93824992468925 140737488338416 0 0 0 134217728 4 25184771 0 0 0 17 2 0 0 0 0 0 93824992533936 93824992571272 93824992575488 140737488340183 140737488340354 140737488340354 140737488351170 0
/proc/1607592/statm: 33118 30571 2089 41 0 29197 0
Current children cumulated CPU time: 822.24 s
Current children cumulated vsize: 159380 KiB
Current children cumulated memory: 135896 KiB

[startup+882.3 s]
/proc/loadavg: 14.11 14.37 13.99 15/809 1607684
/proc/meminfo: memFree=372923592/528004520 swapFree=8388604/8388604
[pid=1607588] ppid=1607587 vsize=26908 memory=13612 CPUtime=0.07 cores=2-3
/proc/1607588/stat : 1607588 (perf) S 1607587 1607588 1607546 0 -1 0 1738 237 0 0 6 1 0 0 20 0 1 0 923004550 27553792 3403 17179869184 93824994299904 93824996572973 140737488338256 0 0 0 134217728 4 74274 1 0 0 17 2 0 0 0 0 0 93824998874888 93825001005840 93825001308160 140737488340073 140737488340470 140737488340470 140737488351179 0
/proc/1607588/statm: 6727 3403 2098 555 0 1769 0
[pid=1607592] ppid=1607588 vsize=136012 memory=125420 CPUtime=882.17 cores=2-3
/proc/1607592/stat : 1607592 (clingo) R 1607588 1607588 1607546 0 -1 0 45954 0 0 0 88210 7 0 0 20 0 1 0 923004558 139276288 31355 17179869184 93824992301056 93824992468925 140737488338416 0 0 0 134217728 4 25184771 0 0 0 17 2 0 0 0 0 0 93824992533936 93824992571272 93824992575488 140737488340183 140737488340354 140737488340354 140737488351170 0
/proc/1607592/statm: 34003 31355 2089 41 0 30082 0
Current children cumulated CPU time: 882.24 s
Current children cumulated vsize: 162920 KiB
Current children cumulated memory: 139032 KiB

[startup+942.3 s]
/proc/loadavg: 14.04 14.30 14.00 15/809 1607687
/proc/meminfo: memFree=372886076/528004520 swapFree=8388604/8388604
[pid=1607588] ppid=1607587 vsize=26908 memory=13612 CPUtime=0.07 cores=2-3
/proc/1607588/stat : 1607588 (perf) S 1607587 1607588 1607546 0 -1 0 1738 237 0 0 6 1 0 0 20 0 1 0 923004550 27553792 3403 17179869184 93824994299904 93824996572973 140737488338256 0 0 0 134217728 4 74274 1 0 0 17 2 0 0 0 0 0 93824998874888 93825001005840 93825001308160 140737488340073 140737488340470 140737488340470 140737488351179 0
/proc/1607588/statm: 6727 3403 2098 555 0 1769 0
[pid=1607592] ppid=1607588 vsize=139384 memory=128868 CPUtime=942.16 cores=2-3
/proc/1607592/stat : 1607592 (clingo) R 1607588 1607588 1607546 0 -1 0 48072 0 0 0 94209 7 0 0 20 0 1 0 923004558 142729216 32217 17179869184 93824992301056 93824992468925 140737488338416 0 0 0 134217728 4 25184771 0 0 0 17 2 0 0 0 0 0 93824992533936 93824992571272 93824992575488 140737488340183 140737488340354 140737488340354 140737488351170 0
/proc/1607592/statm: 34846 32217 2089 41 0 30925 0
Current children cumulated CPU time: 942.23 s
Current children cumulated vsize: 166292 KiB
Current children cumulated memory: 142480 KiB

[startup+1002.3 s]
/proc/loadavg: 14.22 14.32 14.02 15/807 1607690
/proc/meminfo: memFree=372833944/528004520 swapFree=8388604/8388604
[pid=1607588] ppid=1607587 vsize=26908 memory=13612 CPUtime=0.07 cores=2-3
/proc/1607588/stat : 1607588 (perf) S 1607587 1607588 1607546 0 -1 0 1738 237 0 0 6 1 0 0 20 0 1 0 923004550 27553792 3403 17179869184 93824994299904 93824996572973 140737488338256 0 0 0 134217728 4 74274 1 0 0 17 2 0 0 0 0 0 93824998874888 93825001005840 93825001308160 140737488340073 140737488340470 140737488340470 140737488351179 0
/proc/1607588/statm: 6727 3403 2098 555 0 1769 0
[pid=1607592] ppid=1607588 vsize=142664 memory=131916 CPUtime=1002.17 cores=2-3
/proc/1607592/stat : 1607592 (clingo) R 1607588 1607588 1607546 0 -1 0 50013 0 0 0 100209 8 0 0 20 0 1 0 923004558 146087936 32979 17179869184 93824992301056 93824992468925 140737488338416 0 0 0 134217728 4 25184771 0 0 0 17 2 0 0 0 0 0 93824992533936 93824992571272 93824992575488 140737488340183 140737488340354 140737488340354 140737488351170 0
/proc/1607592/statm: 35666 32979 2089 41 0 31745 0
Current children cumulated CPU time: 1002.24 s
Current children cumulated vsize: 169572 KiB
Current children cumulated memory: 145528 KiB

[startup+1062.3 s]
/proc/loadavg: 14.28 14.32 14.04 15/808 1607694
/proc/meminfo: memFree=372807480/528004520 swapFree=8388604/8388604
[pid=1607588] ppid=1607587 vsize=26908 memory=13612 CPUtime=0.07 cores=2-3
/proc/1607588/stat : 1607588 (perf) S 1607587 1607588 1607546 0 -1 0 1738 237 0 0 6 1 0 0 20 0 1 0 923004550 27553792 3403 17179869184 93824994299904 93824996572973 140737488338256 0 0 0 134217728 4 74274 1 0 0 17 2 0 0 0 0 0 93824998874888 93825001005840 93825001308160 140737488340073 140737488340470 140737488340470 140737488351179 0
/proc/1607588/statm: 6727 3403 2098 555 0 1769 0
[pid=1607592] ppid=1607588 vsize=145184 memory=134616 CPUtime=1062.17 cores=2-3
/proc/1607592/stat : 1607592 (clingo) R 1607588 1607588 1607546 0 -1 0 51807 0 0 0 106208 9 0 0 20 0 1 0 923004558 148668416 33654 17179869184 93824992301056 93824992468925 140737488338416 0 0 0 134217728 4 25184771 0 0 0 17 2 0 0 0 0 0 93824992533936 93824992571272 93824992575488 140737488340183 140737488340354 140737488340354 140737488351170 0
/proc/1607592/statm: 36296 33654 2089 41 0 32375 0
Current children cumulated CPU time: 1062.24 s
Current children cumulated vsize: 172092 KiB
Current children cumulated memory: 148228 KiB

[startup+1122.3 s]
/proc/loadavg: 14.10 14.26 14.03 15/808 1607697
/proc/meminfo: memFree=372778264/528004520 swapFree=8388604/8388604
[pid=1607588] ppid=1607587 vsize=26908 memory=13612 CPUtime=0.07 cores=2-3
/proc/1607588/stat : 1607588 (perf) S 1607587 1607588 1607546 0 -1 0 1738 237 0 0 6 1 0 0 20 0 1 0 923004550 27553792 3403 17179869184 93824994299904 93824996572973 140737488338256 0 0 0 134217728 4 74274 1 0 0 17 2 0 0 0 0 0 93824998874888 93825001005840 93825001308160 140737488340073 140737488340470 140737488340470 140737488351179 0
/proc/1607588/statm: 6727 3403 2098 555 0 1769 0
[pid=1607592] ppid=1607588 vsize=150348 memory=139756 CPUtime=1122.16 cores=2-3
/proc/1607592/stat : 1607592 (clingo) R 1607588 1607588 1607546 0 -1 0 56807 0 0 0 112205 11 0 0 20 0 1 0 923004558 153956352 34939 17179869184 93824992301056 93824992468925 140737488338416 0 0 0 134217728 4 25184771 0 0 0 17 2 0 0 0 0 0 93824992533936 93824992571272 93824992575488 140737488340183 140737488340354 140737488340354 140737488351170 0
/proc/1607592/statm: 37587 34939 2089 41 0 33666 0
Current children cumulated CPU time: 1122.23 s
Current children cumulated vsize: 177256 KiB
Current children cumulated memory: 153368 KiB

[startup+1182.3 s]
/proc/loadavg: 14.19 14.27 14.05 15/808 1607700
/proc/meminfo: memFree=372754624/528004520 swapFree=8388604/8388604
[pid=1607588] ppid=1607587 vsize=26908 memory=13612 CPUtime=0.07 cores=2-3
/proc/1607588/stat : 1607588 (perf) S 1607587 1607588 1607546 0 -1 0 1738 237 0 0 6 1 0 0 20 0 1 0 923004550 27553792 3403 17179869184 93824994299904 93824996572973 140737488338256 0 0 0 134217728 4 74274 1 0 0 17 2 0 0 0 0 0 93824998874888 93825001005840 93825001308160 140737488340073 140737488340470 140737488340470 140737488351179 0
/proc/1607588/statm: 6727 3403 2098 555 0 1769 0
[pid=1607592] ppid=1607588 vsize=150348 memory=139756 CPUtime=1182.16 cores=2-3
/proc/1607592/stat : 1607592 (clingo) R 1607588 1607588 1607546 0 -1 0 56821 0 0 0 118205 11 0 0 20 0 1 0 923004558 153956352 34939 17179869184 93824992301056 93824992468925 140737488338416 0 0 0 134217728 4 25184771 0 0 0 17 2 0 0 0 0 0 93824992533936 93824992571272 93824992575488 140737488340183 140737488340354 140737488340354 140737488351170 0
/proc/1607592/statm: 37587 34939 2089 41 0 33666 0
Current children cumulated CPU time: 1182.23 s
Current children cumulated vsize: 177256 KiB
Current children cumulated memory: 153368 KiB



Maximum wall clock time exceeded: sending SIGTERM then SIGKILL

[startup+1205 s]*
/proc/loadavg: 14.21 14.27 14.05 15/856 1609744
/proc/meminfo: memFree=373393428/528004520 swapFree=8388604/8388604
[pid=1607588] ppid=1607587 vsize=26908 memory=13612 CPUtime=0.07 cores=2-3
/proc/1607588/stat : 1607588 (perf) S 1607587 1607588 1607546 0 -1 0 1738 237 0 0 6 1 0 0 20 0 1 0 923004550 27553792 3403 17179869184 93824994299904 93824996572973 140737488338256 0 0 0 134217728 4 74274 1 0 0 17 2 0 0 0 0 0 93824998874888 93825001005840 93825001308160 140737488340073 140737488340470 140737488340470 140737488351179 0
/proc/1607588/statm: 6727 3403 2098 555 0 1769 0
[pid=1607592] ppid=1607588 vsize=150848 memory=140312 CPUtime=1204.88 cores=2-3
/proc/1607592/stat : 1607592 (clingo) R 1607588 1607588 1607546 0 -1 0 58584 0 0 0 120476 12 0 0 20 0 1 0 923004558 154468352 35078 17179869184 93824992301056 93824992468925 140737488338416 0 0 0 134217728 4 25184771 0 0 0 17 2 0 0 0 0 0 93824992533936 93824992571272 93824992575488 140737488340183 140737488340354 140737488340354 140737488351170 0
/proc/1607592/statm: 37712 35078 2089 41 0 33791 0
Current children cumulated CPU time: 1204.95 s
Current children cumulated vsize: 177756 KiB
Current children cumulated memory: 153924 KiB

Sending SIGINT to process tree (bottom up)
Sleeping 5 seconds

[startup+1205.03 s]
# the end of solver process 1607588 was just reported to runsolver
# cumulated CPU time of all completed processes:  user=1204.83 s, system=0.14515 s

Solver just ended.
??? end of watcher thread
Dumping a history of the last processes samples

Child status: 1
Real time (s): 1205.03
CPU time (s): 1204.98
CPU user time (s): 1204.83
CPU system time (s): 0.14515
CPU usage (%): 99.9959
Max. virtual memory (cumulated for all children) (KiB): 182140
Max. memory (cumulated for all children) (KiB): 158116

getrusage(RUSAGE_CHILDREN,...) data:
user time used= 1204.83
system time used= 0.14515
maximum resident set size= 144504
integral shared memory size= 0
integral unshared data size= 0
integral unshared stack size= 0
page reclaims= 60599
page faults= 0
swaps= 0
block input operations= 0
block output operations= 0
messages sent= 0
messages received= 0
signals received= 0
voluntary context switches= 18
involuntary context switches= 1826


# summary of solver processes directly reported to runsolver:
#   pid: 1607588
#   total CPU time (s): 1204.98
#   total CPU user time (s): 1204.83
#   total CPU system time (s): 0.14515

??? end of timestamper thread
runsolver used 8.4434 second user time and 14.5815 second system time

The end
