runsolver version 3.4.0 (svn: 3018) Copyright (C) 2010-2013 Olivier ROUSSEL

This program is distributed in the hope that it will be useful,
but WITHOUT ANY WARRANTY; without even the implied warranty of
MERCHANTABILITY or FITNESS FOR A PARTICULAR PURPOSE.  See the
GNU General Public License for more details.

NUMA information:
  number of nodes: 2
  memory of node 0: 257634 MiB (180082 MiB free)
  memory of node 1: 257994 MiB (185802 MiB free)
  node distances:
     10  20
     20  10

command line: /dev/shm/3778950e-2e81-11f1-ac62-000c298f4621/input/runsolver -w /dev/shm/3778950e-2e81-11f1-ac62-000c298f4621/output/runsolver.log -v /dev/shm/3778950e-2e81-11f1-ac62-000c298f4621/output/varfile.log -W 1205 --rss-swap-limit 16384 -d 5 --sigint /usr/bin/perf stat -B -e task-clock,cache-references,cache-misses,cycles,instructions,branches,faults,migrations,context-switches -o /dev/shm/3778950e-2e81-11f1-ac62-000c298f4621/output/perf.log clingo /home/guests/mmacri/AMOSUM/benchmarks/GraphColouring/encoding-plain-amo.asp /dev/shm/3778950e-2e81-11f1-ac62-000c298f4621/input/0041-graph_colouring-145-0_4176.asp 

running on 2 cores: 10-11

Enforcing wall clock limit (soft limit, will send SIGTERM then SIGKILL): 1205 seconds
Enforcing RSS+Swap limit (soft limit, will send SIGTERM then SIGKILL): 16777216 KiB
Linux 5.15.0-131-generic
Current StackSize limit: 8192 KiB

solver pid=4057780, runsolver pid=4057779

[startup+0.100071 s]*
/proc/loadavg: 14.42 14.45 13.31 15/832 4057784
/proc/meminfo: memFree=374662008/528004312 swapFree=8388604/8388604
[pid=4057780] ppid=4057779 vsize=26908 memory=13612 CPUtime=0.06 cores=10-11
/proc/4057780/stat : 4057780 (perf) S 4057779 4057780 4057738 0 -1 0 1738 237 0 0 5 1 0 0 20 0 1 0 923018476 27553792 3403 17179869184 93824994299904 93824996572973 140737488338256 0 0 0 134217728 4 74274 1 0 0 17 10 0 0 0 0 0 93824998874888 93825001005840 93825001308160 140737488340073 140737488340470 140737488340470 140737488351179 0
/proc/4057780/statm: 6727 3403 2098 555 0 1769 0
[pid=4057784] ppid=4057780 vsize=20348 memory=12156 CPUtime=0.03 cores=10-11
/proc/4057784/stat : 4057784 (clingo) R 4057780 4057780 4057738 0 -1 0 1311 0 0 0 3 0 0 0 20 0 1 0 923018484 20836352 3039 17179869184 93824992301056 93824992468925 140737488338416 0 0 0 134217728 4 25184771 0 0 0 17 11 0 0 0 0 0 93824992533936 93824992571272 93824992575488 140737488340183 140737488340354 140737488340354 140737488351170 0
/proc/4057784/statm: 5087 3039 2069 41 0 1166 0
Current children cumulated CPU time: 0.09 s
Current children cumulated vsize: 47256 KiB
Current children cumulated memory: 25768 KiB

[startup+0.234668 s]*
/proc/loadavg: 14.42 14.45 13.31 15/832 4057784
/proc/meminfo: memFree=374660244/528004312 swapFree=8388604/8388604
[pid=4057780] ppid=4057779 vsize=26908 memory=13612 CPUtime=0.06 cores=10-11
/proc/4057780/stat : 4057780 (perf) S 4057779 4057780 4057738 0 -1 0 1738 237 0 0 5 1 0 0 20 0 1 0 923018476 27553792 3403 17179869184 93824994299904 93824996572973 140737488338256 0 0 0 134217728 4 74274 1 0 0 17 10 0 0 0 0 0 93824998874888 93825001005840 93825001308160 140737488340073 140737488340470 140737488340470 140737488351179 0
/proc/4057780/statm: 6727 3403 2098 555 0 1769 0
[pid=4057784] ppid=4057780 vsize=25576 memory=17496 CPUtime=0.13 cores=10-11
/proc/4057784/stat : 4057784 (clingo) R 4057780 4057780 4057738 0 -1 0 2623 0 0 0 13 0 0 0 20 0 1 0 923018484 26189824 4374 17179869184 93824992301056 93824992468925 140737488338416 0 0 0 134217728 4 25184771 0 0 0 17 10 0 0 0 0 0 93824992533936 93824992571272 93824992575488 140737488340183 140737488340354 140737488340354 140737488351170 0
/proc/4057784/statm: 6394 4374 2085 41 0 2473 0
Current children cumulated CPU time: 0.19 s
Current children cumulated vsize: 52484 KiB
Current children cumulated memory: 31108 KiB

[startup+0.318266 s]*
/proc/loadavg: 14.42 14.45 13.31 15/832 4057784
/proc/meminfo: memFree=374658228/528004312 swapFree=8388604/8388604
[pid=4057780] ppid=4057779 vsize=26908 memory=13612 CPUtime=0.06 cores=10-11
/proc/4057780/stat : 4057780 (perf) S 4057779 4057780 4057738 0 -1 0 1738 237 0 0 5 1 0 0 20 0 1 0 923018476 27553792 3403 17179869184 93824994299904 93824996572973 140737488338256 0 0 0 134217728 4 74274 1 0 0 17 10 0 0 0 0 0 93824998874888 93825001005840 93825001308160 140737488340073 140737488340470 140737488340470 140737488351179 0
/proc/4057780/statm: 6727 3403 2098 555 0 1769 0
[pid=4057784] ppid=4057780 vsize=27688 memory=19608 CPUtime=0.21 cores=10-11
/proc/4057784/stat : 4057784 (clingo) R 4057780 4057780 4057738 0 -1 0 3149 0 0 0 21 0 0 0 20 0 1 0 923018484 28352512 4902 17179869184 93824992301056 93824992468925 140737488338416 0 0 0 134217728 4 25184771 0 0 0 17 10 0 0 0 0 0 93824992533936 93824992571272 93824992575488 140737488340183 140737488340354 140737488340354 140737488351170 0
/proc/4057784/statm: 6922 4902 2085 41 0 3001 0
Current children cumulated CPU time: 0.27 s
Current children cumulated vsize: 54596 KiB
Current children cumulated memory: 33220 KiB

[startup+0.700345 s]
/proc/loadavg: 14.42 14.45 13.31 15/832 4057784
/proc/meminfo: memFree=374652936/528004312 swapFree=8388604/8388604
[pid=4057780] ppid=4057779 vsize=26908 memory=13612 CPUtime=0.06 cores=10-11
/proc/4057780/stat : 4057780 (perf) S 4057779 4057780 4057738 0 -1 0 1738 237 0 0 5 1 0 0 20 0 1 0 923018476 27553792 3403 17179869184 93824994299904 93824996572973 140737488338256 0 0 0 134217728 4 74274 1 0 0 17 10 0 0 0 0 0 93824998874888 93825001005840 93825001308160 140737488340073 140737488340470 140737488340470 140737488351179 0
/proc/4057780/statm: 6727 3403 2098 555 0 1769 0
[pid=4057784] ppid=4057780 vsize=30512 memory=22248 CPUtime=0.58 cores=10-11
/proc/4057784/stat : 4057784 (clingo) R 4057780 4057780 4057738 0 -1 0 3831 0 0 0 58 0 0 0 20 0 1 0 923018484 31244288 5562 17179869184 93824992301056 93824992468925 140737488338416 0 0 0 134217728 4 25184771 0 0 0 17 10 0 0 0 0 0 93824992533936 93824992571272 93824992575488 140737488340183 140737488340354 140737488340354 140737488351170 0
/proc/4057784/statm: 7628 5562 2085 41 0 3707 0
Current children cumulated CPU time: 0.64 s
Current children cumulated vsize: 57420 KiB
Current children cumulated memory: 35860 KiB

[startup+1.50034 s]
/proc/loadavg: 14.42 14.45 13.31 15/832 4057784
/proc/meminfo: memFree=374644228/528004312 swapFree=8388604/8388604
[pid=4057780] ppid=4057779 vsize=26908 memory=13612 CPUtime=0.06 cores=10-11
/proc/4057780/stat : 4057780 (perf) S 4057779 4057780 4057738 0 -1 0 1738 237 0 0 5 1 0 0 20 0 1 0 923018476 27553792 3403 17179869184 93824994299904 93824996572973 140737488338256 0 0 0 134217728 4 74274 1 0 0 17 10 0 0 0 0 0 93824998874888 93825001005840 93825001308160 140737488340073 140737488340470 140737488340470 140737488351179 0
/proc/4057780/statm: 6727 3403 2098 555 0 1769 0
[pid=4057784] ppid=4057780 vsize=34080 memory=25944 CPUtime=1.38 cores=10-11
/proc/4057784/stat : 4057784 (clingo) R 4057780 4057780 4057738 0 -1 0 4726 0 0 0 138 0 0 0 20 0 1 0 923018484 34897920 6486 17179869184 93824992301056 93824992468925 140737488338416 0 0 0 134217728 4 25184771 0 0 0 17 10 0 0 0 0 0 93824992533936 93824992571272 93824992575488 140737488340183 140737488340354 140737488340354 140737488351170 0
/proc/4057784/statm: 8520 6486 2085 41 0 4599 0
Current children cumulated CPU time: 1.44 s
Current children cumulated vsize: 60988 KiB
Current children cumulated memory: 39556 KiB

[startup+3.11809 s]
/proc/loadavg: 14.39 14.45 13.31 15/832 4057784
/proc/meminfo: memFree=374624748/528004312 swapFree=8388604/8388604
[pid=4057780] ppid=4057779 vsize=26908 memory=13612 CPUtime=0.06 cores=10-11
/proc/4057780/stat : 4057780 (perf) S 4057779 4057780 4057738 0 -1 0 1738 237 0 0 5 1 0 0 20 0 1 0 923018476 27553792 3403 17179869184 93824994299904 93824996572973 140737488338256 0 0 0 134217728 4 74274 1 0 0 17 10 0 0 0 0 0 93824998874888 93825001005840 93825001308160 140737488340073 140737488340470 140737488340470 140737488351179 0
/proc/4057780/statm: 6727 3403 2098 555 0 1769 0
[pid=4057784] ppid=4057780 vsize=35276 memory=27000 CPUtime=3 cores=10-11
/proc/4057784/stat : 4057784 (clingo) R 4057780 4057780 4057738 0 -1 0 5022 0 0 0 300 0 0 0 20 0 1 0 923018484 36122624 6750 17179869184 93824992301056 93824992468925 140737488338416 0 0 0 134217728 4 25184771 0 0 0 17 10 0 0 0 0 0 93824992533936 93824992571272 93824992575488 140737488340183 140737488340354 140737488340354 140737488351170 0
/proc/4057784/statm: 8819 6750 2085 41 0 4898 0
Current children cumulated CPU time: 3.06 s
Current children cumulated vsize: 62184 KiB
Current children cumulated memory: 40612 KiB

[startup+6.30028 s]
/proc/loadavg: 14.39 14.45 13.31 15/832 4057784
/proc/meminfo: memFree=374598872/528004312 swapFree=8388604/8388604
[pid=4057780] ppid=4057779 vsize=26908 memory=13612 CPUtime=0.06 cores=10-11
/proc/4057780/stat : 4057780 (perf) S 4057779 4057780 4057738 0 -1 0 1738 237 0 0 5 1 0 0 20 0 1 0 923018476 27553792 3403 17179869184 93824994299904 93824996572973 140737488338256 0 0 0 134217728 4 74274 1 0 0 17 10 0 0 0 0 0 93824998874888 93825001005840 93825001308160 140737488340073 140737488340470 140737488340470 140737488351179 0
/proc/4057780/statm: 6727 3403 2098 555 0 1769 0
[pid=4057784] ppid=4057780 vsize=40504 memory=32280 CPUtime=6.18 cores=10-11
/proc/4057784/stat : 4057784 (clingo) R 4057780 4057780 4057738 0 -1 0 6322 0 0 0 617 1 0 0 20 0 1 0 923018484 41476096 8070 17179869184 93824992301056 93824992468925 140737488338416 0 0 0 134217728 4 25184771 0 0 0 17 10 0 0 0 0 0 93824992533936 93824992571272 93824992575488 140737488340183 140737488340354 140737488340354 140737488351170 0
/proc/4057784/statm: 10126 8070 2085 41 0 6205 0
Current children cumulated CPU time: 6.24 s
Current children cumulated vsize: 67412 KiB
Current children cumulated memory: 45892 KiB

[startup+12.7003 s]
/proc/loadavg: 14.33 14.43 13.32 15/832 4057784
/proc/meminfo: memFree=374558756/528004312 swapFree=8388604/8388604
[pid=4057780] ppid=4057779 vsize=26908 memory=13612 CPUtime=0.06 cores=10-11
/proc/4057780/stat : 4057780 (perf) S 4057779 4057780 4057738 0 -1 0 1738 237 0 0 5 1 0 0 20 0 1 0 923018476 27553792 3403 17179869184 93824994299904 93824996572973 140737488338256 0 0 0 134217728 4 74274 1 0 0 17 10 0 0 0 0 0 93824998874888 93825001005840 93825001308160 140737488340073 140737488340470 140737488340470 140737488351179 0
/proc/4057780/statm: 6727 3403 2098 555 0 1769 0
[pid=4057784] ppid=4057780 vsize=45068 memory=36980 CPUtime=12.58 cores=10-11
/proc/4057784/stat : 4057784 (clingo) R 4057780 4057780 4057738 0 -1 0 7562 0 0 0 1257 1 0 0 20 0 1 0 923018484 46149632 9245 17179869184 93824992301056 93824992468925 140737488338416 0 0 0 134217728 4 25184771 0 0 0 17 10 0 0 0 0 0 93824992533936 93824992571272 93824992575488 140737488340183 140737488340354 140737488340354 140737488351170 0
/proc/4057784/statm: 11267 9245 2085 41 0 7346 0
Current children cumulated CPU time: 12.64 s
Current children cumulated vsize: 71976 KiB
Current children cumulated memory: 50592 KiB

[startup+25.5003 s]
/proc/loadavg: 14.35 14.43 13.33 15/832 4057784
/proc/meminfo: memFree=374492064/528004312 swapFree=8388604/8388604
[pid=4057780] ppid=4057779 vsize=26908 memory=13612 CPUtime=0.06 cores=10-11
/proc/4057780/stat : 4057780 (perf) S 4057779 4057780 4057738 0 -1 0 1738 237 0 0 5 1 0 0 20 0 1 0 923018476 27553792 3403 17179869184 93824994299904 93824996572973 140737488338256 0 0 0 134217728 4 74274 1 0 0 17 10 0 0 0 0 0 93824998874888 93825001005840 93825001308160 140737488340073 140737488340470 140737488340470 140737488351179 0
/proc/4057780/statm: 6727 3403 2098 555 0 1769 0
[pid=4057784] ppid=4057780 vsize=52800 memory=44724 CPUtime=25.38 cores=10-11
/proc/4057784/stat : 4057784 (clingo) R 4057780 4057780 4057738 0 -1 0 10586 0 0 0 2537 1 0 0 20 0 1 0 923018484 54067200 11181 17179869184 93824992301056 93824992468925 140737488338416 0 0 0 134217728 4 25184771 0 0 0 17 10 0 0 0 0 0 93824992533936 93824992571272 93824992575488 140737488340183 140737488340354 140737488340354 140737488351170 0
/proc/4057784/statm: 13200 11181 2085 41 0 9279 0
Current children cumulated CPU time: 25.44 s
Current children cumulated vsize: 79708 KiB
Current children cumulated memory: 58336 KiB

[startup+51.1183 s]
/proc/loadavg: 15.43 14.66 13.44 15/834 4057890
/proc/meminfo: memFree=374483848/528004312 swapFree=8388604/8388604
[pid=4057780] ppid=4057779 vsize=26908 memory=13612 CPUtime=0.06 cores=10-11
/proc/4057780/stat : 4057780 (perf) S 4057779 4057780 4057738 0 -1 0 1738 237 0 0 5 1 0 0 20 0 1 0 923018476 27553792 3403 17179869184 93824994299904 93824996572973 140737488338256 0 0 0 134217728 4 74274 1 0 0 17 10 0 0 0 0 0 93824998874888 93825001005840 93825001308160 140737488340073 140737488340470 140737488340470 140737488351179 0
/proc/4057780/statm: 6727 3403 2098 555 0 1769 0
[pid=4057784] ppid=4057780 vsize=63348 memory=55056 CPUtime=51 cores=10-11
/proc/4057784/stat : 4057784 (clingo) R 4057780 4057780 4057738 0 -1 0 13485 0 0 0 5098 2 0 0 20 0 1 0 923018484 64868352 13764 17179869184 93824992301056 93824992468925 140737488338416 0 0 0 134217728 4 25184771 0 0 0 17 10 0 0 0 0 0 93824992533936 93824992571272 93824992575488 140737488340183 140737488340354 140737488340354 140737488351170 0
/proc/4057784/statm: 15837 13764 2085 41 0 11916 0
Current children cumulated CPU time: 51.06 s
Current children cumulated vsize: 90256 KiB
Current children cumulated memory: 68668 KiB

[startup+102.3 s]
/proc/loadavg: 15.07 14.73 13.54 15/834 4057935
/proc/meminfo: memFree=374342340/528004312 swapFree=8388604/8388604
[pid=4057780] ppid=4057779 vsize=26908 memory=13612 CPUtime=0.06 cores=10-11
/proc/4057780/stat : 4057780 (perf) S 4057779 4057780 4057738 0 -1 0 1738 237 0 0 5 1 0 0 20 0 1 0 923018476 27553792 3403 17179869184 93824994299904 93824996572973 140737488338256 0 0 0 134217728 4 74274 1 0 0 17 10 0 0 0 0 0 93824998874888 93825001005840 93825001308160 140737488340073 140737488340470 140737488340470 140737488351179 0
/proc/4057780/statm: 6727 3403 2098 555 0 1769 0
[pid=4057784] ppid=4057780 vsize=75876 memory=67392 CPUtime=102.18 cores=10-11
/proc/4057784/stat : 4057784 (clingo) R 4057780 4057780 4057738 0 -1 0 18036 0 0 0 10216 2 0 0 20 0 1 0 923018484 77697024 16848 17179869184 93824992301056 93824992468925 140737488338416 0 0 0 134217728 4 25184771 0 0 0 17 10 0 0 0 0 0 93824992533936 93824992571272 93824992575488 140737488340183 140737488340354 140737488340354 140737488351170 0
/proc/4057784/statm: 18969 16848 2085 41 0 15048 0
Current children cumulated CPU time: 102.24 s
Current children cumulated vsize: 102784 KiB
Current children cumulated memory: 81004 KiB

[startup+162.3 s]
/proc/loadavg: 14.52 14.63 13.58 15/834 4057938
/proc/meminfo: memFree=374229712/528004312 swapFree=8388604/8388604
[pid=4057780] ppid=4057779 vsize=26908 memory=13612 CPUtime=0.06 cores=10-11
/proc/4057780/stat : 4057780 (perf) S 4057779 4057780 4057738 0 -1 0 1738 237 0 0 5 1 0 0 20 0 1 0 923018476 27553792 3403 17179869184 93824994299904 93824996572973 140737488338256 0 0 0 134217728 4 74274 1 0 0 17 10 0 0 0 0 0 93824998874888 93825001005840 93825001308160 140737488340073 140737488340470 140737488340470 140737488351179 0
/proc/4057780/statm: 6727 3403 2098 555 0 1769 0
[pid=4057784] ppid=4057780 vsize=84148 memory=75768 CPUtime=162.18 cores=10-11
/proc/4057784/stat : 4057784 (clingo) R 4057780 4057780 4057738 0 -1 0 22088 0 0 0 16214 4 0 0 20 0 1 0 923018484 86167552 18942 17179869184 93824992301056 93824992468925 140737488338416 0 0 0 134217728 4 25184771 0 0 0 17 10 0 0 0 0 0 93824992533936 93824992571272 93824992575488 140737488340183 140737488340354 140737488340354 140737488351170 0
/proc/4057784/statm: 21037 18942 2085 41 0 17116 0
Current children cumulated CPU time: 162.24 s
Current children cumulated vsize: 111056 KiB
Current children cumulated memory: 89380 KiB

[startup+222.3 s]
/proc/loadavg: 14.26 14.53 13.62 15/834 4057941
/proc/meminfo: memFree=374136800/528004312 swapFree=8388604/8388604
[pid=4057780] ppid=4057779 vsize=26908 memory=13612 CPUtime=0.06 cores=10-11
/proc/4057780/stat : 4057780 (perf) S 4057779 4057780 4057738 0 -1 0 1738 237 0 0 5 1 0 0 20 0 1 0 923018476 27553792 3403 17179869184 93824994299904 93824996572973 140737488338256 0 0 0 134217728 4 74274 1 0 0 17 10 0 0 0 0 0 93824998874888 93825001005840 93825001308160 140737488340073 140737488340470 140737488340470 140737488351179 0
/proc/4057780/statm: 6727 3403 2098 555 0 1769 0
[pid=4057784] ppid=4057780 vsize=92304 memory=83488 CPUtime=222.18 cores=10-11
/proc/4057784/stat : 4057784 (clingo) R 4057780 4057780 4057738 0 -1 0 25825 0 0 0 22214 4 0 0 20 0 1 0 923018484 94519296 20872 17179869184 93824992301056 93824992468925 140737488338416 0 0 0 134217728 4 25184771 0 0 0 17 10 0 0 0 0 0 93824992533936 93824992571272 93824992575488 140737488340183 140737488340354 140737488340354 140737488351170 0
/proc/4057784/statm: 23076 20872 2085 41 0 19155 0
Current children cumulated CPU time: 222.24 s
Current children cumulated vsize: 119212 KiB
Current children cumulated memory: 97100 KiB

[startup+282.3 s]
/proc/loadavg: 14.38 14.50 13.67 15/834 4057944
/proc/meminfo: memFree=374055676/528004312 swapFree=8388604/8388604
[pid=4057780] ppid=4057779 vsize=26908 memory=13612 CPUtime=0.06 cores=10-11
/proc/4057780/stat : 4057780 (perf) S 4057779 4057780 4057738 0 -1 0 1738 237 0 0 5 1 0 0 20 0 1 0 923018476 27553792 3403 17179869184 93824994299904 93824996572973 140737488338256 0 0 0 134217728 4 74274 1 0 0 17 10 0 0 0 0 0 93824998874888 93825001005840 93825001308160 140737488340073 140737488340470 140737488340470 140737488351179 0
/proc/4057780/statm: 6727 3403 2098 555 0 1769 0
[pid=4057784] ppid=4057780 vsize=98860 memory=89864 CPUtime=282.18 cores=10-11
/proc/4057784/stat : 4057784 (clingo) R 4057780 4057780 4057738 0 -1 0 28345 0 0 0 28213 5 0 0 20 0 1 0 923018484 101232640 22466 17179869184 93824992301056 93824992468925 140737488338416 0 0 0 134217728 4 25184771 0 0 0 17 10 0 0 0 0 0 93824992533936 93824992571272 93824992575488 140737488340183 140737488340354 140737488340354 140737488351170 0
/proc/4057784/statm: 24715 22466 2085 41 0 20794 0
Current children cumulated CPU time: 282.24 s
Current children cumulated vsize: 125768 KiB
Current children cumulated memory: 103476 KiB

[startup+342.3 s]
/proc/loadavg: 14.24 14.43 13.70 15/809 4057950
/proc/meminfo: memFree=373993060/528004312 swapFree=8388604/8388604
[pid=4057780] ppid=4057779 vsize=26908 memory=13612 CPUtime=0.06 cores=10-11
/proc/4057780/stat : 4057780 (perf) S 4057779 4057780 4057738 0 -1 0 1738 237 0 0 5 1 0 0 20 0 1 0 923018476 27553792 3403 17179869184 93824994299904 93824996572973 140737488338256 0 0 0 134217728 4 74274 1 0 0 17 10 0 0 0 0 0 93824998874888 93825001005840 93825001308160 140737488340073 140737488340470 140737488340470 140737488351179 0
/proc/4057780/statm: 6727 3403 2098 555 0 1769 0
[pid=4057784] ppid=4057780 vsize=103716 memory=94032 CPUtime=342.18 cores=10-11
/proc/4057784/stat : 4057784 (clingo) R 4057780 4057780 4057738 0 -1 0 30645 0 0 0 34212 6 0 0 20 0 1 0 923018484 106205184 23508 17179869184 93824992301056 93824992468925 140737488338416 0 0 0 134217728 4 25184771 0 0 0 17 10 0 0 0 0 0 93824992533936 93824992571272 93824992575488 140737488340183 140737488340354 140737488340354 140737488351170 0
/proc/4057784/statm: 25929 23508 2085 41 0 22008 0
Current children cumulated CPU time: 342.24 s
Current children cumulated vsize: 130624 KiB
Current children cumulated memory: 107644 KiB

[startup+402.3 s]
/proc/loadavg: 14.09 14.35 13.72 15/807 4057952
/proc/meminfo: memFree=373923272/528004312 swapFree=8388604/8388604
[pid=4057780] ppid=4057779 vsize=26908 memory=13612 CPUtime=0.06 cores=10-11
/proc/4057780/stat : 4057780 (perf) S 4057779 4057780 4057738 0 -1 0 1738 237 0 0 5 1 0 0 20 0 1 0 923018476 27553792 3403 17179869184 93824994299904 93824996572973 140737488338256 0 0 0 134217728 4 74274 1 0 0 17 10 0 0 0 0 0 93824998874888 93825001005840 93825001308160 140737488340073 140737488340470 140737488340470 140737488351179 0
/proc/4057780/statm: 6727 3403 2098 555 0 1769 0
[pid=4057784] ppid=4057780 vsize=108240 memory=98912 CPUtime=402.18 cores=10-11
/proc/4057784/stat : 4057784 (clingo) R 4057780 4057780 4057738 0 -1 0 32767 0 0 0 40211 7 0 0 20 0 1 0 923018484 110837760 24728 17179869184 93824992301056 93824992468925 140737488338416 0 0 0 134217728 4 25184771 0 0 0 17 10 0 0 0 0 0 93824992533936 93824992571272 93824992575488 140737488340183 140737488340354 140737488340354 140737488351170 0
/proc/4057784/statm: 27060 24728 2085 41 0 23139 0
Current children cumulated CPU time: 402.24 s
Current children cumulated vsize: 135148 KiB
Current children cumulated memory: 112524 KiB

[startup+462.3 s]
/proc/loadavg: 14.35 14.38 13.77 15/808 4057956
/proc/meminfo: memFree=373866824/528004312 swapFree=8388604/8388604
[pid=4057780] ppid=4057779 vsize=26908 memory=13612 CPUtime=0.06 cores=10-11
/proc/4057780/stat : 4057780 (perf) S 4057779 4057780 4057738 0 -1 0 1738 237 0 0 5 1 0 0 20 0 1 0 923018476 27553792 3403 17179869184 93824994299904 93824996572973 140737488338256 0 0 0 134217728 4 74274 1 0 0 17 10 0 0 0 0 0 93824998874888 93825001005840 93825001308160 140737488340073 140737488340470 140737488340470 140737488351179 0
/proc/4057780/statm: 6727 3403 2098 555 0 1769 0
[pid=4057784] ppid=4057780 vsize=114484 memory=104324 CPUtime=462.18 cores=10-11
/proc/4057784/stat : 4057784 (clingo) R 4057780 4057780 4057738 0 -1 0 34968 0 0 0 46211 7 0 0 20 0 1 0 923018484 117231616 26081 17179869184 93824992301056 93824992468925 140737488338416 0 0 0 134217728 4 25184771 0 0 0 17 10 0 0 0 0 0 93824992533936 93824992571272 93824992575488 140737488340183 140737488340354 140737488340354 140737488351170 0
/proc/4057784/statm: 28621 26081 2085 41 0 24700 0
Current children cumulated CPU time: 462.24 s
Current children cumulated vsize: 141392 KiB
Current children cumulated memory: 117936 KiB

[startup+522.3 s]
/proc/loadavg: 14.20 14.33 13.80 15/808 4057960
/proc/meminfo: memFree=373813704/528004312 swapFree=8388604/8388604
[pid=4057780] ppid=4057779 vsize=26908 memory=13612 CPUtime=0.06 cores=10-11
/proc/4057780/stat : 4057780 (perf) S 4057779 4057780 4057738 0 -1 0 1738 237 0 0 5 1 0 0 20 0 1 0 923018476 27553792 3403 17179869184 93824994299904 93824996572973 140737488338256 0 0 0 134217728 4 74274 1 0 0 17 10 0 0 0 0 0 93824998874888 93825001005840 93825001308160 140737488340073 140737488340470 140737488340470 140737488351179 0
/proc/4057780/statm: 6727 3403 2098 555 0 1769 0
[pid=4057784] ppid=4057780 vsize=119176 memory=108804 CPUtime=522.18 cores=10-11
/proc/4057784/stat : 4057784 (clingo) R 4057780 4057780 4057738 0 -1 0 36543 0 0 0 52211 7 0 0 20 0 1 0 923018484 122036224 27201 17179869184 93824992301056 93824992468925 140737488338416 0 0 0 134217728 4 25184771 0 0 0 17 10 0 0 0 0 0 93824992533936 93824992571272 93824992575488 140737488340183 140737488340354 140737488340354 140737488351170 0
/proc/4057784/statm: 29794 27201 2085 41 0 25873 0
Current children cumulated CPU time: 522.24 s
Current children cumulated vsize: 146084 KiB
Current children cumulated memory: 122416 KiB

[startup+582.3 s]
/proc/loadavg: 14.15 14.28 13.82 15/808 4057963
/proc/meminfo: memFree=373772412/528004312 swapFree=8388604/8388604
[pid=4057780] ppid=4057779 vsize=26908 memory=13612 CPUtime=0.06 cores=10-11
/proc/4057780/stat : 4057780 (perf) S 4057779 4057780 4057738 0 -1 0 1738 237 0 0 5 1 0 0 20 0 1 0 923018476 27553792 3403 17179869184 93824994299904 93824996572973 140737488338256 0 0 0 134217728 4 74274 1 0 0 17 10 0 0 0 0 0 93824998874888 93825001005840 93825001308160 140737488340073 140737488340470 140737488340470 140737488351179 0
/proc/4057780/statm: 6727 3403 2098 555 0 1769 0
[pid=4057784] ppid=4057780 vsize=123540 memory=112596 CPUtime=582.18 cores=10-11
/proc/4057784/stat : 4057784 (clingo) R 4057780 4057780 4057738 0 -1 0 37959 0 0 0 58211 7 0 0 20 0 1 0 923018484 126504960 28149 17179869184 93824992301056 93824992468925 140737488338416 0 0 0 134217728 4 25184771 0 0 0 17 10 0 0 0 0 0 93824992533936 93824992571272 93824992575488 140737488340183 140737488340354 140737488340354 140737488351170 0
/proc/4057784/statm: 30885 28149 2085 41 0 26964 0
Current children cumulated CPU time: 582.24 s
Current children cumulated vsize: 150448 KiB
Current children cumulated memory: 126208 KiB

[startup+642.3 s]
/proc/loadavg: 14.63 14.43 13.91 15/808 4057966
/proc/meminfo: memFree=373723784/528004312 swapFree=8388604/8388604
[pid=4057780] ppid=4057779 vsize=26908 memory=13612 CPUtime=0.06 cores=10-11
/proc/4057780/stat : 4057780 (perf) S 4057779 4057780 4057738 0 -1 0 1738 237 0 0 5 1 0 0 20 0 1 0 923018476 27553792 3403 17179869184 93824994299904 93824996572973 140737488338256 0 0 0 134217728 4 74274 1 0 0 17 10 0 0 0 0 0 93824998874888 93825001005840 93825001308160 140737488340073 140737488340470 140737488340470 140737488351179 0
/proc/4057780/statm: 6727 3403 2098 555 0 1769 0
[pid=4057784] ppid=4057780 vsize=127504 memory=116404 CPUtime=642.18 cores=10-11
/proc/4057784/stat : 4057784 (clingo) R 4057780 4057780 4057738 0 -1 0 39768 0 0 0 64210 8 0 0 20 0 1 0 923018484 130564096 29101 17179869184 93824992301056 93824992468925 140737488338416 0 0 0 134217728 4 25184771 0 0 0 17 10 0 0 0 0 0 93824992533936 93824992571272 93824992575488 140737488340183 140737488340354 140737488340354 140737488351170 0
/proc/4057784/statm: 31876 29101 2085 41 0 27955 0
Current children cumulated CPU time: 642.24 s
Current children cumulated vsize: 154412 KiB
Current children cumulated memory: 130016 KiB

[startup+702.3 s]
/proc/loadavg: 14.23 14.35 13.91 15/808 4057969
/proc/meminfo: memFree=373684020/528004312 swapFree=8388604/8388604
[pid=4057780] ppid=4057779 vsize=26908 memory=13612 CPUtime=0.06 cores=10-11
/proc/4057780/stat : 4057780 (perf) S 4057779 4057780 4057738 0 -1 0 1738 237 0 0 5 1 0 0 20 0 1 0 923018476 27553792 3403 17179869184 93824994299904 93824996572973 140737488338256 0 0 0 134217728 4 74274 1 0 0 17 10 0 0 0 0 0 93824998874888 93825001005840 93825001308160 140737488340073 140737488340470 140737488340470 140737488351179 0
/proc/4057780/statm: 6727 3403 2098 555 0 1769 0
[pid=4057784] ppid=4057780 vsize=130360 memory=118820 CPUtime=702.18 cores=10-11
/proc/4057784/stat : 4057784 (clingo) R 4057780 4057780 4057738 0 -1 0 40787 0 0 0 70209 9 0 0 20 0 1 0 923018484 133488640 29705 17179869184 93824992301056 93824992468925 140737488338416 0 0 0 134217728 4 25184771 0 0 0 17 10 0 0 0 0 0 93824992533936 93824992571272 93824992575488 140737488340183 140737488340354 140737488340354 140737488351170 0
/proc/4057784/statm: 32590 29705 2085 41 0 28669 0
Current children cumulated CPU time: 702.24 s
Current children cumulated vsize: 157268 KiB
Current children cumulated memory: 132432 KiB

[startup+762.3 s]
/proc/loadavg: 14.08 14.28 13.92 15/807 4057971
/proc/meminfo: memFree=373645228/528004312 swapFree=8388604/8388604
[pid=4057780] ppid=4057779 vsize=26908 memory=13612 CPUtime=0.06 cores=10-11
/proc/4057780/stat : 4057780 (perf) S 4057779 4057780 4057738 0 -1 0 1738 237 0 0 5 1 0 0 20 0 1 0 923018476 27553792 3403 17179869184 93824994299904 93824996572973 140737488338256 0 0 0 134217728 4 74274 1 0 0 17 10 0 0 0 0 0 93824998874888 93825001005840 93825001308160 140737488340073 140737488340470 140737488340470 140737488351179 0
/proc/4057780/statm: 6727 3403 2098 555 0 1769 0
[pid=4057784] ppid=4057780 vsize=133576 memory=121988 CPUtime=762.18 cores=10-11
/proc/4057784/stat : 4057784 (clingo) R 4057780 4057780 4057738 0 -1 0 41553 0 0 0 76209 9 0 0 20 0 1 0 923018484 136781824 30497 17179869184 93824992301056 93824992468925 140737488338416 0 0 0 134217728 4 25184771 0 0 0 17 10 0 0 0 0 0 93824992533936 93824992571272 93824992575488 140737488340183 140737488340354 140737488340354 140737488351170 0
/proc/4057784/statm: 33394 30497 2085 41 0 29473 0
Current children cumulated CPU time: 762.24 s
Current children cumulated vsize: 160484 KiB
Current children cumulated memory: 135600 KiB

[startup+822.3 s]
/proc/loadavg: 14.06 14.24 13.93 15/809 4057976
/proc/meminfo: memFree=373607696/528004312 swapFree=8388604/8388604
[pid=4057780] ppid=4057779 vsize=26908 memory=13612 CPUtime=0.06 cores=10-11
/proc/4057780/stat : 4057780 (perf) S 4057779 4057780 4057738 0 -1 0 1738 237 0 0 5 1 0 0 20 0 1 0 923018476 27553792 3403 17179869184 93824994299904 93824996572973 140737488338256 0 0 0 134217728 4 74274 1 0 0 17 10 0 0 0 0 0 93824998874888 93825001005840 93825001308160 140737488340073 140737488340470 140737488340470 140737488351179 0
/proc/4057780/statm: 6727 3403 2098 555 0 1769 0
[pid=4057784] ppid=4057780 vsize=136068 memory=124672 CPUtime=822.18 cores=10-11
/proc/4057784/stat : 4057784 (clingo) R 4057780 4057780 4057738 0 -1 0 43984 0 0 0 82209 9 0 0 20 0 1 0 923018484 139333632 31168 17179869184 93824992301056 93824992468925 140737488338416 0 0 0 134217728 4 25184771 0 0 0 17 10 0 0 0 0 0 93824992533936 93824992571272 93824992575488 140737488340183 140737488340354 140737488340354 140737488351170 0
/proc/4057784/statm: 34017 31168 2085 41 0 30096 0
Current children cumulated CPU time: 822.24 s
Current children cumulated vsize: 162976 KiB
Current children cumulated memory: 138284 KiB

[startup+882.3 s]
/proc/loadavg: 14.06 14.22 13.94 15/809 4057979
/proc/meminfo: memFree=373571176/528004312 swapFree=8388604/8388604
[pid=4057780] ppid=4057779 vsize=26908 memory=13612 CPUtime=0.06 cores=10-11
/proc/4057780/stat : 4057780 (perf) S 4057779 4057780 4057738 0 -1 0 1738 237 0 0 5 1 0 0 20 0 1 0 923018476 27553792 3403 17179869184 93824994299904 93824996572973 140737488338256 0 0 0 134217728 4 74274 1 0 0 17 10 0 0 0 0 0 93824998874888 93825001005840 93825001308160 140737488340073 140737488340470 140737488340470 140737488351179 0
/proc/4057780/statm: 6727 3403 2098 555 0 1769 0
[pid=4057784] ppid=4057780 vsize=138644 memory=127248 CPUtime=882.19 cores=10-11
/proc/4057784/stat : 4057784 (clingo) R 4057780 4057780 4057738 0 -1 0 46619 0 0 0 88209 10 0 0 20 0 1 0 923018484 141971456 31812 17179869184 93824992301056 93824992468925 140737488338416 0 0 0 134217728 4 25184771 0 0 0 17 10 0 0 0 0 0 93824992533936 93824992571272 93824992575488 140737488340183 140737488340354 140737488340354 140737488351170 0
/proc/4057784/statm: 34661 31812 2085 41 0 30740 0
Current children cumulated CPU time: 882.25 s
Current children cumulated vsize: 165552 KiB
Current children cumulated memory: 140860 KiB

[startup+942.3 s]
/proc/loadavg: 14.28 14.24 13.97 15/809 4057984
/proc/meminfo: memFree=373522572/528004312 swapFree=8388604/8388604
[pid=4057780] ppid=4057779 vsize=26908 memory=13612 CPUtime=0.06 cores=10-11
/proc/4057780/stat : 4057780 (perf) S 4057779 4057780 4057738 0 -1 0 1738 237 0 0 5 1 0 0 20 0 1 0 923018476 27553792 3403 17179869184 93824994299904 93824996572973 140737488338256 0 0 0 134217728 4 74274 1 0 0 17 10 0 0 0 0 0 93824998874888 93825001005840 93825001308160 140737488340073 140737488340470 140737488340470 140737488351179 0
/proc/4057780/statm: 6727 3403 2098 555 0 1769 0
[pid=4057784] ppid=4057780 vsize=142700 memory=131312 CPUtime=942.18 cores=10-11
/proc/4057784/stat : 4057784 (clingo) R 4057780 4057780 4057738 0 -1 0 48425 0 0 0 94208 10 0 0 20 0 1 0 923018484 146124800 32828 17179869184 93824992301056 93824992468925 140737488338416 0 0 0 134217728 4 25184771 0 0 0 17 10 0 0 0 0 0 93824992533936 93824992571272 93824992575488 140737488340183 140737488340354 140737488340354 140737488351170 0
/proc/4057784/statm: 35675 32828 2085 41 0 31754 0
Current children cumulated CPU time: 942.24 s
Current children cumulated vsize: 169608 KiB
Current children cumulated memory: 144924 KiB

[startup+1002.3 s]
/proc/loadavg: 14.55 14.34 14.02 15/809 4057987
/proc/meminfo: memFree=373485040/528004312 swapFree=8388604/8388604
[pid=4057780] ppid=4057779 vsize=26908 memory=13612 CPUtime=0.06 cores=10-11
/proc/4057780/stat : 4057780 (perf) S 4057779 4057780 4057738 0 -1 0 1738 237 0 0 5 1 0 0 20 0 1 0 923018476 27553792 3403 17179869184 93824994299904 93824996572973 140737488338256 0 0 0 134217728 4 74274 1 0 0 17 10 0 0 0 0 0 93824998874888 93825001005840 93825001308160 140737488340073 140737488340470 140737488340470 140737488351179 0
/proc/4057780/statm: 6727 3403 2098 555 0 1769 0
[pid=4057784] ppid=4057780 vsize=144272 memory=132832 CPUtime=1002.18 cores=10-11
/proc/4057784/stat : 4057784 (clingo) R 4057780 4057780 4057738 0 -1 0 49832 0 0 0 100208 10 0 0 20 0 1 0 923018484 147734528 33208 17179869184 93824992301056 93824992468925 140737488338416 0 0 0 134217728 4 25184771 0 0 0 17 10 0 0 0 0 0 93824992533936 93824992571272 93824992575488 140737488340183 140737488340354 140737488340354 140737488351170 0
/proc/4057784/statm: 36068 33208 2085 41 0 32147 0
Current children cumulated CPU time: 1002.24 s
Current children cumulated vsize: 171180 KiB
Current children cumulated memory: 146444 KiB

[startup+1062.3 s]
/proc/loadavg: 14.24 14.29 14.02 15/809 4057989
/proc/meminfo: memFree=373450536/528004312 swapFree=8388604/8388604
[pid=4057780] ppid=4057779 vsize=26908 memory=13612 CPUtime=0.06 cores=10-11
/proc/4057780/stat : 4057780 (perf) S 4057779 4057780 4057738 0 -1 0 1738 237 0 0 5 1 0 0 20 0 1 0 923018476 27553792 3403 17179869184 93824994299904 93824996572973 140737488338256 0 0 0 134217728 4 74274 1 0 0 17 10 0 0 0 0 0 93824998874888 93825001005840 93825001308160 140737488340073 140737488340470 140737488340470 140737488351179 0
/proc/4057780/statm: 6727 3403 2098 555 0 1769 0
[pid=4057784] ppid=4057780 vsize=148208 memory=136616 CPUtime=1062.19 cores=10-11
/proc/4057784/stat : 4057784 (clingo) R 4057780 4057780 4057738 0 -1 0 51351 0 0 0 106208 11 0 0 20 0 1 0 923018484 151764992 34154 17179869184 93824992301056 93824992468925 140737488338416 0 0 0 134217728 4 25184771 0 0 0 17 10 0 0 0 0 0 93824992533936 93824992571272 93824992575488 140737488340183 140737488340354 140737488340354 140737488351170 0
/proc/4057784/statm: 37052 34154 2085 41 0 33131 0
Current children cumulated CPU time: 1062.25 s
Current children cumulated vsize: 175116 KiB
Current children cumulated memory: 150228 KiB

[startup+1122.3 s]
/proc/loadavg: 14.17 14.27 14.03 15/808 4057993
/proc/meminfo: memFree=373420284/528004312 swapFree=8388604/8388604
[pid=4057780] ppid=4057779 vsize=26908 memory=13612 CPUtime=0.06 cores=10-11
/proc/4057780/stat : 4057780 (perf) S 4057779 4057780 4057738 0 -1 0 1738 237 0 0 5 1 0 0 20 0 1 0 923018476 27553792 3403 17179869184 93824994299904 93824996572973 140737488338256 0 0 0 134217728 4 74274 1 0 0 17 10 0 0 0 0 0 93824998874888 93825001005840 93825001308160 140737488340073 140737488340470 140737488340470 140737488351179 0
/proc/4057780/statm: 6727 3403 2098 555 0 1769 0
[pid=4057784] ppid=4057780 vsize=150740 memory=138988 CPUtime=1122.19 cores=10-11
/proc/4057784/stat : 4057784 (clingo) R 4057780 4057780 4057738 0 -1 0 51913 0 0 0 112208 11 0 0 20 0 1 0 923018484 154357760 34747 17179869184 93824992301056 93824992468925 140737488338416 0 0 0 134217728 4 25184771 0 0 0 17 10 0 0 0 0 0 93824992533936 93824992571272 93824992575488 140737488340183 140737488340354 140737488340354 140737488351170 0
/proc/4057784/statm: 37685 34747 2085 41 0 33764 0
Current children cumulated CPU time: 1122.25 s
Current children cumulated vsize: 177648 KiB
Current children cumulated memory: 152600 KiB

[startup+1182.3 s]
/proc/loadavg: 14.11 14.23 14.03 15/808 4057996
/proc/meminfo: memFree=373390312/528004312 swapFree=8388604/8388604
[pid=4057780] ppid=4057779 vsize=26908 memory=13612 CPUtime=0.06 cores=10-11
/proc/4057780/stat : 4057780 (perf) S 4057779 4057780 4057738 0 -1 0 1738 237 0 0 5 1 0 0 20 0 1 0 923018476 27553792 3403 17179869184 93824994299904 93824996572973 140737488338256 0 0 0 134217728 4 74274 1 0 0 17 10 0 0 0 0 0 93824998874888 93825001005840 93825001308160 140737488340073 140737488340470 140737488340470 140737488351179 0
/proc/4057780/statm: 6727 3403 2098 555 0 1769 0
[pid=4057784] ppid=4057780 vsize=154172 memory=141712 CPUtime=1182.18 cores=10-11
/proc/4057784/stat : 4057784 (clingo) R 4057780 4057780 4057738 0 -1 0 52758 0 0 0 118207 11 0 0 20 0 1 0 923018484 157872128 35428 17179869184 93824992301056 93824992468925 140737488338416 0 0 0 134217728 4 25184771 0 0 0 17 10 0 0 0 0 0 93824992533936 93824992571272 93824992575488 140737488340183 140737488340354 140737488340354 140737488351170 0
/proc/4057784/statm: 38543 35428 2085 41 0 34622 0
Current children cumulated CPU time: 1182.24 s
Current children cumulated vsize: 181080 KiB
Current children cumulated memory: 155324 KiB



Maximum wall clock time exceeded: sending SIGTERM then SIGKILL

[startup+1205 s]*
/proc/loadavg: 14.07 14.21 14.03 15/831 4059361
/proc/meminfo: memFree=374410100/528004312 swapFree=8388604/8388604
[pid=4057780] ppid=4057779 vsize=26908 memory=13612 CPUtime=0.06 cores=10-11
/proc/4057780/stat : 4057780 (perf) S 4057779 4057780 4057738 0 -1 0 1738 237 0 0 5 1 0 0 20 0 1 0 923018476 27553792 3403 17179869184 93824994299904 93824996572973 140737488338256 0 0 0 134217728 4 74274 1 0 0 17 10 0 0 0 0 0 93824998874888 93825001005840 93825001308160 140737488340073 140737488340470 140737488340470 140737488351179 0
/proc/4057780/statm: 6727 3403 2098 555 0 1769 0
[pid=4057784] ppid=4057780 vsize=156152 memory=143824 CPUtime=1204.9 cores=10-11
/proc/4057784/stat : 4057784 (clingo) R 4057780 4057780 4057738 0 -1 0 53246 0 0 0 120477 13 0 0 20 0 1 0 923018484 159899648 35956 17179869184 93824992301056 93824992468925 140737488338416 0 0 0 134217728 4 25184771 0 0 0 17 10 0 0 0 0 0 93824992533936 93824992571272 93824992575488 140737488340183 140737488340354 140737488340354 140737488351170 0
/proc/4057784/statm: 39038 35956 2085 41 0 35117 0
Current children cumulated CPU time: 1204.96 s
Current children cumulated vsize: 183060 KiB
Current children cumulated memory: 157436 KiB

Sending SIGINT to process tree (bottom up)
Sleeping 5 seconds

[startup+1205.03 s]
# the end of solver process 4057780 was just reported to runsolver
# cumulated CPU time of all completed processes:  user=1204.84 s, system=0.155785 s

Solver just ended.
??? end of watcher thread
Dumping a history of the last processes samples

Child status: 1
Real time (s): 1205.03
CPU time (s): 1205
CPU user time (s): 1204.84
CPU system time (s): 0.155785
CPU usage (%): 99.9976
Max. virtual memory (cumulated for all children) (KiB): 183060
Max. memory (cumulated for all children) (KiB): 157436

getrusage(RUSAGE_CHILDREN,...) data:
user time used= 1204.84
system time used= 0.155785
maximum resident set size= 143840
integral shared memory size= 0
integral unshared data size= 0
integral unshared stack size= 0
page reclaims= 55261
page faults= 0
swaps= 0
block input operations= 0
block output operations= 0
messages sent= 0
messages received= 0
signals received= 0
voluntary context switches= 18
involuntary context switches= 945


# summary of solver processes directly reported to runsolver:
#   pid: 4057780
#   total CPU time (s): 1205
#   total CPU user time (s): 1204.84
#   total CPU system time (s): 0.155785

??? end of timestamper thread
runsolver used 8.95642 second user time and 14.0855 second system time

The end
