runsolver version 3.4.0 (svn: 3018) Copyright (C) 2010-2013 Olivier ROUSSEL

This program is distributed in the hope that it will be useful,
but WITHOUT ANY WARRANTY; without even the implied warranty of
MERCHANTABILITY or FITNESS FOR A PARTICULAR PURPOSE.  See the
GNU General Public License for more details.

NUMA information:
  number of nodes: 2
  memory of node 0: 257587 MiB (124250 MiB free)
  memory of node 1: 258041 MiB (153121 MiB free)
  node distances:
     10  20
     20  10

command line: /dev/shm/378323f2-2e81-11f1-ac62-000c298f4621/input/runsolver -w /dev/shm/378323f2-2e81-11f1-ac62-000c298f4621/output/runsolver.log -v /dev/shm/378323f2-2e81-11f1-ac62-000c298f4621/output/varfile.log -W 1205 --rss-swap-limit 16384 -d 5 --sigint /usr/bin/perf stat -B -e task-clock,cache-references,cache-misses,cycles,instructions,branches,faults,migrations,context-switches -o /dev/shm/378323f2-2e81-11f1-ac62-000c298f4621/output/perf.log clingo /home/guests/mmacri/AMOSUM/benchmarks/GraphColouring/encoding-plain-amo.asp /dev/shm/378323f2-2e81-11f1-ac62-000c298f4621/input/0047-graph_colouring-145-0_5568.asp 

running on 2 cores: 28-29

Enforcing wall clock limit (soft limit, will send SIGTERM then SIGKILL): 1205 seconds
Enforcing RSS+Swap limit (soft limit, will send SIGTERM then SIGKILL): 16777216 KiB
Linux 5.15.0-131-generic
solver pid=2928791, runsolver pid=2928787
Current StackSize limit: 8192 KiB


[startup+0.10007 s]*
/proc/loadavg: 14.01 14.22 14.00 15/777 2928833
/proc/meminfo: memFree=284016584/528004512 swapFree=8388604/8388604
[pid=2928791] ppid=2928787 vsize=26908 memory=13612 CPUtime=0.07 cores=28-29
/proc/2928791/stat : 2928791 (perf) S 2928787 2928791 2928487 0 -1 0 1738 237 0 0 6 1 0 0 20 0 1 0 912656775 27553792 3403 17179869184 93824994299904 93824996572973 140737488338256 0 0 0 134217728 4 74274 1 0 0 17 28 0 0 0 0 0 93824998874888 93825001005840 93825001308160 140737488340073 140737488340470 140737488340470 140737488351179 0
/proc/2928791/statm: 6727 3403 2098 555 0 1769 0
[pid=2928832] ppid=2928791 vsize=19812 memory=11504 CPUtime=0.03 cores=28-29
/proc/2928832/stat : 2928832 (clingo) R 2928791 2928791 2928487 0 -1 0 1191 0 0 0 3 0 0 0 20 0 1 0 912656783 20287488 2876 17179869184 93824992301056 93824992468925 140737488338416 0 0 0 134217728 4 25184771 0 0 0 17 29 0 0 0 0 0 93824992533936 93824992571272 93824992575488 140737488340183 140737488340354 140737488340354 140737488351170 0
/proc/2928832/statm: 4953 2876 2043 41 0 1032 0
Current children cumulated CPU time: 0.1 s
Current children cumulated vsize: 46720 KiB
Current children cumulated memory: 25116 KiB

[startup+0.233714 s]*
/proc/loadavg: 14.01 14.22 14.00 12/754 2928961
/proc/meminfo: memFree=283993328/528004512 swapFree=8388604/8388604
[pid=2928791] ppid=2928787 vsize=26908 memory=13612 CPUtime=0.07 cores=28-29
/proc/2928791/stat : 2928791 (perf) S 2928787 2928791 2928487 0 -1 0 1738 237 0 0 6 1 0 0 20 0 1 0 912656775 27553792 3403 17179869184 93824994299904 93824996572973 140737488338256 0 0 0 134217728 4 74274 1 0 0 17 28 0 0 0 0 0 93824998874888 93825001005840 93825001308160 140737488340073 140737488340470 140737488340470 140737488351179 0
/proc/2928791/statm: 6727 3403 2098 555 0 1769 0
[pid=2928832] ppid=2928791 vsize=25268 memory=17220 CPUtime=0.14 cores=28-29
/proc/2928832/stat : 2928832 (clingo) R 2928791 2928791 2928487 0 -1 0 2557 0 0 0 14 0 0 0 20 0 1 0 912656783 25874432 4305 17179869184 93824992301056 93824992468925 140737488338416 0 0 0 134217728 4 25184771 0 0 0 17 28 0 0 0 0 0 93824992533936 93824992571272 93824992575488 140737488340183 140737488340354 140737488340354 140737488351170 0
/proc/2928832/statm: 6317 4305 2089 41 0 2396 0
Current children cumulated CPU time: 0.21 s
Current children cumulated vsize: 52176 KiB
Current children cumulated memory: 30832 KiB

[startup+0.332735 s]*
/proc/loadavg: 14.01 14.22 14.00 15/787 2929012
/proc/meminfo: memFree=284109832/528004512 swapFree=8388604/8388604
[pid=2928791] ppid=2928787 vsize=26908 memory=13612 CPUtime=0.07 cores=28-29
/proc/2928791/stat : 2928791 (perf) S 2928787 2928791 2928487 0 -1 0 1738 237 0 0 6 1 0 0 20 0 1 0 912656775 27553792 3403 17179869184 93824994299904 93824996572973 140737488338256 0 0 0 134217728 4 74274 1 0 0 17 28 0 0 0 0 0 93824998874888 93825001005840 93825001308160 140737488340073 140737488340470 140737488340470 140737488351179 0
/proc/2928791/statm: 6727 3403 2098 555 0 1769 0
[pid=2928832] ppid=2928791 vsize=26324 memory=18276 CPUtime=0.22 cores=28-29
/proc/2928832/stat : 2928832 (clingo) R 2928791 2928791 2928487 0 -1 0 2815 0 0 0 22 0 0 0 20 0 1 0 912656783 26955776 4569 17179869184 93824992301056 93824992468925 140737488338416 0 0 0 134217728 4 25184771 0 0 0 17 28 0 0 0 0 0 93824992533936 93824992571272 93824992575488 140737488340183 140737488340354 140737488340354 140737488351170 0
/proc/2928832/statm: 6581 4569 2089 41 0 2660 0
Current children cumulated CPU time: 0.29 s
Current children cumulated vsize: 53232 KiB
Current children cumulated memory: 31888 KiB

[startup+0.700321 s]
/proc/loadavg: 14.09 14.23 14.01 18/792 2929161
/proc/meminfo: memFree=284099400/528004512 swapFree=8388604/8388604
[pid=2928791] ppid=2928787 vsize=26908 memory=13612 CPUtime=0.07 cores=28-29
/proc/2928791/stat : 2928791 (perf) S 2928787 2928791 2928487 0 -1 0 1738 237 0 0 6 1 0 0 20 0 1 0 912656775 27553792 3403 17179869184 93824994299904 93824996572973 140737488338256 0 0 0 134217728 4 74274 1 0 0 17 28 0 0 0 0 0 93824998874888 93825001005840 93825001308160 140737488340073 140737488340470 140737488340470 140737488351179 0
/proc/2928791/statm: 6727 3403 2098 555 0 1769 0
[pid=2928832] ppid=2928791 vsize=28836 memory=20652 CPUtime=0.58 cores=28-29
/proc/2928832/stat : 2928832 (clingo) R 2928791 2928791 2928487 0 -1 0 3440 0 0 0 58 0 0 0 20 0 1 0 912656783 29528064 5163 17179869184 93824992301056 93824992468925 140737488338416 0 0 0 134217728 4 25184771 0 0 0 17 28 0 0 0 0 0 93824992533936 93824992571272 93824992575488 140737488340183 140737488340354 140737488340354 140737488351170 0
/proc/2928832/statm: 7209 5163 2089 41 0 3288 0
Current children cumulated CPU time: 0.65 s
Current children cumulated vsize: 55744 KiB
Current children cumulated memory: 34264 KiB

[startup+1.50033 s]
/proc/loadavg: 14.09 14.23 14.01 15/822 2929319
/proc/meminfo: memFree=284159384/528004512 swapFree=8388604/8388604
[pid=2928791] ppid=2928787 vsize=26908 memory=13612 CPUtime=0.07 cores=28-29
/proc/2928791/stat : 2928791 (perf) S 2928787 2928791 2928487 0 -1 0 1738 237 0 0 6 1 0 0 20 0 1 0 912656775 27553792 3403 17179869184 93824994299904 93824996572973 140737488338256 0 0 0 134217728 4 74274 1 0 0 17 28 0 0 0 0 0 93824998874888 93825001005840 93825001308160 140737488340073 140737488340470 140737488340470 140737488351179 0
/proc/2928791/statm: 6727 3403 2098 555 0 1769 0
[pid=2928832] ppid=2928791 vsize=30980 memory=22764 CPUtime=1.38 cores=28-29
/proc/2928832/stat : 2928832 (clingo) R 2928791 2928791 2928487 0 -1 0 3954 0 0 0 138 0 0 0 20 0 1 0 912656783 31723520 5691 17179869184 93824992301056 93824992468925 140737488338416 0 0 0 134217728 4 25184771 0 0 0 17 28 0 0 0 0 0 93824992533936 93824992571272 93824992575488 140737488340183 140737488340354 140737488340354 140737488351170 0
/proc/2928832/statm: 7745 5691 2089 41 0 3824 0
Current children cumulated CPU time: 1.45 s
Current children cumulated vsize: 57888 KiB
Current children cumulated memory: 36376 KiB

[startup+3.11822 s]
/proc/loadavg: 14.09 14.23 14.01 15/839 2929747
/proc/meminfo: memFree=284183464/528004512 swapFree=8388604/8388604
[pid=2928791] ppid=2928787 vsize=26908 memory=13612 CPUtime=0.07 cores=28-29
/proc/2928791/stat : 2928791 (perf) S 2928787 2928791 2928487 0 -1 0 1738 237 0 0 6 1 0 0 20 0 1 0 912656775 27553792 3403 17179869184 93824994299904 93824996572973 140737488338256 0 0 0 134217728 4 74274 1 0 0 17 28 0 0 0 0 0 93824998874888 93825001005840 93825001308160 140737488340073 140737488340470 140737488340470 140737488351179 0
/proc/2928791/statm: 6727 3403 2098 555 0 1769 0
[pid=2928832] ppid=2928791 vsize=33224 memory=25140 CPUtime=2.99 cores=28-29
/proc/2928832/stat : 2928832 (clingo) R 2928791 2928791 2928487 0 -1 0 4516 0 0 0 299 0 0 0 20 0 1 0 912656783 34021376 6285 17179869184 93824992301056 93824992468925 140737488338416 0 0 0 134217728 4 25184771 0 0 0 17 28 0 0 0 0 0 93824992533936 93824992571272 93824992575488 140737488340183 140737488340354 140737488340354 140737488351170 0
/proc/2928832/statm: 8306 6285 2089 41 0 4385 0
Current children cumulated CPU time: 3.06 s
Current children cumulated vsize: 60132 KiB
Current children cumulated memory: 38752 KiB

[startup+6.30029 s]
/proc/loadavg: 14.08 14.22 14.00 15/842 2929855
/proc/meminfo: memFree=283848340/528004512 swapFree=8388604/8388604
[pid=2928791] ppid=2928787 vsize=26908 memory=13612 CPUtime=0.07 cores=28-29
/proc/2928791/stat : 2928791 (perf) S 2928787 2928791 2928487 0 -1 0 1738 237 0 0 6 1 0 0 20 0 1 0 912656775 27553792 3403 17179869184 93824994299904 93824996572973 140737488338256 0 0 0 134217728 4 74274 1 0 0 17 28 0 0 0 0 0 93824998874888 93825001005840 93825001308160 140737488340073 140737488340470 140737488340470 140737488351179 0
/proc/2928791/statm: 6727 3403 2098 555 0 1769 0
[pid=2928832] ppid=2928791 vsize=36956 memory=28860 CPUtime=6.18 cores=28-29
/proc/2928832/stat : 2928832 (clingo) R 2928791 2928791 2928487 0 -1 0 5603 0 0 0 617 1 0 0 20 0 1 0 912656783 37842944 7215 17179869184 93824992301056 93824992468925 140737488338416 0 0 0 134217728 4 25184771 0 0 0 17 28 0 0 0 0 0 93824992533936 93824992571272 93824992575488 140737488340183 140737488340354 140737488340354 140737488351170 0
/proc/2928832/statm: 9239 7215 2089 41 0 5318 0
Current children cumulated CPU time: 6.25 s
Current children cumulated vsize: 63864 KiB
Current children cumulated memory: 42472 KiB

[startup+12.7003 s]
/proc/loadavg: 14.08 14.22 14.00 15/845 2929859
/proc/meminfo: memFree=283717664/528004512 swapFree=8388604/8388604
[pid=2928791] ppid=2928787 vsize=26908 memory=13612 CPUtime=0.07 cores=28-29
/proc/2928791/stat : 2928791 (perf) S 2928787 2928791 2928487 0 -1 0 1738 237 0 0 6 1 0 0 20 0 1 0 912656775 27553792 3403 17179869184 93824994299904 93824996572973 140737488338256 0 0 0 134217728 4 74274 1 0 0 17 28 0 0 0 0 0 93824998874888 93825001005840 93825001308160 140737488340073 140737488340470 140737488340470 140737488351179 0
/proc/2928791/statm: 6727 3403 2098 555 0 1769 0
[pid=2928832] ppid=2928791 vsize=40672 memory=32556 CPUtime=12.58 cores=28-29
/proc/2928832/stat : 2928832 (clingo) R 2928791 2928791 2928487 0 -1 0 6509 0 0 0 1257 1 0 0 20 0 1 0 912656783 41648128 8139 17179869184 93824992301056 93824992468925 140737488338416 0 0 0 134217728 4 25184771 0 0 0 17 28 0 0 0 0 0 93824992533936 93824992571272 93824992575488 140737488340183 140737488340354 140737488340354 140737488351170 0
/proc/2928832/statm: 10168 8139 2089 41 0 6247 0
Current children cumulated CPU time: 12.65 s
Current children cumulated vsize: 67580 KiB
Current children cumulated memory: 46168 KiB

[startup+25.5004 s]
/proc/loadavg: 14.06 14.21 14.00 15/846 2929861
/proc/meminfo: memFree=283652240/528004512 swapFree=8388604/8388604
[pid=2928791] ppid=2928787 vsize=26908 memory=13612 CPUtime=0.07 cores=28-29
/proc/2928791/stat : 2928791 (perf) S 2928787 2928791 2928487 0 -1 0 1738 237 0 0 6 1 0 0 20 0 1 0 912656775 27553792 3403 17179869184 93824994299904 93824996572973 140737488338256 0 0 0 134217728 4 74274 1 0 0 17 28 0 0 0 0 0 93824998874888 93825001005840 93825001308160 140737488340073 140737488340470 140737488340470 140737488351179 0
/proc/2928791/statm: 6727 3403 2098 555 0 1769 0
[pid=2928832] ppid=2928791 vsize=46540 memory=37836 CPUtime=25.38 cores=28-29
/proc/2928832/stat : 2928832 (clingo) R 2928791 2928791 2928487 0 -1 0 7860 0 0 0 2537 1 0 0 20 0 1 0 912656783 47656960 9459 17179869184 93824992301056 93824992468925 140737488338416 0 0 0 134217728 4 25184771 0 0 0 17 28 0 0 0 0 0 93824992533936 93824992571272 93824992575488 140737488340183 140737488340354 140737488340354 140737488351170 0
/proc/2928832/statm: 11635 9459 2089 41 0 7714 0
Current children cumulated CPU time: 25.45 s
Current children cumulated vsize: 73448 KiB
Current children cumulated memory: 51448 KiB

[startup+51.1187 s]
/proc/loadavg: 14.04 14.19 14.00 15/845 2929861
/proc/meminfo: memFree=283492784/528004512 swapFree=8388604/8388604
[pid=2928791] ppid=2928787 vsize=26908 memory=13612 CPUtime=0.07 cores=28-29
/proc/2928791/stat : 2928791 (perf) S 2928787 2928791 2928487 0 -1 0 1738 237 0 0 6 1 0 0 20 0 1 0 912656775 27553792 3403 17179869184 93824994299904 93824996572973 140737488338256 0 0 0 134217728 4 74274 1 0 0 17 28 0 0 0 0 0 93824998874888 93825001005840 93825001308160 140737488340073 140737488340470 140737488340470 140737488351179 0
/proc/2928791/statm: 6727 3403 2098 555 0 1769 0
[pid=2928832] ppid=2928791 vsize=54672 memory=44700 CPUtime=50.99 cores=28-29
/proc/2928832/stat : 2928832 (clingo) R 2928791 2928791 2928487 0 -1 0 9606 0 0 0 5098 1 0 0 20 0 1 0 912656783 55984128 11175 17179869184 93824992301056 93824992468925 140737488338416 0 0 0 134217728 4 25184771 0 0 0 17 28 0 0 0 0 0 93824992533936 93824992571272 93824992575488 140737488340183 140737488340354 140737488340354 140737488351170 0
/proc/2928832/statm: 13668 11175 2089 41 0 9747 0
Current children cumulated CPU time: 51.06 s
Current children cumulated vsize: 81580 KiB
Current children cumulated memory: 58312 KiB

[startup+102.3 s]
/proc/loadavg: 14.02 14.16 14.00 15/844 2929864
/proc/meminfo: memFree=283388464/528004512 swapFree=8388604/8388604
[pid=2928791] ppid=2928787 vsize=26908 memory=13612 CPUtime=0.07 cores=28-29
/proc/2928791/stat : 2928791 (perf) S 2928787 2928791 2928487 0 -1 0 1738 237 0 0 6 1 0 0 20 0 1 0 912656775 27553792 3403 17179869184 93824994299904 93824996572973 140737488338256 0 0 0 134217728 4 74274 1 0 0 17 28 0 0 0 0 0 93824998874888 93825001005840 93825001308160 140737488340073 140737488340470 140737488340470 140737488351179 0
/proc/2928791/statm: 6727 3403 2098 555 0 1769 0
[pid=2928832] ppid=2928791 vsize=68300 memory=57236 CPUtime=102.17 cores=28-29
/proc/2928832/stat : 2928832 (clingo) R 2928791 2928791 2928487 0 -1 0 12864 0 0 0 10216 1 0 0 20 0 1 0 912656783 69939200 14309 17179869184 93824992301056 93824992468925 140737488338416 0 0 0 134217728 4 25184771 0 0 0 17 28 0 0 0 0 0 93824992533936 93824992571272 93824992575488 140737488340183 140737488340354 140737488340354 140737488351170 0
/proc/2928832/statm: 17075 14309 2089 41 0 13154 0
Current children cumulated CPU time: 102.24 s
Current children cumulated vsize: 95208 KiB
Current children cumulated memory: 70848 KiB

[startup+162.3 s]
/proc/loadavg: 14.14 14.16 14.01 15/844 2929867
/proc/meminfo: memFree=283282400/528004512 swapFree=8388604/8388604
[pid=2928791] ppid=2928787 vsize=26908 memory=13612 CPUtime=0.07 cores=28-29
/proc/2928791/stat : 2928791 (perf) S 2928787 2928791 2928487 0 -1 0 1738 237 0 0 6 1 0 0 20 0 1 0 912656775 27553792 3403 17179869184 93824994299904 93824996572973 140737488338256 0 0 0 134217728 4 74274 1 0 0 17 28 0 0 0 0 0 93824998874888 93825001005840 93825001308160 140737488340073 140737488340470 140737488340470 140737488351179 0
/proc/2928791/statm: 6727 3403 2098 555 0 1769 0
[pid=2928832] ppid=2928791 vsize=77384 memory=66384 CPUtime=162.17 cores=28-29
/proc/2928832/stat : 2928832 (clingo) R 2928791 2928791 2928487 0 -1 0 15323 0 0 0 16215 2 0 0 20 0 1 0 912656783 79241216 16596 17179869184 93824992301056 93824992468925 140737488338416 0 0 0 134217728 4 25184771 0 0 0 17 28 0 0 0 0 0 93824992533936 93824992571272 93824992575488 140737488340183 140737488340354 140737488340354 140737488351170 0
/proc/2928832/statm: 19346 16596 2089 41 0 15425 0
Current children cumulated CPU time: 162.24 s
Current children cumulated vsize: 104292 KiB
Current children cumulated memory: 79996 KiB

[startup+222.3 s]
/proc/loadavg: 14.28 14.20 14.03 15/844 2929870
/proc/meminfo: memFree=283126660/528004512 swapFree=8388604/8388604
[pid=2928791] ppid=2928787 vsize=26908 memory=13612 CPUtime=0.07 cores=28-29
/proc/2928791/stat : 2928791 (perf) S 2928787 2928791 2928487 0 -1 0 1738 237 0 0 6 1 0 0 20 0 1 0 912656775 27553792 3403 17179869184 93824994299904 93824996572973 140737488338256 0 0 0 134217728 4 74274 1 0 0 17 28 0 0 0 0 0 93824998874888 93825001005840 93825001308160 140737488340073 140737488340470 140737488340470 140737488351179 0
/proc/2928791/statm: 6727 3403 2098 555 0 1769 0
[pid=2928832] ppid=2928791 vsize=86848 memory=75092 CPUtime=222.18 cores=28-29
/proc/2928832/stat : 2928832 (clingo) R 2928791 2928791 2928487 0 -1 0 17525 0 0 0 22215 3 0 0 20 0 1 0 912656783 88932352 18773 17179869184 93824992301056 93824992468925 140737488338416 0 0 0 134217728 4 25184771 0 0 0 17 28 0 0 0 0 0 93824992533936 93824992571272 93824992575488 140737488340183 140737488340354 140737488340354 140737488351170 0
/proc/2928832/statm: 21712 18773 2089 41 0 17791 0
Current children cumulated CPU time: 222.25 s
Current children cumulated vsize: 113756 KiB
Current children cumulated memory: 88704 KiB

[startup+282.3 s]
/proc/loadavg: 14.29 14.24 14.06 15/844 2929872
/proc/meminfo: memFree=282956696/528004512 swapFree=8388604/8388604
[pid=2928791] ppid=2928787 vsize=26908 memory=13612 CPUtime=0.07 cores=28-29
/proc/2928791/stat : 2928791 (perf) S 2928787 2928791 2928487 0 -1 0 1738 237 0 0 6 1 0 0 20 0 1 0 912656775 27553792 3403 17179869184 93824994299904 93824996572973 140737488338256 0 0 0 134217728 4 74274 1 0 0 17 28 0 0 0 0 0 93824998874888 93825001005840 93825001308160 140737488340073 140737488340470 140737488340470 140737488351179 0
/proc/2928791/statm: 6727 3403 2098 555 0 1769 0
[pid=2928832] ppid=2928791 vsize=90840 memory=79052 CPUtime=282.17 cores=28-29
/proc/2928832/stat : 2928832 (clingo) R 2928791 2928791 2928487 0 -1 0 18487 0 0 0 28213 4 0 0 20 0 1 0 912656783 93020160 19763 17179869184 93824992301056 93824992468925 140737488338416 0 0 0 134217728 4 25184771 0 0 0 17 28 0 0 0 0 0 93824992533936 93824992571272 93824992575488 140737488340183 140737488340354 140737488340354 140737488351170 0
/proc/2928832/statm: 22710 19763 2089 41 0 18789 0
Current children cumulated CPU time: 282.24 s
Current children cumulated vsize: 117748 KiB
Current children cumulated memory: 92664 KiB

[startup+342.3 s]
/proc/loadavg: 14.10 14.19 14.05 15/820 2929879
/proc/meminfo: memFree=282861124/528004512 swapFree=8388604/8388604
[pid=2928791] ppid=2928787 vsize=26908 memory=13612 CPUtime=0.07 cores=28-29
/proc/2928791/stat : 2928791 (perf) S 2928787 2928791 2928487 0 -1 0 1738 237 0 0 6 1 0 0 20 0 1 0 912656775 27553792 3403 17179869184 93824994299904 93824996572973 140737488338256 0 0 0 134217728 4 74274 1 0 0 17 28 0 0 0 0 0 93824998874888 93825001005840 93825001308160 140737488340073 140737488340470 140737488340470 140737488351179 0
/proc/2928791/statm: 6727 3403 2098 555 0 1769 0
[pid=2928832] ppid=2928791 vsize=101276 memory=88292 CPUtime=342.17 cores=28-29
/proc/2928832/stat : 2928832 (clingo) R 2928791 2928791 2928487 0 -1 0 20854 0 0 0 34213 4 0 0 20 0 1 0 912656783 103706624 22073 17179869184 93824992301056 93824992468925 140737488338416 0 0 0 134217728 4 25184771 0 0 0 17 28 0 0 0 0 0 93824992533936 93824992571272 93824992575488 140737488340183 140737488340354 140737488340354 140737488351170 0
/proc/2928832/statm: 25319 22073 2089 41 0 21398 0
Current children cumulated CPU time: 342.24 s
Current children cumulated vsize: 128184 KiB
Current children cumulated memory: 101904 KiB

[startup+402.3 s]
/proc/loadavg: 14.04 14.15 14.04 15/820 2929883
/proc/meminfo: memFree=282807716/528004512 swapFree=8388604/8388604
[pid=2928791] ppid=2928787 vsize=26908 memory=13612 CPUtime=0.07 cores=28-29
/proc/2928791/stat : 2928791 (perf) S 2928787 2928791 2928487 0 -1 0 1738 237 0 0 6 1 0 0 20 0 1 0 912656775 27553792 3403 17179869184 93824994299904 93824996572973 140737488338256 0 0 0 134217728 4 74274 1 0 0 17 28 0 0 0 0 0 93824998874888 93825001005840 93825001308160 140737488340073 140737488340470 140737488340470 140737488351179 0
/proc/2928791/statm: 6727 3403 2098 555 0 1769 0
[pid=2928832] ppid=2928791 vsize=109808 memory=95420 CPUtime=402.17 cores=28-29
/proc/2928832/stat : 2928832 (clingo) R 2928791 2928791 2928487 0 -1 0 22642 0 0 0 40212 5 0 0 20 0 1 0 912656783 112443392 23855 17179869184 93824992301056 93824992468925 140737488338416 0 0 0 134217728 4 25184771 0 0 0 17 28 0 0 0 0 0 93824992533936 93824992571272 93824992575488 140737488340183 140737488340354 140737488340354 140737488351170 0
/proc/2928832/statm: 27452 23855 2089 41 0 23531 0
Current children cumulated CPU time: 402.24 s
Current children cumulated vsize: 136716 KiB
Current children cumulated memory: 109032 KiB

[startup+462.3 s]
/proc/loadavg: 14.50 14.28 14.09 15/820 2929886
/proc/meminfo: memFree=282762860/528004512 swapFree=8388604/8388604
[pid=2928791] ppid=2928787 vsize=26908 memory=13612 CPUtime=0.07 cores=28-29
/proc/2928791/stat : 2928791 (perf) S 2928787 2928791 2928487 0 -1 0 1738 237 0 0 6 1 0 0 20 0 1 0 912656775 27553792 3403 17179869184 93824994299904 93824996572973 140737488338256 0 0 0 134217728 4 74274 1 0 0 17 28 0 0 0 0 0 93824998874888 93825001005840 93825001308160 140737488340073 140737488340470 140737488340470 140737488351179 0
/proc/2928791/statm: 6727 3403 2098 555 0 1769 0
[pid=2928832] ppid=2928791 vsize=115880 memory=100700 CPUtime=462.17 cores=28-29
/proc/2928832/stat : 2928832 (clingo) R 2928791 2928791 2928487 0 -1 0 23899 0 0 0 46212 5 0 0 20 0 1 0 912656783 118661120 25175 17179869184 93824992301056 93824992468925 140737488338416 0 0 0 134217728 4 25184771 0 0 0 17 28 0 0 0 0 0 93824992533936 93824992571272 93824992575488 140737488340183 140737488340354 140737488340354 140737488351170 0
/proc/2928832/statm: 28970 25175 2089 41 0 25049 0
Current children cumulated CPU time: 462.24 s
Current children cumulated vsize: 142788 KiB
Current children cumulated memory: 114312 KiB

[startup+522.3 s]
/proc/loadavg: 14.41 14.27 14.10 15/820 2929889
/proc/meminfo: memFree=282699876/528004512 swapFree=8388604/8388604
[pid=2928791] ppid=2928787 vsize=26908 memory=13612 CPUtime=0.07 cores=28-29
/proc/2928791/stat : 2928791 (perf) S 2928787 2928791 2928487 0 -1 0 1738 237 0 0 6 1 0 0 20 0 1 0 912656775 27553792 3403 17179869184 93824994299904 93824996572973 140737488338256 0 0 0 134217728 4 74274 1 0 0 17 28 0 0 0 0 0 93824998874888 93825001005840 93825001308160 140737488340073 140737488340470 140737488340470 140737488351179 0
/proc/2928791/statm: 6727 3403 2098 555 0 1769 0
[pid=2928832] ppid=2928791 vsize=119484 memory=103604 CPUtime=522.17 cores=28-29
/proc/2928832/stat : 2928832 (clingo) R 2928791 2928791 2928487 0 -1 0 24671 0 0 0 52211 6 0 0 20 0 1 0 912656783 122351616 25901 17179869184 93824992301056 93824992468925 140737488338416 0 0 0 134217728 4 25184771 0 0 0 17 28 0 0 0 0 0 93824992533936 93824992571272 93824992575488 140737488340183 140737488340354 140737488340354 140737488351170 0
/proc/2928832/statm: 29871 25901 2089 41 0 25950 0
Current children cumulated CPU time: 522.24 s
Current children cumulated vsize: 146392 KiB
Current children cumulated memory: 117216 KiB

[startup+582.3 s]
/proc/loadavg: 14.18 14.23 14.10 15/820 2929892
/proc/meminfo: memFree=282649728/528004512 swapFree=8388604/8388604
[pid=2928791] ppid=2928787 vsize=26908 memory=13612 CPUtime=0.07 cores=28-29
/proc/2928791/stat : 2928791 (perf) S 2928787 2928791 2928487 0 -1 0 1738 237 0 0 6 1 0 0 20 0 1 0 912656775 27553792 3403 17179869184 93824994299904 93824996572973 140737488338256 0 0 0 134217728 4 74274 1 0 0 17 28 0 0 0 0 0 93824998874888 93825001005840 93825001308160 140737488340073 140737488340470 140737488340470 140737488351179 0
/proc/2928791/statm: 6727 3403 2098 555 0 1769 0
[pid=2928832] ppid=2928791 vsize=122708 memory=106508 CPUtime=582.17 cores=28-29
/proc/2928832/stat : 2928832 (clingo) R 2928791 2928791 2928487 0 -1 0 25361 0 0 0 58211 6 0 0 20 0 1 0 912656783 125652992 26627 17179869184 93824992301056 93824992468925 140737488338416 0 0 0 134217728 4 25184771 0 0 0 17 28 0 0 0 0 0 93824992533936 93824992571272 93824992575488 140737488340183 140737488340354 140737488340354 140737488351170 0
/proc/2928832/statm: 30677 26627 2089 41 0 26756 0
Current children cumulated CPU time: 582.24 s
Current children cumulated vsize: 149616 KiB
Current children cumulated memory: 120120 KiB

[startup+642.3 s]
/proc/loadavg: 14.22 14.22 14.10 15/819 2929896
/proc/meminfo: memFree=282593328/528004512 swapFree=8388604/8388604
[pid=2928791] ppid=2928787 vsize=26908 memory=13612 CPUtime=0.07 cores=28-29
/proc/2928791/stat : 2928791 (perf) S 2928787 2928791 2928487 0 -1 0 1738 237 0 0 6 1 0 0 20 0 1 0 912656775 27553792 3403 17179869184 93824994299904 93824996572973 140737488338256 0 0 0 134217728 4 74274 1 0 0 17 28 0 0 0 0 0 93824998874888 93825001005840 93825001308160 140737488340073 140737488340470 140737488340470 140737488351179 0
/proc/2928791/statm: 6727 3403 2098 555 0 1769 0
[pid=2928832] ppid=2928791 vsize=126692 memory=109940 CPUtime=642.17 cores=28-29
/proc/2928832/stat : 2928832 (clingo) R 2928791 2928791 2928487 0 -1 0 26232 0 0 0 64211 6 0 0 20 0 1 0 912656783 129732608 27485 17179869184 93824992301056 93824992468925 140737488338416 0 0 0 134217728 4 25184771 0 0 0 17 28 0 0 0 0 0 93824992533936 93824992571272 93824992575488 140737488340183 140737488340354 140737488340354 140737488351170 0
/proc/2928832/statm: 31673 27485 2089 41 0 27752 0
Current children cumulated CPU time: 642.24 s
Current children cumulated vsize: 153600 KiB
Current children cumulated memory: 123552 KiB

[startup+702.3 s]
/proc/loadavg: 14.76 14.39 14.17 15/819 2929898
/proc/meminfo: memFree=282529572/528004512 swapFree=8388604/8388604
[pid=2928791] ppid=2928787 vsize=26908 memory=13612 CPUtime=0.07 cores=28-29
/proc/2928791/stat : 2928791 (perf) S 2928787 2928791 2928487 0 -1 0 1738 237 0 0 6 1 0 0 20 0 1 0 912656775 27553792 3403 17179869184 93824994299904 93824996572973 140737488338256 0 0 0 134217728 4 74274 1 0 0 17 28 0 0 0 0 0 93824998874888 93825001005840 93825001308160 140737488340073 140737488340470 140737488340470 140737488351179 0
/proc/2928791/statm: 6727 3403 2098 555 0 1769 0
[pid=2928832] ppid=2928791 vsize=132324 memory=114956 CPUtime=702.17 cores=28-29
/proc/2928832/stat : 2928832 (clingo) R 2928791 2928791 2928487 0 -1 0 27500 0 0 0 70211 6 0 0 20 0 1 0 912656783 135499776 28739 17179869184 93824992301056 93824992468925 140737488338416 0 0 0 134217728 4 25184771 0 0 0 17 28 0 0 0 0 0 93824992533936 93824992571272 93824992575488 140737488340183 140737488340354 140737488340354 140737488351170 0
/proc/2928832/statm: 33081 28739 2089 41 0 29160 0
Current children cumulated CPU time: 702.24 s
Current children cumulated vsize: 159232 KiB
Current children cumulated memory: 128568 KiB

[startup+762.3 s]
/proc/loadavg: 14.31 14.33 14.16 15/819 2929899
/proc/meminfo: memFree=282472368/528004512 swapFree=8388604/8388604
[pid=2928791] ppid=2928787 vsize=26908 memory=13612 CPUtime=0.07 cores=28-29
/proc/2928791/stat : 2928791 (perf) S 2928787 2928791 2928487 0 -1 0 1738 237 0 0 6 1 0 0 20 0 1 0 912656775 27553792 3403 17179869184 93824994299904 93824996572973 140737488338256 0 0 0 134217728 4 74274 1 0 0 17 28 0 0 0 0 0 93824998874888 93825001005840 93825001308160 140737488340073 140737488340470 140737488340470 140737488351179 0
/proc/2928791/statm: 6727 3403 2098 555 0 1769 0
[pid=2928832] ppid=2928791 vsize=137068 memory=119180 CPUtime=762.17 cores=28-29
/proc/2928832/stat : 2928832 (clingo) R 2928791 2928791 2928487 0 -1 0 28570 0 0 0 76211 6 0 0 20 0 1 0 912656783 140357632 29795 17179869184 93824992301056 93824992468925 140737488338416 0 0 0 134217728 4 25184771 0 0 0 17 28 0 0 0 0 0 93824992533936 93824992571272 93824992575488 140737488340183 140737488340354 140737488340354 140737488351170 0
/proc/2928832/statm: 34267 29795 2089 41 0 30346 0
Current children cumulated CPU time: 762.24 s
Current children cumulated vsize: 163976 KiB
Current children cumulated memory: 132792 KiB

[startup+822.3 s]
/proc/loadavg: 14.11 14.27 14.15 15/819 2929901
/proc/meminfo: memFree=282393744/528004512 swapFree=8388604/8388604
[pid=2928791] ppid=2928787 vsize=26908 memory=13612 CPUtime=0.07 cores=28-29
/proc/2928791/stat : 2928791 (perf) S 2928787 2928791 2928487 0 -1 0 1738 237 0 0 6 1 0 0 20 0 1 0 912656775 27553792 3403 17179869184 93824994299904 93824996572973 140737488338256 0 0 0 134217728 4 74274 1 0 0 17 28 0 0 0 0 0 93824998874888 93825001005840 93825001308160 140737488340073 140737488340470 140737488340470 140737488351179 0
/proc/2928791/statm: 6727 3403 2098 555 0 1769 0
[pid=2928832] ppid=2928791 vsize=143328 memory=124988 CPUtime=822.17 cores=28-29
/proc/2928832/stat : 2928832 (clingo) R 2928791 2928791 2928487 0 -1 0 29999 0 0 0 82210 7 0 0 20 0 1 0 912656783 146767872 31247 17179869184 93824992301056 93824992468925 140737488338416 0 0 0 134217728 4 25184771 0 0 0 17 28 0 0 0 0 0 93824992533936 93824992571272 93824992575488 140737488340183 140737488340354 140737488340354 140737488351170 0
/proc/2928832/statm: 35832 31247 2089 41 0 31911 0
Current children cumulated CPU time: 822.24 s
Current children cumulated vsize: 170236 KiB
Current children cumulated memory: 138600 KiB

[startup+882.3 s]
/proc/loadavg: 14.08 14.23 14.14 15/819 2929945
/proc/meminfo: memFree=282364796/528004512 swapFree=8388604/8388604
[pid=2928791] ppid=2928787 vsize=26908 memory=13612 CPUtime=0.07 cores=28-29
/proc/2928791/stat : 2928791 (perf) S 2928787 2928791 2928487 0 -1 0 1738 237 0 0 6 1 0 0 20 0 1 0 912656775 27553792 3403 17179869184 93824994299904 93824996572973 140737488338256 0 0 0 134217728 4 74274 1 0 0 17 28 0 0 0 0 0 93824998874888 93825001005840 93825001308160 140737488340073 140737488340470 140737488340470 140737488351179 0
/proc/2928791/statm: 6727 3403 2098 555 0 1769 0
[pid=2928832] ppid=2928791 vsize=147604 memory=129212 CPUtime=882.17 cores=28-29
/proc/2928832/stat : 2928832 (clingo) R 2928791 2928791 2928487 0 -1 0 31040 0 0 0 88210 7 0 0 20 0 1 0 912656783 151146496 32303 17179869184 93824992301056 93824992468925 140737488338416 0 0 0 134217728 4 25184771 0 0 0 17 28 0 0 0 0 0 93824992533936 93824992571272 93824992575488 140737488340183 140737488340354 140737488340354 140737488351170 0
/proc/2928832/statm: 36901 32303 2089 41 0 32980 0
Current children cumulated CPU time: 882.24 s
Current children cumulated vsize: 174512 KiB
Current children cumulated memory: 142824 KiB

[startup+942.3 s]
/proc/loadavg: 14.11 14.20 14.14 15/819 2929946
/proc/meminfo: memFree=282311120/528004512 swapFree=8388604/8388604
[pid=2928791] ppid=2928787 vsize=26908 memory=13612 CPUtime=0.07 cores=28-29
/proc/2928791/stat : 2928791 (perf) S 2928787 2928791 2928487 0 -1 0 1738 237 0 0 6 1 0 0 20 0 1 0 912656775 27553792 3403 17179869184 93824994299904 93824996572973 140737488338256 0 0 0 134217728 4 74274 1 0 0 17 28 0 0 0 0 0 93824998874888 93825001005840 93825001308160 140737488340073 140737488340470 140737488340470 140737488351179 0
/proc/2928791/statm: 6727 3403 2098 555 0 1769 0
[pid=2928832] ppid=2928791 vsize=150084 memory=131588 CPUtime=942.17 cores=28-29
/proc/2928832/stat : 2928832 (clingo) R 2928791 2928791 2928487 0 -1 0 31675 0 0 0 94209 8 0 0 20 0 1 0 912656783 153686016 32897 17179869184 93824992301056 93824992468925 140737488338416 0 0 0 134217728 4 25184771 0 0 0 17 28 0 0 0 0 0 93824992533936 93824992571272 93824992575488 140737488340183 140737488340354 140737488340354 140737488351170 0
/proc/2928832/statm: 37521 32897 2089 41 0 33600 0
Current children cumulated CPU time: 942.24 s
Current children cumulated vsize: 176992 KiB
Current children cumulated memory: 145200 KiB

[startup+1002.3 s]
/proc/loadavg: 14.33 14.27 14.17 15/818 2929947
/proc/meminfo: memFree=282179072/528004512 swapFree=8388604/8388604
[pid=2928791] ppid=2928787 vsize=26908 memory=13612 CPUtime=0.07 cores=28-29
/proc/2928791/stat : 2928791 (perf) S 2928787 2928791 2928487 0 -1 0 1738 237 0 0 6 1 0 0 20 0 1 0 912656775 27553792 3403 17179869184 93824994299904 93824996572973 140737488338256 0 0 0 134217728 4 74274 1 0 0 17 28 0 0 0 0 0 93824998874888 93825001005840 93825001308160 140737488340073 140737488340470 140737488340470 140737488351179 0
/proc/2928791/statm: 6727 3403 2098 555 0 1769 0
[pid=2928832] ppid=2928791 vsize=151708 memory=133436 CPUtime=1002.17 cores=28-29
/proc/2928832/stat : 2928832 (clingo) R 2928791 2928791 2928487 0 -1 0 32099 0 0 0 100209 8 0 0 20 0 1 0 912656783 155348992 33359 17179869184 93824992301056 93824992468925 140737488338416 0 0 0 134217728 4 25184771 0 0 0 17 28 0 0 0 0 0 93824992533936 93824992571272 93824992575488 140737488340183 140737488340354 140737488340354 140737488351170 0
/proc/2928832/statm: 37927 33359 2089 41 0 34006 0
Current children cumulated CPU time: 1002.24 s
Current children cumulated vsize: 178616 KiB
Current children cumulated memory: 147048 KiB

[startup+1062.3 s]
/proc/loadavg: 14.12 14.22 14.16 15/819 2929949
/proc/meminfo: memFree=282065404/528004512 swapFree=8388604/8388604
[pid=2928791] ppid=2928787 vsize=26908 memory=13612 CPUtime=0.07 cores=28-29
/proc/2928791/stat : 2928791 (perf) S 2928787 2928791 2928487 0 -1 0 1738 237 0 0 6 1 0 0 20 0 1 0 912656775 27553792 3403 17179869184 93824994299904 93824996572973 140737488338256 0 0 0 134217728 4 74274 1 0 0 17 28 0 0 0 0 0 93824998874888 93825001005840 93825001308160 140737488340073 140737488340470 140737488340470 140737488351179 0
/proc/2928791/statm: 6727 3403 2098 555 0 1769 0
[pid=2928832] ppid=2928791 vsize=156568 memory=138188 CPUtime=1062.17 cores=28-29
/proc/2928832/stat : 2928832 (clingo) R 2928791 2928791 2928487 0 -1 0 33303 0 0 0 106209 8 0 0 20 0 1 0 912656783 160325632 34547 17179869184 93824992301056 93824992468925 140737488338416 0 0 0 134217728 4 25184771 0 0 0 17 28 0 0 0 0 0 93824992533936 93824992571272 93824992575488 140737488340183 140737488340354 140737488340354 140737488351170 0
/proc/2928832/statm: 39142 34547 2089 41 0 35221 0
Current children cumulated CPU time: 1062.24 s
Current children cumulated vsize: 183476 KiB
Current children cumulated memory: 151800 KiB

[startup+1122.3 s]
/proc/loadavg: 14.04 14.18 14.14 15/819 2929951
/proc/meminfo: memFree=282041968/528004512 swapFree=8388604/8388604
[pid=2928791] ppid=2928787 vsize=26908 memory=13612 CPUtime=0.07 cores=28-29
/proc/2928791/stat : 2928791 (perf) S 2928787 2928791 2928487 0 -1 0 1738 237 0 0 6 1 0 0 20 0 1 0 912656775 27553792 3403 17179869184 93824994299904 93824996572973 140737488338256 0 0 0 134217728 4 74274 1 0 0 17 28 0 0 0 0 0 93824998874888 93825001005840 93825001308160 140737488340073 140737488340470 140737488340470 140737488351179 0
/proc/2928791/statm: 6727 3403 2098 555 0 1769 0
[pid=2928832] ppid=2928791 vsize=159348 memory=141092 CPUtime=1122.17 cores=28-29
/proc/2928832/stat : 2928832 (clingo) R 2928791 2928791 2928487 0 -1 0 34018 0 0 0 112209 8 0 0 20 0 1 0 912656783 163172352 35273 17179869184 93824992301056 93824992468925 140737488338416 0 0 0 134217728 4 25184771 0 0 0 17 28 0 0 0 0 0 93824992533936 93824992571272 93824992575488 140737488340183 140737488340354 140737488340354 140737488351170 0
/proc/2928832/statm: 39837 35273 2089 41 0 35916 0
Current children cumulated CPU time: 1122.24 s
Current children cumulated vsize: 186256 KiB
Current children cumulated memory: 154704 KiB

[startup+1182.3 s]
/proc/loadavg: 14.01 14.14 14.13 15/819 2929952
/proc/meminfo: memFree=282023320/528004512 swapFree=8388604/8388604
[pid=2928791] ppid=2928787 vsize=26908 memory=13612 CPUtime=0.07 cores=28-29
/proc/2928791/stat : 2928791 (perf) S 2928787 2928791 2928487 0 -1 0 1738 237 0 0 6 1 0 0 20 0 1 0 912656775 27553792 3403 17179869184 93824994299904 93824996572973 140737488338256 0 0 0 134217728 4 74274 1 0 0 17 28 0 0 0 0 0 93824998874888 93825001005840 93825001308160 140737488340073 140737488340470 140737488340470 140737488351179 0
/proc/2928791/statm: 6727 3403 2098 555 0 1769 0
[pid=2928832] ppid=2928791 vsize=163668 memory=144788 CPUtime=1182.17 cores=28-29
/proc/2928832/stat : 2928832 (clingo) R 2928791 2928791 2928487 0 -1 0 34951 0 0 0 118209 8 0 0 20 0 1 0 912656783 167596032 36197 17179869184 93824992301056 93824992468925 140737488338416 0 0 0 134217728 4 25184771 0 0 0 17 28 0 0 0 0 0 93824992533936 93824992571272 93824992575488 140737488340183 140737488340354 140737488340354 140737488351170 0
/proc/2928832/statm: 40917 36197 2089 41 0 36996 0
Current children cumulated CPU time: 1182.24 s
Current children cumulated vsize: 190576 KiB
Current children cumulated memory: 158400 KiB



Maximum wall clock time exceeded: sending SIGTERM then SIGKILL

[startup+1205 s]*
/proc/loadavg: 14.01 14.13 14.13 13/815 2929952
/proc/meminfo: memFree=282323704/528004512 swapFree=8388604/8388604
[pid=2928791] ppid=2928787 vsize=26908 memory=13612 CPUtime=0.07 cores=28-29
/proc/2928791/stat : 2928791 (perf) S 2928787 2928791 2928487 0 -1 0 1738 237 0 0 6 1 0 0 20 0 1 0 912656775 27553792 3403 17179869184 93824994299904 93824996572973 140737488338256 0 0 0 134217728 4 74274 1 0 0 17 28 0 0 0 0 0 93824998874888 93825001005840 93825001308160 140737488340073 140737488340470 140737488340470 140737488351179 0
/proc/2928791/statm: 6727 3403 2098 555 0 1769 0
[pid=2928832] ppid=2928791 vsize=163668 memory=145052 CPUtime=1204.88 cores=28-29
/proc/2928832/stat : 2928832 (clingo) R 2928791 2928791 2928487 0 -1 0 34996 0 0 0 120480 8 0 0 20 0 1 0 912656783 167596032 36263 17179869184 93824992301056 93824992468925 140737488338416 0 0 0 134217728 4 25184771 0 0 0 17 28 0 0 0 0 0 93824992533936 93824992571272 93824992575488 140737488340183 140737488340354 140737488340354 140737488351170 0
/proc/2928832/statm: 40917 36263 2089 41 0 36996 0
Current children cumulated CPU time: 1204.95 s
Current children cumulated vsize: 190576 KiB
Current children cumulated memory: 158664 KiB

Sending SIGINT to process tree (bottom up)
Sleeping 5 seconds

[startup+1205.03 s]
# the end of solver process 2928791 was just reported to runsolver
# cumulated CPU time of all completed processes:  user=1204.88 s, system=0.11016 s

Solver just ended.
??? end of watcher thread
Dumping a history of the last processes samples

Child status: 1
Real time (s): 1205.03
CPU time (s): 1204.99
CPU user time (s): 1204.88
CPU system time (s): 0.11016
CPU usage (%): 99.9968
Max. virtual memory (cumulated for all children) (KiB): 190576
Max. memory (cumulated for all children) (KiB): 158664

getrusage(RUSAGE_CHILDREN,...) data:
user time used= 1204.88
system time used= 0.11016
maximum resident set size= 145108
integral shared memory size= 0
integral unshared data size= 0
integral unshared stack size= 0
page reclaims= 37011
page faults= 0
swaps= 0
block input operations= 0
block output operations= 0
messages sent= 0
messages received= 0
signals received= 0
voluntary context switches= 47
involuntary context switches= 1072


# summary of solver processes directly reported to runsolver:
#   pid: 2928791
#   total CPU time (s): 1204.99
#   total CPU user time (s): 1204.88
#   total CPU system time (s): 0.11016

??? end of timestamper thread
runsolver used 9.61817 second user time and 13.5153 second system time

The end
