runsolver version 3.4.0 (svn: 3018) Copyright (C) 2010-2013 Olivier ROUSSEL

This program is distributed in the hope that it will be useful,
but WITHOUT ANY WARRANTY; without even the implied warranty of
MERCHANTABILITY or FITNESS FOR A PARTICULAR PURPOSE.  See the
GNU General Public License for more details.

NUMA information:
  number of nodes: 2
  memory of node 0: 257635 MiB (185607 MiB free)
  memory of node 1: 257994 MiB (191249 MiB free)
  node distances:
     10  20
     20  10

command line: /dev/shm/37921146-2e81-11f1-ac62-000c298f4621/input/runsolver -w /dev/shm/37921146-2e81-11f1-ac62-000c298f4621/output/runsolver.log -v /dev/shm/37921146-2e81-11f1-ac62-000c298f4621/output/varfile.log -W 1205 --rss-swap-limit 16384 -d 5 --sigint /usr/bin/perf stat -B -e task-clock,cache-references,cache-misses,cycles,instructions,branches,faults,migrations,context-switches -o /dev/shm/37921146-2e81-11f1-ac62-000c298f4621/output/perf.log clingo /home/guests/mmacri/AMOSUM/benchmarks/GraphColouring/encoding-plain-amo.asp /dev/shm/37921146-2e81-11f1-ac62-000c298f4621/input/0055-graph_colouring-150-0_7200.asp 

running on 2 cores: 20-21

Enforcing wall clock limit (soft limit, will send SIGTERM then SIGKILL): 1205 seconds
Enforcing RSS+Swap limit (soft limit, will send SIGTERM then SIGKILL): 16777216 KiB
Linux 5.15.0-131-generic
solver pid=3554047, runsolver pid=3554046
Current StackSize limit: 8192 KiB


[startup+0.100068 s]*
/proc/loadavg: 14.65 14.62 14.15 18/824 3554089
/proc/meminfo: memFree=385888124/528004520 swapFree=8388604/8388604
[pid=3554047] ppid=3554046 vsize=26908 memory=13612 CPUtime=0.07 cores=20-21
/proc/3554047/stat : 3554047 (perf) S 3554046 3554047 3553661 0 -1 0 1738 237 0 0 5 2 0 0 20 0 1 0 923119176 27553792 3403 17179869184 93824994299904 93824996572973 140737488338256 0 0 0 134217728 4 74274 1 0 0 17 20 0 0 0 0 0 93824998874888 93825001005840 93825001308160 140737488340073 140737488340470 140737488340470 140737488351179 0
/proc/3554047/statm: 6727 3403 2098 555 0 1769 0
[pid=3554085] ppid=3554047 vsize=19660 memory=11460 CPUtime=0.02 cores=20-21
/proc/3554085/stat : 3554085 (clingo) R 3554047 3554047 3553661 0 -1 0 1069 0 0 0 2 0 0 0 20 0 1 0 923119184 20131840 2865 17179869184 93824992301056 93824992468925 140737488338416 0 0 0 134217728 4 25184771 0 0 0 17 20 0 0 0 0 0 93824992533936 93824992571272 93824992575488 140737488340183 140737488340354 140737488340354 140737488351170 0
/proc/3554085/statm: 4915 2865 2042 41 0 994 0
Current children cumulated CPU time: 0.09 s
Current children cumulated vsize: 46568 KiB
Current children cumulated memory: 25072 KiB

[startup+0.218302 s]*
/proc/loadavg: 15.08 14.71 14.19 21/830 3554106
/proc/meminfo: memFree=385858836/528004520 swapFree=8388604/8388604
[pid=3554047] ppid=3554046 vsize=26908 memory=13612 CPUtime=0.07 cores=20-21
/proc/3554047/stat : 3554047 (perf) S 3554046 3554047 3553661 0 -1 0 1738 237 0 0 5 2 0 0 20 0 1 0 923119176 27553792 3403 17179869184 93824994299904 93824996572973 140737488338256 0 0 0 134217728 4 74274 1 0 0 17 20 0 0 0 0 0 93824998874888 93825001005840 93825001308160 140737488340073 140737488340470 140737488340470 140737488351179 0
/proc/3554047/statm: 6727 3403 2098 555 0 1769 0
[pid=3554085] ppid=3554047 vsize=24604 memory=16440 CPUtime=0.14 cores=20-21
/proc/3554085/stat : 3554085 (clingo) R 3554047 3554047 3553661 0 -1 0 2359 0 0 0 14 0 0 0 20 0 1 0 923119184 25194496 4110 17179869184 93824992301056 93824992468925 140737488338416 0 0 0 134217728 4 25184771 0 0 0 17 20 0 0 0 0 0 93824992533936 93824992571272 93824992575488 140737488340183 140737488340354 140737488340354 140737488351170 0
/proc/3554085/statm: 6151 4110 2088 41 0 2230 0
Current children cumulated CPU time: 0.21 s
Current children cumulated vsize: 51512 KiB
Current children cumulated memory: 30052 KiB

[startup+0.318312 s]*
/proc/loadavg: 15.08 14.71 14.19 22/834 3554122
/proc/meminfo: memFree=385837432/528004520 swapFree=8388604/8388604
[pid=3554047] ppid=3554046 vsize=26908 memory=13612 CPUtime=0.07 cores=20-21
/proc/3554047/stat : 3554047 (perf) S 3554046 3554047 3553661 0 -1 0 1738 237 0 0 5 2 0 0 20 0 1 0 923119176 27553792 3403 17179869184 93824994299904 93824996572973 140737488338256 0 0 0 134217728 4 74274 1 0 0 17 20 0 0 0 0 0 93824998874888 93825001005840 93825001308160 140737488340073 140737488340470 140737488340470 140737488351179 0
/proc/3554047/statm: 6727 3403 2098 555 0 1769 0
[pid=3554085] ppid=3554047 vsize=25276 memory=17232 CPUtime=0.24 cores=20-21
/proc/3554085/stat : 3554085 (clingo) R 3554047 3554047 3553661 0 -1 0 2547 0 0 0 24 0 0 0 20 0 1 0 923119184 25882624 4308 17179869184 93824992301056 93824992468925 140737488338416 0 0 0 134217728 4 25184771 0 0 0 17 20 0 0 0 0 0 93824992533936 93824992571272 93824992575488 140737488340183 140737488340354 140737488340354 140737488351170 0
/proc/3554085/statm: 6319 4308 2088 41 0 2398 0
Current children cumulated CPU time: 0.31 s
Current children cumulated vsize: 52184 KiB
Current children cumulated memory: 30844 KiB

[startup+0.700337 s]
/proc/loadavg: 15.08 14.71 14.19 15/838 3554149
/proc/meminfo: memFree=385817060/528004520 swapFree=8388604/8388604
[pid=3554047] ppid=3554046 vsize=26908 memory=13612 CPUtime=0.07 cores=20-21
/proc/3554047/stat : 3554047 (perf) S 3554046 3554047 3553661 0 -1 0 1738 237 0 0 5 2 0 0 20 0 1 0 923119176 27553792 3403 17179869184 93824994299904 93824996572973 140737488338256 0 0 0 134217728 4 74274 1 0 0 17 20 0 0 0 0 0 93824998874888 93825001005840 93825001308160 140737488340073 140737488340470 140737488340470 140737488351179 0
/proc/3554047/statm: 6727 3403 2098 555 0 1769 0
[pid=3554085] ppid=3554047 vsize=27152 memory=19080 CPUtime=0.6 cores=20-21
/proc/3554085/stat : 3554085 (clingo) R 3554047 3554047 3553661 0 -1 0 3000 0 0 0 60 0 0 0 20 0 1 0 923119184 27803648 4770 17179869184 93824992301056 93824992468925 140737488338416 0 0 0 134217728 4 25184771 0 0 0 17 20 0 0 0 0 0 93824992533936 93824992571272 93824992575488 140737488340183 140737488340354 140737488340354 140737488351170 0
/proc/3554085/statm: 6788 4770 2088 41 0 2867 0
Current children cumulated CPU time: 0.67 s
Current children cumulated vsize: 54060 KiB
Current children cumulated memory: 32692 KiB

[startup+1.50028 s]
/proc/loadavg: 15.08 14.71 14.19 14/832 3554211
/proc/meminfo: memFree=385903096/528004520 swapFree=8388604/8388604
[pid=3554047] ppid=3554046 vsize=26908 memory=13612 CPUtime=0.07 cores=20-21
/proc/3554047/stat : 3554047 (perf) S 3554046 3554047 3553661 0 -1 0 1738 237 0 0 5 2 0 0 20 0 1 0 923119176 27553792 3403 17179869184 93824994299904 93824996572973 140737488338256 0 0 0 134217728 4 74274 1 0 0 17 20 0 0 0 0 0 93824998874888 93825001005840 93825001308160 140737488340073 140737488340470 140737488340470 140737488351179 0
/proc/3554047/statm: 6727 3403 2098 555 0 1769 0
[pid=3554085] ppid=3554047 vsize=28356 memory=20136 CPUtime=1.4 cores=20-21
/proc/3554085/stat : 3554085 (clingo) R 3554047 3554047 3553661 0 -1 0 3310 0 0 0 140 0 0 0 20 0 1 0 923119184 29036544 5034 17179869184 93824992301056 93824992468925 140737488338416 0 0 0 134217728 4 25184771 0 0 0 17 20 0 0 0 0 0 93824992533936 93824992571272 93824992575488 140737488340183 140737488340354 140737488340354 140737488351170 0
/proc/3554085/statm: 7089 5034 2088 41 0 3168 0
Current children cumulated CPU time: 1.47 s
Current children cumulated vsize: 55264 KiB
Current children cumulated memory: 33748 KiB

[startup+3.11801 s]
/proc/loadavg: 15.08 14.71 14.19 13/825 3554583
/proc/meminfo: memFree=386022212/528004520 swapFree=8388604/8388604
[pid=3554047] ppid=3554046 vsize=26908 memory=13612 CPUtime=0.07 cores=20-21
/proc/3554047/stat : 3554047 (perf) S 3554046 3554047 3553661 0 -1 0 1738 237 0 0 5 2 0 0 20 0 1 0 923119176 27553792 3403 17179869184 93824994299904 93824996572973 140737488338256 0 0 0 134217728 4 74274 1 0 0 17 20 0 0 0 0 0 93824998874888 93825001005840 93825001308160 140737488340073 140737488340470 140737488340470 140737488351179 0
/proc/3554047/statm: 6727 3403 2098 555 0 1769 0
[pid=3554085] ppid=3554047 vsize=31640 memory=23304 CPUtime=3.02 cores=20-21
/proc/3554085/stat : 3554085 (clingo) R 3554047 3554047 3553661 0 -1 0 4072 0 0 0 302 0 0 0 20 0 1 0 923119184 32399360 5826 17179869184 93824992301056 93824992468925 140737488338416 0 0 0 134217728 4 25184771 0 0 0 17 20 0 0 0 0 0 93824992533936 93824992571272 93824992575488 140737488340183 140737488340354 140737488340354 140737488351170 0
/proc/3554085/statm: 7910 5826 2088 41 0 3989 0
Current children cumulated CPU time: 3.09 s
Current children cumulated vsize: 58548 KiB
Current children cumulated memory: 36916 KiB

[startup+6.30028 s]
/proc/loadavg: 15.00 14.69 14.18 14/853 3555191
/proc/meminfo: memFree=385868236/528004520 swapFree=8388604/8388604
[pid=3554047] ppid=3554046 vsize=26908 memory=13612 CPUtime=0.07 cores=20-21
/proc/3554047/stat : 3554047 (perf) S 3554046 3554047 3553661 0 -1 0 1738 237 0 0 5 2 0 0 20 0 1 0 923119176 27553792 3403 17179869184 93824994299904 93824996572973 140737488338256 0 0 0 134217728 4 74274 1 0 0 17 20 0 0 0 0 0 93824998874888 93825001005840 93825001308160 140737488340073 140737488340470 140737488340470 140737488351179 0
/proc/3554047/statm: 6727 3403 2098 555 0 1769 0
[pid=3554085] ppid=3554047 vsize=35360 memory=26736 CPUtime=6.2 cores=20-21
/proc/3554085/stat : 3554085 (clingo) R 3554047 3554047 3553661 0 -1 0 4945 0 0 0 619 1 0 0 20 0 1 0 923119184 36208640 6684 17179869184 93824992301056 93824992468925 140737488338416 0 0 0 134217728 4 25184771 0 0 0 17 20 0 0 0 0 0 93824992533936 93824992571272 93824992575488 140737488340183 140737488340354 140737488340354 140737488351170 0
/proc/3554085/statm: 8840 6684 2088 41 0 4919 0
Current children cumulated CPU time: 6.27 s
Current children cumulated vsize: 62268 KiB
Current children cumulated memory: 40348 KiB

[startup+12.7003 s]
/proc/loadavg: 14.92 14.68 14.18 15/865 3555457
/proc/meminfo: memFree=385465092/528004520 swapFree=8388604/8388604
[pid=3554047] ppid=3554046 vsize=26908 memory=13612 CPUtime=0.07 cores=20-21
/proc/3554047/stat : 3554047 (perf) S 3554046 3554047 3553661 0 -1 0 1738 237 0 0 5 2 0 0 20 0 1 0 923119176 27553792 3403 17179869184 93824994299904 93824996572973 140737488338256 0 0 0 134217728 4 74274 1 0 0 17 20 0 0 0 0 0 93824998874888 93825001005840 93825001308160 140737488340073 140737488340470 140737488340470 140737488351179 0
/proc/3554047/statm: 6727 3403 2098 555 0 1769 0
[pid=3554085] ppid=3554047 vsize=39492 memory=30432 CPUtime=12.6 cores=20-21
/proc/3554085/stat : 3554085 (clingo) R 3554047 3554047 3553661 0 -1 0 5885 0 0 0 1259 1 0 0 20 0 1 0 923119184 40439808 7608 17179869184 93824992301056 93824992468925 140737488338416 0 0 0 134217728 4 25184771 0 0 0 17 20 0 0 0 0 0 93824992533936 93824992571272 93824992575488 140737488340183 140737488340354 140737488340354 140737488351170 0
/proc/3554085/statm: 9873 7608 2088 41 0 5952 0
Current children cumulated CPU time: 12.67 s
Current children cumulated vsize: 66400 KiB
Current children cumulated memory: 44044 KiB

[startup+25.5004 s]
/proc/loadavg: 14.77 14.66 14.18 15/865 3555566
/proc/meminfo: memFree=385381148/528004520 swapFree=8388604/8388604
[pid=3554047] ppid=3554046 vsize=26908 memory=13612 CPUtime=0.07 cores=20-21
/proc/3554047/stat : 3554047 (perf) S 3554046 3554047 3553661 0 -1 0 1738 237 0 0 5 2 0 0 20 0 1 0 923119176 27553792 3403 17179869184 93824994299904 93824996572973 140737488338256 0 0 0 134217728 4 74274 1 0 0 17 20 0 0 0 0 0 93824998874888 93825001005840 93825001308160 140737488340073 140737488340470 140737488340470 140737488351179 0
/proc/3554047/statm: 6727 3403 2098 555 0 1769 0
[pid=3554085] ppid=3554047 vsize=43540 memory=34128 CPUtime=25.4 cores=20-21
/proc/3554085/stat : 3554085 (clingo) R 3554047 3554047 3553661 0 -1 0 6770 0 0 0 2539 1 0 0 20 0 1 0 923119184 44584960 8532 17179869184 93824992301056 93824992468925 140737488338416 0 0 0 134217728 4 25184771 0 0 0 17 20 0 0 0 0 0 93824992533936 93824992571272 93824992575488 140737488340183 140737488340354 140737488340354 140737488351170 0
/proc/3554085/statm: 10885 8532 2088 41 0 6964 0
Current children cumulated CPU time: 25.47 s
Current children cumulated vsize: 70448 KiB
Current children cumulated memory: 47740 KiB

[startup+51.1193 s]
/proc/loadavg: 14.55 14.61 14.18 15/865 3555674
/proc/meminfo: memFree=385183440/528004520 swapFree=8388604/8388604
[pid=3554047] ppid=3554046 vsize=26908 memory=13612 CPUtime=0.07 cores=20-21
/proc/3554047/stat : 3554047 (perf) S 3554046 3554047 3553661 0 -1 0 1738 237 0 0 5 2 0 0 20 0 1 0 923119176 27553792 3403 17179869184 93824994299904 93824996572973 140737488338256 0 0 0 134217728 4 74274 1 0 0 17 20 0 0 0 0 0 93824998874888 93825001005840 93825001308160 140737488340073 140737488340470 140737488340470 140737488351179 0
/proc/3554047/statm: 6727 3403 2098 555 0 1769 0
[pid=3554085] ppid=3554047 vsize=49540 memory=39672 CPUtime=51.02 cores=20-21
/proc/3554085/stat : 3554085 (clingo) R 3554047 3554047 3553661 0 -1 0 8188 0 0 0 5101 1 0 0 20 0 1 0 923119184 50728960 9918 17179869184 93824992301056 93824992468925 140737488338416 0 0 0 134217728 4 25184771 0 0 0 17 20 0 0 0 0 0 93824992533936 93824992571272 93824992575488 140737488340183 140737488340354 140737488340354 140737488351170 0
/proc/3554085/statm: 12385 9918 2088 41 0 8464 0
Current children cumulated CPU time: 51.09 s
Current children cumulated vsize: 76448 KiB
Current children cumulated memory: 53284 KiB

[startup+102.3 s]
/proc/loadavg: 14.80 14.67 14.22 15/867 3555679
/proc/meminfo: memFree=384685824/528004520 swapFree=8388604/8388604
[pid=3554047] ppid=3554046 vsize=26908 memory=13612 CPUtime=0.07 cores=20-21
/proc/3554047/stat : 3554047 (perf) S 3554046 3554047 3553661 0 -1 0 1738 237 0 0 5 2 0 0 20 0 1 0 923119176 27553792 3403 17179869184 93824994299904 93824996572973 140737488338256 0 0 0 134217728 4 74274 1 0 0 17 20 0 0 0 0 0 93824998874888 93825001005840 93825001308160 140737488340073 140737488340470 140737488340470 140737488351179 0
/proc/3554047/statm: 6727 3403 2098 555 0 1769 0
[pid=3554085] ppid=3554047 vsize=57676 memory=47064 CPUtime=102.2 cores=20-21
/proc/3554085/stat : 3554085 (clingo) R 3554047 3554047 3553661 0 -1 0 10004 0 0 0 10218 2 0 0 20 0 1 0 923119184 59060224 11766 17179869184 93824992301056 93824992468925 140737488338416 0 0 0 134217728 4 25184771 0 0 0 17 20 0 0 0 0 0 93824992533936 93824992571272 93824992575488 140737488340183 140737488340354 140737488340354 140737488351170 0
/proc/3554085/statm: 14419 11766 2088 41 0 10498 0
Current children cumulated CPU time: 102.27 s
Current children cumulated vsize: 84584 KiB
Current children cumulated memory: 60676 KiB

[startup+162.3 s]
/proc/loadavg: 14.29 14.55 14.21 15/867 3555682
/proc/meminfo: memFree=384543816/528004520 swapFree=8388604/8388604
[pid=3554047] ppid=3554046 vsize=26908 memory=13612 CPUtime=0.07 cores=20-21
/proc/3554047/stat : 3554047 (perf) S 3554046 3554047 3553661 0 -1 0 1738 237 0 0 5 2 0 0 20 0 1 0 923119176 27553792 3403 17179869184 93824994299904 93824996572973 140737488338256 0 0 0 134217728 4 74274 1 0 0 17 20 0 0 0 0 0 93824998874888 93825001005840 93825001308160 140737488340073 140737488340470 140737488340470 140737488351179 0
/proc/3554047/statm: 6727 3403 2098 555 0 1769 0
[pid=3554085] ppid=3554047 vsize=64656 memory=53400 CPUtime=162.19 cores=20-21
/proc/3554085/stat : 3554085 (clingo) R 3554047 3554047 3553661 0 -1 0 11593 0 0 0 16217 2 0 0 20 0 1 0 923119184 66207744 13350 17179869184 93824992301056 93824992468925 140737488338416 0 0 0 134217728 4 25184771 0 0 0 17 20 0 0 0 0 0 93824992533936 93824992571272 93824992575488 140737488340183 140737488340354 140737488340354 140737488351170 0
/proc/3554085/statm: 16164 13350 2088 41 0 12243 0
Current children cumulated CPU time: 162.26 s
Current children cumulated vsize: 91564 KiB
Current children cumulated memory: 67012 KiB

[startup+222.3 s]
/proc/loadavg: 14.25 14.48 14.20 15/867 3555686
/proc/meminfo: memFree=384382096/528004520 swapFree=8388604/8388604
[pid=3554047] ppid=3554046 vsize=26908 memory=13612 CPUtime=0.07 cores=20-21
/proc/3554047/stat : 3554047 (perf) S 3554046 3554047 3553661 0 -1 0 1738 237 0 0 5 2 0 0 20 0 1 0 923119176 27553792 3403 17179869184 93824994299904 93824996572973 140737488338256 0 0 0 134217728 4 74274 1 0 0 17 20 0 0 0 0 0 93824998874888 93825001005840 93825001308160 140737488340073 140737488340470 140737488340470 140737488351179 0
/proc/3554047/statm: 6727 3403 2098 555 0 1769 0
[pid=3554085] ppid=3554047 vsize=68952 memory=57624 CPUtime=222.19 cores=20-21
/proc/3554085/stat : 3554085 (clingo) R 3554047 3554047 3553661 0 -1 0 12649 0 0 0 22216 3 0 0 20 0 1 0 923119184 70606848 14406 17179869184 93824992301056 93824992468925 140737488338416 0 0 0 134217728 4 25184771 0 0 0 17 20 0 0 0 0 0 93824992533936 93824992571272 93824992575488 140737488340183 140737488340354 140737488340354 140737488351170 0
/proc/3554085/statm: 17238 14406 2088 41 0 13317 0
Current children cumulated CPU time: 222.26 s
Current children cumulated vsize: 95860 KiB
Current children cumulated memory: 71236 KiB

[startup+282.3 s]
/proc/loadavg: 14.09 14.39 14.18 15/867 3555687
/proc/meminfo: memFree=384195268/528004520 swapFree=8388604/8388604
[pid=3554047] ppid=3554046 vsize=26908 memory=13612 CPUtime=0.07 cores=20-21
/proc/3554047/stat : 3554047 (perf) S 3554046 3554047 3553661 0 -1 0 1738 237 0 0 5 2 0 0 20 0 1 0 923119176 27553792 3403 17179869184 93824994299904 93824996572973 140737488338256 0 0 0 134217728 4 74274 1 0 0 17 20 0 0 0 0 0 93824998874888 93825001005840 93825001308160 140737488340073 140737488340470 140737488340470 140737488351179 0
/proc/3554047/statm: 6727 3403 2098 555 0 1769 0
[pid=3554085] ppid=3554047 vsize=72936 memory=61320 CPUtime=282.19 cores=20-21
/proc/3554085/stat : 3554085 (clingo) R 3554047 3554047 3553661 0 -1 0 13591 0 0 0 28216 3 0 0 20 0 1 0 923119184 74686464 15330 17179869184 93824992301056 93824992468925 140737488338416 0 0 0 134217728 4 25184771 0 0 0 17 20 0 0 0 0 0 93824992533936 93824992571272 93824992575488 140737488340183 140737488340354 140737488340354 140737488351170 0
/proc/3554085/statm: 18234 15330 2088 41 0 14313 0
Current children cumulated CPU time: 282.26 s
Current children cumulated vsize: 99844 KiB
Current children cumulated memory: 74932 KiB

[startup+342.3 s]
/proc/loadavg: 14.30 14.41 14.20 15/845 3555801
/proc/meminfo: memFree=384082472/528004520 swapFree=8388604/8388604
[pid=3554047] ppid=3554046 vsize=26908 memory=13612 CPUtime=0.07 cores=20-21
/proc/3554047/stat : 3554047 (perf) S 3554046 3554047 3553661 0 -1 0 1738 237 0 0 5 2 0 0 20 0 1 0 923119176 27553792 3403 17179869184 93824994299904 93824996572973 140737488338256 0 0 0 134217728 4 74274 1 0 0 17 20 0 0 0 0 0 93824998874888 93825001005840 93825001308160 140737488340073 140737488340470 140737488340470 140737488351179 0
/proc/3554047/statm: 6727 3403 2098 555 0 1769 0
[pid=3554085] ppid=3554047 vsize=79956 memory=67392 CPUtime=342.19 cores=20-21
/proc/3554085/stat : 3554085 (clingo) R 3554047 3554047 3553661 0 -1 0 15109 0 0 0 34216 3 0 0 20 0 1 0 923119184 81874944 16848 17179869184 93824992301056 93824992468925 140737488338416 0 0 0 134217728 4 25184771 0 0 0 17 20 0 0 0 0 0 93824992533936 93824992571272 93824992575488 140737488340183 140737488340354 140737488340354 140737488351170 0
/proc/3554085/statm: 19989 16848 2088 41 0 16068 0
Current children cumulated CPU time: 342.26 s
Current children cumulated vsize: 106864 KiB
Current children cumulated memory: 81004 KiB

[startup+402.3 s]
/proc/loadavg: 14.11 14.33 14.18 15/844 3555804
/proc/meminfo: memFree=383812816/528004520 swapFree=8388604/8388604
[pid=3554047] ppid=3554046 vsize=26908 memory=13612 CPUtime=0.07 cores=20-21
/proc/3554047/stat : 3554047 (perf) S 3554046 3554047 3553661 0 -1 0 1738 237 0 0 5 2 0 0 20 0 1 0 923119176 27553792 3403 17179869184 93824994299904 93824996572973 140737488338256 0 0 0 134217728 4 74274 1 0 0 17 20 0 0 0 0 0 93824998874888 93825001005840 93825001308160 140737488340073 140737488340470 140737488340470 140737488351179 0
/proc/3554047/statm: 6727 3403 2098 555 0 1769 0
[pid=3554085] ppid=3554047 vsize=85456 memory=72408 CPUtime=402.18 cores=20-21
/proc/3554085/stat : 3554085 (clingo) R 3554047 3554047 3553661 0 -1 0 16331 0 0 0 40215 3 0 0 20 0 1 0 923119184 87506944 18102 17179869184 93824992301056 93824992468925 140737488338416 0 0 0 134217728 4 25184771 0 0 0 17 20 0 0 0 0 0 93824992533936 93824992571272 93824992575488 140737488340183 140737488340354 140737488340354 140737488351170 0
/proc/3554085/statm: 21364 18102 2088 41 0 17443 0
Current children cumulated CPU time: 402.25 s
Current children cumulated vsize: 112364 KiB
Current children cumulated memory: 86020 KiB

[startup+462.3 s]
/proc/loadavg: 14.12 14.28 14.18 15/844 3555807
/proc/meminfo: memFree=383663632/528004520 swapFree=8388604/8388604
[pid=3554047] ppid=3554046 vsize=26908 memory=13612 CPUtime=0.07 cores=20-21
/proc/3554047/stat : 3554047 (perf) S 3554046 3554047 3553661 0 -1 0 1738 237 0 0 5 2 0 0 20 0 1 0 923119176 27553792 3403 17179869184 93824994299904 93824996572973 140737488338256 0 0 0 134217728 4 74274 1 0 0 17 20 0 0 0 0 0 93824998874888 93825001005840 93825001308160 140737488340073 140737488340470 140737488340470 140737488351179 0
/proc/3554047/statm: 6727 3403 2098 555 0 1769 0
[pid=3554085] ppid=3554047 vsize=90576 memory=76632 CPUtime=462.18 cores=20-21
/proc/3554085/stat : 3554085 (clingo) R 3554047 3554047 3553661 0 -1 0 17421 0 0 0 46214 4 0 0 20 0 1 0 923119184 92749824 19158 17179869184 93824992301056 93824992468925 140737488338416 0 0 0 134217728 4 25184771 0 0 0 17 20 0 0 0 0 0 93824992533936 93824992571272 93824992575488 140737488340183 140737488340354 140737488340354 140737488351170 0
/proc/3554085/statm: 22644 19158 2088 41 0 18723 0
Current children cumulated CPU time: 462.25 s
Current children cumulated vsize: 117484 KiB
Current children cumulated memory: 90244 KiB

[startup+522.3 s]
/proc/loadavg: 14.04 14.23 14.16 15/844 3555811
/proc/meminfo: memFree=383503816/528004520 swapFree=8388604/8388604
[pid=3554047] ppid=3554046 vsize=26908 memory=13612 CPUtime=0.07 cores=20-21
/proc/3554047/stat : 3554047 (perf) S 3554046 3554047 3553661 0 -1 0 1738 237 0 0 5 2 0 0 20 0 1 0 923119176 27553792 3403 17179869184 93824994299904 93824996572973 140737488338256 0 0 0 134217728 4 74274 1 0 0 17 20 0 0 0 0 0 93824998874888 93825001005840 93825001308160 140737488340073 140737488340470 140737488340470 140737488351179 0
/proc/3554047/statm: 6727 3403 2098 555 0 1769 0
[pid=3554085] ppid=3554047 vsize=91716 memory=78216 CPUtime=522.18 cores=20-21
/proc/3554085/stat : 3554085 (clingo) R 3554047 3554047 3553661 0 -1 0 17776 0 0 0 52214 4 0 0 20 0 1 0 923119184 93917184 19554 17179869184 93824992301056 93824992468925 140737488338416 0 0 0 134217728 4 25184771 0 0 0 17 20 0 0 0 0 0 93824992533936 93824992571272 93824992575488 140737488340183 140737488340354 140737488340354 140737488351170 0
/proc/3554085/statm: 22929 19554 2088 41 0 19008 0
Current children cumulated CPU time: 522.25 s
Current children cumulated vsize: 118624 KiB
Current children cumulated memory: 91828 KiB

[startup+582.3 s]
/proc/loadavg: 14.24 14.24 14.17 15/844 3555815
/proc/meminfo: memFree=383354188/528004520 swapFree=8388604/8388604
[pid=3554047] ppid=3554046 vsize=26908 memory=13612 CPUtime=0.07 cores=20-21
/proc/3554047/stat : 3554047 (perf) S 3554046 3554047 3553661 0 -1 0 1738 237 0 0 5 2 0 0 20 0 1 0 923119176 27553792 3403 17179869184 93824994299904 93824996572973 140737488338256 0 0 0 134217728 4 74274 1 0 0 17 20 0 0 0 0 0 93824998874888 93825001005840 93825001308160 140737488340073 140737488340470 140737488340470 140737488351179 0
/proc/3554047/statm: 6727 3403 2098 555 0 1769 0
[pid=3554085] ppid=3554047 vsize=92284 memory=79008 CPUtime=582.18 cores=20-21
/proc/3554085/stat : 3554085 (clingo) R 3554047 3554047 3553661 0 -1 0 17997 0 0 0 58214 4 0 0 20 0 1 0 923119184 94498816 19752 17179869184 93824992301056 93824992468925 140737488338416 0 0 0 134217728 4 25184771 0 0 0 17 20 0 0 0 0 0 93824992533936 93824992571272 93824992575488 140737488340183 140737488340354 140737488340354 140737488351170 0
/proc/3554085/statm: 23071 19752 2088 41 0 19150 0
Current children cumulated CPU time: 582.25 s
Current children cumulated vsize: 119192 KiB
Current children cumulated memory: 92620 KiB

[startup+642.3 s]
/proc/loadavg: 14.37 14.28 14.19 15/838 3555816
/proc/meminfo: memFree=383259404/528004520 swapFree=8388604/8388604
[pid=3554047] ppid=3554046 vsize=26908 memory=13612 CPUtime=0.07 cores=20-21
/proc/3554047/stat : 3554047 (perf) S 3554046 3554047 3553661 0 -1 0 1738 237 0 0 5 2 0 0 20 0 1 0 923119176 27553792 3403 17179869184 93824994299904 93824996572973 140737488338256 0 0 0 134217728 4 74274 1 0 0 17 20 0 0 0 0 0 93824998874888 93825001005840 93825001308160 140737488340073 140737488340470 140737488340470 140737488351179 0
/proc/3554047/statm: 6727 3403 2098 555 0 1769 0
[pid=3554085] ppid=3554047 vsize=94884 memory=81648 CPUtime=642.17 cores=20-21
/proc/3554085/stat : 3554085 (clingo) R 3554047 3554047 3553661 0 -1 0 18670 0 0 0 64213 4 0 0 20 0 1 0 923119184 97161216 20412 17179869184 93824992301056 93824992468925 140737488338416 0 0 0 134217728 4 25184771 0 0 0 17 20 0 0 0 0 0 93824992533936 93824992571272 93824992575488 140737488340183 140737488340354 140737488340354 140737488351170 0
/proc/3554085/statm: 23721 20412 2088 41 0 19800 0
Current children cumulated CPU time: 642.24 s
Current children cumulated vsize: 121792 KiB
Current children cumulated memory: 95260 KiB

[startup+702.3 s]
/proc/loadavg: 14.13 14.23 14.18 15/838 3555819
/proc/meminfo: memFree=383234488/528004520 swapFree=8388604/8388604
[pid=3554047] ppid=3554046 vsize=26908 memory=13612 CPUtime=0.07 cores=20-21
/proc/3554047/stat : 3554047 (perf) S 3554046 3554047 3553661 0 -1 0 1738 237 0 0 5 2 0 0 20 0 1 0 923119176 27553792 3403 17179869184 93824994299904 93824996572973 140737488338256 0 0 0 134217728 4 74274 1 0 0 17 20 0 0 0 0 0 93824998874888 93825001005840 93825001308160 140737488340073 140737488340470 140737488340470 140737488351179 0
/proc/3554047/statm: 6727 3403 2098 555 0 1769 0
[pid=3554085] ppid=3554047 vsize=96416 memory=83496 CPUtime=702.18 cores=20-21
/proc/3554085/stat : 3554085 (clingo) R 3554047 3554047 3553661 0 -1 0 19141 0 0 0 70213 5 0 0 20 0 1 0 923119184 98729984 20874 17179869184 93824992301056 93824992468925 140737488338416 0 0 0 134217728 4 25184771 0 0 0 17 20 0 0 0 0 0 93824992533936 93824992571272 93824992575488 140737488340183 140737488340354 140737488340354 140737488351170 0
/proc/3554085/statm: 24104 20874 2088 41 0 20183 0
Current children cumulated CPU time: 702.25 s
Current children cumulated vsize: 123324 KiB
Current children cumulated memory: 97108 KiB

[startup+762.3 s]
/proc/loadavg: 14.08 14.20 14.17 15/838 3555820
/proc/meminfo: memFree=383118740/528004520 swapFree=8388604/8388604
[pid=3554047] ppid=3554046 vsize=26908 memory=13612 CPUtime=0.07 cores=20-21
/proc/3554047/stat : 3554047 (perf) S 3554046 3554047 3553661 0 -1 0 1738 237 0 0 5 2 0 0 20 0 1 0 923119176 27553792 3403 17179869184 93824994299904 93824996572973 140737488338256 0 0 0 134217728 4 74274 1 0 0 17 20 0 0 0 0 0 93824998874888 93825001005840 93825001308160 140737488340073 140737488340470 140737488340470 140737488351179 0
/proc/3554047/statm: 6727 3403 2098 555 0 1769 0
[pid=3554085] ppid=3554047 vsize=98144 memory=85608 CPUtime=762.18 cores=20-21
/proc/3554085/stat : 3554085 (clingo) R 3554047 3554047 3553661 0 -1 0 19637 0 0 0 76213 5 0 0 20 0 1 0 923119184 100499456 21402 17179869184 93824992301056 93824992468925 140737488338416 0 0 0 134217728 4 25184771 0 0 0 17 20 0 0 0 0 0 93824992533936 93824992571272 93824992575488 140737488340183 140737488340354 140737488340354 140737488351170 0
/proc/3554085/statm: 24536 21402 2088 41 0 20615 0
Current children cumulated CPU time: 762.25 s
Current children cumulated vsize: 125052 KiB
Current children cumulated memory: 99220 KiB

[startup+822.3 s]
/proc/loadavg: 14.03 14.16 14.16 15/838 3555821
/proc/meminfo: memFree=383026124/528004520 swapFree=8388604/8388604
[pid=3554047] ppid=3554046 vsize=26908 memory=13612 CPUtime=0.07 cores=20-21
/proc/3554047/stat : 3554047 (perf) S 3554046 3554047 3553661 0 -1 0 1738 237 0 0 5 2 0 0 20 0 1 0 923119176 27553792 3403 17179869184 93824994299904 93824996572973 140737488338256 0 0 0 134217728 4 74274 1 0 0 17 20 0 0 0 0 0 93824998874888 93825001005840 93825001308160 140737488340073 140737488340470 140737488340470 140737488351179 0
/proc/3554047/statm: 6727 3403 2098 555 0 1769 0
[pid=3554085] ppid=3554047 vsize=98720 memory=86400 CPUtime=822.17 cores=20-21
/proc/3554085/stat : 3554085 (clingo) R 3554047 3554047 3553661 0 -1 0 19846 0 0 0 82212 5 0 0 20 0 1 0 923119184 101089280 21600 17179869184 93824992301056 93824992468925 140737488338416 0 0 0 134217728 4 25184771 0 0 0 17 20 0 0 0 0 0 93824992533936 93824992571272 93824992575488 140737488340183 140737488340354 140737488340354 140737488351170 0
/proc/3554085/statm: 24680 21600 2088 41 0 20759 0
Current children cumulated CPU time: 822.24 s
Current children cumulated vsize: 125628 KiB
Current children cumulated memory: 100012 KiB

[startup+882.3 s]
/proc/loadavg: 14.20 14.18 14.16 15/838 3555866
/proc/meminfo: memFree=382939540/528004520 swapFree=8388604/8388604
[pid=3554047] ppid=3554046 vsize=26908 memory=13612 CPUtime=0.07 cores=20-21
/proc/3554047/stat : 3554047 (perf) S 3554046 3554047 3553661 0 -1 0 1738 237 0 0 5 2 0 0 20 0 1 0 923119176 27553792 3403 17179869184 93824994299904 93824996572973 140737488338256 0 0 0 134217728 4 74274 1 0 0 17 20 0 0 0 0 0 93824998874888 93825001005840 93825001308160 140737488340073 140737488340470 140737488340470 140737488351179 0
/proc/3554047/statm: 6727 3403 2098 555 0 1769 0
[pid=3554085] ppid=3554047 vsize=101668 memory=88984 CPUtime=882.16 cores=20-21
/proc/3554085/stat : 3554085 (clingo) R 3554047 3554047 3553661 0 -1 0 20663 0 0 0 88211 5 0 0 20 0 1 0 923119184 104108032 22246 17179869184 93824992301056 93824992468925 140737488338416 0 0 0 134217728 4 25184771 0 0 0 17 20 0 0 0 0 0 93824992533936 93824992571272 93824992575488 140737488340183 140737488340354 140737488340354 140737488351170 0
/proc/3554085/statm: 25417 22246 2088 41 0 21496 0
Current children cumulated CPU time: 882.23 s
Current children cumulated vsize: 128576 KiB
Current children cumulated memory: 102596 KiB

[startup+942.3 s]
/proc/loadavg: 14.18 14.18 14.17 15/838 3555867
/proc/meminfo: memFree=382867840/528004520 swapFree=8388604/8388604
[pid=3554047] ppid=3554046 vsize=26908 memory=13612 CPUtime=0.07 cores=20-21
/proc/3554047/stat : 3554047 (perf) S 3554046 3554047 3553661 0 -1 0 1738 237 0 0 5 2 0 0 20 0 1 0 923119176 27553792 3403 17179869184 93824994299904 93824996572973 140737488338256 0 0 0 134217728 4 74274 1 0 0 17 20 0 0 0 0 0 93824998874888 93825001005840 93825001308160 140737488340073 140737488340470 140737488340470 140737488351179 0
/proc/3554047/statm: 6727 3403 2098 555 0 1769 0
[pid=3554085] ppid=3554047 vsize=102992 memory=90496 CPUtime=942.17 cores=20-21
/proc/3554085/stat : 3554085 (clingo) R 3554047 3554047 3553661 0 -1 0 21200 0 0 0 94211 6 0 0 20 0 1 0 923119184 105463808 22624 17179869184 93824992301056 93824992468925 140737488338416 0 0 0 134217728 4 25184771 0 0 0 17 20 0 0 0 0 0 93824992533936 93824992571272 93824992575488 140737488340183 140737488340354 140737488340354 140737488351170 0
/proc/3554085/statm: 25748 22624 2088 41 0 21827 0
Current children cumulated CPU time: 942.24 s
Current children cumulated vsize: 129900 KiB
Current children cumulated memory: 104108 KiB

[startup+1002.3 s]
/proc/loadavg: 14.10 14.16 14.16 15/838 3555868
/proc/meminfo: memFree=382816680/528004520 swapFree=8388604/8388604
[pid=3554047] ppid=3554046 vsize=26908 memory=13612 CPUtime=0.07 cores=20-21
/proc/3554047/stat : 3554047 (perf) S 3554046 3554047 3553661 0 -1 0 1738 237 0 0 5 2 0 0 20 0 1 0 923119176 27553792 3403 17179869184 93824994299904 93824996572973 140737488338256 0 0 0 134217728 4 74274 1 0 0 17 20 0 0 0 0 0 93824998874888 93825001005840 93825001308160 140737488340073 140737488340470 140737488340470 140737488351179 0
/proc/3554047/statm: 6727 3403 2098 555 0 1769 0
[pid=3554085] ppid=3554047 vsize=106220 memory=93132 CPUtime=1002.16 cores=20-21
/proc/3554085/stat : 3554085 (clingo) R 3554047 3554047 3553661 0 -1 0 21861 0 0 0 100210 6 0 0 20 0 1 0 923119184 108769280 23283 17179869184 93824992301056 93824992468925 140737488338416 0 0 0 134217728 4 25184771 0 0 0 17 20 0 0 0 0 0 93824992533936 93824992571272 93824992575488 140737488340183 140737488340354 140737488340354 140737488351170 0
/proc/3554085/statm: 26555 23283 2088 41 0 22634 0
Current children cumulated CPU time: 1002.23 s
Current children cumulated vsize: 133128 KiB
Current children cumulated memory: 106744 KiB

[startup+1062.3 s]
/proc/loadavg: 14.08 14.15 14.16 15/838 3555869
/proc/meminfo: memFree=382688452/528004520 swapFree=8388604/8388604
[pid=3554047] ppid=3554046 vsize=26908 memory=13612 CPUtime=0.07 cores=20-21
/proc/3554047/stat : 3554047 (perf) S 3554046 3554047 3553661 0 -1 0 1738 237 0 0 5 2 0 0 20 0 1 0 923119176 27553792 3403 17179869184 93824994299904 93824996572973 140737488338256 0 0 0 134217728 4 74274 1 0 0 17 20 0 0 0 0 0 93824998874888 93825001005840 93825001308160 140737488340073 140737488340470 140737488340470 140737488351179 0
/proc/3554047/statm: 6727 3403 2098 555 0 1769 0
[pid=3554085] ppid=3554047 vsize=108328 memory=94716 CPUtime=1062.17 cores=20-21
/proc/3554085/stat : 3554085 (clingo) R 3554047 3554047 3553661 0 -1 0 22321 0 0 0 106210 7 0 0 20 0 1 0 923119184 110927872 23679 17179869184 93824992301056 93824992468925 140737488338416 0 0 0 134217728 4 25184771 0 0 0 17 20 0 0 0 0 0 93824992533936 93824992571272 93824992575488 140737488340183 140737488340354 140737488340354 140737488351170 0
/proc/3554085/statm: 27082 23679 2088 41 0 23161 0
Current children cumulated CPU time: 1062.24 s
Current children cumulated vsize: 135236 KiB
Current children cumulated memory: 108328 KiB

[startup+1122.3 s]
/proc/loadavg: 15.84 14.56 14.30 15/838 3555871
/proc/meminfo: memFree=382667572/528004520 swapFree=8388604/8388604
[pid=3554047] ppid=3554046 vsize=26908 memory=13612 CPUtime=0.07 cores=20-21
/proc/3554047/stat : 3554047 (perf) S 3554046 3554047 3553661 0 -1 0 1738 237 0 0 5 2 0 0 20 0 1 0 923119176 27553792 3403 17179869184 93824994299904 93824996572973 140737488338256 0 0 0 134217728 4 74274 1 0 0 17 20 0 0 0 0 0 93824998874888 93825001005840 93825001308160 140737488340073 140737488340470 140737488340470 140737488351179 0
/proc/3554047/statm: 6727 3403 2098 555 0 1769 0
[pid=3554085] ppid=3554047 vsize=112936 memory=98412 CPUtime=1122.16 cores=20-21
/proc/3554085/stat : 3554085 (clingo) R 3554047 3554047 3553661 0 -1 0 23244 0 0 0 112209 7 0 0 20 0 1 0 923119184 115646464 24603 17179869184 93824992301056 93824992468925 140737488338416 0 0 0 134217728 4 25184771 0 0 0 17 20 0 0 0 0 0 93824992533936 93824992571272 93824992575488 140737488340183 140737488340354 140737488340354 140737488351170 0
/proc/3554085/statm: 28234 24603 2088 41 0 24313 0
Current children cumulated CPU time: 1122.23 s
Current children cumulated vsize: 139844 KiB
Current children cumulated memory: 112024 KiB

[startup+1182.3 s]
/proc/loadavg: 14.90 14.54 14.30 15/838 3555873
/proc/meminfo: memFree=382574796/528004520 swapFree=8388604/8388604
[pid=3554047] ppid=3554046 vsize=26908 memory=13612 CPUtime=0.07 cores=20-21
/proc/3554047/stat : 3554047 (perf) S 3554046 3554047 3553661 0 -1 0 1738 237 0 0 5 2 0 0 20 0 1 0 923119176 27553792 3403 17179869184 93824994299904 93824996572973 140737488338256 0 0 0 134217728 4 74274 1 0 0 17 20 0 0 0 0 0 93824998874888 93825001005840 93825001308160 140737488340073 140737488340470 140737488340470 140737488351179 0
/proc/3554047/statm: 6727 3403 2098 555 0 1769 0
[pid=3554085] ppid=3554047 vsize=114664 memory=99996 CPUtime=1182.16 cores=20-21
/proc/3554085/stat : 3554085 (clingo) R 3554047 3554047 3553661 0 -1 0 23605 0 0 0 118209 7 0 0 20 0 1 0 923119184 117415936 24999 17179869184 93824992301056 93824992468925 140737488338416 0 0 0 134217728 4 25184771 0 0 0 17 20 0 0 0 0 0 93824992533936 93824992571272 93824992575488 140737488340183 140737488340354 140737488340354 140737488351170 0
/proc/3554085/statm: 28666 24999 2088 41 0 24745 0
Current children cumulated CPU time: 1182.23 s
Current children cumulated vsize: 141572 KiB
Current children cumulated memory: 113608 KiB



Maximum wall clock time exceeded: sending SIGTERM then SIGKILL

[startup+1205 s]*
/proc/loadavg: 14.64 14.50 14.30 12/832 3555873
/proc/meminfo: memFree=383234720/528004520 swapFree=8388604/8388604
[pid=3554047] ppid=3554046 vsize=26908 memory=13612 CPUtime=0.07 cores=20-21
/proc/3554047/stat : 3554047 (perf) S 3554046 3554047 3553661 0 -1 0 1738 237 0 0 5 2 0 0 20 0 1 0 923119176 27553792 3403 17179869184 93824994299904 93824996572973 140737488338256 0 0 0 134217728 4 74274 1 0 0 17 20 0 0 0 0 0 93824998874888 93825001005840 93825001308160 140737488340073 140737488340470 140737488340470 140737488351179 0
/proc/3554047/statm: 6727 3403 2098 555 0 1769 0
[pid=3554085] ppid=3554047 vsize=117832 memory=102636 CPUtime=1204.87 cores=20-21
/proc/3554085/stat : 3554085 (clingo) R 3554047 3554047 3553661 0 -1 0 24242 0 0 0 120480 7 0 0 20 0 1 0 923119184 120659968 25659 17179869184 93824992301056 93824992468925 140737488338416 0 0 0 134217728 4 25184771 0 0 0 17 20 0 0 0 0 0 93824992533936 93824992571272 93824992575488 140737488340183 140737488340354 140737488340354 140737488351170 0
/proc/3554085/statm: 29458 25659 2088 41 0 25537 0
Current children cumulated CPU time: 1204.94 s
Current children cumulated vsize: 144740 KiB
Current children cumulated memory: 116248 KiB

Sending SIGINT to process tree (bottom up)
Sleeping 5 seconds

[startup+1205.03 s]
# the end of solver process 3554047 was just reported to runsolver
# cumulated CPU time of all completed processes:  user=1204.87 s, system=0.108257 s

Solver just ended.
??? end of watcher thread
Dumping a history of the last processes samples

Child status: 1
Real time (s): 1205.03
CPU time (s): 1204.98
CPU user time (s): 1204.87
CPU system time (s): 0.108257
CPU usage (%): 99.996
Max. virtual memory (cumulated for all children) (KiB): 144740
Max. memory (cumulated for all children) (KiB): 116248

getrusage(RUSAGE_CHILDREN,...) data:
user time used= 1204.87
system time used= 0.108257
maximum resident set size= 102676
integral shared memory size= 0
integral unshared data size= 0
integral unshared stack size= 0
page reclaims= 26257
page faults= 0
swaps= 0
block input operations= 0
block output operations= 0
messages sent= 0
messages received= 0
signals received= 0
voluntary context switches= 78
involuntary context switches= 2751


# summary of solver processes directly reported to runsolver:
#   pid: 3554047
#   total CPU time (s): 1204.98
#   total CPU user time (s): 1204.87
#   total CPU system time (s): 0.108257

??? end of timestamper thread
runsolver used 8.94586 second user time and 15.384 second system time

The end
