runsolver version 3.4.0 (svn: 3018) Copyright (C) 2010-2013 Olivier ROUSSEL

This program is distributed in the hope that it will be useful,
but WITHOUT ANY WARRANTY; without even the implied warranty of
MERCHANTABILITY or FITNESS FOR A PARTICULAR PURPOSE.  See the
GNU General Public License for more details.

NUMA information:
  number of nodes: 2
  memory of node 0: 257587 MiB (122777 MiB free)
  memory of node 1: 258041 MiB (152080 MiB free)
  node distances:
     10  20
     20  10

command line: /dev/shm/373f8b2e-2e81-11f1-ac62-000c298f4621/input/runsolver -w /dev/shm/373f8b2e-2e81-11f1-ac62-000c298f4621/output/runsolver.log -v /dev/shm/373f8b2e-2e81-11f1-ac62-000c298f4621/output/varfile.log -W 1205 --rss-swap-limit 16384 -d 5 --sigint /usr/bin/perf stat -B -e task-clock,cache-references,cache-misses,cycles,instructions,branches,faults,migrations,context-switches -o /dev/shm/373f8b2e-2e81-11f1-ac62-000c298f4621/output/perf.log clingo /home/guests/mmacri/AMOSUM/benchmarks/GraphColouring/encoding-plain-amo.asp /dev/shm/373f8b2e-2e81-11f1-ac62-000c298f4621/input/0011-graph_colouring-130-0_4992.asp 

running on 2 cores: 6-7

Enforcing wall clock limit (soft limit, will send SIGTERM then SIGKILL): 1205 seconds
Enforcing RSS+Swap limit (soft limit, will send SIGTERM then SIGKILL): 16777216 KiB
Linux 5.15.0-131-generic
solver pid=2927101, runsolver pid=2927084
Current StackSize limit: 8192 KiB


[startup+0.100066 s]*
/proc/loadavg: 14.00 14.20 13.25 18/773 2927165
/proc/meminfo: memFree=281436504/528004512 swapFree=8388604/8388604
[pid=2927101] ppid=2927084 vsize=26908 memory=13612 CPUtime=0.07 cores=6-7
/proc/2927101/stat : 2927101 (perf) S 2927084 2927101 2926702 0 -1 0 1739 237 0 0 5 2 0 0 20 0 1 0 912536195 27553792 3403 17179869184 93824994299904 93824996572973 140737488338256 0 0 0 134217728 4 74274 1 0 0 17 6 0 0 0 0 0 93824998874888 93825001005840 93825001308160 140737488340073 140737488340470 140737488340470 140737488351179 0
/proc/2927101/statm: 6727 3403 2098 555 0 1769 0
[pid=2927161] ppid=2927101 vsize=18772 memory=10648 CPUtime=0.01 cores=6-7
/proc/2927161/stat : 2927161 (clingo) R 2927101 2927101 2926702 0 -1 0 862 0 0 0 1 0 0 0 20 0 1 0 912536204 19222528 2662 17179869184 93824992301056 93824992468925 140737488338416 0 0 0 134217728 4 25184771 0 0 0 17 7 0 0 0 0 0 93824992533936 93824992571272 93824992575488 140737488340183 140737488340354 140737488340354 140737488351170 0
/proc/2927161/statm: 4693 2662 2043 41 0 772 0
Current children cumulated CPU time: 0.08 s
Current children cumulated vsize: 45680 KiB
Current children cumulated memory: 24260 KiB

[startup+0.229798 s]*
/proc/loadavg: 14.00 14.20 13.25 19/795 2927261
/proc/meminfo: memFree=284294748/528004512 swapFree=8388604/8388604
[pid=2927101] ppid=2927084 vsize=26908 memory=13612 CPUtime=0.07 cores=6-7
/proc/2927101/stat : 2927101 (perf) S 2927084 2927101 2926702 0 -1 0 1739 237 0 0 5 2 0 0 20 0 1 0 912536195 27553792 3403 17179869184 93824994299904 93824996572973 140737488338256 0 0 0 134217728 4 74274 1 0 0 17 6 0 0 0 0 0 93824998874888 93825001005840 93825001308160 140737488340073 140737488340470 140737488340470 140737488351179 0
/proc/2927101/statm: 6727 3403 2098 555 0 1769 0
[pid=2927161] ppid=2927101 vsize=24448 memory=16352 CPUtime=0.12 cores=6-7
/proc/2927161/stat : 2927161 (clingo) R 2927101 2927101 2926702 0 -1 0 2340 0 0 0 12 0 0 0 20 0 1 0 912536204 25034752 4088 17179869184 93824992301056 93824992468925 140737488338416 0 0 0 134217728 4 25184771 0 0 0 17 6 0 0 0 0 0 93824992533936 93824992571272 93824992575488 140737488340183 140737488340354 140737488340354 140737488351170 0
/proc/2927161/statm: 6112 4088 2089 41 0 2191 0
Current children cumulated CPU time: 0.19 s
Current children cumulated vsize: 51356 KiB
Current children cumulated memory: 29964 KiB

[startup+0.319115 s]*
/proc/loadavg: 14.00 14.20 13.25 17/778 2927323
/proc/meminfo: memFree=284277680/528004512 swapFree=8388604/8388604
[pid=2927101] ppid=2927084 vsize=26908 memory=13612 CPUtime=0.07 cores=6-7
/proc/2927101/stat : 2927101 (perf) S 2927084 2927101 2926702 0 -1 0 1739 237 0 0 5 2 0 0 20 0 1 0 912536195 27553792 3403 17179869184 93824994299904 93824996572973 140737488338256 0 0 0 134217728 4 74274 1 0 0 17 6 0 0 0 0 0 93824998874888 93825001005840 93825001308160 140737488340073 140737488340470 140737488340470 140737488351179 0
/proc/2927101/statm: 6727 3403 2098 555 0 1769 0
[pid=2927161] ppid=2927101 vsize=25636 memory=17672 CPUtime=0.21 cores=6-7
/proc/2927161/stat : 2927161 (clingo) R 2927101 2927101 2926702 0 -1 0 2643 0 0 0 21 0 0 0 20 0 1 0 912536204 26251264 4418 17179869184 93824992301056 93824992468925 140737488338416 0 0 0 134217728 4 25184771 0 0 0 17 6 0 0 0 0 0 93824992533936 93824992571272 93824992575488 140737488340183 140737488340354 140737488340354 140737488351170 0
/proc/2927161/statm: 6409 4418 2089 41 0 2488 0
Current children cumulated CPU time: 0.28 s
Current children cumulated vsize: 52544 KiB
Current children cumulated memory: 31284 KiB

[startup+0.700307 s]
/proc/loadavg: 14.00 14.19 13.25 19/802 2927490
/proc/meminfo: memFree=284269920/528004512 swapFree=8388604/8388604
[pid=2927101] ppid=2927084 vsize=26908 memory=13612 CPUtime=0.07 cores=6-7
/proc/2927101/stat : 2927101 (perf) S 2927084 2927101 2926702 0 -1 0 1739 237 0 0 5 2 0 0 20 0 1 0 912536195 27553792 3403 17179869184 93824994299904 93824996572973 140737488338256 0 0 0 134217728 4 74274 1 0 0 17 6 0 0 0 0 0 93824998874888 93825001005840 93825001308160 140737488340073 140737488340470 140737488340470 140737488351179 0
/proc/2927101/statm: 6727 3403 2098 555 0 1769 0
[pid=2927161] ppid=2927101 vsize=27888 memory=19784 CPUtime=0.57 cores=6-7
/proc/2927161/stat : 2927161 (clingo) R 2927101 2927101 2926702 0 -1 0 3185 0 0 0 57 0 0 0 20 0 1 0 912536204 28557312 4946 17179869184 93824992301056 93824992468925 140737488338416 0 0 0 134217728 4 25184771 0 0 0 17 6 0 0 0 0 0 93824992533936 93824992571272 93824992575488 140737488340183 140737488340354 140737488340354 140737488351170 0
/proc/2927161/statm: 6972 4946 2089 41 0 3051 0
Current children cumulated CPU time: 0.64 s
Current children cumulated vsize: 54796 KiB
Current children cumulated memory: 33396 KiB

[startup+1.50031 s]
/proc/loadavg: 14.00 14.19 13.25 21/811 2927693
/proc/meminfo: memFree=284237456/528004512 swapFree=8388604/8388604
[pid=2927101] ppid=2927084 vsize=26908 memory=13612 CPUtime=0.07 cores=6-7
/proc/2927101/stat : 2927101 (perf) S 2927084 2927101 2926702 0 -1 0 1739 237 0 0 5 2 0 0 20 0 1 0 912536195 27553792 3403 17179869184 93824994299904 93824996572973 140737488338256 0 0 0 134217728 4 74274 1 0 0 17 6 0 0 0 0 0 93824998874888 93825001005840 93825001308160 140737488340073 140737488340470 140737488340470 140737488351179 0
/proc/2927101/statm: 6727 3403 2098 555 0 1769 0
[pid=2927161] ppid=2927101 vsize=29620 memory=21632 CPUtime=1.37 cores=6-7
/proc/2927161/stat : 2927161 (clingo) R 2927101 2927101 2926702 0 -1 0 3628 0 0 0 137 0 0 0 20 0 1 0 912536204 30330880 5408 17179869184 93824992301056 93824992468925 140737488338416 0 0 0 134217728 4 25184771 0 0 0 17 6 0 0 0 0 0 93824992533936 93824992571272 93824992575488 140737488340183 140737488340354 140737488340354 140737488351170 0
/proc/2927161/statm: 7405 5408 2089 41 0 3484 0
Current children cumulated CPU time: 1.44 s
Current children cumulated vsize: 56528 KiB
Current children cumulated memory: 35244 KiB

[startup+3.11836 s]
/proc/loadavg: 14.00 14.19 13.25 18/823 2927998
/proc/meminfo: memFree=284346180/528004512 swapFree=8388604/8388604
[pid=2927101] ppid=2927084 vsize=26908 memory=13612 CPUtime=0.07 cores=6-7
/proc/2927101/stat : 2927101 (perf) S 2927084 2927101 2926702 0 -1 0 1739 237 0 0 5 2 0 0 20 0 1 0 912536195 27553792 3403 17179869184 93824994299904 93824996572973 140737488338256 0 0 0 134217728 4 74274 1 0 0 17 6 0 0 0 0 0 93824998874888 93825001005840 93825001308160 140737488340073 140737488340470 140737488340470 140737488351179 0
/proc/2927101/statm: 6727 3403 2098 555 0 1769 0
[pid=2927161] ppid=2927101 vsize=31768 memory=23744 CPUtime=2.99 cores=6-7
/proc/2927161/stat : 2927161 (clingo) R 2927101 2927101 2926702 0 -1 0 4170 0 0 0 299 0 0 0 20 0 1 0 912536204 32530432 5936 17179869184 93824992301056 93824992468925 140737488338416 0 0 0 134217728 4 25184771 0 0 0 17 6 0 0 0 0 0 93824992533936 93824992571272 93824992575488 140737488340183 140737488340354 140737488340354 140737488351170 0
/proc/2927161/statm: 7942 5936 2089 41 0 4021 0
Current children cumulated CPU time: 3.06 s
Current children cumulated vsize: 58676 KiB
Current children cumulated memory: 37356 KiB

[startup+6.30027 s]
/proc/loadavg: 14.00 14.19 13.25 18/823 2927998
/proc/meminfo: memFree=284294496/528004512 swapFree=8388604/8388604
[pid=2927101] ppid=2927084 vsize=26908 memory=13612 CPUtime=0.07 cores=6-7
/proc/2927101/stat : 2927101 (perf) S 2927084 2927101 2926702 0 -1 0 1739 237 0 0 5 2 0 0 20 0 1 0 912536195 27553792 3403 17179869184 93824994299904 93824996572973 140737488338256 0 0 0 134217728 4 74274 1 0 0 17 6 0 0 0 0 0 93824998874888 93825001005840 93825001308160 140737488340073 140737488340470 140737488340470 140737488351179 0
/proc/2927101/statm: 6727 3403 2098 555 0 1769 0
[pid=2927161] ppid=2927101 vsize=35136 memory=26912 CPUtime=6.17 cores=6-7
/proc/2927161/stat : 2927161 (clingo) R 2927101 2927101 2926702 0 -1 0 4966 0 0 0 617 0 0 0 20 0 1 0 912536204 35979264 6728 17179869184 93824992301056 93824992468925 140737488338416 0 0 0 134217728 4 25184771 0 0 0 17 6 0 0 0 0 0 93824992533936 93824992571272 93824992575488 140737488340183 140737488340354 140737488340354 140737488351170 0
/proc/2927161/statm: 8784 6728 2089 41 0 4863 0
Current children cumulated CPU time: 6.24 s
Current children cumulated vsize: 62044 KiB
Current children cumulated memory: 40524 KiB

[startup+12.7003 s]
/proc/loadavg: 14.00 14.18 13.26 18/823 2927998
/proc/meminfo: memFree=284238848/528004512 swapFree=8388604/8388604
[pid=2927101] ppid=2927084 vsize=26908 memory=13612 CPUtime=0.07 cores=6-7
/proc/2927101/stat : 2927101 (perf) S 2927084 2927101 2926702 0 -1 0 1739 237 0 0 5 2 0 0 20 0 1 0 912536195 27553792 3403 17179869184 93824994299904 93824996572973 140737488338256 0 0 0 134217728 4 74274 1 0 0 17 6 0 0 0 0 0 93824998874888 93825001005840 93825001308160 140737488340073 140737488340470 140737488340470 140737488351179 0
/proc/2927101/statm: 6727 3403 2098 555 0 1769 0
[pid=2927161] ppid=2927101 vsize=39276 memory=30872 CPUtime=12.57 cores=6-7
/proc/2927161/stat : 2927161 (clingo) R 2927101 2927101 2926702 0 -1 0 5938 0 0 0 1257 0 0 0 20 0 1 0 912536204 40218624 7718 17179869184 93824992301056 93824992468925 140737488338416 0 0 0 134217728 4 25184771 0 0 0 17 6 0 0 0 0 0 93824992533936 93824992571272 93824992575488 140737488340183 140737488340354 140737488340354 140737488351170 0
/proc/2927161/statm: 9819 7718 2089 41 0 5898 0
Current children cumulated CPU time: 12.64 s
Current children cumulated vsize: 66184 KiB
Current children cumulated memory: 44484 KiB

[startup+25.5003 s]
/proc/loadavg: 14.00 14.18 13.27 18/824 2928000
/proc/meminfo: memFree=284173520/528004512 swapFree=8388604/8388604
[pid=2927101] ppid=2927084 vsize=26908 memory=13612 CPUtime=0.07 cores=6-7
/proc/2927101/stat : 2927101 (perf) S 2927084 2927101 2926702 0 -1 0 1739 237 0 0 5 2 0 0 20 0 1 0 912536195 27553792 3403 17179869184 93824994299904 93824996572973 140737488338256 0 0 0 134217728 4 74274 1 0 0 17 6 0 0 0 0 0 93824998874888 93825001005840 93825001308160 140737488340073 140737488340470 140737488340470 140737488351179 0
/proc/2927101/statm: 6727 3403 2098 555 0 1769 0
[pid=2927161] ppid=2927101 vsize=44372 memory=35096 CPUtime=25.38 cores=6-7
/proc/2927161/stat : 2927161 (clingo) R 2927101 2927101 2926702 0 -1 0 7030 0 0 0 2537 1 0 0 20 0 1 0 912536204 45436928 8774 17179869184 93824992301056 93824992468925 140737488338416 0 0 0 134217728 4 25184771 0 0 0 17 6 0 0 0 0 0 93824992533936 93824992571272 93824992575488 140737488340183 140737488340354 140737488340354 140737488351170 0
/proc/2927161/statm: 11093 8774 2089 41 0 7172 0
Current children cumulated CPU time: 25.45 s
Current children cumulated vsize: 71280 KiB
Current children cumulated memory: 48708 KiB

[startup+51.1186 s]
/proc/loadavg: 14.07 14.18 13.30 18/823 2928000
/proc/meminfo: memFree=284085508/528004512 swapFree=8388604/8388604
[pid=2927101] ppid=2927084 vsize=26908 memory=13612 CPUtime=0.07 cores=6-7
/proc/2927101/stat : 2927101 (perf) S 2927084 2927101 2926702 0 -1 0 1739 237 0 0 5 2 0 0 20 0 1 0 912536195 27553792 3403 17179869184 93824994299904 93824996572973 140737488338256 0 0 0 134217728 4 74274 1 0 0 17 6 0 0 0 0 0 93824998874888 93825001005840 93825001308160 140737488340073 140737488340470 140737488340470 140737488351179 0
/proc/2927101/statm: 6727 3403 2098 555 0 1769 0
[pid=2927161] ppid=2927101 vsize=50892 memory=40904 CPUtime=51 cores=6-7
/proc/2927161/stat : 2927161 (clingo) R 2927101 2927101 2926702 0 -1 0 8478 0 0 0 5099 1 0 0 20 0 1 0 912536204 52113408 10226 17179869184 93824992301056 93824992468925 140737488338416 0 0 0 134217728 4 25184771 0 0 0 17 6 0 0 0 0 0 93824992533936 93824992571272 93824992575488 140737488340183 140737488340354 140737488340354 140737488351170 0
/proc/2927161/statm: 12723 10226 2089 41 0 8802 0
Current children cumulated CPU time: 51.07 s
Current children cumulated vsize: 77800 KiB
Current children cumulated memory: 54516 KiB

[startup+102.3 s]
/proc/loadavg: 14.03 14.15 13.34 18/824 2928047
/proc/meminfo: memFree=283956264/528004512 swapFree=8388604/8388604
[pid=2927101] ppid=2927084 vsize=26908 memory=13612 CPUtime=0.07 cores=6-7
/proc/2927101/stat : 2927101 (perf) S 2927084 2927101 2926702 0 -1 0 1739 237 0 0 5 2 0 0 20 0 1 0 912536195 27553792 3403 17179869184 93824994299904 93824996572973 140737488338256 0 0 0 134217728 4 74274 1 0 0 17 6 0 0 0 0 0 93824998874888 93825001005840 93825001308160 140737488340073 140737488340470 140737488340470 140737488351179 0
/proc/2927101/statm: 6727 3403 2098 555 0 1769 0
[pid=2927161] ppid=2927101 vsize=59700 memory=49088 CPUtime=102.17 cores=6-7
/proc/2927161/stat : 2927161 (clingo) R 2927101 2927101 2926702 0 -1 0 10504 0 0 0 10216 1 0 0 20 0 1 0 912536204 61132800 12272 17179869184 93824992301056 93824992468925 140737488338416 0 0 0 134217728 4 25184771 0 0 0 17 6 0 0 0 0 0 93824992533936 93824992571272 93824992575488 140737488340183 140737488340354 140737488340354 140737488351170 0
/proc/2927161/statm: 14925 12272 2089 41 0 11004 0
Current children cumulated CPU time: 102.24 s
Current children cumulated vsize: 86608 KiB
Current children cumulated memory: 62700 KiB

[startup+162.3 s]
/proc/loadavg: 14.27 14.18 13.40 18/823 2928050
/proc/meminfo: memFree=283855992/528004512 swapFree=8388604/8388604
[pid=2927101] ppid=2927084 vsize=26908 memory=13612 CPUtime=0.07 cores=6-7
/proc/2927101/stat : 2927101 (perf) S 2927084 2927101 2926702 0 -1 0 1739 237 0 0 5 2 0 0 20 0 1 0 912536195 27553792 3403 17179869184 93824994299904 93824996572973 140737488338256 0 0 0 134217728 4 74274 1 0 0 17 6 0 0 0 0 0 93824998874888 93825001005840 93825001308160 140737488340073 140737488340470 140737488340470 140737488351179 0
/proc/2927101/statm: 6727 3403 2098 555 0 1769 0
[pid=2927161] ppid=2927101 vsize=65772 memory=54632 CPUtime=162.17 cores=6-7
/proc/2927161/stat : 2927161 (clingo) R 2927101 2927101 2926702 0 -1 0 11928 0 0 0 16216 1 0 0 20 0 1 0 912536204 67350528 13658 17179869184 93824992301056 93824992468925 140737488338416 0 0 0 134217728 4 25184771 0 0 0 17 6 0 0 0 0 0 93824992533936 93824992571272 93824992575488 140737488340183 140737488340354 140737488340354 140737488351170 0
/proc/2927161/statm: 16443 13658 2089 41 0 12522 0
Current children cumulated CPU time: 162.24 s
Current children cumulated vsize: 92680 KiB
Current children cumulated memory: 68244 KiB

[startup+222.3 s]
/proc/loadavg: 14.10 14.15 13.44 18/823 2928053
/proc/meminfo: memFree=283773532/528004512 swapFree=8388604/8388604
[pid=2927101] ppid=2927084 vsize=26908 memory=13612 CPUtime=0.07 cores=6-7
/proc/2927101/stat : 2927101 (perf) S 2927084 2927101 2926702 0 -1 0 1739 237 0 0 5 2 0 0 20 0 1 0 912536195 27553792 3403 17179869184 93824994299904 93824996572973 140737488338256 0 0 0 134217728 4 74274 1 0 0 17 6 0 0 0 0 0 93824998874888 93825001005840 93825001308160 140737488340073 140737488340470 140737488340470 140737488351179 0
/proc/2927101/statm: 6727 3403 2098 555 0 1769 0
[pid=2927161] ppid=2927101 vsize=70196 memory=59384 CPUtime=222.17 cores=6-7
/proc/2927161/stat : 2927161 (clingo) R 2927101 2927101 2926702 0 -1 0 13098 0 0 0 22216 1 0 0 20 0 1 0 912536204 71880704 14846 17179869184 93824992301056 93824992468925 140737488338416 0 0 0 134217728 4 25184771 0 0 0 17 6 0 0 0 0 0 93824992533936 93824992571272 93824992575488 140737488340183 140737488340354 140737488340354 140737488351170 0
/proc/2927161/statm: 17549 14846 2089 41 0 13628 0
Current children cumulated CPU time: 222.24 s
Current children cumulated vsize: 97104 KiB
Current children cumulated memory: 72996 KiB

[startup+282.3 s]
/proc/loadavg: 14.10 14.13 13.49 18/823 2928056
/proc/meminfo: memFree=283693648/528004512 swapFree=8388604/8388604
[pid=2927101] ppid=2927084 vsize=26908 memory=13612 CPUtime=0.07 cores=6-7
/proc/2927101/stat : 2927101 (perf) S 2927084 2927101 2926702 0 -1 0 1739 237 0 0 5 2 0 0 20 0 1 0 912536195 27553792 3403 17179869184 93824994299904 93824996572973 140737488338256 0 0 0 134217728 4 74274 1 0 0 17 6 0 0 0 0 0 93824998874888 93825001005840 93825001308160 140737488340073 140737488340470 140737488340470 140737488351179 0
/proc/2927101/statm: 6727 3403 2098 555 0 1769 0
[pid=2927161] ppid=2927101 vsize=74560 memory=63080 CPUtime=282.18 cores=6-7
/proc/2927161/stat : 2927161 (clingo) R 2927101 2927101 2926702 0 -1 0 14033 0 0 0 28216 2 0 0 20 0 1 0 912536204 76349440 15770 17179869184 93824992301056 93824992468925 140737488338416 0 0 0 134217728 4 25184771 0 0 0 17 6 0 0 0 0 0 93824992533936 93824992571272 93824992575488 140737488340183 140737488340354 140737488340354 140737488351170 0
/proc/2927161/statm: 18640 15770 2089 41 0 14719 0
Current children cumulated CPU time: 282.25 s
Current children cumulated vsize: 101468 KiB
Current children cumulated memory: 76692 KiB

[startup+342.3 s]
/proc/loadavg: 14.35 14.22 13.56 18/808 2928060
/proc/meminfo: memFree=283620876/528004512 swapFree=8388604/8388604
[pid=2927101] ppid=2927084 vsize=26908 memory=13612 CPUtime=0.07 cores=6-7
/proc/2927101/stat : 2927101 (perf) S 2927084 2927101 2926702 0 -1 0 1739 237 0 0 5 2 0 0 20 0 1 0 912536195 27553792 3403 17179869184 93824994299904 93824996572973 140737488338256 0 0 0 134217728 4 74274 1 0 0 17 6 0 0 0 0 0 93824998874888 93825001005840 93825001308160 140737488340073 140737488340470 140737488340470 140737488351179 0
/proc/2927101/statm: 6727 3403 2098 555 0 1769 0
[pid=2927161] ppid=2927101 vsize=82148 memory=69416 CPUtime=342.17 cores=6-7
/proc/2927161/stat : 2927161 (clingo) R 2927101 2927101 2926702 0 -1 0 15621 0 0 0 34215 2 0 0 20 0 1 0 912536204 84119552 17354 17179869184 93824992301056 93824992468925 140737488338416 0 0 0 134217728 4 25184771 0 0 0 17 6 0 0 0 0 0 93824992533936 93824992571272 93824992575488 140737488340183 140737488340354 140737488340354 140737488351170 0
/proc/2927161/statm: 20537 17354 2089 41 0 16616 0
Current children cumulated CPU time: 342.24 s
Current children cumulated vsize: 109056 KiB
Current children cumulated memory: 83028 KiB

[startup+402.3 s]
/proc/loadavg: 14.35 14.23 13.61 18/803 2928063
/proc/meminfo: memFree=283563472/528004512 swapFree=8388604/8388604
[pid=2927101] ppid=2927084 vsize=26908 memory=13612 CPUtime=0.07 cores=6-7
/proc/2927101/stat : 2927101 (perf) S 2927084 2927101 2926702 0 -1 0 1739 237 0 0 5 2 0 0 20 0 1 0 912536195 27553792 3403 17179869184 93824994299904 93824996572973 140737488338256 0 0 0 134217728 4 74274 1 0 0 17 6 0 0 0 0 0 93824998874888 93825001005840 93825001308160 140737488340073 140737488340470 140737488340470 140737488351179 0
/proc/2927101/statm: 6727 3403 2098 555 0 1769 0
[pid=2927161] ppid=2927101 vsize=84804 memory=72056 CPUtime=402.17 cores=6-7
/proc/2927161/stat : 2927161 (clingo) R 2927101 2927101 2926702 0 -1 0 16254 0 0 0 40215 2 0 0 20 0 1 0 912536204 86839296 18014 17179869184 93824992301056 93824992468925 140737488338416 0 0 0 134217728 4 25184771 0 0 0 17 6 0 0 0 0 0 93824992533936 93824992571272 93824992575488 140737488340183 140737488340354 140737488340354 140737488351170 0
/proc/2927161/statm: 21201 18014 2089 41 0 17280 0
Current children cumulated CPU time: 402.24 s
Current children cumulated vsize: 111712 KiB
Current children cumulated memory: 85668 KiB

[startup+462.3 s]
/proc/loadavg: 14.16 14.20 13.64 18/803 2928118
/proc/meminfo: memFree=283478568/528004512 swapFree=8388604/8388604
[pid=2927101] ppid=2927084 vsize=26908 memory=13612 CPUtime=0.07 cores=6-7
/proc/2927101/stat : 2927101 (perf) S 2927084 2927101 2926702 0 -1 0 1739 237 0 0 5 2 0 0 20 0 1 0 912536195 27553792 3403 17179869184 93824994299904 93824996572973 140737488338256 0 0 0 134217728 4 74274 1 0 0 17 6 0 0 0 0 0 93824998874888 93825001005840 93825001308160 140737488340073 140737488340470 140737488340470 140737488351179 0
/proc/2927101/statm: 6727 3403 2098 555 0 1769 0
[pid=2927161] ppid=2927101 vsize=91252 memory=77336 CPUtime=462.17 cores=6-7
/proc/2927161/stat : 2927161 (clingo) R 2927101 2927101 2926702 0 -1 0 17596 0 0 0 46215 2 0 0 20 0 1 0 912536204 93442048 19334 17179869184 93824992301056 93824992468925 140737488338416 0 0 0 134217728 4 25184771 0 0 0 17 6 0 0 0 0 0 93824992533936 93824992571272 93824992575488 140737488340183 140737488340354 140737488340354 140737488351170 0
/proc/2927161/statm: 22813 19334 2089 41 0 18892 0
Current children cumulated CPU time: 462.24 s
Current children cumulated vsize: 118160 KiB
Current children cumulated memory: 90948 KiB

[startup+522.3 s]
/proc/loadavg: 14.13 14.18 13.67 18/804 2928123
/proc/meminfo: memFree=283450108/528004512 swapFree=8388604/8388604
[pid=2927101] ppid=2927084 vsize=26908 memory=13612 CPUtime=0.07 cores=6-7
/proc/2927101/stat : 2927101 (perf) S 2927084 2927101 2926702 0 -1 0 1739 237 0 0 5 2 0 0 20 0 1 0 912536195 27553792 3403 17179869184 93824994299904 93824996572973 140737488338256 0 0 0 134217728 4 74274 1 0 0 17 6 0 0 0 0 0 93824998874888 93825001005840 93825001308160 140737488340073 140737488340470 140737488340470 140737488351179 0
/proc/2927101/statm: 6727 3403 2098 555 0 1769 0
[pid=2927161] ppid=2927101 vsize=93148 memory=79448 CPUtime=522.18 cores=6-7
/proc/2927161/stat : 2927161 (clingo) R 2927101 2927101 2926702 0 -1 0 18103 0 0 0 52215 3 0 0 20 0 1 0 912536204 95383552 19862 17179869184 93824992301056 93824992468925 140737488338416 0 0 0 134217728 4 25184771 0 0 0 17 6 0 0 0 0 0 93824992533936 93824992571272 93824992575488 140737488340183 140737488340354 140737488340354 140737488351170 0
/proc/2927161/statm: 23287 19862 2089 41 0 19366 0
Current children cumulated CPU time: 522.25 s
Current children cumulated vsize: 120056 KiB
Current children cumulated memory: 93060 KiB

[startup+582.3 s]
/proc/loadavg: 14.05 14.14 13.69 18/804 2928126
/proc/meminfo: memFree=283406544/528004512 swapFree=8388604/8388604
[pid=2927101] ppid=2927084 vsize=26908 memory=13612 CPUtime=0.07 cores=6-7
/proc/2927101/stat : 2927101 (perf) S 2927084 2927101 2926702 0 -1 0 1739 237 0 0 5 2 0 0 20 0 1 0 912536195 27553792 3403 17179869184 93824994299904 93824996572973 140737488338256 0 0 0 134217728 4 74274 1 0 0 17 6 0 0 0 0 0 93824998874888 93825001005840 93825001308160 140737488340073 140737488340470 140737488340470 140737488351179 0
/proc/2927101/statm: 6727 3403 2098 555 0 1769 0
[pid=2927161] ppid=2927101 vsize=94476 memory=81032 CPUtime=582.18 cores=6-7
/proc/2927161/stat : 2927161 (clingo) R 2927101 2927101 2926702 0 -1 0 18473 0 0 0 58215 3 0 0 20 0 1 0 912536204 96743424 20258 17179869184 93824992301056 93824992468925 140737488338416 0 0 0 134217728 4 25184771 0 0 0 17 6 0 0 0 0 0 93824992533936 93824992571272 93824992575488 140737488340183 140737488340354 140737488340354 140737488351170 0
/proc/2927161/statm: 23619 20258 2089 41 0 19698 0
Current children cumulated CPU time: 582.25 s
Current children cumulated vsize: 121384 KiB
Current children cumulated memory: 94644 KiB

[startup+642.3 s]
/proc/loadavg: 14.55 14.28 13.77 18/804 2928130
/proc/meminfo: memFree=283365348/528004512 swapFree=8388604/8388604
[pid=2927101] ppid=2927084 vsize=26908 memory=13612 CPUtime=0.07 cores=6-7
/proc/2927101/stat : 2927101 (perf) S 2927084 2927101 2926702 0 -1 0 1739 237 0 0 5 2 0 0 20 0 1 0 912536195 27553792 3403 17179869184 93824994299904 93824996572973 140737488338256 0 0 0 134217728 4 74274 1 0 0 17 6 0 0 0 0 0 93824998874888 93825001005840 93825001308160 140737488340073 140737488340470 140737488340470 140737488351179 0
/proc/2927101/statm: 6727 3403 2098 555 0 1769 0
[pid=2927161] ppid=2927101 vsize=98292 memory=84476 CPUtime=642.18 cores=6-7
/proc/2927161/stat : 2927161 (clingo) R 2927101 2927101 2926702 0 -1 0 19465 0 0 0 64215 3 0 0 20 0 1 0 912536204 100651008 21119 17179869184 93824992301056 93824992468925 140737488338416 0 0 0 134217728 4 25184771 0 0 0 17 6 0 0 0 0 0 93824992533936 93824992571272 93824992575488 140737488340183 140737488340354 140737488340354 140737488351170 0
/proc/2927161/statm: 24573 21119 2089 41 0 20652 0
Current children cumulated CPU time: 642.25 s
Current children cumulated vsize: 125200 KiB
Current children cumulated memory: 98088 KiB

[startup+702.3 s]
/proc/loadavg: 14.20 14.23 13.79 18/804 2928133
/proc/meminfo: memFree=283320784/528004512 swapFree=8388604/8388604
[pid=2927101] ppid=2927084 vsize=26908 memory=13612 CPUtime=0.07 cores=6-7
/proc/2927101/stat : 2927101 (perf) S 2927084 2927101 2926702 0 -1 0 1739 237 0 0 5 2 0 0 20 0 1 0 912536195 27553792 3403 17179869184 93824994299904 93824996572973 140737488338256 0 0 0 134217728 4 74274 1 0 0 17 6 0 0 0 0 0 93824998874888 93825001005840 93825001308160 140737488340073 140737488340470 140737488340470 140737488351179 0
/proc/2927101/statm: 6727 3403 2098 555 0 1769 0
[pid=2927161] ppid=2927101 vsize=101600 memory=87596 CPUtime=702.18 cores=6-7
/proc/2927161/stat : 2927161 (clingo) R 2927101 2927101 2926702 0 -1 0 20663 0 0 0 70215 3 0 0 20 0 1 0 912536204 104038400 21899 17179869184 93824992301056 93824992468925 140737488338416 0 0 0 134217728 4 25184771 0 0 0 17 6 0 0 0 0 0 93824992533936 93824992571272 93824992575488 140737488340183 140737488340354 140737488340354 140737488351170 0
/proc/2927161/statm: 25400 21899 2089 41 0 21479 0
Current children cumulated CPU time: 702.25 s
Current children cumulated vsize: 128508 KiB
Current children cumulated memory: 101208 KiB

[startup+762.3 s]
/proc/loadavg: 14.07 14.18 13.81 18/804 2928136
/proc/meminfo: memFree=283279112/528004512 swapFree=8388604/8388604
[pid=2927101] ppid=2927084 vsize=26908 memory=13612 CPUtime=0.07 cores=6-7
/proc/2927101/stat : 2927101 (perf) S 2927084 2927101 2926702 0 -1 0 1739 237 0 0 5 2 0 0 20 0 1 0 912536195 27553792 3403 17179869184 93824994299904 93824996572973 140737488338256 0 0 0 134217728 4 74274 1 0 0 17 6 0 0 0 0 0 93824998874888 93825001005840 93825001308160 140737488340073 140737488340470 140737488340470 140737488351179 0
/proc/2927101/statm: 6727 3403 2098 555 0 1769 0
[pid=2927161] ppid=2927101 vsize=104848 memory=91568 CPUtime=762.17 cores=6-7
/proc/2927161/stat : 2927161 (clingo) R 2927101 2927101 2926702 0 -1 0 22300 0 0 0 76214 3 0 0 20 0 1 0 912536204 107364352 22892 17179869184 93824992301056 93824992468925 140737488338416 0 0 0 134217728 4 25184771 0 0 0 17 6 0 0 0 0 0 93824992533936 93824992571272 93824992575488 140737488340183 140737488340354 140737488340354 140737488351170 0
/proc/2927161/statm: 26212 22892 2089 41 0 22291 0
Current children cumulated CPU time: 762.24 s
Current children cumulated vsize: 131756 KiB
Current children cumulated memory: 105180 KiB

[startup+822.3 s]
/proc/loadavg: 14.23 14.22 13.85 18/803 2928139
/proc/meminfo: memFree=283237296/528004512 swapFree=8388604/8388604
[pid=2927101] ppid=2927084 vsize=26908 memory=13612 CPUtime=0.07 cores=6-7
/proc/2927101/stat : 2927101 (perf) S 2927084 2927101 2926702 0 -1 0 1739 237 0 0 5 2 0 0 20 0 1 0 912536195 27553792 3403 17179869184 93824994299904 93824996572973 140737488338256 0 0 0 134217728 4 74274 1 0 0 17 6 0 0 0 0 0 93824998874888 93825001005840 93825001308160 140737488340073 140737488340470 140737488340470 140737488351179 0
/proc/2927101/statm: 6727 3403 2098 555 0 1769 0
[pid=2927161] ppid=2927101 vsize=108704 memory=95060 CPUtime=822.18 cores=6-7
/proc/2927161/stat : 2927161 (clingo) R 2927101 2927101 2926702 0 -1 0 23828 0 0 0 82213 5 0 0 20 0 1 0 912536204 111312896 23765 17179869184 93824992301056 93824992468925 140737488338416 0 0 0 134217728 4 25184771 0 0 0 17 6 0 0 0 0 0 93824992533936 93824992571272 93824992575488 140737488340183 140737488340354 140737488340354 140737488351170 0
/proc/2927161/statm: 27176 23765 2089 41 0 23255 0
Current children cumulated CPU time: 822.25 s
Current children cumulated vsize: 135612 KiB
Current children cumulated memory: 108672 KiB

[startup+882.3 s]
/proc/loadavg: 14.08 14.18 13.86 18/803 2928142
/proc/meminfo: memFree=283199792/528004512 swapFree=8388604/8388604
[pid=2927101] ppid=2927084 vsize=26908 memory=13612 CPUtime=0.07 cores=6-7
/proc/2927101/stat : 2927101 (perf) S 2927084 2927101 2926702 0 -1 0 1739 237 0 0 5 2 0 0 20 0 1 0 912536195 27553792 3403 17179869184 93824994299904 93824996572973 140737488338256 0 0 0 134217728 4 74274 1 0 0 17 6 0 0 0 0 0 93824998874888 93825001005840 93825001308160 140737488340073 140737488340470 140737488340470 140737488351179 0
/proc/2927101/statm: 6727 3403 2098 555 0 1769 0
[pid=2927161] ppid=2927101 vsize=110964 memory=97656 CPUtime=882.17 cores=6-7
/proc/2927161/stat : 2927161 (clingo) R 2927101 2927101 2926702 0 -1 0 24710 0 0 0 88212 5 0 0 20 0 1 0 912536204 113627136 24414 17179869184 93824992301056 93824992468925 140737488338416 0 0 0 134217728 4 25184771 0 0 0 17 6 0 0 0 0 0 93824992533936 93824992571272 93824992575488 140737488340183 140737488340354 140737488340354 140737488351170 0
/proc/2927161/statm: 27741 24414 2089 41 0 23820 0
Current children cumulated CPU time: 882.24 s
Current children cumulated vsize: 137872 KiB
Current children cumulated memory: 111268 KiB

[startup+942.3 s]
/proc/loadavg: 15.22 14.53 14.00 18/804 2928147
/proc/meminfo: memFree=283170872/528004512 swapFree=8388604/8388604
[pid=2927101] ppid=2927084 vsize=26908 memory=13612 CPUtime=0.07 cores=6-7
/proc/2927101/stat : 2927101 (perf) S 2927084 2927101 2926702 0 -1 0 1739 237 0 0 5 2 0 0 20 0 1 0 912536195 27553792 3403 17179869184 93824994299904 93824996572973 140737488338256 0 0 0 134217728 4 74274 1 0 0 17 6 0 0 0 0 0 93824998874888 93825001005840 93825001308160 140737488340073 140737488340470 140737488340470 140737488351179 0
/proc/2927101/statm: 6727 3403 2098 555 0 1769 0
[pid=2927161] ppid=2927101 vsize=111252 memory=97916 CPUtime=942.17 cores=6-7
/proc/2927161/stat : 2927161 (clingo) R 2927101 2927101 2926702 0 -1 0 24800 0 0 0 94212 5 0 0 20 0 1 0 912536204 113922048 24479 17179869184 93824992301056 93824992468925 140737488338416 0 0 0 134217728 4 25184771 0 0 0 17 6 0 0 0 0 0 93824992533936 93824992571272 93824992575488 140737488340183 140737488340354 140737488340354 140737488351170 0
/proc/2927161/statm: 27813 24479 2089 41 0 23892 0
Current children cumulated CPU time: 942.24 s
Current children cumulated vsize: 138160 KiB
Current children cumulated memory: 111528 KiB

[startup+1002.3 s]
/proc/loadavg: 14.45 14.43 14.00 18/805 2928151
/proc/meminfo: memFree=283125528/528004512 swapFree=8388604/8388604
[pid=2927101] ppid=2927084 vsize=26908 memory=13612 CPUtime=0.07 cores=6-7
/proc/2927101/stat : 2927101 (perf) S 2927084 2927101 2926702 0 -1 0 1739 237 0 0 5 2 0 0 20 0 1 0 912536195 27553792 3403 17179869184 93824994299904 93824996572973 140737488338256 0 0 0 134217728 4 74274 1 0 0 17 6 0 0 0 0 0 93824998874888 93825001005840 93825001308160 140737488340073 140737488340470 140737488340470 140737488351179 0
/proc/2927101/statm: 6727 3403 2098 555 0 1769 0
[pid=2927161] ppid=2927101 vsize=116352 memory=102032 CPUtime=1002.18 cores=6-7
/proc/2927161/stat : 2927161 (clingo) R 2927101 2927101 2926702 0 -1 0 26042 0 0 0 100212 6 0 0 20 0 1 0 912536204 119144448 25508 17179869184 93824992301056 93824992468925 140737488338416 0 0 0 134217728 4 25184771 0 0 0 17 6 0 0 0 0 0 93824992533936 93824992571272 93824992575488 140737488340183 140737488340354 140737488340354 140737488351170 0
/proc/2927161/statm: 29088 25508 2089 41 0 25167 0
Current children cumulated CPU time: 1002.25 s
Current children cumulated vsize: 143260 KiB
Current children cumulated memory: 115644 KiB

[startup+1062.3 s]
/proc/loadavg: 14.16 14.35 14.00 18/805 2928153
/proc/meminfo: memFree=283082436/528004512 swapFree=8388604/8388604
[pid=2927101] ppid=2927084 vsize=26908 memory=13612 CPUtime=0.07 cores=6-7
/proc/2927101/stat : 2927101 (perf) S 2927084 2927101 2926702 0 -1 0 1739 237 0 0 5 2 0 0 20 0 1 0 912536195 27553792 3403 17179869184 93824994299904 93824996572973 140737488338256 0 0 0 134217728 4 74274 1 0 0 17 6 0 0 0 0 0 93824998874888 93825001005840 93825001308160 140737488340073 140737488340470 140737488340470 140737488351179 0
/proc/2927101/statm: 6727 3403 2098 555 0 1769 0
[pid=2927161] ppid=2927101 vsize=118708 memory=104492 CPUtime=1062.18 cores=6-7
/proc/2927161/stat : 2927161 (clingo) R 2927101 2927101 2926702 0 -1 0 26861 0 0 0 106212 6 0 0 20 0 1 0 912536204 121556992 26123 17179869184 93824992301056 93824992468925 140737488338416 0 0 0 134217728 4 25184771 0 0 0 17 6 0 0 0 0 0 93824992533936 93824992571272 93824992575488 140737488340183 140737488340354 140737488340354 140737488351170 0
/proc/2927161/statm: 29677 26123 2089 41 0 25756 0
Current children cumulated CPU time: 1062.25 s
Current children cumulated vsize: 145616 KiB
Current children cumulated memory: 118104 KiB

[startup+1122.3 s]
/proc/loadavg: 14.06 14.29 14.00 18/805 2928156
/proc/meminfo: memFree=283058292/528004512 swapFree=8388604/8388604
[pid=2927101] ppid=2927084 vsize=26908 memory=13612 CPUtime=0.07 cores=6-7
/proc/2927101/stat : 2927101 (perf) S 2927084 2927101 2926702 0 -1 0 1739 237 0 0 5 2 0 0 20 0 1 0 912536195 27553792 3403 17179869184 93824994299904 93824996572973 140737488338256 0 0 0 134217728 4 74274 1 0 0 17 6 0 0 0 0 0 93824998874888 93825001005840 93825001308160 140737488340073 140737488340470 140737488340470 140737488351179 0
/proc/2927101/statm: 6727 3403 2098 555 0 1769 0
[pid=2927161] ppid=2927101 vsize=123316 memory=107920 CPUtime=1122.17 cores=6-7
/proc/2927161/stat : 2927161 (clingo) R 2927101 2927101 2926702 0 -1 0 27761 0 0 0 112211 6 0 0 20 0 1 0 912536204 126275584 26980 17179869184 93824992301056 93824992468925 140737488338416 0 0 0 134217728 4 25184771 0 0 0 17 6 0 0 0 0 0 93824992533936 93824992571272 93824992575488 140737488340183 140737488340354 140737488340354 140737488351170 0
/proc/2927161/statm: 30829 26980 2089 41 0 26908 0
Current children cumulated CPU time: 1122.24 s
Current children cumulated vsize: 150224 KiB
Current children cumulated memory: 121532 KiB

[startup+1182.3 s]
/proc/loadavg: 14.02 14.23 14.00 18/805 2928159
/proc/meminfo: memFree=283029060/528004512 swapFree=8388604/8388604
[pid=2927101] ppid=2927084 vsize=26908 memory=13612 CPUtime=0.07 cores=6-7
/proc/2927101/stat : 2927101 (perf) S 2927084 2927101 2926702 0 -1 0 1739 237 0 0 5 2 0 0 20 0 1 0 912536195 27553792 3403 17179869184 93824994299904 93824996572973 140737488338256 0 0 0 134217728 4 74274 1 0 0 17 6 0 0 0 0 0 93824998874888 93825001005840 93825001308160 140737488340073 140737488340470 140737488340470 140737488351179 0
/proc/2927101/statm: 6727 3403 2098 555 0 1769 0
[pid=2927161] ppid=2927101 vsize=125044 memory=109504 CPUtime=1182.17 cores=6-7
/proc/2927161/stat : 2927161 (clingo) R 2927101 2927101 2926702 0 -1 0 28151 0 0 0 118211 6 0 0 20 0 1 0 912536204 128045056 27376 17179869184 93824992301056 93824992468925 140737488338416 0 0 0 134217728 4 25184771 0 0 0 17 6 0 0 0 0 0 93824992533936 93824992571272 93824992575488 140737488340183 140737488340354 140737488340354 140737488351170 0
/proc/2927161/statm: 31261 27376 2089 41 0 27340 0
Current children cumulated CPU time: 1182.24 s
Current children cumulated vsize: 151952 KiB
Current children cumulated memory: 123116 KiB



Maximum wall clock time exceeded: sending SIGTERM then SIGKILL

[startup+1205 s]*
/proc/loadavg: 14.01 14.22 14.00 18/805 2928160
/proc/meminfo: memFree=283014192/528004512 swapFree=8388604/8388604
[pid=2927101] ppid=2927084 vsize=26908 memory=13612 CPUtime=0.07 cores=6-7
/proc/2927101/stat : 2927101 (perf) S 2927084 2927101 2926702 0 -1 0 1739 237 0 0 5 2 0 0 20 0 1 0 912536195 27553792 3403 17179869184 93824994299904 93824996572973 140737488338256 0 0 0 134217728 4 74274 1 0 0 17 6 0 0 0 0 0 93824998874888 93825001005840 93825001308160 140737488340073 140737488340470 140737488340470 140737488351179 0
/proc/2927101/statm: 6727 3403 2098 555 0 1769 0
[pid=2927161] ppid=2927101 vsize=125332 memory=110052 CPUtime=1204.88 cores=6-7
/proc/2927161/stat : 2927161 (clingo) R 2927101 2927101 2926702 0 -1 0 28343 0 0 0 120482 6 0 0 20 0 1 0 912536204 128339968 27513 17179869184 93824992301056 93824992468925 140737488338416 0 0 0 134217728 4 25184771 0 0 0 17 6 0 0 0 0 0 93824992533936 93824992571272 93824992575488 140737488340183 140737488340354 140737488340354 140737488351170 0
/proc/2927161/statm: 31333 27513 2089 41 0 27412 0
Current children cumulated CPU time: 1204.95 s
Current children cumulated vsize: 152240 KiB
Current children cumulated memory: 123664 KiB

Sending SIGINT to process tree (bottom up)
Sleeping 5 seconds

[startup+1205.03 s]
# the end of solver process 2927101 was just reported to runsolver
# cumulated CPU time of all completed processes:  user=1204.9 s, system=0.101861 s

Solver just ended.
??? end of watcher thread
Dumping a history of the last processes samples

Child status: 1
Real time (s): 1205.03
CPU time (s): 1205
CPU user time (s): 1204.9
CPU system time (s): 0.101861
CPU usage (%): 99.9979
Max. virtual memory (cumulated for all children) (KiB): 152636
Max. memory (cumulated for all children) (KiB): 123908

getrusage(RUSAGE_CHILDREN,...) data:
user time used= 1204.9
system time used= 0.101861
maximum resident set size= 110296
integral shared memory size= 0
integral unshared data size= 0
integral unshared stack size= 0
page reclaims= 30359
page faults= 0
swaps= 0
block input operations= 0
block output operations= 0
messages sent= 0
messages received= 0
signals received= 0
voluntary context switches= 173
involuntary context switches= 1049


# summary of solver processes directly reported to runsolver:
#   pid: 2927101
#   total CPU time (s): 1205
#   total CPU user time (s): 1204.9
#   total CPU system time (s): 0.101861

??? end of timestamper thread
runsolver used 8.54473 second user time and 15.3892 second system time

The end
