runsolver version 3.4.0 (svn: 3018) Copyright (C) 2010-2013 Olivier ROUSSEL

This program is distributed in the hope that it will be useful,
but WITHOUT ANY WARRANTY; without even the implied warranty of
MERCHANTABILITY or FITNESS FOR A PARTICULAR PURPOSE.  See the
GNU General Public License for more details.

NUMA information:
  number of nodes: 2
  memory of node 0: 257635 MiB (188909 MiB free)
  memory of node 1: 257994 MiB (176168 MiB free)
  node distances:
     10  20
     20  10

command line: /dev/shm/375b415c-2e81-11f1-ac62-000c298f4621/input/runsolver -w /dev/shm/375b415c-2e81-11f1-ac62-000c298f4621/output/runsolver.log -v /dev/shm/375b415c-2e81-11f1-ac62-000c298f4621/output/varfile.log -W 1205 --rss-swap-limit 16384 -d 5 --sigint /usr/bin/perf stat -B -e task-clock,cache-references,cache-misses,cycles,instructions,branches,faults,migrations,context-switches -o /dev/shm/375b415c-2e81-11f1-ac62-000c298f4621/output/perf.log clingo /home/guests/mmacri/AMOSUM/benchmarks/GraphColouring/encoding-plain-amo.asp /dev/shm/375b415c-2e81-11f1-ac62-000c298f4621/input/0026-graph_colouring-135-0_1296.asp 

running on 2 cores: 12-13

Enforcing wall clock limit (soft limit, will send SIGTERM then SIGKILL): 1205 seconds
Enforcing RSS+Swap limit (soft limit, will send SIGTERM then SIGKILL): 16777216 KiB
Linux 5.15.0-131-generic
solver pid=1606676, runsolver pid=1606674
Current StackSize limit: 8192 KiB


[startup+0.100073 s]*
/proc/loadavg: 14.15 14.20 13.30 17/815 1606712
/proc/meminfo: memFree=373961304/528004520 swapFree=8388604/8388604
[pid=1606676] ppid=1606674 vsize=26908 memory=13612 CPUtime=0.08 cores=12-13
/proc/1606676/stat : 1606676 (perf) S 1606674 1606676 1606261 0 -1 0 1738 237 0 0 5 3 0 0 20 0 1 0 923003542 27553792 3403 17179869184 93824994299904 93824996572973 140737488338256 0 0 0 134217728 4 74274 1 0 0 17 12 0 0 0 0 0 93824998874888 93825001005840 93825001308160 140737488340073 140737488340470 140737488340470 140737488351179 0
/proc/1606676/statm: 6727 3403 2098 555 0 1769 0
[pid=1606707] ppid=1606676 vsize=18376 memory=10208 CPUtime=0.01 cores=12-13
/proc/1606707/stat : 1606707 (clingo) R 1606676 1606676 1606261 0 -1 0 719 0 0 0 1 0 0 0 20 0 1 0 923003550 18817024 2552 17179869184 93824992301056 93824992468925 140737488338416 0 0 0 134217728 4 25184771 0 0 0 17 13 0 0 0 0 0 93824992533936 93824992571272 93824992575488 140737488340183 140737488340354 140737488340354 140737488351170 0
/proc/1606707/statm: 4594 2552 2044 41 0 673 0
Current children cumulated CPU time: 0.09 s
Current children cumulated vsize: 45284 KiB
Current children cumulated memory: 23820 KiB

[startup+0.222869 s]*
/proc/loadavg: 14.15 14.20 13.30 18/822 1606719
/proc/meminfo: memFree=373914800/528004520 swapFree=8388604/8388604
[pid=1606676] ppid=1606674 vsize=26908 memory=13612 CPUtime=0.08 cores=12-13
/proc/1606676/stat : 1606676 (perf) S 1606674 1606676 1606261 0 -1 0 1738 237 0 0 5 3 0 0 20 0 1 0 923003542 27553792 3403 17179869184 93824994299904 93824996572973 140737488338256 0 0 0 134217728 4 74274 1 0 0 17 12 0 0 0 0 0 93824998874888 93825001005840 93825001308160 140737488340073 140737488340470 140737488340470 140737488351179 0
/proc/1606676/statm: 6727 3403 2098 555 0 1769 0
[pid=1606707] ppid=1606676 vsize=25680 memory=17452 CPUtime=0.13 cores=12-13
/proc/1606707/stat : 1606707 (clingo) R 1606676 1606676 1606261 0 -1 0 2635 0 0 0 13 0 0 0 20 0 1 0 923003550 26296320 4363 17179869184 93824992301056 93824992468925 140737488338416 0 0 0 134217728 4 25184771 0 0 0 17 13 0 0 0 0 0 93824992533936 93824992571272 93824992575488 140737488340183 140737488340354 140737488340354 140737488351170 0
/proc/1606707/statm: 6420 4363 2089 41 0 2499 0
Current children cumulated CPU time: 0.21 s
Current children cumulated vsize: 52588 KiB
Current children cumulated memory: 31064 KiB

[startup+0.335295 s]*
/proc/loadavg: 14.15 14.20 13.30 20/828 1606728
/proc/meminfo: memFree=373889124/528004520 swapFree=8388604/8388604
[pid=1606676] ppid=1606674 vsize=26908 memory=13612 CPUtime=0.08 cores=12-13
/proc/1606676/stat : 1606676 (perf) S 1606674 1606676 1606261 0 -1 0 1738 237 0 0 5 3 0 0 20 0 1 0 923003542 27553792 3403 17179869184 93824994299904 93824996572973 140737488338256 0 0 0 134217728 4 74274 1 0 0 17 12 0 0 0 0 0 93824998874888 93825001005840 93825001308160 140737488340073 140737488340470 140737488340470 140737488351179 0
/proc/1606676/statm: 6727 3403 2098 555 0 1769 0
[pid=1606707] ppid=1606676 vsize=28328 memory=20356 CPUtime=0.22 cores=12-13
/proc/1606707/stat : 1606707 (clingo) R 1606676 1606676 1606261 0 -1 0 3316 0 0 0 22 0 0 0 20 0 1 0 923003550 29007872 5089 17179869184 93824992301056 93824992468925 140737488338416 0 0 0 134217728 4 25184771 0 0 0 17 12 0 0 0 0 0 93824992533936 93824992571272 93824992575488 140737488340183 140737488340354 140737488340354 140737488351170 0
/proc/1606707/statm: 7082 5089 2089 41 0 3161 0
Current children cumulated CPU time: 0.3 s
Current children cumulated vsize: 55236 KiB
Current children cumulated memory: 33968 KiB

[startup+0.700349 s]
/proc/loadavg: 14.15 14.20 13.30 17/830 1606765
/proc/meminfo: memFree=373883616/528004520 swapFree=8388604/8388604
[pid=1606676] ppid=1606674 vsize=26908 memory=13612 CPUtime=0.08 cores=12-13
/proc/1606676/stat : 1606676 (perf) S 1606674 1606676 1606261 0 -1 0 1738 237 0 0 5 3 0 0 20 0 1 0 923003542 27553792 3403 17179869184 93824994299904 93824996572973 140737488338256 0 0 0 134217728 4 74274 1 0 0 17 12 0 0 0 0 0 93824998874888 93825001005840 93825001308160 140737488340073 140737488340470 140737488340470 140737488351179 0
/proc/1606676/statm: 6727 3403 2098 555 0 1769 0
[pid=1606707] ppid=1606676 vsize=31652 memory=23524 CPUtime=0.55 cores=12-13
/proc/1606707/stat : 1606707 (clingo) R 1606676 1606676 1606261 0 -1 0 4140 0 0 0 55 0 0 0 20 0 1 0 923003550 32411648 5881 17179869184 93824992301056 93824992468925 140737488338416 0 0 0 134217728 4 25184771 0 0 0 17 12 0 0 0 0 0 93824992533936 93824992571272 93824992575488 140737488340183 140737488340354 140737488340354 140737488351170 0
/proc/1606707/statm: 7913 5881 2089 41 0 3992 0
Current children cumulated CPU time: 0.63 s
Current children cumulated vsize: 58560 KiB
Current children cumulated memory: 37136 KiB

[startup+1.50035 s]
/proc/loadavg: 14.29 14.24 13.31 18/804 1606789
/proc/meminfo: memFree=373975356/528004520 swapFree=8388604/8388604
[pid=1606676] ppid=1606674 vsize=26908 memory=13612 CPUtime=0.08 cores=12-13
/proc/1606676/stat : 1606676 (perf) S 1606674 1606676 1606261 0 -1 0 1738 237 0 0 5 3 0 0 20 0 1 0 923003542 27553792 3403 17179869184 93824994299904 93824996572973 140737488338256 0 0 0 134217728 4 74274 1 0 0 17 12 0 0 0 0 0 93824998874888 93825001005840 93825001308160 140737488340073 140737488340470 140737488340470 140737488351179 0
/proc/1606676/statm: 6727 3403 2098 555 0 1769 0
[pid=1606707] ppid=1606676 vsize=37148 memory=29068 CPUtime=1.35 cores=12-13
/proc/1606707/stat : 1606707 (clingo) R 1606676 1606676 1606261 0 -1 0 5514 0 0 0 134 1 0 0 20 0 1 0 923003550 38039552 7267 17179869184 93824992301056 93824992468925 140737488338416 0 0 0 134217728 4 25184771 0 0 0 17 12 0 0 0 0 0 93824992533936 93824992571272 93824992575488 140737488340183 140737488340354 140737488340354 140737488351170 0
/proc/1606707/statm: 9287 7267 2089 41 0 5366 0
Current children cumulated CPU time: 1.43 s
Current children cumulated vsize: 64056 KiB
Current children cumulated memory: 42680 KiB

[startup+1.76667 s]
# the end of solver process 1606676 was just reported to runsolver
# cumulated CPU time of all completed processes:  user=1.66796 s, system=0.042641 s

Solver just ended.
??? end of watcher thread
Dumping a history of the last processes samples

[startup+1.60027 s]
/proc/loadavg: 14.29 14.24 13.31 18/804 1606789
/proc/meminfo: memFree=373975356/528004520 swapFree=8388604/8388604
[pid=1606676] ppid=1606674 vsize=26908 memory=13612 CPUtime=0.08 cores=12-13
/proc/1606676/stat : 1606676 (perf) S 1606674 1606676 1606261 0 -1 0 1738 237 0 0 5 3 0 0 20 0 1 0 923003542 27553792 3403 17179869184 93824994299904 93824996572973 140737488338256 0 0 0 134217728 4 74274 1 0 0 17 12 0 0 0 0 0 93824998874888 93825001005840 93825001308160 140737488340073 140737488340470 140737488340470 140737488351179 0
/proc/1606676/statm: 6727 3403 2098 555 0 1769 0
[pid=1606707] ppid=1606676 vsize=37280 memory=29332 CPUtime=1.45 cores=12-13
/proc/1606707/stat : 1606707 (clingo) R 1606676 1606676 1606261 0 -1 0 5558 0 0 0 144 1 0 0 20 0 1 0 923003550 38174720 7333 17179869184 93824992301056 93824992468925 140737488338416 0 0 0 134217728 4 25184771 0 0 0 17 12 0 0 0 0 0 93824992533936 93824992571272 93824992575488 140737488340183 140737488340354 140737488340354 140737488351170 0
/proc/1606707/statm: 9320 7333 2089 41 0 5399 0
Current children cumulated CPU time: 1.53 s
Current children cumulated vsize: 64188 KiB
Current children cumulated memory: 42944 KiB

[startup+1.70021 s]
/proc/loadavg: 14.29 14.24 13.31 18/804 1606789
/proc/meminfo: memFree=373975356/528004520 swapFree=8388604/8388604
[pid=1606676] ppid=1606674 vsize=26908 memory=13612 CPUtime=0.08 cores=12-13
/proc/1606676/stat : 1606676 (perf) S 1606674 1606676 1606261 0 -1 0 1738 237 0 0 5 3 0 0 20 0 1 0 923003542 27553792 3403 17179869184 93824994299904 93824996572973 140737488338256 0 0 0 134217728 4 74274 1 0 0 17 12 0 0 0 0 0 93824998874888 93825001005840 93825001308160 140737488340073 140737488340470 140737488340470 140737488351179 0
/proc/1606676/statm: 6727 3403 2098 555 0 1769 0
[pid=1606707] ppid=1606676 vsize=37816 memory=29860 CPUtime=1.55 cores=12-13
/proc/1606707/stat : 1606707 (clingo) R 1606676 1606676 1606261 0 -1 0 5692 0 0 0 154 1 0 0 20 0 1 0 923003550 38723584 7465 17179869184 93824992301056 93824992468925 140737488338416 0 0 0 134217728 4 25184771 0 0 0 17 12 0 0 0 0 0 93824992533936 93824992571272 93824992575488 140737488340183 140737488340354 140737488340354 140737488351170 0
/proc/1606707/statm: 9454 7465 2089 41 0 5533 0
Current children cumulated CPU time: 1.63 s
Current children cumulated vsize: 64724 KiB
Current children cumulated memory: 43472 KiB

Child status: 10
Real time (s): 1.76669
CPU time (s): 1.7106
CPU user time (s): 1.66796
CPU system time (s): 0.042641
CPU usage (%): 96.8252
Max. virtual memory (cumulated for all children) (KiB): 64724
Max. memory (cumulated for all children) (KiB): 43472

getrusage(RUSAGE_CHILDREN,...) data:
user time used= 1.66796
system time used= 0.042641
maximum resident set size= 30388
integral shared memory size= 0
integral unshared data size= 0
integral unshared stack size= 0
page reclaims= 7870
page faults= 0
swaps= 0
block input operations= 0
block output operations= 0
messages sent= 0
messages received= 0
signals received= 0
voluntary context switches= 17
involuntary context switches= 17


# summary of solver processes directly reported to runsolver:
#   pid: 1606676
#   total CPU time (s): 1.7106
#   total CPU user time (s): 1.66796
#   total CPU system time (s): 0.042641

??? end of timestamper thread
runsolver used 0.062637 second user time and 0.091868 second system time

The end
