runsolver version 3.4.0 (svn: 3018) Copyright (C) 2010-2013 Olivier ROUSSEL

This program is distributed in the hope that it will be useful,
but WITHOUT ANY WARRANTY; without even the implied warranty of
MERCHANTABILITY or FITNESS FOR A PARTICULAR PURPOSE.  See the
GNU General Public License for more details.

NUMA information:
  number of nodes: 2
  memory of node 0: 257587 MiB (124386 MiB free)
  memory of node 1: 258041 MiB (153221 MiB free)
  node distances:
     10  20
     20  10

command line: /dev/shm/374a48de-2e81-11f1-ac62-000c298f4621/input/runsolver -w /dev/shm/374a48de-2e81-11f1-ac62-000c298f4621/output/runsolver.log -v /dev/shm/374a48de-2e81-11f1-ac62-000c298f4621/output/varfile.log -W 1205 --rss-swap-limit 16384 -d 5 --sigint /usr/bin/perf stat -B -e task-clock,cache-references,cache-misses,cycles,instructions,branches,faults,migrations,context-switches -o /dev/shm/374a48de-2e81-11f1-ac62-000c298f4621/output/perf.log clingo /home/guests/mmacri/AMOSUM/benchmarks/GraphColouring/encoding-plain-amo.asp /dev/shm/374a48de-2e81-11f1-ac62-000c298f4621/input/0017-graph_colouring-130-0_4992.asp 

running on 2 cores: 22-23

Enforcing wall clock limit (soft limit, will send SIGTERM then SIGKILL): 1205 seconds
Enforcing RSS+Swap limit (soft limit, will send SIGTERM then SIGKILL): 16777216 KiB
Linux 5.15.0-131-generic
Current StackSize limit: 8192 KiB

solver pid=2927485, runsolver pid=2927482

[startup+0.100068 s]*
/proc/loadavg: 14.00 14.19 13.25 15/792 2927514
/proc/meminfo: memFree=284254372/528004512 swapFree=8388604/8388604
[pid=2927485] ppid=2927482 vsize=26908 memory=13612 CPUtime=0.07 cores=22-23
/proc/2927485/stat : 2927485 (perf) S 2927482 2927485 2927283 0 -1 0 1737 237 0 0 6 1 0 0 20 0 1 0 912536247 27553792 3403 17179869184 93824994299904 93824996572973 140737488338256 0 0 0 134217728 4 74274 1 0 0 17 22 0 0 0 0 0 93824998874888 93825001005840 93825001308160 140737488340073 140737488340470 140737488340470 140737488351179 0
/proc/2927485/statm: 6727 3403 2098 555 0 1769 0
[pid=2927507] ppid=2927485 vsize=20148 memory=11816 CPUtime=0.03 cores=22-23
/proc/2927507/stat : 2927507 (clingo) R 2927485 2927485 2927283 0 -1 0 1244 0 0 0 3 0 0 0 20 0 1 0 912536255 20631552 2954 17179869184 93824992301056 93824992468925 140737488338416 0 0 0 134217728 4 25184771 0 0 0 17 23 0 0 0 0 0 93824992533936 93824992571272 93824992575488 140737488340183 140737488340354 140737488340354 140737488351170 0
/proc/2927507/statm: 5037 2954 2073 41 0 1116 0
Current children cumulated CPU time: 0.1 s
Current children cumulated vsize: 47056 KiB
Current children cumulated memory: 25428 KiB

[startup+0.234225 s]*
/proc/loadavg: 14.00 14.19 13.25 16/805 2927619
/proc/meminfo: memFree=284184188/528004512 swapFree=8388604/8388604
[pid=2927485] ppid=2927482 vsize=26908 memory=13612 CPUtime=0.07 cores=22-23
/proc/2927485/stat : 2927485 (perf) S 2927482 2927485 2927283 0 -1 0 1737 237 0 0 6 1 0 0 20 0 1 0 912536247 27553792 3403 17179869184 93824994299904 93824996572973 140737488338256 0 0 0 134217728 4 74274 1 0 0 17 22 0 0 0 0 0 93824998874888 93825001005840 93825001308160 140737488340073 140737488340470 140737488340470 140737488351179 0
/proc/2927485/statm: 6727 3403 2098 555 0 1769 0
[pid=2927507] ppid=2927485 vsize=24900 memory=16892 CPUtime=0.14 cores=22-23
/proc/2927507/stat : 2927507 (clingo) R 2927485 2927485 2927283 0 -1 0 2439 0 0 0 14 0 0 0 20 0 1 0 912536255 25497600 4223 17179869184 93824992301056 93824992468925 140737488338416 0 0 0 134217728 4 25184771 0 0 0 17 22 0 0 0 0 0 93824992533936 93824992571272 93824992575488 140737488340183 140737488340354 140737488340354 140737488351170 0
/proc/2927507/statm: 6225 4223 2089 41 0 2304 0
Current children cumulated CPU time: 0.21 s
Current children cumulated vsize: 51808 KiB
Current children cumulated memory: 30504 KiB

[startup+0.319254 s]*
/proc/loadavg: 14.00 14.19 13.25 14/813 2927644
/proc/meminfo: memFree=284255340/528004512 swapFree=8388604/8388604
[pid=2927485] ppid=2927482 vsize=26908 memory=13612 CPUtime=0.07 cores=22-23
/proc/2927485/stat : 2927485 (perf) S 2927482 2927485 2927283 0 -1 0 1737 237 0 0 6 1 0 0 20 0 1 0 912536247 27553792 3403 17179869184 93824994299904 93824996572973 140737488338256 0 0 0 134217728 4 74274 1 0 0 17 22 0 0 0 0 0 93824998874888 93825001005840 93825001308160 140737488340073 140737488340470 140737488340470 140737488351179 0
/proc/2927485/statm: 6727 3403 2098 555 0 1769 0
[pid=2927507] ppid=2927485 vsize=25824 memory=17684 CPUtime=0.22 cores=22-23
/proc/2927507/stat : 2927507 (clingo) R 2927485 2927485 2927283 0 -1 0 2695 0 0 0 22 0 0 0 20 0 1 0 912536255 26443776 4421 17179869184 93824992301056 93824992468925 140737488338416 0 0 0 134217728 4 25184771 0 0 0 17 22 0 0 0 0 0 93824992533936 93824992571272 93824992575488 140737488340183 140737488340354 140737488340354 140737488351170 0
/proc/2927507/statm: 6456 4421 2089 41 0 2535 0
Current children cumulated CPU time: 0.29 s
Current children cumulated vsize: 52732 KiB
Current children cumulated memory: 31296 KiB

[startup+0.700332 s]
/proc/loadavg: 14.00 14.19 13.25 15/804 2927703
/proc/meminfo: memFree=284265672/528004512 swapFree=8388604/8388604
[pid=2927485] ppid=2927482 vsize=26908 memory=13612 CPUtime=0.07 cores=22-23
/proc/2927485/stat : 2927485 (perf) S 2927482 2927485 2927283 0 -1 0 1737 237 0 0 6 1 0 0 20 0 1 0 912536247 27553792 3403 17179869184 93824994299904 93824996572973 140737488338256 0 0 0 134217728 4 74274 1 0 0 17 22 0 0 0 0 0 93824998874888 93825001005840 93825001308160 140737488340073 140737488340470 140737488340470 140737488351179 0
/proc/2927485/statm: 6727 3403 2098 555 0 1769 0
[pid=2927507] ppid=2927485 vsize=27676 memory=19532 CPUtime=0.58 cores=22-23
/proc/2927507/stat : 2927507 (clingo) R 2927485 2927485 2927283 0 -1 0 3159 0 0 0 58 0 0 0 20 0 1 0 912536255 28340224 4883 17179869184 93824992301056 93824992468925 140737488338416 0 0 0 134217728 4 25184771 0 0 0 17 22 0 0 0 0 0 93824992533936 93824992571272 93824992575488 140737488340183 140737488340354 140737488340354 140737488351170 0
/proc/2927507/statm: 6919 4883 2089 41 0 2998 0
Current children cumulated CPU time: 0.65 s
Current children cumulated vsize: 54584 KiB
Current children cumulated memory: 33144 KiB

[startup+1.50034 s]
/proc/loadavg: 14.00 14.19 13.25 16/807 2927770
/proc/meminfo: memFree=284365320/528004512 swapFree=8388604/8388604
[pid=2927485] ppid=2927482 vsize=26908 memory=13612 CPUtime=0.07 cores=22-23
/proc/2927485/stat : 2927485 (perf) S 2927482 2927485 2927283 0 -1 0 1737 237 0 0 6 1 0 0 20 0 1 0 912536247 27553792 3403 17179869184 93824994299904 93824996572973 140737488338256 0 0 0 134217728 4 74274 1 0 0 17 22 0 0 0 0 0 93824998874888 93825001005840 93825001308160 140737488340073 140737488340470 140737488340470 140737488351179 0
/proc/2927485/statm: 6727 3403 2098 555 0 1769 0
[pid=2927507] ppid=2927485 vsize=29296 memory=21116 CPUtime=1.38 cores=22-23
/proc/2927507/stat : 2927507 (clingo) R 2927485 2927485 2927283 0 -1 0 3556 0 0 0 138 0 0 0 20 0 1 0 912536255 29999104 5279 17179869184 93824992301056 93824992468925 140737488338416 0 0 0 134217728 4 25184771 0 0 0 17 22 0 0 0 0 0 93824992533936 93824992571272 93824992575488 140737488340183 140737488340354 140737488340354 140737488351170 0
/proc/2927507/statm: 7324 5279 2089 41 0 3403 0
Current children cumulated CPU time: 1.45 s
Current children cumulated vsize: 56204 KiB
Current children cumulated memory: 34728 KiB

[startup+3.11847 s]
/proc/loadavg: 14.00 14.19 13.25 16/823 2927998
/proc/meminfo: memFree=284331564/528004512 swapFree=8388604/8388604
[pid=2927485] ppid=2927482 vsize=26908 memory=13612 CPUtime=0.07 cores=22-23
/proc/2927485/stat : 2927485 (perf) S 2927482 2927485 2927283 0 -1 0 1737 237 0 0 6 1 0 0 20 0 1 0 912536247 27553792 3403 17179869184 93824994299904 93824996572973 140737488338256 0 0 0 134217728 4 74274 1 0 0 17 22 0 0 0 0 0 93824998874888 93825001005840 93825001308160 140737488340073 140737488340470 140737488340470 140737488351179 0
/proc/2927485/statm: 6727 3403 2098 555 0 1769 0
[pid=2927507] ppid=2927485 vsize=32076 memory=24020 CPUtime=3 cores=22-23
/proc/2927507/stat : 2927507 (clingo) R 2927485 2927485 2927283 0 -1 0 4232 0 0 0 300 0 0 0 20 0 1 0 912536255 32845824 6005 17179869184 93824992301056 93824992468925 140737488338416 0 0 0 134217728 4 25184771 0 0 0 17 22 0 0 0 0 0 93824992533936 93824992571272 93824992575488 140737488340183 140737488340354 140737488340354 140737488351170 0
/proc/2927507/statm: 8019 6005 2089 41 0 4098 0
Current children cumulated CPU time: 3.07 s
Current children cumulated vsize: 58984 KiB
Current children cumulated memory: 37632 KiB

[startup+6.30028 s]
/proc/loadavg: 14.00 14.19 13.25 16/823 2927998
/proc/meminfo: memFree=284287944/528004512 swapFree=8388604/8388604
[pid=2927485] ppid=2927482 vsize=26908 memory=13612 CPUtime=0.07 cores=22-23
/proc/2927485/stat : 2927485 (perf) S 2927482 2927485 2927283 0 -1 0 1737 237 0 0 6 1 0 0 20 0 1 0 912536247 27553792 3403 17179869184 93824994299904 93824996572973 140737488338256 0 0 0 134217728 4 74274 1 0 0 17 22 0 0 0 0 0 93824998874888 93825001005840 93825001308160 140737488340073 140737488340470 140737488340470 140737488351179 0
/proc/2927485/statm: 6727 3403 2098 555 0 1769 0
[pid=2927507] ppid=2927485 vsize=35732 memory=27452 CPUtime=6.19 cores=22-23
/proc/2927507/stat : 2927507 (clingo) R 2927485 2927485 2927283 0 -1 0 5121 0 0 0 618 1 0 0 20 0 1 0 912536255 36589568 6863 17179869184 93824992301056 93824992468925 140737488338416 0 0 0 134217728 4 25184771 0 0 0 17 22 0 0 0 0 0 93824992533936 93824992571272 93824992575488 140737488340183 140737488340354 140737488340354 140737488351170 0
/proc/2927507/statm: 8933 6863 2089 41 0 5012 0
Current children cumulated CPU time: 6.26 s
Current children cumulated vsize: 62640 KiB
Current children cumulated memory: 41064 KiB

[startup+12.7003 s]
/proc/loadavg: 14.00 14.18 13.26 16/823 2927998
/proc/meminfo: memFree=284234564/528004512 swapFree=8388604/8388604
[pid=2927485] ppid=2927482 vsize=26908 memory=13612 CPUtime=0.07 cores=22-23
/proc/2927485/stat : 2927485 (perf) S 2927482 2927485 2927283 0 -1 0 1737 237 0 0 6 1 0 0 20 0 1 0 912536247 27553792 3403 17179869184 93824994299904 93824996572973 140737488338256 0 0 0 134217728 4 74274 1 0 0 17 22 0 0 0 0 0 93824998874888 93825001005840 93825001308160 140737488340073 140737488340470 140737488340470 140737488351179 0
/proc/2927485/statm: 6727 3403 2098 555 0 1769 0
[pid=2927507] ppid=2927485 vsize=39308 memory=30884 CPUtime=12.59 cores=22-23
/proc/2927507/stat : 2927507 (clingo) R 2927485 2927485 2927283 0 -1 0 5953 0 0 0 1258 1 0 0 20 0 1 0 912536255 40251392 7721 17179869184 93824992301056 93824992468925 140737488338416 0 0 0 134217728 4 25184771 0 0 0 17 22 0 0 0 0 0 93824992533936 93824992571272 93824992575488 140737488340183 140737488340354 140737488340354 140737488351170 0
/proc/2927507/statm: 9827 7721 2089 41 0 5906 0
Current children cumulated CPU time: 12.66 s
Current children cumulated vsize: 66216 KiB
Current children cumulated memory: 44496 KiB

[startup+25.5004 s]
/proc/loadavg: 14.00 14.17 13.27 16/824 2928000
/proc/meminfo: memFree=284167976/528004512 swapFree=8388604/8388604
[pid=2927485] ppid=2927482 vsize=26908 memory=13612 CPUtime=0.07 cores=22-23
/proc/2927485/stat : 2927485 (perf) S 2927482 2927485 2927283 0 -1 0 1737 237 0 0 6 1 0 0 20 0 1 0 912536247 27553792 3403 17179869184 93824994299904 93824996572973 140737488338256 0 0 0 134217728 4 74274 1 0 0 17 22 0 0 0 0 0 93824998874888 93825001005840 93825001308160 140737488340073 140737488340470 140737488340470 140737488351179 0
/proc/2927485/statm: 6727 3403 2098 555 0 1769 0
[pid=2927507] ppid=2927485 vsize=43980 memory=35108 CPUtime=25.39 cores=22-23
/proc/2927507/stat : 2927507 (clingo) R 2927485 2927485 2927283 0 -1 0 7046 0 0 0 2538 1 0 0 20 0 1 0 912536255 45035520 8777 17179869184 93824992301056 93824992468925 140737488338416 0 0 0 134217728 4 25184771 0 0 0 17 22 0 0 0 0 0 93824992533936 93824992571272 93824992575488 140737488340183 140737488340354 140737488340354 140737488351170 0
/proc/2927507/statm: 10995 8777 2089 41 0 7074 0
Current children cumulated CPU time: 25.46 s
Current children cumulated vsize: 70888 KiB
Current children cumulated memory: 48720 KiB

[startup+51.1186 s]
/proc/loadavg: 14.07 14.18 13.30 16/823 2928000
/proc/meminfo: memFree=284082736/528004512 swapFree=8388604/8388604
[pid=2927485] ppid=2927482 vsize=26908 memory=13612 CPUtime=0.07 cores=22-23
/proc/2927485/stat : 2927485 (perf) S 2927482 2927485 2927283 0 -1 0 1737 237 0 0 6 1 0 0 20 0 1 0 912536247 27553792 3403 17179869184 93824994299904 93824996572973 140737488338256 0 0 0 134217728 4 74274 1 0 0 17 22 0 0 0 0 0 93824998874888 93825001005840 93825001308160 140737488340073 140737488340470 140737488340470 140737488351179 0
/proc/2927485/statm: 6727 3403 2098 555 0 1769 0
[pid=2927507] ppid=2927485 vsize=50392 memory=41444 CPUtime=51 cores=22-23
/proc/2927507/stat : 2927507 (clingo) R 2927485 2927485 2927283 0 -1 0 8582 0 0 0 5099 1 0 0 20 0 1 0 912536255 51601408 10361 17179869184 93824992301056 93824992468925 140737488338416 0 0 0 134217728 4 25184771 0 0 0 17 22 0 0 0 0 0 93824992533936 93824992571272 93824992575488 140737488340183 140737488340354 140737488340354 140737488351170 0
/proc/2927507/statm: 12598 10361 2089 41 0 8677 0
Current children cumulated CPU time: 51.07 s
Current children cumulated vsize: 77300 KiB
Current children cumulated memory: 55056 KiB

[startup+102.3 s]
/proc/loadavg: 14.03 14.15 13.34 16/824 2928047
/proc/meminfo: memFree=283956264/528004512 swapFree=8388604/8388604
[pid=2927485] ppid=2927482 vsize=26908 memory=13612 CPUtime=0.07 cores=22-23
/proc/2927485/stat : 2927485 (perf) S 2927482 2927485 2927283 0 -1 0 1737 237 0 0 6 1 0 0 20 0 1 0 912536247 27553792 3403 17179869184 93824994299904 93824996572973 140737488338256 0 0 0 134217728 4 74274 1 0 0 17 22 0 0 0 0 0 93824998874888 93825001005840 93825001308160 140737488340073 140737488340470 140737488340470 140737488351179 0
/proc/2927485/statm: 6727 3403 2098 555 0 1769 0
[pid=2927507] ppid=2927485 vsize=59396 memory=49500 CPUtime=102.18 cores=22-23
/proc/2927507/stat : 2927507 (clingo) R 2927485 2927485 2927283 0 -1 0 10748 0 0 0 10217 1 0 0 20 0 1 0 912536255 60821504 12375 17179869184 93824992301056 93824992468925 140737488338416 0 0 0 134217728 4 25184771 0 0 0 17 22 0 0 0 0 0 93824992533936 93824992571272 93824992575488 140737488340183 140737488340354 140737488340354 140737488351170 0
/proc/2927507/statm: 14849 12375 2089 41 0 10928 0
Current children cumulated CPU time: 102.25 s
Current children cumulated vsize: 86304 KiB
Current children cumulated memory: 63112 KiB

[startup+162.3 s]
/proc/loadavg: 14.27 14.18 13.40 16/823 2928050
/proc/meminfo: memFree=283855740/528004512 swapFree=8388604/8388604
[pid=2927485] ppid=2927482 vsize=26908 memory=13612 CPUtime=0.07 cores=22-23
/proc/2927485/stat : 2927485 (perf) S 2927482 2927485 2927283 0 -1 0 1737 237 0 0 6 1 0 0 20 0 1 0 912536247 27553792 3403 17179869184 93824994299904 93824996572973 140737488338256 0 0 0 134217728 4 74274 1 0 0 17 22 0 0 0 0 0 93824998874888 93825001005840 93825001308160 140737488340073 140737488340470 140737488340470 140737488351179 0
/proc/2927485/statm: 6727 3403 2098 555 0 1769 0
[pid=2927507] ppid=2927485 vsize=69268 memory=58380 CPUtime=162.18 cores=22-23
/proc/2927507/stat : 2927507 (clingo) R 2927485 2927485 2927283 0 -1 0 13143 0 0 0 16216 2 0 0 20 0 1 0 912536255 70930432 14595 17179869184 93824992301056 93824992468925 140737488338416 0 0 0 134217728 4 25184771 0 0 0 17 22 0 0 0 0 0 93824992533936 93824992571272 93824992575488 140737488340183 140737488340354 140737488340354 140737488351170 0
/proc/2927507/statm: 17317 14595 2089 41 0 13396 0
Current children cumulated CPU time: 162.25 s
Current children cumulated vsize: 96176 KiB
Current children cumulated memory: 71992 KiB

[startup+222.3 s]
/proc/loadavg: 14.10 14.15 13.44 16/823 2928053
/proc/meminfo: memFree=283773028/528004512 swapFree=8388604/8388604
[pid=2927485] ppid=2927482 vsize=26908 memory=13612 CPUtime=0.07 cores=22-23
/proc/2927485/stat : 2927485 (perf) S 2927482 2927485 2927283 0 -1 0 1737 237 0 0 6 1 0 0 20 0 1 0 912536247 27553792 3403 17179869184 93824994299904 93824996572973 140737488338256 0 0 0 134217728 4 74274 1 0 0 17 22 0 0 0 0 0 93824998874888 93825001005840 93825001308160 140737488340073 140737488340470 140737488340470 140737488351179 0
/proc/2927485/statm: 6727 3403 2098 555 0 1769 0
[pid=2927507] ppid=2927485 vsize=74324 memory=63132 CPUtime=222.18 cores=22-23
/proc/2927507/stat : 2927507 (clingo) R 2927485 2927485 2927283 0 -1 0 14341 0 0 0 22215 3 0 0 20 0 1 0 912536255 76107776 15783 17179869184 93824992301056 93824992468925 140737488338416 0 0 0 134217728 4 25184771 0 0 0 17 22 0 0 0 0 0 93824992533936 93824992571272 93824992575488 140737488340183 140737488340354 140737488340354 140737488351170 0
/proc/2927507/statm: 18581 15783 2089 41 0 14660 0
Current children cumulated CPU time: 222.25 s
Current children cumulated vsize: 101232 KiB
Current children cumulated memory: 76744 KiB

[startup+282.3 s]
/proc/loadavg: 14.10 14.13 13.49 16/823 2928056
/proc/meminfo: memFree=283692640/528004512 swapFree=8388604/8388604
[pid=2927485] ppid=2927482 vsize=26908 memory=13612 CPUtime=0.07 cores=22-23
/proc/2927485/stat : 2927485 (perf) S 2927482 2927485 2927283 0 -1 0 1737 237 0 0 6 1 0 0 20 0 1 0 912536247 27553792 3403 17179869184 93824994299904 93824996572973 140737488338256 0 0 0 134217728 4 74274 1 0 0 17 22 0 0 0 0 0 93824998874888 93825001005840 93825001308160 140737488340073 140737488340470 140737488340470 140737488351179 0
/proc/2927485/statm: 6727 3403 2098 555 0 1769 0
[pid=2927507] ppid=2927485 vsize=77804 memory=66300 CPUtime=282.18 cores=22-23
/proc/2927507/stat : 2927507 (clingo) R 2927485 2927485 2927283 0 -1 0 15166 0 0 0 28215 3 0 0 20 0 1 0 912536255 79671296 16575 17179869184 93824992301056 93824992468925 140737488338416 0 0 0 134217728 4 25184771 0 0 0 17 22 0 0 0 0 0 93824992533936 93824992571272 93824992575488 140737488340183 140737488340354 140737488340354 140737488351170 0
/proc/2927507/statm: 19451 16575 2089 41 0 15530 0
Current children cumulated CPU time: 282.25 s
Current children cumulated vsize: 104712 KiB
Current children cumulated memory: 79912 KiB

[startup+342.3 s]
/proc/loadavg: 14.35 14.22 13.56 16/808 2928060
/proc/meminfo: memFree=283620372/528004512 swapFree=8388604/8388604
[pid=2927485] ppid=2927482 vsize=26908 memory=13612 CPUtime=0.07 cores=22-23
/proc/2927485/stat : 2927485 (perf) S 2927482 2927485 2927283 0 -1 0 1737 237 0 0 6 1 0 0 20 0 1 0 912536247 27553792 3403 17179869184 93824994299904 93824996572973 140737488338256 0 0 0 134217728 4 74274 1 0 0 17 22 0 0 0 0 0 93824998874888 93825001005840 93825001308160 140737488340073 140737488340470 140737488340470 140737488351179 0
/proc/2927485/statm: 6727 3403 2098 555 0 1769 0
[pid=2927507] ppid=2927485 vsize=86768 memory=74272 CPUtime=342.18 cores=22-23
/proc/2927507/stat : 2927507 (clingo) R 2927485 2927485 2927283 0 -1 0 17354 0 0 0 34215 3 0 0 20 0 1 0 912536255 88850432 18568 17179869184 93824992301056 93824992468925 140737488338416 0 0 0 134217728 4 25184771 0 0 0 17 22 0 0 0 0 0 93824992533936 93824992571272 93824992575488 140737488340183 140737488340354 140737488340354 140737488351170 0
/proc/2927507/statm: 21692 18568 2089 41 0 17771 0
Current children cumulated CPU time: 342.25 s
Current children cumulated vsize: 113676 KiB
Current children cumulated memory: 87884 KiB

[startup+402.3 s]
/proc/loadavg: 14.35 14.23 13.61 16/803 2928063
/proc/meminfo: memFree=283563220/528004512 swapFree=8388604/8388604
[pid=2927485] ppid=2927482 vsize=26908 memory=13612 CPUtime=0.07 cores=22-23
/proc/2927485/stat : 2927485 (perf) S 2927482 2927485 2927283 0 -1 0 1737 237 0 0 6 1 0 0 20 0 1 0 912536247 27553792 3403 17179869184 93824994299904 93824996572973 140737488338256 0 0 0 134217728 4 74274 1 0 0 17 22 0 0 0 0 0 93824998874888 93825001005840 93825001308160 140737488340073 140737488340470 140737488340470 140737488351179 0
/proc/2927485/statm: 6727 3403 2098 555 0 1769 0
[pid=2927507] ppid=2927485 vsize=90560 memory=77704 CPUtime=402.18 cores=22-23
/proc/2927507/stat : 2927507 (clingo) R 2927485 2927485 2927283 0 -1 0 18182 0 0 0 40215 3 0 0 20 0 1 0 912536255 92733440 19426 17179869184 93824992301056 93824992468925 140737488338416 0 0 0 134217728 4 25184771 0 0 0 17 22 0 0 0 0 0 93824992533936 93824992571272 93824992575488 140737488340183 140737488340354 140737488340354 140737488351170 0
/proc/2927507/statm: 22640 19426 2089 41 0 18719 0
Current children cumulated CPU time: 402.25 s
Current children cumulated vsize: 117468 KiB
Current children cumulated memory: 91316 KiB

[startup+462.3 s]
/proc/loadavg: 14.16 14.20 13.64 16/803 2928118
/proc/meminfo: memFree=283478568/528004512 swapFree=8388604/8388604
[pid=2927485] ppid=2927482 vsize=26908 memory=13612 CPUtime=0.07 cores=22-23
/proc/2927485/stat : 2927485 (perf) S 2927482 2927485 2927283 0 -1 0 1737 237 0 0 6 1 0 0 20 0 1 0 912536247 27553792 3403 17179869184 93824994299904 93824996572973 140737488338256 0 0 0 134217728 4 74274 1 0 0 17 22 0 0 0 0 0 93824998874888 93825001005840 93825001308160 140737488340073 140737488340470 140737488340470 140737488351179 0
/proc/2927485/statm: 6727 3403 2098 555 0 1769 0
[pid=2927507] ppid=2927485 vsize=97008 memory=82720 CPUtime=462.18 cores=22-23
/proc/2927507/stat : 2927507 (clingo) R 2927485 2927485 2927283 0 -1 0 19478 0 0 0 46215 3 0 0 20 0 1 0 912536255 99336192 20680 17179869184 93824992301056 93824992468925 140737488338416 0 0 0 134217728 4 25184771 0 0 0 17 22 0 0 0 0 0 93824992533936 93824992571272 93824992575488 140737488340183 140737488340354 140737488340354 140737488351170 0
/proc/2927507/statm: 24252 20680 2089 41 0 20331 0
Current children cumulated CPU time: 462.25 s
Current children cumulated vsize: 123916 KiB
Current children cumulated memory: 96332 KiB

[startup+522.3 s]
/proc/loadavg: 14.13 14.18 13.67 16/804 2928123
/proc/meminfo: memFree=283450108/528004512 swapFree=8388604/8388604
[pid=2927485] ppid=2927482 vsize=26908 memory=13612 CPUtime=0.07 cores=22-23
/proc/2927485/stat : 2927485 (perf) S 2927482 2927485 2927283 0 -1 0 1737 237 0 0 6 1 0 0 20 0 1 0 912536247 27553792 3403 17179869184 93824994299904 93824996572973 140737488338256 0 0 0 134217728 4 74274 1 0 0 17 22 0 0 0 0 0 93824998874888 93825001005840 93825001308160 140737488340073 140737488340470 140737488340470 140737488351179 0
/proc/2927485/statm: 6727 3403 2098 555 0 1769 0
[pid=2927507] ppid=2927485 vsize=102132 memory=87208 CPUtime=522.18 cores=22-23
/proc/2927507/stat : 2927507 (clingo) R 2927485 2927485 2927283 0 -1 0 20600 0 0 0 52215 3 0 0 20 0 1 0 912536255 104583168 21802 17179869184 93824992301056 93824992468925 140737488338416 0 0 0 134217728 4 25184771 0 0 0 17 22 0 0 0 0 0 93824992533936 93824992571272 93824992575488 140737488340183 140737488340354 140737488340354 140737488351170 0
/proc/2927507/statm: 25533 21802 2089 41 0 21612 0
Current children cumulated CPU time: 522.25 s
Current children cumulated vsize: 129040 KiB
Current children cumulated memory: 100820 KiB

[startup+582.3 s]
/proc/loadavg: 14.05 14.14 13.69 16/804 2928126
/proc/meminfo: memFree=283406292/528004512 swapFree=8388604/8388604
[pid=2927485] ppid=2927482 vsize=26908 memory=13612 CPUtime=0.07 cores=22-23
/proc/2927485/stat : 2927485 (perf) S 2927482 2927485 2927283 0 -1 0 1737 237 0 0 6 1 0 0 20 0 1 0 912536247 27553792 3403 17179869184 93824994299904 93824996572973 140737488338256 0 0 0 134217728 4 74274 1 0 0 17 22 0 0 0 0 0 93824998874888 93825001005840 93825001308160 140737488340073 140737488340470 140737488340470 140737488351179 0
/proc/2927485/statm: 6727 3403 2098 555 0 1769 0
[pid=2927507] ppid=2927485 vsize=103080 memory=88264 CPUtime=582.18 cores=22-23
/proc/2927507/stat : 2927507 (clingo) R 2927485 2927485 2927283 0 -1 0 20876 0 0 0 58214 4 0 0 20 0 1 0 912536255 105553920 22066 17179869184 93824992301056 93824992468925 140737488338416 0 0 0 134217728 4 25184771 0 0 0 17 22 0 0 0 0 0 93824992533936 93824992571272 93824992575488 140737488340183 140737488340354 140737488340354 140737488351170 0
/proc/2927507/statm: 25770 22066 2089 41 0 21849 0
Current children cumulated CPU time: 582.25 s
Current children cumulated vsize: 129988 KiB
Current children cumulated memory: 101876 KiB

[startup+642.3 s]
/proc/loadavg: 14.55 14.28 13.77 16/804 2928130
/proc/meminfo: memFree=283364088/528004512 swapFree=8388604/8388604
[pid=2927485] ppid=2927482 vsize=26908 memory=13612 CPUtime=0.07 cores=22-23
/proc/2927485/stat : 2927485 (perf) S 2927482 2927485 2927283 0 -1 0 1737 237 0 0 6 1 0 0 20 0 1 0 912536247 27553792 3403 17179869184 93824994299904 93824996572973 140737488338256 0 0 0 134217728 4 74274 1 0 0 17 22 0 0 0 0 0 93824998874888 93825001005840 93825001308160 140737488340073 140737488340470 140737488340470 140737488351179 0
/proc/2927485/statm: 6727 3403 2098 555 0 1769 0
[pid=2927507] ppid=2927485 vsize=105868 memory=91168 CPUtime=642.18 cores=22-23
/proc/2927507/stat : 2927507 (clingo) R 2927485 2927485 2927283 0 -1 0 21562 0 0 0 64214 4 0 0 20 0 1 0 912536255 108408832 22792 17179869184 93824992301056 93824992468925 140737488338416 0 0 0 134217728 4 25184771 0 0 0 17 22 0 0 0 0 0 93824992533936 93824992571272 93824992575488 140737488340183 140737488340354 140737488340354 140737488351170 0
/proc/2927507/statm: 26467 22792 2089 41 0 22546 0
Current children cumulated CPU time: 642.25 s
Current children cumulated vsize: 132776 KiB
Current children cumulated memory: 104780 KiB

[startup+702.3 s]
/proc/loadavg: 14.20 14.23 13.79 16/804 2928133
/proc/meminfo: memFree=283320028/528004512 swapFree=8388604/8388604
[pid=2927485] ppid=2927482 vsize=26908 memory=13612 CPUtime=0.07 cores=22-23
/proc/2927485/stat : 2927485 (perf) S 2927482 2927485 2927283 0 -1 0 1737 237 0 0 6 1 0 0 20 0 1 0 912536247 27553792 3403 17179869184 93824994299904 93824996572973 140737488338256 0 0 0 134217728 4 74274 1 0 0 17 22 0 0 0 0 0 93824998874888 93825001005840 93825001308160 140737488340073 140737488340470 140737488340470 140737488351179 0
/proc/2927485/statm: 6727 3403 2098 555 0 1769 0
[pid=2927507] ppid=2927485 vsize=109800 memory=95132 CPUtime=702.18 cores=22-23
/proc/2927507/stat : 2927507 (clingo) R 2927485 2927485 2927283 0 -1 0 22765 0 0 0 70214 4 0 0 20 0 1 0 912536255 112435200 23783 17179869184 93824992301056 93824992468925 140737488338416 0 0 0 134217728 4 25184771 0 0 0 17 22 0 0 0 0 0 93824992533936 93824992571272 93824992575488 140737488340183 140737488340354 140737488340354 140737488351170 0
/proc/2927507/statm: 27450 23783 2089 41 0 23529 0
Current children cumulated CPU time: 702.25 s
Current children cumulated vsize: 136708 KiB
Current children cumulated memory: 108744 KiB

[startup+762.3 s]
/proc/loadavg: 14.07 14.18 13.81 16/804 2928136
/proc/meminfo: memFree=283279112/528004512 swapFree=8388604/8388604
[pid=2927485] ppid=2927482 vsize=26908 memory=13612 CPUtime=0.07 cores=22-23
/proc/2927485/stat : 2927485 (perf) S 2927482 2927485 2927283 0 -1 0 1737 237 0 0 6 1 0 0 20 0 1 0 912536247 27553792 3403 17179869184 93824994299904 93824996572973 140737488338256 0 0 0 134217728 4 74274 1 0 0 17 22 0 0 0 0 0 93824998874888 93825001005840 93825001308160 140737488340073 140737488340470 140737488340470 140737488351179 0
/proc/2927485/statm: 6727 3403 2098 555 0 1769 0
[pid=2927507] ppid=2927485 vsize=113776 memory=99464 CPUtime=762.18 cores=22-23
/proc/2927507/stat : 2927507 (clingo) R 2927485 2927485 2927283 0 -1 0 24781 0 0 0 76213 5 0 0 20 0 1 0 912536255 116506624 24866 17179869184 93824992301056 93824992468925 140737488338416 0 0 0 134217728 4 25184771 0 0 0 17 22 0 0 0 0 0 93824992533936 93824992571272 93824992575488 140737488340183 140737488340354 140737488340354 140737488351170 0
/proc/2927507/statm: 28444 24866 2089 41 0 24523 0
Current children cumulated CPU time: 762.25 s
Current children cumulated vsize: 140684 KiB
Current children cumulated memory: 113076 KiB

[startup+822.3 s]
/proc/loadavg: 14.23 14.22 13.85 16/803 2928139
/proc/meminfo: memFree=283237296/528004512 swapFree=8388604/8388604
[pid=2927485] ppid=2927482 vsize=26908 memory=13612 CPUtime=0.07 cores=22-23
/proc/2927485/stat : 2927485 (perf) S 2927482 2927485 2927283 0 -1 0 1737 237 0 0 6 1 0 0 20 0 1 0 912536247 27553792 3403 17179869184 93824994299904 93824996572973 140737488338256 0 0 0 134217728 4 74274 1 0 0 17 22 0 0 0 0 0 93824998874888 93825001005840 93825001308160 140737488340073 140737488340470 140737488340470 140737488351179 0
/proc/2927485/statm: 6727 3403 2098 555 0 1769 0
[pid=2927507] ppid=2927485 vsize=118336 memory=103852 CPUtime=822.18 cores=22-23
/proc/2927507/stat : 2927507 (clingo) R 2927485 2927485 2927283 0 -1 0 26103 0 0 0 82212 6 0 0 20 0 1 0 912536255 121176064 25963 17179869184 93824992301056 93824992468925 140737488338416 0 0 0 134217728 4 25184771 0 0 0 17 22 0 0 0 0 0 93824992533936 93824992571272 93824992575488 140737488340183 140737488340354 140737488340354 140737488351170 0
/proc/2927507/statm: 29584 25963 2089 41 0 25663 0
Current children cumulated CPU time: 822.25 s
Current children cumulated vsize: 145244 KiB
Current children cumulated memory: 117464 KiB

[startup+882.3 s]
/proc/loadavg: 14.08 14.18 13.86 16/803 2928142
/proc/meminfo: memFree=283199792/528004512 swapFree=8388604/8388604
[pid=2927485] ppid=2927482 vsize=26908 memory=13612 CPUtime=0.07 cores=22-23
/proc/2927485/stat : 2927485 (perf) S 2927482 2927485 2927283 0 -1 0 1737 237 0 0 6 1 0 0 20 0 1 0 912536247 27553792 3403 17179869184 93824994299904 93824996572973 140737488338256 0 0 0 134217728 4 74274 1 0 0 17 22 0 0 0 0 0 93824998874888 93825001005840 93825001308160 140737488340073 140737488340470 140737488340470 140737488351179 0
/proc/2927485/statm: 6727 3403 2098 555 0 1769 0
[pid=2927507] ppid=2927485 vsize=121432 memory=107004 CPUtime=882.18 cores=22-23
/proc/2927507/stat : 2927507 (clingo) R 2927485 2927485 2927283 0 -1 0 27279 0 0 0 88212 6 0 0 20 0 1 0 912536255 124346368 26751 17179869184 93824992301056 93824992468925 140737488338416 0 0 0 134217728 4 25184771 0 0 0 17 22 0 0 0 0 0 93824992533936 93824992571272 93824992575488 140737488340183 140737488340354 140737488340354 140737488351170 0
/proc/2927507/statm: 30358 26751 2089 41 0 26437 0
Current children cumulated CPU time: 882.25 s
Current children cumulated vsize: 148340 KiB
Current children cumulated memory: 120616 KiB

[startup+942.3 s]
/proc/loadavg: 15.22 14.53 14.00 16/804 2928147
/proc/meminfo: memFree=283170872/528004512 swapFree=8388604/8388604
[pid=2927485] ppid=2927482 vsize=26908 memory=13612 CPUtime=0.07 cores=22-23
/proc/2927485/stat : 2927485 (perf) S 2927482 2927485 2927283 0 -1 0 1737 237 0 0 6 1 0 0 20 0 1 0 912536247 27553792 3403 17179869184 93824994299904 93824996572973 140737488338256 0 0 0 134217728 4 74274 1 0 0 17 22 0 0 0 0 0 93824998874888 93825001005840 93825001308160 140737488340073 140737488340470 140737488340470 140737488351179 0
/proc/2927485/statm: 6727 3403 2098 555 0 1769 0
[pid=2927507] ppid=2927485 vsize=124164 memory=109376 CPUtime=942.18 cores=22-23
/proc/2927507/stat : 2927507 (clingo) R 2927485 2927485 2927283 0 -1 0 27877 0 0 0 94212 6 0 0 20 0 1 0 912536255 127143936 27344 17179869184 93824992301056 93824992468925 140737488338416 0 0 0 134217728 4 25184771 0 0 0 17 22 0 0 0 0 0 93824992533936 93824992571272 93824992575488 140737488340183 140737488340354 140737488340354 140737488351170 0
/proc/2927507/statm: 31041 27344 2089 41 0 27120 0
Current children cumulated CPU time: 942.25 s
Current children cumulated vsize: 151072 KiB
Current children cumulated memory: 122988 KiB

[startup+1002.3 s]
/proc/loadavg: 14.45 14.43 14.00 16/805 2928151
/proc/meminfo: memFree=283125528/528004512 swapFree=8388604/8388604
[pid=2927485] ppid=2927482 vsize=26908 memory=13612 CPUtime=0.07 cores=22-23
/proc/2927485/stat : 2927485 (perf) S 2927482 2927485 2927283 0 -1 0 1737 237 0 0 6 1 0 0 20 0 1 0 912536247 27553792 3403 17179869184 93824994299904 93824996572973 140737488338256 0 0 0 134217728 4 74274 1 0 0 17 22 0 0 0 0 0 93824998874888 93825001005840 93825001308160 140737488340073 140737488340470 140737488340470 140737488351179 0
/proc/2927485/statm: 6727 3403 2098 555 0 1769 0
[pid=2927507] ppid=2927485 vsize=125724 memory=111016 CPUtime=1002.18 cores=22-23
/proc/2927507/stat : 2927507 (clingo) R 2927485 2927485 2927283 0 -1 0 28349 0 0 0 100211 7 0 0 20 0 1 0 912536255 128741376 27754 17179869184 93824992301056 93824992468925 140737488338416 0 0 0 134217728 4 25184771 0 0 0 17 22 0 0 0 0 0 93824992533936 93824992571272 93824992575488 140737488340183 140737488340354 140737488340354 140737488351170 0
/proc/2927507/statm: 31431 27754 2089 41 0 27510 0
Current children cumulated CPU time: 1002.25 s
Current children cumulated vsize: 152632 KiB
Current children cumulated memory: 124628 KiB

[startup+1062.3 s]
/proc/loadavg: 14.16 14.35 14.00 16/805 2928153
/proc/meminfo: memFree=283082436/528004512 swapFree=8388604/8388604
[pid=2927485] ppid=2927482 vsize=26908 memory=13612 CPUtime=0.07 cores=22-23
/proc/2927485/stat : 2927485 (perf) S 2927482 2927485 2927283 0 -1 0 1737 237 0 0 6 1 0 0 20 0 1 0 912536247 27553792 3403 17179869184 93824994299904 93824996572973 140737488338256 0 0 0 134217728 4 74274 1 0 0 17 22 0 0 0 0 0 93824998874888 93825001005840 93825001308160 140737488340073 140737488340470 140737488340470 140737488351179 0
/proc/2927485/statm: 6727 3403 2098 555 0 1769 0
[pid=2927507] ppid=2927485 vsize=131212 memory=115928 CPUtime=1062.18 cores=22-23
/proc/2927507/stat : 2927507 (clingo) R 2927485 2927485 2927283 0 -1 0 29907 0 0 0 106211 7 0 0 20 0 1 0 912536255 134361088 28982 17179869184 93824992301056 93824992468925 140737488338416 0 0 0 134217728 4 25184771 0 0 0 17 22 0 0 0 0 0 93824992533936 93824992571272 93824992575488 140737488340183 140737488340354 140737488340354 140737488351170 0
/proc/2927507/statm: 32803 28982 2089 41 0 28882 0
Current children cumulated CPU time: 1062.25 s
Current children cumulated vsize: 158120 KiB
Current children cumulated memory: 129540 KiB

[startup+1122.3 s]
/proc/loadavg: 14.06 14.29 14.00 16/805 2928156
/proc/meminfo: memFree=283058040/528004512 swapFree=8388604/8388604
[pid=2927485] ppid=2927482 vsize=26908 memory=13612 CPUtime=0.07 cores=22-23
/proc/2927485/stat : 2927485 (perf) S 2927482 2927485 2927283 0 -1 0 1737 237 0 0 6 1 0 0 20 0 1 0 912536247 27553792 3403 17179869184 93824994299904 93824996572973 140737488338256 0 0 0 134217728 4 74274 1 0 0 17 22 0 0 0 0 0 93824998874888 93825001005840 93825001308160 140737488340073 140737488340470 140737488340470 140737488351179 0
/proc/2927485/statm: 6727 3403 2098 555 0 1769 0
[pid=2927507] ppid=2927485 vsize=134816 memory=119268 CPUtime=1122.18 cores=22-23
/proc/2927507/stat : 2927507 (clingo) R 2927485 2927485 2927283 0 -1 0 31281 0 0 0 112211 7 0 0 20 0 1 0 912536255 138051584 29817 17179869184 93824992301056 93824992468925 140737488338416 0 0 0 134217728 4 25184771 0 0 0 17 22 0 0 0 0 0 93824992533936 93824992571272 93824992575488 140737488340183 140737488340354 140737488340354 140737488351170 0
/proc/2927507/statm: 33704 29817 2089 41 0 29783 0
Current children cumulated CPU time: 1122.25 s
Current children cumulated vsize: 161724 KiB
Current children cumulated memory: 132880 KiB

[startup+1182.3 s]
/proc/loadavg: 14.02 14.23 14.00 16/805 2928159
/proc/meminfo: memFree=283029060/528004512 swapFree=8388604/8388604
[pid=2927485] ppid=2927482 vsize=26908 memory=13612 CPUtime=0.07 cores=22-23
/proc/2927485/stat : 2927485 (perf) S 2927482 2927485 2927283 0 -1 0 1737 237 0 0 6 1 0 0 20 0 1 0 912536247 27553792 3403 17179869184 93824994299904 93824996572973 140737488338256 0 0 0 134217728 4 74274 1 0 0 17 22 0 0 0 0 0 93824998874888 93825001005840 93825001308160 140737488340073 140737488340470 140737488340470 140737488351179 0
/proc/2927485/statm: 6727 3403 2098 555 0 1769 0
[pid=2927507] ppid=2927485 vsize=139112 memory=122964 CPUtime=1182.18 cores=22-23
/proc/2927507/stat : 2927507 (clingo) R 2927485 2927485 2927283 0 -1 0 32153 0 0 0 118211 7 0 0 20 0 1 0 912536255 142450688 30741 17179869184 93824992301056 93824992468925 140737488338416 0 0 0 134217728 4 25184771 0 0 0 17 22 0 0 0 0 0 93824992533936 93824992571272 93824992575488 140737488340183 140737488340354 140737488340354 140737488351170 0
/proc/2927507/statm: 34778 30741 2089 41 0 30857 0
Current children cumulated CPU time: 1182.25 s
Current children cumulated vsize: 166020 KiB
Current children cumulated memory: 136576 KiB



Maximum wall clock time exceeded: sending SIGTERM then SIGKILL

[startup+1205 s]*
/proc/loadavg: 14.01 14.22 14.00 13/756 2928470
/proc/meminfo: memFree=283626412/528004512 swapFree=8388604/8388604
[pid=2927485] ppid=2927482 vsize=26908 memory=13612 CPUtime=0.07 cores=22-23
/proc/2927485/stat : 2927485 (perf) S 2927482 2927485 2927283 0 -1 0 1737 237 0 0 6 1 0 0 20 0 1 0 912536247 27553792 3403 17179869184 93824994299904 93824996572973 140737488338256 0 0 0 134217728 4 74274 1 0 0 17 22 0 0 0 0 0 93824998874888 93825001005840 93825001308160 140737488340073 140737488340470 140737488340470 140737488351179 0
/proc/2927485/statm: 6727 3403 2098 555 0 1769 0
[pid=2927507] ppid=2927485 vsize=140796 memory=124548 CPUtime=1204.89 cores=22-23
/proc/2927507/stat : 2927507 (clingo) R 2927485 2927485 2927283 0 -1 0 32572 0 0 0 120482 7 0 0 20 0 1 0 912536255 144175104 31137 17179869184 93824992301056 93824992468925 140737488338416 0 0 0 134217728 4 25184771 0 0 0 17 22 0 0 0 0 0 93824992533936 93824992571272 93824992575488 140737488340183 140737488340354 140737488340354 140737488351170 0
/proc/2927507/statm: 35199 31137 2089 41 0 31278 0
Current children cumulated CPU time: 1204.96 s
Current children cumulated vsize: 167704 KiB
Current children cumulated memory: 138160 KiB

Sending SIGINT to process tree (bottom up)
Sleeping 5 seconds

[startup+1205.03 s]
# the end of solver process 2927485 was just reported to runsolver
# cumulated CPU time of all completed processes:  user=1204.9 s, system=0.097661 s

Solver just ended.
??? end of watcher thread
Dumping a history of the last processes samples

Child status: 1
Real time (s): 1205.03
CPU time (s): 1205
CPU user time (s): 1204.9
CPU system time (s): 0.097661
CPU usage (%): 99.9977
Max. virtual memory (cumulated for all children) (KiB): 167704
Max. memory (cumulated for all children) (KiB): 138160

getrusage(RUSAGE_CHILDREN,...) data:
user time used= 1204.9
system time used= 0.097661
maximum resident set size= 124692
integral shared memory size= 0
integral unshared data size= 0
integral unshared stack size= 0
page reclaims= 34586
page faults= 0
swaps= 0
block input operations= 0
block output operations= 0
messages sent= 0
messages received= 0
signals received= 0
voluntary context switches= 18
involuntary context switches= 1012


# summary of solver processes directly reported to runsolver:
#   pid: 2927485
#   total CPU time (s): 1205
#   total CPU user time (s): 1204.9
#   total CPU system time (s): 0.097661

??? end of timestamper thread
runsolver used 9.19148 second user time and 14.7055 second system time

The end
