runsolver version 3.4.0 (svn: 3018) Copyright (C) 2010-2013 Olivier ROUSSEL

This program is distributed in the hope that it will be useful,
but WITHOUT ANY WARRANTY; without even the implied warranty of
MERCHANTABILITY or FITNESS FOR A PARTICULAR PURPOSE.  See the
GNU General Public License for more details.

NUMA information:
  number of nodes: 2
  memory of node 0: 257635 MiB (188799 MiB free)
  memory of node 1: 257994 MiB (176069 MiB free)
  node distances:
     10  20
     20  10

command line: /dev/shm/3795f784-2e81-11f1-ac62-000c298f4621/input/runsolver -w /dev/shm/3795f784-2e81-11f1-ac62-000c298f4621/output/runsolver.log -v /dev/shm/3795f784-2e81-11f1-ac62-000c298f4621/output/varfile.log -W 1205 --rss-swap-limit 16384 -d 5 --sigint /usr/bin/perf stat -B -e task-clock,cache-references,cache-misses,cycles,instructions,branches,faults,migrations,context-switches -o /dev/shm/3795f784-2e81-11f1-ac62-000c298f4621/output/perf.log clingo /home/guests/mmacri/AMOSUM/benchmarks/GraphColouring/encoding-plain-amo.asp /dev/shm/3795f784-2e81-11f1-ac62-000c298f4621/input/0058-graph_colouring-150-0_1440.asp 

running on 2 cores: 6-7

Enforcing wall clock limit (soft limit, will send SIGTERM then SIGKILL): 1205 seconds
Enforcing RSS+Swap limit (soft limit, will send SIGTERM then SIGKILL): 16777216 KiB
Linux 5.15.0-131-generic
Current StackSize limit: 8192 KiB

solver pid=1608585, runsolver pid=1608582

[startup+0.100063 s]*
/proc/loadavg: 14.16 14.26 14.05 19/824 1608612
/proc/meminfo: memFree=373678564/528004520 swapFree=8388604/8388604
[pid=1608585] ppid=1608582 vsize=26908 memory=13612 CPUtime=0.07 cores=6-7
/proc/1608585/stat : 1608585 (perf) S 1608582 1608585 1608244 0 -1 0 1738 237 0 0 7 0 0 0 20 0 1 0 923124131 27553792 3403 17179869184 93824994299904 93824996572973 140737488338256 0 0 0 134217728 4 74274 1 0 0 17 7 0 0 0 0 0 93824998874888 93825001005840 93825001308160 140737488340073 140737488340470 140737488340470 140737488351179 0
/proc/1608585/statm: 6727 3403 2098 555 0 1769 0
[pid=1608606] ppid=1608585 vsize=19912 memory=11796 CPUtime=0.03 cores=6-7
/proc/1608606/stat : 1608606 (clingo) R 1608585 1608585 1608244 0 -1 0 1203 0 0 0 3 0 0 0 20 0 1 0 923124139 20389888 2949 17179869184 93824992301056 93824992468925 140737488338416 0 0 0 134217728 4 25184771 0 0 0 17 6 0 0 0 0 0 93824992533936 93824992571272 93824992575488 140737488340183 140737488340354 140737488340354 140737488351170 0
/proc/1608606/statm: 4978 2949 2044 41 0 1057 0
Current children cumulated CPU time: 0.1 s
Current children cumulated vsize: 46820 KiB
Current children cumulated memory: 25408 KiB

[startup+0.219956 s]*
/proc/loadavg: 14.16 14.26 14.05 15/825 1608648
/proc/meminfo: memFree=373659972/528004520 swapFree=8388604/8388604
[pid=1608585] ppid=1608582 vsize=26908 memory=13612 CPUtime=0.07 cores=6-7
/proc/1608585/stat : 1608585 (perf) S 1608582 1608585 1608244 0 -1 0 1738 237 0 0 7 0 0 0 20 0 1 0 923124131 27553792 3403 17179869184 93824994299904 93824996572973 140737488338256 0 0 0 134217728 4 74274 1 0 0 17 7 0 0 0 0 0 93824998874888 93825001005840 93825001308160 140737488340073 140737488340470 140737488340470 140737488351179 0
/proc/1608585/statm: 6727 3403 2098 555 0 1769 0
[pid=1608606] ppid=1608585 vsize=27228 memory=19092 CPUtime=0.15 cores=6-7
/proc/1608606/stat : 1608606 (clingo) R 1608585 1608585 1608244 0 -1 0 3009 0 0 0 14 1 0 0 20 0 1 0 923124139 27881472 4773 17179869184 93824992301056 93824992468925 140737488338416 0 0 0 134217728 4 25184771 0 0 0 17 6 0 0 0 0 0 93824992533936 93824992571272 93824992575488 140737488340183 140737488340354 140737488340354 140737488351170 0
/proc/1608606/statm: 6807 4773 2089 41 0 2886 0
Current children cumulated CPU time: 0.22 s
Current children cumulated vsize: 54136 KiB
Current children cumulated memory: 32704 KiB

[startup+0.320393 s]*
/proc/loadavg: 14.16 14.26 14.05 15/827 1608650
/proc/meminfo: memFree=373636112/528004520 swapFree=8388604/8388604
[pid=1608585] ppid=1608582 vsize=26908 memory=13612 CPUtime=0.07 cores=6-7
/proc/1608585/stat : 1608585 (perf) S 1608582 1608585 1608244 0 -1 0 1738 237 0 0 7 0 0 0 20 0 1 0 923124131 27553792 3403 17179869184 93824994299904 93824996572973 140737488338256 0 0 0 134217728 4 74274 1 0 0 17 7 0 0 0 0 0 93824998874888 93825001005840 93825001308160 140737488340073 140737488340470 140737488340470 140737488351179 0
/proc/1608585/statm: 6727 3403 2098 555 0 1769 0
[pid=1608606] ppid=1608585 vsize=30000 memory=21732 CPUtime=0.25 cores=6-7
/proc/1608606/stat : 1608606 (clingo) R 1608585 1608585 1608244 0 -1 0 3703 0 0 0 24 1 0 0 20 0 1 0 923124139 30720000 5433 17179869184 93824992301056 93824992468925 140737488338416 0 0 0 134217728 4 25184771 0 0 0 17 6 0 0 0 0 0 93824992533936 93824992571272 93824992575488 140737488340183 140737488340354 140737488340354 140737488351170 0
/proc/1608606/statm: 7500 5433 2089 41 0 3579 0
Current children cumulated CPU time: 0.32 s
Current children cumulated vsize: 56908 KiB
Current children cumulated memory: 35344 KiB

[startup+0.700345 s]
/proc/loadavg: 14.16 14.26 14.05 20/827 1608650
/proc/meminfo: memFree=373613592/528004520 swapFree=8388604/8388604
[pid=1608585] ppid=1608582 vsize=26908 memory=13612 CPUtime=0.07 cores=6-7
/proc/1608585/stat : 1608585 (perf) S 1608582 1608585 1608244 0 -1 0 1738 237 0 0 7 0 0 0 20 0 1 0 923124131 27553792 3403 17179869184 93824994299904 93824996572973 140737488338256 0 0 0 134217728 4 74274 1 0 0 17 7 0 0 0 0 0 93824998874888 93825001005840 93825001308160 140737488340073 140737488340470 140737488340470 140737488351179 0
/proc/1608585/statm: 6727 3403 2098 555 0 1769 0
[pid=1608606] ppid=1608585 vsize=33564 memory=25428 CPUtime=0.6 cores=6-7
/proc/1608606/stat : 1608606 (clingo) R 1608585 1608585 1608244 0 -1 0 4619 0 0 0 59 1 0 0 20 0 1 0 923124139 34369536 6357 17179869184 93824992301056 93824992468925 140737488338416 0 0 0 134217728 4 25184771 0 0 0 17 6 0 0 0 0 0 93824992533936 93824992571272 93824992575488 140737488340183 140737488340354 140737488340354 140737488351170 0
/proc/1608606/statm: 8391 6357 2089 41 0 4470 0
Current children cumulated CPU time: 0.67 s
Current children cumulated vsize: 60472 KiB
Current children cumulated memory: 39040 KiB

[startup+1.50035 s]
/proc/loadavg: 14.23 14.27 14.05 19/829 1608654
/proc/meminfo: memFree=373586456/528004520 swapFree=8388604/8388604
[pid=1608585] ppid=1608582 vsize=26908 memory=13612 CPUtime=0.07 cores=6-7
/proc/1608585/stat : 1608585 (perf) S 1608582 1608585 1608244 0 -1 0 1738 237 0 0 7 0 0 0 20 0 1 0 923124131 27553792 3403 17179869184 93824994299904 93824996572973 140737488338256 0 0 0 134217728 4 74274 1 0 0 17 7 0 0 0 0 0 93824998874888 93825001005840 93825001308160 140737488340073 140737488340470 140737488340470 140737488351179 0
/proc/1608585/statm: 6727 3403 2098 555 0 1769 0
[pid=1608606] ppid=1608585 vsize=38076 memory=29916 CPUtime=1.4 cores=6-7
/proc/1608606/stat : 1608606 (clingo) R 1608585 1608585 1608244 0 -1 0 5717 0 0 0 139 1 0 0 20 0 1 0 923124139 38989824 7479 17179869184 93824992301056 93824992468925 140737488338416 0 0 0 134217728 4 25184771 0 0 0 17 6 0 0 0 0 0 93824992533936 93824992571272 93824992575488 140737488340183 140737488340354 140737488340354 140737488351170 0
/proc/1608606/statm: 9519 7479 2089 41 0 5598 0
Current children cumulated CPU time: 1.47 s
Current children cumulated vsize: 64984 KiB
Current children cumulated memory: 43528 KiB

[startup+1.95622 s]
# the end of solver process 1608585 was just reported to runsolver
# cumulated CPU time of all completed processes:  user=1.93218 s, system=0.023705 s

Solver just ended.
??? end of watcher thread
Dumping a history of the last processes samples

[startup+1.60024 s]
/proc/loadavg: 14.23 14.27 14.05 19/829 1608654
/proc/meminfo: memFree=373586456/528004520 swapFree=8388604/8388604
[pid=1608585] ppid=1608582 vsize=26908 memory=13612 CPUtime=0.07 cores=6-7
/proc/1608585/stat : 1608585 (perf) S 1608582 1608585 1608244 0 -1 0 1738 237 0 0 7 0 0 0 20 0 1 0 923124131 27553792 3403 17179869184 93824994299904 93824996572973 140737488338256 0 0 0 134217728 4 74274 1 0 0 17 7 0 0 0 0 0 93824998874888 93825001005840 93825001308160 140737488340073 140737488340470 140737488340470 140737488351179 0
/proc/1608585/statm: 6727 3403 2098 555 0 1769 0
[pid=1608606] ppid=1608585 vsize=38472 memory=30444 CPUtime=1.5 cores=6-7
/proc/1608606/stat : 1608606 (clingo) R 1608585 1608585 1608244 0 -1 0 5838 0 0 0 149 1 0 0 20 0 1 0 923124139 39395328 7611 17179869184 93824992301056 93824992468925 140737488338416 0 0 0 134217728 4 25184771 0 0 0 17 6 0 0 0 0 0 93824992533936 93824992571272 93824992575488 140737488340183 140737488340354 140737488340354 140737488351170 0
/proc/1608606/statm: 9618 7611 2089 41 0 5697 0
Current children cumulated CPU time: 1.57 s
Current children cumulated vsize: 65380 KiB
Current children cumulated memory: 44056 KiB

[startup+1.80019 s]
/proc/loadavg: 14.23 14.27 14.05 19/829 1608654
/proc/meminfo: memFree=373586456/528004520 swapFree=8388604/8388604
[pid=1608585] ppid=1608582 vsize=26908 memory=13612 CPUtime=0.07 cores=6-7
/proc/1608585/stat : 1608585 (perf) S 1608582 1608585 1608244 0 -1 0 1738 237 0 0 7 0 0 0 20 0 1 0 923124131 27553792 3403 17179869184 93824994299904 93824996572973 140737488338256 0 0 0 134217728 4 74274 1 0 0 17 7 0 0 0 0 0 93824998874888 93825001005840 93825001308160 140737488340073 140737488340470 140737488340470 140737488351179 0
/proc/1608585/statm: 6727 3403 2098 555 0 1769 0
[pid=1608606] ppid=1608585 vsize=39792 memory=31764 CPUtime=1.7 cores=6-7
/proc/1608606/stat : 1608606 (clingo) R 1608585 1608585 1608244 0 -1 0 6177 0 0 0 169 1 0 0 20 0 1 0 923124139 40747008 7941 17179869184 93824992301056 93824992468925 140737488338416 0 0 0 134217728 4 25184771 0 0 0 17 6 0 0 0 0 0 93824992533936 93824992571272 93824992575488 140737488340183 140737488340354 140737488340354 140737488351170 0
/proc/1608606/statm: 9948 7941 2089 41 0 6027 0
Current children cumulated CPU time: 1.77 s
Current children cumulated vsize: 66700 KiB
Current children cumulated memory: 45376 KiB

[startup+1.90017 s]
/proc/loadavg: 14.23 14.27 14.05 19/829 1608654
/proc/meminfo: memFree=373586456/528004520 swapFree=8388604/8388604
[pid=1608585] ppid=1608582 vsize=26908 memory=13612 CPUtime=0.07 cores=6-7
/proc/1608585/stat : 1608585 (perf) S 1608582 1608585 1608244 0 -1 0 1738 237 0 0 7 0 0 0 20 0 1 0 923124131 27553792 3403 17179869184 93824994299904 93824996572973 140737488338256 0 0 0 134217728 4 74274 1 0 0 17 7 0 0 0 0 0 93824998874888 93825001005840 93825001308160 140737488340073 140737488340470 140737488340470 140737488351179 0
/proc/1608585/statm: 6727 3403 2098 555 0 1769 0
[pid=1608606] ppid=1608585 vsize=39792 memory=31764 CPUtime=1.8 cores=6-7
/proc/1608606/stat : 1608606 (clingo) R 1608585 1608585 1608244 0 -1 0 6177 0 0 0 179 1 0 0 20 0 1 0 923124139 40747008 7941 17179869184 93824992301056 93824992468925 140737488338416 0 0 0 134217728 4 25184771 0 0 0 17 6 0 0 0 0 0 93824992533936 93824992571272 93824992575488 140737488340183 140737488340354 140737488340354 140737488351170 0
/proc/1608606/statm: 9948 7941 2089 41 0 6027 0
Current children cumulated CPU time: 1.87 s
Current children cumulated vsize: 66700 KiB
Current children cumulated memory: 45376 KiB

Child status: 10
Real time (s): 1.95624
CPU time (s): 1.95589
CPU user time (s): 1.93218
CPU system time (s): 0.023705
CPU usage (%): 99.9821
Max. virtual memory (cumulated for all children) (KiB): 66700
Max. memory (cumulated for all children) (KiB): 45376

getrusage(RUSAGE_CHILDREN,...) data:
user time used= 1.93218
system time used= 0.023705
maximum resident set size= 32292
integral shared memory size= 0
integral unshared data size= 0
integral unshared stack size= 0
page reclaims= 8339
page faults= 0
swaps= 0
block input operations= 0
block output operations= 0
messages sent= 0
messages received= 0
signals received= 0
voluntary context switches= 24
involuntary context switches= 10


# summary of solver processes directly reported to runsolver:
#   pid: 1608585
#   total CPU time (s): 1.95589
#   total CPU user time (s): 1.93218
#   total CPU system time (s): 0.023705

??? end of timestamper thread
runsolver used 0.045035 second user time and 0.114636 second system time

The end
