runsolver version 3.4.0 (svn: 3018) Copyright (C) 2010-2013 Olivier ROUSSEL

This program is distributed in the hope that it will be useful,
but WITHOUT ANY WARRANTY; without even the implied warranty of
MERCHANTABILITY or FITNESS FOR A PARTICULAR PURPOSE.  See the
GNU General Public License for more details.

NUMA information:
  number of nodes: 2
  memory of node 0: 257635 MiB (189185 MiB free)
  memory of node 1: 257994 MiB (189140 MiB free)
  node distances:
     10  20
     20  10

command line: /dev/shm/376b962e-2e81-11f1-ac62-000c298f4621/input/runsolver -w /dev/shm/376b962e-2e81-11f1-ac62-000c298f4621/output/runsolver.log -v /dev/shm/376b962e-2e81-11f1-ac62-000c298f4621/output/varfile.log -W 1205 --rss-swap-limit 16384 -d 5 --sigint /usr/bin/perf stat -B -e task-clock,cache-references,cache-misses,cycles,instructions,branches,faults,migrations,context-switches -o /dev/shm/376b962e-2e81-11f1-ac62-000c298f4621/output/perf.log clingo /home/guests/mmacri/AMOSUM/benchmarks/GraphColouring/encoding-plain-amo.asp /dev/shm/376b962e-2e81-11f1-ac62-000c298f4621/input/0034-graph_colouring-140-0_2688.asp 

running on 2 cores: 4-5

Enforcing wall clock limit (soft limit, will send SIGTERM then SIGKILL): 1205 seconds
Enforcing RSS+Swap limit (soft limit, will send SIGTERM then SIGKILL): 16777216 KiB
Linux 5.15.0-131-generic
solver pid=3336081, runsolver pid=3336080
Current StackSize limit: 8192 KiB


[startup+0.100068 s]*
/proc/loadavg: 14.18 14.15 13.27 16/823 3336109
/proc/meminfo: memFree=387397364/528004516 swapFree=8388604/8388604
[pid=3336081] ppid=3336080 vsize=26908 memory=13616 CPUtime=0.06 cores=4-5
/proc/3336081/stat : 3336081 (perf) S 3336080 3336081 3335985 0 -1 0 1738 237 0 0 5 1 0 0 20 0 1 0 922994124 27553792 3404 17179869184 93824994299904 93824996572973 140737488338256 0 0 0 134217728 4 74274 1 0 0 17 4 0 0 0 0 0 93824998874888 93825001005840 93825001308160 140737488340073 140737488340470 140737488340470 140737488351179 0
/proc/3336081/statm: 6727 3404 2099 555 0 1769 0
[pid=3336098] ppid=3336081 vsize=20284 memory=12220 CPUtime=0.03 cores=4-5
/proc/3336098/stat : 3336098 (clingo) R 3336081 3336081 3335985 0 -1 0 1248 0 0 0 3 0 0 0 20 0 1 0 922994132 20770816 3055 17179869184 93824992301056 93824992468925 140737488338416 0 0 0 134217728 4 25184771 0 0 0 17 5 0 0 0 0 0 93824992533936 93824992571272 93824992575488 140737488340183 140737488340354 140737488340354 140737488351170 0
/proc/3336098/statm: 5071 3055 2092 41 0 1150 0
Current children cumulated CPU time: 0.09 s
Current children cumulated vsize: 47192 KiB
Current children cumulated memory: 25836 KiB

[startup+0.235132 s]*
/proc/loadavg: 14.18 14.15 13.27 15/825 3336170
/proc/meminfo: memFree=387394828/528004516 swapFree=8388604/8388604
[pid=3336081] ppid=3336080 vsize=26908 memory=13616 CPUtime=0.06 cores=4-5
/proc/3336081/stat : 3336081 (perf) S 3336080 3336081 3335985 0 -1 0 1738 237 0 0 5 1 0 0 20 0 1 0 922994124 27553792 3404 17179869184 93824994299904 93824996572973 140737488338256 0 0 0 134217728 4 74274 1 0 0 17 4 0 0 0 0 0 93824998874888 93825001005840 93825001308160 140737488340073 140737488340470 140737488340470 140737488351179 0
/proc/3336081/statm: 6727 3404 2099 555 0 1769 0
[pid=3336098] ppid=3336081 vsize=26092 memory=18028 CPUtime=0.15 cores=4-5
/proc/3336098/stat : 3336098 (clingo) R 3336081 3336081 3335985 0 -1 0 2726 0 0 0 15 0 0 0 20 0 1 0 922994132 26718208 4507 17179869184 93824992301056 93824992468925 140737488338416 0 0 0 134217728 4 25184771 0 0 0 17 5 0 0 0 0 0 93824992533936 93824992571272 93824992575488 140737488340183 140737488340354 140737488340354 140737488351170 0
/proc/3336098/statm: 6523 4507 2092 41 0 2602 0
Current children cumulated CPU time: 0.21 s
Current children cumulated vsize: 53000 KiB
Current children cumulated memory: 31644 KiB

[startup+0.334471 s]*
/proc/loadavg: 14.18 14.15 13.27 14/832 3336188
/proc/meminfo: memFree=387385784/528004516 swapFree=8388604/8388604
[pid=3336081] ppid=3336080 vsize=26908 memory=13616 CPUtime=0.06 cores=4-5
/proc/3336081/stat : 3336081 (perf) S 3336080 3336081 3335985 0 -1 0 1738 237 0 0 5 1 0 0 20 0 1 0 922994124 27553792 3404 17179869184 93824994299904 93824996572973 140737488338256 0 0 0 134217728 4 74274 1 0 0 17 4 0 0 0 0 0 93824998874888 93825001005840 93825001308160 140737488340073 140737488340470 140737488340470 140737488351179 0
/proc/3336081/statm: 6727 3404 2099 555 0 1769 0
[pid=3336098] ppid=3336081 vsize=27940 memory=19876 CPUtime=0.21 cores=4-5
/proc/3336098/stat : 3336098 (clingo) R 3336081 3336081 3335985 0 -1 0 3191 0 0 0 21 0 0 0 20 0 1 0 922994132 28610560 4969 17179869184 93824992301056 93824992468925 140737488338416 0 0 0 134217728 4 25184771 0 0 0 17 4 0 0 0 0 0 93824992533936 93824992571272 93824992575488 140737488340183 140737488340354 140737488340354 140737488351170 0
/proc/3336098/statm: 6985 4969 2092 41 0 3064 0
Current children cumulated CPU time: 0.27 s
Current children cumulated vsize: 54848 KiB
Current children cumulated memory: 33492 KiB

[startup+0.700331 s]
/proc/loadavg: 14.18 14.15 13.27 15/824 3336244
/proc/meminfo: memFree=387386328/528004516 swapFree=8388604/8388604
[pid=3336081] ppid=3336080 vsize=26908 memory=13616 CPUtime=0.06 cores=4-5
/proc/3336081/stat : 3336081 (perf) S 3336080 3336081 3335985 0 -1 0 1738 237 0 0 5 1 0 0 20 0 1 0 922994124 27553792 3404 17179869184 93824994299904 93824996572973 140737488338256 0 0 0 134217728 4 74274 1 0 0 17 4 0 0 0 0 0 93824998874888 93825001005840 93825001308160 140737488340073 140737488340470 140737488340470 140737488351179 0
/proc/3336081/statm: 6727 3404 2099 555 0 1769 0
[pid=3336098] ppid=3336081 vsize=31108 memory=23044 CPUtime=0.56 cores=4-5
/proc/3336098/stat : 3336098 (clingo) R 3336081 3336081 3335985 0 -1 0 3962 0 0 0 56 0 0 0 20 0 1 0 922994132 31854592 5761 17179869184 93824992301056 93824992468925 140737488338416 0 0 0 134217728 4 25184771 0 0 0 17 4 0 0 0 0 0 93824992533936 93824992571272 93824992575488 140737488340183 140737488340354 140737488340354 140737488351170 0
/proc/3336098/statm: 7777 5761 2092 41 0 3856 0
Current children cumulated CPU time: 0.62 s
Current children cumulated vsize: 58016 KiB
Current children cumulated memory: 36660 KiB

[startup+1.50035 s]
/proc/loadavg: 14.18 14.15 13.27 17/839 3336333
/proc/meminfo: memFree=387378628/528004516 swapFree=8388604/8388604
[pid=3336081] ppid=3336080 vsize=26908 memory=13616 CPUtime=0.06 cores=4-5
/proc/3336081/stat : 3336081 (perf) S 3336080 3336081 3335985 0 -1 0 1738 237 0 0 5 1 0 0 20 0 1 0 922994124 27553792 3404 17179869184 93824994299904 93824996572973 140737488338256 0 0 0 134217728 4 74274 1 0 0 17 4 0 0 0 0 0 93824998874888 93825001005840 93825001308160 140737488340073 140737488340470 140737488340470 140737488351179 0
/proc/3336081/statm: 6727 3404 2099 555 0 1769 0
[pid=3336098] ppid=3336081 vsize=35484 memory=27532 CPUtime=1.36 cores=4-5
/proc/3336098/stat : 3336098 (clingo) R 3336081 3336081 3335985 0 -1 0 5075 0 0 0 136 0 0 0 20 0 1 0 922994132 36335616 6883 17179869184 93824992301056 93824992468925 140737488338416 0 0 0 134217728 4 25184771 0 0 0 17 4 0 0 0 0 0 93824992533936 93824992571272 93824992575488 140737488340183 140737488340354 140737488340354 140737488351170 0
/proc/3336098/statm: 8871 6883 2092 41 0 4950 0
Current children cumulated CPU time: 1.42 s
Current children cumulated vsize: 62392 KiB
Current children cumulated memory: 41148 KiB

[startup+3.11893 s]
/proc/loadavg: 14.18 14.15 13.27 16/839 3336539
/proc/meminfo: memFree=387458072/528004516 swapFree=8388604/8388604
[pid=3336081] ppid=3336080 vsize=26908 memory=13616 CPUtime=0.06 cores=4-5
/proc/3336081/stat : 3336081 (perf) S 3336080 3336081 3335985 0 -1 0 1738 237 0 0 5 1 0 0 20 0 1 0 922994124 27553792 3404 17179869184 93824994299904 93824996572973 140737488338256 0 0 0 134217728 4 74274 1 0 0 17 4 0 0 0 0 0 93824998874888 93825001005840 93825001308160 140737488340073 140737488340470 140737488340470 140737488351179 0
/proc/3336081/statm: 6727 3404 2099 555 0 1769 0
[pid=3336098] ppid=3336081 vsize=37256 memory=29244 CPUtime=2.98 cores=4-5
/proc/3336098/stat : 3336098 (clingo) R 3336081 3336081 3335985 0 -1 0 5624 0 0 0 298 0 0 0 20 0 1 0 922994132 38150144 7311 17179869184 93824992301056 93824992468925 140737488338416 0 0 0 134217728 4 25184771 0 0 0 17 4 0 0 0 0 0 93824992533936 93824992571272 93824992575488 140737488340183 140737488340354 140737488340354 140737488351170 0
/proc/3336098/statm: 9314 7311 2092 41 0 5393 0
Current children cumulated CPU time: 3.04 s
Current children cumulated vsize: 64164 KiB
Current children cumulated memory: 42860 KiB

[startup+6.30028 s]
/proc/loadavg: 14.33 14.18 13.29 15/841 3336747
/proc/meminfo: memFree=387519240/528004516 swapFree=8388604/8388604
[pid=3336081] ppid=3336080 vsize=26908 memory=13616 CPUtime=0.06 cores=4-5
/proc/3336081/stat : 3336081 (perf) S 3336080 3336081 3335985 0 -1 0 1738 237 0 0 5 1 0 0 20 0 1 0 922994124 27553792 3404 17179869184 93824994299904 93824996572973 140737488338256 0 0 0 134217728 4 74274 1 0 0 17 4 0 0 0 0 0 93824998874888 93825001005840 93825001308160 140737488340073 140737488340470 140737488340470 140737488351179 0
/proc/3336081/statm: 6727 3404 2099 555 0 1769 0
[pid=3336098] ppid=3336081 vsize=41876 memory=33836 CPUtime=6.16 cores=4-5
/proc/3336098/stat : 3336098 (clingo) R 3336081 3336081 3335985 0 -1 0 7092 0 0 0 615 1 0 0 20 0 1 0 922994132 42881024 8459 17179869184 93824992301056 93824992468925 140737488338416 0 0 0 134217728 4 25184771 0 0 0 17 4 0 0 0 0 0 93824992533936 93824992571272 93824992575488 140737488340183 140737488340354 140737488340354 140737488351170 0
/proc/3336098/statm: 10469 8459 2092 41 0 6548 0
Current children cumulated CPU time: 6.22 s
Current children cumulated vsize: 68784 KiB
Current children cumulated memory: 47452 KiB

[startup+12.7003 s]
/proc/loadavg: 14.30 14.18 13.29 15/841 3336747
/proc/meminfo: memFree=387454232/528004516 swapFree=8388604/8388604
[pid=3336081] ppid=3336080 vsize=26908 memory=13616 CPUtime=0.06 cores=4-5
/proc/3336081/stat : 3336081 (perf) S 3336080 3336081 3335985 0 -1 0 1738 237 0 0 5 1 0 0 20 0 1 0 922994124 27553792 3404 17179869184 93824994299904 93824996572973 140737488338256 0 0 0 134217728 4 74274 1 0 0 17 4 0 0 0 0 0 93824998874888 93825001005840 93825001308160 140737488340073 140737488340470 140737488340470 140737488351179 0
/proc/3336081/statm: 6727 3404 2099 555 0 1769 0
[pid=3336098] ppid=3336081 vsize=48572 memory=40596 CPUtime=12.56 cores=4-5
/proc/3336098/stat : 3336098 (clingo) R 3336081 3336081 3335985 0 -1 0 9170 0 0 0 1255 1 0 0 20 0 1 0 922994132 49737728 10149 17179869184 93824992301056 93824992468925 140737488338416 0 0 0 134217728 4 25184771 0 0 0 17 4 0 0 0 0 0 93824992533936 93824992571272 93824992575488 140737488340183 140737488340354 140737488340354 140737488351170 0
/proc/3336098/statm: 12143 10149 2092 41 0 8222 0
Current children cumulated CPU time: 12.62 s
Current children cumulated vsize: 75480 KiB
Current children cumulated memory: 54212 KiB

[startup+25.5004 s]
/proc/loadavg: 14.54 14.24 13.32 15/841 3336747
/proc/meminfo: memFree=387377724/528004516 swapFree=8388604/8388604
[pid=3336081] ppid=3336080 vsize=26908 memory=13616 CPUtime=0.06 cores=4-5
/proc/3336081/stat : 3336081 (perf) S 3336080 3336081 3335985 0 -1 0 1738 237 0 0 5 1 0 0 20 0 1 0 922994124 27553792 3404 17179869184 93824994299904 93824996572973 140737488338256 0 0 0 134217728 4 74274 1 0 0 17 4 0 0 0 0 0 93824998874888 93825001005840 93825001308160 140737488340073 140737488340470 140737488340470 140737488351179 0
/proc/3336081/statm: 6727 3404 2099 555 0 1769 0
[pid=3336098] ppid=3336081 vsize=54612 memory=46640 CPUtime=25.36 cores=4-5
/proc/3336098/stat : 3336098 (clingo) R 3336081 3336081 3335985 0 -1 0 11148 0 0 0 2535 1 0 0 20 0 1 0 922994132 55922688 11660 17179869184 93824992301056 93824992468925 140737488338416 0 0 0 134217728 4 25184771 0 0 0 17 4 0 0 0 0 0 93824992533936 93824992571272 93824992575488 140737488340183 140737488340354 140737488340354 140737488351170 0
/proc/3336098/statm: 13653 11660 2092 41 0 9732 0
Current children cumulated CPU time: 25.42 s
Current children cumulated vsize: 81520 KiB
Current children cumulated memory: 60256 KiB

[startup+51.121 s]
/proc/loadavg: 14.47 14.25 13.35 15/841 3336748
/proc/meminfo: memFree=387282044/528004516 swapFree=8388604/8388604
[pid=3336081] ppid=3336080 vsize=26908 memory=13616 CPUtime=0.06 cores=4-5
/proc/3336081/stat : 3336081 (perf) S 3336080 3336081 3335985 0 -1 0 1738 237 0 0 5 1 0 0 20 0 1 0 922994124 27553792 3404 17179869184 93824994299904 93824996572973 140737488338256 0 0 0 134217728 4 74274 1 0 0 17 4 0 0 0 0 0 93824998874888 93825001005840 93825001308160 140737488340073 140737488340470 140737488340470 140737488351179 0
/proc/3336081/statm: 6727 3404 2099 555 0 1769 0
[pid=3336098] ppid=3336081 vsize=63472 memory=55492 CPUtime=50.98 cores=4-5
/proc/3336098/stat : 3336098 (clingo) R 3336081 3336081 3335985 0 -1 0 14748 0 0 0 5097 1 0 0 20 0 1 0 922994132 64995328 13873 17179869184 93824992301056 93824992468925 140737488338416 0 0 0 134217728 4 25184771 0 0 0 17 4 0 0 0 0 0 93824992533936 93824992571272 93824992575488 140737488340183 140737488340354 140737488340354 140737488351170 0
/proc/3336098/statm: 15868 13873 2092 41 0 11947 0
Current children cumulated CPU time: 51.04 s
Current children cumulated vsize: 90380 KiB
Current children cumulated memory: 69108 KiB

[startup+102.3 s]
/proc/loadavg: 14.20 14.21 13.39 15/843 3336899
/proc/meminfo: memFree=387215176/528004516 swapFree=8388604/8388604
[pid=3336081] ppid=3336080 vsize=26908 memory=13616 CPUtime=0.06 cores=4-5
/proc/3336081/stat : 3336081 (perf) S 3336080 3336081 3335985 0 -1 0 1738 237 0 0 5 1 0 0 20 0 1 0 922994124 27553792 3404 17179869184 93824994299904 93824996572973 140737488338256 0 0 0 134217728 4 74274 1 0 0 17 4 0 0 0 0 0 93824998874888 93825001005840 93825001308160 140737488340073 140737488340470 140737488340470 140737488351179 0
/proc/3336081/statm: 6727 3404 2099 555 0 1769 0
[pid=3336098] ppid=3336081 vsize=75956 memory=67900 CPUtime=102.17 cores=4-5
/proc/3336098/stat : 3336098 (clingo) R 3336081 3336081 3335985 0 -1 0 20263 0 0 0 10214 3 0 0 20 0 1 0 922994132 77778944 16975 17179869184 93824992301056 93824992468925 140737488338416 0 0 0 134217728 4 25184771 0 0 0 17 4 0 0 0 0 0 93824992533936 93824992571272 93824992575488 140737488340183 140737488340354 140737488340354 140737488351170 0
/proc/3336098/statm: 18989 16975 2092 41 0 15068 0
Current children cumulated CPU time: 102.23 s
Current children cumulated vsize: 102864 KiB
Current children cumulated memory: 81516 KiB

[startup+162.3 s]
/proc/loadavg: 14.52 14.29 13.47 15/843 3336904
/proc/meminfo: memFree=387091208/528004516 swapFree=8388604/8388604
[pid=3336081] ppid=3336080 vsize=26908 memory=13616 CPUtime=0.06 cores=4-5
/proc/3336081/stat : 3336081 (perf) S 3336080 3336081 3335985 0 -1 0 1738 237 0 0 5 1 0 0 20 0 1 0 922994124 27553792 3404 17179869184 93824994299904 93824996572973 140737488338256 0 0 0 134217728 4 74274 1 0 0 17 4 0 0 0 0 0 93824998874888 93825001005840 93825001308160 140737488340073 140737488340470 140737488340470 140737488351179 0
/proc/3336081/statm: 6727 3404 2099 555 0 1769 0
[pid=3336098] ppid=3336081 vsize=83568 memory=75424 CPUtime=162.16 cores=4-5
/proc/3336098/stat : 3336098 (clingo) R 3336081 3336081 3335985 0 -1 0 25038 0 0 0 16213 3 0 0 20 0 1 0 922994132 85573632 18856 17179869184 93824992301056 93824992468925 140737488338416 0 0 0 134217728 4 25184771 0 0 0 17 4 0 0 0 0 0 93824992533936 93824992571272 93824992575488 140737488340183 140737488340354 140737488340354 140737488351170 0
/proc/3336098/statm: 20892 18856 2092 41 0 16971 0
Current children cumulated CPU time: 162.22 s
Current children cumulated vsize: 110476 KiB
Current children cumulated memory: 89040 KiB

[startup+222.3 s]
/proc/loadavg: 14.26 14.27 13.52 15/843 3336907
/proc/meminfo: memFree=386989912/528004516 swapFree=8388604/8388604
[pid=3336081] ppid=3336080 vsize=26908 memory=13616 CPUtime=0.06 cores=4-5
/proc/3336081/stat : 3336081 (perf) S 3336080 3336081 3335985 0 -1 0 1738 237 0 0 5 1 0 0 20 0 1 0 922994124 27553792 3404 17179869184 93824994299904 93824996572973 140737488338256 0 0 0 134217728 4 74274 1 0 0 17 4 0 0 0 0 0 93824998874888 93825001005840 93825001308160 140737488340073 140737488340470 140737488340470 140737488351179 0
/proc/3336081/statm: 6727 3404 2099 555 0 1769 0
[pid=3336098] ppid=3336081 vsize=91568 memory=83484 CPUtime=222.17 cores=4-5
/proc/3336098/stat : 3336098 (clingo) R 3336081 3336081 3335985 0 -1 0 28977 0 0 0 22212 5 0 0 20 0 1 0 922994132 93765632 20871 17179869184 93824992301056 93824992468925 140737488338416 0 0 0 134217728 4 25184771 0 0 0 17 4 0 0 0 0 0 93824992533936 93824992571272 93824992575488 140737488340183 140737488340354 140737488340354 140737488351170 0
/proc/3336098/statm: 22892 20871 2092 41 0 18971 0
Current children cumulated CPU time: 222.23 s
Current children cumulated vsize: 118476 KiB
Current children cumulated memory: 97100 KiB

[startup+282.3 s]
/proc/loadavg: 14.28 14.29 13.58 15/843 3336910
/proc/meminfo: memFree=386913816/528004516 swapFree=8388604/8388604
[pid=3336081] ppid=3336080 vsize=26908 memory=13616 CPUtime=0.06 cores=4-5
/proc/3336081/stat : 3336081 (perf) S 3336080 3336081 3335985 0 -1 0 1738 237 0 0 5 1 0 0 20 0 1 0 922994124 27553792 3404 17179869184 93824994299904 93824996572973 140737488338256 0 0 0 134217728 4 74274 1 0 0 17 4 0 0 0 0 0 93824998874888 93825001005840 93825001308160 140737488340073 140737488340470 140737488340470 140737488351179 0
/proc/3336081/statm: 6727 3404 2099 555 0 1769 0
[pid=3336098] ppid=3336081 vsize=97532 memory=89496 CPUtime=282.16 cores=4-5
/proc/3336098/stat : 3336098 (clingo) R 3336081 3336081 3335985 0 -1 0 32512 0 0 0 28210 6 0 0 20 0 1 0 922994132 99872768 22374 17179869184 93824992301056 93824992468925 140737488338416 0 0 0 134217728 4 25184771 0 0 0 17 4 0 0 0 0 0 93824992533936 93824992571272 93824992575488 140737488340183 140737488340354 140737488340354 140737488351170 0
/proc/3336098/statm: 24383 22374 2092 41 0 20462 0
Current children cumulated CPU time: 282.22 s
Current children cumulated vsize: 124440 KiB
Current children cumulated memory: 103112 KiB

[startup+342.3 s]
/proc/loadavg: 14.45 14.32 13.63 15/820 3336915
/proc/meminfo: memFree=386843376/528004516 swapFree=8388604/8388604
[pid=3336081] ppid=3336080 vsize=26908 memory=13616 CPUtime=0.06 cores=4-5
/proc/3336081/stat : 3336081 (perf) S 3336080 3336081 3335985 0 -1 0 1738 237 0 0 5 1 0 0 20 0 1 0 922994124 27553792 3404 17179869184 93824994299904 93824996572973 140737488338256 0 0 0 134217728 4 74274 1 0 0 17 4 0 0 0 0 0 93824998874888 93825001005840 93825001308160 140737488340073 140737488340470 140737488340470 140737488351179 0
/proc/3336081/statm: 6727 3404 2099 555 0 1769 0
[pid=3336098] ppid=3336081 vsize=102892 memory=94844 CPUtime=342.16 cores=4-5
/proc/3336098/stat : 3336098 (clingo) R 3336081 3336081 3335985 0 -1 0 35250 0 0 0 34210 6 0 0 20 0 1 0 922994132 105361408 23711 17179869184 93824992301056 93824992468925 140737488338416 0 0 0 134217728 4 25184771 0 0 0 17 4 0 0 0 0 0 93824992533936 93824992571272 93824992575488 140737488340183 140737488340354 140737488340354 140737488351170 0
/proc/3336098/statm: 25723 23711 2092 41 0 21802 0
Current children cumulated CPU time: 342.22 s
Current children cumulated vsize: 129800 KiB
Current children cumulated memory: 108460 KiB

[startup+402.3 s]
/proc/loadavg: 14.24 14.27 13.66 15/820 3336917
/proc/meminfo: memFree=386769296/528004516 swapFree=8388604/8388604
[pid=3336081] ppid=3336080 vsize=26908 memory=13616 CPUtime=0.06 cores=4-5
/proc/3336081/stat : 3336081 (perf) S 3336080 3336081 3335985 0 -1 0 1738 237 0 0 5 1 0 0 20 0 1 0 922994124 27553792 3404 17179869184 93824994299904 93824996572973 140737488338256 0 0 0 134217728 4 74274 1 0 0 17 4 0 0 0 0 0 93824998874888 93825001005840 93825001308160 140737488340073 140737488340470 140737488340470 140737488351179 0
/proc/3336081/statm: 6727 3404 2099 555 0 1769 0
[pid=3336098] ppid=3336081 vsize=109224 memory=100840 CPUtime=402.17 cores=4-5
/proc/3336098/stat : 3336098 (clingo) R 3336081 3336081 3335985 0 -1 0 37307 0 0 0 40210 7 0 0 20 0 1 0 922994132 111845376 25210 17179869184 93824992301056 93824992468925 140737488338416 0 0 0 134217728 4 25184771 0 0 0 17 4 0 0 0 0 0 93824992533936 93824992571272 93824992575488 140737488340183 140737488340354 140737488340354 140737488351170 0
/proc/3336098/statm: 27306 25210 2092 41 0 23385 0
Current children cumulated CPU time: 402.23 s
Current children cumulated vsize: 136132 KiB
Current children cumulated memory: 114456 KiB

[startup+462.3 s]
/proc/loadavg: 14.26 14.28 13.71 15/816 3336920
/proc/meminfo: memFree=386708348/528004516 swapFree=8388604/8388604
[pid=3336081] ppid=3336080 vsize=26908 memory=13616 CPUtime=0.06 cores=4-5
/proc/3336081/stat : 3336081 (perf) S 3336080 3336081 3335985 0 -1 0 1738 237 0 0 5 1 0 0 20 0 1 0 922994124 27553792 3404 17179869184 93824994299904 93824996572973 140737488338256 0 0 0 134217728 4 74274 1 0 0 17 4 0 0 0 0 0 93824998874888 93825001005840 93825001308160 140737488340073 140737488340470 140737488340470 140737488351179 0
/proc/3336081/statm: 6727 3404 2099 555 0 1769 0
[pid=3336098] ppid=3336081 vsize=114236 memory=105740 CPUtime=462.17 cores=4-5
/proc/3336098/stat : 3336098 (clingo) R 3336081 3336081 3335985 0 -1 0 39361 0 0 0 46210 7 0 0 20 0 1 0 922994132 116977664 26435 17179869184 93824992301056 93824992468925 140737488338416 0 0 0 134217728 4 25184771 0 0 0 17 4 0 0 0 0 0 93824992533936 93824992571272 93824992575488 140737488340183 140737488340354 140737488340354 140737488351170 0
/proc/3336098/statm: 28559 26435 2092 41 0 24638 0
Current children cumulated CPU time: 462.23 s
Current children cumulated vsize: 141144 KiB
Current children cumulated memory: 119356 KiB

[startup+522.3 s]
/proc/loadavg: 14.09 14.23 13.73 15/816 3336924
/proc/meminfo: memFree=386656984/528004516 swapFree=8388604/8388604
[pid=3336081] ppid=3336080 vsize=26908 memory=13616 CPUtime=0.06 cores=4-5
/proc/3336081/stat : 3336081 (perf) S 3336080 3336081 3335985 0 -1 0 1738 237 0 0 5 1 0 0 20 0 1 0 922994124 27553792 3404 17179869184 93824994299904 93824996572973 140737488338256 0 0 0 134217728 4 74274 1 0 0 17 4 0 0 0 0 0 93824998874888 93825001005840 93825001308160 140737488340073 140737488340470 140737488340470 140737488351179 0
/proc/3336081/statm: 6727 3404 2099 555 0 1769 0
[pid=3336098] ppid=3336081 vsize=115436 memory=107200 CPUtime=522.16 cores=4-5
/proc/3336098/stat : 3336098 (clingo) R 3336081 3336081 3335985 0 -1 0 40688 0 0 0 52209 7 0 0 20 0 1 0 922994132 118206464 26800 17179869184 93824992301056 93824992468925 140737488338416 0 0 0 134217728 4 25184771 0 0 0 17 4 0 0 0 0 0 93824992533936 93824992571272 93824992575488 140737488340183 140737488340354 140737488340354 140737488351170 0
/proc/3336098/statm: 28859 26800 2092 41 0 24938 0
Current children cumulated CPU time: 522.22 s
Current children cumulated vsize: 142344 KiB
Current children cumulated memory: 120816 KiB

[startup+582.3 s]
/proc/loadavg: 15.62 14.63 13.90 15/816 3336928
/proc/meminfo: memFree=386603388/528004516 swapFree=8388604/8388604
[pid=3336081] ppid=3336080 vsize=26908 memory=13616 CPUtime=0.06 cores=4-5
/proc/3336081/stat : 3336081 (perf) S 3336080 3336081 3335985 0 -1 0 1738 237 0 0 5 1 0 0 20 0 1 0 922994124 27553792 3404 17179869184 93824994299904 93824996572973 140737488338256 0 0 0 134217728 4 74274 1 0 0 17 4 0 0 0 0 0 93824998874888 93825001005840 93825001308160 140737488340073 140737488340470 140737488340470 140737488351179 0
/proc/3336081/statm: 6727 3404 2099 555 0 1769 0
[pid=3336098] ppid=3336081 vsize=120792 memory=112392 CPUtime=582.16 cores=4-5
/proc/3336098/stat : 3336098 (clingo) R 3336081 3336081 3335985 0 -1 0 43611 0 0 0 58209 7 0 0 20 0 1 0 922994132 123691008 28098 17179869184 93824992301056 93824992468925 140737488338416 0 0 0 134217728 4 25184771 0 0 0 17 4 0 0 0 0 0 93824992533936 93824992571272 93824992575488 140737488340183 140737488340354 140737488340354 140737488351170 0
/proc/3336098/statm: 30198 28098 2092 41 0 26277 0
Current children cumulated CPU time: 582.22 s
Current children cumulated vsize: 147700 KiB
Current children cumulated memory: 126008 KiB

[startup+642.3 s]
/proc/loadavg: 14.59 14.51 13.91 15/817 3336932
/proc/meminfo: memFree=386563320/528004516 swapFree=8388604/8388604
[pid=3336081] ppid=3336080 vsize=26908 memory=13616 CPUtime=0.06 cores=4-5
/proc/3336081/stat : 3336081 (perf) S 3336080 3336081 3335985 0 -1 0 1738 237 0 0 5 1 0 0 20 0 1 0 922994124 27553792 3404 17179869184 93824994299904 93824996572973 140737488338256 0 0 0 134217728 4 74274 1 0 0 17 4 0 0 0 0 0 93824998874888 93825001005840 93825001308160 140737488340073 140737488340470 140737488340470 140737488351179 0
/proc/3336081/statm: 6727 3404 2099 555 0 1769 0
[pid=3336098] ppid=3336081 vsize=124904 memory=116592 CPUtime=642.16 cores=4-5
/proc/3336098/stat : 3336098 (clingo) R 3336081 3336081 3335985 0 -1 0 47565 0 0 0 64209 7 0 0 20 0 1 0 922994132 127901696 29148 17179869184 93824992301056 93824992468925 140737488338416 0 0 0 134217728 4 25184771 0 0 0 17 4 0 0 0 0 0 93824992533936 93824992571272 93824992575488 140737488340183 140737488340354 140737488340354 140737488351170 0
/proc/3336098/statm: 31226 29148 2092 41 0 27305 0
Current children cumulated CPU time: 642.22 s
Current children cumulated vsize: 151812 KiB
Current children cumulated memory: 130208 KiB

[startup+702.3 s]
/proc/loadavg: 14.25 14.43 13.92 15/817 3336935
/proc/meminfo: memFree=386512212/528004516 swapFree=8388604/8388604
[pid=3336081] ppid=3336080 vsize=26908 memory=13616 CPUtime=0.06 cores=4-5
/proc/3336081/stat : 3336081 (perf) S 3336080 3336081 3335985 0 -1 0 1738 237 0 0 5 1 0 0 20 0 1 0 922994124 27553792 3404 17179869184 93824994299904 93824996572973 140737488338256 0 0 0 134217728 4 74274 1 0 0 17 4 0 0 0 0 0 93824998874888 93825001005840 93825001308160 140737488340073 140737488340470 140737488340470 140737488351179 0
/proc/3336081/statm: 6727 3404 2099 555 0 1769 0
[pid=3336098] ppid=3336081 vsize=128424 memory=120032 CPUtime=702.16 cores=4-5
/proc/3336098/stat : 3336098 (clingo) R 3336081 3336081 3335985 0 -1 0 49816 0 0 0 70208 8 0 0 20 0 1 0 922994132 131506176 30008 17179869184 93824992301056 93824992468925 140737488338416 0 0 0 134217728 4 25184771 0 0 0 17 4 0 0 0 0 0 93824992533936 93824992571272 93824992575488 140737488340183 140737488340354 140737488340354 140737488351170 0
/proc/3336098/statm: 32106 30008 2092 41 0 28185 0
Current children cumulated CPU time: 702.22 s
Current children cumulated vsize: 155332 KiB
Current children cumulated memory: 133648 KiB

[startup+762.3 s]
/proc/loadavg: 14.38 14.42 13.95 15/817 3336937
/proc/meminfo: memFree=386469660/528004516 swapFree=8388604/8388604
[pid=3336081] ppid=3336080 vsize=26908 memory=13616 CPUtime=0.06 cores=4-5
/proc/3336081/stat : 3336081 (perf) S 3336080 3336081 3335985 0 -1 0 1738 237 0 0 5 1 0 0 20 0 1 0 922994124 27553792 3404 17179869184 93824994299904 93824996572973 140737488338256 0 0 0 134217728 4 74274 1 0 0 17 4 0 0 0 0 0 93824998874888 93825001005840 93825001308160 140737488340073 140737488340470 140737488340470 140737488351179 0
/proc/3336081/statm: 6727 3404 2099 555 0 1769 0
[pid=3336098] ppid=3336081 vsize=131580 memory=123192 CPUtime=762.17 cores=4-5
/proc/3336098/stat : 3336098 (clingo) R 3336081 3336081 3335985 0 -1 0 52541 0 0 0 76208 9 0 0 20 0 1 0 922994132 134737920 30798 17179869184 93824992301056 93824992468925 140737488338416 0 0 0 134217728 4 25184771 0 0 0 17 4 0 0 0 0 0 93824992533936 93824992571272 93824992575488 140737488340183 140737488340354 140737488340354 140737488351170 0
/proc/3336098/statm: 32895 30798 2092 41 0 28974 0
Current children cumulated CPU time: 762.23 s
Current children cumulated vsize: 158488 KiB
Current children cumulated memory: 136808 KiB

[startup+822.3 s]
/proc/loadavg: 14.21 14.37 13.97 15/817 3336940
/proc/meminfo: memFree=386432128/528004516 swapFree=8388604/8388604
[pid=3336081] ppid=3336080 vsize=26908 memory=13616 CPUtime=0.06 cores=4-5
/proc/3336081/stat : 3336081 (perf) S 3336080 3336081 3335985 0 -1 0 1738 237 0 0 5 1 0 0 20 0 1 0 922994124 27553792 3404 17179869184 93824994299904 93824996572973 140737488338256 0 0 0 134217728 4 74274 1 0 0 17 4 0 0 0 0 0 93824998874888 93825001005840 93825001308160 140737488340073 140737488340470 140737488340470 140737488351179 0
/proc/3336081/statm: 6727 3404 2099 555 0 1769 0
[pid=3336098] ppid=3336081 vsize=136472 memory=127664 CPUtime=822.17 cores=4-5
/proc/3336098/stat : 3336098 (clingo) R 3336081 3336081 3335985 0 -1 0 56103 0 0 0 82208 9 0 0 20 0 1 0 922994132 139747328 31916 17179869184 93824992301056 93824992468925 140737488338416 0 0 0 134217728 4 25184771 0 0 0 17 4 0 0 0 0 0 93824992533936 93824992571272 93824992575488 140737488340183 140737488340354 140737488340354 140737488351170 0
/proc/3336098/statm: 34118 31916 2092 41 0 30197 0
Current children cumulated CPU time: 822.23 s
Current children cumulated vsize: 163380 KiB
Current children cumulated memory: 141280 KiB

[startup+882.3 s]
/proc/loadavg: 14.07 14.30 13.97 15/817 3336943
/proc/meminfo: memFree=386398640/528004516 swapFree=8388604/8388604
[pid=3336081] ppid=3336080 vsize=26908 memory=13616 CPUtime=0.06 cores=4-5
/proc/3336081/stat : 3336081 (perf) S 3336080 3336081 3335985 0 -1 0 1738 237 0 0 5 1 0 0 20 0 1 0 922994124 27553792 3404 17179869184 93824994299904 93824996572973 140737488338256 0 0 0 134217728 4 74274 1 0 0 17 4 0 0 0 0 0 93824998874888 93825001005840 93825001308160 140737488340073 140737488340470 140737488340470 140737488351179 0
/proc/3336081/statm: 6727 3404 2099 555 0 1769 0
[pid=3336098] ppid=3336081 vsize=137596 memory=129120 CPUtime=882.16 cores=4-5
/proc/3336098/stat : 3336098 (clingo) R 3336081 3336081 3335985 0 -1 0 57872 0 0 0 88206 10 0 0 20 0 1 0 922994132 140898304 32280 17179869184 93824992301056 93824992468925 140737488338416 0 0 0 134217728 4 25184771 0 0 0 17 4 0 0 0 0 0 93824992533936 93824992571272 93824992575488 140737488340183 140737488340354 140737488340354 140737488351170 0
/proc/3336098/statm: 34399 32280 2092 41 0 30478 0
Current children cumulated CPU time: 882.22 s
Current children cumulated vsize: 164504 KiB
Current children cumulated memory: 142736 KiB

[startup+942.3 s]
/proc/loadavg: 14.07 14.26 13.98 15/816 3336947
/proc/meminfo: memFree=386360172/528004516 swapFree=8388604/8388604
[pid=3336081] ppid=3336080 vsize=26908 memory=13616 CPUtime=0.06 cores=4-5
/proc/3336081/stat : 3336081 (perf) S 3336080 3336081 3335985 0 -1 0 1738 237 0 0 5 1 0 0 20 0 1 0 922994124 27553792 3404 17179869184 93824994299904 93824996572973 140737488338256 0 0 0 134217728 4 74274 1 0 0 17 4 0 0 0 0 0 93824998874888 93825001005840 93825001308160 140737488340073 140737488340470 140737488340470 140737488351179 0
/proc/3336081/statm: 6727 3404 2099 555 0 1769 0
[pid=3336098] ppid=3336081 vsize=142344 memory=133832 CPUtime=942.17 cores=4-5
/proc/3336098/stat : 3336098 (clingo) R 3336081 3336081 3335985 0 -1 0 60810 0 0 0 94206 11 0 0 20 0 1 0 922994132 145760256 33458 17179869184 93824992301056 93824992468925 140737488338416 0 0 0 134217728 4 25184771 0 0 0 17 4 0 0 0 0 0 93824992533936 93824992571272 93824992575488 140737488340183 140737488340354 140737488340354 140737488351170 0
/proc/3336098/statm: 35586 33458 2092 41 0 31665 0
Current children cumulated CPU time: 942.23 s
Current children cumulated vsize: 169252 KiB
Current children cumulated memory: 147448 KiB

[startup+1002.3 s]
/proc/loadavg: 14.02 14.21 13.99 15/817 3336951
/proc/meminfo: memFree=386314824/528004516 swapFree=8388604/8388604
[pid=3336081] ppid=3336080 vsize=26908 memory=13616 CPUtime=0.06 cores=4-5
/proc/3336081/stat : 3336081 (perf) S 3336080 3336081 3335985 0 -1 0 1738 237 0 0 5 1 0 0 20 0 1 0 922994124 27553792 3404 17179869184 93824994299904 93824996572973 140737488338256 0 0 0 134217728 4 74274 1 0 0 17 4 0 0 0 0 0 93824998874888 93825001005840 93825001308160 140737488340073 140737488340470 140737488340470 140737488351179 0
/proc/3336081/statm: 6727 3404 2099 555 0 1769 0
[pid=3336098] ppid=3336081 vsize=144584 memory=136016 CPUtime=1002.16 cores=4-5
/proc/3336098/stat : 3336098 (clingo) R 3336081 3336081 3335985 0 -1 0 62427 0 0 0 100205 11 0 0 20 0 1 0 922994132 148054016 34004 17179869184 93824992301056 93824992468925 140737488338416 0 0 0 134217728 4 25184771 0 0 0 17 4 0 0 0 0 0 93824992533936 93824992571272 93824992575488 140737488340183 140737488340354 140737488340354 140737488351170 0
/proc/3336098/statm: 36146 34004 2092 41 0 32225 0
Current children cumulated CPU time: 1002.22 s
Current children cumulated vsize: 171492 KiB
Current children cumulated memory: 149632 KiB

[startup+1062.3 s]
/proc/loadavg: 14.05 14.18 14.00 15/818 3336954
/proc/meminfo: memFree=386283828/528004516 swapFree=8388604/8388604
[pid=3336081] ppid=3336080 vsize=26908 memory=13616 CPUtime=0.06 cores=4-5
/proc/3336081/stat : 3336081 (perf) S 3336080 3336081 3335985 0 -1 0 1738 237 0 0 5 1 0 0 20 0 1 0 922994124 27553792 3404 17179869184 93824994299904 93824996572973 140737488338256 0 0 0 134217728 4 74274 1 0 0 17 4 0 0 0 0 0 93824998874888 93825001005840 93825001308160 140737488340073 140737488340470 140737488340470 140737488351179 0
/proc/3336081/statm: 6727 3404 2099 555 0 1769 0
[pid=3336098] ppid=3336081 vsize=154068 memory=145380 CPUtime=1062.16 cores=4-5
/proc/3336098/stat : 3336098 (clingo) R 3336081 3336081 3335985 0 -1 0 65537 0 0 0 106204 12 0 0 20 0 1 0 922994132 157765632 36345 17179869184 93824992301056 93824992468925 140737488338416 0 0 0 134217728 4 25184771 0 0 0 17 4 0 0 0 0 0 93824992533936 93824992571272 93824992575488 140737488340183 140737488340354 140737488340354 140737488351170 0
/proc/3336098/statm: 38517 36345 2092 41 0 34596 0
Current children cumulated CPU time: 1062.22 s
Current children cumulated vsize: 180976 KiB
Current children cumulated memory: 158996 KiB

[startup+1122.3 s]
/proc/loadavg: 14.02 14.15 14.00 15/818 3336957
/proc/meminfo: memFree=386250360/528004516 swapFree=8388604/8388604
[pid=3336081] ppid=3336080 vsize=26908 memory=13616 CPUtime=0.06 cores=4-5
/proc/3336081/stat : 3336081 (perf) S 3336080 3336081 3335985 0 -1 0 1738 237 0 0 5 1 0 0 20 0 1 0 922994124 27553792 3404 17179869184 93824994299904 93824996572973 140737488338256 0 0 0 134217728 4 74274 1 0 0 17 4 0 0 0 0 0 93824998874888 93825001005840 93825001308160 140737488340073 140737488340470 140737488340470 140737488351179 0
/proc/3336081/statm: 6727 3404 2099 555 0 1769 0
[pid=3336098] ppid=3336081 vsize=154068 memory=145380 CPUtime=1122.16 cores=4-5
/proc/3336098/stat : 3336098 (clingo) R 3336081 3336081 3335985 0 -1 0 65537 0 0 0 112204 12 0 0 20 0 1 0 922994132 157765632 36345 17179869184 93824992301056 93824992468925 140737488338416 0 0 0 134217728 4 25184771 0 0 0 17 4 0 0 0 0 0 93824992533936 93824992571272 93824992575488 140737488340183 140737488340354 140737488340354 140737488351170 0
/proc/3336098/statm: 38517 36345 2092 41 0 34596 0
Current children cumulated CPU time: 1122.22 s
Current children cumulated vsize: 180976 KiB
Current children cumulated memory: 158996 KiB

[startup+1182.3 s]
/proc/loadavg: 14.12 14.15 14.01 15/818 3336961
/proc/meminfo: memFree=386218380/528004516 swapFree=8388604/8388604
[pid=3336081] ppid=3336080 vsize=26908 memory=13616 CPUtime=0.06 cores=4-5
/proc/3336081/stat : 3336081 (perf) S 3336080 3336081 3335985 0 -1 0 1738 237 0 0 5 1 0 0 20 0 1 0 922994124 27553792 3404 17179869184 93824994299904 93824996572973 140737488338256 0 0 0 134217728 4 74274 1 0 0 17 4 0 0 0 0 0 93824998874888 93825001005840 93825001308160 140737488340073 140737488340470 140737488340470 140737488351179 0
/proc/3336081/statm: 6727 3404 2099 555 0 1769 0
[pid=3336098] ppid=3336081 vsize=154068 memory=145380 CPUtime=1182.16 cores=4-5
/proc/3336098/stat : 3336098 (clingo) R 3336081 3336081 3335985 0 -1 0 65540 0 0 0 118204 12 0 0 20 0 1 0 922994132 157765632 36345 17179869184 93824992301056 93824992468925 140737488338416 0 0 0 134217728 4 25184771 0 0 0 17 4 0 0 0 0 0 93824992533936 93824992571272 93824992575488 140737488340183 140737488340354 140737488340354 140737488351170 0
/proc/3336098/statm: 38517 36345 2092 41 0 34596 0
Current children cumulated CPU time: 1182.22 s
Current children cumulated vsize: 180976 KiB
Current children cumulated memory: 158996 KiB



Maximum wall clock time exceeded: sending SIGTERM then SIGKILL

[startup+1205 s]*
/proc/loadavg: 14.31 14.19 14.02 14/825 3337657
/proc/meminfo: memFree=386943956/528004516 swapFree=8388604/8388604
[pid=3336081] ppid=3336080 vsize=26908 memory=13616 CPUtime=0.06 cores=4-5
/proc/3336081/stat : 3336081 (perf) S 3336080 3336081 3335985 0 -1 0 1738 237 0 0 5 1 0 0 20 0 1 0 922994124 27553792 3404 17179869184 93824994299904 93824996572973 140737488338256 0 0 0 134217728 4 74274 1 0 0 17 4 0 0 0 0 0 93824998874888 93825001005840 93825001308160 140737488340073 140737488340470 140737488340470 140737488351179 0
/proc/3336081/statm: 6727 3404 2099 555 0 1769 0
[pid=3336098] ppid=3336081 vsize=154068 memory=145380 CPUtime=1204.87 cores=4-5
/proc/3336098/stat : 3336098 (clingo) R 3336081 3336081 3335985 0 -1 0 65540 0 0 0 120475 12 0 0 20 0 1 0 922994132 157765632 36345 17179869184 93824992301056 93824992468925 140737488338416 0 0 0 134217728 4 25184771 0 0 0 17 4 0 0 0 0 0 93824992533936 93824992571272 93824992575488 140737488340183 140737488340354 140737488340354 140737488351170 0
/proc/3336098/statm: 38517 36345 2092 41 0 34596 0
Current children cumulated CPU time: 1204.93 s
Current children cumulated vsize: 180976 KiB
Current children cumulated memory: 158996 KiB

Sending SIGINT to process tree (bottom up)
Sleeping 5 seconds

[startup+1205.03 s]
# the end of solver process 3336081 was just reported to runsolver
# cumulated CPU time of all completed processes:  user=1204.83 s, system=0.152955 s

Solver just ended.
??? end of watcher thread
Dumping a history of the last processes samples

Child status: 1
Real time (s): 1205.03
CPU time (s): 1204.98
CPU user time (s): 1204.83
CPU system time (s): 0.152955
CPU usage (%): 99.9959
Max. virtual memory (cumulated for all children) (KiB): 180976
Max. memory (cumulated for all children) (KiB): 158996

getrusage(RUSAGE_CHILDREN,...) data:
user time used= 1204.83
system time used= 0.152955
maximum resident set size= 145432
integral shared memory size= 0
integral unshared data size= 0
integral unshared stack size= 0
page reclaims= 67555
page faults= 0
swaps= 0
block input operations= 0
block output operations= 0
messages sent= 0
messages received= 0
signals received= 0
voluntary context switches= 17
involuntary context switches= 792


# summary of solver processes directly reported to runsolver:
#   pid: 3336081
#   total CPU time (s): 1204.98
#   total CPU user time (s): 1204.83
#   total CPU system time (s): 0.152955

??? end of timestamper thread
runsolver used 9.04844 second user time and 17.3345 second system time

The end
