runsolver version 3.4.0 (svn: 3018) Copyright (C) 2010-2013 Olivier ROUSSEL

This program is distributed in the hope that it will be useful,
but WITHOUT ANY WARRANTY; without even the implied warranty of
MERCHANTABILITY or FITNESS FOR A PARTICULAR PURPOSE.  See the
GNU General Public License for more details.

NUMA information:
  number of nodes: 2
  memory of node 0: 257635 MiB (182166 MiB free)
  memory of node 1: 257994 MiB (192933 MiB free)
  node distances:
     10  20
     20  10

command line: /dev/shm/3777933e-2e81-11f1-ac62-000c298f4621/input/runsolver -w /dev/shm/3777933e-2e81-11f1-ac62-000c298f4621/output/runsolver.log -v /dev/shm/3777933e-2e81-11f1-ac62-000c298f4621/output/varfile.log -W 1205 --rss-swap-limit 16384 -d 5 --sigint /usr/bin/perf stat -B -e task-clock,cache-references,cache-misses,cycles,instructions,branches,faults,migrations,context-switches -o /dev/shm/3777933e-2e81-11f1-ac62-000c298f4621/output/perf.log clingo /home/guests/mmacri/AMOSUM/benchmarks/GraphColouring/encoding-plain-amo.asp /dev/shm/3777933e-2e81-11f1-ac62-000c298f4621/input/0040-graph_colouring-140-0_6720.asp 

running on 2 cores: 30-31

Enforcing wall clock limit (soft limit, will send SIGTERM then SIGKILL): 1205 seconds
Enforcing RSS+Swap limit (soft limit, will send SIGTERM then SIGKILL): 16777216 KiB
Linux 5.15.0-131-generic
solver pid=370080, runsolver pid=370079
Current StackSize limit: 8192 KiB


[startup+0.100062 s]*
/proc/loadavg: 14.05 14.16 13.24 15/827 370084
/proc/meminfo: memFree=384099248/528004504 swapFree=8388604/8388604
[pid=370080] ppid=370079 vsize=26908 memory=13616 CPUtime=0.06 cores=30-31
/proc/370080/stat : 370080 (perf) S 370079 370080 370038 0 -1 0 1738 237 0 0 5 1 0 0 20 0 1 0 922976858 27553792 3404 17179869184 93824994299904 93824996572973 140737488338256 0 0 0 134217728 4 74274 1 0 0 17 31 0 0 0 0 0 93824998874888 93825001005840 93825001308160 140737488340074 140737488340471 140737488340471 140737488351179 0
/proc/370080/statm: 6727 3404 2099 555 0 1769 0
[pid=370084] ppid=370080 vsize=20440 memory=12228 CPUtime=0.03 cores=30-31
/proc/370084/stat : 370084 (clingo) R 370080 370080 370038 0 -1 0 1323 0 0 0 3 0 0 0 20 0 1 0 922976866 20930560 3057 17179869184 93824992301056 93824992468925 140737488338416 0 0 0 134217728 4 25184771 0 0 0 17 30 0 0 0 0 0 93824992533936 93824992571272 93824992575488 140737488340184 140737488340355 140737488340355 140737488351170 0
/proc/370084/statm: 5110 3057 2088 41 0 1189 0
Current children cumulated CPU time: 0.09 s
Current children cumulated vsize: 47348 KiB
Current children cumulated memory: 25844 KiB

[startup+0.218695 s]*
/proc/loadavg: 14.05 14.16 13.24 15/827 370084
/proc/meminfo: memFree=384092696/528004504 swapFree=8388604/8388604
[pid=370080] ppid=370079 vsize=26908 memory=13616 CPUtime=0.06 cores=30-31
/proc/370080/stat : 370080 (perf) S 370079 370080 370038 0 -1 0 1738 237 0 0 5 1 0 0 20 0 1 0 922976858 27553792 3404 17179869184 93824994299904 93824996572973 140737488338256 0 0 0 134217728 4 74274 1 0 0 17 31 0 0 0 0 0 93824998874888 93825001005840 93825001308160 140737488340074 140737488340471 140737488340471 140737488351179 0
/proc/370080/statm: 6727 3404 2099 555 0 1769 0
[pid=370084] ppid=370080 vsize=24136 memory=15924 CPUtime=0.15 cores=30-31
/proc/370084/stat : 370084 (clingo) R 370080 370080 370038 0 -1 0 2258 0 0 0 15 0 0 0 20 0 1 0 922976866 24715264 3981 17179869184 93824992301056 93824992468925 140737488338416 0 0 0 134217728 4 25184771 0 0 0 17 30 0 0 0 0 0 93824992533936 93824992571272 93824992575488 140737488340184 140737488340355 140737488340355 140737488351170 0
/proc/370084/statm: 6034 3981 2088 41 0 2113 0
Current children cumulated CPU time: 0.21 s
Current children cumulated vsize: 51044 KiB
Current children cumulated memory: 29540 KiB

[startup+0.318492 s]*
/proc/loadavg: 14.05 14.16 13.24 15/827 370084
/proc/meminfo: memFree=384090176/528004504 swapFree=8388604/8388604
[pid=370080] ppid=370079 vsize=26908 memory=13616 CPUtime=0.06 cores=30-31
/proc/370080/stat : 370080 (perf) S 370079 370080 370038 0 -1 0 1738 237 0 0 5 1 0 0 20 0 1 0 922976858 27553792 3404 17179869184 93824994299904 93824996572973 140737488338256 0 0 0 134217728 4 74274 1 0 0 17 31 0 0 0 0 0 93824998874888 93825001005840 93825001308160 140737488340074 140737488340471 140737488340471 140737488351179 0
/proc/370080/statm: 6727 3404 2099 555 0 1769 0
[pid=370084] ppid=370080 vsize=25324 memory=17244 CPUtime=0.25 cores=30-31
/proc/370084/stat : 370084 (clingo) R 370080 370080 370038 0 -1 0 2561 0 0 0 25 0 0 0 20 0 1 0 922976866 25931776 4311 17179869184 93824992301056 93824992468925 140737488338416 0 0 0 134217728 4 25184771 0 0 0 17 30 0 0 0 0 0 93824992533936 93824992571272 93824992575488 140737488340184 140737488340355 140737488340355 140737488351170 0
/proc/370084/statm: 6331 4311 2088 41 0 2410 0
Current children cumulated CPU time: 0.31 s
Current children cumulated vsize: 52232 KiB
Current children cumulated memory: 30860 KiB

[startup+0.700335 s]
/proc/loadavg: 14.05 14.16 13.24 15/827 370084
/proc/meminfo: memFree=384085640/528004504 swapFree=8388604/8388604
[pid=370080] ppid=370079 vsize=26908 memory=13616 CPUtime=0.06 cores=30-31
/proc/370080/stat : 370080 (perf) S 370079 370080 370038 0 -1 0 1738 237 0 0 5 1 0 0 20 0 1 0 922976858 27553792 3404 17179869184 93824994299904 93824996572973 140737488338256 0 0 0 134217728 4 74274 1 0 0 17 31 0 0 0 0 0 93824998874888 93825001005840 93825001308160 140737488340074 140737488340471 140737488340471 140737488351179 0
/proc/370080/statm: 6727 3404 2099 555 0 1769 0
[pid=370084] ppid=370080 vsize=27484 memory=19356 CPUtime=0.62 cores=30-31
/proc/370084/stat : 370084 (clingo) R 370080 370080 370038 0 -1 0 3084 0 0 0 61 1 0 0 20 0 1 0 922976866 28143616 4839 17179869184 93824992301056 93824992468925 140737488338416 0 0 0 134217728 4 25184771 0 0 0 17 30 0 0 0 0 0 93824992533936 93824992571272 93824992575488 140737488340184 140737488340355 140737488340355 140737488351170 0
/proc/370084/statm: 6871 4839 2088 41 0 2950 0
Current children cumulated CPU time: 0.68 s
Current children cumulated vsize: 54392 KiB
Current children cumulated memory: 32972 KiB

[startup+1.50034 s]
/proc/loadavg: 14.05 14.16 13.24 15/827 370084
/proc/meminfo: memFree=384079984/528004504 swapFree=8388604/8388604
[pid=370080] ppid=370079 vsize=26908 memory=13616 CPUtime=0.06 cores=30-31
/proc/370080/stat : 370080 (perf) S 370079 370080 370038 0 -1 0 1738 237 0 0 5 1 0 0 20 0 1 0 922976858 27553792 3404 17179869184 93824994299904 93824996572973 140737488338256 0 0 0 134217728 4 74274 1 0 0 17 31 0 0 0 0 0 93824998874888 93825001005840 93825001308160 140737488340074 140737488340471 140737488340471 140737488351179 0
/proc/370080/statm: 6727 3404 2099 555 0 1769 0
[pid=370084] ppid=370080 vsize=28552 memory=20412 CPUtime=1.42 cores=30-31
/proc/370084/stat : 370084 (clingo) R 370080 370080 370038 0 -1 0 3342 0 0 0 141 1 0 0 20 0 1 0 922976866 29237248 5103 17179869184 93824992301056 93824992468925 140737488338416 0 0 0 134217728 4 25184771 0 0 0 17 30 0 0 0 0 0 93824992533936 93824992571272 93824992575488 140737488340184 140737488340355 140737488340355 140737488351170 0
/proc/370084/statm: 7138 5103 2088 41 0 3217 0
Current children cumulated CPU time: 1.48 s
Current children cumulated vsize: 55460 KiB
Current children cumulated memory: 34028 KiB

[startup+3.11823 s]
/proc/loadavg: 14.05 14.16 13.24 15/827 370084
/proc/meminfo: memFree=384056828/528004504 swapFree=8388604/8388604
[pid=370080] ppid=370079 vsize=26908 memory=13616 CPUtime=0.06 cores=30-31
/proc/370080/stat : 370080 (perf) S 370079 370080 370038 0 -1 0 1738 237 0 0 5 1 0 0 20 0 1 0 922976858 27553792 3404 17179869184 93824994299904 93824996572973 140737488338256 0 0 0 134217728 4 74274 1 0 0 17 31 0 0 0 0 0 93824998874888 93825001005840 93825001308160 140737488340074 140737488340471 140737488340471 140737488351179 0
/proc/370080/statm: 6727 3404 2099 555 0 1769 0
[pid=370084] ppid=370080 vsize=32024 memory=23580 CPUtime=3.02 cores=30-31
/proc/370084/stat : 370084 (clingo) R 370080 370080 370038 0 -1 0 4153 0 0 0 301 1 0 0 20 0 1 0 922976866 32792576 5895 17179869184 93824992301056 93824992468925 140737488338416 0 0 0 134217728 4 25184771 0 0 0 17 30 0 0 0 0 0 93824992533936 93824992571272 93824992575488 140737488340184 140737488340355 140737488340355 140737488351170 0
/proc/370084/statm: 8006 5895 2088 41 0 4085 0
Current children cumulated CPU time: 3.08 s
Current children cumulated vsize: 58932 KiB
Current children cumulated memory: 37196 KiB

[startup+6.30028 s]
/proc/loadavg: 14.05 14.16 13.24 15/827 370084
/proc/meminfo: memFree=384030820/528004504 swapFree=8388604/8388604
[pid=370080] ppid=370079 vsize=26908 memory=13616 CPUtime=0.06 cores=30-31
/proc/370080/stat : 370080 (perf) S 370079 370080 370038 0 -1 0 1738 237 0 0 5 1 0 0 20 0 1 0 922976858 27553792 3404 17179869184 93824994299904 93824996572973 140737488338256 0 0 0 134217728 4 74274 1 0 0 17 31 0 0 0 0 0 93824998874888 93825001005840 93825001308160 140737488340074 140737488340471 140737488340471 140737488351179 0
/proc/370080/statm: 6727 3404 2099 555 0 1769 0
[pid=370084] ppid=370080 vsize=35740 memory=27012 CPUtime=6.21 cores=30-31
/proc/370084/stat : 370084 (clingo) R 370080 370080 370038 0 -1 0 4987 0 0 0 619 2 0 0 20 0 1 0 922976866 36597760 6753 17179869184 93824992301056 93824992468925 140737488338416 0 0 0 134217728 4 25184771 0 0 0 17 30 0 0 0 0 0 93824992533936 93824992571272 93824992575488 140737488340184 140737488340355 140737488340355 140737488351170 0
/proc/370084/statm: 8935 6753 2088 41 0 5014 0
Current children cumulated CPU time: 6.27 s
Current children cumulated vsize: 62648 KiB
Current children cumulated memory: 40628 KiB

[startup+12.7003 s]
/proc/loadavg: 14.04 14.16 13.25 15/827 370084
/proc/meminfo: memFree=383993140/528004504 swapFree=8388604/8388604
[pid=370080] ppid=370079 vsize=26908 memory=13616 CPUtime=0.06 cores=30-31
/proc/370080/stat : 370080 (perf) S 370079 370080 370038 0 -1 0 1738 237 0 0 5 1 0 0 20 0 1 0 922976858 27553792 3404 17179869184 93824994299904 93824996572973 140737488338256 0 0 0 134217728 4 74274 1 0 0 17 31 0 0 0 0 0 93824998874888 93825001005840 93825001308160 140737488340074 140737488340471 140737488340471 140737488351179 0
/proc/370080/statm: 6727 3404 2099 555 0 1769 0
[pid=370084] ppid=370080 vsize=40304 memory=30972 CPUtime=12.61 cores=30-31
/proc/370084/stat : 370084 (clingo) R 370080 370080 370038 0 -1 0 5995 0 0 0 1259 2 0 0 20 0 1 0 922976866 41271296 7743 17179869184 93824992301056 93824992468925 140737488338416 0 0 0 134217728 4 25184771 0 0 0 17 30 0 0 0 0 0 93824992533936 93824992571272 93824992575488 140737488340184 140737488340355 140737488340355 140737488351170 0
/proc/370084/statm: 10076 7743 2088 41 0 6155 0
Current children cumulated CPU time: 12.67 s
Current children cumulated vsize: 67212 KiB
Current children cumulated memory: 44588 KiB

[startup+25.5004 s]
/proc/loadavg: 14.03 14.15 13.26 15/827 370394
/proc/meminfo: memFree=384125116/528004504 swapFree=8388604/8388604
[pid=370080] ppid=370079 vsize=26908 memory=13616 CPUtime=0.06 cores=30-31
/proc/370080/stat : 370080 (perf) S 370079 370080 370038 0 -1 0 1738 237 0 0 5 1 0 0 20 0 1 0 922976858 27553792 3404 17179869184 93824994299904 93824996572973 140737488338256 0 0 0 134217728 4 74274 1 0 0 17 31 0 0 0 0 0 93824998874888 93825001005840 93825001308160 140737488340074 140737488340471 140737488340471 140737488351179 0
/proc/370080/statm: 6727 3404 2099 555 0 1769 0
[pid=370084] ppid=370080 vsize=43816 memory=34140 CPUtime=25.41 cores=30-31
/proc/370084/stat : 370084 (clingo) R 370080 370080 370038 0 -1 0 6801 0 0 0 2539 2 0 0 20 0 1 0 922976866 44867584 8535 17179869184 93824992301056 93824992468925 140737488338416 0 0 0 134217728 4 25184771 0 0 0 17 30 0 0 0 0 0 93824992533936 93824992571272 93824992575488 140737488340184 140737488340355 140737488340355 140737488351170 0
/proc/370084/statm: 10954 8535 2088 41 0 7033 0
Current children cumulated CPU time: 25.47 s
Current children cumulated vsize: 70724 KiB
Current children cumulated memory: 47756 KiB

[startup+51.1183 s]
/proc/loadavg: 14.08 14.15 13.28 15/830 370603
/proc/meminfo: memFree=384168924/528004504 swapFree=8388604/8388604
[pid=370080] ppid=370079 vsize=26908 memory=13616 CPUtime=0.06 cores=30-31
/proc/370080/stat : 370080 (perf) S 370079 370080 370038 0 -1 0 1738 237 0 0 5 1 0 0 20 0 1 0 922976858 27553792 3404 17179869184 93824994299904 93824996572973 140737488338256 0 0 0 134217728 4 74274 1 0 0 17 31 0 0 0 0 0 93824998874888 93825001005840 93825001308160 140737488340074 140737488340471 140737488340471 140737488351179 0
/proc/370080/statm: 6727 3404 2099 555 0 1769 0
[pid=370084] ppid=370080 vsize=49480 memory=39684 CPUtime=51.03 cores=30-31
/proc/370084/stat : 370084 (clingo) R 370080 370080 370038 0 -1 0 8151 0 0 0 5101 2 0 0 20 0 1 0 922976866 50667520 9921 17179869184 93824992301056 93824992468925 140737488338416 0 0 0 134217728 4 25184771 0 0 0 17 30 0 0 0 0 0 93824992533936 93824992571272 93824992575488 140737488340184 140737488340355 140737488340355 140737488351170 0
/proc/370084/statm: 12370 9921 2088 41 0 8449 0
Current children cumulated CPU time: 51.09 s
Current children cumulated vsize: 76388 KiB
Current children cumulated memory: 53300 KiB

[startup+102.3 s]
/proc/loadavg: 14.03 14.13 13.32 15/832 370651
/proc/meminfo: memFree=384023236/528004504 swapFree=8388604/8388604
[pid=370080] ppid=370079 vsize=26908 memory=13616 CPUtime=0.06 cores=30-31
/proc/370080/stat : 370080 (perf) S 370079 370080 370038 0 -1 0 1738 237 0 0 5 1 0 0 20 0 1 0 922976858 27553792 3404 17179869184 93824994299904 93824996572973 140737488338256 0 0 0 134217728 4 74274 1 0 0 17 31 0 0 0 0 0 93824998874888 93825001005840 93825001308160 140737488340074 140737488340471 140737488340471 140737488351179 0
/proc/370080/statm: 6727 3404 2099 555 0 1769 0
[pid=370084] ppid=370080 vsize=56520 memory=46020 CPUtime=102.22 cores=30-31
/proc/370084/stat : 370084 (clingo) R 370080 370080 370038 0 -1 0 9773 0 0 0 10219 3 0 0 20 0 1 0 922976866 57876480 11505 17179869184 93824992301056 93824992468925 140737488338416 0 0 0 134217728 4 25184771 0 0 0 17 30 0 0 0 0 0 93824992533936 93824992571272 93824992575488 140737488340184 140737488340355 140737488340355 140737488351170 0
/proc/370084/statm: 14130 11505 2088 41 0 10209 0
Current children cumulated CPU time: 102.28 s
Current children cumulated vsize: 83428 KiB
Current children cumulated memory: 59636 KiB

[startup+162.3 s]
/proc/loadavg: 14.01 14.10 13.37 15/833 370655
/proc/meminfo: memFree=383911468/528004504 swapFree=8388604/8388604
[pid=370080] ppid=370079 vsize=26908 memory=13616 CPUtime=0.06 cores=30-31
/proc/370080/stat : 370080 (perf) S 370079 370080 370038 0 -1 0 1738 237 0 0 5 1 0 0 20 0 1 0 922976858 27553792 3404 17179869184 93824994299904 93824996572973 140737488338256 0 0 0 134217728 4 74274 1 0 0 17 31 0 0 0 0 0 93824998874888 93825001005840 93825001308160 140737488340074 140737488340471 140737488340471 140737488351179 0
/proc/370080/statm: 6727 3404 2099 555 0 1769 0
[pid=370084] ppid=370080 vsize=61980 memory=51300 CPUtime=162.21 cores=30-31
/proc/370084/stat : 370084 (clingo) R 370080 370080 370038 0 -1 0 11071 0 0 0 16218 3 0 0 20 0 1 0 922976866 63467520 12825 17179869184 93824992301056 93824992468925 140737488338416 0 0 0 134217728 4 25184771 0 0 0 17 30 0 0 0 0 0 93824992533936 93824992571272 93824992575488 140737488340184 140737488340355 140737488340355 140737488351170 0
/proc/370084/statm: 15495 12825 2088 41 0 11574 0
Current children cumulated CPU time: 162.27 s
Current children cumulated vsize: 88888 KiB
Current children cumulated memory: 64916 KiB

[startup+222.3 s]
/proc/loadavg: 14.00 14.08 13.41 15/832 370658
/proc/meminfo: memFree=383813520/528004504 swapFree=8388604/8388604
[pid=370080] ppid=370079 vsize=26908 memory=13616 CPUtime=0.06 cores=30-31
/proc/370080/stat : 370080 (perf) S 370079 370080 370038 0 -1 0 1738 237 0 0 5 1 0 0 20 0 1 0 922976858 27553792 3404 17179869184 93824994299904 93824996572973 140737488338256 0 0 0 134217728 4 74274 1 0 0 17 31 0 0 0 0 0 93824998874888 93825001005840 93825001308160 140737488340074 140737488340471 140737488340471 140737488351179 0
/proc/370080/statm: 6727 3404 2099 555 0 1769 0
[pid=370084] ppid=370080 vsize=66912 memory=56052 CPUtime=222.21 cores=30-31
/proc/370084/stat : 370084 (clingo) R 370080 370080 370038 0 -1 0 12240 0 0 0 22217 4 0 0 20 0 1 0 922976866 68517888 14013 17179869184 93824992301056 93824992468925 140737488338416 0 0 0 134217728 4 25184771 0 0 0 17 30 0 0 0 0 0 93824992533936 93824992571272 93824992575488 140737488340184 140737488340355 140737488340355 140737488351170 0
/proc/370084/statm: 16728 14013 2088 41 0 12807 0
Current children cumulated CPU time: 222.27 s
Current children cumulated vsize: 93820 KiB
Current children cumulated memory: 69668 KiB

[startup+282.3 s]
/proc/loadavg: 14.00 14.06 13.45 15/832 370661
/proc/meminfo: memFree=383735696/528004504 swapFree=8388604/8388604
[pid=370080] ppid=370079 vsize=26908 memory=13616 CPUtime=0.06 cores=30-31
/proc/370080/stat : 370080 (perf) S 370079 370080 370038 0 -1 0 1738 237 0 0 5 1 0 0 20 0 1 0 922976858 27553792 3404 17179869184 93824994299904 93824996572973 140737488338256 0 0 0 134217728 4 74274 1 0 0 17 31 0 0 0 0 0 93824998874888 93825001005840 93825001308160 140737488340074 140737488340471 140737488340471 140737488351179 0
/proc/370080/statm: 6727 3404 2099 555 0 1769 0
[pid=370084] ppid=370080 vsize=71656 memory=60012 CPUtime=282.21 cores=30-31
/proc/370084/stat : 370084 (clingo) R 370080 370080 370038 0 -1 0 13270 0 0 0 28217 4 0 0 20 0 1 0 922976866 73375744 15003 17179869184 93824992301056 93824992468925 140737488338416 0 0 0 134217728 4 25184771 0 0 0 17 30 0 0 0 0 0 93824992533936 93824992571272 93824992575488 140737488340184 140737488340355 140737488340355 140737488351170 0
/proc/370084/statm: 17914 15003 2088 41 0 13993 0
Current children cumulated CPU time: 282.27 s
Current children cumulated vsize: 98564 KiB
Current children cumulated memory: 73628 KiB

[startup+342.3 s]
/proc/loadavg: 15.09 14.33 13.58 15/812 370666
/proc/meminfo: memFree=383666272/528004504 swapFree=8388604/8388604
[pid=370080] ppid=370079 vsize=26908 memory=13616 CPUtime=0.06 cores=30-31
/proc/370080/stat : 370080 (perf) S 370079 370080 370038 0 -1 0 1738 237 0 0 5 1 0 0 20 0 1 0 922976858 27553792 3404 17179869184 93824994299904 93824996572973 140737488338256 0 0 0 134217728 4 74274 1 0 0 17 31 0 0 0 0 0 93824998874888 93825001005840 93825001308160 140737488340074 140737488340471 140737488340471 140737488351179 0
/proc/370080/statm: 6727 3404 2099 555 0 1769 0
[pid=370084] ppid=370080 vsize=79620 memory=66612 CPUtime=342.21 cores=30-31
/proc/370084/stat : 370084 (clingo) R 370080 370080 370038 0 -1 0 14916 0 0 0 34217 4 0 0 20 0 1 0 922976866 81530880 16653 17179869184 93824992301056 93824992468925 140737488338416 0 0 0 134217728 4 25184771 0 0 0 17 30 0 0 0 0 0 93824992533936 93824992571272 93824992575488 140737488340184 140737488340355 140737488340355 140737488351170 0
/proc/370084/statm: 19905 16653 2088 41 0 15984 0
Current children cumulated CPU time: 342.27 s
Current children cumulated vsize: 106528 KiB
Current children cumulated memory: 80228 KiB

[startup+402.3 s]
/proc/loadavg: 14.40 14.27 13.61 15/808 370669
/proc/meminfo: memFree=383601804/528004504 swapFree=8388604/8388604
[pid=370080] ppid=370079 vsize=26908 memory=13616 CPUtime=0.06 cores=30-31
/proc/370080/stat : 370080 (perf) S 370079 370080 370038 0 -1 0 1738 237 0 0 5 1 0 0 20 0 1 0 922976858 27553792 3404 17179869184 93824994299904 93824996572973 140737488338256 0 0 0 134217728 4 74274 1 0 0 17 31 0 0 0 0 0 93824998874888 93825001005840 93825001308160 140737488340074 140737488340471 140737488340471 140737488351179 0
/proc/370080/statm: 6727 3404 2099 555 0 1769 0
[pid=370084] ppid=370080 vsize=82276 memory=69252 CPUtime=402.21 cores=30-31
/proc/370084/stat : 370084 (clingo) R 370080 370080 370038 0 -1 0 15549 0 0 0 40216 5 0 0 20 0 1 0 922976866 84250624 17313 17179869184 93824992301056 93824992468925 140737488338416 0 0 0 134217728 4 25184771 0 0 0 17 30 0 0 0 0 0 93824992533936 93824992571272 93824992575488 140737488340184 140737488340355 140737488340355 140737488351170 0
/proc/370084/statm: 20569 17313 2088 41 0 16648 0
Current children cumulated CPU time: 402.27 s
Current children cumulated vsize: 109184 KiB
Current children cumulated memory: 82868 KiB

[startup+462.3 s]
/proc/loadavg: 14.14 14.22 13.64 15/809 370673
/proc/meminfo: memFree=383545112/528004504 swapFree=8388604/8388604
[pid=370080] ppid=370079 vsize=26908 memory=13616 CPUtime=0.06 cores=30-31
/proc/370080/stat : 370080 (perf) S 370079 370080 370038 0 -1 0 1738 237 0 0 5 1 0 0 20 0 1 0 922976858 27553792 3404 17179869184 93824994299904 93824996572973 140737488338256 0 0 0 134217728 4 74274 1 0 0 17 31 0 0 0 0 0 93824998874888 93825001005840 93825001308160 140737488340074 140737488340471 140737488340471 140737488351179 0
/proc/370080/statm: 6727 3404 2099 555 0 1769 0
[pid=370084] ppid=370080 vsize=83416 memory=70572 CPUtime=462.21 cores=30-31
/proc/370084/stat : 370084 (clingo) R 370080 370080 370038 0 -1 0 15905 0 0 0 46216 5 0 0 20 0 1 0 922976866 85417984 17643 17179869184 93824992301056 93824992468925 140737488338416 0 0 0 134217728 4 25184771 0 0 0 17 30 0 0 0 0 0 93824992533936 93824992571272 93824992575488 140737488340184 140737488340355 140737488340355 140737488351170 0
/proc/370084/statm: 20854 17643 2088 41 0 16933 0
Current children cumulated CPU time: 462.27 s
Current children cumulated vsize: 110324 KiB
Current children cumulated memory: 84188 KiB

[startup+522.3 s]
/proc/loadavg: 14.05 14.18 13.66 15/810 370678
/proc/meminfo: memFree=383502320/528004504 swapFree=8388604/8388604
[pid=370080] ppid=370079 vsize=26908 memory=13616 CPUtime=0.06 cores=30-31
/proc/370080/stat : 370080 (perf) S 370079 370080 370038 0 -1 0 1738 237 0 0 5 1 0 0 20 0 1 0 922976858 27553792 3404 17179869184 93824994299904 93824996572973 140737488338256 0 0 0 134217728 4 74274 1 0 0 17 31 0 0 0 0 0 93824998874888 93825001005840 93825001308160 140737488340074 140737488340471 140737488340471 140737488351179 0
/proc/370080/statm: 6727 3404 2099 555 0 1769 0
[pid=370084] ppid=370080 vsize=86448 memory=73476 CPUtime=522.21 cores=30-31
/proc/370084/stat : 370084 (clingo) R 370080 370080 370038 0 -1 0 16633 0 0 0 52216 5 0 0 20 0 1 0 922976866 88522752 18369 17179869184 93824992301056 93824992468925 140737488338416 0 0 0 134217728 4 25184771 0 0 0 17 30 0 0 0 0 0 93824992533936 93824992571272 93824992575488 140737488340184 140737488340355 140737488340355 140737488351170 0
/proc/370084/statm: 21612 18369 2088 41 0 17691 0
Current children cumulated CPU time: 522.27 s
Current children cumulated vsize: 113356 KiB
Current children cumulated memory: 87092 KiB

[startup+582.3 s]
/proc/loadavg: 14.31 14.22 13.71 15/810 370681
/proc/meminfo: memFree=383458496/528004504 swapFree=8388604/8388604
[pid=370080] ppid=370079 vsize=26908 memory=13616 CPUtime=0.06 cores=30-31
/proc/370080/stat : 370080 (perf) S 370079 370080 370038 0 -1 0 1738 237 0 0 5 1 0 0 20 0 1 0 922976858 27553792 3404 17179869184 93824994299904 93824996572973 140737488338256 0 0 0 134217728 4 74274 1 0 0 17 31 0 0 0 0 0 93824998874888 93825001005840 93825001308160 140737488340074 140737488340471 140737488340471 140737488351179 0
/proc/370080/statm: 6727 3404 2099 555 0 1769 0
[pid=370084] ppid=370080 vsize=86828 memory=74268 CPUtime=582.21 cores=30-31
/proc/370084/stat : 370084 (clingo) R 370080 370080 370038 0 -1 0 16826 0 0 0 58216 5 0 0 20 0 1 0 922976866 88911872 18567 17179869184 93824992301056 93824992468925 140737488338416 0 0 0 134217728 4 25184771 0 0 0 17 30 0 0 0 0 0 93824992533936 93824992571272 93824992575488 140737488340184 140737488340355 140737488340355 140737488351170 0
/proc/370084/statm: 21707 18567 2088 41 0 17786 0
Current children cumulated CPU time: 582.27 s
Current children cumulated vsize: 113736 KiB
Current children cumulated memory: 87884 KiB

[startup+642.3 s]
/proc/loadavg: 14.88 14.37 13.80 15/810 370684
/proc/meminfo: memFree=383417948/528004504 swapFree=8388604/8388604
[pid=370080] ppid=370079 vsize=26908 memory=13616 CPUtime=0.06 cores=30-31
/proc/370080/stat : 370080 (perf) S 370079 370080 370038 0 -1 0 1738 237 0 0 5 1 0 0 20 0 1 0 922976858 27553792 3404 17179869184 93824994299904 93824996572973 140737488338256 0 0 0 134217728 4 74274 1 0 0 17 31 0 0 0 0 0 93824998874888 93825001005840 93825001308160 140737488340074 140737488340471 140737488340471 140737488351179 0
/proc/370080/statm: 6727 3404 2099 555 0 1769 0
[pid=370084] ppid=370080 vsize=87720 memory=75588 CPUtime=642.21 cores=30-31
/proc/370084/stat : 370084 (clingo) R 370080 370080 370038 0 -1 0 17132 0 0 0 64216 5 0 0 20 0 1 0 922976866 89825280 18897 17179869184 93824992301056 93824992468925 140737488338416 0 0 0 134217728 4 25184771 0 0 0 17 30 0 0 0 0 0 93824992533936 93824992571272 93824992575488 140737488340184 140737488340355 140737488340355 140737488351170 0
/proc/370084/statm: 21930 18897 2088 41 0 18009 0
Current children cumulated CPU time: 642.27 s
Current children cumulated vsize: 114628 KiB
Current children cumulated memory: 89204 KiB

[startup+702.3 s]
/proc/loadavg: 14.90 14.53 13.90 15/810 370687
/proc/meminfo: memFree=383373376/528004504 swapFree=8388604/8388604
[pid=370080] ppid=370079 vsize=26908 memory=13616 CPUtime=0.06 cores=30-31
/proc/370080/stat : 370080 (perf) S 370079 370080 370038 0 -1 0 1738 237 0 0 5 1 0 0 20 0 1 0 922976858 27553792 3404 17179869184 93824994299904 93824996572973 140737488338256 0 0 0 134217728 4 74274 1 0 0 17 31 0 0 0 0 0 93824998874888 93825001005840 93825001308160 140737488340074 140737488340471 140737488340471 140737488351179 0
/proc/370080/statm: 6727 3404 2099 555 0 1769 0
[pid=370084] ppid=370080 vsize=88652 memory=76908 CPUtime=702.21 cores=30-31
/proc/370084/stat : 370084 (clingo) R 370080 370080 370038 0 -1 0 17489 0 0 0 70216 5 0 0 20 0 1 0 922976866 90779648 19227 17179869184 93824992301056 93824992468925 140737488338416 0 0 0 134217728 4 25184771 0 0 0 17 30 0 0 0 0 0 93824992533936 93824992571272 93824992575488 140737488340184 140737488340355 140737488340355 140737488351170 0
/proc/370084/statm: 22163 19227 2088 41 0 18242 0
Current children cumulated CPU time: 702.27 s
Current children cumulated vsize: 115560 KiB
Current children cumulated memory: 90524 KiB

[startup+762.3 s]
/proc/loadavg: 14.40 14.45 13.91 15/810 370690
/proc/meminfo: memFree=383340200/528004504 swapFree=8388604/8388604
[pid=370080] ppid=370079 vsize=26908 memory=13616 CPUtime=0.06 cores=30-31
/proc/370080/stat : 370080 (perf) S 370079 370080 370038 0 -1 0 1738 237 0 0 5 1 0 0 20 0 1 0 922976858 27553792 3404 17179869184 93824994299904 93824996572973 140737488338256 0 0 0 134217728 4 74274 1 0 0 17 31 0 0 0 0 0 93824998874888 93825001005840 93825001308160 140737488340074 140737488340471 140737488340471 140737488351179 0
/proc/370080/statm: 6727 3404 2099 555 0 1769 0
[pid=370084] ppid=370080 vsize=92036 memory=79812 CPUtime=762.21 cores=30-31
/proc/370084/stat : 370084 (clingo) R 370080 370080 370038 0 -1 0 18200 0 0 0 76216 5 0 0 20 0 1 0 922976866 94244864 19953 17179869184 93824992301056 93824992468925 140737488338416 0 0 0 134217728 4 25184771 0 0 0 17 30 0 0 0 0 0 93824992533936 93824992571272 93824992575488 140737488340184 140737488340355 140737488340355 140737488351170 0
/proc/370084/statm: 23009 19953 2088 41 0 19088 0
Current children cumulated CPU time: 762.27 s
Current children cumulated vsize: 118944 KiB
Current children cumulated memory: 93428 KiB

[startup+822.3 s]
/proc/loadavg: 14.15 14.36 13.92 15/808 370693
/proc/meminfo: memFree=383297936/528004504 swapFree=8388604/8388604
[pid=370080] ppid=370079 vsize=26908 memory=13616 CPUtime=0.06 cores=30-31
/proc/370080/stat : 370080 (perf) S 370079 370080 370038 0 -1 0 1738 237 0 0 5 1 0 0 20 0 1 0 922976858 27553792 3404 17179869184 93824994299904 93824996572973 140737488338256 0 0 0 134217728 4 74274 1 0 0 17 31 0 0 0 0 0 93824998874888 93825001005840 93825001308160 140737488340074 140737488340471 140737488340471 140737488351179 0
/proc/370080/statm: 6727 3404 2099 555 0 1769 0
[pid=370084] ppid=370080 vsize=95492 memory=82980 CPUtime=822.21 cores=30-31
/proc/370084/stat : 370084 (clingo) R 370080 370080 370038 0 -1 0 18971 0 0 0 82216 5 0 0 20 0 1 0 922976866 97783808 20745 17179869184 93824992301056 93824992468925 140737488338416 0 0 0 134217728 4 25184771 0 0 0 17 30 0 0 0 0 0 93824992533936 93824992571272 93824992575488 140737488340184 140737488340355 140737488340355 140737488351170 0
/proc/370084/statm: 23873 20745 2088 41 0 19952 0
Current children cumulated CPU time: 822.27 s
Current children cumulated vsize: 122400 KiB
Current children cumulated memory: 96596 KiB

[startup+882.3 s]
/proc/loadavg: 14.13 14.31 13.93 15/808 370696
/proc/meminfo: memFree=383250148/528004504 swapFree=8388604/8388604
[pid=370080] ppid=370079 vsize=26908 memory=13616 CPUtime=0.06 cores=30-31
/proc/370080/stat : 370080 (perf) S 370079 370080 370038 0 -1 0 1738 237 0 0 5 1 0 0 20 0 1 0 922976858 27553792 3404 17179869184 93824994299904 93824996572973 140737488338256 0 0 0 134217728 4 74274 1 0 0 17 31 0 0 0 0 0 93824998874888 93825001005840 93825001308160 140737488340074 140737488340471 140737488340471 140737488351179 0
/proc/370080/statm: 6727 3404 2099 555 0 1769 0
[pid=370084] ppid=370080 vsize=96932 memory=84300 CPUtime=882.21 cores=30-31
/proc/370084/stat : 370084 (clingo) R 370080 370080 370038 0 -1 0 19311 0 0 0 88216 5 0 0 20 0 1 0 922976866 99258368 21075 17179869184 93824992301056 93824992468925 140737488338416 0 0 0 134217728 4 25184771 0 0 0 17 30 0 0 0 0 0 93824992533936 93824992571272 93824992575488 140737488340184 140737488340355 140737488340355 140737488351170 0
/proc/370084/statm: 24233 21075 2088 41 0 20312 0
Current children cumulated CPU time: 882.27 s
Current children cumulated vsize: 123840 KiB
Current children cumulated memory: 97916 KiB

[startup+942.3 s]
/proc/loadavg: 14.15 14.30 13.95 15/808 370700
/proc/meminfo: memFree=383220524/528004504 swapFree=8388604/8388604
[pid=370080] ppid=370079 vsize=26908 memory=13616 CPUtime=0.06 cores=30-31
/proc/370080/stat : 370080 (perf) S 370079 370080 370038 0 -1 0 1738 237 0 0 5 1 0 0 20 0 1 0 922976858 27553792 3404 17179869184 93824994299904 93824996572973 140737488338256 0 0 0 134217728 4 74274 1 0 0 17 31 0 0 0 0 0 93824998874888 93825001005840 93825001308160 140737488340074 140737488340471 140737488340471 140737488351179 0
/proc/370080/statm: 6727 3404 2099 555 0 1769 0
[pid=370084] ppid=370080 vsize=99524 memory=86412 CPUtime=942.21 cores=30-31
/proc/370084/stat : 370084 (clingo) R 370080 370080 370038 0 -1 0 19870 0 0 0 94216 5 0 0 20 0 1 0 922976866 101912576 21603 17179869184 93824992301056 93824992468925 140737488338416 0 0 0 134217728 4 25184771 0 0 0 17 30 0 0 0 0 0 93824992533936 93824992571272 93824992575488 140737488340184 140737488340355 140737488340355 140737488351170 0
/proc/370084/statm: 24881 21603 2088 41 0 20960 0
Current children cumulated CPU time: 942.27 s
Current children cumulated vsize: 126432 KiB
Current children cumulated memory: 100028 KiB

[startup+1002.3 s]
/proc/loadavg: 14.20 14.30 13.98 15/808 370703
/proc/meminfo: memFree=383178820/528004504 swapFree=8388604/8388604
[pid=370080] ppid=370079 vsize=26908 memory=13616 CPUtime=0.06 cores=30-31
/proc/370080/stat : 370080 (perf) S 370079 370080 370038 0 -1 0 1738 237 0 0 5 1 0 0 20 0 1 0 922976858 27553792 3404 17179869184 93824994299904 93824996572973 140737488338256 0 0 0 134217728 4 74274 1 0 0 17 31 0 0 0 0 0 93824998874888 93825001005840 93825001308160 140737488340074 140737488340471 140737488340471 140737488351179 0
/proc/370080/statm: 6727 3404 2099 555 0 1769 0
[pid=370084] ppid=370080 vsize=102404 memory=88788 CPUtime=1002.21 cores=30-31
/proc/370084/stat : 370084 (clingo) R 370080 370080 370038 0 -1 0 20446 0 0 0 100216 5 0 0 20 0 1 0 922976866 104861696 22197 17179869184 93824992301056 93824992468925 140737488338416 0 0 0 134217728 4 25184771 0 0 0 17 30 0 0 0 0 0 93824992533936 93824992571272 93824992575488 140737488340184 140737488340355 140737488340355 140737488351170 0
/proc/370084/statm: 25601 22197 2088 41 0 21680 0
Current children cumulated CPU time: 1002.27 s
Current children cumulated vsize: 129312 KiB
Current children cumulated memory: 102404 KiB

[startup+1062.3 s]
/proc/loadavg: 14.07 14.24 13.99 15/808 370705
/proc/meminfo: memFree=383141228/528004504 swapFree=8388604/8388604
[pid=370080] ppid=370079 vsize=26908 memory=13616 CPUtime=0.06 cores=30-31
/proc/370080/stat : 370080 (perf) S 370079 370080 370038 0 -1 0 1738 237 0 0 5 1 0 0 20 0 1 0 922976858 27553792 3404 17179869184 93824994299904 93824996572973 140737488338256 0 0 0 134217728 4 74274 1 0 0 17 31 0 0 0 0 0 93824998874888 93825001005840 93825001308160 140737488340074 140737488340471 140737488340471 140737488351179 0
/proc/370080/statm: 6727 3404 2099 555 0 1769 0
[pid=370084] ppid=370080 vsize=106148 memory=91956 CPUtime=1062.2 cores=30-31
/proc/370084/stat : 370084 (clingo) R 370080 370080 370038 0 -1 0 21212 0 0 0 106215 5 0 0 20 0 1 0 922976866 108695552 22989 17179869184 93824992301056 93824992468925 140737488338416 0 0 0 134217728 4 25184771 0 0 0 17 30 0 0 0 0 0 93824992533936 93824992571272 93824992575488 140737488340184 140737488340355 140737488340355 140737488351170 0
/proc/370084/statm: 26537 22989 2088 41 0 22616 0
Current children cumulated CPU time: 1062.26 s
Current children cumulated vsize: 133056 KiB
Current children cumulated memory: 105572 KiB

[startup+1122.3 s]
/proc/loadavg: 14.02 14.19 13.99 15/808 370708
/proc/meminfo: memFree=383109852/528004504 swapFree=8388604/8388604
[pid=370080] ppid=370079 vsize=26908 memory=13616 CPUtime=0.06 cores=30-31
/proc/370080/stat : 370080 (perf) S 370079 370080 370038 0 -1 0 1738 237 0 0 5 1 0 0 20 0 1 0 922976858 27553792 3404 17179869184 93824994299904 93824996572973 140737488338256 0 0 0 134217728 4 74274 1 0 0 17 31 0 0 0 0 0 93824998874888 93825001005840 93825001308160 140737488340074 140737488340471 140737488340471 140737488351179 0
/proc/370080/statm: 6727 3404 2099 555 0 1769 0
[pid=370084] ppid=370080 vsize=111332 memory=95916 CPUtime=1122.21 cores=30-31
/proc/370084/stat : 370084 (clingo) R 370080 370080 370038 0 -1 0 22238 0 0 0 112215 6 0 0 20 0 1 0 922976866 114003968 23979 17179869184 93824992301056 93824992468925 140737488338416 0 0 0 134217728 4 25184771 0 0 0 17 30 0 0 0 0 0 93824992533936 93824992571272 93824992575488 140737488340184 140737488340355 140737488340355 140737488351170 0
/proc/370084/statm: 27833 23979 2088 41 0 23912 0
Current children cumulated CPU time: 1122.27 s
Current children cumulated vsize: 138240 KiB
Current children cumulated memory: 109532 KiB

[startup+1182.3 s]
/proc/loadavg: 14.21 14.22 14.01 15/808 370711
/proc/meminfo: memFree=383072972/528004504 swapFree=8388604/8388604
[pid=370080] ppid=370079 vsize=26908 memory=13616 CPUtime=0.06 cores=30-31
/proc/370080/stat : 370080 (perf) S 370079 370080 370038 0 -1 0 1738 237 0 0 5 1 0 0 20 0 1 0 922976858 27553792 3404 17179869184 93824994299904 93824996572973 140737488338256 0 0 0 134217728 4 74274 1 0 0 17 31 0 0 0 0 0 93824998874888 93825001005840 93825001308160 140737488340074 140737488340471 140737488340471 140737488351179 0
/proc/370080/statm: 6727 3404 2099 555 0 1769 0
[pid=370084] ppid=370080 vsize=113924 memory=98028 CPUtime=1182.21 cores=30-31
/proc/370084/stat : 370084 (clingo) R 370080 370080 370038 0 -1 0 22774 0 0 0 118215 6 0 0 20 0 1 0 922976866 116658176 24507 17179869184 93824992301056 93824992468925 140737488338416 0 0 0 134217728 4 25184771 0 0 0 17 30 0 0 0 0 0 93824992533936 93824992571272 93824992575488 140737488340184 140737488340355 140737488340355 140737488351170 0
/proc/370084/statm: 28481 24507 2088 41 0 24560 0
Current children cumulated CPU time: 1182.27 s
Current children cumulated vsize: 140832 KiB
Current children cumulated memory: 111644 KiB



Maximum wall clock time exceeded: sending SIGTERM then SIGKILL

[startup+1205 s]*
/proc/loadavg: 14.14 14.20 14.01 15/825 371757
/proc/meminfo: memFree=383889328/528004504 swapFree=8388604/8388604
[pid=370080] ppid=370079 vsize=26908 memory=13616 CPUtime=0.06 cores=30-31
/proc/370080/stat : 370080 (perf) S 370079 370080 370038 0 -1 0 1738 237 0 0 5 1 0 0 20 0 1 0 922976858 27553792 3404 17179869184 93824994299904 93824996572973 140737488338256 0 0 0 134217728 4 74274 1 0 0 17 31 0 0 0 0 0 93824998874888 93825001005840 93825001308160 140737488340074 140737488340471 140737488340471 140737488351179 0
/proc/370080/statm: 6727 3404 2099 555 0 1769 0
[pid=370084] ppid=370080 vsize=114500 memory=98556 CPUtime=1204.92 cores=30-31
/proc/370084/stat : 370084 (clingo) R 370080 370080 370038 0 -1 0 22917 0 0 0 120486 6 0 0 20 0 1 0 922976866 117248000 24639 17179869184 93824992301056 93824992468925 140737488338416 0 0 0 134217728 4 25184771 0 0 0 17 30 0 0 0 0 0 93824992533936 93824992571272 93824992575488 140737488340184 140737488340355 140737488340355 140737488351170 0
/proc/370084/statm: 28625 24639 2088 41 0 24704 0
Current children cumulated CPU time: 1204.98 s
Current children cumulated vsize: 141408 KiB
Current children cumulated memory: 112172 KiB

Sending SIGINT to process tree (bottom up)
Sleeping 5 seconds

[startup+1205.03 s]
# the end of solver process 370080 was just reported to runsolver
# cumulated CPU time of all completed processes:  user=1204.93 s, system=0.090308 s

Solver just ended.
??? end of watcher thread
Dumping a history of the last processes samples

Child status: 1
Real time (s): 1205.03
CPU time (s): 1205.02
CPU user time (s): 1204.93
CPU system time (s): 0.090308
CPU usage (%): 99.9996
Max. virtual memory (cumulated for all children) (KiB): 141408
Max. memory (cumulated for all children) (KiB): 112172

getrusage(RUSAGE_CHILDREN,...) data:
user time used= 1204.93
system time used= 0.090308
maximum resident set size= 98832
integral shared memory size= 0
integral unshared data size= 0
integral unshared stack size= 0
page reclaims= 24932
page faults= 0
swaps= 0
block input operations= 0
block output operations= 0
messages sent= 0
messages received= 0
signals received= 0
voluntary context switches= 18
involuntary context switches= 937


# summary of solver processes directly reported to runsolver:
#   pid: 370080
#   total CPU time (s): 1205.02
#   total CPU user time (s): 1204.93
#   total CPU system time (s): 0.090308

??? end of timestamper thread
runsolver used 8.309 second user time and 14.8702 second system time

The end
