runsolver version 3.4.0 (svn: 3018) Copyright (C) 2010-2013 Olivier ROUSSEL

This program is distributed in the hope that it will be useful,
but WITHOUT ANY WARRANTY; without even the implied warranty of
MERCHANTABILITY or FITNESS FOR A PARTICULAR PURPOSE.  See the
GNU General Public License for more details.

NUMA information:
  number of nodes: 2
  memory of node 0: 257635 MiB (189188 MiB free)
  memory of node 1: 257994 MiB (189011 MiB free)
  node distances:
     10  20
     20  10

command line: /dev/shm/3733bc18-2e81-11f1-ac62-000c298f4621/input/runsolver -w /dev/shm/3733bc18-2e81-11f1-ac62-000c298f4621/output/runsolver.log -v /dev/shm/3733bc18-2e81-11f1-ac62-000c298f4621/output/varfile.log -W 1205 --rss-swap-limit 16384 -d 5 --sigint /usr/bin/perf stat -B -e task-clock,cache-references,cache-misses,cycles,instructions,branches,faults,migrations,context-switches -o /dev/shm/3733bc18-2e81-11f1-ac62-000c298f4621/output/perf.log clingo /home/guests/mmacri/AMOSUM/benchmarks/GraphColouring/encoding-plain-amo.asp /dev/shm/3733bc18-2e81-11f1-ac62-000c298f4621/input/0006-graph_colouring-125-0_1200.asp 

running on 2 cores: 2-3

Enforcing wall clock limit (soft limit, will send SIGTERM then SIGKILL): 1205 seconds
Enforcing RSS+Swap limit (soft limit, will send SIGTERM then SIGKILL): 16777216 KiB
Linux 5.15.0-131-generic
solver pid=3334510, runsolver pid=3334509
Current StackSize limit: 8192 KiB


[startup+0.100069 s]*
/proc/loadavg: 17.43 14.79 10.63 15/849 3334514
/proc/meminfo: memFree=387271276/528004516 swapFree=8388604/8388604
[pid=3334510] ppid=3334509 vsize=26908 memory=13616 CPUtime=0.07 cores=2-3
/proc/3334510/stat : 3334510 (perf) S 3334509 3334510 3334468 0 -1 0 1738 237 0 0 5 2 0 0 20 0 1 0 922873718 27553792 3404 17179869184 93824994299904 93824996572973 140737488338256 0 0 0 134217728 4 74274 1 0 0 17 2 0 0 0 0 0 93824998874888 93825001005840 93825001308160 140737488340073 140737488340470 140737488340470 140737488351179 0
/proc/3334510/statm: 6727 3404 2099 555 0 1769 0
[pid=3334514] ppid=3334510 vsize=19940 memory=11848 CPUtime=0.03 cores=2-3
/proc/3334514/stat : 3334514 (clingo) R 3334510 3334510 3334468 0 -1 0 1222 0 0 0 3 0 0 0 20 0 1 0 922873725 20418560 2962 17179869184 93824992301056 93824992468925 140737488338416 0 0 0 134217728 4 25184771 0 0 0 17 3 0 0 0 0 0 93824992533936 93824992571272 93824992575488 140737488340183 140737488340354 140737488340354 140737488351170 0
/proc/3334514/statm: 4985 2962 2092 41 0 1064 0
Current children cumulated CPU time: 0.1 s
Current children cumulated vsize: 46848 KiB
Current children cumulated memory: 25464 KiB

[startup+0.234686 s]*
/proc/loadavg: 17.43 14.79 10.63 15/824 3334536
/proc/meminfo: memFree=387251244/528004516 swapFree=8388604/8388604
[pid=3334510] ppid=3334509 vsize=26908 memory=13616 CPUtime=0.07 cores=2-3
/proc/3334510/stat : 3334510 (perf) S 3334509 3334510 3334468 0 -1 0 1738 237 0 0 5 2 0 0 20 0 1 0 922873718 27553792 3404 17179869184 93824994299904 93824996572973 140737488338256 0 0 0 134217728 4 74274 1 0 0 17 2 0 0 0 0 0 93824998874888 93825001005840 93825001308160 140737488340073 140737488340470 140737488340470 140737488351179 0
/proc/3334510/statm: 6727 3404 2099 555 0 1769 0
[pid=3334514] ppid=3334510 vsize=26180 memory=18184 CPUtime=0.14 cores=2-3
/proc/3334514/stat : 3334514 (clingo) R 3334510 3334510 3334468 0 -1 0 2780 0 0 0 14 0 0 0 20 0 1 0 922873725 26808320 4546 17179869184 93824992301056 93824992468925 140737488338416 0 0 0 134217728 4 25184771 0 0 0 17 2 0 0 0 0 0 93824992533936 93824992571272 93824992575488 140737488340183 140737488340354 140737488340354 140737488351170 0
/proc/3334514/statm: 6545 4546 2092 41 0 2624 0
Current children cumulated CPU time: 0.21 s
Current children cumulated vsize: 53088 KiB
Current children cumulated memory: 31800 KiB

[startup+0.318411 s]*
/proc/loadavg: 17.43 14.79 10.63 15/840 3334560
/proc/meminfo: memFree=387247976/528004516 swapFree=8388604/8388604
[pid=3334510] ppid=3334509 vsize=26908 memory=13616 CPUtime=0.07 cores=2-3
/proc/3334510/stat : 3334510 (perf) S 3334509 3334510 3334468 0 -1 0 1738 237 0 0 5 2 0 0 20 0 1 0 922873718 27553792 3404 17179869184 93824994299904 93824996572973 140737488338256 0 0 0 134217728 4 74274 1 0 0 17 2 0 0 0 0 0 93824998874888 93825001005840 93825001308160 140737488340073 140737488340470 140737488340470 140737488351179 0
/proc/3334510/statm: 6727 3404 2099 555 0 1769 0
[pid=3334514] ppid=3334510 vsize=27664 memory=19504 CPUtime=0.23 cores=2-3
/proc/3334514/stat : 3334514 (clingo) R 3334510 3334510 3334468 0 -1 0 3134 0 0 0 23 0 0 0 20 0 1 0 922873725 28327936 4876 17179869184 93824992301056 93824992468925 140737488338416 0 0 0 134217728 4 25184771 0 0 0 17 2 0 0 0 0 0 93824992533936 93824992571272 93824992575488 140737488340183 140737488340354 140737488340354 140737488351170 0
/proc/3334514/statm: 6916 4876 2092 41 0 2995 0
Current children cumulated CPU time: 0.3 s
Current children cumulated vsize: 54572 KiB
Current children cumulated memory: 33120 KiB

[startup+0.700342 s]
/proc/loadavg: 17.43 14.79 10.63 16/848 3334597
/proc/meminfo: memFree=387241344/528004516 swapFree=8388604/8388604
[pid=3334510] ppid=3334509 vsize=26908 memory=13616 CPUtime=0.07 cores=2-3
/proc/3334510/stat : 3334510 (perf) S 3334509 3334510 3334468 0 -1 0 1738 237 0 0 5 2 0 0 20 0 1 0 922873718 27553792 3404 17179869184 93824994299904 93824996572973 140737488338256 0 0 0 134217728 4 74274 1 0 0 17 2 0 0 0 0 0 93824998874888 93825001005840 93825001308160 140737488340073 140737488340470 140737488340470 140737488351179 0
/proc/3334510/statm: 6727 3404 2099 555 0 1769 0
[pid=3334514] ppid=3334510 vsize=31244 memory=23200 CPUtime=0.59 cores=2-3
/proc/3334514/stat : 3334514 (clingo) R 3334510 3334510 3334468 0 -1 0 4045 0 0 0 59 0 0 0 20 0 1 0 922873725 31993856 5800 17179869184 93824992301056 93824992468925 140737488338416 0 0 0 134217728 4 25184771 0 0 0 17 2 0 0 0 0 0 93824992533936 93824992571272 93824992575488 140737488340183 140737488340354 140737488340354 140737488351170 0
/proc/3334514/statm: 7811 5800 2092 41 0 3890 0
Current children cumulated CPU time: 0.66 s
Current children cumulated vsize: 58152 KiB
Current children cumulated memory: 36816 KiB

[startup+1.46347 s]
# the end of solver process 3334510 was just reported to runsolver
# cumulated CPU time of all completed processes:  user=1.41494 s, system=0.024886 s

Solver just ended.
??? end of watcher thread
Dumping a history of the last processes samples

[startup+0.80028 s]
/proc/loadavg: 17.43 14.79 10.63 16/848 3334597
/proc/meminfo: memFree=387241344/528004516 swapFree=8388604/8388604
[pid=3334510] ppid=3334509 vsize=26908 memory=13616 CPUtime=0.07 cores=2-3
/proc/3334510/stat : 3334510 (perf) S 3334509 3334510 3334468 0 -1 0 1738 237 0 0 5 2 0 0 20 0 1 0 922873718 27553792 3404 17179869184 93824994299904 93824996572973 140737488338256 0 0 0 134217728 4 74274 1 0 0 17 2 0 0 0 0 0 93824998874888 93825001005840 93825001308160 140737488340073 140737488340470 140737488340470 140737488351179 0
/proc/3334510/statm: 6727 3404 2099 555 0 1769 0
[pid=3334514] ppid=3334510 vsize=31912 memory=23728 CPUtime=0.69 cores=2-3
/proc/3334514/stat : 3334514 (clingo) R 3334510 3334510 3334468 0 -1 0 4205 0 0 0 69 0 0 0 20 0 1 0 922873725 32677888 5932 17179869184 93824992301056 93824992468925 140737488338416 0 0 0 134217728 4 25184771 0 0 0 17 2 0 0 0 0 0 93824992533936 93824992571272 93824992575488 140737488340183 140737488340354 140737488340354 140737488351170 0
/proc/3334514/statm: 7978 5932 2092 41 0 4057 0
Current children cumulated CPU time: 0.76 s
Current children cumulated vsize: 58820 KiB
Current children cumulated memory: 37344 KiB

[startup+1.20022 s]
/proc/loadavg: 17.43 14.79 10.63 15/851 3334617
/proc/meminfo: memFree=387230348/528004516 swapFree=8388604/8388604
[pid=3334510] ppid=3334509 vsize=26908 memory=13616 CPUtime=0.07 cores=2-3
/proc/3334510/stat : 3334510 (perf) S 3334509 3334510 3334468 0 -1 0 1738 237 0 0 5 2 0 0 20 0 1 0 922873718 27553792 3404 17179869184 93824994299904 93824996572973 140737488338256 0 0 0 134217728 4 74274 1 0 0 17 2 0 0 0 0 0 93824998874888 93825001005840 93825001308160 140737488340073 140737488340470 140737488340470 140737488351179 0
/proc/3334510/statm: 6727 3404 2099 555 0 1769 0
[pid=3334514] ppid=3334510 vsize=34024 memory=25840 CPUtime=1.09 cores=2-3
/proc/3334514/stat : 3334514 (clingo) R 3334510 3334510 3334468 0 -1 0 4734 0 0 0 109 0 0 0 20 0 1 0 922873725 34840576 6460 17179869184 93824992301056 93824992468925 140737488338416 0 0 0 134217728 4 25184771 0 0 0 17 2 0 0 0 0 0 93824992533936 93824992571272 93824992575488 140737488340183 140737488340354 140737488340354 140737488351170 0
/proc/3334514/statm: 8506 6460 2092 41 0 4585 0
Current children cumulated CPU time: 1.16 s
Current children cumulated vsize: 60932 KiB
Current children cumulated memory: 39456 KiB

[startup+1.40021 s]
/proc/loadavg: 17.43 14.79 10.63 15/851 3334617
/proc/meminfo: memFree=387230348/528004516 swapFree=8388604/8388604
[pid=3334510] ppid=3334509 vsize=26908 memory=13616 CPUtime=0.07 cores=2-3
/proc/3334510/stat : 3334510 (perf) S 3334509 3334510 3334468 0 -1 0 1738 237 0 0 5 2 0 0 20 0 1 0 922873718 27553792 3404 17179869184 93824994299904 93824996572973 140737488338256 0 0 0 134217728 4 74274 1 0 0 17 2 0 0 0 0 0 93824998874888 93825001005840 93825001308160 140737488340073 140737488340470 140737488340470 140737488351179 0
/proc/3334510/statm: 6727 3404 2099 555 0 1769 0
[pid=3334514] ppid=3334510 vsize=35476 memory=27424 CPUtime=1.29 cores=2-3
/proc/3334514/stat : 3334514 (clingo) R 3334510 3334510 3334468 0 -1 0 5100 0 0 0 129 0 0 0 20 0 1 0 922873725 36327424 6856 17179869184 93824992301056 93824992468925 140737488338416 0 0 0 134217728 4 25184771 0 0 0 17 2 0 0 0 0 0 93824992533936 93824992571272 93824992575488 140737488340183 140737488340354 140737488340354 140737488351170 0
/proc/3334514/statm: 8869 6856 2092 41 0 4948 0
Current children cumulated CPU time: 1.36 s
Current children cumulated vsize: 62384 KiB
Current children cumulated memory: 41040 KiB

Child status: 10
Real time (s): 1.46349
CPU time (s): 1.43982
CPU user time (s): 1.41494
CPU system time (s): 0.024886
CPU usage (%): 98.383
Max. virtual memory (cumulated for all children) (KiB): 62384
Max. memory (cumulated for all children) (KiB): 41040

getrusage(RUSAGE_CHILDREN,...) data:
user time used= 1.41494
system time used= 0.024886
maximum resident set size= 27424
integral shared memory size= 0
integral unshared data size= 0
integral unshared stack size= 0
page reclaims= 7119
page faults= 0
swaps= 0
block input operations= 0
block output operations= 0
messages sent= 0
messages received= 0
signals received= 0
voluntary context switches= 17
involuntary context switches= 17


# summary of solver processes directly reported to runsolver:
#   pid: 3334510
#   total CPU time (s): 1.43982
#   total CPU user time (s): 1.41494
#   total CPU system time (s): 0.024886

??? end of timestamper thread
runsolver used 0.050199 second user time and 0.102613 second system time

The end
