# WCTIME: wall clock time in seconds
WCTIME=1.46349
# CPUTIME: CPU time in seconds (USERTIME+SYSTEMTIME)
CPUTIME=1.43982
# USERTIME: CPU time spent in user mode in seconds
USERTIME=1.41494
# SYSTEMTIME: CPU time spent in system mode in seconds
SYSTEMTIME=0.024886
# CPUUSAGE: CPUTIME/WCTIME in percent
CPUUSAGE=98.383
# MAXVM: maximum virtual memory used in KiB
MAXVM=62384
# TIMEOUT: did the solver exceed the time limit?
TIMEOUT=false
# MEMOUT: did the solver exceed the memory limit?
MEMOUT=false
# RETCODE: return code of the program.
RETCODE=10
# SIGNAL: signal the solver recieved.
SIGNAL=0
