runsolver version 3.4.0 (svn: 3018) Copyright (C) 2010-2013 Olivier ROUSSEL

This program is distributed in the hope that it will be useful,
but WITHOUT ANY WARRANTY; without even the implied warranty of
MERCHANTABILITY or FITNESS FOR A PARTICULAR PURPOSE.  See the
GNU General Public License for more details.

NUMA information:
  number of nodes: 2
  memory of node 0: 257634 MiB (186675 MiB free)
  memory of node 1: 257994 MiB (186724 MiB free)
  node distances:
     10  20
     20  10

command line: /dev/shm/373a1018-2e81-11f1-ac62-000c298f4621/input/runsolver -w /dev/shm/373a1018-2e81-11f1-ac62-000c298f4621/output/runsolver.log -v /dev/shm/373a1018-2e81-11f1-ac62-000c298f4621/output/varfile.log -W 1205 --rss-swap-limit 16384 -d 5 --sigint /usr/bin/perf stat -B -e task-clock,cache-references,cache-misses,cycles,instructions,branches,faults,migrations,context-switches -o /dev/shm/373a1018-2e81-11f1-ac62-000c298f4621/output/perf.log clingo /home/guests/mmacri/AMOSUM/benchmarks/GraphColouring/encoding-plain-amo.asp /dev/shm/373a1018-2e81-11f1-ac62-000c298f4621/input/0008-graph_colouring-125-0_6000.asp 

running on 2 cores: 8-9

Enforcing wall clock limit (soft limit, will send SIGTERM then SIGKILL): 1205 seconds
Enforcing RSS+Swap limit (soft limit, will send SIGTERM then SIGKILL): 16777216 KiB
Linux 5.15.0-131-generic
Current StackSize limit: 8192 KiB

solver pid=384679, runsolver pid=384678

[startup+0.100071 s]*
/proc/loadavg: 14.10 13.95 10.48 15/850 384683
/proc/meminfo: memFree=382350076/528004324 swapFree=8388604/8388604
[pid=384679] ppid=384678 vsize=26908 memory=13612 CPUtime=0.07 cores=8-9
/proc/384679/stat : 384679 (perf) S 384678 384679 384637 0 -1 0 1738 237 0 0 7 0 0 0 20 0 1 0 922894185 27553792 3403 17179869184 93824994299904 93824996572973 140737488338256 0 0 0 134217728 4 74274 1 0 0 17 8 0 0 0 0 0 93824998874888 93825001005840 93825001308160 140737488340074 140737488340471 140737488340471 140737488351179 0
/proc/384679/statm: 6727 3403 2098 555 0 1769 0
[pid=384683] ppid=384679 vsize=19928 memory=11828 CPUtime=0.03 cores=8-9
/proc/384683/stat : 384683 (clingo) R 384679 384679 384637 0 -1 0 1173 0 0 0 3 0 0 0 20 0 1 0 922894192 20406272 2957 17179869184 93824992301056 93824992468925 140737488338416 0 0 0 134217728 4 25184771 0 0 0 17 9 0 0 0 0 0 93824992533936 93824992571272 93824992575488 140737488340184 140737488340355 140737488340355 140737488351170 0
/proc/384683/statm: 4982 2957 2088 41 0 1061 0
Current children cumulated CPU time: 0.1 s
Current children cumulated vsize: 46836 KiB
Current children cumulated memory: 25440 KiB

[startup+0.235188 s]*
/proc/loadavg: 14.10 13.95 10.48 15/850 384683
/proc/meminfo: memFree=382334200/528004324 swapFree=8388604/8388604
[pid=384679] ppid=384678 vsize=26908 memory=13612 CPUtime=0.07 cores=8-9
/proc/384679/stat : 384679 (perf) S 384678 384679 384637 0 -1 0 1738 237 0 0 7 0 0 0 20 0 1 0 922894185 27553792 3403 17179869184 93824994299904 93824996572973 140737488338256 0 0 0 134217728 4 74274 1 0 0 17 8 0 0 0 0 0 93824998874888 93825001005840 93825001308160 140737488340074 140737488340471 140737488340471 140737488351179 0
/proc/384679/statm: 6727 3403 2098 555 0 1769 0
[pid=384683] ppid=384679 vsize=23772 memory=15788 CPUtime=0.15 cores=8-9
/proc/384683/stat : 384683 (clingo) R 384679 384679 384637 0 -1 0 2130 0 0 0 15 0 0 0 20 0 1 0 922894192 24342528 3947 17179869184 93824992301056 93824992468925 140737488338416 0 0 0 134217728 4 25184771 0 0 0 17 9 0 0 0 0 0 93824992533936 93824992571272 93824992575488 140737488340184 140737488340355 140737488340355 140737488351170 0
/proc/384683/statm: 5943 3947 2088 41 0 2022 0
Current children cumulated CPU time: 0.22 s
Current children cumulated vsize: 50680 KiB
Current children cumulated memory: 29400 KiB

[startup+0.334955 s]*
/proc/loadavg: 14.10 13.95 10.48 15/850 384683
/proc/meminfo: memFree=382323616/528004324 swapFree=8388604/8388604
[pid=384679] ppid=384678 vsize=26908 memory=13612 CPUtime=0.07 cores=8-9
/proc/384679/stat : 384679 (perf) S 384678 384679 384637 0 -1 0 1738 237 0 0 7 0 0 0 20 0 1 0 922894185 27553792 3403 17179869184 93824994299904 93824996572973 140737488338256 0 0 0 134217728 4 74274 1 0 0 17 8 0 0 0 0 0 93824998874888 93825001005840 93825001308160 140737488340074 140737488340471 140737488340471 140737488351179 0
/proc/384679/statm: 6727 3403 2098 555 0 1769 0
[pid=384683] ppid=384679 vsize=24300 memory=16316 CPUtime=0.23 cores=8-9
/proc/384683/stat : 384683 (clingo) R 384679 384679 384637 0 -1 0 2273 0 0 0 23 0 0 0 20 0 1 0 922894192 24883200 4079 17179869184 93824992301056 93824992468925 140737488338416 0 0 0 134217728 4 25184771 0 0 0 17 9 0 0 0 0 0 93824992533936 93824992571272 93824992575488 140737488340184 140737488340355 140737488340355 140737488351170 0
/proc/384683/statm: 6075 4079 2088 41 0 2154 0
Current children cumulated CPU time: 0.3 s
Current children cumulated vsize: 51208 KiB
Current children cumulated memory: 29928 KiB

[startup+0.700345 s]
/proc/loadavg: 14.10 13.95 10.48 15/850 384683
/proc/meminfo: memFree=382304716/528004324 swapFree=8388604/8388604
[pid=384679] ppid=384678 vsize=26908 memory=13612 CPUtime=0.07 cores=8-9
/proc/384679/stat : 384679 (perf) S 384678 384679 384637 0 -1 0 1738 237 0 0 7 0 0 0 20 0 1 0 922894185 27553792 3403 17179869184 93824994299904 93824996572973 140737488338256 0 0 0 134217728 4 74274 1 0 0 17 8 0 0 0 0 0 93824998874888 93825001005840 93825001308160 140737488340074 140737488340471 140737488340471 140737488351179 0
/proc/384679/statm: 6727 3403 2098 555 0 1769 0
[pid=384683] ppid=384679 vsize=26320 memory=18164 CPUtime=0.56 cores=8-9
/proc/384683/stat : 384683 (clingo) R 384679 384679 384637 0 -1 0 2782 0 0 0 56 0 0 0 20 0 1 0 922894192 26951680 4541 17179869184 93824992301056 93824992468925 140737488338416 0 0 0 134217728 4 25184771 0 0 0 17 8 0 0 0 0 0 93824992533936 93824992571272 93824992575488 140737488340184 140737488340355 140737488340355 140737488351170 0
/proc/384683/statm: 6580 4541 2088 41 0 2659 0
Current children cumulated CPU time: 0.63 s
Current children cumulated vsize: 53228 KiB
Current children cumulated memory: 31776 KiB

[startup+1.50036 s]
/proc/loadavg: 14.10 13.95 10.48 15/850 384683
/proc/meminfo: memFree=382270948/528004324 swapFree=8388604/8388604
[pid=384679] ppid=384678 vsize=26908 memory=13612 CPUtime=0.07 cores=8-9
/proc/384679/stat : 384679 (perf) S 384678 384679 384637 0 -1 0 1738 237 0 0 7 0 0 0 20 0 1 0 922894185 27553792 3403 17179869184 93824994299904 93824996572973 140737488338256 0 0 0 134217728 4 74274 1 0 0 17 8 0 0 0 0 0 93824998874888 93825001005840 93825001308160 140737488340074 140737488340471 140737488340471 140737488351179 0
/proc/384679/statm: 6727 3403 2098 555 0 1769 0
[pid=384683] ppid=384679 vsize=27860 memory=19748 CPUtime=1.36 cores=8-9
/proc/384683/stat : 384683 (clingo) R 384679 384679 384637 0 -1 0 3142 0 0 0 136 0 0 0 20 0 1 0 922894192 28528640 4937 17179869184 93824992301056 93824992468925 140737488338416 0 0 0 134217728 4 25184771 0 0 0 17 8 0 0 0 0 0 93824992533936 93824992571272 93824992575488 140737488340184 140737488340355 140737488340355 140737488351170 0
/proc/384683/statm: 6965 4937 2088 41 0 3044 0
Current children cumulated CPU time: 1.43 s
Current children cumulated vsize: 54768 KiB
Current children cumulated memory: 33360 KiB

[startup+3.11861 s]
/proc/loadavg: 14.10 13.95 10.48 15/850 384683
/proc/meminfo: memFree=382200968/528004324 swapFree=8388604/8388604
[pid=384679] ppid=384678 vsize=26908 memory=13612 CPUtime=0.07 cores=8-9
/proc/384679/stat : 384679 (perf) S 384678 384679 384637 0 -1 0 1738 237 0 0 7 0 0 0 20 0 1 0 922894185 27553792 3403 17179869184 93824994299904 93824996572973 140737488338256 0 0 0 134217728 4 74274 1 0 0 17 8 0 0 0 0 0 93824998874888 93825001005840 93825001308160 140737488340074 140737488340471 140737488340471 140737488351179 0
/proc/384679/statm: 6727 3403 2098 555 0 1769 0
[pid=384683] ppid=384679 vsize=31176 memory=22652 CPUtime=2.97 cores=8-9
/proc/384683/stat : 384683 (clingo) R 384679 384679 384637 0 -1 0 3901 0 0 0 297 0 0 0 20 0 1 0 922894192 31924224 5663 17179869184 93824992301056 93824992468925 140737488338416 0 0 0 134217728 4 25184771 0 0 0 17 8 0 0 0 0 0 93824992533936 93824992571272 93824992575488 140737488340184 140737488340355 140737488340355 140737488351170 0
/proc/384683/statm: 7794 5663 2088 41 0 3873 0
Current children cumulated CPU time: 3.04 s
Current children cumulated vsize: 58084 KiB
Current children cumulated memory: 36264 KiB

[startup+6.30029 s]
/proc/loadavg: 14.10 13.96 10.50 15/850 384683
/proc/meminfo: memFree=382162636/528004324 swapFree=8388604/8388604
[pid=384679] ppid=384678 vsize=26908 memory=13612 CPUtime=0.07 cores=8-9
/proc/384679/stat : 384679 (perf) S 384678 384679 384637 0 -1 0 1738 237 0 0 7 0 0 0 20 0 1 0 922894185 27553792 3403 17179869184 93824994299904 93824996572973 140737488338256 0 0 0 134217728 4 74274 1 0 0 17 8 0 0 0 0 0 93824998874888 93825001005840 93825001308160 140737488340074 140737488340471 140737488340471 140737488351179 0
/proc/384679/statm: 6727 3403 2098 555 0 1769 0
[pid=384683] ppid=384679 vsize=34580 memory=25820 CPUtime=6.16 cores=8-9
/proc/384683/stat : 384683 (clingo) R 384679 384679 384637 0 -1 0 4655 0 0 0 616 0 0 0 20 0 1 0 922894192 35409920 6455 17179869184 93824992301056 93824992468925 140737488338416 0 0 0 134217728 4 25184771 0 0 0 17 8 0 0 0 0 0 93824992533936 93824992571272 93824992575488 140737488340184 140737488340355 140737488340355 140737488351170 0
/proc/384683/statm: 8645 6455 2088 41 0 4724 0
Current children cumulated CPU time: 6.23 s
Current children cumulated vsize: 61488 KiB
Current children cumulated memory: 39432 KiB

[startup+12.7003 s]
/proc/loadavg: 14.09 13.96 10.52 15/850 384683
/proc/meminfo: memFree=381966020/528004324 swapFree=8388604/8388604
[pid=384679] ppid=384678 vsize=26908 memory=13612 CPUtime=0.07 cores=8-9
/proc/384679/stat : 384679 (perf) S 384678 384679 384637 0 -1 0 1738 237 0 0 7 0 0 0 20 0 1 0 922894185 27553792 3403 17179869184 93824994299904 93824996572973 140737488338256 0 0 0 134217728 4 74274 1 0 0 17 8 0 0 0 0 0 93824998874888 93825001005840 93825001308160 140737488340074 140737488340471 140737488340471 140737488351179 0
/proc/384679/statm: 6727 3403 2098 555 0 1769 0
[pid=384683] ppid=384679 vsize=36828 memory=27932 CPUtime=12.56 cores=8-9
/proc/384683/stat : 384683 (clingo) R 384679 384679 384637 0 -1 0 5179 0 0 0 1256 0 0 0 20 0 1 0 922894192 37711872 6983 17179869184 93824992301056 93824992468925 140737488338416 0 0 0 134217728 4 25184771 0 0 0 17 8 0 0 0 0 0 93824992533936 93824992571272 93824992575488 140737488340184 140737488340355 140737488340355 140737488351170 0
/proc/384683/statm: 9207 6983 2088 41 0 5286 0
Current children cumulated CPU time: 12.63 s
Current children cumulated vsize: 63736 KiB
Current children cumulated memory: 41544 KiB

[startup+25.5004 s]
/proc/loadavg: 14.07 13.96 10.57 15/851 384684
/proc/meminfo: memFree=381074764/528004324 swapFree=8388604/8388604
[pid=384679] ppid=384678 vsize=26908 memory=13612 CPUtime=0.07 cores=8-9
/proc/384679/stat : 384679 (perf) S 384678 384679 384637 0 -1 0 1738 237 0 0 7 0 0 0 20 0 1 0 922894185 27553792 3403 17179869184 93824994299904 93824996572973 140737488338256 0 0 0 134217728 4 74274 1 0 0 17 8 0 0 0 0 0 93824998874888 93825001005840 93825001308160 140737488340074 140737488340471 140737488340471 140737488351179 0
/proc/384679/statm: 6727 3403 2098 555 0 1769 0
[pid=384683] ppid=384679 vsize=41884 memory=32420 CPUtime=25.35 cores=8-9
/proc/384683/stat : 384683 (clingo) R 384679 384679 384637 0 -1 0 6307 0 0 0 2535 0 0 0 20 0 1 0 922894192 42889216 8105 17179869184 93824992301056 93824992468925 140737488338416 0 0 0 134217728 4 25184771 0 0 0 17 8 0 0 0 0 0 93824992533936 93824992571272 93824992575488 140737488340184 140737488340355 140737488340355 140737488351170 0
/proc/384683/statm: 10471 8105 2088 41 0 6550 0
Current children cumulated CPU time: 25.42 s
Current children cumulated vsize: 68792 KiB
Current children cumulated memory: 46032 KiB

[startup+51.1188 s]
/proc/loadavg: 14.04 13.96 10.66 15/852 384687
/proc/meminfo: memFree=380489148/528004324 swapFree=8388604/8388604
[pid=384679] ppid=384678 vsize=26908 memory=13612 CPUtime=0.07 cores=8-9
/proc/384679/stat : 384679 (perf) S 384678 384679 384637 0 -1 0 1738 237 0 0 7 0 0 0 20 0 1 0 922894185 27553792 3403 17179869184 93824994299904 93824996572973 140737488338256 0 0 0 134217728 4 74274 1 0 0 17 8 0 0 0 0 0 93824998874888 93825001005840 93825001308160 140737488340074 140737488340471 140737488340471 140737488351179 0
/proc/384679/statm: 6727 3403 2098 555 0 1769 0
[pid=384683] ppid=384679 vsize=45528 memory=36116 CPUtime=50.97 cores=8-9
/proc/384683/stat : 384683 (clingo) R 384679 384679 384637 0 -1 0 7230 0 0 0 5097 0 0 0 20 0 1 0 922894192 46620672 9029 17179869184 93824992301056 93824992468925 140737488338416 0 0 0 134217728 4 25184771 0 0 0 17 8 0 0 0 0 0 93824992533936 93824992571272 93824992575488 140737488340184 140737488340355 140737488340355 140737488351170 0
/proc/384683/statm: 11382 9029 2088 41 0 7461 0
Current children cumulated CPU time: 51.04 s
Current children cumulated vsize: 72436 KiB
Current children cumulated memory: 49728 KiB

[startup+102.3 s]
/proc/loadavg: 14.02 13.97 10.84 15/852 384687
/proc/meminfo: memFree=378826124/528004324 swapFree=8388604/8388604
[pid=384679] ppid=384678 vsize=26908 memory=13612 CPUtime=0.07 cores=8-9
/proc/384679/stat : 384679 (perf) S 384678 384679 384637 0 -1 0 1738 237 0 0 7 0 0 0 20 0 1 0 922894185 27553792 3403 17179869184 93824994299904 93824996572973 140737488338256 0 0 0 134217728 4 74274 1 0 0 17 8 0 0 0 0 0 93824998874888 93825001005840 93825001308160 140737488340074 140737488340471 140737488340471 140737488351179 0
/proc/384679/statm: 6727 3403 2098 555 0 1769 0
[pid=384683] ppid=384679 vsize=54680 memory=44300 CPUtime=102.15 cores=8-9
/proc/384683/stat : 384683 (clingo) R 384679 384679 384637 0 -1 0 9265 0 0 0 10214 1 0 0 20 0 1 0 922894192 55992320 11075 17179869184 93824992301056 93824992468925 140737488338416 0 0 0 134217728 4 25184771 0 0 0 17 8 0 0 0 0 0 93824992533936 93824992571272 93824992575488 140737488340184 140737488340355 140737488340355 140737488351170 0
/proc/384683/statm: 13670 11075 2088 41 0 9749 0
Current children cumulated CPU time: 102.22 s
Current children cumulated vsize: 81588 KiB
Current children cumulated memory: 57912 KiB

[startup+162.3 s]
/proc/loadavg: 14.25 14.05 11.07 15/852 384688
/proc/meminfo: memFree=378134132/528004324 swapFree=8388604/8388604
[pid=384679] ppid=384678 vsize=26908 memory=13612 CPUtime=0.07 cores=8-9
/proc/384679/stat : 384679 (perf) S 384678 384679 384637 0 -1 0 1738 237 0 0 7 0 0 0 20 0 1 0 922894185 27553792 3403 17179869184 93824994299904 93824996572973 140737488338256 0 0 0 134217728 4 74274 1 0 0 17 8 0 0 0 0 0 93824998874888 93825001005840 93825001308160 140737488340074 140737488340471 140737488340471 140737488351179 0
/proc/384679/statm: 6727 3403 2098 555 0 1769 0
[pid=384683] ppid=384679 vsize=58752 memory=48788 CPUtime=162.15 cores=8-9
/proc/384683/stat : 384683 (clingo) R 384679 384679 384637 0 -1 0 10402 0 0 0 16213 2 0 0 20 0 1 0 922894192 60162048 12197 17179869184 93824992301056 93824992468925 140737488338416 0 0 0 134217728 4 25184771 0 0 0 17 8 0 0 0 0 0 93824992533936 93824992571272 93824992575488 140737488340184 140737488340355 140737488340355 140737488351170 0
/proc/384683/statm: 14688 12197 2088 41 0 10767 0
Current children cumulated CPU time: 162.22 s
Current children cumulated vsize: 85660 KiB
Current children cumulated memory: 62400 KiB

[startup+222.3 s]
/proc/loadavg: 14.56 14.19 11.31 15/852 384691
/proc/meminfo: memFree=376955972/528004324 swapFree=8388604/8388604
[pid=384679] ppid=384678 vsize=26908 memory=13612 CPUtime=0.07 cores=8-9
/proc/384679/stat : 384679 (perf) S 384678 384679 384637 0 -1 0 1738 237 0 0 7 0 0 0 20 0 1 0 922894185 27553792 3403 17179869184 93824994299904 93824996572973 140737488338256 0 0 0 134217728 4 74274 1 0 0 17 8 0 0 0 0 0 93824998874888 93825001005840 93825001308160 140737488340074 140737488340471 140737488340471 140737488351179 0
/proc/384679/statm: 6727 3403 2098 555 0 1769 0
[pid=384683] ppid=384679 vsize=63312 memory=52748 CPUtime=222.15 cores=8-9
/proc/384683/stat : 384683 (clingo) R 384679 384679 384637 0 -1 0 11393 0 0 0 22213 2 0 0 20 0 1 0 922894192 64831488 13187 17179869184 93824992301056 93824992468925 140737488338416 0 0 0 134217728 4 25184771 0 0 0 17 8 0 0 0 0 0 93824992533936 93824992571272 93824992575488 140737488340184 140737488340355 140737488340355 140737488351170 0
/proc/384683/statm: 15828 13187 2088 41 0 11907 0
Current children cumulated CPU time: 222.22 s
Current children cumulated vsize: 90220 KiB
Current children cumulated memory: 66360 KiB

[startup+282.3 s]
/proc/loadavg: 14.20 14.16 11.48 15/852 384692
/proc/meminfo: memFree=375532676/528004324 swapFree=8388604/8388604
[pid=384679] ppid=384678 vsize=26908 memory=13612 CPUtime=0.07 cores=8-9
/proc/384679/stat : 384679 (perf) S 384678 384679 384637 0 -1 0 1738 237 0 0 7 0 0 0 20 0 1 0 922894185 27553792 3403 17179869184 93824994299904 93824996572973 140737488338256 0 0 0 134217728 4 74274 1 0 0 17 8 0 0 0 0 0 93824998874888 93825001005840 93825001308160 140737488340074 140737488340471 140737488340471 140737488351179 0
/proc/384679/statm: 6727 3403 2098 555 0 1769 0
[pid=384683] ppid=384679 vsize=69760 memory=58028 CPUtime=282.15 cores=8-9
/proc/384683/stat : 384683 (clingo) R 384679 384679 384637 0 -1 0 12741 0 0 0 28213 2 0 0 20 0 1 0 922894192 71434240 14507 17179869184 93824992301056 93824992468925 140737488338416 0 0 0 134217728 4 25184771 0 0 0 17 8 0 0 0 0 0 93824992533936 93824992571272 93824992575488 140737488340184 140737488340355 140737488340355 140737488351170 0
/proc/384683/statm: 17440 14507 2088 41 0 13519 0
Current children cumulated CPU time: 282.22 s
Current children cumulated vsize: 96668 KiB
Current children cumulated memory: 71640 KiB

[startup+342.3 s]
/proc/loadavg: 14.07 14.12 11.64 15/826 384695
/proc/meminfo: memFree=374945076/528004324 swapFree=8388604/8388604
[pid=384679] ppid=384678 vsize=26908 memory=13612 CPUtime=0.07 cores=8-9
/proc/384679/stat : 384679 (perf) S 384678 384679 384637 0 -1 0 1738 237 0 0 7 0 0 0 20 0 1 0 922894185 27553792 3403 17179869184 93824994299904 93824996572973 140737488338256 0 0 0 134217728 4 74274 1 0 0 17 8 0 0 0 0 0 93824998874888 93825001005840 93825001308160 140737488340074 140737488340471 140737488340471 140737488351179 0
/proc/384679/statm: 6727 3403 2098 555 0 1769 0
[pid=384683] ppid=384679 vsize=73932 memory=61724 CPUtime=342.15 cores=8-9
/proc/384683/stat : 384683 (clingo) R 384679 384679 384637 0 -1 0 13668 0 0 0 34213 2 0 0 20 0 1 0 922894192 75706368 15431 17179869184 93824992301056 93824992468925 140737488338416 0 0 0 134217728 4 25184771 0 0 0 17 8 0 0 0 0 0 93824992533936 93824992571272 93824992575488 140737488340184 140737488340355 140737488340355 140737488351170 0
/proc/384683/statm: 18483 15431 2088 41 0 14562 0
Current children cumulated CPU time: 342.22 s
Current children cumulated vsize: 100840 KiB
Current children cumulated memory: 75336 KiB

[startup+402.3 s]
/proc/loadavg: 14.08 14.11 11.79 15/823 384697
/proc/meminfo: memFree=374721208/528004324 swapFree=8388604/8388604
[pid=384679] ppid=384678 vsize=26908 memory=13612 CPUtime=0.07 cores=8-9
/proc/384679/stat : 384679 (perf) S 384678 384679 384637 0 -1 0 1738 237 0 0 7 0 0 0 20 0 1 0 922894185 27553792 3403 17179869184 93824994299904 93824996572973 140737488338256 0 0 0 134217728 4 74274 1 0 0 17 8 0 0 0 0 0 93824998874888 93825001005840 93825001308160 140737488340074 140737488340471 140737488340471 140737488351179 0
/proc/384679/statm: 6727 3403 2098 555 0 1769 0
[pid=384683] ppid=384679 vsize=76968 memory=64628 CPUtime=402.15 cores=8-9
/proc/384683/stat : 384683 (clingo) R 384679 384679 384637 0 -1 0 14375 0 0 0 40212 3 0 0 20 0 1 0 922894192 78815232 16157 17179869184 93824992301056 93824992468925 140737488338416 0 0 0 134217728 4 25184771 0 0 0 17 8 0 0 0 0 0 93824992533936 93824992571272 93824992575488 140737488340184 140737488340355 140737488340355 140737488351170 0
/proc/384683/statm: 19242 16157 2088 41 0 15321 0
Current children cumulated CPU time: 402.22 s
Current children cumulated vsize: 103876 KiB
Current children cumulated memory: 78240 KiB

[startup+462.3 s]
/proc/loadavg: 14.25 14.14 11.95 15/823 384698
/proc/meminfo: memFree=374424352/528004324 swapFree=8388604/8388604
[pid=384679] ppid=384678 vsize=26908 memory=13612 CPUtime=0.07 cores=8-9
/proc/384679/stat : 384679 (perf) S 384678 384679 384637 0 -1 0 1738 237 0 0 7 0 0 0 20 0 1 0 922894185 27553792 3403 17179869184 93824994299904 93824996572973 140737488338256 0 0 0 134217728 4 74274 1 0 0 17 8 0 0 0 0 0 93824998874888 93825001005840 93825001308160 140737488340074 140737488340471 140737488340471 140737488351179 0
/proc/384679/statm: 6727 3403 2098 555 0 1769 0
[pid=384683] ppid=384679 vsize=80572 memory=68060 CPUtime=462.15 cores=8-9
/proc/384683/stat : 384683 (clingo) R 384679 384679 384637 0 -1 0 15214 0 0 0 46212 3 0 0 20 0 1 0 922894192 82505728 17015 17179869184 93824992301056 93824992468925 140737488338416 0 0 0 134217728 4 25184771 0 0 0 17 8 0 0 0 0 0 93824992533936 93824992571272 93824992575488 140737488340184 140737488340355 140737488340355 140737488351170 0
/proc/384683/statm: 20143 17015 2088 41 0 16222 0
Current children cumulated CPU time: 462.22 s
Current children cumulated vsize: 107480 KiB
Current children cumulated memory: 81672 KiB

[startup+522.3 s]
/proc/loadavg: 14.16 14.14 12.09 15/823 384699
/proc/meminfo: memFree=373779240/528004324 swapFree=8388604/8388604
[pid=384679] ppid=384678 vsize=26908 memory=13612 CPUtime=0.07 cores=8-9
/proc/384679/stat : 384679 (perf) S 384678 384679 384637 0 -1 0 1738 237 0 0 7 0 0 0 20 0 1 0 922894185 27553792 3403 17179869184 93824994299904 93824996572973 140737488338256 0 0 0 134217728 4 74274 1 0 0 17 8 0 0 0 0 0 93824998874888 93825001005840 93825001308160 140737488340074 140737488340471 140737488340471 140737488351179 0
/proc/384679/statm: 6727 3403 2098 555 0 1769 0
[pid=384683] ppid=384679 vsize=81528 memory=69116 CPUtime=522.15 cores=8-9
/proc/384683/stat : 384683 (clingo) R 384679 384679 384637 0 -1 0 15483 0 0 0 52212 3 0 0 20 0 1 0 922894192 83484672 17279 17179869184 93824992301056 93824992468925 140737488338416 0 0 0 134217728 4 25184771 0 0 0 17 8 0 0 0 0 0 93824992533936 93824992571272 93824992575488 140737488340184 140737488340355 140737488340355 140737488351170 0
/proc/384683/statm: 20382 17279 2088 41 0 16461 0
Current children cumulated CPU time: 522.22 s
Current children cumulated vsize: 108436 KiB
Current children cumulated memory: 82728 KiB

[startup+582.3 s]
/proc/loadavg: 14.06 14.11 12.21 15/823 384704
/proc/meminfo: memFree=372614832/528004324 swapFree=8388604/8388604
[pid=384679] ppid=384678 vsize=26908 memory=13612 CPUtime=0.07 cores=8-9
/proc/384679/stat : 384679 (perf) S 384678 384679 384637 0 -1 0 1738 237 0 0 7 0 0 0 20 0 1 0 922894185 27553792 3403 17179869184 93824994299904 93824996572973 140737488338256 0 0 0 134217728 4 74274 1 0 0 17 8 0 0 0 0 0 93824998874888 93825001005840 93825001308160 140737488340074 140737488340471 140737488340471 140737488351179 0
/proc/384679/statm: 6727 3403 2098 555 0 1769 0
[pid=384683] ppid=384679 vsize=83184 memory=70700 CPUtime=582.15 cores=8-9
/proc/384683/stat : 384683 (clingo) R 384679 384679 384637 0 -1 0 15897 0 0 0 58212 3 0 0 20 0 1 0 922894192 85180416 17675 17179869184 93824992301056 93824992468925 140737488338416 0 0 0 134217728 4 25184771 0 0 0 17 8 0 0 0 0 0 93824992533936 93824992571272 93824992575488 140737488340184 140737488340355 140737488340355 140737488351170 0
/proc/384683/statm: 20796 17675 2088 41 0 16875 0
Current children cumulated CPU time: 582.22 s
Current children cumulated vsize: 110092 KiB
Current children cumulated memory: 84312 KiB

[startup+642.3 s]
/proc/loadavg: 14.06 14.11 12.33 15/822 384706
/proc/meminfo: memFree=371661548/528004324 swapFree=8388604/8388604
[pid=384679] ppid=384678 vsize=26908 memory=13612 CPUtime=0.07 cores=8-9
/proc/384679/stat : 384679 (perf) S 384678 384679 384637 0 -1 0 1738 237 0 0 7 0 0 0 20 0 1 0 922894185 27553792 3403 17179869184 93824994299904 93824996572973 140737488338256 0 0 0 134217728 4 74274 1 0 0 17 8 0 0 0 0 0 93824998874888 93825001005840 93825001308160 140737488340074 140737488340471 140737488340471 140737488351179 0
/proc/384679/statm: 6727 3403 2098 555 0 1769 0
[pid=384683] ppid=384679 vsize=85736 memory=73604 CPUtime=642.15 cores=8-9
/proc/384683/stat : 384683 (clingo) R 384679 384679 384637 0 -1 0 16620 0 0 0 64211 4 0 0 20 0 1 0 922894192 87793664 18401 17179869184 93824992301056 93824992468925 140737488338416 0 0 0 134217728 4 25184771 0 0 0 17 8 0 0 0 0 0 93824992533936 93824992571272 93824992575488 140737488340184 140737488340355 140737488340355 140737488351170 0
/proc/384683/statm: 21434 18401 2088 41 0 17513 0
Current children cumulated CPU time: 642.22 s
Current children cumulated vsize: 112644 KiB
Current children cumulated memory: 87216 KiB

[startup+702.3 s]
/proc/loadavg: 14.17 14.12 12.45 15/822 384707
/proc/meminfo: memFree=370762412/528004324 swapFree=8388604/8388604
[pid=384679] ppid=384678 vsize=26908 memory=13612 CPUtime=0.07 cores=8-9
/proc/384679/stat : 384679 (perf) S 384678 384679 384637 0 -1 0 1738 237 0 0 7 0 0 0 20 0 1 0 922894185 27553792 3403 17179869184 93824994299904 93824996572973 140737488338256 0 0 0 134217728 4 74274 1 0 0 17 8 0 0 0 0 0 93824998874888 93825001005840 93825001308160 140737488340074 140737488340471 140737488340471 140737488351179 0
/proc/384679/statm: 6727 3403 2098 555 0 1769 0
[pid=384683] ppid=384679 vsize=88040 memory=75716 CPUtime=702.15 cores=8-9
/proc/384683/stat : 384683 (clingo) R 384679 384679 384637 0 -1 0 17118 0 0 0 70211 4 0 0 20 0 1 0 922894192 90152960 18929 17179869184 93824992301056 93824992468925 140737488338416 0 0 0 134217728 4 25184771 0 0 0 17 8 0 0 0 0 0 93824992533936 93824992571272 93824992575488 140737488340184 140737488340355 140737488340355 140737488351170 0
/proc/384683/statm: 22010 18929 2088 41 0 18089 0
Current children cumulated CPU time: 702.22 s
Current children cumulated vsize: 114948 KiB
Current children cumulated memory: 89328 KiB

[startup+762.3 s]
/proc/loadavg: 14.13 14.12 12.56 15/822 384708
/proc/meminfo: memFree=369902840/528004324 swapFree=8388604/8388604
[pid=384679] ppid=384678 vsize=26908 memory=13612 CPUtime=0.07 cores=8-9
/proc/384679/stat : 384679 (perf) S 384678 384679 384637 0 -1 0 1738 237 0 0 7 0 0 0 20 0 1 0 922894185 27553792 3403 17179869184 93824994299904 93824996572973 140737488338256 0 0 0 134217728 4 74274 1 0 0 17 8 0 0 0 0 0 93824998874888 93825001005840 93825001308160 140737488340074 140737488340471 140737488340471 140737488351179 0
/proc/384679/statm: 6727 3403 2098 555 0 1769 0
[pid=384683] ppid=384679 vsize=90920 memory=78092 CPUtime=762.15 cores=8-9
/proc/384683/stat : 384683 (clingo) R 384679 384679 384637 0 -1 0 17729 0 0 0 76211 4 0 0 20 0 1 0 922894192 93102080 19523 17179869184 93824992301056 93824992468925 140737488338416 0 0 0 134217728 4 25184771 0 0 0 17 8 0 0 0 0 0 93824992533936 93824992571272 93824992575488 140737488340184 140737488340355 140737488340355 140737488351170 0
/proc/384683/statm: 22730 19523 2088 41 0 18809 0
Current children cumulated CPU time: 762.22 s
Current children cumulated vsize: 117828 KiB
Current children cumulated memory: 91704 KiB

[startup+822.3 s]
/proc/loadavg: 14.05 14.10 12.65 15/822 384710
/proc/meminfo: memFree=369073312/528004324 swapFree=8388604/8388604
[pid=384679] ppid=384678 vsize=26908 memory=13612 CPUtime=0.07 cores=8-9
/proc/384679/stat : 384679 (perf) S 384678 384679 384637 0 -1 0 1738 237 0 0 7 0 0 0 20 0 1 0 922894185 27553792 3403 17179869184 93824994299904 93824996572973 140737488338256 0 0 0 134217728 4 74274 1 0 0 17 8 0 0 0 0 0 93824998874888 93825001005840 93825001308160 140737488340074 140737488340471 140737488340471 140737488351179 0
/proc/384679/statm: 6727 3403 2098 555 0 1769 0
[pid=384683] ppid=384679 vsize=92360 memory=79412 CPUtime=822.15 cores=8-9
/proc/384683/stat : 384683 (clingo) R 384679 384679 384637 0 -1 0 18069 0 0 0 82211 4 0 0 20 0 1 0 922894192 94576640 19853 17179869184 93824992301056 93824992468925 140737488338416 0 0 0 134217728 4 25184771 0 0 0 17 8 0 0 0 0 0 93824992533936 93824992571272 93824992575488 140737488340184 140737488340355 140737488340355 140737488351170 0
/proc/384683/statm: 23090 19853 2088 41 0 19169 0
Current children cumulated CPU time: 822.22 s
Current children cumulated vsize: 119268 KiB
Current children cumulated memory: 93024 KiB

[startup+882.3 s]
/proc/loadavg: 14.16 14.14 12.76 15/822 384712
/proc/meminfo: memFree=368735148/528004324 swapFree=8388604/8388604
[pid=384679] ppid=384678 vsize=26908 memory=13612 CPUtime=0.07 cores=8-9
/proc/384679/stat : 384679 (perf) S 384678 384679 384637 0 -1 0 1738 237 0 0 7 0 0 0 20 0 1 0 922894185 27553792 3403 17179869184 93824994299904 93824996572973 140737488338256 0 0 0 134217728 4 74274 1 0 0 17 8 0 0 0 0 0 93824998874888 93825001005840 93825001308160 140737488340074 140737488340471 140737488340471 140737488351179 0
/proc/384679/statm: 6727 3403 2098 555 0 1769 0
[pid=384683] ppid=384679 vsize=95588 memory=82316 CPUtime=882.14 cores=8-9
/proc/384683/stat : 384683 (clingo) R 384679 384679 384637 0 -1 0 18760 0 0 0 88210 4 0 0 20 0 1 0 922894192 97882112 20579 17179869184 93824992301056 93824992468925 140737488338416 0 0 0 134217728 4 25184771 0 0 0 17 8 0 0 0 0 0 93824992533936 93824992571272 93824992575488 140737488340184 140737488340355 140737488340355 140737488351170 0
/proc/384683/statm: 23897 20579 2088 41 0 19976 0
Current children cumulated CPU time: 882.21 s
Current children cumulated vsize: 122496 KiB
Current children cumulated memory: 95928 KiB

[startup+942.3 s]
/proc/loadavg: 15.33 14.49 12.97 15/822 384713
/proc/meminfo: memFree=368603604/528004324 swapFree=8388604/8388604
[pid=384679] ppid=384678 vsize=26908 memory=13612 CPUtime=0.07 cores=8-9
/proc/384679/stat : 384679 (perf) S 384678 384679 384637 0 -1 0 1738 237 0 0 7 0 0 0 20 0 1 0 922894185 27553792 3403 17179869184 93824994299904 93824996572973 140737488338256 0 0 0 134217728 4 74274 1 0 0 17 8 0 0 0 0 0 93824998874888 93825001005840 93825001308160 140737488340074 140737488340471 140737488340471 140737488351179 0
/proc/384679/statm: 6727 3403 2098 555 0 1769 0
[pid=384683] ppid=384679 vsize=97068 memory=83588 CPUtime=942.15 cores=8-9
/proc/384683/stat : 384683 (clingo) R 384679 384679 384637 0 -1 0 19184 0 0 0 94211 4 0 0 20 0 1 0 922894192 99397632 20897 17179869184 93824992301056 93824992468925 140737488338416 0 0 0 134217728 4 25184771 0 0 0 17 8 0 0 0 0 0 93824992533936 93824992571272 93824992575488 140737488340184 140737488340355 140737488340355 140737488351170 0
/proc/384683/statm: 24267 20897 2088 41 0 20346 0
Current children cumulated CPU time: 942.22 s
Current children cumulated vsize: 123976 KiB
Current children cumulated memory: 97200 KiB

[startup+1002.3 s]
/proc/loadavg: 14.57 14.42 13.04 15/823 384716
/proc/meminfo: memFree=368504080/528004324 swapFree=8388604/8388604
[pid=384679] ppid=384678 vsize=26908 memory=13612 CPUtime=0.07 cores=8-9
/proc/384679/stat : 384679 (perf) S 384678 384679 384637 0 -1 0 1738 237 0 0 7 0 0 0 20 0 1 0 922894185 27553792 3403 17179869184 93824994299904 93824996572973 140737488338256 0 0 0 134217728 4 74274 1 0 0 17 8 0 0 0 0 0 93824998874888 93825001005840 93825001308160 140737488340074 140737488340471 140737488340471 140737488351179 0
/proc/384679/statm: 6727 3403 2098 555 0 1769 0
[pid=384683] ppid=384679 vsize=102252 memory=87548 CPUtime=1002.15 cores=8-9
/proc/384683/stat : 384683 (clingo) R 384679 384679 384637 0 -1 0 20212 0 0 0 100210 5 0 0 20 0 1 0 922894192 104706048 21887 17179869184 93824992301056 93824992468925 140737488338416 0 0 0 134217728 4 25184771 0 0 0 17 8 0 0 0 0 0 93824992533936 93824992571272 93824992575488 140737488340184 140737488340355 140737488340355 140737488351170 0
/proc/384683/statm: 25563 21887 2088 41 0 21642 0
Current children cumulated CPU time: 1002.22 s
Current children cumulated vsize: 129160 KiB
Current children cumulated memory: 101160 KiB

[startup+1062.3 s]
/proc/loadavg: 14.42 14.41 13.13 15/823 384718
/proc/meminfo: memFree=368418180/528004324 swapFree=8388604/8388604
[pid=384679] ppid=384678 vsize=26908 memory=13612 CPUtime=0.07 cores=8-9
/proc/384679/stat : 384679 (perf) S 384678 384679 384637 0 -1 0 1738 237 0 0 7 0 0 0 20 0 1 0 922894185 27553792 3403 17179869184 93824994299904 93824996572973 140737488338256 0 0 0 134217728 4 74274 1 0 0 17 8 0 0 0 0 0 93824998874888 93825001005840 93825001308160 140737488340074 140737488340471 140737488340471 140737488351179 0
/proc/384679/statm: 6727 3403 2098 555 0 1769 0
[pid=384683] ppid=384679 vsize=105132 memory=90188 CPUtime=1062.15 cores=8-9
/proc/384683/stat : 384683 (clingo) R 384679 384679 384637 0 -1 0 20831 0 0 0 106210 5 0 0 20 0 1 0 922894192 107655168 22547 17179869184 93824992301056 93824992468925 140737488338416 0 0 0 134217728 4 25184771 0 0 0 17 8 0 0 0 0 0 93824992533936 93824992571272 93824992575488 140737488340184 140737488340355 140737488340355 140737488351170 0
/proc/384683/statm: 26283 22547 2088 41 0 22362 0
Current children cumulated CPU time: 1062.22 s
Current children cumulated vsize: 132040 KiB
Current children cumulated memory: 103800 KiB

[startup+1122.3 s]
/proc/loadavg: 14.15 14.33 13.19 15/823 384721
/proc/meminfo: memFree=368297508/528004324 swapFree=8388604/8388604
[pid=384679] ppid=384678 vsize=26908 memory=13612 CPUtime=0.07 cores=8-9
/proc/384679/stat : 384679 (perf) S 384678 384679 384637 0 -1 0 1738 237 0 0 7 0 0 0 20 0 1 0 922894185 27553792 3403 17179869184 93824994299904 93824996572973 140737488338256 0 0 0 134217728 4 74274 1 0 0 17 8 0 0 0 0 0 93824998874888 93825001005840 93825001308160 140737488340074 140737488340471 140737488340471 140737488351179 0
/proc/384679/statm: 6727 3403 2098 555 0 1769 0
[pid=384683] ppid=384679 vsize=106860 memory=91508 CPUtime=1122.15 cores=8-9
/proc/384683/stat : 384683 (clingo) R 384679 384679 384637 0 -1 0 21182 0 0 0 112210 5 0 0 20 0 1 0 922894192 109424640 22877 17179869184 93824992301056 93824992468925 140737488338416 0 0 0 134217728 4 25184771 0 0 0 17 8 0 0 0 0 0 93824992533936 93824992571272 93824992575488 140737488340184 140737488340355 140737488340355 140737488351170 0
/proc/384683/statm: 26715 22877 2088 41 0 22794 0
Current children cumulated CPU time: 1122.22 s
Current children cumulated vsize: 133768 KiB
Current children cumulated memory: 105120 KiB

[startup+1182.3 s]
/proc/loadavg: 14.34 14.34 13.27 15/823 384724
/proc/meminfo: memFree=368110528/528004324 swapFree=8388604/8388604
[pid=384679] ppid=384678 vsize=26908 memory=13612 CPUtime=0.07 cores=8-9
/proc/384679/stat : 384679 (perf) S 384678 384679 384637 0 -1 0 1738 237 0 0 7 0 0 0 20 0 1 0 922894185 27553792 3403 17179869184 93824994299904 93824996572973 140737488338256 0 0 0 134217728 4 74274 1 0 0 17 8 0 0 0 0 0 93824998874888 93825001005840 93825001308160 140737488340074 140737488340471 140737488340471 140737488351179 0
/proc/384679/statm: 6727 3403 2098 555 0 1769 0
[pid=384683] ppid=384679 vsize=110892 memory=94676 CPUtime=1182.15 cores=8-9
/proc/384683/stat : 384683 (clingo) R 384679 384679 384637 0 -1 0 21998 0 0 0 118210 5 0 0 20 0 1 0 922894192 113553408 23669 17179869184 93824992301056 93824992468925 140737488338416 0 0 0 134217728 4 25184771 0 0 0 17 8 0 0 0 0 0 93824992533936 93824992571272 93824992575488 140737488340184 140737488340355 140737488340355 140737488351170 0
/proc/384683/statm: 27723 23669 2088 41 0 23802 0
Current children cumulated CPU time: 1182.22 s
Current children cumulated vsize: 137800 KiB
Current children cumulated memory: 108288 KiB



Maximum wall clock time exceeded: sending SIGTERM then SIGKILL

[startup+1205 s]*
/proc/loadavg: 14.28 14.33 13.29 16/837 386499
/proc/meminfo: memFree=383527892/528004324 swapFree=8388604/8388604
[pid=384679] ppid=384678 vsize=26908 memory=13612 CPUtime=0.07 cores=8-9
/proc/384679/stat : 384679 (perf) S 384678 384679 384637 0 -1 0 1738 237 0 0 7 0 0 0 20 0 1 0 922894185 27553792 3403 17179869184 93824994299904 93824996572973 140737488338256 0 0 0 134217728 4 74274 1 0 0 17 8 0 0 0 0 0 93824998874888 93825001005840 93825001308160 140737488340074 140737488340471 140737488340471 140737488351179 0
/proc/384679/statm: 6727 3403 2098 555 0 1769 0
[pid=384683] ppid=384679 vsize=111180 memory=94940 CPUtime=1204.86 cores=8-9
/proc/384683/stat : 384683 (clingo) R 384679 384679 384637 0 -1 0 22060 0 0 0 120481 5 0 0 20 0 1 0 922894192 113848320 23735 17179869184 93824992301056 93824992468925 140737488338416 0 0 0 134217728 4 25184771 0 0 0 17 8 0 0 0 0 0 93824992533936 93824992571272 93824992575488 140737488340184 140737488340355 140737488340355 140737488351170 0
/proc/384683/statm: 27795 23735 2088 41 0 23874 0
Current children cumulated CPU time: 1204.93 s
Current children cumulated vsize: 138088 KiB
Current children cumulated memory: 108552 KiB

Sending SIGINT to process tree (bottom up)
Sleeping 5 seconds

[startup+1205.02 s]
# the end of solver process 384679 was just reported to runsolver
# cumulated CPU time of all completed processes:  user=1204.9 s, system=0.063941 s

Solver just ended.
??? end of watcher thread
Dumping a history of the last processes samples

Child status: 1
Real time (s): 1205.02
CPU time (s): 1204.96
CPU user time (s): 1204.9
CPU system time (s): 0.063941
CPU usage (%): 99.9946
Max. virtual memory (cumulated for all children) (KiB): 138088
Max. memory (cumulated for all children) (KiB): 108552

getrusage(RUSAGE_CHILDREN,...) data:
user time used= 1204.9
system time used= 0.063941
maximum resident set size= 95168
integral shared memory size= 0
integral unshared data size= 0
integral unshared stack size= 0
page reclaims= 24075
page faults= 0
swaps= 0
block input operations= 0
block output operations= 0
messages sent= 0
messages received= 0
signals received= 0
voluntary context switches= 17
involuntary context switches= 1081


# summary of solver processes directly reported to runsolver:
#   pid: 384679
#   total CPU time (s): 1204.96
#   total CPU user time (s): 1204.9
#   total CPU system time (s): 0.063941

??? end of timestamper thread
runsolver used 9.44101 second user time and 14.242 second system time

The end
