runsolver version 3.4.0 (svn: 3018) Copyright (C) 2010-2013 Olivier ROUSSEL

This program is distributed in the hope that it will be useful,
but WITHOUT ANY WARRANTY; without even the implied warranty of
MERCHANTABILITY or FITNESS FOR A PARTICULAR PURPOSE.  See the
GNU General Public License for more details.

NUMA information:
  number of nodes: 2
  memory of node 0: 257635 MiB (181687 MiB free)
  memory of node 1: 257994 MiB (175390 MiB free)
  node distances:
     10  20
     20  10

command line: /dev/shm/374e177a-2e81-11f1-ac62-000c298f4621/input/runsolver -w /dev/shm/374e177a-2e81-11f1-ac62-000c298f4621/output/runsolver.log -v /dev/shm/374e177a-2e81-11f1-ac62-000c298f4621/output/varfile.log -W 1205 --rss-swap-limit 16384 -d 5 --sigint /usr/bin/perf stat -B -e task-clock,cache-references,cache-misses,cycles,instructions,branches,faults,migrations,context-switches -o /dev/shm/374e177a-2e81-11f1-ac62-000c298f4621/output/perf.log clingo /home/guests/mmacri/AMOSUM/benchmarks/GraphColouring/encoding-plain-amo.asp /dev/shm/374e177a-2e81-11f1-ac62-000c298f4621/input/0019-graph_colouring-130-0_4992.asp 

running on 2 cores: 4-5

Enforcing wall clock limit (soft limit, will send SIGTERM then SIGKILL): 1205 seconds
Enforcing RSS+Swap limit (soft limit, will send SIGTERM then SIGKILL): 16777216 KiB
Linux 5.15.0-131-generic
Current StackSize limit: 8192 KiB

solver pid=1304670, runsolver pid=1304668

[startup+0.10007 s]*
/proc/loadavg: 13.98 14.21 13.25 18/821 1304684
/proc/meminfo: memFree=365629372/528004516 swapFree=8388604/8388604
[pid=1304670] ppid=1304668 vsize=26908 memory=13612 CPUtime=0.07 cores=4-5
/proc/1304670/stat : 1304670 (perf) S 1304668 1304670 1304343 0 -1 0 1739 237 0 0 6 1 0 0 20 0 1 0 923008112 27553792 3403 17179869184 93824994299904 93824996572973 140737488338256 0 0 0 134217728 4 74274 1 0 0 17 4 0 0 0 0 0 93824998874888 93825001005840 93825001308160 140737488340073 140737488340470 140737488340470 140737488351179 0
/proc/1304670/statm: 6727 3403 2098 555 0 1769 0
[pid=1304683] ppid=1304670 vsize=20076 memory=11448 CPUtime=0.03 cores=4-5
/proc/1304683/stat : 1304683 (clingo) R 1304670 1304670 1304343 0 -1 0 1274 0 11 0 3 0 0 0 20 0 1 0 923008120 20557824 2862 17179869184 93824992301056 93824992468925 140737488338416 0 0 0 134217728 4 25184771 0 0 0 17 5 0 0 0 0 0 93824992533936 93824992571272 93824992575488 140737488340183 140737488340354 140737488340354 140737488351170 0
/proc/1304683/statm: 5019 2862 1984 41 0 1098 0
Current children cumulated CPU time: 0.1 s
Current children cumulated vsize: 46984 KiB
Current children cumulated memory: 25060 KiB

[startup+0.235446 s]*
/proc/loadavg: 13.98 14.21 13.25 18/831 1304764
/proc/meminfo: memFree=365619672/528004516 swapFree=8388604/8388604
[pid=1304670] ppid=1304668 vsize=26908 memory=13612 CPUtime=0.07 cores=4-5
/proc/1304670/stat : 1304670 (perf) S 1304668 1304670 1304343 0 -1 0 1739 237 0 0 6 1 0 0 20 0 1 0 923008112 27553792 3403 17179869184 93824994299904 93824996572973 140737488338256 0 0 0 134217728 4 74274 1 0 0 17 4 0 0 0 0 0 93824998874888 93825001005840 93825001308160 140737488340073 140737488340470 140737488340470 140737488351179 0
/proc/1304670/statm: 6727 3403 2098 555 0 1769 0
[pid=1304683] ppid=1304670 vsize=24712 memory=16312 CPUtime=0.14 cores=4-5
/proc/1304683/stat : 1304683 (clingo) R 1304670 1304670 1304343 0 -1 0 2428 0 11 0 14 0 0 0 20 0 1 0 923008120 25305088 4078 17179869184 93824992301056 93824992468925 140737488338416 0 0 0 134217728 4 25184771 0 0 0 17 5 0 0 0 0 0 93824992533936 93824992571272 93824992575488 140737488340183 140737488340354 140737488340354 140737488351170 0
/proc/1304683/statm: 6178 4078 2016 41 0 2257 0
Current children cumulated CPU time: 0.21 s
Current children cumulated vsize: 51620 KiB
Current children cumulated memory: 29924 KiB

[startup+0.334627 s]*
/proc/loadavg: 13.98 14.21 13.25 19/833 1304766
/proc/meminfo: memFree=365607344/528004516 swapFree=8388604/8388604
[pid=1304670] ppid=1304668 vsize=26908 memory=13612 CPUtime=0.07 cores=4-5
/proc/1304670/stat : 1304670 (perf) S 1304668 1304670 1304343 0 -1 0 1739 237 0 0 6 1 0 0 20 0 1 0 923008112 27553792 3403 17179869184 93824994299904 93824996572973 140737488338256 0 0 0 134217728 4 74274 1 0 0 17 4 0 0 0 0 0 93824998874888 93825001005840 93825001308160 140737488340073 140737488340470 140737488340470 140737488351179 0
/proc/1304670/statm: 6727 3403 2098 555 0 1769 0
[pid=1304683] ppid=1304670 vsize=25664 memory=17368 CPUtime=0.22 cores=4-5
/proc/1304683/stat : 1304683 (clingo) R 1304670 1304670 1304343 0 -1 0 2692 0 11 0 22 0 0 0 20 0 1 0 923008120 26279936 4342 17179869184 93824992301056 93824992468925 140737488338416 0 0 0 134217728 4 25184771 0 0 0 17 5 0 0 0 0 0 93824992533936 93824992571272 93824992575488 140737488340183 140737488340354 140737488340354 140737488351170 0
/proc/1304683/statm: 6416 4342 2016 41 0 2495 0
Current children cumulated CPU time: 0.29 s
Current children cumulated vsize: 52572 KiB
Current children cumulated memory: 30980 KiB

[startup+0.700326 s]
/proc/loadavg: 13.98 14.21 13.25 17/819 1304781
/proc/meminfo: memFree=365581648/528004516 swapFree=8388604/8388604
[pid=1304670] ppid=1304668 vsize=26908 memory=13612 CPUtime=0.07 cores=4-5
/proc/1304670/stat : 1304670 (perf) S 1304668 1304670 1304343 0 -1 0 1739 237 0 0 6 1 0 0 20 0 1 0 923008112 27553792 3403 17179869184 93824994299904 93824996572973 140737488338256 0 0 0 134217728 4 74274 1 0 0 17 4 0 0 0 0 0 93824998874888 93825001005840 93825001308160 140737488340073 140737488340470 140737488340470 140737488351179 0
/proc/1304670/statm: 6727 3403 2098 555 0 1769 0
[pid=1304683] ppid=1304670 vsize=27536 memory=19216 CPUtime=0.52 cores=4-5
/proc/1304683/stat : 1304683 (clingo) R 1304670 1304670 1304343 0 -1 0 3140 0 11 0 52 0 0 0 20 0 1 0 923008120 28196864 4804 17179869184 93824992301056 93824992468925 140737488338416 0 0 0 134217728 4 25184771 0 0 0 17 5 0 0 0 0 0 93824992533936 93824992571272 93824992575488 140737488340183 140737488340354 140737488340354 140737488351170 0
/proc/1304683/statm: 6884 4804 2016 41 0 2963 0
Current children cumulated CPU time: 0.59 s
Current children cumulated vsize: 54444 KiB
Current children cumulated memory: 32828 KiB

[startup+1.50033 s]
/proc/loadavg: 13.98 14.21 13.25 15/826 1304930
/proc/meminfo: memFree=365568152/528004516 swapFree=8388604/8388604
[pid=1304670] ppid=1304668 vsize=26908 memory=13612 CPUtime=0.07 cores=4-5
/proc/1304670/stat : 1304670 (perf) S 1304668 1304670 1304343 0 -1 0 1739 237 0 0 6 1 0 0 20 0 1 0 923008112 27553792 3403 17179869184 93824994299904 93824996572973 140737488338256 0 0 0 134217728 4 74274 1 0 0 17 4 0 0 0 0 0 93824998874888 93825001005840 93825001308160 140737488340073 140737488340470 140737488340470 140737488351179 0
/proc/1304670/statm: 6727 3403 2098 555 0 1769 0
[pid=1304683] ppid=1304670 vsize=29256 memory=20800 CPUtime=1.31 cores=4-5
/proc/1304683/stat : 1304683 (clingo) R 1304670 1304670 1304343 0 -1 0 3561 0 11 0 131 0 0 0 20 0 1 0 923008120 29958144 5200 17179869184 93824992301056 93824992468925 140737488338416 0 0 0 134217728 4 25184771 0 0 0 17 4 0 0 0 0 0 93824992533936 93824992571272 93824992575488 140737488340183 140737488340354 140737488340354 140737488351170 0
/proc/1304683/statm: 7314 5200 2016 41 0 3393 0
Current children cumulated CPU time: 1.38 s
Current children cumulated vsize: 56164 KiB
Current children cumulated memory: 34412 KiB

[startup+3.11974 s]
/proc/loadavg: 13.98 14.21 13.25 17/833 1305187
/proc/meminfo: memFree=365648184/528004516 swapFree=8388604/8388604
[pid=1304670] ppid=1304668 vsize=26908 memory=13612 CPUtime=0.07 cores=4-5
/proc/1304670/stat : 1304670 (perf) S 1304668 1304670 1304343 0 -1 0 1739 237 0 0 6 1 0 0 20 0 1 0 923008112 27553792 3403 17179869184 93824994299904 93824996572973 140737488338256 0 0 0 134217728 4 74274 1 0 0 17 4 0 0 0 0 0 93824998874888 93825001005840 93825001308160 140737488340073 140737488340470 140737488340470 140737488351179 0
/proc/1304670/statm: 6727 3403 2098 555 0 1769 0
[pid=1304683] ppid=1304670 vsize=32104 memory=23704 CPUtime=2.93 cores=4-5
/proc/1304683/stat : 1304683 (clingo) R 1304670 1304670 1304343 0 -1 0 4289 0 11 0 293 0 0 0 20 0 1 0 923008120 32874496 5926 17179869184 93824992301056 93824992468925 140737488338416 0 0 0 134217728 4 25184771 0 0 0 17 4 0 0 0 0 0 93824992533936 93824992571272 93824992575488 140737488340183 140737488340354 140737488340354 140737488351170 0
/proc/1304683/statm: 8026 5926 2016 41 0 4105 0
Current children cumulated CPU time: 3 s
Current children cumulated vsize: 59012 KiB
Current children cumulated memory: 37316 KiB

[startup+6.30028 s]
/proc/loadavg: 14.06 14.22 13.26 15/829 1305448
/proc/meminfo: memFree=365624920/528004516 swapFree=8388604/8388604
[pid=1304670] ppid=1304668 vsize=26908 memory=13612 CPUtime=0.07 cores=4-5
/proc/1304670/stat : 1304670 (perf) S 1304668 1304670 1304343 0 -1 0 1739 237 0 0 6 1 0 0 20 0 1 0 923008112 27553792 3403 17179869184 93824994299904 93824996572973 140737488338256 0 0 0 134217728 4 74274 1 0 0 17 4 0 0 0 0 0 93824998874888 93825001005840 93825001308160 140737488340073 140737488340470 140737488340470 140737488351179 0
/proc/1304670/statm: 6727 3403 2098 555 0 1769 0
[pid=1304683] ppid=1304670 vsize=35712 memory=27136 CPUtime=6.11 cores=4-5
/proc/1304683/stat : 1304683 (clingo) R 1304670 1304670 1304343 0 -1 0 5148 0 11 0 611 0 0 0 20 0 1 0 923008120 36569088 6784 17179869184 93824992301056 93824992468925 140737488338416 0 0 0 134217728 4 25184771 0 0 0 17 4 0 0 0 0 0 93824992533936 93824992571272 93824992575488 140737488340183 140737488340354 140737488340354 140737488351170 0
/proc/1304683/statm: 8928 6784 2016 41 0 5007 0
Current children cumulated CPU time: 6.18 s
Current children cumulated vsize: 62620 KiB
Current children cumulated memory: 40748 KiB

[startup+12.7003 s]
/proc/loadavg: 14.05 14.22 13.26 16/838 1305698
/proc/meminfo: memFree=365800124/528004516 swapFree=8388604/8388604
[pid=1304670] ppid=1304668 vsize=26908 memory=13612 CPUtime=0.07 cores=4-5
/proc/1304670/stat : 1304670 (perf) S 1304668 1304670 1304343 0 -1 0 1739 237 0 0 6 1 0 0 20 0 1 0 923008112 27553792 3403 17179869184 93824994299904 93824996572973 140737488338256 0 0 0 134217728 4 74274 1 0 0 17 4 0 0 0 0 0 93824998874888 93825001005840 93825001308160 140737488340073 140737488340470 140737488340470 140737488351179 0
/proc/1304670/statm: 6727 3403 2098 555 0 1769 0
[pid=1304683] ppid=1304670 vsize=39368 memory=30848 CPUtime=12.51 cores=4-5
/proc/1304683/stat : 1304683 (clingo) R 1304670 1304670 1304343 0 -1 0 6138 0 11 0 1251 0 0 0 20 0 1 0 923008120 40312832 7712 17179869184 93824992301056 93824992468925 140737488338416 0 0 0 134217728 4 25184771 0 0 0 17 4 0 0 0 0 0 93824992533936 93824992571272 93824992575488 140737488340183 140737488340354 140737488340354 140737488351170 0
/proc/1304683/statm: 9842 7712 2016 41 0 5921 0
Current children cumulated CPU time: 12.58 s
Current children cumulated vsize: 66276 KiB
Current children cumulated memory: 44460 KiB

[startup+25.5004 s]
/proc/loadavg: 14.04 14.20 13.27 16/838 1305698
/proc/meminfo: memFree=365719668/528004516 swapFree=8388604/8388604
[pid=1304670] ppid=1304668 vsize=26908 memory=13612 CPUtime=0.07 cores=4-5
/proc/1304670/stat : 1304670 (perf) S 1304668 1304670 1304343 0 -1 0 1739 237 0 0 6 1 0 0 20 0 1 0 923008112 27553792 3403 17179869184 93824994299904 93824996572973 140737488338256 0 0 0 134217728 4 74274 1 0 0 17 4 0 0 0 0 0 93824998874888 93825001005840 93825001308160 140737488340073 140737488340470 140737488340470 140737488351179 0
/proc/1304670/statm: 6727 3403 2098 555 0 1769 0
[pid=1304683] ppid=1304670 vsize=43400 memory=34544 CPUtime=25.31 cores=4-5
/proc/1304683/stat : 1304683 (clingo) R 1304670 1304670 1304343 0 -1 0 7074 0 11 0 2531 0 0 0 20 0 1 0 923008120 44441600 8636 17179869184 93824992301056 93824992468925 140737488338416 0 0 0 134217728 4 25184771 0 0 0 17 4 0 0 0 0 0 93824992533936 93824992571272 93824992575488 140737488340183 140737488340354 140737488340354 140737488351170 0
/proc/1304683/statm: 10850 8636 2016 41 0 6929 0
Current children cumulated CPU time: 25.38 s
Current children cumulated vsize: 70308 KiB
Current children cumulated memory: 48156 KiB

[startup+51.12 s]
/proc/loadavg: 14.25 14.24 13.31 16/839 1305906
/proc/meminfo: memFree=365718804/528004516 swapFree=8388604/8388604
[pid=1304670] ppid=1304668 vsize=26908 memory=13612 CPUtime=0.07 cores=4-5
/proc/1304670/stat : 1304670 (perf) S 1304668 1304670 1304343 0 -1 0 1739 237 0 0 6 1 0 0 20 0 1 0 923008112 27553792 3403 17179869184 93824994299904 93824996572973 140737488338256 0 0 0 134217728 4 74274 1 0 0 17 4 0 0 0 0 0 93824998874888 93825001005840 93825001308160 140737488340073 140737488340470 140737488340470 140737488351179 0
/proc/1304670/statm: 6727 3403 2098 555 0 1769 0
[pid=1304683] ppid=1304670 vsize=49256 memory=40088 CPUtime=50.93 cores=4-5
/proc/1304683/stat : 1304683 (clingo) R 1304670 1304670 1304343 0 -1 0 8441 0 11 0 5093 0 0 0 20 0 1 0 923008120 50438144 10022 17179869184 93824992301056 93824992468925 140737488338416 0 0 0 134217728 4 25184771 0 0 0 17 4 0 0 0 0 0 93824992533936 93824992571272 93824992575488 140737488340183 140737488340354 140737488340354 140737488351170 0
/proc/1304683/statm: 12314 10022 2016 41 0 8393 0
Current children cumulated CPU time: 51 s
Current children cumulated vsize: 76164 KiB
Current children cumulated memory: 53700 KiB

[startup+102.3 s]
/proc/loadavg: 14.19 14.23 13.36 16/841 1305954
/proc/meminfo: memFree=365571420/528004516 swapFree=8388604/8388604
[pid=1304670] ppid=1304668 vsize=26908 memory=13612 CPUtime=0.07 cores=4-5
/proc/1304670/stat : 1304670 (perf) S 1304668 1304670 1304343 0 -1 0 1739 237 0 0 6 1 0 0 20 0 1 0 923008112 27553792 3403 17179869184 93824994299904 93824996572973 140737488338256 0 0 0 134217728 4 74274 1 0 0 17 4 0 0 0 0 0 93824998874888 93825001005840 93825001308160 140737488340073 140737488340470 140737488340470 140737488351179 0
/proc/1304670/statm: 6727 3403 2098 555 0 1769 0
[pid=1304683] ppid=1304670 vsize=61088 memory=51132 CPUtime=102.11 cores=4-5
/proc/1304683/stat : 1304683 (clingo) R 1304670 1304670 1304343 0 -1 0 11423 0 11 0 10210 1 0 0 20 0 1 0 923008120 62554112 12783 17179869184 93824992301056 93824992468925 140737488338416 0 0 0 134217728 4 25184771 0 0 0 17 4 0 0 0 0 0 93824992533936 93824992571272 93824992575488 140737488340183 140737488340354 140737488340354 140737488351170 0
/proc/1304683/statm: 15272 12783 2016 41 0 11351 0
Current children cumulated CPU time: 102.18 s
Current children cumulated vsize: 87996 KiB
Current children cumulated memory: 64744 KiB

[startup+162.3 s]
/proc/loadavg: 14.12 14.20 13.41 16/841 1305957
/proc/meminfo: memFree=365458472/528004516 swapFree=8388604/8388604
[pid=1304670] ppid=1304668 vsize=26908 memory=13612 CPUtime=0.07 cores=4-5
/proc/1304670/stat : 1304670 (perf) S 1304668 1304670 1304343 0 -1 0 1739 237 0 0 6 1 0 0 20 0 1 0 923008112 27553792 3403 17179869184 93824994299904 93824996572973 140737488338256 0 0 0 134217728 4 74274 1 0 0 17 4 0 0 0 0 0 93824998874888 93825001005840 93825001308160 140737488340073 140737488340470 140737488340470 140737488351179 0
/proc/1304670/statm: 6727 3403 2098 555 0 1769 0
[pid=1304683] ppid=1304670 vsize=71492 memory=59844 CPUtime=162.11 cores=4-5
/proc/1304683/stat : 1304683 (clingo) R 1304670 1304670 1304343 0 -1 0 13610 0 11 0 16209 2 0 0 20 0 1 0 923008120 73207808 14961 17179869184 93824992301056 93824992468925 140737488338416 0 0 0 134217728 4 25184771 0 0 0 17 4 0 0 0 0 0 93824992533936 93824992571272 93824992575488 140737488340183 140737488340354 140737488340354 140737488351170 0
/proc/1304683/statm: 17873 14961 2016 41 0 13952 0
Current children cumulated CPU time: 162.18 s
Current children cumulated vsize: 98400 KiB
Current children cumulated memory: 73456 KiB

[startup+222.3 s]
/proc/loadavg: 14.29 14.24 13.47 16/841 1305960
/proc/meminfo: memFree=365356680/528004516 swapFree=8388604/8388604
[pid=1304670] ppid=1304668 vsize=26908 memory=13612 CPUtime=0.07 cores=4-5
/proc/1304670/stat : 1304670 (perf) S 1304668 1304670 1304343 0 -1 0 1739 237 0 0 6 1 0 0 20 0 1 0 923008112 27553792 3403 17179869184 93824994299904 93824996572973 140737488338256 0 0 0 134217728 4 74274 1 0 0 17 4 0 0 0 0 0 93824998874888 93825001005840 93825001308160 140737488340073 140737488340470 140737488340470 140737488351179 0
/proc/1304670/statm: 6727 3403 2098 555 0 1769 0
[pid=1304683] ppid=1304670 vsize=76864 memory=64860 CPUtime=222.11 cores=4-5
/proc/1304683/stat : 1304683 (clingo) R 1304670 1304670 1304343 0 -1 0 14868 0 11 0 22209 2 0 0 20 0 1 0 923008120 78708736 16215 17179869184 93824992301056 93824992468925 140737488338416 0 0 0 134217728 4 25184771 0 0 0 17 4 0 0 0 0 0 93824992533936 93824992571272 93824992575488 140737488340183 140737488340354 140737488340354 140737488351170 0
/proc/1304683/statm: 19216 16215 2016 41 0 15295 0
Current children cumulated CPU time: 222.18 s
Current children cumulated vsize: 103772 KiB
Current children cumulated memory: 78472 KiB

[startup+282.3 s]
/proc/loadavg: 14.85 14.43 13.59 16/841 1305963
/proc/meminfo: memFree=365275812/528004516 swapFree=8388604/8388604
[pid=1304670] ppid=1304668 vsize=26908 memory=13612 CPUtime=0.07 cores=4-5
/proc/1304670/stat : 1304670 (perf) S 1304668 1304670 1304343 0 -1 0 1739 237 0 0 6 1 0 0 20 0 1 0 923008112 27553792 3403 17179869184 93824994299904 93824996572973 140737488338256 0 0 0 134217728 4 74274 1 0 0 17 4 0 0 0 0 0 93824998874888 93825001005840 93825001308160 140737488340073 140737488340470 140737488340470 140737488351179 0
/proc/1304670/statm: 6727 3403 2098 555 0 1769 0
[pid=1304683] ppid=1304670 vsize=80972 memory=68924 CPUtime=282.11 cores=4-5
/proc/1304683/stat : 1304683 (clingo) R 1304670 1304670 1304343 0 -1 0 15923 0 11 0 28208 3 0 0 20 0 1 0 923008120 82915328 17231 17179869184 93824992301056 93824992468925 140737488338416 0 0 0 134217728 4 25184771 0 0 0 17 4 0 0 0 0 0 93824992533936 93824992571272 93824992575488 140737488340183 140737488340354 140737488340354 140737488351170 0
/proc/1304683/statm: 20243 17231 2016 41 0 16322 0
Current children cumulated CPU time: 282.18 s
Current children cumulated vsize: 107880 KiB
Current children cumulated memory: 82536 KiB

[startup+342.3 s]
/proc/loadavg: 14.31 14.35 13.62 16/811 1305968
/proc/meminfo: memFree=365202808/528004516 swapFree=8388604/8388604
[pid=1304670] ppid=1304668 vsize=26908 memory=13612 CPUtime=0.07 cores=4-5
/proc/1304670/stat : 1304670 (perf) S 1304668 1304670 1304343 0 -1 0 1739 237 0 0 6 1 0 0 20 0 1 0 923008112 27553792 3403 17179869184 93824994299904 93824996572973 140737488338256 0 0 0 134217728 4 74274 1 0 0 17 4 0 0 0 0 0 93824998874888 93825001005840 93825001308160 140737488340073 140737488340470 140737488340470 140737488351179 0
/proc/1304670/statm: 6727 3403 2098 555 0 1769 0
[pid=1304683] ppid=1304670 vsize=86496 memory=74204 CPUtime=342.11 cores=4-5
/proc/1304683/stat : 1304683 (clingo) R 1304670 1304670 1304343 0 -1 0 17241 0 11 0 34208 3 0 0 20 0 1 0 923008120 88571904 18551 17179869184 93824992301056 93824992468925 140737488338416 0 0 0 134217728 4 25184771 0 0 0 17 4 0 0 0 0 0 93824992533936 93824992571272 93824992575488 140737488340183 140737488340354 140737488340354 140737488351170 0
/proc/1304683/statm: 21624 18551 2016 41 0 17703 0
Current children cumulated CPU time: 342.18 s
Current children cumulated vsize: 113404 KiB
Current children cumulated memory: 87816 KiB

[startup+402.3 s]
/proc/loadavg: 14.17 14.30 13.65 16/808 1305971
/proc/meminfo: memFree=365129996/528004516 swapFree=8388604/8388604
[pid=1304670] ppid=1304668 vsize=26908 memory=13612 CPUtime=0.07 cores=4-5
/proc/1304670/stat : 1304670 (perf) S 1304668 1304670 1304343 0 -1 0 1739 237 0 0 6 1 0 0 20 0 1 0 923008112 27553792 3403 17179869184 93824994299904 93824996572973 140737488338256 0 0 0 134217728 4 74274 1 0 0 17 4 0 0 0 0 0 93824998874888 93825001005840 93825001308160 140737488340073 140737488340470 140737488340470 140737488351179 0
/proc/1304670/statm: 6727 3403 2098 555 0 1769 0
[pid=1304683] ppid=1304670 vsize=94448 memory=81688 CPUtime=402.1 cores=4-5
/proc/1304683/stat : 1304683 (clingo) R 1304670 1304670 1304343 0 -1 0 19574 0 11 0 40207 3 0 0 20 0 1 0 923008120 96714752 20422 17179869184 93824992301056 93824992468925 140737488338416 0 0 0 134217728 4 25184771 0 0 0 17 4 0 0 0 0 0 93824992533936 93824992571272 93824992575488 140737488340183 140737488340354 140737488340354 140737488351170 0
/proc/1304683/statm: 23612 20422 2016 41 0 19691 0
Current children cumulated CPU time: 402.17 s
Current children cumulated vsize: 121356 KiB
Current children cumulated memory: 95300 KiB

[startup+462.3 s]
/proc/loadavg: 14.22 14.28 13.69 16/808 1305975
/proc/meminfo: memFree=365069752/528004516 swapFree=8388604/8388604
[pid=1304670] ppid=1304668 vsize=26908 memory=13612 CPUtime=0.07 cores=4-5
/proc/1304670/stat : 1304670 (perf) S 1304668 1304670 1304343 0 -1 0 1739 237 0 0 6 1 0 0 20 0 1 0 923008112 27553792 3403 17179869184 93824994299904 93824996572973 140737488338256 0 0 0 134217728 4 74274 1 0 0 17 4 0 0 0 0 0 93824998874888 93825001005840 93825001308160 140737488340073 140737488340470 140737488340470 140737488351179 0
/proc/1304670/statm: 6727 3403 2098 555 0 1769 0
[pid=1304683] ppid=1304670 vsize=103208 memory=89080 CPUtime=462.11 cores=4-5
/proc/1304683/stat : 1304683 (clingo) R 1304670 1304670 1304343 0 -1 0 21403 0 11 0 46207 4 0 0 20 0 1 0 923008120 105684992 22270 17179869184 93824992301056 93824992468925 140737488338416 0 0 0 134217728 4 25184771 0 0 0 17 4 0 0 0 0 0 93824992533936 93824992571272 93824992575488 140737488340183 140737488340354 140737488340354 140737488351170 0
/proc/1304683/statm: 25802 22270 2016 41 0 21881 0
Current children cumulated CPU time: 462.18 s
Current children cumulated vsize: 130116 KiB
Current children cumulated memory: 102692 KiB

[startup+522.3 s]
/proc/loadavg: 14.69 14.41 13.77 16/808 1305979
/proc/meminfo: memFree=365022172/528004516 swapFree=8388604/8388604
[pid=1304670] ppid=1304668 vsize=26908 memory=13612 CPUtime=0.07 cores=4-5
/proc/1304670/stat : 1304670 (perf) S 1304668 1304670 1304343 0 -1 0 1739 237 0 0 6 1 0 0 20 0 1 0 923008112 27553792 3403 17179869184 93824994299904 93824996572973 140737488338256 0 0 0 134217728 4 74274 1 0 0 17 4 0 0 0 0 0 93824998874888 93825001005840 93825001308160 140737488340073 140737488340470 140737488340470 140737488351179 0
/proc/1304670/statm: 6727 3403 2098 555 0 1769 0
[pid=1304683] ppid=1304670 vsize=108328 memory=93304 CPUtime=522.1 cores=4-5
/proc/1304683/stat : 1304683 (clingo) R 1304670 1304670 1304343 0 -1 0 22457 0 11 0 52206 4 0 0 20 0 1 0 923008120 110927872 23326 17179869184 93824992301056 93824992468925 140737488338416 0 0 0 134217728 4 25184771 0 0 0 17 4 0 0 0 0 0 93824992533936 93824992571272 93824992575488 140737488340183 140737488340354 140737488340354 140737488351170 0
/proc/1304683/statm: 27082 23326 2016 41 0 23161 0
Current children cumulated CPU time: 522.17 s
Current children cumulated vsize: 135236 KiB
Current children cumulated memory: 106916 KiB

[startup+582.3 s]
/proc/loadavg: 14.25 14.33 13.79 16/808 1305982
/proc/meminfo: memFree=364963708/528004516 swapFree=8388604/8388604
[pid=1304670] ppid=1304668 vsize=26908 memory=13612 CPUtime=0.07 cores=4-5
/proc/1304670/stat : 1304670 (perf) S 1304668 1304670 1304343 0 -1 0 1739 237 0 0 6 1 0 0 20 0 1 0 923008112 27553792 3403 17179869184 93824994299904 93824996572973 140737488338256 0 0 0 134217728 4 74274 1 0 0 17 4 0 0 0 0 0 93824998874888 93825001005840 93825001308160 140737488340073 140737488340470 140737488340470 140737488351179 0
/proc/1304670/statm: 6727 3403 2098 555 0 1769 0
[pid=1304683] ppid=1304670 vsize=110416 memory=95152 CPUtime=582.1 cores=4-5
/proc/1304683/stat : 1304683 (clingo) R 1304670 1304670 1304343 0 -1 0 22951 0 11 0 58206 4 0 0 20 0 1 0 923008120 113065984 23788 17179869184 93824992301056 93824992468925 140737488338416 0 0 0 134217728 4 25184771 0 0 0 17 4 0 0 0 0 0 93824992533936 93824992571272 93824992575488 140737488340183 140737488340354 140737488340354 140737488351170 0
/proc/1304683/statm: 27604 23788 2016 41 0 23683 0
Current children cumulated CPU time: 582.17 s
Current children cumulated vsize: 137324 KiB
Current children cumulated memory: 108764 KiB

[startup+642.3 s]
/proc/loadavg: 14.09 14.27 13.81 16/809 1305986
/proc/meminfo: memFree=364926144/528004516 swapFree=8388604/8388604
[pid=1304670] ppid=1304668 vsize=26908 memory=13612 CPUtime=0.07 cores=4-5
/proc/1304670/stat : 1304670 (perf) S 1304668 1304670 1304343 0 -1 0 1739 237 0 0 6 1 0 0 20 0 1 0 923008112 27553792 3403 17179869184 93824994299904 93824996572973 140737488338256 0 0 0 134217728 4 74274 1 0 0 17 4 0 0 0 0 0 93824998874888 93825001005840 93825001308160 140737488340073 140737488340470 140737488340470 140737488351179 0
/proc/1304670/statm: 6727 3403 2098 555 0 1769 0
[pid=1304683] ppid=1304670 vsize=114152 memory=98848 CPUtime=642.11 cores=4-5
/proc/1304683/stat : 1304683 (clingo) R 1304670 1304670 1304343 0 -1 0 23826 0 11 0 64206 5 0 0 20 0 1 0 923008120 116891648 24712 17179869184 93824992301056 93824992468925 140737488338416 0 0 0 134217728 4 25184771 0 0 0 17 4 0 0 0 0 0 93824992533936 93824992571272 93824992575488 140737488340183 140737488340354 140737488340354 140737488351170 0
/proc/1304683/statm: 28538 24712 2016 41 0 24617 0
Current children cumulated CPU time: 642.18 s
Current children cumulated vsize: 141060 KiB
Current children cumulated memory: 112460 KiB

[startup+702.3 s]
/proc/loadavg: 14.03 14.22 13.82 16/808 1305989
/proc/meminfo: memFree=364874300/528004516 swapFree=8388604/8388604
[pid=1304670] ppid=1304668 vsize=26908 memory=13612 CPUtime=0.07 cores=4-5
/proc/1304670/stat : 1304670 (perf) S 1304668 1304670 1304343 0 -1 0 1739 237 0 0 6 1 0 0 20 0 1 0 923008112 27553792 3403 17179869184 93824994299904 93824996572973 140737488338256 0 0 0 134217728 4 74274 1 0 0 17 4 0 0 0 0 0 93824998874888 93825001005840 93825001308160 140737488340073 140737488340470 140737488340470 140737488351179 0
/proc/1304670/statm: 6727 3403 2098 555 0 1769 0
[pid=1304683] ppid=1304670 vsize=117664 memory=102016 CPUtime=702.11 cores=4-5
/proc/1304683/stat : 1304683 (clingo) R 1304670 1304670 1304343 0 -1 0 24645 0 11 0 70206 5 0 0 20 0 1 0 923008120 120487936 25504 17179869184 93824992301056 93824992468925 140737488338416 0 0 0 134217728 4 25184771 0 0 0 17 4 0 0 0 0 0 93824992533936 93824992571272 93824992575488 140737488340183 140737488340354 140737488340354 140737488351170 0
/proc/1304683/statm: 29416 25504 2016 41 0 25495 0
Current children cumulated CPU time: 702.18 s
Current children cumulated vsize: 144572 KiB
Current children cumulated memory: 115628 KiB

[startup+762.3 s]
/proc/loadavg: 14.01 14.18 13.83 16/809 1305992
/proc/meminfo: memFree=364833208/528004516 swapFree=8388604/8388604
[pid=1304670] ppid=1304668 vsize=26908 memory=13612 CPUtime=0.07 cores=4-5
/proc/1304670/stat : 1304670 (perf) S 1304668 1304670 1304343 0 -1 0 1739 237 0 0 6 1 0 0 20 0 1 0 923008112 27553792 3403 17179869184 93824994299904 93824996572973 140737488338256 0 0 0 134217728 4 74274 1 0 0 17 4 0 0 0 0 0 93824998874888 93825001005840 93825001308160 140737488340073 140737488340470 140737488340470 140737488351179 0
/proc/1304670/statm: 6727 3403 2098 555 0 1769 0
[pid=1304683] ppid=1304670 vsize=119092 memory=103336 CPUtime=762.11 cores=4-5
/proc/1304683/stat : 1304683 (clingo) R 1304670 1304670 1304343 0 -1 0 24992 0 11 0 76206 5 0 0 20 0 1 0 923008120 121950208 25834 17179869184 93824992301056 93824992468925 140737488338416 0 0 0 134217728 4 25184771 0 0 0 17 4 0 0 0 0 0 93824992533936 93824992571272 93824992575488 140737488340183 140737488340354 140737488340354 140737488351170 0
/proc/1304683/statm: 29773 25834 2016 41 0 25852 0
Current children cumulated CPU time: 762.18 s
Current children cumulated vsize: 146000 KiB
Current children cumulated memory: 116948 KiB

[startup+822.3 s]
/proc/loadavg: 14.32 14.22 13.87 16/809 1305995
/proc/meminfo: memFree=364793140/528004516 swapFree=8388604/8388604
[pid=1304670] ppid=1304668 vsize=26908 memory=13612 CPUtime=0.07 cores=4-5
/proc/1304670/stat : 1304670 (perf) S 1304668 1304670 1304343 0 -1 0 1739 237 0 0 6 1 0 0 20 0 1 0 923008112 27553792 3403 17179869184 93824994299904 93824996572973 140737488338256 0 0 0 134217728 4 74274 1 0 0 17 4 0 0 0 0 0 93824998874888 93825001005840 93825001308160 140737488340073 140737488340470 140737488340470 140737488351179 0
/proc/1304670/statm: 6727 3403 2098 555 0 1769 0
[pid=1304683] ppid=1304670 vsize=121208 memory=105992 CPUtime=822.1 cores=4-5
/proc/1304683/stat : 1304683 (clingo) R 1304670 1304670 1304343 0 -1 0 25721 0 11 0 82205 5 0 0 20 0 1 0 923008120 124116992 26498 17179869184 93824992301056 93824992468925 140737488338416 0 0 0 134217728 4 25184771 0 0 0 17 4 0 0 0 0 0 93824992533936 93824992571272 93824992575488 140737488340183 140737488340354 140737488340354 140737488351170 0
/proc/1304683/statm: 30302 26498 2016 41 0 26381 0
Current children cumulated CPU time: 822.17 s
Current children cumulated vsize: 148116 KiB
Current children cumulated memory: 119604 KiB

[startup+882.3 s]
/proc/loadavg: 14.30 14.24 13.91 16/809 1305998
/proc/meminfo: memFree=364753340/528004516 swapFree=8388604/8388604
[pid=1304670] ppid=1304668 vsize=26908 memory=13612 CPUtime=0.07 cores=4-5
/proc/1304670/stat : 1304670 (perf) S 1304668 1304670 1304343 0 -1 0 1739 237 0 0 6 1 0 0 20 0 1 0 923008112 27553792 3403 17179869184 93824994299904 93824996572973 140737488338256 0 0 0 134217728 4 74274 1 0 0 17 4 0 0 0 0 0 93824998874888 93825001005840 93825001308160 140737488340073 140737488340470 140737488340470 140737488351179 0
/proc/1304670/statm: 6727 3403 2098 555 0 1769 0
[pid=1304683] ppid=1304670 vsize=124240 memory=108628 CPUtime=882.1 cores=4-5
/proc/1304683/stat : 1304683 (clingo) R 1304670 1304670 1304343 0 -1 0 26381 0 11 0 88205 5 0 0 20 0 1 0 923008120 127221760 27157 17179869184 93824992301056 93824992468925 140737488338416 0 0 0 134217728 4 25184771 0 0 0 17 4 0 0 0 0 0 93824992533936 93824992571272 93824992575488 140737488340183 140737488340354 140737488340354 140737488351170 0
/proc/1304683/statm: 31060 27157 2016 41 0 27139 0
Current children cumulated CPU time: 882.17 s
Current children cumulated vsize: 151148 KiB
Current children cumulated memory: 122240 KiB

[startup+942.3 s]
/proc/loadavg: 14.11 14.19 13.91 16/808 1306002
/proc/meminfo: memFree=364709540/528004516 swapFree=8388604/8388604
[pid=1304670] ppid=1304668 vsize=26908 memory=13612 CPUtime=0.07 cores=4-5
/proc/1304670/stat : 1304670 (perf) S 1304668 1304670 1304343 0 -1 0 1739 237 0 0 6 1 0 0 20 0 1 0 923008112 27553792 3403 17179869184 93824994299904 93824996572973 140737488338256 0 0 0 134217728 4 74274 1 0 0 17 4 0 0 0 0 0 93824998874888 93825001005840 93825001308160 140737488340073 140737488340470 140737488340470 140737488351179 0
/proc/1304670/statm: 6727 3403 2098 555 0 1769 0
[pid=1304683] ppid=1304670 vsize=125580 memory=109948 CPUtime=942.1 cores=4-5
/proc/1304683/stat : 1304683 (clingo) R 1304670 1304670 1304343 0 -1 0 26733 0 11 0 94205 5 0 0 20 0 1 0 923008120 128593920 27487 17179869184 93824992301056 93824992468925 140737488338416 0 0 0 134217728 4 25184771 0 0 0 17 4 0 0 0 0 0 93824992533936 93824992571272 93824992575488 140737488340183 140737488340354 140737488340354 140737488351170 0
/proc/1304683/statm: 31395 27487 2016 41 0 27474 0
Current children cumulated CPU time: 942.17 s
Current children cumulated vsize: 152488 KiB
Current children cumulated memory: 123560 KiB

[startup+1002.3 s]
/proc/loadavg: 14.04 14.16 13.92 16/808 1306005
/proc/meminfo: memFree=364672504/528004516 swapFree=8388604/8388604
[pid=1304670] ppid=1304668 vsize=26908 memory=13612 CPUtime=0.07 cores=4-5
/proc/1304670/stat : 1304670 (perf) S 1304668 1304670 1304343 0 -1 0 1739 237 0 0 6 1 0 0 20 0 1 0 923008112 27553792 3403 17179869184 93824994299904 93824996572973 140737488338256 0 0 0 134217728 4 74274 1 0 0 17 4 0 0 0 0 0 93824998874888 93825001005840 93825001308160 140737488340073 140737488340470 140737488340470 140737488351179 0
/proc/1304670/statm: 6727 3403 2098 555 0 1769 0
[pid=1304683] ppid=1304670 vsize=127884 memory=112324 CPUtime=1002.1 cores=4-5
/proc/1304683/stat : 1304683 (clingo) R 1304670 1304670 1304343 0 -1 0 27328 0 11 0 100205 5 0 0 20 0 1 0 923008120 130953216 28081 17179869184 93824992301056 93824992468925 140737488338416 0 0 0 134217728 4 25184771 0 0 0 17 4 0 0 0 0 0 93824992533936 93824992571272 93824992575488 140737488340183 140737488340354 140737488340354 140737488351170 0
/proc/1304683/statm: 31971 28081 2016 41 0 28050 0
Current children cumulated CPU time: 1002.17 s
Current children cumulated vsize: 154792 KiB
Current children cumulated memory: 125936 KiB

[startup+1062.3 s]
/proc/loadavg: 14.04 14.14 13.93 16/808 1306008
/proc/meminfo: memFree=364634956/528004516 swapFree=8388604/8388604
[pid=1304670] ppid=1304668 vsize=26908 memory=13612 CPUtime=0.07 cores=4-5
/proc/1304670/stat : 1304670 (perf) S 1304668 1304670 1304343 0 -1 0 1739 237 0 0 6 1 0 0 20 0 1 0 923008112 27553792 3403 17179869184 93824994299904 93824996572973 140737488338256 0 0 0 134217728 4 74274 1 0 0 17 4 0 0 0 0 0 93824998874888 93825001005840 93825001308160 140737488340073 140737488340470 140737488340470 140737488351179 0
/proc/1304670/statm: 6727 3403 2098 555 0 1769 0
[pid=1304683] ppid=1304670 vsize=131052 memory=115492 CPUtime=1062.1 cores=4-5
/proc/1304683/stat : 1304683 (clingo) R 1304670 1304670 1304343 0 -1 0 28095 0 11 0 106205 5 0 0 20 0 1 0 923008120 134197248 28873 17179869184 93824992301056 93824992468925 140737488338416 0 0 0 134217728 4 25184771 0 0 0 17 4 0 0 0 0 0 93824992533936 93824992571272 93824992575488 140737488340183 140737488340354 140737488340354 140737488351170 0
/proc/1304683/statm: 32763 28873 2016 41 0 28842 0
Current children cumulated CPU time: 1062.17 s
Current children cumulated vsize: 157960 KiB
Current children cumulated memory: 129104 KiB

[startup+1122.3 s]
/proc/loadavg: 14.01 14.11 13.94 16/808 1306011
/proc/meminfo: memFree=364609300/528004516 swapFree=8388604/8388604
[pid=1304670] ppid=1304668 vsize=26908 memory=13612 CPUtime=0.07 cores=4-5
/proc/1304670/stat : 1304670 (perf) S 1304668 1304670 1304343 0 -1 0 1739 237 0 0 6 1 0 0 20 0 1 0 923008112 27553792 3403 17179869184 93824994299904 93824996572973 140737488338256 0 0 0 134217728 4 74274 1 0 0 17 4 0 0 0 0 0 93824998874888 93825001005840 93825001308160 140737488340073 140737488340470 140737488340470 140737488351179 0
/proc/1304670/statm: 6727 3403 2098 555 0 1769 0
[pid=1304683] ppid=1304670 vsize=133356 memory=117564 CPUtime=1122.1 cores=4-5
/proc/1304683/stat : 1304683 (clingo) R 1304670 1304670 1304343 0 -1 0 28743 0 11 0 112205 5 0 0 20 0 1 0 923008120 136556544 29391 17179869184 93824992301056 93824992468925 140737488338416 0 0 0 134217728 4 25184771 0 0 0 17 4 0 0 0 0 0 93824992533936 93824992571272 93824992575488 140737488340183 140737488340354 140737488340354 140737488351170 0
/proc/1304683/statm: 33339 29391 2016 41 0 29418 0
Current children cumulated CPU time: 1122.17 s
Current children cumulated vsize: 160264 KiB
Current children cumulated memory: 131176 KiB

[startup+1182.3 s]
/proc/loadavg: 14.67 14.29 14.01 16/808 1306014
/proc/meminfo: memFree=364583596/528004516 swapFree=8388604/8388604
[pid=1304670] ppid=1304668 vsize=26908 memory=13612 CPUtime=0.07 cores=4-5
/proc/1304670/stat : 1304670 (perf) S 1304668 1304670 1304343 0 -1 0 1739 237 0 0 6 1 0 0 20 0 1 0 923008112 27553792 3403 17179869184 93824994299904 93824996572973 140737488338256 0 0 0 134217728 4 74274 1 0 0 17 4 0 0 0 0 0 93824998874888 93825001005840 93825001308160 140737488340073 140737488340470 140737488340470 140737488351179 0
/proc/1304670/statm: 6727 3403 2098 555 0 1769 0
[pid=1304683] ppid=1304670 vsize=139020 memory=122048 CPUtime=1182.1 cores=4-5
/proc/1304683/stat : 1304683 (clingo) R 1304670 1304670 1304343 0 -1 0 29876 0 11 0 118205 5 0 0 20 0 1 0 923008120 142356480 30512 17179869184 93824992301056 93824992468925 140737488338416 0 0 0 134217728 4 25184771 0 0 0 17 4 0 0 0 0 0 93824992533936 93824992571272 93824992575488 140737488340183 140737488340354 140737488340354 140737488351170 0
/proc/1304683/statm: 34755 30512 2016 41 0 30834 0
Current children cumulated CPU time: 1182.17 s
Current children cumulated vsize: 165928 KiB
Current children cumulated memory: 135660 KiB



Maximum wall clock time exceeded: sending SIGTERM then SIGKILL

[startup+1205 s]*
/proc/loadavg: 14.48 14.27 14.01 16/746 1306078
/proc/meminfo: memFree=364895748/528004516 swapFree=8388604/8388604
[pid=1304670] ppid=1304668 vsize=26908 memory=13612 CPUtime=0.07 cores=4-5
/proc/1304670/stat : 1304670 (perf) S 1304668 1304670 1304343 0 -1 0 1739 237 0 0 6 1 0 0 20 0 1 0 923008112 27553792 3403 17179869184 93824994299904 93824996572973 140737488338256 0 0 0 134217728 4 74274 1 0 0 17 4 0 0 0 0 0 93824998874888 93825001005840 93825001308160 140737488340073 140737488340470 140737488340470 140737488351179 0
/proc/1304670/statm: 6727 3403 2098 555 0 1769 0
[pid=1304683] ppid=1304670 vsize=139860 memory=122840 CPUtime=1204.81 cores=4-5
/proc/1304683/stat : 1304683 (clingo) R 1304670 1304670 1304343 0 -1 0 30071 0 11 0 120476 5 0 0 20 0 1 0 923008120 143216640 30710 17179869184 93824992301056 93824992468925 140737488338416 0 0 0 134217728 4 25184771 0 0 0 17 4 0 0 0 0 0 93824992533936 93824992571272 93824992575488 140737488340183 140737488340354 140737488340354 140737488351170 0
/proc/1304683/statm: 34965 30710 2016 41 0 31044 0
Current children cumulated CPU time: 1204.88 s
Current children cumulated vsize: 166768 KiB
Current children cumulated memory: 136452 KiB

Sending SIGINT to process tree (bottom up)
Sleeping 5 seconds

[startup+1205.03 s]
# the end of solver process 1304670 was just reported to runsolver
# cumulated CPU time of all completed processes:  user=1204.83 s, system=0.084043 s

Solver just ended.
??? end of watcher thread
Dumping a history of the last processes samples

Child status: 1
Real time (s): 1205.03
CPU time (s): 1204.92
CPU user time (s): 1204.83
CPU system time (s): 0.084043
CPU usage (%): 99.991
Max. virtual memory (cumulated for all children) (KiB): 166768
Max. memory (cumulated for all children) (KiB): 136452

getrusage(RUSAGE_CHILDREN,...) data:
user time used= 1204.83
system time used= 0.084043
maximum resident set size= 123004
integral shared memory size= 0
integral unshared data size= 0
integral unshared stack size= 0
page reclaims= 32088
page faults= 11
swaps= 0
block input operations= 0
block output operations= 0
messages sent= 0
messages received= 0
signals received= 0
voluntary context switches= 20
involuntary context switches= 1306


# summary of solver processes directly reported to runsolver:
#   pid: 1304670
#   total CPU time (s): 1204.92
#   total CPU user time (s): 1204.83
#   total CPU system time (s): 0.084043

??? end of timestamper thread
runsolver used 9.06896 second user time and 16.0397 second system time

The end
