runsolver version 3.4.0 (svn: 3018) Copyright (C) 2010-2013 Olivier ROUSSEL

This program is distributed in the hope that it will be useful,
but WITHOUT ANY WARRANTY; without even the implied warranty of
MERCHANTABILITY or FITNESS FOR A PARTICULAR PURPOSE.  See the
GNU General Public License for more details.

NUMA information:
  number of nodes: 2
  memory of node 0: 257635 MiB (182247 MiB free)
  memory of node 1: 257994 MiB (192942 MiB free)
  node distances:
     10  20
     20  10

command line: /dev/shm/377e3306-2e81-11f1-ac62-000c298f4621/input/runsolver -w /dev/shm/377e3306-2e81-11f1-ac62-000c298f4621/output/runsolver.log -v /dev/shm/377e3306-2e81-11f1-ac62-000c298f4621/output/varfile.log -W 1205 --rss-swap-limit 16384 -d 5 --sigint /usr/bin/perf stat -B -e task-clock,cache-references,cache-misses,cycles,instructions,branches,faults,migrations,context-switches -o /dev/shm/377e3306-2e81-11f1-ac62-000c298f4621/output/perf.log clingo /home/guests/mmacri/AMOSUM/benchmarks/GraphColouring/encoding-plain-amo.asp /dev/shm/377e3306-2e81-11f1-ac62-000c298f4621/input/0044-graph_colouring-145-0_6960.asp 

running on 2 cores: 10-11

Enforcing wall clock limit (soft limit, will send SIGTERM then SIGKILL): 1205 seconds
Enforcing RSS+Swap limit (soft limit, will send SIGTERM then SIGKILL): 16777216 KiB
Linux 5.15.0-131-generic
Current StackSize limit: 8192 KiB

solver pid=370496, runsolver pid=370495

[startup+0.10007 s]*
/proc/loadavg: 14.11 14.16 13.27 15/830 370500
/proc/meminfo: memFree=384189228/528004504 swapFree=8388604/8388604
[pid=370496] ppid=370495 vsize=26908 memory=13616 CPUtime=0.06 cores=10-11
/proc/370496/stat : 370496 (perf) S 370495 370496 370453 0 -1 0 1737 237 0 0 4 2 0 0 20 0 1 0 922979837 27553792 3404 17179869184 93824994299904 93824996572973 140737488338256 0 0 0 134217728 4 74274 1 0 0 17 10 0 0 0 0 0 93824998874888 93825001005840 93825001308160 140737488340074 140737488340471 140737488340471 140737488351179 0
/proc/370496/statm: 6727 3404 2099 555 0 1769 0
[pid=370500] ppid=370496 vsize=20144 memory=11864 CPUtime=0.03 cores=10-11
/proc/370500/stat : 370500 (clingo) R 370496 370496 370453 0 -1 0 1250 0 0 0 3 0 0 0 20 0 1 0 922979845 20627456 2966 17179869184 93824992301056 93824992468925 140737488338416 0 0 0 134217728 4 25184771 0 0 0 17 11 0 0 0 0 0 93824992533936 93824992571272 93824992575488 140737488340184 140737488340355 140737488340355 140737488351170 0
/proc/370500/statm: 5036 2966 2058 41 0 1115 0
Current children cumulated CPU time: 0.09 s
Current children cumulated vsize: 47052 KiB
Current children cumulated memory: 25480 KiB

[startup+0.234264 s]*
/proc/loadavg: 14.11 14.16 13.27 15/830 370500
/proc/meminfo: memFree=384187324/528004504 swapFree=8388604/8388604
[pid=370496] ppid=370495 vsize=26908 memory=13616 CPUtime=0.06 cores=10-11
/proc/370496/stat : 370496 (perf) S 370495 370496 370453 0 -1 0 1737 237 0 0 4 2 0 0 20 0 1 0 922979837 27553792 3404 17179869184 93824994299904 93824996572973 140737488338256 0 0 0 134217728 4 74274 1 0 0 17 10 0 0 0 0 0 93824998874888 93825001005840 93825001308160 140737488340074 140737488340471 140737488340471 140737488351179 0
/proc/370496/statm: 6727 3404 2099 555 0 1769 0
[pid=370500] ppid=370496 vsize=24428 memory=16464 CPUtime=0.14 cores=10-11
/proc/370500/stat : 370500 (clingo) R 370496 370496 370453 0 -1 0 2330 0 0 0 14 0 0 0 20 0 1 0 922979845 25014272 4116 17179869184 93824992301056 93824992468925 140737488338416 0 0 0 134217728 4 25184771 0 0 0 17 10 0 0 0 0 0 93824992533936 93824992571272 93824992575488 140737488340184 140737488340355 140737488340355 140737488351170 0
/proc/370500/statm: 6107 4116 2088 41 0 2186 0
Current children cumulated CPU time: 0.2 s
Current children cumulated vsize: 51336 KiB
Current children cumulated memory: 30080 KiB

[startup+0.318207 s]*
/proc/loadavg: 14.11 14.16 13.27 15/830 370500
/proc/meminfo: memFree=384185812/528004504 swapFree=8388604/8388604
[pid=370496] ppid=370495 vsize=26908 memory=13616 CPUtime=0.06 cores=10-11
/proc/370496/stat : 370496 (perf) S 370495 370496 370453 0 -1 0 1737 237 0 0 4 2 0 0 20 0 1 0 922979837 27553792 3404 17179869184 93824994299904 93824996572973 140737488338256 0 0 0 134217728 4 74274 1 0 0 17 10 0 0 0 0 0 93824998874888 93825001005840 93825001308160 140737488340074 140737488340471 140737488340471 140737488351179 0
/proc/370496/statm: 6727 3404 2099 555 0 1769 0
[pid=370500] ppid=370496 vsize=25352 memory=17256 CPUtime=0.23 cores=10-11
/proc/370500/stat : 370500 (clingo) R 370496 370496 370453 0 -1 0 2557 0 0 0 23 0 0 0 20 0 1 0 922979845 25960448 4314 17179869184 93824992301056 93824992468925 140737488338416 0 0 0 134217728 4 25184771 0 0 0 17 10 0 0 0 0 0 93824992533936 93824992571272 93824992575488 140737488340184 140737488340355 140737488340355 140737488351170 0
/proc/370500/statm: 6338 4314 2088 41 0 2417 0
Current children cumulated CPU time: 0.29 s
Current children cumulated vsize: 52260 KiB
Current children cumulated memory: 30872 KiB

[startup+0.700335 s]
/proc/loadavg: 14.11 14.16 13.27 15/830 370500
/proc/meminfo: memFree=384183796/528004504 swapFree=8388604/8388604
[pid=370496] ppid=370495 vsize=26908 memory=13616 CPUtime=0.06 cores=10-11
/proc/370496/stat : 370496 (perf) S 370495 370496 370453 0 -1 0 1737 237 0 0 4 2 0 0 20 0 1 0 922979837 27553792 3404 17179869184 93824994299904 93824996572973 140737488338256 0 0 0 134217728 4 74274 1 0 0 17 10 0 0 0 0 0 93824998874888 93825001005840 93825001308160 140737488340074 140737488340471 140737488340471 140737488351179 0
/proc/370496/statm: 6727 3404 2099 555 0 1769 0
[pid=370500] ppid=370496 vsize=27200 memory=19104 CPUtime=0.59 cores=10-11
/proc/370500/stat : 370500 (clingo) R 370496 370496 370453 0 -1 0 3030 0 0 0 59 0 0 0 20 0 1 0 922979845 27852800 4776 17179869184 93824992301056 93824992468925 140737488338416 0 0 0 134217728 4 25184771 0 0 0 17 10 0 0 0 0 0 93824992533936 93824992571272 93824992575488 140737488340184 140737488340355 140737488340355 140737488351170 0
/proc/370500/statm: 6800 4776 2088 41 0 2879 0
Current children cumulated CPU time: 0.65 s
Current children cumulated vsize: 54108 KiB
Current children cumulated memory: 32720 KiB

[startup+1.50034 s]
/proc/loadavg: 14.11 14.16 13.27 15/830 370500
/proc/meminfo: memFree=384179764/528004504 swapFree=8388604/8388604
[pid=370496] ppid=370495 vsize=26908 memory=13616 CPUtime=0.06 cores=10-11
/proc/370496/stat : 370496 (perf) S 370495 370496 370453 0 -1 0 1737 237 0 0 4 2 0 0 20 0 1 0 922979837 27553792 3404 17179869184 93824994299904 93824996572973 140737488338256 0 0 0 134217728 4 74274 1 0 0 17 10 0 0 0 0 0 93824998874888 93825001005840 93825001308160 140737488340074 140737488340471 140737488340471 140737488351179 0
/proc/370496/statm: 6727 3404 2099 555 0 1769 0
[pid=370500] ppid=370496 vsize=28408 memory=20160 CPUtime=1.39 cores=10-11
/proc/370500/stat : 370500 (clingo) R 370496 370496 370453 0 -1 0 3303 0 0 0 139 0 0 0 20 0 1 0 922979845 29089792 5040 17179869184 93824992301056 93824992468925 140737488338416 0 0 0 134217728 4 25184771 0 0 0 17 10 0 0 0 0 0 93824992533936 93824992571272 93824992575488 140737488340184 140737488340355 140737488340355 140737488351170 0
/proc/370500/statm: 7102 5040 2088 41 0 3181 0
Current children cumulated CPU time: 1.45 s
Current children cumulated vsize: 55316 KiB
Current children cumulated memory: 33776 KiB

[startup+3.1181 s]
/proc/loadavg: 14.10 14.16 13.27 15/830 370500
/proc/meminfo: memFree=384167068/528004504 swapFree=8388604/8388604
[pid=370496] ppid=370495 vsize=26908 memory=13616 CPUtime=0.06 cores=10-11
/proc/370496/stat : 370496 (perf) S 370495 370496 370453 0 -1 0 1737 237 0 0 4 2 0 0 20 0 1 0 922979837 27553792 3404 17179869184 93824994299904 93824996572973 140737488338256 0 0 0 134217728 4 74274 1 0 0 17 10 0 0 0 0 0 93824998874888 93825001005840 93825001308160 140737488340074 140737488340471 140737488340471 140737488351179 0
/proc/370496/statm: 6727 3404 2099 555 0 1769 0
[pid=370500] ppid=370496 vsize=31724 memory=23328 CPUtime=3.01 cores=10-11
/proc/370500/stat : 370500 (clingo) R 370496 370496 370453 0 -1 0 4105 0 0 0 301 0 0 0 20 0 1 0 922979845 32485376 5832 17179869184 93824992301056 93824992468925 140737488338416 0 0 0 134217728 4 25184771 0 0 0 17 10 0 0 0 0 0 93824992533936 93824992571272 93824992575488 140737488340184 140737488340355 140737488340355 140737488351170 0
/proc/370500/statm: 7931 5832 2088 41 0 4010 0
Current children cumulated CPU time: 3.07 s
Current children cumulated vsize: 58632 KiB
Current children cumulated memory: 36944 KiB

[startup+6.30028 s]
/proc/loadavg: 14.10 14.16 13.27 16/830 370603
/proc/meminfo: memFree=384240272/528004504 swapFree=8388604/8388604
[pid=370496] ppid=370495 vsize=26908 memory=13616 CPUtime=0.06 cores=10-11
/proc/370496/stat : 370496 (perf) S 370495 370496 370453 0 -1 0 1737 237 0 0 4 2 0 0 20 0 1 0 922979837 27553792 3404 17179869184 93824994299904 93824996572973 140737488338256 0 0 0 134217728 4 74274 1 0 0 17 10 0 0 0 0 0 93824998874888 93825001005840 93825001308160 140737488340074 140737488340471 140737488340471 140737488351179 0
/proc/370496/statm: 6727 3404 2099 555 0 1769 0
[pid=370500] ppid=370496 vsize=35348 memory=26760 CPUtime=6.19 cores=10-11
/proc/370500/stat : 370500 (clingo) R 370496 370496 370453 0 -1 0 4903 0 0 0 619 0 0 0 20 0 1 0 922979845 36196352 6690 17179869184 93824992301056 93824992468925 140737488338416 0 0 0 134217728 4 25184771 0 0 0 17 10 0 0 0 0 0 93824992533936 93824992571272 93824992575488 140737488340184 140737488340355 140737488340355 140737488351170 0
/proc/370500/statm: 8837 6690 2088 41 0 4916 0
Current children cumulated CPU time: 6.25 s
Current children cumulated vsize: 62256 KiB
Current children cumulated memory: 40376 KiB

[startup+12.7003 s]
/proc/loadavg: 14.09 14.16 13.28 15/830 370603
/proc/meminfo: memFree=384202096/528004504 swapFree=8388604/8388604
[pid=370496] ppid=370495 vsize=26908 memory=13616 CPUtime=0.06 cores=10-11
/proc/370496/stat : 370496 (perf) S 370495 370496 370453 0 -1 0 1737 237 0 0 4 2 0 0 20 0 1 0 922979837 27553792 3404 17179869184 93824994299904 93824996572973 140737488338256 0 0 0 134217728 4 74274 1 0 0 17 10 0 0 0 0 0 93824998874888 93825001005840 93825001308160 140737488340074 140737488340471 140737488340471 140737488351179 0
/proc/370496/statm: 6727 3404 2099 555 0 1769 0
[pid=370500] ppid=370496 vsize=38440 memory=29400 CPUtime=12.59 cores=10-11
/proc/370500/stat : 370500 (clingo) R 370496 370496 370453 0 -1 0 5595 0 0 0 1259 0 0 0 20 0 1 0 922979845 39362560 7350 17179869184 93824992301056 93824992468925 140737488338416 0 0 0 134217728 4 25184771 0 0 0 17 10 0 0 0 0 0 93824992533936 93824992571272 93824992575488 140737488340184 140737488340355 140737488340355 140737488351170 0
/proc/370500/statm: 9610 7350 2088 41 0 5689 0
Current children cumulated CPU time: 12.65 s
Current children cumulated vsize: 65348 KiB
Current children cumulated memory: 43016 KiB

[startup+25.5004 s]
/proc/loadavg: 14.07 14.15 13.29 15/832 370606
/proc/meminfo: memFree=384153520/528004504 swapFree=8388604/8388604
[pid=370496] ppid=370495 vsize=26908 memory=13616 CPUtime=0.06 cores=10-11
/proc/370496/stat : 370496 (perf) S 370495 370496 370453 0 -1 0 1737 237 0 0 4 2 0 0 20 0 1 0 922979837 27553792 3404 17179869184 93824994299904 93824996572973 140737488338256 0 0 0 134217728 4 74274 1 0 0 17 10 0 0 0 0 0 93824998874888 93825001005840 93825001308160 140737488340074 140737488340471 140737488340471 140737488351179 0
/proc/370496/statm: 6727 3404 2099 555 0 1769 0
[pid=370500] ppid=370496 vsize=43160 memory=33624 CPUtime=25.39 cores=10-11
/proc/370500/stat : 370500 (clingo) R 370496 370496 370453 0 -1 0 6683 0 0 0 2539 0 0 0 20 0 1 0 922979845 44195840 8406 17179869184 93824992301056 93824992468925 140737488338416 0 0 0 134217728 4 25184771 0 0 0 17 10 0 0 0 0 0 93824992533936 93824992571272 93824992575488 140737488340184 140737488340355 140737488340355 140737488351170 0
/proc/370500/statm: 10790 8406 2088 41 0 6869 0
Current children cumulated CPU time: 25.45 s
Current children cumulated vsize: 70068 KiB
Current children cumulated memory: 47240 KiB

[startup+51.1182 s]
/proc/loadavg: 14.05 14.14 13.31 15/832 370608
/proc/meminfo: memFree=384075820/528004504 swapFree=8388604/8388604
[pid=370496] ppid=370495 vsize=26908 memory=13616 CPUtime=0.06 cores=10-11
/proc/370496/stat : 370496 (perf) S 370495 370496 370453 0 -1 0 1737 237 0 0 4 2 0 0 20 0 1 0 922979837 27553792 3404 17179869184 93824994299904 93824996572973 140737488338256 0 0 0 134217728 4 74274 1 0 0 17 10 0 0 0 0 0 93824998874888 93825001005840 93825001308160 140737488340074 140737488340471 140737488340471 140737488351179 0
/proc/370496/statm: 6727 3404 2099 555 0 1769 0
[pid=370500] ppid=370496 vsize=47432 memory=37848 CPUtime=51 cores=10-11
/proc/370500/stat : 370500 (clingo) R 370496 370496 370453 0 -1 0 7676 0 0 0 5100 0 0 0 20 0 1 0 922979845 48570368 9462 17179869184 93824992301056 93824992468925 140737488338416 0 0 0 134217728 4 25184771 0 0 0 17 10 0 0 0 0 0 93824992533936 93824992571272 93824992575488 140737488340184 140737488340355 140737488340355 140737488351170 0
/proc/370500/statm: 11858 9462 2088 41 0 7937 0
Current children cumulated CPU time: 51.06 s
Current children cumulated vsize: 74340 KiB
Current children cumulated memory: 51464 KiB

[startup+102.3 s]
/proc/loadavg: 14.02 14.11 13.35 15/832 370653
/proc/meminfo: memFree=383963308/528004504 swapFree=8388604/8388604
[pid=370496] ppid=370495 vsize=26908 memory=13616 CPUtime=0.06 cores=10-11
/proc/370496/stat : 370496 (perf) S 370495 370496 370453 0 -1 0 1737 237 0 0 4 2 0 0 20 0 1 0 922979837 27553792 3404 17179869184 93824994299904 93824996572973 140737488338256 0 0 0 134217728 4 74274 1 0 0 17 10 0 0 0 0 0 93824998874888 93825001005840 93825001308160 140737488340074 140737488340471 140737488340471 140737488351179 0
/proc/370496/statm: 6727 3404 2099 555 0 1769 0
[pid=370500] ppid=370496 vsize=57284 memory=46296 CPUtime=102.18 cores=10-11
/proc/370500/stat : 370500 (clingo) R 370496 370496 370453 0 -1 0 9842 0 0 0 10216 2 0 0 20 0 1 0 922979845 58658816 11574 17179869184 93824992301056 93824992468925 140737488338416 0 0 0 134217728 4 25184771 0 0 0 17 10 0 0 0 0 0 93824992533936 93824992571272 93824992575488 140737488340184 140737488340355 140737488340355 140737488351170 0
/proc/370500/statm: 14321 11574 2088 41 0 10400 0
Current children cumulated CPU time: 102.24 s
Current children cumulated vsize: 84192 KiB
Current children cumulated memory: 59912 KiB

[startup+162.3 s]
/proc/loadavg: 14.00 14.09 13.39 15/832 370656
/proc/meminfo: memFree=383859556/528004504 swapFree=8388604/8388604
[pid=370496] ppid=370495 vsize=26908 memory=13616 CPUtime=0.06 cores=10-11
/proc/370496/stat : 370496 (perf) S 370495 370496 370453 0 -1 0 1737 237 0 0 4 2 0 0 20 0 1 0 922979837 27553792 3404 17179869184 93824994299904 93824996572973 140737488338256 0 0 0 134217728 4 74274 1 0 0 17 10 0 0 0 0 0 93824998874888 93825001005840 93825001308160 140737488340074 140737488340471 140737488340471 140737488351179 0
/proc/370496/statm: 6727 3404 2099 555 0 1769 0
[pid=370500] ppid=370496 vsize=61228 memory=50520 CPUtime=162.19 cores=10-11
/proc/370500/stat : 370500 (clingo) R 370496 370496 370453 0 -1 0 10875 0 0 0 16216 3 0 0 20 0 1 0 922979845 62697472 12630 17179869184 93824992301056 93824992468925 140737488338416 0 0 0 134217728 4 25184771 0 0 0 17 10 0 0 0 0 0 93824992533936 93824992571272 93824992575488 140737488340184 140737488340355 140737488340355 140737488351170 0
/proc/370500/statm: 15307 12630 2088 41 0 11386 0
Current children cumulated CPU time: 162.25 s
Current children cumulated vsize: 88136 KiB
Current children cumulated memory: 64136 KiB

[startup+222.3 s]
/proc/loadavg: 14.00 14.07 13.43 15/832 370659
/proc/meminfo: memFree=383773760/528004504 swapFree=8388604/8388604
[pid=370496] ppid=370495 vsize=26908 memory=13616 CPUtime=0.06 cores=10-11
/proc/370496/stat : 370496 (perf) S 370495 370496 370453 0 -1 0 1737 237 0 0 4 2 0 0 20 0 1 0 922979837 27553792 3404 17179869184 93824994299904 93824996572973 140737488338256 0 0 0 134217728 4 74274 1 0 0 17 10 0 0 0 0 0 93824998874888 93825001005840 93825001308160 140737488340074 140737488340471 140737488340471 140737488351179 0
/proc/370496/statm: 6727 3404 2099 555 0 1769 0
[pid=370500] ppid=370496 vsize=67296 memory=56300 CPUtime=222.18 cores=10-11
/proc/370500/stat : 370500 (clingo) R 370496 370496 370453 0 -1 0 12514 0 0 0 22215 3 0 0 20 0 1 0 922979845 68911104 14075 17179869184 93824992301056 93824992468925 140737488338416 0 0 0 134217728 4 25184771 0 0 0 17 10 0 0 0 0 0 93824992533936 93824992571272 93824992575488 140737488340184 140737488340355 140737488340355 140737488351170 0
/proc/370500/statm: 16824 14075 2088 41 0 12903 0
Current children cumulated CPU time: 222.24 s
Current children cumulated vsize: 94204 KiB
Current children cumulated memory: 69916 KiB

[startup+282.3 s]
/proc/loadavg: 14.15 14.09 13.48 15/815 370665
/proc/meminfo: memFree=383701756/528004504 swapFree=8388604/8388604
[pid=370496] ppid=370495 vsize=26908 memory=13616 CPUtime=0.06 cores=10-11
/proc/370496/stat : 370496 (perf) S 370495 370496 370453 0 -1 0 1737 237 0 0 4 2 0 0 20 0 1 0 922979837 27553792 3404 17179869184 93824994299904 93824996572973 140737488338256 0 0 0 134217728 4 74274 1 0 0 17 10 0 0 0 0 0 93824998874888 93825001005840 93825001308160 140737488340074 140737488340471 140737488340471 140737488351179 0
/proc/370496/statm: 6727 3404 2099 555 0 1769 0
[pid=370500] ppid=370496 vsize=72036 memory=60260 CPUtime=282.18 cores=10-11
/proc/370500/stat : 370500 (clingo) R 370496 370496 370453 0 -1 0 13495 0 0 0 28215 3 0 0 20 0 1 0 922979845 73764864 15065 17179869184 93824992301056 93824992468925 140737488338416 0 0 0 134217728 4 25184771 0 0 0 17 10 0 0 0 0 0 93824992533936 93824992571272 93824992575488 140737488340184 140737488340355 140737488340355 140737488351170 0
/proc/370500/statm: 18009 15065 2088 41 0 14088 0
Current children cumulated CPU time: 282.24 s
Current children cumulated vsize: 98944 KiB
Current children cumulated memory: 73876 KiB

[startup+342.3 s]
/proc/loadavg: 14.66 14.30 13.60 15/807 370668
/proc/meminfo: memFree=383636064/528004504 swapFree=8388604/8388604
[pid=370496] ppid=370495 vsize=26908 memory=13616 CPUtime=0.06 cores=10-11
/proc/370496/stat : 370496 (perf) S 370495 370496 370453 0 -1 0 1737 237 0 0 4 2 0 0 20 0 1 0 922979837 27553792 3404 17179869184 93824994299904 93824996572973 140737488338256 0 0 0 134217728 4 74274 1 0 0 17 10 0 0 0 0 0 93824998874888 93825001005840 93825001308160 140737488340074 140737488340471 140737488340471 140737488351179 0
/proc/370496/statm: 6727 3404 2099 555 0 1769 0
[pid=370500] ppid=370496 vsize=79432 memory=66596 CPUtime=342.18 cores=10-11
/proc/370500/stat : 370500 (clingo) R 370496 370496 370453 0 -1 0 15066 0 0 0 34213 5 0 0 20 0 1 0 922979845 81338368 16649 17179869184 93824992301056 93824992468925 140737488338416 0 0 0 134217728 4 25184771 0 0 0 17 10 0 0 0 0 0 93824992533936 93824992571272 93824992575488 140737488340184 140737488340355 140737488340355 140737488351170 0
/proc/370500/statm: 19858 16649 2088 41 0 15937 0
Current children cumulated CPU time: 342.24 s
Current children cumulated vsize: 106340 KiB
Current children cumulated memory: 80212 KiB

[startup+402.3 s]
/proc/loadavg: 14.24 14.24 13.63 15/808 370672
/proc/meminfo: memFree=383577864/528004504 swapFree=8388604/8388604
[pid=370496] ppid=370495 vsize=26908 memory=13616 CPUtime=0.06 cores=10-11
/proc/370496/stat : 370496 (perf) S 370495 370496 370453 0 -1 0 1737 237 0 0 4 2 0 0 20 0 1 0 922979837 27553792 3404 17179869184 93824994299904 93824996572973 140737488338256 0 0 0 134217728 4 74274 1 0 0 17 10 0 0 0 0 0 93824998874888 93825001005840 93825001308160 140737488340074 140737488340471 140737488340471 140737488351179 0
/proc/370496/statm: 6727 3404 2099 555 0 1769 0
[pid=370500] ppid=370496 vsize=82280 memory=69236 CPUtime=402.18 cores=10-11
/proc/370500/stat : 370500 (clingo) R 370496 370496 370453 0 -1 0 15732 0 0 0 40213 5 0 0 20 0 1 0 922979845 84254720 17309 17179869184 93824992301056 93824992468925 140737488338416 0 0 0 134217728 4 25184771 0 0 0 17 10 0 0 0 0 0 93824992533936 93824992571272 93824992575488 140737488340184 140737488340355 140737488340355 140737488351170 0
/proc/370500/statm: 20570 17309 2088 41 0 16649 0
Current children cumulated CPU time: 402.24 s
Current children cumulated vsize: 109188 KiB
Current children cumulated memory: 82852 KiB

[startup+462.3 s]
/proc/loadavg: 14.09 14.20 13.65 15/810 370678
/proc/meminfo: memFree=383521204/528004504 swapFree=8388604/8388604
[pid=370496] ppid=370495 vsize=26908 memory=13616 CPUtime=0.06 cores=10-11
/proc/370496/stat : 370496 (perf) S 370495 370496 370453 0 -1 0 1737 237 0 0 4 2 0 0 20 0 1 0 922979837 27553792 3404 17179869184 93824994299904 93824996572973 140737488338256 0 0 0 134217728 4 74274 1 0 0 17 10 0 0 0 0 0 93824998874888 93825001005840 93825001308160 140737488340074 140737488340471 140737488340471 140737488351179 0
/proc/370496/statm: 6727 3404 2099 555 0 1769 0
[pid=370500] ppid=370496 vsize=87020 memory=73724 CPUtime=462.18 cores=10-11
/proc/370500/stat : 370500 (clingo) R 370496 370496 370453 0 -1 0 16850 0 0 0 46212 6 0 0 20 0 1 0 922979845 89108480 18431 17179869184 93824992301056 93824992468925 140737488338416 0 0 0 134217728 4 25184771 0 0 0 17 10 0 0 0 0 0 93824992533936 93824992571272 93824992575488 140737488340184 140737488340355 140737488340355 140737488351170 0
/proc/370500/statm: 21755 18431 2088 41 0 17834 0
Current children cumulated CPU time: 462.24 s
Current children cumulated vsize: 113928 KiB
Current children cumulated memory: 87340 KiB

[startup+522.3 s]
/proc/loadavg: 14.11 14.18 13.68 15/810 370679
/proc/meminfo: memFree=383476128/528004504 swapFree=8388604/8388604
[pid=370496] ppid=370495 vsize=26908 memory=13616 CPUtime=0.06 cores=10-11
/proc/370496/stat : 370496 (perf) S 370495 370496 370453 0 -1 0 1737 237 0 0 4 2 0 0 20 0 1 0 922979837 27553792 3404 17179869184 93824994299904 93824996572973 140737488338256 0 0 0 134217728 4 74274 1 0 0 17 10 0 0 0 0 0 93824998874888 93825001005840 93825001308160 140737488340074 140737488340471 140737488340471 140737488351179 0
/proc/370496/statm: 6727 3404 2099 555 0 1769 0
[pid=370500] ppid=370496 vsize=90244 memory=76628 CPUtime=522.18 cores=10-11
/proc/370500/stat : 370500 (clingo) R 370496 370496 370453 0 -1 0 17622 0 0 0 52212 6 0 0 20 0 1 0 922979845 92409856 19157 17179869184 93824992301056 93824992468925 140737488338416 0 0 0 134217728 4 25184771 0 0 0 17 10 0 0 0 0 0 93824992533936 93824992571272 93824992575488 140737488340184 140737488340355 140737488340355 140737488351170 0
/proc/370500/statm: 22561 19157 2088 41 0 18640 0
Current children cumulated CPU time: 522.24 s
Current children cumulated vsize: 117152 KiB
Current children cumulated memory: 90244 KiB

[startup+582.3 s]
/proc/loadavg: 14.27 14.22 13.73 15/810 370682
/proc/meminfo: memFree=383439856/528004504 swapFree=8388604/8388604
[pid=370496] ppid=370495 vsize=26908 memory=13616 CPUtime=0.06 cores=10-11
/proc/370496/stat : 370496 (perf) S 370495 370496 370453 0 -1 0 1737 237 0 0 4 2 0 0 20 0 1 0 922979837 27553792 3404 17179869184 93824994299904 93824996572973 140737488338256 0 0 0 134217728 4 74274 1 0 0 17 10 0 0 0 0 0 93824998874888 93825001005840 93825001308160 140737488340074 140737488340471 140737488340471 140737488351179 0
/proc/370496/statm: 6727 3404 2099 555 0 1769 0
[pid=370500] ppid=370496 vsize=91292 memory=77948 CPUtime=582.18 cores=10-11
/proc/370500/stat : 370500 (clingo) R 370496 370496 370453 0 -1 0 17906 0 0 0 58212 6 0 0 20 0 1 0 922979845 93483008 19487 17179869184 93824992301056 93824992468925 140737488338416 0 0 0 134217728 4 25184771 0 0 0 17 10 0 0 0 0 0 93824992533936 93824992571272 93824992575488 140737488340184 140737488340355 140737488340355 140737488351170 0
/proc/370500/statm: 22823 19487 2088 41 0 18902 0
Current children cumulated CPU time: 582.24 s
Current children cumulated vsize: 118200 KiB
Current children cumulated memory: 91564 KiB

[startup+642.3 s]
/proc/loadavg: 15.49 14.59 13.89 15/810 370685
/proc/meminfo: memFree=383396780/528004504 swapFree=8388604/8388604
[pid=370496] ppid=370495 vsize=26908 memory=13616 CPUtime=0.06 cores=10-11
/proc/370496/stat : 370496 (perf) S 370495 370496 370453 0 -1 0 1737 237 0 0 4 2 0 0 20 0 1 0 922979837 27553792 3404 17179869184 93824994299904 93824996572973 140737488338256 0 0 0 134217728 4 74274 1 0 0 17 10 0 0 0 0 0 93824998874888 93825001005840 93825001308160 140737488340074 140737488340471 140737488340471 140737488351179 0
/proc/370496/statm: 6727 3404 2099 555 0 1769 0
[pid=370500] ppid=370496 vsize=94476 memory=81116 CPUtime=642.18 cores=10-11
/proc/370500/stat : 370500 (clingo) R 370496 370496 370453 0 -1 0 18728 0 0 0 64212 6 0 0 20 0 1 0 922979845 96743424 20279 17179869184 93824992301056 93824992468925 140737488338416 0 0 0 134217728 4 25184771 0 0 0 17 10 0 0 0 0 0 93824992533936 93824992571272 93824992575488 140737488340184 140737488340355 140737488340355 140737488351170 0
/proc/370500/statm: 23619 20279 2088 41 0 19698 0
Current children cumulated CPU time: 642.24 s
Current children cumulated vsize: 121384 KiB
Current children cumulated memory: 94732 KiB

[startup+702.3 s]
/proc/loadavg: 14.55 14.48 13.90 15/810 370689
/proc/meminfo: memFree=383356500/528004504 swapFree=8388604/8388604
[pid=370496] ppid=370495 vsize=26908 memory=13616 CPUtime=0.06 cores=10-11
/proc/370496/stat : 370496 (perf) S 370495 370496 370453 0 -1 0 1737 237 0 0 4 2 0 0 20 0 1 0 922979837 27553792 3404 17179869184 93824994299904 93824996572973 140737488338256 0 0 0 134217728 4 74274 1 0 0 17 10 0 0 0 0 0 93824998874888 93825001005840 93825001308160 140737488340074 140737488340471 140737488340471 140737488351179 0
/proc/370496/statm: 6727 3404 2099 555 0 1769 0
[pid=370500] ppid=370496 vsize=97160 memory=83756 CPUtime=702.18 cores=10-11
/proc/370500/stat : 370500 (clingo) R 370496 370496 370453 0 -1 0 19401 0 0 0 70212 6 0 0 20 0 1 0 922979845 99491840 20939 17179869184 93824992301056 93824992468925 140737488338416 0 0 0 134217728 4 25184771 0 0 0 17 10 0 0 0 0 0 93824992533936 93824992571272 93824992575488 140737488340184 140737488340355 140737488340355 140737488351170 0
/proc/370500/statm: 24290 20939 2088 41 0 20369 0
Current children cumulated CPU time: 702.24 s
Current children cumulated vsize: 124068 KiB
Current children cumulated memory: 97372 KiB

[startup+762.3 s]
/proc/loadavg: 14.24 14.40 13.92 15/808 370693
/proc/meminfo: memFree=383321560/528004504 swapFree=8388604/8388604
[pid=370496] ppid=370495 vsize=26908 memory=13616 CPUtime=0.06 cores=10-11
/proc/370496/stat : 370496 (perf) S 370495 370496 370453 0 -1 0 1737 237 0 0 4 2 0 0 20 0 1 0 922979837 27553792 3404 17179869184 93824994299904 93824996572973 140737488338256 0 0 0 134217728 4 74274 1 0 0 17 10 0 0 0 0 0 93824998874888 93825001005840 93825001308160 140737488340074 140737488340471 140737488340471 140737488351179 0
/proc/370496/statm: 6727 3404 2099 555 0 1769 0
[pid=370500] ppid=370496 vsize=99176 memory=85868 CPUtime=762.18 cores=10-11
/proc/370500/stat : 370500 (clingo) R 370496 370496 370453 0 -1 0 19927 0 0 0 76212 6 0 0 20 0 1 0 922979845 101556224 21467 17179869184 93824992301056 93824992468925 140737488338416 0 0 0 134217728 4 25184771 0 0 0 17 10 0 0 0 0 0 93824992533936 93824992571272 93824992575488 140737488340184 140737488340355 140737488340355 140737488351170 0
/proc/370500/statm: 24794 21467 2088 41 0 20873 0
Current children cumulated CPU time: 762.24 s
Current children cumulated vsize: 126084 KiB
Current children cumulated memory: 99484 KiB

[startup+822.3 s]
/proc/loadavg: 14.09 14.33 13.92 15/808 370696
/proc/meminfo: memFree=383268256/528004504 swapFree=8388604/8388604
[pid=370496] ppid=370495 vsize=26908 memory=13616 CPUtime=0.06 cores=10-11
/proc/370496/stat : 370496 (perf) S 370495 370496 370453 0 -1 0 1737 237 0 0 4 2 0 0 20 0 1 0 922979837 27553792 3404 17179869184 93824994299904 93824996572973 140737488338256 0 0 0 134217728 4 74274 1 0 0 17 10 0 0 0 0 0 93824998874888 93825001005840 93825001308160 140737488340074 140737488340471 140737488340471 140737488351179 0
/proc/370496/statm: 6727 3404 2099 555 0 1769 0
[pid=370500] ppid=370496 vsize=103784 memory=89828 CPUtime=822.18 cores=10-11
/proc/370500/stat : 370500 (clingo) R 370496 370496 370453 0 -1 0 20861 0 0 0 82211 7 0 0 20 0 1 0 922979845 106274816 22457 17179869184 93824992301056 93824992468925 140737488338416 0 0 0 134217728 4 25184771 0 0 0 17 10 0 0 0 0 0 93824992533936 93824992571272 93824992575488 140737488340184 140737488340355 140737488340355 140737488351170 0
/proc/370500/statm: 25946 22457 2088 41 0 22025 0
Current children cumulated CPU time: 822.24 s
Current children cumulated vsize: 130692 KiB
Current children cumulated memory: 103444 KiB

[startup+882.3 s]
/proc/loadavg: 14.25 14.33 13.95 15/808 370699
/proc/meminfo: memFree=383237100/528004504 swapFree=8388604/8388604
[pid=370496] ppid=370495 vsize=26908 memory=13616 CPUtime=0.06 cores=10-11
/proc/370496/stat : 370496 (perf) S 370495 370496 370453 0 -1 0 1737 237 0 0 4 2 0 0 20 0 1 0 922979837 27553792 3404 17179869184 93824994299904 93824996572973 140737488338256 0 0 0 134217728 4 74274 1 0 0 17 10 0 0 0 0 0 93824998874888 93825001005840 93825001308160 140737488340074 140737488340471 140737488340471 140737488351179 0
/proc/370496/statm: 6727 3404 2099 555 0 1769 0
[pid=370500] ppid=370496 vsize=104936 memory=90884 CPUtime=882.18 cores=10-11
/proc/370500/stat : 370500 (clingo) R 370496 370496 370453 0 -1 0 21152 0 0 0 88211 7 0 0 20 0 1 0 922979845 107454464 22721 17179869184 93824992301056 93824992468925 140737488338416 0 0 0 134217728 4 25184771 0 0 0 17 10 0 0 0 0 0 93824992533936 93824992571272 93824992575488 140737488340184 140737488340355 140737488340355 140737488351170 0
/proc/370500/statm: 26234 22721 2088 41 0 22313 0
Current children cumulated CPU time: 882.24 s
Current children cumulated vsize: 131844 KiB
Current children cumulated memory: 104500 KiB

[startup+942.3 s]
/proc/loadavg: 14.33 14.33 13.98 15/808 370700
/proc/meminfo: memFree=383196916/528004504 swapFree=8388604/8388604
[pid=370496] ppid=370495 vsize=26908 memory=13616 CPUtime=0.06 cores=10-11
/proc/370496/stat : 370496 (perf) S 370495 370496 370453 0 -1 0 1737 237 0 0 4 2 0 0 20 0 1 0 922979837 27553792 3404 17179869184 93824994299904 93824996572973 140737488338256 0 0 0 134217728 4 74274 1 0 0 17 10 0 0 0 0 0 93824998874888 93825001005840 93825001308160 140737488340074 140737488340471 140737488340471 140737488351179 0
/proc/370496/statm: 6727 3404 2099 555 0 1769 0
[pid=370500] ppid=370496 vsize=106088 memory=91940 CPUtime=942.18 cores=10-11
/proc/370500/stat : 370500 (clingo) R 370496 370496 370453 0 -1 0 21392 0 0 0 94211 7 0 0 20 0 1 0 922979845 108634112 22985 17179869184 93824992301056 93824992468925 140737488338416 0 0 0 134217728 4 25184771 0 0 0 17 10 0 0 0 0 0 93824992533936 93824992571272 93824992575488 140737488340184 140737488340355 140737488340355 140737488351170 0
/proc/370500/statm: 26522 22985 2088 41 0 22601 0
Current children cumulated CPU time: 942.24 s
Current children cumulated vsize: 132996 KiB
Current children cumulated memory: 105556 KiB

[startup+1002.3 s]
/proc/loadavg: 14.12 14.27 13.98 15/808 370703
/proc/meminfo: memFree=383158764/528004504 swapFree=8388604/8388604
[pid=370496] ppid=370495 vsize=26908 memory=13616 CPUtime=0.06 cores=10-11
/proc/370496/stat : 370496 (perf) S 370495 370496 370453 0 -1 0 1737 237 0 0 4 2 0 0 20 0 1 0 922979837 27553792 3404 17179869184 93824994299904 93824996572973 140737488338256 0 0 0 134217728 4 74274 1 0 0 17 10 0 0 0 0 0 93824998874888 93825001005840 93825001308160 140737488340074 140737488340471 140737488340471 140737488351179 0
/proc/370496/statm: 6727 3404 2099 555 0 1769 0
[pid=370500] ppid=370496 vsize=113864 memory=97748 CPUtime=1002.18 cores=10-11
/proc/370500/stat : 370500 (clingo) R 370496 370496 370453 0 -1 0 22871 0 0 0 100211 7 0 0 20 0 1 0 922979845 116596736 24437 17179869184 93824992301056 93824992468925 140737488338416 0 0 0 134217728 4 25184771 0 0 0 17 10 0 0 0 0 0 93824992533936 93824992571272 93824992575488 140737488340184 140737488340355 140737488340355 140737488351170 0
/proc/370500/statm: 28466 24437 2088 41 0 24545 0
Current children cumulated CPU time: 1002.24 s
Current children cumulated vsize: 140772 KiB
Current children cumulated memory: 111364 KiB

[startup+1062.3 s]
/proc/loadavg: 14.04 14.22 13.99 15/808 370707
/proc/meminfo: memFree=383127412/528004504 swapFree=8388604/8388604
[pid=370496] ppid=370495 vsize=26908 memory=13616 CPUtime=0.06 cores=10-11
/proc/370496/stat : 370496 (perf) S 370495 370496 370453 0 -1 0 1737 237 0 0 4 2 0 0 20 0 1 0 922979837 27553792 3404 17179869184 93824994299904 93824996572973 140737488338256 0 0 0 134217728 4 74274 1 0 0 17 10 0 0 0 0 0 93824998874888 93825001005840 93825001308160 140737488340074 140737488340471 140737488340471 140737488351179 0
/proc/370496/statm: 6727 3404 2099 555 0 1769 0
[pid=370500] ppid=370496 vsize=115304 memory=99068 CPUtime=1062.18 cores=10-11
/proc/370500/stat : 370500 (clingo) R 370496 370496 370453 0 -1 0 23186 0 0 0 106211 7 0 0 20 0 1 0 922979845 118071296 24767 17179869184 93824992301056 93824992468925 140737488338416 0 0 0 134217728 4 25184771 0 0 0 17 10 0 0 0 0 0 93824992533936 93824992571272 93824992575488 140737488340184 140737488340355 140737488340355 140737488351170 0
/proc/370500/statm: 28826 24767 2088 41 0 24905 0
Current children cumulated CPU time: 1062.24 s
Current children cumulated vsize: 142212 KiB
Current children cumulated memory: 112684 KiB

[startup+1122.3 s]
/proc/loadavg: 14.17 14.21 14.01 15/808 370710
/proc/meminfo: memFree=383089976/528004504 swapFree=8388604/8388604
[pid=370496] ppid=370495 vsize=26908 memory=13616 CPUtime=0.06 cores=10-11
/proc/370496/stat : 370496 (perf) S 370495 370496 370453 0 -1 0 1737 237 0 0 4 2 0 0 20 0 1 0 922979837 27553792 3404 17179869184 93824994299904 93824996572973 140737488338256 0 0 0 134217728 4 74274 1 0 0 17 10 0 0 0 0 0 93824998874888 93825001005840 93825001308160 140737488340074 140737488340471 140737488340471 140737488351179 0
/proc/370496/statm: 6727 3404 2099 555 0 1769 0
[pid=370500] ppid=370496 vsize=117896 memory=101180 CPUtime=1122.18 cores=10-11
/proc/370500/stat : 370500 (clingo) R 370496 370496 370453 0 -1 0 23723 0 0 0 112211 7 0 0 20 0 1 0 922979845 120725504 25295 17179869184 93824992301056 93824992468925 140737488338416 0 0 0 134217728 4 25184771 0 0 0 17 10 0 0 0 0 0 93824992533936 93824992571272 93824992575488 140737488340184 140737488340355 140737488340355 140737488351170 0
/proc/370500/statm: 29474 25295 2088 41 0 25553 0
Current children cumulated CPU time: 1122.24 s
Current children cumulated vsize: 144804 KiB
Current children cumulated memory: 114796 KiB

[startup+1182.3 s]
/proc/loadavg: 14.13 14.20 14.01 15/846 372107
/proc/meminfo: memFree=383574796/528004504 swapFree=8388604/8388604
[pid=370496] ppid=370495 vsize=26908 memory=13616 CPUtime=0.06 cores=10-11
/proc/370496/stat : 370496 (perf) S 370495 370496 370453 0 -1 0 1737 237 0 0 4 2 0 0 20 0 1 0 922979837 27553792 3404 17179869184 93824994299904 93824996572973 140737488338256 0 0 0 134217728 4 74274 1 0 0 17 10 0 0 0 0 0 93824998874888 93825001005840 93825001308160 140737488340074 140737488340471 140737488340471 140737488351179 0
/proc/370496/statm: 6727 3404 2099 555 0 1769 0
[pid=370500] ppid=370496 vsize=121064 memory=103820 CPUtime=1182.18 cores=10-11
/proc/370500/stat : 370500 (clingo) R 370496 370496 370453 0 -1 0 24385 0 0 0 118211 7 0 0 20 0 1 0 922979845 123969536 25955 17179869184 93824992301056 93824992468925 140737488338416 0 0 0 134217728 4 25184771 0 0 0 17 10 0 0 0 0 0 93824992533936 93824992571272 93824992575488 140737488340184 140737488340355 140737488340355 140737488351170 0
/proc/370500/statm: 30266 25955 2088 41 0 26345 0
Current children cumulated CPU time: 1182.24 s
Current children cumulated vsize: 147972 KiB
Current children cumulated memory: 117436 KiB



Maximum wall clock time exceeded: sending SIGTERM then SIGKILL

[startup+1205 s]*
/proc/loadavg: 14.08 14.18 14.01 15/852 372324
/proc/meminfo: memFree=383397192/528004504 swapFree=8388604/8388604
[pid=370496] ppid=370495 vsize=26908 memory=13616 CPUtime=0.06 cores=10-11
/proc/370496/stat : 370496 (perf) S 370495 370496 370453 0 -1 0 1737 237 0 0 4 2 0 0 20 0 1 0 922979837 27553792 3404 17179869184 93824994299904 93824996572973 140737488338256 0 0 0 134217728 4 74274 1 0 0 17 10 0 0 0 0 0 93824998874888 93825001005840 93825001308160 140737488340074 140737488340471 140737488340471 140737488351179 0
/proc/370496/statm: 6727 3404 2099 555 0 1769 0
[pid=370500] ppid=370496 vsize=121352 memory=104084 CPUtime=1204.89 cores=10-11
/proc/370500/stat : 370500 (clingo) R 370496 370496 370453 0 -1 0 24471 0 0 0 120482 7 0 0 20 0 1 0 922979845 124264448 26021 17179869184 93824992301056 93824992468925 140737488338416 0 0 0 134217728 4 25184771 0 0 0 17 10 0 0 0 0 0 93824992533936 93824992571272 93824992575488 140737488340184 140737488340355 140737488340355 140737488351170 0
/proc/370500/statm: 30338 26021 2088 41 0 26417 0
Current children cumulated CPU time: 1204.95 s
Current children cumulated vsize: 148260 KiB
Current children cumulated memory: 117700 KiB

Sending SIGINT to process tree (bottom up)
Sleeping 5 seconds

[startup+1205.03 s]
# the end of solver process 370496 was just reported to runsolver
# cumulated CPU time of all completed processes:  user=1204.89 s, system=0.106523 s

Solver just ended.
??? end of watcher thread
Dumping a history of the last processes samples

Child status: 1
Real time (s): 1205.03
CPU time (s): 1204.99
CPU user time (s): 1204.89
CPU system time (s): 0.106523
CPU usage (%): 99.9972
Max. virtual memory (cumulated for all children) (KiB): 148260
Max. memory (cumulated for all children) (KiB): 117700

getrusage(RUSAGE_CHILDREN,...) data:
user time used= 1204.89
system time used= 0.106523
maximum resident set size= 104296
integral shared memory size= 0
integral unshared data size= 0
integral unshared stack size= 0
page reclaims= 26485
page faults= 0
swaps= 0
block input operations= 0
block output operations= 0
messages sent= 0
messages received= 0
signals received= 0
voluntary context switches= 17
involuntary context switches= 1046


# summary of solver processes directly reported to runsolver:
#   pid: 370496
#   total CPU time (s): 1204.99
#   total CPU user time (s): 1204.89
#   total CPU system time (s): 0.106523

??? end of timestamper thread
runsolver used 8.39601 second user time and 14.6711 second system time

The end
