runsolver version 3.4.0 (svn: 3018) Copyright (C) 2010-2013 Olivier ROUSSEL

This program is distributed in the hope that it will be useful,
but WITHOUT ANY WARRANTY; without even the implied warranty of
MERCHANTABILITY or FITNESS FOR A PARTICULAR PURPOSE.  See the
GNU General Public License for more details.

NUMA information:
  number of nodes: 2
  memory of node 0: 257635 MiB (179580 MiB free)
  memory of node 1: 257994 MiB (192338 MiB free)
  node distances:
     10  20
     20  10

command line: /dev/shm/373af4c4-2e81-11f1-ac62-000c298f4621/input/runsolver -w /dev/shm/373af4c4-2e81-11f1-ac62-000c298f4621/output/runsolver.log -v /dev/shm/373af4c4-2e81-11f1-ac62-000c298f4621/output/varfile.log -W 1205 --rss-swap-limit 16384 -d 5 --sigint /usr/bin/perf stat -B -e task-clock,cache-references,cache-misses,cycles,instructions,branches,faults,migrations,context-switches -o /dev/shm/373af4c4-2e81-11f1-ac62-000c298f4621/output/perf.log clingo /home/guests/mmacri/AMOSUM/benchmarks/GraphColouring/encoding-plain-amo.asp /dev/shm/373af4c4-2e81-11f1-ac62-000c298f4621/input/0009-graph_colouring-125-0_2400.asp 

running on 2 cores: 20-21

Enforcing wall clock limit (soft limit, will send SIGTERM then SIGKILL): 1205 seconds
Enforcing RSS+Swap limit (soft limit, will send SIGTERM then SIGKILL): 16777216 KiB
Linux 5.15.0-131-generic
Current StackSize limit: 8192 KiB

solver pid=368574, runsolver pid=368573

[startup+0.100069 s]*
/proc/loadavg: 14.39 13.94 10.46 16/845 368578
/proc/meminfo: memFree=380835504/528004504 swapFree=8388604/8388604
[pid=368574] ppid=368573 vsize=26908 memory=13616 CPUtime=0.06 cores=20-21
/proc/368574/stat : 368574 (perf) S 368573 368574 368532 0 -1 0 1738 237 0 0 6 0 0 0 20 0 1 0 922857655 27553792 3404 17179869184 93824994299904 93824996572973 140737488338256 0 0 0 134217728 4 74274 1 0 0 17 20 0 0 0 0 0 93824998874888 93825001005840 93825001308160 140737488340074 140737488340471 140737488340471 140737488351179 0
/proc/368574/statm: 6727 3404 2099 555 0 1769 0
[pid=368578] ppid=368574 vsize=19924 memory=11828 CPUtime=0.03 cores=20-21
/proc/368578/stat : 368578 (clingo) R 368574 368574 368532 0 -1 0 1221 0 0 0 3 0 0 0 20 0 1 0 922857663 20402176 2957 17179869184 93824992301056 93824992468925 140737488338416 0 0 0 134217728 4 25184771 0 0 0 17 21 0 0 0 0 0 93824992533936 93824992571272 93824992575488 140737488340184 140737488340355 140737488340355 140737488351170 0
/proc/368578/statm: 4981 2957 2088 41 0 1060 0
Current children cumulated CPU time: 0.09 s
Current children cumulated vsize: 46832 KiB
Current children cumulated memory: 25444 KiB

[startup+0.235359 s]*
/proc/loadavg: 14.39 13.94 10.46 15/845 368578
/proc/meminfo: memFree=380820132/528004504 swapFree=8388604/8388604
[pid=368574] ppid=368573 vsize=26908 memory=13616 CPUtime=0.06 cores=20-21
/proc/368574/stat : 368574 (perf) S 368573 368574 368532 0 -1 0 1738 237 0 0 6 0 0 0 20 0 1 0 922857655 27553792 3404 17179869184 93824994299904 93824996572973 140737488338256 0 0 0 134217728 4 74274 1 0 0 17 20 0 0 0 0 0 93824998874888 93825001005840 93825001308160 140737488340074 140737488340471 140737488340471 140737488351179 0
/proc/368574/statm: 6727 3404 2099 555 0 1769 0
[pid=368578] ppid=368574 vsize=25340 memory=17372 CPUtime=0.14 cores=20-21
/proc/368578/stat : 368578 (clingo) R 368574 368574 368532 0 -1 0 2556 0 0 0 13 1 0 0 20 0 1 0 922857663 25948160 4343 17179869184 93824992301056 93824992468925 140737488338416 0 0 0 134217728 4 25184771 0 0 0 17 21 0 0 0 0 0 93824992533936 93824992571272 93824992575488 140737488340184 140737488340355 140737488340355 140737488351170 0
/proc/368578/statm: 6335 4343 2088 41 0 2414 0
Current children cumulated CPU time: 0.2 s
Current children cumulated vsize: 52248 KiB
Current children cumulated memory: 30988 KiB

[startup+0.331172 s]*
/proc/loadavg: 14.39 13.94 10.46 15/845 368578
/proc/meminfo: memFree=380813580/528004504 swapFree=8388604/8388604
[pid=368574] ppid=368573 vsize=26908 memory=13616 CPUtime=0.06 cores=20-21
/proc/368574/stat : 368574 (perf) S 368573 368574 368532 0 -1 0 1738 237 0 0 6 0 0 0 20 0 1 0 922857655 27553792 3404 17179869184 93824994299904 93824996572973 140737488338256 0 0 0 134217728 4 74274 1 0 0 17 20 0 0 0 0 0 93824998874888 93825001005840 93825001308160 140737488340074 140737488340471 140737488340471 140737488351179 0
/proc/368574/statm: 6727 3404 2099 555 0 1769 0
[pid=368578] ppid=368574 vsize=27452 memory=19484 CPUtime=0.22 cores=20-21
/proc/368578/stat : 368578 (clingo) R 368574 368574 368532 0 -1 0 3097 0 0 0 21 1 0 0 20 0 1 0 922857663 28110848 4871 17179869184 93824992301056 93824992468925 140737488338416 0 0 0 134217728 4 25184771 0 0 0 17 20 0 0 0 0 0 93824992533936 93824992571272 93824992575488 140737488340184 140737488340355 140737488340355 140737488351170 0
/proc/368578/statm: 6863 4871 2088 41 0 2942 0
Current children cumulated CPU time: 0.28 s
Current children cumulated vsize: 54360 KiB
Current children cumulated memory: 33100 KiB

[startup+0.70035 s]
/proc/loadavg: 14.39 13.94 10.46 15/845 368578
/proc/meminfo: memFree=380804508/528004504 swapFree=8388604/8388604
[pid=368574] ppid=368573 vsize=26908 memory=13616 CPUtime=0.06 cores=20-21
/proc/368574/stat : 368574 (perf) S 368573 368574 368532 0 -1 0 1738 237 0 0 6 0 0 0 20 0 1 0 922857655 27553792 3404 17179869184 93824994299904 93824996572973 140737488338256 0 0 0 134217728 4 74274 1 0 0 17 20 0 0 0 0 0 93824998874888 93825001005840 93825001308160 140737488340074 140737488340471 140737488340471 140737488351179 0
/proc/368574/statm: 6727 3404 2099 555 0 1769 0
[pid=368578] ppid=368574 vsize=30408 memory=22388 CPUtime=0.56 cores=20-21
/proc/368578/stat : 368578 (clingo) R 368574 368574 368532 0 -1 0 3811 0 0 0 55 1 0 0 20 0 1 0 922857663 31137792 5597 17179869184 93824992301056 93824992468925 140737488338416 0 0 0 134217728 4 25184771 0 0 0 17 20 0 0 0 0 0 93824992533936 93824992571272 93824992575488 140737488340184 140737488340355 140737488340355 140737488351170 0
/proc/368578/statm: 7602 5597 2088 41 0 3681 0
Current children cumulated CPU time: 0.62 s
Current children cumulated vsize: 57316 KiB
Current children cumulated memory: 36004 KiB

[startup+1.50035 s]
/proc/loadavg: 14.39 13.94 10.46 15/845 368578
/proc/meminfo: memFree=380783088/528004504 swapFree=8388604/8388604
[pid=368574] ppid=368573 vsize=26908 memory=13616 CPUtime=0.06 cores=20-21
/proc/368574/stat : 368574 (perf) S 368573 368574 368532 0 -1 0 1738 237 0 0 6 0 0 0 20 0 1 0 922857655 27553792 3404 17179869184 93824994299904 93824996572973 140737488338256 0 0 0 134217728 4 74274 1 0 0 17 20 0 0 0 0 0 93824998874888 93825001005840 93825001308160 140737488340074 140737488340471 140737488340471 140737488351179 0
/proc/368574/statm: 6727 3404 2099 555 0 1769 0
[pid=368578] ppid=368574 vsize=34384 memory=26348 CPUtime=1.37 cores=20-21
/proc/368578/stat : 368578 (clingo) R 368574 368574 368532 0 -1 0 4827 0 0 0 135 2 0 0 20 0 1 0 922857663 35209216 6587 17179869184 93824992301056 93824992468925 140737488338416 0 0 0 134217728 4 25184771 0 0 0 17 20 0 0 0 0 0 93824992533936 93824992571272 93824992575488 140737488340184 140737488340355 140737488340355 140737488351170 0
/proc/368578/statm: 8596 6587 2088 41 0 4675 0
Current children cumulated CPU time: 1.43 s
Current children cumulated vsize: 61292 KiB
Current children cumulated memory: 39964 KiB

[startup+3.1188 s]
/proc/loadavg: 14.39 13.94 10.46 14/837 368639
/proc/meminfo: memFree=380882388/528004504 swapFree=8388604/8388604
[pid=368574] ppid=368573 vsize=26908 memory=13616 CPUtime=0.06 cores=20-21
/proc/368574/stat : 368574 (perf) S 368573 368574 368532 0 -1 0 1738 237 0 0 6 0 0 0 20 0 1 0 922857655 27553792 3404 17179869184 93824994299904 93824996572973 140737488338256 0 0 0 134217728 4 74274 1 0 0 17 20 0 0 0 0 0 93824998874888 93825001005840 93825001308160 140737488340074 140737488340471 140737488340471 140737488351179 0
/proc/368574/statm: 6727 3404 2099 555 0 1769 0
[pid=368578] ppid=368574 vsize=37028 memory=28988 CPUtime=2.99 cores=20-21
/proc/368578/stat : 368578 (clingo) R 368574 368574 368532 0 -1 0 5470 0 0 0 297 2 0 0 20 0 1 0 922857663 37916672 7247 17179869184 93824992301056 93824992468925 140737488338416 0 0 0 134217728 4 25184771 0 0 0 17 20 0 0 0 0 0 93824992533936 93824992571272 93824992575488 140737488340184 140737488340355 140737488340355 140737488351170 0
/proc/368578/statm: 9257 7247 2088 41 0 5336 0
Current children cumulated CPU time: 3.05 s
Current children cumulated vsize: 63936 KiB
Current children cumulated memory: 42604 KiB

[startup+6.30028 s]
/proc/loadavg: 14.36 13.94 10.48 15/844 368681
/proc/meminfo: memFree=380765024/528004504 swapFree=8388604/8388604
[pid=368574] ppid=368573 vsize=26908 memory=13616 CPUtime=0.06 cores=20-21
/proc/368574/stat : 368574 (perf) S 368573 368574 368532 0 -1 0 1738 237 0 0 6 0 0 0 20 0 1 0 922857655 27553792 3404 17179869184 93824994299904 93824996572973 140737488338256 0 0 0 134217728 4 74274 1 0 0 17 20 0 0 0 0 0 93824998874888 93825001005840 93825001308160 140737488340074 140737488340471 140737488340471 140737488351179 0
/proc/368574/statm: 6727 3404 2099 555 0 1769 0
[pid=368578] ppid=368574 vsize=41180 memory=32948 CPUtime=6.17 cores=20-21
/proc/368578/stat : 368578 (clingo) R 368574 368574 368532 0 -1 0 6501 0 0 0 615 2 0 0 20 0 1 0 922857663 42168320 8237 17179869184 93824992301056 93824992468925 140737488338416 0 0 0 134217728 4 25184771 0 0 0 17 20 0 0 0 0 0 93824992533936 93824992571272 93824992575488 140737488340184 140737488340355 140737488340355 140737488351170 0
/proc/368578/statm: 10295 8237 2088 41 0 6374 0
Current children cumulated CPU time: 6.23 s
Current children cumulated vsize: 68088 KiB
Current children cumulated memory: 46564 KiB

[startup+12.7003 s]
/proc/loadavg: 14.33 13.95 10.50 15/844 368681
/proc/meminfo: memFree=380397428/528004504 swapFree=8388604/8388604
[pid=368574] ppid=368573 vsize=26908 memory=13616 CPUtime=0.06 cores=20-21
/proc/368574/stat : 368574 (perf) S 368573 368574 368532 0 -1 0 1738 237 0 0 6 0 0 0 20 0 1 0 922857655 27553792 3404 17179869184 93824994299904 93824996572973 140737488338256 0 0 0 134217728 4 74274 1 0 0 17 20 0 0 0 0 0 93824998874888 93825001005840 93825001308160 140737488340074 140737488340471 140737488340471 140737488351179 0
/proc/368574/statm: 6727 3404 2099 555 0 1769 0
[pid=368578] ppid=368574 vsize=47188 memory=39220 CPUtime=12.56 cores=20-21
/proc/368578/stat : 368578 (clingo) R 368574 368574 368532 0 -1 0 8721 0 0 0 1254 2 0 0 20 0 1 0 922857663 48320512 9805 17179869184 93824992301056 93824992468925 140737488338416 0 0 0 134217728 4 25184771 0 0 0 17 20 0 0 0 0 0 93824992533936 93824992571272 93824992575488 140737488340184 140737488340355 140737488340355 140737488351170 0
/proc/368578/statm: 11797 9805 2088 41 0 7876 0
Current children cumulated CPU time: 12.62 s
Current children cumulated vsize: 74096 KiB
Current children cumulated memory: 52836 KiB

[startup+25.5004 s]
/proc/loadavg: 14.26 13.95 10.56 15/843 368888
/proc/meminfo: memFree=381715656/528004504 swapFree=8388604/8388604
[pid=368574] ppid=368573 vsize=26908 memory=13616 CPUtime=0.06 cores=20-21
/proc/368574/stat : 368574 (perf) S 368573 368574 368532 0 -1 0 1738 237 0 0 6 0 0 0 20 0 1 0 922857655 27553792 3404 17179869184 93824994299904 93824996572973 140737488338256 0 0 0 134217728 4 74274 1 0 0 17 20 0 0 0 0 0 93824998874888 93825001005840 93825001308160 140737488340074 140737488340471 140737488340471 140737488351179 0
/proc/368574/statm: 6727 3404 2099 555 0 1769 0
[pid=368578] ppid=368574 vsize=54580 memory=46544 CPUtime=25.36 cores=20-21
/proc/368578/stat : 368578 (clingo) R 368574 368574 368532 0 -1 0 11617 0 0 0 2533 3 0 0 20 0 1 0 922857663 55889920 11636 17179869184 93824992301056 93824992468925 140737488338416 0 0 0 134217728 4 25184771 0 0 0 17 20 0 0 0 0 0 93824992533936 93824992571272 93824992575488 140737488340184 140737488340355 140737488340355 140737488351170 0
/proc/368578/statm: 13645 11636 2088 41 0 9724 0
Current children cumulated CPU time: 25.42 s
Current children cumulated vsize: 81488 KiB
Current children cumulated memory: 60160 KiB

[startup+51.1187 s]
/proc/loadavg: 14.25 13.97 10.65 15/843 368889
/proc/meminfo: memFree=380907140/528004504 swapFree=8388604/8388604
[pid=368574] ppid=368573 vsize=26908 memory=13616 CPUtime=0.06 cores=20-21
/proc/368574/stat : 368574 (perf) S 368573 368574 368532 0 -1 0 1738 237 0 0 6 0 0 0 20 0 1 0 922857655 27553792 3404 17179869184 93824994299904 93824996572973 140737488338256 0 0 0 134217728 4 74274 1 0 0 17 20 0 0 0 0 0 93824998874888 93825001005840 93825001308160 140737488340074 140737488340471 140737488340471 140737488351179 0
/proc/368574/statm: 6727 3404 2099 555 0 1769 0
[pid=368578] ppid=368574 vsize=61040 memory=52720 CPUtime=50.98 cores=20-21
/proc/368578/stat : 368578 (clingo) R 368574 368574 368532 0 -1 0 14184 0 0 0 5095 3 0 0 20 0 1 0 922857663 62504960 13180 17179869184 93824992301056 93824992468925 140737488338416 0 0 0 134217728 4 25184771 0 0 0 17 20 0 0 0 0 0 93824992533936 93824992571272 93824992575488 140737488340184 140737488340355 140737488340355 140737488351170 0
/proc/368578/statm: 15260 13180 2088 41 0 11339 0
Current children cumulated CPU time: 51.04 s
Current children cumulated vsize: 87948 KiB
Current children cumulated memory: 66336 KiB

[startup+102.3 s]
/proc/loadavg: 14.11 13.97 10.83 15/844 368891
/proc/meminfo: memFree=379222636/528004504 swapFree=8388604/8388604
[pid=368574] ppid=368573 vsize=26908 memory=13616 CPUtime=0.06 cores=20-21
/proc/368574/stat : 368574 (perf) S 368573 368574 368532 0 -1 0 1738 237 0 0 6 0 0 0 20 0 1 0 922857655 27553792 3404 17179869184 93824994299904 93824996572973 140737488338256 0 0 0 134217728 4 74274 1 0 0 17 20 0 0 0 0 0 93824998874888 93825001005840 93825001308160 140737488340074 140737488340471 140737488340471 140737488351179 0
/proc/368574/statm: 6727 3404 2099 555 0 1769 0
[pid=368578] ppid=368574 vsize=69964 memory=61960 CPUtime=102.16 cores=20-21
/proc/368578/stat : 368578 (clingo) R 368574 368574 368532 0 -1 0 18824 0 0 0 10212 4 0 0 20 0 1 0 922857663 71643136 15490 17179869184 93824992301056 93824992468925 140737488338416 0 0 0 134217728 4 25184771 0 0 0 17 20 0 0 0 0 0 93824992533936 93824992571272 93824992575488 140737488340184 140737488340355 140737488340355 140737488351170 0
/proc/368578/statm: 17491 15490 2088 41 0 13570 0
Current children cumulated CPU time: 102.22 s
Current children cumulated vsize: 96872 KiB
Current children cumulated memory: 75576 KiB

[startup+162.3 s]
/proc/loadavg: 14.13 14.01 11.04 15/845 368893
/proc/meminfo: memFree=378334356/528004504 swapFree=8388604/8388604
[pid=368574] ppid=368573 vsize=26908 memory=13616 CPUtime=0.06 cores=20-21
/proc/368574/stat : 368574 (perf) S 368573 368574 368532 0 -1 0 1738 237 0 0 6 0 0 0 20 0 1 0 922857655 27553792 3404 17179869184 93824994299904 93824996572973 140737488338256 0 0 0 134217728 4 74274 1 0 0 17 20 0 0 0 0 0 93824998874888 93825001005840 93825001308160 140737488340074 140737488340471 140737488340471 140737488351179 0
/proc/368574/statm: 6727 3404 2099 555 0 1769 0
[pid=368578] ppid=368574 vsize=80736 memory=72712 CPUtime=162.17 cores=20-21
/proc/368578/stat : 368578 (clingo) R 368574 368574 368532 0 -1 0 24966 0 0 0 16212 5 0 0 20 0 1 0 922857663 82673664 18178 17179869184 93824992301056 93824992468925 140737488338416 0 0 0 134217728 4 25184771 0 0 0 17 20 0 0 0 0 0 93824992533936 93824992571272 93824992575488 140737488340184 140737488340355 140737488340355 140737488351170 0
/proc/368578/statm: 20184 18178 2088 41 0 16263 0
Current children cumulated CPU time: 162.23 s
Current children cumulated vsize: 107644 KiB
Current children cumulated memory: 86328 KiB

[startup+222.3 s]
/proc/loadavg: 14.08 14.02 11.24 15/844 368896
/proc/meminfo: memFree=377498504/528004504 swapFree=8388604/8388604
[pid=368574] ppid=368573 vsize=26908 memory=13616 CPUtime=0.06 cores=20-21
/proc/368574/stat : 368574 (perf) S 368573 368574 368532 0 -1 0 1738 237 0 0 6 0 0 0 20 0 1 0 922857655 27553792 3404 17179869184 93824994299904 93824996572973 140737488338256 0 0 0 134217728 4 74274 1 0 0 17 20 0 0 0 0 0 93824998874888 93825001005840 93825001308160 140737488340074 140737488340471 140737488340471 140737488351179 0
/proc/368574/statm: 6727 3404 2099 555 0 1769 0
[pid=368578] ppid=368574 vsize=87728 memory=79680 CPUtime=222.16 cores=20-21
/proc/368578/stat : 368578 (clingo) R 368574 368574 368532 0 -1 0 29067 0 0 0 22211 5 0 0 20 0 1 0 922857663 89833472 19920 17179869184 93824992301056 93824992468925 140737488338416 0 0 0 134217728 4 25184771 0 0 0 17 20 0 0 0 0 0 93824992533936 93824992571272 93824992575488 140737488340184 140737488340355 140737488340355 140737488351170 0
/proc/368578/statm: 21932 19920 2088 41 0 18011 0
Current children cumulated CPU time: 222.22 s
Current children cumulated vsize: 114636 KiB
Current children cumulated memory: 93296 KiB

[startup+282.3 s]
/proc/loadavg: 14.37 14.10 11.44 15/844 368899
/proc/meminfo: memFree=375779108/528004504 swapFree=8388604/8388604
[pid=368574] ppid=368573 vsize=26908 memory=13616 CPUtime=0.06 cores=20-21
/proc/368574/stat : 368574 (perf) S 368573 368574 368532 0 -1 0 1738 237 0 0 6 0 0 0 20 0 1 0 922857655 27553792 3404 17179869184 93824994299904 93824996572973 140737488338256 0 0 0 134217728 4 74274 1 0 0 17 20 0 0 0 0 0 93824998874888 93825001005840 93825001308160 140737488340074 140737488340471 140737488340471 140737488351179 0
/proc/368574/statm: 6727 3404 2099 555 0 1769 0
[pid=368578] ppid=368574 vsize=94044 memory=85732 CPUtime=282.16 cores=20-21
/proc/368578/stat : 368578 (clingo) R 368574 368574 368532 0 -1 0 31584 0 0 0 28210 6 0 0 20 0 1 0 922857663 96301056 21433 17179869184 93824992301056 93824992468925 140737488338416 0 0 0 134217728 4 25184771 0 0 0 17 20 0 0 0 0 0 93824992533936 93824992571272 93824992575488 140737488340184 140737488340355 140737488340355 140737488351170 0
/proc/368578/statm: 23511 21433 2088 41 0 19590 0
Current children cumulated CPU time: 282.22 s
Current children cumulated vsize: 120952 KiB
Current children cumulated memory: 99348 KiB

[startup+342.3 s]
/proc/loadavg: 14.42 14.17 11.63 15/819 368900
/proc/meminfo: memFree=374753736/528004504 swapFree=8388604/8388604
[pid=368574] ppid=368573 vsize=26908 memory=13616 CPUtime=0.06 cores=20-21
/proc/368574/stat : 368574 (perf) S 368573 368574 368532 0 -1 0 1738 237 0 0 6 0 0 0 20 0 1 0 922857655 27553792 3404 17179869184 93824994299904 93824996572973 140737488338256 0 0 0 134217728 4 74274 1 0 0 17 20 0 0 0 0 0 93824998874888 93825001005840 93825001308160 140737488340074 140737488340471 140737488340471 140737488351179 0
/proc/368574/statm: 6727 3404 2099 555 0 1769 0
[pid=368578] ppid=368574 vsize=100916 memory=92748 CPUtime=342.16 cores=20-21
/proc/368578/stat : 368578 (clingo) R 368574 368574 368532 0 -1 0 35223 0 0 0 34210 6 0 0 20 0 1 0 922857663 103337984 23187 17179869184 93824992301056 93824992468925 140737488338416 0 0 0 134217728 4 25184771 0 0 0 17 20 0 0 0 0 0 93824992533936 93824992571272 93824992575488 140737488340184 140737488340355 140737488340355 140737488351170 0
/proc/368578/statm: 25229 23187 2088 41 0 21308 0
Current children cumulated CPU time: 342.22 s
Current children cumulated vsize: 127824 KiB
Current children cumulated memory: 106364 KiB

[startup+402.3 s]
/proc/loadavg: 14.15 14.13 11.78 15/817 368902
/proc/meminfo: memFree=374552892/528004504 swapFree=8388604/8388604
[pid=368574] ppid=368573 vsize=26908 memory=13616 CPUtime=0.06 cores=20-21
/proc/368574/stat : 368574 (perf) S 368573 368574 368532 0 -1 0 1738 237 0 0 6 0 0 0 20 0 1 0 922857655 27553792 3404 17179869184 93824994299904 93824996572973 140737488338256 0 0 0 134217728 4 74274 1 0 0 17 20 0 0 0 0 0 93824998874888 93825001005840 93825001308160 140737488340074 140737488340471 140737488340471 140737488351179 0
/proc/368574/statm: 6727 3404 2099 555 0 1769 0
[pid=368578] ppid=368574 vsize=104784 memory=96548 CPUtime=402.16 cores=20-21
/proc/368578/stat : 368578 (clingo) R 368574 368574 368532 0 -1 0 36445 0 0 0 40210 6 0 0 20 0 1 0 922857663 107298816 24137 17179869184 93824992301056 93824992468925 140737488338416 0 0 0 134217728 4 25184771 0 0 0 17 20 0 0 0 0 0 93824992533936 93824992571272 93824992575488 140737488340184 140737488340355 140737488340355 140737488351170 0
/proc/368578/statm: 26196 24137 2088 41 0 22275 0
Current children cumulated CPU time: 402.22 s
Current children cumulated vsize: 131692 KiB
Current children cumulated memory: 110164 KiB

[startup+462.3 s]
/proc/loadavg: 14.10 14.12 11.93 15/817 368903
/proc/meminfo: memFree=374362380/528004504 swapFree=8388604/8388604
[pid=368574] ppid=368573 vsize=26908 memory=13616 CPUtime=0.06 cores=20-21
/proc/368574/stat : 368574 (perf) S 368573 368574 368532 0 -1 0 1738 237 0 0 6 0 0 0 20 0 1 0 922857655 27553792 3404 17179869184 93824994299904 93824996572973 140737488338256 0 0 0 134217728 4 74274 1 0 0 17 20 0 0 0 0 0 93824998874888 93825001005840 93825001308160 140737488340074 140737488340471 140737488340471 140737488351179 0
/proc/368574/statm: 6727 3404 2099 555 0 1769 0
[pid=368578] ppid=368574 vsize=108992 memory=100712 CPUtime=462.16 cores=20-21
/proc/368578/stat : 368578 (clingo) R 368574 368574 368532 0 -1 0 38155 0 0 0 46209 7 0 0 20 0 1 0 922857663 111607808 25178 17179869184 93824992301056 93824992468925 140737488338416 0 0 0 134217728 4 25184771 0 0 0 17 20 0 0 0 0 0 93824992533936 93824992571272 93824992575488 140737488340184 140737488340355 140737488340355 140737488351170 0
/proc/368578/statm: 27248 25178 2088 41 0 23327 0
Current children cumulated CPU time: 462.22 s
Current children cumulated vsize: 135900 KiB
Current children cumulated memory: 114328 KiB

[startup+522.3 s]
/proc/loadavg: 14.70 14.25 12.11 15/818 368905
/proc/meminfo: memFree=373661568/528004504 swapFree=8388604/8388604
[pid=368574] ppid=368573 vsize=26908 memory=13616 CPUtime=0.06 cores=20-21
/proc/368574/stat : 368574 (perf) S 368573 368574 368532 0 -1 0 1738 237 0 0 6 0 0 0 20 0 1 0 922857655 27553792 3404 17179869184 93824994299904 93824996572973 140737488338256 0 0 0 134217728 4 74274 1 0 0 17 20 0 0 0 0 0 93824998874888 93825001005840 93825001308160 140737488340074 140737488340471 140737488340471 140737488351179 0
/proc/368574/statm: 6727 3404 2099 555 0 1769 0
[pid=368578] ppid=368574 vsize=111240 memory=102540 CPUtime=522.16 cores=20-21
/proc/368578/stat : 368578 (clingo) R 368574 368574 368532 0 -1 0 39631 0 0 0 52209 7 0 0 20 0 1 0 922857663 113909760 25635 17179869184 93824992301056 93824992468925 140737488338416 0 0 0 134217728 4 25184771 0 0 0 17 20 0 0 0 0 0 93824992533936 93824992571272 93824992575488 140737488340184 140737488340355 140737488340355 140737488351170 0
/proc/368578/statm: 27810 25635 2088 41 0 23889 0
Current children cumulated CPU time: 522.22 s
Current children cumulated vsize: 138148 KiB
Current children cumulated memory: 116156 KiB

[startup+582.3 s]
/proc/loadavg: 15.69 14.65 12.39 15/818 368910
/proc/meminfo: memFree=372588136/528004504 swapFree=8388604/8388604
[pid=368574] ppid=368573 vsize=26908 memory=13616 CPUtime=0.06 cores=20-21
/proc/368574/stat : 368574 (perf) S 368573 368574 368532 0 -1 0 1738 237 0 0 6 0 0 0 20 0 1 0 922857655 27553792 3404 17179869184 93824994299904 93824996572973 140737488338256 0 0 0 134217728 4 74274 1 0 0 17 20 0 0 0 0 0 93824998874888 93825001005840 93825001308160 140737488340074 140737488340471 140737488340471 140737488351179 0
/proc/368574/statm: 6727 3404 2099 555 0 1769 0
[pid=368578] ppid=368574 vsize=116820 memory=108432 CPUtime=582.15 cores=20-21
/proc/368578/stat : 368578 (clingo) R 368574 368574 368532 0 -1 0 42446 0 0 0 58208 7 0 0 20 0 1 0 922857663 119623680 27108 17179869184 93824992301056 93824992468925 140737488338416 0 0 0 134217728 4 25184771 0 0 0 17 20 0 0 0 0 0 93824992533936 93824992571272 93824992575488 140737488340184 140737488340355 140737488340355 140737488351170 0
/proc/368578/statm: 29205 27108 2088 41 0 25284 0
Current children cumulated CPU time: 582.21 s
Current children cumulated vsize: 143728 KiB
Current children cumulated memory: 122048 KiB

[startup+642.3 s]
/proc/loadavg: 14.62 14.53 12.49 15/819 368912
/proc/meminfo: memFree=371543832/528004504 swapFree=8388604/8388604
[pid=368574] ppid=368573 vsize=26908 memory=13616 CPUtime=0.06 cores=20-21
/proc/368574/stat : 368574 (perf) S 368573 368574 368532 0 -1 0 1738 237 0 0 6 0 0 0 20 0 1 0 922857655 27553792 3404 17179869184 93824994299904 93824996572973 140737488338256 0 0 0 134217728 4 74274 1 0 0 17 20 0 0 0 0 0 93824998874888 93825001005840 93825001308160 140737488340074 140737488340471 140737488340471 140737488351179 0
/proc/368574/statm: 6727 3404 2099 555 0 1769 0
[pid=368578] ppid=368574 vsize=119256 memory=110892 CPUtime=642.15 cores=20-21
/proc/368578/stat : 368578 (clingo) R 368574 368574 368532 0 -1 0 44161 0 0 0 64207 8 0 0 20 0 1 0 922857663 122118144 27723 17179869184 93824992301056 93824992468925 140737488338416 0 0 0 134217728 4 25184771 0 0 0 17 20 0 0 0 0 0 93824992533936 93824992571272 93824992575488 140737488340184 140737488340355 140737488340355 140737488351170 0
/proc/368578/statm: 29814 27723 2088 41 0 25893 0
Current children cumulated CPU time: 642.21 s
Current children cumulated vsize: 146164 KiB
Current children cumulated memory: 124508 KiB

[startup+702.3 s]
/proc/loadavg: 14.44 14.50 12.62 15/819 368913
/proc/meminfo: memFree=370505592/528004504 swapFree=8388604/8388604
[pid=368574] ppid=368573 vsize=26908 memory=13616 CPUtime=0.06 cores=20-21
/proc/368574/stat : 368574 (perf) S 368573 368574 368532 0 -1 0 1738 237 0 0 6 0 0 0 20 0 1 0 922857655 27553792 3404 17179869184 93824994299904 93824996572973 140737488338256 0 0 0 134217728 4 74274 1 0 0 17 20 0 0 0 0 0 93824998874888 93825001005840 93825001308160 140737488340074 140737488340471 140737488340471 140737488351179 0
/proc/368574/statm: 6727 3404 2099 555 0 1769 0
[pid=368578] ppid=368574 vsize=123044 memory=114728 CPUtime=702.15 cores=20-21
/proc/368578/stat : 368578 (clingo) R 368574 368574 368532 0 -1 0 46760 0 0 0 70207 8 0 0 20 0 1 0 922857663 125997056 28682 17179869184 93824992301056 93824992468925 140737488338416 0 0 0 134217728 4 25184771 0 0 0 17 20 0 0 0 0 0 93824992533936 93824992571272 93824992575488 140737488340184 140737488340355 140737488340355 140737488351170 0
/proc/368578/statm: 30761 28682 2088 41 0 26840 0
Current children cumulated CPU time: 702.21 s
Current children cumulated vsize: 149952 KiB
Current children cumulated memory: 128344 KiB

[startup+762.3 s]
/proc/loadavg: 14.16 14.41 12.70 15/820 368915
/proc/meminfo: memFree=369417392/528004504 swapFree=8388604/8388604
[pid=368574] ppid=368573 vsize=26908 memory=13616 CPUtime=0.06 cores=20-21
/proc/368574/stat : 368574 (perf) S 368573 368574 368532 0 -1 0 1738 237 0 0 6 0 0 0 20 0 1 0 922857655 27553792 3404 17179869184 93824994299904 93824996572973 140737488338256 0 0 0 134217728 4 74274 1 0 0 17 20 0 0 0 0 0 93824998874888 93825001005840 93825001308160 140737488340074 140737488340471 140737488340471 140737488351179 0
/proc/368574/statm: 6727 3404 2099 555 0 1769 0
[pid=368578] ppid=368574 vsize=124156 memory=115804 CPUtime=762.15 cores=20-21
/proc/368578/stat : 368578 (clingo) R 368574 368574 368532 0 -1 0 49398 0 0 0 76207 8 0 0 20 0 1 0 922857663 127135744 28951 17179869184 93824992301056 93824992468925 140737488338416 0 0 0 134217728 4 25184771 0 0 0 17 20 0 0 0 0 0 93824992533936 93824992571272 93824992575488 140737488340184 140737488340355 140737488340355 140737488351170 0
/proc/368578/statm: 31039 28951 2088 41 0 27118 0
Current children cumulated CPU time: 762.21 s
Current children cumulated vsize: 151064 KiB
Current children cumulated memory: 129420 KiB

[startup+822.3 s]
/proc/loadavg: 14.11 14.35 12.79 15/819 368917
/proc/meminfo: memFree=368386252/528004504 swapFree=8388604/8388604
[pid=368574] ppid=368573 vsize=26908 memory=13616 CPUtime=0.06 cores=20-21
/proc/368574/stat : 368574 (perf) S 368573 368574 368532 0 -1 0 1738 237 0 0 6 0 0 0 20 0 1 0 922857655 27553792 3404 17179869184 93824994299904 93824996572973 140737488338256 0 0 0 134217728 4 74274 1 0 0 17 20 0 0 0 0 0 93824998874888 93825001005840 93825001308160 140737488340074 140737488340471 140737488340471 140737488351179 0
/proc/368574/statm: 6727 3404 2099 555 0 1769 0
[pid=368578] ppid=368574 vsize=129240 memory=120844 CPUtime=822.15 cores=20-21
/proc/368578/stat : 368578 (clingo) R 368574 368574 368532 0 -1 0 52350 0 0 0 82206 9 0 0 20 0 1 0 922857663 132341760 30211 17179869184 93824992301056 93824992468925 140737488338416 0 0 0 134217728 4 25184771 0 0 0 17 20 0 0 0 0 0 93824992533936 93824992571272 93824992575488 140737488340184 140737488340355 140737488340355 140737488351170 0
/proc/368578/statm: 32310 30211 2088 41 0 28389 0
Current children cumulated CPU time: 822.21 s
Current children cumulated vsize: 156148 KiB
Current children cumulated memory: 134460 KiB

[startup+882.3 s]
/proc/loadavg: 14.04 14.28 12.87 15/819 368920
/proc/meminfo: memFree=367919028/528004504 swapFree=8388604/8388604
[pid=368574] ppid=368573 vsize=26908 memory=13616 CPUtime=0.06 cores=20-21
/proc/368574/stat : 368574 (perf) S 368573 368574 368532 0 -1 0 1738 237 0 0 6 0 0 0 20 0 1 0 922857655 27553792 3404 17179869184 93824994299904 93824996572973 140737488338256 0 0 0 134217728 4 74274 1 0 0 17 20 0 0 0 0 0 93824998874888 93825001005840 93825001308160 140737488340074 140737488340471 140737488340471 140737488351179 0
/proc/368574/statm: 6727 3404 2099 555 0 1769 0
[pid=368578] ppid=368574 vsize=132252 memory=123776 CPUtime=882.15 cores=20-21
/proc/368578/stat : 368578 (clingo) R 368574 368574 368532 0 -1 0 53474 0 0 0 88205 10 0 0 20 0 1 0 922857663 135426048 30944 17179869184 93824992301056 93824992468925 140737488338416 0 0 0 134217728 4 25184771 0 0 0 17 20 0 0 0 0 0 93824992533936 93824992571272 93824992575488 140737488340184 140737488340355 140737488340355 140737488351170 0
/proc/368578/statm: 33063 30944 2088 41 0 29142 0
Current children cumulated CPU time: 882.21 s
Current children cumulated vsize: 159160 KiB
Current children cumulated memory: 137392 KiB

[startup+942.3 s]
/proc/loadavg: 14.08 14.25 12.95 15/819 368921
/proc/meminfo: memFree=367718184/528004504 swapFree=8388604/8388604
[pid=368574] ppid=368573 vsize=26908 memory=13616 CPUtime=0.06 cores=20-21
/proc/368574/stat : 368574 (perf) S 368573 368574 368532 0 -1 0 1738 237 0 0 6 0 0 0 20 0 1 0 922857655 27553792 3404 17179869184 93824994299904 93824996572973 140737488338256 0 0 0 134217728 4 74274 1 0 0 17 20 0 0 0 0 0 93824998874888 93825001005840 93825001308160 140737488340074 140737488340471 140737488340471 140737488351179 0
/proc/368574/statm: 6727 3404 2099 555 0 1769 0
[pid=368578] ppid=368574 vsize=132520 memory=124104 CPUtime=942.15 cores=20-21
/proc/368578/stat : 368578 (clingo) R 368574 368574 368532 0 -1 0 54716 0 0 0 94205 10 0 0 20 0 1 0 922857663 135700480 31026 17179869184 93824992301056 93824992468925 140737488338416 0 0 0 134217728 4 25184771 0 0 0 17 20 0 0 0 0 0 93824992533936 93824992571272 93824992575488 140737488340184 140737488340355 140737488340355 140737488351170 0
/proc/368578/statm: 33130 31026 2088 41 0 29209 0
Current children cumulated CPU time: 942.21 s
Current children cumulated vsize: 159428 KiB
Current children cumulated memory: 137720 KiB

[startup+1002.3 s]
/proc/loadavg: 14.03 14.20 13.02 15/818 368922
/proc/meminfo: memFree=367573036/528004504 swapFree=8388604/8388604
[pid=368574] ppid=368573 vsize=26908 memory=13616 CPUtime=0.06 cores=20-21
/proc/368574/stat : 368574 (perf) S 368573 368574 368532 0 -1 0 1738 237 0 0 6 0 0 0 20 0 1 0 922857655 27553792 3404 17179869184 93824994299904 93824996572973 140737488338256 0 0 0 134217728 4 74274 1 0 0 17 20 0 0 0 0 0 93824998874888 93825001005840 93825001308160 140737488340074 140737488340471 140737488340471 140737488351179 0
/proc/368574/statm: 6727 3404 2099 555 0 1769 0
[pid=368578] ppid=368574 vsize=134892 memory=126508 CPUtime=1002.15 cores=20-21
/proc/368578/stat : 368578 (clingo) R 368574 368574 368532 0 -1 0 58114 0 0 0 100204 11 0 0 20 0 1 0 922857663 138129408 31627 17179869184 93824992301056 93824992468925 140737488338416 0 0 0 134217728 4 25184771 0 0 0 17 20 0 0 0 0 0 93824992533936 93824992571272 93824992575488 140737488340184 140737488340355 140737488340355 140737488351170 0
/proc/368578/statm: 33723 31627 2088 41 0 29802 0
Current children cumulated CPU time: 1002.21 s
Current children cumulated vsize: 161800 KiB
Current children cumulated memory: 140124 KiB

[startup+1062.3 s]
/proc/loadavg: 14.30 14.23 13.10 15/818 368924
/proc/meminfo: memFree=367421332/528004504 swapFree=8388604/8388604
[pid=368574] ppid=368573 vsize=26908 memory=13616 CPUtime=0.06 cores=20-21
/proc/368574/stat : 368574 (perf) S 368573 368574 368532 0 -1 0 1738 237 0 0 6 0 0 0 20 0 1 0 922857655 27553792 3404 17179869184 93824994299904 93824996572973 140737488338256 0 0 0 134217728 4 74274 1 0 0 17 20 0 0 0 0 0 93824998874888 93825001005840 93825001308160 140737488340074 140737488340471 140737488340471 140737488351179 0
/proc/368574/statm: 6727 3404 2099 555 0 1769 0
[pid=368578] ppid=368574 vsize=140232 memory=131796 CPUtime=1062.15 cores=20-21
/proc/368578/stat : 368578 (clingo) R 368574 368574 368532 0 -1 0 60536 0 0 0 106204 11 0 0 20 0 1 0 922857663 143597568 32949 17179869184 93824992301056 93824992468925 140737488338416 0 0 0 134217728 4 25184771 0 0 0 17 20 0 0 0 0 0 93824992533936 93824992571272 93824992575488 140737488340184 140737488340355 140737488340355 140737488351170 0
/proc/368578/statm: 35058 32949 2088 41 0 31137 0
Current children cumulated CPU time: 1062.21 s
Current children cumulated vsize: 167140 KiB
Current children cumulated memory: 145412 KiB

[startup+1122.3 s]
/proc/loadavg: 14.17 14.21 13.17 15/818 368927
/proc/meminfo: memFree=367258808/528004504 swapFree=8388604/8388604
[pid=368574] ppid=368573 vsize=26908 memory=13616 CPUtime=0.06 cores=20-21
/proc/368574/stat : 368574 (perf) S 368573 368574 368532 0 -1 0 1738 237 0 0 6 0 0 0 20 0 1 0 922857655 27553792 3404 17179869184 93824994299904 93824996572973 140737488338256 0 0 0 134217728 4 74274 1 0 0 17 20 0 0 0 0 0 93824998874888 93825001005840 93825001308160 140737488340074 140737488340471 140737488340471 140737488351179 0
/proc/368574/statm: 6727 3404 2099 555 0 1769 0
[pid=368578] ppid=368574 vsize=140988 memory=132548 CPUtime=1122.15 cores=20-21
/proc/368578/stat : 368578 (clingo) R 368574 368574 368532 0 -1 0 61042 0 0 0 112204 11 0 0 20 0 1 0 922857663 144371712 33137 17179869184 93824992301056 93824992468925 140737488338416 0 0 0 134217728 4 25184771 0 0 0 17 20 0 0 0 0 0 93824992533936 93824992571272 93824992575488 140737488340184 140737488340355 140737488340355 140737488351170 0
/proc/368578/statm: 35247 33137 2088 41 0 31326 0
Current children cumulated CPU time: 1122.21 s
Current children cumulated vsize: 167896 KiB
Current children cumulated memory: 146164 KiB

[startup+1182.3 s]
/proc/loadavg: 14.06 14.17 13.23 15/818 368931
/proc/meminfo: memFree=367102852/528004504 swapFree=8388604/8388604
[pid=368574] ppid=368573 vsize=26908 memory=13616 CPUtime=0.06 cores=20-21
/proc/368574/stat : 368574 (perf) S 368573 368574 368532 0 -1 0 1738 237 0 0 6 0 0 0 20 0 1 0 922857655 27553792 3404 17179869184 93824994299904 93824996572973 140737488338256 0 0 0 134217728 4 74274 1 0 0 17 20 0 0 0 0 0 93824998874888 93825001005840 93825001308160 140737488340074 140737488340471 140737488340471 140737488351179 0
/proc/368574/statm: 6727 3404 2099 555 0 1769 0
[pid=368578] ppid=368574 vsize=142044 memory=133472 CPUtime=1182.14 cores=20-21
/proc/368578/stat : 368578 (clingo) R 368574 368574 368532 0 -1 0 61908 0 0 0 118203 11 0 0 20 0 1 0 922857663 145453056 33368 17179869184 93824992301056 93824992468925 140737488338416 0 0 0 134217728 4 25184771 0 0 0 17 20 0 0 0 0 0 93824992533936 93824992571272 93824992575488 140737488340184 140737488340355 140737488340355 140737488351170 0
/proc/368578/statm: 35511 33368 2088 41 0 31590 0
Current children cumulated CPU time: 1182.2 s
Current children cumulated vsize: 168952 KiB
Current children cumulated memory: 147088 KiB



Maximum wall clock time exceeded: sending SIGTERM then SIGKILL

[startup+1205 s]*
/proc/loadavg: 14.04 14.15 13.25 15/827 370084
/proc/meminfo: memFree=383989108/528004504 swapFree=8388604/8388604
[pid=368574] ppid=368573 vsize=26908 memory=13616 CPUtime=0.06 cores=20-21
/proc/368574/stat : 368574 (perf) S 368573 368574 368532 0 -1 0 1738 237 0 0 6 0 0 0 20 0 1 0 922857655 27553792 3404 17179869184 93824994299904 93824996572973 140737488338256 0 0 0 134217728 4 74274 1 0 0 17 20 0 0 0 0 0 93824998874888 93825001005840 93825001308160 140737488340074 140737488340471 140737488340471 140737488351179 0
/proc/368574/statm: 6727 3404 2099 555 0 1769 0
[pid=368578] ppid=368574 vsize=143512 memory=134800 CPUtime=1204.86 cores=20-21
/proc/368578/stat : 368578 (clingo) R 368574 368574 368532 0 -1 0 63763 0 0 0 120475 11 0 0 20 0 1 0 922857663 146956288 33700 17179869184 93824992301056 93824992468925 140737488338416 0 0 0 134217728 4 25184771 0 0 0 17 20 0 0 0 0 0 93824992533936 93824992571272 93824992575488 140737488340184 140737488340355 140737488340355 140737488351170 0
/proc/368578/statm: 35878 33700 2088 41 0 31957 0
Current children cumulated CPU time: 1204.92 s
Current children cumulated vsize: 170420 KiB
Current children cumulated memory: 148416 KiB

Sending SIGINT to process tree (bottom up)
Sleeping 5 seconds

[startup+1205.03 s]
# the end of solver process 368574 was just reported to runsolver
# cumulated CPU time of all completed processes:  user=1204.83 s, system=0.132256 s

Solver just ended.
??? end of watcher thread
Dumping a history of the last processes samples

Child status: 1
Real time (s): 1205.03
CPU time (s): 1204.96
CPU user time (s): 1204.83
CPU system time (s): 0.132256
CPU usage (%): 99.9945
Max. virtual memory (cumulated for all children) (KiB): 175660
Max. memory (cumulated for all children) (KiB): 153388

getrusage(RUSAGE_CHILDREN,...) data:
user time used= 1204.83
system time used= 0.132256
maximum resident set size= 139772
integral shared memory size= 0
integral unshared data size= 0
integral unshared stack size= 0
page reclaims= 65778
page faults= 0
swaps= 0
block input operations= 0
block output operations= 0
messages sent= 0
messages received= 0
signals received= 0
voluntary context switches= 18
involuntary context switches= 1911


# summary of solver processes directly reported to runsolver:
#   pid: 368574
#   total CPU time (s): 1204.96
#   total CPU user time (s): 1204.83
#   total CPU system time (s): 0.132256

??? end of timestamper thread
runsolver used 9.24871 second user time and 14.2109 second system time

The end
