runsolver version 3.4.0 (svn: 3018) Copyright (C) 2010-2013 Olivier ROUSSEL

This program is distributed in the hope that it will be useful,
but WITHOUT ANY WARRANTY; without even the implied warranty of
MERCHANTABILITY or FITNESS FOR A PARTICULAR PURPOSE.  See the
GNU General Public License for more details.

NUMA information:
  number of nodes: 2
  memory of node 0: 257635 MiB (178633 MiB free)
  memory of node 1: 257994 MiB (182963 MiB free)
  node distances:
     10  20
     20  10

command line: /dev/shm/377d3636-2e81-11f1-ac62-000c298f4621/input/runsolver -w /dev/shm/377d3636-2e81-11f1-ac62-000c298f4621/output/runsolver.log -v /dev/shm/377d3636-2e81-11f1-ac62-000c298f4621/output/varfile.log -W 1205 --rss-swap-limit 16384 -d 5 --sigint /usr/bin/perf stat -B -e task-clock,cache-references,cache-misses,cycles,instructions,branches,faults,migrations,context-switches -o /dev/shm/377d3636-2e81-11f1-ac62-000c298f4621/output/perf.log clingo /home/guests/mmacri/AMOSUM/benchmarks/GraphColouring/encoding-plain-amo.asp /dev/shm/377d3636-2e81-11f1-ac62-000c298f4621/input/0044-graph_colouring-145-0_2784.asp 

running on 2 cores: 24-25

Enforcing wall clock limit (soft limit, will send SIGTERM then SIGKILL): 1205 seconds
Enforcing RSS+Swap limit (soft limit, will send SIGTERM then SIGKILL): 16777216 KiB
Linux 5.15.0-131-generic
solver pid=329502, runsolver pid=329501
Current StackSize limit: 8192 KiB


[startup+0.100069 s]*
/proc/loadavg: 14.04 14.18 13.26 15/829 329506
/proc/meminfo: memFree=370274944/528004516 swapFree=8388604/8388604
[pid=329502] ppid=329501 vsize=26908 memory=13616 CPUtime=0.07 cores=24-25
/proc/329502/stat : 329502 (perf) S 329501 329502 329460 0 -1 0 1738 237 0 0 5 2 0 0 20 0 1 0 922982142 27553792 3404 17179869184 93824994299904 93824996572973 140737488338256 0 0 0 134217728 4 74274 1 0 0 17 24 0 0 0 0 0 93824998874888 93825001005840 93825001308160 140737488340074 140737488340471 140737488340471 140737488351179 0
/proc/329502/statm: 6727 3404 2099 555 0 1769 0
[pid=329506] ppid=329502 vsize=20144 memory=11872 CPUtime=0.03 cores=24-25
/proc/329506/stat : 329506 (clingo) R 329502 329502 329460 0 -1 0 1266 0 0 0 3 0 0 0 20 0 1 0 922982150 20627456 2968 17179869184 93824992301056 93824992468925 140737488338416 0 0 0 134217728 4 25184771 0 0 0 17 25 0 0 0 0 0 93824992533936 93824992571272 93824992575488 140737488340184 140737488340355 140737488340355 140737488351170 0
/proc/329506/statm: 5036 2968 2060 41 0 1115 0
Current children cumulated CPU time: 0.1 s
Current children cumulated vsize: 47052 KiB
Current children cumulated memory: 25488 KiB

[startup+0.234641 s]*
/proc/loadavg: 14.04 14.18 13.26 15/829 329506
/proc/meminfo: memFree=370270928/528004516 swapFree=8388604/8388604
[pid=329502] ppid=329501 vsize=26908 memory=13616 CPUtime=0.07 cores=24-25
/proc/329502/stat : 329502 (perf) S 329501 329502 329460 0 -1 0 1738 237 0 0 5 2 0 0 20 0 1 0 922982142 27553792 3404 17179869184 93824994299904 93824996572973 140737488338256 0 0 0 134217728 4 74274 1 0 0 17 24 0 0 0 0 0 93824998874888 93825001005840 93825001308160 140737488340074 140737488340471 140737488340471 140737488351179 0
/proc/329502/statm: 6727 3404 2099 555 0 1769 0
[pid=329506] ppid=329502 vsize=26544 memory=18324 CPUtime=0.15 cores=24-25
/proc/329506/stat : 329506 (clingo) R 329502 329502 329460 0 -1 0 2841 0 0 0 15 0 0 0 20 0 1 0 922982150 27181056 4581 17179869184 93824992301056 93824992468925 140737488338416 0 0 0 134217728 4 25184771 0 0 0 17 25 0 0 0 0 0 93824992533936 93824992571272 93824992575488 140737488340184 140737488340355 140737488340355 140737488351170 0
/proc/329506/statm: 6636 4581 2091 41 0 2715 0
Current children cumulated CPU time: 0.22 s
Current children cumulated vsize: 53452 KiB
Current children cumulated memory: 31940 KiB

[startup+0.334364 s]*
/proc/loadavg: 14.04 14.18 13.26 16/829 329506
/proc/meminfo: memFree=370268408/528004516 swapFree=8388604/8388604
[pid=329502] ppid=329501 vsize=26908 memory=13616 CPUtime=0.07 cores=24-25
/proc/329502/stat : 329502 (perf) S 329501 329502 329460 0 -1 0 1738 237 0 0 5 2 0 0 20 0 1 0 922982142 27553792 3404 17179869184 93824994299904 93824996572973 140737488338256 0 0 0 134217728 4 74274 1 0 0 17 24 0 0 0 0 0 93824998874888 93825001005840 93825001308160 140737488340074 140737488340471 140737488340471 140737488351179 0
/proc/329502/statm: 6727 3404 2099 555 0 1769 0
[pid=329506] ppid=329502 vsize=28004 memory=19908 CPUtime=0.23 cores=24-25
/proc/329506/stat : 329506 (clingo) R 329502 329502 329460 0 -1 0 3225 0 0 0 23 0 0 0 20 0 1 0 922982150 28676096 4977 17179869184 93824992301056 93824992468925 140737488338416 0 0 0 134217728 4 25184771 0 0 0 17 25 0 0 0 0 0 93824992533936 93824992571272 93824992575488 140737488340184 140737488340355 140737488340355 140737488351170 0
/proc/329506/statm: 7001 4977 2091 41 0 3080 0
Current children cumulated CPU time: 0.3 s
Current children cumulated vsize: 54912 KiB
Current children cumulated memory: 33524 KiB

[startup+0.700324 s]
/proc/loadavg: 14.04 14.18 13.26 16/829 329506
/proc/meminfo: memFree=370265384/528004516 swapFree=8388604/8388604
[pid=329502] ppid=329501 vsize=26908 memory=13616 CPUtime=0.07 cores=24-25
/proc/329502/stat : 329502 (perf) S 329501 329502 329460 0 -1 0 1738 237 0 0 5 2 0 0 20 0 1 0 922982142 27553792 3404 17179869184 93824994299904 93824996572973 140737488338256 0 0 0 134217728 4 74274 1 0 0 17 24 0 0 0 0 0 93824998874888 93825001005840 93825001308160 140737488340074 140737488340471 140737488340471 140737488351179 0
/proc/329502/statm: 6727 3404 2099 555 0 1769 0
[pid=329506] ppid=329502 vsize=31172 memory=23076 CPUtime=0.52 cores=24-25
/proc/329506/stat : 329506 (clingo) R 329502 329502 329460 0 -1 0 4007 0 0 0 51 1 0 0 20 0 1 0 922982150 31920128 5769 17179869184 93824992301056 93824992468925 140737488338416 0 0 0 134217728 4 25184771 0 0 0 17 25 0 0 0 0 0 93824992533936 93824992571272 93824992575488 140737488340184 140737488340355 140737488340355 140737488351170 0
/proc/329506/statm: 7793 5769 2091 41 0 3872 0
Current children cumulated CPU time: 0.59 s
Current children cumulated vsize: 58080 KiB
Current children cumulated memory: 36692 KiB

[startup+1.50033 s]
/proc/loadavg: 14.04 14.18 13.26 15/829 329506
/proc/meminfo: memFree=370260092/528004516 swapFree=8388604/8388604
[pid=329502] ppid=329501 vsize=26908 memory=13616 CPUtime=0.07 cores=24-25
/proc/329502/stat : 329502 (perf) S 329501 329502 329460 0 -1 0 1738 237 0 0 5 2 0 0 20 0 1 0 922982142 27553792 3404 17179869184 93824994299904 93824996572973 140737488338256 0 0 0 134217728 4 74274 1 0 0 17 24 0 0 0 0 0 93824998874888 93825001005840 93825001308160 140737488340074 140737488340471 140737488340471 140737488351179 0
/proc/329502/statm: 6727 3404 2099 555 0 1769 0
[pid=329506] ppid=329502 vsize=35876 memory=27564 CPUtime=1.3 cores=24-25
/proc/329506/stat : 329506 (clingo) R 329502 329502 329460 0 -1 0 5165 0 0 0 129 1 0 0 20 0 1 0 922982150 36737024 6891 17179869184 93824992301056 93824992468925 140737488338416 0 0 0 134217728 4 25184771 0 0 0 17 25 0 0 0 0 0 93824992533936 93824992571272 93824992575488 140737488340184 140737488340355 140737488340355 140737488351170 0
/proc/329506/statm: 8969 6891 2091 41 0 5048 0
Current children cumulated CPU time: 1.37 s
Current children cumulated vsize: 62784 KiB
Current children cumulated memory: 41180 KiB

[startup+3.12609 s]
/proc/loadavg: 14.04 14.18 13.26 15/829 329506
/proc/meminfo: memFree=370246296/528004516 swapFree=8388604/8388604
[pid=329502] ppid=329501 vsize=26908 memory=13616 CPUtime=0.07 cores=24-25
/proc/329502/stat : 329502 (perf) S 329501 329502 329460 0 -1 0 1738 237 0 0 5 2 0 0 20 0 1 0 922982142 27553792 3404 17179869184 93824994299904 93824996572973 140737488338256 0 0 0 134217728 4 74274 1 0 0 17 24 0 0 0 0 0 93824998874888 93825001005840 93825001308160 140737488340074 140737488340471 140737488340471 140737488351179 0
/proc/329502/statm: 6727 3404 2099 555 0 1769 0
[pid=329506] ppid=329502 vsize=37464 memory=29392 CPUtime=2.89 cores=24-25
/proc/329506/stat : 329506 (clingo) R 329502 329502 329460 0 -1 0 5749 0 0 0 288 1 0 0 20 0 1 0 922982150 38363136 7348 17179869184 93824992301056 93824992468925 140737488338416 0 0 0 134217728 4 25184771 0 0 0 17 25 0 0 0 0 0 93824992533936 93824992571272 93824992575488 140737488340184 140737488340355 140737488340355 140737488351170 0
/proc/329506/statm: 9366 7348 2091 41 0 5445 0
Current children cumulated CPU time: 2.96 s
Current children cumulated vsize: 64372 KiB
Current children cumulated memory: 43008 KiB

[startup+6.30029 s]
/proc/loadavg: 14.04 14.18 13.27 15/829 329506
/proc/meminfo: memFree=370232956/528004516 swapFree=8388604/8388604
[pid=329502] ppid=329501 vsize=26908 memory=13616 CPUtime=0.07 cores=24-25
/proc/329502/stat : 329502 (perf) S 329501 329502 329460 0 -1 0 1738 237 0 0 5 2 0 0 20 0 1 0 922982142 27553792 3404 17179869184 93824994299904 93824996572973 140737488338256 0 0 0 134217728 4 74274 1 0 0 17 24 0 0 0 0 0 93824998874888 93825001005840 93825001308160 140737488340074 140737488340471 140737488340471 140737488351179 0
/proc/329502/statm: 6727 3404 2099 555 0 1769 0
[pid=329506] ppid=329502 vsize=40696 memory=32756 CPUtime=6.06 cores=24-25
/proc/329506/stat : 329506 (clingo) R 329502 329502 329460 0 -1 0 6772 0 0 0 605 1 0 0 20 0 1 0 922982150 41672704 8189 17179869184 93824992301056 93824992468925 140737488338416 0 0 0 134217728 4 25184771 0 0 0 17 24 0 0 0 0 0 93824992533936 93824992571272 93824992575488 140737488340184 140737488340355 140737488340355 140737488351170 0
/proc/329506/statm: 10174 8189 2091 41 0 6253 0
Current children cumulated CPU time: 6.13 s
Current children cumulated vsize: 67604 KiB
Current children cumulated memory: 46372 KiB

[startup+12.7003 s]
/proc/loadavg: 14.03 14.18 13.27 15/829 329507
/proc/meminfo: memFree=370202984/528004516 swapFree=8388604/8388604
[pid=329502] ppid=329501 vsize=26908 memory=13616 CPUtime=0.07 cores=24-25
/proc/329502/stat : 329502 (perf) S 329501 329502 329460 0 -1 0 1738 237 0 0 5 2 0 0 20 0 1 0 922982142 27553792 3404 17179869184 93824994299904 93824996572973 140737488338256 0 0 0 134217728 4 74274 1 0 0 17 24 0 0 0 0 0 93824998874888 93825001005840 93825001308160 140737488340074 140737488340471 140737488340471 140737488351179 0
/proc/329502/statm: 6727 3404 2099 555 0 1769 0
[pid=329506] ppid=329502 vsize=48992 memory=40992 CPUtime=12.46 cores=24-25
/proc/329506/stat : 329506 (clingo) R 329502 329502 329460 0 -1 0 9148 0 0 0 1245 1 0 0 20 0 1 0 922982150 50167808 10248 17179869184 93824992301056 93824992468925 140737488338416 0 0 0 134217728 4 25184771 0 0 0 17 24 0 0 0 0 0 93824992533936 93824992571272 93824992575488 140737488340184 140737488340355 140737488340355 140737488351170 0
/proc/329506/statm: 12248 10248 2091 41 0 8327 0
Current children cumulated CPU time: 12.53 s
Current children cumulated vsize: 75900 KiB
Current children cumulated memory: 54608 KiB

[startup+25.5004 s]
/proc/loadavg: 14.03 14.17 13.28 15/828 329507
/proc/meminfo: memFree=370146820/528004516 swapFree=8388604/8388604
[pid=329502] ppid=329501 vsize=26908 memory=13616 CPUtime=0.07 cores=24-25
/proc/329502/stat : 329502 (perf) S 329501 329502 329460 0 -1 0 1738 237 0 0 5 2 0 0 20 0 1 0 922982142 27553792 3404 17179869184 93824994299904 93824996572973 140737488338256 0 0 0 134217728 4 74274 1 0 0 17 24 0 0 0 0 0 93824998874888 93825001005840 93825001308160 140737488340074 140737488340471 140737488340471 140737488351179 0
/proc/329502/statm: 6727 3404 2099 555 0 1769 0
[pid=329506] ppid=329502 vsize=56864 memory=48804 CPUtime=25.26 cores=24-25
/proc/329506/stat : 329506 (clingo) R 329502 329502 329460 0 -1 0 11808 0 0 0 2523 3 0 0 20 0 1 0 922982150 58228736 12201 17179869184 93824992301056 93824992468925 140737488338416 0 0 0 134217728 4 25184771 0 0 0 17 24 0 0 0 0 0 93824992533936 93824992571272 93824992575488 140737488340184 140737488340355 140737488340355 140737488351170 0
/proc/329506/statm: 14216 12201 2091 41 0 10295 0
Current children cumulated CPU time: 25.33 s
Current children cumulated vsize: 83772 KiB
Current children cumulated memory: 62420 KiB

[startup+51.1183 s]
/proc/loadavg: 14.31 14.22 13.32 15/829 329510
/proc/meminfo: memFree=370068508/528004516 swapFree=8388604/8388604
[pid=329502] ppid=329501 vsize=26908 memory=13616 CPUtime=0.07 cores=24-25
/proc/329502/stat : 329502 (perf) S 329501 329502 329460 0 -1 0 1738 237 0 0 5 2 0 0 20 0 1 0 922982142 27553792 3404 17179869184 93824994299904 93824996572973 140737488338256 0 0 0 134217728 4 74274 1 0 0 17 24 0 0 0 0 0 93824998874888 93825001005840 93825001308160 140737488340074 140737488340471 140737488340471 140737488351179 0
/proc/329502/statm: 6727 3404 2099 555 0 1769 0
[pid=329506] ppid=329502 vsize=66092 memory=57724 CPUtime=50.87 cores=24-25
/proc/329506/stat : 329506 (clingo) R 329502 329502 329460 0 -1 0 15734 0 0 0 5084 3 0 0 20 0 1 0 922982150 67678208 14431 17179869184 93824992301056 93824992468925 140737488338416 0 0 0 134217728 4 25184771 0 0 0 17 24 0 0 0 0 0 93824992533936 93824992571272 93824992575488 140737488340184 140737488340355 140737488340355 140737488351170 0
/proc/329506/statm: 16523 14431 2091 41 0 12602 0
Current children cumulated CPU time: 50.94 s
Current children cumulated vsize: 93000 KiB
Current children cumulated memory: 71340 KiB

[startup+102.3 s]
/proc/loadavg: 14.17 14.20 13.37 15/829 329555
/proc/meminfo: memFree=369947892/528004516 swapFree=8388604/8388604
[pid=329502] ppid=329501 vsize=26908 memory=13616 CPUtime=0.07 cores=24-25
/proc/329502/stat : 329502 (perf) S 329501 329502 329460 0 -1 0 1738 237 0 0 5 2 0 0 20 0 1 0 922982142 27553792 3404 17179869184 93824994299904 93824996572973 140737488338256 0 0 0 134217728 4 74274 1 0 0 17 24 0 0 0 0 0 93824998874888 93825001005840 93825001308160 140737488340074 140737488340471 140737488340471 140737488351179 0
/proc/329502/statm: 6727 3404 2099 555 0 1769 0
[pid=329506] ppid=329502 vsize=79444 memory=71292 CPUtime=102.05 cores=24-25
/proc/329506/stat : 329506 (clingo) R 329502 329502 329460 0 -1 0 20088 0 0 0 10201 4 0 0 20 0 1 0 922982150 81350656 17823 17179869184 93824992301056 93824992468925 140737488338416 0 0 0 134217728 4 25184771 0 0 0 17 24 0 0 0 0 0 93824992533936 93824992571272 93824992575488 140737488340184 140737488340355 140737488340355 140737488351170 0
/proc/329506/statm: 19861 17823 2091 41 0 15940 0
Current children cumulated CPU time: 102.12 s
Current children cumulated vsize: 106352 KiB
Current children cumulated memory: 84908 KiB

[startup+162.3 s]
/proc/loadavg: 14.06 14.16 13.41 15/829 329558
/proc/meminfo: memFree=369837996/528004516 swapFree=8388604/8388604
[pid=329502] ppid=329501 vsize=26908 memory=13616 CPUtime=0.07 cores=24-25
/proc/329502/stat : 329502 (perf) S 329501 329502 329460 0 -1 0 1738 237 0 0 5 2 0 0 20 0 1 0 922982142 27553792 3404 17179869184 93824994299904 93824996572973 140737488338256 0 0 0 134217728 4 74274 1 0 0 17 24 0 0 0 0 0 93824998874888 93825001005840 93825001308160 140737488340074 140737488340471 140737488340471 140737488351179 0
/proc/329502/statm: 6727 3404 2099 555 0 1769 0
[pid=329506] ppid=329502 vsize=86692 memory=78440 CPUtime=162.05 cores=24-25
/proc/329506/stat : 329506 (clingo) R 329502 329502 329460 0 -1 0 23284 0 0 0 16200 5 0 0 20 0 1 0 922982150 88772608 19610 17179869184 93824992301056 93824992468925 140737488338416 0 0 0 134217728 4 25184771 0 0 0 17 24 0 0 0 0 0 93824992533936 93824992571272 93824992575488 140737488340184 140737488340355 140737488340355 140737488351170 0
/proc/329506/statm: 21673 19610 2091 41 0 17752 0
Current children cumulated CPU time: 162.12 s
Current children cumulated vsize: 113600 KiB
Current children cumulated memory: 92056 KiB

[startup+222.3 s]
/proc/loadavg: 14.02 14.13 13.45 15/829 329561
/proc/meminfo: memFree=369764620/528004516 swapFree=8388604/8388604
[pid=329502] ppid=329501 vsize=26908 memory=13616 CPUtime=0.07 cores=24-25
/proc/329502/stat : 329502 (perf) S 329501 329502 329460 0 -1 0 1738 237 0 0 5 2 0 0 20 0 1 0 922982142 27553792 3404 17179869184 93824994299904 93824996572973 140737488338256 0 0 0 134217728 4 74274 1 0 0 17 24 0 0 0 0 0 93824998874888 93825001005840 93825001308160 140737488340074 140737488340471 140737488340471 140737488351179 0
/proc/329502/statm: 6727 3404 2099 555 0 1769 0
[pid=329506] ppid=329502 vsize=94000 memory=85772 CPUtime=222.05 cores=24-25
/proc/329506/stat : 329506 (clingo) R 329502 329502 329460 0 -1 0 27191 0 0 0 22199 6 0 0 20 0 1 0 922982150 96256000 21443 17179869184 93824992301056 93824992468925 140737488338416 0 0 0 134217728 4 25184771 0 0 0 17 24 0 0 0 0 0 93824992533936 93824992571272 93824992575488 140737488340184 140737488340355 140737488340355 140737488351170 0
/proc/329506/statm: 23500 21443 2091 41 0 19579 0
Current children cumulated CPU time: 222.12 s
Current children cumulated vsize: 120908 KiB
Current children cumulated memory: 99388 KiB

[startup+282.3 s]
/proc/loadavg: 14.16 14.14 13.50 15/829 329566
/proc/meminfo: memFree=369678988/528004516 swapFree=8388604/8388604
[pid=329502] ppid=329501 vsize=26908 memory=13616 CPUtime=0.07 cores=24-25
/proc/329502/stat : 329502 (perf) S 329501 329502 329460 0 -1 0 1738 237 0 0 5 2 0 0 20 0 1 0 922982142 27553792 3404 17179869184 93824994299904 93824996572973 140737488338256 0 0 0 134217728 4 74274 1 0 0 17 24 0 0 0 0 0 93824998874888 93825001005840 93825001308160 140737488340074 140737488340471 140737488340471 140737488351179 0
/proc/329502/statm: 6727 3404 2099 555 0 1769 0
[pid=329506] ppid=329502 vsize=101804 memory=93416 CPUtime=282.06 cores=24-25
/proc/329506/stat : 329506 (clingo) R 329502 329502 329460 0 -1 0 32050 0 0 0 28198 8 0 0 20 0 1 0 922982150 104247296 23354 17179869184 93824992301056 93824992468925 140737488338416 0 0 0 134217728 4 25184771 0 0 0 17 24 0 0 0 0 0 93824992533936 93824992571272 93824992575488 140737488340184 140737488340355 140737488340355 140737488351170 0
/proc/329506/statm: 25451 23354 2091 41 0 21530 0
Current children cumulated CPU time: 282.13 s
Current children cumulated vsize: 128712 KiB
Current children cumulated memory: 107032 KiB

[startup+342.3 s]
/proc/loadavg: 15.18 14.49 13.66 15/807 329569
/proc/meminfo: memFree=369608556/528004516 swapFree=8388604/8388604
[pid=329502] ppid=329501 vsize=26908 memory=13616 CPUtime=0.07 cores=24-25
/proc/329502/stat : 329502 (perf) S 329501 329502 329460 0 -1 0 1738 237 0 0 5 2 0 0 20 0 1 0 922982142 27553792 3404 17179869184 93824994299904 93824996572973 140737488338256 0 0 0 134217728 4 74274 1 0 0 17 24 0 0 0 0 0 93824998874888 93825001005840 93825001308160 140737488340074 140737488340471 140737488340471 140737488351179 0
/proc/329502/statm: 6727 3404 2099 555 0 1769 0
[pid=329506] ppid=329502 vsize=110384 memory=101932 CPUtime=342.06 cores=24-25
/proc/329506/stat : 329506 (clingo) R 329502 329502 329460 0 -1 0 35666 0 0 0 34197 9 0 0 20 0 1 0 922982150 113033216 25483 17179869184 93824992301056 93824992468925 140737488338416 0 0 0 134217728 4 25184771 0 0 0 17 24 0 0 0 0 0 93824992533936 93824992571272 93824992575488 140737488340184 140737488340355 140737488340355 140737488351170 0
/proc/329506/statm: 27596 25483 2091 41 0 23675 0
Current children cumulated CPU time: 342.13 s
Current children cumulated vsize: 137292 KiB
Current children cumulated memory: 115548 KiB

[startup+402.3 s]
/proc/loadavg: 14.47 14.41 13.69 15/808 329572
/proc/meminfo: memFree=369555888/528004516 swapFree=8388604/8388604
[pid=329502] ppid=329501 vsize=26908 memory=13616 CPUtime=0.07 cores=24-25
/proc/329502/stat : 329502 (perf) S 329501 329502 329460 0 -1 0 1738 237 0 0 5 2 0 0 20 0 1 0 922982142 27553792 3404 17179869184 93824994299904 93824996572973 140737488338256 0 0 0 134217728 4 74274 1 0 0 17 24 0 0 0 0 0 93824998874888 93825001005840 93825001308160 140737488340074 140737488340471 140737488340471 140737488351179 0
/proc/329502/statm: 6727 3404 2099 555 0 1769 0
[pid=329506] ppid=329502 vsize=111428 memory=103100 CPUtime=402.06 cores=24-25
/proc/329506/stat : 329506 (clingo) R 329502 329502 329460 0 -1 0 36100 0 0 0 40197 9 0 0 20 0 1 0 922982150 114102272 25775 17179869184 93824992301056 93824992468925 140737488338416 0 0 0 134217728 4 25184771 0 0 0 17 24 0 0 0 0 0 93824992533936 93824992571272 93824992575488 140737488340184 140737488340355 140737488340355 140737488351170 0
/proc/329506/statm: 27857 25775 2091 41 0 23936 0
Current children cumulated CPU time: 402.13 s
Current children cumulated vsize: 138336 KiB
Current children cumulated memory: 116716 KiB

[startup+462.3 s]
/proc/loadavg: 14.17 14.34 13.72 15/808 329574
/proc/meminfo: memFree=369499240/528004516 swapFree=8388604/8388604
[pid=329502] ppid=329501 vsize=26908 memory=13616 CPUtime=0.07 cores=24-25
/proc/329502/stat : 329502 (perf) S 329501 329502 329460 0 -1 0 1738 237 0 0 5 2 0 0 20 0 1 0 922982142 27553792 3404 17179869184 93824994299904 93824996572973 140737488338256 0 0 0 134217728 4 74274 1 0 0 17 24 0 0 0 0 0 93824998874888 93825001005840 93825001308160 140737488340074 140737488340471 140737488340471 140737488351179 0
/proc/329502/statm: 6727 3404 2099 555 0 1769 0
[pid=329506] ppid=329502 vsize=115312 memory=106940 CPUtime=462.05 cores=24-25
/proc/329506/stat : 329506 (clingo) R 329502 329502 329460 0 -1 0 39171 0 0 0 46195 10 0 0 20 0 1 0 922982150 118079488 26735 17179869184 93824992301056 93824992468925 140737488338416 0 0 0 134217728 4 25184771 0 0 0 17 24 0 0 0 0 0 93824992533936 93824992571272 93824992575488 140737488340184 140737488340355 140737488340355 140737488351170 0
/proc/329506/statm: 28828 26735 2091 41 0 24907 0
Current children cumulated CPU time: 462.12 s
Current children cumulated vsize: 142220 KiB
Current children cumulated memory: 120556 KiB

[startup+522.3 s]
/proc/loadavg: 14.06 14.27 13.74 15/808 329578
/proc/meminfo: memFree=369454716/528004516 swapFree=8388604/8388604
[pid=329502] ppid=329501 vsize=26908 memory=13616 CPUtime=0.07 cores=24-25
/proc/329502/stat : 329502 (perf) S 329501 329502 329460 0 -1 0 1738 237 0 0 5 2 0 0 20 0 1 0 922982142 27553792 3404 17179869184 93824994299904 93824996572973 140737488338256 0 0 0 134217728 4 74274 1 0 0 17 24 0 0 0 0 0 93824998874888 93825001005840 93825001308160 140737488340074 140737488340471 140737488340471 140737488351179 0
/proc/329502/statm: 6727 3404 2099 555 0 1769 0
[pid=329506] ppid=329502 vsize=120768 memory=112092 CPUtime=522.05 cores=24-25
/proc/329506/stat : 329506 (clingo) R 329502 329502 329460 0 -1 0 41251 0 0 0 52194 11 0 0 20 0 1 0 922982150 123666432 28023 17179869184 93824992301056 93824992468925 140737488338416 0 0 0 134217728 4 25184771 0 0 0 17 24 0 0 0 0 0 93824992533936 93824992571272 93824992575488 140737488340184 140737488340355 140737488340355 140737488351170 0
/proc/329506/statm: 30192 28023 2091 41 0 26271 0
Current children cumulated CPU time: 522.12 s
Current children cumulated vsize: 147676 KiB
Current children cumulated memory: 125708 KiB

[startup+582.3 s]
/proc/loadavg: 14.29 14.30 13.78 15/808 329582
/proc/meminfo: memFree=369406636/528004516 swapFree=8388604/8388604
[pid=329502] ppid=329501 vsize=26908 memory=13616 CPUtime=0.07 cores=24-25
/proc/329502/stat : 329502 (perf) S 329501 329502 329460 0 -1 0 1738 237 0 0 5 2 0 0 20 0 1 0 922982142 27553792 3404 17179869184 93824994299904 93824996572973 140737488338256 0 0 0 134217728 4 74274 1 0 0 17 24 0 0 0 0 0 93824998874888 93825001005840 93825001308160 140737488340074 140737488340471 140737488340471 140737488351179 0
/proc/329502/statm: 6727 3404 2099 555 0 1769 0
[pid=329506] ppid=329502 vsize=123852 memory=115384 CPUtime=582.06 cores=24-25
/proc/329506/stat : 329506 (clingo) R 329502 329502 329460 0 -1 0 43513 0 0 0 58194 12 0 0 20 0 1 0 922982150 126824448 28846 17179869184 93824992301056 93824992468925 140737488338416 0 0 0 134217728 4 25184771 0 0 0 17 24 0 0 0 0 0 93824992533936 93824992571272 93824992575488 140737488340184 140737488340355 140737488340355 140737488351170 0
/proc/329506/statm: 30963 28846 2091 41 0 27042 0
Current children cumulated CPU time: 582.13 s
Current children cumulated vsize: 150760 KiB
Current children cumulated memory: 129000 KiB

[startup+642.3 s]
/proc/loadavg: 14.10 14.24 13.80 15/808 329585
/proc/meminfo: memFree=369359024/528004516 swapFree=8388604/8388604
[pid=329502] ppid=329501 vsize=26908 memory=13616 CPUtime=0.07 cores=24-25
/proc/329502/stat : 329502 (perf) S 329501 329502 329460 0 -1 0 1738 237 0 0 5 2 0 0 20 0 1 0 922982142 27553792 3404 17179869184 93824994299904 93824996572973 140737488338256 0 0 0 134217728 4 74274 1 0 0 17 24 0 0 0 0 0 93824998874888 93825001005840 93825001308160 140737488340074 140737488340471 140737488340471 140737488351179 0
/proc/329502/statm: 6727 3404 2099 555 0 1769 0
[pid=329506] ppid=329502 vsize=132072 memory=123516 CPUtime=642.05 cores=24-25
/proc/329506/stat : 329506 (clingo) R 329502 329502 329460 0 -1 0 47543 0 0 0 64192 13 0 0 20 0 1 0 922982150 135241728 30879 17179869184 93824992301056 93824992468925 140737488338416 0 0 0 134217728 4 25184771 0 0 0 17 24 0 0 0 0 0 93824992533936 93824992571272 93824992575488 140737488340184 140737488340355 140737488340355 140737488351170 0
/proc/329506/statm: 33018 30879 2091 41 0 29097 0
Current children cumulated CPU time: 642.12 s
Current children cumulated vsize: 158980 KiB
Current children cumulated memory: 137132 KiB

[startup+702.3 s]
/proc/loadavg: 14.04 14.20 13.82 15/809 329590
/proc/meminfo: memFree=369305396/528004516 swapFree=8388604/8388604
[pid=329502] ppid=329501 vsize=26908 memory=13616 CPUtime=0.07 cores=24-25
/proc/329502/stat : 329502 (perf) S 329501 329502 329460 0 -1 0 1738 237 0 0 5 2 0 0 20 0 1 0 922982142 27553792 3404 17179869184 93824994299904 93824996572973 140737488338256 0 0 0 134217728 4 74274 1 0 0 17 24 0 0 0 0 0 93824998874888 93825001005840 93825001308160 140737488340074 140737488340471 140737488340471 140737488351179 0
/proc/329502/statm: 6727 3404 2099 555 0 1769 0
[pid=329506] ppid=329502 vsize=132796 memory=124504 CPUtime=702.06 cores=24-25
/proc/329506/stat : 329506 (clingo) R 329502 329502 329460 0 -1 0 48553 0 0 0 70192 14 0 0 20 0 1 0 922982150 135983104 31126 17179869184 93824992301056 93824992468925 140737488338416 0 0 0 134217728 4 25184771 0 0 0 17 24 0 0 0 0 0 93824992533936 93824992571272 93824992575488 140737488340184 140737488340355 140737488340355 140737488351170 0
/proc/329506/statm: 33199 31126 2091 41 0 29278 0
Current children cumulated CPU time: 702.13 s
Current children cumulated vsize: 159704 KiB
Current children cumulated memory: 138120 KiB

[startup+762.3 s]
/proc/loadavg: 14.69 14.32 13.88 15/810 329593
/proc/meminfo: memFree=369267580/528004516 swapFree=8388604/8388604
[pid=329502] ppid=329501 vsize=26908 memory=13616 CPUtime=0.07 cores=24-25
/proc/329502/stat : 329502 (perf) S 329501 329502 329460 0 -1 0 1738 237 0 0 5 2 0 0 20 0 1 0 922982142 27553792 3404 17179869184 93824994299904 93824996572973 140737488338256 0 0 0 134217728 4 74274 1 0 0 17 24 0 0 0 0 0 93824998874888 93825001005840 93825001308160 140737488340074 140737488340471 140737488340471 140737488351179 0
/proc/329502/statm: 6727 3404 2099 555 0 1769 0
[pid=329506] ppid=329502 vsize=134776 memory=126260 CPUtime=762.06 cores=24-25
/proc/329506/stat : 329506 (clingo) R 329502 329502 329460 0 -1 0 50448 0 0 0 76192 14 0 0 20 0 1 0 922982150 138010624 31565 17179869184 93824992301056 93824992468925 140737488338416 0 0 0 134217728 4 25184771 0 0 0 17 24 0 0 0 0 0 93824992533936 93824992571272 93824992575488 140737488340184 140737488340355 140737488340355 140737488351170 0
/proc/329506/statm: 33694 31565 2091 41 0 29773 0
Current children cumulated CPU time: 762.13 s
Current children cumulated vsize: 161684 KiB
Current children cumulated memory: 139876 KiB

[startup+822.3 s]
/proc/loadavg: 14.93 14.48 13.97 15/810 329595
/proc/meminfo: memFree=369223260/528004516 swapFree=8388604/8388604
[pid=329502] ppid=329501 vsize=26908 memory=13616 CPUtime=0.07 cores=24-25
/proc/329502/stat : 329502 (perf) S 329501 329502 329460 0 -1 0 1738 237 0 0 5 2 0 0 20 0 1 0 922982142 27553792 3404 17179869184 93824994299904 93824996572973 140737488338256 0 0 0 134217728 4 74274 1 0 0 17 24 0 0 0 0 0 93824998874888 93825001005840 93825001308160 140737488340074 140737488340471 140737488340471 140737488351179 0
/proc/329502/statm: 6727 3404 2099 555 0 1769 0
[pid=329506] ppid=329502 vsize=136848 memory=128524 CPUtime=822.06 cores=24-25
/proc/329506/stat : 329506 (clingo) R 329502 329502 329460 0 -1 0 51600 0 0 0 82191 15 0 0 20 0 1 0 922982150 140132352 32131 17179869184 93824992301056 93824992468925 140737488338416 0 0 0 134217728 4 25184771 0 0 0 17 24 0 0 0 0 0 93824992533936 93824992571272 93824992575488 140737488340184 140737488340355 140737488340355 140737488351170 0
/proc/329506/statm: 34212 32131 2091 41 0 30291 0
Current children cumulated CPU time: 822.13 s
Current children cumulated vsize: 163756 KiB
Current children cumulated memory: 142140 KiB

[startup+882.3 s]
/proc/loadavg: 14.60 14.46 14.00 15/810 329599
/proc/meminfo: memFree=369180436/528004516 swapFree=8388604/8388604
[pid=329502] ppid=329501 vsize=26908 memory=13616 CPUtime=0.07 cores=24-25
/proc/329502/stat : 329502 (perf) S 329501 329502 329460 0 -1 0 1738 237 0 0 5 2 0 0 20 0 1 0 922982142 27553792 3404 17179869184 93824994299904 93824996572973 140737488338256 0 0 0 134217728 4 74274 1 0 0 17 24 0 0 0 0 0 93824998874888 93825001005840 93825001308160 140737488340074 140737488340471 140737488340471 140737488351179 0
/proc/329502/statm: 6727 3404 2099 555 0 1769 0
[pid=329506] ppid=329502 vsize=140420 memory=132104 CPUtime=882.05 cores=24-25
/proc/329506/stat : 329506 (clingo) R 329502 329502 329460 0 -1 0 53756 0 0 0 88190 15 0 0 20 0 1 0 922982150 143790080 33026 17179869184 93824992301056 93824992468925 140737488338416 0 0 0 134217728 4 25184771 0 0 0 17 24 0 0 0 0 0 93824992533936 93824992571272 93824992575488 140737488340184 140737488340355 140737488340355 140737488351170 0
/proc/329506/statm: 35105 33026 2091 41 0 31184 0
Current children cumulated CPU time: 882.12 s
Current children cumulated vsize: 167328 KiB
Current children cumulated memory: 145720 KiB

[startup+942.3 s]
/proc/loadavg: 14.22 14.37 14.00 15/810 329602
/proc/meminfo: memFree=369147708/528004516 swapFree=8388604/8388604
[pid=329502] ppid=329501 vsize=26908 memory=13616 CPUtime=0.07 cores=24-25
/proc/329502/stat : 329502 (perf) S 329501 329502 329460 0 -1 0 1738 237 0 0 5 2 0 0 20 0 1 0 922982142 27553792 3404 17179869184 93824994299904 93824996572973 140737488338256 0 0 0 134217728 4 74274 1 0 0 17 24 0 0 0 0 0 93824998874888 93825001005840 93825001308160 140737488340074 140737488340471 140737488340471 140737488351179 0
/proc/329502/statm: 6727 3404 2099 555 0 1769 0
[pid=329506] ppid=329502 vsize=140420 memory=132168 CPUtime=942.05 cores=24-25
/proc/329506/stat : 329506 (clingo) R 329502 329502 329460 0 -1 0 54283 0 0 0 94190 15 0 0 20 0 1 0 922982150 143790080 33042 17179869184 93824992301056 93824992468925 140737488338416 0 0 0 134217728 4 25184771 0 0 0 17 24 0 0 0 0 0 93824992533936 93824992571272 93824992575488 140737488340184 140737488340355 140737488340355 140737488351170 0
/proc/329506/statm: 35105 33042 2091 41 0 31184 0
Current children cumulated CPU time: 942.12 s
Current children cumulated vsize: 167328 KiB
Current children cumulated memory: 145784 KiB

[startup+1002.3 s]
/proc/loadavg: 14.08 14.30 14.00 15/808 329605
/proc/meminfo: memFree=369100584/528004516 swapFree=8388604/8388604
[pid=329502] ppid=329501 vsize=26908 memory=13616 CPUtime=0.07 cores=24-25
/proc/329502/stat : 329502 (perf) S 329501 329502 329460 0 -1 0 1738 237 0 0 5 2 0 0 20 0 1 0 922982142 27553792 3404 17179869184 93824994299904 93824996572973 140737488338256 0 0 0 134217728 4 74274 1 0 0 17 24 0 0 0 0 0 93824998874888 93825001005840 93825001308160 140737488340074 140737488340471 140737488340471 140737488351179 0
/proc/329502/statm: 6727 3404 2099 555 0 1769 0
[pid=329506] ppid=329502 vsize=144692 memory=136140 CPUtime=1002.06 cores=24-25
/proc/329506/stat : 329506 (clingo) R 329502 329502 329460 0 -1 0 56401 0 0 0 100190 16 0 0 20 0 1 0 922982150 148164608 34035 17179869184 93824992301056 93824992468925 140737488338416 0 0 0 134217728 4 25184771 0 0 0 17 24 0 0 0 0 0 93824992533936 93824992571272 93824992575488 140737488340184 140737488340355 140737488340355 140737488351170 0
/proc/329506/statm: 36173 34035 2091 41 0 32252 0
Current children cumulated CPU time: 1002.13 s
Current children cumulated vsize: 171600 KiB
Current children cumulated memory: 149756 KiB

[startup+1062.3 s]
/proc/loadavg: 14.09 14.26 14.00 15/808 329609
/proc/meminfo: memFree=369068092/528004516 swapFree=8388604/8388604
[pid=329502] ppid=329501 vsize=26908 memory=13616 CPUtime=0.07 cores=24-25
/proc/329502/stat : 329502 (perf) S 329501 329502 329460 0 -1 0 1738 237 0 0 5 2 0 0 20 0 1 0 922982142 27553792 3404 17179869184 93824994299904 93824996572973 140737488338256 0 0 0 134217728 4 74274 1 0 0 17 24 0 0 0 0 0 93824998874888 93825001005840 93825001308160 140737488340074 140737488340471 140737488340471 140737488351179 0
/proc/329502/statm: 6727 3404 2099 555 0 1769 0
[pid=329506] ppid=329502 vsize=148348 memory=139728 CPUtime=1062.06 cores=24-25
/proc/329506/stat : 329506 (clingo) R 329502 329502 329460 0 -1 0 58245 0 0 0 106190 16 0 0 20 0 1 0 922982150 151908352 34932 17179869184 93824992301056 93824992468925 140737488338416 0 0 0 134217728 4 25184771 0 0 0 17 24 0 0 0 0 0 93824992533936 93824992571272 93824992575488 140737488340184 140737488340355 140737488340355 140737488351170 0
/proc/329506/statm: 37087 34932 2091 41 0 33166 0
Current children cumulated CPU time: 1062.13 s
Current children cumulated vsize: 175256 KiB
Current children cumulated memory: 153344 KiB

[startup+1122.3 s]
/proc/loadavg: 14.03 14.21 14.00 15/809 329613
/proc/meminfo: memFree=369032864/528004516 swapFree=8388604/8388604
[pid=329502] ppid=329501 vsize=26908 memory=13616 CPUtime=0.07 cores=24-25
/proc/329502/stat : 329502 (perf) S 329501 329502 329460 0 -1 0 1738 237 0 0 5 2 0 0 20 0 1 0 922982142 27553792 3404 17179869184 93824994299904 93824996572973 140737488338256 0 0 0 134217728 4 74274 1 0 0 17 24 0 0 0 0 0 93824998874888 93825001005840 93825001308160 140737488340074 140737488340471 140737488340471 140737488351179 0
/proc/329502/statm: 6727 3404 2099 555 0 1769 0
[pid=329506] ppid=329502 vsize=149296 memory=140252 CPUtime=1122.06 cores=24-25
/proc/329506/stat : 329506 (clingo) R 329502 329502 329460 0 -1 0 58387 0 0 0 112190 16 0 0 20 0 1 0 922982150 152879104 35063 17179869184 93824992301056 93824992468925 140737488338416 0 0 0 134217728 4 25184771 0 0 0 17 24 0 0 0 0 0 93824992533936 93824992571272 93824992575488 140737488340184 140737488340355 140737488340355 140737488351170 0
/proc/329506/statm: 37324 35063 2091 41 0 33403 0
Current children cumulated CPU time: 1122.13 s
Current children cumulated vsize: 176204 KiB
Current children cumulated memory: 153868 KiB

[startup+1182.3 s]
/proc/loadavg: 14.01 14.17 14.00 15/809 329616
/proc/meminfo: memFree=369001884/528004516 swapFree=8388604/8388604
[pid=329502] ppid=329501 vsize=26908 memory=13616 CPUtime=0.07 cores=24-25
/proc/329502/stat : 329502 (perf) S 329501 329502 329460 0 -1 0 1738 237 0 0 5 2 0 0 20 0 1 0 922982142 27553792 3404 17179869184 93824994299904 93824996572973 140737488338256 0 0 0 134217728 4 74274 1 0 0 17 24 0 0 0 0 0 93824998874888 93825001005840 93825001308160 140737488340074 140737488340471 140737488340471 140737488351179 0
/proc/329502/statm: 6727 3404 2099 555 0 1769 0
[pid=329506] ppid=329502 vsize=151292 memory=141968 CPUtime=1182.06 cores=24-25
/proc/329506/stat : 329506 (clingo) R 329502 329502 329460 0 -1 0 58916 0 0 0 118190 16 0 0 20 0 1 0 922982150 154923008 35492 17179869184 93824992301056 93824992468925 140737488338416 0 0 0 134217728 4 25184771 0 0 0 17 24 0 0 0 0 0 93824992533936 93824992571272 93824992575488 140737488340184 140737488340355 140737488340355 140737488351170 0
/proc/329506/statm: 37823 35492 2091 41 0 33902 0
Current children cumulated CPU time: 1182.13 s
Current children cumulated vsize: 178200 KiB
Current children cumulated memory: 155584 KiB



Maximum wall clock time exceeded: sending SIGTERM then SIGKILL

[startup+1205 s]*
/proc/loadavg: 14.07 14.17 14.00 15/863 331786
/proc/meminfo: memFree=369264532/528004516 swapFree=8388604/8388604
[pid=329502] ppid=329501 vsize=26908 memory=13616 CPUtime=0.07 cores=24-25
/proc/329502/stat : 329502 (perf) S 329501 329502 329460 0 -1 0 1738 237 0 0 5 2 0 0 20 0 1 0 922982142 27553792 3404 17179869184 93824994299904 93824996572973 140737488338256 0 0 0 134217728 4 74274 1 0 0 17 24 0 0 0 0 0 93824998874888 93825001005840 93825001308160 140737488340074 140737488340471 140737488340471 140737488351179 0
/proc/329502/statm: 6727 3404 2099 555 0 1769 0
[pid=329506] ppid=329502 vsize=152048 memory=142492 CPUtime=1204.77 cores=24-25
/proc/329506/stat : 329506 (clingo) R 329502 329502 329460 0 -1 0 59087 0 0 0 120461 16 0 0 20 0 1 0 922982150 155697152 35623 17179869184 93824992301056 93824992468925 140737488338416 0 0 0 134217728 4 25184771 0 0 0 17 24 0 0 0 0 0 93824992533936 93824992571272 93824992575488 140737488340184 140737488340355 140737488340355 140737488351170 0
/proc/329506/statm: 38012 35623 2091 41 0 34091 0
Current children cumulated CPU time: 1204.84 s
Current children cumulated vsize: 178956 KiB
Current children cumulated memory: 156108 KiB

Sending SIGINT to process tree (bottom up)
Sleeping 5 seconds

[startup+1205.03 s]
# the end of solver process 329502 was just reported to runsolver
# cumulated CPU time of all completed processes:  user=1204.68 s, system=0.19765 s

Solver just ended.
??? end of watcher thread
Dumping a history of the last processes samples

Child status: 1
Real time (s): 1205.03
CPU time (s): 1204.88
CPU user time (s): 1204.68
CPU system time (s): 0.19765
CPU usage (%): 99.9873
Max. virtual memory (cumulated for all children) (KiB): 178956
Max. memory (cumulated for all children) (KiB): 156108

getrusage(RUSAGE_CHILDREN,...) data:
user time used= 1204.68
system time used= 0.19765
maximum resident set size= 142684
integral shared memory size= 0
integral unshared data size= 0
integral unshared stack size= 0
page reclaims= 61102
page faults= 0
swaps= 0
block input operations= 0
block output operations= 0
messages sent= 0
messages received= 0
signals received= 0
voluntary context switches= 18
involuntary context switches= 796


# summary of solver processes directly reported to runsolver:
#   pid: 329502
#   total CPU time (s): 1204.88
#   total CPU user time (s): 1204.68
#   total CPU system time (s): 0.19765

??? end of timestamper thread
runsolver used 8.22712 second user time and 15.0544 second system time

The end
