runsolver version 3.4.0 (svn: 3018) Copyright (C) 2010-2013 Olivier ROUSSEL

This program is distributed in the hope that it will be useful,
but WITHOUT ANY WARRANTY; without even the implied warranty of
MERCHANTABILITY or FITNESS FOR A PARTICULAR PURPOSE.  See the
GNU General Public License for more details.

NUMA information:
  number of nodes: 2
  memory of node 0: 257635 MiB (189157 MiB free)
  memory of node 1: 257994 MiB (189071 MiB free)
  node distances:
     10  20
     20  10

command line: /dev/shm/375770fe-2e81-11f1-ac62-000c298f4621/input/runsolver -w /dev/shm/375770fe-2e81-11f1-ac62-000c298f4621/output/runsolver.log -v /dev/shm/375770fe-2e81-11f1-ac62-000c298f4621/output/varfile.log -W 1205 --rss-swap-limit 16384 -d 5 --sigint /usr/bin/perf stat -B -e task-clock,cache-references,cache-misses,cycles,instructions,branches,faults,migrations,context-switches -o /dev/shm/375770fe-2e81-11f1-ac62-000c298f4621/output/perf.log clingo /home/guests/mmacri/AMOSUM/benchmarks/GraphColouring/encoding-plain-amo.asp /dev/shm/375770fe-2e81-11f1-ac62-000c298f4621/input/0024-graph_colouring-135-0_1296.asp 

running on 2 cores: 26-27

Enforcing wall clock limit (soft limit, will send SIGTERM then SIGKILL): 1205 seconds
Enforcing RSS+Swap limit (soft limit, will send SIGTERM then SIGKILL): 16777216 KiB
Linux 5.15.0-131-generic
Current StackSize limit: 8192 KiB

solver pid=3335799, runsolver pid=3335797

[startup+0.100067 s]*
/proc/loadavg: 14.11 14.14 13.26 15/819 3335834
/proc/meminfo: memFree=387399600/528004516 swapFree=8388604/8388604
[pid=3335799] ppid=3335797 vsize=26908 memory=13616 CPUtime=0.07 cores=26-27
/proc/3335799/stat : 3335799 (perf) S 3335797 3335799 3335488 0 -1 0 1738 237 0 0 5 2 0 0 20 0 1 0 922994024 27553792 3404 17179869184 93824994299904 93824996572973 140737488338256 0 0 0 134217728 4 74274 1 0 0 17 26 0 0 0 0 0 93824998874888 93825001005840 93825001308160 140737488340073 140737488340470 140737488340470 140737488351179 0
/proc/3335799/statm: 6727 3404 2099 555 0 1769 0
[pid=3335829] ppid=3335799 vsize=18632 memory=10404 CPUtime=0.01 cores=26-27
/proc/3335829/stat : 3335829 (clingo) R 3335799 3335799 3335488 0 -1 0 822 0 0 0 1 0 0 0 20 0 1 0 922994033 19079168 2601 17179869184 93824992301056 93824992468925 140737488338416 0 0 0 134217728 4 25184771 0 0 0 17 27 0 0 0 0 0 93824992533936 93824992571272 93824992575488 140737488340183 140737488340354 140737488340354 140737488351170 0
/proc/3335829/statm: 4658 2601 2045 41 0 737 0
Current children cumulated CPU time: 0.08 s
Current children cumulated vsize: 45540 KiB
Current children cumulated memory: 24020 KiB

[startup+0.223457 s]*
/proc/loadavg: 14.11 14.14 13.26 16/813 3335840
/proc/meminfo: memFree=387361704/528004516 swapFree=8388604/8388604
[pid=3335799] ppid=3335797 vsize=26908 memory=13616 CPUtime=0.07 cores=26-27
/proc/3335799/stat : 3335799 (perf) S 3335797 3335799 3335488 0 -1 0 1738 237 0 0 5 2 0 0 20 0 1 0 922994024 27553792 3404 17179869184 93824994299904 93824996572973 140737488338256 0 0 0 134217728 4 74274 1 0 0 17 26 0 0 0 0 0 93824998874888 93825001005840 93825001308160 140737488340073 140737488340470 140737488340470 140737488351179 0
/proc/3335799/statm: 6727 3404 2099 555 0 1769 0
[pid=3335829] ppid=3335799 vsize=25320 memory=17196 CPUtime=0.12 cores=26-27
/proc/3335829/stat : 3335829 (clingo) R 3335799 3335799 3335488 0 -1 0 2565 0 0 0 12 0 0 0 20 0 1 0 922994033 25927680 4299 17179869184 93824992301056 93824992468925 140737488338416 0 0 0 134217728 4 25184771 0 0 0 17 26 0 0 0 0 0 93824992533936 93824992571272 93824992575488 140737488340183 140737488340354 140737488340354 140737488351170 0
/proc/3335829/statm: 6330 4299 2092 41 0 2409 0
Current children cumulated CPU time: 0.19 s
Current children cumulated vsize: 52228 KiB
Current children cumulated memory: 30812 KiB

[startup+0.319319 s]*
/proc/loadavg: 14.11 14.14 13.26 16/826 3335866
/proc/meminfo: memFree=387342356/528004516 swapFree=8388604/8388604
[pid=3335799] ppid=3335797 vsize=26908 memory=13616 CPUtime=0.07 cores=26-27
/proc/3335799/stat : 3335799 (perf) S 3335797 3335799 3335488 0 -1 0 1738 237 0 0 5 2 0 0 20 0 1 0 922994024 27553792 3404 17179869184 93824994299904 93824996572973 140737488338256 0 0 0 134217728 4 74274 1 0 0 17 26 0 0 0 0 0 93824998874888 93825001005840 93825001308160 140737488340073 140737488340470 140737488340470 140737488351179 0
/proc/3335799/statm: 6727 3404 2099 555 0 1769 0
[pid=3335829] ppid=3335799 vsize=28360 memory=20364 CPUtime=0.21 cores=26-27
/proc/3335829/stat : 3335829 (clingo) R 3335799 3335799 3335488 0 -1 0 3327 0 0 0 21 0 0 0 20 0 1 0 922994033 29040640 5091 17179869184 93824992301056 93824992468925 140737488338416 0 0 0 134217728 4 25184771 0 0 0 17 26 0 0 0 0 0 93824992533936 93824992571272 93824992575488 140737488340183 140737488340354 140737488340354 140737488351170 0
/proc/3335829/statm: 7090 5091 2092 41 0 3169 0
Current children cumulated CPU time: 0.28 s
Current children cumulated vsize: 55268 KiB
Current children cumulated memory: 33980 KiB

[startup+0.700331 s]
/proc/loadavg: 14.11 14.14 13.26 15/836 3335889
/proc/meminfo: memFree=387324384/528004516 swapFree=8388604/8388604
[pid=3335799] ppid=3335797 vsize=26908 memory=13616 CPUtime=0.07 cores=26-27
/proc/3335799/stat : 3335799 (perf) S 3335797 3335799 3335488 0 -1 0 1738 237 0 0 5 2 0 0 20 0 1 0 922994024 27553792 3404 17179869184 93824994299904 93824996572973 140737488338256 0 0 0 134217728 4 74274 1 0 0 17 26 0 0 0 0 0 93824998874888 93825001005840 93825001308160 140737488340073 140737488340470 140737488340470 140737488351179 0
/proc/3335799/statm: 6727 3404 2099 555 0 1769 0
[pid=3335829] ppid=3335799 vsize=31792 memory=23796 CPUtime=0.58 cores=26-27
/proc/3335829/stat : 3335829 (clingo) R 3335799 3335799 3335488 0 -1 0 4181 0 0 0 57 1 0 0 20 0 1 0 922994033 32555008 5949 17179869184 93824992301056 93824992468925 140737488338416 0 0 0 134217728 4 25184771 0 0 0 17 26 0 0 0 0 0 93824992533936 93824992571272 93824992575488 140737488340183 140737488340354 140737488340354 140737488351170 0
/proc/3335829/statm: 7948 5949 2092 41 0 4027 0
Current children cumulated CPU time: 0.65 s
Current children cumulated vsize: 58700 KiB
Current children cumulated memory: 37412 KiB

[startup+1.34929 s]
# the end of solver process 3335799 was just reported to runsolver
# cumulated CPU time of all completed processes:  user=1.28368 s, system=0.038329 s

Solver just ended.
??? end of watcher thread
Dumping a history of the last processes samples

[startup+0.800252 s]
/proc/loadavg: 14.11 14.14 13.26 15/836 3335889
/proc/meminfo: memFree=387324384/528004516 swapFree=8388604/8388604
[pid=3335799] ppid=3335797 vsize=26908 memory=13616 CPUtime=0.07 cores=26-27
/proc/3335799/stat : 3335799 (perf) S 3335797 3335799 3335488 0 -1 0 1738 237 0 0 5 2 0 0 20 0 1 0 922994024 27553792 3404 17179869184 93824994299904 93824996572973 140737488338256 0 0 0 134217728 4 74274 1 0 0 17 26 0 0 0 0 0 93824998874888 93825001005840 93825001308160 140737488340073 140737488340470 140737488340470 140737488351179 0
/proc/3335799/statm: 6727 3404 2099 555 0 1769 0
[pid=3335829] ppid=3335799 vsize=32452 memory=24324 CPUtime=0.68 cores=26-27
/proc/3335829/stat : 3335829 (clingo) R 3335799 3335799 3335488 0 -1 0 4327 0 0 0 67 1 0 0 20 0 1 0 922994033 33230848 6081 17179869184 93824992301056 93824992468925 140737488338416 0 0 0 134217728 4 25184771 0 0 0 17 26 0 0 0 0 0 93824992533936 93824992571272 93824992575488 140737488340183 140737488340354 140737488340354 140737488351170 0
/proc/3335829/statm: 8113 6081 2092 41 0 4192 0
Current children cumulated CPU time: 0.75 s
Current children cumulated vsize: 59360 KiB
Current children cumulated memory: 37940 KiB

[startup+1.20022 s]
/proc/loadavg: 14.18 14.15 13.27 15/827 3336080
/proc/meminfo: memFree=387405900/528004516 swapFree=8388604/8388604
[pid=3335799] ppid=3335797 vsize=26908 memory=13616 CPUtime=0.07 cores=26-27
/proc/3335799/stat : 3335799 (perf) S 3335797 3335799 3335488 0 -1 0 1738 237 0 0 5 2 0 0 20 0 1 0 922994024 27553792 3404 17179869184 93824994299904 93824996572973 140737488338256 0 0 0 134217728 4 74274 1 0 0 17 26 0 0 0 0 0 93824998874888 93825001005840 93825001308160 140737488340073 140737488340470 140737488340470 140737488351179 0
/proc/3335799/statm: 6727 3404 2099 555 0 1769 0
[pid=3335829] ppid=3335799 vsize=35488 memory=27492 CPUtime=1.08 cores=26-27
/proc/3335829/stat : 3335829 (clingo) R 3335799 3335799 3335488 0 -1 0 5089 0 0 0 107 1 0 0 20 0 1 0 922994033 36339712 6873 17179869184 93824992301056 93824992468925 140737488338416 0 0 0 134217728 4 25184771 0 0 0 17 26 0 0 0 0 0 93824992533936 93824992571272 93824992575488 140737488340183 140737488340354 140737488340354 140737488351170 0
/proc/3335829/statm: 8872 6873 2092 41 0 4951 0
Current children cumulated CPU time: 1.15 s
Current children cumulated vsize: 62396 KiB
Current children cumulated memory: 41108 KiB

[startup+1.30021 s]
/proc/loadavg: 14.18 14.15 13.27 15/827 3336080
/proc/meminfo: memFree=387405900/528004516 swapFree=8388604/8388604
[pid=3335799] ppid=3335797 vsize=26908 memory=13616 CPUtime=0.07 cores=26-27
/proc/3335799/stat : 3335799 (perf) S 3335797 3335799 3335488 0 -1 0 1738 237 0 0 5 2 0 0 20 0 1 0 922994024 27553792 3404 17179869184 93824994299904 93824996572973 140737488338256 0 0 0 134217728 4 74274 1 0 0 17 26 0 0 0 0 0 93824998874888 93825001005840 93825001308160 140737488340073 140737488340470 140737488340470 140737488351179 0
/proc/3335799/statm: 6727 3404 2099 555 0 1769 0
[pid=3335829] ppid=3335799 vsize=36148 memory=28020 CPUtime=1.18 cores=26-27
/proc/3335829/stat : 3335829 (clingo) R 3335799 3335799 3335488 0 -1 0 5241 0 0 0 117 1 0 0 20 0 1 0 922994033 37015552 7005 17179869184 93824992301056 93824992468925 140737488338416 0 0 0 134217728 4 25184771 0 0 0 17 26 0 0 0 0 0 93824992533936 93824992571272 93824992575488 140737488340183 140737488340354 140737488340354 140737488351170 0
/proc/3335829/statm: 9037 7005 2092 41 0 5116 0
Current children cumulated CPU time: 1.25 s
Current children cumulated vsize: 63056 KiB
Current children cumulated memory: 41636 KiB

Child status: 10
Real time (s): 1.34931
CPU time (s): 1.32201
CPU user time (s): 1.28368
CPU system time (s): 0.038329
CPU usage (%): 97.9766
Max. virtual memory (cumulated for all children) (KiB): 63056
Max. memory (cumulated for all children) (KiB): 41636

getrusage(RUSAGE_CHILDREN,...) data:
user time used= 1.28368
system time used= 0.038329
maximum resident set size= 28020
integral shared memory size= 0
integral unshared data size= 0
integral unshared stack size= 0
page reclaims= 7260
page faults= 0
swaps= 0
block input operations= 0
block output operations= 0
messages sent= 0
messages received= 0
signals received= 0
voluntary context switches= 15
involuntary context switches= 10


# summary of solver processes directly reported to runsolver:
#   pid: 3335799
#   total CPU time (s): 1.32201
#   total CPU user time (s): 1.28368
#   total CPU system time (s): 0.038329

??? end of timestamper thread
runsolver used 0.035579 second user time and 0.120081 second system time

The end
