# WCTIME: wall clock time in seconds
WCTIME=1.34931
# CPUTIME: CPU time in seconds (USERTIME+SYSTEMTIME)
CPUTIME=1.32201
# USERTIME: CPU time spent in user mode in seconds
USERTIME=1.28368
# SYSTEMTIME: CPU time spent in system mode in seconds
SYSTEMTIME=0.038329
# CPUUSAGE: CPUTIME/WCTIME in percent
CPUUSAGE=97.9766
# MAXVM: maximum virtual memory used in KiB
MAXVM=63056
# TIMEOUT: did the solver exceed the time limit?
TIMEOUT=false
# MEMOUT: did the solver exceed the memory limit?
MEMOUT=false
# RETCODE: return code of the program.
RETCODE=10
# SIGNAL: signal the solver recieved.
SIGNAL=0
