runsolver version 3.4.0 (svn: 3018) Copyright (C) 2010-2013 Olivier ROUSSEL

This program is distributed in the hope that it will be useful,
but WITHOUT ANY WARRANTY; without even the implied warranty of
MERCHANTABILITY or FITNESS FOR A PARTICULAR PURPOSE.  See the
GNU General Public License for more details.

NUMA information:
  number of nodes: 2
  memory of node 0: 257635 MiB (189143 MiB free)
  memory of node 1: 257994 MiB (189029 MiB free)
  node distances:
     10  20
     20  10

command line: /dev/shm/377fefac-2e81-11f1-ac62-000c298f4621/input/runsolver -w /dev/shm/377fefac-2e81-11f1-ac62-000c298f4621/output/runsolver.log -v /dev/shm/377fefac-2e81-11f1-ac62-000c298f4621/output/varfile.log -W 1205 --rss-swap-limit 16384 -d 5 --sigint /usr/bin/perf stat -B -e task-clock,cache-references,cache-misses,cycles,instructions,branches,faults,migrations,context-switches -o /dev/shm/377fefac-2e81-11f1-ac62-000c298f4621/output/perf.log clingo /home/guests/mmacri/AMOSUM/benchmarks/GraphColouring/encoding-plain-amo.asp /dev/shm/377fefac-2e81-11f1-ac62-000c298f4621/input/0045-graph_colouring-145-0_6960.asp 

running on 2 cores: 30-31

Enforcing wall clock limit (soft limit, will send SIGTERM then SIGKILL): 1205 seconds
Enforcing RSS+Swap limit (soft limit, will send SIGTERM then SIGKILL): 16777216 KiB
Linux 5.15.0-131-generic
Current StackSize limit: 8192 KiB

solver pid=3336895, runsolver pid=3336894

[startup+0.100067 s]*
/proc/loadavg: 14.24 14.22 13.38 15/843 3336899
/proc/meminfo: memFree=387244368/528004516 swapFree=8388604/8388604
[pid=3336895] ppid=3336894 vsize=26908 memory=13616 CPUtime=0.06 cores=30-31
/proc/3336895/stat : 3336895 (perf) S 3336894 3336895 3336853 0 -1 0 1738 237 0 0 6 0 0 0 20 0 1 0 923003476 27553792 3404 17179869184 93824994299904 93824996572973 140737488338256 0 0 0 134217728 4 74274 1 0 0 17 30 0 0 0 0 0 93824998874888 93825001005840 93825001308160 140737488340073 140737488340470 140737488340470 140737488351179 0
/proc/3336895/statm: 6727 3404 2099 555 0 1769 0
[pid=3336899] ppid=3336895 vsize=19436 memory=11276 CPUtime=0.02 cores=30-31
/proc/3336899/stat : 3336899 (clingo) R 3336895 3336895 3336853 0 -1 0 1081 0 0 0 2 0 0 0 20 0 1 0 923003484 19902464 2819 17179869184 93824992301056 93824992468925 140737488338416 0 0 0 134217728 4 25184771 0 0 0 17 30 0 0 0 0 0 93824992533936 93824992571272 93824992575488 140737488340183 140737488340354 140737488340354 140737488351170 0
/proc/3336899/statm: 4859 2819 2045 41 0 938 0
Current children cumulated CPU time: 0.08 s
Current children cumulated vsize: 46344 KiB
Current children cumulated memory: 24892 KiB

[startup+0.218507 s]*
/proc/loadavg: 14.24 14.22 13.38 15/843 3336899
/proc/meminfo: memFree=387239328/528004516 swapFree=8388604/8388604
[pid=3336895] ppid=3336894 vsize=26908 memory=13616 CPUtime=0.06 cores=30-31
/proc/3336895/stat : 3336895 (perf) S 3336894 3336895 3336853 0 -1 0 1738 237 0 0 6 0 0 0 20 0 1 0 923003476 27553792 3404 17179869184 93824994299904 93824996572973 140737488338256 0 0 0 134217728 4 74274 1 0 0 17 30 0 0 0 0 0 93824998874888 93825001005840 93825001308160 140737488340073 140737488340470 140737488340470 140737488351179 0
/proc/3336895/statm: 6727 3404 2099 555 0 1769 0
[pid=3336899] ppid=3336895 vsize=24264 memory=16200 CPUtime=0.14 cores=30-31
/proc/3336899/stat : 3336899 (clingo) R 3336895 3336895 3336853 0 -1 0 2290 0 0 0 14 0 0 0 20 0 1 0 923003484 24846336 4050 17179869184 93824992301056 93824992468925 140737488338416 0 0 0 134217728 4 25184771 0 0 0 17 30 0 0 0 0 0 93824992533936 93824992571272 93824992575488 140737488340183 140737488340354 140737488340354 140737488351170 0
/proc/3336899/statm: 6066 4050 2092 41 0 2145 0
Current children cumulated CPU time: 0.2 s
Current children cumulated vsize: 51172 KiB
Current children cumulated memory: 29816 KiB

[startup+0.318657 s]*
/proc/loadavg: 14.24 14.22 13.38 16/843 3336899
/proc/meminfo: memFree=387237816/528004516 swapFree=8388604/8388604
[pid=3336895] ppid=3336894 vsize=26908 memory=13616 CPUtime=0.06 cores=30-31
/proc/3336895/stat : 3336895 (perf) S 3336894 3336895 3336853 0 -1 0 1738 237 0 0 6 0 0 0 20 0 1 0 923003476 27553792 3404 17179869184 93824994299904 93824996572973 140737488338256 0 0 0 134217728 4 74274 1 0 0 17 30 0 0 0 0 0 93824998874888 93825001005840 93825001308160 140737488340073 140737488340470 140737488340470 140737488351179 0
/proc/3336895/statm: 6727 3404 2099 555 0 1769 0
[pid=3336899] ppid=3336895 vsize=25452 memory=17256 CPUtime=0.24 cores=30-31
/proc/3336899/stat : 3336899 (clingo) R 3336895 3336895 3336853 0 -1 0 2587 0 0 0 24 0 0 0 20 0 1 0 923003484 26062848 4314 17179869184 93824992301056 93824992468925 140737488338416 0 0 0 134217728 4 25184771 0 0 0 17 30 0 0 0 0 0 93824992533936 93824992571272 93824992575488 140737488340183 140737488340354 140737488340354 140737488351170 0
/proc/3336899/statm: 6363 4314 2092 41 0 2442 0
Current children cumulated CPU time: 0.3 s
Current children cumulated vsize: 52360 KiB
Current children cumulated memory: 30872 KiB

[startup+0.700345 s]
/proc/loadavg: 14.24 14.22 13.38 15/843 3336899
/proc/meminfo: memFree=387236304/528004516 swapFree=8388604/8388604
[pid=3336895] ppid=3336894 vsize=26908 memory=13616 CPUtime=0.06 cores=30-31
/proc/3336895/stat : 3336895 (perf) S 3336894 3336895 3336853 0 -1 0 1738 237 0 0 6 0 0 0 20 0 1 0 923003476 27553792 3404 17179869184 93824994299904 93824996572973 140737488338256 0 0 0 134217728 4 74274 1 0 0 17 30 0 0 0 0 0 93824998874888 93825001005840 93825001308160 140737488340073 140737488340470 140737488340470 140737488351179 0
/proc/3336895/statm: 6727 3404 2099 555 0 1769 0
[pid=3336899] ppid=3336895 vsize=27312 memory=19104 CPUtime=0.6 cores=30-31
/proc/3336899/stat : 3336899 (clingo) R 3336895 3336895 3336853 0 -1 0 3042 0 0 0 60 0 0 0 20 0 1 0 923003484 27967488 4776 17179869184 93824992301056 93824992468925 140737488338416 0 0 0 134217728 4 25184771 0 0 0 17 30 0 0 0 0 0 93824992533936 93824992571272 93824992575488 140737488340183 140737488340354 140737488340354 140737488351170 0
/proc/3336899/statm: 6828 4776 2092 41 0 2907 0
Current children cumulated CPU time: 0.66 s
Current children cumulated vsize: 54220 KiB
Current children cumulated memory: 32720 KiB

[startup+1.50034 s]
/proc/loadavg: 14.24 14.22 13.38 15/843 3336899
/proc/meminfo: memFree=387232020/528004516 swapFree=8388604/8388604
[pid=3336895] ppid=3336894 vsize=26908 memory=13616 CPUtime=0.06 cores=30-31
/proc/3336895/stat : 3336895 (perf) S 3336894 3336895 3336853 0 -1 0 1738 237 0 0 6 0 0 0 20 0 1 0 923003476 27553792 3404 17179869184 93824994299904 93824996572973 140737488338256 0 0 0 134217728 4 74274 1 0 0 17 30 0 0 0 0 0 93824998874888 93825001005840 93825001308160 140737488340073 140737488340470 140737488340470 140737488351179 0
/proc/3336895/statm: 6727 3404 2099 555 0 1769 0
[pid=3336899] ppid=3336895 vsize=28768 memory=20688 CPUtime=1.4 cores=30-31
/proc/3336899/stat : 3336899 (clingo) R 3336895 3336895 3336853 0 -1 0 3426 0 0 0 140 0 0 0 20 0 1 0 923003484 29458432 5172 17179869184 93824992301056 93824992468925 140737488338416 0 0 0 134217728 4 25184771 0 0 0 17 30 0 0 0 0 0 93824992533936 93824992571272 93824992575488 140737488340183 140737488340354 140737488340354 140737488351170 0
/proc/3336899/statm: 7192 5172 2092 41 0 3271 0
Current children cumulated CPU time: 1.46 s
Current children cumulated vsize: 55676 KiB
Current children cumulated memory: 34304 KiB

[startup+3.11822 s]
/proc/loadavg: 14.22 14.21 13.39 15/843 3336899
/proc/meminfo: memFree=387226904/528004516 swapFree=8388604/8388604
[pid=3336895] ppid=3336894 vsize=26908 memory=13616 CPUtime=0.06 cores=30-31
/proc/3336895/stat : 3336895 (perf) S 3336894 3336895 3336853 0 -1 0 1738 237 0 0 6 0 0 0 20 0 1 0 923003476 27553792 3404 17179869184 93824994299904 93824996572973 140737488338256 0 0 0 134217728 4 74274 1 0 0 17 30 0 0 0 0 0 93824998874888 93825001005840 93825001308160 140737488340073 140737488340470 140737488340470 140737488351179 0
/proc/3336895/statm: 6727 3404 2099 555 0 1769 0
[pid=3336899] ppid=3336895 vsize=31868 memory=23592 CPUtime=3.01 cores=30-31
/proc/3336899/stat : 3336899 (clingo) R 3336895 3336895 3336853 0 -1 0 4146 0 0 0 301 0 0 0 20 0 1 0 923003484 32632832 5898 17179869184 93824992301056 93824992468925 140737488338416 0 0 0 134217728 4 25184771 0 0 0 17 30 0 0 0 0 0 93824992533936 93824992571272 93824992575488 140737488340183 140737488340354 140737488340354 140737488351170 0
/proc/3336899/statm: 7967 5898 2092 41 0 4046 0
Current children cumulated CPU time: 3.07 s
Current children cumulated vsize: 58776 KiB
Current children cumulated memory: 37208 KiB

[startup+6.30028 s]
/proc/loadavg: 14.22 14.21 13.39 15/843 3336899
/proc/meminfo: memFree=387219124/528004516 swapFree=8388604/8388604
[pid=3336895] ppid=3336894 vsize=26908 memory=13616 CPUtime=0.06 cores=30-31
/proc/3336895/stat : 3336895 (perf) S 3336894 3336895 3336853 0 -1 0 1738 237 0 0 6 0 0 0 20 0 1 0 923003476 27553792 3404 17179869184 93824994299904 93824996572973 140737488338256 0 0 0 134217728 4 74274 1 0 0 17 30 0 0 0 0 0 93824998874888 93825001005840 93825001308160 140737488340073 140737488340470 140737488340470 140737488351179 0
/proc/3336895/statm: 6727 3404 2099 555 0 1769 0
[pid=3336899] ppid=3336895 vsize=34840 memory=26232 CPUtime=6.2 cores=30-31
/proc/3336899/stat : 3336899 (clingo) R 3336895 3336895 3336853 0 -1 0 4816 0 0 0 620 0 0 0 20 0 1 0 923003484 35676160 6558 17179869184 93824992301056 93824992468925 140737488338416 0 0 0 134217728 4 25184771 0 0 0 17 30 0 0 0 0 0 93824992533936 93824992571272 93824992575488 140737488340183 140737488340354 140737488340354 140737488351170 0
/proc/3336899/statm: 8710 6558 2092 41 0 4789 0
Current children cumulated CPU time: 6.26 s
Current children cumulated vsize: 61748 KiB
Current children cumulated memory: 39848 KiB

[startup+12.7003 s]
/proc/loadavg: 14.19 14.20 13.39 15/843 3336899
/proc/meminfo: memFree=387209380/528004516 swapFree=8388604/8388604
[pid=3336895] ppid=3336894 vsize=26908 memory=13616 CPUtime=0.06 cores=30-31
/proc/3336895/stat : 3336895 (perf) S 3336894 3336895 3336853 0 -1 0 1738 237 0 0 6 0 0 0 20 0 1 0 923003476 27553792 3404 17179869184 93824994299904 93824996572973 140737488338256 0 0 0 134217728 4 74274 1 0 0 17 30 0 0 0 0 0 93824998874888 93825001005840 93825001308160 140737488340073 140737488340470 140737488340470 140737488351179 0
/proc/3336895/statm: 6727 3404 2099 555 0 1769 0
[pid=3336899] ppid=3336895 vsize=38492 memory=29664 CPUtime=12.6 cores=30-31
/proc/3336899/stat : 3336899 (clingo) R 3336895 3336895 3336853 0 -1 0 5652 0 0 0 1259 1 0 0 20 0 1 0 923003484 39415808 7416 17179869184 93824992301056 93824992468925 140737488338416 0 0 0 134217728 4 25184771 0 0 0 17 30 0 0 0 0 0 93824992533936 93824992571272 93824992575488 140737488340183 140737488340354 140737488340354 140737488351170 0
/proc/3336899/statm: 9623 7416 2092 41 0 5702 0
Current children cumulated CPU time: 12.66 s
Current children cumulated vsize: 65400 KiB
Current children cumulated memory: 43280 KiB

[startup+25.5004 s]
/proc/loadavg: 14.24 14.21 13.41 16/843 3336900
/proc/meminfo: memFree=387175136/528004516 swapFree=8388604/8388604
[pid=3336895] ppid=3336894 vsize=26908 memory=13616 CPUtime=0.06 cores=30-31
/proc/3336895/stat : 3336895 (perf) S 3336894 3336895 3336853 0 -1 0 1738 237 0 0 6 0 0 0 20 0 1 0 923003476 27553792 3404 17179869184 93824994299904 93824996572973 140737488338256 0 0 0 134217728 4 74274 1 0 0 17 30 0 0 0 0 0 93824998874888 93825001005840 93825001308160 140737488340073 140737488340470 140737488340470 140737488351179 0
/proc/3336895/statm: 6727 3404 2099 555 0 1769 0
[pid=3336899] ppid=3336895 vsize=42144 memory=33096 CPUtime=25.4 cores=30-31
/proc/3336899/stat : 3336899 (clingo) R 3336895 3336895 3336853 0 -1 0 6485 0 0 0 2539 1 0 0 20 0 1 0 923003484 43155456 8274 17179869184 93824992301056 93824992468925 140737488338416 0 0 0 134217728 4 25184771 0 0 0 17 30 0 0 0 0 0 93824992533936 93824992571272 93824992575488 140737488340183 140737488340354 140737488340354 140737488351170 0
/proc/3336899/statm: 10536 8274 2092 41 0 6615 0
Current children cumulated CPU time: 25.46 s
Current children cumulated vsize: 69052 KiB
Current children cumulated memory: 46712 KiB

[startup+51.1182 s]
/proc/loadavg: 14.42 14.26 13.44 15/844 3336903
/proc/meminfo: memFree=387126736/528004516 swapFree=8388604/8388604
[pid=3336895] ppid=3336894 vsize=26908 memory=13616 CPUtime=0.06 cores=30-31
/proc/3336895/stat : 3336895 (perf) S 3336894 3336895 3336853 0 -1 0 1738 237 0 0 6 0 0 0 20 0 1 0 923003476 27553792 3404 17179869184 93824994299904 93824996572973 140737488338256 0 0 0 134217728 4 74274 1 0 0 17 30 0 0 0 0 0 93824998874888 93825001005840 93825001308160 140737488340073 140737488340470 140737488340470 140737488351179 0
/proc/3336895/statm: 6727 3404 2099 555 0 1769 0
[pid=3336899] ppid=3336895 vsize=48852 memory=38904 CPUtime=51.01 cores=30-31
/proc/3336899/stat : 3336899 (clingo) R 3336895 3336895 3336853 0 -1 0 7979 0 0 0 5100 1 0 0 20 0 1 0 923003484 50024448 9726 17179869184 93824992301056 93824992468925 140737488338416 0 0 0 134217728 4 25184771 0 0 0 17 30 0 0 0 0 0 93824992533936 93824992571272 93824992575488 140737488340183 140737488340354 140737488340354 140737488351170 0
/proc/3336899/statm: 12213 9726 2092 41 0 8292 0
Current children cumulated CPU time: 51.07 s
Current children cumulated vsize: 75760 KiB
Current children cumulated memory: 52520 KiB

[startup+102.3 s]
/proc/loadavg: 14.39 14.29 13.50 15/843 3336905
/proc/meminfo: memFree=387023172/528004516 swapFree=8388604/8388604
[pid=3336895] ppid=3336894 vsize=26908 memory=13616 CPUtime=0.06 cores=30-31
/proc/3336895/stat : 3336895 (perf) S 3336894 3336895 3336853 0 -1 0 1738 237 0 0 6 0 0 0 20 0 1 0 923003476 27553792 3404 17179869184 93824994299904 93824996572973 140737488338256 0 0 0 134217728 4 74274 1 0 0 17 30 0 0 0 0 0 93824998874888 93825001005840 93825001308160 140737488340073 140737488340470 140737488340470 140737488351179 0
/proc/3336895/statm: 6727 3404 2099 555 0 1769 0
[pid=3336899] ppid=3336895 vsize=57912 memory=47352 CPUtime=102.2 cores=30-31
/proc/3336899/stat : 3336899 (clingo) R 3336895 3336895 3336853 0 -1 0 10047 0 0 0 10218 2 0 0 20 0 1 0 923003484 59301888 11838 17179869184 93824992301056 93824992468925 140737488338416 0 0 0 134217728 4 25184771 0 0 0 17 30 0 0 0 0 0 93824992533936 93824992571272 93824992575488 140737488340183 140737488340354 140737488340354 140737488351170 0
/proc/3336899/statm: 14478 11838 2092 41 0 10557 0
Current children cumulated CPU time: 102.26 s
Current children cumulated vsize: 84820 KiB
Current children cumulated memory: 60968 KiB

[startup+162.3 s]
/proc/loadavg: 14.43 14.31 13.56 15/843 3336908
/proc/meminfo: memFree=386950856/528004516 swapFree=8388604/8388604
[pid=3336895] ppid=3336894 vsize=26908 memory=13616 CPUtime=0.06 cores=30-31
/proc/3336895/stat : 3336895 (perf) S 3336894 3336895 3336853 0 -1 0 1738 237 0 0 6 0 0 0 20 0 1 0 923003476 27553792 3404 17179869184 93824994299904 93824996572973 140737488338256 0 0 0 134217728 4 74274 1 0 0 17 30 0 0 0 0 0 93824998874888 93825001005840 93825001308160 140737488340073 140737488340470 140737488340470 140737488351179 0
/proc/3336895/statm: 6727 3404 2099 555 0 1769 0
[pid=3336899] ppid=3336895 vsize=65396 memory=53952 CPUtime=162.2 cores=30-31
/proc/3336899/stat : 3336899 (clingo) R 3336895 3336895 3336853 0 -1 0 11727 0 0 0 16218 2 0 0 20 0 1 0 923003484 66965504 13488 17179869184 93824992301056 93824992468925 140737488338416 0 0 0 134217728 4 25184771 0 0 0 17 30 0 0 0 0 0 93824992533936 93824992571272 93824992575488 140737488340183 140737488340354 140737488340354 140737488351170 0
/proc/3336899/statm: 16349 13488 2092 41 0 12428 0
Current children cumulated CPU time: 162.26 s
Current children cumulated vsize: 92304 KiB
Current children cumulated memory: 67568 KiB

[startup+222.3 s]
/proc/loadavg: 14.16 14.26 13.59 15/821 3336914
/proc/meminfo: memFree=386868552/528004516 swapFree=8388604/8388604
[pid=3336895] ppid=3336894 vsize=26908 memory=13616 CPUtime=0.06 cores=30-31
/proc/3336895/stat : 3336895 (perf) S 3336894 3336895 3336853 0 -1 0 1738 237 0 0 6 0 0 0 20 0 1 0 923003476 27553792 3404 17179869184 93824994299904 93824996572973 140737488338256 0 0 0 134217728 4 74274 1 0 0 17 30 0 0 0 0 0 93824998874888 93825001005840 93825001308160 140737488340073 140737488340470 140737488340470 140737488351179 0
/proc/3336895/statm: 6727 3404 2099 555 0 1769 0
[pid=3336899] ppid=3336895 vsize=68116 memory=57120 CPUtime=222.2 cores=30-31
/proc/3336899/stat : 3336899 (clingo) R 3336895 3336895 3336853 0 -1 0 12497 0 0 0 22218 2 0 0 20 0 1 0 923003484 69750784 14280 17179869184 93824992301056 93824992468925 140737488338416 0 0 0 134217728 4 25184771 0 0 0 17 30 0 0 0 0 0 93824992533936 93824992571272 93824992575488 140737488340183 140737488340354 140737488340354 140737488351170 0
/proc/3336899/statm: 17029 14280 2092 41 0 13108 0
Current children cumulated CPU time: 222.26 s
Current children cumulated vsize: 95024 KiB
Current children cumulated memory: 70736 KiB

[startup+282.3 s]
/proc/loadavg: 14.25 14.28 13.65 15/820 3336917
/proc/meminfo: memFree=386804068/528004516 swapFree=8388604/8388604
[pid=3336895] ppid=3336894 vsize=26908 memory=13616 CPUtime=0.06 cores=30-31
/proc/3336895/stat : 3336895 (perf) S 3336894 3336895 3336853 0 -1 0 1738 237 0 0 6 0 0 0 20 0 1 0 923003476 27553792 3404 17179869184 93824994299904 93824996572973 140737488338256 0 0 0 134217728 4 74274 1 0 0 17 30 0 0 0 0 0 93824998874888 93825001005840 93825001308160 140737488340073 140737488340470 140737488340470 140737488351179 0
/proc/3336895/statm: 6727 3404 2099 555 0 1769 0
[pid=3336899] ppid=3336895 vsize=72100 memory=60816 CPUtime=282.2 cores=30-31
/proc/3336899/stat : 3336899 (clingo) R 3336895 3336895 3336853 0 -1 0 13461 0 0 0 28217 3 0 0 20 0 1 0 923003484 73830400 15204 17179869184 93824992301056 93824992468925 140737488338416 0 0 0 134217728 4 25184771 0 0 0 17 30 0 0 0 0 0 93824992533936 93824992571272 93824992575488 140737488340183 140737488340354 140737488340354 140737488351170 0
/proc/3336899/statm: 18025 15204 2092 41 0 14104 0
Current children cumulated CPU time: 282.26 s
Current children cumulated vsize: 99008 KiB
Current children cumulated memory: 74432 KiB

[startup+342.3 s]
/proc/loadavg: 14.40 14.31 13.70 15/816 3336920
/proc/meminfo: memFree=386736044/528004516 swapFree=8388604/8388604
[pid=3336895] ppid=3336894 vsize=26908 memory=13616 CPUtime=0.06 cores=30-31
/proc/3336895/stat : 3336895 (perf) S 3336894 3336895 3336853 0 -1 0 1738 237 0 0 6 0 0 0 20 0 1 0 923003476 27553792 3404 17179869184 93824994299904 93824996572973 140737488338256 0 0 0 134217728 4 74274 1 0 0 17 30 0 0 0 0 0 93824998874888 93825001005840 93825001308160 140737488340073 140737488340470 140737488340470 140737488351179 0
/proc/3336895/statm: 6727 3404 2099 555 0 1769 0
[pid=3336899] ppid=3336895 vsize=78736 memory=66624 CPUtime=342.2 cores=30-31
/proc/3336899/stat : 3336899 (clingo) R 3336895 3336895 3336853 0 -1 0 14866 0 0 0 34217 3 0 0 20 0 1 0 923003484 80625664 16656 17179869184 93824992301056 93824992468925 140737488338416 0 0 0 134217728 4 25184771 0 0 0 17 30 0 0 0 0 0 93824992533936 93824992571272 93824992575488 140737488340183 140737488340354 140737488340354 140737488351170 0
/proc/3336899/statm: 19684 16656 2092 41 0 15763 0
Current children cumulated CPU time: 342.26 s
Current children cumulated vsize: 105644 KiB
Current children cumulated memory: 80240 KiB

[startup+402.3 s]
/proc/loadavg: 14.14 14.25 13.72 15/816 3336924
/proc/meminfo: memFree=386676636/528004516 swapFree=8388604/8388604
[pid=3336895] ppid=3336894 vsize=26908 memory=13616 CPUtime=0.06 cores=30-31
/proc/3336895/stat : 3336895 (perf) S 3336894 3336895 3336853 0 -1 0 1738 237 0 0 6 0 0 0 20 0 1 0 923003476 27553792 3404 17179869184 93824994299904 93824996572973 140737488338256 0 0 0 134217728 4 74274 1 0 0 17 30 0 0 0 0 0 93824998874888 93825001005840 93825001308160 140737488340073 140737488340470 140737488340470 140737488351179 0
/proc/3336895/statm: 6727 3404 2099 555 0 1769 0
[pid=3336899] ppid=3336895 vsize=83860 memory=70584 CPUtime=402.19 cores=30-31
/proc/3336899/stat : 3336899 (clingo) R 3336895 3336895 3336853 0 -1 0 15906 0 0 0 40216 3 0 0 20 0 1 0 923003484 85872640 17646 17179869184 93824992301056 93824992468925 140737488338416 0 0 0 134217728 4 25184771 0 0 0 17 30 0 0 0 0 0 93824992533936 93824992571272 93824992575488 140737488340183 140737488340354 140737488340354 140737488351170 0
/proc/3336899/statm: 20965 17646 2092 41 0 17044 0
Current children cumulated CPU time: 402.25 s
Current children cumulated vsize: 110768 KiB
Current children cumulated memory: 84200 KiB

[startup+462.3 s]
/proc/loadavg: 15.15 14.45 13.82 15/817 3336925
/proc/meminfo: memFree=386631540/528004516 swapFree=8388604/8388604
[pid=3336895] ppid=3336894 vsize=26908 memory=13616 CPUtime=0.06 cores=30-31
/proc/3336895/stat : 3336895 (perf) S 3336894 3336895 3336853 0 -1 0 1738 237 0 0 6 0 0 0 20 0 1 0 923003476 27553792 3404 17179869184 93824994299904 93824996572973 140737488338256 0 0 0 134217728 4 74274 1 0 0 17 30 0 0 0 0 0 93824998874888 93825001005840 93825001308160 140737488340073 140737488340470 140737488340470 140737488351179 0
/proc/3336895/statm: 6727 3404 2099 555 0 1769 0
[pid=3336899] ppid=3336895 vsize=88220 memory=74544 CPUtime=462.2 cores=30-31
/proc/3336899/stat : 3336899 (clingo) R 3336895 3336895 3336853 0 -1 0 16863 0 0 0 46216 4 0 0 20 0 1 0 923003484 90337280 18636 17179869184 93824992301056 93824992468925 140737488338416 0 0 0 134217728 4 25184771 0 0 0 17 30 0 0 0 0 0 93824992533936 93824992571272 93824992575488 140737488340183 140737488340354 140737488340354 140737488351170 0
/proc/3336899/statm: 22055 18636 2092 41 0 18134 0
Current children cumulated CPU time: 462.26 s
Current children cumulated vsize: 115128 KiB
Current children cumulated memory: 88160 KiB

[startup+522.3 s]
/proc/loadavg: 14.90 14.56 13.91 15/817 3336929
/proc/meminfo: memFree=386583492/528004516 swapFree=8388604/8388604
[pid=3336895] ppid=3336894 vsize=26908 memory=13616 CPUtime=0.06 cores=30-31
/proc/3336895/stat : 3336895 (perf) S 3336894 3336895 3336853 0 -1 0 1738 237 0 0 6 0 0 0 20 0 1 0 923003476 27553792 3404 17179869184 93824994299904 93824996572973 140737488338256 0 0 0 134217728 4 74274 1 0 0 17 30 0 0 0 0 0 93824998874888 93825001005840 93825001308160 140737488340073 140737488340470 140737488340470 140737488351179 0
/proc/3336895/statm: 6727 3404 2099 555 0 1769 0
[pid=3336899] ppid=3336895 vsize=88792 memory=75336 CPUtime=522.2 cores=30-31
/proc/3336899/stat : 3336899 (clingo) R 3336895 3336895 3336853 0 -1 0 17088 0 0 0 52216 4 0 0 20 0 1 0 923003484 90923008 18834 17179869184 93824992301056 93824992468925 140737488338416 0 0 0 134217728 4 25184771 0 0 0 17 30 0 0 0 0 0 93824992533936 93824992571272 93824992575488 140737488340183 140737488340354 140737488340354 140737488351170 0
/proc/3336899/statm: 22198 18834 2092 41 0 18277 0
Current children cumulated CPU time: 522.26 s
Current children cumulated vsize: 115700 KiB
Current children cumulated memory: 88952 KiB

[startup+582.3 s]
/proc/loadavg: 14.38 14.47 13.92 15/817 3336932
/proc/meminfo: memFree=386533592/528004516 swapFree=8388604/8388604
[pid=3336895] ppid=3336894 vsize=26908 memory=13616 CPUtime=0.06 cores=30-31
/proc/3336895/stat : 3336895 (perf) S 3336894 3336895 3336853 0 -1 0 1738 237 0 0 6 0 0 0 20 0 1 0 923003476 27553792 3404 17179869184 93824994299904 93824996572973 140737488338256 0 0 0 134217728 4 74274 1 0 0 17 30 0 0 0 0 0 93824998874888 93825001005840 93825001308160 140737488340073 140737488340470 140737488340470 140737488351179 0
/proc/3336895/statm: 6727 3404 2099 555 0 1769 0
[pid=3336899] ppid=3336895 vsize=90632 memory=77184 CPUtime=582.2 cores=30-31
/proc/3336899/stat : 3336899 (clingo) R 3336895 3336895 3336853 0 -1 0 17524 0 0 0 58216 4 0 0 20 0 1 0 923003484 92807168 19296 17179869184 93824992301056 93824992468925 140737488338416 0 0 0 134217728 4 25184771 0 0 0 17 30 0 0 0 0 0 93824992533936 93824992571272 93824992575488 140737488340183 140737488340354 140737488340354 140737488351170 0
/proc/3336899/statm: 22658 19296 2092 41 0 18737 0
Current children cumulated CPU time: 582.26 s
Current children cumulated vsize: 117540 KiB
Current children cumulated memory: 90800 KiB

[startup+642.3 s]
/proc/loadavg: 14.14 14.38 13.93 15/817 3336936
/proc/meminfo: memFree=386492820/528004516 swapFree=8388604/8388604
[pid=3336895] ppid=3336894 vsize=26908 memory=13616 CPUtime=0.06 cores=30-31
/proc/3336895/stat : 3336895 (perf) S 3336894 3336895 3336853 0 -1 0 1738 237 0 0 6 0 0 0 20 0 1 0 923003476 27553792 3404 17179869184 93824994299904 93824996572973 140737488338256 0 0 0 134217728 4 74274 1 0 0 17 30 0 0 0 0 0 93824998874888 93825001005840 93825001308160 140737488340073 140737488340470 140737488340470 140737488351179 0
/proc/3336895/statm: 6727 3404 2099 555 0 1769 0
[pid=3336899] ppid=3336895 vsize=93476 memory=80088 CPUtime=642.2 cores=30-31
/proc/3336899/stat : 3336899 (clingo) R 3336895 3336895 3336853 0 -1 0 18241 0 0 0 64215 5 0 0 20 0 1 0 923003484 95719424 20022 17179869184 93824992301056 93824992468925 140737488338416 0 0 0 134217728 4 25184771 0 0 0 17 30 0 0 0 0 0 93824992533936 93824992571272 93824992575488 140737488340183 140737488340354 140737488340354 140737488351170 0
/proc/3336899/statm: 23369 20022 2092 41 0 19448 0
Current children cumulated CPU time: 642.26 s
Current children cumulated vsize: 120384 KiB
Current children cumulated memory: 93704 KiB

[startup+702.3 s]
/proc/loadavg: 14.31 14.40 13.96 15/817 3336939
/proc/meminfo: memFree=386451772/528004516 swapFree=8388604/8388604
[pid=3336895] ppid=3336894 vsize=26908 memory=13616 CPUtime=0.06 cores=30-31
/proc/3336895/stat : 3336895 (perf) S 3336894 3336895 3336853 0 -1 0 1738 237 0 0 6 0 0 0 20 0 1 0 923003476 27553792 3404 17179869184 93824994299904 93824996572973 140737488338256 0 0 0 134217728 4 74274 1 0 0 17 30 0 0 0 0 0 93824998874888 93825001005840 93825001308160 140737488340073 140737488340470 140737488340470 140737488351179 0
/proc/3336895/statm: 6727 3404 2099 555 0 1769 0
[pid=3336899] ppid=3336895 vsize=95752 memory=82200 CPUtime=702.2 cores=30-31
/proc/3336899/stat : 3336899 (clingo) R 3336895 3336895 3336853 0 -1 0 18786 0 0 0 70215 5 0 0 20 0 1 0 923003484 98050048 20550 17179869184 93824992301056 93824992468925 140737488338416 0 0 0 134217728 4 25184771 0 0 0 17 30 0 0 0 0 0 93824992533936 93824992571272 93824992575488 140737488340183 140737488340354 140737488340354 140737488351170 0
/proc/3336899/statm: 23938 20550 2092 41 0 20017 0
Current children cumulated CPU time: 702.26 s
Current children cumulated vsize: 122660 KiB
Current children cumulated memory: 95816 KiB

[startup+762.3 s]
/proc/loadavg: 14.11 14.33 13.97 15/817 3336942
/proc/meminfo: memFree=386414996/528004516 swapFree=8388604/8388604
[pid=3336895] ppid=3336894 vsize=26908 memory=13616 CPUtime=0.06 cores=30-31
/proc/3336895/stat : 3336895 (perf) S 3336894 3336895 3336853 0 -1 0 1738 237 0 0 6 0 0 0 20 0 1 0 923003476 27553792 3404 17179869184 93824994299904 93824996572973 140737488338256 0 0 0 134217728 4 74274 1 0 0 17 30 0 0 0 0 0 93824998874888 93825001005840 93825001308160 140737488340073 140737488340470 140737488340470 140737488351179 0
/proc/3336895/statm: 6727 3404 2099 555 0 1769 0
[pid=3336899] ppid=3336895 vsize=97184 memory=84048 CPUtime=762.2 cores=30-31
/proc/3336899/stat : 3336899 (clingo) R 3336895 3336895 3336853 0 -1 0 19230 0 0 0 76215 5 0 0 20 0 1 0 923003484 99516416 21012 17179869184 93824992301056 93824992468925 140737488338416 0 0 0 134217728 4 25184771 0 0 0 17 30 0 0 0 0 0 93824992533936 93824992571272 93824992575488 140737488340183 140737488340354 140737488340354 140737488351170 0
/proc/3336899/statm: 24296 21012 2092 41 0 20375 0
Current children cumulated CPU time: 762.26 s
Current children cumulated vsize: 124092 KiB
Current children cumulated memory: 97664 KiB

[startup+822.3 s]
/proc/loadavg: 14.10 14.28 13.98 15/816 3336945
/proc/meminfo: memFree=386372016/528004516 swapFree=8388604/8388604
[pid=3336895] ppid=3336894 vsize=26908 memory=13616 CPUtime=0.06 cores=30-31
/proc/3336895/stat : 3336895 (perf) S 3336894 3336895 3336853 0 -1 0 1738 237 0 0 6 0 0 0 20 0 1 0 923003476 27553792 3404 17179869184 93824994299904 93824996572973 140737488338256 0 0 0 134217728 4 74274 1 0 0 17 30 0 0 0 0 0 93824998874888 93825001005840 93825001308160 140737488340073 140737488340470 140737488340470 140737488351179 0
/proc/3336895/statm: 6727 3404 2099 555 0 1769 0
[pid=3336899] ppid=3336895 vsize=98624 memory=85632 CPUtime=822.2 cores=30-31
/proc/3336899/stat : 3336899 (clingo) R 3336895 3336895 3336853 0 -1 0 19622 0 0 0 82215 5 0 0 20 0 1 0 923003484 100990976 21408 17179869184 93824992301056 93824992468925 140737488338416 0 0 0 134217728 4 25184771 0 0 0 17 30 0 0 0 0 0 93824992533936 93824992571272 93824992575488 140737488340183 140737488340354 140737488340354 140737488351170 0
/proc/3336899/statm: 24656 21408 2092 41 0 20735 0
Current children cumulated CPU time: 822.26 s
Current children cumulated vsize: 125532 KiB
Current children cumulated memory: 99248 KiB

[startup+882.3 s]
/proc/loadavg: 14.04 14.23 13.99 15/816 3336947
/proc/meminfo: memFree=386343296/528004516 swapFree=8388604/8388604
[pid=3336895] ppid=3336894 vsize=26908 memory=13616 CPUtime=0.06 cores=30-31
/proc/3336895/stat : 3336895 (perf) S 3336894 3336895 3336853 0 -1 0 1738 237 0 0 6 0 0 0 20 0 1 0 923003476 27553792 3404 17179869184 93824994299904 93824996572973 140737488338256 0 0 0 134217728 4 74274 1 0 0 17 30 0 0 0 0 0 93824998874888 93825001005840 93825001308160 140737488340073 140737488340470 140737488340470 140737488351179 0
/proc/3336895/statm: 6727 3404 2099 555 0 1769 0
[pid=3336899] ppid=3336895 vsize=100064 memory=86952 CPUtime=882.2 cores=30-31
/proc/3336899/stat : 3336899 (clingo) R 3336895 3336895 3336853 0 -1 0 19971 0 0 0 88215 5 0 0 20 0 1 0 923003484 102465536 21738 17179869184 93824992301056 93824992468925 140737488338416 0 0 0 134217728 4 25184771 0 0 0 17 30 0 0 0 0 0 93824992533936 93824992571272 93824992575488 140737488340183 140737488340354 140737488340354 140737488351170 0
/proc/3336899/statm: 25016 21738 2092 41 0 21095 0
Current children cumulated CPU time: 882.26 s
Current children cumulated vsize: 126972 KiB
Current children cumulated memory: 100568 KiB

[startup+942.3 s]
/proc/loadavg: 14.08 14.20 14.00 15/817 3336951
/proc/meminfo: memFree=386298200/528004516 swapFree=8388604/8388604
[pid=3336895] ppid=3336894 vsize=26908 memory=13616 CPUtime=0.06 cores=30-31
/proc/3336895/stat : 3336895 (perf) S 3336894 3336895 3336853 0 -1 0 1738 237 0 0 6 0 0 0 20 0 1 0 923003476 27553792 3404 17179869184 93824994299904 93824996572973 140737488338256 0 0 0 134217728 4 74274 1 0 0 17 30 0 0 0 0 0 93824998874888 93825001005840 93825001308160 140737488340073 140737488340470 140737488340470 140737488351179 0
/proc/3336895/statm: 6727 3404 2099 555 0 1769 0
[pid=3336899] ppid=3336895 vsize=102368 memory=89064 CPUtime=942.2 cores=30-31
/proc/3336899/stat : 3336899 (clingo) R 3336895 3336895 3336853 0 -1 0 20529 0 0 0 94215 5 0 0 20 0 1 0 923003484 104824832 22266 17179869184 93824992301056 93824992468925 140737488338416 0 0 0 134217728 4 25184771 0 0 0 17 30 0 0 0 0 0 93824992533936 93824992571272 93824992575488 140737488340183 140737488340354 140737488340354 140737488351170 0
/proc/3336899/statm: 25592 22266 2092 41 0 21671 0
Current children cumulated CPU time: 942.26 s
Current children cumulated vsize: 129276 KiB
Current children cumulated memory: 102680 KiB

[startup+1002.3 s]
/proc/loadavg: 14.03 14.16 14.00 15/818 3336956
/proc/meminfo: memFree=386265440/528004516 swapFree=8388604/8388604
[pid=3336895] ppid=3336894 vsize=26908 memory=13616 CPUtime=0.06 cores=30-31
/proc/3336895/stat : 3336895 (perf) S 3336894 3336895 3336853 0 -1 0 1738 237 0 0 6 0 0 0 20 0 1 0 923003476 27553792 3404 17179869184 93824994299904 93824996572973 140737488338256 0 0 0 134217728 4 74274 1 0 0 17 30 0 0 0 0 0 93824998874888 93825001005840 93825001308160 140737488340073 140737488340470 140737488340470 140737488351179 0
/proc/3336895/statm: 6727 3404 2099 555 0 1769 0
[pid=3336899] ppid=3336895 vsize=106112 memory=92232 CPUtime=1002.2 cores=30-31
/proc/3336899/stat : 3336899 (clingo) R 3336895 3336895 3336853 0 -1 0 21300 0 0 0 100215 5 0 0 20 0 1 0 923003484 108658688 23058 17179869184 93824992301056 93824992468925 140737488338416 0 0 0 134217728 4 25184771 0 0 0 17 30 0 0 0 0 0 93824992533936 93824992571272 93824992575488 140737488340183 140737488340354 140737488340354 140737488351170 0
/proc/3336899/statm: 26528 23058 2092 41 0 22607 0
Current children cumulated CPU time: 1002.26 s
Current children cumulated vsize: 133020 KiB
Current children cumulated memory: 105848 KiB

[startup+1062.3 s]
/proc/loadavg: 14.09 14.15 14.01 15/819 3336960
/proc/meminfo: memFree=386232988/528004516 swapFree=8388604/8388604
[pid=3336895] ppid=3336894 vsize=26908 memory=13616 CPUtime=0.06 cores=30-31
/proc/3336895/stat : 3336895 (perf) S 3336894 3336895 3336853 0 -1 0 1738 237 0 0 6 0 0 0 20 0 1 0 923003476 27553792 3404 17179869184 93824994299904 93824996572973 140737488338256 0 0 0 134217728 4 74274 1 0 0 17 30 0 0 0 0 0 93824998874888 93825001005840 93825001308160 140737488340073 140737488340470 140737488340470 140737488351179 0
/proc/3336895/statm: 6727 3404 2099 555 0 1769 0
[pid=3336899] ppid=3336895 vsize=108704 memory=94344 CPUtime=1062.2 cores=30-31
/proc/3336899/stat : 3336899 (clingo) R 3336895 3336895 3336853 0 -1 0 21801 0 0 0 106215 5 0 0 20 0 1 0 923003484 111312896 23586 17179869184 93824992301056 93824992468925 140737488338416 0 0 0 134217728 4 25184771 0 0 0 17 30 0 0 0 0 0 93824992533936 93824992571272 93824992575488 140737488340183 140737488340354 140737488340354 140737488351170 0
/proc/3336899/statm: 27176 23586 2092 41 0 23255 0
Current children cumulated CPU time: 1062.26 s
Current children cumulated vsize: 135612 KiB
Current children cumulated memory: 107960 KiB

[startup+1122.3 s]
/proc/loadavg: 14.26 14.18 14.02 15/874 3339124
/proc/meminfo: memFree=386686856/528004516 swapFree=8388604/8388604
[pid=3336895] ppid=3336894 vsize=26908 memory=13616 CPUtime=0.06 cores=30-31
/proc/3336895/stat : 3336895 (perf) S 3336894 3336895 3336853 0 -1 0 1738 237 0 0 6 0 0 0 20 0 1 0 923003476 27553792 3404 17179869184 93824994299904 93824996572973 140737488338256 0 0 0 134217728 4 74274 1 0 0 17 30 0 0 0 0 0 93824998874888 93825001005840 93825001308160 140737488340073 140737488340470 140737488340470 140737488351179 0
/proc/3336895/statm: 6727 3404 2099 555 0 1769 0
[pid=3336899] ppid=3336895 vsize=111008 memory=96456 CPUtime=1122.2 cores=30-31
/proc/3336899/stat : 3336899 (clingo) R 3336895 3336895 3336853 0 -1 0 22328 0 0 0 112215 5 0 0 20 0 1 0 923003484 113672192 24114 17179869184 93824992301056 93824992468925 140737488338416 0 0 0 134217728 4 25184771 0 0 0 17 30 0 0 0 0 0 93824992533936 93824992571272 93824992575488 140737488340183 140737488340354 140737488340354 140737488351170 0
/proc/3336899/statm: 27752 24114 2092 41 0 23831 0
Current children cumulated CPU time: 1122.26 s
Current children cumulated vsize: 137916 KiB
Current children cumulated memory: 110072 KiB

[startup+1182.3 s]
/proc/loadavg: 14.23 14.19 14.04 15/871 3339131
/proc/meminfo: memFree=386243968/528004516 swapFree=8388604/8388604
[pid=3336895] ppid=3336894 vsize=26908 memory=13616 CPUtime=0.06 cores=30-31
/proc/3336895/stat : 3336895 (perf) S 3336894 3336895 3336853 0 -1 0 1738 237 0 0 6 0 0 0 20 0 1 0 923003476 27553792 3404 17179869184 93824994299904 93824996572973 140737488338256 0 0 0 134217728 4 74274 1 0 0 17 30 0 0 0 0 0 93824998874888 93825001005840 93825001308160 140737488340073 140737488340470 140737488340470 140737488351179 0
/proc/3336895/statm: 6727 3404 2099 555 0 1769 0
[pid=3336899] ppid=3336895 vsize=113024 memory=98040 CPUtime=1182.19 cores=30-31
/proc/3336899/stat : 3336899 (clingo) R 3336895 3336895 3336853 0 -1 0 22762 0 0 0 118214 5 0 0 20 0 1 0 923003484 115736576 24510 17179869184 93824992301056 93824992468925 140737488338416 0 0 0 134217728 4 25184771 0 0 0 17 30 0 0 0 0 0 93824992533936 93824992571272 93824992575488 140737488340183 140737488340354 140737488340354 140737488351170 0
/proc/3336899/statm: 28256 24510 2092 41 0 24335 0
Current children cumulated CPU time: 1182.25 s
Current children cumulated vsize: 139932 KiB
Current children cumulated memory: 111656 KiB



Maximum wall clock time exceeded: sending SIGTERM then SIGKILL

[startup+1205 s]*
/proc/loadavg: 14.15 14.17 14.03 15/870 3339132
/proc/meminfo: memFree=386115104/528004516 swapFree=8388604/8388604
[pid=3336895] ppid=3336894 vsize=26908 memory=13616 CPUtime=0.06 cores=30-31
/proc/3336895/stat : 3336895 (perf) S 3336894 3336895 3336853 0 -1 0 1738 237 0 0 6 0 0 0 20 0 1 0 923003476 27553792 3404 17179869184 93824994299904 93824996572973 140737488338256 0 0 0 134217728 4 74274 1 0 0 17 30 0 0 0 0 0 93824998874888 93825001005840 93825001308160 140737488340073 140737488340470 140737488340470 140737488351179 0
/proc/3336895/statm: 6727 3404 2099 555 0 1769 0
[pid=3336899] ppid=3336895 vsize=114176 memory=99096 CPUtime=1204.9 cores=30-31
/proc/3336899/stat : 3336899 (clingo) R 3336895 3336895 3336853 0 -1 0 22983 0 0 0 120485 5 0 0 20 0 1 0 923003484 116916224 24774 17179869184 93824992301056 93824992468925 140737488338416 0 0 0 134217728 4 25184771 0 0 0 17 30 0 0 0 0 0 93824992533936 93824992571272 93824992575488 140737488340183 140737488340354 140737488340354 140737488351170 0
/proc/3336899/statm: 28544 24774 2092 41 0 24623 0
Current children cumulated CPU time: 1204.96 s
Current children cumulated vsize: 141084 KiB
Current children cumulated memory: 112712 KiB

Sending SIGINT to process tree (bottom up)
Sleeping 5 seconds

[startup+1205.03 s]
# the end of solver process 3336895 was just reported to runsolver
# cumulated CPU time of all completed processes:  user=1204.94 s, system=0.072339 s

Solver just ended.
??? end of watcher thread
Dumping a history of the last processes samples

Child status: 1
Real time (s): 1205.03
CPU time (s): 1205.01
CPU user time (s): 1204.94
CPU system time (s): 0.072339
CPU usage (%): 99.9987
Max. virtual memory (cumulated for all children) (KiB): 141084
Max. memory (cumulated for all children) (KiB): 112712

getrusage(RUSAGE_CHILDREN,...) data:
user time used= 1204.94
system time used= 0.072339
maximum resident set size= 99112
integral shared memory size= 0
integral unshared data size= 0
integral unshared stack size= 0
page reclaims= 24998
page faults= 0
swaps= 0
block input operations= 0
block output operations= 0
messages sent= 0
messages received= 0
signals received= 0
voluntary context switches= 21
involuntary context switches= 961


# summary of solver processes directly reported to runsolver:
#   pid: 3336895
#   total CPU time (s): 1205.01
#   total CPU user time (s): 1204.94
#   total CPU system time (s): 0.072339

??? end of timestamper thread
runsolver used 8.38819 second user time and 14.7542 second system time

The end
