runsolver version 3.4.0 (svn: 3018) Copyright (C) 2010-2013 Olivier ROUSSEL

This program is distributed in the hope that it will be useful,
but WITHOUT ANY WARRANTY; without even the implied warranty of
MERCHANTABILITY or FITNESS FOR A PARTICULAR PURPOSE.  See the
GNU General Public License for more details.

NUMA information:
  number of nodes: 2
  memory of node 0: 257635 MiB (185547 MiB free)
  memory of node 1: 257994 MiB (191416 MiB free)
  node distances:
     10  20
     20  10

command line: /dev/shm/3753947a-2e81-11f1-ac62-000c298f4621/input/runsolver -w /dev/shm/3753947a-2e81-11f1-ac62-000c298f4621/output/runsolver.log -v /dev/shm/3753947a-2e81-11f1-ac62-000c298f4621/output/varfile.log -W 1205 --rss-swap-limit 16384 -d 5 --sigint /usr/bin/perf stat -B -e task-clock,cache-references,cache-misses,cycles,instructions,branches,faults,migrations,context-switches -o /dev/shm/3753947a-2e81-11f1-ac62-000c298f4621/output/perf.log clingo /home/guests/mmacri/AMOSUM/benchmarks/GraphColouring/encoding-plain-amo.asp /dev/shm/3753947a-2e81-11f1-ac62-000c298f4621/input/0022-graph_colouring-135-0_1296.asp 

running on 2 cores: 28-29

Enforcing wall clock limit (soft limit, will send SIGTERM then SIGKILL): 1205 seconds
Enforcing RSS+Swap limit (soft limit, will send SIGTERM then SIGKILL): 16777216 KiB
Linux 5.15.0-131-generic
solver pid=3552223, runsolver pid=3552206
Current StackSize limit: 8192 KiB


[startup+0.100063 s]*
/proc/loadavg: 14.20 14.41 13.32 21/838 3552258
/proc/meminfo: memFree=386063720/528004520 swapFree=8388604/8388604
[pid=3552223] ppid=3552206 vsize=26908 memory=13420 CPUtime=0.08 cores=28-29
/proc/3552223/stat : 3552223 (perf) S 3552206 3552223 3551729 0 -1 0 1736 254 26 3 6 2 0 0 20 0 1 0 922998575 27553792 3355 17179869184 93824994299904 93824996572973 140737488338256 0 0 0 134217728 4 74274 1 0 0 17 28 0 0 0 0 0 93824998874888 93825001005840 93825001308160 140737488340073 140737488340470 140737488340470 140737488351179 0
/proc/3552223/statm: 6727 3355 2050 555 0 1769 0
[pid=3552255] ppid=3552223 vsize=19004 memory=10660 CPUtime=0.02 cores=28-29
/proc/3552255/stat : 3552255 (clingo) R 3552223 3552223 3551729 0 -1 0 905 0 0 0 2 0 0 0 20 0 1 0 922998585 19460096 2665 17179869184 93824992301056 93824992468925 140737488338416 0 0 0 134217728 4 25184771 0 0 0 17 29 0 0 0 0 0 93824992533936 93824992571272 93824992575488 140737488340183 140737488340354 140737488340354 140737488351170 0
/proc/3552255/statm: 4751 2665 2042 41 0 830 0
Current children cumulated CPU time: 0.1 s
Current children cumulated vsize: 45912 KiB
Current children cumulated memory: 24080 KiB

[startup+0.2346 s]*
/proc/loadavg: 14.43 14.45 13.34 18/837 3552259
/proc/meminfo: memFree=386106856/528004520 swapFree=8388604/8388604
[pid=3552223] ppid=3552206 vsize=26908 memory=13420 CPUtime=0.08 cores=28-29
/proc/3552223/stat : 3552223 (perf) S 3552206 3552223 3551729 0 -1 0 1736 254 26 3 6 2 0 0 20 0 1 0 922998575 27553792 3355 17179869184 93824994299904 93824996572973 140737488338256 0 0 0 134217728 4 74274 1 0 0 17 28 0 0 0 0 0 93824998874888 93825001005840 93825001308160 140737488340073 140737488340470 140737488340470 140737488351179 0
/proc/3552223/statm: 6727 3355 2050 555 0 1769 0
[pid=3552255] ppid=3552223 vsize=24916 memory=16936 CPUtime=0.13 cores=28-29
/proc/3552255/stat : 3552255 (clingo) R 3552223 3552223 3551729 0 -1 0 2454 0 0 0 12 1 0 0 20 0 1 0 922998585 25513984 4234 17179869184 93824992301056 93824992468925 140737488338416 0 0 0 134217728 4 25184771 0 0 0 17 28 0 0 0 0 0 93824992533936 93824992571272 93824992575488 140737488340183 140737488340354 140737488340354 140737488351170 0
/proc/3552255/statm: 6229 4234 2088 41 0 2308 0
Current children cumulated CPU time: 0.21 s
Current children cumulated vsize: 51824 KiB
Current children cumulated memory: 30356 KiB

[startup+0.320995 s]*
/proc/loadavg: 14.43 14.45 13.34 19/836 3552263
/proc/meminfo: memFree=386093232/528004520 swapFree=8388604/8388604
[pid=3552223] ppid=3552206 vsize=26908 memory=13420 CPUtime=0.08 cores=28-29
/proc/3552223/stat : 3552223 (perf) S 3552206 3552223 3551729 0 -1 0 1736 254 26 3 6 2 0 0 20 0 1 0 922998575 27553792 3355 17179869184 93824994299904 93824996572973 140737488338256 0 0 0 134217728 4 74274 1 0 0 17 28 0 0 0 0 0 93824998874888 93825001005840 93825001308160 140737488340073 140737488340470 140737488340470 140737488351179 0
/proc/3552223/statm: 6727 3355 2050 555 0 1769 0
[pid=3552255] ppid=3552223 vsize=27560 memory=19312 CPUtime=0.21 cores=28-29
/proc/3552255/stat : 3552255 (clingo) R 3552223 3552223 3551729 0 -1 0 3107 0 0 0 20 1 0 0 20 0 1 0 922998585 28221440 4828 17179869184 93824992301056 93824992468925 140737488338416 0 0 0 134217728 4 25184771 0 0 0 17 28 0 0 0 0 0 93824992533936 93824992571272 93824992575488 140737488340183 140737488340354 140737488340354 140737488351170 0
/proc/3552255/statm: 6890 4828 2088 41 0 2969 0
Current children cumulated CPU time: 0.29 s
Current children cumulated vsize: 54468 KiB
Current children cumulated memory: 32732 KiB

[startup+0.642537 s]
# the end of solver process 3552223 was just reported to runsolver
# cumulated CPU time of all completed processes:  user=0.562229 s, system=0.051179 s

Solver just ended.
??? end of watcher thread
Dumping a history of the last processes samples

[startup+0.419309 s]*
/proc/loadavg: 14.43 14.45 13.34 20/813 3552282
/proc/meminfo: memFree=386080380/528004520 swapFree=8388604/8388604
[pid=3552223] ppid=3552206 vsize=26908 memory=13420 CPUtime=0.08 cores=28-29
/proc/3552223/stat : 3552223 (perf) S 3552206 3552223 3551729 0 -1 0 1736 254 26 3 6 2 0 0 20 0 1 0 922998575 27553792 3355 17179869184 93824994299904 93824996572973 140737488338256 0 0 0 134217728 4 74274 1 0 0 17 28 0 0 0 0 0 93824998874888 93825001005840 93825001308160 140737488340073 140737488340470 140737488340470 140737488351179 0
/proc/3552223/statm: 6727 3355 2050 555 0 1769 0
[pid=3552255] ppid=3552223 vsize=29816 memory=21688 CPUtime=0.31 cores=28-29
/proc/3552255/stat : 3552255 (clingo) R 3552223 3552223 3551729 0 -1 0 3668 0 0 0 29 2 0 0 20 0 1 0 922998585 30531584 5422 17179869184 93824992301056 93824992468925 140737488338416 0 0 0 134217728 4 25184771 0 0 0 17 28 0 0 0 0 0 93824992533936 93824992571272 93824992575488 140737488340183 140737488340354 140737488340354 140737488351170 0
/proc/3552255/statm: 7454 5422 2088 41 0 3533 0
Current children cumulated CPU time: 0.39 s
Current children cumulated vsize: 56724 KiB
Current children cumulated memory: 35108 KiB

[startup+0.61966 s]
/proc/loadavg: 14.43 14.45 13.34 21/825 3552310
/proc/meminfo: memFree=386077384/528004520 swapFree=8388604/8388604
[pid=3552223] ppid=3552206 vsize=26908 memory=13420 CPUtime=0.08 cores=28-29
/proc/3552223/stat : 3552223 (perf) S 3552206 3552223 3551729 0 -1 0 1736 254 26 3 6 2 0 0 20 0 1 0 922998575 27553792 3355 17179869184 93824994299904 93824996572973 140737488338256 0 0 0 134217728 4 74274 1 0 0 17 28 0 0 0 0 0 93824998874888 93825001005840 93825001308160 140737488340073 140737488340470 140737488340470 140737488351179 0
/proc/3552223/statm: 6727 3355 2050 555 0 1769 0
[pid=3552255] ppid=3552223 vsize=31276 memory=23272 CPUtime=0.49 cores=28-29
/proc/3552255/stat : 3552255 (clingo) R 3552223 3552223 3551729 0 -1 0 4042 0 0 0 47 2 0 0 20 0 1 0 922998585 32026624 5818 17179869184 93824992301056 93824992468925 140737488338416 0 0 0 134217728 4 25184771 0 0 0 17 28 0 0 0 0 0 93824992533936 93824992571272 93824992575488 140737488340183 140737488340354 140737488340354 140737488351170 0
/proc/3552255/statm: 7819 5818 2088 41 0 3898 0
Current children cumulated CPU time: 0.57 s
Current children cumulated vsize: 58184 KiB
Current children cumulated memory: 36692 KiB

Child status: 10
Real time (s): 0.642556
CPU time (s): 0.613408
CPU user time (s): 0.562229
CPU system time (s): 0.051179
CPU usage (%): 95.4637
Max. virtual memory (cumulated for all children) (KiB): 58184
Max. memory (cumulated for all children) (KiB): 36692

getrusage(RUSAGE_CHILDREN,...) data:
user time used= 0.562229
system time used= 0.051179
maximum resident set size= 23272
integral shared memory size= 0
integral unshared data size= 0
integral unshared stack size= 0
page reclaims= 6076
page faults= 29
swaps= 0
block input operations= 0
block output operations= 0
messages sent= 0
messages received= 0
signals received= 0
voluntary context switches= 32
involuntary context switches= 13


# summary of solver processes directly reported to runsolver:
#   pid: 3552223
#   total CPU time (s): 0.613408
#   total CPU user time (s): 0.562229
#   total CPU system time (s): 0.051179

??? end of timestamper thread
runsolver used 0.054121 second user time and 0.083263 second system time

The end
