runsolver version 3.4.0 (svn: 3018) Copyright (C) 2010-2013 Olivier ROUSSEL

This program is distributed in the hope that it will be useful,
but WITHOUT ANY WARRANTY; without even the implied warranty of
MERCHANTABILITY or FITNESS FOR A PARTICULAR PURPOSE.  See the
GNU General Public License for more details.

NUMA information:
  number of nodes: 2
  memory of node 0: 257635 MiB (188872 MiB free)
  memory of node 1: 257994 MiB (176215 MiB free)
  node distances:
     10  20
     20  10

command line: /dev/shm/37596378-2e81-11f1-ac62-000c298f4621/input/runsolver -w /dev/shm/37596378-2e81-11f1-ac62-000c298f4621/output/runsolver.log -v /dev/shm/37596378-2e81-11f1-ac62-000c298f4621/output/varfile.log -W 1205 --rss-swap-limit 16384 -d 5 --sigint /usr/bin/perf stat -B -e task-clock,cache-references,cache-misses,cycles,instructions,branches,faults,migrations,context-switches -o /dev/shm/37596378-2e81-11f1-ac62-000c298f4621/output/perf.log clingo /home/guests/mmacri/AMOSUM/benchmarks/GraphColouring/encoding-plain-amo.asp /dev/shm/37596378-2e81-11f1-ac62-000c298f4621/input/0025-graph_colouring-135-0_1296.asp 

running on 2 cores: 20-21

Enforcing wall clock limit (soft limit, will send SIGTERM then SIGKILL): 1205 seconds
Enforcing RSS+Swap limit (soft limit, will send SIGTERM then SIGKILL): 16777216 KiB
Linux 5.15.0-131-generic
Current StackSize limit: 8192 KiB

solver pid=1606666, runsolver pid=1606662

[startup+0.100066 s]*
/proc/loadavg: 14.15 14.20 13.30 15/810 1606707
/proc/meminfo: memFree=373963140/528004520 swapFree=8388604/8388604
[pid=1606666] ppid=1606662 vsize=26908 memory=13612 CPUtime=0.07 cores=20-21
/proc/1606666/stat : 1606666 (perf) S 1606662 1606666 1606227 0 -1 0 1737 237 0 0 5 2 0 0 20 0 1 0 923003540 27553792 3403 17179869184 93824994299904 93824996572973 140737488338256 0 0 0 134217728 4 74274 1 0 0 17 20 0 0 0 0 0 93824998874888 93825001005840 93825001308160 140737488340073 140737488340470 140737488340470 140737488351179 0
/proc/1606666/statm: 6727 3403 2098 555 0 1769 0
[pid=1606705] ppid=1606666 vsize=19436 memory=11204 CPUtime=0.02 cores=20-21
/proc/1606705/stat : 1606705 (clingo) R 1606666 1606666 1606227 0 -1 0 1073 0 0 0 2 0 0 0 20 0 1 0 923003549 19902464 2801 17179869184 93824992301056 93824992468925 140737488338416 0 0 0 134217728 4 25184771 0 0 0 17 21 0 0 0 0 0 93824992533936 93824992571272 93824992575488 140737488340183 140737488340354 140737488340354 140737488351170 0
/proc/1606705/statm: 4859 2801 2044 41 0 938 0
Current children cumulated CPU time: 0.09 s
Current children cumulated vsize: 46344 KiB
Current children cumulated memory: 24816 KiB

[startup+0.230337 s]*
/proc/loadavg: 14.15 14.20 13.30 17/818 1606715
/proc/meminfo: memFree=373917824/528004520 swapFree=8388604/8388604
[pid=1606666] ppid=1606662 vsize=26908 memory=13612 CPUtime=0.07 cores=20-21
/proc/1606666/stat : 1606666 (perf) S 1606662 1606666 1606227 0 -1 0 1737 237 0 0 5 2 0 0 20 0 1 0 923003540 27553792 3403 17179869184 93824994299904 93824996572973 140737488338256 0 0 0 134217728 4 74274 1 0 0 17 20 0 0 0 0 0 93824998874888 93825001005840 93825001308160 140737488340073 140737488340470 140737488340470 140737488351179 0
/proc/1606666/statm: 6727 3403 2098 555 0 1769 0
[pid=1606705] ppid=1606666 vsize=26768 memory=18760 CPUtime=0.14 cores=20-21
/proc/1606705/stat : 1606705 (clingo) R 1606666 1606666 1606227 0 -1 0 2925 0 0 0 14 0 0 0 20 0 1 0 923003549 27410432 4690 17179869184 93824992301056 93824992468925 140737488338416 0 0 0 134217728 4 25184771 0 0 0 17 21 0 0 0 0 0 93824992533936 93824992571272 93824992575488 140737488340183 140737488340354 140737488340354 140737488351170 0
/proc/1606705/statm: 6692 4690 2089 41 0 2771 0
Current children cumulated CPU time: 0.21 s
Current children cumulated vsize: 53676 KiB
Current children cumulated memory: 32372 KiB

[startup+0.334657 s]*
/proc/loadavg: 14.15 14.20 13.30 16/824 1606724
/proc/meminfo: memFree=373892148/528004520 swapFree=8388604/8388604
[pid=1606666] ppid=1606662 vsize=26908 memory=13612 CPUtime=0.07 cores=20-21
/proc/1606666/stat : 1606666 (perf) S 1606662 1606666 1606227 0 -1 0 1737 237 0 0 5 2 0 0 20 0 1 0 923003540 27553792 3403 17179869184 93824994299904 93824996572973 140737488338256 0 0 0 134217728 4 74274 1 0 0 17 20 0 0 0 0 0 93824998874888 93825001005840 93825001308160 140737488340073 140737488340470 140737488340470 140737488351179 0
/proc/1606666/statm: 6727 3403 2098 555 0 1769 0
[pid=1606705] ppid=1606666 vsize=28352 memory=20344 CPUtime=0.21 cores=20-21
/proc/1606705/stat : 1606705 (clingo) R 1606666 1606666 1606227 0 -1 0 3321 0 0 0 21 0 0 0 20 0 1 0 923003549 29032448 5086 17179869184 93824992301056 93824992468925 140737488338416 0 0 0 134217728 4 25184771 0 0 0 17 20 0 0 0 0 0 93824992533936 93824992571272 93824992575488 140737488340183 140737488340354 140737488340354 140737488351170 0
/proc/1606705/statm: 7088 5086 2089 41 0 3167 0
Current children cumulated CPU time: 0.28 s
Current children cumulated vsize: 55260 KiB
Current children cumulated memory: 33956 KiB

[startup+0.700336 s]
/proc/loadavg: 14.15 14.20 13.30 16/830 1606765
/proc/meminfo: memFree=373885380/528004520 swapFree=8388604/8388604
[pid=1606666] ppid=1606662 vsize=26908 memory=13612 CPUtime=0.07 cores=20-21
/proc/1606666/stat : 1606666 (perf) S 1606662 1606666 1606227 0 -1 0 1737 237 0 0 5 2 0 0 20 0 1 0 923003540 27553792 3403 17179869184 93824994299904 93824996572973 140737488338256 0 0 0 134217728 4 74274 1 0 0 17 20 0 0 0 0 0 93824998874888 93825001005840 93825001308160 140737488340073 140737488340470 140737488340470 140737488351179 0
/proc/1606666/statm: 6727 3403 2098 555 0 1769 0
[pid=1606705] ppid=1606666 vsize=31520 memory=23512 CPUtime=0.55 cores=20-21
/proc/1606705/stat : 1606705 (clingo) R 1606666 1606666 1606227 0 -1 0 4103 0 0 0 55 0 0 0 20 0 1 0 923003549 32276480 5878 17179869184 93824992301056 93824992468925 140737488338416 0 0 0 134217728 4 25184771 0 0 0 17 20 0 0 0 0 0 93824992533936 93824992571272 93824992575488 140737488340183 140737488340354 140737488340354 140737488351170 0
/proc/1606705/statm: 7880 5878 2089 41 0 3959 0
Current children cumulated CPU time: 0.62 s
Current children cumulated vsize: 58428 KiB
Current children cumulated memory: 37124 KiB

[startup+1.50027 s]
/proc/loadavg: 14.29 14.24 13.31 15/803 1606787
/proc/meminfo: memFree=373976364/528004520 swapFree=8388604/8388604
[pid=1606666] ppid=1606662 vsize=26908 memory=13612 CPUtime=0.07 cores=20-21
/proc/1606666/stat : 1606666 (perf) S 1606662 1606666 1606227 0 -1 0 1737 237 0 0 5 2 0 0 20 0 1 0 923003540 27553792 3403 17179869184 93824994299904 93824996572973 140737488338256 0 0 0 134217728 4 74274 1 0 0 17 20 0 0 0 0 0 93824998874888 93825001005840 93825001308160 140737488340073 140737488340470 140737488340470 140737488351179 0
/proc/1606666/statm: 6727 3403 2098 555 0 1769 0
[pid=1606705] ppid=1606666 vsize=36828 memory=28792 CPUtime=1.36 cores=20-21
/proc/1606705/stat : 1606705 (clingo) R 1606666 1606666 1606227 0 -1 0 5420 0 0 0 135 1 0 0 20 0 1 0 923003549 37711872 7198 17179869184 93824992301056 93824992468925 140737488338416 0 0 0 134217728 4 25184771 0 0 0 17 20 0 0 0 0 0 93824992533936 93824992571272 93824992575488 140737488340183 140737488340354 140737488340354 140737488351170 0
/proc/1606705/statm: 9207 7198 2089 41 0 5286 0
Current children cumulated CPU time: 1.43 s
Current children cumulated vsize: 63736 KiB
Current children cumulated memory: 42404 KiB

[startup+1.65781 s]
# the end of solver process 1606666 was just reported to runsolver
# cumulated CPU time of all completed processes:  user=1.5622 s, system=0.043676 s

Solver just ended.
??? end of watcher thread
Dumping a history of the last processes samples

[startup+1.60019 s]
/proc/loadavg: 14.29 14.24 13.31 15/803 1606787
/proc/meminfo: memFree=373976364/528004520 swapFree=8388604/8388604
[pid=1606666] ppid=1606662 vsize=26908 memory=13612 CPUtime=0.07 cores=20-21
/proc/1606666/stat : 1606666 (perf) S 1606662 1606666 1606227 0 -1 0 1737 237 0 0 5 2 0 0 20 0 1 0 923003540 27553792 3403 17179869184 93824994299904 93824996572973 140737488338256 0 0 0 134217728 4 74274 1 0 0 17 20 0 0 0 0 0 93824998874888 93825001005840 93825001308160 140737488340073 140737488340470 140737488340470 140737488351179 0
/proc/1606666/statm: 6727 3403 2098 555 0 1769 0
[pid=1606705] ppid=1606666 vsize=37380 memory=29320 CPUtime=1.46 cores=20-21
/proc/1606705/stat : 1606705 (clingo) R 1606666 1606666 1606227 0 -1 0 5552 0 0 0 145 1 0 0 20 0 1 0 923003549 38277120 7330 17179869184 93824992301056 93824992468925 140737488338416 0 0 0 134217728 4 25184771 0 0 0 17 20 0 0 0 0 0 93824992533936 93824992571272 93824992575488 140737488340183 140737488340354 140737488340354 140737488351170 0
/proc/1606705/statm: 9345 7330 2089 41 0 5424 0
Current children cumulated CPU time: 1.53 s
Current children cumulated vsize: 64288 KiB
Current children cumulated memory: 42932 KiB

Child status: 10
Real time (s): 1.65782
CPU time (s): 1.60588
CPU user time (s): 1.5622
CPU system time (s): 0.043676
CPU usage (%): 96.867
Max. virtual memory (cumulated for all children) (KiB): 64288
Max. memory (cumulated for all children) (KiB): 42932

getrusage(RUSAGE_CHILDREN,...) data:
user time used= 1.5622
system time used= 0.043676
maximum resident set size= 29584
integral shared memory size= 0
integral unshared data size= 0
integral unshared stack size= 0
page reclaims= 7681
page faults= 0
swaps= 0
block input operations= 0
block output operations= 0
messages sent= 0
messages received= 0
signals received= 0
voluntary context switches= 15
involuntary context switches= 15


# summary of solver processes directly reported to runsolver:
#   pid: 1606666
#   total CPU time (s): 1.60588
#   total CPU user time (s): 1.5622
#   total CPU system time (s): 0.043676

??? end of timestamper thread
runsolver used 0.06274 second user time and 0.083653 second system time

The end
