runsolver version 3.4.0 (svn: 3018) Copyright (C) 2010-2013 Olivier ROUSSEL

This program is distributed in the hope that it will be useful,
but WITHOUT ANY WARRANTY; without even the implied warranty of
MERCHANTABILITY or FITNESS FOR A PARTICULAR PURPOSE.  See the
GNU General Public License for more details.

NUMA information:
  number of nodes: 2
  memory of node 0: 257635 MiB (185672 MiB free)
  memory of node 1: 257994 MiB (191403 MiB free)
  node distances:
     10  20
     20  10

command line: /dev/shm/3770c446-2e81-11f1-ac62-000c298f4621/input/runsolver -w /dev/shm/3770c446-2e81-11f1-ac62-000c298f4621/output/runsolver.log -v /dev/shm/3770c446-2e81-11f1-ac62-000c298f4621/output/varfile.log -W 1205 --rss-swap-limit 16384 -d 5 --sigint /usr/bin/perf stat -B -e task-clock,cache-references,cache-misses,cycles,instructions,branches,faults,migrations,context-switches -o /dev/shm/3770c446-2e81-11f1-ac62-000c298f4621/output/perf.log clingo /home/guests/mmacri/AMOSUM/benchmarks/GraphColouring/encoding-plain-amo.asp /dev/shm/3770c446-2e81-11f1-ac62-000c298f4621/input/0037-graph_colouring-140-0_2688.asp 

running on 2 cores: 4-5

Enforcing wall clock limit (soft limit, will send SIGTERM then SIGKILL): 1205 seconds
Enforcing RSS+Swap limit (soft limit, will send SIGTERM then SIGKILL): 16777216 KiB
Linux 5.15.0-131-generic
Current StackSize limit: 8192 KiB

solver pid=3552566, runsolver pid=3552565

[startup+0.100069 s]*
/proc/loadavg: 14.43 14.45 13.34 15/841 3552570
/proc/meminfo: memFree=386116924/528004520 swapFree=8388604/8388604
[pid=3552566] ppid=3552565 vsize=26908 memory=13612 CPUtime=0.06 cores=4-5
/proc/3552566/stat : 3552566 (perf) S 3552565 3552566 3552523 0 -1 0 1738 237 0 0 6 0 0 0 20 0 1 0 922998729 27553792 3403 17179869184 93824994299904 93824996572973 140737488338256 0 0 0 134217728 4 74274 1 0 0 17 4 0 0 0 0 0 93824998874888 93825001005840 93825001308160 140737488340073 140737488340470 140737488340470 140737488351179 0
/proc/3552566/statm: 6727 3403 2098 555 0 1769 0
[pid=3552570] ppid=3552566 vsize=20380 memory=12204 CPUtime=0.03 cores=4-5
/proc/3552570/stat : 3552570 (clingo) R 3552566 3552566 3552523 0 -1 0 1264 0 0 0 3 0 0 0 20 0 1 0 922998736 20869120 3051 17179869184 93824992301056 93824992468925 140737488338416 0 0 0 134217728 4 25184771 0 0 0 17 5 0 0 0 0 0 93824992533936 93824992571272 93824992575488 140737488340183 140737488340354 140737488340354 140737488351170 0
/proc/3552570/statm: 5095 3051 2088 41 0 1174 0
Current children cumulated CPU time: 0.09 s
Current children cumulated vsize: 47288 KiB
Current children cumulated memory: 25816 KiB

[startup+0.234555 s]*
/proc/loadavg: 14.43 14.45 13.34 16/841 3552570
/proc/meminfo: memFree=386111380/528004520 swapFree=8388604/8388604
[pid=3552566] ppid=3552565 vsize=26908 memory=13612 CPUtime=0.06 cores=4-5
/proc/3552566/stat : 3552566 (perf) S 3552565 3552566 3552523 0 -1 0 1738 237 0 0 6 0 0 0 20 0 1 0 922998729 27553792 3403 17179869184 93824994299904 93824996572973 140737488338256 0 0 0 134217728 4 74274 1 0 0 17 4 0 0 0 0 0 93824998874888 93825001005840 93825001308160 140737488340073 140737488340470 140737488340470 140737488351179 0
/proc/3552566/statm: 6727 3403 2098 555 0 1769 0
[pid=3552570] ppid=3552566 vsize=26320 memory=18276 CPUtime=0.15 cores=4-5
/proc/3552570/stat : 3552570 (clingo) R 3552566 3552566 3552523 0 -1 0 2766 0 0 0 15 0 0 0 20 0 1 0 922998736 26951680 4569 17179869184 93824992301056 93824992468925 140737488338416 0 0 0 134217728 4 25184771 0 0 0 17 5 0 0 0 0 0 93824992533936 93824992571272 93824992575488 140737488340183 140737488340354 140737488340354 140737488351170 0
/proc/3552570/statm: 6580 4569 2088 41 0 2659 0
Current children cumulated CPU time: 0.21 s
Current children cumulated vsize: 53228 KiB
Current children cumulated memory: 31888 KiB

[startup+0.33481 s]*
/proc/loadavg: 14.43 14.45 13.34 15/841 3552570
/proc/meminfo: memFree=386108608/528004520 swapFree=8388604/8388604
[pid=3552566] ppid=3552565 vsize=26908 memory=13612 CPUtime=0.06 cores=4-5
/proc/3552566/stat : 3552566 (perf) S 3552565 3552566 3552523 0 -1 0 1738 237 0 0 6 0 0 0 20 0 1 0 922998729 27553792 3403 17179869184 93824994299904 93824996572973 140737488338256 0 0 0 134217728 4 74274 1 0 0 17 4 0 0 0 0 0 93824998874888 93825001005840 93825001308160 140737488340073 140737488340470 140737488340470 140737488351179 0
/proc/3552566/statm: 6727 3403 2098 555 0 1769 0
[pid=3552570] ppid=3552566 vsize=27652 memory=19596 CPUtime=0.22 cores=4-5
/proc/3552570/stat : 3552570 (clingo) R 3552566 3552566 3552523 0 -1 0 3114 0 0 0 22 0 0 0 20 0 1 0 922998736 28315648 4899 17179869184 93824992301056 93824992468925 140737488338416 0 0 0 134217728 4 25184771 0 0 0 17 5 0 0 0 0 0 93824992533936 93824992571272 93824992575488 140737488340183 140737488340354 140737488340354 140737488351170 0
/proc/3552570/statm: 6913 4899 2088 41 0 2992 0
Current children cumulated CPU time: 0.28 s
Current children cumulated vsize: 54560 KiB
Current children cumulated memory: 33208 KiB

[startup+0.700326 s]
/proc/loadavg: 14.43 14.45 13.34 15/839 3552570
/proc/meminfo: memFree=386111896/528004520 swapFree=8388604/8388604
[pid=3552566] ppid=3552565 vsize=26908 memory=13612 CPUtime=0.06 cores=4-5
/proc/3552566/stat : 3552566 (perf) S 3552565 3552566 3552523 0 -1 0 1738 237 0 0 6 0 0 0 20 0 1 0 922998729 27553792 3403 17179869184 93824994299904 93824996572973 140737488338256 0 0 0 134217728 4 74274 1 0 0 17 4 0 0 0 0 0 93824998874888 93825001005840 93825001308160 140737488340073 140737488340470 140737488340470 140737488351179 0
/proc/3552566/statm: 6727 3403 2098 555 0 1769 0
[pid=3552570] ppid=3552566 vsize=30832 memory=22764 CPUtime=0.53 cores=4-5
/proc/3552570/stat : 3552570 (clingo) R 3552566 3552566 3552523 0 -1 0 3914 0 0 0 52 1 0 0 20 0 1 0 922998736 31571968 5691 17179869184 93824992301056 93824992468925 140737488338416 0 0 0 134217728 4 25184771 0 0 0 17 4 0 0 0 0 0 93824992533936 93824992571272 93824992575488 140737488340183 140737488340354 140737488340354 140737488351170 0
/proc/3552570/statm: 7708 5691 2088 41 0 3787 0
Current children cumulated CPU time: 0.59 s
Current children cumulated vsize: 57740 KiB
Current children cumulated memory: 36376 KiB

[startup+1.50034 s]
/proc/loadavg: 14.43 14.45 13.34 15/842 3552652
/proc/meminfo: memFree=386099332/528004520 swapFree=8388604/8388604
[pid=3552566] ppid=3552565 vsize=26908 memory=13612 CPUtime=0.06 cores=4-5
/proc/3552566/stat : 3552566 (perf) S 3552565 3552566 3552523 0 -1 0 1738 237 0 0 6 0 0 0 20 0 1 0 922998729 27553792 3403 17179869184 93824994299904 93824996572973 140737488338256 0 0 0 134217728 4 74274 1 0 0 17 4 0 0 0 0 0 93824998874888 93825001005840 93825001308160 140737488340073 140737488340470 140737488340470 140737488351179 0
/proc/3552566/statm: 6727 3403 2098 555 0 1769 0
[pid=3552570] ppid=3552566 vsize=35344 memory=27252 CPUtime=1.33 cores=4-5
/proc/3552570/stat : 3552570 (clingo) R 3552566 3552566 3552523 0 -1 0 5023 0 0 0 132 1 0 0 20 0 1 0 922998736 36192256 6813 17179869184 93824992301056 93824992468925 140737488338416 0 0 0 134217728 4 25184771 0 0 0 17 4 0 0 0 0 0 93824992533936 93824992571272 93824992575488 140737488340183 140737488340354 140737488340354 140737488351170 0
/proc/3552570/statm: 8836 6813 2088 41 0 4915 0
Current children cumulated CPU time: 1.39 s
Current children cumulated vsize: 62252 KiB
Current children cumulated memory: 40864 KiB

[startup+3.11814 s]
/proc/loadavg: 14.43 14.45 13.34 15/845 3552883
/proc/meminfo: memFree=386252328/528004520 swapFree=8388604/8388604
[pid=3552566] ppid=3552565 vsize=26908 memory=13612 CPUtime=0.06 cores=4-5
/proc/3552566/stat : 3552566 (perf) S 3552565 3552566 3552523 0 -1 0 1738 237 0 0 6 0 0 0 20 0 1 0 922998729 27553792 3403 17179869184 93824994299904 93824996572973 140737488338256 0 0 0 134217728 4 74274 1 0 0 17 4 0 0 0 0 0 93824998874888 93825001005840 93825001308160 140737488340073 140737488340470 140737488340470 140737488351179 0
/proc/3552566/statm: 6727 3403 2098 555 0 1769 0
[pid=3552570] ppid=3552566 vsize=37148 memory=29096 CPUtime=2.94 cores=4-5
/proc/3552570/stat : 3552570 (clingo) R 3552566 3552566 3552523 0 -1 0 5610 0 0 0 293 1 0 0 20 0 1 0 922998736 38039552 7274 17179869184 93824992301056 93824992468925 140737488338416 0 0 0 134217728 4 25184771 0 0 0 17 4 0 0 0 0 0 93824992533936 93824992571272 93824992575488 140737488340183 140737488340354 140737488340354 140737488351170 0
/proc/3552570/statm: 9287 7274 2088 41 0 5366 0
Current children cumulated CPU time: 3 s
Current children cumulated vsize: 64056 KiB
Current children cumulated memory: 42708 KiB

[startup+6.30028 s]
/proc/loadavg: 14.39 14.45 13.34 16/845 3552986
/proc/meminfo: memFree=386204364/528004520 swapFree=8388604/8388604
[pid=3552566] ppid=3552565 vsize=26908 memory=13612 CPUtime=0.06 cores=4-5
/proc/3552566/stat : 3552566 (perf) S 3552565 3552566 3552523 0 -1 0 1738 237 0 0 6 0 0 0 20 0 1 0 922998729 27553792 3403 17179869184 93824994299904 93824996572973 140737488338256 0 0 0 134217728 4 74274 1 0 0 17 4 0 0 0 0 0 93824998874888 93825001005840 93825001308160 140737488340073 140737488340470 140737488340470 140737488351179 0
/proc/3552566/statm: 6727 3403 2098 555 0 1769 0
[pid=3552570] ppid=3552566 vsize=41600 memory=33372 CPUtime=6.12 cores=4-5
/proc/3552570/stat : 3552570 (clingo) R 3552566 3552566 3552523 0 -1 0 6915 0 0 0 611 1 0 0 20 0 1 0 922998736 42598400 8343 17179869184 93824992301056 93824992468925 140737488338416 0 0 0 134217728 4 25184771 0 0 0 17 4 0 0 0 0 0 93824992533936 93824992571272 93824992575488 140737488340183 140737488340354 140737488340354 140737488351170 0
/proc/3552570/statm: 10400 8343 2088 41 0 6479 0
Current children cumulated CPU time: 6.18 s
Current children cumulated vsize: 68508 KiB
Current children cumulated memory: 46984 KiB

[startup+12.7003 s]
/proc/loadavg: 14.36 14.44 13.35 16/845 3552986
/proc/meminfo: memFree=386140820/528004520 swapFree=8388604/8388604
[pid=3552566] ppid=3552565 vsize=26908 memory=13612 CPUtime=0.06 cores=4-5
/proc/3552566/stat : 3552566 (perf) S 3552565 3552566 3552523 0 -1 0 1738 237 0 0 6 0 0 0 20 0 1 0 922998729 27553792 3403 17179869184 93824994299904 93824996572973 140737488338256 0 0 0 134217728 4 74274 1 0 0 17 4 0 0 0 0 0 93824998874888 93825001005840 93825001308160 140737488340073 140737488340470 140737488340470 140737488351179 0
/proc/3552566/statm: 6727 3403 2098 555 0 1769 0
[pid=3552570] ppid=3552566 vsize=47012 memory=39064 CPUtime=12.53 cores=4-5
/proc/3552570/stat : 3552570 (clingo) R 3552566 3552566 3552523 0 -1 0 8545 0 0 0 1251 2 0 0 20 0 1 0 922998736 48140288 9766 17179869184 93824992301056 93824992468925 140737488338416 0 0 0 134217728 4 25184771 0 0 0 17 4 0 0 0 0 0 93824992533936 93824992571272 93824992575488 140737488340183 140737488340354 140737488340354 140737488351170 0
/proc/3552570/statm: 11753 9766 2088 41 0 7832 0
Current children cumulated CPU time: 12.59 s
Current children cumulated vsize: 73920 KiB
Current children cumulated memory: 52676 KiB

[startup+25.5004 s]
/proc/loadavg: 14.28 14.42 13.36 16/845 3552987
/proc/meminfo: memFree=386051476/528004520 swapFree=8388604/8388604
[pid=3552566] ppid=3552565 vsize=26908 memory=13612 CPUtime=0.06 cores=4-5
/proc/3552566/stat : 3552566 (perf) S 3552565 3552566 3552523 0 -1 0 1738 237 0 0 6 0 0 0 20 0 1 0 922998729 27553792 3403 17179869184 93824994299904 93824996572973 140737488338256 0 0 0 134217728 4 74274 1 0 0 17 4 0 0 0 0 0 93824998874888 93825001005840 93825001308160 140737488340073 140737488340470 140737488340470 140737488351179 0
/proc/3552566/statm: 6727 3403 2098 555 0 1769 0
[pid=3552570] ppid=3552566 vsize=54768 memory=46776 CPUtime=25.32 cores=4-5
/proc/3552570/stat : 3552570 (clingo) R 3552566 3552566 3552523 0 -1 0 11601 0 0 0 2530 2 0 0 20 0 1 0 922998736 56082432 11694 17179869184 93824992301056 93824992468925 140737488338416 0 0 0 134217728 4 25184771 0 0 0 17 4 0 0 0 0 0 93824992533936 93824992571272 93824992575488 140737488340183 140737488340354 140737488340354 140737488351170 0
/proc/3552570/statm: 13692 11694 2088 41 0 9771 0
Current children cumulated CPU time: 25.38 s
Current children cumulated vsize: 81676 KiB
Current children cumulated memory: 60388 KiB

[startup+51.1185 s]
/proc/loadavg: 14.24 14.40 13.38 16/845 3552987
/proc/meminfo: memFree=385946132/528004520 swapFree=8388604/8388604
[pid=3552566] ppid=3552565 vsize=26908 memory=13612 CPUtime=0.06 cores=4-5
/proc/3552566/stat : 3552566 (perf) S 3552565 3552566 3552523 0 -1 0 1738 237 0 0 6 0 0 0 20 0 1 0 922998729 27553792 3403 17179869184 93824994299904 93824996572973 140737488338256 0 0 0 134217728 4 74274 1 0 0 17 4 0 0 0 0 0 93824998874888 93825001005840 93825001308160 140737488340073 140737488340470 140737488340470 140737488351179 0
/proc/3552566/statm: 6727 3403 2098 555 0 1769 0
[pid=3552570] ppid=3552566 vsize=62808 memory=54592 CPUtime=50.95 cores=4-5
/proc/3552570/stat : 3552570 (clingo) R 3552566 3552566 3552523 0 -1 0 15268 0 0 0 5092 3 0 0 20 0 1 0 922998736 64315392 13648 17179869184 93824992301056 93824992468925 140737488338416 0 0 0 134217728 4 25184771 0 0 0 17 4 0 0 0 0 0 93824992533936 93824992571272 93824992575488 140737488340183 140737488340354 140737488340354 140737488351170 0
/proc/3552570/statm: 15702 13648 2088 41 0 11781 0
Current children cumulated CPU time: 51.01 s
Current children cumulated vsize: 89716 KiB
Current children cumulated memory: 68204 KiB

[startup+102.3 s]
/proc/loadavg: 14.10 14.33 13.41 16/846 3553034
/proc/meminfo: memFree=385803756/528004520 swapFree=8388604/8388604
[pid=3552566] ppid=3552565 vsize=26908 memory=13612 CPUtime=0.06 cores=4-5
/proc/3552566/stat : 3552566 (perf) S 3552565 3552566 3552523 0 -1 0 1738 237 0 0 6 0 0 0 20 0 1 0 922998729 27553792 3403 17179869184 93824994299904 93824996572973 140737488338256 0 0 0 134217728 4 74274 1 0 0 17 4 0 0 0 0 0 93824998874888 93825001005840 93825001308160 140737488340073 140737488340470 140737488340470 140737488351179 0
/proc/3552566/statm: 6727 3403 2098 555 0 1769 0
[pid=3552570] ppid=3552566 vsize=76884 memory=68556 CPUtime=102.12 cores=4-5
/proc/3552570/stat : 3552570 (clingo) R 3552566 3552566 3552523 0 -1 0 22099 0 0 0 10207 5 0 0 20 0 1 0 922998736 78729216 17139 17179869184 93824992301056 93824992468925 140737488338416 0 0 0 134217728 4 25184771 0 0 0 17 4 0 0 0 0 0 93824992533936 93824992571272 93824992575488 140737488340183 140737488340354 140737488340354 140737488351170 0
/proc/3552570/statm: 19221 17139 2088 41 0 15300 0
Current children cumulated CPU time: 102.18 s
Current children cumulated vsize: 103792 KiB
Current children cumulated memory: 82168 KiB

[startup+162.3 s]
/proc/loadavg: 14.11 14.29 13.46 16/846 3553037
/proc/meminfo: memFree=385683332/528004520 swapFree=8388604/8388604
[pid=3552566] ppid=3552565 vsize=26908 memory=13612 CPUtime=0.06 cores=4-5
/proc/3552566/stat : 3552566 (perf) S 3552565 3552566 3552523 0 -1 0 1738 237 0 0 6 0 0 0 20 0 1 0 922998729 27553792 3403 17179869184 93824994299904 93824996572973 140737488338256 0 0 0 134217728 4 74274 1 0 0 17 4 0 0 0 0 0 93824998874888 93825001005840 93825001308160 140737488340073 140737488340470 140737488340470 140737488351179 0
/proc/3552566/statm: 6727 3403 2098 555 0 1769 0
[pid=3552570] ppid=3552566 vsize=83400 memory=75248 CPUtime=162.12 cores=4-5
/proc/3552570/stat : 3552570 (clingo) R 3552566 3552566 3552523 0 -1 0 27358 0 0 0 16206 6 0 0 20 0 1 0 922998736 85401600 18812 17179869184 93824992301056 93824992468925 140737488338416 0 0 0 134217728 4 25184771 0 0 0 17 4 0 0 0 0 0 93824992533936 93824992571272 93824992575488 140737488340183 140737488340354 140737488340354 140737488351170 0
/proc/3552570/statm: 20850 18812 2088 41 0 16929 0
Current children cumulated CPU time: 162.18 s
Current children cumulated vsize: 110308 KiB
Current children cumulated memory: 88860 KiB

[startup+222.3 s]
/proc/loadavg: 14.04 14.23 13.50 16/846 3553040
/proc/meminfo: memFree=385581952/528004520 swapFree=8388604/8388604
[pid=3552566] ppid=3552565 vsize=26908 memory=13612 CPUtime=0.06 cores=4-5
/proc/3552566/stat : 3552566 (perf) S 3552565 3552566 3552523 0 -1 0 1738 237 0 0 6 0 0 0 20 0 1 0 922998729 27553792 3403 17179869184 93824994299904 93824996572973 140737488338256 0 0 0 134217728 4 74274 1 0 0 17 4 0 0 0 0 0 93824998874888 93825001005840 93825001308160 140737488340073 140737488340470 140737488340470 140737488351179 0
/proc/3552566/statm: 6727 3403 2098 555 0 1769 0
[pid=3552570] ppid=3552566 vsize=91948 memory=83744 CPUtime=222.12 cores=4-5
/proc/3552570/stat : 3552570 (clingo) R 3552566 3552566 3552523 0 -1 0 31562 0 0 0 22205 7 0 0 20 0 1 0 922998736 94154752 20936 17179869184 93824992301056 93824992468925 140737488338416 0 0 0 134217728 4 25184771 0 0 0 17 4 0 0 0 0 0 93824992533936 93824992571272 93824992575488 140737488340183 140737488340354 140737488340354 140737488351170 0
/proc/3552570/statm: 22987 20936 2088 41 0 19066 0
Current children cumulated CPU time: 222.18 s
Current children cumulated vsize: 118856 KiB
Current children cumulated memory: 97356 KiB

[startup+282.3 s]
/proc/loadavg: 14.09 14.20 13.54 16/846 3553043
/proc/meminfo: memFree=385491768/528004520 swapFree=8388604/8388604
[pid=3552566] ppid=3552565 vsize=26908 memory=13612 CPUtime=0.06 cores=4-5
/proc/3552566/stat : 3552566 (perf) S 3552565 3552566 3552523 0 -1 0 1738 237 0 0 6 0 0 0 20 0 1 0 922998729 27553792 3403 17179869184 93824994299904 93824996572973 140737488338256 0 0 0 134217728 4 74274 1 0 0 17 4 0 0 0 0 0 93824998874888 93825001005840 93825001308160 140737488340073 140737488340470 140737488340470 140737488351179 0
/proc/3552566/statm: 6727 3403 2098 555 0 1769 0
[pid=3552570] ppid=3552566 vsize=100076 memory=91836 CPUtime=282.12 cores=4-5
/proc/3552570/stat : 3552570 (clingo) R 3552566 3552566 3552523 0 -1 0 36535 0 0 0 28205 7 0 0 20 0 1 0 922998736 102477824 22959 17179869184 93824992301056 93824992468925 140737488338416 0 0 0 134217728 4 25184771 0 0 0 17 4 0 0 0 0 0 93824992533936 93824992571272 93824992575488 140737488340183 140737488340354 140737488340354 140737488351170 0
/proc/3552570/statm: 25019 22959 2088 41 0 21098 0
Current children cumulated CPU time: 282.18 s
Current children cumulated vsize: 126984 KiB
Current children cumulated memory: 105448 KiB

[startup+342.3 s]
/proc/loadavg: 14.03 14.16 13.57 16/820 3553048
/proc/meminfo: memFree=385422036/528004520 swapFree=8388604/8388604
[pid=3552566] ppid=3552565 vsize=26908 memory=13612 CPUtime=0.06 cores=4-5
/proc/3552566/stat : 3552566 (perf) S 3552565 3552566 3552523 0 -1 0 1738 237 0 0 6 0 0 0 20 0 1 0 922998729 27553792 3403 17179869184 93824994299904 93824996572973 140737488338256 0 0 0 134217728 4 74274 1 0 0 17 4 0 0 0 0 0 93824998874888 93825001005840 93825001308160 140737488340073 140737488340470 140737488340470 140737488351179 0
/proc/3552566/statm: 6727 3403 2098 555 0 1769 0
[pid=3552570] ppid=3552566 vsize=103984 memory=95576 CPUtime=342.12 cores=4-5
/proc/3552570/stat : 3552570 (clingo) R 3552566 3552566 3552523 0 -1 0 37605 0 0 0 34205 7 0 0 20 0 1 0 922998736 106479616 23894 17179869184 93824992301056 93824992468925 140737488338416 0 0 0 134217728 4 25184771 0 0 0 17 4 0 0 0 0 0 93824992533936 93824992571272 93824992575488 140737488340183 140737488340354 140737488340354 140737488351170 0
/proc/3552570/statm: 25996 23894 2088 41 0 22075 0
Current children cumulated CPU time: 342.18 s
Current children cumulated vsize: 130892 KiB
Current children cumulated memory: 109188 KiB

[startup+402.3 s]
/proc/loadavg: 14.16 14.17 13.61 16/818 3553052
/proc/meminfo: memFree=385350776/528004520 swapFree=8388604/8388604
[pid=3552566] ppid=3552565 vsize=26908 memory=13612 CPUtime=0.06 cores=4-5
/proc/3552566/stat : 3552566 (perf) S 3552565 3552566 3552523 0 -1 0 1738 237 0 0 6 0 0 0 20 0 1 0 922998729 27553792 3403 17179869184 93824994299904 93824996572973 140737488338256 0 0 0 134217728 4 74274 1 0 0 17 4 0 0 0 0 0 93824998874888 93825001005840 93825001308160 140737488340073 140737488340470 140737488340470 140737488351179 0
/proc/3552566/statm: 6727 3403 2098 555 0 1769 0
[pid=3552570] ppid=3552566 vsize=107836 memory=99636 CPUtime=402.12 cores=4-5
/proc/3552570/stat : 3552570 (clingo) R 3552566 3552566 3552523 0 -1 0 40036 0 0 0 40205 7 0 0 20 0 1 0 922998736 110424064 24909 17179869184 93824992301056 93824992468925 140737488338416 0 0 0 134217728 4 25184771 0 0 0 17 4 0 0 0 0 0 93824992533936 93824992571272 93824992575488 140737488340183 140737488340354 140737488340354 140737488351170 0
/proc/3552570/statm: 26959 24909 2088 41 0 23038 0
Current children cumulated CPU time: 402.18 s
Current children cumulated vsize: 134744 KiB
Current children cumulated memory: 113248 KiB

[startup+462.3 s]
/proc/loadavg: 14.20 14.19 13.65 16/818 3553055
/proc/meminfo: memFree=385292080/528004520 swapFree=8388604/8388604
[pid=3552566] ppid=3552565 vsize=26908 memory=13612 CPUtime=0.06 cores=4-5
/proc/3552566/stat : 3552566 (perf) S 3552565 3552566 3552523 0 -1 0 1738 237 0 0 6 0 0 0 20 0 1 0 922998729 27553792 3403 17179869184 93824994299904 93824996572973 140737488338256 0 0 0 134217728 4 74274 1 0 0 17 4 0 0 0 0 0 93824998874888 93825001005840 93825001308160 140737488340073 140737488340470 140737488340470 140737488351179 0
/proc/3552566/statm: 6727 3403 2098 555 0 1769 0
[pid=3552570] ppid=3552566 vsize=112456 memory=104252 CPUtime=462.13 cores=4-5
/proc/3552570/stat : 3552570 (clingo) R 3552566 3552566 3552523 0 -1 0 42479 0 0 0 46204 9 0 0 20 0 1 0 922998736 115154944 26063 17179869184 93824992301056 93824992468925 140737488338416 0 0 0 134217728 4 25184771 0 0 0 17 4 0 0 0 0 0 93824992533936 93824992571272 93824992575488 140737488340183 140737488340354 140737488340354 140737488351170 0
/proc/3552570/statm: 28114 26063 2088 41 0 24193 0
Current children cumulated CPU time: 462.19 s
Current children cumulated vsize: 139364 KiB
Current children cumulated memory: 117864 KiB

[startup+522.3 s]
/proc/loadavg: 14.63 14.31 13.73 16/818 3553059
/proc/meminfo: memFree=385250800/528004520 swapFree=8388604/8388604
[pid=3552566] ppid=3552565 vsize=26908 memory=13612 CPUtime=0.06 cores=4-5
/proc/3552566/stat : 3552566 (perf) S 3552565 3552566 3552523 0 -1 0 1738 237 0 0 6 0 0 0 20 0 1 0 922998729 27553792 3403 17179869184 93824994299904 93824996572973 140737488338256 0 0 0 134217728 4 74274 1 0 0 17 4 0 0 0 0 0 93824998874888 93825001005840 93825001308160 140737488340073 140737488340470 140737488340470 140737488351179 0
/proc/3552566/statm: 6727 3403 2098 555 0 1769 0
[pid=3552570] ppid=3552566 vsize=112584 memory=104420 CPUtime=522.12 cores=4-5
/proc/3552570/stat : 3552570 (clingo) R 3552566 3552566 3552523 0 -1 0 45645 0 0 0 52203 9 0 0 20 0 1 0 922998736 115286016 26105 17179869184 93824992301056 93824992468925 140737488338416 0 0 0 134217728 4 25184771 0 0 0 17 4 0 0 0 0 0 93824992533936 93824992571272 93824992575488 140737488340183 140737488340354 140737488340354 140737488351170 0
/proc/3552570/statm: 28146 26105 2088 41 0 24225 0
Current children cumulated CPU time: 522.18 s
Current children cumulated vsize: 139492 KiB
Current children cumulated memory: 118032 KiB

[startup+582.3 s]
/proc/loadavg: 14.35 14.28 13.76 16/818 3553063
/proc/meminfo: memFree=385197176/528004520 swapFree=8388604/8388604
[pid=3552566] ppid=3552565 vsize=26908 memory=13612 CPUtime=0.06 cores=4-5
/proc/3552566/stat : 3552566 (perf) S 3552565 3552566 3552523 0 -1 0 1738 237 0 0 6 0 0 0 20 0 1 0 922998729 27553792 3403 17179869184 93824994299904 93824996572973 140737488338256 0 0 0 134217728 4 74274 1 0 0 17 4 0 0 0 0 0 93824998874888 93825001005840 93825001308160 140737488340073 140737488340470 140737488340470 140737488351179 0
/proc/3552566/statm: 6727 3403 2098 555 0 1769 0
[pid=3552570] ppid=3552566 vsize=118780 memory=110552 CPUtime=582.12 cores=4-5
/proc/3552570/stat : 3552570 (clingo) R 3552566 3552566 3552523 0 -1 0 49360 0 0 0 58203 9 0 0 20 0 1 0 922998736 121630720 27638 17179869184 93824992301056 93824992468925 140737488338416 0 0 0 134217728 4 25184771 0 0 0 17 4 0 0 0 0 0 93824992533936 93824992571272 93824992575488 140737488340183 140737488340354 140737488340354 140737488351170 0
/proc/3552570/statm: 29695 27638 2088 41 0 25774 0
Current children cumulated CPU time: 582.18 s
Current children cumulated vsize: 145688 KiB
Current children cumulated memory: 124164 KiB

[startup+642.3 s]
/proc/loadavg: 14.12 14.23 13.78 16/818 3553066
/proc/meminfo: memFree=385145268/528004520 swapFree=8388604/8388604
[pid=3552566] ppid=3552565 vsize=26908 memory=13612 CPUtime=0.06 cores=4-5
/proc/3552566/stat : 3552566 (perf) S 3552565 3552566 3552523 0 -1 0 1738 237 0 0 6 0 0 0 20 0 1 0 922998729 27553792 3403 17179869184 93824994299904 93824996572973 140737488338256 0 0 0 134217728 4 74274 1 0 0 17 4 0 0 0 0 0 93824998874888 93825001005840 93825001308160 140737488340073 140737488340470 140737488340470 140737488351179 0
/proc/3552566/statm: 6727 3403 2098 555 0 1769 0
[pid=3552570] ppid=3552566 vsize=126032 memory=117760 CPUtime=642.12 cores=4-5
/proc/3552570/stat : 3552570 (clingo) R 3552566 3552566 3552523 0 -1 0 53288 0 0 0 64202 10 0 0 20 0 1 0 922998736 129056768 29440 17179869184 93824992301056 93824992468925 140737488338416 0 0 0 134217728 4 25184771 0 0 0 17 4 0 0 0 0 0 93824992533936 93824992571272 93824992575488 140737488340183 140737488340354 140737488340354 140737488351170 0
/proc/3552570/statm: 31508 29440 2088 41 0 27587 0
Current children cumulated CPU time: 642.18 s
Current children cumulated vsize: 152940 KiB
Current children cumulated memory: 131372 KiB

[startup+702.3 s]
/proc/loadavg: 14.08 14.20 13.80 16/816 3553069
/proc/meminfo: memFree=385098008/528004520 swapFree=8388604/8388604
[pid=3552566] ppid=3552565 vsize=26908 memory=13612 CPUtime=0.06 cores=4-5
/proc/3552566/stat : 3552566 (perf) S 3552565 3552566 3552523 0 -1 0 1738 237 0 0 6 0 0 0 20 0 1 0 922998729 27553792 3403 17179869184 93824994299904 93824996572973 140737488338256 0 0 0 134217728 4 74274 1 0 0 17 4 0 0 0 0 0 93824998874888 93825001005840 93825001308160 140737488340073 140737488340470 140737488340470 140737488351179 0
/proc/3552566/statm: 6727 3403 2098 555 0 1769 0
[pid=3552570] ppid=3552566 vsize=130456 memory=122088 CPUtime=702.12 cores=4-5
/proc/3552570/stat : 3552570 (clingo) R 3552566 3552566 3552523 0 -1 0 55014 0 0 0 70202 10 0 0 20 0 1 0 922998736 133586944 30522 17179869184 93824992301056 93824992468925 140737488338416 0 0 0 134217728 4 25184771 0 0 0 17 4 0 0 0 0 0 93824992533936 93824992571272 93824992575488 140737488340183 140737488340354 140737488340354 140737488351170 0
/proc/3552570/statm: 32614 30522 2088 41 0 28693 0
Current children cumulated CPU time: 702.18 s
Current children cumulated vsize: 157364 KiB
Current children cumulated memory: 135700 KiB

[startup+762.3 s]
/proc/loadavg: 14.03 14.16 13.82 16/817 3553072
/proc/meminfo: memFree=385054700/528004520 swapFree=8388604/8388604
[pid=3552566] ppid=3552565 vsize=26908 memory=13612 CPUtime=0.06 cores=4-5
/proc/3552566/stat : 3552566 (perf) S 3552565 3552566 3552523 0 -1 0 1738 237 0 0 6 0 0 0 20 0 1 0 922998729 27553792 3403 17179869184 93824994299904 93824996572973 140737488338256 0 0 0 134217728 4 74274 1 0 0 17 4 0 0 0 0 0 93824998874888 93825001005840 93825001308160 140737488340073 140737488340470 140737488340470 140737488351179 0
/proc/3552566/statm: 6727 3403 2098 555 0 1769 0
[pid=3552570] ppid=3552566 vsize=137000 memory=128656 CPUtime=762.12 cores=4-5
/proc/3552570/stat : 3552570 (clingo) R 3552566 3552566 3552523 0 -1 0 58196 0 0 0 76201 11 0 0 20 0 1 0 922998736 140288000 32164 17179869184 93824992301056 93824992468925 140737488338416 0 0 0 134217728 4 25184771 0 0 0 17 4 0 0 0 0 0 93824992533936 93824992571272 93824992575488 140737488340183 140737488340354 140737488340354 140737488351170 0
/proc/3552570/statm: 34250 32164 2088 41 0 30329 0
Current children cumulated CPU time: 762.18 s
Current children cumulated vsize: 163908 KiB
Current children cumulated memory: 142268 KiB

[startup+822.3 s]
/proc/loadavg: 14.25 14.20 13.86 16/817 3553075
/proc/meminfo: memFree=385014400/528004520 swapFree=8388604/8388604
[pid=3552566] ppid=3552565 vsize=26908 memory=13612 CPUtime=0.06 cores=4-5
/proc/3552566/stat : 3552566 (perf) S 3552565 3552566 3552523 0 -1 0 1738 237 0 0 6 0 0 0 20 0 1 0 922998729 27553792 3403 17179869184 93824994299904 93824996572973 140737488338256 0 0 0 134217728 4 74274 1 0 0 17 4 0 0 0 0 0 93824998874888 93825001005840 93825001308160 140737488340073 140737488340470 140737488340470 140737488351179 0
/proc/3552566/statm: 6727 3403 2098 555 0 1769 0
[pid=3552570] ppid=3552566 vsize=137584 memory=129088 CPUtime=822.12 cores=4-5
/proc/3552570/stat : 3552570 (clingo) R 3552566 3552566 3552523 0 -1 0 58610 0 0 0 82201 11 0 0 20 0 1 0 922998736 140886016 32272 17179869184 93824992301056 93824992468925 140737488338416 0 0 0 134217728 4 25184771 0 0 0 17 4 0 0 0 0 0 93824992533936 93824992571272 93824992575488 140737488340183 140737488340354 140737488340354 140737488351170 0
/proc/3552570/statm: 34396 32272 2088 41 0 30475 0
Current children cumulated CPU time: 822.18 s
Current children cumulated vsize: 164492 KiB
Current children cumulated memory: 142700 KiB

[startup+882.3 s]
/proc/loadavg: 14.13 14.18 13.87 16/817 3553078
/proc/meminfo: memFree=384972836/528004520 swapFree=8388604/8388604
[pid=3552566] ppid=3552565 vsize=26908 memory=13612 CPUtime=0.06 cores=4-5
/proc/3552566/stat : 3552566 (perf) S 3552565 3552566 3552523 0 -1 0 1738 237 0 0 6 0 0 0 20 0 1 0 922998729 27553792 3403 17179869184 93824994299904 93824996572973 140737488338256 0 0 0 134217728 4 74274 1 0 0 17 4 0 0 0 0 0 93824998874888 93825001005840 93825001308160 140737488340073 140737488340470 140737488340470 140737488351179 0
/proc/3552566/statm: 6727 3403 2098 555 0 1769 0
[pid=3552570] ppid=3552566 vsize=137188 memory=128832 CPUtime=882.12 cores=4-5
/proc/3552570/stat : 3552570 (clingo) R 3552566 3552566 3552523 0 -1 0 60151 0 0 0 88200 12 0 0 20 0 1 0 922998736 140480512 32208 17179869184 93824992301056 93824992468925 140737488338416 0 0 0 134217728 4 25184771 0 0 0 17 4 0 0 0 0 0 93824992533936 93824992571272 93824992575488 140737488340183 140737488340354 140737488340354 140737488351170 0
/proc/3552570/statm: 34297 32208 2088 41 0 30376 0
Current children cumulated CPU time: 882.18 s
Current children cumulated vsize: 164096 KiB
Current children cumulated memory: 142444 KiB

[startup+942.3 s]
/proc/loadavg: 14.04 14.14 13.89 16/817 3553082
/proc/meminfo: memFree=384943156/528004520 swapFree=8388604/8388604
[pid=3552566] ppid=3552565 vsize=26908 memory=13612 CPUtime=0.06 cores=4-5
/proc/3552566/stat : 3552566 (perf) S 3552565 3552566 3552523 0 -1 0 1738 237 0 0 6 0 0 0 20 0 1 0 922998729 27553792 3403 17179869184 93824994299904 93824996572973 140737488338256 0 0 0 134217728 4 74274 1 0 0 17 4 0 0 0 0 0 93824998874888 93825001005840 93825001308160 140737488340073 140737488340470 140737488340470 140737488351179 0
/proc/3552566/statm: 6727 3403 2098 555 0 1769 0
[pid=3552570] ppid=3552566 vsize=141684 memory=133292 CPUtime=942.12 cores=4-5
/proc/3552570/stat : 3552570 (clingo) R 3552566 3552566 3552523 0 -1 0 63424 0 0 0 94199 13 0 0 20 0 1 0 922998736 145084416 33323 17179869184 93824992301056 93824992468925 140737488338416 0 0 0 134217728 4 25184771 0 0 0 17 4 0 0 0 0 0 93824992533936 93824992571272 93824992575488 140737488340183 140737488340354 140737488340354 140737488351170 0
/proc/3552570/statm: 35421 33323 2088 41 0 31500 0
Current children cumulated CPU time: 942.18 s
Current children cumulated vsize: 168592 KiB
Current children cumulated memory: 146904 KiB

[startup+1002.3 s]
/proc/loadavg: 14.01 14.12 13.90 16/817 3553085
/proc/meminfo: memFree=384894796/528004520 swapFree=8388604/8388604
[pid=3552566] ppid=3552565 vsize=26908 memory=13612 CPUtime=0.06 cores=4-5
/proc/3552566/stat : 3552566 (perf) S 3552565 3552566 3552523 0 -1 0 1738 237 0 0 6 0 0 0 20 0 1 0 922998729 27553792 3403 17179869184 93824994299904 93824996572973 140737488338256 0 0 0 134217728 4 74274 1 0 0 17 4 0 0 0 0 0 93824998874888 93825001005840 93825001308160 140737488340073 140737488340470 140737488340470 140737488351179 0
/proc/3552566/statm: 6727 3403 2098 555 0 1769 0
[pid=3552570] ppid=3552566 vsize=145780 memory=137408 CPUtime=1002.12 cores=4-5
/proc/3552570/stat : 3552570 (clingo) R 3552566 3552566 3552523 0 -1 0 65714 0 0 0 100199 13 0 0 20 0 1 0 922998736 149278720 34352 17179869184 93824992301056 93824992468925 140737488338416 0 0 0 134217728 4 25184771 0 0 0 17 4 0 0 0 0 0 93824992533936 93824992571272 93824992575488 140737488340183 140737488340354 140737488340354 140737488351170 0
/proc/3552570/statm: 36445 34352 2088 41 0 32524 0
Current children cumulated CPU time: 1002.18 s
Current children cumulated vsize: 172688 KiB
Current children cumulated memory: 151020 KiB

[startup+1062.3 s]
/proc/loadavg: 14.22 14.17 13.93 16/816 3553087
/proc/meminfo: memFree=384860028/528004520 swapFree=8388604/8388604
[pid=3552566] ppid=3552565 vsize=26908 memory=13612 CPUtime=0.06 cores=4-5
/proc/3552566/stat : 3552566 (perf) S 3552565 3552566 3552523 0 -1 0 1738 237 0 0 6 0 0 0 20 0 1 0 922998729 27553792 3403 17179869184 93824994299904 93824996572973 140737488338256 0 0 0 134217728 4 74274 1 0 0 17 4 0 0 0 0 0 93824998874888 93825001005840 93825001308160 140737488340073 140737488340470 140737488340470 140737488351179 0
/proc/3552566/statm: 6727 3403 2098 555 0 1769 0
[pid=3552570] ppid=3552566 vsize=149816 memory=141448 CPUtime=1062.12 cores=4-5
/proc/3552570/stat : 3552570 (clingo) R 3552566 3552566 3552523 0 -1 0 67245 0 0 0 106198 14 0 0 20 0 1 0 922998736 153411584 35362 17179869184 93824992301056 93824992468925 140737488338416 0 0 0 134217728 4 25184771 0 0 0 17 4 0 0 0 0 0 93824992533936 93824992571272 93824992575488 140737488340183 140737488340354 140737488340354 140737488351170 0
/proc/3552570/statm: 37454 35362 2088 41 0 33533 0
Current children cumulated CPU time: 1062.18 s
Current children cumulated vsize: 176724 KiB
Current children cumulated memory: 155060 KiB

[startup+1122.3 s]
/proc/loadavg: 16.26 14.78 14.16 16/816 3553090
/proc/meminfo: memFree=384833352/528004520 swapFree=8388604/8388604
[pid=3552566] ppid=3552565 vsize=26908 memory=13612 CPUtime=0.06 cores=4-5
/proc/3552566/stat : 3552566 (perf) S 3552565 3552566 3552523 0 -1 0 1738 237 0 0 6 0 0 0 20 0 1 0 922998729 27553792 3403 17179869184 93824994299904 93824996572973 140737488338256 0 0 0 134217728 4 74274 1 0 0 17 4 0 0 0 0 0 93824998874888 93825001005840 93825001308160 140737488340073 140737488340470 140737488340470 140737488351179 0
/proc/3552566/statm: 6727 3403 2098 555 0 1769 0
[pid=3552570] ppid=3552566 vsize=149816 memory=141448 CPUtime=1122.12 cores=4-5
/proc/3552570/stat : 3552570 (clingo) R 3552566 3552566 3552523 0 -1 0 67250 0 0 0 112198 14 0 0 20 0 1 0 922998736 153411584 35362 17179869184 93824992301056 93824992468925 140737488338416 0 0 0 134217728 4 25184771 0 0 0 17 4 0 0 0 0 0 93824992533936 93824992571272 93824992575488 140737488340183 140737488340354 140737488340354 140737488351170 0
/proc/3552570/statm: 37454 35362 2088 41 0 33533 0
Current children cumulated CPU time: 1122.18 s
Current children cumulated vsize: 176724 KiB
Current children cumulated memory: 155060 KiB

[startup+1182.3 s]
/proc/loadavg: 14.91 14.66 14.16 16/817 3553095
/proc/meminfo: memFree=384802392/528004520 swapFree=8388604/8388604
[pid=3552566] ppid=3552565 vsize=26908 memory=13612 CPUtime=0.06 cores=4-5
/proc/3552566/stat : 3552566 (perf) S 3552565 3552566 3552523 0 -1 0 1738 237 0 0 6 0 0 0 20 0 1 0 922998729 27553792 3403 17179869184 93824994299904 93824996572973 140737488338256 0 0 0 134217728 4 74274 1 0 0 17 4 0 0 0 0 0 93824998874888 93825001005840 93825001308160 140737488340073 140737488340470 140737488340470 140737488351179 0
/proc/3552566/statm: 6727 3403 2098 555 0 1769 0
[pid=3552570] ppid=3552566 vsize=149948 memory=141496 CPUtime=1182.12 cores=4-5
/proc/3552570/stat : 3552570 (clingo) R 3552566 3552566 3552523 0 -1 0 67366 0 0 0 118198 14 0 0 20 0 1 0 922998736 153546752 35374 17179869184 93824992301056 93824992468925 140737488338416 0 0 0 134217728 4 25184771 0 0 0 17 4 0 0 0 0 0 93824992533936 93824992571272 93824992575488 140737488340183 140737488340354 140737488340354 140737488351170 0
/proc/3552570/statm: 37487 35374 2088 41 0 33566 0
Current children cumulated CPU time: 1182.18 s
Current children cumulated vsize: 176856 KiB
Current children cumulated memory: 155108 KiB



Maximum wall clock time exceeded: sending SIGTERM then SIGKILL

[startup+1205 s]*
/proc/loadavg: 15.08 14.71 14.19 17/838 3554149
/proc/meminfo: memFree=385816420/528004520 swapFree=8388604/8388604
[pid=3552566] ppid=3552565 vsize=26908 memory=13612 CPUtime=0.06 cores=4-5
/proc/3552566/stat : 3552566 (perf) S 3552565 3552566 3552523 0 -1 0 1738 237 0 0 6 0 0 0 20 0 1 0 922998729 27553792 3403 17179869184 93824994299904 93824996572973 140737488338256 0 0 0 134217728 4 74274 1 0 0 17 4 0 0 0 0 0 93824998874888 93825001005840 93825001308160 140737488340073 140737488340470 140737488340470 140737488351179 0
/proc/3552566/statm: 6727 3403 2098 555 0 1769 0
[pid=3552570] ppid=3552566 vsize=150080 memory=141756 CPUtime=1204.83 cores=4-5
/proc/3552570/stat : 3552570 (clingo) R 3552566 3552566 3552523 0 -1 0 67417 0 0 0 120469 14 0 0 20 0 1 0 922998736 153681920 35439 17179869184 93824992301056 93824992468925 140737488338416 0 0 0 134217728 4 25184771 0 0 0 17 4 0 0 0 0 0 93824992533936 93824992571272 93824992575488 140737488340183 140737488340354 140737488340354 140737488351170 0
/proc/3552570/statm: 37520 35439 2088 41 0 33599 0
Current children cumulated CPU time: 1204.89 s
Current children cumulated vsize: 176988 KiB
Current children cumulated memory: 155368 KiB

Sending SIGINT to process tree (bottom up)
Sleeping 5 seconds

[startup+1205.03 s]
# the end of solver process 3552566 was just reported to runsolver
# cumulated CPU time of all completed processes:  user=1204.77 s, system=0.164631 s

Solver just ended.
??? end of watcher thread
Dumping a history of the last processes samples

Child status: 1
Real time (s): 1205.03
CPU time (s): 1204.94
CPU user time (s): 1204.77
CPU system time (s): 0.164631
CPU usage (%): 99.9925
Max. virtual memory (cumulated for all children) (KiB): 177836
Max. memory (cumulated for all children) (KiB): 156032

getrusage(RUSAGE_CHILDREN,...) data:
user time used= 1204.77
system time used= 0.164631
maximum resident set size= 142420
integral shared memory size= 0
integral unshared data size= 0
integral unshared stack size= 0
page reclaims= 69432
page faults= 0
swaps= 0
block input operations= 0
block output operations= 0
messages sent= 0
messages received= 0
signals received= 0
voluntary context switches= 18
involuntary context switches= 1067


# summary of solver processes directly reported to runsolver:
#   pid: 3552566
#   total CPU time (s): 1204.94
#   total CPU user time (s): 1204.77
#   total CPU system time (s): 0.164631

??? end of timestamper thread
runsolver used 7.09555 second user time and 16.3178 second system time

The end
