runsolver version 3.4.0 (svn: 3018) Copyright (C) 2010-2013 Olivier ROUSSEL

This program is distributed in the hope that it will be useful,
but WITHOUT ANY WARRANTY; without even the implied warranty of
MERCHANTABILITY or FITNESS FOR A PARTICULAR PURPOSE.  See the
GNU General Public License for more details.

NUMA information:
  number of nodes: 2
  memory of node 0: 257635 MiB (178630 MiB free)
  memory of node 1: 257994 MiB (182730 MiB free)
  node distances:
     10  20
     20  10

command line: /dev/shm/379adaec-2e81-11f1-ac62-000c298f4621/input/runsolver -w /dev/shm/379adaec-2e81-11f1-ac62-000c298f4621/output/runsolver.log -v /dev/shm/379adaec-2e81-11f1-ac62-000c298f4621/output/varfile.log -W 1205 --rss-swap-limit 16384 -d 5 --sigint /usr/bin/perf stat -B -e task-clock,cache-references,cache-misses,cycles,instructions,branches,faults,migrations,context-switches -o /dev/shm/379adaec-2e81-11f1-ac62-000c298f4621/output/perf.log clingo /home/guests/mmacri/AMOSUM/benchmarks/GraphColouring/encoding-plain-amo.asp /dev/shm/379adaec-2e81-11f1-ac62-000c298f4621/input/0060-graph_colouring-150-0_4320.asp 

running on 2 cores: 18-19

Enforcing wall clock limit (soft limit, will send SIGTERM then SIGKILL): 1205 seconds
Enforcing RSS+Swap limit (soft limit, will send SIGTERM then SIGKILL): 16777216 KiB
Linux 5.15.0-131-generic
Current StackSize limit: 8192 KiB

solver pid=330490, runsolver pid=330481

[startup+0.100063 s]*
/proc/loadavg: 14.01 14.17 14.00 14/805 330538
/proc/meminfo: memFree=370047096/528004516 swapFree=8388604/8388604
[pid=330490] ppid=330481 vsize=26908 memory=13616 CPUtime=0.06 cores=18-19
/proc/330490/stat : 330490 (perf) S 330481 330490 330046 0 -1 0 1738 237 0 0 5 1 0 0 20 0 1 0 923100981 27553792 3404 17179869184 93824994299904 93824996572973 140737488338256 0 0 0 134217728 4 74274 1 0 0 17 19 0 0 0 0 0 93824998874888 93825001005840 93825001308160 140737488340074 140737488340471 140737488340471 140737488351179 0
/proc/330490/statm: 6727 3404 2099 555 0 1769 0
[pid=330537] ppid=330490 vsize=19976 memory=11568 CPUtime=0.03 cores=18-19
/proc/330537/stat : 330537 (clingo) R 330490 330490 330046 0 -1 0 1204 0 0 0 3 0 0 0 20 0 1 0 923100989 20455424 2892 17179869184 93824992301056 93824992468925 140737488338416 0 0 0 134217728 4 25184771 0 0 0 17 18 0 0 0 0 0 93824992533936 93824992571272 93824992575488 140737488340184 140737488340355 140737488340355 140737488351170 0
/proc/330537/statm: 4994 2892 2044 41 0 1073 0
Current children cumulated CPU time: 0.09 s
Current children cumulated vsize: 46884 KiB
Current children cumulated memory: 25184 KiB

[startup+0.218563 s]*
/proc/loadavg: 14.01 14.17 14.00 14/821 330650
/proc/meminfo: memFree=369908688/528004516 swapFree=8388604/8388604
[pid=330490] ppid=330481 vsize=26908 memory=13616 CPUtime=0.06 cores=18-19
/proc/330490/stat : 330490 (perf) S 330481 330490 330046 0 -1 0 1738 237 0 0 5 1 0 0 20 0 1 0 923100981 27553792 3404 17179869184 93824994299904 93824996572973 140737488338256 0 0 0 134217728 4 74274 1 0 0 17 19 0 0 0 0 0 93824998874888 93825001005840 93825001308160 140737488340074 140737488340471 140737488340471 140737488351179 0
/proc/330490/statm: 6727 3404 2099 555 0 1769 0
[pid=330537] ppid=330490 vsize=25760 memory=17816 CPUtime=0.14 cores=18-19
/proc/330537/stat : 330537 (clingo) R 330490 330490 330046 0 -1 0 2670 0 0 0 14 0 0 0 20 0 1 0 923100989 26378240 4454 17179869184 93824992301056 93824992468925 140737488338416 0 0 0 134217728 4 25184771 0 0 0 17 18 0 0 0 0 0 93824992533936 93824992571272 93824992575488 140737488340184 140737488340355 140737488340355 140737488351170 0
/proc/330537/statm: 6440 4454 2091 41 0 2519 0
Current children cumulated CPU time: 0.2 s
Current children cumulated vsize: 52668 KiB
Current children cumulated memory: 31432 KiB

[startup+0.318831 s]*
/proc/loadavg: 14.01 14.17 14.00 16/833 330671
/proc/meminfo: memFree=369996068/528004516 swapFree=8388604/8388604
[pid=330490] ppid=330481 vsize=26908 memory=13616 CPUtime=0.06 cores=18-19
/proc/330490/stat : 330490 (perf) S 330481 330490 330046 0 -1 0 1738 237 0 0 5 1 0 0 20 0 1 0 923100981 27553792 3404 17179869184 93824994299904 93824996572973 140737488338256 0 0 0 134217728 4 74274 1 0 0 17 19 0 0 0 0 0 93824998874888 93825001005840 93825001308160 140737488340074 140737488340471 140737488340471 140737488351179 0
/proc/330490/statm: 6727 3404 2099 555 0 1769 0
[pid=330537] ppid=330490 vsize=28020 memory=19928 CPUtime=0.25 cores=18-19
/proc/330537/stat : 330537 (clingo) R 330490 330490 330046 0 -1 0 3211 0 0 0 25 0 0 0 20 0 1 0 923100989 28692480 4982 17179869184 93824992301056 93824992468925 140737488338416 0 0 0 134217728 4 25184771 0 0 0 17 18 0 0 0 0 0 93824992533936 93824992571272 93824992575488 140737488340184 140737488340355 140737488340355 140737488351170 0
/proc/330537/statm: 7005 4982 2091 41 0 3084 0
Current children cumulated CPU time: 0.31 s
Current children cumulated vsize: 54928 KiB
Current children cumulated memory: 33544 KiB

[startup+0.700336 s]
/proc/loadavg: 14.01 14.17 14.00 19/831 330671
/proc/meminfo: memFree=370055416/528004516 swapFree=8388604/8388604
[pid=330490] ppid=330481 vsize=26908 memory=13616 CPUtime=0.06 cores=18-19
/proc/330490/stat : 330490 (perf) S 330481 330490 330046 0 -1 0 1738 237 0 0 5 1 0 0 20 0 1 0 923100981 27553792 3404 17179869184 93824994299904 93824996572973 140737488338256 0 0 0 134217728 4 74274 1 0 0 17 19 0 0 0 0 0 93824998874888 93825001005840 93825001308160 140737488340074 140737488340471 140737488340471 140737488351179 0
/proc/330490/statm: 6727 3404 2099 555 0 1769 0
[pid=330537] ppid=330490 vsize=30800 memory=22568 CPUtime=0.6 cores=18-19
/proc/330537/stat : 330537 (clingo) R 330490 330490 330046 0 -1 0 3905 0 0 0 60 0 0 0 20 0 1 0 923100989 31539200 5642 17179869184 93824992301056 93824992468925 140737488338416 0 0 0 134217728 4 25184771 0 0 0 17 18 0 0 0 0 0 93824992533936 93824992571272 93824992575488 140737488340184 140737488340355 140737488340355 140737488351170 0
/proc/330537/statm: 7700 5642 2091 41 0 3779 0
Current children cumulated CPU time: 0.66 s
Current children cumulated vsize: 57708 KiB
Current children cumulated memory: 36184 KiB

[startup+1.50034 s]
/proc/loadavg: 14.01 14.17 14.00 16/835 330805
/proc/meminfo: memFree=370001392/528004516 swapFree=8388604/8388604
[pid=330490] ppid=330481 vsize=26908 memory=13616 CPUtime=0.06 cores=18-19
/proc/330490/stat : 330490 (perf) S 330481 330490 330046 0 -1 0 1738 237 0 0 5 1 0 0 20 0 1 0 923100981 27553792 3404 17179869184 93824994299904 93824996572973 140737488338256 0 0 0 134217728 4 74274 1 0 0 17 19 0 0 0 0 0 93824998874888 93825001005840 93825001308160 140737488340074 140737488340471 140737488340471 140737488351179 0
/proc/330490/statm: 6727 3404 2099 555 0 1769 0
[pid=330537] ppid=330490 vsize=34396 memory=26500 CPUtime=1.4 cores=18-19
/proc/330537/stat : 330537 (clingo) R 330490 330490 330046 0 -1 0 4901 0 0 0 140 0 0 0 20 0 1 0 923100989 35221504 6625 17179869184 93824992301056 93824992468925 140737488338416 0 0 0 134217728 4 25184771 0 0 0 17 18 0 0 0 0 0 93824992533936 93824992571272 93824992575488 140737488340184 140737488340355 140737488340355 140737488351170 0
/proc/330537/statm: 8599 6625 2091 41 0 4678 0
Current children cumulated CPU time: 1.46 s
Current children cumulated vsize: 61304 KiB
Current children cumulated memory: 40116 KiB

[startup+3.11986 s]
/proc/loadavg: 14.09 14.18 14.01 17/855 331342
/proc/meminfo: memFree=369840844/528004516 swapFree=8388604/8388604
[pid=330490] ppid=330481 vsize=26908 memory=13616 CPUtime=0.06 cores=18-19
/proc/330490/stat : 330490 (perf) S 330481 330490 330046 0 -1 0 1738 237 0 0 5 1 0 0 20 0 1 0 923100981 27553792 3404 17179869184 93824994299904 93824996572973 140737488338256 0 0 0 134217728 4 74274 1 0 0 17 19 0 0 0 0 0 93824998874888 93825001005840 93825001308160 140737488340074 140737488340471 140737488340471 140737488351179 0
/proc/330490/statm: 6727 3404 2099 555 0 1769 0
[pid=330537] ppid=330490 vsize=35848 memory=27816 CPUtime=3.02 cores=18-19
/proc/330537/stat : 330537 (clingo) R 330490 330490 330046 0 -1 0 5252 0 0 0 302 0 0 0 20 0 1 0 923100989 36708352 6954 17179869184 93824992301056 93824992468925 140737488338416 0 0 0 134217728 4 25184771 0 0 0 17 18 0 0 0 0 0 93824992533936 93824992571272 93824992575488 140737488340184 140737488340355 140737488340355 140737488351170 0
/proc/330537/statm: 8962 6954 2091 41 0 5041 0
Current children cumulated CPU time: 3.08 s
Current children cumulated vsize: 62756 KiB
Current children cumulated memory: 41432 KiB

[startup+6.30029 s]
/proc/loadavg: 14.09 14.18 14.01 16/852 331520
/proc/meminfo: memFree=369635928/528004516 swapFree=8388604/8388604
[pid=330490] ppid=330481 vsize=26908 memory=13616 CPUtime=0.06 cores=18-19
/proc/330490/stat : 330490 (perf) S 330481 330490 330046 0 -1 0 1738 237 0 0 5 1 0 0 20 0 1 0 923100981 27553792 3404 17179869184 93824994299904 93824996572973 140737488338256 0 0 0 134217728 4 74274 1 0 0 17 19 0 0 0 0 0 93824998874888 93825001005840 93825001308160 140737488340074 140737488340471 140737488340471 140737488351179 0
/proc/330490/statm: 6727 3404 2099 555 0 1769 0
[pid=330537] ppid=330490 vsize=40760 memory=32640 CPUtime=6.21 cores=18-19
/proc/330537/stat : 330537 (clingo) R 330490 330490 330046 0 -1 0 6708 0 0 0 620 1 0 0 20 0 1 0 923100989 41738240 8160 17179869184 93824992301056 93824992468925 140737488338416 0 0 0 134217728 4 25184771 0 0 0 17 18 0 0 0 0 0 93824992533936 93824992571272 93824992575488 140737488340184 140737488340355 140737488340355 140737488351170 0
/proc/330537/statm: 10190 8160 2091 41 0 6269 0
Current children cumulated CPU time: 6.27 s
Current children cumulated vsize: 67668 KiB
Current children cumulated memory: 46256 KiB

[startup+12.7003 s]
/proc/loadavg: 14.07 14.17 14.00 17/863 331785
/proc/meminfo: memFree=369392376/528004516 swapFree=8388604/8388604
[pid=330490] ppid=330481 vsize=26908 memory=13616 CPUtime=0.06 cores=18-19
/proc/330490/stat : 330490 (perf) S 330481 330490 330046 0 -1 0 1738 237 0 0 5 1 0 0 20 0 1 0 923100981 27553792 3404 17179869184 93824994299904 93824996572973 140737488338256 0 0 0 134217728 4 74274 1 0 0 17 19 0 0 0 0 0 93824998874888 93825001005840 93825001308160 140737488340074 140737488340471 140737488340471 140737488351179 0
/proc/330490/statm: 6727 3404 2099 555 0 1769 0
[pid=330537] ppid=330490 vsize=46360 memory=38244 CPUtime=12.61 cores=18-19
/proc/330537/stat : 330537 (clingo) R 330490 330490 330046 0 -1 0 8591 0 0 0 1260 1 0 0 20 0 1 0 923100989 47472640 9561 17179869184 93824992301056 93824992468925 140737488338416 0 0 0 134217728 4 25184771 0 0 0 17 18 0 0 0 0 0 93824992533936 93824992571272 93824992575488 140737488340184 140737488340355 140737488340355 140737488351170 0
/proc/330537/statm: 11590 9561 2091 41 0 7669 0
Current children cumulated CPU time: 12.67 s
Current children cumulated vsize: 73268 KiB
Current children cumulated memory: 51860 KiB

[startup+25.5004 s]
/proc/loadavg: 13.99 14.15 14.00 17/867 332003
/proc/meminfo: memFree=369156632/528004516 swapFree=8388604/8388604
[pid=330490] ppid=330481 vsize=26908 memory=13616 CPUtime=0.06 cores=18-19
/proc/330490/stat : 330490 (perf) S 330481 330490 330046 0 -1 0 1738 237 0 0 5 1 0 0 20 0 1 0 923100981 27553792 3404 17179869184 93824994299904 93824996572973 140737488338256 0 0 0 134217728 4 74274 1 0 0 17 19 0 0 0 0 0 93824998874888 93825001005840 93825001308160 140737488340074 140737488340471 140737488340471 140737488351179 0
/proc/330490/statm: 6727 3404 2099 555 0 1769 0
[pid=330537] ppid=330490 vsize=54332 memory=46040 CPUtime=25.4 cores=18-19
/proc/330537/stat : 330537 (clingo) R 330490 330490 330046 0 -1 0 11292 0 0 0 2539 1 0 0 20 0 1 0 923100989 55635968 11510 17179869184 93824992301056 93824992468925 140737488338416 0 0 0 134217728 4 25184771 0 0 0 17 18 0 0 0 0 0 93824992533936 93824992571272 93824992575488 140737488340184 140737488340355 140737488340355 140737488351170 0
/proc/330537/statm: 13583 11510 2091 41 0 9662 0
Current children cumulated CPU time: 25.46 s
Current children cumulated vsize: 81240 KiB
Current children cumulated memory: 59656 KiB

[startup+51.1203 s]
/proc/loadavg: 13.99 14.14 14.00 17/867 332003
/proc/meminfo: memFree=368884396/528004516 swapFree=8388604/8388604
[pid=330490] ppid=330481 vsize=26908 memory=13616 CPUtime=0.06 cores=18-19
/proc/330490/stat : 330490 (perf) S 330481 330490 330046 0 -1 0 1738 237 0 0 5 1 0 0 20 0 1 0 923100981 27553792 3404 17179869184 93824994299904 93824996572973 140737488338256 0 0 0 134217728 4 74274 1 0 0 17 19 0 0 0 0 0 93824998874888 93825001005840 93825001308160 140737488340074 140737488340471 140737488340471 140737488351179 0
/proc/330490/statm: 6727 3404 2099 555 0 1769 0
[pid=330537] ppid=330490 vsize=63328 memory=55096 CPUtime=51.03 cores=18-19
/proc/330537/stat : 330537 (clingo) R 330490 330490 330046 0 -1 0 15042 0 0 0 5101 2 0 0 20 0 1 0 923100989 64847872 13774 17179869184 93824992301056 93824992468925 140737488338416 0 0 0 134217728 4 25184771 0 0 0 17 18 0 0 0 0 0 93824992533936 93824992571272 93824992575488 140737488340184 140737488340355 140737488340355 140737488351170 0
/proc/330537/statm: 15832 13774 2091 41 0 11911 0
Current children cumulated CPU time: 51.09 s
Current children cumulated vsize: 90236 KiB
Current children cumulated memory: 68712 KiB

[startup+102.3 s]
/proc/loadavg: 14.08 14.13 14.01 17/868 332007
/proc/meminfo: memFree=368543696/528004516 swapFree=8388604/8388604
[pid=330490] ppid=330481 vsize=26908 memory=13616 CPUtime=0.06 cores=18-19
/proc/330490/stat : 330490 (perf) S 330481 330490 330046 0 -1 0 1738 237 0 0 5 1 0 0 20 0 1 0 923100981 27553792 3404 17179869184 93824994299904 93824996572973 140737488338256 0 0 0 134217728 4 74274 1 0 0 17 19 0 0 0 0 0 93824998874888 93825001005840 93825001308160 140737488340074 140737488340471 140737488340471 140737488351179 0
/proc/330490/statm: 6727 3404 2099 555 0 1769 0
[pid=330537] ppid=330490 vsize=74128 memory=65972 CPUtime=102.2 cores=18-19
/proc/330537/stat : 330537 (clingo) R 330490 330490 330046 0 -1 0 18996 0 0 0 10217 3 0 0 20 0 1 0 923100989 75907072 16493 17179869184 93824992301056 93824992468925 140737488338416 0 0 0 134217728 4 25184771 0 0 0 17 18 0 0 0 0 0 93824992533936 93824992571272 93824992575488 140737488340184 140737488340355 140737488340355 140737488351170 0
/proc/330537/statm: 18532 16493 2091 41 0 14611 0
Current children cumulated CPU time: 102.26 s
Current children cumulated vsize: 101036 KiB
Current children cumulated memory: 79588 KiB

[startup+162.3 s]
/proc/loadavg: 14.63 14.26 14.06 17/868 332010
/proc/meminfo: memFree=368267452/528004516 swapFree=8388604/8388604
[pid=330490] ppid=330481 vsize=26908 memory=13616 CPUtime=0.06 cores=18-19
/proc/330490/stat : 330490 (perf) S 330481 330490 330046 0 -1 0 1738 237 0 0 5 1 0 0 20 0 1 0 923100981 27553792 3404 17179869184 93824994299904 93824996572973 140737488338256 0 0 0 134217728 4 74274 1 0 0 17 19 0 0 0 0 0 93824998874888 93825001005840 93825001308160 140737488340074 140737488340471 140737488340471 140737488351179 0
/proc/330490/statm: 6727 3404 2099 555 0 1769 0
[pid=330537] ppid=330490 vsize=85320 memory=76900 CPUtime=162.2 cores=18-19
/proc/330537/stat : 330537 (clingo) R 330490 330490 330046 0 -1 0 24038 0 0 0 16216 4 0 0 20 0 1 0 923100989 87367680 19225 17179869184 93824992301056 93824992468925 140737488338416 0 0 0 134217728 4 25184771 0 0 0 17 18 0 0 0 0 0 93824992533936 93824992571272 93824992575488 140737488340184 140737488340355 140737488340355 140737488351170 0
/proc/330537/statm: 21330 19225 2091 41 0 17409 0
Current children cumulated CPU time: 162.26 s
Current children cumulated vsize: 112228 KiB
Current children cumulated memory: 90516 KiB

[startup+222.3 s]
/proc/loadavg: 15.24 14.52 14.16 17/868 332014
/proc/meminfo: memFree=368070724/528004516 swapFree=8388604/8388604
[pid=330490] ppid=330481 vsize=26908 memory=13616 CPUtime=0.06 cores=18-19
/proc/330490/stat : 330490 (perf) S 330481 330490 330046 0 -1 0 1738 237 0 0 5 1 0 0 20 0 1 0 923100981 27553792 3404 17179869184 93824994299904 93824996572973 140737488338256 0 0 0 134217728 4 74274 1 0 0 17 19 0 0 0 0 0 93824998874888 93825001005840 93825001308160 140737488340074 140737488340471 140737488340471 140737488351179 0
/proc/330490/statm: 6727 3404 2099 555 0 1769 0
[pid=330537] ppid=330490 vsize=95436 memory=86600 CPUtime=222.2 cores=18-19
/proc/330537/stat : 330537 (clingo) R 330490 330490 330046 0 -1 0 28737 0 0 0 22215 5 0 0 20 0 1 0 923100989 97726464 21650 17179869184 93824992301056 93824992468925 140737488338416 0 0 0 134217728 4 25184771 0 0 0 17 18 0 0 0 0 0 93824992533936 93824992571272 93824992575488 140737488340184 140737488340355 140737488340355 140737488351170 0
/proc/330537/statm: 23859 21650 2091 41 0 19938 0
Current children cumulated CPU time: 222.26 s
Current children cumulated vsize: 122344 KiB
Current children cumulated memory: 100216 KiB

[startup+282.3 s]
/proc/loadavg: 14.60 14.48 14.17 17/868 332015
/proc/meminfo: memFree=367905928/528004516 swapFree=8388604/8388604
[pid=330490] ppid=330481 vsize=26908 memory=13616 CPUtime=0.06 cores=18-19
/proc/330490/stat : 330490 (perf) S 330481 330490 330046 0 -1 0 1738 237 0 0 5 1 0 0 20 0 1 0 923100981 27553792 3404 17179869184 93824994299904 93824996572973 140737488338256 0 0 0 134217728 4 74274 1 0 0 17 19 0 0 0 0 0 93824998874888 93825001005840 93825001308160 140737488340074 140737488340471 140737488340471 140737488351179 0
/proc/330490/statm: 6727 3404 2099 555 0 1769 0
[pid=330537] ppid=330490 vsize=100412 memory=91832 CPUtime=282.21 cores=18-19
/proc/330537/stat : 330537 (clingo) R 330490 330490 330046 0 -1 0 31642 0 0 0 28215 6 0 0 20 0 1 0 923100989 102821888 22958 17179869184 93824992301056 93824992468925 140737488338416 0 0 0 134217728 4 25184771 0 0 0 17 18 0 0 0 0 0 93824992533936 93824992571272 93824992575488 140737488340184 140737488340355 140737488340355 140737488351170 0
/proc/330537/statm: 25103 22958 2091 41 0 21182 0
Current children cumulated CPU time: 282.27 s
Current children cumulated vsize: 127320 KiB
Current children cumulated memory: 105448 KiB

[startup+342.3 s]
/proc/loadavg: 14.42 14.45 14.18 17/842 332020
/proc/meminfo: memFree=367843224/528004516 swapFree=8388604/8388604
[pid=330490] ppid=330481 vsize=26908 memory=13616 CPUtime=0.06 cores=18-19
/proc/330490/stat : 330490 (perf) S 330481 330490 330046 0 -1 0 1738 237 0 0 5 1 0 0 20 0 1 0 923100981 27553792 3404 17179869184 93824994299904 93824996572973 140737488338256 0 0 0 134217728 4 74274 1 0 0 17 19 0 0 0 0 0 93824998874888 93825001005840 93825001308160 140737488340074 140737488340471 140737488340471 140737488351179 0
/proc/330490/statm: 6727 3404 2099 555 0 1769 0
[pid=330537] ppid=330490 vsize=106276 memory=96812 CPUtime=342.21 cores=18-19
/proc/330537/stat : 330537 (clingo) R 330490 330490 330046 0 -1 0 33107 0 0 0 34215 6 0 0 20 0 1 0 923100989 108826624 24203 17179869184 93824992301056 93824992468925 140737488338416 0 0 0 134217728 4 25184771 0 0 0 17 18 0 0 0 0 0 93824992533936 93824992571272 93824992575488 140737488340184 140737488340355 140737488340355 140737488351170 0
/proc/330537/statm: 26569 24203 2091 41 0 22648 0
Current children cumulated CPU time: 342.27 s
Current children cumulated vsize: 133184 KiB
Current children cumulated memory: 110428 KiB

[startup+402.3 s]
/proc/loadavg: 14.59 14.50 14.22 17/838 332025
/proc/meminfo: memFree=367800140/528004516 swapFree=8388604/8388604
[pid=330490] ppid=330481 vsize=26908 memory=13616 CPUtime=0.06 cores=18-19
/proc/330490/stat : 330490 (perf) S 330481 330490 330046 0 -1 0 1738 237 0 0 5 1 0 0 20 0 1 0 923100981 27553792 3404 17179869184 93824994299904 93824996572973 140737488338256 0 0 0 134217728 4 74274 1 0 0 17 19 0 0 0 0 0 93824998874888 93825001005840 93825001308160 140737488340074 140737488340471 140737488340471 140737488351179 0
/proc/330490/statm: 6727 3404 2099 555 0 1769 0
[pid=330537] ppid=330490 vsize=110816 memory=100976 CPUtime=402.2 cores=18-19
/proc/330537/stat : 330537 (clingo) R 330490 330490 330046 0 -1 0 35708 0 0 0 40214 6 0 0 20 0 1 0 923100989 113475584 25244 17179869184 93824992301056 93824992468925 140737488338416 0 0 0 134217728 4 25184771 0 0 0 17 18 0 0 0 0 0 93824992533936 93824992571272 93824992575488 140737488340184 140737488340355 140737488340355 140737488351170 0
/proc/330537/statm: 27704 25244 2091 41 0 23783 0
Current children cumulated CPU time: 402.26 s
Current children cumulated vsize: 137724 KiB
Current children cumulated memory: 114592 KiB

[startup+462.3 s]
/proc/loadavg: 14.66 14.51 14.23 17/838 332028
/proc/meminfo: memFree=367713468/528004516 swapFree=8388604/8388604
[pid=330490] ppid=330481 vsize=26908 memory=13616 CPUtime=0.06 cores=18-19
/proc/330490/stat : 330490 (perf) S 330481 330490 330046 0 -1 0 1738 237 0 0 5 1 0 0 20 0 1 0 923100981 27553792 3404 17179869184 93824994299904 93824996572973 140737488338256 0 0 0 134217728 4 74274 1 0 0 17 19 0 0 0 0 0 93824998874888 93825001005840 93825001308160 140737488340074 140737488340471 140737488340471 140737488351179 0
/proc/330490/statm: 6727 3404 2099 555 0 1769 0
[pid=330537] ppid=330490 vsize=116932 memory=106776 CPUtime=462.2 cores=18-19
/proc/330537/stat : 330537 (clingo) R 330490 330490 330046 0 -1 0 38084 0 0 0 46214 6 0 0 20 0 1 0 923100989 119738368 26694 17179869184 93824992301056 93824992468925 140737488338416 0 0 0 134217728 4 25184771 0 0 0 17 18 0 0 0 0 0 93824992533936 93824992571272 93824992575488 140737488340184 140737488340355 140737488340355 140737488351170 0
/proc/330537/statm: 29233 26694 2091 41 0 25312 0
Current children cumulated CPU time: 462.26 s
Current children cumulated vsize: 143840 KiB
Current children cumulated memory: 120392 KiB

[startup+522.3 s]
/proc/loadavg: 14.38 14.47 14.24 17/838 332031
/proc/meminfo: memFree=367624044/528004516 swapFree=8388604/8388604
[pid=330490] ppid=330481 vsize=26908 memory=13616 CPUtime=0.06 cores=18-19
/proc/330490/stat : 330490 (perf) S 330481 330490 330046 0 -1 0 1738 237 0 0 5 1 0 0 20 0 1 0 923100981 27553792 3404 17179869184 93824994299904 93824996572973 140737488338256 0 0 0 134217728 4 74274 1 0 0 17 19 0 0 0 0 0 93824998874888 93825001005840 93825001308160 140737488340074 140737488340471 140737488340471 140737488351179 0
/proc/330490/statm: 6727 3404 2099 555 0 1769 0
[pid=330537] ppid=330490 vsize=120496 memory=110044 CPUtime=522.2 cores=18-19
/proc/330537/stat : 330537 (clingo) R 330490 330490 330046 0 -1 0 39284 0 0 0 52214 6 0 0 20 0 1 0 923100989 123387904 27511 17179869184 93824992301056 93824992468925 140737488338416 0 0 0 134217728 4 25184771 0 0 0 17 18 0 0 0 0 0 93824992533936 93824992571272 93824992575488 140737488340184 140737488340355 140737488340355 140737488351170 0
/proc/330537/statm: 30124 27511 2091 41 0 26203 0
Current children cumulated CPU time: 522.26 s
Current children cumulated vsize: 147404 KiB
Current children cumulated memory: 123660 KiB

[startup+582.3 s]
/proc/loadavg: 14.14 14.38 14.22 17/839 332036
/proc/meminfo: memFree=367593304/528004516 swapFree=8388604/8388604
[pid=330490] ppid=330481 vsize=26908 memory=13616 CPUtime=0.06 cores=18-19
/proc/330490/stat : 330490 (perf) S 330481 330490 330046 0 -1 0 1738 237 0 0 5 1 0 0 20 0 1 0 923100981 27553792 3404 17179869184 93824994299904 93824996572973 140737488338256 0 0 0 134217728 4 74274 1 0 0 17 19 0 0 0 0 0 93824998874888 93825001005840 93825001308160 140737488340074 140737488340471 140737488340471 140737488351179 0
/proc/330490/statm: 6727 3404 2099 555 0 1769 0
[pid=330537] ppid=330490 vsize=124884 memory=114284 CPUtime=582.2 cores=18-19
/proc/330537/stat : 330537 (clingo) R 330490 330490 330046 0 -1 0 42265 0 0 0 58214 6 0 0 20 0 1 0 923100989 127881216 28571 17179869184 93824992301056 93824992468925 140737488338416 0 0 0 134217728 4 25184771 0 0 0 17 18 0 0 0 0 0 93824992533936 93824992571272 93824992575488 140737488340184 140737488340355 140737488340355 140737488351170 0
/proc/330537/statm: 31221 28571 2091 41 0 27300 0
Current children cumulated CPU time: 582.26 s
Current children cumulated vsize: 151792 KiB
Current children cumulated memory: 127900 KiB

[startup+642.3 s]
/proc/loadavg: 14.05 14.31 14.20 17/839 332038
/proc/meminfo: memFree=367562840/528004516 swapFree=8388604/8388604
[pid=330490] ppid=330481 vsize=26908 memory=13616 CPUtime=0.06 cores=18-19
/proc/330490/stat : 330490 (perf) S 330481 330490 330046 0 -1 0 1738 237 0 0 5 1 0 0 20 0 1 0 923100981 27553792 3404 17179869184 93824994299904 93824996572973 140737488338256 0 0 0 134217728 4 74274 1 0 0 17 19 0 0 0 0 0 93824998874888 93825001005840 93825001308160 140737488340074 140737488340471 140737488340471 140737488351179 0
/proc/330490/statm: 6727 3404 2099 555 0 1769 0
[pid=330537] ppid=330490 vsize=129048 memory=118388 CPUtime=642.2 cores=18-19
/proc/330537/stat : 330537 (clingo) R 330490 330490 330046 0 -1 0 44171 0 0 0 64214 6 0 0 20 0 1 0 923100989 132145152 29597 17179869184 93824992301056 93824992468925 140737488338416 0 0 0 134217728 4 25184771 0 0 0 17 18 0 0 0 0 0 93824992533936 93824992571272 93824992575488 140737488340184 140737488340355 140737488340355 140737488351170 0
/proc/330537/statm: 32262 29597 2091 41 0 28341 0
Current children cumulated CPU time: 642.26 s
Current children cumulated vsize: 155956 KiB
Current children cumulated memory: 132004 KiB

[startup+702.3 s]
/proc/loadavg: 14.02 14.25 14.19 17/838 332040
/proc/meminfo: memFree=367502648/528004516 swapFree=8388604/8388604
[pid=330490] ppid=330481 vsize=26908 memory=13616 CPUtime=0.06 cores=18-19
/proc/330490/stat : 330490 (perf) S 330481 330490 330046 0 -1 0 1738 237 0 0 5 1 0 0 20 0 1 0 923100981 27553792 3404 17179869184 93824994299904 93824996572973 140737488338256 0 0 0 134217728 4 74274 1 0 0 17 19 0 0 0 0 0 93824998874888 93825001005840 93825001308160 140737488340074 140737488340471 140737488340471 140737488351179 0
/proc/330490/statm: 6727 3404 2099 555 0 1769 0
[pid=330537] ppid=330490 vsize=133892 memory=122380 CPUtime=702.2 cores=18-19
/proc/330537/stat : 330537 (clingo) R 330490 330490 330046 0 -1 0 45713 0 0 0 70213 7 0 0 20 0 1 0 923100989 137105408 30595 17179869184 93824992301056 93824992468925 140737488338416 0 0 0 134217728 4 25184771 0 0 0 17 18 0 0 0 0 0 93824992533936 93824992571272 93824992575488 140737488340184 140737488340355 140737488340355 140737488351170 0
/proc/330537/statm: 33473 30595 2091 41 0 29552 0
Current children cumulated CPU time: 702.26 s
Current children cumulated vsize: 160800 KiB
Current children cumulated memory: 135996 KiB

[startup+762.3 s]
/proc/loadavg: 14.15 14.26 14.19 17/838 332041
/proc/meminfo: memFree=367481992/528004516 swapFree=8388604/8388604
[pid=330490] ppid=330481 vsize=26908 memory=13616 CPUtime=0.06 cores=18-19
/proc/330490/stat : 330490 (perf) S 330481 330490 330046 0 -1 0 1738 237 0 0 5 1 0 0 20 0 1 0 923100981 27553792 3404 17179869184 93824994299904 93824996572973 140737488338256 0 0 0 134217728 4 74274 1 0 0 17 19 0 0 0 0 0 93824998874888 93825001005840 93825001308160 140737488340074 140737488340471 140737488340471 140737488351179 0
/proc/330490/statm: 6727 3404 2099 555 0 1769 0
[pid=330537] ppid=330490 vsize=137496 memory=125548 CPUtime=762.2 cores=18-19
/proc/330537/stat : 330537 (clingo) R 330490 330490 330046 0 -1 0 46500 0 0 0 76213 7 0 0 20 0 1 0 923100989 140795904 31387 17179869184 93824992301056 93824992468925 140737488338416 0 0 0 134217728 4 25184771 0 0 0 17 18 0 0 0 0 0 93824992533936 93824992571272 93824992575488 140737488340184 140737488340355 140737488340355 140737488351170 0
/proc/330537/statm: 34374 31387 2091 41 0 30453 0
Current children cumulated CPU time: 762.26 s
Current children cumulated vsize: 164404 KiB
Current children cumulated memory: 139164 KiB

[startup+822.3 s]
/proc/loadavg: 14.05 14.21 14.18 17/843 332264
/proc/meminfo: memFree=367435092/528004516 swapFree=8388604/8388604
[pid=330490] ppid=330481 vsize=26908 memory=13616 CPUtime=0.06 cores=18-19
/proc/330490/stat : 330490 (perf) S 330481 330490 330046 0 -1 0 1738 237 0 0 5 1 0 0 20 0 1 0 923100981 27553792 3404 17179869184 93824994299904 93824996572973 140737488338256 0 0 0 134217728 4 74274 1 0 0 17 19 0 0 0 0 0 93824998874888 93825001005840 93825001308160 140737488340074 140737488340471 140737488340471 140737488351179 0
/proc/330490/statm: 6727 3404 2099 555 0 1769 0
[pid=330537] ppid=330490 vsize=139532 memory=127840 CPUtime=822.2 cores=18-19
/proc/330537/stat : 330537 (clingo) R 330490 330490 330046 0 -1 0 47693 0 0 0 82212 8 0 0 20 0 1 0 923100989 142880768 31960 17179869184 93824992301056 93824992468925 140737488338416 0 0 0 134217728 4 25184771 0 0 0 17 18 0 0 0 0 0 93824992533936 93824992571272 93824992575488 140737488340184 140737488340355 140737488340355 140737488351170 0
/proc/330537/statm: 34883 31960 2091 41 0 30962 0
Current children cumulated CPU time: 822.26 s
Current children cumulated vsize: 166440 KiB
Current children cumulated memory: 141456 KiB

[startup+882.3 s]
/proc/loadavg: 14.02 14.17 14.16 17/843 332308
/proc/meminfo: memFree=367372308/528004516 swapFree=8388604/8388604
[pid=330490] ppid=330481 vsize=26908 memory=13616 CPUtime=0.06 cores=18-19
/proc/330490/stat : 330490 (perf) S 330481 330490 330046 0 -1 0 1738 237 0 0 5 1 0 0 20 0 1 0 923100981 27553792 3404 17179869184 93824994299904 93824996572973 140737488338256 0 0 0 134217728 4 74274 1 0 0 17 19 0 0 0 0 0 93824998874888 93825001005840 93825001308160 140737488340074 140737488340471 140737488340471 140737488351179 0
/proc/330490/statm: 6727 3404 2099 555 0 1769 0
[pid=330537] ppid=330490 vsize=145424 memory=133420 CPUtime=882.2 cores=18-19
/proc/330537/stat : 330537 (clingo) R 330490 330490 330046 0 -1 0 49367 0 0 0 88212 8 0 0 20 0 1 0 923100989 148914176 33355 17179869184 93824992301056 93824992468925 140737488338416 0 0 0 134217728 4 25184771 0 0 0 17 18 0 0 0 0 0 93824992533936 93824992571272 93824992575488 140737488340184 140737488340355 140737488340355 140737488351170 0
/proc/330537/statm: 36356 33355 2091 41 0 32435 0
Current children cumulated CPU time: 882.26 s
Current children cumulated vsize: 172332 KiB
Current children cumulated memory: 147036 KiB

[startup+942.3 s]
/proc/loadavg: 14.00 14.14 14.15 17/849 332315
/proc/meminfo: memFree=367349244/528004516 swapFree=8388604/8388604
[pid=330490] ppid=330481 vsize=26908 memory=13616 CPUtime=0.06 cores=18-19
/proc/330490/stat : 330490 (perf) S 330481 330490 330046 0 -1 0 1738 237 0 0 5 1 0 0 20 0 1 0 923100981 27553792 3404 17179869184 93824994299904 93824996572973 140737488338256 0 0 0 134217728 4 74274 1 0 0 17 19 0 0 0 0 0 93824998874888 93825001005840 93825001308160 140737488340074 140737488340471 140737488340471 140737488351179 0
/proc/330490/statm: 6727 3404 2099 555 0 1769 0
[pid=330537] ppid=330490 vsize=146272 memory=134116 CPUtime=942.2 cores=18-19
/proc/330537/stat : 330537 (clingo) R 330490 330490 330046 0 -1 0 50171 0 0 0 94212 8 0 0 20 0 1 0 923100989 149782528 33529 17179869184 93824992301056 93824992468925 140737488338416 0 0 0 134217728 4 25184771 0 0 0 17 18 0 0 0 0 0 93824992533936 93824992571272 93824992575488 140737488340184 140737488340355 140737488340355 140737488351170 0
/proc/330537/statm: 36568 33529 2091 41 0 32647 0
Current children cumulated CPU time: 942.26 s
Current children cumulated vsize: 173180 KiB
Current children cumulated memory: 147732 KiB

[startup+1002.3 s]
/proc/loadavg: 14.00 14.11 14.14 17/849 332316
/proc/meminfo: memFree=367317660/528004516 swapFree=8388604/8388604
[pid=330490] ppid=330481 vsize=26908 memory=13616 CPUtime=0.06 cores=18-19
/proc/330490/stat : 330490 (perf) S 330481 330490 330046 0 -1 0 1738 237 0 0 5 1 0 0 20 0 1 0 923100981 27553792 3404 17179869184 93824994299904 93824996572973 140737488338256 0 0 0 134217728 4 74274 1 0 0 17 19 0 0 0 0 0 93824998874888 93825001005840 93825001308160 140737488340074 140737488340471 140737488340471 140737488351179 0
/proc/330490/statm: 6727 3404 2099 555 0 1769 0
[pid=330537] ppid=330490 vsize=150740 memory=138764 CPUtime=1002.2 cores=18-19
/proc/330537/stat : 330537 (clingo) R 330490 330490 330046 0 -1 0 52261 0 0 0 100212 8 0 0 20 0 1 0 923100989 154357760 34691 17179869184 93824992301056 93824992468925 140737488338416 0 0 0 134217728 4 25184771 0 0 0 17 18 0 0 0 0 0 93824992533936 93824992571272 93824992575488 140737488340184 140737488340355 140737488340355 140737488351170 0
/proc/330537/statm: 37685 34691 2091 41 0 33764 0
Current children cumulated CPU time: 1002.26 s
Current children cumulated vsize: 177648 KiB
Current children cumulated memory: 152380 KiB

[startup+1062.3 s]
/proc/loadavg: 14.00 14.09 14.13 17/849 332317
/proc/meminfo: memFree=367298496/528004516 swapFree=8388604/8388604
[pid=330490] ppid=330481 vsize=26908 memory=13616 CPUtime=0.06 cores=18-19
/proc/330490/stat : 330490 (perf) S 330481 330490 330046 0 -1 0 1738 237 0 0 5 1 0 0 20 0 1 0 923100981 27553792 3404 17179869184 93824994299904 93824996572973 140737488338256 0 0 0 134217728 4 74274 1 0 0 17 19 0 0 0 0 0 93824998874888 93825001005840 93825001308160 140737488340074 140737488340471 140737488340471 140737488351179 0
/proc/330490/statm: 6727 3404 2099 555 0 1769 0
[pid=330537] ppid=330490 vsize=154456 memory=142156 CPUtime=1062.21 cores=18-19
/proc/330537/stat : 330537 (clingo) R 330490 330490 330046 0 -1 0 53977 0 0 0 106212 9 0 0 20 0 1 0 923100989 158162944 35539 17179869184 93824992301056 93824992468925 140737488338416 0 0 0 134217728 4 25184771 0 0 0 17 18 0 0 0 0 0 93824992533936 93824992571272 93824992575488 140737488340184 140737488340355 140737488340355 140737488351170 0
/proc/330537/statm: 38614 35539 2091 41 0 34693 0
Current children cumulated CPU time: 1062.27 s
Current children cumulated vsize: 181364 KiB
Current children cumulated memory: 155772 KiB

[startup+1122.3 s]
/proc/loadavg: 14.34 14.15 14.15 17/844 332321
/proc/meminfo: memFree=367274924/528004516 swapFree=8388604/8388604
[pid=330490] ppid=330481 vsize=26908 memory=13616 CPUtime=0.06 cores=18-19
/proc/330490/stat : 330490 (perf) S 330481 330490 330046 0 -1 0 1738 237 0 0 5 1 0 0 20 0 1 0 923100981 27553792 3404 17179869184 93824994299904 93824996572973 140737488338256 0 0 0 134217728 4 74274 1 0 0 17 19 0 0 0 0 0 93824998874888 93825001005840 93825001308160 140737488340074 140737488340471 140737488340471 140737488351179 0
/proc/330490/statm: 6727 3404 2099 555 0 1769 0
[pid=330537] ppid=330490 vsize=154932 memory=142432 CPUtime=1122.2 cores=18-19
/proc/330537/stat : 330537 (clingo) R 330490 330490 330046 0 -1 0 54802 0 0 0 112211 9 0 0 20 0 1 0 923100989 158650368 35608 17179869184 93824992301056 93824992468925 140737488338416 0 0 0 134217728 4 25184771 0 0 0 17 18 0 0 0 0 0 93824992533936 93824992571272 93824992575488 140737488340184 140737488340355 140737488340355 140737488351170 0
/proc/330537/statm: 38733 35608 2091 41 0 34812 0
Current children cumulated CPU time: 1122.26 s
Current children cumulated vsize: 181840 KiB
Current children cumulated memory: 156048 KiB

[startup+1182.3 s]
/proc/loadavg: 14.12 14.12 14.14 17/845 332323
/proc/meminfo: memFree=367251928/528004516 swapFree=8388604/8388604
[pid=330490] ppid=330481 vsize=26908 memory=13616 CPUtime=0.06 cores=18-19
/proc/330490/stat : 330490 (perf) S 330481 330490 330046 0 -1 0 1738 237 0 0 5 1 0 0 20 0 1 0 923100981 27553792 3404 17179869184 93824994299904 93824996572973 140737488338256 0 0 0 134217728 4 74274 1 0 0 17 19 0 0 0 0 0 93824998874888 93825001005840 93825001308160 140737488340074 140737488340471 140737488340471 140737488351179 0
/proc/330490/statm: 6727 3404 2099 555 0 1769 0
[pid=330537] ppid=330490 vsize=158348 memory=145408 CPUtime=1182.2 cores=18-19
/proc/330537/stat : 330537 (clingo) R 330490 330490 330046 0 -1 0 56750 0 0 0 118211 9 0 0 20 0 1 0 923100989 162148352 36352 17179869184 93824992301056 93824992468925 140737488338416 0 0 0 134217728 4 25184771 0 0 0 17 18 0 0 0 0 0 93824992533936 93824992571272 93824992575488 140737488340184 140737488340355 140737488340355 140737488351170 0
/proc/330537/statm: 39587 36352 2091 41 0 35666 0
Current children cumulated CPU time: 1182.26 s
Current children cumulated vsize: 185256 KiB
Current children cumulated memory: 159024 KiB



Maximum wall clock time exceeded: sending SIGTERM then SIGKILL

[startup+1205 s]*
/proc/loadavg: 14.08 14.11 14.13 17/830 332338
/proc/meminfo: memFree=367287532/528004516 swapFree=8388604/8388604
[pid=330490] ppid=330481 vsize=26908 memory=13616 CPUtime=0.06 cores=18-19
/proc/330490/stat : 330490 (perf) S 330481 330490 330046 0 -1 0 1738 237 0 0 5 1 0 0 20 0 1 0 923100981 27553792 3404 17179869184 93824994299904 93824996572973 140737488338256 0 0 0 134217728 4 74274 1 0 0 17 19 0 0 0 0 0 93824998874888 93825001005840 93825001308160 140737488340074 140737488340471 140737488340471 140737488351179 0
/proc/330490/statm: 6727 3404 2099 555 0 1769 0
[pid=330537] ppid=330490 vsize=157744 memory=144864 CPUtime=1204.92 cores=18-19
/proc/330537/stat : 330537 (clingo) R 330490 330490 330046 0 -1 0 57096 0 0 0 120483 9 0 0 20 0 1 0 923100989 161529856 36216 17179869184 93824992301056 93824992468925 140737488338416 0 0 0 134217728 4 25184771 0 0 0 17 18 0 0 0 0 0 93824992533936 93824992571272 93824992575488 140737488340184 140737488340355 140737488340355 140737488351170 0
/proc/330537/statm: 39436 36216 2091 41 0 35515 0
Current children cumulated CPU time: 1204.98 s
Current children cumulated vsize: 184652 KiB
Current children cumulated memory: 158480 KiB

Sending SIGINT to process tree (bottom up)
Sleeping 5 seconds

[startup+1205.03 s]
# the end of solver process 330490 was just reported to runsolver
# cumulated CPU time of all completed processes:  user=1204.9 s, system=0.124094 s

Solver just ended.
??? end of watcher thread
Dumping a history of the last processes samples

Child status: 1
Real time (s): 1205.03
CPU time (s): 1205.02
CPU user time (s): 1204.9
CPU system time (s): 0.124094
CPU usage (%): 99.9995
Max. virtual memory (cumulated for all children) (KiB): 187220
Max. memory (cumulated for all children) (KiB): 161044

getrusage(RUSAGE_CHILDREN,...) data:
user time used= 1204.9
system time used= 0.124094
maximum resident set size= 147428
integral shared memory size= 0
integral unshared data size= 0
integral unshared stack size= 0
page reclaims= 59111
page faults= 0
swaps= 0
block input operations= 0
block output operations= 0
messages sent= 0
messages received= 0
signals received= 0
voluntary context switches= 20
involuntary context switches= 1422


# summary of solver processes directly reported to runsolver:
#   pid: 330490
#   total CPU time (s): 1205.02
#   total CPU user time (s): 1204.9
#   total CPU system time (s): 0.124094

??? end of timestamper thread
runsolver used 7.37647 second user time and 18.0803 second system time

The end
