runsolver version 3.4.0 (svn: 3018) Copyright (C) 2010-2013 Olivier ROUSSEL

This program is distributed in the hope that it will be useful,
but WITHOUT ANY WARRANTY; without even the implied warranty of
MERCHANTABILITY or FITNESS FOR A PARTICULAR PURPOSE.  See the
GNU General Public License for more details.

NUMA information:
  number of nodes: 2
  memory of node 0: 257635 MiB (189176 MiB free)
  memory of node 1: 257994 MiB (189089 MiB free)
  node distances:
     10  20
     20  10

command line: /dev/shm/37571316-2e81-11f1-ac62-000c298f4621/input/runsolver -w /dev/shm/37571316-2e81-11f1-ac62-000c298f4621/output/runsolver.log -v /dev/shm/37571316-2e81-11f1-ac62-000c298f4621/output/varfile.log -W 1205 --rss-swap-limit 16384 -d 5 --sigint /usr/bin/perf stat -B -e task-clock,cache-references,cache-misses,cycles,instructions,branches,faults,migrations,context-switches -o /dev/shm/37571316-2e81-11f1-ac62-000c298f4621/output/perf.log clingo /home/guests/mmacri/AMOSUM/benchmarks/GraphColouring/encoding-plain-amo.asp /dev/shm/37571316-2e81-11f1-ac62-000c298f4621/input/0023-graph_colouring-135-0_6480.asp 

running on 2 cores: 12-13

Enforcing wall clock limit (soft limit, will send SIGTERM then SIGKILL): 1205 seconds
Enforcing RSS+Swap limit (soft limit, will send SIGTERM then SIGKILL): 16777216 KiB
Linux 5.15.0-131-generic
Current StackSize limit: 8192 KiB

solver pid=3335803, runsolver pid=3335798

[startup+0.100071 s]*
/proc/loadavg: 14.11 14.14 13.26 16/819 3335834
/proc/meminfo: memFree=387399600/528004516 swapFree=8388604/8388604
[pid=3335803] ppid=3335798 vsize=26908 memory=13616 CPUtime=0.07 cores=12-13
/proc/3335803/stat : 3335803 (perf) S 3335798 3335803 3335459 0 -1 0 1737 237 0 0 6 1 0 0 20 0 1 0 922994024 27553792 3404 17179869184 93824994299904 93824996572973 140737488338256 0 0 0 134217728 4 74274 1 0 0 17 12 0 0 0 0 0 93824998874888 93825001005840 93825001308160 140737488340073 140737488340470 140737488340470 140737488351179 0
/proc/3335803/statm: 6727 3404 2099 555 0 1769 0
[pid=3335828] ppid=3335803 vsize=18788 memory=10648 CPUtime=0.01 cores=12-13
/proc/3335828/stat : 3335828 (clingo) R 3335803 3335803 3335459 0 -1 0 857 0 0 0 1 0 0 0 20 0 1 0 922994033 19238912 2662 17179869184 93824992301056 93824992468925 140737488338416 0 0 0 134217728 4 25184771 0 0 0 17 13 0 0 0 0 0 93824992533936 93824992571272 93824992575488 140737488340183 140737488340354 140737488340354 140737488351170 0
/proc/3335828/statm: 4697 2662 2045 41 0 776 0
Current children cumulated CPU time: 0.08 s
Current children cumulated vsize: 45696 KiB
Current children cumulated memory: 24264 KiB

[startup+0.223155 s]*
/proc/loadavg: 14.11 14.14 13.26 17/813 3335840
/proc/meminfo: memFree=387361200/528004516 swapFree=8388604/8388604
[pid=3335803] ppid=3335798 vsize=26908 memory=13616 CPUtime=0.07 cores=12-13
/proc/3335803/stat : 3335803 (perf) S 3335798 3335803 3335459 0 -1 0 1737 237 0 0 6 1 0 0 20 0 1 0 922994024 27553792 3404 17179869184 93824994299904 93824996572973 140737488338256 0 0 0 134217728 4 74274 1 0 0 17 12 0 0 0 0 0 93824998874888 93825001005840 93825001308160 140737488340073 140737488340470 140737488340470 140737488351179 0
/proc/3335803/statm: 6727 3404 2099 555 0 1769 0
[pid=3335828] ppid=3335803 vsize=23764 memory=15856 CPUtime=0.12 cores=12-13
/proc/3335828/stat : 3335828 (clingo) R 3335803 3335803 3335459 0 -1 0 2178 0 0 0 12 0 0 0 20 0 1 0 922994033 24334336 3964 17179869184 93824992301056 93824992468925 140737488338416 0 0 0 134217728 4 25184771 0 0 0 17 12 0 0 0 0 0 93824992533936 93824992571272 93824992575488 140737488340183 140737488340354 140737488340354 140737488351170 0
/proc/3335828/statm: 5941 3964 2092 41 0 2020 0
Current children cumulated CPU time: 0.19 s
Current children cumulated vsize: 50672 KiB
Current children cumulated memory: 29472 KiB

[startup+0.319017 s]*
/proc/loadavg: 14.11 14.14 13.26 17/826 3335866
/proc/meminfo: memFree=387342356/528004516 swapFree=8388604/8388604
[pid=3335803] ppid=3335798 vsize=26908 memory=13616 CPUtime=0.07 cores=12-13
/proc/3335803/stat : 3335803 (perf) S 3335798 3335803 3335459 0 -1 0 1737 237 0 0 6 1 0 0 20 0 1 0 922994024 27553792 3404 17179869184 93824994299904 93824996572973 140737488338256 0 0 0 134217728 4 74274 1 0 0 17 12 0 0 0 0 0 93824998874888 93825001005840 93825001308160 140737488340073 140737488340470 140737488340470 140737488351179 0
/proc/3335803/statm: 6727 3404 2099 555 0 1769 0
[pid=3335828] ppid=3335803 vsize=24688 memory=16648 CPUtime=0.22 cores=12-13
/proc/3335828/stat : 3335828 (clingo) R 3335803 3335803 3335459 0 -1 0 2405 0 0 0 22 0 0 0 20 0 1 0 922994033 25280512 4162 17179869184 93824992301056 93824992468925 140737488338416 0 0 0 134217728 4 25184771 0 0 0 17 12 0 0 0 0 0 93824992533936 93824992571272 93824992575488 140737488340183 140737488340354 140737488340354 140737488351170 0
/proc/3335828/statm: 6172 4162 2092 41 0 2251 0
Current children cumulated CPU time: 0.29 s
Current children cumulated vsize: 51596 KiB
Current children cumulated memory: 30264 KiB

[startup+0.700307 s]
/proc/loadavg: 14.11 14.14 13.26 15/835 3335889
/proc/meminfo: memFree=387324384/528004516 swapFree=8388604/8388604
[pid=3335803] ppid=3335798 vsize=26908 memory=13616 CPUtime=0.07 cores=12-13
/proc/3335803/stat : 3335803 (perf) S 3335798 3335803 3335459 0 -1 0 1737 237 0 0 6 1 0 0 20 0 1 0 922994024 27553792 3404 17179869184 93824994299904 93824996572973 140737488338256 0 0 0 134217728 4 74274 1 0 0 17 12 0 0 0 0 0 93824998874888 93825001005840 93825001308160 140737488340073 140737488340470 140737488340470 140737488351179 0
/proc/3335803/statm: 6727 3404 2099 555 0 1769 0
[pid=3335828] ppid=3335803 vsize=26944 memory=19024 CPUtime=0.58 cores=12-13
/proc/3335828/stat : 3335828 (clingo) R 3335803 3335803 3335459 0 -1 0 2965 0 0 0 58 0 0 0 20 0 1 0 922994033 27590656 4756 17179869184 93824992301056 93824992468925 140737488338416 0 0 0 134217728 4 25184771 0 0 0 17 12 0 0 0 0 0 93824992533936 93824992571272 93824992575488 140737488340183 140737488340354 140737488340354 140737488351170 0
/proc/3335828/statm: 6736 4756 2092 41 0 2815 0
Current children cumulated CPU time: 0.65 s
Current children cumulated vsize: 53852 KiB
Current children cumulated memory: 32640 KiB

[startup+1.50031 s]
/proc/loadavg: 14.18 14.15 13.27 16/829 3336082
/proc/meminfo: memFree=387405900/528004516 swapFree=8388604/8388604
[pid=3335803] ppid=3335798 vsize=26908 memory=13616 CPUtime=0.07 cores=12-13
/proc/3335803/stat : 3335803 (perf) S 3335798 3335803 3335459 0 -1 0 1737 237 0 0 6 1 0 0 20 0 1 0 922994024 27553792 3404 17179869184 93824994299904 93824996572973 140737488338256 0 0 0 134217728 4 74274 1 0 0 17 12 0 0 0 0 0 93824998874888 93825001005840 93825001308160 140737488340073 140737488340470 140737488340470 140737488351179 0
/proc/3335803/statm: 6727 3404 2099 555 0 1769 0
[pid=3335828] ppid=3335803 vsize=27936 memory=19816 CPUtime=1.38 cores=12-13
/proc/3335828/stat : 3335828 (clingo) R 3335803 3335803 3335459 0 -1 0 3192 0 0 0 138 0 0 0 20 0 1 0 922994033 28606464 4954 17179869184 93824992301056 93824992468925 140737488338416 0 0 0 134217728 4 25184771 0 0 0 17 12 0 0 0 0 0 93824992533936 93824992571272 93824992575488 140737488340183 140737488340354 140737488340354 140737488351170 0
/proc/3335828/statm: 6984 4954 2092 41 0 3063 0
Current children cumulated CPU time: 1.45 s
Current children cumulated vsize: 54844 KiB
Current children cumulated memory: 33432 KiB

[startup+3.11804 s]
/proc/loadavg: 14.18 14.15 13.27 17/833 3336498
/proc/meminfo: memFree=387474296/528004516 swapFree=8388604/8388604
[pid=3335803] ppid=3335798 vsize=26908 memory=13616 CPUtime=0.07 cores=12-13
/proc/3335803/stat : 3335803 (perf) S 3335798 3335803 3335459 0 -1 0 1737 237 0 0 6 1 0 0 20 0 1 0 922994024 27553792 3404 17179869184 93824994299904 93824996572973 140737488338256 0 0 0 134217728 4 74274 1 0 0 17 12 0 0 0 0 0 93824998874888 93825001005840 93825001308160 140737488340073 140737488340470 140737488340470 140737488351179 0
/proc/3335803/statm: 6727 3404 2099 555 0 1769 0
[pid=3335828] ppid=3335803 vsize=31344 memory=22984 CPUtime=3 cores=12-13
/proc/3335828/stat : 3335828 (clingo) R 3335803 3335803 3335459 0 -1 0 3998 0 0 0 299 1 0 0 20 0 1 0 922994033 32096256 5746 17179869184 93824992301056 93824992468925 140737488338416 0 0 0 134217728 4 25184771 0 0 0 17 12 0 0 0 0 0 93824992533936 93824992571272 93824992575488 140737488340183 140737488340354 140737488340354 140737488351170 0
/proc/3335828/statm: 7836 5746 2092 41 0 3915 0
Current children cumulated CPU time: 3.07 s
Current children cumulated vsize: 58252 KiB
Current children cumulated memory: 36600 KiB

[startup+6.30027 s]
/proc/loadavg: 14.33 14.18 13.29 17/841 3336747
/proc/meminfo: memFree=387539148/528004516 swapFree=8388604/8388604
[pid=3335803] ppid=3335798 vsize=26908 memory=13616 CPUtime=0.07 cores=12-13
/proc/3335803/stat : 3335803 (perf) S 3335798 3335803 3335459 0 -1 0 1737 237 0 0 6 1 0 0 20 0 1 0 922994024 27553792 3404 17179869184 93824994299904 93824996572973 140737488338256 0 0 0 134217728 4 74274 1 0 0 17 12 0 0 0 0 0 93824998874888 93825001005840 93825001308160 140737488340073 140737488340470 140737488340470 140737488351179 0
/proc/3335803/statm: 6727 3404 2099 555 0 1769 0
[pid=3335828] ppid=3335803 vsize=34400 memory=25624 CPUtime=6.18 cores=12-13
/proc/3335828/stat : 3335828 (clingo) R 3335803 3335803 3335459 0 -1 0 4673 0 0 0 617 1 0 0 20 0 1 0 922994033 35225600 6406 17179869184 93824992301056 93824992468925 140737488338416 0 0 0 134217728 4 25184771 0 0 0 17 12 0 0 0 0 0 93824992533936 93824992571272 93824992575488 140737488340183 140737488340354 140737488340354 140737488351170 0
/proc/3335828/statm: 8600 6406 2092 41 0 4679 0
Current children cumulated CPU time: 6.25 s
Current children cumulated vsize: 61308 KiB
Current children cumulated memory: 39240 KiB

[startup+12.7003 s]
/proc/loadavg: 14.30 14.18 13.29 16/841 3336747
/proc/meminfo: memFree=387464552/528004516 swapFree=8388604/8388604
[pid=3335803] ppid=3335798 vsize=26908 memory=13616 CPUtime=0.07 cores=12-13
/proc/3335803/stat : 3335803 (perf) S 3335798 3335803 3335459 0 -1 0 1737 237 0 0 6 1 0 0 20 0 1 0 922994024 27553792 3404 17179869184 93824994299904 93824996572973 140737488338256 0 0 0 134217728 4 74274 1 0 0 17 12 0 0 0 0 0 93824998874888 93825001005840 93825001308160 140737488340073 140737488340470 140737488340470 140737488351179 0
/proc/3335803/statm: 6727 3404 2099 555 0 1769 0
[pid=3335828] ppid=3335803 vsize=37688 memory=28528 CPUtime=12.58 cores=12-13
/proc/3335828/stat : 3335828 (clingo) R 3335803 3335803 3335459 0 -1 0 5392 0 0 0 1257 1 0 0 20 0 1 0 922994033 38592512 7132 17179869184 93824992301056 93824992468925 140737488338416 0 0 0 134217728 4 25184771 0 0 0 17 12 0 0 0 0 0 93824992533936 93824992571272 93824992575488 140737488340183 140737488340354 140737488340354 140737488351170 0
/proc/3335828/statm: 9422 7132 2092 41 0 5501 0
Current children cumulated CPU time: 12.65 s
Current children cumulated vsize: 64596 KiB
Current children cumulated memory: 42144 KiB

[startup+25.5003 s]
/proc/loadavg: 14.41 14.21 13.31 16/841 3336747
/proc/meminfo: memFree=387387732/528004516 swapFree=8388604/8388604
[pid=3335803] ppid=3335798 vsize=26908 memory=13616 CPUtime=0.07 cores=12-13
/proc/3335803/stat : 3335803 (perf) S 3335798 3335803 3335459 0 -1 0 1737 237 0 0 6 1 0 0 20 0 1 0 922994024 27553792 3404 17179869184 93824994299904 93824996572973 140737488338256 0 0 0 134217728 4 74274 1 0 0 17 12 0 0 0 0 0 93824998874888 93825001005840 93825001308160 140737488340073 140737488340470 140737488340470 140737488351179 0
/proc/3335803/statm: 6727 3404 2099 555 0 1769 0
[pid=3335828] ppid=3335803 vsize=41904 memory=32224 CPUtime=25.38 cores=12-13
/proc/3335828/stat : 3335828 (clingo) R 3335803 3335803 3335459 0 -1 0 6328 0 0 0 2537 1 0 0 20 0 1 0 922994033 42909696 8056 17179869184 93824992301056 93824992468925 140737488338416 0 0 0 134217728 4 25184771 0 0 0 17 12 0 0 0 0 0 93824992533936 93824992571272 93824992575488 140737488340183 140737488340354 140737488340354 140737488351170 0
/proc/3335828/statm: 10476 8056 2092 41 0 6555 0
Current children cumulated CPU time: 25.45 s
Current children cumulated vsize: 68812 KiB
Current children cumulated memory: 45840 KiB

[startup+51.1209 s]
/proc/loadavg: 14.47 14.25 13.35 16/841 3336748
/proc/meminfo: memFree=387284624/528004516 swapFree=8388604/8388604
[pid=3335803] ppid=3335798 vsize=26908 memory=13616 CPUtime=0.07 cores=12-13
/proc/3335803/stat : 3335803 (perf) S 3335798 3335803 3335459 0 -1 0 1737 237 0 0 6 1 0 0 20 0 1 0 922994024 27553792 3404 17179869184 93824994299904 93824996572973 140737488338256 0 0 0 134217728 4 74274 1 0 0 17 12 0 0 0 0 0 93824998874888 93825001005840 93825001308160 140737488340073 140737488340470 140737488340470 140737488351179 0
/proc/3335803/statm: 6727 3404 2099 555 0 1769 0
[pid=3335828] ppid=3335803 vsize=46752 memory=36976 CPUtime=50.99 cores=12-13
/proc/3335828/stat : 3335828 (clingo) R 3335803 3335803 3335459 0 -1 0 7514 0 0 0 5098 1 0 0 20 0 1 0 922994033 47874048 9244 17179869184 93824992301056 93824992468925 140737488338416 0 0 0 134217728 4 25184771 0 0 0 17 12 0 0 0 0 0 93824992533936 93824992571272 93824992575488 140737488340183 140737488340354 140737488340354 140737488351170 0
/proc/3335828/statm: 11688 9244 2092 41 0 7767 0
Current children cumulated CPU time: 51.06 s
Current children cumulated vsize: 73660 KiB
Current children cumulated memory: 50592 KiB

[startup+102.3 s]
/proc/loadavg: 14.20 14.21 13.39 16/843 3336899
/proc/meminfo: memFree=387216604/528004516 swapFree=8388604/8388604
[pid=3335803] ppid=3335798 vsize=26908 memory=13616 CPUtime=0.07 cores=12-13
/proc/3335803/stat : 3335803 (perf) S 3335798 3335803 3335459 0 -1 0 1737 237 0 0 6 1 0 0 20 0 1 0 922994024 27553792 3404 17179869184 93824994299904 93824996572973 140737488338256 0 0 0 134217728 4 74274 1 0 0 17 12 0 0 0 0 0 93824998874888 93825001005840 93825001308160 140737488340073 140737488340470 140737488340470 140737488351179 0
/proc/3335803/statm: 6727 3404 2099 555 0 1769 0
[pid=3335828] ppid=3335803 vsize=55856 memory=44896 CPUtime=102.17 cores=12-13
/proc/3335828/stat : 3335828 (clingo) R 3335803 3335803 3335459 0 -1 0 9471 0 0 0 10216 1 0 0 20 0 1 0 922994033 57196544 11224 17179869184 93824992301056 93824992468925 140737488338416 0 0 0 134217728 4 25184771 0 0 0 17 12 0 0 0 0 0 93824992533936 93824992571272 93824992575488 140737488340183 140737488340354 140737488340354 140737488351170 0
/proc/3335828/statm: 13964 11224 2092 41 0 10043 0
Current children cumulated CPU time: 102.24 s
Current children cumulated vsize: 82764 KiB
Current children cumulated memory: 58512 KiB

[startup+162.3 s]
/proc/loadavg: 14.52 14.29 13.47 16/843 3336904
/proc/meminfo: memFree=387094232/528004516 swapFree=8388604/8388604
[pid=3335803] ppid=3335798 vsize=26908 memory=13616 CPUtime=0.07 cores=12-13
/proc/3335803/stat : 3335803 (perf) S 3335798 3335803 3335459 0 -1 0 1737 237 0 0 6 1 0 0 20 0 1 0 922994024 27553792 3404 17179869184 93824994299904 93824996572973 140737488338256 0 0 0 134217728 4 74274 1 0 0 17 12 0 0 0 0 0 93824998874888 93825001005840 93825001308160 140737488340073 140737488340470 140737488340470 140737488351179 0
/proc/3335803/statm: 6727 3404 2099 555 0 1769 0
[pid=3335828] ppid=3335803 vsize=59168 memory=48856 CPUtime=162.17 cores=12-13
/proc/3335828/stat : 3335828 (clingo) R 3335803 3335803 3335459 0 -1 0 10475 0 0 0 16216 1 0 0 20 0 1 0 922994033 60588032 12214 17179869184 93824992301056 93824992468925 140737488338416 0 0 0 134217728 4 25184771 0 0 0 17 12 0 0 0 0 0 93824992533936 93824992571272 93824992575488 140737488340183 140737488340354 140737488340354 140737488351170 0
/proc/3335828/statm: 14792 12214 2092 41 0 10871 0
Current children cumulated CPU time: 162.24 s
Current children cumulated vsize: 86076 KiB
Current children cumulated memory: 62472 KiB

[startup+222.3 s]
/proc/loadavg: 14.26 14.27 13.52 16/843 3336907
/proc/meminfo: memFree=386990920/528004516 swapFree=8388604/8388604
[pid=3335803] ppid=3335798 vsize=26908 memory=13616 CPUtime=0.07 cores=12-13
/proc/3335803/stat : 3335803 (perf) S 3335798 3335803 3335459 0 -1 0 1737 237 0 0 6 1 0 0 20 0 1 0 922994024 27553792 3404 17179869184 93824994299904 93824996572973 140737488338256 0 0 0 134217728 4 74274 1 0 0 17 12 0 0 0 0 0 93824998874888 93825001005840 93825001308160 140737488340073 140737488340470 140737488340470 140737488351179 0
/proc/3335803/statm: 6727 3404 2099 555 0 1769 0
[pid=3335828] ppid=3335803 vsize=63656 memory=53344 CPUtime=222.18 cores=12-13
/proc/3335828/stat : 3335828 (clingo) R 3335803 3335803 3335459 0 -1 0 11559 0 0 0 22215 3 0 0 20 0 1 0 922994033 65183744 13336 17179869184 93824992301056 93824992468925 140737488338416 0 0 0 134217728 4 25184771 0 0 0 17 12 0 0 0 0 0 93824992533936 93824992571272 93824992575488 140737488340183 140737488340354 140737488340354 140737488351170 0
/proc/3335828/statm: 15914 13336 2092 41 0 11993 0
Current children cumulated CPU time: 222.25 s
Current children cumulated vsize: 90564 KiB
Current children cumulated memory: 66960 KiB

[startup+282.3 s]
/proc/loadavg: 14.28 14.29 13.58 16/843 3336910
/proc/meminfo: memFree=386914068/528004516 swapFree=8388604/8388604
[pid=3335803] ppid=3335798 vsize=26908 memory=13616 CPUtime=0.07 cores=12-13
/proc/3335803/stat : 3335803 (perf) S 3335798 3335803 3335459 0 -1 0 1737 237 0 0 6 1 0 0 20 0 1 0 922994024 27553792 3404 17179869184 93824994299904 93824996572973 140737488338256 0 0 0 134217728 4 74274 1 0 0 17 12 0 0 0 0 0 93824998874888 93825001005840 93825001308160 140737488340073 140737488340470 140737488340470 140737488351179 0
/proc/3335803/statm: 6727 3404 2099 555 0 1769 0
[pid=3335828] ppid=3335803 vsize=70292 memory=58624 CPUtime=282.18 cores=12-13
/proc/3335828/stat : 3335828 (clingo) R 3335803 3335803 3335459 0 -1 0 12904 0 0 0 28215 3 0 0 20 0 1 0 922994033 71979008 14656 17179869184 93824992301056 93824992468925 140737488338416 0 0 0 134217728 4 25184771 0 0 0 17 12 0 0 0 0 0 93824992533936 93824992571272 93824992575488 140737488340183 140737488340354 140737488340354 140737488351170 0
/proc/3335828/statm: 17573 14656 2092 41 0 13652 0
Current children cumulated CPU time: 282.25 s
Current children cumulated vsize: 97200 KiB
Current children cumulated memory: 72240 KiB

[startup+342.3 s]
/proc/loadavg: 14.45 14.32 13.63 16/820 3336915
/proc/meminfo: memFree=386847156/528004516 swapFree=8388604/8388604
[pid=3335803] ppid=3335798 vsize=26908 memory=13616 CPUtime=0.07 cores=12-13
/proc/3335803/stat : 3335803 (perf) S 3335798 3335803 3335459 0 -1 0 1737 237 0 0 6 1 0 0 20 0 1 0 922994024 27553792 3404 17179869184 93824994299904 93824996572973 140737488338256 0 0 0 134217728 4 74274 1 0 0 17 12 0 0 0 0 0 93824998874888 93825001005840 93825001308160 140737488340073 140737488340470 140737488340470 140737488351179 0
/proc/3335803/statm: 6727 3404 2099 555 0 1769 0
[pid=3335828] ppid=3335803 vsize=74276 memory=62056 CPUtime=342.18 cores=12-13
/proc/3335828/stat : 3335828 (clingo) R 3335803 3335803 3335459 0 -1 0 13758 0 0 0 34215 3 0 0 20 0 1 0 922994033 76058624 15514 17179869184 93824992301056 93824992468925 140737488338416 0 0 0 134217728 4 25184771 0 0 0 17 12 0 0 0 0 0 93824992533936 93824992571272 93824992575488 140737488340183 140737488340354 140737488340354 140737488351170 0
/proc/3335828/statm: 18569 15514 2092 41 0 14648 0
Current children cumulated CPU time: 342.25 s
Current children cumulated vsize: 101184 KiB
Current children cumulated memory: 75672 KiB

[startup+402.3 s]
/proc/loadavg: 14.24 14.27 13.66 16/820 3336917
/proc/meminfo: memFree=386770808/528004516 swapFree=8388604/8388604
[pid=3335803] ppid=3335798 vsize=26908 memory=13616 CPUtime=0.07 cores=12-13
/proc/3335803/stat : 3335803 (perf) S 3335798 3335803 3335459 0 -1 0 1737 237 0 0 6 1 0 0 20 0 1 0 922994024 27553792 3404 17179869184 93824994299904 93824996572973 140737488338256 0 0 0 134217728 4 74274 1 0 0 17 12 0 0 0 0 0 93824998874888 93825001005840 93825001308160 140737488340073 140737488340470 140737488340470 140737488351179 0
/proc/3335803/statm: 6727 3404 2099 555 0 1769 0
[pid=3335828] ppid=3335803 vsize=77880 memory=65488 CPUtime=402.18 cores=12-13
/proc/3335828/stat : 3335828 (clingo) R 3335803 3335803 3335459 0 -1 0 14613 0 0 0 40214 4 0 0 20 0 1 0 922994033 79749120 16372 17179869184 93824992301056 93824992468925 140737488338416 0 0 0 134217728 4 25184771 0 0 0 17 12 0 0 0 0 0 93824992533936 93824992571272 93824992575488 140737488340183 140737488340354 140737488340354 140737488351170 0
/proc/3335828/statm: 19470 16372 2092 41 0 15549 0
Current children cumulated CPU time: 402.25 s
Current children cumulated vsize: 104788 KiB
Current children cumulated memory: 79104 KiB

[startup+462.3 s]
/proc/loadavg: 14.26 14.28 13.71 16/816 3336920
/proc/meminfo: memFree=386709104/528004516 swapFree=8388604/8388604
[pid=3335803] ppid=3335798 vsize=26908 memory=13616 CPUtime=0.07 cores=12-13
/proc/3335803/stat : 3335803 (perf) S 3335798 3335803 3335459 0 -1 0 1737 237 0 0 6 1 0 0 20 0 1 0 922994024 27553792 3404 17179869184 93824994299904 93824996572973 140737488338256 0 0 0 134217728 4 74274 1 0 0 17 12 0 0 0 0 0 93824998874888 93825001005840 93825001308160 140737488340073 140737488340470 140737488340470 140737488351179 0
/proc/3335803/statm: 6727 3404 2099 555 0 1769 0
[pid=3335828] ppid=3335803 vsize=79208 memory=67072 CPUtime=462.18 cores=12-13
/proc/3335828/stat : 3335828 (clingo) R 3335803 3335803 3335459 0 -1 0 15029 0 0 0 46214 4 0 0 20 0 1 0 922994033 81108992 16768 17179869184 93824992301056 93824992468925 140737488338416 0 0 0 134217728 4 25184771 0 0 0 17 12 0 0 0 0 0 93824992533936 93824992571272 93824992575488 140737488340183 140737488340354 140737488340354 140737488351170 0
/proc/3335828/statm: 19802 16768 2092 41 0 15881 0
Current children cumulated CPU time: 462.25 s
Current children cumulated vsize: 106116 KiB
Current children cumulated memory: 80688 KiB

[startup+522.3 s]
/proc/loadavg: 14.09 14.23 13.73 16/816 3336924
/proc/meminfo: memFree=386658244/528004516 swapFree=8388604/8388604
[pid=3335803] ppid=3335798 vsize=26908 memory=13616 CPUtime=0.07 cores=12-13
/proc/3335803/stat : 3335803 (perf) S 3335798 3335803 3335459 0 -1 0 1737 237 0 0 6 1 0 0 20 0 1 0 922994024 27553792 3404 17179869184 93824994299904 93824996572973 140737488338256 0 0 0 134217728 4 74274 1 0 0 17 12 0 0 0 0 0 93824998874888 93825001005840 93825001308160 140737488340073 140737488340470 140737488340470 140737488351179 0
/proc/3335803/statm: 6727 3404 2099 555 0 1769 0
[pid=3335828] ppid=3335803 vsize=80536 memory=68656 CPUtime=522.18 cores=12-13
/proc/3335828/stat : 3335828 (clingo) R 3335803 3335803 3335459 0 -1 0 15408 0 0 0 52214 4 0 0 20 0 1 0 922994033 82468864 17164 17179869184 93824992301056 93824992468925 140737488338416 0 0 0 134217728 4 25184771 0 0 0 17 12 0 0 0 0 0 93824992533936 93824992571272 93824992575488 140737488340183 140737488340354 140737488340354 140737488351170 0
/proc/3335828/statm: 20134 17164 2092 41 0 16213 0
Current children cumulated CPU time: 522.25 s
Current children cumulated vsize: 107444 KiB
Current children cumulated memory: 82272 KiB

[startup+582.3 s]
/proc/loadavg: 15.62 14.63 13.90 16/816 3336928
/proc/meminfo: memFree=386603388/528004516 swapFree=8388604/8388604
[pid=3335803] ppid=3335798 vsize=26908 memory=13616 CPUtime=0.07 cores=12-13
/proc/3335803/stat : 3335803 (perf) S 3335798 3335803 3335459 0 -1 0 1737 237 0 0 6 1 0 0 20 0 1 0 922994024 27553792 3404 17179869184 93824994299904 93824996572973 140737488338256 0 0 0 134217728 4 74274 1 0 0 17 12 0 0 0 0 0 93824998874888 93825001005840 93825001308160 140737488340073 140737488340470 140737488340470 140737488351179 0
/proc/3335803/statm: 6727 3404 2099 555 0 1769 0
[pid=3335828] ppid=3335803 vsize=81112 memory=69448 CPUtime=582.18 cores=12-13
/proc/3335828/stat : 3335828 (clingo) R 3335803 3335803 3335459 0 -1 0 15619 0 0 0 58214 4 0 0 20 0 1 0 922994033 83058688 17362 17179869184 93824992301056 93824992468925 140737488338416 0 0 0 134217728 4 25184771 0 0 0 17 12 0 0 0 0 0 93824992533936 93824992571272 93824992575488 140737488340183 140737488340354 140737488340354 140737488351170 0
/proc/3335828/statm: 20278 17362 2092 41 0 16357 0
Current children cumulated CPU time: 582.25 s
Current children cumulated vsize: 108020 KiB
Current children cumulated memory: 83064 KiB

[startup+642.3 s]
/proc/loadavg: 14.59 14.51 13.91 16/817 3336932
/proc/meminfo: memFree=386564076/528004516 swapFree=8388604/8388604
[pid=3335803] ppid=3335798 vsize=26908 memory=13616 CPUtime=0.07 cores=12-13
/proc/3335803/stat : 3335803 (perf) S 3335798 3335803 3335459 0 -1 0 1737 237 0 0 6 1 0 0 20 0 1 0 922994024 27553792 3404 17179869184 93824994299904 93824996572973 140737488338256 0 0 0 134217728 4 74274 1 0 0 17 12 0 0 0 0 0 93824998874888 93825001005840 93825001308160 140737488340073 140737488340470 140737488340470 140737488351179 0
/proc/3335803/statm: 6727 3404 2099 555 0 1769 0
[pid=3335828] ppid=3335803 vsize=83924 memory=72088 CPUtime=642.18 cores=12-13
/proc/3335828/stat : 3335828 (clingo) R 3335803 3335803 3335459 0 -1 0 16271 0 0 0 64214 4 0 0 20 0 1 0 922994033 85938176 18022 17179869184 93824992301056 93824992468925 140737488338416 0 0 0 134217728 4 25184771 0 0 0 17 12 0 0 0 0 0 93824992533936 93824992571272 93824992575488 140737488340183 140737488340354 140737488340354 140737488351170 0
/proc/3335828/statm: 20981 18022 2092 41 0 17060 0
Current children cumulated CPU time: 642.25 s
Current children cumulated vsize: 110832 KiB
Current children cumulated memory: 85704 KiB

[startup+702.3 s]
/proc/loadavg: 14.25 14.43 13.92 16/817 3336935
/proc/meminfo: memFree=386513976/528004516 swapFree=8388604/8388604
[pid=3335803] ppid=3335798 vsize=26908 memory=13616 CPUtime=0.07 cores=12-13
/proc/3335803/stat : 3335803 (perf) S 3335798 3335803 3335459 0 -1 0 1737 237 0 0 6 1 0 0 20 0 1 0 922994024 27553792 3404 17179869184 93824994299904 93824996572973 140737488338256 0 0 0 134217728 4 74274 1 0 0 17 12 0 0 0 0 0 93824998874888 93825001005840 93825001308160 140737488340073 140737488340470 140737488340470 140737488351179 0
/proc/3335803/statm: 6727 3404 2099 555 0 1769 0
[pid=3335828] ppid=3335803 vsize=84788 memory=73144 CPUtime=702.18 cores=12-13
/proc/3335828/stat : 3335828 (clingo) R 3335803 3335803 3335459 0 -1 0 16560 0 0 0 70214 4 0 0 20 0 1 0 922994033 86822912 18286 17179869184 93824992301056 93824992468925 140737488338416 0 0 0 134217728 4 25184771 0 0 0 17 12 0 0 0 0 0 93824992533936 93824992571272 93824992575488 140737488340183 140737488340354 140737488340354 140737488351170 0
/proc/3335828/statm: 21197 18286 2092 41 0 17276 0
Current children cumulated CPU time: 702.25 s
Current children cumulated vsize: 111696 KiB
Current children cumulated memory: 86760 KiB

[startup+762.3 s]
/proc/loadavg: 14.38 14.42 13.95 16/817 3336937
/proc/meminfo: memFree=386469660/528004516 swapFree=8388604/8388604
[pid=3335803] ppid=3335798 vsize=26908 memory=13616 CPUtime=0.07 cores=12-13
/proc/3335803/stat : 3335803 (perf) S 3335798 3335803 3335459 0 -1 0 1737 237 0 0 6 1 0 0 20 0 1 0 922994024 27553792 3404 17179869184 93824994299904 93824996572973 140737488338256 0 0 0 134217728 4 74274 1 0 0 17 12 0 0 0 0 0 93824998874888 93825001005840 93825001308160 140737488340073 140737488340470 140737488340470 140737488351179 0
/proc/3335803/statm: 6727 3404 2099 555 0 1769 0
[pid=3335828] ppid=3335803 vsize=86516 memory=74728 CPUtime=762.18 cores=12-13
/proc/3335828/stat : 3335828 (clingo) R 3335803 3335803 3335459 0 -1 0 16910 0 0 0 76214 4 0 0 20 0 1 0 922994033 88592384 18682 17179869184 93824992301056 93824992468925 140737488338416 0 0 0 134217728 4 25184771 0 0 0 17 12 0 0 0 0 0 93824992533936 93824992571272 93824992575488 140737488340183 140737488340354 140737488340354 140737488351170 0
/proc/3335828/statm: 21629 18682 2092 41 0 17708 0
Current children cumulated CPU time: 762.25 s
Current children cumulated vsize: 113424 KiB
Current children cumulated memory: 88344 KiB

[startup+822.3 s]
/proc/loadavg: 14.21 14.37 13.97 16/817 3336940
/proc/meminfo: memFree=386432128/528004516 swapFree=8388604/8388604
[pid=3335803] ppid=3335798 vsize=26908 memory=13616 CPUtime=0.07 cores=12-13
/proc/3335803/stat : 3335803 (perf) S 3335798 3335803 3335459 0 -1 0 1737 237 0 0 6 1 0 0 20 0 1 0 922994024 27553792 3404 17179869184 93824994299904 93824996572973 140737488338256 0 0 0 134217728 4 74274 1 0 0 17 12 0 0 0 0 0 93824998874888 93825001005840 93825001308160 140737488340073 140737488340470 140737488340470 140737488351179 0
/proc/3335803/statm: 6727 3404 2099 555 0 1769 0
[pid=3335828] ppid=3335803 vsize=90836 memory=78160 CPUtime=822.17 cores=12-13
/proc/3335828/stat : 3335828 (clingo) R 3335803 3335803 3335459 0 -1 0 17771 0 0 0 82213 4 0 0 20 0 1 0 922994033 93016064 19540 17179869184 93824992301056 93824992468925 140737488338416 0 0 0 134217728 4 25184771 0 0 0 17 12 0 0 0 0 0 93824992533936 93824992571272 93824992575488 140737488340183 140737488340354 140737488340354 140737488351170 0
/proc/3335828/statm: 22709 19540 2092 41 0 18788 0
Current children cumulated CPU time: 822.24 s
Current children cumulated vsize: 117744 KiB
Current children cumulated memory: 91776 KiB

[startup+882.3 s]
/proc/loadavg: 14.07 14.30 13.97 16/817 3336943
/proc/meminfo: memFree=386398640/528004516 swapFree=8388604/8388604
[pid=3335803] ppid=3335798 vsize=26908 memory=13616 CPUtime=0.07 cores=12-13
/proc/3335803/stat : 3335803 (perf) S 3335798 3335803 3335459 0 -1 0 1737 237 0 0 6 1 0 0 20 0 1 0 922994024 27553792 3404 17179869184 93824994299904 93824996572973 140737488338256 0 0 0 134217728 4 74274 1 0 0 17 12 0 0 0 0 0 93824998874888 93825001005840 93825001308160 140737488340073 140737488340470 140737488340470 140737488351179 0
/proc/3335803/statm: 6727 3404 2099 555 0 1769 0
[pid=3335828] ppid=3335803 vsize=94004 memory=80800 CPUtime=882.18 cores=12-13
/proc/3335828/stat : 3335828 (clingo) R 3335803 3335803 3335459 0 -1 0 18410 0 0 0 88213 5 0 0 20 0 1 0 922994033 96260096 20200 17179869184 93824992301056 93824992468925 140737488338416 0 0 0 134217728 4 25184771 0 0 0 17 12 0 0 0 0 0 93824992533936 93824992571272 93824992575488 140737488340183 140737488340354 140737488340354 140737488351170 0
/proc/3335828/statm: 23501 20200 2092 41 0 19580 0
Current children cumulated CPU time: 882.25 s
Current children cumulated vsize: 120912 KiB
Current children cumulated memory: 94416 KiB

[startup+942.3 s]
/proc/loadavg: 14.07 14.26 13.98 16/816 3336947
/proc/meminfo: memFree=386360676/528004516 swapFree=8388604/8388604
[pid=3335803] ppid=3335798 vsize=26908 memory=13616 CPUtime=0.07 cores=12-13
/proc/3335803/stat : 3335803 (perf) S 3335798 3335803 3335459 0 -1 0 1737 237 0 0 6 1 0 0 20 0 1 0 922994024 27553792 3404 17179869184 93824994299904 93824996572973 140737488338256 0 0 0 134217728 4 74274 1 0 0 17 12 0 0 0 0 0 93824998874888 93825001005840 93825001308160 140737488340073 140737488340470 140737488340470 140737488351179 0
/proc/3335803/statm: 6727 3404 2099 555 0 1769 0
[pid=3335828] ppid=3335803 vsize=98036 memory=83968 CPUtime=942.17 cores=12-13
/proc/3335828/stat : 3335828 (clingo) R 3335803 3335803 3335459 0 -1 0 19207 0 0 0 94212 5 0 0 20 0 1 0 922994033 100388864 20992 17179869184 93824992301056 93824992468925 140737488338416 0 0 0 134217728 4 25184771 0 0 0 17 12 0 0 0 0 0 93824992533936 93824992571272 93824992575488 140737488340183 140737488340354 140737488340354 140737488351170 0
/proc/3335828/statm: 24509 20992 2092 41 0 20588 0
Current children cumulated CPU time: 942.24 s
Current children cumulated vsize: 124944 KiB
Current children cumulated memory: 97584 KiB

[startup+1002.3 s]
/proc/loadavg: 14.02 14.21 13.99 16/817 3336951
/proc/meminfo: memFree=386315328/528004516 swapFree=8388604/8388604
[pid=3335803] ppid=3335798 vsize=26908 memory=13616 CPUtime=0.07 cores=12-13
/proc/3335803/stat : 3335803 (perf) S 3335798 3335803 3335459 0 -1 0 1737 237 0 0 6 1 0 0 20 0 1 0 922994024 27553792 3404 17179869184 93824994299904 93824996572973 140737488338256 0 0 0 134217728 4 74274 1 0 0 17 12 0 0 0 0 0 93824998874888 93825001005840 93825001308160 140737488340073 140737488340470 140737488340470 140737488351179 0
/proc/3335803/statm: 6727 3404 2099 555 0 1769 0
[pid=3335828] ppid=3335803 vsize=101780 memory=86608 CPUtime=1002.17 cores=12-13
/proc/3335828/stat : 3335828 (clingo) R 3335803 3335803 3335459 0 -1 0 19912 0 0 0 100212 5 0 0 20 0 1 0 922994033 104222720 21652 17179869184 93824992301056 93824992468925 140737488338416 0 0 0 134217728 4 25184771 0 0 0 17 12 0 0 0 0 0 93824992533936 93824992571272 93824992575488 140737488340183 140737488340354 140737488340354 140737488351170 0
/proc/3335828/statm: 25445 21652 2092 41 0 21524 0
Current children cumulated CPU time: 1002.24 s
Current children cumulated vsize: 128688 KiB
Current children cumulated memory: 100224 KiB

[startup+1062.3 s]
/proc/loadavg: 14.05 14.18 14.00 16/818 3336954
/proc/meminfo: memFree=386283828/528004516 swapFree=8388604/8388604
[pid=3335803] ppid=3335798 vsize=26908 memory=13616 CPUtime=0.07 cores=12-13
/proc/3335803/stat : 3335803 (perf) S 3335798 3335803 3335459 0 -1 0 1737 237 0 0 6 1 0 0 20 0 1 0 922994024 27553792 3404 17179869184 93824994299904 93824996572973 140737488338256 0 0 0 134217728 4 74274 1 0 0 17 12 0 0 0 0 0 93824998874888 93825001005840 93825001308160 140737488340073 140737488340470 140737488340470 140737488351179 0
/proc/3335803/statm: 6727 3404 2099 555 0 1769 0
[pid=3335828] ppid=3335803 vsize=104084 memory=88456 CPUtime=1062.18 cores=12-13
/proc/3335828/stat : 3335828 (clingo) R 3335803 3335803 3335459 0 -1 0 20371 0 0 0 106212 6 0 0 20 0 1 0 922994033 106582016 22114 17179869184 93824992301056 93824992468925 140737488338416 0 0 0 134217728 4 25184771 0 0 0 17 12 0 0 0 0 0 93824992533936 93824992571272 93824992575488 140737488340183 140737488340354 140737488340354 140737488351170 0
/proc/3335828/statm: 26021 22114 2092 41 0 22100 0
Current children cumulated CPU time: 1062.25 s
Current children cumulated vsize: 130992 KiB
Current children cumulated memory: 102072 KiB

[startup+1122.3 s]
/proc/loadavg: 14.02 14.15 14.00 16/818 3336957
/proc/meminfo: memFree=386252124/528004516 swapFree=8388604/8388604
[pid=3335803] ppid=3335798 vsize=26908 memory=13616 CPUtime=0.07 cores=12-13
/proc/3335803/stat : 3335803 (perf) S 3335798 3335803 3335459 0 -1 0 1737 237 0 0 6 1 0 0 20 0 1 0 922994024 27553792 3404 17179869184 93824994299904 93824996572973 140737488338256 0 0 0 134217728 4 74274 1 0 0 17 12 0 0 0 0 0 93824998874888 93825001005840 93825001308160 140737488340073 140737488340470 140737488340470 140737488351179 0
/proc/3335803/statm: 6727 3404 2099 555 0 1769 0
[pid=3335828] ppid=3335803 vsize=107828 memory=91624 CPUtime=1122.17 cores=12-13
/proc/3335828/stat : 3335828 (clingo) R 3335803 3335803 3335459 0 -1 0 21124 0 0 0 112211 6 0 0 20 0 1 0 922994033 110415872 22906 17179869184 93824992301056 93824992468925 140737488338416 0 0 0 134217728 4 25184771 0 0 0 17 12 0 0 0 0 0 93824992533936 93824992571272 93824992575488 140737488340183 140737488340354 140737488340354 140737488351170 0
/proc/3335828/statm: 26957 22906 2092 41 0 23036 0
Current children cumulated CPU time: 1122.24 s
Current children cumulated vsize: 134736 KiB
Current children cumulated memory: 105240 KiB

[startup+1182.3 s]
/proc/loadavg: 14.12 14.15 14.01 16/818 3336961
/proc/meminfo: memFree=386218884/528004516 swapFree=8388604/8388604
[pid=3335803] ppid=3335798 vsize=26908 memory=13616 CPUtime=0.07 cores=12-13
/proc/3335803/stat : 3335803 (perf) S 3335798 3335803 3335459 0 -1 0 1737 237 0 0 6 1 0 0 20 0 1 0 922994024 27553792 3404 17179869184 93824994299904 93824996572973 140737488338256 0 0 0 134217728 4 74274 1 0 0 17 12 0 0 0 0 0 93824998874888 93825001005840 93825001308160 140737488340073 140737488340470 140737488340470 140737488351179 0
/proc/3335803/statm: 6727 3404 2099 555 0 1769 0
[pid=3335828] ppid=3335803 vsize=109268 memory=92680 CPUtime=1182.17 cores=12-13
/proc/3335828/stat : 3335828 (clingo) R 3335803 3335803 3335459 0 -1 0 21424 0 0 0 118211 6 0 0 20 0 1 0 922994033 111890432 23170 17179869184 93824992301056 93824992468925 140737488338416 0 0 0 134217728 4 25184771 0 0 0 17 12 0 0 0 0 0 93824992533936 93824992571272 93824992575488 140737488340183 140737488340354 140737488340354 140737488351170 0
/proc/3335828/statm: 27317 23170 2092 41 0 23396 0
Current children cumulated CPU time: 1182.24 s
Current children cumulated vsize: 136176 KiB
Current children cumulated memory: 106296 KiB



Maximum wall clock time exceeded: sending SIGTERM then SIGKILL

[startup+1205 s]*
/proc/loadavg: 14.31 14.19 14.02 16/798 3336978
/proc/meminfo: memFree=386330540/528004516 swapFree=8388604/8388604
[pid=3335803] ppid=3335798 vsize=26908 memory=13616 CPUtime=0.07 cores=12-13
/proc/3335803/stat : 3335803 (perf) S 3335798 3335803 3335459 0 -1 0 1737 237 0 0 6 1 0 0 20 0 1 0 922994024 27553792 3404 17179869184 93824994299904 93824996572973 140737488338256 0 0 0 134217728 4 74274 1 0 0 17 12 0 0 0 0 0 93824998874888 93825001005840 93825001308160 140737488340073 140737488340470 140737488340470 140737488351179 0
/proc/3335803/statm: 6727 3404 2099 555 0 1769 0
[pid=3335828] ppid=3335803 vsize=110132 memory=93472 CPUtime=1204.89 cores=12-13
/proc/3335828/stat : 3335828 (clingo) R 3335803 3335803 3335459 0 -1 0 21611 0 0 0 120483 6 0 0 20 0 1 0 922994033 112775168 23368 17179869184 93824992301056 93824992468925 140737488338416 0 0 0 134217728 4 25184771 0 0 0 17 12 0 0 0 0 0 93824992533936 93824992571272 93824992575488 140737488340183 140737488340354 140737488340354 140737488351170 0
/proc/3335828/statm: 27533 23368 2092 41 0 23612 0
Current children cumulated CPU time: 1204.96 s
Current children cumulated vsize: 137040 KiB
Current children cumulated memory: 107088 KiB

Sending SIGINT to process tree (bottom up)
Sleeping 5 seconds

[startup+1205.03 s]
# the end of solver process 3335803 was just reported to runsolver
# cumulated CPU time of all completed processes:  user=1204.9 s, system=0.088997 s

Solver just ended.
??? end of watcher thread
Dumping a history of the last processes samples

Child status: 1
Real time (s): 1205.03
CPU time (s): 1204.99
CPU user time (s): 1204.9
CPU system time (s): 0.088997
CPU usage (%): 99.9973
Max. virtual memory (cumulated for all children) (KiB): 137040
Max. memory (cumulated for all children) (KiB): 107088

getrusage(RUSAGE_CHILDREN,...) data:
user time used= 1204.9
system time used= 0.088997
maximum resident set size= 93624
integral shared memory size= 0
integral unshared data size= 0
integral unshared stack size= 0
page reclaims= 23625
page faults= 0
swaps= 0
block input operations= 0
block output operations= 0
messages sent= 0
messages received= 0
signals received= 0
voluntary context switches= 16
involuntary context switches= 1004


# summary of solver processes directly reported to runsolver:
#   pid: 3335803
#   total CPU time (s): 1204.99
#   total CPU user time (s): 1204.9
#   total CPU system time (s): 0.088997

??? end of timestamper thread
runsolver used 8.90384 second user time and 17.2296 second system time

The end
