runsolver version 3.4.0 (svn: 3018) Copyright (C) 2010-2013 Olivier ROUSSEL

This program is distributed in the hope that it will be useful,
but WITHOUT ANY WARRANTY; without even the implied warranty of
MERCHANTABILITY or FITNESS FOR A PARTICULAR PURPOSE.  See the
GNU General Public License for more details.

NUMA information:
  number of nodes: 2
  memory of node 0: 257635 MiB (182158 MiB free)
  memory of node 1: 257994 MiB (192815 MiB free)
  node distances:
     10  20
     20  10

command line: /dev/shm/375c07ae-2e81-11f1-ac62-000c298f4621/input/runsolver -w /dev/shm/375c07ae-2e81-11f1-ac62-000c298f4621/output/runsolver.log -v /dev/shm/375c07ae-2e81-11f1-ac62-000c298f4621/output/varfile.log -W 1205 --rss-swap-limit 16384 -d 5 --sigint /usr/bin/perf stat -B -e task-clock,cache-references,cache-misses,cycles,instructions,branches,faults,migrations,context-switches -o /dev/shm/375c07ae-2e81-11f1-ac62-000c298f4621/output/perf.log clingo /home/guests/mmacri/AMOSUM/benchmarks/GraphColouring/encoding-plain-amo.asp /dev/shm/375c07ae-2e81-11f1-ac62-000c298f4621/input/0026-graph_colouring-135-0_3888.asp 

running on 2 cores: 18-19

Enforcing wall clock limit (soft limit, will send SIGTERM then SIGKILL): 1205 seconds
Enforcing RSS+Swap limit (soft limit, will send SIGTERM then SIGKILL): 16777216 KiB
Linux 5.15.0-131-generic
solver pid=369838, runsolver pid=369837
Current StackSize limit: 8192 KiB


[startup+0.100068 s]*
/proc/loadavg: 14.06 14.17 13.23 17/823 369874
/proc/meminfo: memFree=384103680/528004504 swapFree=8388604/8388604
[pid=369838] ppid=369837 vsize=26908 memory=13616 CPUtime=0.07 cores=18-19
/proc/369838/stat : 369838 (perf) S 369837 369838 369548 0 -1 0 1738 237 0 0 5 2 0 0 20 0 1 0 922976515 27553792 3404 17179869184 93824994299904 93824996572973 140737488338256 0 0 0 134217728 4 74274 1 0 0 17 18 0 0 0 0 0 93824998874888 93825001005840 93825001308160 140737488340074 140737488340471 140737488340471 140737488351179 0
/proc/369838/statm: 6727 3404 2099 555 0 1769 0
[pid=369872] ppid=369838 vsize=19040 memory=10644 CPUtime=0.02 cores=18-19
/proc/369872/stat : 369872 (clingo) R 369838 369838 369548 0 -1 0 902 0 0 0 2 0 0 0 20 0 1 0 922976524 19496960 2661 17179869184 93824992301056 93824992468925 140737488338416 0 0 0 134217728 4 25184771 0 0 0 17 19 0 0 0 0 0 93824992533936 93824992571272 93824992575488 140737488340184 140737488340355 140737488340355 140737488351170 0
/proc/369872/statm: 4760 2661 2043 41 0 839 0
Current children cumulated CPU time: 0.09 s
Current children cumulated vsize: 45948 KiB
Current children cumulated memory: 24260 KiB

[startup+0.227272 s]*
/proc/loadavg: 14.06 14.17 13.23 16/827 369878
/proc/meminfo: memFree=384073600/528004504 swapFree=8388604/8388604
[pid=369838] ppid=369837 vsize=26908 memory=13616 CPUtime=0.07 cores=18-19
/proc/369838/stat : 369838 (perf) S 369837 369838 369548 0 -1 0 1738 237 0 0 5 2 0 0 20 0 1 0 922976515 27553792 3404 17179869184 93824994299904 93824996572973 140737488338256 0 0 0 134217728 4 74274 1 0 0 17 18 0 0 0 0 0 93824998874888 93825001005840 93825001308160 140737488340074 140737488340471 140737488340471 140737488351179 0
/proc/369838/statm: 6727 3404 2099 555 0 1769 0
[pid=369872] ppid=369838 vsize=24756 memory=16656 CPUtime=0.12 cores=18-19
/proc/369872/stat : 369872 (clingo) R 369838 369838 369548 0 -1 0 2434 0 0 0 12 0 0 0 20 0 1 0 922976524 25350144 4164 17179869184 93824992301056 93824992468925 140737488338416 0 0 0 134217728 4 25184771 0 0 0 17 18 0 0 0 0 0 93824992533936 93824992571272 93824992575488 140737488340184 140737488340355 140737488340355 140737488351170 0
/proc/369872/statm: 6189 4164 2088 41 0 2268 0
Current children cumulated CPU time: 0.19 s
Current children cumulated vsize: 51664 KiB
Current children cumulated memory: 30272 KiB

[startup+0.319806 s]*
/proc/loadavg: 14.06 14.17 13.23 16/827 369878
/proc/meminfo: memFree=384062352/528004504 swapFree=8388604/8388604
[pid=369838] ppid=369837 vsize=26908 memory=13616 CPUtime=0.07 cores=18-19
/proc/369838/stat : 369838 (perf) S 369837 369838 369548 0 -1 0 1738 237 0 0 5 2 0 0 20 0 1 0 922976515 27553792 3404 17179869184 93824994299904 93824996572973 140737488338256 0 0 0 134217728 4 74274 1 0 0 17 18 0 0 0 0 0 93824998874888 93825001005840 93825001308160 140737488340074 140737488340471 140737488340471 140737488351179 0
/proc/369838/statm: 6727 3404 2099 555 0 1769 0
[pid=369872] ppid=369838 vsize=26740 memory=18768 CPUtime=0.21 cores=18-19
/proc/369872/stat : 369872 (clingo) R 369838 369838 369548 0 -1 0 2920 0 0 0 21 0 0 0 20 0 1 0 922976524 27381760 4692 17179869184 93824992301056 93824992468925 140737488338416 0 0 0 134217728 4 25184771 0 0 0 17 18 0 0 0 0 0 93824992533936 93824992571272 93824992575488 140737488340184 140737488340355 140737488340355 140737488351170 0
/proc/369872/statm: 6685 4692 2088 41 0 2764 0
Current children cumulated CPU time: 0.28 s
Current children cumulated vsize: 53648 KiB
Current children cumulated memory: 32384 KiB

[startup+0.700346 s]
/proc/loadavg: 14.06 14.17 13.23 15/827 369878
/proc/meminfo: memFree=384049500/528004504 swapFree=8388604/8388604
[pid=369838] ppid=369837 vsize=26908 memory=13616 CPUtime=0.07 cores=18-19
/proc/369838/stat : 369838 (perf) S 369837 369838 369548 0 -1 0 1738 237 0 0 5 2 0 0 20 0 1 0 922976515 27553792 3404 17179869184 93824994299904 93824996572973 140737488338256 0 0 0 134217728 4 74274 1 0 0 17 18 0 0 0 0 0 93824998874888 93825001005840 93825001308160 140737488340074 140737488340471 140737488340471 140737488351179 0
/proc/369838/statm: 6727 3404 2099 555 0 1769 0
[pid=369872] ppid=369838 vsize=29604 memory=21408 CPUtime=0.58 cores=18-19
/proc/369872/stat : 369872 (clingo) R 369838 369838 369548 0 -1 0 3613 0 0 0 57 1 0 0 20 0 1 0 922976524 30314496 5352 17179869184 93824992301056 93824992468925 140737488338416 0 0 0 134217728 4 25184771 0 0 0 17 18 0 0 0 0 0 93824992533936 93824992571272 93824992575488 140737488340184 140737488340355 140737488340355 140737488351170 0
/proc/369872/statm: 7401 5352 2088 41 0 3480 0
Current children cumulated CPU time: 0.65 s
Current children cumulated vsize: 56512 KiB
Current children cumulated memory: 35024 KiB

[startup+1.50036 s]
/proc/loadavg: 14.05 14.16 13.24 15/827 369878
/proc/meminfo: memFree=384033120/528004504 swapFree=8388604/8388604
[pid=369838] ppid=369837 vsize=26908 memory=13616 CPUtime=0.07 cores=18-19
/proc/369838/stat : 369838 (perf) S 369837 369838 369548 0 -1 0 1738 237 0 0 5 2 0 0 20 0 1 0 922976515 27553792 3404 17179869184 93824994299904 93824996572973 140737488338256 0 0 0 134217728 4 74274 1 0 0 17 18 0 0 0 0 0 93824998874888 93825001005840 93825001308160 140737488340074 140737488340471 140737488340471 140737488351179 0
/proc/369838/statm: 6727 3404 2099 555 0 1769 0
[pid=369872] ppid=369838 vsize=32776 memory=24576 CPUtime=1.38 cores=18-19
/proc/369872/stat : 369872 (clingo) R 369838 369838 369548 0 -1 0 4412 0 0 0 136 2 0 0 20 0 1 0 922976524 33562624 6144 17179869184 93824992301056 93824992468925 140737488338416 0 0 0 134217728 4 25184771 0 0 0 17 18 0 0 0 0 0 93824992533936 93824992571272 93824992575488 140737488340184 140737488340355 140737488340355 140737488351170 0
/proc/369872/statm: 8194 6144 2088 41 0 4273 0
Current children cumulated CPU time: 1.45 s
Current children cumulated vsize: 59684 KiB
Current children cumulated memory: 38192 KiB

[startup+3.11814 s]
/proc/loadavg: 14.05 14.16 13.24 15/812 369995
/proc/meminfo: memFree=384114600/528004504 swapFree=8388604/8388604
[pid=369838] ppid=369837 vsize=26908 memory=13616 CPUtime=0.07 cores=18-19
/proc/369838/stat : 369838 (perf) S 369837 369838 369548 0 -1 0 1738 237 0 0 5 2 0 0 20 0 1 0 922976515 27553792 3404 17179869184 93824994299904 93824996572973 140737488338256 0 0 0 134217728 4 74274 1 0 0 17 18 0 0 0 0 0 93824998874888 93825001005840 93825001308160 140737488340074 140737488340471 140737488340471 140737488351179 0
/proc/369838/statm: 6727 3404 2099 555 0 1769 0
[pid=369872] ppid=369838 vsize=33580 memory=25632 CPUtime=3 cores=18-19
/proc/369872/stat : 369872 (clingo) R 369838 369838 369548 0 -1 0 4626 0 0 0 298 2 0 0 20 0 1 0 922976524 34385920 6408 17179869184 93824992301056 93824992468925 140737488338416 0 0 0 134217728 4 25184771 0 0 0 17 18 0 0 0 0 0 93824992533936 93824992571272 93824992575488 140737488340184 140737488340355 140737488340355 140737488351170 0
/proc/369872/statm: 8395 6408 2088 41 0 4474 0
Current children cumulated CPU time: 3.07 s
Current children cumulated vsize: 60488 KiB
Current children cumulated memory: 39248 KiB

[startup+6.30029 s]
/proc/loadavg: 14.05 14.16 13.24 15/827 370084
/proc/meminfo: memFree=384058832/528004504 swapFree=8388604/8388604
[pid=369838] ppid=369837 vsize=26908 memory=13616 CPUtime=0.07 cores=18-19
/proc/369838/stat : 369838 (perf) S 369837 369838 369548 0 -1 0 1738 237 0 0 5 2 0 0 20 0 1 0 922976515 27553792 3404 17179869184 93824994299904 93824996572973 140737488338256 0 0 0 134217728 4 74274 1 0 0 17 18 0 0 0 0 0 93824998874888 93825001005840 93825001308160 140737488340074 140737488340471 140737488340471 140737488351179 0
/proc/369838/statm: 6727 3404 2099 555 0 1769 0
[pid=369872] ppid=369838 vsize=39156 memory=30824 CPUtime=6.18 cores=18-19
/proc/369872/stat : 369872 (clingo) R 369838 369838 369548 0 -1 0 6067 0 0 0 616 2 0 0 20 0 1 0 922976524 40095744 7706 17179869184 93824992301056 93824992468925 140737488338416 0 0 0 134217728 4 25184771 0 0 0 17 18 0 0 0 0 0 93824992533936 93824992571272 93824992575488 140737488340184 140737488340355 140737488340355 140737488351170 0
/proc/369872/statm: 9789 7706 2088 41 0 5868 0
Current children cumulated CPU time: 6.25 s
Current children cumulated vsize: 66064 KiB
Current children cumulated memory: 44440 KiB

[startup+12.7003 s]
/proc/loadavg: 14.04 14.16 13.25 15/827 370084
/proc/meminfo: memFree=384014136/528004504 swapFree=8388604/8388604
[pid=369838] ppid=369837 vsize=26908 memory=13616 CPUtime=0.07 cores=18-19
/proc/369838/stat : 369838 (perf) S 369837 369838 369548 0 -1 0 1738 237 0 0 5 2 0 0 20 0 1 0 922976515 27553792 3404 17179869184 93824994299904 93824996572973 140737488338256 0 0 0 134217728 4 74274 1 0 0 17 18 0 0 0 0 0 93824998874888 93825001005840 93825001308160 140737488340074 140737488340471 140737488340471 140737488351179 0
/proc/369838/statm: 6727 3404 2099 555 0 1769 0
[pid=369872] ppid=369838 vsize=44784 memory=36432 CPUtime=12.58 cores=18-19
/proc/369872/stat : 369872 (clingo) R 369838 369838 369548 0 -1 0 7582 0 0 0 1256 2 0 0 20 0 1 0 922976524 45858816 9108 17179869184 93824992301056 93824992468925 140737488338416 0 0 0 134217728 4 25184771 0 0 0 17 18 0 0 0 0 0 93824992533936 93824992571272 93824992575488 140737488340184 140737488340355 140737488340355 140737488351170 0
/proc/369872/statm: 11196 9108 2088 41 0 7275 0
Current children cumulated CPU time: 12.65 s
Current children cumulated vsize: 71692 KiB
Current children cumulated memory: 50048 KiB

[startup+25.5004 s]
/proc/loadavg: 14.04 14.15 13.25 15/827 370394
/proc/meminfo: memFree=384145780/528004504 swapFree=8388604/8388604
[pid=369838] ppid=369837 vsize=26908 memory=13616 CPUtime=0.07 cores=18-19
/proc/369838/stat : 369838 (perf) S 369837 369838 369548 0 -1 0 1738 237 0 0 5 2 0 0 20 0 1 0 922976515 27553792 3404 17179869184 93824994299904 93824996572973 140737488338256 0 0 0 134217728 4 74274 1 0 0 17 18 0 0 0 0 0 93824998874888 93825001005840 93825001308160 140737488340074 140737488340471 140737488340471 140737488351179 0
/proc/369838/statm: 6727 3404 2099 555 0 1769 0
[pid=369872] ppid=369838 vsize=51980 memory=43872 CPUtime=25.37 cores=18-19
/proc/369872/stat : 369872 (clingo) R 369838 369838 369548 0 -1 0 10547 0 0 0 2535 2 0 0 20 0 1 0 922976524 53227520 10968 17179869184 93824992301056 93824992468925 140737488338416 0 0 0 134217728 4 25184771 0 0 0 17 18 0 0 0 0 0 93824992533936 93824992571272 93824992575488 140737488340184 140737488340355 140737488340355 140737488351170 0
/proc/369872/statm: 12995 10968 2088 41 0 9074 0
Current children cumulated CPU time: 25.44 s
Current children cumulated vsize: 78888 KiB
Current children cumulated memory: 57488 KiB

[startup+51.1186 s]
/proc/loadavg: 14.08 14.15 13.28 15/830 370603
/proc/meminfo: memFree=384182200/528004504 swapFree=8388604/8388604
[pid=369838] ppid=369837 vsize=26908 memory=13616 CPUtime=0.07 cores=18-19
/proc/369838/stat : 369838 (perf) S 369837 369838 369548 0 -1 0 1738 237 0 0 5 2 0 0 20 0 1 0 922976515 27553792 3404 17179869184 93824994299904 93824996572973 140737488338256 0 0 0 134217728 4 74274 1 0 0 17 18 0 0 0 0 0 93824998874888 93825001005840 93825001308160 140737488340074 140737488340471 140737488340471 140737488351179 0
/proc/369838/statm: 6727 3404 2099 555 0 1769 0
[pid=369872] ppid=369838 vsize=59864 memory=51748 CPUtime=50.99 cores=18-19
/proc/369872/stat : 369872 (clingo) R 369838 369838 369548 0 -1 0 13501 0 0 0 5096 3 0 0 20 0 1 0 922976524 61300736 12937 17179869184 93824992301056 93824992468925 140737488338416 0 0 0 134217728 4 25184771 0 0 0 17 18 0 0 0 0 0 93824992533936 93824992571272 93824992575488 140737488340184 140737488340355 140737488340355 140737488351170 0
/proc/369872/statm: 14966 12937 2088 41 0 11045 0
Current children cumulated CPU time: 51.06 s
Current children cumulated vsize: 86772 KiB
Current children cumulated memory: 65364 KiB

[startup+102.3 s]
/proc/loadavg: 14.03 14.13 13.32 15/832 370651
/proc/meminfo: memFree=384030544/528004504 swapFree=8388604/8388604
[pid=369838] ppid=369837 vsize=26908 memory=13616 CPUtime=0.07 cores=18-19
/proc/369838/stat : 369838 (perf) S 369837 369838 369548 0 -1 0 1738 237 0 0 5 2 0 0 20 0 1 0 922976515 27553792 3404 17179869184 93824994299904 93824996572973 140737488338256 0 0 0 134217728 4 74274 1 0 0 17 18 0 0 0 0 0 93824998874888 93825001005840 93825001308160 140737488340074 140737488340471 140737488340471 140737488351179 0
/proc/369838/statm: 6727 3404 2099 555 0 1769 0
[pid=369872] ppid=369838 vsize=72788 memory=64584 CPUtime=102.18 cores=18-19
/proc/369872/stat : 369872 (clingo) R 369838 369838 369548 0 -1 0 18200 0 0 0 10213 5 0 0 20 0 1 0 922976524 74534912 16146 17179869184 93824992301056 93824992468925 140737488338416 0 0 0 134217728 4 25184771 0 0 0 17 18 0 0 0 0 0 93824992533936 93824992571272 93824992575488 140737488340184 140737488340355 140737488340355 140737488351170 0
/proc/369872/statm: 18197 16146 2088 41 0 14276 0
Current children cumulated CPU time: 102.25 s
Current children cumulated vsize: 99696 KiB
Current children cumulated memory: 78200 KiB

[startup+162.3 s]
/proc/loadavg: 14.01 14.10 13.37 15/832 370654
/proc/meminfo: memFree=383917516/528004504 swapFree=8388604/8388604
[pid=369838] ppid=369837 vsize=26908 memory=13616 CPUtime=0.07 cores=18-19
/proc/369838/stat : 369838 (perf) S 369837 369838 369548 0 -1 0 1738 237 0 0 5 2 0 0 20 0 1 0 922976515 27553792 3404 17179869184 93824994299904 93824996572973 140737488338256 0 0 0 134217728 4 74274 1 0 0 17 18 0 0 0 0 0 93824998874888 93825001005840 93825001308160 140737488340074 140737488340471 140737488340471 140737488351179 0
/proc/369838/statm: 6727 3404 2099 555 0 1769 0
[pid=369872] ppid=369838 vsize=80628 memory=71968 CPUtime=162.17 cores=18-19
/proc/369872/stat : 369872 (clingo) R 369838 369838 369548 0 -1 0 21470 0 0 0 16211 6 0 0 20 0 1 0 922976524 82563072 17992 17179869184 93824992301056 93824992468925 140737488338416 0 0 0 134217728 4 25184771 0 0 0 17 18 0 0 0 0 0 93824992533936 93824992571272 93824992575488 140737488340184 140737488340355 140737488340355 140737488351170 0
/proc/369872/statm: 20157 17992 2088 41 0 16236 0
Current children cumulated CPU time: 162.24 s
Current children cumulated vsize: 107536 KiB
Current children cumulated memory: 85584 KiB

[startup+222.3 s]
/proc/loadavg: 14.00 14.08 13.41 15/832 370658
/proc/meminfo: memFree=383818560/528004504 swapFree=8388604/8388604
[pid=369838] ppid=369837 vsize=26908 memory=13616 CPUtime=0.07 cores=18-19
/proc/369838/stat : 369838 (perf) S 369837 369838 369548 0 -1 0 1738 237 0 0 5 2 0 0 20 0 1 0 922976515 27553792 3404 17179869184 93824994299904 93824996572973 140737488338256 0 0 0 134217728 4 74274 1 0 0 17 18 0 0 0 0 0 93824998874888 93825001005840 93825001308160 140737488340074 140737488340471 140737488340471 140737488351179 0
/proc/369838/statm: 6727 3404 2099 555 0 1769 0
[pid=369872] ppid=369838 vsize=88728 memory=79564 CPUtime=222.17 cores=18-19
/proc/369872/stat : 369872 (clingo) R 369838 369838 369548 0 -1 0 23821 0 0 0 22211 6 0 0 20 0 1 0 922976524 90857472 19891 17179869184 93824992301056 93824992468925 140737488338416 0 0 0 134217728 4 25184771 0 0 0 17 18 0 0 0 0 0 93824992533936 93824992571272 93824992575488 140737488340184 140737488340355 140737488340355 140737488351170 0
/proc/369872/statm: 22182 19891 2088 41 0 18261 0
Current children cumulated CPU time: 222.24 s
Current children cumulated vsize: 115636 KiB
Current children cumulated memory: 93180 KiB

[startup+282.3 s]
/proc/loadavg: 14.00 14.06 13.45 15/832 370661
/proc/meminfo: memFree=383738468/528004504 swapFree=8388604/8388604
[pid=369838] ppid=369837 vsize=26908 memory=13616 CPUtime=0.07 cores=18-19
/proc/369838/stat : 369838 (perf) S 369837 369838 369548 0 -1 0 1738 237 0 0 5 2 0 0 20 0 1 0 922976515 27553792 3404 17179869184 93824994299904 93824996572973 140737488338256 0 0 0 134217728 4 74274 1 0 0 17 18 0 0 0 0 0 93824998874888 93825001005840 93825001308160 140737488340074 140737488340471 140737488340471 140737488351179 0
/proc/369838/statm: 6727 3404 2099 555 0 1769 0
[pid=369872] ppid=369838 vsize=94680 memory=85720 CPUtime=282.17 cores=18-19
/proc/369872/stat : 369872 (clingo) R 369838 369838 369548 0 -1 0 27361 0 0 0 28210 7 0 0 20 0 1 0 922976524 96952320 21430 17179869184 93824992301056 93824992468925 140737488338416 0 0 0 134217728 4 25184771 0 0 0 17 18 0 0 0 0 0 93824992533936 93824992571272 93824992575488 140737488340184 140737488340355 140737488340355 140737488351170 0
/proc/369872/statm: 23670 21430 2088 41 0 19749 0
Current children cumulated CPU time: 282.24 s
Current children cumulated vsize: 121588 KiB
Current children cumulated memory: 99336 KiB

[startup+342.3 s]
/proc/loadavg: 15.09 14.33 13.58 15/812 370666
/proc/meminfo: memFree=383673580/528004504 swapFree=8388604/8388604
[pid=369838] ppid=369837 vsize=26908 memory=13616 CPUtime=0.07 cores=18-19
/proc/369838/stat : 369838 (perf) S 369837 369838 369548 0 -1 0 1738 237 0 0 5 2 0 0 20 0 1 0 922976515 27553792 3404 17179869184 93824994299904 93824996572973 140737488338256 0 0 0 134217728 4 74274 1 0 0 17 18 0 0 0 0 0 93824998874888 93825001005840 93825001308160 140737488340074 140737488340471 140737488340471 140737488351179 0
/proc/369838/statm: 6727 3404 2099 555 0 1769 0
[pid=369872] ppid=369838 vsize=100788 memory=91328 CPUtime=342.16 cores=18-19
/proc/369872/stat : 369872 (clingo) R 369838 369838 369548 0 -1 0 29288 0 0 0 34209 7 0 0 20 0 1 0 922976524 103206912 22832 17179869184 93824992301056 93824992468925 140737488338416 0 0 0 134217728 4 25184771 0 0 0 17 18 0 0 0 0 0 93824992533936 93824992571272 93824992575488 140737488340184 140737488340355 140737488340355 140737488351170 0
/proc/369872/statm: 25197 22832 2088 41 0 21276 0
Current children cumulated CPU time: 342.23 s
Current children cumulated vsize: 127696 KiB
Current children cumulated memory: 104944 KiB

[startup+402.3 s]
/proc/loadavg: 14.40 14.27 13.61 15/808 370669
/proc/meminfo: memFree=383606592/528004504 swapFree=8388604/8388604
[pid=369838] ppid=369837 vsize=26908 memory=13616 CPUtime=0.07 cores=18-19
/proc/369838/stat : 369838 (perf) S 369837 369838 369548 0 -1 0 1738 237 0 0 5 2 0 0 20 0 1 0 922976515 27553792 3404 17179869184 93824994299904 93824996572973 140737488338256 0 0 0 134217728 4 74274 1 0 0 17 18 0 0 0 0 0 93824998874888 93825001005840 93825001308160 140737488340074 140737488340471 140737488340471 140737488351179 0
/proc/369838/statm: 6727 3404 2099 555 0 1769 0
[pid=369872] ppid=369838 vsize=105860 memory=95664 CPUtime=402.17 cores=18-19
/proc/369872/stat : 369872 (clingo) R 369838 369838 369548 0 -1 0 30452 0 0 0 40209 8 0 0 20 0 1 0 922976524 108400640 23916 17179869184 93824992301056 93824992468925 140737488338416 0 0 0 134217728 4 25184771 0 0 0 17 18 0 0 0 0 0 93824992533936 93824992571272 93824992575488 140737488340184 140737488340355 140737488340355 140737488351170 0
/proc/369872/statm: 26465 23916 2088 41 0 22544 0
Current children cumulated CPU time: 402.24 s
Current children cumulated vsize: 132768 KiB
Current children cumulated memory: 109280 KiB

[startup+462.3 s]
/proc/loadavg: 14.14 14.22 13.64 15/809 370673
/proc/meminfo: memFree=383547632/528004504 swapFree=8388604/8388604
[pid=369838] ppid=369837 vsize=26908 memory=13616 CPUtime=0.07 cores=18-19
/proc/369838/stat : 369838 (perf) S 369837 369838 369548 0 -1 0 1738 237 0 0 5 2 0 0 20 0 1 0 922976515 27553792 3404 17179869184 93824994299904 93824996572973 140737488338256 0 0 0 134217728 4 74274 1 0 0 17 18 0 0 0 0 0 93824998874888 93825001005840 93825001308160 140737488340074 140737488340471 140737488340471 140737488351179 0
/proc/369838/statm: 6727 3404 2099 555 0 1769 0
[pid=369872] ppid=369838 vsize=111912 memory=100748 CPUtime=462.16 cores=18-19
/proc/369872/stat : 369872 (clingo) R 369838 369838 369548 0 -1 0 32819 0 0 0 46208 8 0 0 20 0 1 0 922976524 114597888 25187 17179869184 93824992301056 93824992468925 140737488338416 0 0 0 134217728 4 25184771 0 0 0 17 18 0 0 0 0 0 93824992533936 93824992571272 93824992575488 140737488340184 140737488340355 140737488340355 140737488351170 0
/proc/369872/statm: 27978 25187 2088 41 0 24057 0
Current children cumulated CPU time: 462.23 s
Current children cumulated vsize: 138820 KiB
Current children cumulated memory: 114364 KiB

[startup+522.3 s]
/proc/loadavg: 14.05 14.18 13.66 15/810 370678
/proc/meminfo: memFree=383505580/528004504 swapFree=8388604/8388604
[pid=369838] ppid=369837 vsize=26908 memory=13616 CPUtime=0.07 cores=18-19
/proc/369838/stat : 369838 (perf) S 369837 369838 369548 0 -1 0 1738 237 0 0 5 2 0 0 20 0 1 0 922976515 27553792 3404 17179869184 93824994299904 93824996572973 140737488338256 0 0 0 134217728 4 74274 1 0 0 17 18 0 0 0 0 0 93824998874888 93825001005840 93825001308160 140737488340074 140737488340471 140737488340471 140737488351179 0
/proc/369838/statm: 6727 3404 2099 555 0 1769 0
[pid=369872] ppid=369838 vsize=115768 memory=104076 CPUtime=522.16 cores=18-19
/proc/369872/stat : 369872 (clingo) R 369838 369838 369548 0 -1 0 33699 0 0 0 52207 9 0 0 20 0 1 0 922976524 118546432 26019 17179869184 93824992301056 93824992468925 140737488338416 0 0 0 134217728 4 25184771 0 0 0 17 18 0 0 0 0 0 93824992533936 93824992571272 93824992575488 140737488340184 140737488340355 140737488340355 140737488351170 0
/proc/369872/statm: 28942 26019 2088 41 0 25021 0
Current children cumulated CPU time: 522.23 s
Current children cumulated vsize: 142676 KiB
Current children cumulated memory: 117692 KiB

[startup+582.3 s]
/proc/loadavg: 14.31 14.22 13.71 15/810 370681
/proc/meminfo: memFree=383462276/528004504 swapFree=8388604/8388604
[pid=369838] ppid=369837 vsize=26908 memory=13616 CPUtime=0.07 cores=18-19
/proc/369838/stat : 369838 (perf) S 369837 369838 369548 0 -1 0 1738 237 0 0 5 2 0 0 20 0 1 0 922976515 27553792 3404 17179869184 93824994299904 93824996572973 140737488338256 0 0 0 134217728 4 74274 1 0 0 17 18 0 0 0 0 0 93824998874888 93825001005840 93825001308160 140737488340074 140737488340471 140737488340471 140737488351179 0
/proc/369838/statm: 6727 3404 2099 555 0 1769 0
[pid=369872] ppid=369838 vsize=119276 memory=107500 CPUtime=582.16 cores=18-19
/proc/369872/stat : 369872 (clingo) R 369838 369838 369548 0 -1 0 34932 0 0 0 58207 9 0 0 20 0 1 0 922976524 122138624 26875 17179869184 93824992301056 93824992468925 140737488338416 0 0 0 134217728 4 25184771 0 0 0 17 18 0 0 0 0 0 93824992533936 93824992571272 93824992575488 140737488340184 140737488340355 140737488340355 140737488351170 0
/proc/369872/statm: 29819 26875 2088 41 0 25898 0
Current children cumulated CPU time: 582.23 s
Current children cumulated vsize: 146184 KiB
Current children cumulated memory: 121116 KiB

[startup+642.3 s]
/proc/loadavg: 14.88 14.37 13.80 15/810 370684
/proc/meminfo: memFree=383420712/528004504 swapFree=8388604/8388604
[pid=369838] ppid=369837 vsize=26908 memory=13616 CPUtime=0.07 cores=18-19
/proc/369838/stat : 369838 (perf) S 369837 369838 369548 0 -1 0 1738 237 0 0 5 2 0 0 20 0 1 0 922976515 27553792 3404 17179869184 93824994299904 93824996572973 140737488338256 0 0 0 134217728 4 74274 1 0 0 17 18 0 0 0 0 0 93824998874888 93825001005840 93825001308160 140737488340074 140737488340471 140737488340471 140737488351179 0
/proc/369838/statm: 6727 3404 2099 555 0 1769 0
[pid=369872] ppid=369838 vsize=123356 memory=111336 CPUtime=642.16 cores=18-19
/proc/369872/stat : 369872 (clingo) R 369838 369838 369548 0 -1 0 36470 0 0 0 64206 10 0 0 20 0 1 0 922976524 126316544 27834 17179869184 93824992301056 93824992468925 140737488338416 0 0 0 134217728 4 25184771 0 0 0 17 18 0 0 0 0 0 93824992533936 93824992571272 93824992575488 140737488340184 140737488340355 140737488340355 140737488351170 0
/proc/369872/statm: 30839 27834 2088 41 0 26918 0
Current children cumulated CPU time: 642.23 s
Current children cumulated vsize: 150264 KiB
Current children cumulated memory: 124952 KiB

[startup+702.3 s]
/proc/loadavg: 14.90 14.53 13.90 15/810 370687
/proc/meminfo: memFree=383374132/528004504 swapFree=8388604/8388604
[pid=369838] ppid=369837 vsize=26908 memory=13616 CPUtime=0.07 cores=18-19
/proc/369838/stat : 369838 (perf) S 369837 369838 369548 0 -1 0 1738 237 0 0 5 2 0 0 20 0 1 0 922976515 27553792 3404 17179869184 93824994299904 93824996572973 140737488338256 0 0 0 134217728 4 74274 1 0 0 17 18 0 0 0 0 0 93824998874888 93825001005840 93825001308160 140737488340074 140737488340471 140737488340471 140737488351179 0
/proc/369838/statm: 6727 3404 2099 555 0 1769 0
[pid=369872] ppid=369838 vsize=127592 memory=114572 CPUtime=702.17 cores=18-19
/proc/369872/stat : 369872 (clingo) R 369838 369838 369548 0 -1 0 37981 0 0 0 70206 11 0 0 20 0 1 0 922976524 130654208 28643 17179869184 93824992301056 93824992468925 140737488338416 0 0 0 134217728 4 25184771 0 0 0 17 18 0 0 0 0 0 93824992533936 93824992571272 93824992575488 140737488340184 140737488340355 140737488340355 140737488351170 0
/proc/369872/statm: 31898 28643 2088 41 0 27977 0
Current children cumulated CPU time: 702.24 s
Current children cumulated vsize: 154500 KiB
Current children cumulated memory: 128188 KiB

[startup+762.3 s]
/proc/loadavg: 14.40 14.45 13.91 15/809 370689
/proc/meminfo: memFree=383343712/528004504 swapFree=8388604/8388604
[pid=369838] ppid=369837 vsize=26908 memory=13616 CPUtime=0.07 cores=18-19
/proc/369838/stat : 369838 (perf) S 369837 369838 369548 0 -1 0 1738 237 0 0 5 2 0 0 20 0 1 0 922976515 27553792 3404 17179869184 93824994299904 93824996572973 140737488338256 0 0 0 134217728 4 74274 1 0 0 17 18 0 0 0 0 0 93824998874888 93825001005840 93825001308160 140737488340074 140737488340471 140737488340471 140737488351179 0
/proc/369838/statm: 6727 3404 2099 555 0 1769 0
[pid=369872] ppid=369838 vsize=130436 memory=117212 CPUtime=762.17 cores=18-19
/proc/369872/stat : 369872 (clingo) R 369838 369838 369548 0 -1 0 38631 0 0 0 76206 11 0 0 20 0 1 0 922976524 133566464 29303 17179869184 93824992301056 93824992468925 140737488338416 0 0 0 134217728 4 25184771 0 0 0 17 18 0 0 0 0 0 93824992533936 93824992571272 93824992575488 140737488340184 140737488340355 140737488340355 140737488351170 0
/proc/369872/statm: 32609 29303 2088 41 0 28688 0
Current children cumulated CPU time: 762.24 s
Current children cumulated vsize: 157344 KiB
Current children cumulated memory: 130828 KiB

[startup+822.3 s]
/proc/loadavg: 14.15 14.36 13.92 15/808 370693
/proc/meminfo: memFree=383300960/528004504 swapFree=8388604/8388604
[pid=369838] ppid=369837 vsize=26908 memory=13616 CPUtime=0.07 cores=18-19
/proc/369838/stat : 369838 (perf) S 369837 369838 369548 0 -1 0 1738 237 0 0 5 2 0 0 20 0 1 0 922976515 27553792 3404 17179869184 93824994299904 93824996572973 140737488338256 0 0 0 134217728 4 74274 1 0 0 17 18 0 0 0 0 0 93824998874888 93825001005840 93825001308160 140737488340074 140737488340471 140737488340471 140737488351179 0
/proc/369838/statm: 6727 3404 2099 555 0 1769 0
[pid=369872] ppid=369838 vsize=132848 memory=119324 CPUtime=822.16 cores=18-19
/proc/369872/stat : 369872 (clingo) R 369838 369838 369548 0 -1 0 39157 0 0 0 82205 11 0 0 20 0 1 0 922976524 136036352 29831 17179869184 93824992301056 93824992468925 140737488338416 0 0 0 134217728 4 25184771 0 0 0 17 18 0 0 0 0 0 93824992533936 93824992571272 93824992575488 140737488340184 140737488340355 140737488340355 140737488351170 0
/proc/369872/statm: 33212 29831 2088 41 0 29291 0
Current children cumulated CPU time: 822.23 s
Current children cumulated vsize: 159756 KiB
Current children cumulated memory: 132940 KiB

[startup+882.3 s]
/proc/loadavg: 14.13 14.31 13.93 15/808 370696
/proc/meminfo: memFree=383250904/528004504 swapFree=8388604/8388604
[pid=369838] ppid=369837 vsize=26908 memory=13616 CPUtime=0.07 cores=18-19
/proc/369838/stat : 369838 (perf) S 369837 369838 369548 0 -1 0 1738 237 0 0 5 2 0 0 20 0 1 0 922976515 27553792 3404 17179869184 93824994299904 93824996572973 140737488338256 0 0 0 134217728 4 74274 1 0 0 17 18 0 0 0 0 0 93824998874888 93825001005840 93825001308160 140737488340074 140737488340471 140737488340471 140737488351179 0
/proc/369838/statm: 6727 3404 2099 555 0 1769 0
[pid=369872] ppid=369838 vsize=134680 memory=121436 CPUtime=882.16 cores=18-19
/proc/369872/stat : 369872 (clingo) R 369838 369838 369548 0 -1 0 39680 0 0 0 88205 11 0 0 20 0 1 0 922976524 137912320 30359 17179869184 93824992301056 93824992468925 140737488338416 0 0 0 134217728 4 25184771 0 0 0 17 18 0 0 0 0 0 93824992533936 93824992571272 93824992575488 140737488340184 140737488340355 140737488340355 140737488351170 0
/proc/369872/statm: 33670 30359 2088 41 0 29749 0
Current children cumulated CPU time: 882.23 s
Current children cumulated vsize: 161588 KiB
Current children cumulated memory: 135052 KiB

[startup+942.3 s]
/proc/loadavg: 14.15 14.30 13.95 15/808 370700
/proc/meminfo: memFree=383222288/528004504 swapFree=8388604/8388604
[pid=369838] ppid=369837 vsize=26908 memory=13616 CPUtime=0.07 cores=18-19
/proc/369838/stat : 369838 (perf) S 369837 369838 369548 0 -1 0 1738 237 0 0 5 2 0 0 20 0 1 0 922976515 27553792 3404 17179869184 93824994299904 93824996572973 140737488338256 0 0 0 134217728 4 74274 1 0 0 17 18 0 0 0 0 0 93824998874888 93825001005840 93825001308160 140737488340074 140737488340471 140737488340471 140737488351179 0
/proc/369838/statm: 6727 3404 2099 555 0 1769 0
[pid=369872] ppid=369838 vsize=137328 memory=124056 CPUtime=942.16 cores=18-19
/proc/369872/stat : 369872 (clingo) R 369838 369838 369548 0 -1 0 40397 0 0 0 94205 11 0 0 20 0 1 0 922976524 140623872 31014 17179869184 93824992301056 93824992468925 140737488338416 0 0 0 134217728 4 25184771 0 0 0 17 18 0 0 0 0 0 93824992533936 93824992571272 93824992575488 140737488340184 140737488340355 140737488340355 140737488351170 0
/proc/369872/statm: 34332 31014 2088 41 0 30411 0
Current children cumulated CPU time: 942.23 s
Current children cumulated vsize: 164236 KiB
Current children cumulated memory: 137672 KiB

[startup+1002.3 s]
/proc/loadavg: 14.20 14.30 13.98 15/808 370703
/proc/meminfo: memFree=383184868/528004504 swapFree=8388604/8388604
[pid=369838] ppid=369837 vsize=26908 memory=13616 CPUtime=0.07 cores=18-19
/proc/369838/stat : 369838 (perf) S 369837 369838 369548 0 -1 0 1738 237 0 0 5 2 0 0 20 0 1 0 922976515 27553792 3404 17179869184 93824994299904 93824996572973 140737488338256 0 0 0 134217728 4 74274 1 0 0 17 18 0 0 0 0 0 93824998874888 93825001005840 93825001308160 140737488340074 140737488340471 140737488340471 140737488351179 0
/proc/369838/statm: 6727 3404 2099 555 0 1769 0
[pid=369872] ppid=369838 vsize=139964 memory=126628 CPUtime=1002.16 cores=18-19
/proc/369872/stat : 369872 (clingo) R 369838 369838 369548 0 -1 0 42461 0 0 0 100205 11 0 0 20 0 1 0 922976524 143323136 31657 17179869184 93824992301056 93824992468925 140737488338416 0 0 0 134217728 4 25184771 0 0 0 17 18 0 0 0 0 0 93824992533936 93824992571272 93824992575488 140737488340184 140737488340355 140737488340355 140737488351170 0
/proc/369872/statm: 34991 31657 2088 41 0 31070 0
Current children cumulated CPU time: 1002.23 s
Current children cumulated vsize: 166872 KiB
Current children cumulated memory: 140244 KiB

[startup+1062.3 s]
/proc/loadavg: 14.07 14.24 13.99 15/808 370705
/proc/meminfo: memFree=383141984/528004504 swapFree=8388604/8388604
[pid=369838] ppid=369837 vsize=26908 memory=13616 CPUtime=0.07 cores=18-19
/proc/369838/stat : 369838 (perf) S 369837 369838 369548 0 -1 0 1738 237 0 0 5 2 0 0 20 0 1 0 922976515 27553792 3404 17179869184 93824994299904 93824996572973 140737488338256 0 0 0 134217728 4 74274 1 0 0 17 18 0 0 0 0 0 93824998874888 93825001005840 93825001308160 140737488340074 140737488340471 140737488340471 140737488351179 0
/proc/369838/statm: 6727 3404 2099 555 0 1769 0
[pid=369872] ppid=369838 vsize=142608 memory=128940 CPUtime=1062.15 cores=18-19
/proc/369872/stat : 369872 (clingo) R 369838 369838 369548 0 -1 0 44205 0 0 0 106204 11 0 0 20 0 1 0 922976524 146030592 32235 17179869184 93824992301056 93824992468925 140737488338416 0 0 0 134217728 4 25184771 0 0 0 17 18 0 0 0 0 0 93824992533936 93824992571272 93824992575488 140737488340184 140737488340355 140737488340355 140737488351170 0
/proc/369872/statm: 35652 32235 2088 41 0 31731 0
Current children cumulated CPU time: 1062.22 s
Current children cumulated vsize: 169516 KiB
Current children cumulated memory: 142556 KiB

[startup+1122.3 s]
/proc/loadavg: 14.02 14.19 13.99 15/808 370708
/proc/meminfo: memFree=383112860/528004504 swapFree=8388604/8388604
[pid=369838] ppid=369837 vsize=26908 memory=13616 CPUtime=0.07 cores=18-19
/proc/369838/stat : 369838 (perf) S 369837 369838 369548 0 -1 0 1738 237 0 0 5 2 0 0 20 0 1 0 922976515 27553792 3404 17179869184 93824994299904 93824996572973 140737488338256 0 0 0 134217728 4 74274 1 0 0 17 18 0 0 0 0 0 93824998874888 93825001005840 93825001308160 140737488340074 140737488340471 140737488340471 140737488351179 0
/proc/369838/statm: 6727 3404 2099 555 0 1769 0
[pid=369872] ppid=369838 vsize=145304 memory=132004 CPUtime=1122.16 cores=18-19
/proc/369872/stat : 369872 (clingo) R 369838 369838 369548 0 -1 0 45312 0 0 0 112204 12 0 0 20 0 1 0 922976524 148791296 33001 17179869184 93824992301056 93824992468925 140737488338416 0 0 0 134217728 4 25184771 0 0 0 17 18 0 0 0 0 0 93824992533936 93824992571272 93824992575488 140737488340184 140737488340355 140737488340355 140737488351170 0
/proc/369872/statm: 36326 33001 2088 41 0 32405 0
Current children cumulated CPU time: 1122.23 s
Current children cumulated vsize: 172212 KiB
Current children cumulated memory: 145620 KiB

[startup+1182.3 s]
/proc/loadavg: 14.21 14.22 14.01 15/808 370711
/proc/meminfo: memFree=383078244/528004504 swapFree=8388604/8388604
[pid=369838] ppid=369837 vsize=26908 memory=13616 CPUtime=0.07 cores=18-19
/proc/369838/stat : 369838 (perf) S 369837 369838 369548 0 -1 0 1738 237 0 0 5 2 0 0 20 0 1 0 922976515 27553792 3404 17179869184 93824994299904 93824996572973 140737488338256 0 0 0 134217728 4 74274 1 0 0 17 18 0 0 0 0 0 93824998874888 93825001005840 93825001308160 140737488340074 140737488340471 140737488340471 140737488351179 0
/proc/369838/statm: 6727 3404 2099 555 0 1769 0
[pid=369872] ppid=369838 vsize=146212 memory=133088 CPUtime=1182.16 cores=18-19
/proc/369872/stat : 369872 (clingo) R 369838 369838 369548 0 -1 0 46823 0 0 0 118204 12 0 0 20 0 1 0 922976524 149721088 33272 17179869184 93824992301056 93824992468925 140737488338416 0 0 0 134217728 4 25184771 0 0 0 17 18 0 0 0 0 0 93824992533936 93824992571272 93824992575488 140737488340184 140737488340355 140737488340355 140737488351170 0
/proc/369872/statm: 36553 33272 2088 41 0 32632 0
Current children cumulated CPU time: 1182.23 s
Current children cumulated vsize: 173120 KiB
Current children cumulated memory: 146704 KiB



Maximum wall clock time exceeded: sending SIGTERM then SIGKILL

[startup+1205 s]*
/proc/loadavg: 14.15 14.20 14.01 15/778 370740
/proc/meminfo: memFree=383288184/528004504 swapFree=8388604/8388604
[pid=369838] ppid=369837 vsize=26908 memory=13616 CPUtime=0.07 cores=18-19
/proc/369838/stat : 369838 (perf) S 369837 369838 369548 0 -1 0 1738 237 0 0 5 2 0 0 20 0 1 0 922976515 27553792 3404 17179869184 93824994299904 93824996572973 140737488338256 0 0 0 134217728 4 74274 1 0 0 17 18 0 0 0 0 0 93824998874888 93825001005840 93825001308160 140737488340074 140737488340471 140737488340471 140737488351179 0
/proc/369838/statm: 6727 3404 2099 555 0 1769 0
[pid=369872] ppid=369838 vsize=147452 memory=134304 CPUtime=1204.87 cores=18-19
/proc/369872/stat : 369872 (clingo) R 369838 369838 369548 0 -1 0 47224 0 0 0 120475 12 0 0 20 0 1 0 922976524 150990848 33576 17179869184 93824992301056 93824992468925 140737488338416 0 0 0 134217728 4 25184771 0 0 0 17 18 0 0 0 0 0 93824992533936 93824992571272 93824992575488 140737488340184 140737488340355 140737488340355 140737488351170 0
/proc/369872/statm: 36863 33576 2088 41 0 32942 0
Current children cumulated CPU time: 1204.94 s
Current children cumulated vsize: 174360 KiB
Current children cumulated memory: 147920 KiB

Sending SIGINT to process tree (bottom up)
Sleeping 5 seconds

[startup+1205.03 s]
# the end of solver process 369838 was just reported to runsolver
# cumulated CPU time of all completed processes:  user=1204.82 s, system=0.158094 s

Solver just ended.
??? end of watcher thread
Dumping a history of the last processes samples

Child status: 1
Real time (s): 1205.03
CPU time (s): 1204.98
CPU user time (s): 1204.82
CPU system time (s): 0.158094
CPU usage (%): 99.996
Max. virtual memory (cumulated for all children) (KiB): 175352
Max. memory (cumulated for all children) (KiB): 148632

getrusage(RUSAGE_CHILDREN,...) data:
user time used= 1204.82
system time used= 0.158094
maximum resident set size= 135016
integral shared memory size= 0
integral unshared data size= 0
integral unshared stack size= 0
page reclaims= 49239
page faults= 0
swaps= 0
block input operations= 0
block output operations= 0
messages sent= 0
messages received= 0
signals received= 0
voluntary context switches= 18
involuntary context switches= 1753


# summary of solver processes directly reported to runsolver:
#   pid: 369838
#   total CPU time (s): 1204.98
#   total CPU user time (s): 1204.82
#   total CPU system time (s): 0.158094

??? end of timestamper thread
runsolver used 10.1394 second user time and 13.3481 second system time

The end
