runsolver version 3.4.0 (svn: 3018) Copyright (C) 2010-2013 Olivier ROUSSEL

This program is distributed in the hope that it will be useful,
but WITHOUT ANY WARRANTY; without even the implied warranty of
MERCHANTABILITY or FITNESS FOR A PARTICULAR PURPOSE.  See the
GNU General Public License for more details.

NUMA information:
  number of nodes: 2
  memory of node 0: 257635 MiB (181645 MiB free)
  memory of node 1: 257994 MiB (175358 MiB free)
  node distances:
     10  20
     20  10

command line: /dev/shm/376961ec-2e81-11f1-ac62-000c298f4621/input/runsolver -w /dev/shm/376961ec-2e81-11f1-ac62-000c298f4621/output/runsolver.log -v /dev/shm/376961ec-2e81-11f1-ac62-000c298f4621/output/varfile.log -W 1205 --rss-swap-limit 16384 -d 5 --sigint /usr/bin/perf stat -B -e task-clock,cache-references,cache-misses,cycles,instructions,branches,faults,migrations,context-switches -o /dev/shm/376961ec-2e81-11f1-ac62-000c298f4621/output/perf.log clingo /home/guests/mmacri/AMOSUM/benchmarks/GraphColouring/encoding-plain-amo.asp /dev/shm/376961ec-2e81-11f1-ac62-000c298f4621/input/0033-graph_colouring-140-0_1344.asp 

running on 2 cores: 14-15

Enforcing wall clock limit (soft limit, will send SIGTERM then SIGKILL): 1205 seconds
Enforcing RSS+Swap limit (soft limit, will send SIGTERM then SIGKILL): 16777216 KiB
Linux 5.15.0-131-generic
solver pid=1304904, runsolver pid=1304900
Current StackSize limit: 8192 KiB


[startup+0.100071 s]*
/proc/loadavg: 13.98 14.21 13.25 16/826 1304930
/proc/meminfo: memFree=365566980/528004516 swapFree=8388604/8388604
[pid=1304904] ppid=1304900 vsize=26908 memory=13612 CPUtime=0.06 cores=14-15
/proc/1304904/stat : 1304904 (perf) S 1304900 1304904 1304823 0 -1 0 1738 237 0 0 5 1 0 0 20 0 1 0 923008203 27553792 3403 17179869184 93824994299904 93824996572973 140737488338256 0 0 0 134217728 4 74274 1 0 0 17 14 0 0 0 0 0 93824998874888 93825001005840 93825001308160 140737488340073 140737488340470 140737488340470 140737488351179 0
/proc/1304904/statm: 6727 3403 2098 555 0 1769 0
[pid=1304927] ppid=1304904 vsize=18880 memory=10740 CPUtime=0.01 cores=14-15
/proc/1304927/stat : 1304927 (clingo) R 1304904 1304904 1304823 0 -1 0 849 0 0 0 1 0 0 0 20 0 1 0 923008211 19333120 2685 17179869184 93824992301056 93824992468925 140737488338416 0 0 0 134217728 4 25184771 0 0 0 17 15 0 0 0 0 0 93824992533936 93824992571272 93824992575488 140737488340183 140737488340354 140737488340354 140737488351170 0
/proc/1304927/statm: 4720 2685 2045 41 0 799 0
Current children cumulated CPU time: 0.07 s
Current children cumulated vsize: 45788 KiB
Current children cumulated memory: 24352 KiB

[startup+0.218199 s]*
/proc/loadavg: 13.98 14.21 13.25 15/833 1304937
/proc/meminfo: memFree=365557432/528004516 swapFree=8388604/8388604
[pid=1304904] ppid=1304900 vsize=26908 memory=13612 CPUtime=0.06 cores=14-15
/proc/1304904/stat : 1304904 (perf) S 1304900 1304904 1304823 0 -1 0 1738 237 0 0 5 1 0 0 20 0 1 0 923008203 27553792 3403 17179869184 93824994299904 93824996572973 140737488338256 0 0 0 134217728 4 74274 1 0 0 17 14 0 0 0 0 0 93824998874888 93825001005840 93825001308160 140737488340073 140737488340470 140737488340470 140737488351179 0
/proc/1304904/statm: 6727 3403 2098 555 0 1769 0
[pid=1304927] ppid=1304904 vsize=25308 memory=17244 CPUtime=0.13 cores=14-15
/proc/1304927/stat : 1304927 (clingo) R 1304904 1304904 1304823 0 -1 0 2522 0 0 0 12 1 0 0 20 0 1 0 923008211 25915392 4311 17179869184 93824992301056 93824992468925 140737488338416 0 0 0 134217728 4 25184771 0 0 0 17 15 0 0 0 0 0 93824992533936 93824992571272 93824992575488 140737488340183 140737488340354 140737488340354 140737488351170 0
/proc/1304927/statm: 6327 4311 2091 41 0 2406 0
Current children cumulated CPU time: 0.19 s
Current children cumulated vsize: 52216 KiB
Current children cumulated memory: 30856 KiB

[startup+0.334658 s]*
/proc/loadavg: 13.98 14.21 13.25 15/831 1304972
/proc/meminfo: memFree=365570916/528004516 swapFree=8388604/8388604
[pid=1304904] ppid=1304900 vsize=26908 memory=13612 CPUtime=0.06 cores=14-15
/proc/1304904/stat : 1304904 (perf) S 1304900 1304904 1304823 0 -1 0 1738 237 0 0 5 1 0 0 20 0 1 0 923008203 27553792 3403 17179869184 93824994299904 93824996572973 140737488338256 0 0 0 134217728 4 74274 1 0 0 17 14 0 0 0 0 0 93824998874888 93825001005840 93825001308160 140737488340073 140737488340470 140737488340470 140737488351179 0
/proc/1304904/statm: 6727 3403 2098 555 0 1769 0
[pid=1304927] ppid=1304904 vsize=28892 memory=20940 CPUtime=0.23 cores=14-15
/proc/1304927/stat : 1304927 (clingo) R 1304904 1304904 1304823 0 -1 0 3426 0 0 0 22 1 0 0 20 0 1 0 923008211 29585408 5235 17179869184 93824992301056 93824992468925 140737488338416 0 0 0 134217728 4 25184771 0 0 0 17 15 0 0 0 0 0 93824992533936 93824992571272 93824992575488 140737488340183 140737488340354 140737488340354 140737488351170 0
/proc/1304927/statm: 7223 5235 2091 41 0 3302 0
Current children cumulated CPU time: 0.29 s
Current children cumulated vsize: 55800 KiB
Current children cumulated memory: 34552 KiB

[startup+0.700327 s]
/proc/loadavg: 13.98 14.21 13.25 16/817 1305013
/proc/meminfo: memFree=365564636/528004516 swapFree=8388604/8388604
[pid=1304904] ppid=1304900 vsize=26908 memory=13612 CPUtime=0.06 cores=14-15
/proc/1304904/stat : 1304904 (perf) S 1304900 1304904 1304823 0 -1 0 1738 237 0 0 5 1 0 0 20 0 1 0 923008203 27553792 3403 17179869184 93824994299904 93824996572973 140737488338256 0 0 0 134217728 4 74274 1 0 0 17 14 0 0 0 0 0 93824998874888 93825001005840 93825001308160 140737488340073 140737488340470 140737488340470 140737488351179 0
/proc/1304904/statm: 6727 3403 2098 555 0 1769 0
[pid=1304927] ppid=1304904 vsize=32192 memory=24108 CPUtime=0.56 cores=14-15
/proc/1304927/stat : 1304927 (clingo) R 1304904 1304904 1304823 0 -1 0 4255 0 0 0 55 1 0 0 20 0 1 0 923008211 32964608 6027 17179869184 93824992301056 93824992468925 140737488338416 0 0 0 134217728 4 25184771 0 0 0 17 14 0 0 0 0 0 93824992533936 93824992571272 93824992575488 140737488340183 140737488340354 140737488340354 140737488351170 0
/proc/1304927/statm: 8048 6027 2091 41 0 4127 0
Current children cumulated CPU time: 0.62 s
Current children cumulated vsize: 59100 KiB
Current children cumulated memory: 37720 KiB

[startup+1.50034 s]
/proc/loadavg: 13.98 14.21 13.25 14/832 1305076
/proc/meminfo: memFree=365661536/528004516 swapFree=8388604/8388604
[pid=1304904] ppid=1304900 vsize=26908 memory=13612 CPUtime=0.06 cores=14-15
/proc/1304904/stat : 1304904 (perf) S 1304900 1304904 1304823 0 -1 0 1738 237 0 0 5 1 0 0 20 0 1 0 923008203 27553792 3403 17179869184 93824994299904 93824996572973 140737488338256 0 0 0 134217728 4 74274 1 0 0 17 14 0 0 0 0 0 93824998874888 93825001005840 93825001308160 140737488340073 140737488340470 140737488340470 140737488351179 0
/proc/1304904/statm: 6727 3403 2098 555 0 1769 0
[pid=1304927] ppid=1304904 vsize=36948 memory=28860 CPUtime=1.36 cores=14-15
/proc/1304927/stat : 1304927 (clingo) R 1304904 1304904 1304823 0 -1 0 5419 0 0 0 135 1 0 0 20 0 1 0 923008211 37834752 7215 17179869184 93824992301056 93824992468925 140737488338416 0 0 0 134217728 4 25184771 0 0 0 17 14 0 0 0 0 0 93824992533936 93824992571272 93824992575488 140737488340183 140737488340354 140737488340354 140737488351170 0
/proc/1304927/statm: 9237 7215 2091 41 0 5316 0
Current children cumulated CPU time: 1.42 s
Current children cumulated vsize: 63856 KiB
Current children cumulated memory: 42472 KiB

[startup+2.38438 s]
# the end of solver process 1304904 was just reported to runsolver
# cumulated CPU time of all completed processes:  user=2.29518 s, system=0.032261 s

Solver just ended.
??? end of watcher thread
Dumping a history of the last processes samples

[startup+1.60027 s]
/proc/loadavg: 13.98 14.21 13.25 14/832 1305076
/proc/meminfo: memFree=365661536/528004516 swapFree=8388604/8388604
[pid=1304904] ppid=1304900 vsize=26908 memory=13612 CPUtime=0.06 cores=14-15
/proc/1304904/stat : 1304904 (perf) S 1304900 1304904 1304823 0 -1 0 1738 237 0 0 5 1 0 0 20 0 1 0 923008203 27553792 3403 17179869184 93824994299904 93824996572973 140737488338256 0 0 0 134217728 4 74274 1 0 0 17 14 0 0 0 0 0 93824998874888 93825001005840 93825001308160 140737488340073 140737488340470 140737488340470 140737488351179 0
/proc/1304904/statm: 6727 3403 2098 555 0 1769 0
[pid=1304927] ppid=1304904 vsize=37608 memory=29388 CPUtime=1.46 cores=14-15
/proc/1304927/stat : 1304927 (clingo) R 1304904 1304904 1304823 0 -1 0 5584 0 0 0 145 1 0 0 20 0 1 0 923008211 38510592 7347 17179869184 93824992301056 93824992468925 140737488338416 0 0 0 134217728 4 25184771 0 0 0 17 14 0 0 0 0 0 93824992533936 93824992571272 93824992575488 140737488340183 140737488340354 140737488340354 140737488351170 0
/proc/1304927/statm: 9402 7347 2091 41 0 5481 0
Current children cumulated CPU time: 1.52 s
Current children cumulated vsize: 64516 KiB
Current children cumulated memory: 43000 KiB

[startup+2.00021 s]*
/proc/loadavg: 13.98 14.21 13.25 15/833 1305180
/proc/meminfo: memFree=365650200/528004516 swapFree=8388604/8388604
[pid=1304904] ppid=1304900 vsize=26908 memory=13612 CPUtime=0.06 cores=14-15
/proc/1304904/stat : 1304904 (perf) S 1304900 1304904 1304823 0 -1 0 1738 237 0 0 5 1 0 0 20 0 1 0 923008203 27553792 3403 17179869184 93824994299904 93824996572973 140737488338256 0 0 0 134217728 4 74274 1 0 0 17 14 0 0 0 0 0 93824998874888 93825001005840 93825001308160 140737488340073 140737488340470 140737488340470 140737488351179 0
/proc/1304904/statm: 6727 3403 2098 555 0 1769 0
[pid=1304927] ppid=1304904 vsize=40116 memory=32028 CPUtime=1.87 cores=14-15
/proc/1304927/stat : 1304927 (clingo) R 1304904 1304904 1304823 0 -1 0 6212 0 0 0 186 1 0 0 20 0 1 0 923008211 41078784 8007 17179869184 93824992301056 93824992468925 140737488338416 0 0 0 134217728 4 25184771 0 0 0 17 14 0 0 0 0 0 93824992533936 93824992571272 93824992575488 140737488340183 140737488340354 140737488340354 140737488351170 0
/proc/1304927/statm: 10029 8007 2091 41 0 6108 0
Current children cumulated CPU time: 1.93 s
Current children cumulated vsize: 67024 KiB
Current children cumulated memory: 45640 KiB

[startup+2.20021 s]
/proc/loadavg: 13.98 14.21 13.25 15/833 1305180
/proc/meminfo: memFree=365650200/528004516 swapFree=8388604/8388604
[pid=1304904] ppid=1304900 vsize=26908 memory=13612 CPUtime=0.06 cores=14-15
/proc/1304904/stat : 1304904 (perf) S 1304900 1304904 1304823 0 -1 0 1738 237 0 0 5 1 0 0 20 0 1 0 923008203 27553792 3403 17179869184 93824994299904 93824996572973 140737488338256 0 0 0 134217728 4 74274 1 0 0 17 14 0 0 0 0 0 93824998874888 93825001005840 93825001308160 140737488340073 140737488340470 140737488340470 140737488351179 0
/proc/1304904/statm: 6727 3403 2098 555 0 1769 0
[pid=1304927] ppid=1304904 vsize=40644 memory=32556 CPUtime=2.06 cores=14-15
/proc/1304927/stat : 1304927 (clingo) R 1304904 1304904 1304823 0 -1 0 6355 0 0 0 205 1 0 0 20 0 1 0 923008211 41619456 8139 17179869184 93824992301056 93824992468925 140737488338416 0 0 0 134217728 4 25184771 0 0 0 17 14 0 0 0 0 0 93824992533936 93824992571272 93824992575488 140737488340183 140737488340354 140737488340354 140737488351170 0
/proc/1304927/statm: 10161 8139 2091 41 0 6240 0
Current children cumulated CPU time: 2.12 s
Current children cumulated vsize: 67552 KiB
Current children cumulated memory: 46168 KiB

[startup+2.30018 s]
/proc/loadavg: 13.98 14.21 13.25 15/833 1305180
/proc/meminfo: memFree=365650200/528004516 swapFree=8388604/8388604
[pid=1304904] ppid=1304900 vsize=26908 memory=13612 CPUtime=0.06 cores=14-15
/proc/1304904/stat : 1304904 (perf) S 1304900 1304904 1304823 0 -1 0 1738 237 0 0 5 1 0 0 20 0 1 0 923008203 27553792 3403 17179869184 93824994299904 93824996572973 140737488338256 0 0 0 134217728 4 74274 1 0 0 17 14 0 0 0 0 0 93824998874888 93825001005840 93825001308160 140737488340073 140737488340470 140737488340470 140737488351179 0
/proc/1304904/statm: 6727 3403 2098 555 0 1769 0
[pid=1304927] ppid=1304904 vsize=41308 memory=33348 CPUtime=2.16 cores=14-15
/proc/1304927/stat : 1304927 (clingo) R 1304904 1304904 1304823 0 -1 0 6517 0 0 0 215 1 0 0 20 0 1 0 923008211 42299392 8337 17179869184 93824992301056 93824992468925 140737488338416 0 0 0 134217728 4 25184771 0 0 0 17 14 0 0 0 0 0 93824992533936 93824992571272 93824992575488 140737488340183 140737488340354 140737488340354 140737488351170 0
/proc/1304927/statm: 10327 8337 2091 41 0 6406 0
Current children cumulated CPU time: 2.22 s
Current children cumulated vsize: 68216 KiB
Current children cumulated memory: 46960 KiB

Child status: 10
Real time (s): 2.3844
CPU time (s): 2.32744
CPU user time (s): 2.29518
CPU system time (s): 0.032261
CPU usage (%): 97.6108
Max. virtual memory (cumulated for all children) (KiB): 68216
Max. memory (cumulated for all children) (KiB): 46960

getrusage(RUSAGE_CHILDREN,...) data:
user time used= 2.29517
system time used= 0.032261
maximum resident set size= 33348
integral shared memory size= 0
integral unshared data size= 0
integral unshared stack size= 0
page reclaims= 8536
page faults= 0
swaps= 0
block input operations= 0
block output operations= 0
messages sent= 0
messages received= 0
signals received= 0
voluntary context switches= 18
involuntary context switches= 20


# summary of solver processes directly reported to runsolver:
#   pid: 1304904
#   total CPU time (s): 2.32744
#   total CPU user time (s): 2.29518
#   total CPU system time (s): 0.032261

??? end of timestamper thread
runsolver used 0.061324 second user time and 0.106296 second system time

The end
