# WCTIME: wall clock time in seconds
WCTIME=2.3844
# CPUTIME: CPU time in seconds (USERTIME+SYSTEMTIME)
CPUTIME=2.32744
# USERTIME: CPU time spent in user mode in seconds
USERTIME=2.29518
# SYSTEMTIME: CPU time spent in system mode in seconds
SYSTEMTIME=0.032261
# CPUUSAGE: CPUTIME/WCTIME in percent
CPUUSAGE=97.6108
# MAXVM: maximum virtual memory used in KiB
MAXVM=68216
# TIMEOUT: did the solver exceed the time limit?
TIMEOUT=false
# MEMOUT: did the solver exceed the memory limit?
MEMOUT=false
# RETCODE: return code of the program.
RETCODE=10
# SIGNAL: signal the solver recieved.
SIGNAL=0
