runsolver version 3.4.0 (svn: 3018) Copyright (C) 2010-2013 Olivier ROUSSEL

This program is distributed in the hope that it will be useful,
but WITHOUT ANY WARRANTY; without even the implied warranty of
MERCHANTABILITY or FITNESS FOR A PARTICULAR PURPOSE.  See the
GNU General Public License for more details.

NUMA information:
  number of nodes: 2
  memory of node 0: 257635 MiB (178643 MiB free)
  memory of node 1: 257994 MiB (182878 MiB free)
  node distances:
     10  20
     20  10

command line: /dev/shm/37619386-2e81-11f1-ac62-000c298f4621/input/runsolver -w /dev/shm/37619386-2e81-11f1-ac62-000c298f4621/output/runsolver.log -v /dev/shm/37619386-2e81-11f1-ac62-000c298f4621/output/varfile.log -W 1205 --rss-swap-limit 16384 -d 5 --sigint /usr/bin/perf stat -B -e task-clock,cache-references,cache-misses,cycles,instructions,branches,faults,migrations,context-switches -o /dev/shm/37619386-2e81-11f1-ac62-000c298f4621/output/perf.log clingo /home/guests/mmacri/AMOSUM/benchmarks/GraphColouring/encoding-plain-amo.asp /dev/shm/37619386-2e81-11f1-ac62-000c298f4621/input/0029-graph_colouring-135-0_3888.asp 

running on 2 cores: 30-31

Enforcing wall clock limit (soft limit, will send SIGTERM then SIGKILL): 1205 seconds
Enforcing RSS+Swap limit (soft limit, will send SIGTERM then SIGKILL): 16777216 KiB
Linux 5.15.0-131-generic
Current StackSize limit: 8192 KiB

solver pid=328915, runsolver pid=328913

[startup+0.100067 s]*
/proc/loadavg: 14.34 14.25 13.26 16/783 328934
/proc/meminfo: memFree=370223620/528004516 swapFree=8388604/8388604
[pid=328915] ppid=328913 vsize=26908 memory=13616 CPUtime=0.07 cores=30-31
/proc/328915/stat : 328915 (perf) S 328913 328915 328555 0 -1 0 1738 237 0 0 6 1 0 0 20 0 1 0 922980398 27553792 3404 17179869184 93824994299904 93824996572973 140737488338256 0 0 0 134217728 4 74274 1 0 0 17 30 0 0 0 0 0 93824998874888 93825001005840 93825001308160 140737488340074 140737488340471 140737488340471 140737488351179 0
/proc/328915/statm: 6727 3404 2099 555 0 1769 0
[pid=328932] ppid=328915 vsize=20152 memory=11848 CPUtime=0.02 cores=30-31
/proc/328932/stat : 328932 (clingo) R 328915 328915 328555 0 -1 0 1242 0 0 0 1 1 0 0 20 0 1 0 922980406 20635648 2962 17179869184 93824992301056 93824992468925 140737488338416 0 0 0 134217728 4 25184771 0 0 0 17 31 0 0 0 0 0 93824992533936 93824992571272 93824992575488 140737488340184 140737488340355 140737488340355 140737488351170 0
/proc/328932/statm: 5038 2962 2075 41 0 1117 0
Current children cumulated CPU time: 0.09 s
Current children cumulated vsize: 47060 KiB
Current children cumulated memory: 25464 KiB

[startup+0.234143 s]*
/proc/loadavg: 14.34 14.25 13.26 16/807 328967
/proc/meminfo: memFree=370187300/528004516 swapFree=8388604/8388604
[pid=328915] ppid=328913 vsize=26908 memory=13616 CPUtime=0.07 cores=30-31
/proc/328915/stat : 328915 (perf) S 328913 328915 328555 0 -1 0 1738 237 0 0 6 1 0 0 20 0 1 0 922980398 27553792 3404 17179869184 93824994299904 93824996572973 140737488338256 0 0 0 134217728 4 74274 1 0 0 17 30 0 0 0 0 0 93824998874888 93825001005840 93825001308160 140737488340074 140737488340471 140737488340471 140737488351179 0
/proc/328915/statm: 6727 3404 2099 555 0 1769 0
[pid=328932] ppid=328915 vsize=25048 memory=16924 CPUtime=0.14 cores=30-31
/proc/328932/stat : 328932 (clingo) R 328915 328915 328555 0 -1 0 2493 0 0 0 13 1 0 0 20 0 1 0 922980406 25649152 4231 17179869184 93824992301056 93824992468925 140737488338416 0 0 0 134217728 4 25184771 0 0 0 17 31 0 0 0 0 0 93824992533936 93824992571272 93824992575488 140737488340184 140737488340355 140737488340355 140737488351170 0
/proc/328932/statm: 6262 4231 2091 41 0 2341 0
Current children cumulated CPU time: 0.21 s
Current children cumulated vsize: 51956 KiB
Current children cumulated memory: 30540 KiB

[startup+0.333944 s]*
/proc/loadavg: 14.34 14.25 13.26 23/825 329033
/proc/meminfo: memFree=370170236/528004516 swapFree=8388604/8388604
[pid=328915] ppid=328913 vsize=26908 memory=13616 CPUtime=0.07 cores=30-31
/proc/328915/stat : 328915 (perf) S 328913 328915 328555 0 -1 0 1738 237 0 0 6 1 0 0 20 0 1 0 922980398 27553792 3404 17179869184 93824994299904 93824996572973 140737488338256 0 0 0 134217728 4 74274 1 0 0 17 30 0 0 0 0 0 93824998874888 93825001005840 93825001308160 140737488340074 140737488340471 140737488340471 140737488351179 0
/proc/328915/statm: 6727 3404 2099 555 0 1769 0
[pid=328932] ppid=328915 vsize=26924 memory=18772 CPUtime=0.22 cores=30-31
/proc/328932/stat : 328932 (clingo) R 328915 328915 328555 0 -1 0 2944 0 0 0 21 1 0 0 20 0 1 0 922980406 27570176 4693 17179869184 93824992301056 93824992468925 140737488338416 0 0 0 134217728 4 25184771 0 0 0 17 31 0 0 0 0 0 93824992533936 93824992571272 93824992575488 140737488340184 140737488340355 140737488340355 140737488351170 0
/proc/328932/statm: 6731 4693 2091 41 0 2810 0
Current children cumulated CPU time: 0.29 s
Current children cumulated vsize: 53832 KiB
Current children cumulated memory: 32388 KiB

[startup+0.700317 s]
/proc/loadavg: 14.34 14.25 13.26 16/828 329093
/proc/meminfo: memFree=370174628/528004516 swapFree=8388604/8388604
[pid=328915] ppid=328913 vsize=26908 memory=13616 CPUtime=0.07 cores=30-31
/proc/328915/stat : 328915 (perf) S 328913 328915 328555 0 -1 0 1738 237 0 0 6 1 0 0 20 0 1 0 922980398 27553792 3404 17179869184 93824994299904 93824996572973 140737488338256 0 0 0 134217728 4 74274 1 0 0 17 30 0 0 0 0 0 93824998874888 93825001005840 93825001308160 140737488340074 140737488340471 140737488340471 140737488351179 0
/proc/328915/statm: 6727 3404 2099 555 0 1769 0
[pid=328932] ppid=328915 vsize=29172 memory=21148 CPUtime=0.52 cores=30-31
/proc/328932/stat : 328932 (clingo) R 328915 328915 328555 0 -1 0 3522 0 0 0 50 2 0 0 20 0 1 0 922980406 29872128 5287 17179869184 93824992301056 93824992468925 140737488338416 0 0 0 134217728 4 25184771 0 0 0 17 31 0 0 0 0 0 93824992533936 93824992571272 93824992575488 140737488340184 140737488340355 140737488340355 140737488351170 0
/proc/328932/statm: 7293 5287 2091 41 0 3372 0
Current children cumulated CPU time: 0.59 s
Current children cumulated vsize: 56080 KiB
Current children cumulated memory: 34764 KiB

[startup+1.50033 s]
/proc/loadavg: 14.34 14.25 13.26 17/821 329154
/proc/meminfo: memFree=370134636/528004516 swapFree=8388604/8388604
[pid=328915] ppid=328913 vsize=26908 memory=13616 CPUtime=0.07 cores=30-31
/proc/328915/stat : 328915 (perf) S 328913 328915 328555 0 -1 0 1738 237 0 0 6 1 0 0 20 0 1 0 922980398 27553792 3404 17179869184 93824994299904 93824996572973 140737488338256 0 0 0 134217728 4 74274 1 0 0 17 30 0 0 0 0 0 93824998874888 93825001005840 93825001308160 140737488340074 140737488340471 140737488340471 140737488351179 0
/proc/328915/statm: 6727 3404 2099 555 0 1769 0
[pid=328932] ppid=328915 vsize=32740 memory=24580 CPUtime=1.3 cores=30-31
/proc/328932/stat : 328932 (clingo) R 328915 328915 328555 0 -1 0 4401 0 0 0 128 2 0 0 20 0 1 0 922980406 33525760 6145 17179869184 93824992301056 93824992468925 140737488338416 0 0 0 134217728 4 25184771 0 0 0 17 31 0 0 0 0 0 93824992533936 93824992571272 93824992575488 140737488340184 140737488340355 140737488340355 140737488351170 0
/proc/328932/statm: 8185 6145 2091 41 0 4264 0
Current children cumulated CPU time: 1.37 s
Current children cumulated vsize: 59648 KiB
Current children cumulated memory: 38196 KiB

[startup+3.13476 s]
/proc/loadavg: 14.15 14.21 13.25 18/829 329403
/proc/meminfo: memFree=370290588/528004516 swapFree=8388604/8388604
[pid=328915] ppid=328913 vsize=26908 memory=13616 CPUtime=0.07 cores=30-31
/proc/328915/stat : 328915 (perf) S 328913 328915 328555 0 -1 0 1738 237 0 0 6 1 0 0 20 0 1 0 922980398 27553792 3404 17179869184 93824994299904 93824996572973 140737488338256 0 0 0 134217728 4 74274 1 0 0 17 30 0 0 0 0 0 93824998874888 93825001005840 93825001308160 140737488340074 140737488340471 140737488340471 140737488351179 0
/proc/328915/statm: 6727 3404 2099 555 0 1769 0
[pid=328932] ppid=328915 vsize=33440 memory=25372 CPUtime=2.9 cores=30-31
/proc/328932/stat : 328932 (clingo) R 328915 328915 328555 0 -1 0 4570 0 0 0 288 2 0 0 20 0 1 0 922980406 34242560 6343 17179869184 93824992301056 93824992468925 140737488338416 0 0 0 134217728 4 25184771 0 0 0 17 31 0 0 0 0 0 93824992533936 93824992571272 93824992575488 140737488340184 140737488340355 140737488340355 140737488351170 0
/proc/328932/statm: 8360 6343 2091 41 0 4439 0
Current children cumulated CPU time: 2.97 s
Current children cumulated vsize: 60348 KiB
Current children cumulated memory: 38988 KiB

[startup+6.30026 s]
/proc/loadavg: 14.15 14.21 13.25 18/829 329403
/proc/meminfo: memFree=370255324/528004516 swapFree=8388604/8388604
[pid=328915] ppid=328913 vsize=26908 memory=13616 CPUtime=0.07 cores=30-31
/proc/328915/stat : 328915 (perf) S 328913 328915 328555 0 -1 0 1738 237 0 0 6 1 0 0 20 0 1 0 922980398 27553792 3404 17179869184 93824994299904 93824996572973 140737488338256 0 0 0 134217728 4 74274 1 0 0 17 30 0 0 0 0 0 93824998874888 93825001005840 93825001308160 140737488340074 140737488340471 140737488340471 140737488351179 0
/proc/328915/statm: 6727 3404 2099 555 0 1769 0
[pid=328932] ppid=328915 vsize=39000 memory=31040 CPUtime=6 cores=30-31
/proc/328932/stat : 328932 (clingo) R 328915 328915 328555 0 -1 0 6054 0 0 0 598 2 0 0 20 0 1 0 922980406 39936000 7760 17179869184 93824992301056 93824992468925 140737488338416 0 0 0 134217728 4 25184771 0 0 0 17 31 0 0 0 0 0 93824992533936 93824992571272 93824992575488 140737488340184 140737488340355 140737488340355 140737488351170 0
/proc/328932/statm: 9750 7760 2091 41 0 5829 0
Current children cumulated CPU time: 6.07 s
Current children cumulated vsize: 65908 KiB
Current children cumulated memory: 44656 KiB

[startup+12.7003 s]
/proc/loadavg: 14.13 14.20 13.26 18/829 329403
/proc/meminfo: memFree=370197392/528004516 swapFree=8388604/8388604
[pid=328915] ppid=328913 vsize=26908 memory=13616 CPUtime=0.07 cores=30-31
/proc/328915/stat : 328915 (perf) S 328913 328915 328555 0 -1 0 1738 237 0 0 6 1 0 0 20 0 1 0 922980398 27553792 3404 17179869184 93824994299904 93824996572973 140737488338256 0 0 0 134217728 4 74274 1 0 0 17 30 0 0 0 0 0 93824998874888 93825001005840 93825001308160 140737488340074 140737488340471 140737488340471 140737488351179 0
/proc/328915/statm: 6727 3404 2099 555 0 1769 0
[pid=328932] ppid=328915 vsize=44764 memory=36620 CPUtime=12.39 cores=30-31
/proc/328932/stat : 328932 (clingo) R 328915 328915 328555 0 -1 0 7889 0 0 0 1236 3 0 0 20 0 1 0 922980406 45838336 9155 17179869184 93824992301056 93824992468925 140737488338416 0 0 0 134217728 4 25184771 0 0 0 17 30 0 0 0 0 0 93824992533936 93824992571272 93824992575488 140737488340184 140737488340355 140737488340355 140737488351170 0
/proc/328932/statm: 11191 9155 2091 41 0 7270 0
Current children cumulated CPU time: 12.46 s
Current children cumulated vsize: 71672 KiB
Current children cumulated memory: 50236 KiB

[startup+25.5004 s]
/proc/loadavg: 14.04 14.18 13.27 18/829 329506
/proc/meminfo: memFree=370227756/528004516 swapFree=8388604/8388604
[pid=328915] ppid=328913 vsize=26908 memory=13616 CPUtime=0.07 cores=30-31
/proc/328915/stat : 328915 (perf) S 328913 328915 328555 0 -1 0 1738 237 0 0 6 1 0 0 20 0 1 0 922980398 27553792 3404 17179869184 93824994299904 93824996572973 140737488338256 0 0 0 134217728 4 74274 1 0 0 17 30 0 0 0 0 0 93824998874888 93825001005840 93825001308160 140737488340074 140737488340471 140737488340471 140737488351179 0
/proc/328915/statm: 6727 3404 2099 555 0 1769 0
[pid=328932] ppid=328915 vsize=52732 memory=44264 CPUtime=25.18 cores=30-31
/proc/328932/stat : 328932 (clingo) R 328915 328915 328555 0 -1 0 9959 0 0 0 2515 3 0 0 20 0 1 0 922980406 53997568 11066 17179869184 93824992301056 93824992468925 140737488338416 0 0 0 134217728 4 25184771 0 0 0 17 30 0 0 0 0 0 93824992533936 93824992571272 93824992575488 140737488340184 140737488340355 140737488340355 140737488351170 0
/proc/328932/statm: 13183 11066 2091 41 0 9262 0
Current children cumulated CPU time: 25.25 s
Current children cumulated vsize: 79640 KiB
Current children cumulated memory: 57880 KiB

[startup+51.1187 s]
/proc/loadavg: 14.02 14.16 13.29 18/828 329507
/proc/meminfo: memFree=370118400/528004516 swapFree=8388604/8388604
[pid=328915] ppid=328913 vsize=26908 memory=13616 CPUtime=0.07 cores=30-31
/proc/328915/stat : 328915 (perf) S 328913 328915 328555 0 -1 0 1738 237 0 0 6 1 0 0 20 0 1 0 922980398 27553792 3404 17179869184 93824994299904 93824996572973 140737488338256 0 0 0 134217728 4 74274 1 0 0 17 30 0 0 0 0 0 93824998874888 93825001005840 93825001308160 140737488340074 140737488340471 140737488340471 140737488351179 0
/proc/328915/statm: 6727 3404 2099 555 0 1769 0
[pid=328932] ppid=328915 vsize=60232 memory=51876 CPUtime=50.8 cores=30-31
/proc/328932/stat : 328932 (clingo) R 328915 328915 328555 0 -1 0 12788 0 0 0 5076 4 0 0 20 0 1 0 922980406 61677568 12969 17179869184 93824992301056 93824992468925 140737488338416 0 0 0 134217728 4 25184771 0 0 0 17 30 0 0 0 0 0 93824992533936 93824992571272 93824992575488 140737488340184 140737488340355 140737488340355 140737488351170 0
/proc/328932/statm: 15058 12969 2091 41 0 11137 0
Current children cumulated CPU time: 50.87 s
Current children cumulated vsize: 87140 KiB
Current children cumulated memory: 65492 KiB

[startup+102.3 s]
/proc/loadavg: 14.22 14.21 13.36 18/829 329554
/proc/meminfo: memFree=369978132/528004516 swapFree=8388604/8388604
[pid=328915] ppid=328913 vsize=26908 memory=13616 CPUtime=0.07 cores=30-31
/proc/328915/stat : 328915 (perf) S 328913 328915 328555 0 -1 0 1738 237 0 0 6 1 0 0 20 0 1 0 922980398 27553792 3404 17179869184 93824994299904 93824996572973 140737488338256 0 0 0 134217728 4 74274 1 0 0 17 30 0 0 0 0 0 93824998874888 93825001005840 93825001308160 140737488340074 140737488340471 140737488340471 140737488351179 0
/proc/328915/statm: 6727 3404 2099 555 0 1769 0
[pid=328932] ppid=328915 vsize=70816 memory=62552 CPUtime=101.99 cores=30-31
/proc/328932/stat : 328932 (clingo) R 328915 328915 328555 0 -1 0 17673 0 0 0 10194 5 0 0 20 0 1 0 922980406 72515584 15638 17179869184 93824992301056 93824992468925 140737488338416 0 0 0 134217728 4 25184771 0 0 0 17 30 0 0 0 0 0 93824992533936 93824992571272 93824992575488 140737488340184 140737488340355 140737488340355 140737488351170 0
/proc/328932/statm: 17704 15638 2091 41 0 13783 0
Current children cumulated CPU time: 102.06 s
Current children cumulated vsize: 97724 KiB
Current children cumulated memory: 76168 KiB

[startup+162.3 s]
/proc/loadavg: 14.08 14.17 13.40 18/829 329557
/proc/meminfo: memFree=369875292/528004516 swapFree=8388604/8388604
[pid=328915] ppid=328913 vsize=26908 memory=13616 CPUtime=0.07 cores=30-31
/proc/328915/stat : 328915 (perf) S 328913 328915 328555 0 -1 0 1738 237 0 0 6 1 0 0 20 0 1 0 922980398 27553792 3404 17179869184 93824994299904 93824996572973 140737488338256 0 0 0 134217728 4 74274 1 0 0 17 30 0 0 0 0 0 93824998874888 93825001005840 93825001308160 140737488340074 140737488340471 140737488340471 140737488351179 0
/proc/328915/statm: 6727 3404 2099 555 0 1769 0
[pid=328932] ppid=328915 vsize=81572 memory=72824 CPUtime=161.99 cores=30-31
/proc/328932/stat : 328932 (clingo) R 328915 328915 328555 0 -1 0 20995 0 0 0 16193 6 0 0 20 0 1 0 922980406 83529728 18206 17179869184 93824992301056 93824992468925 140737488338416 0 0 0 134217728 4 25184771 0 0 0 17 30 0 0 0 0 0 93824992533936 93824992571272 93824992575488 140737488340184 140737488340355 140737488340355 140737488351170 0
/proc/328932/statm: 20393 18206 2091 41 0 16472 0
Current children cumulated CPU time: 162.06 s
Current children cumulated vsize: 108480 KiB
Current children cumulated memory: 86440 KiB

[startup+222.3 s]
/proc/loadavg: 14.03 14.14 13.44 18/829 329560
/proc/meminfo: memFree=369784276/528004516 swapFree=8388604/8388604
[pid=328915] ppid=328913 vsize=26908 memory=13616 CPUtime=0.07 cores=30-31
/proc/328915/stat : 328915 (perf) S 328913 328915 328555 0 -1 0 1738 237 0 0 6 1 0 0 20 0 1 0 922980398 27553792 3404 17179869184 93824994299904 93824996572973 140737488338256 0 0 0 134217728 4 74274 1 0 0 17 30 0 0 0 0 0 93824998874888 93825001005840 93825001308160 140737488340074 140737488340471 140737488340471 140737488351179 0
/proc/328915/statm: 6727 3404 2099 555 0 1769 0
[pid=328932] ppid=328915 vsize=89120 memory=80136 CPUtime=221.99 cores=30-31
/proc/328932/stat : 328932 (clingo) R 328915 328915 328555 0 -1 0 23169 0 0 0 22192 7 0 0 20 0 1 0 922980406 91258880 20034 17179869184 93824992301056 93824992468925 140737488338416 0 0 0 134217728 4 25184771 0 0 0 17 30 0 0 0 0 0 93824992533936 93824992571272 93824992575488 140737488340184 140737488340355 140737488340355 140737488351170 0
/proc/328932/statm: 22280 20034 2091 41 0 18359 0
Current children cumulated CPU time: 222.06 s
Current children cumulated vsize: 116028 KiB
Current children cumulated memory: 93752 KiB

[startup+282.3 s]
/proc/loadavg: 14.01 14.11 13.47 18/829 329563
/proc/meminfo: memFree=369707668/528004516 swapFree=8388604/8388604
[pid=328915] ppid=328913 vsize=26908 memory=13616 CPUtime=0.07 cores=30-31
/proc/328915/stat : 328915 (perf) S 328913 328915 328555 0 -1 0 1738 237 0 0 6 1 0 0 20 0 1 0 922980398 27553792 3404 17179869184 93824994299904 93824996572973 140737488338256 0 0 0 134217728 4 74274 1 0 0 17 30 0 0 0 0 0 93824998874888 93825001005840 93825001308160 140737488340074 140737488340471 140737488340471 140737488351179 0
/proc/328915/statm: 6727 3404 2099 555 0 1769 0
[pid=328932] ppid=328915 vsize=93840 memory=84988 CPUtime=281.99 cores=30-31
/proc/328932/stat : 328932 (clingo) R 328915 328915 328555 0 -1 0 26145 0 0 0 28191 8 0 0 20 0 1 0 922980406 96092160 21247 17179869184 93824992301056 93824992468925 140737488338416 0 0 0 134217728 4 25184771 0 0 0 17 30 0 0 0 0 0 93824992533936 93824992571272 93824992575488 140737488340184 140737488340355 140737488340355 140737488351170 0
/proc/328932/statm: 23460 21247 2091 41 0 19539 0
Current children cumulated CPU time: 282.06 s
Current children cumulated vsize: 120748 KiB
Current children cumulated memory: 98604 KiB

[startup+342.3 s]
/proc/loadavg: 15.64 14.53 13.66 18/810 329568
/proc/meminfo: memFree=369635000/528004516 swapFree=8388604/8388604
[pid=328915] ppid=328913 vsize=26908 memory=13616 CPUtime=0.07 cores=30-31
/proc/328915/stat : 328915 (perf) S 328913 328915 328555 0 -1 0 1738 237 0 0 6 1 0 0 20 0 1 0 922980398 27553792 3404 17179869184 93824994299904 93824996572973 140737488338256 0 0 0 134217728 4 74274 1 0 0 17 30 0 0 0 0 0 93824998874888 93825001005840 93825001308160 140737488340074 140737488340471 140737488340471 140737488351179 0
/proc/328915/statm: 6727 3404 2099 555 0 1769 0
[pid=328932] ppid=328915 vsize=100276 memory=90676 CPUtime=341.99 cores=30-31
/proc/328932/stat : 328932 (clingo) R 328915 328915 328555 0 -1 0 27721 0 0 0 34191 8 0 0 20 0 1 0 922980406 102682624 22669 17179869184 93824992301056 93824992468925 140737488338416 0 0 0 134217728 4 25184771 0 0 0 17 30 0 0 0 0 0 93824992533936 93824992571272 93824992575488 140737488340184 140737488340355 140737488340355 140737488351170 0
/proc/328932/statm: 25069 22669 2091 41 0 21148 0
Current children cumulated CPU time: 342.06 s
Current children cumulated vsize: 127184 KiB
Current children cumulated memory: 104292 KiB

[startup+402.3 s]
/proc/loadavg: 14.66 14.44 13.69 18/807 329570
/proc/meminfo: memFree=369571008/528004516 swapFree=8388604/8388604
[pid=328915] ppid=328913 vsize=26908 memory=13616 CPUtime=0.07 cores=30-31
/proc/328915/stat : 328915 (perf) S 328913 328915 328555 0 -1 0 1738 237 0 0 6 1 0 0 20 0 1 0 922980398 27553792 3404 17179869184 93824994299904 93824996572973 140737488338256 0 0 0 134217728 4 74274 1 0 0 17 30 0 0 0 0 0 93824998874888 93825001005840 93825001308160 140737488340074 140737488340471 140737488340471 140737488351179 0
/proc/328915/statm: 6727 3404 2099 555 0 1769 0
[pid=328932] ppid=328915 vsize=105136 memory=94892 CPUtime=401.99 cores=30-31
/proc/328932/stat : 328932 (clingo) R 328915 328915 328555 0 -1 0 29047 0 0 0 40190 9 0 0 20 0 1 0 922980406 107659264 23723 17179869184 93824992301056 93824992468925 140737488338416 0 0 0 134217728 4 25184771 0 0 0 17 30 0 0 0 0 0 93824992533936 93824992571272 93824992575488 140737488340184 140737488340355 140737488340355 140737488351170 0
/proc/328932/statm: 26284 23723 2091 41 0 22363 0
Current children cumulated CPU time: 402.06 s
Current children cumulated vsize: 132044 KiB
Current children cumulated memory: 108508 KiB

[startup+462.3 s]
/proc/loadavg: 14.24 14.36 13.71 18/808 329574
/proc/meminfo: memFree=369510832/528004516 swapFree=8388604/8388604
[pid=328915] ppid=328913 vsize=26908 memory=13616 CPUtime=0.07 cores=30-31
/proc/328915/stat : 328915 (perf) S 328913 328915 328555 0 -1 0 1738 237 0 0 6 1 0 0 20 0 1 0 922980398 27553792 3404 17179869184 93824994299904 93824996572973 140737488338256 0 0 0 134217728 4 74274 1 0 0 17 30 0 0 0 0 0 93824998874888 93825001005840 93825001308160 140737488340074 140737488340471 140737488340471 140737488351179 0
/proc/328915/statm: 6727 3404 2099 555 0 1769 0
[pid=328932] ppid=328915 vsize=108948 memory=98416 CPUtime=461.99 cores=30-31
/proc/328932/stat : 328932 (clingo) R 328915 328915 328555 0 -1 0 30255 0 0 0 46190 9 0 0 20 0 1 0 922980406 111562752 24604 17179869184 93824992301056 93824992468925 140737488338416 0 0 0 134217728 4 25184771 0 0 0 17 30 0 0 0 0 0 93824992533936 93824992571272 93824992575488 140737488340184 140737488340355 140737488340355 140737488351170 0
/proc/328932/statm: 27237 24604 2091 41 0 23316 0
Current children cumulated CPU time: 462.06 s
Current children cumulated vsize: 135856 KiB
Current children cumulated memory: 112032 KiB

[startup+522.3 s]
/proc/loadavg: 14.09 14.29 13.73 18/808 329578
/proc/meminfo: memFree=369469332/528004516 swapFree=8388604/8388604
[pid=328915] ppid=328913 vsize=26908 memory=13616 CPUtime=0.07 cores=30-31
/proc/328915/stat : 328915 (perf) S 328913 328915 328555 0 -1 0 1738 237 0 0 6 1 0 0 20 0 1 0 922980398 27553792 3404 17179869184 93824994299904 93824996572973 140737488338256 0 0 0 134217728 4 74274 1 0 0 17 30 0 0 0 0 0 93824998874888 93825001005840 93825001308160 140737488340074 140737488340471 140737488340471 140737488351179 0
/proc/328915/statm: 6727 3404 2099 555 0 1769 0
[pid=328932] ppid=328915 vsize=112544 memory=101804 CPUtime=521.99 cores=30-31
/proc/328932/stat : 328932 (clingo) R 328915 328915 328555 0 -1 0 31877 0 0 0 52190 9 0 0 20 0 1 0 922980406 115245056 25451 17179869184 93824992301056 93824992468925 140737488338416 0 0 0 134217728 4 25184771 0 0 0 17 30 0 0 0 0 0 93824992533936 93824992571272 93824992575488 140737488340184 140737488340355 140737488340355 140737488351170 0
/proc/328932/statm: 28136 25451 2091 41 0 24215 0
Current children cumulated CPU time: 522.06 s
Current children cumulated vsize: 139452 KiB
Current children cumulated memory: 115420 KiB

[startup+582.3 s]
/proc/loadavg: 14.32 14.30 13.77 18/809 329582
/proc/meminfo: memFree=369412920/528004516 swapFree=8388604/8388604
[pid=328915] ppid=328913 vsize=26908 memory=13616 CPUtime=0.07 cores=30-31
/proc/328915/stat : 328915 (perf) S 328913 328915 328555 0 -1 0 1738 237 0 0 6 1 0 0 20 0 1 0 922980398 27553792 3404 17179869184 93824994299904 93824996572973 140737488338256 0 0 0 134217728 4 74274 1 0 0 17 30 0 0 0 0 0 93824998874888 93825001005840 93825001308160 140737488340074 140737488340471 140737488340471 140737488351179 0
/proc/328915/statm: 6727 3404 2099 555 0 1769 0
[pid=328932] ppid=328915 vsize=117944 memory=106768 CPUtime=581.98 cores=30-31
/proc/328932/stat : 328932 (clingo) R 328915 328915 328555 0 -1 0 33358 0 0 0 58189 9 0 0 20 0 1 0 922980406 120774656 26692 17179869184 93824992301056 93824992468925 140737488338416 0 0 0 134217728 4 25184771 0 0 0 17 30 0 0 0 0 0 93824992533936 93824992571272 93824992575488 140737488340184 140737488340355 140737488340355 140737488351170 0
/proc/328932/statm: 29486 26692 2091 41 0 25565 0
Current children cumulated CPU time: 582.05 s
Current children cumulated vsize: 144852 KiB
Current children cumulated memory: 120384 KiB

[startup+642.3 s]
/proc/loadavg: 14.15 14.26 13.79 18/808 329585
/proc/meminfo: memFree=369372380/528004516 swapFree=8388604/8388604
[pid=328915] ppid=328913 vsize=26908 memory=13616 CPUtime=0.07 cores=30-31
/proc/328915/stat : 328915 (perf) S 328913 328915 328555 0 -1 0 1738 237 0 0 6 1 0 0 20 0 1 0 922980398 27553792 3404 17179869184 93824994299904 93824996572973 140737488338256 0 0 0 134217728 4 74274 1 0 0 17 30 0 0 0 0 0 93824998874888 93825001005840 93825001308160 140737488340074 140737488340471 140737488340471 140737488351179 0
/proc/328915/statm: 6727 3404 2099 555 0 1769 0
[pid=328932] ppid=328915 vsize=121320 memory=110008 CPUtime=641.99 cores=30-31
/proc/328932/stat : 328932 (clingo) R 328915 328915 328555 0 -1 0 34633 0 0 0 64189 10 0 0 20 0 1 0 922980406 124231680 27502 17179869184 93824992301056 93824992468925 140737488338416 0 0 0 134217728 4 25184771 0 0 0 17 30 0 0 0 0 0 93824992533936 93824992571272 93824992575488 140737488340184 140737488340355 140737488340355 140737488351170 0
/proc/328932/statm: 30330 27502 2091 41 0 26409 0
Current children cumulated CPU time: 642.06 s
Current children cumulated vsize: 148228 KiB
Current children cumulated memory: 123624 KiB

[startup+702.3 s]
/proc/loadavg: 14.05 14.21 13.81 18/809 329589
/proc/meminfo: memFree=369324028/528004516 swapFree=8388604/8388604
[pid=328915] ppid=328913 vsize=26908 memory=13616 CPUtime=0.07 cores=30-31
/proc/328915/stat : 328915 (perf) S 328913 328915 328555 0 -1 0 1738 237 0 0 6 1 0 0 20 0 1 0 922980398 27553792 3404 17179869184 93824994299904 93824996572973 140737488338256 0 0 0 134217728 4 74274 1 0 0 17 30 0 0 0 0 0 93824998874888 93825001005840 93825001308160 140737488340074 140737488340471 140737488340471 140737488351179 0
/proc/328915/statm: 6727 3404 2099 555 0 1769 0
[pid=328932] ppid=328915 vsize=125680 memory=113436 CPUtime=701.99 cores=30-31
/proc/328932/stat : 328932 (clingo) R 328915 328915 328555 0 -1 0 35528 0 0 0 70189 10 0 0 20 0 1 0 922980406 128696320 28359 17179869184 93824992301056 93824992468925 140737488338416 0 0 0 134217728 4 25184771 0 0 0 17 30 0 0 0 0 0 93824992533936 93824992571272 93824992575488 140737488340184 140737488340355 140737488340355 140737488351170 0
/proc/328932/statm: 31420 28359 2091 41 0 27499 0
Current children cumulated CPU time: 702.06 s
Current children cumulated vsize: 152588 KiB
Current children cumulated memory: 127052 KiB

[startup+762.3 s]
/proc/loadavg: 14.18 14.20 13.84 18/810 329592
/proc/meminfo: memFree=369278164/528004516 swapFree=8388604/8388604
[pid=328915] ppid=328913 vsize=26908 memory=13616 CPUtime=0.07 cores=30-31
/proc/328915/stat : 328915 (perf) S 328913 328915 328555 0 -1 0 1738 237 0 0 6 1 0 0 20 0 1 0 922980398 27553792 3404 17179869184 93824994299904 93824996572973 140737488338256 0 0 0 134217728 4 74274 1 0 0 17 30 0 0 0 0 0 93824998874888 93825001005840 93825001308160 140737488340074 140737488340471 140737488340471 140737488351179 0
/proc/328915/statm: 6727 3404 2099 555 0 1769 0
[pid=328932] ppid=328915 vsize=127580 memory=115020 CPUtime=761.99 cores=30-31
/proc/328932/stat : 328932 (clingo) R 328915 328915 328555 0 -1 0 35914 0 0 0 76189 10 0 0 20 0 1 0 922980406 130641920 28755 17179869184 93824992301056 93824992468925 140737488338416 0 0 0 134217728 4 25184771 0 0 0 17 30 0 0 0 0 0 93824992533936 93824992571272 93824992575488 140737488340184 140737488340355 140737488340355 140737488351170 0
/proc/328932/statm: 31895 28755 2091 41 0 27974 0
Current children cumulated CPU time: 762.06 s
Current children cumulated vsize: 154488 KiB
Current children cumulated memory: 128636 KiB

[startup+822.3 s]
/proc/loadavg: 15.30 14.52 13.97 18/810 329595
/proc/meminfo: memFree=369234836/528004516 swapFree=8388604/8388604
[pid=328915] ppid=328913 vsize=26908 memory=13616 CPUtime=0.07 cores=30-31
/proc/328915/stat : 328915 (perf) S 328913 328915 328555 0 -1 0 1738 237 0 0 6 1 0 0 20 0 1 0 922980398 27553792 3404 17179869184 93824994299904 93824996572973 140737488338256 0 0 0 134217728 4 74274 1 0 0 17 30 0 0 0 0 0 93824998874888 93825001005840 93825001308160 140737488340074 140737488340471 140737488340471 140737488351179 0
/proc/328915/statm: 6727 3404 2099 555 0 1769 0
[pid=328932] ppid=328915 vsize=132300 memory=119244 CPUtime=821.98 cores=30-31
/proc/328932/stat : 328932 (clingo) R 328915 328915 328555 0 -1 0 37000 0 0 0 82188 10 0 0 20 0 1 0 922980406 135475200 29811 17179869184 93824992301056 93824992468925 140737488338416 0 0 0 134217728 4 25184771 0 0 0 17 30 0 0 0 0 0 93824992533936 93824992571272 93824992575488 140737488340184 140737488340355 140737488340355 140737488351170 0
/proc/328932/statm: 33075 29811 2091 41 0 29154 0
Current children cumulated CPU time: 822.05 s
Current children cumulated vsize: 159208 KiB
Current children cumulated memory: 132860 KiB

[startup+882.3 s]
/proc/loadavg: 14.56 14.44 13.98 18/810 329598
/proc/meminfo: memFree=369193792/528004516 swapFree=8388604/8388604
[pid=328915] ppid=328913 vsize=26908 memory=13616 CPUtime=0.07 cores=30-31
/proc/328915/stat : 328915 (perf) S 328913 328915 328555 0 -1 0 1738 237 0 0 6 1 0 0 20 0 1 0 922980398 27553792 3404 17179869184 93824994299904 93824996572973 140737488338256 0 0 0 134217728 4 74274 1 0 0 17 30 0 0 0 0 0 93824998874888 93825001005840 93825001308160 140737488340074 140737488340471 140737488340471 140737488351179 0
/proc/328915/statm: 6727 3404 2099 555 0 1769 0
[pid=328932] ppid=328915 vsize=133864 memory=121192 CPUtime=881.99 cores=30-31
/proc/328932/stat : 328932 (clingo) R 328915 328915 328555 0 -1 0 37962 0 0 0 88188 11 0 0 20 0 1 0 922980406 137076736 30298 17179869184 93824992301056 93824992468925 140737488338416 0 0 0 134217728 4 25184771 0 0 0 17 30 0 0 0 0 0 93824992533936 93824992571272 93824992575488 140737488340184 140737488340355 140737488340355 140737488351170 0
/proc/328932/statm: 33466 30298 2091 41 0 29545 0
Current children cumulated CPU time: 882.06 s
Current children cumulated vsize: 160772 KiB
Current children cumulated memory: 134808 KiB

[startup+942.3 s]
/proc/loadavg: 14.31 14.40 14.00 18/810 329602
/proc/meminfo: memFree=369157032/528004516 swapFree=8388604/8388604
[pid=328915] ppid=328913 vsize=26908 memory=13616 CPUtime=0.07 cores=30-31
/proc/328915/stat : 328915 (perf) S 328913 328915 328555 0 -1 0 1738 237 0 0 6 1 0 0 20 0 1 0 922980398 27553792 3404 17179869184 93824994299904 93824996572973 140737488338256 0 0 0 134217728 4 74274 1 0 0 17 30 0 0 0 0 0 93824998874888 93825001005840 93825001308160 140737488340074 140737488340471 140737488340471 140737488351179 0
/proc/328915/statm: 6727 3404 2099 555 0 1769 0
[pid=328932] ppid=328915 vsize=137572 memory=124904 CPUtime=941.99 cores=30-31
/proc/328932/stat : 328932 (clingo) R 328915 328915 328555 0 -1 0 39134 0 0 0 94188 11 0 0 20 0 1 0 922980406 140873728 31226 17179869184 93824992301056 93824992468925 140737488338416 0 0 0 134217728 4 25184771 0 0 0 17 30 0 0 0 0 0 93824992533936 93824992571272 93824992575488 140737488340184 140737488340355 140737488340355 140737488351170 0
/proc/328932/statm: 34393 31226 2091 41 0 30472 0
Current children cumulated CPU time: 942.06 s
Current children cumulated vsize: 164480 KiB
Current children cumulated memory: 138520 KiB

[startup+1002.3 s]
/proc/loadavg: 14.11 14.32 14.00 18/809 329605
/proc/meminfo: memFree=369113184/528004516 swapFree=8388604/8388604
[pid=328915] ppid=328913 vsize=26908 memory=13616 CPUtime=0.07 cores=30-31
/proc/328915/stat : 328915 (perf) S 328913 328915 328555 0 -1 0 1738 237 0 0 6 1 0 0 20 0 1 0 922980398 27553792 3404 17179869184 93824994299904 93824996572973 140737488338256 0 0 0 134217728 4 74274 1 0 0 17 30 0 0 0 0 0 93824998874888 93825001005840 93825001308160 140737488340074 140737488340471 140737488340471 140737488351179 0
/proc/328915/statm: 6727 3404 2099 555 0 1769 0
[pid=328932] ppid=328915 vsize=140256 memory=127540 CPUtime=1001.99 cores=30-31
/proc/328932/stat : 328932 (clingo) R 328915 328915 328555 0 -1 0 39795 0 0 0 100188 11 0 0 20 0 1 0 922980406 143622144 31885 17179869184 93824992301056 93824992468925 140737488338416 0 0 0 134217728 4 25184771 0 0 0 17 30 0 0 0 0 0 93824992533936 93824992571272 93824992575488 140737488340184 140737488340355 140737488340355 140737488351170 0
/proc/328932/statm: 35064 31885 2091 41 0 31143 0
Current children cumulated CPU time: 1002.06 s
Current children cumulated vsize: 167164 KiB
Current children cumulated memory: 141156 KiB

[startup+1062.3 s]
/proc/loadavg: 14.04 14.26 14.00 18/808 329608
/proc/meminfo: memFree=369073888/528004516 swapFree=8388604/8388604
[pid=328915] ppid=328913 vsize=26908 memory=13616 CPUtime=0.07 cores=30-31
/proc/328915/stat : 328915 (perf) S 328913 328915 328555 0 -1 0 1738 237 0 0 6 1 0 0 20 0 1 0 922980398 27553792 3404 17179869184 93824994299904 93824996572973 140737488338256 0 0 0 134217728 4 74274 1 0 0 17 30 0 0 0 0 0 93824998874888 93825001005840 93825001308160 140737488340074 140737488340471 140737488340471 140737488351179 0
/proc/328915/statm: 6727 3404 2099 555 0 1769 0
[pid=328932] ppid=328915 vsize=142732 memory=130100 CPUtime=1061.98 cores=30-31
/proc/328932/stat : 328932 (clingo) R 328915 328915 328555 0 -1 0 40995 0 0 0 106187 11 0 0 20 0 1 0 922980406 146157568 32525 17179869184 93824992301056 93824992468925 140737488338416 0 0 0 134217728 4 25184771 0 0 0 17 30 0 0 0 0 0 93824992533936 93824992571272 93824992575488 140737488340184 140737488340355 140737488340355 140737488351170 0
/proc/328932/statm: 35683 32525 2091 41 0 31762 0
Current children cumulated CPU time: 1062.05 s
Current children cumulated vsize: 169640 KiB
Current children cumulated memory: 143716 KiB

[startup+1122.3 s]
/proc/loadavg: 14.04 14.23 14.00 18/809 329612
/proc/meminfo: memFree=369040676/528004516 swapFree=8388604/8388604
[pid=328915] ppid=328913 vsize=26908 memory=13616 CPUtime=0.07 cores=30-31
/proc/328915/stat : 328915 (perf) S 328913 328915 328555 0 -1 0 1738 237 0 0 6 1 0 0 20 0 1 0 922980398 27553792 3404 17179869184 93824994299904 93824996572973 140737488338256 0 0 0 134217728 4 74274 1 0 0 17 30 0 0 0 0 0 93824998874888 93825001005840 93825001308160 140737488340074 140737488340471 140737488340471 140737488351179 0
/proc/328915/statm: 6727 3404 2099 555 0 1769 0
[pid=328932] ppid=328915 vsize=145780 memory=132956 CPUtime=1121.98 cores=30-31
/proc/328932/stat : 328932 (clingo) R 328915 328915 328555 0 -1 0 41994 0 0 0 112187 11 0 0 20 0 1 0 922980406 149278720 33239 17179869184 93824992301056 93824992468925 140737488338416 0 0 0 134217728 4 25184771 0 0 0 17 30 0 0 0 0 0 93824992533936 93824992571272 93824992575488 140737488340184 140737488340355 140737488340355 140737488351170 0
/proc/328932/statm: 36445 33239 2091 41 0 32524 0
Current children cumulated CPU time: 1122.05 s
Current children cumulated vsize: 172688 KiB
Current children cumulated memory: 146572 KiB

[startup+1182.3 s]
/proc/loadavg: 14.01 14.18 14.00 18/810 329616
/proc/meminfo: memFree=369011444/528004516 swapFree=8388604/8388604
[pid=328915] ppid=328913 vsize=26908 memory=13616 CPUtime=0.07 cores=30-31
/proc/328915/stat : 328915 (perf) S 328913 328915 328555 0 -1 0 1738 237 0 0 6 1 0 0 20 0 1 0 922980398 27553792 3404 17179869184 93824994299904 93824996572973 140737488338256 0 0 0 134217728 4 74274 1 0 0 17 30 0 0 0 0 0 93824998874888 93825001005840 93825001308160 140737488340074 140737488340471 140737488340471 140737488351179 0
/proc/328915/statm: 6727 3404 2099 555 0 1769 0
[pid=328932] ppid=328915 vsize=147636 memory=134820 CPUtime=1181.98 cores=30-31
/proc/328932/stat : 328932 (clingo) R 328915 328915 328555 0 -1 0 42632 0 0 0 118187 11 0 0 20 0 1 0 922980406 151179264 33705 17179869184 93824992301056 93824992468925 140737488338416 0 0 0 134217728 4 25184771 0 0 0 17 30 0 0 0 0 0 93824992533936 93824992571272 93824992575488 140737488340184 140737488340355 140737488340355 140737488351170 0
/proc/328932/statm: 36909 33705 2091 41 0 32988 0
Current children cumulated CPU time: 1182.05 s
Current children cumulated vsize: 174544 KiB
Current children cumulated memory: 148436 KiB



Maximum wall clock time exceeded: sending SIGTERM then SIGKILL

[startup+1205 s]*
/proc/loadavg: 14.01 14.17 14.00 18/807 329624
/proc/meminfo: memFree=369139984/528004516 swapFree=8388604/8388604
[pid=328915] ppid=328913 vsize=26908 memory=13616 CPUtime=0.07 cores=30-31
/proc/328915/stat : 328915 (perf) S 328913 328915 328555 0 -1 0 1738 237 0 0 6 1 0 0 20 0 1 0 922980398 27553792 3404 17179869184 93824994299904 93824996572973 140737488338256 0 0 0 134217728 4 74274 1 0 0 17 30 0 0 0 0 0 93824998874888 93825001005840 93825001308160 140737488340074 140737488340471 140737488340471 140737488351179 0
/proc/328915/statm: 6727 3404 2099 555 0 1769 0
[pid=328932] ppid=328915 vsize=149356 memory=136136 CPUtime=1204.7 cores=30-31
/proc/328932/stat : 328932 (clingo) R 328915 328915 328555 0 -1 0 42954 0 0 0 120459 11 0 0 20 0 1 0 922980406 152940544 34034 17179869184 93824992301056 93824992468925 140737488338416 0 0 0 134217728 4 25184771 0 0 0 17 30 0 0 0 0 0 93824992533936 93824992571272 93824992575488 140737488340184 140737488340355 140737488340355 140737488351170 0
/proc/328932/statm: 37339 34034 2091 41 0 33418 0
Current children cumulated CPU time: 1204.77 s
Current children cumulated vsize: 176264 KiB
Current children cumulated memory: 149752 KiB

Sending SIGINT to process tree (bottom up)
Sleeping 5 seconds

[startup+1205.03 s]
# the end of solver process 328915 was just reported to runsolver
# cumulated CPU time of all completed processes:  user=1204.66 s, system=0.144372 s

Solver just ended.
??? end of watcher thread
Dumping a history of the last processes samples

Child status: 1
Real time (s): 1205.03
CPU time (s): 1204.81
CPU user time (s): 1204.66
CPU system time (s): 0.144372
CPU usage (%): 99.9817
Max. virtual memory (cumulated for all children) (KiB): 176264
Max. memory (cumulated for all children) (KiB): 149752

getrusage(RUSAGE_CHILDREN,...) data:
user time used= 1204.66
system time used= 0.144372
maximum resident set size= 136168
integral shared memory size= 0
integral unshared data size= 0
integral unshared stack size= 0
page reclaims= 44969
page faults= 0
swaps= 0
block input operations= 0
block output operations= 0
messages sent= 0
messages received= 0
signals received= 0
voluntary context switches= 18
involuntary context switches= 963


# summary of solver processes directly reported to runsolver:
#   pid: 328915
#   total CPU time (s): 1204.81
#   total CPU user time (s): 1204.66
#   total CPU system time (s): 0.144372

??? end of timestamper thread
runsolver used 8.14703 second user time and 15.7508 second system time

The end
