runsolver version 3.4.0 (svn: 3018) Copyright (C) 2010-2013 Olivier ROUSSEL

This program is distributed in the hope that it will be useful,
but WITHOUT ANY WARRANTY; without even the implied warranty of
MERCHANTABILITY or FITNESS FOR A PARTICULAR PURPOSE.  See the
GNU General Public License for more details.

NUMA information:
  number of nodes: 2
  memory of node 0: 257635 MiB (185613 MiB free)
  memory of node 1: 257994 MiB (189497 MiB free)
  node distances:
     10  20
     20  10

command line: /dev/shm/372bd098-2e81-11f1-ac62-000c298f4621/input/runsolver -w /dev/shm/372bd098-2e81-11f1-ac62-000c298f4621/output/runsolver.log -v /dev/shm/372bd098-2e81-11f1-ac62-000c298f4621/output/varfile.log -W 1205 --rss-swap-limit 16384 -d 5 --sigint /usr/bin/perf stat -B -e task-clock,cache-references,cache-misses,cycles,instructions,branches,faults,migrations,context-switches -o /dev/shm/372bd098-2e81-11f1-ac62-000c298f4621/output/perf.log clingo /home/guests/mmacri/AMOSUM/benchmarks/GraphColouring/encoding-plain-amo.asp /dev/shm/372bd098-2e81-11f1-ac62-000c298f4621/input/0002-graph_colouring-125-0_6000.asp 

running on 2 cores: 12-13

Enforcing wall clock limit (soft limit, will send SIGTERM then SIGKILL): 1205 seconds
Enforcing RSS+Swap limit (soft limit, will send SIGTERM then SIGKILL): 16777216 KiB
Linux 5.15.0-131-generic
solver pid=3550749, runsolver pid=3550748
Current StackSize limit: 8192 KiB


[startup+0.10007 s]*
/proc/loadavg: 14.19 13.92 10.43 15/849 3550753
/proc/meminfo: memFree=384105468/528004520 swapFree=8388604/8388604
[pid=3550749] ppid=3550748 vsize=26908 memory=13612 CPUtime=0.06 cores=12-13
/proc/3550749/stat : 3550749 (perf) S 3550748 3550749 3550706 0 -1 0 1738 237 0 0 5 1 0 0 20 0 1 0 922878090 27553792 3403 17179869184 93824994299904 93824996572973 140737488338256 0 0 0 134217728 4 74274 1 0 0 17 12 0 0 0 0 0 93824998874888 93825001005840 93825001308160 140737488340073 140737488340470 140737488340470 140737488351179 0
/proc/3550749/statm: 6727 3403 2098 555 0 1769 0
[pid=3550753] ppid=3550749 vsize=19948 memory=11840 CPUtime=0.03 cores=12-13
/proc/3550753/stat : 3550753 (clingo) R 3550749 3550749 3550706 0 -1 0 1206 0 0 0 3 0 0 0 20 0 1 0 922878097 20426752 2960 17179869184 93824992301056 93824992468925 140737488338416 0 0 0 134217728 4 25184771 0 0 0 17 13 0 0 0 0 0 93824992533936 93824992571272 93824992575488 140737488340183 140737488340354 140737488340354 140737488351170 0
/proc/3550753/statm: 4987 2960 2088 41 0 1066 0
Current children cumulated CPU time: 0.09 s
Current children cumulated vsize: 46856 KiB
Current children cumulated memory: 25452 KiB

[startup+0.234607 s]*
/proc/loadavg: 14.19 13.92 10.43 16/846 3550753
/proc/meminfo: memFree=384108848/528004520 swapFree=8388604/8388604
[pid=3550749] ppid=3550748 vsize=26908 memory=13612 CPUtime=0.06 cores=12-13
/proc/3550749/stat : 3550749 (perf) S 3550748 3550749 3550706 0 -1 0 1738 237 0 0 5 1 0 0 20 0 1 0 922878090 27553792 3403 17179869184 93824994299904 93824996572973 140737488338256 0 0 0 134217728 4 74274 1 0 0 17 12 0 0 0 0 0 93824998874888 93825001005840 93825001308160 140737488340073 140737488340470 140737488340470 140737488351179 0
/proc/3550749/statm: 6727 3403 2098 555 0 1769 0
[pid=3550753] ppid=3550749 vsize=23800 memory=15800 CPUtime=0.14 cores=12-13
/proc/3550753/stat : 3550753 (clingo) R 3550749 3550749 3550706 0 -1 0 2169 0 0 0 14 0 0 0 20 0 1 0 922878097 24371200 3950 17179869184 93824992301056 93824992468925 140737488338416 0 0 0 134217728 4 25184771 0 0 0 17 13 0 0 0 0 0 93824992533936 93824992571272 93824992575488 140737488340183 140737488340354 140737488340354 140737488351170 0
/proc/3550753/statm: 5950 3950 2088 41 0 2029 0
Current children cumulated CPU time: 0.2 s
Current children cumulated vsize: 50708 KiB
Current children cumulated memory: 29412 KiB

[startup+0.334263 s]*
/proc/loadavg: 14.19 13.92 10.43 15/833 3550767
/proc/meminfo: memFree=384080400/528004520 swapFree=8388604/8388604
[pid=3550749] ppid=3550748 vsize=26908 memory=13612 CPUtime=0.06 cores=12-13
/proc/3550749/stat : 3550749 (perf) S 3550748 3550749 3550706 0 -1 0 1738 237 0 0 5 1 0 0 20 0 1 0 922878090 27553792 3403 17179869184 93824994299904 93824996572973 140737488338256 0 0 0 134217728 4 74274 1 0 0 17 12 0 0 0 0 0 93824998874888 93825001005840 93825001308160 140737488340073 140737488340470 140737488340470 140737488351179 0
/proc/3550749/statm: 6727 3403 2098 555 0 1769 0
[pid=3550753] ppid=3550749 vsize=24328 memory=16328 CPUtime=0.22 cores=12-13
/proc/3550753/stat : 3550753 (clingo) R 3550749 3550749 3550706 0 -1 0 2309 0 0 0 22 0 0 0 20 0 1 0 922878097 24911872 4082 17179869184 93824992301056 93824992468925 140737488338416 0 0 0 134217728 4 25184771 0 0 0 17 13 0 0 0 0 0 93824992533936 93824992571272 93824992575488 140737488340183 140737488340354 140737488340354 140737488351170 0
/proc/3550753/statm: 6082 4082 2088 41 0 2161 0
Current children cumulated CPU time: 0.28 s
Current children cumulated vsize: 51236 KiB
Current children cumulated memory: 29940 KiB

[startup+0.700358 s]
/proc/loadavg: 14.19 13.92 10.43 14/841 3550814
/proc/meminfo: memFree=384026752/528004520 swapFree=8388604/8388604
[pid=3550749] ppid=3550748 vsize=26908 memory=13612 CPUtime=0.06 cores=12-13
/proc/3550749/stat : 3550749 (perf) S 3550748 3550749 3550706 0 -1 0 1738 237 0 0 5 1 0 0 20 0 1 0 922878090 27553792 3403 17179869184 93824994299904 93824996572973 140737488338256 0 0 0 134217728 4 74274 1 0 0 17 12 0 0 0 0 0 93824998874888 93825001005840 93825001308160 140737488340073 140737488340470 140737488340470 140737488351179 0
/proc/3550749/statm: 6727 3403 2098 555 0 1769 0
[pid=3550753] ppid=3550749 vsize=26080 memory=18176 CPUtime=0.53 cores=12-13
/proc/3550753/stat : 3550753 (clingo) R 3550749 3550749 3550706 0 -1 0 2757 0 0 0 53 0 0 0 20 0 1 0 922878097 26705920 4544 17179869184 93824992301056 93824992468925 140737488338416 0 0 0 134217728 4 25184771 0 0 0 17 12 0 0 0 0 0 93824992533936 93824992571272 93824992575488 140737488340183 140737488340354 140737488340354 140737488351170 0
/proc/3550753/statm: 6520 4544 2088 41 0 2599 0
Current children cumulated CPU time: 0.59 s
Current children cumulated vsize: 52988 KiB
Current children cumulated memory: 31788 KiB

[startup+1.50035 s]
/proc/loadavg: 14.19 13.92 10.43 15/845 3550860
/proc/meminfo: memFree=386004192/528004520 swapFree=8388604/8388604
[pid=3550749] ppid=3550748 vsize=26908 memory=13612 CPUtime=0.06 cores=12-13
/proc/3550749/stat : 3550749 (perf) S 3550748 3550749 3550706 0 -1 0 1738 237 0 0 5 1 0 0 20 0 1 0 922878090 27553792 3403 17179869184 93824994299904 93824996572973 140737488338256 0 0 0 134217728 4 74274 1 0 0 17 12 0 0 0 0 0 93824998874888 93825001005840 93825001308160 140737488340073 140737488340470 140737488340470 140737488351179 0
/proc/3550749/statm: 6727 3403 2098 555 0 1769 0
[pid=3550753] ppid=3550749 vsize=27588 memory=19496 CPUtime=1.33 cores=12-13
/proc/3550753/stat : 3550753 (clingo) R 3550749 3550749 3550706 0 -1 0 3131 0 0 0 133 0 0 0 20 0 1 0 922878097 28250112 4874 17179869184 93824992301056 93824992468925 140737488338416 0 0 0 134217728 4 25184771 0 0 0 17 12 0 0 0 0 0 93824992533936 93824992571272 93824992575488 140737488340183 140737488340354 140737488340354 140737488351170 0
/proc/3550753/statm: 6897 4874 2088 41 0 2976 0
Current children cumulated CPU time: 1.39 s
Current children cumulated vsize: 54496 KiB
Current children cumulated memory: 33108 KiB

[startup+3.11834 s]
/proc/loadavg: 14.19 13.92 10.43 15/840 3551124
/proc/meminfo: memFree=385853616/528004520 swapFree=8388604/8388604
[pid=3550749] ppid=3550748 vsize=26908 memory=13612 CPUtime=0.06 cores=12-13
/proc/3550749/stat : 3550749 (perf) S 3550748 3550749 3550706 0 -1 0 1738 237 0 0 5 1 0 0 20 0 1 0 922878090 27553792 3403 17179869184 93824994299904 93824996572973 140737488338256 0 0 0 134217728 4 74274 1 0 0 17 12 0 0 0 0 0 93824998874888 93825001005840 93825001308160 140737488340073 140737488340470 140737488340470 140737488351179 0
/proc/3550749/statm: 6727 3403 2098 555 0 1769 0
[pid=3550753] ppid=3550749 vsize=31020 memory=22664 CPUtime=2.95 cores=12-13
/proc/3550753/stat : 3550753 (clingo) R 3550749 3550749 3550706 0 -1 0 3913 0 0 0 295 0 0 0 20 0 1 0 922878097 31764480 5666 17179869184 93824992301056 93824992468925 140737488338416 0 0 0 134217728 4 25184771 0 0 0 17 12 0 0 0 0 0 93824992533936 93824992571272 93824992575488 140737488340183 140737488340354 140737488340354 140737488351170 0
/proc/3550753/statm: 7755 5666 2088 41 0 3834 0
Current children cumulated CPU time: 3.01 s
Current children cumulated vsize: 57928 KiB
Current children cumulated memory: 36276 KiB

[startup+6.30029 s]
/proc/loadavg: 14.18 13.93 10.45 15/847 3551166
/proc/meminfo: memFree=385486784/528004520 swapFree=8388604/8388604
[pid=3550749] ppid=3550748 vsize=26908 memory=13612 CPUtime=0.06 cores=12-13
/proc/3550749/stat : 3550749 (perf) S 3550748 3550749 3550706 0 -1 0 1738 237 0 0 5 1 0 0 20 0 1 0 922878090 27553792 3403 17179869184 93824994299904 93824996572973 140737488338256 0 0 0 134217728 4 74274 1 0 0 17 12 0 0 0 0 0 93824998874888 93825001005840 93825001308160 140737488340073 140737488340470 140737488340470 140737488351179 0
/proc/3550749/statm: 6727 3403 2098 555 0 1769 0
[pid=3550753] ppid=3550749 vsize=33672 memory=25040 CPUtime=6.13 cores=12-13
/proc/3550753/stat : 3550753 (clingo) R 3550749 3550749 3550706 0 -1 0 4486 0 0 0 613 0 0 0 20 0 1 0 922878097 34480128 6260 17179869184 93824992301056 93824992468925 140737488338416 0 0 0 134217728 4 25184771 0 0 0 17 12 0 0 0 0 0 93824992533936 93824992571272 93824992575488 140737488340183 140737488340354 140737488340354 140737488351170 0
/proc/3550753/statm: 8418 6260 2088 41 0 4497 0
Current children cumulated CPU time: 6.19 s
Current children cumulated vsize: 60580 KiB
Current children cumulated memory: 38652 KiB

[startup+12.7003 s]
/proc/loadavg: 14.16 13.93 10.47 15/847 3551166
/proc/meminfo: memFree=384973436/528004520 swapFree=8388604/8388604
[pid=3550749] ppid=3550748 vsize=26908 memory=13612 CPUtime=0.06 cores=12-13
/proc/3550749/stat : 3550749 (perf) S 3550748 3550749 3550706 0 -1 0 1738 237 0 0 5 1 0 0 20 0 1 0 922878090 27553792 3403 17179869184 93824994299904 93824996572973 140737488338256 0 0 0 134217728 4 74274 1 0 0 17 12 0 0 0 0 0 93824998874888 93825001005840 93825001308160 140737488340073 140737488340470 140737488340470 140737488351179 0
/proc/3550749/statm: 6727 3403 2098 555 0 1769 0
[pid=3550753] ppid=3550749 vsize=36764 memory=27680 CPUtime=12.53 cores=12-13
/proc/3550753/stat : 3550753 (clingo) R 3550749 3550749 3550706 0 -1 0 5171 0 0 0 1253 0 0 0 20 0 1 0 922878097 37646336 6920 17179869184 93824992301056 93824992468925 140737488338416 0 0 0 134217728 4 25184771 0 0 0 17 12 0 0 0 0 0 93824992533936 93824992571272 93824992575488 140737488340183 140737488340354 140737488340354 140737488351170 0
/proc/3550753/statm: 9191 6920 2088 41 0 5270 0
Current children cumulated CPU time: 12.59 s
Current children cumulated vsize: 63672 KiB
Current children cumulated memory: 41292 KiB

[startup+25.5004 s]
/proc/loadavg: 14.13 13.93 10.53 15/847 3551167
/proc/meminfo: memFree=384486244/528004520 swapFree=8388604/8388604
[pid=3550749] ppid=3550748 vsize=26908 memory=13612 CPUtime=0.06 cores=12-13
/proc/3550749/stat : 3550749 (perf) S 3550748 3550749 3550706 0 -1 0 1738 237 0 0 5 1 0 0 20 0 1 0 922878090 27553792 3403 17179869184 93824994299904 93824996572973 140737488338256 0 0 0 134217728 4 74274 1 0 0 17 12 0 0 0 0 0 93824998874888 93825001005840 93825001308160 140737488340073 140737488340470 140737488340470 140737488351179 0
/proc/3550749/statm: 6727 3403 2098 555 0 1769 0
[pid=3550753] ppid=3550749 vsize=40584 memory=31112 CPUtime=25.33 cores=12-13
/proc/3550753/stat : 3550753 (clingo) R 3550749 3550749 3550706 0 -1 0 6051 0 0 0 2533 0 0 0 20 0 1 0 922878097 41558016 7778 17179869184 93824992301056 93824992468925 140737488338416 0 0 0 134217728 4 25184771 0 0 0 17 12 0 0 0 0 0 93824992533936 93824992571272 93824992575488 140737488340183 140737488340354 140737488340354 140737488351170 0
/proc/3550753/statm: 10146 7778 2088 41 0 6225 0
Current children cumulated CPU time: 25.39 s
Current children cumulated vsize: 67492 KiB
Current children cumulated memory: 44724 KiB

[startup+51.1184 s]
/proc/loadavg: 14.14 13.95 10.63 15/847 3551167
/proc/meminfo: memFree=383377616/528004520 swapFree=8388604/8388604
[pid=3550749] ppid=3550748 vsize=26908 memory=13612 CPUtime=0.06 cores=12-13
/proc/3550749/stat : 3550749 (perf) S 3550748 3550749 3550706 0 -1 0 1738 237 0 0 5 1 0 0 20 0 1 0 922878090 27553792 3403 17179869184 93824994299904 93824996572973 140737488338256 0 0 0 134217728 4 74274 1 0 0 17 12 0 0 0 0 0 93824998874888 93825001005840 93825001308160 140737488340073 140737488340470 140737488340470 140737488351179 0
/proc/3550749/statm: 6727 3403 2098 555 0 1769 0
[pid=3550753] ppid=3550749 vsize=45788 memory=36128 CPUtime=50.95 cores=12-13
/proc/3550753/stat : 3550753 (clingo) R 3550749 3550749 3550706 0 -1 0 7285 0 0 0 5095 0 0 0 20 0 1 0 922878097 46886912 9032 17179869184 93824992301056 93824992468925 140737488338416 0 0 0 134217728 4 25184771 0 0 0 17 12 0 0 0 0 0 93824992533936 93824992571272 93824992575488 140737488340183 140737488340354 140737488340354 140737488351170 0
/proc/3550753/statm: 11447 9032 2088 41 0 7526 0
Current children cumulated CPU time: 51.01 s
Current children cumulated vsize: 72696 KiB
Current children cumulated memory: 49740 KiB

[startup+102.3 s]
/proc/loadavg: 14.06 13.96 10.80 15/848 3551169
/proc/meminfo: memFree=382052448/528004520 swapFree=8388604/8388604
[pid=3550749] ppid=3550748 vsize=26908 memory=13612 CPUtime=0.06 cores=12-13
/proc/3550749/stat : 3550749 (perf) S 3550748 3550749 3550706 0 -1 0 1738 237 0 0 5 1 0 0 20 0 1 0 922878090 27553792 3403 17179869184 93824994299904 93824996572973 140737488338256 0 0 0 134217728 4 74274 1 0 0 17 12 0 0 0 0 0 93824998874888 93825001005840 93825001308160 140737488340073 140737488340470 140737488340470 140737488351179 0
/proc/3550749/statm: 6727 3403 2098 555 0 1769 0
[pid=3550753] ppid=3550749 vsize=53880 memory=43520 CPUtime=102.13 cores=12-13
/proc/3550753/stat : 3550753 (clingo) R 3550749 3550749 3550706 0 -1 0 9135 0 0 0 10213 0 0 0 20 0 1 0 922878097 55173120 10880 17179869184 93824992301056 93824992468925 140737488338416 0 0 0 134217728 4 25184771 0 0 0 17 12 0 0 0 0 0 93824992533936 93824992571272 93824992575488 140737488340183 140737488340354 140737488340354 140737488351170 0
/proc/3550753/statm: 13470 10880 2088 41 0 9549 0
Current children cumulated CPU time: 102.19 s
Current children cumulated vsize: 80788 KiB
Current children cumulated memory: 57132 KiB

[startup+162.3 s]
/proc/loadavg: 14.09 13.99 11.01 15/848 3551170
/proc/meminfo: memFree=380840080/528004520 swapFree=8388604/8388604
[pid=3550749] ppid=3550748 vsize=26908 memory=13612 CPUtime=0.06 cores=12-13
/proc/3550749/stat : 3550749 (perf) S 3550748 3550749 3550706 0 -1 0 1738 237 0 0 5 1 0 0 20 0 1 0 922878090 27553792 3403 17179869184 93824994299904 93824996572973 140737488338256 0 0 0 134217728 4 74274 1 0 0 17 12 0 0 0 0 0 93824998874888 93825001005840 93825001308160 140737488340073 140737488340470 140737488340470 140737488351179 0
/proc/3550749/statm: 6727 3403 2098 555 0 1769 0
[pid=3550753] ppid=3550749 vsize=58076 memory=48008 CPUtime=162.13 cores=12-13
/proc/3550753/stat : 3550753 (clingo) R 3550749 3550749 3550706 0 -1 0 10234 0 0 0 16213 0 0 0 20 0 1 0 922878097 59469824 12002 17179869184 93824992301056 93824992468925 140737488338416 0 0 0 134217728 4 25184771 0 0 0 17 12 0 0 0 0 0 93824992533936 93824992571272 93824992575488 140737488340183 140737488340354 140737488340354 140737488351170 0
/proc/3550753/statm: 14519 12002 2088 41 0 10598 0
Current children cumulated CPU time: 162.19 s
Current children cumulated vsize: 84984 KiB
Current children cumulated memory: 61620 KiB

[startup+222.3 s]
/proc/loadavg: 14.30 14.07 11.23 15/848 3551173
/proc/meminfo: memFree=380027260/528004520 swapFree=8388604/8388604
[pid=3550749] ppid=3550748 vsize=26908 memory=13612 CPUtime=0.06 cores=12-13
/proc/3550749/stat : 3550749 (perf) S 3550748 3550749 3550706 0 -1 0 1738 237 0 0 5 1 0 0 20 0 1 0 922878090 27553792 3403 17179869184 93824994299904 93824996572973 140737488338256 0 0 0 134217728 4 74274 1 0 0 17 12 0 0 0 0 0 93824998874888 93825001005840 93825001308160 140737488340073 140737488340470 140737488340470 140737488351179 0
/proc/3550749/statm: 6727 3403 2098 555 0 1769 0
[pid=3550753] ppid=3550749 vsize=61808 memory=51440 CPUtime=222.13 cores=12-13
/proc/3550753/stat : 3550753 (clingo) R 3550749 3550749 3550706 0 -1 0 11075 0 0 0 22212 1 0 0 20 0 1 0 922878097 63291392 12860 17179869184 93824992301056 93824992468925 140737488338416 0 0 0 134217728 4 25184771 0 0 0 17 12 0 0 0 0 0 93824992533936 93824992571272 93824992575488 140737488340183 140737488340354 140737488340354 140737488351170 0
/proc/3550753/statm: 15452 12860 2088 41 0 11531 0
Current children cumulated CPU time: 222.19 s
Current children cumulated vsize: 88716 KiB
Current children cumulated memory: 65052 KiB

[startup+282.3 s]
/proc/loadavg: 14.19 14.07 11.41 15/848 3551174
/proc/meminfo: memFree=378663516/528004520 swapFree=8388604/8388604
[pid=3550749] ppid=3550748 vsize=26908 memory=13612 CPUtime=0.06 cores=12-13
/proc/3550749/stat : 3550749 (perf) S 3550748 3550749 3550706 0 -1 0 1738 237 0 0 5 1 0 0 20 0 1 0 922878090 27553792 3403 17179869184 93824994299904 93824996572973 140737488338256 0 0 0 134217728 4 74274 1 0 0 17 12 0 0 0 0 0 93824998874888 93825001005840 93825001308160 140737488340073 140737488340470 140737488340470 140737488351179 0
/proc/3550749/statm: 6727 3403 2098 555 0 1769 0
[pid=3550753] ppid=3550749 vsize=69772 memory=58040 CPUtime=282.13 cores=12-13
/proc/3550753/stat : 3550753 (clingo) R 3550749 3550749 3550706 0 -1 0 12733 0 0 0 28212 1 0 0 20 0 1 0 922878097 71446528 14510 17179869184 93824992301056 93824992468925 140737488338416 0 0 0 134217728 4 25184771 0 0 0 17 12 0 0 0 0 0 93824992533936 93824992571272 93824992575488 140737488340183 140737488340354 140737488340354 140737488351170 0
/proc/3550753/statm: 17443 14510 2088 41 0 13522 0
Current children cumulated CPU time: 282.19 s
Current children cumulated vsize: 96680 KiB
Current children cumulated memory: 71652 KiB

[startup+342.3 s]
/proc/loadavg: 14.07 14.06 11.58 15/828 3551177
/proc/meminfo: memFree=377840748/528004520 swapFree=8388604/8388604
[pid=3550749] ppid=3550748 vsize=26908 memory=13612 CPUtime=0.06 cores=12-13
/proc/3550749/stat : 3550749 (perf) S 3550748 3550749 3550706 0 -1 0 1738 237 0 0 5 1 0 0 20 0 1 0 922878090 27553792 3403 17179869184 93824994299904 93824996572973 140737488338256 0 0 0 134217728 4 74274 1 0 0 17 12 0 0 0 0 0 93824998874888 93825001005840 93825001308160 140737488340073 140737488340470 140737488340470 140737488351179 0
/proc/3550749/statm: 6727 3403 2098 555 0 1769 0
[pid=3550753] ppid=3550749 vsize=74892 memory=62264 CPUtime=342.13 cores=12-13
/proc/3550753/stat : 3550753 (clingo) R 3550749 3550749 3550706 0 -1 0 13831 0 0 0 34212 1 0 0 20 0 1 0 922878097 76689408 15566 17179869184 93824992301056 93824992468925 140737488338416 0 0 0 134217728 4 25184771 0 0 0 17 12 0 0 0 0 0 93824992533936 93824992571272 93824992575488 140737488340183 140737488340354 140737488340354 140737488351170 0
/proc/3550753/statm: 18723 15566 2088 41 0 14802 0
Current children cumulated CPU time: 342.19 s
Current children cumulated vsize: 101800 KiB
Current children cumulated memory: 75876 KiB

[startup+402.3 s]
/proc/loadavg: 14.02 14.04 11.73 15/826 3551179
/proc/meminfo: memFree=377486688/528004520 swapFree=8388604/8388604
[pid=3550749] ppid=3550748 vsize=26908 memory=13612 CPUtime=0.06 cores=12-13
/proc/3550749/stat : 3550749 (perf) S 3550748 3550749 3550706 0 -1 0 1738 237 0 0 5 1 0 0 20 0 1 0 922878090 27553792 3403 17179869184 93824994299904 93824996572973 140737488338256 0 0 0 134217728 4 74274 1 0 0 17 12 0 0 0 0 0 93824998874888 93825001005840 93825001308160 140737488340073 140737488340470 140737488340470 140737488351179 0
/proc/3550749/statm: 6727 3403 2098 555 0 1769 0
[pid=3550753] ppid=3550749 vsize=78584 memory=66132 CPUtime=402.13 cores=12-13
/proc/3550753/stat : 3550753 (clingo) R 3550749 3550749 3550706 0 -1 0 14865 0 0 0 40212 1 0 0 20 0 1 0 922878097 80470016 16533 17179869184 93824992301056 93824992468925 140737488338416 0 0 0 134217728 4 25184771 0 0 0 17 12 0 0 0 0 0 93824992533936 93824992571272 93824992575488 140737488340183 140737488340354 140737488340354 140737488351170 0
/proc/3550753/statm: 19646 16533 2088 41 0 15725 0
Current children cumulated CPU time: 402.19 s
Current children cumulated vsize: 105492 KiB
Current children cumulated memory: 79744 KiB

[startup+462.3 s]
/proc/loadavg: 14.04 14.05 11.88 15/826 3551180
/proc/meminfo: memFree=377145488/528004520 swapFree=8388604/8388604
[pid=3550749] ppid=3550748 vsize=26908 memory=13612 CPUtime=0.06 cores=12-13
/proc/3550749/stat : 3550749 (perf) S 3550748 3550749 3550706 0 -1 0 1738 237 0 0 5 1 0 0 20 0 1 0 922878090 27553792 3403 17179869184 93824994299904 93824996572973 140737488338256 0 0 0 134217728 4 74274 1 0 0 17 12 0 0 0 0 0 93824998874888 93825001005840 93825001308160 140737488340073 140737488340470 140737488340470 140737488351179 0
/proc/3550749/statm: 6727 3403 2098 555 0 1769 0
[pid=3550753] ppid=3550749 vsize=81620 memory=69036 CPUtime=462.13 cores=12-13
/proc/3550753/stat : 3550753 (clingo) R 3550749 3550749 3550706 0 -1 0 15614 0 0 0 46212 1 0 0 20 0 1 0 922878097 83578880 17259 17179869184 93824992301056 93824992468925 140737488338416 0 0 0 134217728 4 25184771 0 0 0 17 12 0 0 0 0 0 93824992533936 93824992571272 93824992575488 140737488340183 140737488340354 140737488340354 140737488351170 0
/proc/3550753/statm: 20405 17259 2088 41 0 16484 0
Current children cumulated CPU time: 462.19 s
Current children cumulated vsize: 108528 KiB
Current children cumulated memory: 82648 KiB

[startup+522.3 s]
/proc/loadavg: 14.01 14.04 12.02 15/826 3551181
/proc/meminfo: memFree=376699200/528004520 swapFree=8388604/8388604
[pid=3550749] ppid=3550748 vsize=26908 memory=13612 CPUtime=0.06 cores=12-13
/proc/3550749/stat : 3550749 (perf) S 3550748 3550749 3550706 0 -1 0 1738 237 0 0 5 1 0 0 20 0 1 0 922878090 27553792 3403 17179869184 93824994299904 93824996572973 140737488338256 0 0 0 134217728 4 74274 1 0 0 17 12 0 0 0 0 0 93824998874888 93825001005840 93825001308160 140737488340073 140737488340470 140737488340470 140737488351179 0
/proc/3550749/statm: 6727 3403 2098 555 0 1769 0
[pid=3550753] ppid=3550749 vsize=83996 memory=71412 CPUtime=522.12 cores=12-13
/proc/3550753/stat : 3550753 (clingo) R 3550749 3550749 3550706 0 -1 0 16177 0 0 0 52211 1 0 0 20 0 1 0 922878097 86011904 17853 17179869184 93824992301056 93824992468925 140737488338416 0 0 0 134217728 4 25184771 0 0 0 17 12 0 0 0 0 0 93824992533936 93824992571272 93824992575488 140737488340183 140737488340354 140737488340354 140737488351170 0
/proc/3550753/statm: 20999 17853 2088 41 0 17078 0
Current children cumulated CPU time: 522.18 s
Current children cumulated vsize: 110904 KiB
Current children cumulated memory: 85024 KiB

[startup+582.3 s]
/proc/loadavg: 14.04 14.04 12.15 15/826 3551186
/proc/meminfo: memFree=375872724/528004520 swapFree=8388604/8388604
[pid=3550749] ppid=3550748 vsize=26908 memory=13612 CPUtime=0.06 cores=12-13
/proc/3550749/stat : 3550749 (perf) S 3550748 3550749 3550706 0 -1 0 1738 237 0 0 5 1 0 0 20 0 1 0 922878090 27553792 3403 17179869184 93824994299904 93824996572973 140737488338256 0 0 0 134217728 4 74274 1 0 0 17 12 0 0 0 0 0 93824998874888 93825001005840 93825001308160 140737488340073 140737488340470 140737488340470 140737488351179 0
/proc/3550749/statm: 6727 3403 2098 555 0 1769 0
[pid=3550753] ppid=3550749 vsize=85372 memory=72996 CPUtime=582.13 cores=12-13
/proc/3550753/stat : 3550753 (clingo) R 3550749 3550749 3550706 0 -1 0 16577 0 0 0 58211 2 0 0 20 0 1 0 922878097 87420928 18249 17179869184 93824992301056 93824992468925 140737488338416 0 0 0 134217728 4 25184771 0 0 0 17 12 0 0 0 0 0 93824992533936 93824992571272 93824992575488 140737488340183 140737488340354 140737488340354 140737488351170 0
/proc/3550753/statm: 21343 18249 2088 41 0 17422 0
Current children cumulated CPU time: 582.19 s
Current children cumulated vsize: 112280 KiB
Current children cumulated memory: 86608 KiB

[startup+642.3 s]
/proc/loadavg: 14.01 14.03 12.27 15/826 3551188
/proc/meminfo: memFree=374929500/528004520 swapFree=8388604/8388604
[pid=3550749] ppid=3550748 vsize=26908 memory=13612 CPUtime=0.06 cores=12-13
/proc/3550749/stat : 3550749 (perf) S 3550748 3550749 3550706 0 -1 0 1738 237 0 0 5 1 0 0 20 0 1 0 922878090 27553792 3403 17179869184 93824994299904 93824996572973 140737488338256 0 0 0 134217728 4 74274 1 0 0 17 12 0 0 0 0 0 93824998874888 93825001005840 93825001308160 140737488340073 140737488340470 140737488340470 140737488351179 0
/proc/3550749/statm: 6727 3403 2098 555 0 1769 0
[pid=3550753] ppid=3550749 vsize=86040 memory=74052 CPUtime=642.13 cores=12-13
/proc/3550753/stat : 3550753 (clingo) R 3550749 3550749 3550706 0 -1 0 16840 0 0 0 64211 2 0 0 20 0 1 0 922878097 88104960 18513 17179869184 93824992301056 93824992468925 140737488338416 0 0 0 134217728 4 25184771 0 0 0 17 12 0 0 0 0 0 93824992533936 93824992571272 93824992575488 140737488340183 140737488340354 140737488340354 140737488351170 0
/proc/3550753/statm: 21510 18513 2088 41 0 17589 0
Current children cumulated CPU time: 642.19 s
Current children cumulated vsize: 112948 KiB
Current children cumulated memory: 87664 KiB

[startup+702.3 s]
/proc/loadavg: 14.04 14.04 12.38 15/826 3551189
/proc/meminfo: memFree=373864804/528004520 swapFree=8388604/8388604
[pid=3550749] ppid=3550748 vsize=26908 memory=13612 CPUtime=0.06 cores=12-13
/proc/3550749/stat : 3550749 (perf) S 3550748 3550749 3550706 0 -1 0 1738 237 0 0 5 1 0 0 20 0 1 0 922878090 27553792 3403 17179869184 93824994299904 93824996572973 140737488338256 0 0 0 134217728 4 74274 1 0 0 17 12 0 0 0 0 0 93824998874888 93825001005840 93825001308160 140737488340073 140737488340470 140737488340470 140737488351179 0
/proc/3550749/statm: 6727 3403 2098 555 0 1769 0
[pid=3550753] ppid=3550749 vsize=87668 memory=75636 CPUtime=702.12 cores=12-13
/proc/3550753/stat : 3550753 (clingo) R 3550749 3550749 3550706 0 -1 0 17271 0 0 0 70210 2 0 0 20 0 1 0 922878097 89772032 18909 17179869184 93824992301056 93824992468925 140737488338416 0 0 0 134217728 4 25184771 0 0 0 17 12 0 0 0 0 0 93824992533936 93824992571272 93824992575488 140737488340183 140737488340354 140737488340354 140737488351170 0
/proc/3550753/statm: 21917 18909 2088 41 0 17996 0
Current children cumulated CPU time: 702.18 s
Current children cumulated vsize: 114576 KiB
Current children cumulated memory: 89248 KiB

[startup+762.3 s]
/proc/loadavg: 14.01 14.03 12.49 15/826 3551190
/proc/meminfo: memFree=372876728/528004520 swapFree=8388604/8388604
[pid=3550749] ppid=3550748 vsize=26908 memory=13612 CPUtime=0.06 cores=12-13
/proc/3550749/stat : 3550749 (perf) S 3550748 3550749 3550706 0 -1 0 1738 237 0 0 5 1 0 0 20 0 1 0 922878090 27553792 3403 17179869184 93824994299904 93824996572973 140737488338256 0 0 0 134217728 4 74274 1 0 0 17 12 0 0 0 0 0 93824998874888 93825001005840 93825001308160 140737488340073 140737488340470 140737488340470 140737488351179 0
/proc/3550749/statm: 6727 3403 2098 555 0 1769 0
[pid=3550753] ppid=3550749 vsize=90272 memory=78260 CPUtime=762.12 cores=12-13
/proc/3550753/stat : 3550753 (clingo) R 3550749 3550749 3550706 0 -1 0 18043 0 0 0 76210 2 0 0 20 0 1 0 922878097 92438528 19565 17179869184 93824992301056 93824992468925 140737488338416 0 0 0 134217728 4 25184771 0 0 0 17 12 0 0 0 0 0 93824992533936 93824992571272 93824992575488 140737488340183 140737488340354 140737488340354 140737488351170 0
/proc/3550753/statm: 22568 19565 2088 41 0 18647 0
Current children cumulated CPU time: 762.18 s
Current children cumulated vsize: 117180 KiB
Current children cumulated memory: 91872 KiB

[startup+822.3 s]
/proc/loadavg: 14.30 14.11 12.62 15/826 3551192
/proc/meminfo: memFree=372130460/528004520 swapFree=8388604/8388604
[pid=3550749] ppid=3550748 vsize=26908 memory=13612 CPUtime=0.06 cores=12-13
/proc/3550749/stat : 3550749 (perf) S 3550748 3550749 3550706 0 -1 0 1738 237 0 0 5 1 0 0 20 0 1 0 922878090 27553792 3403 17179869184 93824994299904 93824996572973 140737488338256 0 0 0 134217728 4 74274 1 0 0 17 12 0 0 0 0 0 93824998874888 93825001005840 93825001308160 140737488340073 140737488340470 140737488340470 140737488351179 0
/proc/3550749/statm: 6727 3403 2098 555 0 1769 0
[pid=3550753] ppid=3550749 vsize=92864 memory=80372 CPUtime=822.12 cores=12-13
/proc/3550753/stat : 3550753 (clingo) R 3550749 3550749 3550706 0 -1 0 18545 0 0 0 82210 2 0 0 20 0 1 0 922878097 95092736 20093 17179869184 93824992301056 93824992468925 140737488338416 0 0 0 134217728 4 25184771 0 0 0 17 12 0 0 0 0 0 93824992533936 93824992571272 93824992575488 140737488340183 140737488340354 140737488340354 140737488351170 0
/proc/3550753/statm: 23216 20093 2088 41 0 19295 0
Current children cumulated CPU time: 822.18 s
Current children cumulated vsize: 119772 KiB
Current children cumulated memory: 93984 KiB

[startup+882.3 s]
/proc/loadavg: 15.69 14.45 12.82 15/826 3551194
/proc/meminfo: memFree=371748680/528004520 swapFree=8388604/8388604
[pid=3550749] ppid=3550748 vsize=26908 memory=13612 CPUtime=0.06 cores=12-13
/proc/3550749/stat : 3550749 (perf) S 3550748 3550749 3550706 0 -1 0 1738 237 0 0 5 1 0 0 20 0 1 0 922878090 27553792 3403 17179869184 93824994299904 93824996572973 140737488338256 0 0 0 134217728 4 74274 1 0 0 17 12 0 0 0 0 0 93824998874888 93825001005840 93825001308160 140737488340073 140737488340470 140737488340470 140737488351179 0
/proc/3550749/statm: 6727 3403 2098 555 0 1769 0
[pid=3550753] ppid=3550749 vsize=96320 memory=83012 CPUtime=882.13 cores=12-13
/proc/3550753/stat : 3550753 (clingo) R 3550749 3550749 3550706 0 -1 0 19208 0 0 0 88210 3 0 0 20 0 1 0 922878097 98631680 20753 17179869184 93824992301056 93824992468925 140737488338416 0 0 0 134217728 4 25184771 0 0 0 17 12 0 0 0 0 0 93824992533936 93824992571272 93824992575488 140737488340183 140737488340354 140737488340354 140737488351170 0
/proc/3550753/statm: 24080 20753 2088 41 0 20159 0
Current children cumulated CPU time: 882.19 s
Current children cumulated vsize: 123228 KiB
Current children cumulated memory: 96624 KiB

[startup+942.3 s]
/proc/loadavg: 15.44 14.68 13.01 15/826 3551195
/proc/meminfo: memFree=371541288/528004520 swapFree=8388604/8388604
[pid=3550749] ppid=3550748 vsize=26908 memory=13612 CPUtime=0.06 cores=12-13
/proc/3550749/stat : 3550749 (perf) S 3550748 3550749 3550706 0 -1 0 1738 237 0 0 5 1 0 0 20 0 1 0 922878090 27553792 3403 17179869184 93824994299904 93824996572973 140737488338256 0 0 0 134217728 4 74274 1 0 0 17 12 0 0 0 0 0 93824998874888 93825001005840 93825001308160 140737488340073 140737488340470 140737488340470 140737488351179 0
/proc/3550749/statm: 6727 3403 2098 555 0 1769 0
[pid=3550753] ppid=3550749 vsize=99488 memory=85652 CPUtime=942.13 cores=12-13
/proc/3550753/stat : 3550753 (clingo) R 3550749 3550749 3550706 0 -1 0 19891 0 0 0 94210 3 0 0 20 0 1 0 922878097 101875712 21413 17179869184 93824992301056 93824992468925 140737488338416 0 0 0 134217728 4 25184771 0 0 0 17 12 0 0 0 0 0 93824992533936 93824992571272 93824992575488 140737488340183 140737488340354 140737488340354 140737488351170 0
/proc/3550753/statm: 24872 21413 2088 41 0 20951 0
Current children cumulated CPU time: 942.19 s
Current children cumulated vsize: 126396 KiB
Current children cumulated memory: 99264 KiB

[startup+1002.3 s]
/proc/loadavg: 14.69 14.61 13.10 15/826 3551197
/proc/meminfo: memFree=371433436/528004520 swapFree=8388604/8388604
[pid=3550749] ppid=3550748 vsize=26908 memory=13612 CPUtime=0.06 cores=12-13
/proc/3550749/stat : 3550749 (perf) S 3550748 3550749 3550706 0 -1 0 1738 237 0 0 5 1 0 0 20 0 1 0 922878090 27553792 3403 17179869184 93824994299904 93824996572973 140737488338256 0 0 0 134217728 4 74274 1 0 0 17 12 0 0 0 0 0 93824998874888 93825001005840 93825001308160 140737488340073 140737488340470 140737488340470 140737488351179 0
/proc/3550749/statm: 6727 3403 2098 555 0 1769 0
[pid=3550753] ppid=3550749 vsize=102080 memory=87764 CPUtime=1002.13 cores=12-13
/proc/3550753/stat : 3550753 (clingo) R 3550749 3550749 3550706 0 -1 0 20406 0 0 0 100210 3 0 0 20 0 1 0 922878097 104529920 21941 17179869184 93824992301056 93824992468925 140737488338416 0 0 0 134217728 4 25184771 0 0 0 17 12 0 0 0 0 0 93824992533936 93824992571272 93824992575488 140737488340183 140737488340354 140737488340354 140737488351170 0
/proc/3550753/statm: 25520 21941 2088 41 0 21599 0
Current children cumulated CPU time: 1002.19 s
Current children cumulated vsize: 128988 KiB
Current children cumulated memory: 101376 KiB

[startup+1062.3 s]
/proc/loadavg: 14.33 14.53 13.17 15/826 3551199
/proc/meminfo: memFree=371301900/528004520 swapFree=8388604/8388604
[pid=3550749] ppid=3550748 vsize=26908 memory=13612 CPUtime=0.06 cores=12-13
/proc/3550749/stat : 3550749 (perf) S 3550748 3550749 3550706 0 -1 0 1738 237 0 0 5 1 0 0 20 0 1 0 922878090 27553792 3403 17179869184 93824994299904 93824996572973 140737488338256 0 0 0 134217728 4 74274 1 0 0 17 12 0 0 0 0 0 93824998874888 93825001005840 93825001308160 140737488340073 140737488340470 140737488340470 140737488351179 0
/proc/3550749/statm: 6727 3403 2098 555 0 1769 0
[pid=3550753] ppid=3550749 vsize=105536 memory=90668 CPUtime=1062.13 cores=12-13
/proc/3550753/stat : 3550753 (clingo) R 3550749 3550749 3550706 0 -1 0 21124 0 0 0 106210 3 0 0 20 0 1 0 922878097 108068864 22667 17179869184 93824992301056 93824992468925 140737488338416 0 0 0 134217728 4 25184771 0 0 0 17 12 0 0 0 0 0 93824992533936 93824992571272 93824992575488 140737488340183 140737488340354 140737488340354 140737488351170 0
/proc/3550753/statm: 26384 22667 2088 41 0 22463 0
Current children cumulated CPU time: 1062.19 s
Current children cumulated vsize: 132444 KiB
Current children cumulated memory: 104280 KiB

[startup+1122.3 s]
/proc/loadavg: 14.12 14.43 13.22 15/826 3551201
/proc/meminfo: memFree=371115708/528004520 swapFree=8388604/8388604
[pid=3550749] ppid=3550748 vsize=26908 memory=13612 CPUtime=0.06 cores=12-13
/proc/3550749/stat : 3550749 (perf) S 3550748 3550749 3550706 0 -1 0 1738 237 0 0 5 1 0 0 20 0 1 0 922878090 27553792 3403 17179869184 93824994299904 93824996572973 140737488338256 0 0 0 134217728 4 74274 1 0 0 17 12 0 0 0 0 0 93824998874888 93825001005840 93825001308160 140737488340073 140737488340470 140737488340470 140737488351179 0
/proc/3550749/statm: 6727 3403 2098 555 0 1769 0
[pid=3550753] ppid=3550749 vsize=107264 memory=91988 CPUtime=1122.13 cores=12-13
/proc/3550753/stat : 3550753 (clingo) R 3550749 3550749 3550706 0 -1 0 21458 0 0 0 112210 3 0 0 20 0 1 0 922878097 109838336 22997 17179869184 93824992301056 93824992468925 140737488338416 0 0 0 134217728 4 25184771 0 0 0 17 12 0 0 0 0 0 93824992533936 93824992571272 93824992575488 140737488340183 140737488340354 140737488340354 140737488351170 0
/proc/3550753/statm: 26816 22997 2088 41 0 22895 0
Current children cumulated CPU time: 1122.19 s
Current children cumulated vsize: 134172 KiB
Current children cumulated memory: 105600 KiB

[startup+1182.3 s]
/proc/loadavg: 14.29 14.44 13.30 15/826 3551204
/proc/meminfo: memFree=370835760/528004520 swapFree=8388604/8388604
[pid=3550749] ppid=3550748 vsize=26908 memory=13612 CPUtime=0.06 cores=12-13
/proc/3550749/stat : 3550749 (perf) S 3550748 3550749 3550706 0 -1 0 1738 237 0 0 5 1 0 0 20 0 1 0 922878090 27553792 3403 17179869184 93824994299904 93824996572973 140737488338256 0 0 0 134217728 4 74274 1 0 0 17 12 0 0 0 0 0 93824998874888 93825001005840 93825001308160 140737488340073 140737488340470 140737488340470 140737488351179 0
/proc/3550749/statm: 6727 3403 2098 555 0 1769 0
[pid=3550753] ppid=3550749 vsize=110144 memory=94364 CPUtime=1182.12 cores=12-13
/proc/3550753/stat : 3550753 (clingo) R 3550749 3550749 3550706 0 -1 0 22069 0 0 0 118209 3 0 0 20 0 1 0 922878097 112787456 23591 17179869184 93824992301056 93824992468925 140737488338416 0 0 0 134217728 4 25184771 0 0 0 17 12 0 0 0 0 0 93824992533936 93824992571272 93824992575488 140737488340183 140737488340354 140737488340354 140737488351170 0
/proc/3550753/statm: 27536 23591 2088 41 0 23615 0
Current children cumulated CPU time: 1182.18 s
Current children cumulated vsize: 137052 KiB
Current children cumulated memory: 107976 KiB



Maximum wall clock time exceeded: sending SIGTERM then SIGKILL

[startup+1205 s]*
/proc/loadavg: 14.20 14.41 13.32 16/839 3552259
/proc/meminfo: memFree=386058740/528004520 swapFree=8388604/8388604
[pid=3550749] ppid=3550748 vsize=26908 memory=13612 CPUtime=0.06 cores=12-13
/proc/3550749/stat : 3550749 (perf) S 3550748 3550749 3550706 0 -1 0 1738 237 0 0 5 1 0 0 20 0 1 0 922878090 27553792 3403 17179869184 93824994299904 93824996572973 140737488338256 0 0 0 134217728 4 74274 1 0 0 17 12 0 0 0 0 0 93824998874888 93825001005840 93825001308160 140737488340073 140737488340470 140737488340470 140737488351179 0
/proc/3550749/statm: 6727 3403 2098 555 0 1769 0
[pid=3550753] ppid=3550749 vsize=110720 memory=94892 CPUtime=1204.84 cores=12-13
/proc/3550753/stat : 3550753 (clingo) R 3550749 3550749 3550706 0 -1 0 22195 0 0 0 120481 3 0 0 20 0 1 0 922878097 113377280 23723 17179869184 93824992301056 93824992468925 140737488338416 0 0 0 134217728 4 25184771 0 0 0 17 12 0 0 0 0 0 93824992533936 93824992571272 93824992575488 140737488340183 140737488340354 140737488340354 140737488351170 0
/proc/3550753/statm: 27680 23723 2088 41 0 23759 0
Current children cumulated CPU time: 1204.9 s
Current children cumulated vsize: 137628 KiB
Current children cumulated memory: 108504 KiB

Sending SIGINT to process tree (bottom up)
Sleeping 5 seconds

[startup+1205.02 s]
# the end of solver process 3550749 was just reported to runsolver
# cumulated CPU time of all completed processes:  user=1204.88 s, system=0.057507 s

Solver just ended.
??? end of watcher thread
Dumping a history of the last processes samples

Child status: 1
Real time (s): 1205.02
CPU time (s): 1204.94
CPU user time (s): 1204.88
CPU system time (s): 0.057507
CPU usage (%): 99.9927
Max. virtual memory (cumulated for all children) (KiB): 137628
Max. memory (cumulated for all children) (KiB): 108504

getrusage(RUSAGE_CHILDREN,...) data:
user time used= 1204.88
system time used= 0.057507
maximum resident set size= 95024
integral shared memory size= 0
integral unshared data size= 0
integral unshared stack size= 0
page reclaims= 24210
page faults= 0
swaps= 0
block input operations= 0
block output operations= 0
messages sent= 0
messages received= 0
signals received= 0
voluntary context switches= 17
involuntary context switches= 987


# summary of solver processes directly reported to runsolver:
#   pid: 3550749
#   total CPU time (s): 1204.94
#   total CPU user time (s): 1204.88
#   total CPU system time (s): 0.057507

??? end of timestamper thread
runsolver used 8.52332 second user time and 14.8741 second system time

The end
