runsolver version 3.4.0 (svn: 3018) Copyright (C) 2010-2013 Olivier ROUSSEL

This program is distributed in the hope that it will be useful,
but WITHOUT ANY WARRANTY; without even the implied warranty of
MERCHANTABILITY or FITNESS FOR A PARTICULAR PURPOSE.  See the
GNU General Public License for more details.

NUMA information:
  number of nodes: 2
  memory of node 0: 257587 MiB (122777 MiB free)
  memory of node 1: 258041 MiB (152080 MiB free)
  node distances:
     10  20
     20  10

command line: /dev/shm/374053e2-2e81-11f1-ac62-000c298f4621/input/runsolver -w /dev/shm/374053e2-2e81-11f1-ac62-000c298f4621/output/runsolver.log -v /dev/shm/374053e2-2e81-11f1-ac62-000c298f4621/output/varfile.log -W 1205 --rss-swap-limit 16384 -d 5 --sigint /usr/bin/perf stat -B -e task-clock,cache-references,cache-misses,cycles,instructions,branches,faults,migrations,context-switches -o /dev/shm/374053e2-2e81-11f1-ac62-000c298f4621/output/perf.log clingo /home/guests/mmacri/AMOSUM/benchmarks/GraphColouring/encoding-plain-amo.asp /dev/shm/374053e2-2e81-11f1-ac62-000c298f4621/input/0012-graph_colouring-130-0_1248.asp 

running on 2 cores: 10-11

Enforcing wall clock limit (soft limit, will send SIGTERM then SIGKILL): 1205 seconds
Enforcing RSS+Swap limit (soft limit, will send SIGTERM then SIGKILL): 16777216 KiB
Linux 5.15.0-131-generic
Current StackSize limit: 8192 KiB

solver pid=2927110, runsolver pid=2927087

[startup+0.100067 s]*
/proc/loadavg: 14.00 14.20 13.25 19/773 2927165
/proc/meminfo: memFree=281436504/528004512 swapFree=8388604/8388604
[pid=2927110] ppid=2927087 vsize=26908 memory=13612 CPUtime=0.07 cores=10-11
/proc/2927110/stat : 2927110 (perf) S 2927087 2927110 2926682 0 -1 0 1738 237 0 0 4 3 0 0 20 0 1 0 912536195 27553792 3403 17179869184 93824994299904 93824996572973 140737488338256 0 0 0 134217728 4 74274 1 0 0 17 10 0 0 0 0 0 93824998874888 93825001005840 93825001308160 140737488340073 140737488340470 140737488340470 140737488351179 0
/proc/2927110/statm: 6727 3403 2098 555 0 1769 0
[pid=2927162] ppid=2927110 vsize=18916 memory=10636 CPUtime=0.01 cores=10-11
/proc/2927162/stat : 2927162 (clingo) R 2927110 2927110 2926682 0 -1 0 877 0 0 0 1 0 0 0 20 0 1 0 912536204 19369984 2659 17179869184 93824992301056 93824992468925 140737488338416 0 0 0 134217728 4 25184771 0 0 0 17 11 0 0 0 0 0 93824992533936 93824992571272 93824992575488 140737488340183 140737488340354 140737488340354 140737488351170 0
/proc/2927162/statm: 4729 2659 2043 41 0 808 0
Current children cumulated CPU time: 0.08 s
Current children cumulated vsize: 45824 KiB
Current children cumulated memory: 24248 KiB

[startup+0.229566 s]*
/proc/loadavg: 14.00 14.20 13.25 20/795 2927261
/proc/meminfo: memFree=284294748/528004512 swapFree=8388604/8388604
[pid=2927110] ppid=2927087 vsize=26908 memory=13612 CPUtime=0.07 cores=10-11
/proc/2927110/stat : 2927110 (perf) S 2927087 2927110 2926682 0 -1 0 1738 237 0 0 4 3 0 0 20 0 1 0 912536195 27553792 3403 17179869184 93824994299904 93824996572973 140737488338256 0 0 0 134217728 4 74274 1 0 0 17 10 0 0 0 0 0 93824998874888 93825001005840 93825001308160 140737488340073 140737488340470 140737488340470 140737488351179 0
/proc/2927110/statm: 6727 3403 2098 555 0 1769 0
[pid=2927162] ppid=2927110 vsize=25756 memory=17664 CPUtime=0.12 cores=10-11
/proc/2927162/stat : 2927162 (clingo) R 2927110 2927110 2926682 0 -1 0 2661 0 0 0 12 0 0 0 20 0 1 0 912536204 26374144 4416 17179869184 93824992301056 93824992468925 140737488338416 0 0 0 134217728 4 25184771 0 0 0 17 10 0 0 0 0 0 93824992533936 93824992571272 93824992575488 140737488340183 140737488340354 140737488340354 140737488351170 0
/proc/2927162/statm: 6439 4416 2089 41 0 2518 0
Current children cumulated CPU time: 0.19 s
Current children cumulated vsize: 52664 KiB
Current children cumulated memory: 31276 KiB

[startup+0.318743 s]*
/proc/loadavg: 14.00 14.20 13.25 18/778 2927323
/proc/meminfo: memFree=284277680/528004512 swapFree=8388604/8388604
[pid=2927110] ppid=2927087 vsize=26908 memory=13612 CPUtime=0.07 cores=10-11
/proc/2927110/stat : 2927110 (perf) S 2927087 2927110 2926682 0 -1 0 1738 237 0 0 4 3 0 0 20 0 1 0 912536195 27553792 3403 17179869184 93824994299904 93824996572973 140737488338256 0 0 0 134217728 4 74274 1 0 0 17 10 0 0 0 0 0 93824998874888 93825001005840 93825001308160 140737488340073 140737488340470 140737488340470 140737488351179 0
/proc/2927110/statm: 6727 3403 2098 555 0 1769 0
[pid=2927162] ppid=2927110 vsize=28136 memory=20040 CPUtime=0.21 cores=10-11
/proc/2927162/stat : 2927162 (clingo) R 2927110 2927110 2926682 0 -1 0 3256 0 0 0 21 0 0 0 20 0 1 0 912536204 28811264 5010 17179869184 93824992301056 93824992468925 140737488338416 0 0 0 134217728 4 25184771 0 0 0 17 10 0 0 0 0 0 93824992533936 93824992571272 93824992575488 140737488340183 140737488340354 140737488340354 140737488351170 0
/proc/2927162/statm: 7034 5010 2089 41 0 3113 0
Current children cumulated CPU time: 0.28 s
Current children cumulated vsize: 55044 KiB
Current children cumulated memory: 33652 KiB

[startup+0.700317 s]
/proc/loadavg: 14.00 14.19 13.25 21/802 2927490
/proc/meminfo: memFree=284269920/528004512 swapFree=8388604/8388604
[pid=2927110] ppid=2927087 vsize=26908 memory=13612 CPUtime=0.07 cores=10-11
/proc/2927110/stat : 2927110 (perf) S 2927087 2927110 2926682 0 -1 0 1738 237 0 0 4 3 0 0 20 0 1 0 912536195 27553792 3403 17179869184 93824994299904 93824996572973 140737488338256 0 0 0 134217728 4 74274 1 0 0 17 10 0 0 0 0 0 93824998874888 93825001005840 93825001308160 140737488340073 140737488340470 140737488340470 140737488351179 0
/proc/2927110/statm: 6727 3403 2098 555 0 1769 0
[pid=2927162] ppid=2927110 vsize=31304 memory=23208 CPUtime=0.57 cores=10-11
/proc/2927162/stat : 2927162 (clingo) R 2927110 2927110 2926682 0 -1 0 4046 0 0 0 57 0 0 0 20 0 1 0 912536204 32055296 5802 17179869184 93824992301056 93824992468925 140737488338416 0 0 0 134217728 4 25184771 0 0 0 17 10 0 0 0 0 0 93824992533936 93824992571272 93824992575488 140737488340183 140737488340354 140737488340354 140737488351170 0
/proc/2927162/statm: 7826 5802 2089 41 0 3905 0
Current children cumulated CPU time: 0.64 s
Current children cumulated vsize: 58212 KiB
Current children cumulated memory: 36820 KiB

[startup+0.866913 s]
# the end of solver process 2927110 was just reported to runsolver
# cumulated CPU time of all completed processes:  user=0.795499 s, system=0.048864 s

Solver just ended.
??? end of watcher thread
Dumping a history of the last processes samples

[startup+0.800248 s]
/proc/loadavg: 14.00 14.19 13.25 21/802 2927490
/proc/meminfo: memFree=284269920/528004512 swapFree=8388604/8388604
[pid=2927110] ppid=2927087 vsize=26908 memory=13612 CPUtime=0.07 cores=10-11
/proc/2927110/stat : 2927110 (perf) S 2927087 2927110 2926682 0 -1 0 1738 237 0 0 4 3 0 0 20 0 1 0 912536195 27553792 3403 17179869184 93824994299904 93824996572973 140737488338256 0 0 0 134217728 4 74274 1 0 0 17 10 0 0 0 0 0 93824998874888 93825001005840 93825001308160 140737488340073 140737488340470 140737488340470 140737488351179 0
/proc/2927110/statm: 6727 3403 2098 555 0 1769 0
[pid=2927162] ppid=2927110 vsize=32360 memory=24264 CPUtime=0.67 cores=10-11
/proc/2927162/stat : 2927162 (clingo) R 2927110 2927110 2926682 0 -1 0 4305 0 0 0 67 0 0 0 20 0 1 0 912536204 33136640 6066 17179869184 93824992301056 93824992468925 140737488338416 0 0 0 134217728 4 25184771 0 0 0 17 10 0 0 0 0 0 93824992533936 93824992571272 93824992575488 140737488340183 140737488340354 140737488340354 140737488351170 0
/proc/2927162/statm: 8090 6066 2089 41 0 4169 0
Current children cumulated CPU time: 0.74 s
Current children cumulated vsize: 59268 KiB
Current children cumulated memory: 37876 KiB

Child status: 10
Real time (s): 0.866931
CPU time (s): 0.844363
CPU user time (s): 0.795499
CPU system time (s): 0.048864
CPU usage (%): 97.3968
Max. virtual memory (cumulated for all children) (KiB): 59268
Max. memory (cumulated for all children) (KiB): 37876

getrusage(RUSAGE_CHILDREN,...) data:
user time used= 0.795499
system time used= 0.048864
maximum resident set size= 24264
integral shared memory size= 0
integral unshared data size= 0
integral unshared stack size= 0
page reclaims= 6324
page faults= 0
swaps= 0
block input operations= 0
block output operations= 0
messages sent= 0
messages received= 0
signals received= 0
voluntary context switches= 167
involuntary context switches= 9


# summary of solver processes directly reported to runsolver:
#   pid: 2927110
#   total CPU time (s): 0.844363
#   total CPU user time (s): 0.795499
#   total CPU system time (s): 0.048864

??? end of timestamper thread
runsolver used 0.044236 second user time and 0.08647 second system time

The end
