# WCTIME: wall clock time in seconds
WCTIME=0.866931
# CPUTIME: CPU time in seconds (USERTIME+SYSTEMTIME)
CPUTIME=0.844363
# USERTIME: CPU time spent in user mode in seconds
USERTIME=0.795499
# SYSTEMTIME: CPU time spent in system mode in seconds
SYSTEMTIME=0.048864
# CPUUSAGE: CPUTIME/WCTIME in percent
CPUUSAGE=97.3968
# MAXVM: maximum virtual memory used in KiB
MAXVM=59268
# TIMEOUT: did the solver exceed the time limit?
TIMEOUT=false
# MEMOUT: did the solver exceed the memory limit?
MEMOUT=false
# RETCODE: return code of the program.
RETCODE=10
# SIGNAL: signal the solver recieved.
SIGNAL=0
