# WCTIME: wall clock time in seconds
WCTIME=0.373116
# CPUTIME: CPU time in seconds (USERTIME+SYSTEMTIME)
CPUTIME=0.345686
# USERTIME: CPU time spent in user mode in seconds
USERTIME=0.328254
# SYSTEMTIME: CPU time spent in system mode in seconds
SYSTEMTIME=0.017432
# CPUUSAGE: CPUTIME/WCTIME in percent
CPUUSAGE=92.6484
# MAXVM: maximum virtual memory used in KiB
MAXVM=54492
# TIMEOUT: did the solver exceed the time limit?
TIMEOUT=false
# MEMOUT: did the solver exceed the memory limit?
MEMOUT=false
# RETCODE: return code of the program.
RETCODE=10
# SIGNAL: signal the solver recieved.
SIGNAL=0
