runsolver version 3.4.0 (svn: 3018) Copyright (C) 2010-2013 Olivier ROUSSEL

This program is distributed in the hope that it will be useful,
but WITHOUT ANY WARRANTY; without even the implied warranty of
MERCHANTABILITY or FITNESS FOR A PARTICULAR PURPOSE.  See the
GNU General Public License for more details.

NUMA information:
  number of nodes: 2
  memory of node 0: 257587 MiB (124125 MiB free)
  memory of node 1: 258041 MiB (153017 MiB free)
  node distances:
     10  20
     20  10

command line: /dev/shm/3782d3f2-2e81-11f1-ac62-000c298f4621/input/runsolver -w /dev/shm/3782d3f2-2e81-11f1-ac62-000c298f4621/output/runsolver.log -v /dev/shm/3782d3f2-2e81-11f1-ac62-000c298f4621/output/varfile.log -W 1205 --rss-swap-limit 16384 -d 5 --sigint /usr/bin/perf stat -B -e task-clock,cache-references,cache-misses,cycles,instructions,branches,faults,migrations,context-switches -o /dev/shm/3782d3f2-2e81-11f1-ac62-000c298f4621/output/perf.log clingo /home/guests/mmacri/AMOSUM/benchmarks/GraphColouring/encoding-plain-amo.asp /dev/shm/3782d3f2-2e81-11f1-ac62-000c298f4621/input/0047-graph_colouring-145-0_4176.asp 

running on 2 cores: 6-7

Enforcing wall clock limit (soft limit, will send SIGTERM then SIGKILL): 1205 seconds
Enforcing RSS+Swap limit (soft limit, will send SIGTERM then SIGKILL): 16777216 KiB
Linux 5.15.0-131-generic
Current StackSize limit: 8192 KiB

solver pid=2928747, runsolver pid=2928736

[startup+0.100068 s]*
/proc/loadavg: 14.01 14.22 14.00 12/774 2928830
/proc/meminfo: memFree=284020616/528004512 swapFree=8388604/8388604
[pid=2928747] ppid=2928736 vsize=26908 memory=13612 CPUtime=0.07 cores=6-7
/proc/2928747/stat : 2928747 (perf) S 2928736 2928747 2928448 0 -1 0 1738 238 0 0 7 0 0 0 20 0 1 0 912656771 27553792 3403 17179869184 93824994299904 93824996572973 140737488338256 0 0 0 134217728 4 74274 1 0 0 17 6 0 0 0 0 0 93824998874888 93825001005840 93825001308160 140737488340073 140737488340470 140737488340470 140737488351179 0
/proc/2928747/statm: 6727 3403 2098 555 0 1769 0
[pid=2928825] ppid=2928747 vsize=18620 memory=10408 CPUtime=0.01 cores=6-7
/proc/2928825/stat : 2928825 (clingo) R 2928747 2928747 2928448 0 -1 0 822 0 0 0 1 0 0 0 20 0 1 0 912656780 19066880 2602 17179869184 93824992301056 93824992468925 140737488338416 0 0 0 134217728 4 25184771 0 0 0 17 7 0 0 0 0 0 93824992533936 93824992571272 93824992575488 140737488340183 140737488340354 140737488340354 140737488351170 0
/proc/2928825/statm: 4655 2602 2043 41 0 734 0
Current children cumulated CPU time: 0.08 s
Current children cumulated vsize: 45528 KiB
Current children cumulated memory: 24020 KiB

[startup+0.221782 s]*
/proc/loadavg: 14.01 14.22 14.00 15/772 2928933
/proc/meminfo: memFree=283973684/528004512 swapFree=8388604/8388604
[pid=2928747] ppid=2928736 vsize=26908 memory=13612 CPUtime=0.07 cores=6-7
/proc/2928747/stat : 2928747 (perf) S 2928736 2928747 2928448 0 -1 0 1738 238 0 0 7 0 0 0 20 0 1 0 912656771 27553792 3403 17179869184 93824994299904 93824996572973 140737488338256 0 0 0 134217728 4 74274 1 0 0 17 6 0 0 0 0 0 93824998874888 93825001005840 93825001308160 140737488340073 140737488340470 140737488340470 140737488351179 0
/proc/2928747/statm: 6727 3403 2098 555 0 1769 0
[pid=2928825] ppid=2928747 vsize=25552 memory=17484 CPUtime=0.13 cores=6-7
/proc/2928825/stat : 2928825 (clingo) R 2928747 2928747 2928448 0 -1 0 2599 0 0 0 12 1 0 0 20 0 1 0 912656780 26165248 4371 17179869184 93824992301056 93824992468925 140737488338416 0 0 0 134217728 4 25184771 0 0 0 17 7 0 0 0 0 0 93824992533936 93824992571272 93824992575488 140737488340183 140737488340354 140737488340354 140737488351170 0
/proc/2928825/statm: 6388 4371 2089 41 0 2467 0
Current children cumulated CPU time: 0.2 s
Current children cumulated vsize: 52460 KiB
Current children cumulated memory: 31096 KiB

[startup+0.333885 s]*
/proc/loadavg: 14.01 14.22 14.00 11/774 2928999
/proc/meminfo: memFree=284112572/528004512 swapFree=8388604/8388604
[pid=2928747] ppid=2928736 vsize=26908 memory=13612 CPUtime=0.07 cores=6-7
/proc/2928747/stat : 2928747 (perf) S 2928736 2928747 2928448 0 -1 0 1738 238 0 0 7 0 0 0 20 0 1 0 912656771 27553792 3403 17179869184 93824994299904 93824996572973 140737488338256 0 0 0 134217728 4 74274 1 0 0 17 6 0 0 0 0 0 93824998874888 93825001005840 93825001308160 140737488340073 140737488340470 140737488340470 140737488351179 0
/proc/2928747/statm: 6727 3403 2098 555 0 1769 0
[pid=2928825] ppid=2928747 vsize=27552 memory=19596 CPUtime=0.21 cores=6-7
/proc/2928825/stat : 2928825 (clingo) R 2928747 2928747 2928448 0 -1 0 3111 0 0 0 20 1 0 0 20 0 1 0 912656780 28213248 4899 17179869184 93824992301056 93824992468925 140737488338416 0 0 0 134217728 4 25184771 0 0 0 17 6 0 0 0 0 0 93824992533936 93824992571272 93824992575488 140737488340183 140737488340354 140737488340354 140737488351170 0
/proc/2928825/statm: 6888 4899 2089 41 0 2967 0
Current children cumulated CPU time: 0.28 s
Current children cumulated vsize: 54460 KiB
Current children cumulated memory: 33208 KiB

[startup+0.700335 s]
/proc/loadavg: 14.01 14.22 14.00 14/781 2929145
/proc/meminfo: memFree=284103616/528004512 swapFree=8388604/8388604
[pid=2928747] ppid=2928736 vsize=26908 memory=13612 CPUtime=0.07 cores=6-7
/proc/2928747/stat : 2928747 (perf) S 2928736 2928747 2928448 0 -1 0 1738 238 0 0 7 0 0 0 20 0 1 0 912656771 27553792 3403 17179869184 93824994299904 93824996572973 140737488338256 0 0 0 134217728 4 74274 1 0 0 17 6 0 0 0 0 0 93824998874888 93825001005840 93825001308160 140737488340073 140737488340470 140737488340470 140737488351179 0
/proc/2928747/statm: 6727 3403 2098 555 0 1769 0
[pid=2928825] ppid=2928747 vsize=30064 memory=21972 CPUtime=0.56 cores=6-7
/proc/2928825/stat : 2928825 (clingo) R 2928747 2928747 2928448 0 -1 0 3748 0 0 0 55 1 0 0 20 0 1 0 912656780 30785536 5493 17179869184 93824992301056 93824992468925 140737488338416 0 0 0 134217728 4 25184771 0 0 0 17 6 0 0 0 0 0 93824992533936 93824992571272 93824992575488 140737488340183 140737488340354 140737488340354 140737488351170 0
/proc/2928825/statm: 7516 5493 2089 41 0 3595 0
Current children cumulated CPU time: 0.63 s
Current children cumulated vsize: 56972 KiB
Current children cumulated memory: 35584 KiB

[startup+1.50031 s]
/proc/loadavg: 14.09 14.23 14.01 20/822 2929312
/proc/meminfo: memFree=284163160/528004512 swapFree=8388604/8388604
[pid=2928747] ppid=2928736 vsize=26908 memory=13612 CPUtime=0.07 cores=6-7
/proc/2928747/stat : 2928747 (perf) S 2928736 2928747 2928448 0 -1 0 1738 238 0 0 7 0 0 0 20 0 1 0 912656771 27553792 3403 17179869184 93824994299904 93824996572973 140737488338256 0 0 0 134217728 4 74274 1 0 0 17 6 0 0 0 0 0 93824998874888 93825001005840 93825001308160 140737488340073 140737488340470 140737488340470 140737488351179 0
/proc/2928747/statm: 6727 3403 2098 555 0 1769 0
[pid=2928825] ppid=2928747 vsize=33468 memory=25588 CPUtime=1.37 cores=6-7
/proc/2928825/stat : 2928825 (clingo) R 2928747 2928747 2928448 0 -1 0 4697 0 0 0 135 2 0 0 20 0 1 0 912656780 34271232 6397 17179869184 93824992301056 93824992468925 140737488338416 0 0 0 134217728 4 25184771 0 0 0 17 6 0 0 0 0 0 93824992533936 93824992571272 93824992575488 140737488340183 140737488340354 140737488340354 140737488351170 0
/proc/2928825/statm: 8367 6397 2089 41 0 4446 0
Current children cumulated CPU time: 1.44 s
Current children cumulated vsize: 60376 KiB
Current children cumulated memory: 39200 KiB

[startup+3.11919 s]
/proc/loadavg: 14.09 14.23 14.01 16/839 2929747
/proc/meminfo: memFree=284191780/528004512 swapFree=8388604/8388604
[pid=2928747] ppid=2928736 vsize=26908 memory=13612 CPUtime=0.07 cores=6-7
/proc/2928747/stat : 2928747 (perf) S 2928736 2928747 2928448 0 -1 0 1738 238 0 0 7 0 0 0 20 0 1 0 912656771 27553792 3403 17179869184 93824994299904 93824996572973 140737488338256 0 0 0 134217728 4 74274 1 0 0 17 6 0 0 0 0 0 93824998874888 93825001005840 93825001308160 140737488340073 140737488340470 140737488340470 140737488351179 0
/proc/2928747/statm: 6727 3403 2098 555 0 1769 0
[pid=2928825] ppid=2928747 vsize=35084 memory=26904 CPUtime=2.98 cores=6-7
/proc/2928825/stat : 2928825 (clingo) R 2928747 2928747 2928448 0 -1 0 5085 0 0 0 296 2 0 0 20 0 1 0 912656780 35926016 6726 17179869184 93824992301056 93824992468925 140737488338416 0 0 0 134217728 4 25184771 0 0 0 17 6 0 0 0 0 0 93824992533936 93824992571272 93824992575488 140737488340183 140737488340354 140737488340354 140737488351170 0
/proc/2928825/statm: 8771 6726 2089 41 0 4850 0
Current children cumulated CPU time: 3.05 s
Current children cumulated vsize: 61992 KiB
Current children cumulated memory: 40516 KiB

[startup+6.30029 s]
/proc/loadavg: 14.08 14.22 14.00 16/842 2929855
/proc/meminfo: memFree=283850356/528004512 swapFree=8388604/8388604
[pid=2928747] ppid=2928736 vsize=26908 memory=13612 CPUtime=0.07 cores=6-7
/proc/2928747/stat : 2928747 (perf) S 2928736 2928747 2928448 0 -1 0 1738 238 0 0 7 0 0 0 20 0 1 0 912656771 27553792 3403 17179869184 93824994299904 93824996572973 140737488338256 0 0 0 134217728 4 74274 1 0 0 17 6 0 0 0 0 0 93824998874888 93825001005840 93825001308160 140737488340073 140737488340470 140737488340470 140737488351179 0
/proc/2928747/statm: 6727 3403 2098 555 0 1769 0
[pid=2928825] ppid=2928747 vsize=39744 memory=31656 CPUtime=6.16 cores=6-7
/proc/2928825/stat : 2928825 (clingo) R 2928747 2928747 2928448 0 -1 0 6234 0 0 0 614 2 0 0 20 0 1 0 912656780 40697856 7914 17179869184 93824992301056 93824992468925 140737488338416 0 0 0 134217728 4 25184771 0 0 0 17 6 0 0 0 0 0 93824992533936 93824992571272 93824992575488 140737488340183 140737488340354 140737488340354 140737488351170 0
/proc/2928825/statm: 9936 7914 2089 41 0 6015 0
Current children cumulated CPU time: 6.23 s
Current children cumulated vsize: 66652 KiB
Current children cumulated memory: 45268 KiB

[startup+12.7003 s]
/proc/loadavg: 14.08 14.22 14.00 16/845 2929859
/proc/meminfo: memFree=283717664/528004512 swapFree=8388604/8388604
[pid=2928747] ppid=2928736 vsize=26908 memory=13612 CPUtime=0.07 cores=6-7
/proc/2928747/stat : 2928747 (perf) S 2928736 2928747 2928448 0 -1 0 1738 238 0 0 7 0 0 0 20 0 1 0 912656771 27553792 3403 17179869184 93824994299904 93824996572973 140737488338256 0 0 0 134217728 4 74274 1 0 0 17 6 0 0 0 0 0 93824998874888 93825001005840 93825001308160 140737488340073 140737488340470 140737488340470 140737488351179 0
/proc/2928747/statm: 6727 3403 2098 555 0 1769 0
[pid=2928825] ppid=2928747 vsize=45760 memory=37748 CPUtime=12.56 cores=6-7
/proc/2928825/stat : 2928825 (clingo) R 2928747 2928747 2928448 0 -1 0 7989 0 0 0 1254 2 0 0 20 0 1 0 912656780 46858240 9437 17179869184 93824992301056 93824992468925 140737488338416 0 0 0 134217728 4 25184771 0 0 0 17 6 0 0 0 0 0 93824992533936 93824992571272 93824992575488 140737488340183 140737488340354 140737488340354 140737488351170 0
/proc/2928825/statm: 11440 9437 2089 41 0 7519 0
Current children cumulated CPU time: 12.63 s
Current children cumulated vsize: 72668 KiB
Current children cumulated memory: 51360 KiB

[startup+25.5004 s]
/proc/loadavg: 14.06 14.21 14.00 16/846 2929861
/proc/meminfo: memFree=283652240/528004512 swapFree=8388604/8388604
[pid=2928747] ppid=2928736 vsize=26908 memory=13612 CPUtime=0.07 cores=6-7
/proc/2928747/stat : 2928747 (perf) S 2928736 2928747 2928448 0 -1 0 1738 238 0 0 7 0 0 0 20 0 1 0 912656771 27553792 3403 17179869184 93824994299904 93824996572973 140737488338256 0 0 0 134217728 4 74274 1 0 0 17 6 0 0 0 0 0 93824998874888 93825001005840 93825001308160 140737488340073 140737488340470 140737488340470 140737488351179 0
/proc/2928747/statm: 6727 3403 2098 555 0 1769 0
[pid=2928825] ppid=2928747 vsize=53064 memory=44876 CPUtime=25.36 cores=6-7
/proc/2928825/stat : 2928825 (clingo) R 2928747 2928747 2928448 0 -1 0 10046 0 0 0 2533 3 0 0 20 0 1 0 912656780 54337536 11219 17179869184 93824992301056 93824992468925 140737488338416 0 0 0 134217728 4 25184771 0 0 0 17 6 0 0 0 0 0 93824992533936 93824992571272 93824992575488 140737488340183 140737488340354 140737488340354 140737488351170 0
/proc/2928825/statm: 13266 11219 2089 41 0 9345 0
Current children cumulated CPU time: 25.43 s
Current children cumulated vsize: 79972 KiB
Current children cumulated memory: 58488 KiB

[startup+51.1196 s]
/proc/loadavg: 14.04 14.19 14.00 16/845 2929861
/proc/meminfo: memFree=283493288/528004512 swapFree=8388604/8388604
[pid=2928747] ppid=2928736 vsize=26908 memory=13612 CPUtime=0.07 cores=6-7
/proc/2928747/stat : 2928747 (perf) S 2928736 2928747 2928448 0 -1 0 1738 238 0 0 7 0 0 0 20 0 1 0 912656771 27553792 3403 17179869184 93824994299904 93824996572973 140737488338256 0 0 0 134217728 4 74274 1 0 0 17 6 0 0 0 0 0 93824998874888 93825001005840 93825001308160 140737488340073 140737488340470 140737488340470 140737488351179 0
/proc/2928747/statm: 6727 3403 2098 555 0 1769 0
[pid=2928825] ppid=2928747 vsize=63244 memory=54720 CPUtime=50.98 cores=6-7
/proc/2928825/stat : 2928825 (clingo) R 2928747 2928747 2928448 0 -1 0 13020 0 0 0 5094 4 0 0 20 0 1 0 912656780 64761856 13680 17179869184 93824992301056 93824992468925 140737488338416 0 0 0 134217728 4 25184771 0 0 0 17 6 0 0 0 0 0 93824992533936 93824992571272 93824992575488 140737488340183 140737488340354 140737488340354 140737488351170 0
/proc/2928825/statm: 15811 13680 2089 41 0 11890 0
Current children cumulated CPU time: 51.05 s
Current children cumulated vsize: 90152 KiB
Current children cumulated memory: 68332 KiB

[startup+102.3 s]
/proc/loadavg: 14.02 14.16 14.00 16/844 2929864
/proc/meminfo: memFree=283388464/528004512 swapFree=8388604/8388604
[pid=2928747] ppid=2928736 vsize=26908 memory=13612 CPUtime=0.07 cores=6-7
/proc/2928747/stat : 2928747 (perf) S 2928736 2928747 2928448 0 -1 0 1738 238 0 0 7 0 0 0 20 0 1 0 912656771 27553792 3403 17179869184 93824994299904 93824996572973 140737488338256 0 0 0 134217728 4 74274 1 0 0 17 6 0 0 0 0 0 93824998874888 93825001005840 93825001308160 140737488340073 140737488340470 140737488340470 140737488351179 0
/proc/2928747/statm: 6727 3403 2098 555 0 1769 0
[pid=2928825] ppid=2928747 vsize=73856 memory=65664 CPUtime=102.16 cores=6-7
/proc/2928825/stat : 2928825 (clingo) R 2928747 2928747 2928448 0 -1 0 17812 0 0 0 10210 6 0 0 20 0 1 0 912656780 75628544 16416 17179869184 93824992301056 93824992468925 140737488338416 0 0 0 134217728 4 25184771 0 0 0 17 6 0 0 0 0 0 93824992533936 93824992571272 93824992575488 140737488340183 140737488340354 140737488340354 140737488351170 0
/proc/2928825/statm: 18464 16416 2089 41 0 14543 0
Current children cumulated CPU time: 102.23 s
Current children cumulated vsize: 100764 KiB
Current children cumulated memory: 79276 KiB

[startup+162.3 s]
/proc/loadavg: 14.14 14.16 14.01 16/844 2929867
/proc/meminfo: memFree=283282400/528004512 swapFree=8388604/8388604
[pid=2928747] ppid=2928736 vsize=26908 memory=13612 CPUtime=0.07 cores=6-7
/proc/2928747/stat : 2928747 (perf) S 2928736 2928747 2928448 0 -1 0 1738 238 0 0 7 0 0 0 20 0 1 0 912656771 27553792 3403 17179869184 93824994299904 93824996572973 140737488338256 0 0 0 134217728 4 74274 1 0 0 17 6 0 0 0 0 0 93824998874888 93825001005840 93825001308160 140737488340073 140737488340470 140737488340470 140737488351179 0
/proc/2928747/statm: 6727 3403 2098 555 0 1769 0
[pid=2928825] ppid=2928747 vsize=81976 memory=73712 CPUtime=162.16 cores=6-7
/proc/2928825/stat : 2928825 (clingo) R 2928747 2928747 2928448 0 -1 0 21682 0 0 0 16209 7 0 0 20 0 1 0 912656780 83943424 18428 17179869184 93824992301056 93824992468925 140737488338416 0 0 0 134217728 4 25184771 0 0 0 17 6 0 0 0 0 0 93824992533936 93824992571272 93824992575488 140737488340183 140737488340354 140737488340354 140737488351170 0
/proc/2928825/statm: 20494 18428 2089 41 0 16573 0
Current children cumulated CPU time: 162.23 s
Current children cumulated vsize: 108884 KiB
Current children cumulated memory: 87324 KiB

[startup+222.3 s]
/proc/loadavg: 14.28 14.20 14.03 16/844 2929870
/proc/meminfo: memFree=283126660/528004512 swapFree=8388604/8388604
[pid=2928747] ppid=2928736 vsize=26908 memory=13612 CPUtime=0.07 cores=6-7
/proc/2928747/stat : 2928747 (perf) S 2928736 2928747 2928448 0 -1 0 1738 238 0 0 7 0 0 0 20 0 1 0 912656771 27553792 3403 17179869184 93824994299904 93824996572973 140737488338256 0 0 0 134217728 4 74274 1 0 0 17 6 0 0 0 0 0 93824998874888 93825001005840 93825001308160 140737488340073 140737488340470 140737488340470 140737488351179 0
/proc/2928747/statm: 6727 3403 2098 555 0 1769 0
[pid=2928825] ppid=2928747 vsize=93748 memory=85120 CPUtime=222.16 cores=6-7
/proc/2928825/stat : 2928825 (clingo) R 2928747 2928747 2928448 0 -1 0 25712 0 0 0 22208 8 0 0 20 0 1 0 912656780 95997952 21280 17179869184 93824992301056 93824992468925 140737488338416 0 0 0 134217728 4 25184771 0 0 0 17 6 0 0 0 0 0 93824992533936 93824992571272 93824992575488 140737488340183 140737488340354 140737488340354 140737488351170 0
/proc/2928825/statm: 23437 21280 2089 41 0 19516 0
Current children cumulated CPU time: 222.23 s
Current children cumulated vsize: 120656 KiB
Current children cumulated memory: 98732 KiB

[startup+282.3 s]
/proc/loadavg: 14.29 14.24 14.06 16/844 2929872
/proc/meminfo: memFree=282957200/528004512 swapFree=8388604/8388604
[pid=2928747] ppid=2928736 vsize=26908 memory=13612 CPUtime=0.07 cores=6-7
/proc/2928747/stat : 2928747 (perf) S 2928736 2928747 2928448 0 -1 0 1738 238 0 0 7 0 0 0 20 0 1 0 912656771 27553792 3403 17179869184 93824994299904 93824996572973 140737488338256 0 0 0 134217728 4 74274 1 0 0 17 6 0 0 0 0 0 93824998874888 93825001005840 93825001308160 140737488340073 140737488340470 140737488340470 140737488351179 0
/proc/2928747/statm: 6727 3403 2098 555 0 1769 0
[pid=2928825] ppid=2928747 vsize=98548 memory=90188 CPUtime=282.16 cores=6-7
/proc/2928825/stat : 2928825 (clingo) R 2928747 2928747 2928448 0 -1 0 28657 0 0 0 28208 8 0 0 20 0 1 0 912656780 100913152 22547 17179869184 93824992301056 93824992468925 140737488338416 0 0 0 134217728 4 25184771 0 0 0 17 6 0 0 0 0 0 93824992533936 93824992571272 93824992575488 140737488340183 140737488340354 140737488340354 140737488351170 0
/proc/2928825/statm: 24637 22547 2089 41 0 20716 0
Current children cumulated CPU time: 282.23 s
Current children cumulated vsize: 125456 KiB
Current children cumulated memory: 103800 KiB

[startup+342.3 s]
/proc/loadavg: 14.10 14.19 14.05 16/820 2929879
/proc/meminfo: memFree=282861124/528004512 swapFree=8388604/8388604
[pid=2928747] ppid=2928736 vsize=26908 memory=13612 CPUtime=0.07 cores=6-7
/proc/2928747/stat : 2928747 (perf) S 2928736 2928747 2928448 0 -1 0 1738 238 0 0 7 0 0 0 20 0 1 0 912656771 27553792 3403 17179869184 93824994299904 93824996572973 140737488338256 0 0 0 134217728 4 74274 1 0 0 17 6 0 0 0 0 0 93824998874888 93825001005840 93825001308160 140737488340073 140737488340470 140737488340470 140737488351179 0
/proc/2928747/statm: 6727 3403 2098 555 0 1769 0
[pid=2928825] ppid=2928747 vsize=104000 memory=95280 CPUtime=342.16 cores=6-7
/proc/2928825/stat : 2928825 (clingo) R 2928747 2928747 2928448 0 -1 0 31081 0 0 0 34207 9 0 0 20 0 1 0 912656780 106496000 23820 17179869184 93824992301056 93824992468925 140737488338416 0 0 0 134217728 4 25184771 0 0 0 17 6 0 0 0 0 0 93824992533936 93824992571272 93824992575488 140737488340183 140737488340354 140737488340354 140737488351170 0
/proc/2928825/statm: 26000 23820 2089 41 0 22079 0
Current children cumulated CPU time: 342.23 s
Current children cumulated vsize: 130908 KiB
Current children cumulated memory: 108892 KiB

[startup+402.3 s]
/proc/loadavg: 14.04 14.15 14.04 16/820 2929883
/proc/meminfo: memFree=282807716/528004512 swapFree=8388604/8388604
[pid=2928747] ppid=2928736 vsize=26908 memory=13612 CPUtime=0.07 cores=6-7
/proc/2928747/stat : 2928747 (perf) S 2928736 2928747 2928448 0 -1 0 1738 238 0 0 7 0 0 0 20 0 1 0 912656771 27553792 3403 17179869184 93824994299904 93824996572973 140737488338256 0 0 0 134217728 4 74274 1 0 0 17 6 0 0 0 0 0 93824998874888 93825001005840 93825001308160 140737488340073 140737488340470 140737488340470 140737488351179 0
/proc/2928747/statm: 6727 3403 2098 555 0 1769 0
[pid=2928825] ppid=2928747 vsize=107748 memory=99340 CPUtime=402.16 cores=6-7
/proc/2928825/stat : 2928825 (clingo) R 2928747 2928747 2928448 0 -1 0 32855 0 0 0 40207 9 0 0 20 0 1 0 912656780 110333952 24835 17179869184 93824992301056 93824992468925 140737488338416 0 0 0 134217728 4 25184771 0 0 0 17 6 0 0 0 0 0 93824992533936 93824992571272 93824992575488 140737488340183 140737488340354 140737488340354 140737488351170 0
/proc/2928825/statm: 26937 24835 2089 41 0 23016 0
Current children cumulated CPU time: 402.23 s
Current children cumulated vsize: 134656 KiB
Current children cumulated memory: 112952 KiB

[startup+462.3 s]
/proc/loadavg: 14.50 14.28 14.09 16/820 2929886
/proc/meminfo: memFree=282763364/528004512 swapFree=8388604/8388604
[pid=2928747] ppid=2928736 vsize=26908 memory=13612 CPUtime=0.07 cores=6-7
/proc/2928747/stat : 2928747 (perf) S 2928736 2928747 2928448 0 -1 0 1738 238 0 0 7 0 0 0 20 0 1 0 912656771 27553792 3403 17179869184 93824994299904 93824996572973 140737488338256 0 0 0 134217728 4 74274 1 0 0 17 6 0 0 0 0 0 93824998874888 93825001005840 93825001308160 140737488340073 140737488340470 140737488340470 140737488351179 0
/proc/2928747/statm: 6727 3403 2098 555 0 1769 0
[pid=2928825] ppid=2928747 vsize=115236 memory=106484 CPUtime=462.16 cores=6-7
/proc/2928825/stat : 2928825 (clingo) R 2928747 2928747 2928448 0 -1 0 36236 0 0 0 46206 10 0 0 20 0 1 0 912656780 118001664 26621 17179869184 93824992301056 93824992468925 140737488338416 0 0 0 134217728 4 25184771 0 0 0 17 6 0 0 0 0 0 93824992533936 93824992571272 93824992575488 140737488340183 140737488340354 140737488340354 140737488351170 0
/proc/2928825/statm: 28809 26621 2089 41 0 24888 0
Current children cumulated CPU time: 462.23 s
Current children cumulated vsize: 142144 KiB
Current children cumulated memory: 120096 KiB

[startup+522.3 s]
/proc/loadavg: 14.41 14.27 14.10 16/820 2929889
/proc/meminfo: memFree=282699876/528004512 swapFree=8388604/8388604
[pid=2928747] ppid=2928736 vsize=26908 memory=13612 CPUtime=0.07 cores=6-7
/proc/2928747/stat : 2928747 (perf) S 2928736 2928747 2928448 0 -1 0 1738 238 0 0 7 0 0 0 20 0 1 0 912656771 27553792 3403 17179869184 93824994299904 93824996572973 140737488338256 0 0 0 134217728 4 74274 1 0 0 17 6 0 0 0 0 0 93824998874888 93825001005840 93825001308160 140737488340073 140737488340470 140737488340470 140737488351179 0
/proc/2928747/statm: 6727 3403 2098 555 0 1769 0
[pid=2928825] ppid=2928747 vsize=117804 memory=109144 CPUtime=522.16 cores=6-7
/proc/2928825/stat : 2928825 (clingo) R 2928747 2928747 2928448 0 -1 0 37712 0 0 0 52206 10 0 0 20 0 1 0 912656780 120631296 27286 17179869184 93824992301056 93824992468925 140737488338416 0 0 0 134217728 4 25184771 0 0 0 17 6 0 0 0 0 0 93824992533936 93824992571272 93824992575488 140737488340183 140737488340354 140737488340354 140737488351170 0
/proc/2928825/statm: 29451 27286 2089 41 0 25530 0
Current children cumulated CPU time: 522.23 s
Current children cumulated vsize: 144712 KiB
Current children cumulated memory: 122756 KiB

[startup+582.3 s]
/proc/loadavg: 14.18 14.23 14.10 16/820 2929892
/proc/meminfo: memFree=282649728/528004512 swapFree=8388604/8388604
[pid=2928747] ppid=2928736 vsize=26908 memory=13612 CPUtime=0.07 cores=6-7
/proc/2928747/stat : 2928747 (perf) S 2928736 2928747 2928448 0 -1 0 1738 238 0 0 7 0 0 0 20 0 1 0 912656771 27553792 3403 17179869184 93824994299904 93824996572973 140737488338256 0 0 0 134217728 4 74274 1 0 0 17 6 0 0 0 0 0 93824998874888 93825001005840 93825001308160 140737488340073 140737488340470 140737488340470 140737488351179 0
/proc/2928747/statm: 6727 3403 2098 555 0 1769 0
[pid=2928825] ppid=2928747 vsize=122824 memory=113932 CPUtime=582.16 cores=6-7
/proc/2928825/stat : 2928825 (clingo) R 2928747 2928747 2928448 0 -1 0 39161 0 0 0 58206 10 0 0 20 0 1 0 912656780 125771776 28483 17179869184 93824992301056 93824992468925 140737488338416 0 0 0 134217728 4 25184771 0 0 0 17 6 0 0 0 0 0 93824992533936 93824992571272 93824992575488 140737488340183 140737488340354 140737488340354 140737488351170 0
/proc/2928825/statm: 30706 28483 2089 41 0 26785 0
Current children cumulated CPU time: 582.23 s
Current children cumulated vsize: 149732 KiB
Current children cumulated memory: 127544 KiB

[startup+642.3 s]
/proc/loadavg: 14.22 14.22 14.10 16/819 2929896
/proc/meminfo: memFree=282593328/528004512 swapFree=8388604/8388604
[pid=2928747] ppid=2928736 vsize=26908 memory=13612 CPUtime=0.07 cores=6-7
/proc/2928747/stat : 2928747 (perf) S 2928736 2928747 2928448 0 -1 0 1738 238 0 0 7 0 0 0 20 0 1 0 912656771 27553792 3403 17179869184 93824994299904 93824996572973 140737488338256 0 0 0 134217728 4 74274 1 0 0 17 6 0 0 0 0 0 93824998874888 93825001005840 93825001308160 140737488340073 140737488340470 140737488340470 140737488351179 0
/proc/2928747/statm: 6727 3403 2098 555 0 1769 0
[pid=2928825] ppid=2928747 vsize=124848 memory=115672 CPUtime=642.16 cores=6-7
/proc/2928825/stat : 2928825 (clingo) R 2928747 2928747 2928448 0 -1 0 41143 0 0 0 64206 10 0 0 20 0 1 0 912656780 127844352 28918 17179869184 93824992301056 93824992468925 140737488338416 0 0 0 134217728 4 25184771 0 0 0 17 6 0 0 0 0 0 93824992533936 93824992571272 93824992575488 140737488340183 140737488340354 140737488340354 140737488351170 0
/proc/2928825/statm: 31212 28918 2089 41 0 27291 0
Current children cumulated CPU time: 642.23 s
Current children cumulated vsize: 151756 KiB
Current children cumulated memory: 129284 KiB

[startup+702.3 s]
/proc/loadavg: 14.76 14.39 14.17 16/819 2929898
/proc/meminfo: memFree=282529572/528004512 swapFree=8388604/8388604
[pid=2928747] ppid=2928736 vsize=26908 memory=13612 CPUtime=0.07 cores=6-7
/proc/2928747/stat : 2928747 (perf) S 2928736 2928747 2928448 0 -1 0 1738 238 0 0 7 0 0 0 20 0 1 0 912656771 27553792 3403 17179869184 93824994299904 93824996572973 140737488338256 0 0 0 134217728 4 74274 1 0 0 17 6 0 0 0 0 0 93824998874888 93825001005840 93825001308160 140737488340073 140737488340470 140737488340470 140737488351179 0
/proc/2928747/statm: 6727 3403 2098 555 0 1769 0
[pid=2928825] ppid=2928747 vsize=129252 memory=119528 CPUtime=702.16 cores=6-7
/proc/2928825/stat : 2928825 (clingo) R 2928747 2928747 2928448 0 -1 0 42617 0 0 0 70205 11 0 0 20 0 1 0 912656780 132354048 29882 17179869184 93824992301056 93824992468925 140737488338416 0 0 0 134217728 4 25184771 0 0 0 17 6 0 0 0 0 0 93824992533936 93824992571272 93824992575488 140737488340183 140737488340354 140737488340354 140737488351170 0
/proc/2928825/statm: 32313 29882 2089 41 0 28392 0
Current children cumulated CPU time: 702.23 s
Current children cumulated vsize: 156160 KiB
Current children cumulated memory: 133140 KiB

[startup+762.3 s]
/proc/loadavg: 14.31 14.33 14.16 16/819 2929899
/proc/meminfo: memFree=282472368/528004512 swapFree=8388604/8388604
[pid=2928747] ppid=2928736 vsize=26908 memory=13612 CPUtime=0.07 cores=6-7
/proc/2928747/stat : 2928747 (perf) S 2928736 2928747 2928448 0 -1 0 1738 238 0 0 7 0 0 0 20 0 1 0 912656771 27553792 3403 17179869184 93824994299904 93824996572973 140737488338256 0 0 0 134217728 4 74274 1 0 0 17 6 0 0 0 0 0 93824998874888 93825001005840 93825001308160 140737488340073 140737488340470 140737488340470 140737488351179 0
/proc/2928747/statm: 6727 3403 2098 555 0 1769 0
[pid=2928825] ppid=2928747 vsize=131528 memory=121472 CPUtime=762.16 cores=6-7
/proc/2928825/stat : 2928825 (clingo) R 2928747 2928747 2928448 0 -1 0 43212 0 0 0 76205 11 0 0 20 0 1 0 912656780 134684672 30368 17179869184 93824992301056 93824992468925 140737488338416 0 0 0 134217728 4 25184771 0 0 0 17 6 0 0 0 0 0 93824992533936 93824992571272 93824992575488 140737488340183 140737488340354 140737488340354 140737488351170 0
/proc/2928825/statm: 32882 30368 2089 41 0 28961 0
Current children cumulated CPU time: 762.23 s
Current children cumulated vsize: 158436 KiB
Current children cumulated memory: 135084 KiB

[startup+822.3 s]
/proc/loadavg: 14.11 14.27 14.15 16/819 2929901
/proc/meminfo: memFree=282393744/528004512 swapFree=8388604/8388604
[pid=2928747] ppid=2928736 vsize=26908 memory=13612 CPUtime=0.07 cores=6-7
/proc/2928747/stat : 2928747 (perf) S 2928736 2928747 2928448 0 -1 0 1738 238 0 0 7 0 0 0 20 0 1 0 912656771 27553792 3403 17179869184 93824994299904 93824996572973 140737488338256 0 0 0 134217728 4 74274 1 0 0 17 6 0 0 0 0 0 93824998874888 93825001005840 93825001308160 140737488340073 140737488340470 140737488340470 140737488351179 0
/proc/2928747/statm: 6727 3403 2098 555 0 1769 0
[pid=2928825] ppid=2928747 vsize=135552 memory=125020 CPUtime=822.16 cores=6-7
/proc/2928825/stat : 2928825 (clingo) R 2928747 2928747 2928448 0 -1 0 44453 0 0 0 82204 12 0 0 20 0 1 0 912656780 138805248 31255 17179869184 93824992301056 93824992468925 140737488338416 0 0 0 134217728 4 25184771 0 0 0 17 6 0 0 0 0 0 93824992533936 93824992571272 93824992575488 140737488340183 140737488340354 140737488340354 140737488351170 0
/proc/2928825/statm: 33888 31255 2089 41 0 29967 0
Current children cumulated CPU time: 822.23 s
Current children cumulated vsize: 162460 KiB
Current children cumulated memory: 138632 KiB

[startup+882.3 s]
/proc/loadavg: 14.08 14.23 14.14 16/819 2929945
/proc/meminfo: memFree=282364796/528004512 swapFree=8388604/8388604
[pid=2928747] ppid=2928736 vsize=26908 memory=13612 CPUtime=0.07 cores=6-7
/proc/2928747/stat : 2928747 (perf) S 2928736 2928747 2928448 0 -1 0 1738 238 0 0 7 0 0 0 20 0 1 0 912656771 27553792 3403 17179869184 93824994299904 93824996572973 140737488338256 0 0 0 134217728 4 74274 1 0 0 17 6 0 0 0 0 0 93824998874888 93825001005840 93825001308160 140737488340073 140737488340470 140737488340470 140737488351179 0
/proc/2928747/statm: 6727 3403 2098 555 0 1769 0
[pid=2928825] ppid=2928747 vsize=137128 memory=126804 CPUtime=882.16 cores=6-7
/proc/2928825/stat : 2928825 (clingo) R 2928747 2928747 2928448 0 -1 0 45665 0 0 0 88204 12 0 0 20 0 1 0 912656780 140419072 31701 17179869184 93824992301056 93824992468925 140737488338416 0 0 0 134217728 4 25184771 0 0 0 17 6 0 0 0 0 0 93824992533936 93824992571272 93824992575488 140737488340183 140737488340354 140737488340354 140737488351170 0
/proc/2928825/statm: 34282 31701 2089 41 0 30361 0
Current children cumulated CPU time: 882.23 s
Current children cumulated vsize: 164036 KiB
Current children cumulated memory: 140416 KiB

[startup+942.3 s]
/proc/loadavg: 14.11 14.20 14.14 16/819 2929946
/proc/meminfo: memFree=282311120/528004512 swapFree=8388604/8388604
[pid=2928747] ppid=2928736 vsize=26908 memory=13612 CPUtime=0.07 cores=6-7
/proc/2928747/stat : 2928747 (perf) S 2928736 2928747 2928448 0 -1 0 1738 238 0 0 7 0 0 0 20 0 1 0 912656771 27553792 3403 17179869184 93824994299904 93824996572973 140737488338256 0 0 0 134217728 4 74274 1 0 0 17 6 0 0 0 0 0 93824998874888 93825001005840 93825001308160 140737488340073 140737488340470 140737488340470 140737488351179 0
/proc/2928747/statm: 6727 3403 2098 555 0 1769 0
[pid=2928825] ppid=2928747 vsize=140316 memory=129880 CPUtime=942.16 cores=6-7
/proc/2928825/stat : 2928825 (clingo) R 2928747 2928747 2928448 0 -1 0 47941 0 0 0 94204 12 0 0 20 0 1 0 912656780 143683584 32470 17179869184 93824992301056 93824992468925 140737488338416 0 0 0 134217728 4 25184771 0 0 0 17 6 0 0 0 0 0 93824992533936 93824992571272 93824992575488 140737488340183 140737488340354 140737488340354 140737488351170 0
/proc/2928825/statm: 35079 32470 2089 41 0 31158 0
Current children cumulated CPU time: 942.23 s
Current children cumulated vsize: 167224 KiB
Current children cumulated memory: 143492 KiB

[startup+1002.3 s]
/proc/loadavg: 14.33 14.27 14.17 16/818 2929947
/proc/meminfo: memFree=282179072/528004512 swapFree=8388604/8388604
[pid=2928747] ppid=2928736 vsize=26908 memory=13612 CPUtime=0.07 cores=6-7
/proc/2928747/stat : 2928747 (perf) S 2928736 2928747 2928448 0 -1 0 1738 238 0 0 7 0 0 0 20 0 1 0 912656771 27553792 3403 17179869184 93824994299904 93824996572973 140737488338256 0 0 0 134217728 4 74274 1 0 0 17 6 0 0 0 0 0 93824998874888 93825001005840 93825001308160 140737488340073 140737488340470 140737488340470 140737488351179 0
/proc/2928747/statm: 6727 3403 2098 555 0 1769 0
[pid=2928825] ppid=2928747 vsize=145224 memory=134724 CPUtime=1002.16 cores=6-7
/proc/2928825/stat : 2928825 (clingo) R 2928747 2928747 2928448 0 -1 0 50035 0 0 0 100204 12 0 0 20 0 1 0 912656780 148709376 33681 17179869184 93824992301056 93824992468925 140737488338416 0 0 0 134217728 4 25184771 0 0 0 17 6 0 0 0 0 0 93824992533936 93824992571272 93824992575488 140737488340183 140737488340354 140737488340354 140737488351170 0
/proc/2928825/statm: 36306 33681 2089 41 0 32385 0
Current children cumulated CPU time: 1002.23 s
Current children cumulated vsize: 172132 KiB
Current children cumulated memory: 148336 KiB

[startup+1062.3 s]
/proc/loadavg: 14.12 14.22 14.16 16/819 2929949
/proc/meminfo: memFree=282065404/528004512 swapFree=8388604/8388604
[pid=2928747] ppid=2928736 vsize=26908 memory=13612 CPUtime=0.07 cores=6-7
/proc/2928747/stat : 2928747 (perf) S 2928736 2928747 2928448 0 -1 0 1738 238 0 0 7 0 0 0 20 0 1 0 912656771 27553792 3403 17179869184 93824994299904 93824996572973 140737488338256 0 0 0 134217728 4 74274 1 0 0 17 6 0 0 0 0 0 93824998874888 93825001005840 93825001308160 140737488340073 140737488340470 140737488340470 140737488351179 0
/proc/2928747/statm: 6727 3403 2098 555 0 1769 0
[pid=2928825] ppid=2928747 vsize=146776 memory=136056 CPUtime=1062.16 cores=6-7
/proc/2928825/stat : 2928825 (clingo) R 2928747 2928747 2928448 0 -1 0 50616 0 0 0 106204 12 0 0 20 0 1 0 912656780 150298624 34014 17179869184 93824992301056 93824992468925 140737488338416 0 0 0 134217728 4 25184771 0 0 0 17 6 0 0 0 0 0 93824992533936 93824992571272 93824992575488 140737488340183 140737488340354 140737488340354 140737488351170 0
/proc/2928825/statm: 36694 34014 2089 41 0 32773 0
Current children cumulated CPU time: 1062.23 s
Current children cumulated vsize: 173684 KiB
Current children cumulated memory: 149668 KiB

[startup+1122.3 s]
/proc/loadavg: 14.04 14.18 14.14 16/819 2929951
/proc/meminfo: memFree=282041968/528004512 swapFree=8388604/8388604
[pid=2928747] ppid=2928736 vsize=26908 memory=13612 CPUtime=0.07 cores=6-7
/proc/2928747/stat : 2928747 (perf) S 2928736 2928747 2928448 0 -1 0 1738 238 0 0 7 0 0 0 20 0 1 0 912656771 27553792 3403 17179869184 93824994299904 93824996572973 140737488338256 0 0 0 134217728 4 74274 1 0 0 17 6 0 0 0 0 0 93824998874888 93825001005840 93825001308160 140737488340073 140737488340470 140737488340470 140737488351179 0
/proc/2928747/statm: 6727 3403 2098 555 0 1769 0
[pid=2928825] ppid=2928747 vsize=150140 memory=139208 CPUtime=1122.16 cores=6-7
/proc/2928825/stat : 2928825 (clingo) R 2928747 2928747 2928448 0 -1 0 52976 0 0 0 112204 12 0 0 20 0 1 0 912656780 153743360 34802 17179869184 93824992301056 93824992468925 140737488338416 0 0 0 134217728 4 25184771 0 0 0 17 6 0 0 0 0 0 93824992533936 93824992571272 93824992575488 140737488340183 140737488340354 140737488340354 140737488351170 0
/proc/2928825/statm: 37535 34802 2089 41 0 33614 0
Current children cumulated CPU time: 1122.23 s
Current children cumulated vsize: 177048 KiB
Current children cumulated memory: 152820 KiB

[startup+1182.3 s]
/proc/loadavg: 14.01 14.14 14.13 16/819 2929952
/proc/meminfo: memFree=282023320/528004512 swapFree=8388604/8388604
[pid=2928747] ppid=2928736 vsize=26908 memory=13612 CPUtime=0.07 cores=6-7
/proc/2928747/stat : 2928747 (perf) S 2928736 2928747 2928448 0 -1 0 1738 238 0 0 7 0 0 0 20 0 1 0 912656771 27553792 3403 17179869184 93824994299904 93824996572973 140737488338256 0 0 0 134217728 4 74274 1 0 0 17 6 0 0 0 0 0 93824998874888 93825001005840 93825001308160 140737488340073 140737488340470 140737488340470 140737488351179 0
/proc/2928747/statm: 6727 3403 2098 555 0 1769 0
[pid=2928825] ppid=2928747 vsize=153908 memory=142108 CPUtime=1182.16 cores=6-7
/proc/2928825/stat : 2928825 (clingo) R 2928747 2928747 2928448 0 -1 0 53722 0 0 0 118204 12 0 0 20 0 1 0 912656780 157601792 35527 17179869184 93824992301056 93824992468925 140737488338416 0 0 0 134217728 4 25184771 0 0 0 17 6 0 0 0 0 0 93824992533936 93824992571272 93824992575488 140737488340183 140737488340354 140737488340354 140737488351170 0
/proc/2928825/statm: 38477 35527 2089 41 0 34556 0
Current children cumulated CPU time: 1182.23 s
Current children cumulated vsize: 180816 KiB
Current children cumulated memory: 155720 KiB



Maximum wall clock time exceeded: sending SIGTERM then SIGKILL

[startup+1205 s]*
/proc/loadavg: 14.01 14.13 14.13 16/819 2929952
/proc/meminfo: memFree=282019288/528004512 swapFree=8388604/8388604
[pid=2928747] ppid=2928736 vsize=26908 memory=13612 CPUtime=0.07 cores=6-7
/proc/2928747/stat : 2928747 (perf) S 2928736 2928747 2928448 0 -1 0 1738 238 0 0 7 0 0 0 20 0 1 0 912656771 27553792 3403 17179869184 93824994299904 93824996572973 140737488338256 0 0 0 134217728 4 74274 1 0 0 17 6 0 0 0 0 0 93824998874888 93825001005840 93825001308160 140737488340073 140737488340470 140737488340470 140737488351179 0
/proc/2928747/statm: 6727 3403 2098 555 0 1769 0
[pid=2928825] ppid=2928747 vsize=153908 memory=142108 CPUtime=1204.87 cores=6-7
/proc/2928825/stat : 2928825 (clingo) R 2928747 2928747 2928448 0 -1 0 53728 0 0 0 120475 12 0 0 20 0 1 0 912656780 157601792 35527 17179869184 93824992301056 93824992468925 140737488338416 0 0 0 134217728 4 25184771 0 0 0 17 6 0 0 0 0 0 93824992533936 93824992571272 93824992575488 140737488340183 140737488340354 140737488340354 140737488351170 0
/proc/2928825/statm: 38477 35527 2089 41 0 34556 0
Current children cumulated CPU time: 1204.94 s
Current children cumulated vsize: 180816 KiB
Current children cumulated memory: 155720 KiB

Sending SIGINT to process tree (bottom up)
Sleeping 5 seconds

[startup+1205.03 s]
# the end of solver process 2928747 was just reported to runsolver
# cumulated CPU time of all completed processes:  user=1204.84 s, system=0.141182 s

Solver just ended.
??? end of watcher thread
Dumping a history of the last processes samples

Child status: 1
Real time (s): 1205.03
CPU time (s): 1204.98
CPU user time (s): 1204.84
CPU system time (s): 0.141182
CPU usage (%): 99.996
Max. virtual memory (cumulated for all children) (KiB): 180816
Max. memory (cumulated for all children) (KiB): 155720

getrusage(RUSAGE_CHILDREN,...) data:
user time used= 1204.84
system time used= 0.141182
maximum resident set size= 142228
integral shared memory size= 0
integral unshared data size= 0
integral unshared stack size= 0
page reclaims= 55744
page faults= 0
swaps= 0
block input operations= 0
block output operations= 0
messages sent= 0
messages received= 0
signals received= 0
voluntary context switches= 252
involuntary context switches= 1053


# summary of solver processes directly reported to runsolver:
#   pid: 2928747
#   total CPU time (s): 1204.98
#   total CPU user time (s): 1204.84
#   total CPU system time (s): 0.141182

??? end of timestamper thread
runsolver used 9.27938 second user time and 15.3033 second system time

The end
