runsolver version 3.4.0 (svn: 3018) Copyright (C) 2010-2013 Olivier ROUSSEL

This program is distributed in the hope that it will be useful,
but WITHOUT ANY WARRANTY; without even the implied warranty of
MERCHANTABILITY or FITNESS FOR A PARTICULAR PURPOSE.  See the
GNU General Public License for more details.

NUMA information:
  number of nodes: 2
  memory of node 0: 257635 MiB (182024 MiB free)
  memory of node 1: 257994 MiB (192781 MiB free)
  node distances:
     10  20
     20  10

command line: /dev/shm/37995294-2e81-11f1-ac62-000c298f4621/input/runsolver -w /dev/shm/37995294-2e81-11f1-ac62-000c298f4621/output/runsolver.log -v /dev/shm/37995294-2e81-11f1-ac62-000c298f4621/output/varfile.log -W 1205 --rss-swap-limit 16384 -d 5 --sigint /usr/bin/perf stat -B -e task-clock,cache-references,cache-misses,cycles,instructions,branches,faults,migrations,context-switches -o /dev/shm/37995294-2e81-11f1-ac62-000c298f4621/output/perf.log clingo /home/guests/mmacri/AMOSUM/benchmarks/GraphColouring/encoding-plain-amo.asp /dev/shm/37995294-2e81-11f1-ac62-000c298f4621/input/0059-graph_colouring-150-0_5760.asp 

running on 2 cores: 4-5

Enforcing wall clock limit (soft limit, will send SIGTERM then SIGKILL): 1205 seconds
Enforcing RSS+Swap limit (soft limit, will send SIGTERM then SIGKILL): 16777216 KiB
Linux 5.15.0-131-generic
Current StackSize limit: 8192 KiB

solver pid=371528, runsolver pid=371524

[startup+0.100069 s]*
/proc/loadavg: 14.15 14.20 14.01 18/825 371554
/proc/meminfo: memFree=383867396/528004504 swapFree=8388604/8388604
[pid=371528] ppid=371524 vsize=26908 memory=13616 CPUtime=0.07 cores=4-5
/proc/371528/stat : 371528 (perf) S 371524 371528 371195 0 -1 0 1738 237 0 0 6 1 0 0 20 0 1 0 923097102 27553792 3404 17179869184 93824994299904 93824996572973 140737488338256 0 0 0 134217728 4 74274 1 0 0 17 4 0 0 0 0 0 93824998874888 93825001005840 93825001308160 140737488340074 140737488340471 140737488340471 140737488351179 0
/proc/371528/statm: 6727 3404 2099 555 0 1769 0
[pid=371552] ppid=371528 vsize=19920 memory=11536 CPUtime=0.03 cores=4-5
/proc/371552/stat : 371552 (clingo) R 371528 371528 371195 0 -1 0 1174 0 0 0 3 0 0 0 20 0 1 0 923097110 20398080 2884 17179869184 93824992301056 93824992468925 140737488338416 0 0 0 134217728 4 25184771 0 0 0 17 5 0 0 0 0 0 93824992533936 93824992571272 93824992575488 140737488340184 140737488340355 140737488340355 140737488351170 0
/proc/371552/statm: 4980 2884 2043 41 0 1059 0
Current children cumulated CPU time: 0.1 s
Current children cumulated vsize: 46828 KiB
Current children cumulated memory: 25152 KiB

[startup+0.235004 s]*
/proc/loadavg: 14.15 14.20 14.01 18/827 371556
/proc/meminfo: memFree=383848844/528004504 swapFree=8388604/8388604
[pid=371528] ppid=371524 vsize=26908 memory=13616 CPUtime=0.07 cores=4-5
/proc/371528/stat : 371528 (perf) S 371524 371528 371195 0 -1 0 1738 237 0 0 6 1 0 0 20 0 1 0 923097102 27553792 3404 17179869184 93824994299904 93824996572973 140737488338256 0 0 0 134217728 4 74274 1 0 0 17 4 0 0 0 0 0 93824998874888 93825001005840 93825001308160 140737488340074 140737488340471 140737488340471 140737488351179 0
/proc/371528/statm: 6727 3404 2099 555 0 1769 0
[pid=371552] ppid=371528 vsize=25172 memory=17248 CPUtime=0.14 cores=4-5
/proc/371552/stat : 371552 (clingo) R 371528 371528 371195 0 -1 0 2528 0 0 0 14 0 0 0 20 0 1 0 923097110 25776128 4312 17179869184 93824992301056 93824992468925 140737488338416 0 0 0 134217728 4 25184771 0 0 0 17 5 0 0 0 0 0 93824992533936 93824992571272 93824992575488 140737488340184 140737488340355 140737488340355 140737488351170 0
/proc/371552/statm: 6293 4312 2088 41 0 2372 0
Current children cumulated CPU time: 0.21 s
Current children cumulated vsize: 52080 KiB
Current children cumulated memory: 30864 KiB

[startup+0.335385 s]*
/proc/loadavg: 14.15 14.20 14.01 18/827 371556
/proc/meminfo: memFree=383833976/528004504 swapFree=8388604/8388604
[pid=371528] ppid=371524 vsize=26908 memory=13616 CPUtime=0.07 cores=4-5
/proc/371528/stat : 371528 (perf) S 371524 371528 371195 0 -1 0 1738 237 0 0 6 1 0 0 20 0 1 0 923097102 27553792 3404 17179869184 93824994299904 93824996572973 140737488338256 0 0 0 134217728 4 74274 1 0 0 17 4 0 0 0 0 0 93824998874888 93825001005840 93825001308160 140737488340074 140737488340471 140737488340471 140737488351179 0
/proc/371528/statm: 6727 3404 2099 555 0 1769 0
[pid=371552] ppid=371528 vsize=26492 memory=18568 CPUtime=0.23 cores=4-5
/proc/371552/stat : 371552 (clingo) R 371528 371528 371195 0 -1 0 2855 0 0 0 22 1 0 0 20 0 1 0 923097110 27127808 4642 17179869184 93824992301056 93824992468925 140737488338416 0 0 0 134217728 4 25184771 0 0 0 17 5 0 0 0 0 0 93824992533936 93824992571272 93824992575488 140737488340184 140737488340355 140737488340355 140737488351170 0
/proc/371552/statm: 6623 4642 2088 41 0 2702 0
Current children cumulated CPU time: 0.3 s
Current children cumulated vsize: 53400 KiB
Current children cumulated memory: 32184 KiB

[startup+0.700333 s]
/proc/loadavg: 14.15 14.20 14.01 18/827 371556
/proc/meminfo: memFree=383818856/528004504 swapFree=8388604/8388604
[pid=371528] ppid=371524 vsize=26908 memory=13616 CPUtime=0.07 cores=4-5
/proc/371528/stat : 371528 (perf) S 371524 371528 371195 0 -1 0 1738 237 0 0 6 1 0 0 20 0 1 0 923097102 27553792 3404 17179869184 93824994299904 93824996572973 140737488338256 0 0 0 134217728 4 74274 1 0 0 17 4 0 0 0 0 0 93824998874888 93825001005840 93825001308160 140737488340074 140737488340471 140737488340471 140737488351179 0
/proc/371528/statm: 6727 3404 2099 555 0 1769 0
[pid=371552] ppid=371528 vsize=29004 memory=20944 CPUtime=0.52 cores=4-5
/proc/371552/stat : 371552 (clingo) R 371528 371528 371195 0 -1 0 3460 0 0 0 51 1 0 0 20 0 1 0 923097110 29700096 5236 17179869184 93824992301056 93824992468925 140737488338416 0 0 0 134217728 4 25184771 0 0 0 17 4 0 0 0 0 0 93824992533936 93824992571272 93824992575488 140737488340184 140737488340355 140737488340355 140737488351170 0
/proc/371552/statm: 7251 5236 2088 41 0 3330 0
Current children cumulated CPU time: 0.59 s
Current children cumulated vsize: 55912 KiB
Current children cumulated memory: 34560 KiB

[startup+1.50034 s]
/proc/loadavg: 14.14 14.20 14.01 17/827 371556
/proc/meminfo: memFree=383800460/528004504 swapFree=8388604/8388604
[pid=371528] ppid=371524 vsize=26908 memory=13616 CPUtime=0.07 cores=4-5
/proc/371528/stat : 371528 (perf) S 371524 371528 371195 0 -1 0 1738 237 0 0 6 1 0 0 20 0 1 0 923097102 27553792 3404 17179869184 93824994299904 93824996572973 140737488338256 0 0 0 134217728 4 74274 1 0 0 17 4 0 0 0 0 0 93824998874888 93825001005840 93825001308160 140737488340074 140737488340471 140737488340471 140737488351179 0
/proc/371528/statm: 6727 3404 2099 555 0 1769 0
[pid=371552] ppid=371528 vsize=31644 memory=23584 CPUtime=1.32 cores=4-5
/proc/371552/stat : 371552 (clingo) R 371528 371528 371195 0 -1 0 4133 0 0 0 131 1 0 0 20 0 1 0 923097110 32403456 5896 17179869184 93824992301056 93824992468925 140737488338416 0 0 0 134217728 4 25184771 0 0 0 17 4 0 0 0 0 0 93824992533936 93824992571272 93824992575488 140737488340184 140737488340355 140737488340355 140737488351170 0
/proc/371552/statm: 7911 5896 2088 41 0 3990 0
Current children cumulated CPU time: 1.39 s
Current children cumulated vsize: 58552 KiB
Current children cumulated memory: 37200 KiB

[startup+3.11901 s]
/proc/loadavg: 14.14 14.20 14.01 16/824 371824
/proc/meminfo: memFree=383967132/528004504 swapFree=8388604/8388604
[pid=371528] ppid=371524 vsize=26908 memory=13616 CPUtime=0.07 cores=4-5
/proc/371528/stat : 371528 (perf) S 371524 371528 371195 0 -1 0 1738 237 0 0 6 1 0 0 20 0 1 0 923097102 27553792 3404 17179869184 93824994299904 93824996572973 140737488338256 0 0 0 134217728 4 74274 1 0 0 17 4 0 0 0 0 0 93824998874888 93825001005840 93825001308160 140737488340074 140737488340471 140737488340471 140737488351179 0
/proc/371528/statm: 6727 3404 2099 555 0 1769 0
[pid=371552] ppid=371528 vsize=33116 memory=24904 CPUtime=2.94 cores=4-5
/proc/371552/stat : 371552 (clingo) R 371528 371528 371195 0 -1 0 4491 0 0 0 293 1 0 0 20 0 1 0 923097110 33910784 6226 17179869184 93824992301056 93824992468925 140737488338416 0 0 0 134217728 4 25184771 0 0 0 17 4 0 0 0 0 0 93824992533936 93824992571272 93824992575488 140737488340184 140737488340355 140737488340355 140737488351170 0
/proc/371552/statm: 8279 6226 2088 41 0 4358 0
Current children cumulated CPU time: 3.01 s
Current children cumulated vsize: 60024 KiB
Current children cumulated memory: 38520 KiB

[startup+6.30029 s]
/proc/loadavg: 14.13 14.20 14.01 15/841 372101
/proc/meminfo: memFree=383722052/528004504 swapFree=8388604/8388604
[pid=371528] ppid=371524 vsize=26908 memory=13616 CPUtime=0.07 cores=4-5
/proc/371528/stat : 371528 (perf) S 371524 371528 371195 0 -1 0 1738 237 0 0 6 1 0 0 20 0 1 0 923097102 27553792 3404 17179869184 93824994299904 93824996572973 140737488338256 0 0 0 134217728 4 74274 1 0 0 17 4 0 0 0 0 0 93824998874888 93825001005840 93825001308160 140737488340074 140737488340471 140737488340471 140737488351179 0
/proc/371528/statm: 6727 3404 2099 555 0 1769 0
[pid=371552] ppid=371528 vsize=36704 memory=28600 CPUtime=6.12 cores=4-5
/proc/371552/stat : 371552 (clingo) R 371528 371528 371195 0 -1 0 5394 0 0 0 610 2 0 0 20 0 1 0 923097110 37584896 7150 17179869184 93824992301056 93824992468925 140737488338416 0 0 0 134217728 4 25184771 0 0 0 17 4 0 0 0 0 0 93824992533936 93824992571272 93824992575488 140737488340184 140737488340355 140737488340355 140737488351170 0
/proc/371552/statm: 9176 7150 2088 41 0 5255 0
Current children cumulated CPU time: 6.19 s
Current children cumulated vsize: 63612 KiB
Current children cumulated memory: 42216 KiB

[startup+12.7003 s]
/proc/loadavg: 14.12 14.19 14.01 15/846 372107
/proc/meminfo: memFree=383558084/528004504 swapFree=8388604/8388604
[pid=371528] ppid=371524 vsize=26908 memory=13616 CPUtime=0.07 cores=4-5
/proc/371528/stat : 371528 (perf) S 371524 371528 371195 0 -1 0 1738 237 0 0 6 1 0 0 20 0 1 0 923097102 27553792 3404 17179869184 93824994299904 93824996572973 140737488338256 0 0 0 134217728 4 74274 1 0 0 17 4 0 0 0 0 0 93824998874888 93825001005840 93825001308160 140737488340074 140737488340471 140737488340471 140737488351179 0
/proc/371528/statm: 6727 3404 2099 555 0 1769 0
[pid=371552] ppid=371528 vsize=42036 memory=33616 CPUtime=12.52 cores=4-5
/proc/371552/stat : 371552 (clingo) R 371528 371528 371195 0 -1 0 6667 0 0 0 1249 3 0 0 20 0 1 0 923097110 43044864 8404 17179869184 93824992301056 93824992468925 140737488338416 0 0 0 134217728 4 25184771 0 0 0 17 4 0 0 0 0 0 93824992533936 93824992571272 93824992575488 140737488340184 140737488340355 140737488340355 140737488351170 0
/proc/371552/statm: 10509 8404 2088 41 0 6588 0
Current children cumulated CPU time: 12.59 s
Current children cumulated vsize: 68944 KiB
Current children cumulated memory: 47232 KiB

[startup+25.5004 s]
/proc/loadavg: 14.10 14.19 14.01 15/852 372324
/proc/meminfo: memFree=383481852/528004504 swapFree=8388604/8388604
[pid=371528] ppid=371524 vsize=26908 memory=13616 CPUtime=0.07 cores=4-5
/proc/371528/stat : 371528 (perf) S 371524 371528 371195 0 -1 0 1738 237 0 0 6 1 0 0 20 0 1 0 923097102 27553792 3404 17179869184 93824994299904 93824996572973 140737488338256 0 0 0 134217728 4 74274 1 0 0 17 4 0 0 0 0 0 93824998874888 93825001005840 93825001308160 140737488340074 140737488340471 140737488340471 140737488351179 0
/proc/371528/statm: 6727 3404 2099 555 0 1769 0
[pid=371552] ppid=371528 vsize=48576 memory=39700 CPUtime=25.31 cores=4-5
/proc/371552/stat : 371552 (clingo) R 371528 371528 371195 0 -1 0 8254 0 0 0 2528 3 0 0 20 0 1 0 923097110 49741824 9925 17179869184 93824992301056 93824992468925 140737488338416 0 0 0 134217728 4 25184771 0 0 0 17 4 0 0 0 0 0 93824992533936 93824992571272 93824992575488 140737488340184 140737488340355 140737488340355 140737488351170 0
/proc/371552/statm: 12144 9925 2088 41 0 8223 0
Current children cumulated CPU time: 25.38 s
Current children cumulated vsize: 75484 KiB
Current children cumulated memory: 53316 KiB

[startup+51.1206 s]
/proc/loadavg: 14.06 14.17 14.01 15/860 372650
/proc/meminfo: memFree=383238436/528004504 swapFree=8388604/8388604
[pid=371528] ppid=371524 vsize=26908 memory=13616 CPUtime=0.07 cores=4-5
/proc/371528/stat : 371528 (perf) S 371524 371528 371195 0 -1 0 1738 237 0 0 6 1 0 0 20 0 1 0 923097102 27553792 3404 17179869184 93824994299904 93824996572973 140737488338256 0 0 0 134217728 4 74274 1 0 0 17 4 0 0 0 0 0 93824998874888 93825001005840 93825001308160 140737488340074 140737488340471 140737488340471 140737488351179 0
/proc/371528/statm: 6727 3404 2099 555 0 1769 0
[pid=371552] ppid=371528 vsize=57140 memory=47356 CPUtime=50.94 cores=4-5
/proc/371552/stat : 371552 (clingo) R 371528 371528 371195 0 -1 0 10205 0 0 0 5089 5 0 0 20 0 1 0 923097110 58511360 11839 17179869184 93824992301056 93824992468925 140737488338416 0 0 0 134217728 4 25184771 0 0 0 17 4 0 0 0 0 0 93824992533936 93824992571272 93824992575488 140737488340184 140737488340355 140737488340355 140737488351170 0
/proc/371552/statm: 14285 11839 2088 41 0 10364 0
Current children cumulated CPU time: 51.01 s
Current children cumulated vsize: 84048 KiB
Current children cumulated memory: 60972 KiB

[startup+102.3 s]
/proc/loadavg: 14.43 14.24 14.04 15/862 372656
/proc/meminfo: memFree=382946336/528004504 swapFree=8388604/8388604
[pid=371528] ppid=371524 vsize=26908 memory=13616 CPUtime=0.07 cores=4-5
/proc/371528/stat : 371528 (perf) S 371524 371528 371195 0 -1 0 1738 237 0 0 6 1 0 0 20 0 1 0 923097102 27553792 3404 17179869184 93824994299904 93824996572973 140737488338256 0 0 0 134217728 4 74274 1 0 0 17 4 0 0 0 0 0 93824998874888 93825001005840 93825001308160 140737488340074 140737488340471 140737488340471 140737488351179 0
/proc/371528/statm: 6727 3404 2099 555 0 1769 0
[pid=371552] ppid=371528 vsize=69692 memory=58972 CPUtime=102.12 cores=4-5
/proc/371552/stat : 371552 (clingo) R 371528 371528 371195 0 -1 0 13077 0 0 0 10206 6 0 0 20 0 1 0 923097110 71364608 14743 17179869184 93824992301056 93824992468925 140737488338416 0 0 0 134217728 4 25184771 0 0 0 17 4 0 0 0 0 0 93824992533936 93824992571272 93824992575488 140737488340184 140737488340355 140737488340355 140737488351170 0
/proc/371552/statm: 17423 14743 2088 41 0 13502 0
Current children cumulated CPU time: 102.19 s
Current children cumulated vsize: 96600 KiB
Current children cumulated memory: 72588 KiB

[startup+162.3 s]
/proc/loadavg: 14.44 14.28 14.07 15/863 372659
/proc/meminfo: memFree=382620060/528004504 swapFree=8388604/8388604
[pid=371528] ppid=371524 vsize=26908 memory=13616 CPUtime=0.07 cores=4-5
/proc/371528/stat : 371528 (perf) S 371524 371528 371195 0 -1 0 1738 237 0 0 6 1 0 0 20 0 1 0 923097102 27553792 3404 17179869184 93824994299904 93824996572973 140737488338256 0 0 0 134217728 4 74274 1 0 0 17 4 0 0 0 0 0 93824998874888 93825001005840 93825001308160 140737488340074 140737488340471 140737488340471 140737488351179 0
/proc/371528/statm: 6727 3404 2099 555 0 1769 0
[pid=371552] ppid=371528 vsize=80092 memory=68212 CPUtime=162.12 cores=4-5
/proc/371552/stat : 371552 (clingo) R 371528 371528 371195 0 -1 0 15361 0 0 0 16206 6 0 0 20 0 1 0 923097110 82014208 17053 17179869184 93824992301056 93824992468925 140737488338416 0 0 0 134217728 4 25184771 0 0 0 17 4 0 0 0 0 0 93824992533936 93824992571272 93824992575488 140737488340184 140737488340355 140737488340355 140737488351170 0
/proc/371552/statm: 20023 17053 2088 41 0 16102 0
Current children cumulated CPU time: 162.19 s
Current children cumulated vsize: 107000 KiB
Current children cumulated memory: 81828 KiB

[startup+222.3 s]
/proc/loadavg: 14.49 14.32 14.09 15/862 372663
/proc/meminfo: memFree=382439008/528004504 swapFree=8388604/8388604
[pid=371528] ppid=371524 vsize=26908 memory=13616 CPUtime=0.07 cores=4-5
/proc/371528/stat : 371528 (perf) S 371524 371528 371195 0 -1 0 1738 237 0 0 6 1 0 0 20 0 1 0 923097102 27553792 3404 17179869184 93824994299904 93824996572973 140737488338256 0 0 0 134217728 4 74274 1 0 0 17 4 0 0 0 0 0 93824998874888 93825001005840 93825001308160 140737488340074 140737488340471 140737488340471 140737488351179 0
/proc/371528/statm: 6727 3404 2099 555 0 1769 0
[pid=371552] ppid=371528 vsize=90720 memory=77716 CPUtime=222.12 cores=4-5
/proc/371552/stat : 371552 (clingo) R 371528 371528 371195 0 -1 0 17757 0 0 0 22205 7 0 0 20 0 1 0 923097110 92897280 19429 17179869184 93824992301056 93824992468925 140737488338416 0 0 0 134217728 4 25184771 0 0 0 17 4 0 0 0 0 0 93824992533936 93824992571272 93824992575488 140737488340184 140737488340355 140737488340355 140737488351170 0
/proc/371552/statm: 22680 19429 2088 41 0 18759 0
Current children cumulated CPU time: 222.19 s
Current children cumulated vsize: 117628 KiB
Current children cumulated memory: 91332 KiB

[startup+282.3 s]
/proc/loadavg: 14.26 14.28 14.09 15/862 372664
/proc/meminfo: memFree=382349920/528004504 swapFree=8388604/8388604
[pid=371528] ppid=371524 vsize=26908 memory=13616 CPUtime=0.07 cores=4-5
/proc/371528/stat : 371528 (perf) S 371524 371528 371195 0 -1 0 1738 237 0 0 6 1 0 0 20 0 1 0 923097102 27553792 3404 17179869184 93824994299904 93824996572973 140737488338256 0 0 0 134217728 4 74274 1 0 0 17 4 0 0 0 0 0 93824998874888 93825001005840 93825001308160 140737488340074 140737488340471 140737488340471 140737488351179 0
/proc/371528/statm: 6727 3404 2099 555 0 1769 0
[pid=371552] ppid=371528 vsize=96916 memory=83524 CPUtime=282.12 cores=4-5
/proc/371552/stat : 371552 (clingo) R 371528 371528 371195 0 -1 0 19231 0 0 0 28204 8 0 0 20 0 1 0 923097110 99241984 20881 17179869184 93824992301056 93824992468925 140737488338416 0 0 0 134217728 4 25184771 0 0 0 17 4 0 0 0 0 0 93824992533936 93824992571272 93824992575488 140737488340184 140737488340355 140737488340355 140737488351170 0
/proc/371552/statm: 24229 20881 2088 41 0 20308 0
Current children cumulated CPU time: 282.19 s
Current children cumulated vsize: 123824 KiB
Current children cumulated memory: 97140 KiB

[startup+342.3 s]
/proc/loadavg: 14.17 14.24 14.09 15/837 372669
/proc/meminfo: memFree=382242964/528004504 swapFree=8388604/8388604
[pid=371528] ppid=371524 vsize=26908 memory=13616 CPUtime=0.07 cores=4-5
/proc/371528/stat : 371528 (perf) S 371524 371528 371195 0 -1 0 1738 237 0 0 6 1 0 0 20 0 1 0 923097102 27553792 3404 17179869184 93824994299904 93824996572973 140737488338256 0 0 0 134217728 4 74274 1 0 0 17 4 0 0 0 0 0 93824998874888 93825001005840 93825001308160 140737488340074 140737488340471 140737488340471 140737488351179 0
/proc/371528/statm: 6727 3404 2099 555 0 1769 0
[pid=371552] ppid=371528 vsize=103872 memory=90100 CPUtime=342.11 cores=4-5
/proc/371552/stat : 371552 (clingo) R 371528 371528 371195 0 -1 0 20944 0 0 0 34203 8 0 0 20 0 1 0 923097110 106364928 22525 17179869184 93824992301056 93824992468925 140737488338416 0 0 0 134217728 4 25184771 0 0 0 17 4 0 0 0 0 0 93824992533936 93824992571272 93824992575488 140737488340184 140737488340355 140737488340355 140737488351170 0
/proc/371552/statm: 25968 22525 2088 41 0 22047 0
Current children cumulated CPU time: 342.18 s
Current children cumulated vsize: 130780 KiB
Current children cumulated memory: 103716 KiB

[startup+402.3 s]
/proc/loadavg: 14.06 14.20 14.08 15/829 372673
/proc/meminfo: memFree=382068640/528004504 swapFree=8388604/8388604
[pid=371528] ppid=371524 vsize=26908 memory=13616 CPUtime=0.07 cores=4-5
/proc/371528/stat : 371528 (perf) S 371524 371528 371195 0 -1 0 1738 237 0 0 6 1 0 0 20 0 1 0 923097102 27553792 3404 17179869184 93824994299904 93824996572973 140737488338256 0 0 0 134217728 4 74274 1 0 0 17 4 0 0 0 0 0 93824998874888 93825001005840 93825001308160 140737488340074 140737488340471 140737488340471 140737488351179 0
/proc/371528/statm: 6727 3404 2099 555 0 1769 0
[pid=371552] ppid=371528 vsize=109752 memory=95380 CPUtime=402.11 cores=4-5
/proc/371552/stat : 371552 (clingo) R 371528 371528 371195 0 -1 0 22283 0 0 0 40202 9 0 0 20 0 1 0 923097110 112386048 23845 17179869184 93824992301056 93824992468925 140737488338416 0 0 0 134217728 4 25184771 0 0 0 17 4 0 0 0 0 0 93824992533936 93824992571272 93824992575488 140737488340184 140737488340355 140737488340355 140737488351170 0
/proc/371552/statm: 27438 23845 2088 41 0 23517 0
Current children cumulated CPU time: 402.18 s
Current children cumulated vsize: 136660 KiB
Current children cumulated memory: 108996 KiB

[startup+462.3 s]
/proc/loadavg: 14.13 14.19 14.09 15/829 372676
/proc/meminfo: memFree=381973148/528004504 swapFree=8388604/8388604
[pid=371528] ppid=371524 vsize=26908 memory=13616 CPUtime=0.07 cores=4-5
/proc/371528/stat : 371528 (perf) S 371524 371528 371195 0 -1 0 1738 237 0 0 6 1 0 0 20 0 1 0 923097102 27553792 3404 17179869184 93824994299904 93824996572973 140737488338256 0 0 0 134217728 4 74274 1 0 0 17 4 0 0 0 0 0 93824998874888 93825001005840 93825001308160 140737488340074 140737488340471 140737488340471 140737488351179 0
/proc/371528/statm: 6727 3404 2099 555 0 1769 0
[pid=371552] ppid=371528 vsize=118208 memory=103216 CPUtime=462.11 cores=4-5
/proc/371552/stat : 371552 (clingo) R 371528 371528 371195 0 -1 0 24355 0 0 0 46202 9 0 0 20 0 1 0 923097110 121044992 25804 17179869184 93824992301056 93824992468925 140737488338416 0 0 0 134217728 4 25184771 0 0 0 17 4 0 0 0 0 0 93824992533936 93824992571272 93824992575488 140737488340184 140737488340355 140737488340355 140737488351170 0
/proc/371552/statm: 29552 25804 2088 41 0 25631 0
Current children cumulated CPU time: 462.18 s
Current children cumulated vsize: 145116 KiB
Current children cumulated memory: 116832 KiB

[startup+522.3 s]
/proc/loadavg: 15.25 14.47 14.19 15/829 372679
/proc/meminfo: memFree=381938412/528004504 swapFree=8388604/8388604
[pid=371528] ppid=371524 vsize=26908 memory=13616 CPUtime=0.07 cores=4-5
/proc/371528/stat : 371528 (perf) S 371524 371528 371195 0 -1 0 1738 237 0 0 6 1 0 0 20 0 1 0 923097102 27553792 3404 17179869184 93824994299904 93824996572973 140737488338256 0 0 0 134217728 4 74274 1 0 0 17 4 0 0 0 0 0 93824998874888 93825001005840 93825001308160 140737488340074 140737488340471 140737488340471 140737488351179 0
/proc/371528/statm: 6727 3404 2099 555 0 1769 0
[pid=371552] ppid=371528 vsize=120988 memory=106120 CPUtime=522.11 cores=4-5
/proc/371552/stat : 371552 (clingo) R 371528 371528 371195 0 -1 0 25105 0 0 0 52202 9 0 0 20 0 1 0 923097110 123891712 26530 17179869184 93824992301056 93824992468925 140737488338416 0 0 0 134217728 4 25184771 0 0 0 17 4 0 0 0 0 0 93824992533936 93824992571272 93824992575488 140737488340184 140737488340355 140737488340355 140737488351170 0
/proc/371552/statm: 30247 26530 2088 41 0 26326 0
Current children cumulated CPU time: 522.18 s
Current children cumulated vsize: 147896 KiB
Current children cumulated memory: 119736 KiB

[startup+582.3 s]
/proc/loadavg: 15.08 14.58 14.25 15/829 372683
/proc/meminfo: memFree=381799600/528004504 swapFree=8388604/8388604
[pid=371528] ppid=371524 vsize=26908 memory=13616 CPUtime=0.07 cores=4-5
/proc/371528/stat : 371528 (perf) S 371524 371528 371195 0 -1 0 1738 237 0 0 6 1 0 0 20 0 1 0 923097102 27553792 3404 17179869184 93824994299904 93824996572973 140737488338256 0 0 0 134217728 4 74274 1 0 0 17 4 0 0 0 0 0 93824998874888 93825001005840 93825001308160 140737488340074 140737488340471 140737488340471 140737488351179 0
/proc/371528/statm: 6727 3404 2099 555 0 1769 0
[pid=371552] ppid=371528 vsize=127056 memory=111320 CPUtime=582.11 cores=4-5
/proc/371552/stat : 371552 (clingo) R 371528 371528 371195 0 -1 0 26482 0 0 0 58202 9 0 0 20 0 1 0 923097110 130105344 27830 17179869184 93824992301056 93824992468925 140737488338416 0 0 0 134217728 4 25184771 0 0 0 17 4 0 0 0 0 0 93824992533936 93824992571272 93824992575488 140737488340184 140737488340355 140737488340355 140737488351170 0
/proc/371552/statm: 31764 27830 2088 41 0 27843 0
Current children cumulated CPU time: 582.18 s
Current children cumulated vsize: 153964 KiB
Current children cumulated memory: 124936 KiB

[startup+642.3 s]
/proc/loadavg: 15.00 14.69 14.31 15/829 372684
/proc/meminfo: memFree=381705352/528004504 swapFree=8388604/8388604
[pid=371528] ppid=371524 vsize=26908 memory=13616 CPUtime=0.07 cores=4-5
/proc/371528/stat : 371528 (perf) S 371524 371528 371195 0 -1 0 1738 237 0 0 6 1 0 0 20 0 1 0 923097102 27553792 3404 17179869184 93824994299904 93824996572973 140737488338256 0 0 0 134217728 4 74274 1 0 0 17 4 0 0 0 0 0 93824998874888 93825001005840 93825001308160 140737488340074 140737488340471 140737488340471 140737488351179 0
/proc/371528/statm: 6727 3404 2099 555 0 1769 0
[pid=371552] ppid=371528 vsize=129332 memory=113432 CPUtime=642.11 cores=4-5
/proc/371552/stat : 371552 (clingo) R 371528 371528 371195 0 -1 0 27022 0 0 0 64201 10 0 0 20 0 1 0 923097110 132435968 28358 17179869184 93824992301056 93824992468925 140737488338416 0 0 0 134217728 4 25184771 0 0 0 17 4 0 0 0 0 0 93824992533936 93824992571272 93824992575488 140737488340184 140737488340355 140737488340355 140737488351170 0
/proc/371552/statm: 32333 28358 2088 41 0 28412 0
Current children cumulated CPU time: 642.18 s
Current children cumulated vsize: 156240 KiB
Current children cumulated memory: 127048 KiB

[startup+702.3 s]
/proc/loadavg: 14.37 14.56 14.29 15/830 372687
/proc/meminfo: memFree=381667072/528004504 swapFree=8388604/8388604
[pid=371528] ppid=371524 vsize=26908 memory=13616 CPUtime=0.07 cores=4-5
/proc/371528/stat : 371528 (perf) S 371524 371528 371195 0 -1 0 1738 237 0 0 6 1 0 0 20 0 1 0 923097102 27553792 3404 17179869184 93824994299904 93824996572973 140737488338256 0 0 0 134217728 4 74274 1 0 0 17 4 0 0 0 0 0 93824998874888 93825001005840 93825001308160 140737488340074 140737488340471 140737488340471 140737488351179 0
/proc/371528/statm: 6727 3404 2099 555 0 1769 0
[pid=371552] ppid=371528 vsize=134212 memory=117656 CPUtime=702.12 cores=4-5
/proc/371552/stat : 371552 (clingo) R 371528 371528 371195 0 -1 0 28052 0 0 0 70201 11 0 0 20 0 1 0 923097110 137433088 29414 17179869184 93824992301056 93824992468925 140737488338416 0 0 0 134217728 4 25184771 0 0 0 17 4 0 0 0 0 0 93824992533936 93824992571272 93824992575488 140737488340184 140737488340355 140737488340355 140737488351170 0
/proc/371552/statm: 33553 29414 2088 41 0 29632 0
Current children cumulated CPU time: 702.19 s
Current children cumulated vsize: 161120 KiB
Current children cumulated memory: 131272 KiB

[startup+762.3 s]
/proc/loadavg: 14.13 14.46 14.27 15/831 372689
/proc/meminfo: memFree=381625748/528004504 swapFree=8388604/8388604
[pid=371528] ppid=371524 vsize=26908 memory=13616 CPUtime=0.07 cores=4-5
/proc/371528/stat : 371528 (perf) S 371524 371528 371195 0 -1 0 1738 237 0 0 6 1 0 0 20 0 1 0 923097102 27553792 3404 17179869184 93824994299904 93824996572973 140737488338256 0 0 0 134217728 4 74274 1 0 0 17 4 0 0 0 0 0 93824998874888 93825001005840 93825001308160 140737488340074 140737488340471 140737488340471 140737488351179 0
/proc/371528/statm: 6727 3404 2099 555 0 1769 0
[pid=371552] ppid=371528 vsize=138860 memory=122144 CPUtime=762.11 cores=4-5
/proc/371552/stat : 371552 (clingo) R 371528 371528 371195 0 -1 0 29167 0 0 0 76200 11 0 0 20 0 1 0 923097110 142192640 30536 17179869184 93824992301056 93824992468925 140737488338416 0 0 0 134217728 4 25184771 0 0 0 17 4 0 0 0 0 0 93824992533936 93824992571272 93824992575488 140737488340184 140737488340355 140737488340355 140737488351170 0
/proc/371552/statm: 34715 30536 2088 41 0 30794 0
Current children cumulated CPU time: 762.18 s
Current children cumulated vsize: 165768 KiB
Current children cumulated memory: 135760 KiB

[startup+822.3 s]
/proc/loadavg: 14.36 14.46 14.28 15/830 372691
/proc/meminfo: memFree=381574844/528004504 swapFree=8388604/8388604
[pid=371528] ppid=371524 vsize=26908 memory=13616 CPUtime=0.07 cores=4-5
/proc/371528/stat : 371528 (perf) S 371524 371528 371195 0 -1 0 1738 237 0 0 6 1 0 0 20 0 1 0 923097102 27553792 3404 17179869184 93824994299904 93824996572973 140737488338256 0 0 0 134217728 4 74274 1 0 0 17 4 0 0 0 0 0 93824998874888 93825001005840 93825001308160 140737488340074 140737488340471 140737488340471 140737488351179 0
/proc/371528/statm: 6727 3404 2099 555 0 1769 0
[pid=371552] ppid=371528 vsize=144748 memory=127160 CPUtime=822.11 cores=4-5
/proc/371552/stat : 371552 (clingo) R 371528 371528 371195 0 -1 0 30454 0 0 0 82200 11 0 0 20 0 1 0 923097110 148221952 31790 17179869184 93824992301056 93824992468925 140737488338416 0 0 0 134217728 4 25184771 0 0 0 17 4 0 0 0 0 0 93824992533936 93824992571272 93824992575488 140737488340184 140737488340355 140737488340355 140737488351170 0
/proc/371552/statm: 36187 31790 2088 41 0 32266 0
Current children cumulated CPU time: 822.18 s
Current children cumulated vsize: 171656 KiB
Current children cumulated memory: 140776 KiB

[startup+882.3 s]
/proc/loadavg: 14.17 14.39 14.27 15/830 372735
/proc/meminfo: memFree=381557716/528004504 swapFree=8388604/8388604
[pid=371528] ppid=371524 vsize=26908 memory=13616 CPUtime=0.07 cores=4-5
/proc/371528/stat : 371528 (perf) S 371524 371528 371195 0 -1 0 1738 237 0 0 6 1 0 0 20 0 1 0 923097102 27553792 3404 17179869184 93824994299904 93824996572973 140737488338256 0 0 0 134217728 4 74274 1 0 0 17 4 0 0 0 0 0 93824998874888 93825001005840 93825001308160 140737488340074 140737488340471 140737488340471 140737488351179 0
/proc/371528/statm: 6727 3404 2099 555 0 1769 0
[pid=371552] ppid=371528 vsize=150060 memory=132176 CPUtime=882.11 cores=4-5
/proc/371552/stat : 371552 (clingo) R 371528 371528 371195 0 -1 0 31667 0 0 0 88200 11 0 0 20 0 1 0 923097110 153661440 33044 17179869184 93824992301056 93824992468925 140737488338416 0 0 0 134217728 4 25184771 0 0 0 17 4 0 0 0 0 0 93824992533936 93824992571272 93824992575488 140737488340184 140737488340355 140737488340355 140737488351170 0
/proc/371552/statm: 37515 33044 2088 41 0 33594 0
Current children cumulated CPU time: 882.18 s
Current children cumulated vsize: 176968 KiB
Current children cumulated memory: 145792 KiB

[startup+942.3 s]
/proc/loadavg: 14.10 14.33 14.25 15/830 372736
/proc/meminfo: memFree=381479856/528004504 swapFree=8388604/8388604
[pid=371528] ppid=371524 vsize=26908 memory=13616 CPUtime=0.07 cores=4-5
/proc/371528/stat : 371528 (perf) S 371524 371528 371195 0 -1 0 1738 237 0 0 6 1 0 0 20 0 1 0 923097102 27553792 3404 17179869184 93824994299904 93824996572973 140737488338256 0 0 0 134217728 4 74274 1 0 0 17 4 0 0 0 0 0 93824998874888 93825001005840 93825001308160 140737488340074 140737488340471 140737488340471 140737488351179 0
/proc/371528/statm: 6727 3404 2099 555 0 1769 0
[pid=371552] ppid=371528 vsize=152636 memory=134816 CPUtime=942.11 cores=4-5
/proc/371552/stat : 371552 (clingo) R 371528 371528 371195 0 -1 0 32324 0 0 0 94200 11 0 0 20 0 1 0 923097110 156299264 33704 17179869184 93824992301056 93824992468925 140737488338416 0 0 0 134217728 4 25184771 0 0 0 17 4 0 0 0 0 0 93824992533936 93824992571272 93824992575488 140737488340184 140737488340355 140737488340355 140737488351170 0
/proc/371552/statm: 38159 33704 2088 41 0 34238 0
Current children cumulated CPU time: 942.18 s
Current children cumulated vsize: 179544 KiB
Current children cumulated memory: 148432 KiB

[startup+1002.3 s]
/proc/loadavg: 14.12 14.30 14.25 15/830 372737
/proc/meminfo: memFree=381427712/528004504 swapFree=8388604/8388604
[pid=371528] ppid=371524 vsize=26908 memory=13616 CPUtime=0.07 cores=4-5
/proc/371528/stat : 371528 (perf) S 371524 371528 371195 0 -1 0 1738 237 0 0 6 1 0 0 20 0 1 0 923097102 27553792 3404 17179869184 93824994299904 93824996572973 140737488338256 0 0 0 134217728 4 74274 1 0 0 17 4 0 0 0 0 0 93824998874888 93825001005840 93825001308160 140737488340074 140737488340471 140737488340471 140737488351179 0
/proc/371528/statm: 6727 3404 2099 555 0 1769 0
[pid=371552] ppid=371528 vsize=155412 memory=137456 CPUtime=1002.11 cores=4-5
/proc/371552/stat : 371552 (clingo) R 371528 371528 371195 0 -1 0 33004 0 0 0 100199 12 0 0 20 0 1 0 923097110 159141888 34364 17179869184 93824992301056 93824992468925 140737488338416 0 0 0 134217728 4 25184771 0 0 0 17 4 0 0 0 0 0 93824992533936 93824992571272 93824992575488 140737488340184 140737488340355 140737488340355 140737488351170 0
/proc/371552/statm: 38853 34364 2088 41 0 34932 0
Current children cumulated CPU time: 1002.18 s
Current children cumulated vsize: 182320 KiB
Current children cumulated memory: 151072 KiB

[startup+1062.3 s]
/proc/loadavg: 14.04 14.24 14.23 15/830 372738
/proc/meminfo: memFree=381374092/528004504 swapFree=8388604/8388604
[pid=371528] ppid=371524 vsize=26908 memory=13616 CPUtime=0.07 cores=4-5
/proc/371528/stat : 371528 (perf) S 371524 371528 371195 0 -1 0 1738 237 0 0 6 1 0 0 20 0 1 0 923097102 27553792 3404 17179869184 93824994299904 93824996572973 140737488338256 0 0 0 134217728 4 74274 1 0 0 17 4 0 0 0 0 0 93824998874888 93825001005840 93825001308160 140737488340074 140737488340471 140737488340471 140737488351179 0
/proc/371528/statm: 6727 3404 2099 555 0 1769 0
[pid=371552] ppid=371528 vsize=157980 memory=140096 CPUtime=1062.11 cores=4-5
/proc/371552/stat : 371552 (clingo) R 371528 371528 371195 0 -1 0 33663 0 0 0 106199 12 0 0 20 0 1 0 923097110 161771520 35024 17179869184 93824992301056 93824992468925 140737488338416 0 0 0 134217728 4 25184771 0 0 0 17 4 0 0 0 0 0 93824992533936 93824992571272 93824992575488 140737488340184 140737488340355 140737488340355 140737488351170 0
/proc/371552/statm: 39495 35024 2088 41 0 35574 0
Current children cumulated CPU time: 1062.18 s
Current children cumulated vsize: 184888 KiB
Current children cumulated memory: 153712 KiB

[startup+1122.3 s]
/proc/loadavg: 14.06 14.21 14.22 15/830 372740
/proc/meminfo: memFree=381334032/528004504 swapFree=8388604/8388604
[pid=371528] ppid=371524 vsize=26908 memory=13616 CPUtime=0.07 cores=4-5
/proc/371528/stat : 371528 (perf) S 371524 371528 371195 0 -1 0 1738 237 0 0 6 1 0 0 20 0 1 0 923097102 27553792 3404 17179869184 93824994299904 93824996572973 140737488338256 0 0 0 134217728 4 74274 1 0 0 17 4 0 0 0 0 0 93824998874888 93825001005840 93825001308160 140737488340074 140737488340471 140737488340471 140737488351179 0
/proc/371528/statm: 6727 3404 2099 555 0 1769 0
[pid=371552] ppid=371528 vsize=161416 memory=143264 CPUtime=1122.11 cores=4-5
/proc/371552/stat : 371552 (clingo) R 371528 371528 371195 0 -1 0 34456 0 0 0 112199 12 0 0 20 0 1 0 923097110 165289984 35816 17179869184 93824992301056 93824992468925 140737488338416 0 0 0 134217728 4 25184771 0 0 0 17 4 0 0 0 0 0 93824992533936 93824992571272 93824992575488 140737488340184 140737488340355 140737488340355 140737488351170 0
/proc/371552/statm: 40354 35816 2088 41 0 36433 0
Current children cumulated CPU time: 1122.18 s
Current children cumulated vsize: 188324 KiB
Current children cumulated memory: 156880 KiB

[startup+1182.3 s]
/proc/loadavg: 14.02 14.17 14.20 15/837 373073
/proc/meminfo: memFree=381477000/528004504 swapFree=8388604/8388604
[pid=371528] ppid=371524 vsize=26908 memory=13616 CPUtime=0.07 cores=4-5
/proc/371528/stat : 371528 (perf) S 371524 371528 371195 0 -1 0 1738 237 0 0 6 1 0 0 20 0 1 0 923097102 27553792 3404 17179869184 93824994299904 93824996572973 140737488338256 0 0 0 134217728 4 74274 1 0 0 17 4 0 0 0 0 0 93824998874888 93825001005840 93825001308160 140737488340074 140737488340471 140737488340471 140737488351179 0
/proc/371528/statm: 6727 3404 2099 555 0 1769 0
[pid=371552] ppid=371528 vsize=164768 memory=146168 CPUtime=1182.11 cores=4-5
/proc/371552/stat : 371552 (clingo) R 371528 371528 371195 0 -1 0 35214 0 0 0 118198 13 0 0 20 0 1 0 923097110 168722432 36542 17179869184 93824992301056 93824992468925 140737488338416 0 0 0 134217728 4 25184771 0 0 0 17 4 0 0 0 0 0 93824992533936 93824992571272 93824992575488 140737488340184 140737488340355 140737488340355 140737488351170 0
/proc/371552/statm: 41192 36542 2088 41 0 37271 0
Current children cumulated CPU time: 1182.18 s
Current children cumulated vsize: 191676 KiB
Current children cumulated memory: 159784 KiB



Maximum wall clock time exceeded: sending SIGTERM then SIGKILL

[startup+1205 s]*
/proc/loadavg: 14.01 14.16 14.20 16/799 373140
/proc/meminfo: memFree=381665968/528004504 swapFree=8388604/8388604
[pid=371528] ppid=371524 vsize=26908 memory=13616 CPUtime=0.07 cores=4-5
/proc/371528/stat : 371528 (perf) S 371524 371528 371195 0 -1 0 1738 237 0 0 6 1 0 0 20 0 1 0 923097102 27553792 3404 17179869184 93824994299904 93824996572973 140737488338256 0 0 0 134217728 4 74274 1 0 0 17 4 0 0 0 0 0 93824998874888 93825001005840 93825001308160 140737488340074 140737488340471 140737488340471 140737488351179 0
/proc/371528/statm: 6727 3404 2099 555 0 1769 0
[pid=371552] ppid=371528 vsize=165920 memory=147224 CPUtime=1204.83 cores=4-5
/proc/371552/stat : 371552 (clingo) R 371528 371528 371195 0 -1 0 35486 0 0 0 120470 13 0 0 20 0 1 0 923097110 169902080 36806 17179869184 93824992301056 93824992468925 140737488338416 0 0 0 134217728 4 25184771 0 0 0 17 4 0 0 0 0 0 93824992533936 93824992571272 93824992575488 140737488340184 140737488340355 140737488340355 140737488351170 0
/proc/371552/statm: 41480 36806 2088 41 0 37559 0
Current children cumulated CPU time: 1204.9 s
Current children cumulated vsize: 192828 KiB
Current children cumulated memory: 160840 KiB

Sending SIGINT to process tree (bottom up)
Sleeping 5 seconds

[startup+1205.04 s]
# the end of solver process 371528 was just reported to runsolver
# cumulated CPU time of all completed processes:  user=1204.78 s, system=0.157323 s

Solver just ended.
??? end of watcher thread
Dumping a history of the last processes samples

Child status: 1
Real time (s): 1205.04
CPU time (s): 1204.93
CPU user time (s): 1204.78
CPU system time (s): 0.157323
CPU usage (%): 99.9916
Max. virtual memory (cumulated for all children) (KiB): 192828
Max. memory (cumulated for all children) (KiB): 160840

getrusage(RUSAGE_CHILDREN,...) data:
user time used= 1204.78
system time used= 0.157323
maximum resident set size= 147484
integral shared memory size= 0
integral unshared data size= 0
integral unshared stack size= 0
page reclaims= 37501
page faults= 0
swaps= 0
block input operations= 0
block output operations= 0
messages sent= 0
messages received= 0
signals received= 0
voluntary context switches= 16
involuntary context switches= 1392


# summary of solver processes directly reported to runsolver:
#   pid: 371528
#   total CPU time (s): 1204.93
#   total CPU user time (s): 1204.78
#   total CPU system time (s): 0.157323

??? end of timestamper thread
runsolver used 8.78653 second user time and 16.8412 second system time

The end
