# WCTIME: wall clock time in seconds
WCTIME=0.789373
# CPUTIME: CPU time in seconds (USERTIME+SYSTEMTIME)
CPUTIME=0.765892
# USERTIME: CPU time spent in user mode in seconds
USERTIME=0.757015
# SYSTEMTIME: CPU time spent in system mode in seconds
SYSTEMTIME=0.008877
# CPUUSAGE: CPUTIME/WCTIME in percent
CPUUSAGE=97.0254
# MAXVM: maximum virtual memory used in KiB
MAXVM=58220
# TIMEOUT: did the solver exceed the time limit?
TIMEOUT=false
# MEMOUT: did the solver exceed the memory limit?
MEMOUT=false
# RETCODE: return code of the program.
RETCODE=10
# SIGNAL: signal the solver recieved.
SIGNAL=0
