runsolver version 3.4.0 (svn: 3018) Copyright (C) 2010-2013 Olivier ROUSSEL

This program is distributed in the hope that it will be useful,
but WITHOUT ANY WARRANTY; without even the implied warranty of
MERCHANTABILITY or FITNESS FOR A PARTICULAR PURPOSE.  See the
GNU General Public License for more details.

NUMA information:
  number of nodes: 2
  memory of node 0: 257635 MiB (181607 MiB free)
  memory of node 1: 257994 MiB (175555 MiB free)
  node distances:
     10  20
     20  10

command line: /dev/shm/377aeb74-2e81-11f1-ac62-000c298f4621/input/runsolver -w /dev/shm/377aeb74-2e81-11f1-ac62-000c298f4621/output/runsolver.log -v /dev/shm/377aeb74-2e81-11f1-ac62-000c298f4621/output/varfile.log -W 1205 --rss-swap-limit 16384 -d 5 --sigint /usr/bin/perf stat -B -e task-clock,cache-references,cache-misses,cycles,instructions,branches,faults,migrations,context-switches -o /dev/shm/377aeb74-2e81-11f1-ac62-000c298f4621/output/perf.log clingo /home/guests/mmacri/AMOSUM/benchmarks/GraphColouring/encoding-plain-amo.asp /dev/shm/377aeb74-2e81-11f1-ac62-000c298f4621/input/0042-graph_colouring-145-0_6960.asp 

running on 2 cores: 28-29

Enforcing wall clock limit (soft limit, will send SIGTERM then SIGKILL): 1205 seconds
Enforcing RSS+Swap limit (soft limit, will send SIGTERM then SIGKILL): 16777216 KiB
Linux 5.15.0-131-generic
Current StackSize limit: 8192 KiB

solver pid=1305590, runsolver pid=1305589

[startup+0.100069 s]*
/proc/loadavg: 14.06 14.22 13.26 15/837 1305594
/proc/meminfo: memFree=365729380/528004516 swapFree=8388604/8388604
[pid=1305590] ppid=1305589 vsize=26908 memory=13612 CPUtime=0.06 cores=28-29
/proc/1305590/stat : 1305590 (perf) S 1305589 1305590 1305547 0 -1 0 1738 237 0 0 5 1 0 0 20 0 1 0 923008807 27553792 3403 17179869184 93824994299904 93824996572973 140737488338256 0 0 0 134217728 4 74274 1 0 0 17 28 0 0 0 0 0 93824998874888 93825001005840 93825001308160 140737488340073 140737488340470 140737488340470 140737488351179 0
/proc/1305590/statm: 6727 3403 2098 555 0 1769 0
[pid=1305594] ppid=1305590 vsize=19828 memory=11540 CPUtime=0.03 cores=28-29
/proc/1305594/stat : 1305594 (clingo) R 1305590 1305590 1305547 0 -1 0 1158 0 0 0 3 0 0 0 20 0 1 0 923008815 20303872 2885 17179869184 93824992301056 93824992468925 140737488338416 0 0 0 134217728 4 25184771 0 0 0 17 29 0 0 0 0 0 93824992533936 93824992571272 93824992575488 140737488340183 140737488340354 140737488340354 140737488351170 0
/proc/1305594/statm: 4957 2885 2045 41 0 1036 0
Current children cumulated CPU time: 0.09 s
Current children cumulated vsize: 46736 KiB
Current children cumulated memory: 25152 KiB

[startup+0.23079 s]*
/proc/loadavg: 14.06 14.22 13.26 16/837 1305594
/proc/meminfo: memFree=365728284/528004516 swapFree=8388604/8388604
[pid=1305590] ppid=1305589 vsize=26908 memory=13612 CPUtime=0.06 cores=28-29
/proc/1305590/stat : 1305590 (perf) S 1305589 1305590 1305547 0 -1 0 1738 237 0 0 5 1 0 0 20 0 1 0 923008807 27553792 3403 17179869184 93824994299904 93824996572973 140737488338256 0 0 0 134217728 4 74274 1 0 0 17 28 0 0 0 0 0 93824998874888 93825001005840 93825001308160 140737488340073 140737488340470 140737488340470 140737488351179 0
/proc/1305590/statm: 6727 3403 2098 555 0 1769 0
[pid=1305594] ppid=1305590 vsize=24524 memory=16464 CPUtime=0.14 cores=28-29
/proc/1305594/stat : 1305594 (clingo) R 1305590 1305590 1305547 0 -1 0 2344 0 0 0 14 0 0 0 20 0 1 0 923008815 25112576 4116 17179869184 93824992301056 93824992468925 140737488338416 0 0 0 134217728 4 25184771 0 0 0 17 28 0 0 0 0 0 93824992533936 93824992571272 93824992575488 140737488340183 140737488340354 140737488340354 140737488351170 0
/proc/1305594/statm: 6131 4116 2091 41 0 2210 0
Current children cumulated CPU time: 0.2 s
Current children cumulated vsize: 51432 KiB
Current children cumulated memory: 30076 KiB

[startup+0.318743 s]*
/proc/loadavg: 14.06 14.22 13.26 15/837 1305594
/proc/meminfo: memFree=365726044/528004516 swapFree=8388604/8388604
[pid=1305590] ppid=1305589 vsize=26908 memory=13612 CPUtime=0.06 cores=28-29
/proc/1305590/stat : 1305590 (perf) S 1305589 1305590 1305547 0 -1 0 1738 237 0 0 5 1 0 0 20 0 1 0 923008807 27553792 3403 17179869184 93824994299904 93824996572973 140737488338256 0 0 0 134217728 4 74274 1 0 0 17 28 0 0 0 0 0 93824998874888 93825001005840 93825001308160 140737488340073 140737488340470 140737488340470 140737488351179 0
/proc/1305590/statm: 6727 3403 2098 555 0 1769 0
[pid=1305594] ppid=1305590 vsize=25448 memory=17520 CPUtime=0.23 cores=28-29
/proc/1305594/stat : 1305594 (clingo) R 1305590 1305590 1305547 0 -1 0 2593 0 0 0 23 0 0 0 20 0 1 0 923008815 26058752 4380 17179869184 93824992301056 93824992468925 140737488338416 0 0 0 134217728 4 25184771 0 0 0 17 28 0 0 0 0 0 93824992533936 93824992571272 93824992575488 140737488340183 140737488340354 140737488340354 140737488351170 0
/proc/1305594/statm: 6362 4380 2091 41 0 2441 0
Current children cumulated CPU time: 0.29 s
Current children cumulated vsize: 52356 KiB
Current children cumulated memory: 31132 KiB

[startup+0.700339 s]
/proc/loadavg: 14.06 14.22 13.26 16/837 1305594
/proc/meminfo: memFree=365723524/528004516 swapFree=8388604/8388604
[pid=1305590] ppid=1305589 vsize=26908 memory=13612 CPUtime=0.06 cores=28-29
/proc/1305590/stat : 1305590 (perf) S 1305589 1305590 1305547 0 -1 0 1738 237 0 0 5 1 0 0 20 0 1 0 923008807 27553792 3403 17179869184 93824994299904 93824996572973 140737488338256 0 0 0 134217728 4 74274 1 0 0 17 28 0 0 0 0 0 93824998874888 93825001005840 93825001308160 140737488340073 140737488340470 140737488340470 140737488351179 0
/proc/1305590/statm: 6727 3403 2098 555 0 1769 0
[pid=1305594] ppid=1305590 vsize=27356 memory=19368 CPUtime=0.59 cores=28-29
/proc/1305594/stat : 1305594 (clingo) R 1305590 1305590 1305547 0 -1 0 3054 0 0 0 59 0 0 0 20 0 1 0 923008815 28012544 4842 17179869184 93824992301056 93824992468925 140737488338416 0 0 0 134217728 4 25184771 0 0 0 17 28 0 0 0 0 0 93824992533936 93824992571272 93824992575488 140737488340183 140737488340354 140737488340354 140737488351170 0
/proc/1305594/statm: 6839 4842 2091 41 0 2918 0
Current children cumulated CPU time: 0.65 s
Current children cumulated vsize: 54264 KiB
Current children cumulated memory: 32980 KiB

[startup+1.50034 s]
/proc/loadavg: 14.06 14.22 13.26 15/837 1305594
/proc/meminfo: memFree=365716096/528004516 swapFree=8388604/8388604
[pid=1305590] ppid=1305589 vsize=26908 memory=13612 CPUtime=0.06 cores=28-29
/proc/1305590/stat : 1305590 (perf) S 1305589 1305590 1305547 0 -1 0 1738 237 0 0 5 1 0 0 20 0 1 0 923008807 27553792 3403 17179869184 93824994299904 93824996572973 140737488338256 0 0 0 134217728 4 74274 1 0 0 17 28 0 0 0 0 0 93824998874888 93825001005840 93825001308160 140737488340073 140737488340470 140737488340470 140737488351179 0
/proc/1305590/statm: 6727 3403 2098 555 0 1769 0
[pid=1305594] ppid=1305590 vsize=28944 memory=20952 CPUtime=1.39 cores=28-29
/proc/1305594/stat : 1305594 (clingo) R 1305590 1305590 1305547 0 -1 0 3457 0 0 0 139 0 0 0 20 0 1 0 923008815 29638656 5238 17179869184 93824992301056 93824992468925 140737488338416 0 0 0 134217728 4 25184771 0 0 0 17 28 0 0 0 0 0 93824992533936 93824992571272 93824992575488 140737488340183 140737488340354 140737488340354 140737488351170 0
/proc/1305594/statm: 7236 5238 2091 41 0 3315 0
Current children cumulated CPU time: 1.45 s
Current children cumulated vsize: 55852 KiB
Current children cumulated memory: 34564 KiB

[startup+3.11827 s]
/proc/loadavg: 14.05 14.22 13.26 14/830 1305655
/proc/meminfo: memFree=365823100/528004516 swapFree=8388604/8388604
[pid=1305590] ppid=1305589 vsize=26908 memory=13612 CPUtime=0.06 cores=28-29
/proc/1305590/stat : 1305590 (perf) S 1305589 1305590 1305547 0 -1 0 1738 237 0 0 5 1 0 0 20 0 1 0 923008807 27553792 3403 17179869184 93824994299904 93824996572973 140737488338256 0 0 0 134217728 4 74274 1 0 0 17 28 0 0 0 0 0 93824998874888 93825001005840 93825001308160 140737488340073 140737488340470 140737488340470 140737488351179 0
/proc/1305590/statm: 6727 3403 2098 555 0 1769 0
[pid=1305594] ppid=1305590 vsize=31220 memory=23064 CPUtime=3.01 cores=28-29
/proc/1305594/stat : 1305594 (clingo) R 1305590 1305590 1305547 0 -1 0 3991 0 0 0 301 0 0 0 20 0 1 0 923008815 31969280 5766 17179869184 93824992301056 93824992468925 140737488338416 0 0 0 134217728 4 25184771 0 0 0 17 28 0 0 0 0 0 93824992533936 93824992571272 93824992575488 140737488340183 140737488340354 140737488340354 140737488351170 0
/proc/1305594/statm: 7805 5766 2091 41 0 3884 0
Current children cumulated CPU time: 3.07 s
Current children cumulated vsize: 58128 KiB
Current children cumulated memory: 36676 KiB

[startup+6.30028 s]
/proc/loadavg: 14.05 14.22 13.26 15/838 1305698
/proc/meminfo: memFree=365792912/528004516 swapFree=8388604/8388604
[pid=1305590] ppid=1305589 vsize=26908 memory=13612 CPUtime=0.06 cores=28-29
/proc/1305590/stat : 1305590 (perf) S 1305589 1305590 1305547 0 -1 0 1738 237 0 0 5 1 0 0 20 0 1 0 923008807 27553792 3403 17179869184 93824994299904 93824996572973 140737488338256 0 0 0 134217728 4 74274 1 0 0 17 28 0 0 0 0 0 93824998874888 93825001005840 93825001308160 140737488340073 140737488340470 140737488340470 140737488351179 0
/proc/1305590/statm: 6727 3403 2098 555 0 1769 0
[pid=1305594] ppid=1305590 vsize=35080 memory=26232 CPUtime=6.18 cores=28-29
/proc/1305594/stat : 1305594 (clingo) R 1305590 1305590 1305547 0 -1 0 4833 0 0 0 618 0 0 0 20 0 1 0 923008815 35921920 6558 17179869184 93824992301056 93824992468925 140737488338416 0 0 0 134217728 4 25184771 0 0 0 17 28 0 0 0 0 0 93824992533936 93824992571272 93824992575488 140737488340183 140737488340354 140737488340354 140737488351170 0
/proc/1305594/statm: 8770 6558 2091 41 0 4849 0
Current children cumulated CPU time: 6.24 s
Current children cumulated vsize: 61988 KiB
Current children cumulated memory: 39844 KiB

[startup+12.7003 s]
/proc/loadavg: 14.05 14.21 13.26 15/838 1305698
/proc/meminfo: memFree=365758848/528004516 swapFree=8388604/8388604
[pid=1305590] ppid=1305589 vsize=26908 memory=13612 CPUtime=0.06 cores=28-29
/proc/1305590/stat : 1305590 (perf) S 1305589 1305590 1305547 0 -1 0 1738 237 0 0 5 1 0 0 20 0 1 0 923008807 27553792 3403 17179869184 93824994299904 93824996572973 140737488338256 0 0 0 134217728 4 74274 1 0 0 17 28 0 0 0 0 0 93824998874888 93825001005840 93825001308160 140737488340073 140737488340470 140737488340470 140737488351179 0
/proc/1305590/statm: 6727 3403 2098 555 0 1769 0
[pid=1305594] ppid=1305590 vsize=39352 memory=30192 CPUtime=12.58 cores=28-29
/proc/1305594/stat : 1305594 (clingo) R 1305590 1305590 1305547 0 -1 0 5811 0 0 0 1258 0 0 0 20 0 1 0 923008815 40296448 7548 17179869184 93824992301056 93824992468925 140737488338416 0 0 0 134217728 4 25184771 0 0 0 17 28 0 0 0 0 0 93824992533936 93824992571272 93824992575488 140737488340183 140737488340354 140737488340354 140737488351170 0
/proc/1305594/statm: 9838 7548 2091 41 0 5917 0
Current children cumulated CPU time: 12.64 s
Current children cumulated vsize: 66260 KiB
Current children cumulated memory: 43804 KiB

[startup+25.5004 s]
/proc/loadavg: 14.04 14.20 13.28 15/838 1305698
/proc/meminfo: memFree=365690608/528004516 swapFree=8388604/8388604
[pid=1305590] ppid=1305589 vsize=26908 memory=13612 CPUtime=0.06 cores=28-29
/proc/1305590/stat : 1305590 (perf) S 1305589 1305590 1305547 0 -1 0 1738 237 0 0 5 1 0 0 20 0 1 0 923008807 27553792 3403 17179869184 93824994299904 93824996572973 140737488338256 0 0 0 134217728 4 74274 1 0 0 17 28 0 0 0 0 0 93824998874888 93825001005840 93825001308160 140737488340073 140737488340470 140737488340470 140737488351179 0
/proc/1305590/statm: 6727 3403 2098 555 0 1769 0
[pid=1305594] ppid=1305590 vsize=43260 memory=33888 CPUtime=25.38 cores=28-29
/proc/1305594/stat : 1305594 (clingo) R 1305590 1305590 1305547 0 -1 0 6683 0 0 0 2538 0 0 0 20 0 1 0 923008815 44298240 8472 17179869184 93824992301056 93824992468925 140737488338416 0 0 0 134217728 4 25184771 0 0 0 17 28 0 0 0 0 0 93824992533936 93824992571272 93824992575488 140737488340183 140737488340354 140737488340354 140737488351170 0
/proc/1305594/statm: 10815 8472 2091 41 0 6894 0
Current children cumulated CPU time: 25.44 s
Current children cumulated vsize: 70168 KiB
Current children cumulated memory: 47500 KiB

[startup+51.1185 s]
/proc/loadavg: 14.31 14.25 13.32 15/841 1305909
/proc/meminfo: memFree=365694896/528004516 swapFree=8388604/8388604
[pid=1305590] ppid=1305589 vsize=26908 memory=13612 CPUtime=0.06 cores=28-29
/proc/1305590/stat : 1305590 (perf) S 1305589 1305590 1305547 0 -1 0 1738 237 0 0 5 1 0 0 20 0 1 0 923008807 27553792 3403 17179869184 93824994299904 93824996572973 140737488338256 0 0 0 134217728 4 74274 1 0 0 17 28 0 0 0 0 0 93824998874888 93825001005840 93825001308160 140737488340073 140737488340470 140737488340470 140737488351179 0
/proc/1305590/statm: 6727 3403 2098 555 0 1769 0
[pid=1305594] ppid=1305590 vsize=48628 memory=38640 CPUtime=51 cores=28-29
/proc/1305594/stat : 1305594 (clingo) R 1305590 1305590 1305547 0 -1 0 7933 0 0 0 5100 0 0 0 20 0 1 0 923008815 49795072 9660 17179869184 93824992301056 93824992468925 140737488338416 0 0 0 134217728 4 25184771 0 0 0 17 28 0 0 0 0 0 93824992533936 93824992571272 93824992575488 140737488340183 140737488340354 140737488340354 140737488351170 0
/proc/1305594/statm: 12157 9660 2091 41 0 8236 0
Current children cumulated CPU time: 51.06 s
Current children cumulated vsize: 75536 KiB
Current children cumulated memory: 52252 KiB

[startup+102.3 s]
/proc/loadavg: 14.17 14.22 13.36 15/841 1305954
/proc/meminfo: memFree=365561260/528004516 swapFree=8388604/8388604
[pid=1305590] ppid=1305589 vsize=26908 memory=13612 CPUtime=0.06 cores=28-29
/proc/1305590/stat : 1305590 (perf) S 1305589 1305590 1305547 0 -1 0 1738 237 0 0 5 1 0 0 20 0 1 0 923008807 27553792 3403 17179869184 93824994299904 93824996572973 140737488338256 0 0 0 134217728 4 74274 1 0 0 17 28 0 0 0 0 0 93824998874888 93825001005840 93825001308160 140737488340073 140737488340470 140737488340470 140737488351179 0
/proc/1305590/statm: 6727 3403 2098 555 0 1769 0
[pid=1305594] ppid=1305590 vsize=56176 memory=45504 CPUtime=102.19 cores=28-29
/proc/1305594/stat : 1305594 (clingo) R 1305590 1305590 1305547 0 -1 0 9640 0 0 0 10217 2 0 0 20 0 1 0 923008815 57524224 11376 17179869184 93824992301056 93824992468925 140737488338416 0 0 0 134217728 4 25184771 0 0 0 17 28 0 0 0 0 0 93824992533936 93824992571272 93824992575488 140737488340183 140737488340354 140737488340354 140737488351170 0
/proc/1305594/statm: 14044 11376 2091 41 0 10123 0
Current children cumulated CPU time: 102.25 s
Current children cumulated vsize: 83084 KiB
Current children cumulated memory: 59116 KiB

[startup+162.3 s]
/proc/loadavg: 14.11 14.20 13.41 15/841 1305957
/proc/meminfo: memFree=365447636/528004516 swapFree=8388604/8388604
[pid=1305590] ppid=1305589 vsize=26908 memory=13612 CPUtime=0.06 cores=28-29
/proc/1305590/stat : 1305590 (perf) S 1305589 1305590 1305547 0 -1 0 1738 237 0 0 5 1 0 0 20 0 1 0 923008807 27553792 3403 17179869184 93824994299904 93824996572973 140737488338256 0 0 0 134217728 4 74274 1 0 0 17 28 0 0 0 0 0 93824998874888 93825001005840 93825001308160 140737488340073 140737488340470 140737488340470 140737488351179 0
/proc/1305590/statm: 6727 3403 2098 555 0 1769 0
[pid=1305594] ppid=1305590 vsize=61952 memory=51312 CPUtime=162.18 cores=28-29
/proc/1305594/stat : 1305594 (clingo) R 1305590 1305590 1305547 0 -1 0 11059 0 0 0 16216 2 0 0 20 0 1 0 923008815 63438848 12828 17179869184 93824992301056 93824992468925 140737488338416 0 0 0 134217728 4 25184771 0 0 0 17 28 0 0 0 0 0 93824992533936 93824992571272 93824992575488 140737488340183 140737488340354 140737488340354 140737488351170 0
/proc/1305594/statm: 15488 12828 2091 41 0 11567 0
Current children cumulated CPU time: 162.24 s
Current children cumulated vsize: 88860 KiB
Current children cumulated memory: 64924 KiB

[startup+222.3 s]
/proc/loadavg: 14.26 14.23 13.47 15/841 1305960
/proc/meminfo: memFree=365350884/528004516 swapFree=8388604/8388604
[pid=1305590] ppid=1305589 vsize=26908 memory=13612 CPUtime=0.06 cores=28-29
/proc/1305590/stat : 1305590 (perf) S 1305589 1305590 1305547 0 -1 0 1738 237 0 0 5 1 0 0 20 0 1 0 923008807 27553792 3403 17179869184 93824994299904 93824996572973 140737488338256 0 0 0 134217728 4 74274 1 0 0 17 28 0 0 0 0 0 93824998874888 93825001005840 93825001308160 140737488340073 140737488340470 140737488340470 140737488351179 0
/proc/1305590/statm: 6727 3403 2098 555 0 1769 0
[pid=1305594] ppid=1305590 vsize=65240 memory=54480 CPUtime=222.18 cores=28-29
/proc/1305594/stat : 1305594 (clingo) R 1305590 1305590 1305547 0 -1 0 11877 0 0 0 22216 2 0 0 20 0 1 0 923008815 66805760 13620 17179869184 93824992301056 93824992468925 140737488338416 0 0 0 134217728 4 25184771 0 0 0 17 28 0 0 0 0 0 93824992533936 93824992571272 93824992575488 140737488340183 140737488340354 140737488340354 140737488351170 0
/proc/1305594/statm: 16310 13620 2091 41 0 12389 0
Current children cumulated CPU time: 222.24 s
Current children cumulated vsize: 92148 KiB
Current children cumulated memory: 68092 KiB

[startup+282.3 s]
/proc/loadavg: 14.78 14.43 13.59 15/841 1305964
/proc/meminfo: memFree=365269036/528004516 swapFree=8388604/8388604
[pid=1305590] ppid=1305589 vsize=26908 memory=13612 CPUtime=0.06 cores=28-29
/proc/1305590/stat : 1305590 (perf) S 1305589 1305590 1305547 0 -1 0 1738 237 0 0 5 1 0 0 20 0 1 0 923008807 27553792 3403 17179869184 93824994299904 93824996572973 140737488338256 0 0 0 134217728 4 74274 1 0 0 17 28 0 0 0 0 0 93824998874888 93825001005840 93825001308160 140737488340073 140737488340470 140737488340470 140737488351179 0
/proc/1305590/statm: 6727 3403 2098 555 0 1769 0
[pid=1305594] ppid=1305590 vsize=71120 memory=59760 CPUtime=282.19 cores=28-29
/proc/1305594/stat : 1305594 (clingo) R 1305590 1305590 1305547 0 -1 0 13166 0 0 0 28216 3 0 0 20 0 1 0 923008815 72826880 14940 17179869184 93824992301056 93824992468925 140737488338416 0 0 0 134217728 4 25184771 0 0 0 17 28 0 0 0 0 0 93824992533936 93824992571272 93824992575488 140737488340183 140737488340354 140737488340354 140737488351170 0
/proc/1305594/statm: 17780 14940 2091 41 0 13859 0
Current children cumulated CPU time: 282.25 s
Current children cumulated vsize: 98028 KiB
Current children cumulated memory: 73372 KiB

[startup+342.3 s]
/proc/loadavg: 14.29 14.35 13.62 15/810 1305968
/proc/meminfo: memFree=365189200/528004516 swapFree=8388604/8388604
[pid=1305590] ppid=1305589 vsize=26908 memory=13612 CPUtime=0.06 cores=28-29
/proc/1305590/stat : 1305590 (perf) S 1305589 1305590 1305547 0 -1 0 1738 237 0 0 5 1 0 0 20 0 1 0 923008807 27553792 3403 17179869184 93824994299904 93824996572973 140737488338256 0 0 0 134217728 4 74274 1 0 0 17 28 0 0 0 0 0 93824998874888 93825001005840 93825001308160 140737488340073 140737488340470 140737488340470 140737488351179 0
/proc/1305590/statm: 6727 3403 2098 555 0 1769 0
[pid=1305594] ppid=1305590 vsize=79464 memory=66624 CPUtime=342.19 cores=28-29
/proc/1305594/stat : 1305594 (clingo) R 1305590 1305590 1305547 0 -1 0 14884 0 0 0 34216 3 0 0 20 0 1 0 923008815 81371136 16656 17179869184 93824992301056 93824992468925 140737488338416 0 0 0 134217728 4 25184771 0 0 0 17 28 0 0 0 0 0 93824992533936 93824992571272 93824992575488 140737488340183 140737488340354 140737488340354 140737488351170 0
/proc/1305594/statm: 19866 16656 2091 41 0 15945 0
Current children cumulated CPU time: 342.25 s
Current children cumulated vsize: 106372 KiB
Current children cumulated memory: 80236 KiB

[startup+402.3 s]
/proc/loadavg: 14.16 14.30 13.65 15/808 1305971
/proc/meminfo: memFree=365122436/528004516 swapFree=8388604/8388604
[pid=1305590] ppid=1305589 vsize=26908 memory=13612 CPUtime=0.06 cores=28-29
/proc/1305590/stat : 1305590 (perf) S 1305589 1305590 1305547 0 -1 0 1738 237 0 0 5 1 0 0 20 0 1 0 923008807 27553792 3403 17179869184 93824994299904 93824996572973 140737488338256 0 0 0 134217728 4 74274 1 0 0 17 28 0 0 0 0 0 93824998874888 93825001005840 93825001308160 140737488340073 140737488340470 140737488340470 140737488351179 0
/proc/1305590/statm: 6727 3403 2098 555 0 1769 0
[pid=1305594] ppid=1305590 vsize=84208 memory=70584 CPUtime=402.18 cores=28-29
/proc/1305594/stat : 1305594 (clingo) R 1305590 1305590 1305547 0 -1 0 15915 0 0 0 40215 3 0 0 20 0 1 0 923008815 86228992 17646 17179869184 93824992301056 93824992468925 140737488338416 0 0 0 134217728 4 25184771 0 0 0 17 28 0 0 0 0 0 93824992533936 93824992571272 93824992575488 140737488340183 140737488340354 140737488340354 140737488351170 0
/proc/1305594/statm: 21052 17646 2091 41 0 17131 0
Current children cumulated CPU time: 402.24 s
Current children cumulated vsize: 111116 KiB
Current children cumulated memory: 84196 KiB

[startup+462.3 s]
/proc/loadavg: 14.28 14.29 13.69 15/808 1305975
/proc/meminfo: memFree=365061940/528004516 swapFree=8388604/8388604
[pid=1305590] ppid=1305589 vsize=26908 memory=13612 CPUtime=0.06 cores=28-29
/proc/1305590/stat : 1305590 (perf) S 1305589 1305590 1305547 0 -1 0 1738 237 0 0 5 1 0 0 20 0 1 0 923008807 27553792 3403 17179869184 93824994299904 93824996572973 140737488338256 0 0 0 134217728 4 74274 1 0 0 17 28 0 0 0 0 0 93824998874888 93825001005840 93825001308160 140737488340073 140737488340470 140737488340470 140737488351179 0
/proc/1305590/statm: 6727 3403 2098 555 0 1769 0
[pid=1305594] ppid=1305590 vsize=86672 memory=73224 CPUtime=462.18 cores=28-29
/proc/1305594/stat : 1305594 (clingo) R 1305590 1305590 1305547 0 -1 0 16568 0 0 0 46215 3 0 0 20 0 1 0 923008815 88752128 18306 17179869184 93824992301056 93824992468925 140737488338416 0 0 0 134217728 4 25184771 0 0 0 17 28 0 0 0 0 0 93824992533936 93824992571272 93824992575488 140737488340183 140737488340354 140737488340354 140737488351170 0
/proc/1305594/statm: 21668 18306 2091 41 0 17747 0
Current children cumulated CPU time: 462.24 s
Current children cumulated vsize: 113580 KiB
Current children cumulated memory: 86836 KiB

[startup+522.3 s]
/proc/loadavg: 14.63 14.40 13.77 15/808 1305979
/proc/meminfo: memFree=365013604/528004516 swapFree=8388604/8388604
[pid=1305590] ppid=1305589 vsize=26908 memory=13612 CPUtime=0.06 cores=28-29
/proc/1305590/stat : 1305590 (perf) S 1305589 1305590 1305547 0 -1 0 1738 237 0 0 5 1 0 0 20 0 1 0 923008807 27553792 3403 17179869184 93824994299904 93824996572973 140737488338256 0 0 0 134217728 4 74274 1 0 0 17 28 0 0 0 0 0 93824998874888 93825001005840 93825001308160 140737488340073 140737488340470 140737488340470 140737488351179 0
/proc/1305590/statm: 6727 3403 2098 555 0 1769 0
[pid=1305594] ppid=1305590 vsize=87812 memory=74544 CPUtime=522.18 cores=28-29
/proc/1305594/stat : 1305594 (clingo) R 1305590 1305590 1305547 0 -1 0 16860 0 0 0 52215 3 0 0 20 0 1 0 923008815 89919488 18636 17179869184 93824992301056 93824992468925 140737488338416 0 0 0 134217728 4 25184771 0 0 0 17 28 0 0 0 0 0 93824992533936 93824992571272 93824992575488 140737488340183 140737488340354 140737488340354 140737488351170 0
/proc/1305594/statm: 21953 18636 2091 41 0 18032 0
Current children cumulated CPU time: 522.24 s
Current children cumulated vsize: 114720 KiB
Current children cumulated memory: 88156 KiB

[startup+582.3 s]
/proc/loadavg: 14.23 14.33 13.79 15/808 1305982
/proc/meminfo: memFree=364961440/528004516 swapFree=8388604/8388604
[pid=1305590] ppid=1305589 vsize=26908 memory=13612 CPUtime=0.06 cores=28-29
/proc/1305590/stat : 1305590 (perf) S 1305589 1305590 1305547 0 -1 0 1738 237 0 0 5 1 0 0 20 0 1 0 923008807 27553792 3403 17179869184 93824994299904 93824996572973 140737488338256 0 0 0 134217728 4 74274 1 0 0 17 28 0 0 0 0 0 93824998874888 93825001005840 93825001308160 140737488340073 140737488340470 140737488340470 140737488351179 0
/proc/1305590/statm: 6727 3403 2098 555 0 1769 0
[pid=1305594] ppid=1305590 vsize=88000 memory=75072 CPUtime=582.18 cores=28-29
/proc/1305594/stat : 1305594 (clingo) R 1305590 1305590 1305547 0 -1 0 17007 0 0 0 58215 3 0 0 20 0 1 0 923008815 90112000 18768 17179869184 93824992301056 93824992468925 140737488338416 0 0 0 134217728 4 25184771 0 0 0 17 28 0 0 0 0 0 93824992533936 93824992571272 93824992575488 140737488340183 140737488340354 140737488340354 140737488351170 0
/proc/1305594/statm: 22000 18768 2091 41 0 18079 0
Current children cumulated CPU time: 582.24 s
Current children cumulated vsize: 114908 KiB
Current children cumulated memory: 88684 KiB

[startup+642.3 s]
/proc/loadavg: 14.08 14.26 13.81 15/809 1305986
/proc/meminfo: memFree=364924412/528004516 swapFree=8388604/8388604
[pid=1305590] ppid=1305589 vsize=26908 memory=13612 CPUtime=0.06 cores=28-29
/proc/1305590/stat : 1305590 (perf) S 1305589 1305590 1305547 0 -1 0 1738 237 0 0 5 1 0 0 20 0 1 0 923008807 27553792 3403 17179869184 93824994299904 93824996572973 140737488338256 0 0 0 134217728 4 74274 1 0 0 17 28 0 0 0 0 0 93824998874888 93825001005840 93825001308160 140737488340073 140737488340470 140737488340470 140737488351179 0
/proc/1305590/statm: 6727 3403 2098 555 0 1769 0
[pid=1305594] ppid=1305590 vsize=89372 memory=76920 CPUtime=642.18 cores=28-29
/proc/1305594/stat : 1305594 (clingo) R 1305590 1305590 1305547 0 -1 0 17467 0 0 0 64215 3 0 0 20 0 1 0 923008815 91516928 19230 17179869184 93824992301056 93824992468925 140737488338416 0 0 0 134217728 4 25184771 0 0 0 17 28 0 0 0 0 0 93824992533936 93824992571272 93824992575488 140737488340183 140737488340354 140737488340354 140737488351170 0
/proc/1305594/statm: 22343 19230 2091 41 0 18422 0
Current children cumulated CPU time: 642.24 s
Current children cumulated vsize: 116280 KiB
Current children cumulated memory: 90532 KiB

[startup+702.3 s]
/proc/loadavg: 14.03 14.21 13.82 15/808 1305989
/proc/meminfo: memFree=364869260/528004516 swapFree=8388604/8388604
[pid=1305590] ppid=1305589 vsize=26908 memory=13612 CPUtime=0.06 cores=28-29
/proc/1305590/stat : 1305590 (perf) S 1305589 1305590 1305547 0 -1 0 1738 237 0 0 5 1 0 0 20 0 1 0 923008807 27553792 3403 17179869184 93824994299904 93824996572973 140737488338256 0 0 0 134217728 4 74274 1 0 0 17 28 0 0 0 0 0 93824998874888 93825001005840 93825001308160 140737488340073 140737488340470 140737488340470 140737488351179 0
/proc/1305590/statm: 6727 3403 2098 555 0 1769 0
[pid=1305594] ppid=1305590 vsize=91276 memory=79032 CPUtime=702.18 cores=28-29
/proc/1305594/stat : 1305594 (clingo) R 1305590 1305590 1305547 0 -1 0 17999 0 0 0 70215 3 0 0 20 0 1 0 923008815 93466624 19758 17179869184 93824992301056 93824992468925 140737488338416 0 0 0 134217728 4 25184771 0 0 0 17 28 0 0 0 0 0 93824992533936 93824992571272 93824992575488 140737488340183 140737488340354 140737488340354 140737488351170 0
/proc/1305594/statm: 22819 19758 2091 41 0 18898 0
Current children cumulated CPU time: 702.24 s
Current children cumulated vsize: 118184 KiB
Current children cumulated memory: 92644 KiB

[startup+762.3 s]
/proc/loadavg: 14.01 14.17 13.83 15/809 1305992
/proc/meminfo: memFree=364830184/528004516 swapFree=8388604/8388604
[pid=1305590] ppid=1305589 vsize=26908 memory=13612 CPUtime=0.06 cores=28-29
/proc/1305590/stat : 1305590 (perf) S 1305589 1305590 1305547 0 -1 0 1738 237 0 0 5 1 0 0 20 0 1 0 923008807 27553792 3403 17179869184 93824994299904 93824996572973 140737488338256 0 0 0 134217728 4 74274 1 0 0 17 28 0 0 0 0 0 93824998874888 93825001005840 93825001308160 140737488340073 140737488340470 140737488340470 140737488351179 0
/proc/1305590/statm: 6727 3403 2098 555 0 1769 0
[pid=1305594] ppid=1305590 vsize=92428 memory=80616 CPUtime=762.18 cores=28-29
/proc/1305594/stat : 1305594 (clingo) R 1305590 1305590 1305547 0 -1 0 18380 0 0 0 76214 4 0 0 20 0 1 0 923008815 94646272 20154 17179869184 93824992301056 93824992468925 140737488338416 0 0 0 134217728 4 25184771 0 0 0 17 28 0 0 0 0 0 93824992533936 93824992571272 93824992575488 140737488340183 140737488340354 140737488340354 140737488351170 0
/proc/1305594/statm: 23107 20154 2091 41 0 19186 0
Current children cumulated CPU time: 762.24 s
Current children cumulated vsize: 119336 KiB
Current children cumulated memory: 94228 KiB

[startup+822.3 s]
/proc/loadavg: 14.38 14.24 13.88 15/809 1305995
/proc/meminfo: memFree=364789360/528004516 swapFree=8388604/8388604
[pid=1305590] ppid=1305589 vsize=26908 memory=13612 CPUtime=0.06 cores=28-29
/proc/1305590/stat : 1305590 (perf) S 1305589 1305590 1305547 0 -1 0 1738 237 0 0 5 1 0 0 20 0 1 0 923008807 27553792 3403 17179869184 93824994299904 93824996572973 140737488338256 0 0 0 134217728 4 74274 1 0 0 17 28 0 0 0 0 0 93824998874888 93825001005840 93825001308160 140737488340073 140737488340470 140737488340470 140737488351179 0
/proc/1305590/statm: 6727 3403 2098 555 0 1769 0
[pid=1305594] ppid=1305590 vsize=95112 memory=82992 CPUtime=822.18 cores=28-29
/proc/1305594/stat : 1305594 (clingo) R 1305590 1305590 1305547 0 -1 0 18986 0 0 0 82214 4 0 0 20 0 1 0 923008815 97394688 20748 17179869184 93824992301056 93824992468925 140737488338416 0 0 0 134217728 4 25184771 0 0 0 17 28 0 0 0 0 0 93824992533936 93824992571272 93824992575488 140737488340183 140737488340354 140737488340354 140737488351170 0
/proc/1305594/statm: 23778 20748 2091 41 0 19857 0
Current children cumulated CPU time: 822.24 s
Current children cumulated vsize: 122020 KiB
Current children cumulated memory: 96604 KiB

[startup+882.3 s]
/proc/loadavg: 14.28 14.24 13.91 15/809 1305999
/proc/meminfo: memFree=364748300/528004516 swapFree=8388604/8388604
[pid=1305590] ppid=1305589 vsize=26908 memory=13612 CPUtime=0.06 cores=28-29
/proc/1305590/stat : 1305590 (perf) S 1305589 1305590 1305547 0 -1 0 1738 237 0 0 5 1 0 0 20 0 1 0 923008807 27553792 3403 17179869184 93824994299904 93824996572973 140737488338256 0 0 0 134217728 4 74274 1 0 0 17 28 0 0 0 0 0 93824998874888 93825001005840 93825001308160 140737488340073 140737488340470 140737488340470 140737488351179 0
/proc/1305590/statm: 6727 3403 2098 555 0 1769 0
[pid=1305594] ppid=1305590 vsize=97128 memory=84840 CPUtime=882.18 cores=28-29
/proc/1305594/stat : 1305594 (clingo) R 1305590 1305590 1305547 0 -1 0 19474 0 0 0 88214 4 0 0 20 0 1 0 923008815 99459072 21210 17179869184 93824992301056 93824992468925 140737488338416 0 0 0 134217728 4 25184771 0 0 0 17 28 0 0 0 0 0 93824992533936 93824992571272 93824992575488 140737488340183 140737488340354 140737488340354 140737488351170 0
/proc/1305594/statm: 24282 21210 2091 41 0 20361 0
Current children cumulated CPU time: 882.24 s
Current children cumulated vsize: 124036 KiB
Current children cumulated memory: 98452 KiB

[startup+942.3 s]
/proc/loadavg: 14.10 14.19 13.91 15/808 1306002
/proc/meminfo: memFree=364704500/528004516 swapFree=8388604/8388604
[pid=1305590] ppid=1305589 vsize=26908 memory=13612 CPUtime=0.06 cores=28-29
/proc/1305590/stat : 1305590 (perf) S 1305589 1305590 1305547 0 -1 0 1738 237 0 0 5 1 0 0 20 0 1 0 923008807 27553792 3403 17179869184 93824994299904 93824996572973 140737488338256 0 0 0 134217728 4 74274 1 0 0 17 28 0 0 0 0 0 93824998874888 93825001005840 93825001308160 140737488340073 140737488340470 140737488340470 140737488351179 0
/proc/1305590/statm: 6727 3403 2098 555 0 1769 0
[pid=1305594] ppid=1305590 vsize=103176 memory=89856 CPUtime=942.18 cores=28-29
/proc/1305594/stat : 1305594 (clingo) R 1305590 1305590 1305547 0 -1 0 20677 0 0 0 94214 4 0 0 20 0 1 0 923008815 105652224 22464 17179869184 93824992301056 93824992468925 140737488338416 0 0 0 134217728 4 25184771 0 0 0 17 28 0 0 0 0 0 93824992533936 93824992571272 93824992575488 140737488340183 140737488340354 140737488340354 140737488351170 0
/proc/1305594/statm: 25794 22464 2091 41 0 21873 0
Current children cumulated CPU time: 942.24 s
Current children cumulated vsize: 130084 KiB
Current children cumulated memory: 103468 KiB

[startup+1002.3 s]
/proc/loadavg: 14.12 14.17 13.92 15/808 1306005
/proc/meminfo: memFree=364670740/528004516 swapFree=8388604/8388604
[pid=1305590] ppid=1305589 vsize=26908 memory=13612 CPUtime=0.06 cores=28-29
/proc/1305590/stat : 1305590 (perf) S 1305589 1305590 1305547 0 -1 0 1738 237 0 0 5 1 0 0 20 0 1 0 923008807 27553792 3403 17179869184 93824994299904 93824996572973 140737488338256 0 0 0 134217728 4 74274 1 0 0 17 28 0 0 0 0 0 93824998874888 93825001005840 93825001308160 140737488340073 140737488340470 140737488340470 140737488351179 0
/proc/1305590/statm: 6727 3403 2098 555 0 1769 0
[pid=1305594] ppid=1305590 vsize=104040 memory=90648 CPUtime=1002.18 cores=28-29
/proc/1305594/stat : 1305594 (clingo) R 1305590 1305590 1305547 0 -1 0 20874 0 0 0 100214 4 0 0 20 0 1 0 923008815 106536960 22662 17179869184 93824992301056 93824992468925 140737488338416 0 0 0 134217728 4 25184771 0 0 0 17 28 0 0 0 0 0 93824992533936 93824992571272 93824992575488 140737488340183 140737488340354 140737488340354 140737488351170 0
/proc/1305594/statm: 26010 22662 2091 41 0 22089 0
Current children cumulated CPU time: 1002.24 s
Current children cumulated vsize: 130948 KiB
Current children cumulated memory: 104260 KiB

[startup+1062.3 s]
/proc/loadavg: 14.04 14.14 13.93 15/808 1306009
/proc/meminfo: memFree=364632436/528004516 swapFree=8388604/8388604
[pid=1305590] ppid=1305589 vsize=26908 memory=13612 CPUtime=0.06 cores=28-29
/proc/1305590/stat : 1305590 (perf) S 1305589 1305590 1305547 0 -1 0 1738 237 0 0 5 1 0 0 20 0 1 0 923008807 27553792 3403 17179869184 93824994299904 93824996572973 140737488338256 0 0 0 134217728 4 74274 1 0 0 17 28 0 0 0 0 0 93824998874888 93825001005840 93825001308160 140737488340073 140737488340470 140737488340470 140737488351179 0
/proc/1305590/statm: 6727 3403 2098 555 0 1769 0
[pid=1305594] ppid=1305590 vsize=109224 memory=94608 CPUtime=1062.18 cores=28-29
/proc/1305594/stat : 1305594 (clingo) R 1305590 1305590 1305547 0 -1 0 21913 0 0 0 106214 4 0 0 20 0 1 0 923008815 111845376 23652 17179869184 93824992301056 93824992468925 140737488338416 0 0 0 134217728 4 25184771 0 0 0 17 28 0 0 0 0 0 93824992533936 93824992571272 93824992575488 140737488340183 140737488340354 140737488340354 140737488351170 0
/proc/1305594/statm: 27306 23652 2091 41 0 23385 0
Current children cumulated CPU time: 1062.24 s
Current children cumulated vsize: 136132 KiB
Current children cumulated memory: 108220 KiB

[startup+1122.3 s]
/proc/loadavg: 14.01 14.11 13.94 15/808 1306011
/proc/meminfo: memFree=364608544/528004516 swapFree=8388604/8388604
[pid=1305590] ppid=1305589 vsize=26908 memory=13612 CPUtime=0.06 cores=28-29
/proc/1305590/stat : 1305590 (perf) S 1305589 1305590 1305547 0 -1 0 1738 237 0 0 5 1 0 0 20 0 1 0 923008807 27553792 3403 17179869184 93824994299904 93824996572973 140737488338256 0 0 0 134217728 4 74274 1 0 0 17 28 0 0 0 0 0 93824998874888 93825001005840 93825001308160 140737488340073 140737488340470 140737488340470 140737488351179 0
/proc/1305590/statm: 6727 3403 2098 555 0 1769 0
[pid=1305594] ppid=1305590 vsize=112968 memory=97512 CPUtime=1122.18 cores=28-29
/proc/1305594/stat : 1305594 (clingo) R 1305590 1305590 1305547 0 -1 0 22651 0 0 0 112213 5 0 0 20 0 1 0 923008815 115679232 24378 17179869184 93824992301056 93824992468925 140737488338416 0 0 0 134217728 4 25184771 0 0 0 17 28 0 0 0 0 0 93824992533936 93824992571272 93824992575488 140737488340183 140737488340354 140737488340354 140737488351170 0
/proc/1305594/statm: 28242 24378 2091 41 0 24321 0
Current children cumulated CPU time: 1122.24 s
Current children cumulated vsize: 139876 KiB
Current children cumulated memory: 111124 KiB

[startup+1182.3 s]
/proc/loadavg: 14.62 14.28 14.01 15/808 1306014
/proc/meminfo: memFree=364576288/528004516 swapFree=8388604/8388604
[pid=1305590] ppid=1305589 vsize=26908 memory=13612 CPUtime=0.06 cores=28-29
/proc/1305590/stat : 1305590 (perf) S 1305589 1305590 1305547 0 -1 0 1738 237 0 0 5 1 0 0 20 0 1 0 923008807 27553792 3403 17179869184 93824994299904 93824996572973 140737488338256 0 0 0 134217728 4 74274 1 0 0 17 28 0 0 0 0 0 93824998874888 93825001005840 93825001308160 140737488340073 140737488340470 140737488340470 140737488351179 0
/proc/1305590/statm: 6727 3403 2098 555 0 1769 0
[pid=1305594] ppid=1305590 vsize=117576 memory=101208 CPUtime=1182.18 cores=28-29
/proc/1305594/stat : 1305594 (clingo) R 1305590 1305590 1305547 0 -1 0 23554 0 0 0 118213 5 0 0 20 0 1 0 923008815 120397824 25302 17179869184 93824992301056 93824992468925 140737488338416 0 0 0 134217728 4 25184771 0 0 0 17 28 0 0 0 0 0 93824992533936 93824992571272 93824992575488 140737488340183 140737488340354 140737488340354 140737488351170 0
/proc/1305594/statm: 29394 25302 2091 41 0 25473 0
Current children cumulated CPU time: 1182.24 s
Current children cumulated vsize: 144484 KiB
Current children cumulated memory: 114820 KiB



Maximum wall clock time exceeded: sending SIGTERM then SIGKILL

[startup+1205 s]*
/proc/loadavg: 14.41 14.26 14.01 14/812 1307710
/proc/meminfo: memFree=365376736/528004516 swapFree=8388604/8388604
[pid=1305590] ppid=1305589 vsize=26908 memory=13612 CPUtime=0.06 cores=28-29
/proc/1305590/stat : 1305590 (perf) S 1305589 1305590 1305547 0 -1 0 1738 237 0 0 5 1 0 0 20 0 1 0 923008807 27553792 3403 17179869184 93824994299904 93824996572973 140737488338256 0 0 0 134217728 4 74274 1 0 0 17 28 0 0 0 0 0 93824998874888 93825001005840 93825001308160 140737488340073 140737488340470 140737488340470 140737488351179 0
/proc/1305590/statm: 6727 3403 2098 555 0 1769 0
[pid=1305594] ppid=1305590 vsize=117576 memory=101208 CPUtime=1204.89 cores=28-29
/proc/1305594/stat : 1305594 (clingo) R 1305590 1305590 1305547 0 -1 0 23556 0 0 0 120484 5 0 0 20 0 1 0 923008815 120397824 25302 17179869184 93824992301056 93824992468925 140737488338416 0 0 0 134217728 4 25184771 0 0 0 17 28 0 0 0 0 0 93824992533936 93824992571272 93824992575488 140737488340183 140737488340354 140737488340354 140737488351170 0
/proc/1305594/statm: 29394 25302 2091 41 0 25473 0
Current children cumulated CPU time: 1204.95 s
Current children cumulated vsize: 144484 KiB
Current children cumulated memory: 114820 KiB

Sending SIGINT to process tree (bottom up)
Sleeping 5 seconds

[startup+1205.03 s]
# the end of solver process 1305590 was just reported to runsolver
# cumulated CPU time of all completed processes:  user=1204.91 s, system=0.082761 s

Solver just ended.
??? end of watcher thread
Dumping a history of the last processes samples

Child status: 1
Real time (s): 1205.03
CPU time (s): 1205
CPU user time (s): 1204.91
CPU system time (s): 0.082761
CPU usage (%): 99.9976
Max. virtual memory (cumulated for all children) (KiB): 144484
Max. memory (cumulated for all children) (KiB): 114820

getrusage(RUSAGE_CHILDREN,...) data:
user time used= 1204.91
system time used= 0.082761
maximum resident set size= 101400
integral shared memory size= 0
integral unshared data size= 0
integral unshared stack size= 0
page reclaims= 25571
page faults= 0
swaps= 0
block input operations= 0
block output operations= 0
messages sent= 0
messages received= 0
signals received= 0
voluntary context switches= 17
involuntary context switches= 936


# summary of solver processes directly reported to runsolver:
#   pid: 1305590
#   total CPU time (s): 1205
#   total CPU user time (s): 1204.91
#   total CPU system time (s): 0.082761

??? end of timestamper thread
runsolver used 7.43513 second user time and 15.7843 second system time

The end
