runsolver version 3.4.0 (svn: 3018) Copyright (C) 2010-2013 Olivier ROUSSEL

This program is distributed in the hope that it will be useful,
but WITHOUT ANY WARRANTY; without even the implied warranty of
MERCHANTABILITY or FITNESS FOR A PARTICULAR PURPOSE.  See the
GNU General Public License for more details.

NUMA information:
  number of nodes: 2
  memory of node 0: 257634 MiB (180130 MiB free)
  memory of node 1: 257994 MiB (185877 MiB free)
  node distances:
     10  20
     20  10

command line: /dev/shm/37430b1e-2e81-11f1-ac62-000c298f4621/input/runsolver -w /dev/shm/37430b1e-2e81-11f1-ac62-000c298f4621/output/runsolver.log -v /dev/shm/37430b1e-2e81-11f1-ac62-000c298f4621/output/varfile.log -W 1205 --rss-swap-limit 16384 -d 5 --sigint /usr/bin/perf stat -B -e task-clock,cache-references,cache-misses,cycles,instructions,branches,faults,migrations,context-switches -o /dev/shm/37430b1e-2e81-11f1-ac62-000c298f4621/output/perf.log clingo /home/guests/mmacri/AMOSUM/benchmarks/GraphColouring/encoding-plain-amo.asp /dev/shm/37430b1e-2e81-11f1-ac62-000c298f4621/input/0013-graph_colouring-130-0_4992.asp 

running on 2 cores: 30-31

Enforcing wall clock limit (soft limit, will send SIGTERM then SIGKILL): 1205 seconds
Enforcing RSS+Swap limit (soft limit, will send SIGTERM then SIGKILL): 16777216 KiB
Linux 5.15.0-131-generic
Current StackSize limit: 8192 KiB

solver pid=4057156, runsolver pid=4057150

[startup+0.100069 s]*
/proc/loadavg: 14.46 14.46 13.31 8/765 4057219
/proc/meminfo: memFree=374778392/528004312 swapFree=8388604/8388604
[pid=4057156] ppid=4057150 vsize=26908 memory=13612 CPUtime=0.07 cores=30-31
/proc/4057156/stat : 4057156 (perf) S 4057150 4057156 4056834 0 -1 0 1738 237 0 0 6 1 0 0 20 0 1 0 923017979 27553792 3403 17179869184 93824994299904 93824996572973 140737488338256 0 0 0 134217728 4 74274 1 0 0 17 30 0 0 0 0 0 93824998874888 93825001005840 93825001308160 140737488340073 140737488340470 140737488340470 140737488351179 0
/proc/4057156/statm: 6727 3403 2098 555 0 1769 0
[pid=4057218] ppid=4057156 vsize=19748 memory=11448 CPUtime=0.02 cores=30-31
/proc/4057218/stat : 4057218 (clingo) R 4057156 4057156 4056834 0 -1 0 1156 0 0 0 2 0 0 0 20 0 1 0 923017987 20221952 2862 17179869184 93824992301056 93824992468925 140737488338416 0 0 0 134217728 4 25184771 0 0 0 17 31 0 0 0 0 0 93824992533936 93824992571272 93824992575488 140737488340183 140737488340354 140737488340354 140737488351170 0
/proc/4057218/statm: 4937 2862 2054 41 0 1016 0
Current children cumulated CPU time: 0.09 s
Current children cumulated vsize: 46656 KiB
Current children cumulated memory: 25060 KiB

[startup+0.224066 s]*
/proc/loadavg: 14.46 14.46 13.31 21/808 4057440
/proc/meminfo: memFree=374756412/528004312 swapFree=8388604/8388604
[pid=4057156] ppid=4057150 vsize=26908 memory=13612 CPUtime=0.07 cores=30-31
/proc/4057156/stat : 4057156 (perf) S 4057150 4057156 4056834 0 -1 0 1738 237 0 0 6 1 0 0 20 0 1 0 923017979 27553792 3403 17179869184 93824994299904 93824996572973 140737488338256 0 0 0 134217728 4 74274 1 0 0 17 30 0 0 0 0 0 93824998874888 93825001005840 93825001308160 140737488340073 140737488340470 140737488340470 140737488351179 0
/proc/4057156/statm: 6727 3403 2098 555 0 1769 0
[pid=4057218] ppid=4057156 vsize=24704 memory=16580 CPUtime=0.14 cores=30-31
/proc/4057218/stat : 4057218 (clingo) R 4057156 4057156 4056834 0 -1 0 2389 0 0 0 14 0 0 0 20 0 1 0 923017987 25296896 4145 17179869184 93824992301056 93824992468925 140737488338416 0 0 0 134217728 4 25184771 0 0 0 17 31 0 0 0 0 0 93824992533936 93824992571272 93824992575488 140737488340183 140737488340354 140737488340354 140737488351170 0
/proc/4057218/statm: 6176 4145 2085 41 0 2255 0
Current children cumulated CPU time: 0.21 s
Current children cumulated vsize: 51612 KiB
Current children cumulated memory: 30192 KiB

[startup+0.334387 s]*
/proc/loadavg: 14.46 14.46 13.31 16/817 4057528
/proc/meminfo: memFree=374814172/528004312 swapFree=8388604/8388604
[pid=4057156] ppid=4057150 vsize=26908 memory=13612 CPUtime=0.07 cores=30-31
/proc/4057156/stat : 4057156 (perf) S 4057150 4057156 4056834 0 -1 0 1738 237 0 0 6 1 0 0 20 0 1 0 923017979 27553792 3403 17179869184 93824994299904 93824996572973 140737488338256 0 0 0 134217728 4 74274 1 0 0 17 30 0 0 0 0 0 93824998874888 93825001005840 93825001308160 140737488340073 140737488340470 140737488340470 140737488351179 0
/proc/4057156/statm: 6727 3403 2098 555 0 1769 0
[pid=4057218] ppid=4057156 vsize=25760 memory=17636 CPUtime=0.23 cores=30-31
/proc/4057218/stat : 4057218 (clingo) R 4057156 4057156 4056834 0 -1 0 2659 0 0 0 23 0 0 0 20 0 1 0 923017987 26378240 4409 17179869184 93824992301056 93824992468925 140737488338416 0 0 0 134217728 4 25184771 0 0 0 17 31 0 0 0 0 0 93824992533936 93824992571272 93824992575488 140737488340183 140737488340354 140737488340354 140737488351170 0
/proc/4057218/statm: 6440 4409 2085 41 0 2519 0
Current children cumulated CPU time: 0.3 s
Current children cumulated vsize: 52668 KiB
Current children cumulated memory: 31248 KiB

[startup+0.700308 s]
/proc/loadavg: 14.46 14.46 13.31 16/830 4057576
/proc/meminfo: memFree=374769072/528004312 swapFree=8388604/8388604
[pid=4057156] ppid=4057150 vsize=26908 memory=13612 CPUtime=0.07 cores=30-31
/proc/4057156/stat : 4057156 (perf) S 4057150 4057156 4056834 0 -1 0 1738 237 0 0 6 1 0 0 20 0 1 0 923017979 27553792 3403 17179869184 93824994299904 93824996572973 140737488338256 0 0 0 134217728 4 74274 1 0 0 17 30 0 0 0 0 0 93824998874888 93825001005840 93825001308160 140737488340073 140737488340470 140737488340470 140737488351179 0
/proc/4057156/statm: 6727 3403 2098 555 0 1769 0
[pid=4057218] ppid=4057156 vsize=27080 memory=18956 CPUtime=0.52 cores=30-31
/proc/4057218/stat : 4057218 (clingo) R 4057156 4057156 4056834 0 -1 0 2991 0 0 0 52 0 0 0 20 0 1 0 923017987 27729920 4739 17179869184 93824992301056 93824992468925 140737488338416 0 0 0 134217728 4 25184771 0 0 0 17 31 0 0 0 0 0 93824992533936 93824992571272 93824992575488 140737488340183 140737488340354 140737488340354 140737488351170 0
/proc/4057218/statm: 6770 4739 2085 41 0 2849 0
Current children cumulated CPU time: 0.59 s
Current children cumulated vsize: 53988 KiB
Current children cumulated memory: 32568 KiB

[startup+1.50034 s]
/proc/loadavg: 14.46 14.46 13.31 17/830 4057576
/proc/meminfo: memFree=374729528/528004312 swapFree=8388604/8388604
[pid=4057156] ppid=4057150 vsize=26908 memory=13612 CPUtime=0.07 cores=30-31
/proc/4057156/stat : 4057156 (perf) S 4057150 4057156 4056834 0 -1 0 1738 237 0 0 6 1 0 0 20 0 1 0 923017979 27553792 3403 17179869184 93824994299904 93824996572973 140737488338256 0 0 0 134217728 4 74274 1 0 0 17 30 0 0 0 0 0 93824998874888 93825001005840 93825001308160 140737488340073 140737488340470 140737488340470 140737488351179 0
/proc/4057156/statm: 6727 3403 2098 555 0 1769 0
[pid=4057218] ppid=4057156 vsize=29364 memory=21332 CPUtime=1.32 cores=30-31
/proc/4057218/stat : 4057218 (clingo) R 4057156 4057156 4056834 0 -1 0 3550 0 0 0 132 0 0 0 20 0 1 0 923017987 30068736 5333 17179869184 93824992301056 93824992468925 140737488338416 0 0 0 134217728 4 25184771 0 0 0 17 30 0 0 0 0 0 93824992533936 93824992571272 93824992575488 140737488340183 140737488340354 140737488340354 140737488351170 0
/proc/4057218/statm: 7341 5333 2085 41 0 3420 0
Current children cumulated CPU time: 1.39 s
Current children cumulated vsize: 56272 KiB
Current children cumulated memory: 34944 KiB

[startup+3.11676 s]
/proc/loadavg: 14.42 14.45 13.31 15/825 4057639
/proc/meminfo: memFree=374688172/528004312 swapFree=8388604/8388604
[pid=4057156] ppid=4057150 vsize=26908 memory=13612 CPUtime=0.07 cores=30-31
/proc/4057156/stat : 4057156 (perf) S 4057150 4057156 4056834 0 -1 0 1738 237 0 0 6 1 0 0 20 0 1 0 923017979 27553792 3403 17179869184 93824994299904 93824996572973 140737488338256 0 0 0 134217728 4 74274 1 0 0 17 30 0 0 0 0 0 93824998874888 93825001005840 93825001308160 140737488340073 140737488340470 140737488340470 140737488351179 0
/proc/4057156/statm: 6727 3403 2098 555 0 1769 0
[pid=4057218] ppid=4057156 vsize=31488 memory=23444 CPUtime=2.93 cores=30-31
/proc/4057218/stat : 4057218 (clingo) R 4057156 4057156 4056834 0 -1 0 4104 0 0 0 293 0 0 0 20 0 1 0 923017987 32243712 5861 17179869184 93824992301056 93824992468925 140737488338416 0 0 0 134217728 4 25184771 0 0 0 17 30 0 0 0 0 0 93824992533936 93824992571272 93824992575488 140737488340183 140737488340354 140737488340354 140737488351170 0
/proc/4057218/statm: 7872 5861 2085 41 0 3951 0
Current children cumulated CPU time: 3 s
Current children cumulated vsize: 58396 KiB
Current children cumulated memory: 37056 KiB

[startup+6.30028 s]
/proc/loadavg: 14.42 14.45 13.31 16/832 4057784
/proc/meminfo: memFree=374643724/528004312 swapFree=8388604/8388604
[pid=4057156] ppid=4057150 vsize=26908 memory=13612 CPUtime=0.07 cores=30-31
/proc/4057156/stat : 4057156 (perf) S 4057150 4057156 4056834 0 -1 0 1738 237 0 0 6 1 0 0 20 0 1 0 923017979 27553792 3403 17179869184 93824994299904 93824996572973 140737488338256 0 0 0 134217728 4 74274 1 0 0 17 30 0 0 0 0 0 93824998874888 93825001005840 93825001308160 140737488340073 140737488340470 140737488340470 140737488351179 0
/proc/4057156/statm: 6727 3403 2098 555 0 1769 0
[pid=4057218] ppid=4057156 vsize=34592 memory=26348 CPUtime=6.12 cores=30-31
/proc/4057218/stat : 4057218 (clingo) R 4057156 4057156 4056834 0 -1 0 4852 0 0 0 612 0 0 0 20 0 1 0 923017987 35422208 6587 17179869184 93824992301056 93824992468925 140737488338416 0 0 0 134217728 4 25184771 0 0 0 17 30 0 0 0 0 0 93824992533936 93824992571272 93824992575488 140737488340183 140737488340354 140737488340354 140737488351170 0
/proc/4057218/statm: 8648 6587 2085 41 0 4727 0
Current children cumulated CPU time: 6.19 s
Current children cumulated vsize: 61500 KiB
Current children cumulated memory: 39960 KiB

[startup+12.7003 s]
/proc/loadavg: 14.36 14.44 13.32 16/832 4057784
/proc/meminfo: memFree=374589972/528004312 swapFree=8388604/8388604
[pid=4057156] ppid=4057150 vsize=26908 memory=13612 CPUtime=0.07 cores=30-31
/proc/4057156/stat : 4057156 (perf) S 4057150 4057156 4056834 0 -1 0 1738 237 0 0 6 1 0 0 20 0 1 0 923017979 27553792 3403 17179869184 93824994299904 93824996572973 140737488338256 0 0 0 134217728 4 74274 1 0 0 17 30 0 0 0 0 0 93824998874888 93825001005840 93825001308160 140737488340073 140737488340470 140737488340470 140737488351179 0
/proc/4057156/statm: 6727 3403 2098 555 0 1769 0
[pid=4057218] ppid=4057156 vsize=38300 memory=30008 CPUtime=12.52 cores=30-31
/proc/4057218/stat : 4057218 (clingo) R 4057156 4057156 4056834 0 -1 0 5831 0 0 0 1252 0 0 0 20 0 1 0 923017987 39219200 7502 17179869184 93824992301056 93824992468925 140737488338416 0 0 0 134217728 4 25184771 0 0 0 17 30 0 0 0 0 0 93824992533936 93824992571272 93824992575488 140737488340183 140737488340354 140737488340354 140737488351170 0
/proc/4057218/statm: 9575 7502 2085 41 0 5654 0
Current children cumulated CPU time: 12.59 s
Current children cumulated vsize: 65208 KiB
Current children cumulated memory: 43620 KiB

[startup+25.5004 s]
/proc/loadavg: 14.38 14.44 13.33 16/832 4057784
/proc/meminfo: memFree=374514556/528004312 swapFree=8388604/8388604
[pid=4057156] ppid=4057150 vsize=26908 memory=13612 CPUtime=0.07 cores=30-31
/proc/4057156/stat : 4057156 (perf) S 4057150 4057156 4056834 0 -1 0 1738 237 0 0 6 1 0 0 20 0 1 0 923017979 27553792 3403 17179869184 93824994299904 93824996572973 140737488338256 0 0 0 134217728 4 74274 1 0 0 17 30 0 0 0 0 0 93824998874888 93825001005840 93825001308160 140737488340073 140737488340470 140737488340470 140737488351179 0
/proc/4057156/statm: 6727 3403 2098 555 0 1769 0
[pid=4057218] ppid=4057156 vsize=43248 memory=34760 CPUtime=25.32 cores=30-31
/proc/4057218/stat : 4057218 (clingo) R 4057156 4057156 4056834 0 -1 0 6996 0 0 0 2532 0 0 0 20 0 1 0 923017987 44285952 8690 17179869184 93824992301056 93824992468925 140737488338416 0 0 0 134217728 4 25184771 0 0 0 17 30 0 0 0 0 0 93824992533936 93824992571272 93824992575488 140737488340183 140737488340354 140737488340354 140737488351170 0
/proc/4057218/statm: 10812 8690 2085 41 0 6891 0
Current children cumulated CPU time: 25.39 s
Current children cumulated vsize: 70156 KiB
Current children cumulated memory: 48372 KiB

[startup+51.1171 s]
/proc/loadavg: 15.03 14.57 13.40 16/833 4057888
/proc/meminfo: memFree=374509132/528004312 swapFree=8388604/8388604
[pid=4057156] ppid=4057150 vsize=26908 memory=13612 CPUtime=0.07 cores=30-31
/proc/4057156/stat : 4057156 (perf) S 4057150 4057156 4056834 0 -1 0 1738 237 0 0 6 1 0 0 20 0 1 0 923017979 27553792 3403 17179869184 93824994299904 93824996572973 140737488338256 0 0 0 134217728 4 74274 1 0 0 17 30 0 0 0 0 0 93824998874888 93825001005840 93825001308160 140737488340073 140737488340470 140737488340470 140737488351179 0
/proc/4057156/statm: 6727 3403 2098 555 0 1769 0
[pid=4057218] ppid=4057156 vsize=49664 memory=40472 CPUtime=50.93 cores=30-31
/proc/4057218/stat : 4057218 (clingo) R 4057156 4057156 4056834 0 -1 0 8576 0 0 0 5092 1 0 0 20 0 1 0 923017987 50855936 10118 17179869184 93824992301056 93824992468925 140737488338416 0 0 0 134217728 4 25184771 0 0 0 17 30 0 0 0 0 0 93824992533936 93824992571272 93824992575488 140737488340183 140737488340354 140737488340354 140737488351170 0
/proc/4057218/statm: 12416 10118 2085 41 0 8495 0
Current children cumulated CPU time: 51 s
Current children cumulated vsize: 76572 KiB
Current children cumulated memory: 54084 KiB

[startup+102.3 s]
/proc/loadavg: 15.16 14.75 13.54 16/834 4057935
/proc/meminfo: memFree=374349648/528004312 swapFree=8388604/8388604
[pid=4057156] ppid=4057150 vsize=26908 memory=13612 CPUtime=0.07 cores=30-31
/proc/4057156/stat : 4057156 (perf) S 4057150 4057156 4056834 0 -1 0 1738 237 0 0 6 1 0 0 20 0 1 0 923017979 27553792 3403 17179869184 93824994299904 93824996572973 140737488338256 0 0 0 134217728 4 74274 1 0 0 17 30 0 0 0 0 0 93824998874888 93825001005840 93825001308160 140737488340073 140737488340470 140737488340470 140737488351179 0
/proc/4057156/statm: 6727 3403 2098 555 0 1769 0
[pid=4057218] ppid=4057156 vsize=61108 memory=51296 CPUtime=102.12 cores=30-31
/proc/4057218/stat : 4057218 (clingo) R 4057156 4057156 4056834 0 -1 0 11318 0 0 0 10211 1 0 0 20 0 1 0 923017987 62574592 12824 17179869184 93824992301056 93824992468925 140737488338416 0 0 0 134217728 4 25184771 0 0 0 17 30 0 0 0 0 0 93824992533936 93824992571272 93824992575488 140737488340183 140737488340354 140737488340354 140737488351170 0
/proc/4057218/statm: 15277 12824 2085 41 0 11356 0
Current children cumulated CPU time: 102.19 s
Current children cumulated vsize: 88016 KiB
Current children cumulated memory: 64908 KiB

[startup+162.3 s]
/proc/loadavg: 14.57 14.64 13.58 16/834 4057938
/proc/meminfo: memFree=374238028/528004312 swapFree=8388604/8388604
[pid=4057156] ppid=4057150 vsize=26908 memory=13612 CPUtime=0.07 cores=30-31
/proc/4057156/stat : 4057156 (perf) S 4057150 4057156 4056834 0 -1 0 1738 237 0 0 6 1 0 0 20 0 1 0 923017979 27553792 3403 17179869184 93824994299904 93824996572973 140737488338256 0 0 0 134217728 4 74274 1 0 0 17 30 0 0 0 0 0 93824998874888 93825001005840 93825001308160 140737488340073 140737488340470 140737488340470 140737488351179 0
/proc/4057156/statm: 6727 3403 2098 555 0 1769 0
[pid=4057218] ppid=4057156 vsize=70804 memory=59480 CPUtime=162.12 cores=30-31
/proc/4057218/stat : 4057218 (clingo) R 4057156 4057156 4056834 0 -1 0 13380 0 0 0 16211 1 0 0 20 0 1 0 923017987 72503296 14870 17179869184 93824992301056 93824992468925 140737488338416 0 0 0 134217728 4 25184771 0 0 0 17 30 0 0 0 0 0 93824992533936 93824992571272 93824992575488 140737488340183 140737488340354 140737488340354 140737488351170 0
/proc/4057218/statm: 17701 14870 2085 41 0 13780 0
Current children cumulated CPU time: 162.19 s
Current children cumulated vsize: 97712 KiB
Current children cumulated memory: 73092 KiB

[startup+222.3 s]
/proc/loadavg: 14.28 14.54 13.62 16/834 4057941
/proc/meminfo: memFree=374141840/528004312 swapFree=8388604/8388604
[pid=4057156] ppid=4057150 vsize=26908 memory=13612 CPUtime=0.07 cores=30-31
/proc/4057156/stat : 4057156 (perf) S 4057150 4057156 4056834 0 -1 0 1738 237 0 0 6 1 0 0 20 0 1 0 923017979 27553792 3403 17179869184 93824994299904 93824996572973 140737488338256 0 0 0 134217728 4 74274 1 0 0 17 30 0 0 0 0 0 93824998874888 93825001005840 93825001308160 140737488340073 140737488340470 140737488340470 140737488351179 0
/proc/4057156/statm: 6727 3403 2098 555 0 1769 0
[pid=4057218] ppid=4057156 vsize=76936 memory=65288 CPUtime=222.11 cores=30-31
/proc/4057218/stat : 4057218 (clingo) R 4057156 4057156 4056834 0 -1 0 14843 0 0 0 22210 1 0 0 20 0 1 0 923017987 78782464 16322 17179869184 93824992301056 93824992468925 140737488338416 0 0 0 134217728 4 25184771 0 0 0 17 30 0 0 0 0 0 93824992533936 93824992571272 93824992575488 140737488340183 140737488340354 140737488340354 140737488351170 0
/proc/4057218/statm: 19234 16322 2085 41 0 15313 0
Current children cumulated CPU time: 222.18 s
Current children cumulated vsize: 103844 KiB
Current children cumulated memory: 78900 KiB

[startup+282.3 s]
/proc/loadavg: 14.32 14.49 13.66 16/834 4057944
/proc/meminfo: memFree=374059456/528004312 swapFree=8388604/8388604
[pid=4057156] ppid=4057150 vsize=26908 memory=13612 CPUtime=0.07 cores=30-31
/proc/4057156/stat : 4057156 (perf) S 4057150 4057156 4056834 0 -1 0 1738 237 0 0 6 1 0 0 20 0 1 0 923017979 27553792 3403 17179869184 93824994299904 93824996572973 140737488338256 0 0 0 134217728 4 74274 1 0 0 17 30 0 0 0 0 0 93824998874888 93825001005840 93825001308160 140737488340073 140737488340470 140737488340470 140737488351179 0
/proc/4057156/statm: 6727 3403 2098 555 0 1769 0
[pid=4057218] ppid=4057156 vsize=80036 memory=68456 CPUtime=282.11 cores=30-31
/proc/4057218/stat : 4057218 (clingo) R 4057156 4057156 4056834 0 -1 0 15609 0 0 0 28210 1 0 0 20 0 1 0 923017987 81956864 17114 17179869184 93824992301056 93824992468925 140737488338416 0 0 0 134217728 4 25184771 0 0 0 17 30 0 0 0 0 0 93824992533936 93824992571272 93824992575488 140737488340183 140737488340354 140737488340354 140737488351170 0
/proc/4057218/statm: 20009 17114 2085 41 0 16088 0
Current children cumulated CPU time: 282.18 s
Current children cumulated vsize: 106944 KiB
Current children cumulated memory: 82068 KiB

[startup+342.3 s]
/proc/loadavg: 14.26 14.44 13.70 16/810 4057949
/proc/meminfo: memFree=373997076/528004312 swapFree=8388604/8388604
[pid=4057156] ppid=4057150 vsize=26908 memory=13612 CPUtime=0.07 cores=30-31
/proc/4057156/stat : 4057156 (perf) S 4057150 4057156 4056834 0 -1 0 1738 237 0 0 6 1 0 0 20 0 1 0 923017979 27553792 3403 17179869184 93824994299904 93824996572973 140737488338256 0 0 0 134217728 4 74274 1 0 0 17 30 0 0 0 0 0 93824998874888 93825001005840 93825001308160 140737488340073 140737488340470 140737488340470 140737488351179 0
/proc/4057156/statm: 6727 3403 2098 555 0 1769 0
[pid=4057218] ppid=4057156 vsize=86284 memory=74740 CPUtime=342.12 cores=30-31
/proc/4057218/stat : 4057218 (clingo) R 4057156 4057156 4056834 0 -1 0 17312 0 0 0 34210 2 0 0 20 0 1 0 923017987 88354816 18685 17179869184 93824992301056 93824992468925 140737488338416 0 0 0 134217728 4 25184771 0 0 0 17 30 0 0 0 0 0 93824992533936 93824992571272 93824992575488 140737488340183 140737488340354 140737488340354 140737488351170 0
/proc/4057218/statm: 21571 18685 2085 41 0 17650 0
Current children cumulated CPU time: 342.19 s
Current children cumulated vsize: 113192 KiB
Current children cumulated memory: 88352 KiB

[startup+402.3 s]
/proc/loadavg: 14.10 14.36 13.72 16/807 4057952
/proc/meminfo: memFree=373930816/528004312 swapFree=8388604/8388604
[pid=4057156] ppid=4057150 vsize=26908 memory=13612 CPUtime=0.07 cores=30-31
/proc/4057156/stat : 4057156 (perf) S 4057150 4057156 4056834 0 -1 0 1738 237 0 0 6 1 0 0 20 0 1 0 923017979 27553792 3403 17179869184 93824994299904 93824996572973 140737488338256 0 0 0 134217728 4 74274 1 0 0 17 30 0 0 0 0 0 93824998874888 93825001005840 93825001308160 140737488340073 140737488340470 140737488340470 140737488351179 0
/proc/4057156/statm: 6727 3403 2098 555 0 1769 0
[pid=4057218] ppid=4057156 vsize=92252 memory=79752 CPUtime=402.12 cores=30-31
/proc/4057218/stat : 4057218 (clingo) R 4057156 4057156 4056834 0 -1 0 18570 0 0 0 40210 2 0 0 20 0 1 0 923017987 94466048 19938 17179869184 93824992301056 93824992468925 140737488338416 0 0 0 134217728 4 25184771 0 0 0 17 30 0 0 0 0 0 93824992533936 93824992571272 93824992575488 140737488340183 140737488340354 140737488340354 140737488351170 0
/proc/4057218/statm: 23063 19938 2085 41 0 19142 0
Current children cumulated CPU time: 402.19 s
Current children cumulated vsize: 119160 KiB
Current children cumulated memory: 93364 KiB

[startup+462.3 s]
/proc/loadavg: 14.30 14.37 13.77 16/808 4057956
/proc/meminfo: memFree=373870100/528004312 swapFree=8388604/8388604
[pid=4057156] ppid=4057150 vsize=26908 memory=13612 CPUtime=0.07 cores=30-31
/proc/4057156/stat : 4057156 (perf) S 4057150 4057156 4056834 0 -1 0 1738 237 0 0 6 1 0 0 20 0 1 0 923017979 27553792 3403 17179869184 93824994299904 93824996572973 140737488338256 0 0 0 134217728 4 74274 1 0 0 17 30 0 0 0 0 0 93824998874888 93825001005840 93825001308160 140737488340073 140737488340470 140737488340470 140737488351179 0
/proc/4057156/statm: 6727 3403 2098 555 0 1769 0
[pid=4057218] ppid=4057156 vsize=96264 memory=83184 CPUtime=462.12 cores=30-31
/proc/4057218/stat : 4057218 (clingo) R 4057156 4057156 4056834 0 -1 0 19485 0 0 0 46209 3 0 0 20 0 1 0 923017987 98574336 20796 17179869184 93824992301056 93824992468925 140737488338416 0 0 0 134217728 4 25184771 0 0 0 17 30 0 0 0 0 0 93824992533936 93824992571272 93824992575488 140737488340183 140737488340354 140737488340354 140737488351170 0
/proc/4057218/statm: 24066 20796 2085 41 0 20145 0
Current children cumulated CPU time: 462.19 s
Current children cumulated vsize: 123172 KiB
Current children cumulated memory: 96796 KiB

[startup+522.3 s]
/proc/loadavg: 14.22 14.33 13.80 16/808 4057960
/proc/meminfo: memFree=373817736/528004312 swapFree=8388604/8388604
[pid=4057156] ppid=4057150 vsize=26908 memory=13612 CPUtime=0.07 cores=30-31
/proc/4057156/stat : 4057156 (perf) S 4057150 4057156 4056834 0 -1 0 1738 237 0 0 6 1 0 0 20 0 1 0 923017979 27553792 3403 17179869184 93824994299904 93824996572973 140737488338256 0 0 0 134217728 4 74274 1 0 0 17 30 0 0 0 0 0 93824998874888 93825001005840 93825001308160 140737488340073 140737488340470 140737488340470 140737488351179 0
/proc/4057156/statm: 6727 3403 2098 555 0 1769 0
[pid=4057218] ppid=4057156 vsize=103340 memory=89520 CPUtime=522.11 cores=30-31
/proc/4057218/stat : 4057218 (clingo) R 4057156 4057156 4056834 0 -1 0 21029 0 0 0 52208 3 0 0 20 0 1 0 923017987 105820160 22380 17179869184 93824992301056 93824992468925 140737488338416 0 0 0 134217728 4 25184771 0 0 0 17 30 0 0 0 0 0 93824992533936 93824992571272 93824992575488 140737488340183 140737488340354 140737488340354 140737488351170 0
/proc/4057218/statm: 25835 22380 2085 41 0 21914 0
Current children cumulated CPU time: 522.18 s
Current children cumulated vsize: 130248 KiB
Current children cumulated memory: 103132 KiB

[startup+582.3 s]
/proc/loadavg: 14.08 14.27 13.81 16/808 4057963
/proc/meminfo: memFree=373774176/528004312 swapFree=8388604/8388604
[pid=4057156] ppid=4057150 vsize=26908 memory=13612 CPUtime=0.07 cores=30-31
/proc/4057156/stat : 4057156 (perf) S 4057150 4057156 4056834 0 -1 0 1738 237 0 0 6 1 0 0 20 0 1 0 923017979 27553792 3403 17179869184 93824994299904 93824996572973 140737488338256 0 0 0 134217728 4 74274 1 0 0 17 30 0 0 0 0 0 93824998874888 93825001005840 93825001308160 140737488340073 140737488340470 140737488340470 140737488351179 0
/proc/4057156/statm: 6727 3403 2098 555 0 1769 0
[pid=4057218] ppid=4057156 vsize=106188 memory=91896 CPUtime=582.11 cores=30-31
/proc/4057218/stat : 4057218 (clingo) R 4057156 4057156 4056834 0 -1 0 21663 0 0 0 58208 3 0 0 20 0 1 0 923017987 108736512 22974 17179869184 93824992301056 93824992468925 140737488338416 0 0 0 134217728 4 25184771 0 0 0 17 30 0 0 0 0 0 93824992533936 93824992571272 93824992575488 140737488340183 140737488340354 140737488340354 140737488351170 0
/proc/4057218/statm: 26547 22974 2085 41 0 22626 0
Current children cumulated CPU time: 582.18 s
Current children cumulated vsize: 133096 KiB
Current children cumulated memory: 105508 KiB

[startup+642.3 s]
/proc/loadavg: 14.60 14.42 13.90 16/808 4057966
/proc/meminfo: memFree=373728060/528004312 swapFree=8388604/8388604
[pid=4057156] ppid=4057150 vsize=26908 memory=13612 CPUtime=0.07 cores=30-31
/proc/4057156/stat : 4057156 (perf) S 4057150 4057156 4056834 0 -1 0 1738 237 0 0 6 1 0 0 20 0 1 0 923017979 27553792 3403 17179869184 93824994299904 93824996572973 140737488338256 0 0 0 134217728 4 74274 1 0 0 17 30 0 0 0 0 0 93824998874888 93825001005840 93825001308160 140737488340073 140737488340470 140737488340470 140737488351179 0
/proc/4057156/statm: 6727 3403 2098 555 0 1769 0
[pid=4057218] ppid=4057156 vsize=109560 memory=95328 CPUtime=642.11 cores=30-31
/proc/4057218/stat : 4057218 (clingo) R 4057156 4057156 4056834 0 -1 0 22464 0 0 0 64208 3 0 0 20 0 1 0 923017987 112189440 23832 17179869184 93824992301056 93824992468925 140737488338416 0 0 0 134217728 4 25184771 0 0 0 17 30 0 0 0 0 0 93824992533936 93824992571272 93824992575488 140737488340183 140737488340354 140737488340354 140737488351170 0
/proc/4057218/statm: 27390 23832 2085 41 0 23469 0
Current children cumulated CPU time: 642.18 s
Current children cumulated vsize: 136468 KiB
Current children cumulated memory: 108940 KiB

[startup+702.3 s]
/proc/loadavg: 14.25 14.36 13.91 16/808 4057969
/proc/meminfo: memFree=373686776/528004312 swapFree=8388604/8388604
[pid=4057156] ppid=4057150 vsize=26908 memory=13612 CPUtime=0.07 cores=30-31
/proc/4057156/stat : 4057156 (perf) S 4057150 4057156 4056834 0 -1 0 1738 237 0 0 6 1 0 0 20 0 1 0 923017979 27553792 3403 17179869184 93824994299904 93824996572973 140737488338256 0 0 0 134217728 4 74274 1 0 0 17 30 0 0 0 0 0 93824998874888 93825001005840 93825001308160 140737488340073 140737488340470 140737488340470 140737488351179 0
/proc/4057156/statm: 6727 3403 2098 555 0 1769 0
[pid=4057218] ppid=4057156 vsize=114648 memory=99712 CPUtime=702.12 cores=30-31
/proc/4057218/stat : 4057218 (clingo) R 4057156 4057156 4056834 0 -1 0 23747 0 0 0 70208 4 0 0 20 0 1 0 923017987 117399552 24928 17179869184 93824992301056 93824992468925 140737488338416 0 0 0 134217728 4 25184771 0 0 0 17 30 0 0 0 0 0 93824992533936 93824992571272 93824992575488 140737488340183 140737488340354 140737488340354 140737488351170 0
/proc/4057218/statm: 28662 24928 2085 41 0 24741 0
Current children cumulated CPU time: 702.19 s
Current children cumulated vsize: 141556 KiB
Current children cumulated memory: 113324 KiB

[startup+762.3 s]
/proc/loadavg: 14.09 14.29 13.92 16/807 4057971
/proc/meminfo: memFree=373647748/528004312 swapFree=8388604/8388604
[pid=4057156] ppid=4057150 vsize=26908 memory=13612 CPUtime=0.07 cores=30-31
/proc/4057156/stat : 4057156 (perf) S 4057150 4057156 4056834 0 -1 0 1738 237 0 0 6 1 0 0 20 0 1 0 923017979 27553792 3403 17179869184 93824994299904 93824996572973 140737488338256 0 0 0 134217728 4 74274 1 0 0 17 30 0 0 0 0 0 93824998874888 93825001005840 93825001308160 140737488340073 140737488340470 140737488340470 140737488351179 0
/proc/4057156/statm: 6727 3403 2098 555 0 1769 0
[pid=4057218] ppid=4057156 vsize=115596 memory=101032 CPUtime=762.12 cores=30-31
/proc/4057218/stat : 4057218 (clingo) R 4057156 4057156 4056834 0 -1 0 24069 0 0 0 76208 4 0 0 20 0 1 0 923017987 118370304 25258 17179869184 93824992301056 93824992468925 140737488338416 0 0 0 134217728 4 25184771 0 0 0 17 30 0 0 0 0 0 93824992533936 93824992571272 93824992575488 140737488340183 140737488340354 140737488340354 140737488351170 0
/proc/4057218/statm: 28899 25258 2085 41 0 24978 0
Current children cumulated CPU time: 762.19 s
Current children cumulated vsize: 142504 KiB
Current children cumulated memory: 114644 KiB

[startup+822.3 s]
/proc/loadavg: 14.07 14.25 13.93 16/809 4057976
/proc/meminfo: memFree=373610216/528004312 swapFree=8388604/8388604
[pid=4057156] ppid=4057150 vsize=26908 memory=13612 CPUtime=0.07 cores=30-31
/proc/4057156/stat : 4057156 (perf) S 4057150 4057156 4056834 0 -1 0 1738 237 0 0 6 1 0 0 20 0 1 0 923017979 27553792 3403 17179869184 93824994299904 93824996572973 140737488338256 0 0 0 134217728 4 74274 1 0 0 17 30 0 0 0 0 0 93824998874888 93825001005840 93825001308160 140737488340073 140737488340470 140737488340470 140737488351179 0
/proc/4057156/statm: 6727 3403 2098 555 0 1769 0
[pid=4057218] ppid=4057156 vsize=117780 memory=103144 CPUtime=822.12 cores=30-31
/proc/4057218/stat : 4057218 (clingo) R 4057156 4057156 4056834 0 -1 0 24602 0 0 0 82208 4 0 0 20 0 1 0 923017987 120606720 25786 17179869184 93824992301056 93824992468925 140737488338416 0 0 0 134217728 4 25184771 0 0 0 17 30 0 0 0 0 0 93824992533936 93824992571272 93824992575488 140737488340183 140737488340354 140737488340354 140737488351170 0
/proc/4057218/statm: 29445 25786 2085 41 0 25524 0
Current children cumulated CPU time: 822.19 s
Current children cumulated vsize: 144688 KiB
Current children cumulated memory: 116756 KiB

[startup+882.3 s]
/proc/loadavg: 14.06 14.22 13.94 16/809 4057979
/proc/meminfo: memFree=373572940/528004312 swapFree=8388604/8388604
[pid=4057156] ppid=4057150 vsize=26908 memory=13612 CPUtime=0.07 cores=30-31
/proc/4057156/stat : 4057156 (perf) S 4057150 4057156 4056834 0 -1 0 1738 237 0 0 6 1 0 0 20 0 1 0 923017979 27553792 3403 17179869184 93824994299904 93824996572973 140737488338256 0 0 0 134217728 4 74274 1 0 0 17 30 0 0 0 0 0 93824998874888 93825001005840 93825001308160 140737488340073 140737488340470 140737488340470 140737488351179 0
/proc/4057156/statm: 6727 3403 2098 555 0 1769 0
[pid=4057218] ppid=4057156 vsize=121492 memory=106312 CPUtime=882.12 cores=30-31
/proc/4057218/stat : 4057218 (clingo) R 4057156 4057156 4056834 0 -1 0 25393 0 0 0 88208 4 0 0 20 0 1 0 923017987 124407808 26578 17179869184 93824992301056 93824992468925 140737488338416 0 0 0 134217728 4 25184771 0 0 0 17 30 0 0 0 0 0 93824992533936 93824992571272 93824992575488 140737488340183 140737488340354 140737488340354 140737488351170 0
/proc/4057218/statm: 30373 26578 2085 41 0 26452 0
Current children cumulated CPU time: 882.19 s
Current children cumulated vsize: 148400 KiB
Current children cumulated memory: 119924 KiB

[startup+942.3 s]
/proc/loadavg: 14.22 14.22 13.96 16/809 4057984
/proc/meminfo: memFree=373528872/528004312 swapFree=8388604/8388604
[pid=4057156] ppid=4057150 vsize=26908 memory=13612 CPUtime=0.07 cores=30-31
/proc/4057156/stat : 4057156 (perf) S 4057150 4057156 4056834 0 -1 0 1738 237 0 0 6 1 0 0 20 0 1 0 923017979 27553792 3403 17179869184 93824994299904 93824996572973 140737488338256 0 0 0 134217728 4 74274 1 0 0 17 30 0 0 0 0 0 93824998874888 93825001005840 93825001308160 140737488340073 140737488340470 140737488340470 140737488351179 0
/proc/4057156/statm: 6727 3403 2098 555 0 1769 0
[pid=4057218] ppid=4057156 vsize=123684 memory=108424 CPUtime=942.12 cores=30-31
/proc/4057218/stat : 4057218 (clingo) R 4057156 4057156 4056834 0 -1 0 25945 0 0 0 94207 5 0 0 20 0 1 0 923017987 126652416 27106 17179869184 93824992301056 93824992468925 140737488338416 0 0 0 134217728 4 25184771 0 0 0 17 30 0 0 0 0 0 93824992533936 93824992571272 93824992575488 140737488340183 140737488340354 140737488340354 140737488351170 0
/proc/4057218/statm: 30921 27106 2085 41 0 27000 0
Current children cumulated CPU time: 942.19 s
Current children cumulated vsize: 150592 KiB
Current children cumulated memory: 122036 KiB

[startup+1002.3 s]
/proc/loadavg: 14.60 14.35 14.02 16/809 4057987
/proc/meminfo: memFree=373491844/528004312 swapFree=8388604/8388604
[pid=4057156] ppid=4057150 vsize=26908 memory=13612 CPUtime=0.07 cores=30-31
/proc/4057156/stat : 4057156 (perf) S 4057150 4057156 4056834 0 -1 0 1738 237 0 0 6 1 0 0 20 0 1 0 923017979 27553792 3403 17179869184 93824994299904 93824996572973 140737488338256 0 0 0 134217728 4 74274 1 0 0 17 30 0 0 0 0 0 93824998874888 93825001005840 93825001308160 140737488340073 140737488340470 140737488340470 140737488351179 0
/proc/4057156/statm: 6727 3403 2098 555 0 1769 0
[pid=4057218] ppid=4057156 vsize=126556 memory=111064 CPUtime=1002.12 cores=30-31
/proc/4057218/stat : 4057218 (clingo) R 4057156 4057156 4056834 0 -1 0 26628 0 0 0 100207 5 0 0 20 0 1 0 923017987 129593344 27766 17179869184 93824992301056 93824992468925 140737488338416 0 0 0 134217728 4 25184771 0 0 0 17 30 0 0 0 0 0 93824992533936 93824992571272 93824992575488 140737488340183 140737488340354 140737488340354 140737488351170 0
/proc/4057218/statm: 31639 27766 2085 41 0 27718 0
Current children cumulated CPU time: 1002.19 s
Current children cumulated vsize: 153464 KiB
Current children cumulated memory: 124676 KiB

[startup+1062.3 s]
/proc/loadavg: 14.26 14.30 14.02 16/809 4057989
/proc/meminfo: memFree=373451796/528004312 swapFree=8388604/8388604
[pid=4057156] ppid=4057150 vsize=26908 memory=13612 CPUtime=0.07 cores=30-31
/proc/4057156/stat : 4057156 (perf) S 4057150 4057156 4056834 0 -1 0 1738 237 0 0 6 1 0 0 20 0 1 0 923017979 27553792 3403 17179869184 93824994299904 93824996572973 140737488338256 0 0 0 134217728 4 74274 1 0 0 17 30 0 0 0 0 0 93824998874888 93825001005840 93825001308160 140737488340073 140737488340470 140737488340470 140737488351179 0
/proc/4057156/statm: 6727 3403 2098 555 0 1769 0
[pid=4057218] ppid=4057156 vsize=130056 memory=114608 CPUtime=1062.12 cores=30-31
/proc/4057218/stat : 4057218 (clingo) R 4057156 4057156 4056834 0 -1 0 27629 0 0 0 106207 5 0 0 20 0 1 0 923017987 133177344 28652 17179869184 93824992301056 93824992468925 140737488338416 0 0 0 134217728 4 25184771 0 0 0 17 30 0 0 0 0 0 93824992533936 93824992571272 93824992575488 140737488340183 140737488340354 140737488340354 140737488351170 0
/proc/4057218/statm: 32514 28652 2085 41 0 28593 0
Current children cumulated CPU time: 1062.19 s
Current children cumulated vsize: 156964 KiB
Current children cumulated memory: 128220 KiB

[startup+1122.3 s]
/proc/loadavg: 14.19 14.27 14.03 16/808 4057993
/proc/meminfo: memFree=373424064/528004312 swapFree=8388604/8388604
[pid=4057156] ppid=4057150 vsize=26908 memory=13612 CPUtime=0.07 cores=30-31
/proc/4057156/stat : 4057156 (perf) S 4057150 4057156 4056834 0 -1 0 1738 237 0 0 6 1 0 0 20 0 1 0 923017979 27553792 3403 17179869184 93824994299904 93824996572973 140737488338256 0 0 0 134217728 4 74274 1 0 0 17 30 0 0 0 0 0 93824998874888 93825001005840 93825001308160 140737488340073 140737488340470 140737488340470 140737488351179 0
/proc/4057156/statm: 6727 3403 2098 555 0 1769 0
[pid=4057218] ppid=4057156 vsize=131760 memory=116192 CPUtime=1122.12 cores=30-31
/proc/4057218/stat : 4057218 (clingo) R 4057156 4057156 4056834 0 -1 0 28021 0 0 0 112207 5 0 0 20 0 1 0 923017987 134922240 29048 17179869184 93824992301056 93824992468925 140737488338416 0 0 0 134217728 4 25184771 0 0 0 17 30 0 0 0 0 0 93824992533936 93824992571272 93824992575488 140737488340183 140737488340354 140737488340354 140737488351170 0
/proc/4057218/statm: 32940 29048 2085 41 0 29019 0
Current children cumulated CPU time: 1122.19 s
Current children cumulated vsize: 158668 KiB
Current children cumulated memory: 129804 KiB

[startup+1182.3 s]
/proc/loadavg: 14.12 14.23 14.03 16/808 4057996
/proc/meminfo: memFree=373392580/528004312 swapFree=8388604/8388604
[pid=4057156] ppid=4057150 vsize=26908 memory=13612 CPUtime=0.07 cores=30-31
/proc/4057156/stat : 4057156 (perf) S 4057150 4057156 4056834 0 -1 0 1738 237 0 0 6 1 0 0 20 0 1 0 923017979 27553792 3403 17179869184 93824994299904 93824996572973 140737488338256 0 0 0 134217728 4 74274 1 0 0 17 30 0 0 0 0 0 93824998874888 93825001005840 93825001308160 140737488340073 140737488340470 140737488340470 140737488351179 0
/proc/4057156/statm: 6727 3403 2098 555 0 1769 0
[pid=4057218] ppid=4057156 vsize=134416 memory=119124 CPUtime=1182.12 cores=30-31
/proc/4057218/stat : 4057218 (clingo) R 4057156 4057156 4056834 0 -1 0 29512 0 0 0 118207 5 0 0 20 0 1 0 923017987 137641984 29781 17179869184 93824992301056 93824992468925 140737488338416 0 0 0 134217728 4 25184771 0 0 0 17 30 0 0 0 0 0 93824992533936 93824992571272 93824992575488 140737488340183 140737488340354 140737488340354 140737488351170 0
/proc/4057218/statm: 33604 29781 2085 41 0 29683 0
Current children cumulated CPU time: 1182.19 s
Current children cumulated vsize: 161324 KiB
Current children cumulated memory: 132736 KiB



Maximum wall clock time exceeded: sending SIGTERM then SIGKILL

[startup+1205 s]*
/proc/loadavg: 14.08 14.21 14.03 15/739 4058079
/proc/meminfo: memFree=373688472/528004312 swapFree=8388604/8388604
[pid=4057156] ppid=4057150 vsize=26908 memory=13612 CPUtime=0.07 cores=30-31
/proc/4057156/stat : 4057156 (perf) S 4057150 4057156 4056834 0 -1 0 1738 237 0 0 6 1 0 0 20 0 1 0 923017979 27553792 3403 17179869184 93824994299904 93824996572973 140737488338256 0 0 0 134217728 4 74274 1 0 0 17 30 0 0 0 0 0 93824998874888 93825001005840 93825001308160 140737488340073 140737488340470 140737488340470 140737488351179 0
/proc/4057156/statm: 6727 3403 2098 555 0 1769 0
[pid=4057218] ppid=4057156 vsize=137056 memory=121760 CPUtime=1204.83 cores=30-31
/proc/4057218/stat : 4057218 (clingo) R 4057156 4057156 4056834 0 -1 0 30189 0 0 0 120477 6 0 0 20 0 1 0 923017987 140345344 30440 17179869184 93824992301056 93824992468925 140737488338416 0 0 0 134217728 4 25184771 0 0 0 17 30 0 0 0 0 0 93824992533936 93824992571272 93824992575488 140737488340183 140737488340354 140737488340354 140737488351170 0
/proc/4057218/statm: 34264 30440 2085 41 0 30343 0
Current children cumulated CPU time: 1204.9 s
Current children cumulated vsize: 163964 KiB
Current children cumulated memory: 135372 KiB

Sending SIGINT to process tree (bottom up)
Sleeping 5 seconds

[startup+1205.03 s]
# the end of solver process 4057156 was just reported to runsolver
# cumulated CPU time of all completed processes:  user=1204.85 s, system=0.085525 s

Solver just ended.
??? end of watcher thread
Dumping a history of the last processes samples

Child status: 1
Real time (s): 1205.03
CPU time (s): 1204.94
CPU user time (s): 1204.85
CPU system time (s): 0.085525
CPU usage (%): 99.9925
Max. virtual memory (cumulated for all children) (KiB): 163964
Max. memory (cumulated for all children) (KiB): 135372

getrusage(RUSAGE_CHILDREN,...) data:
user time used= 1204.85
system time used= 0.085525
maximum resident set size= 121844
integral shared memory size= 0
integral unshared data size= 0
integral unshared stack size= 0
page reclaims= 32203
page faults= 1
swaps= 0
block input operations= 0
block output operations= 0
messages sent= 0
messages received= 0
signals received= 0
voluntary context switches= 29
involuntary context switches= 1009


# summary of solver processes directly reported to runsolver:
#   pid: 4057156
#   total CPU time (s): 1204.94
#   total CPU user time (s): 1204.85
#   total CPU system time (s): 0.085525

??? end of timestamper thread
runsolver used 8.10493 second user time and 13.5239 second system time

The end
