runsolver version 3.4.0 (svn: 3018) Copyright (C) 2010-2013 Olivier ROUSSEL

This program is distributed in the hope that it will be useful,
but WITHOUT ANY WARRANTY; without even the implied warranty of
MERCHANTABILITY or FITNESS FOR A PARTICULAR PURPOSE.  See the
GNU General Public License for more details.

NUMA information:
  number of nodes: 2
  memory of node 0: 257635 MiB (188754 MiB free)
  memory of node 1: 257994 MiB (176015 MiB free)
  node distances:
     10  20
     20  10

command line: /dev/shm/3796ae72-2e81-11f1-ac62-000c298f4621/input/runsolver -w /dev/shm/3796ae72-2e81-11f1-ac62-000c298f4621/output/runsolver.log -v /dev/shm/3796ae72-2e81-11f1-ac62-000c298f4621/output/varfile.log -W 1205 --rss-swap-limit 16384 -d 5 --sigint /usr/bin/perf stat -B -e task-clock,cache-references,cache-misses,cycles,instructions,branches,faults,migrations,context-switches -o /dev/shm/3796ae72-2e81-11f1-ac62-000c298f4621/output/perf.log clingo /home/guests/mmacri/AMOSUM/benchmarks/GraphColouring/encoding-plain-amo.asp /dev/shm/3796ae72-2e81-11f1-ac62-000c298f4621/input/0058-graph_colouring-150-0_4320.asp 

running on 2 cores: 8-9

Enforcing wall clock limit (soft limit, will send SIGTERM then SIGKILL): 1205 seconds
Enforcing RSS+Swap limit (soft limit, will send SIGTERM then SIGKILL): 16777216 KiB
Linux 5.15.0-131-generic
Current StackSize limit: 8192 KiB

solver pid=1608572, runsolver pid=1608567

[startup+0.100069 s]*
/proc/loadavg: 14.16 14.26 14.05 17/823 1608611
/proc/meminfo: memFree=373680744/528004520 swapFree=8388604/8388604
[pid=1608572] ppid=1608567 vsize=26908 memory=13560 CPUtime=0.07 cores=8-9
/proc/1608572/stat : 1608572 (perf) S 1608567 1608572 1608195 0 -1 0 1743 237 0 0 6 1 0 0 20 0 1 0 923124130 27553792 3390 17179869184 93824994299904 93824996572973 140737488338256 0 0 0 134217728 4 74274 1 0 0 17 8 0 0 0 0 0 93824998874888 93825001005840 93825001308160 140737488340073 140737488340470 140737488340470 140737488351179 0
/proc/1608572/statm: 6727 3390 2085 555 0 1769 0
[pid=1608603] ppid=1608572 vsize=19040 memory=10256 CPUtime=0.02 cores=8-9
/proc/1608603/stat : 1608603 (clingo) R 1608572 1608572 1608195 0 -1 0 956 0 5 0 2 0 0 0 20 0 1 0 923124138 19496960 2564 17179869184 93824992301056 93824992468925 140737488338416 0 0 0 134217728 4 25184771 0 0 0 17 9 0 0 0 0 0 93824992533936 93824992571272 93824992575488 140737488340183 140737488340354 140737488340354 140737488351170 0
/proc/1608603/statm: 4760 2564 1942 41 0 839 0
Current children cumulated CPU time: 0.09 s
Current children cumulated vsize: 45948 KiB
Current children cumulated memory: 23816 KiB

[startup+0.231321 s]*
/proc/loadavg: 14.16 14.26 14.05 18/825 1608648
/proc/meminfo: memFree=373659972/528004520 swapFree=8388604/8388604
[pid=1608572] ppid=1608567 vsize=26908 memory=13560 CPUtime=0.07 cores=8-9
/proc/1608572/stat : 1608572 (perf) S 1608567 1608572 1608195 0 -1 0 1743 237 0 0 6 1 0 0 20 0 1 0 923124130 27553792 3390 17179869184 93824994299904 93824996572973 140737488338256 0 0 0 134217728 4 74274 1 0 0 17 8 0 0 0 0 0 93824998874888 93825001005840 93825001308160 140737488340073 140737488340470 140737488340470 140737488351179 0
/proc/1608572/statm: 6727 3390 2085 555 0 1769 0
[pid=1608603] ppid=1608572 vsize=25928 memory=17448 CPUtime=0.13 cores=8-9
/proc/1608603/stat : 1608603 (clingo) R 1608572 1608572 1608195 0 -1 0 2750 0 5 0 13 0 0 0 20 0 1 0 923124138 26550272 4362 17179869184 93824992301056 93824992468925 140737488338416 0 0 0 134217728 4 25184771 0 0 0 17 9 0 0 0 0 0 93824992533936 93824992571272 93824992575488 140737488340183 140737488340354 140737488340354 140737488351170 0
/proc/1608603/statm: 6482 4362 2013 41 0 2561 0
Current children cumulated CPU time: 0.2 s
Current children cumulated vsize: 52836 KiB
Current children cumulated memory: 31008 KiB

[startup+0.335094 s]*
/proc/loadavg: 14.16 14.26 14.05 15/827 1608650
/proc/meminfo: memFree=373634360/528004520 swapFree=8388604/8388604
[pid=1608572] ppid=1608567 vsize=26908 memory=13560 CPUtime=0.07 cores=8-9
/proc/1608572/stat : 1608572 (perf) S 1608567 1608572 1608195 0 -1 0 1743 237 0 0 6 1 0 0 20 0 1 0 923124130 27553792 3390 17179869184 93824994299904 93824996572973 140737488338256 0 0 0 134217728 4 74274 1 0 0 17 8 0 0 0 0 0 93824998874888 93825001005840 93825001308160 140737488340073 140737488340470 140737488340470 140737488351179 0
/proc/1608572/statm: 6727 3390 2085 555 0 1769 0
[pid=1608603] ppid=1608572 vsize=27260 memory=18768 CPUtime=0.22 cores=8-9
/proc/1608603/stat : 1608603 (clingo) R 1608572 1608572 1608195 0 -1 0 3063 0 5 0 22 0 0 0 20 0 1 0 923124138 27914240 4692 17179869184 93824992301056 93824992468925 140737488338416 0 0 0 134217728 4 25184771 0 0 0 17 8 0 0 0 0 0 93824992533936 93824992571272 93824992575488 140737488340183 140737488340354 140737488340354 140737488351170 0
/proc/1608603/statm: 6815 4692 2013 41 0 2894 0
Current children cumulated CPU time: 0.29 s
Current children cumulated vsize: 54168 KiB
Current children cumulated memory: 32328 KiB

[startup+0.700339 s]
/proc/loadavg: 14.16 14.26 14.05 17/827 1608650
/proc/meminfo: memFree=373614600/528004520 swapFree=8388604/8388604
[pid=1608572] ppid=1608567 vsize=26908 memory=13560 CPUtime=0.07 cores=8-9
/proc/1608572/stat : 1608572 (perf) S 1608567 1608572 1608195 0 -1 0 1743 237 0 0 6 1 0 0 20 0 1 0 923124130 27553792 3390 17179869184 93824994299904 93824996572973 140737488338256 0 0 0 134217728 4 74274 1 0 0 17 8 0 0 0 0 0 93824998874888 93825001005840 93825001308160 140737488340073 140737488340470 140737488340470 140737488351179 0
/proc/1608572/statm: 6727 3390 2085 555 0 1769 0
[pid=1608603] ppid=1608572 vsize=30560 memory=22200 CPUtime=0.55 cores=8-9
/proc/1608603/stat : 1608603 (clingo) R 1608572 1608572 1608195 0 -1 0 3901 0 5 0 55 0 0 0 20 0 1 0 923124138 31293440 5550 17179869184 93824992301056 93824992468925 140737488338416 0 0 0 134217728 4 25184771 0 0 0 17 8 0 0 0 0 0 93824992533936 93824992571272 93824992575488 140737488340183 140737488340354 140737488340354 140737488351170 0
/proc/1608603/statm: 7640 5550 2013 41 0 3719 0
Current children cumulated CPU time: 0.62 s
Current children cumulated vsize: 57468 KiB
Current children cumulated memory: 35760 KiB

[startup+1.50034 s]
/proc/loadavg: 14.23 14.27 14.05 16/829 1608654
/proc/meminfo: memFree=373587464/528004520 swapFree=8388604/8388604
[pid=1608572] ppid=1608567 vsize=26908 memory=13560 CPUtime=0.07 cores=8-9
/proc/1608572/stat : 1608572 (perf) S 1608567 1608572 1608195 0 -1 0 1743 237 0 0 6 1 0 0 20 0 1 0 923124130 27553792 3390 17179869184 93824994299904 93824996572973 140737488338256 0 0 0 134217728 4 74274 1 0 0 17 8 0 0 0 0 0 93824998874888 93825001005840 93825001308160 140737488340073 140737488340470 140737488340470 140737488351179 0
/proc/1608572/statm: 6727 3390 2085 555 0 1769 0
[pid=1608603] ppid=1608572 vsize=34676 memory=26160 CPUtime=1.35 cores=8-9
/proc/1608603/stat : 1608603 (clingo) R 1608572 1608572 1608195 0 -1 0 4912 0 5 0 135 0 0 0 20 0 1 0 923124138 35508224 6540 17179869184 93824992301056 93824992468925 140737488338416 0 0 0 134217728 4 25184771 0 0 0 17 8 0 0 0 0 0 93824992533936 93824992571272 93824992575488 140737488340183 140737488340354 140737488340354 140737488351170 0
/proc/1608603/statm: 8669 6540 2013 41 0 4748 0
Current children cumulated CPU time: 1.42 s
Current children cumulated vsize: 61584 KiB
Current children cumulated memory: 39720 KiB

[startup+3.11961 s]
/proc/loadavg: 14.23 14.27 14.05 17/843 1609295
/proc/meminfo: memFree=373856088/528004520 swapFree=8388604/8388604
[pid=1608572] ppid=1608567 vsize=26908 memory=13560 CPUtime=0.07 cores=8-9
/proc/1608572/stat : 1608572 (perf) S 1608567 1608572 1608195 0 -1 0 1743 237 0 0 6 1 0 0 20 0 1 0 923124130 27553792 3390 17179869184 93824994299904 93824996572973 140737488338256 0 0 0 134217728 4 74274 1 0 0 17 8 0 0 0 0 0 93824998874888 93825001005840 93825001308160 140737488340073 140737488340470 140737488340470 140737488351179 0
/proc/1608572/statm: 6727 3390 2085 555 0 1769 0
[pid=1608603] ppid=1608572 vsize=35732 memory=27216 CPUtime=2.97 cores=8-9
/proc/1608603/stat : 1608603 (clingo) R 1608572 1608572 1608195 0 -1 0 5191 0 5 0 297 0 0 0 20 0 1 0 923124138 36589568 6804 17179869184 93824992301056 93824992468925 140737488338416 0 0 0 134217728 4 25184771 0 0 0 17 8 0 0 0 0 0 93824992533936 93824992571272 93824992575488 140737488340183 140737488340354 140737488340354 140737488351170 0
/proc/1608603/statm: 8933 6804 2013 41 0 5012 0
Current children cumulated CPU time: 3.04 s
Current children cumulated vsize: 62640 KiB
Current children cumulated memory: 40776 KiB

[startup+6.30028 s]
/proc/loadavg: 14.21 14.27 14.05 15/840 1609477
/proc/meminfo: memFree=373565084/528004520 swapFree=8388604/8388604
[pid=1608572] ppid=1608567 vsize=26908 memory=13560 CPUtime=0.07 cores=8-9
/proc/1608572/stat : 1608572 (perf) S 1608567 1608572 1608195 0 -1 0 1743 237 0 0 6 1 0 0 20 0 1 0 923124130 27553792 3390 17179869184 93824994299904 93824996572973 140737488338256 0 0 0 134217728 4 74274 1 0 0 17 8 0 0 0 0 0 93824998874888 93825001005840 93825001308160 140737488340073 140737488340470 140737488340470 140737488351179 0
/proc/1608572/statm: 6727 3390 2085 555 0 1769 0
[pid=1608603] ppid=1608572 vsize=40332 memory=31968 CPUtime=6.15 cores=8-9
/proc/1608603/stat : 1608603 (clingo) R 1608572 1608572 1608195 0 -1 0 6333 0 5 0 615 0 0 0 20 0 1 0 923124138 41299968 7992 17179869184 93824992301056 93824992468925 140737488338416 0 0 0 134217728 4 25184771 0 0 0 17 8 0 0 0 0 0 93824992533936 93824992571272 93824992575488 140737488340183 140737488340354 140737488340354 140737488351170 0
/proc/1608603/statm: 10083 7992 2013 41 0 6162 0
Current children cumulated CPU time: 6.22 s
Current children cumulated vsize: 67240 KiB
Current children cumulated memory: 45528 KiB

[startup+12.7003 s]
/proc/loadavg: 14.36 14.30 14.06 16/860 1609853
/proc/meminfo: memFree=373375024/528004520 swapFree=8388604/8388604
[pid=1608572] ppid=1608567 vsize=26908 memory=13560 CPUtime=0.07 cores=8-9
/proc/1608572/stat : 1608572 (perf) S 1608567 1608572 1608195 0 -1 0 1743 237 0 0 6 1 0 0 20 0 1 0 923124130 27553792 3390 17179869184 93824994299904 93824996572973 140737488338256 0 0 0 134217728 4 74274 1 0 0 17 8 0 0 0 0 0 93824998874888 93825001005840 93825001308160 140737488340073 140737488340470 140737488340470 140737488351179 0
/proc/1608572/statm: 6727 3390 2085 555 0 1769 0
[pid=1608603] ppid=1608572 vsize=47168 memory=38552 CPUtime=12.55 cores=8-9
/proc/1608603/stat : 1608603 (clingo) R 1608572 1608572 1608195 0 -1 0 8338 0 5 0 1254 1 0 0 20 0 1 0 923124138 48300032 9638 17179869184 93824992301056 93824992468925 140737488338416 0 0 0 134217728 4 25184771 0 0 0 17 8 0 0 0 0 0 93824992533936 93824992571272 93824992575488 140737488340183 140737488340354 140737488340354 140737488351170 0
/proc/1608603/statm: 11792 9638 2013 41 0 7871 0
Current children cumulated CPU time: 12.62 s
Current children cumulated vsize: 74076 KiB
Current children cumulated memory: 52112 KiB

[startup+25.5004 s]
/proc/loadavg: 14.53 14.33 14.08 16/862 1609964
/proc/meminfo: memFree=373191248/528004520 swapFree=8388604/8388604
[pid=1608572] ppid=1608567 vsize=26908 memory=13560 CPUtime=0.07 cores=8-9
/proc/1608572/stat : 1608572 (perf) S 1608567 1608572 1608195 0 -1 0 1743 237 0 0 6 1 0 0 20 0 1 0 923124130 27553792 3390 17179869184 93824994299904 93824996572973 140737488338256 0 0 0 134217728 4 74274 1 0 0 17 8 0 0 0 0 0 93824998874888 93825001005840 93825001308160 140737488340073 140737488340470 140737488340470 140737488351179 0
/proc/1608572/statm: 6727 3390 2085 555 0 1769 0
[pid=1608603] ppid=1608572 vsize=53464 memory=45112 CPUtime=25.35 cores=8-9
/proc/1608603/stat : 1608603 (clingo) R 1608572 1608572 1608195 0 -1 0 10260 0 5 0 2533 2 0 0 20 0 1 0 923124138 54747136 11278 17179869184 93824992301056 93824992468925 140737488338416 0 0 0 134217728 4 25184771 0 0 0 17 8 0 0 0 0 0 93824992533936 93824992571272 93824992575488 140737488340183 140737488340354 140737488340354 140737488351170 0
/proc/1608603/statm: 13366 11278 2013 41 0 9445 0
Current children cumulated CPU time: 25.42 s
Current children cumulated vsize: 80372 KiB
Current children cumulated memory: 58672 KiB

[startup+51.1215 s]
/proc/loadavg: 14.32 14.30 14.08 16/862 1610072
/proc/meminfo: memFree=372818260/528004520 swapFree=8388604/8388604
[pid=1608572] ppid=1608567 vsize=26908 memory=13560 CPUtime=0.07 cores=8-9
/proc/1608572/stat : 1608572 (perf) S 1608567 1608572 1608195 0 -1 0 1743 237 0 0 6 1 0 0 20 0 1 0 923124130 27553792 3390 17179869184 93824994299904 93824996572973 140737488338256 0 0 0 134217728 4 74274 1 0 0 17 8 0 0 0 0 0 93824998874888 93825001005840 93825001308160 140737488340073 140737488340470 140737488340470 140737488351179 0
/proc/1608572/statm: 6727 3390 2085 555 0 1769 0
[pid=1608603] ppid=1608572 vsize=64448 memory=55764 CPUtime=50.97 cores=8-9
/proc/1608603/stat : 1608603 (clingo) R 1608572 1608572 1608195 0 -1 0 14112 0 5 0 5095 2 0 0 20 0 1 0 923124138 65994752 13941 17179869184 93824992301056 93824992468925 140737488338416 0 0 0 134217728 4 25184771 0 0 0 17 8 0 0 0 0 0 93824992533936 93824992571272 93824992575488 140737488340183 140737488340354 140737488340354 140737488351170 0
/proc/1608603/statm: 16112 13941 2013 41 0 12191 0
Current children cumulated CPU time: 51.04 s
Current children cumulated vsize: 91356 KiB
Current children cumulated memory: 69324 KiB

[startup+102.3 s]
/proc/loadavg: 14.40 14.33 14.10 16/864 1610077
/proc/meminfo: memFree=372602876/528004520 swapFree=8388604/8388604
[pid=1608572] ppid=1608567 vsize=26908 memory=13560 CPUtime=0.07 cores=8-9
/proc/1608572/stat : 1608572 (perf) S 1608567 1608572 1608195 0 -1 0 1743 237 0 0 6 1 0 0 20 0 1 0 923124130 27553792 3390 17179869184 93824994299904 93824996572973 140737488338256 0 0 0 134217728 4 74274 1 0 0 17 8 0 0 0 0 0 93824998874888 93825001005840 93825001308160 140737488340073 140737488340470 140737488340470 140737488351179 0
/proc/1608572/statm: 6727 3390 2085 555 0 1769 0
[pid=1608603] ppid=1608572 vsize=74300 memory=65444 CPUtime=102.15 cores=8-9
/proc/1608603/stat : 1608603 (clingo) R 1608572 1608572 1608195 0 -1 0 17546 0 5 0 10211 4 0 0 20 0 1 0 923124138 76083200 16361 17179869184 93824992301056 93824992468925 140737488338416 0 0 0 134217728 4 25184771 0 0 0 17 8 0 0 0 0 0 93824992533936 93824992571272 93824992575488 140737488340183 140737488340354 140737488340354 140737488351170 0
/proc/1608603/statm: 18575 16361 2013 41 0 14654 0
Current children cumulated CPU time: 102.22 s
Current children cumulated vsize: 101208 KiB
Current children cumulated memory: 79004 KiB

[startup+162.3 s]
/proc/loadavg: 14.29 14.30 14.10 16/864 1610080
/proc/meminfo: memFree=372379640/528004520 swapFree=8388604/8388604
[pid=1608572] ppid=1608567 vsize=26908 memory=13560 CPUtime=0.07 cores=8-9
/proc/1608572/stat : 1608572 (perf) S 1608567 1608572 1608195 0 -1 0 1743 237 0 0 6 1 0 0 20 0 1 0 923124130 27553792 3390 17179869184 93824994299904 93824996572973 140737488338256 0 0 0 134217728 4 74274 1 0 0 17 8 0 0 0 0 0 93824998874888 93825001005840 93825001308160 140737488340073 140737488340470 140737488340470 140737488351179 0
/proc/1608572/statm: 6727 3390 2085 555 0 1769 0
[pid=1608603] ppid=1608572 vsize=82808 memory=74248 CPUtime=162.15 cores=8-9
/proc/1608603/stat : 1608603 (clingo) R 1608572 1608572 1608195 0 -1 0 21352 0 5 0 16210 5 0 0 20 0 1 0 923124138 84795392 18562 17179869184 93824992301056 93824992468925 140737488338416 0 0 0 134217728 4 25184771 0 0 0 17 8 0 0 0 0 0 93824992533936 93824992571272 93824992575488 140737488340183 140737488340354 140737488340354 140737488351170 0
/proc/1608603/statm: 20702 18562 2013 41 0 16781 0
Current children cumulated CPU time: 162.22 s
Current children cumulated vsize: 109716 KiB
Current children cumulated memory: 87808 KiB

[startup+222.3 s]
/proc/loadavg: 14.25 14.30 14.11 16/864 1610084
/proc/meminfo: memFree=372142812/528004520 swapFree=8388604/8388604
[pid=1608572] ppid=1608567 vsize=26908 memory=13560 CPUtime=0.07 cores=8-9
/proc/1608572/stat : 1608572 (perf) S 1608567 1608572 1608195 0 -1 0 1743 237 0 0 6 1 0 0 20 0 1 0 923124130 27553792 3390 17179869184 93824994299904 93824996572973 140737488338256 0 0 0 134217728 4 74274 1 0 0 17 8 0 0 0 0 0 93824998874888 93825001005840 93825001308160 140737488340073 140737488340470 140737488340470 140737488351179 0
/proc/1608572/statm: 6727 3390 2085 555 0 1769 0
[pid=1608603] ppid=1608572 vsize=91808 memory=83300 CPUtime=222.15 cores=8-9
/proc/1608603/stat : 1608603 (clingo) R 1608572 1608572 1608195 0 -1 0 25086 0 5 0 22209 6 0 0 20 0 1 0 923124138 94011392 20825 17179869184 93824992301056 93824992468925 140737488338416 0 0 0 134217728 4 25184771 0 0 0 17 8 0 0 0 0 0 93824992533936 93824992571272 93824992575488 140737488340183 140737488340354 140737488340354 140737488351170 0
/proc/1608603/statm: 22952 20825 2013 41 0 19031 0
Current children cumulated CPU time: 222.22 s
Current children cumulated vsize: 118716 KiB
Current children cumulated memory: 96860 KiB

[startup+282.3 s]
/proc/loadavg: 14.09 14.24 14.10 16/864 1610085
/proc/meminfo: memFree=371948536/528004520 swapFree=8388604/8388604
[pid=1608572] ppid=1608567 vsize=26908 memory=13560 CPUtime=0.07 cores=8-9
/proc/1608572/stat : 1608572 (perf) S 1608567 1608572 1608195 0 -1 0 1743 237 0 0 6 1 0 0 20 0 1 0 923124130 27553792 3390 17179869184 93824994299904 93824996572973 140737488338256 0 0 0 134217728 4 74274 1 0 0 17 8 0 0 0 0 0 93824998874888 93825001005840 93825001308160 140737488340073 140737488340470 140737488340470 140737488351179 0
/proc/1608572/statm: 6727 3390 2085 555 0 1769 0
[pid=1608603] ppid=1608572 vsize=98908 memory=90336 CPUtime=282.15 cores=8-9
/proc/1608603/stat : 1608603 (clingo) R 1608572 1608572 1608195 0 -1 0 28773 0 5 0 28208 7 0 0 20 0 1 0 923124138 101281792 22584 17179869184 93824992301056 93824992468925 140737488338416 0 0 0 134217728 4 25184771 0 0 0 17 8 0 0 0 0 0 93824992533936 93824992571272 93824992575488 140737488340183 140737488340354 140737488340354 140737488351170 0
/proc/1608603/statm: 24727 22584 2013 41 0 20806 0
Current children cumulated CPU time: 282.22 s
Current children cumulated vsize: 125816 KiB
Current children cumulated memory: 103896 KiB

[startup+342.3 s]
/proc/loadavg: 14.03 14.20 14.09 16/837 1610090
/proc/meminfo: memFree=371807976/528004520 swapFree=8388604/8388604
[pid=1608572] ppid=1608567 vsize=26908 memory=13560 CPUtime=0.07 cores=8-9
/proc/1608572/stat : 1608572 (perf) S 1608567 1608572 1608195 0 -1 0 1743 237 0 0 6 1 0 0 20 0 1 0 923124130 27553792 3390 17179869184 93824994299904 93824996572973 140737488338256 0 0 0 134217728 4 74274 1 0 0 17 8 0 0 0 0 0 93824998874888 93825001005840 93825001308160 140737488340073 140737488340470 140737488340470 140737488351179 0
/proc/1608572/statm: 6727 3390 2085 555 0 1769 0
[pid=1608603] ppid=1608572 vsize=104548 memory=95376 CPUtime=342.15 cores=8-9
/proc/1608603/stat : 1608603 (clingo) R 1608572 1608572 1608195 0 -1 0 31593 0 5 0 34208 7 0 0 20 0 1 0 923124138 107057152 23844 17179869184 93824992301056 93824992468925 140737488338416 0 0 0 134217728 4 25184771 0 0 0 17 8 0 0 0 0 0 93824992533936 93824992571272 93824992575488 140737488340183 140737488340354 140737488340354 140737488351170 0
/proc/1608603/statm: 26137 23844 2013 41 0 22216 0
Current children cumulated CPU time: 342.22 s
Current children cumulated vsize: 131456 KiB
Current children cumulated memory: 108936 KiB

[startup+402.3 s]
/proc/loadavg: 14.01 14.16 14.08 16/832 1610094
/proc/meminfo: memFree=371724388/528004520 swapFree=8388604/8388604
[pid=1608572] ppid=1608567 vsize=26908 memory=13560 CPUtime=0.07 cores=8-9
/proc/1608572/stat : 1608572 (perf) S 1608567 1608572 1608195 0 -1 0 1743 237 0 0 6 1 0 0 20 0 1 0 923124130 27553792 3390 17179869184 93824994299904 93824996572973 140737488338256 0 0 0 134217728 4 74274 1 0 0 17 8 0 0 0 0 0 93824998874888 93825001005840 93825001308160 140737488340073 140737488340470 140737488340470 140737488351179 0
/proc/1608572/statm: 6727 3390 2085 555 0 1769 0
[pid=1608603] ppid=1608572 vsize=109632 memory=100672 CPUtime=402.15 cores=8-9
/proc/1608603/stat : 1608603 (clingo) R 1608572 1608572 1608195 0 -1 0 33772 0 5 0 40208 7 0 0 20 0 1 0 923124138 112263168 25168 17179869184 93824992301056 93824992468925 140737488338416 0 0 0 134217728 4 25184771 0 0 0 17 8 0 0 0 0 0 93824992533936 93824992571272 93824992575488 140737488340183 140737488340354 140737488340354 140737488351170 0
/proc/1608603/statm: 27408 25168 2013 41 0 23487 0
Current children cumulated CPU time: 402.22 s
Current children cumulated vsize: 136540 KiB
Current children cumulated memory: 114232 KiB

[startup+462.3 s]
/proc/loadavg: 14.00 14.13 14.08 16/833 1610098
/proc/meminfo: memFree=371668476/528004520 swapFree=8388604/8388604
[pid=1608572] ppid=1608567 vsize=26908 memory=13560 CPUtime=0.07 cores=8-9
/proc/1608572/stat : 1608572 (perf) S 1608567 1608572 1608195 0 -1 0 1743 237 0 0 6 1 0 0 20 0 1 0 923124130 27553792 3390 17179869184 93824994299904 93824996572973 140737488338256 0 0 0 134217728 4 74274 1 0 0 17 8 0 0 0 0 0 93824998874888 93825001005840 93825001308160 140737488340073 140737488340470 140737488340470 140737488351179 0
/proc/1608572/statm: 6727 3390 2085 555 0 1769 0
[pid=1608603] ppid=1608572 vsize=113948 memory=104964 CPUtime=462.15 cores=8-9
/proc/1608603/stat : 1608603 (clingo) R 1608572 1608572 1608195 0 -1 0 36292 0 5 0 46208 7 0 0 20 0 1 0 923124138 116682752 26241 17179869184 93824992301056 93824992468925 140737488338416 0 0 0 134217728 4 25184771 0 0 0 17 8 0 0 0 0 0 93824992533936 93824992571272 93824992575488 140737488340183 140737488340354 140737488340354 140737488351170 0
/proc/1608603/statm: 28487 26241 2013 41 0 24566 0
Current children cumulated CPU time: 462.22 s
Current children cumulated vsize: 140856 KiB
Current children cumulated memory: 118524 KiB

[startup+522.3 s]
/proc/loadavg: 15.02 14.36 14.16 16/833 1610101
/proc/meminfo: memFree=371612580/528004520 swapFree=8388604/8388604
[pid=1608572] ppid=1608567 vsize=26908 memory=13560 CPUtime=0.07 cores=8-9
/proc/1608572/stat : 1608572 (perf) S 1608567 1608572 1608195 0 -1 0 1743 237 0 0 6 1 0 0 20 0 1 0 923124130 27553792 3390 17179869184 93824994299904 93824996572973 140737488338256 0 0 0 134217728 4 74274 1 0 0 17 8 0 0 0 0 0 93824998874888 93825001005840 93825001308160 140737488340073 140737488340470 140737488340470 140737488351179 0
/proc/1608572/statm: 6727 3390 2085 555 0 1769 0
[pid=1608603] ppid=1608572 vsize=118148 memory=109204 CPUtime=522.15 cores=8-9
/proc/1608603/stat : 1608603 (clingo) R 1608572 1608572 1608195 0 -1 0 37896 0 5 0 52208 7 0 0 20 0 1 0 923124138 120983552 27301 17179869184 93824992301056 93824992468925 140737488338416 0 0 0 134217728 4 25184771 0 0 0 17 8 0 0 0 0 0 93824992533936 93824992571272 93824992575488 140737488340183 140737488340354 140737488340354 140737488351170 0
/proc/1608603/statm: 29537 27301 2013 41 0 25616 0
Current children cumulated CPU time: 522.22 s
Current children cumulated vsize: 145056 KiB
Current children cumulated memory: 122764 KiB

[startup+582.3 s]
/proc/loadavg: 14.83 14.47 14.21 16/833 1610106
/proc/meminfo: memFree=371497464/528004520 swapFree=8388604/8388604
[pid=1608572] ppid=1608567 vsize=26908 memory=13560 CPUtime=0.07 cores=8-9
/proc/1608572/stat : 1608572 (perf) S 1608567 1608572 1608195 0 -1 0 1743 237 0 0 6 1 0 0 20 0 1 0 923124130 27553792 3390 17179869184 93824994299904 93824996572973 140737488338256 0 0 0 134217728 4 74274 1 0 0 17 8 0 0 0 0 0 93824998874888 93825001005840 93825001308160 140737488340073 140737488340470 140737488340470 140737488351179 0
/proc/1608572/statm: 6727 3390 2085 555 0 1769 0
[pid=1608603] ppid=1608572 vsize=122336 memory=112772 CPUtime=582.15 cores=8-9
/proc/1608603/stat : 1608603 (clingo) R 1608572 1608572 1608195 0 -1 0 39455 0 5 0 58207 8 0 0 20 0 1 0 923124138 125272064 28193 17179869184 93824992301056 93824992468925 140737488338416 0 0 0 134217728 4 25184771 0 0 0 17 8 0 0 0 0 0 93824992533936 93824992571272 93824992575488 140737488340183 140737488340354 140737488340354 140737488351170 0
/proc/1608603/statm: 30584 28193 2013 41 0 26663 0
Current children cumulated CPU time: 582.22 s
Current children cumulated vsize: 149244 KiB
Current children cumulated memory: 126332 KiB

[startup+642.3 s]
/proc/loadavg: 14.51 14.45 14.22 16/833 1610107
/proc/meminfo: memFree=371467252/528004520 swapFree=8388604/8388604
[pid=1608572] ppid=1608567 vsize=26908 memory=13560 CPUtime=0.07 cores=8-9
/proc/1608572/stat : 1608572 (perf) S 1608567 1608572 1608195 0 -1 0 1743 237 0 0 6 1 0 0 20 0 1 0 923124130 27553792 3390 17179869184 93824994299904 93824996572973 140737488338256 0 0 0 134217728 4 74274 1 0 0 17 8 0 0 0 0 0 93824998874888 93825001005840 93825001308160 140737488340073 140737488340470 140737488340470 140737488351179 0
/proc/1608572/statm: 6727 3390 2085 555 0 1769 0
[pid=1608603] ppid=1608572 vsize=127496 memory=117336 CPUtime=642.15 cores=8-9
/proc/1608603/stat : 1608603 (clingo) R 1608572 1608572 1608195 0 -1 0 41517 0 5 0 64207 8 0 0 20 0 1 0 923124138 130555904 29334 17179869184 93824992301056 93824992468925 140737488338416 0 0 0 134217728 4 25184771 0 0 0 17 8 0 0 0 0 0 93824992533936 93824992571272 93824992575488 140737488340183 140737488340354 140737488340354 140737488351170 0
/proc/1608603/statm: 31874 29334 2013 41 0 27953 0
Current children cumulated CPU time: 642.22 s
Current children cumulated vsize: 154404 KiB
Current children cumulated memory: 130896 KiB

[startup+702.3 s]
/proc/loadavg: 14.18 14.36 14.20 16/833 1610109
/proc/meminfo: memFree=371425200/528004520 swapFree=8388604/8388604
[pid=1608572] ppid=1608567 vsize=26908 memory=13560 CPUtime=0.07 cores=8-9
/proc/1608572/stat : 1608572 (perf) S 1608567 1608572 1608195 0 -1 0 1743 237 0 0 6 1 0 0 20 0 1 0 923124130 27553792 3390 17179869184 93824994299904 93824996572973 140737488338256 0 0 0 134217728 4 74274 1 0 0 17 8 0 0 0 0 0 93824998874888 93825001005840 93825001308160 140737488340073 140737488340470 140737488340470 140737488351179 0
/proc/1608572/statm: 6727 3390 2085 555 0 1769 0
[pid=1608603] ppid=1608572 vsize=132276 memory=121632 CPUtime=702.15 cores=8-9
/proc/1608603/stat : 1608603 (clingo) R 1608572 1608572 1608195 0 -1 0 43459 0 5 0 70207 8 0 0 20 0 1 0 923124138 135450624 30408 17179869184 93824992301056 93824992468925 140737488338416 0 0 0 134217728 4 25184771 0 0 0 17 8 0 0 0 0 0 93824992533936 93824992571272 93824992575488 140737488340183 140737488340354 140737488340354 140737488351170 0
/proc/1608603/statm: 33069 30408 2013 41 0 29148 0
Current children cumulated CPU time: 702.22 s
Current children cumulated vsize: 159184 KiB
Current children cumulated memory: 135192 KiB

[startup+762.3 s]
/proc/loadavg: 14.50 14.43 14.23 16/832 1610110
/proc/meminfo: memFree=371315336/528004520 swapFree=8388604/8388604
[pid=1608572] ppid=1608567 vsize=26908 memory=13560 CPUtime=0.07 cores=8-9
/proc/1608572/stat : 1608572 (perf) S 1608567 1608572 1608195 0 -1 0 1743 237 0 0 6 1 0 0 20 0 1 0 923124130 27553792 3390 17179869184 93824994299904 93824996572973 140737488338256 0 0 0 134217728 4 74274 1 0 0 17 8 0 0 0 0 0 93824998874888 93825001005840 93825001308160 140737488340073 140737488340470 140737488340470 140737488351179 0
/proc/1608572/statm: 6727 3390 2085 555 0 1769 0
[pid=1608603] ppid=1608572 vsize=136600 memory=124796 CPUtime=762.15 cores=8-9
/proc/1608603/stat : 1608603 (clingo) R 1608572 1608572 1608195 0 -1 0 44309 0 5 0 76205 10 0 0 20 0 1 0 923124138 139878400 31199 17179869184 93824992301056 93824992468925 140737488338416 0 0 0 134217728 4 25184771 0 0 0 17 8 0 0 0 0 0 93824992533936 93824992571272 93824992575488 140737488340183 140737488340354 140737488340354 140737488351170 0
/proc/1608603/statm: 34150 31199 2013 41 0 30229 0
Current children cumulated CPU time: 762.22 s
Current children cumulated vsize: 163508 KiB
Current children cumulated memory: 138356 KiB

[startup+822.3 s]
/proc/loadavg: 14.18 14.35 14.22 16/839 1610226
/proc/meminfo: memFree=371261332/528004520 swapFree=8388604/8388604
[pid=1608572] ppid=1608567 vsize=26908 memory=13560 CPUtime=0.07 cores=8-9
/proc/1608572/stat : 1608572 (perf) S 1608567 1608572 1608195 0 -1 0 1743 237 0 0 6 1 0 0 20 0 1 0 923124130 27553792 3390 17179869184 93824994299904 93824996572973 140737488338256 0 0 0 134217728 4 74274 1 0 0 17 8 0 0 0 0 0 93824998874888 93825001005840 93825001308160 140737488340073 140737488340470 140737488340470 140737488351179 0
/proc/1608572/statm: 6727 3390 2085 555 0 1769 0
[pid=1608603] ppid=1608572 vsize=139636 memory=127436 CPUtime=822.15 cores=8-9
/proc/1608603/stat : 1608603 (clingo) R 1608572 1608572 1608195 0 -1 0 44962 0 5 0 82205 10 0 0 20 0 1 0 923124138 142987264 31859 17179869184 93824992301056 93824992468925 140737488338416 0 0 0 134217728 4 25184771 0 0 0 17 8 0 0 0 0 0 93824992533936 93824992571272 93824992575488 140737488340183 140737488340354 140737488340354 140737488351170 0
/proc/1608603/statm: 34909 31859 2013 41 0 30988 0
Current children cumulated CPU time: 822.22 s
Current children cumulated vsize: 166544 KiB
Current children cumulated memory: 140996 KiB

[startup+882.3 s]
/proc/loadavg: 14.06 14.28 14.20 16/844 1610275
/proc/meminfo: memFree=370970320/528004520 swapFree=8388604/8388604
[pid=1608572] ppid=1608567 vsize=26908 memory=13560 CPUtime=0.07 cores=8-9
/proc/1608572/stat : 1608572 (perf) S 1608567 1608572 1608195 0 -1 0 1743 237 0 0 6 1 0 0 20 0 1 0 923124130 27553792 3390 17179869184 93824994299904 93824996572973 140737488338256 0 0 0 134217728 4 74274 1 0 0 17 8 0 0 0 0 0 93824998874888 93825001005840 93825001308160 140737488340073 140737488340470 140737488340470 140737488351179 0
/proc/1608572/statm: 6727 3390 2085 555 0 1769 0
[pid=1608603] ppid=1608572 vsize=143512 memory=131340 CPUtime=882.15 cores=8-9
/proc/1608603/stat : 1608603 (clingo) R 1608572 1608572 1608195 0 -1 0 47766 0 5 0 88205 10 0 0 20 0 1 0 923124138 146956288 32835 17179869184 93824992301056 93824992468925 140737488338416 0 0 0 134217728 4 25184771 0 0 0 17 8 0 0 0 0 0 93824992533936 93824992571272 93824992575488 140737488340183 140737488340354 140737488340354 140737488351170 0
/proc/1608603/statm: 35878 32835 2013 41 0 31957 0
Current children cumulated CPU time: 882.22 s
Current children cumulated vsize: 170420 KiB
Current children cumulated memory: 144900 KiB

[startup+942.3 s]
/proc/loadavg: 14.02 14.23 14.18 16/844 1610276
/proc/meminfo: memFree=370936268/528004520 swapFree=8388604/8388604
[pid=1608572] ppid=1608567 vsize=26908 memory=13560 CPUtime=0.07 cores=8-9
/proc/1608572/stat : 1608572 (perf) S 1608567 1608572 1608195 0 -1 0 1743 237 0 0 6 1 0 0 20 0 1 0 923124130 27553792 3390 17179869184 93824994299904 93824996572973 140737488338256 0 0 0 134217728 4 74274 1 0 0 17 8 0 0 0 0 0 93824998874888 93825001005840 93825001308160 140737488340073 140737488340470 140737488340470 140737488351179 0
/proc/1608572/statm: 6727 3390 2085 555 0 1769 0
[pid=1608603] ppid=1608572 vsize=146564 memory=134412 CPUtime=942.15 cores=8-9
/proc/1608603/stat : 1608603 (clingo) R 1608572 1608572 1608195 0 -1 0 49112 0 5 0 94205 10 0 0 20 0 1 0 923124138 150081536 33603 17179869184 93824992301056 93824992468925 140737488338416 0 0 0 134217728 4 25184771 0 0 0 17 8 0 0 0 0 0 93824992533936 93824992571272 93824992575488 140737488340183 140737488340354 140737488340354 140737488351170 0
/proc/1608603/statm: 36641 33603 2013 41 0 32720 0
Current children cumulated CPU time: 942.22 s
Current children cumulated vsize: 173472 KiB
Current children cumulated memory: 147972 KiB

[startup+1002.3 s]
/proc/loadavg: 14.01 14.19 14.17 16/845 1610386
/proc/meminfo: memFree=370863284/528004520 swapFree=8388604/8388604
[pid=1608572] ppid=1608567 vsize=26908 memory=13560 CPUtime=0.07 cores=8-9
/proc/1608572/stat : 1608572 (perf) S 1608567 1608572 1608195 0 -1 0 1743 237 0 0 6 1 0 0 20 0 1 0 923124130 27553792 3390 17179869184 93824994299904 93824996572973 140737488338256 0 0 0 134217728 4 74274 1 0 0 17 8 0 0 0 0 0 93824998874888 93825001005840 93825001308160 140737488340073 140737488340470 140737488340470 140737488351179 0
/proc/1608572/statm: 6727 3390 2085 555 0 1769 0
[pid=1608603] ppid=1608572 vsize=146896 memory=134808 CPUtime=1002.15 cores=8-9
/proc/1608603/stat : 1608603 (clingo) R 1608572 1608572 1608195 0 -1 0 51066 0 5 0 100204 11 0 0 20 0 1 0 923124138 150421504 33702 17179869184 93824992301056 93824992468925 140737488338416 0 0 0 134217728 4 25184771 0 0 0 17 8 0 0 0 0 0 93824992533936 93824992571272 93824992575488 140737488340183 140737488340354 140737488340354 140737488351170 0
/proc/1608603/statm: 36724 33702 2013 41 0 32803 0
Current children cumulated CPU time: 1002.22 s
Current children cumulated vsize: 173804 KiB
Current children cumulated memory: 148368 KiB

[startup+1062.3 s]
/proc/loadavg: 14.24 14.21 14.18 16/846 1610388
/proc/meminfo: memFree=370628932/528004520 swapFree=8388604/8388604
[pid=1608572] ppid=1608567 vsize=26908 memory=13560 CPUtime=0.07 cores=8-9
/proc/1608572/stat : 1608572 (perf) S 1608567 1608572 1608195 0 -1 0 1743 237 0 0 6 1 0 0 20 0 1 0 923124130 27553792 3390 17179869184 93824994299904 93824996572973 140737488338256 0 0 0 134217728 4 74274 1 0 0 17 8 0 0 0 0 0 93824998874888 93825001005840 93825001308160 140737488340073 140737488340470 140737488340470 140737488351179 0
/proc/1608572/statm: 6727 3390 2085 555 0 1769 0
[pid=1608603] ppid=1608572 vsize=149680 memory=137560 CPUtime=1062.15 cores=8-9
/proc/1608603/stat : 1608603 (clingo) R 1608572 1608572 1608195 0 -1 0 53714 0 5 0 106203 12 0 0 20 0 1 0 923124138 153272320 34390 17179869184 93824992301056 93824992468925 140737488338416 0 0 0 134217728 4 25184771 0 0 0 17 8 0 0 0 0 0 93824992533936 93824992571272 93824992575488 140737488340183 140737488340354 140737488340354 140737488351170 0
/proc/1608603/statm: 37420 34390 2013 41 0 33499 0
Current children cumulated CPU time: 1062.22 s
Current children cumulated vsize: 176588 KiB
Current children cumulated memory: 151120 KiB

[startup+1122.3 s]
/proc/loadavg: 14.09 14.17 14.17 16/840 1610392
/proc/meminfo: memFree=370573272/528004520 swapFree=8388604/8388604
[pid=1608572] ppid=1608567 vsize=26908 memory=13560 CPUtime=0.07 cores=8-9
/proc/1608572/stat : 1608572 (perf) S 1608567 1608572 1608195 0 -1 0 1743 237 0 0 6 1 0 0 20 0 1 0 923124130 27553792 3390 17179869184 93824994299904 93824996572973 140737488338256 0 0 0 134217728 4 74274 1 0 0 17 8 0 0 0 0 0 93824998874888 93825001005840 93825001308160 140737488340073 140737488340470 140737488340470 140737488351179 0
/proc/1608572/statm: 6727 3390 2085 555 0 1769 0
[pid=1608603] ppid=1608572 vsize=152956 memory=140804 CPUtime=1122.15 cores=8-9
/proc/1608603/stat : 1608603 (clingo) R 1608572 1608572 1608195 0 -1 0 54974 0 5 0 112203 12 0 0 20 0 1 0 923124138 156626944 35201 17179869184 93824992301056 93824992468925 140737488338416 0 0 0 134217728 4 25184771 0 0 0 17 8 0 0 0 0 0 93824992533936 93824992571272 93824992575488 140737488340183 140737488340354 140737488340354 140737488351170 0
/proc/1608603/statm: 38239 35201 2013 41 0 34318 0
Current children cumulated CPU time: 1122.22 s
Current children cumulated vsize: 179864 KiB
Current children cumulated memory: 154364 KiB

[startup+1182.3 s]
/proc/loadavg: 14.03 14.14 14.16 16/848 1610408
/proc/meminfo: memFree=370436244/528004520 swapFree=8388604/8388604
[pid=1608572] ppid=1608567 vsize=26908 memory=13560 CPUtime=0.07 cores=8-9
/proc/1608572/stat : 1608572 (perf) S 1608567 1608572 1608195 0 -1 0 1743 237 0 0 6 1 0 0 20 0 1 0 923124130 27553792 3390 17179869184 93824994299904 93824996572973 140737488338256 0 0 0 134217728 4 74274 1 0 0 17 8 0 0 0 0 0 93824998874888 93825001005840 93825001308160 140737488340073 140737488340470 140737488340470 140737488351179 0
/proc/1608572/statm: 6727 3390 2085 555 0 1769 0
[pid=1608603] ppid=1608572 vsize=158508 memory=146148 CPUtime=1182.15 cores=8-9
/proc/1608603/stat : 1608603 (clingo) R 1608572 1608572 1608195 0 -1 0 57088 0 5 0 118202 13 0 0 20 0 1 0 923124138 162312192 36537 17179869184 93824992301056 93824992468925 140737488338416 0 0 0 134217728 4 25184771 0 0 0 17 8 0 0 0 0 0 93824992533936 93824992571272 93824992575488 140737488340183 140737488340354 140737488340354 140737488351170 0
/proc/1608603/statm: 39627 36537 2013 41 0 35706 0
Current children cumulated CPU time: 1182.22 s
Current children cumulated vsize: 185416 KiB
Current children cumulated memory: 159708 KiB



Maximum wall clock time exceeded: sending SIGTERM then SIGKILL

[startup+1205 s]*
/proc/loadavg: 14.02 14.13 14.15 16/838 1610455
/proc/meminfo: memFree=370476076/528004520 swapFree=8388604/8388604
[pid=1608572] ppid=1608567 vsize=26908 memory=13560 CPUtime=0.07 cores=8-9
/proc/1608572/stat : 1608572 (perf) S 1608567 1608572 1608195 0 -1 0 1743 237 0 0 6 1 0 0 20 0 1 0 923124130 27553792 3390 17179869184 93824994299904 93824996572973 140737488338256 0 0 0 134217728 4 74274 1 0 0 17 8 0 0 0 0 0 93824998874888 93825001005840 93825001308160 140737488340073 140737488340470 140737488340470 140737488351179 0
/proc/1608572/statm: 6727 3390 2085 555 0 1769 0
[pid=1608603] ppid=1608572 vsize=158716 memory=146644 CPUtime=1204.86 cores=8-9
/proc/1608603/stat : 1608603 (clingo) R 1608572 1608572 1608195 0 -1 0 57309 0 5 0 120473 13 0 0 20 0 1 0 923124138 162525184 36661 17179869184 93824992301056 93824992468925 140737488338416 0 0 0 134217728 4 25184771 0 0 0 17 8 0 0 0 0 0 93824992533936 93824992571272 93824992575488 140737488340183 140737488340354 140737488340354 140737488351170 0
/proc/1608603/statm: 39679 36661 2013 41 0 35758 0
Current children cumulated CPU time: 1204.93 s
Current children cumulated vsize: 185624 KiB
Current children cumulated memory: 160204 KiB

Sending SIGINT to process tree (bottom up)
Sleeping 5 seconds

[startup+1205.03 s]
# the end of solver process 1608572 was just reported to runsolver
# cumulated CPU time of all completed processes:  user=1204.81 s, system=0.163391 s

Solver just ended.
??? end of watcher thread
Dumping a history of the last processes samples

Child status: 1
Real time (s): 1205.03
CPU time (s): 1204.98
CPU user time (s): 1204.81
CPU system time (s): 0.163391
CPU usage (%): 99.9954
Max. virtual memory (cumulated for all children) (KiB): 186152
Max. memory (cumulated for all children) (KiB): 160500

getrusage(RUSAGE_CHILDREN,...) data:
user time used= 1204.81
system time used= 0.163391
maximum resident set size= 146940
integral shared memory size= 0
integral unshared data size= 0
integral unshared stack size= 0
page reclaims= 59332
page faults= 5
swaps= 0
block input operations= 0
block output operations= 0
messages sent= 0
messages received= 0
signals received= 0
voluntary context switches= 22
involuntary context switches= 927


# summary of solver processes directly reported to runsolver:
#   pid: 1608572
#   total CPU time (s): 1204.98
#   total CPU user time (s): 1204.81
#   total CPU system time (s): 0.163391

??? end of timestamper thread
runsolver used 9.15186 second user time and 18.4965 second system time

The end
