runsolver version 3.4.0 (svn: 3018) Copyright (C) 2010-2013 Olivier ROUSSEL

This program is distributed in the hope that it will be useful,
but WITHOUT ANY WARRANTY; without even the implied warranty of
MERCHANTABILITY or FITNESS FOR A PARTICULAR PURPOSE.  See the
GNU General Public License for more details.

NUMA information:
  number of nodes: 2
  memory of node 0: 257635 MiB (187350 MiB free)
  memory of node 1: 257994 MiB (190781 MiB free)
  node distances:
     10  20
     20  10

command line: /dev/shm/378e1276-2e81-11f1-ac62-000c298f4621/input/runsolver -w /dev/shm/378e1276-2e81-11f1-ac62-000c298f4621/output/runsolver.log -v /dev/shm/378e1276-2e81-11f1-ac62-000c298f4621/output/varfile.log -W 1205 --rss-swap-limit 16384 -d 5 --sigint /usr/bin/perf stat -B -e task-clock,cache-references,cache-misses,cycles,instructions,branches,faults,migrations,context-switches -o /dev/shm/378e1276-2e81-11f1-ac62-000c298f4621/output/perf.log clingo /home/guests/mmacri/AMOSUM/benchmarks/GraphColouring/encoding-plain-amo.asp /dev/shm/378e1276-2e81-11f1-ac62-000c298f4621/input/0053-graph_colouring-150-0_5760.asp 

running on 2 cores: 10-11

Enforcing wall clock limit (soft limit, will send SIGTERM then SIGKILL): 1205 seconds
Enforcing RSS+Swap limit (soft limit, will send SIGTERM then SIGKILL): 16777216 KiB
Linux 5.15.0-131-generic
Current StackSize limit: 8192 KiB

solver pid=1843781, runsolver pid=1843778

[startup+0.10007 s]*
/proc/loadavg: 14.04 14.15 13.98 13/793 1843800
/proc/meminfo: memFree=387202032/528004524 swapFree=8388604/8388604
[pid=1843781] ppid=1843778 vsize=26908 memory=13616 CPUtime=0.06 cores=10-11
/proc/1843781/stat : 1843781 (perf) S 1843778 1843781 1843612 0 -1 0 1738 237 0 0 6 0 0 0 20 0 1 0 923092831 27553792 3404 17179869184 93824994299904 93824996572973 140737488338256 0 0 0 134217728 4 74274 1 0 0 17 10 0 0 0 0 0 93824998874888 93825001005840 93825001308160 140737488340073 140737488340470 140737488340470 140737488351179 0
/proc/1843781/statm: 6727 3404 2099 555 0 1769 0
[pid=1843794] ppid=1843781 vsize=19552 memory=11288 CPUtime=0.02 cores=10-11
/proc/1843794/stat : 1843794 (clingo) R 1843781 1843781 1843612 0 -1 0 1091 0 0 0 1 1 0 0 20 0 1 0 923092838 20021248 2822 17179869184 93824992301056 93824992468925 140737488338416 0 0 0 134217728 4 25184771 0 0 0 17 10 0 0 0 0 0 93824992533936 93824992571272 93824992575488 140737488340183 140737488340354 140737488340354 140737488351170 0
/proc/1843794/statm: 4888 2822 2045 41 0 967 0
Current children cumulated CPU time: 0.08 s
Current children cumulated vsize: 46460 KiB
Current children cumulated memory: 24904 KiB

[startup+0.217707 s]*
/proc/loadavg: 14.04 14.15 13.98 14/785 1843913
/proc/meminfo: memFree=387091296/528004524 swapFree=8388604/8388604
[pid=1843781] ppid=1843778 vsize=26908 memory=13616 CPUtime=0.06 cores=10-11
/proc/1843781/stat : 1843781 (perf) S 1843778 1843781 1843612 0 -1 0 1738 237 0 0 6 0 0 0 20 0 1 0 923092831 27553792 3404 17179869184 93824994299904 93824996572973 140737488338256 0 0 0 134217728 4 74274 1 0 0 17 10 0 0 0 0 0 93824998874888 93825001005840 93825001308160 140737488340073 140737488340470 140737488340470 140737488351179 0
/proc/1843781/statm: 6727 3404 2099 555 0 1769 0
[pid=1843794] ppid=1843781 vsize=24976 memory=16736 CPUtime=0.14 cores=10-11
/proc/1843794/stat : 1843794 (clingo) R 1843781 1843781 1843612 0 -1 0 2459 0 0 0 13 1 0 0 20 0 1 0 923092838 25575424 4184 17179869184 93824992301056 93824992468925 140737488338416 0 0 0 134217728 4 25184771 0 0 0 17 10 0 0 0 0 0 93824992533936 93824992571272 93824992575488 140737488340183 140737488340354 140737488340354 140737488351170 0
/proc/1843794/statm: 6244 4184 2091 41 0 2323 0
Current children cumulated CPU time: 0.2 s
Current children cumulated vsize: 51884 KiB
Current children cumulated memory: 30352 KiB

[startup+0.318148 s]*
/proc/loadavg: 14.04 14.15 13.98 17/795 1844008
/proc/meminfo: memFree=387172156/528004524 swapFree=8388604/8388604
[pid=1843781] ppid=1843778 vsize=26908 memory=13616 CPUtime=0.06 cores=10-11
/proc/1843781/stat : 1843781 (perf) S 1843778 1843781 1843612 0 -1 0 1738 237 0 0 6 0 0 0 20 0 1 0 923092831 27553792 3404 17179869184 93824994299904 93824996572973 140737488338256 0 0 0 134217728 4 74274 1 0 0 17 10 0 0 0 0 0 93824998874888 93825001005840 93825001308160 140737488340073 140737488340470 140737488340470 140737488351179 0
/proc/1843781/statm: 6727 3404 2099 555 0 1769 0
[pid=1843794] ppid=1843781 vsize=26960 memory=18848 CPUtime=0.24 cores=10-11
/proc/1843794/stat : 1843794 (clingo) R 1843781 1843781 1843612 0 -1 0 2956 0 0 0 23 1 0 0 20 0 1 0 923092838 27607040 4712 17179869184 93824992301056 93824992468925 140737488338416 0 0 0 134217728 4 25184771 0 0 0 17 10 0 0 0 0 0 93824992533936 93824992571272 93824992575488 140737488340183 140737488340354 140737488340354 140737488351170 0
/proc/1843794/statm: 6740 4712 2091 41 0 2819 0
Current children cumulated CPU time: 0.3 s
Current children cumulated vsize: 53868 KiB
Current children cumulated memory: 32464 KiB

[startup+0.700328 s]
/proc/loadavg: 14.04 14.15 13.98 15/826 1844073
/proc/meminfo: memFree=387164996/528004524 swapFree=8388604/8388604
[pid=1843781] ppid=1843778 vsize=26908 memory=13616 CPUtime=0.06 cores=10-11
/proc/1843781/stat : 1843781 (perf) S 1843778 1843781 1843612 0 -1 0 1738 237 0 0 6 0 0 0 20 0 1 0 923092831 27553792 3404 17179869184 93824994299904 93824996572973 140737488338256 0 0 0 134217728 4 74274 1 0 0 17 10 0 0 0 0 0 93824998874888 93825001005840 93825001308160 140737488340073 140737488340470 140737488340470 140737488351179 0
/proc/1843781/statm: 6727 3404 2099 555 0 1769 0
[pid=1843794] ppid=1843781 vsize=29336 memory=21224 CPUtime=0.6 cores=10-11
/proc/1843794/stat : 1843794 (clingo) R 1843781 1843781 1843612 0 -1 0 3535 0 0 0 59 1 0 0 20 0 1 0 923092838 30040064 5306 17179869184 93824992301056 93824992468925 140737488338416 0 0 0 134217728 4 25184771 0 0 0 17 10 0 0 0 0 0 93824992533936 93824992571272 93824992575488 140737488340183 140737488340354 140737488340354 140737488351170 0
/proc/1843794/statm: 7334 5306 2091 41 0 3413 0
Current children cumulated CPU time: 0.66 s
Current children cumulated vsize: 56244 KiB
Current children cumulated memory: 34840 KiB

[startup+1.50029 s]
/proc/loadavg: 14.04 14.15 13.98 13/805 1844319
/proc/meminfo: memFree=387581552/528004524 swapFree=8388604/8388604
[pid=1843781] ppid=1843778 vsize=26908 memory=13616 CPUtime=0.06 cores=10-11
/proc/1843781/stat : 1843781 (perf) S 1843778 1843781 1843612 0 -1 0 1738 237 0 0 6 0 0 0 20 0 1 0 923092831 27553792 3404 17179869184 93824994299904 93824996572973 140737488338256 0 0 0 134217728 4 74274 1 0 0 17 10 0 0 0 0 0 93824998874888 93825001005840 93825001308160 140737488340073 140737488340470 140737488340470 140737488351179 0
/proc/1843781/statm: 6727 3404 2099 555 0 1769 0
[pid=1843794] ppid=1843781 vsize=31184 memory=23072 CPUtime=1.4 cores=10-11
/proc/1843794/stat : 1843794 (clingo) R 1843781 1843781 1843612 0 -1 0 4025 0 0 0 139 1 0 0 20 0 1 0 923092838 31932416 5768 17179869184 93824992301056 93824992468925 140737488338416 0 0 0 134217728 4 25184771 0 0 0 17 10 0 0 0 0 0 93824992533936 93824992571272 93824992575488 140737488340183 140737488340354 140737488340354 140737488351170 0
/proc/1843794/statm: 7796 5768 2091 41 0 3875 0
Current children cumulated CPU time: 1.46 s
Current children cumulated vsize: 58092 KiB
Current children cumulated memory: 36688 KiB

[startup+3.11993 s]
/proc/loadavg: 14.04 14.15 13.98 15/848 1845116
/proc/meminfo: memFree=387385692/528004524 swapFree=8388604/8388604
[pid=1843781] ppid=1843778 vsize=26908 memory=13616 CPUtime=0.06 cores=10-11
/proc/1843781/stat : 1843781 (perf) S 1843778 1843781 1843612 0 -1 0 1738 237 0 0 6 0 0 0 20 0 1 0 923092831 27553792 3404 17179869184 93824994299904 93824996572973 140737488338256 0 0 0 134217728 4 74274 1 0 0 17 10 0 0 0 0 0 93824998874888 93825001005840 93825001308160 140737488340073 140737488340470 140737488340470 140737488351179 0
/proc/1843781/statm: 6727 3404 2099 555 0 1769 0
[pid=1843794] ppid=1843781 vsize=33180 memory=25184 CPUtime=3.02 cores=10-11
/proc/1843794/stat : 1843794 (clingo) R 1843781 1843781 1843612 0 -1 0 4509 0 0 0 301 1 0 0 20 0 1 0 923092838 33976320 6296 17179869184 93824992301056 93824992468925 140737488338416 0 0 0 134217728 4 25184771 0 0 0 17 10 0 0 0 0 0 93824992533936 93824992571272 93824992575488 140737488340183 140737488340354 140737488340354 140737488351170 0
/proc/1843794/statm: 8295 6296 2091 41 0 4374 0
Current children cumulated CPU time: 3.08 s
Current children cumulated vsize: 60088 KiB
Current children cumulated memory: 38800 KiB

[startup+6.30029 s]
/proc/loadavg: 14.04 14.15 13.98 15/864 1845246
/proc/meminfo: memFree=387034040/528004524 swapFree=8388604/8388604
[pid=1843781] ppid=1843778 vsize=26908 memory=13616 CPUtime=0.06 cores=10-11
/proc/1843781/stat : 1843781 (perf) S 1843778 1843781 1843612 0 -1 0 1738 237 0 0 6 0 0 0 20 0 1 0 923092831 27553792 3404 17179869184 93824994299904 93824996572973 140737488338256 0 0 0 134217728 4 74274 1 0 0 17 10 0 0 0 0 0 93824998874888 93825001005840 93825001308160 140737488340073 140737488340470 140737488340470 140737488351179 0
/proc/1843781/statm: 6727 3404 2099 555 0 1769 0
[pid=1843794] ppid=1843781 vsize=38360 memory=30200 CPUtime=6.2 cores=10-11
/proc/1843794/stat : 1843794 (clingo) R 1843781 1843781 1843612 0 -1 0 5783 0 0 0 619 1 0 0 20 0 1 0 923092838 39280640 7550 17179869184 93824992301056 93824992468925 140737488338416 0 0 0 134217728 4 25184771 0 0 0 17 10 0 0 0 0 0 93824992533936 93824992571272 93824992575488 140737488340183 140737488340354 140737488340354 140737488351170 0
/proc/1843794/statm: 9590 7550 2091 41 0 5669 0
Current children cumulated CPU time: 6.26 s
Current children cumulated vsize: 65268 KiB
Current children cumulated memory: 43816 KiB

[startup+12.7003 s]
/proc/loadavg: 14.04 14.15 13.98 15/871 1845465
/proc/meminfo: memFree=386988028/528004524 swapFree=8388604/8388604
[pid=1843781] ppid=1843778 vsize=26908 memory=13616 CPUtime=0.06 cores=10-11
/proc/1843781/stat : 1843781 (perf) S 1843778 1843781 1843612 0 -1 0 1738 237 0 0 6 0 0 0 20 0 1 0 923092831 27553792 3404 17179869184 93824994299904 93824996572973 140737488338256 0 0 0 134217728 4 74274 1 0 0 17 10 0 0 0 0 0 93824998874888 93825001005840 93825001308160 140737488340073 140737488340470 140737488340470 140737488351179 0
/proc/1843781/statm: 6727 3404 2099 555 0 1769 0
[pid=1843794] ppid=1843781 vsize=42888 memory=34760 CPUtime=12.6 cores=10-11
/proc/1843794/stat : 1843794 (clingo) R 1843781 1843781 1843612 0 -1 0 6970 0 0 0 1259 1 0 0 20 0 1 0 923092838 43917312 8690 17179869184 93824992301056 93824992468925 140737488338416 0 0 0 134217728 4 25184771 0 0 0 17 10 0 0 0 0 0 93824992533936 93824992571272 93824992575488 140737488340183 140737488340354 140737488340354 140737488351170 0
/proc/1843794/statm: 10722 8690 2091 41 0 6801 0
Current children cumulated CPU time: 12.66 s
Current children cumulated vsize: 69796 KiB
Current children cumulated memory: 48376 KiB

[startup+25.5004 s]
/proc/loadavg: 14.03 14.14 13.99 15/873 1845470
/proc/meminfo: memFree=386742044/528004524 swapFree=8388604/8388604
[pid=1843781] ppid=1843778 vsize=26908 memory=13616 CPUtime=0.06 cores=10-11
/proc/1843781/stat : 1843781 (perf) S 1843778 1843781 1843612 0 -1 0 1738 237 0 0 6 0 0 0 20 0 1 0 923092831 27553792 3404 17179869184 93824994299904 93824996572973 140737488338256 0 0 0 134217728 4 74274 1 0 0 17 10 0 0 0 0 0 93824998874888 93825001005840 93825001308160 140737488340073 140737488340470 140737488340470 140737488351179 0
/proc/1843781/statm: 6727 3404 2099 555 0 1769 0
[pid=1843794] ppid=1843781 vsize=49512 memory=41092 CPUtime=25.4 cores=10-11
/proc/1843794/stat : 1843794 (clingo) R 1843781 1843781 1843612 0 -1 0 8561 0 0 0 2538 2 0 0 20 0 1 0 923092838 50700288 10273 17179869184 93824992301056 93824992468925 140737488338416 0 0 0 134217728 4 25184771 0 0 0 17 10 0 0 0 0 0 93824992533936 93824992571272 93824992575488 140737488340183 140737488340354 140737488340354 140737488351170 0
/proc/1843794/statm: 12378 10273 2091 41 0 8457 0
Current children cumulated CPU time: 25.46 s
Current children cumulated vsize: 76420 KiB
Current children cumulated memory: 54708 KiB

[startup+51.1197 s]
/proc/loadavg: 14.16 14.16 14.00 15/873 1845470
/proc/meminfo: memFree=386195132/528004524 swapFree=8388604/8388604
[pid=1843781] ppid=1843778 vsize=26908 memory=13616 CPUtime=0.06 cores=10-11
/proc/1843781/stat : 1843781 (perf) S 1843778 1843781 1843612 0 -1 0 1738 237 0 0 6 0 0 0 20 0 1 0 923092831 27553792 3404 17179869184 93824994299904 93824996572973 140737488338256 0 0 0 134217728 4 74274 1 0 0 17 10 0 0 0 0 0 93824998874888 93825001005840 93825001308160 140737488340073 140737488340470 140737488340470 140737488351179 0
/proc/1843781/statm: 6727 3404 2099 555 0 1769 0
[pid=1843794] ppid=1843781 vsize=60540 memory=51124 CPUtime=51.02 cores=10-11
/proc/1843794/stat : 1843794 (clingo) R 1843781 1843781 1843612 0 -1 0 11122 0 0 0 5100 2 0 0 20 0 1 0 923092838 61992960 12781 17179869184 93824992301056 93824992468925 140737488338416 0 0 0 134217728 4 25184771 0 0 0 17 10 0 0 0 0 0 93824992533936 93824992571272 93824992575488 140737488340183 140737488340354 140737488340354 140737488351170 0
/proc/1843794/statm: 15135 12781 2091 41 0 11214 0
Current children cumulated CPU time: 51.08 s
Current children cumulated vsize: 87448 KiB
Current children cumulated memory: 64740 KiB

[startup+102.3 s]
/proc/loadavg: 14.07 14.13 14.00 15/873 1845473
/proc/meminfo: memFree=385926688/528004524 swapFree=8388604/8388604
[pid=1843781] ppid=1843778 vsize=26908 memory=13616 CPUtime=0.06 cores=10-11
/proc/1843781/stat : 1843781 (perf) S 1843778 1843781 1843612 0 -1 0 1738 237 0 0 6 0 0 0 20 0 1 0 923092831 27553792 3404 17179869184 93824994299904 93824996572973 140737488338256 0 0 0 134217728 4 74274 1 0 0 17 10 0 0 0 0 0 93824998874888 93825001005840 93825001308160 140737488340073 140737488340470 140737488340470 140737488351179 0
/proc/1843781/statm: 6727 3404 2099 555 0 1769 0
[pid=1843794] ppid=1843781 vsize=73324 memory=63452 CPUtime=102.2 cores=10-11
/proc/1843794/stat : 1843794 (clingo) R 1843781 1843781 1843612 0 -1 0 14391 0 0 0 10217 3 0 0 20 0 1 0 923092838 75083776 15863 17179869184 93824992301056 93824992468925 140737488338416 0 0 0 134217728 4 25184771 0 0 0 17 10 0 0 0 0 0 93824992533936 93824992571272 93824992575488 140737488340183 140737488340354 140737488340354 140737488351170 0
/proc/1843794/statm: 18331 15863 2091 41 0 14410 0
Current children cumulated CPU time: 102.26 s
Current children cumulated vsize: 100232 KiB
Current children cumulated memory: 77068 KiB

[startup+162.3 s]
/proc/loadavg: 14.08 14.12 14.00 15/873 1845476
/proc/meminfo: memFree=385764740/528004524 swapFree=8388604/8388604
[pid=1843781] ppid=1843778 vsize=26908 memory=13616 CPUtime=0.06 cores=10-11
/proc/1843781/stat : 1843781 (perf) S 1843778 1843781 1843612 0 -1 0 1738 237 0 0 6 0 0 0 20 0 1 0 923092831 27553792 3404 17179869184 93824994299904 93824996572973 140737488338256 0 0 0 134217728 4 74274 1 0 0 17 10 0 0 0 0 0 93824998874888 93825001005840 93825001308160 140737488340073 140737488340470 140737488340470 140737488351179 0
/proc/1843781/statm: 6727 3404 2099 555 0 1769 0
[pid=1843794] ppid=1843781 vsize=85012 memory=74240 CPUtime=162.2 cores=10-11
/proc/1843794/stat : 1843794 (clingo) R 1843781 1843781 1843612 0 -1 0 17734 0 0 0 16216 4 0 0 20 0 1 0 923092838 87052288 18560 17179869184 93824992301056 93824992468925 140737488338416 0 0 0 134217728 4 25184771 0 0 0 17 10 0 0 0 0 0 93824992533936 93824992571272 93824992575488 140737488340183 140737488340354 140737488340354 140737488351170 0
/proc/1843794/statm: 21253 18560 2091 41 0 17332 0
Current children cumulated CPU time: 162.26 s
Current children cumulated vsize: 111920 KiB
Current children cumulated memory: 87856 KiB

[startup+222.3 s]
/proc/loadavg: 14.03 14.10 14.00 15/873 1845480
/proc/meminfo: memFree=385633180/528004524 swapFree=8388604/8388604
[pid=1843781] ppid=1843778 vsize=26908 memory=13616 CPUtime=0.06 cores=10-11
/proc/1843781/stat : 1843781 (perf) S 1843778 1843781 1843612 0 -1 0 1738 237 0 0 6 0 0 0 20 0 1 0 923092831 27553792 3404 17179869184 93824994299904 93824996572973 140737488338256 0 0 0 134217728 4 74274 1 0 0 17 10 0 0 0 0 0 93824998874888 93825001005840 93825001308160 140737488340073 140737488340470 140737488340470 140737488351179 0
/proc/1843781/statm: 6727 3404 2099 555 0 1769 0
[pid=1843794] ppid=1843781 vsize=95056 memory=83160 CPUtime=222.2 cores=10-11
/proc/1843794/stat : 1843794 (clingo) R 1843781 1843781 1843612 0 -1 0 20112 0 0 0 22215 5 0 0 20 0 1 0 923092838 97337344 20790 17179869184 93824992301056 93824992468925 140737488338416 0 0 0 134217728 4 25184771 0 0 0 17 10 0 0 0 0 0 93824992533936 93824992571272 93824992575488 140737488340183 140737488340354 140737488340354 140737488351170 0
/proc/1843794/statm: 23764 20790 2091 41 0 19843 0
Current children cumulated CPU time: 222.26 s
Current children cumulated vsize: 121964 KiB
Current children cumulated memory: 96776 KiB

[startup+282.3 s]
/proc/loadavg: 14.35 14.16 14.03 15/873 1845481
/proc/meminfo: memFree=385434620/528004524 swapFree=8388604/8388604
[pid=1843781] ppid=1843778 vsize=26908 memory=13616 CPUtime=0.06 cores=10-11
/proc/1843781/stat : 1843781 (perf) S 1843778 1843781 1843612 0 -1 0 1738 237 0 0 6 0 0 0 20 0 1 0 923092831 27553792 3404 17179869184 93824994299904 93824996572973 140737488338256 0 0 0 134217728 4 74274 1 0 0 17 10 0 0 0 0 0 93824998874888 93825001005840 93825001308160 140737488340073 140737488340470 140737488340470 140737488351179 0
/proc/1843781/statm: 6727 3404 2099 555 0 1769 0
[pid=1843794] ppid=1843781 vsize=102708 memory=89760 CPUtime=282.2 cores=10-11
/proc/1843794/stat : 1843794 (clingo) R 1843781 1843781 1843612 0 -1 0 21738 0 0 0 28215 5 0 0 20 0 1 0 923092838 105172992 22440 17179869184 93824992301056 93824992468925 140737488338416 0 0 0 134217728 4 25184771 0 0 0 17 10 0 0 0 0 0 93824992533936 93824992571272 93824992575488 140737488340183 140737488340354 140737488340354 140737488351170 0
/proc/1843794/statm: 25677 22440 2091 41 0 21756 0
Current children cumulated CPU time: 282.26 s
Current children cumulated vsize: 129616 KiB
Current children cumulated memory: 103376 KiB

[startup+342.3 s]
/proc/loadavg: 14.35 14.18 14.04 15/851 1845486
/proc/meminfo: memFree=385321764/528004524 swapFree=8388604/8388604
[pid=1843781] ppid=1843778 vsize=26908 memory=13616 CPUtime=0.06 cores=10-11
/proc/1843781/stat : 1843781 (perf) S 1843778 1843781 1843612 0 -1 0 1738 237 0 0 6 0 0 0 20 0 1 0 923092831 27553792 3404 17179869184 93824994299904 93824996572973 140737488338256 0 0 0 134217728 4 74274 1 0 0 17 10 0 0 0 0 0 93824998874888 93825001005840 93825001308160 140737488340073 140737488340470 140737488340470 140737488351179 0
/proc/1843781/statm: 6727 3404 2099 555 0 1769 0
[pid=1843794] ppid=1843781 vsize=110420 memory=96888 CPUtime=342.2 cores=10-11
/proc/1843794/stat : 1843794 (clingo) R 1843781 1843781 1843612 0 -1 0 23554 0 0 0 34214 6 0 0 20 0 1 0 923092838 113070080 24222 17179869184 93824992301056 93824992468925 140737488338416 0 0 0 134217728 4 25184771 0 0 0 17 10 0 0 0 0 0 93824992533936 93824992571272 93824992575488 140737488340183 140737488340354 140737488340354 140737488351170 0
/proc/1843794/statm: 27605 24222 2091 41 0 23684 0
Current children cumulated CPU time: 342.26 s
Current children cumulated vsize: 137328 KiB
Current children cumulated memory: 110504 KiB

[startup+402.3 s]
/proc/loadavg: 14.87 14.38 14.12 15/847 1845490
/proc/meminfo: memFree=385258812/528004524 swapFree=8388604/8388604
[pid=1843781] ppid=1843778 vsize=26908 memory=13616 CPUtime=0.06 cores=10-11
/proc/1843781/stat : 1843781 (perf) S 1843778 1843781 1843612 0 -1 0 1738 237 0 0 6 0 0 0 20 0 1 0 923092831 27553792 3404 17179869184 93824994299904 93824996572973 140737488338256 0 0 0 134217728 4 74274 1 0 0 17 10 0 0 0 0 0 93824998874888 93825001005840 93825001308160 140737488340073 140737488340470 140737488340470 140737488351179 0
/proc/1843781/statm: 6727 3404 2099 555 0 1769 0
[pid=1843794] ppid=1843781 vsize=115984 memory=101904 CPUtime=402.19 cores=10-11
/proc/1843794/stat : 1843794 (clingo) R 1843781 1843781 1843612 0 -1 0 24795 0 0 0 40213 6 0 0 20 0 1 0 923092838 118767616 25476 17179869184 93824992301056 93824992468925 140737488338416 0 0 0 134217728 4 25184771 0 0 0 17 10 0 0 0 0 0 93824992533936 93824992571272 93824992575488 140737488340183 140737488340354 140737488340354 140737488351170 0
/proc/1843794/statm: 28996 25476 2091 41 0 25075 0
Current children cumulated CPU time: 402.25 s
Current children cumulated vsize: 142892 KiB
Current children cumulated memory: 115520 KiB

[startup+462.3 s]
/proc/loadavg: 14.32 14.31 14.11 15/847 1845493
/proc/meminfo: memFree=385167856/528004524 swapFree=8388604/8388604
[pid=1843781] ppid=1843778 vsize=26908 memory=13616 CPUtime=0.06 cores=10-11
/proc/1843781/stat : 1843781 (perf) S 1843778 1843781 1843612 0 -1 0 1738 237 0 0 6 0 0 0 20 0 1 0 923092831 27553792 3404 17179869184 93824994299904 93824996572973 140737488338256 0 0 0 134217728 4 74274 1 0 0 17 10 0 0 0 0 0 93824998874888 93825001005840 93825001308160 140737488340073 140737488340470 140737488340470 140737488351179 0
/proc/1843781/statm: 6727 3404 2099 555 0 1769 0
[pid=1843794] ppid=1843781 vsize=123192 memory=108240 CPUtime=462.2 cores=10-11
/proc/1843794/stat : 1843794 (clingo) R 1843781 1843781 1843612 0 -1 0 26373 0 0 0 46213 7 0 0 20 0 1 0 923092838 126148608 27060 17179869184 93824992301056 93824992468925 140737488338416 0 0 0 134217728 4 25184771 0 0 0 17 10 0 0 0 0 0 93824992533936 93824992571272 93824992575488 140737488340183 140737488340354 140737488340354 140737488351170 0
/proc/1843794/statm: 30798 27060 2091 41 0 26877 0
Current children cumulated CPU time: 462.26 s
Current children cumulated vsize: 150100 KiB
Current children cumulated memory: 121856 KiB

[startup+522.3 s]
/proc/loadavg: 14.38 14.32 14.12 15/847 1845496
/proc/meminfo: memFree=385096084/528004524 swapFree=8388604/8388604
[pid=1843781] ppid=1843778 vsize=26908 memory=13616 CPUtime=0.06 cores=10-11
/proc/1843781/stat : 1843781 (perf) S 1843778 1843781 1843612 0 -1 0 1738 237 0 0 6 0 0 0 20 0 1 0 923092831 27553792 3404 17179869184 93824994299904 93824996572973 140737488338256 0 0 0 134217728 4 74274 1 0 0 17 10 0 0 0 0 0 93824998874888 93825001005840 93825001308160 140737488340073 140737488340470 140737488340470 140737488351179 0
/proc/1843781/statm: 6727 3404 2099 555 0 1769 0
[pid=1843794] ppid=1843781 vsize=127948 memory=112516 CPUtime=522.19 cores=10-11
/proc/1843794/stat : 1843794 (clingo) R 1843781 1843781 1843612 0 -1 0 27689 0 0 0 52212 7 0 0 20 0 1 0 923092838 131018752 28129 17179869184 93824992301056 93824992468925 140737488338416 0 0 0 134217728 4 25184771 0 0 0 17 10 0 0 0 0 0 93824992533936 93824992571272 93824992575488 140737488340183 140737488340354 140737488340354 140737488351170 0
/proc/1843794/statm: 31987 28129 2091 41 0 28066 0
Current children cumulated CPU time: 522.25 s
Current children cumulated vsize: 154856 KiB
Current children cumulated memory: 126132 KiB

[startup+582.3 s]
/proc/loadavg: 14.14 14.26 14.11 15/845 1845501
/proc/meminfo: memFree=385056284/528004524 swapFree=8388604/8388604
[pid=1843781] ppid=1843778 vsize=26908 memory=13616 CPUtime=0.06 cores=10-11
/proc/1843781/stat : 1843781 (perf) S 1843778 1843781 1843612 0 -1 0 1738 237 0 0 6 0 0 0 20 0 1 0 923092831 27553792 3404 17179869184 93824994299904 93824996572973 140737488338256 0 0 0 134217728 4 74274 1 0 0 17 10 0 0 0 0 0 93824998874888 93825001005840 93825001308160 140737488340073 140737488340470 140737488340470 140737488351179 0
/proc/1843781/statm: 6727 3404 2099 555 0 1769 0
[pid=1843794] ppid=1843781 vsize=131932 memory=116184 CPUtime=582.2 cores=10-11
/proc/1843794/stat : 1843794 (clingo) R 1843781 1843781 1843612 0 -1 0 28809 0 0 0 58212 8 0 0 20 0 1 0 923092838 135098368 29046 17179869184 93824992301056 93824992468925 140737488338416 0 0 0 134217728 4 25184771 0 0 0 17 10 0 0 0 0 0 93824992533936 93824992571272 93824992575488 140737488340183 140737488340354 140737488340354 140737488351170 0
/proc/1843794/statm: 32983 29046 2091 41 0 29062 0
Current children cumulated CPU time: 582.26 s
Current children cumulated vsize: 158840 KiB
Current children cumulated memory: 129800 KiB

[startup+642.3 s]
/proc/loadavg: 14.05 14.21 14.10 15/845 1845502
/proc/meminfo: memFree=384912440/528004524 swapFree=8388604/8388604
[pid=1843781] ppid=1843778 vsize=26908 memory=13616 CPUtime=0.06 cores=10-11
/proc/1843781/stat : 1843781 (perf) S 1843778 1843781 1843612 0 -1 0 1738 237 0 0 6 0 0 0 20 0 1 0 923092831 27553792 3404 17179869184 93824994299904 93824996572973 140737488338256 0 0 0 134217728 4 74274 1 0 0 17 10 0 0 0 0 0 93824998874888 93825001005840 93825001308160 140737488340073 140737488340470 140737488340470 140737488351179 0
/proc/1843781/statm: 6727 3404 2099 555 0 1769 0
[pid=1843794] ppid=1843781 vsize=137052 memory=120672 CPUtime=642.2 cores=10-11
/proc/1843794/stat : 1843794 (clingo) R 1843781 1843781 1843612 0 -1 0 29900 0 0 0 64212 8 0 0 20 0 1 0 923092838 140341248 30168 17179869184 93824992301056 93824992468925 140737488338416 0 0 0 134217728 4 25184771 0 0 0 17 10 0 0 0 0 0 93824992533936 93824992571272 93824992575488 140737488340183 140737488340354 140737488340354 140737488351170 0
/proc/1843794/statm: 34263 30168 2091 41 0 30342 0
Current children cumulated CPU time: 642.26 s
Current children cumulated vsize: 163960 KiB
Current children cumulated memory: 134288 KiB

[startup+702.3 s]
/proc/loadavg: 14.17 14.20 14.10 15/846 1845505
/proc/meminfo: memFree=384783936/528004524 swapFree=8388604/8388604
[pid=1843781] ppid=1843778 vsize=26908 memory=13616 CPUtime=0.06 cores=10-11
/proc/1843781/stat : 1843781 (perf) S 1843778 1843781 1843612 0 -1 0 1738 237 0 0 6 0 0 0 20 0 1 0 923092831 27553792 3404 17179869184 93824994299904 93824996572973 140737488338256 0 0 0 134217728 4 74274 1 0 0 17 10 0 0 0 0 0 93824998874888 93825001005840 93825001308160 140737488340073 140737488340470 140737488340470 140737488351179 0
/proc/1843781/statm: 6727 3404 2099 555 0 1769 0
[pid=1843794] ppid=1843781 vsize=141360 memory=124632 CPUtime=702.2 cores=10-11
/proc/1843794/stat : 1843794 (clingo) R 1843781 1843781 1843612 0 -1 0 30909 0 0 0 70212 8 0 0 20 0 1 0 923092838 144752640 31158 17179869184 93824992301056 93824992468925 140737488338416 0 0 0 134217728 4 25184771 0 0 0 17 10 0 0 0 0 0 93824992533936 93824992571272 93824992575488 140737488340183 140737488340354 140737488340354 140737488351170 0
/proc/1843794/statm: 35340 31158 2091 41 0 31419 0
Current children cumulated CPU time: 702.26 s
Current children cumulated vsize: 168268 KiB
Current children cumulated memory: 138248 KiB

[startup+762.3 s]
/proc/loadavg: 14.13 14.19 14.10 15/847 1845507
/proc/meminfo: memFree=384686928/528004524 swapFree=8388604/8388604
[pid=1843781] ppid=1843778 vsize=26908 memory=13616 CPUtime=0.06 cores=10-11
/proc/1843781/stat : 1843781 (perf) S 1843778 1843781 1843612 0 -1 0 1738 237 0 0 6 0 0 0 20 0 1 0 923092831 27553792 3404 17179869184 93824994299904 93824996572973 140737488338256 0 0 0 134217728 4 74274 1 0 0 17 10 0 0 0 0 0 93824998874888 93825001005840 93825001308160 140737488340073 140737488340470 140737488340470 140737488351179 0
/proc/1843781/statm: 6727 3404 2099 555 0 1769 0
[pid=1843794] ppid=1843781 vsize=147240 memory=129648 CPUtime=762.19 cores=10-11
/proc/1843794/stat : 1843794 (clingo) R 1843781 1843781 1843612 0 -1 0 32167 0 0 0 76211 8 0 0 20 0 1 0 923092838 150773760 32412 17179869184 93824992301056 93824992468925 140737488338416 0 0 0 134217728 4 25184771 0 0 0 17 10 0 0 0 0 0 93824992533936 93824992571272 93824992575488 140737488340183 140737488340354 140737488340354 140737488351170 0
/proc/1843794/statm: 36810 32412 2091 41 0 32889 0
Current children cumulated CPU time: 762.25 s
Current children cumulated vsize: 174148 KiB
Current children cumulated memory: 143264 KiB

[startup+822.3 s]
/proc/loadavg: 14.24 14.23 14.12 15/847 1845509
/proc/meminfo: memFree=384586128/528004524 swapFree=8388604/8388604
[pid=1843781] ppid=1843778 vsize=26908 memory=13616 CPUtime=0.06 cores=10-11
/proc/1843781/stat : 1843781 (perf) S 1843778 1843781 1843612 0 -1 0 1738 237 0 0 6 0 0 0 20 0 1 0 923092831 27553792 3404 17179869184 93824994299904 93824996572973 140737488338256 0 0 0 134217728 4 74274 1 0 0 17 10 0 0 0 0 0 93824998874888 93825001005840 93825001308160 140737488340073 140737488340470 140737488340470 140737488351179 0
/proc/1843781/statm: 6727 3404 2099 555 0 1769 0
[pid=1843794] ppid=1843781 vsize=151136 memory=133344 CPUtime=822.19 cores=10-11
/proc/1843794/stat : 1843794 (clingo) R 1843781 1843781 1843612 0 -1 0 33092 0 0 0 82211 8 0 0 20 0 1 0 923092838 154763264 33336 17179869184 93824992301056 93824992468925 140737488338416 0 0 0 134217728 4 25184771 0 0 0 17 10 0 0 0 0 0 93824992533936 93824992571272 93824992575488 140737488340183 140737488340354 140737488340354 140737488351170 0
/proc/1843794/statm: 37784 33336 2091 41 0 33863 0
Current children cumulated CPU time: 822.25 s
Current children cumulated vsize: 178044 KiB
Current children cumulated memory: 146960 KiB

[startup+882.3 s]
/proc/loadavg: 14.43 14.27 14.13 15/847 1845553
/proc/meminfo: memFree=384498688/528004524 swapFree=8388604/8388604
[pid=1843781] ppid=1843778 vsize=26908 memory=13616 CPUtime=0.06 cores=10-11
/proc/1843781/stat : 1843781 (perf) S 1843778 1843781 1843612 0 -1 0 1738 237 0 0 6 0 0 0 20 0 1 0 923092831 27553792 3404 17179869184 93824994299904 93824996572973 140737488338256 0 0 0 134217728 4 74274 1 0 0 17 10 0 0 0 0 0 93824998874888 93825001005840 93825001308160 140737488340073 140737488340470 140737488340470 140737488351179 0
/proc/1843781/statm: 6727 3404 2099 555 0 1769 0
[pid=1843794] ppid=1843781 vsize=155704 memory=137568 CPUtime=882.19 cores=10-11
/proc/1843794/stat : 1843794 (clingo) R 1843781 1843781 1843612 0 -1 0 34123 0 0 0 88211 8 0 0 20 0 1 0 923092838 159440896 34392 17179869184 93824992301056 93824992468925 140737488338416 0 0 0 134217728 4 25184771 0 0 0 17 10 0 0 0 0 0 93824992533936 93824992571272 93824992575488 140737488340183 140737488340354 140737488340354 140737488351170 0
/proc/1843794/statm: 38926 34392 2091 41 0 35005 0
Current children cumulated CPU time: 882.25 s
Current children cumulated vsize: 182612 KiB
Current children cumulated memory: 151184 KiB

[startup+942.3 s]
/proc/loadavg: 14.31 14.27 14.15 15/847 1845554
/proc/meminfo: memFree=384445552/528004524 swapFree=8388604/8388604
[pid=1843781] ppid=1843778 vsize=26908 memory=13616 CPUtime=0.06 cores=10-11
/proc/1843781/stat : 1843781 (perf) S 1843778 1843781 1843612 0 -1 0 1738 237 0 0 6 0 0 0 20 0 1 0 923092831 27553792 3404 17179869184 93824994299904 93824996572973 140737488338256 0 0 0 134217728 4 74274 1 0 0 17 10 0 0 0 0 0 93824998874888 93825001005840 93825001308160 140737488340073 140737488340470 140737488340470 140737488351179 0
/proc/1843781/statm: 6727 3404 2099 555 0 1769 0
[pid=1843794] ppid=1843781 vsize=160460 memory=142056 CPUtime=942.19 cores=10-11
/proc/1843794/stat : 1843794 (clingo) R 1843781 1843781 1843612 0 -1 0 35232 0 0 0 94211 8 0 0 20 0 1 0 923092838 164311040 35514 17179869184 93824992301056 93824992468925 140737488338416 0 0 0 134217728 4 25184771 0 0 0 17 10 0 0 0 0 0 93824992533936 93824992571272 93824992575488 140737488340183 140737488340354 140737488340354 140737488351170 0
/proc/1843794/statm: 40115 35514 2091 41 0 36194 0
Current children cumulated CPU time: 942.25 s
Current children cumulated vsize: 187368 KiB
Current children cumulated memory: 155672 KiB

[startup+1002.3 s]
/proc/loadavg: 14.11 14.22 14.13 15/847 1845555
/proc/meminfo: memFree=384256804/528004524 swapFree=8388604/8388604
[pid=1843781] ppid=1843778 vsize=26908 memory=13616 CPUtime=0.06 cores=10-11
/proc/1843781/stat : 1843781 (perf) S 1843778 1843781 1843612 0 -1 0 1738 237 0 0 6 0 0 0 20 0 1 0 923092831 27553792 3404 17179869184 93824994299904 93824996572973 140737488338256 0 0 0 134217728 4 74274 1 0 0 17 10 0 0 0 0 0 93824998874888 93825001005840 93825001308160 140737488340073 140737488340470 140737488340470 140737488351179 0
/proc/1843781/statm: 6727 3404 2099 555 0 1769 0
[pid=1843794] ppid=1843781 vsize=163692 memory=144960 CPUtime=1002.19 cores=10-11
/proc/1843794/stat : 1843794 (clingo) R 1843781 1843781 1843612 0 -1 0 35982 0 0 0 100211 8 0 0 20 0 1 0 923092838 167620608 36240 17179869184 93824992301056 93824992468925 140737488338416 0 0 0 134217728 4 25184771 0 0 0 17 10 0 0 0 0 0 93824992533936 93824992571272 93824992575488 140737488340183 140737488340354 140737488340354 140737488351170 0
/proc/1843794/statm: 40923 36240 2091 41 0 37002 0
Current children cumulated CPU time: 1002.25 s
Current children cumulated vsize: 190600 KiB
Current children cumulated memory: 158576 KiB

[startup+1062.3 s]
/proc/loadavg: 14.08 14.19 14.13 15/846 1845556
/proc/meminfo: memFree=384197332/528004524 swapFree=8388604/8388604
[pid=1843781] ppid=1843778 vsize=26908 memory=13616 CPUtime=0.06 cores=10-11
/proc/1843781/stat : 1843781 (perf) S 1843778 1843781 1843612 0 -1 0 1738 237 0 0 6 0 0 0 20 0 1 0 923092831 27553792 3404 17179869184 93824994299904 93824996572973 140737488338256 0 0 0 134217728 4 74274 1 0 0 17 10 0 0 0 0 0 93824998874888 93825001005840 93825001308160 140737488340073 140737488340470 140737488340470 140737488351179 0
/proc/1843781/statm: 6727 3404 2099 555 0 1769 0
[pid=1843794] ppid=1843781 vsize=167124 memory=148392 CPUtime=1062.19 cores=10-11
/proc/1843794/stat : 1843794 (clingo) R 1843781 1843781 1843612 0 -1 0 36809 0 0 0 106211 8 0 0 20 0 1 0 923092838 171134976 37098 17179869184 93824992301056 93824992468925 140737488338416 0 0 0 134217728 4 25184771 0 0 0 17 10 0 0 0 0 0 93824992533936 93824992571272 93824992575488 140737488340183 140737488340354 140737488340354 140737488351170 0
/proc/1843794/statm: 41781 37098 2091 41 0 37860 0
Current children cumulated CPU time: 1062.25 s
Current children cumulated vsize: 194032 KiB
Current children cumulated memory: 162008 KiB

[startup+1122.3 s]
/proc/loadavg: 14.03 14.16 14.12 15/846 1845558
/proc/meminfo: memFree=384131308/528004524 swapFree=8388604/8388604
[pid=1843781] ppid=1843778 vsize=26908 memory=13616 CPUtime=0.06 cores=10-11
/proc/1843781/stat : 1843781 (perf) S 1843778 1843781 1843612 0 -1 0 1738 237 0 0 6 0 0 0 20 0 1 0 923092831 27553792 3404 17179869184 93824994299904 93824996572973 140737488338256 0 0 0 134217728 4 74274 1 0 0 17 10 0 0 0 0 0 93824998874888 93825001005840 93825001308160 140737488340073 140737488340470 140737488340470 140737488351179 0
/proc/1843781/statm: 6727 3404 2099 555 0 1769 0
[pid=1843794] ppid=1843781 vsize=170096 memory=151032 CPUtime=1122.19 cores=10-11
/proc/1843794/stat : 1843794 (clingo) R 1843781 1843781 1843612 0 -1 0 37505 0 0 0 112210 9 0 0 20 0 1 0 923092838 174178304 37758 17179869184 93824992301056 93824992468925 140737488338416 0 0 0 134217728 4 25184771 0 0 0 17 10 0 0 0 0 0 93824992533936 93824992571272 93824992575488 140737488340183 140737488340354 140737488340354 140737488351170 0
/proc/1843794/statm: 42524 37758 2091 41 0 38603 0
Current children cumulated CPU time: 1122.25 s
Current children cumulated vsize: 197004 KiB
Current children cumulated memory: 164648 KiB

[startup+1182.3 s]
/proc/loadavg: 14.84 14.35 14.18 15/846 1845560
/proc/meminfo: memFree=384123264/528004524 swapFree=8388604/8388604
[pid=1843781] ppid=1843778 vsize=26908 memory=13616 CPUtime=0.06 cores=10-11
/proc/1843781/stat : 1843781 (perf) S 1843778 1843781 1843612 0 -1 0 1738 237 0 0 6 0 0 0 20 0 1 0 923092831 27553792 3404 17179869184 93824994299904 93824996572973 140737488338256 0 0 0 134217728 4 74274 1 0 0 17 10 0 0 0 0 0 93824998874888 93825001005840 93825001308160 140737488340073 140737488340470 140737488340470 140737488351179 0
/proc/1843781/statm: 6727 3404 2099 555 0 1769 0
[pid=1843794] ppid=1843781 vsize=171248 memory=152352 CPUtime=1182.2 cores=10-11
/proc/1843794/stat : 1843794 (clingo) R 1843781 1843781 1843612 0 -1 0 37803 0 0 0 118210 10 0 0 20 0 1 0 923092838 175357952 38088 17179869184 93824992301056 93824992468925 140737488338416 0 0 0 134217728 4 25184771 0 0 0 17 10 0 0 0 0 0 93824992533936 93824992571272 93824992575488 140737488340183 140737488340354 140737488340354 140737488351170 0
/proc/1843794/statm: 42812 38088 2091 41 0 38891 0
Current children cumulated CPU time: 1182.26 s
Current children cumulated vsize: 198156 KiB
Current children cumulated memory: 165968 KiB



Maximum wall clock time exceeded: sending SIGTERM then SIGKILL

[startup+1205 s]*
/proc/loadavg: 14.86 14.40 14.20 15/846 1845560
/proc/meminfo: memFree=384114728/528004524 swapFree=8388604/8388604
[pid=1843781] ppid=1843778 vsize=26908 memory=13616 CPUtime=0.06 cores=10-11
/proc/1843781/stat : 1843781 (perf) S 1843778 1843781 1843612 0 -1 0 1738 237 0 0 6 0 0 0 20 0 1 0 923092831 27553792 3404 17179869184 93824994299904 93824996572973 140737488338256 0 0 0 134217728 4 74274 1 0 0 17 10 0 0 0 0 0 93824998874888 93825001005840 93825001308160 140737488340073 140737488340470 140737488340470 140737488351179 0
/proc/1843781/statm: 6727 3404 2099 555 0 1769 0
[pid=1843794] ppid=1843781 vsize=172688 memory=153408 CPUtime=1204.91 cores=10-11
/proc/1843794/stat : 1843794 (clingo) R 1843781 1843781 1843612 0 -1 0 38116 0 0 0 120481 10 0 0 20 0 1 0 923092838 176832512 38352 17179869184 93824992301056 93824992468925 140737488338416 0 0 0 134217728 4 25184771 0 0 0 17 10 0 0 0 0 0 93824992533936 93824992571272 93824992575488 140737488340183 140737488340354 140737488340354 140737488351170 0
/proc/1843794/statm: 43172 38352 2091 41 0 39251 0
Current children cumulated CPU time: 1204.97 s
Current children cumulated vsize: 199596 KiB
Current children cumulated memory: 167024 KiB

Sending SIGINT to process tree (bottom up)
Sleeping 5 seconds

[startup+1205.03 s]
# the end of solver process 1843781 was just reported to runsolver
# cumulated CPU time of all completed processes:  user=1204.89 s, system=0.119988 s

Solver just ended.
??? end of watcher thread
Dumping a history of the last processes samples

Child status: 1
Real time (s): 1205.03
CPU time (s): 1205.01
CPU user time (s): 1204.89
CPU system time (s): 0.119988
CPU usage (%): 99.9987
Max. virtual memory (cumulated for all children) (KiB): 199596
Max. memory (cumulated for all children) (KiB): 167024

getrusage(RUSAGE_CHILDREN,...) data:
user time used= 1204.89
system time used= 0.119988
maximum resident set size= 153680
integral shared memory size= 0
integral unshared data size= 0
integral unshared stack size= 0
page reclaims= 40131
page faults= 0
swaps= 0
block input operations= 0
block output operations= 0
messages sent= 0
messages received= 0
signals received= 0
voluntary context switches= 30
involuntary context switches= 1168


# summary of solver processes directly reported to runsolver:
#   pid: 1843781
#   total CPU time (s): 1205.01
#   total CPU user time (s): 1204.89
#   total CPU system time (s): 0.119988

??? end of timestamper thread
runsolver used 10.4748 second user time and 14.1317 second system time

The end
