runsolver version 3.4.0 (svn: 3018) Copyright (C) 2010-2013 Olivier ROUSSEL

This program is distributed in the hope that it will be useful,
but WITHOUT ANY WARRANTY; without even the implied warranty of
MERCHANTABILITY or FITNESS FOR A PARTICULAR PURPOSE.  See the
GNU General Public License for more details.

NUMA information:
  number of nodes: 2
  memory of node 0: 257635 MiB (187685 MiB free)
  memory of node 1: 257994 MiB (191002 MiB free)
  node distances:
     10  20
     20  10

command line: /dev/shm/372f57fe-2e81-11f1-ac62-000c298f4621/input/runsolver -w /dev/shm/372f57fe-2e81-11f1-ac62-000c298f4621/output/runsolver.log -v /dev/shm/372f57fe-2e81-11f1-ac62-000c298f4621/output/varfile.log -W 1205 --rss-swap-limit 16384 -d 5 --sigint /usr/bin/perf stat -B -e task-clock,cache-references,cache-misses,cycles,instructions,branches,faults,migrations,context-switches -o /dev/shm/372f57fe-2e81-11f1-ac62-000c298f4621/output/perf.log clingo /home/guests/mmacri/AMOSUM/benchmarks/GraphColouring/encoding-plain-amo.asp /dev/shm/372f57fe-2e81-11f1-ac62-000c298f4621/input/0004-graph_colouring-125-0_3600.asp 

running on 2 cores: 6-7

Enforcing wall clock limit (soft limit, will send SIGTERM then SIGKILL): 1205 seconds
Enforcing RSS+Swap limit (soft limit, will send SIGTERM then SIGKILL): 16777216 KiB
Linux 5.15.0-131-generic
Current StackSize limit: 8192 KiB

solver pid=1841375, runsolver pid=1841374

[startup+0.100069 s]*
/proc/loadavg: 14.00 13.81 10.33 15/850 1841379
/proc/meminfo: memFree=387749532/528004524 swapFree=8388604/8388604
[pid=1841375] ppid=1841374 vsize=26908 memory=13616 CPUtime=0.06 cores=6-7
/proc/1841375/stat : 1841375 (perf) S 1841374 1841375 1841333 0 -1 0 1738 237 0 0 5 1 0 0 20 0 1 0 922851852 27553792 3404 17179869184 93824994299904 93824996572973 140737488338256 0 0 0 134217728 4 74274 1 0 0 17 6 0 0 0 0 0 93824998874888 93825001005840 93825001308160 140737488340073 140737488340470 140737488340470 140737488351179 0
/proc/1841375/statm: 6727 3404 2099 555 0 1769 0
[pid=1841379] ppid=1841375 vsize=18976 memory=10632 CPUtime=0.01 cores=6-7
/proc/1841379/stat : 1841379 (clingo) R 1841375 1841375 1841333 0 -1 0 893 0 0 0 1 0 0 0 20 0 1 0 922851860 19431424 2658 17179869184 93824992301056 93824992468925 140737488338416 0 0 0 134217728 4 25184771 0 0 0 17 7 0 0 0 0 0 93824992533936 93824992571272 93824992575488 140737488340183 140737488340354 140737488340354 140737488351170 0
/proc/1841379/statm: 4744 2658 2045 41 0 823 0
Current children cumulated CPU time: 0.07 s
Current children cumulated vsize: 45884 KiB
Current children cumulated memory: 24248 KiB

[startup+0.219847 s]*
/proc/loadavg: 14.00 13.81 10.33 17/850 1841379
/proc/meminfo: memFree=387715996/528004524 swapFree=8388604/8388604
[pid=1841375] ppid=1841374 vsize=26908 memory=13616 CPUtime=0.06 cores=6-7
/proc/1841375/stat : 1841375 (perf) S 1841374 1841375 1841333 0 -1 0 1738 237 0 0 5 1 0 0 20 0 1 0 922851852 27553792 3404 17179869184 93824994299904 93824996572973 140737488338256 0 0 0 134217728 4 74274 1 0 0 17 6 0 0 0 0 0 93824998874888 93825001005840 93825001308160 140737488340073 140737488340470 140737488340470 140737488351179 0
/proc/1841375/statm: 6727 3404 2099 555 0 1769 0
[pid=1841379] ppid=1841375 vsize=24688 memory=16604 CPUtime=0.13 cores=6-7
/proc/1841379/stat : 1841379 (clingo) R 1841375 1841375 1841333 0 -1 0 2407 0 0 0 12 1 0 0 20 0 1 0 922851860 25280512 4151 17179869184 93824992301056 93824992468925 140737488338416 0 0 0 134217728 4 25184771 0 0 0 17 7 0 0 0 0 0 93824992533936 93824992571272 93824992575488 140737488340183 140737488340354 140737488340354 140737488351170 0
/proc/1841379/statm: 6172 4151 2091 41 0 2251 0
Current children cumulated CPU time: 0.19 s
Current children cumulated vsize: 51596 KiB
Current children cumulated memory: 30220 KiB

[startup+0.334513 s]*
/proc/loadavg: 14.00 13.81 10.33 15/850 1841379
/proc/meminfo: memFree=387688780/528004524 swapFree=8388604/8388604
[pid=1841375] ppid=1841374 vsize=26908 memory=13616 CPUtime=0.06 cores=6-7
/proc/1841375/stat : 1841375 (perf) S 1841374 1841375 1841333 0 -1 0 1738 237 0 0 5 1 0 0 20 0 1 0 922851852 27553792 3404 17179869184 93824994299904 93824996572973 140737488338256 0 0 0 134217728 4 74274 1 0 0 17 6 0 0 0 0 0 93824998874888 93825001005840 93825001308160 140737488340073 140737488340470 140737488340470 140737488351179 0
/proc/1841375/statm: 6727 3404 2099 555 0 1769 0
[pid=1841379] ppid=1841375 vsize=26280 memory=18188 CPUtime=0.22 cores=6-7
/proc/1841379/stat : 1841379 (clingo) R 1841375 1841375 1841333 0 -1 0 2799 0 0 0 21 1 0 0 20 0 1 0 922851860 26910720 4547 17179869184 93824992301056 93824992468925 140737488338416 0 0 0 134217728 4 25184771 0 0 0 17 7 0 0 0 0 0 93824992533936 93824992571272 93824992575488 140737488340183 140737488340354 140737488340354 140737488351170 0
/proc/1841379/statm: 6570 4547 2091 41 0 2649 0
Current children cumulated CPU time: 0.28 s
Current children cumulated vsize: 53188 KiB
Current children cumulated memory: 31804 KiB

[startup+0.700345 s]
/proc/loadavg: 14.00 13.81 10.33 15/850 1841379
/proc/meminfo: memFree=387641908/528004524 swapFree=8388604/8388604
[pid=1841375] ppid=1841374 vsize=26908 memory=13616 CPUtime=0.06 cores=6-7
/proc/1841375/stat : 1841375 (perf) S 1841374 1841375 1841333 0 -1 0 1738 237 0 0 5 1 0 0 20 0 1 0 922851852 27553792 3404 17179869184 93824994299904 93824996572973 140737488338256 0 0 0 134217728 4 74274 1 0 0 17 6 0 0 0 0 0 93824998874888 93825001005840 93825001308160 140737488340073 140737488340470 140737488340470 140737488351179 0
/proc/1841375/statm: 6727 3404 2099 555 0 1769 0
[pid=1841379] ppid=1841375 vsize=28452 memory=20300 CPUtime=0.52 cores=6-7
/proc/1841379/stat : 1841379 (clingo) R 1841375 1841375 1841333 0 -1 0 3327 0 0 0 51 1 0 0 20 0 1 0 922851860 29134848 5075 17179869184 93824992301056 93824992468925 140737488338416 0 0 0 134217728 4 25184771 0 0 0 17 7 0 0 0 0 0 93824992533936 93824992571272 93824992575488 140737488340183 140737488340354 140737488340354 140737488351170 0
/proc/1841379/statm: 7113 5075 2091 41 0 3192 0
Current children cumulated CPU time: 0.58 s
Current children cumulated vsize: 55360 KiB
Current children cumulated memory: 33916 KiB

[startup+1.50034 s]
/proc/loadavg: 14.00 13.81 10.33 15/850 1841379
/proc/meminfo: memFree=387555724/528004524 swapFree=8388604/8388604
[pid=1841375] ppid=1841374 vsize=26908 memory=13616 CPUtime=0.06 cores=6-7
/proc/1841375/stat : 1841375 (perf) S 1841374 1841375 1841333 0 -1 0 1738 237 0 0 5 1 0 0 20 0 1 0 922851852 27553792 3404 17179869184 93824994299904 93824996572973 140737488338256 0 0 0 134217728 4 74274 1 0 0 17 6 0 0 0 0 0 93824998874888 93825001005840 93825001308160 140737488340073 140737488340470 140737488340470 140737488351179 0
/proc/1841375/statm: 6727 3404 2099 555 0 1769 0
[pid=1841379] ppid=1841375 vsize=31364 memory=23204 CPUtime=1.3 cores=6-7
/proc/1841379/stat : 1841379 (clingo) R 1841375 1841375 1841333 0 -1 0 4072 0 0 0 129 1 0 0 20 0 1 0 922851860 32116736 5801 17179869184 93824992301056 93824992468925 140737488338416 0 0 0 134217728 4 25184771 0 0 0 17 7 0 0 0 0 0 93824992533936 93824992571272 93824992575488 140737488340183 140737488340354 140737488340354 140737488351170 0
/proc/1841379/statm: 7841 5801 2091 41 0 3920 0
Current children cumulated CPU time: 1.36 s
Current children cumulated vsize: 58272 KiB
Current children cumulated memory: 36820 KiB

[startup+3.13507 s]
/proc/loadavg: 14.00 13.81 10.35 15/849 1841482
/proc/meminfo: memFree=387411484/528004524 swapFree=8388604/8388604
[pid=1841375] ppid=1841374 vsize=26908 memory=13616 CPUtime=0.06 cores=6-7
/proc/1841375/stat : 1841375 (perf) S 1841374 1841375 1841333 0 -1 0 1738 237 0 0 5 1 0 0 20 0 1 0 922851852 27553792 3404 17179869184 93824994299904 93824996572973 140737488338256 0 0 0 134217728 4 74274 1 0 0 17 6 0 0 0 0 0 93824998874888 93825001005840 93825001308160 140737488340073 140737488340470 140737488340470 140737488351179 0
/proc/1841375/statm: 6727 3404 2099 555 0 1769 0
[pid=1841379] ppid=1841375 vsize=33384 memory=25316 CPUtime=2.89 cores=6-7
/proc/1841379/stat : 1841379 (clingo) R 1841375 1841375 1841333 0 -1 0 4553 0 0 0 288 1 0 0 20 0 1 0 922851860 34185216 6329 17179869184 93824992301056 93824992468925 140737488338416 0 0 0 134217728 4 25184771 0 0 0 17 7 0 0 0 0 0 93824992533936 93824992571272 93824992575488 140737488340183 140737488340354 140737488340354 140737488351170 0
/proc/1841379/statm: 8346 6329 2091 41 0 4425 0
Current children cumulated CPU time: 2.95 s
Current children cumulated vsize: 60292 KiB
Current children cumulated memory: 38932 KiB

[startup+6.30027 s]
/proc/loadavg: 14.00 13.81 10.35 16/850 1841483
/proc/meminfo: memFree=387055484/528004524 swapFree=8388604/8388604
[pid=1841375] ppid=1841374 vsize=26908 memory=13616 CPUtime=0.06 cores=6-7
/proc/1841375/stat : 1841375 (perf) S 1841374 1841375 1841333 0 -1 0 1738 237 0 0 5 1 0 0 20 0 1 0 922851852 27553792 3404 17179869184 93824994299904 93824996572973 140737488338256 0 0 0 134217728 4 74274 1 0 0 17 6 0 0 0 0 0 93824998874888 93825001005840 93825001308160 140737488340073 140737488340470 140737488340470 140737488351179 0
/proc/1841375/statm: 6727 3404 2099 555 0 1769 0
[pid=1841379] ppid=1841375 vsize=38796 memory=30596 CPUtime=5.99 cores=6-7
/proc/1841379/stat : 1841379 (clingo) R 1841375 1841375 1841333 0 -1 0 5882 0 0 0 598 1 0 0 20 0 1 0 922851860 39727104 7649 17179869184 93824992301056 93824992468925 140737488338416 0 0 0 134217728 4 25184771 0 0 0 17 7 0 0 0 0 0 93824992533936 93824992571272 93824992575488 140737488340183 140737488340354 140737488340354 140737488351170 0
/proc/1841379/statm: 9699 7649 2091 41 0 5778 0
Current children cumulated CPU time: 6.05 s
Current children cumulated vsize: 65704 KiB
Current children cumulated memory: 44212 KiB

[startup+12.7003 s]
/proc/loadavg: 14.00 13.82 10.39 16/849 1841586
/proc/meminfo: memFree=386694396/528004524 swapFree=8388604/8388604
[pid=1841375] ppid=1841374 vsize=26908 memory=13616 CPUtime=0.06 cores=6-7
/proc/1841375/stat : 1841375 (perf) S 1841374 1841375 1841333 0 -1 0 1738 237 0 0 5 1 0 0 20 0 1 0 922851852 27553792 3404 17179869184 93824994299904 93824996572973 140737488338256 0 0 0 134217728 4 74274 1 0 0 17 6 0 0 0 0 0 93824998874888 93825001005840 93825001308160 140737488340073 140737488340470 140737488340470 140737488351179 0
/proc/1841375/statm: 6727 3404 2099 555 0 1769 0
[pid=1841379] ppid=1841375 vsize=44484 memory=36136 CPUtime=12.35 cores=6-7
/proc/1841379/stat : 1841379 (clingo) R 1841375 1841375 1841333 0 -1 0 7519 0 0 0 1234 1 0 0 20 0 1 0 922851860 45551616 9034 17179869184 93824992301056 93824992468925 140737488338416 0 0 0 134217728 4 25184771 0 0 0 17 6 0 0 0 0 0 93824992533936 93824992571272 93824992575488 140737488340183 140737488340354 140737488340354 140737488351170 0
/proc/1841379/statm: 11121 9034 2091 41 0 7200 0
Current children cumulated CPU time: 12.41 s
Current children cumulated vsize: 71392 KiB
Current children cumulated memory: 49752 KiB

[startup+25.5004 s]
/proc/loadavg: 14.00 13.83 10.43 16/849 1841587
/proc/meminfo: memFree=386111032/528004524 swapFree=8388604/8388604
[pid=1841375] ppid=1841374 vsize=26908 memory=13616 CPUtime=0.06 cores=6-7
/proc/1841375/stat : 1841375 (perf) S 1841374 1841375 1841333 0 -1 0 1738 237 0 0 5 1 0 0 20 0 1 0 922851852 27553792 3404 17179869184 93824994299904 93824996572973 140737488338256 0 0 0 134217728 4 74274 1 0 0 17 6 0 0 0 0 0 93824998874888 93825001005840 93825001308160 140737488340073 140737488340470 140737488340470 140737488351179 0
/proc/1841375/statm: 6727 3404 2099 555 0 1769 0
[pid=1841379] ppid=1841375 vsize=50708 memory=42456 CPUtime=25.15 cores=6-7
/proc/1841379/stat : 1841379 (clingo) R 1841375 1841375 1841333 0 -1 0 9377 0 0 0 2513 2 0 0 20 0 1 0 922851860 51924992 10614 17179869184 93824992301056 93824992468925 140737488338416 0 0 0 134217728 4 25184771 0 0 0 17 6 0 0 0 0 0 93824992533936 93824992571272 93824992575488 140737488340183 140737488340354 140737488340354 140737488351170 0
/proc/1841379/statm: 12677 10614 2091 41 0 8756 0
Current children cumulated CPU time: 25.21 s
Current children cumulated vsize: 77616 KiB
Current children cumulated memory: 56072 KiB

[startup+51.1195 s]
/proc/loadavg: 14.57 13.97 10.57 16/849 1841587
/proc/meminfo: memFree=384695648/528004524 swapFree=8388604/8388604
[pid=1841375] ppid=1841374 vsize=26908 memory=13616 CPUtime=0.06 cores=6-7
/proc/1841375/stat : 1841375 (perf) S 1841374 1841375 1841333 0 -1 0 1738 237 0 0 5 1 0 0 20 0 1 0 922851852 27553792 3404 17179869184 93824994299904 93824996572973 140737488338256 0 0 0 134217728 4 74274 1 0 0 17 6 0 0 0 0 0 93824998874888 93825001005840 93825001308160 140737488340073 140737488340470 140737488340470 140737488351179 0
/proc/1841375/statm: 6727 3404 2099 555 0 1769 0
[pid=1841379] ppid=1841375 vsize=59112 memory=50732 CPUtime=50.78 cores=6-7
/proc/1841379/stat : 1841379 (clingo) R 1841375 1841375 1841333 0 -1 0 11983 0 0 0 5075 3 0 0 20 0 1 0 922851860 60530688 12683 17179869184 93824992301056 93824992468925 140737488338416 0 0 0 134217728 4 25184771 0 0 0 17 6 0 0 0 0 0 93824992533936 93824992571272 93824992575488 140737488340183 140737488340354 140737488340354 140737488351170 0
/proc/1841379/statm: 14778 12683 2091 41 0 10857 0
Current children cumulated CPU time: 50.84 s
Current children cumulated vsize: 86020 KiB
Current children cumulated memory: 64348 KiB

[startup+102.3 s]
/proc/loadavg: 14.45 14.03 10.79 16/850 1841589
/proc/meminfo: memFree=383156424/528004524 swapFree=8388604/8388604
[pid=1841375] ppid=1841374 vsize=26908 memory=13616 CPUtime=0.06 cores=6-7
/proc/1841375/stat : 1841375 (perf) S 1841374 1841375 1841333 0 -1 0 1738 237 0 0 5 1 0 0 20 0 1 0 922851852 27553792 3404 17179869184 93824994299904 93824996572973 140737488338256 0 0 0 134217728 4 74274 1 0 0 17 6 0 0 0 0 0 93824998874888 93825001005840 93825001308160 140737488340073 140737488340470 140737488340470 140737488351179 0
/proc/1841375/statm: 6727 3404 2099 555 0 1769 0
[pid=1841379] ppid=1841375 vsize=70812 memory=62428 CPUtime=101.95 cores=6-7
/proc/1841379/stat : 1841379 (clingo) R 1841375 1841375 1841333 0 -1 0 16380 0 0 0 10192 3 0 0 20 0 1 0 922851860 72511488 15607 17179869184 93824992301056 93824992468925 140737488338416 0 0 0 134217728 4 25184771 0 0 0 17 6 0 0 0 0 0 93824992533936 93824992571272 93824992575488 140737488340183 140737488340354 140737488340354 140737488351170 0
/proc/1841379/statm: 17703 15607 2091 41 0 13782 0
Current children cumulated CPU time: 102.01 s
Current children cumulated vsize: 97720 KiB
Current children cumulated memory: 76044 KiB

[startup+162.3 s]
/proc/loadavg: 14.27 14.07 11.01 16/850 1841590
/proc/meminfo: memFree=381549288/528004524 swapFree=8388604/8388604
[pid=1841375] ppid=1841374 vsize=26908 memory=13616 CPUtime=0.06 cores=6-7
/proc/1841375/stat : 1841375 (perf) S 1841374 1841375 1841333 0 -1 0 1738 237 0 0 5 1 0 0 20 0 1 0 922851852 27553792 3404 17179869184 93824994299904 93824996572973 140737488338256 0 0 0 134217728 4 74274 1 0 0 17 6 0 0 0 0 0 93824998874888 93825001005840 93825001308160 140737488340073 140737488340470 140737488340470 140737488351179 0
/proc/1841375/statm: 6727 3404 2099 555 0 1769 0
[pid=1841379] ppid=1841375 vsize=79008 memory=70136 CPUtime=161.95 cores=6-7
/proc/1841379/stat : 1841379 (clingo) R 1841375 1841375 1841333 0 -1 0 19344 0 0 0 16192 3 0 0 20 0 1 0 922851860 80904192 17534 17179869184 93824992301056 93824992468925 140737488338416 0 0 0 134217728 4 25184771 0 0 0 17 6 0 0 0 0 0 93824992533936 93824992571272 93824992575488 140737488340183 140737488340354 140737488340354 140737488351170 0
/proc/1841379/statm: 19752 17534 2091 41 0 15831 0
Current children cumulated CPU time: 162.01 s
Current children cumulated vsize: 105916 KiB
Current children cumulated memory: 83752 KiB

[startup+222.3 s]
/proc/loadavg: 14.10 14.05 11.20 16/850 1841593
/proc/meminfo: memFree=380869412/528004524 swapFree=8388604/8388604
[pid=1841375] ppid=1841374 vsize=26908 memory=13616 CPUtime=0.06 cores=6-7
/proc/1841375/stat : 1841375 (perf) S 1841374 1841375 1841333 0 -1 0 1738 237 0 0 5 1 0 0 20 0 1 0 922851852 27553792 3404 17179869184 93824994299904 93824996572973 140737488338256 0 0 0 134217728 4 74274 1 0 0 17 6 0 0 0 0 0 93824998874888 93825001005840 93825001308160 140737488340073 140737488340470 140737488340470 140737488351179 0
/proc/1841375/statm: 6727 3404 2099 555 0 1769 0
[pid=1841379] ppid=1841375 vsize=85712 memory=76628 CPUtime=221.95 cores=6-7
/proc/1841379/stat : 1841379 (clingo) R 1841375 1841375 1841333 0 -1 0 22071 0 0 0 22191 4 0 0 20 0 1 0 922851860 87769088 19157 17179869184 93824992301056 93824992468925 140737488338416 0 0 0 134217728 4 25184771 0 0 0 17 6 0 0 0 0 0 93824992533936 93824992571272 93824992575488 140737488340183 140737488340354 140737488340354 140737488351170 0
/proc/1841379/statm: 21428 19157 2091 41 0 17507 0
Current children cumulated CPU time: 222.01 s
Current children cumulated vsize: 112620 KiB
Current children cumulated memory: 90244 KiB

[startup+282.3 s]
/proc/loadavg: 14.07 14.06 11.38 16/850 1841594
/proc/meminfo: memFree=378958500/528004524 swapFree=8388604/8388604
[pid=1841375] ppid=1841374 vsize=26908 memory=13616 CPUtime=0.06 cores=6-7
/proc/1841375/stat : 1841375 (perf) S 1841374 1841375 1841333 0 -1 0 1738 237 0 0 5 1 0 0 20 0 1 0 922851852 27553792 3404 17179869184 93824994299904 93824996572973 140737488338256 0 0 0 134217728 4 74274 1 0 0 17 6 0 0 0 0 0 93824998874888 93825001005840 93825001308160 140737488340073 140737488340470 140737488340470 140737488351179 0
/proc/1841375/statm: 6727 3404 2099 555 0 1769 0
[pid=1841379] ppid=1841375 vsize=91760 memory=82540 CPUtime=281.95 cores=6-7
/proc/1841379/stat : 1841379 (clingo) R 1841375 1841375 1841333 0 -1 0 23916 0 0 0 28191 4 0 0 20 0 1 0 922851860 93962240 20635 17179869184 93824992301056 93824992468925 140737488338416 0 0 0 134217728 4 25184771 0 0 0 17 6 0 0 0 0 0 93824992533936 93824992571272 93824992575488 140737488340183 140737488340354 140737488340354 140737488351170 0
/proc/1841379/statm: 22940 20635 2091 41 0 19019 0
Current children cumulated CPU time: 282.01 s
Current children cumulated vsize: 118668 KiB
Current children cumulated memory: 96156 KiB

[startup+342.3 s]
/proc/loadavg: 14.03 14.04 11.55 16/826 1841597
/proc/meminfo: memFree=377708076/528004524 swapFree=8388604/8388604
[pid=1841375] ppid=1841374 vsize=26908 memory=13616 CPUtime=0.06 cores=6-7
/proc/1841375/stat : 1841375 (perf) S 1841374 1841375 1841333 0 -1 0 1738 237 0 0 5 1 0 0 20 0 1 0 922851852 27553792 3404 17179869184 93824994299904 93824996572973 140737488338256 0 0 0 134217728 4 74274 1 0 0 17 6 0 0 0 0 0 93824998874888 93825001005840 93825001308160 140737488340073 140737488340470 140737488340470 140737488351179 0
/proc/1841375/statm: 6727 3404 2099 555 0 1769 0
[pid=1841379] ppid=1841375 vsize=96560 memory=86560 CPUtime=341.95 cores=6-7
/proc/1841379/stat : 1841379 (clingo) R 1841375 1841375 1841333 0 -1 0 25144 0 0 0 34191 4 0 0 20 0 1 0 922851860 98877440 21640 17179869184 93824992301056 93824992468925 140737488338416 0 0 0 134217728 4 25184771 0 0 0 17 6 0 0 0 0 0 93824992533936 93824992571272 93824992575488 140737488340183 140737488340354 140737488340354 140737488351170 0
/proc/1841379/statm: 24140 21640 2091 41 0 20219 0
Current children cumulated CPU time: 342.01 s
Current children cumulated vsize: 123468 KiB
Current children cumulated memory: 100176 KiB

[startup+402.3 s]
/proc/loadavg: 15.77 14.48 11.85 16/822 1841599
/proc/meminfo: memFree=377526636/528004524 swapFree=8388604/8388604
[pid=1841375] ppid=1841374 vsize=26908 memory=13616 CPUtime=0.06 cores=6-7
/proc/1841375/stat : 1841375 (perf) S 1841374 1841375 1841333 0 -1 0 1738 237 0 0 5 1 0 0 20 0 1 0 922851852 27553792 3404 17179869184 93824994299904 93824996572973 140737488338256 0 0 0 134217728 4 74274 1 0 0 17 6 0 0 0 0 0 93824998874888 93825001005840 93825001308160 140737488340073 140737488340470 140737488340470 140737488351179 0
/proc/1841375/statm: 6727 3404 2099 555 0 1769 0
[pid=1841379] ppid=1841375 vsize=102552 memory=92268 CPUtime=401.95 cores=6-7
/proc/1841379/stat : 1841379 (clingo) R 1841375 1841375 1841333 0 -1 0 26989 0 0 0 40191 4 0 0 20 0 1 0 922851860 105013248 23067 17179869184 93824992301056 93824992468925 140737488338416 0 0 0 134217728 4 25184771 0 0 0 17 6 0 0 0 0 0 93824992533936 93824992571272 93824992575488 140737488340183 140737488340354 140737488340354 140737488351170 0
/proc/1841379/statm: 25638 23067 2091 41 0 21717 0
Current children cumulated CPU time: 402.01 s
Current children cumulated vsize: 129460 KiB
Current children cumulated memory: 105884 KiB

[startup+462.3 s]
/proc/loadavg: 14.68 14.40 12.00 16/822 1841600
/proc/meminfo: memFree=377271408/528004524 swapFree=8388604/8388604
[pid=1841375] ppid=1841374 vsize=26908 memory=13616 CPUtime=0.06 cores=6-7
/proc/1841375/stat : 1841375 (perf) S 1841374 1841375 1841333 0 -1 0 1738 237 0 0 5 1 0 0 20 0 1 0 922851852 27553792 3404 17179869184 93824994299904 93824996572973 140737488338256 0 0 0 134217728 4 74274 1 0 0 17 6 0 0 0 0 0 93824998874888 93825001005840 93825001308160 140737488340073 140737488340470 140737488340470 140737488351179 0
/proc/1841375/statm: 6727 3404 2099 555 0 1769 0
[pid=1841379] ppid=1841375 vsize=105576 memory=95304 CPUtime=461.95 cores=6-7
/proc/1841379/stat : 1841379 (clingo) R 1841375 1841375 1841333 0 -1 0 28577 0 0 0 46191 4 0 0 20 0 1 0 922851860 108109824 23826 17179869184 93824992301056 93824992468925 140737488338416 0 0 0 134217728 4 25184771 0 0 0 17 6 0 0 0 0 0 93824992533936 93824992571272 93824992575488 140737488340183 140737488340354 140737488340354 140737488351170 0
/proc/1841379/statm: 26394 23826 2091 41 0 22473 0
Current children cumulated CPU time: 462.01 s
Current children cumulated vsize: 132484 KiB
Current children cumulated memory: 108920 KiB

[startup+522.3 s]
/proc/loadavg: 14.25 14.33 12.12 16/822 1841601
/proc/meminfo: memFree=376753052/528004524 swapFree=8388604/8388604
[pid=1841375] ppid=1841374 vsize=26908 memory=13616 CPUtime=0.06 cores=6-7
/proc/1841375/stat : 1841375 (perf) S 1841374 1841375 1841333 0 -1 0 1738 237 0 0 5 1 0 0 20 0 1 0 922851852 27553792 3404 17179869184 93824994299904 93824996572973 140737488338256 0 0 0 134217728 4 74274 1 0 0 17 6 0 0 0 0 0 93824998874888 93825001005840 93825001308160 140737488340073 140737488340470 140737488340470 140737488351179 0
/proc/1841375/statm: 6727 3404 2099 555 0 1769 0
[pid=1841379] ppid=1841375 vsize=110232 memory=99232 CPUtime=521.95 cores=6-7
/proc/1841379/stat : 1841379 (clingo) R 1841375 1841375 1841333 0 -1 0 29841 0 0 0 52190 5 0 0 20 0 1 0 922851860 112877568 24808 17179869184 93824992301056 93824992468925 140737488338416 0 0 0 134217728 4 25184771 0 0 0 17 6 0 0 0 0 0 93824992533936 93824992571272 93824992575488 140737488340183 140737488340354 140737488340354 140737488351170 0
/proc/1841379/statm: 27558 24808 2091 41 0 23637 0
Current children cumulated CPU time: 522.01 s
Current children cumulated vsize: 137140 KiB
Current children cumulated memory: 112848 KiB

[startup+582.3 s]
/proc/loadavg: 14.14 14.28 12.25 16/822 1841606
/proc/meminfo: memFree=375880228/528004524 swapFree=8388604/8388604
[pid=1841375] ppid=1841374 vsize=26908 memory=13616 CPUtime=0.06 cores=6-7
/proc/1841375/stat : 1841375 (perf) S 1841374 1841375 1841333 0 -1 0 1738 237 0 0 5 1 0 0 20 0 1 0 922851852 27553792 3404 17179869184 93824994299904 93824996572973 140737488338256 0 0 0 134217728 4 74274 1 0 0 17 6 0 0 0 0 0 93824998874888 93825001005840 93825001308160 140737488340073 140737488340470 140737488340470 140737488351179 0
/proc/1841375/statm: 6727 3404 2099 555 0 1769 0
[pid=1841379] ppid=1841375 vsize=114908 memory=103228 CPUtime=581.95 cores=6-7
/proc/1841379/stat : 1841379 (clingo) R 1841375 1841375 1841333 0 -1 0 31045 0 0 0 58190 5 0 0 20 0 1 0 922851860 117665792 25807 17179869184 93824992301056 93824992468925 140737488338416 0 0 0 134217728 4 25184771 0 0 0 17 6 0 0 0 0 0 93824992533936 93824992571272 93824992575488 140737488340183 140737488340354 140737488340354 140737488351170 0
/proc/1841379/statm: 28727 25807 2091 41 0 24806 0
Current children cumulated CPU time: 582.01 s
Current children cumulated vsize: 141816 KiB
Current children cumulated memory: 116844 KiB

[startup+642.3 s]
/proc/loadavg: 14.13 14.24 12.37 16/823 1841609
/proc/meminfo: memFree=374597092/528004524 swapFree=8388604/8388604
[pid=1841375] ppid=1841374 vsize=26908 memory=13616 CPUtime=0.06 cores=6-7
/proc/1841375/stat : 1841375 (perf) S 1841374 1841375 1841333 0 -1 0 1738 237 0 0 5 1 0 0 20 0 1 0 922851852 27553792 3404 17179869184 93824994299904 93824996572973 140737488338256 0 0 0 134217728 4 74274 1 0 0 17 6 0 0 0 0 0 93824998874888 93825001005840 93825001308160 140737488340073 140737488340470 140737488340470 140737488351179 0
/proc/1841375/statm: 6727 3404 2099 555 0 1769 0
[pid=1841379] ppid=1841375 vsize=119016 memory=106924 CPUtime=641.94 cores=6-7
/proc/1841379/stat : 1841379 (clingo) R 1841375 1841375 1841333 0 -1 0 31919 0 0 0 64189 5 0 0 20 0 1 0 922851860 121872384 26731 17179869184 93824992301056 93824992468925 140737488338416 0 0 0 134217728 4 25184771 0 0 0 17 6 0 0 0 0 0 93824992533936 93824992571272 93824992575488 140737488340183 140737488340354 140737488340354 140737488351170 0
/proc/1841379/statm: 29754 26731 2091 41 0 25833 0
Current children cumulated CPU time: 642 s
Current children cumulated vsize: 145924 KiB
Current children cumulated memory: 120540 KiB

[startup+702.3 s]
/proc/loadavg: 14.38 14.33 12.52 16/823 1841610
/proc/meminfo: memFree=373231600/528004524 swapFree=8388604/8388604
[pid=1841375] ppid=1841374 vsize=26908 memory=13616 CPUtime=0.06 cores=6-7
/proc/1841375/stat : 1841375 (perf) S 1841374 1841375 1841333 0 -1 0 1738 237 0 0 5 1 0 0 20 0 1 0 922851852 27553792 3404 17179869184 93824994299904 93824996572973 140737488338256 0 0 0 134217728 4 74274 1 0 0 17 6 0 0 0 0 0 93824998874888 93825001005840 93825001308160 140737488340073 140737488340470 140737488340470 140737488351179 0
/proc/1841375/statm: 6727 3404 2099 555 0 1769 0
[pid=1841379] ppid=1841375 vsize=123000 memory=110092 CPUtime=701.94 cores=6-7
/proc/1841379/stat : 1841379 (clingo) R 1841375 1841375 1841333 0 -1 0 32756 0 0 0 70189 5 0 0 20 0 1 0 922851860 125952000 27523 17179869184 93824992301056 93824992468925 140737488338416 0 0 0 134217728 4 25184771 0 0 0 17 6 0 0 0 0 0 93824992533936 93824992571272 93824992575488 140737488340183 140737488340354 140737488340354 140737488351170 0
/proc/1841379/statm: 30750 27523 2091 41 0 26829 0
Current children cumulated CPU time: 702 s
Current children cumulated vsize: 149908 KiB
Current children cumulated memory: 123708 KiB

[startup+762.3 s]
/proc/loadavg: 14.14 14.26 12.61 16/824 1841612
/proc/meminfo: memFree=371933800/528004524 swapFree=8388604/8388604
[pid=1841375] ppid=1841374 vsize=26908 memory=13616 CPUtime=0.06 cores=6-7
/proc/1841375/stat : 1841375 (perf) S 1841374 1841375 1841333 0 -1 0 1738 237 0 0 5 1 0 0 20 0 1 0 922851852 27553792 3404 17179869184 93824994299904 93824996572973 140737488338256 0 0 0 134217728 4 74274 1 0 0 17 6 0 0 0 0 0 93824998874888 93825001005840 93825001308160 140737488340073 140737488340470 140737488340470 140737488351179 0
/proc/1841375/statm: 6727 3404 2099 555 0 1769 0
[pid=1841379] ppid=1841375 vsize=125276 memory=112204 CPUtime=761.94 cores=6-7
/proc/1841379/stat : 1841379 (clingo) R 1841375 1841375 1841333 0 -1 0 33296 0 0 0 76189 5 0 0 20 0 1 0 922851860 128282624 28051 17179869184 93824992301056 93824992468925 140737488338416 0 0 0 134217728 4 25184771 0 0 0 17 6 0 0 0 0 0 93824992533936 93824992571272 93824992575488 140737488340183 140737488340354 140737488340354 140737488351170 0
/proc/1841379/statm: 31319 28051 2091 41 0 27398 0
Current children cumulated CPU time: 762 s
Current children cumulated vsize: 152184 KiB
Current children cumulated memory: 125820 KiB

[startup+822.3 s]
/proc/loadavg: 14.10 14.23 12.71 16/824 1841614
/proc/meminfo: memFree=370842404/528004524 swapFree=8388604/8388604
[pid=1841375] ppid=1841374 vsize=26908 memory=13616 CPUtime=0.06 cores=6-7
/proc/1841375/stat : 1841375 (perf) S 1841374 1841375 1841333 0 -1 0 1738 237 0 0 5 1 0 0 20 0 1 0 922851852 27553792 3404 17179869184 93824994299904 93824996572973 140737488338256 0 0 0 134217728 4 74274 1 0 0 17 6 0 0 0 0 0 93824998874888 93825001005840 93825001308160 140737488340073 140737488340470 140737488340470 140737488351179 0
/proc/1841375/statm: 6727 3404 2099 555 0 1769 0
[pid=1841379] ppid=1841375 vsize=127876 memory=114316 CPUtime=821.94 cores=6-7
/proc/1841379/stat : 1841379 (clingo) R 1841375 1841375 1841333 0 -1 0 33832 0 0 0 82189 5 0 0 20 0 1 0 922851860 130945024 28579 17179869184 93824992301056 93824992468925 140737488338416 0 0 0 134217728 4 25184771 0 0 0 17 6 0 0 0 0 0 93824992533936 93824992571272 93824992575488 140737488340183 140737488340354 140737488340354 140737488351170 0
/proc/1841379/statm: 31969 28579 2091 41 0 28048 0
Current children cumulated CPU time: 822 s
Current children cumulated vsize: 154784 KiB
Current children cumulated memory: 127932 KiB

[startup+882.3 s]
/proc/loadavg: 14.38 14.27 12.82 16/824 1841616
/proc/meminfo: memFree=370328616/528004524 swapFree=8388604/8388604
[pid=1841375] ppid=1841374 vsize=26908 memory=13616 CPUtime=0.06 cores=6-7
/proc/1841375/stat : 1841375 (perf) S 1841374 1841375 1841333 0 -1 0 1738 237 0 0 5 1 0 0 20 0 1 0 922851852 27553792 3404 17179869184 93824994299904 93824996572973 140737488338256 0 0 0 134217728 4 74274 1 0 0 17 6 0 0 0 0 0 93824998874888 93825001005840 93825001308160 140737488340073 140737488340470 140737488340470 140737488351179 0
/proc/1841375/statm: 6727 3404 2099 555 0 1769 0
[pid=1841379] ppid=1841375 vsize=129204 memory=115636 CPUtime=881.94 cores=6-7
/proc/1841379/stat : 1841379 (clingo) R 1841375 1841375 1841333 0 -1 0 34136 0 0 0 88189 5 0 0 20 0 1 0 922851860 132304896 28909 17179869184 93824992301056 93824992468925 140737488338416 0 0 0 134217728 4 25184771 0 0 0 17 6 0 0 0 0 0 93824992533936 93824992571272 93824992575488 140737488340183 140737488340354 140737488340354 140737488351170 0
/proc/1841379/statm: 32301 28909 2091 41 0 28380 0
Current children cumulated CPU time: 882 s
Current children cumulated vsize: 156112 KiB
Current children cumulated memory: 129252 KiB

[startup+942.3 s]
/proc/loadavg: 14.14 14.22 12.90 16/824 1841617
/proc/meminfo: memFree=370116684/528004524 swapFree=8388604/8388604
[pid=1841375] ppid=1841374 vsize=26908 memory=13616 CPUtime=0.06 cores=6-7
/proc/1841375/stat : 1841375 (perf) S 1841374 1841375 1841333 0 -1 0 1738 237 0 0 5 1 0 0 20 0 1 0 922851852 27553792 3404 17179869184 93824994299904 93824996572973 140737488338256 0 0 0 134217728 4 74274 1 0 0 17 6 0 0 0 0 0 93824998874888 93825001005840 93825001308160 140737488340073 140737488340470 140737488340470 140737488351179 0
/proc/1841375/statm: 6727 3404 2099 555 0 1769 0
[pid=1841379] ppid=1841375 vsize=133756 memory=119556 CPUtime=941.95 cores=6-7
/proc/1841379/stat : 1841379 (clingo) R 1841375 1841375 1841333 0 -1 0 35226 0 0 0 94189 6 0 0 20 0 1 0 922851860 136966144 29889 17179869184 93824992301056 93824992468925 140737488338416 0 0 0 134217728 4 25184771 0 0 0 17 6 0 0 0 0 0 93824992533936 93824992571272 93824992575488 140737488340183 140737488340354 140737488340354 140737488351170 0
/proc/1841379/statm: 33439 29889 2091 41 0 29518 0
Current children cumulated CPU time: 942.01 s
Current children cumulated vsize: 160664 KiB
Current children cumulated memory: 133172 KiB

[startup+1002.3 s]
/proc/loadavg: 14.05 14.18 12.96 16/824 1841619
/proc/meminfo: memFree=370012112/528004524 swapFree=8388604/8388604
[pid=1841375] ppid=1841374 vsize=26908 memory=13616 CPUtime=0.06 cores=6-7
/proc/1841375/stat : 1841375 (perf) S 1841374 1841375 1841333 0 -1 0 1738 237 0 0 5 1 0 0 20 0 1 0 922851852 27553792 3404 17179869184 93824994299904 93824996572973 140737488338256 0 0 0 134217728 4 74274 1 0 0 17 6 0 0 0 0 0 93824998874888 93825001005840 93825001308160 140737488340073 140737488340470 140737488340470 140737488351179 0
/proc/1841375/statm: 6727 3404 2099 555 0 1769 0
[pid=1841379] ppid=1841375 vsize=135268 memory=121140 CPUtime=1001.95 cores=6-7
/proc/1841379/stat : 1841379 (clingo) R 1841375 1841375 1841333 0 -1 0 35608 0 0 0 100189 6 0 0 20 0 1 0 922851860 138514432 30285 17179869184 93824992301056 93824992468925 140737488338416 0 0 0 134217728 4 25184771 0 0 0 17 6 0 0 0 0 0 93824992533936 93824992571272 93824992575488 140737488340183 140737488340354 140737488340354 140737488351170 0
/proc/1841379/statm: 33817 30285 2091 41 0 29896 0
Current children cumulated CPU time: 1002.01 s
Current children cumulated vsize: 162176 KiB
Current children cumulated memory: 134756 KiB

[startup+1062.3 s]
/proc/loadavg: 14.65 14.30 13.08 16/823 1841621
/proc/meminfo: memFree=369886364/528004524 swapFree=8388604/8388604
[pid=1841375] ppid=1841374 vsize=26908 memory=13616 CPUtime=0.06 cores=6-7
/proc/1841375/stat : 1841375 (perf) S 1841374 1841375 1841333 0 -1 0 1738 237 0 0 5 1 0 0 20 0 1 0 922851852 27553792 3404 17179869184 93824994299904 93824996572973 140737488338256 0 0 0 134217728 4 74274 1 0 0 17 6 0 0 0 0 0 93824998874888 93825001005840 93825001308160 140737488340073 140737488340470 140737488340470 140737488351179 0
/proc/1841375/statm: 6727 3404 2099 555 0 1769 0
[pid=1841379] ppid=1841375 vsize=137032 memory=122724 CPUtime=1061.94 cores=6-7
/proc/1841379/stat : 1841379 (clingo) R 1841375 1841375 1841333 0 -1 0 36137 0 0 0 106188 6 0 0 20 0 1 0 922851860 140320768 30681 17179869184 93824992301056 93824992468925 140737488338416 0 0 0 134217728 4 25184771 0 0 0 17 6 0 0 0 0 0 93824992533936 93824992571272 93824992575488 140737488340183 140737488340354 140737488340354 140737488351170 0
/proc/1841379/statm: 34258 30681 2091 41 0 30337 0
Current children cumulated CPU time: 1062 s
Current children cumulated vsize: 163940 KiB
Current children cumulated memory: 136340 KiB

[startup+1122.3 s]
/proc/loadavg: 14.24 14.25 13.14 16/823 1841623
/proc/meminfo: memFree=369664860/528004524 swapFree=8388604/8388604
[pid=1841375] ppid=1841374 vsize=26908 memory=13616 CPUtime=0.06 cores=6-7
/proc/1841375/stat : 1841375 (perf) S 1841374 1841375 1841333 0 -1 0 1738 237 0 0 5 1 0 0 20 0 1 0 922851852 27553792 3404 17179869184 93824994299904 93824996572973 140737488338256 0 0 0 134217728 4 74274 1 0 0 17 6 0 0 0 0 0 93824998874888 93825001005840 93825001308160 140737488340073 140737488340470 140737488340470 140737488351179 0
/proc/1841375/statm: 6727 3404 2099 555 0 1769 0
[pid=1841379] ppid=1841375 vsize=140372 memory=125628 CPUtime=1121.95 cores=6-7
/proc/1841379/stat : 1841379 (clingo) R 1841375 1841375 1841333 0 -1 0 36890 0 0 0 112188 7 0 0 20 0 1 0 922851860 143740928 31407 17179869184 93824992301056 93824992468925 140737488338416 0 0 0 134217728 4 25184771 0 0 0 17 6 0 0 0 0 0 93824992533936 93824992571272 93824992575488 140737488340183 140737488340354 140737488340354 140737488351170 0
/proc/1841379/statm: 35093 31407 2091 41 0 31172 0
Current children cumulated CPU time: 1122.01 s
Current children cumulated vsize: 167280 KiB
Current children cumulated memory: 139244 KiB

[startup+1182.3 s]
/proc/loadavg: 14.08 14.20 13.20 16/823 1841626
/proc/meminfo: memFree=369506856/528004524 swapFree=8388604/8388604
[pid=1841375] ppid=1841374 vsize=26908 memory=13616 CPUtime=0.06 cores=6-7
/proc/1841375/stat : 1841375 (perf) S 1841374 1841375 1841333 0 -1 0 1738 237 0 0 5 1 0 0 20 0 1 0 922851852 27553792 3404 17179869184 93824994299904 93824996572973 140737488338256 0 0 0 134217728 4 74274 1 0 0 17 6 0 0 0 0 0 93824998874888 93825001005840 93825001308160 140737488340073 140737488340470 140737488340470 140737488351179 0
/proc/1841375/statm: 6727 3404 2099 555 0 1769 0
[pid=1841379] ppid=1841375 vsize=141848 memory=127400 CPUtime=1181.94 cores=6-7
/proc/1841379/stat : 1841379 (clingo) R 1841375 1841375 1841333 0 -1 0 37756 0 0 0 118187 7 0 0 20 0 1 0 922851860 145252352 31850 17179869184 93824992301056 93824992468925 140737488338416 0 0 0 134217728 4 25184771 0 0 0 17 6 0 0 0 0 0 93824992533936 93824992571272 93824992575488 140737488340183 140737488340354 140737488340354 140737488351170 0
/proc/1841379/statm: 35462 31850 2091 41 0 31541 0
Current children cumulated CPU time: 1182 s
Current children cumulated vsize: 168756 KiB
Current children cumulated memory: 141016 KiB



Maximum wall clock time exceeded: sending SIGTERM then SIGKILL

[startup+1205 s]*
/proc/loadavg: 14.06 14.18 13.22 18/757 1842652
/proc/meminfo: memFree=387708700/528004524 swapFree=8388604/8388604
[pid=1841375] ppid=1841374 vsize=26908 memory=13616 CPUtime=0.06 cores=6-7
/proc/1841375/stat : 1841375 (perf) S 1841374 1841375 1841333 0 -1 0 1738 237 0 0 5 1 0 0 20 0 1 0 922851852 27553792 3404 17179869184 93824994299904 93824996572973 140737488338256 0 0 0 134217728 4 74274 1 0 0 17 6 0 0 0 0 0 93824998874888 93825001005840 93825001308160 140737488340073 140737488340470 140737488340470 140737488351179 0
/proc/1841375/statm: 6727 3404 2099 555 0 1769 0
[pid=1841379] ppid=1841375 vsize=143000 memory=128456 CPUtime=1204.66 cores=6-7
/proc/1841379/stat : 1841379 (clingo) R 1841375 1841375 1841333 0 -1 0 38033 0 0 0 120459 7 0 0 20 0 1 0 922851860 146432000 32114 17179869184 93824992301056 93824992468925 140737488338416 0 0 0 134217728 4 25184771 0 0 0 17 6 0 0 0 0 0 93824992533936 93824992571272 93824992575488 140737488340183 140737488340354 140737488340354 140737488351170 0
/proc/1841379/statm: 35750 32114 2091 41 0 31829 0
Current children cumulated CPU time: 1204.72 s
Current children cumulated vsize: 169908 KiB
Current children cumulated memory: 142072 KiB

Sending SIGINT to process tree (bottom up)
Sleeping 5 seconds

[startup+1205.03 s]
# the end of solver process 1841375 was just reported to runsolver
# cumulated CPU time of all completed processes:  user=1204.66 s, system=0.096421 s

Solver just ended.
??? end of watcher thread
Dumping a history of the last processes samples

Child status: 1
Real time (s): 1205.03
CPU time (s): 1204.76
CPU user time (s): 1204.66
CPU system time (s): 0.096421
CPU usage (%): 99.9779
Max. virtual memory (cumulated for all children) (KiB): 169912
Max. memory (cumulated for all children) (KiB): 142272

getrusage(RUSAGE_CHILDREN,...) data:
user time used= 1204.66
system time used= 0.096421
maximum resident set size= 128656
integral shared memory size= 0
integral unshared data size= 0
integral unshared stack size= 0
page reclaims= 40048
page faults= 0
swaps= 0
block input operations= 0
block output operations= 0
messages sent= 0
messages received= 0
signals received= 0
voluntary context switches= 17
involuntary context switches= 1381


# summary of solver processes directly reported to runsolver:
#   pid: 1841375
#   total CPU time (s): 1204.76
#   total CPU user time (s): 1204.66
#   total CPU system time (s): 0.096421

??? end of timestamper thread
runsolver used 7.37905 second user time and 17.0444 second system time

The end
