runsolver version 3.4.0 (svn: 3018) Copyright (C) 2010-2013 Olivier ROUSSEL

This program is distributed in the hope that it will be useful,
but WITHOUT ANY WARRANTY; without even the implied warranty of
MERCHANTABILITY or FITNESS FOR A PARTICULAR PURPOSE.  See the
GNU General Public License for more details.

NUMA information:
  number of nodes: 2
  memory of node 0: 257635 MiB (189336 MiB free)
  memory of node 1: 257994 MiB (189218 MiB free)
  node distances:
     10  20
     20  10

command line: /dev/shm/372ae53e-2e81-11f1-ac62-000c298f4621/input/runsolver -w /dev/shm/372ae53e-2e81-11f1-ac62-000c298f4621/output/runsolver.log -v /dev/shm/372ae53e-2e81-11f1-ac62-000c298f4621/output/varfile.log -W 1205 --rss-swap-limit 16384 -d 5 --sigint /usr/bin/perf stat -B -e task-clock,cache-references,cache-misses,cycles,instructions,branches,faults,migrations,context-switches -o /dev/shm/372ae53e-2e81-11f1-ac62-000c298f4621/output/perf.log clingo /home/guests/mmacri/AMOSUM/benchmarks/GraphColouring/encoding-plain-amo.asp /dev/shm/372ae53e-2e81-11f1-ac62-000c298f4621/input/0002-graph_colouring-125-0_3600.asp 

running on 2 cores: 28-29

Enforcing wall clock limit (soft limit, will send SIGTERM then SIGKILL): 1205 seconds
Enforcing RSS+Swap limit (soft limit, will send SIGTERM then SIGKILL): 16777216 KiB
Linux 5.15.0-131-generic
Current StackSize limit: 8192 KiB

solver pid=3334199, runsolver pid=3334198

[startup+0.100067 s]*
/proc/loadavg: 17.43 14.79 10.63 15/848 3334210
/proc/meminfo: memFree=387596524/528004516 swapFree=8388604/8388604
[pid=3334199] ppid=3334198 vsize=26908 memory=13616 CPUtime=0.06 cores=28-29
/proc/3334199/stat : 3334199 (perf) S 3334198 3334199 3334115 0 -1 0 1737 237 0 0 5 1 0 0 20 0 1 0 922873488 27553792 3404 17179869184 93824994299904 93824996572973 140737488338256 0 0 0 134217728 4 74274 1 0 0 17 28 0 0 0 0 0 93824998874888 93825001005840 93825001308160 140737488340073 140737488340470 140737488340470 140737488351179 0
/proc/3334199/statm: 6727 3404 2099 555 0 1769 0
[pid=3334207] ppid=3334199 vsize=19948 memory=11856 CPUtime=0.03 cores=28-29
/proc/3334207/stat : 3334207 (clingo) R 3334199 3334199 3334115 0 -1 0 1207 0 0 0 3 0 0 0 20 0 1 0 922873496 20426752 2964 17179869184 93824992301056 93824992468925 140737488338416 0 0 0 134217728 4 25184771 0 0 0 17 29 0 0 0 0 0 93824992533936 93824992571272 93824992575488 140737488340183 140737488340354 140737488340354 140737488351170 0
/proc/3334207/statm: 4987 2964 2092 41 0 1066 0
Current children cumulated CPU time: 0.09 s
Current children cumulated vsize: 46856 KiB
Current children cumulated memory: 25472 KiB

[startup+0.23536 s]*
/proc/loadavg: 17.43 14.79 10.63 25/837 3334247
/proc/meminfo: memFree=387551948/528004516 swapFree=8388604/8388604
[pid=3334199] ppid=3334198 vsize=26908 memory=13616 CPUtime=0.06 cores=28-29
/proc/3334199/stat : 3334199 (perf) S 3334198 3334199 3334115 0 -1 0 1737 237 0 0 5 1 0 0 20 0 1 0 922873488 27553792 3404 17179869184 93824994299904 93824996572973 140737488338256 0 0 0 134217728 4 74274 1 0 0 17 28 0 0 0 0 0 93824998874888 93825001005840 93825001308160 140737488340073 140737488340470 140737488340470 140737488351179 0
/proc/3334199/statm: 6727 3404 2099 555 0 1769 0
[pid=3334207] ppid=3334199 vsize=25360 memory=17136 CPUtime=0.15 cores=28-29
/proc/3334207/stat : 3334207 (clingo) R 3334199 3334199 3334115 0 -1 0 2556 0 0 0 15 0 0 0 20 0 1 0 922873496 25968640 4284 17179869184 93824992301056 93824992468925 140737488338416 0 0 0 134217728 4 25184771 0 0 0 17 29 0 0 0 0 0 93824992533936 93824992571272 93824992575488 140737488340183 140737488340354 140737488340354 140737488351170 0
/proc/3334207/statm: 6340 4284 2092 41 0 2419 0
Current children cumulated CPU time: 0.21 s
Current children cumulated vsize: 52268 KiB
Current children cumulated memory: 30752 KiB

[startup+0.336292 s]*
/proc/loadavg: 17.43 14.79 10.63 14/844 3334265
/proc/meminfo: memFree=387530780/528004516 swapFree=8388604/8388604
[pid=3334199] ppid=3334198 vsize=26908 memory=13616 CPUtime=0.06 cores=28-29
/proc/3334199/stat : 3334199 (perf) S 3334198 3334199 3334115 0 -1 0 1737 237 0 0 5 1 0 0 20 0 1 0 922873488 27553792 3404 17179869184 93824994299904 93824996572973 140737488338256 0 0 0 134217728 4 74274 1 0 0 17 28 0 0 0 0 0 93824998874888 93825001005840 93825001308160 140737488340073 140737488340470 140737488340470 140737488351179 0
/proc/3334199/statm: 6727 3404 2099 555 0 1769 0
[pid=3334207] ppid=3334199 vsize=26040 memory=17928 CPUtime=0.23 cores=28-29
/proc/3334207/stat : 3334207 (clingo) R 3334199 3334199 3334115 0 -1 0 2747 0 0 0 23 0 0 0 20 0 1 0 922873496 26664960 4482 17179869184 93824992301056 93824992468925 140737488338416 0 0 0 134217728 4 25184771 0 0 0 17 28 0 0 0 0 0 93824992533936 93824992571272 93824992575488 140737488340183 140737488340354 140737488340354 140737488351170 0
/proc/3334207/statm: 6510 4482 2092 41 0 2589 0
Current children cumulated CPU time: 0.29 s
Current children cumulated vsize: 52948 KiB
Current children cumulated memory: 31544 KiB

[startup+0.70034 s]
/proc/loadavg: 17.43 14.79 10.63 15/851 3334307
/proc/meminfo: memFree=387514556/528004516 swapFree=8388604/8388604
[pid=3334199] ppid=3334198 vsize=26908 memory=13616 CPUtime=0.06 cores=28-29
/proc/3334199/stat : 3334199 (perf) S 3334198 3334199 3334115 0 -1 0 1737 237 0 0 5 1 0 0 20 0 1 0 922873488 27553792 3404 17179869184 93824994299904 93824996572973 140737488338256 0 0 0 134217728 4 74274 1 0 0 17 28 0 0 0 0 0 93824998874888 93825001005840 93825001308160 140737488340073 140737488340470 140737488340470 140737488351179 0
/proc/3334199/statm: 6727 3404 2099 555 0 1769 0
[pid=3334207] ppid=3334199 vsize=28432 memory=20304 CPUtime=0.57 cores=28-29
/proc/3334207/stat : 3334207 (clingo) R 3334199 3334199 3334115 0 -1 0 3339 0 0 0 57 0 0 0 20 0 1 0 922873496 29114368 5076 17179869184 93824992301056 93824992468925 140737488338416 0 0 0 134217728 4 25184771 0 0 0 17 28 0 0 0 0 0 93824992533936 93824992571272 93824992575488 140737488340183 140737488340354 140737488340354 140737488351170 0
/proc/3334207/statm: 7108 5076 2092 41 0 3187 0
Current children cumulated CPU time: 0.63 s
Current children cumulated vsize: 55340 KiB
Current children cumulated memory: 33920 KiB

[startup+1.50029 s]
/proc/loadavg: 17.43 14.79 10.63 16/845 3334366
/proc/meminfo: memFree=387421820/528004516 swapFree=8388604/8388604
[pid=3334199] ppid=3334198 vsize=26908 memory=13616 CPUtime=0.06 cores=28-29
/proc/3334199/stat : 3334199 (perf) S 3334198 3334199 3334115 0 -1 0 1737 237 0 0 5 1 0 0 20 0 1 0 922873488 27553792 3404 17179869184 93824994299904 93824996572973 140737488338256 0 0 0 134217728 4 74274 1 0 0 17 28 0 0 0 0 0 93824998874888 93825001005840 93825001308160 140737488340073 140737488340470 140737488340470 140737488351179 0
/proc/3334199/statm: 6727 3404 2099 555 0 1769 0
[pid=3334207] ppid=3334199 vsize=31512 memory=23472 CPUtime=1.37 cores=28-29
/proc/3334207/stat : 3334207 (clingo) R 3334199 3334199 3334115 0 -1 0 4079 0 0 0 137 0 0 0 20 0 1 0 922873496 32268288 5868 17179869184 93824992301056 93824992468925 140737488338416 0 0 0 134217728 4 25184771 0 0 0 17 28 0 0 0 0 0 93824992533936 93824992571272 93824992575488 140737488340183 140737488340354 140737488340354 140737488351170 0
/proc/3334207/statm: 7878 5868 2092 41 0 3957 0
Current children cumulated CPU time: 1.43 s
Current children cumulated vsize: 58420 KiB
Current children cumulated memory: 37088 KiB

[startup+3.11869 s]
/proc/loadavg: 17.43 14.79 10.63 15/851 3334617
/proc/meminfo: memFree=387248492/528004516 swapFree=8388604/8388604
[pid=3334199] ppid=3334198 vsize=26908 memory=13616 CPUtime=0.06 cores=28-29
/proc/3334199/stat : 3334199 (perf) S 3334198 3334199 3334115 0 -1 0 1737 237 0 0 5 1 0 0 20 0 1 0 922873488 27553792 3404 17179869184 93824994299904 93824996572973 140737488338256 0 0 0 134217728 4 74274 1 0 0 17 28 0 0 0 0 0 93824998874888 93825001005840 93825001308160 140737488340073 140737488340470 140737488340470 140737488351179 0
/proc/3334199/statm: 6727 3404 2099 555 0 1769 0
[pid=3334207] ppid=3334199 vsize=33472 memory=25320 CPUtime=2.99 cores=28-29
/proc/3334207/stat : 3334207 (clingo) R 3334199 3334199 3334115 0 -1 0 4573 0 0 0 299 0 0 0 20 0 1 0 922873496 34275328 6330 17179869184 93824992301056 93824992468925 140737488338416 0 0 0 134217728 4 25184771 0 0 0 17 28 0 0 0 0 0 93824992533936 93824992571272 93824992575488 140737488340183 140737488340354 140737488340354 140737488351170 0
/proc/3334207/statm: 8368 6330 2092 41 0 4447 0
Current children cumulated CPU time: 3.05 s
Current children cumulated vsize: 60380 KiB
Current children cumulated memory: 38936 KiB

[startup+6.30028 s]
/proc/loadavg: 17.15 14.78 10.65 15/852 3334721
/proc/meminfo: memFree=386849776/528004516 swapFree=8388604/8388604
[pid=3334199] ppid=3334198 vsize=26908 memory=13616 CPUtime=0.06 cores=28-29
/proc/3334199/stat : 3334199 (perf) S 3334198 3334199 3334115 0 -1 0 1737 237 0 0 5 1 0 0 20 0 1 0 922873488 27553792 3404 17179869184 93824994299904 93824996572973 140737488338256 0 0 0 134217728 4 74274 1 0 0 17 28 0 0 0 0 0 93824998874888 93825001005840 93825001308160 140737488340073 140737488340470 140737488340470 140737488351179 0
/proc/3334199/statm: 6727 3404 2099 555 0 1769 0
[pid=3334207] ppid=3334199 vsize=38316 memory=30304 CPUtime=6.17 cores=28-29
/proc/3334207/stat : 3334207 (clingo) R 3334199 3334199 3334115 0 -1 0 5895 0 0 0 616 1 0 0 20 0 1 0 922873496 39235584 7576 17179869184 93824992301056 93824992468925 140737488338416 0 0 0 134217728 4 25184771 0 0 0 17 28 0 0 0 0 0 93824992533936 93824992571272 93824992575488 140737488340183 140737488340354 140737488340354 140737488351170 0
/proc/3334207/statm: 9579 7576 2092 41 0 5658 0
Current children cumulated CPU time: 6.23 s
Current children cumulated vsize: 65224 KiB
Current children cumulated memory: 43920 KiB

[startup+12.7003 s]
/proc/loadavg: 16.90 14.77 10.66 15/852 3334721
/proc/meminfo: memFree=386414660/528004516 swapFree=8388604/8388604
[pid=3334199] ppid=3334198 vsize=26908 memory=13616 CPUtime=0.06 cores=28-29
/proc/3334199/stat : 3334199 (perf) S 3334198 3334199 3334115 0 -1 0 1737 237 0 0 5 1 0 0 20 0 1 0 922873488 27553792 3404 17179869184 93824994299904 93824996572973 140737488338256 0 0 0 134217728 4 74274 1 0 0 17 28 0 0 0 0 0 93824998874888 93825001005840 93825001308160 140737488340073 140737488340470 140737488340470 140737488351179 0
/proc/3334199/statm: 6727 3404 2099 555 0 1769 0
[pid=3334207] ppid=3334199 vsize=45060 memory=36632 CPUtime=12.57 cores=28-29
/proc/3334207/stat : 3334207 (clingo) R 3334199 3334199 3334115 0 -1 0 7646 0 0 0 1256 1 0 0 20 0 1 0 922873496 46141440 9158 17179869184 93824992301056 93824992468925 140737488338416 0 0 0 134217728 4 25184771 0 0 0 17 28 0 0 0 0 0 93824992533936 93824992571272 93824992575488 140737488340183 140737488340354 140737488340354 140737488351170 0
/proc/3334207/statm: 11265 9158 2092 41 0 7344 0
Current children cumulated CPU time: 12.63 s
Current children cumulated vsize: 71968 KiB
Current children cumulated memory: 50248 KiB

[startup+25.5004 s]
/proc/loadavg: 16.45 14.74 10.70 15/852 3334722
/proc/meminfo: memFree=385886172/528004516 swapFree=8388604/8388604
[pid=3334199] ppid=3334198 vsize=26908 memory=13616 CPUtime=0.06 cores=28-29
/proc/3334199/stat : 3334199 (perf) S 3334198 3334199 3334115 0 -1 0 1737 237 0 0 5 1 0 0 20 0 1 0 922873488 27553792 3404 17179869184 93824994299904 93824996572973 140737488338256 0 0 0 134217728 4 74274 1 0 0 17 28 0 0 0 0 0 93824998874888 93825001005840 93825001308160 140737488340073 140737488340470 140737488340470 140737488351179 0
/proc/3334199/statm: 6727 3404 2099 555 0 1769 0
[pid=3334207] ppid=3334199 vsize=51128 memory=43060 CPUtime=25.37 cores=28-29
/proc/3334207/stat : 3334207 (clingo) R 3334199 3334199 3334115 0 -1 0 10266 0 0 0 2536 1 0 0 20 0 1 0 922873496 52355072 10765 17179869184 93824992301056 93824992468925 140737488338416 0 0 0 134217728 4 25184771 0 0 0 17 28 0 0 0 0 0 93824992533936 93824992571272 93824992575488 140737488340183 140737488340354 140737488340354 140737488351170 0
/proc/3334207/statm: 12782 10765 2092 41 0 8861 0
Current children cumulated CPU time: 25.43 s
Current children cumulated vsize: 78036 KiB
Current children cumulated memory: 56676 KiB

[startup+51.119 s]
/proc/loadavg: 15.57 14.69 10.81 15/852 3334722
/proc/meminfo: memFree=384838692/528004516 swapFree=8388604/8388604
[pid=3334199] ppid=3334198 vsize=26908 memory=13616 CPUtime=0.06 cores=28-29
/proc/3334199/stat : 3334199 (perf) S 3334198 3334199 3334115 0 -1 0 1737 237 0 0 5 1 0 0 20 0 1 0 922873488 27553792 3404 17179869184 93824994299904 93824996572973 140737488338256 0 0 0 134217728 4 74274 1 0 0 17 28 0 0 0 0 0 93824998874888 93825001005840 93825001308160 140737488340073 140737488340470 140737488340470 140737488351179 0
/proc/3334199/statm: 6727 3404 2099 555 0 1769 0
[pid=3334207] ppid=3334199 vsize=58924 memory=50756 CPUtime=50.98 cores=28-29
/proc/3334207/stat : 3334207 (clingo) R 3334199 3334199 3334115 0 -1 0 13066 0 0 0 5097 1 0 0 20 0 1 0 922873496 60338176 12689 17179869184 93824992301056 93824992468925 140737488338416 0 0 0 134217728 4 25184771 0 0 0 17 28 0 0 0 0 0 93824992533936 93824992571272 93824992575488 140737488340183 140737488340354 140737488340354 140737488351170 0
/proc/3334207/statm: 14731 12689 2092 41 0 10810 0
Current children cumulated CPU time: 51.04 s
Current children cumulated vsize: 85832 KiB
Current children cumulated memory: 64372 KiB

[startup+102.3 s]
/proc/loadavg: 14.85 14.64 11.00 15/852 3334827
/proc/meminfo: memFree=384028204/528004516 swapFree=8388604/8388604
[pid=3334199] ppid=3334198 vsize=26908 memory=13616 CPUtime=0.06 cores=28-29
/proc/3334199/stat : 3334199 (perf) S 3334198 3334199 3334115 0 -1 0 1737 237 0 0 5 1 0 0 20 0 1 0 922873488 27553792 3404 17179869184 93824994299904 93824996572973 140737488338256 0 0 0 134217728 4 74274 1 0 0 17 28 0 0 0 0 0 93824998874888 93825001005840 93825001308160 140737488340073 140737488340470 140737488340470 140737488351179 0
/proc/3334199/statm: 6727 3404 2099 555 0 1769 0
[pid=3334207] ppid=3334199 vsize=69276 memory=60712 CPUtime=102.17 cores=28-29
/proc/3334207/stat : 3334207 (clingo) R 3334199 3334199 3334115 0 -1 0 16617 0 0 0 10215 2 0 0 20 0 1 0 922873496 70938624 15178 17179869184 93824992301056 93824992468925 140737488338416 0 0 0 134217728 4 25184771 0 0 0 17 28 0 0 0 0 0 93824992533936 93824992571272 93824992575488 140737488340183 140737488340354 140737488340354 140737488351170 0
/proc/3334207/statm: 17319 15178 2092 41 0 13398 0
Current children cumulated CPU time: 102.23 s
Current children cumulated vsize: 96184 KiB
Current children cumulated memory: 74328 KiB

[startup+162.3 s]
/proc/loadavg: 14.31 14.52 11.19 15/851 3334828
/proc/meminfo: memFree=382958984/528004516 swapFree=8388604/8388604
[pid=3334199] ppid=3334198 vsize=26908 memory=13616 CPUtime=0.06 cores=28-29
/proc/3334199/stat : 3334199 (perf) S 3334198 3334199 3334115 0 -1 0 1737 237 0 0 5 1 0 0 20 0 1 0 922873488 27553792 3404 17179869184 93824994299904 93824996572973 140737488338256 0 0 0 134217728 4 74274 1 0 0 17 28 0 0 0 0 0 93824998874888 93825001005840 93825001308160 140737488340073 140737488340470 140737488340470 140737488351179 0
/proc/3334199/statm: 6727 3404 2099 555 0 1769 0
[pid=3334207] ppid=3334199 vsize=79660 memory=70588 CPUtime=162.17 cores=28-29
/proc/3334207/stat : 3334207 (clingo) R 3334199 3334199 3334115 0 -1 0 19454 0 0 0 16214 3 0 0 20 0 1 0 922873496 81571840 17647 17179869184 93824992301056 93824992468925 140737488338416 0 0 0 134217728 4 25184771 0 0 0 17 28 0 0 0 0 0 93824992533936 93824992571272 93824992575488 140737488340183 140737488340354 140737488340354 140737488351170 0
/proc/3334207/statm: 19915 17647 2092 41 0 15994 0
Current children cumulated CPU time: 162.23 s
Current children cumulated vsize: 106568 KiB
Current children cumulated memory: 84204 KiB

[startup+222.3 s]
/proc/loadavg: 14.11 14.42 11.37 15/851 3334830
/proc/meminfo: memFree=382186128/528004516 swapFree=8388604/8388604
[pid=3334199] ppid=3334198 vsize=26908 memory=13616 CPUtime=0.06 cores=28-29
/proc/3334199/stat : 3334199 (perf) S 3334198 3334199 3334115 0 -1 0 1737 237 0 0 5 1 0 0 20 0 1 0 922873488 27553792 3404 17179869184 93824994299904 93824996572973 140737488338256 0 0 0 134217728 4 74274 1 0 0 17 28 0 0 0 0 0 93824998874888 93825001005840 93825001308160 140737488340073 140737488340470 140737488340470 140737488351179 0
/proc/3334199/statm: 6727 3404 2099 555 0 1769 0
[pid=3334207] ppid=3334199 vsize=85796 memory=76608 CPUtime=222.17 cores=28-29
/proc/3334207/stat : 3334207 (clingo) R 3334199 3334199 3334115 0 -1 0 21950 0 0 0 22214 3 0 0 20 0 1 0 922873496 87855104 19152 17179869184 93824992301056 93824992468925 140737488338416 0 0 0 134217728 4 25184771 0 0 0 17 28 0 0 0 0 0 93824992533936 93824992571272 93824992575488 140737488340183 140737488340354 140737488340354 140737488351170 0
/proc/3334207/statm: 21449 19152 2092 41 0 17528 0
Current children cumulated CPU time: 222.23 s
Current children cumulated vsize: 112704 KiB
Current children cumulated memory: 90224 KiB

[startup+282.3 s]
/proc/loadavg: 14.04 14.34 11.54 15/851 3334831
/proc/meminfo: memFree=381048356/528004516 swapFree=8388604/8388604
[pid=3334199] ppid=3334198 vsize=26908 memory=13616 CPUtime=0.06 cores=28-29
/proc/3334199/stat : 3334199 (perf) S 3334198 3334199 3334115 0 -1 0 1737 237 0 0 5 1 0 0 20 0 1 0 922873488 27553792 3404 17179869184 93824994299904 93824996572973 140737488338256 0 0 0 134217728 4 74274 1 0 0 17 28 0 0 0 0 0 93824998874888 93825001005840 93825001308160 140737488340073 140737488340470 140737488340470 140737488351179 0
/proc/3334199/statm: 6727 3404 2099 555 0 1769 0
[pid=3334207] ppid=3334199 vsize=92852 memory=83188 CPUtime=282.16 cores=28-29
/proc/3334207/stat : 3334207 (clingo) R 3334199 3334199 3334115 0 -1 0 24391 0 0 0 28212 4 0 0 20 0 1 0 922873496 95080448 20797 17179869184 93824992301056 93824992468925 140737488338416 0 0 0 134217728 4 25184771 0 0 0 17 28 0 0 0 0 0 93824992533936 93824992571272 93824992575488 140737488340183 140737488340354 140737488340354 140737488351170 0
/proc/3334207/statm: 23213 20797 2092 41 0 19292 0
Current children cumulated CPU time: 282.22 s
Current children cumulated vsize: 119760 KiB
Current children cumulated memory: 96804 KiB

[startup+342.3 s]
/proc/loadavg: 15.64 14.66 11.82 15/827 3334835
/proc/meminfo: memFree=380067628/528004516 swapFree=8388604/8388604
[pid=3334199] ppid=3334198 vsize=26908 memory=13616 CPUtime=0.06 cores=28-29
/proc/3334199/stat : 3334199 (perf) S 3334198 3334199 3334115 0 -1 0 1737 237 0 0 5 1 0 0 20 0 1 0 922873488 27553792 3404 17179869184 93824994299904 93824996572973 140737488338256 0 0 0 134217728 4 74274 1 0 0 17 28 0 0 0 0 0 93824998874888 93825001005840 93825001308160 140737488340073 140737488340470 140737488340470 140737488351179 0
/proc/3334199/statm: 6727 3404 2099 555 0 1769 0
[pid=3334207] ppid=3334199 vsize=98260 memory=88064 CPUtime=342.17 cores=28-29
/proc/3334207/stat : 3334207 (clingo) R 3334199 3334199 3334115 0 -1 0 25699 0 0 0 34212 5 0 0 20 0 1 0 922873496 100618240 22016 17179869184 93824992301056 93824992468925 140737488338416 0 0 0 134217728 4 25184771 0 0 0 17 28 0 0 0 0 0 93824992533936 93824992571272 93824992575488 140737488340183 140737488340354 140737488340354 140737488351170 0
/proc/3334207/statm: 24565 22016 2092 41 0 20644 0
Current children cumulated CPU time: 342.23 s
Current children cumulated vsize: 125168 KiB
Current children cumulated memory: 101680 KiB

[startup+402.3 s]
/proc/loadavg: 15.37 14.85 12.07 15/824 3334836
/proc/meminfo: memFree=379732972/528004516 swapFree=8388604/8388604
[pid=3334199] ppid=3334198 vsize=26908 memory=13616 CPUtime=0.06 cores=28-29
/proc/3334199/stat : 3334199 (perf) S 3334198 3334199 3334115 0 -1 0 1737 237 0 0 5 1 0 0 20 0 1 0 922873488 27553792 3404 17179869184 93824994299904 93824996572973 140737488338256 0 0 0 134217728 4 74274 1 0 0 17 28 0 0 0 0 0 93824998874888 93825001005840 93825001308160 140737488340073 140737488340470 140737488340470 140737488351179 0
/proc/3334199/statm: 6727 3404 2099 555 0 1769 0
[pid=3334207] ppid=3334199 vsize=102116 memory=92088 CPUtime=402.17 cores=28-29
/proc/3334207/stat : 3334207 (clingo) R 3334199 3334199 3334115 0 -1 0 27551 0 0 0 40212 5 0 0 20 0 1 0 922873496 104566784 23022 17179869184 93824992301056 93824992468925 140737488338416 0 0 0 134217728 4 25184771 0 0 0 17 28 0 0 0 0 0 93824992533936 93824992571272 93824992575488 140737488340183 140737488340354 140737488340354 140737488351170 0
/proc/3334207/statm: 25529 23022 2092 41 0 21608 0
Current children cumulated CPU time: 402.23 s
Current children cumulated vsize: 129024 KiB
Current children cumulated memory: 105704 KiB

[startup+462.3 s]
/proc/loadavg: 14.50 14.69 12.20 15/825 3334838
/proc/meminfo: memFree=379231996/528004516 swapFree=8388604/8388604
[pid=3334199] ppid=3334198 vsize=26908 memory=13616 CPUtime=0.06 cores=28-29
/proc/3334199/stat : 3334199 (perf) S 3334198 3334199 3334115 0 -1 0 1737 237 0 0 5 1 0 0 20 0 1 0 922873488 27553792 3404 17179869184 93824994299904 93824996572973 140737488338256 0 0 0 134217728 4 74274 1 0 0 17 28 0 0 0 0 0 93824998874888 93825001005840 93825001308160 140737488340073 140737488340470 140737488340470 140737488351179 0
/proc/3334199/statm: 6727 3404 2099 555 0 1769 0
[pid=3334207] ppid=3334199 vsize=106512 memory=96196 CPUtime=462.17 cores=28-29
/proc/3334207/stat : 3334207 (clingo) R 3334199 3334199 3334115 0 -1 0 29234 0 0 0 46211 6 0 0 20 0 1 0 922873496 109068288 24049 17179869184 93824992301056 93824992468925 140737488338416 0 0 0 134217728 4 25184771 0 0 0 17 28 0 0 0 0 0 93824992533936 93824992571272 93824992575488 140737488340183 140737488340354 140737488340354 140737488351170 0
/proc/3334207/statm: 26628 24049 2092 41 0 22707 0
Current children cumulated CPU time: 462.23 s
Current children cumulated vsize: 133420 KiB
Current children cumulated memory: 109812 KiB

[startup+522.3 s]
/proc/loadavg: 14.44 14.63 12.33 15/825 3334840
/proc/meminfo: memFree=378783972/528004516 swapFree=8388604/8388604
[pid=3334199] ppid=3334198 vsize=26908 memory=13616 CPUtime=0.06 cores=28-29
/proc/3334199/stat : 3334199 (perf) S 3334198 3334199 3334115 0 -1 0 1737 237 0 0 5 1 0 0 20 0 1 0 922873488 27553792 3404 17179869184 93824994299904 93824996572973 140737488338256 0 0 0 134217728 4 74274 1 0 0 17 28 0 0 0 0 0 93824998874888 93825001005840 93825001308160 140737488340073 140737488340470 140737488340470 140737488351179 0
/proc/3334199/statm: 6727 3404 2099 555 0 1769 0
[pid=3334207] ppid=3334199 vsize=110552 memory=99900 CPUtime=522.16 cores=28-29
/proc/3334207/stat : 3334207 (clingo) R 3334199 3334199 3334115 0 -1 0 30584 0 0 0 52210 6 0 0 20 0 1 0 922873496 113205248 24975 17179869184 93824992301056 93824992468925 140737488338416 0 0 0 134217728 4 25184771 0 0 0 17 28 0 0 0 0 0 93824992533936 93824992571272 93824992575488 140737488340183 140737488340354 140737488340354 140737488351170 0
/proc/3334207/statm: 27638 24975 2092 41 0 23717 0
Current children cumulated CPU time: 522.22 s
Current children cumulated vsize: 137460 KiB
Current children cumulated memory: 113516 KiB

[startup+582.3 s]
/proc/loadavg: 14.16 14.51 12.44 15/825 3334845
/proc/meminfo: memFree=378075096/528004516 swapFree=8388604/8388604
[pid=3334199] ppid=3334198 vsize=26908 memory=13616 CPUtime=0.06 cores=28-29
/proc/3334199/stat : 3334199 (perf) S 3334198 3334199 3334115 0 -1 0 1737 237 0 0 5 1 0 0 20 0 1 0 922873488 27553792 3404 17179869184 93824994299904 93824996572973 140737488338256 0 0 0 134217728 4 74274 1 0 0 17 28 0 0 0 0 0 93824998874888 93825001005840 93825001308160 140737488340073 140737488340470 140737488340470 140737488351179 0
/proc/3334199/statm: 6727 3404 2099 555 0 1769 0
[pid=3334207] ppid=3334199 vsize=114092 memory=103248 CPUtime=582.17 cores=28-29
/proc/3334207/stat : 3334207 (clingo) R 3334199 3334199 3334115 0 -1 0 32689 0 0 0 58210 7 0 0 20 0 1 0 922873496 116830208 25812 17179869184 93824992301056 93824992468925 140737488338416 0 0 0 134217728 4 25184771 0 0 0 17 28 0 0 0 0 0 93824992533936 93824992571272 93824992575488 140737488340183 140737488340354 140737488340354 140737488351170 0
/proc/3334207/statm: 28523 25812 2092 41 0 24602 0
Current children cumulated CPU time: 582.23 s
Current children cumulated vsize: 141000 KiB
Current children cumulated memory: 116864 KiB

[startup+642.3 s]
/proc/loadavg: 14.06 14.42 12.54 15/826 3334847
/proc/meminfo: memFree=377196376/528004516 swapFree=8388604/8388604
[pid=3334199] ppid=3334198 vsize=26908 memory=13616 CPUtime=0.06 cores=28-29
/proc/3334199/stat : 3334199 (perf) S 3334198 3334199 3334115 0 -1 0 1737 237 0 0 5 1 0 0 20 0 1 0 922873488 27553792 3404 17179869184 93824994299904 93824996572973 140737488338256 0 0 0 134217728 4 74274 1 0 0 17 28 0 0 0 0 0 93824998874888 93825001005840 93825001308160 140737488340073 140737488340470 140737488340470 140737488351179 0
/proc/3334199/statm: 6727 3404 2099 555 0 1769 0
[pid=3334207] ppid=3334199 vsize=117700 memory=106532 CPUtime=642.17 cores=28-29
/proc/3334207/stat : 3334207 (clingo) R 3334199 3334199 3334115 0 -1 0 33690 0 0 0 64210 7 0 0 20 0 1 0 922873496 120524800 26633 17179869184 93824992301056 93824992468925 140737488338416 0 0 0 134217728 4 25184771 0 0 0 17 28 0 0 0 0 0 93824992533936 93824992571272 93824992575488 140737488340183 140737488340354 140737488340354 140737488351170 0
/proc/3334207/statm: 29425 26633 2092 41 0 25504 0
Current children cumulated CPU time: 642.23 s
Current children cumulated vsize: 144608 KiB
Current children cumulated memory: 120148 KiB

[startup+702.3 s]
/proc/loadavg: 14.02 14.34 12.64 15/826 3334849
/proc/meminfo: memFree=376246140/528004516 swapFree=8388604/8388604
[pid=3334199] ppid=3334198 vsize=26908 memory=13616 CPUtime=0.06 cores=28-29
/proc/3334199/stat : 3334199 (perf) S 3334198 3334199 3334115 0 -1 0 1737 237 0 0 5 1 0 0 20 0 1 0 922873488 27553792 3404 17179869184 93824994299904 93824996572973 140737488338256 0 0 0 134217728 4 74274 1 0 0 17 28 0 0 0 0 0 93824998874888 93825001005840 93825001308160 140737488340073 140737488340470 140737488340470 140737488351179 0
/proc/3334199/statm: 6727 3404 2099 555 0 1769 0
[pid=3334207] ppid=3334199 vsize=120548 memory=108908 CPUtime=702.17 cores=28-29
/proc/3334207/stat : 3334207 (clingo) R 3334199 3334199 3334115 0 -1 0 34282 0 0 0 70210 7 0 0 20 0 1 0 922873496 123441152 27227 17179869184 93824992301056 93824992468925 140737488338416 0 0 0 134217728 4 25184771 0 0 0 17 28 0 0 0 0 0 93824992533936 93824992571272 93824992575488 140737488340183 140737488340354 140737488340354 140737488351170 0
/proc/3334207/statm: 30137 27227 2092 41 0 26216 0
Current children cumulated CPU time: 702.23 s
Current children cumulated vsize: 147456 KiB
Current children cumulated memory: 122524 KiB

[startup+762.3 s]
/proc/loadavg: 14.00 14.27 12.72 15/826 3334850
/proc/meminfo: memFree=375501736/528004516 swapFree=8388604/8388604
[pid=3334199] ppid=3334198 vsize=26908 memory=13616 CPUtime=0.06 cores=28-29
/proc/3334199/stat : 3334199 (perf) S 3334198 3334199 3334115 0 -1 0 1737 237 0 0 5 1 0 0 20 0 1 0 922873488 27553792 3404 17179869184 93824994299904 93824996572973 140737488338256 0 0 0 134217728 4 74274 1 0 0 17 28 0 0 0 0 0 93824998874888 93825001005840 93825001308160 140737488340073 140737488340470 140737488340470 140737488351179 0
/proc/3334199/statm: 6727 3404 2099 555 0 1769 0
[pid=3334207] ppid=3334199 vsize=124276 memory=112500 CPUtime=762.17 cores=28-29
/proc/3334207/stat : 3334207 (clingo) R 3334199 3334199 3334115 0 -1 0 35407 0 0 0 76210 7 0 0 20 0 1 0 922873496 127258624 28125 17179869184 93824992301056 93824992468925 140737488338416 0 0 0 134217728 4 25184771 0 0 0 17 28 0 0 0 0 0 93824992533936 93824992571272 93824992575488 140737488340183 140737488340354 140737488340354 140737488351170 0
/proc/3334207/statm: 31069 28125 2092 41 0 27148 0
Current children cumulated CPU time: 762.23 s
Current children cumulated vsize: 151184 KiB
Current children cumulated memory: 126116 KiB

[startup+822.3 s]
/proc/loadavg: 14.20 14.28 12.83 15/826 3334851
/proc/meminfo: memFree=374995220/528004516 swapFree=8388604/8388604
[pid=3334199] ppid=3334198 vsize=26908 memory=13616 CPUtime=0.06 cores=28-29
/proc/3334199/stat : 3334199 (perf) S 3334198 3334199 3334115 0 -1 0 1737 237 0 0 5 1 0 0 20 0 1 0 922873488 27553792 3404 17179869184 93824994299904 93824996572973 140737488338256 0 0 0 134217728 4 74274 1 0 0 17 28 0 0 0 0 0 93824998874888 93825001005840 93825001308160 140737488340073 140737488340470 140737488340470 140737488351179 0
/proc/3334199/statm: 6727 3404 2099 555 0 1769 0
[pid=3334207] ppid=3334199 vsize=127592 memory=115884 CPUtime=822.17 cores=28-29
/proc/3334207/stat : 3334207 (clingo) R 3334199 3334199 3334115 0 -1 0 36692 0 0 0 82210 7 0 0 20 0 1 0 922873496 130654208 28971 17179869184 93824992301056 93824992468925 140737488338416 0 0 0 134217728 4 25184771 0 0 0 17 28 0 0 0 0 0 93824992533936 93824992571272 93824992575488 140737488340183 140737488340354 140737488340354 140737488351170 0
/proc/3334207/statm: 31898 28971 2092 41 0 27977 0
Current children cumulated CPU time: 822.23 s
Current children cumulated vsize: 154500 KiB
Current children cumulated memory: 129500 KiB

[startup+882.3 s]
/proc/loadavg: 14.07 14.23 12.90 15/826 3334853
/proc/meminfo: memFree=374447140/528004516 swapFree=8388604/8388604
[pid=3334199] ppid=3334198 vsize=26908 memory=13616 CPUtime=0.06 cores=28-29
/proc/3334199/stat : 3334199 (perf) S 3334198 3334199 3334115 0 -1 0 1737 237 0 0 5 1 0 0 20 0 1 0 922873488 27553792 3404 17179869184 93824994299904 93824996572973 140737488338256 0 0 0 134217728 4 74274 1 0 0 17 28 0 0 0 0 0 93824998874888 93825001005840 93825001308160 140737488340073 140737488340470 140737488340470 140737488351179 0
/proc/3334199/statm: 6727 3404 2099 555 0 1769 0
[pid=3334207] ppid=3334199 vsize=129020 memory=116988 CPUtime=882.16 cores=28-29
/proc/3334207/stat : 3334207 (clingo) R 3334199 3334199 3334115 0 -1 0 38348 0 0 0 88209 7 0 0 20 0 1 0 922873496 132116480 29247 17179869184 93824992301056 93824992468925 140737488338416 0 0 0 134217728 4 25184771 0 0 0 17 28 0 0 0 0 0 93824992533936 93824992571272 93824992575488 140737488340183 140737488340354 140737488340354 140737488351170 0
/proc/3334207/statm: 32255 29247 2092 41 0 28334 0
Current children cumulated CPU time: 882.22 s
Current children cumulated vsize: 155928 KiB
Current children cumulated memory: 130604 KiB

[startup+942.3 s]
/proc/loadavg: 14.02 14.19 12.97 15/825 3334855
/proc/meminfo: memFree=374162924/528004516 swapFree=8388604/8388604
[pid=3334199] ppid=3334198 vsize=26908 memory=13616 CPUtime=0.06 cores=28-29
/proc/3334199/stat : 3334199 (perf) S 3334198 3334199 3334115 0 -1 0 1737 237 0 0 5 1 0 0 20 0 1 0 922873488 27553792 3404 17179869184 93824994299904 93824996572973 140737488338256 0 0 0 134217728 4 74274 1 0 0 17 28 0 0 0 0 0 93824998874888 93825001005840 93825001308160 140737488340073 140737488340470 140737488340470 140737488351179 0
/proc/3334199/statm: 6727 3404 2099 555 0 1769 0
[pid=3334207] ppid=3334199 vsize=132624 memory=119984 CPUtime=942.16 cores=28-29
/proc/3334207/stat : 3334207 (clingo) R 3334199 3334199 3334115 0 -1 0 39179 0 0 0 94209 7 0 0 20 0 1 0 922873496 135806976 29996 17179869184 93824992301056 93824992468925 140737488338416 0 0 0 134217728 4 25184771 0 0 0 17 28 0 0 0 0 0 93824992533936 93824992571272 93824992575488 140737488340183 140737488340354 140737488340354 140737488351170 0
/proc/3334207/statm: 33156 29996 2092 41 0 29235 0
Current children cumulated CPU time: 942.22 s
Current children cumulated vsize: 159532 KiB
Current children cumulated memory: 133600 KiB

[startup+1002.3 s]
/proc/loadavg: 14.01 14.15 13.04 15/825 3334856
/proc/meminfo: memFree=374092112/528004516 swapFree=8388604/8388604
[pid=3334199] ppid=3334198 vsize=26908 memory=13616 CPUtime=0.06 cores=28-29
/proc/3334199/stat : 3334199 (perf) S 3334198 3334199 3334115 0 -1 0 1737 237 0 0 5 1 0 0 20 0 1 0 922873488 27553792 3404 17179869184 93824994299904 93824996572973 140737488338256 0 0 0 134217728 4 74274 1 0 0 17 28 0 0 0 0 0 93824998874888 93825001005840 93825001308160 140737488340073 140737488340470 140737488340470 140737488351179 0
/proc/3334199/statm: 6727 3404 2099 555 0 1769 0
[pid=3334207] ppid=3334199 vsize=134964 memory=122596 CPUtime=1002.16 cores=28-29
/proc/3334207/stat : 3334207 (clingo) R 3334199 3334199 3334115 0 -1 0 40328 0 0 0 100209 7 0 0 20 0 1 0 922873496 138203136 30649 17179869184 93824992301056 93824992468925 140737488338416 0 0 0 134217728 4 25184771 0 0 0 17 28 0 0 0 0 0 93824992533936 93824992571272 93824992575488 140737488340183 140737488340354 140737488340354 140737488351170 0
/proc/3334207/statm: 33741 30649 2092 41 0 29820 0
Current children cumulated CPU time: 1002.22 s
Current children cumulated vsize: 161872 KiB
Current children cumulated memory: 136212 KiB

[startup+1062.3 s]
/proc/loadavg: 14.00 14.12 13.11 15/825 3334859
/proc/meminfo: memFree=374078240/528004516 swapFree=8388604/8388604
[pid=3334199] ppid=3334198 vsize=26908 memory=13616 CPUtime=0.06 cores=28-29
/proc/3334199/stat : 3334199 (perf) S 3334198 3334199 3334115 0 -1 0 1737 237 0 0 5 1 0 0 20 0 1 0 922873488 27553792 3404 17179869184 93824994299904 93824996572973 140737488338256 0 0 0 134217728 4 74274 1 0 0 17 28 0 0 0 0 0 93824998874888 93825001005840 93825001308160 140737488340073 140737488340470 140737488340470 140737488351179 0
/proc/3334199/statm: 6727 3404 2099 555 0 1769 0
[pid=3334207] ppid=3334199 vsize=136480 memory=123592 CPUtime=1062.16 cores=28-29
/proc/3334207/stat : 3334207 (clingo) R 3334199 3334199 3334115 0 -1 0 41344 0 0 0 106209 7 0 0 20 0 1 0 922873496 139755520 30898 17179869184 93824992301056 93824992468925 140737488338416 0 0 0 134217728 4 25184771 0 0 0 17 28 0 0 0 0 0 93824992533936 93824992571272 93824992575488 140737488340183 140737488340354 140737488340354 140737488351170 0
/proc/3334207/statm: 34120 30898 2092 41 0 30199 0
Current children cumulated CPU time: 1062.22 s
Current children cumulated vsize: 163388 KiB
Current children cumulated memory: 137208 KiB

[startup+1122.3 s]
/proc/loadavg: 14.15 14.13 13.17 15/825 3334862
/proc/meminfo: memFree=374041464/528004516 swapFree=8388604/8388604
[pid=3334199] ppid=3334198 vsize=26908 memory=13616 CPUtime=0.06 cores=28-29
/proc/3334199/stat : 3334199 (perf) S 3334198 3334199 3334115 0 -1 0 1737 237 0 0 5 1 0 0 20 0 1 0 922873488 27553792 3404 17179869184 93824994299904 93824996572973 140737488338256 0 0 0 134217728 4 74274 1 0 0 17 28 0 0 0 0 0 93824998874888 93825001005840 93825001308160 140737488340073 140737488340470 140737488340470 140737488351179 0
/proc/3334199/statm: 6727 3404 2099 555 0 1769 0
[pid=3334207] ppid=3334199 vsize=140388 memory=127020 CPUtime=1122.16 cores=28-29
/proc/3334207/stat : 3334207 (clingo) R 3334199 3334199 3334115 0 -1 0 42163 0 0 0 112209 7 0 0 20 0 1 0 922873496 143757312 31755 17179869184 93824992301056 93824992468925 140737488338416 0 0 0 134217728 4 25184771 0 0 0 17 28 0 0 0 0 0 93824992533936 93824992571272 93824992575488 140737488340183 140737488340354 140737488340354 140737488351170 0
/proc/3334207/statm: 35097 31755 2092 41 0 31176 0
Current children cumulated CPU time: 1122.22 s
Current children cumulated vsize: 167296 KiB
Current children cumulated memory: 140636 KiB

[startup+1182.3 s]
/proc/loadavg: 14.16 14.15 13.24 15/825 3334865
/proc/meminfo: memFree=373988796/528004516 swapFree=8388604/8388604
[pid=3334199] ppid=3334198 vsize=26908 memory=13616 CPUtime=0.06 cores=28-29
/proc/3334199/stat : 3334199 (perf) S 3334198 3334199 3334115 0 -1 0 1737 237 0 0 5 1 0 0 20 0 1 0 922873488 27553792 3404 17179869184 93824994299904 93824996572973 140737488338256 0 0 0 134217728 4 74274 1 0 0 17 28 0 0 0 0 0 93824998874888 93825001005840 93825001308160 140737488340073 140737488340470 140737488340470 140737488351179 0
/proc/3334199/statm: 6727 3404 2099 555 0 1769 0
[pid=3334207] ppid=3334199 vsize=142472 memory=128868 CPUtime=1182.16 cores=28-29
/proc/3334207/stat : 3334207 (clingo) R 3334199 3334199 3334115 0 -1 0 42633 0 0 0 118209 7 0 0 20 0 1 0 922873496 145891328 32217 17179869184 93824992301056 93824992468925 140737488338416 0 0 0 134217728 4 25184771 0 0 0 17 28 0 0 0 0 0 93824992533936 93824992571272 93824992575488 140737488340183 140737488340354 140737488340354 140737488351170 0
/proc/3334207/statm: 35618 32217 2092 41 0 31697 0
Current children cumulated CPU time: 1182.22 s
Current children cumulated vsize: 169380 KiB
Current children cumulated memory: 142484 KiB



Maximum wall clock time exceeded: sending SIGTERM then SIGKILL

[startup+1205 s]*
/proc/loadavg: 14.11 14.14 13.26 15/723 3335325
/proc/meminfo: memFree=387267740/528004516 swapFree=8388604/8388604
[pid=3334199] ppid=3334198 vsize=26908 memory=13616 CPUtime=0.06 cores=28-29
/proc/3334199/stat : 3334199 (perf) S 3334198 3334199 3334115 0 -1 0 1737 237 0 0 5 1 0 0 20 0 1 0 922873488 27553792 3404 17179869184 93824994299904 93824996572973 140737488338256 0 0 0 134217728 4 74274 1 0 0 17 28 0 0 0 0 0 93824998874888 93825001005840 93825001308160 140737488340073 140737488340470 140737488340470 140737488351179 0
/proc/3334199/statm: 6727 3404 2099 555 0 1769 0
[pid=3334207] ppid=3334199 vsize=143420 memory=129660 CPUtime=1204.88 cores=28-29
/proc/3334207/stat : 3334207 (clingo) R 3334199 3334199 3334115 0 -1 0 42837 0 0 0 120480 8 0 0 20 0 1 0 922873496 146862080 32415 17179869184 93824992301056 93824992468925 140737488338416 0 0 0 134217728 4 25184771 0 0 0 17 28 0 0 0 0 0 93824992533936 93824992571272 93824992575488 140737488340183 140737488340354 140737488340354 140737488351170 0
/proc/3334207/statm: 35855 32415 2092 41 0 31934 0
Current children cumulated CPU time: 1204.94 s
Current children cumulated vsize: 170328 KiB
Current children cumulated memory: 143276 KiB

Sending SIGINT to process tree (bottom up)
Sleeping 5 seconds

[startup+1205.02 s]
# the end of solver process 3334199 was just reported to runsolver
# cumulated CPU time of all completed processes:  user=1204.88 s, system=0.103889 s

Solver just ended.
??? end of watcher thread
Dumping a history of the last processes samples

Child status: 1
Real time (s): 1205.02
CPU time (s): 1204.98
CPU user time (s): 1204.88
CPU system time (s): 0.103889
CPU usage (%): 99.9963
Max. virtual memory (cumulated for all children) (KiB): 170328
Max. memory (cumulated for all children) (KiB): 143276

getrusage(RUSAGE_CHILDREN,...) data:
user time used= 1204.88
system time used= 0.103889
maximum resident set size= 129748
integral shared memory size= 0
integral unshared data size= 0
integral unshared stack size= 0
page reclaims= 44851
page faults= 0
swaps= 0
block input operations= 0
block output operations= 0
messages sent= 0
messages received= 0
signals received= 0
voluntary context switches= 17
involuntary context switches= 861


# summary of solver processes directly reported to runsolver:
#   pid: 3334199
#   total CPU time (s): 1204.98
#   total CPU user time (s): 1204.88
#   total CPU system time (s): 0.103889

??? end of timestamper thread
runsolver used 8.48525 second user time and 15.245 second system time

The end
