runsolver version 3.4.0 (svn: 3018) Copyright (C) 2010-2013 Olivier ROUSSEL

This program is distributed in the hope that it will be useful,
but WITHOUT ANY WARRANTY; without even the implied warranty of
MERCHANTABILITY or FITNESS FOR A PARTICULAR PURPOSE.  See the
GNU General Public License for more details.

NUMA information:
  number of nodes: 2
  memory of node 0: 257635 MiB (181625 MiB free)
  memory of node 1: 257994 MiB (175467 MiB free)
  node distances:
     10  20
     20  10

command line: /dev/shm/37718cc8-2e81-11f1-ac62-000c298f4621/input/runsolver -w /dev/shm/37718cc8-2e81-11f1-ac62-000c298f4621/output/runsolver.log -v /dev/shm/37718cc8-2e81-11f1-ac62-000c298f4621/output/varfile.log -W 1205 --rss-swap-limit 16384 -d 5 --sigint /usr/bin/perf stat -B -e task-clock,cache-references,cache-misses,cycles,instructions,branches,faults,migrations,context-switches -o /dev/shm/37718cc8-2e81-11f1-ac62-000c298f4621/output/perf.log clingo /home/guests/mmacri/AMOSUM/benchmarks/GraphColouring/encoding-plain-amo.asp /dev/shm/37718cc8-2e81-11f1-ac62-000c298f4621/input/0037-graph_colouring-140-0_5376.asp 

running on 2 cores: 20-21

Enforcing wall clock limit (soft limit, will send SIGTERM then SIGKILL): 1205 seconds
Enforcing RSS+Swap limit (soft limit, will send SIGTERM then SIGKILL): 16777216 KiB
Linux 5.15.0-131-generic
Current StackSize limit: 8192 KiB

solver pid=1305176, runsolver pid=1305175

[startup+0.100069 s]*
/proc/loadavg: 13.98 14.21 13.25 15/835 1305180
/proc/meminfo: memFree=365658516/528004516 swapFree=8388604/8388604
[pid=1305176] ppid=1305175 vsize=26908 memory=13612 CPUtime=0.07 cores=20-21
/proc/1305176/stat : 1305176 (perf) S 1305175 1305176 1305133 0 -1 0 1738 237 0 0 6 1 0 0 20 0 1 0 923008358 27553792 3403 17179869184 93824994299904 93824996572973 140737488338256 0 0 0 134217728 4 74274 1 0 0 17 20 0 0 0 0 0 93824998874888 93825001005840 93825001308160 140737488340073 140737488340470 140737488340470 140737488351179 0
/proc/1305176/statm: 6727 3403 2098 555 0 1769 0
[pid=1305180] ppid=1305176 vsize=19008 memory=10740 CPUtime=0.02 cores=20-21
/proc/1305180/stat : 1305180 (clingo) R 1305176 1305176 1305133 0 -1 0 858 0 0 0 2 0 0 0 20 0 1 0 923008366 19464192 2685 17179869184 93824992301056 93824992468925 140737488338416 0 0 0 134217728 4 25184771 0 0 0 17 21 0 0 0 0 0 93824992533936 93824992571272 93824992575488 140737488340183 140737488340354 140737488340354 140737488351170 0
/proc/1305180/statm: 4752 2685 2045 41 0 831 0
Current children cumulated CPU time: 0.09 s
Current children cumulated vsize: 45916 KiB
Current children cumulated memory: 24352 KiB

[startup+0.218532 s]*
/proc/loadavg: 13.98 14.21 13.25 15/835 1305180
/proc/meminfo: memFree=365655240/528004516 swapFree=8388604/8388604
[pid=1305176] ppid=1305175 vsize=26908 memory=13612 CPUtime=0.07 cores=20-21
/proc/1305176/stat : 1305176 (perf) S 1305175 1305176 1305133 0 -1 0 1738 237 0 0 6 1 0 0 20 0 1 0 923008358 27553792 3403 17179869184 93824994299904 93824996572973 140737488338256 0 0 0 134217728 4 74274 1 0 0 17 20 0 0 0 0 0 93824998874888 93825001005840 93825001308160 140737488340073 140737488340470 140737488340470 140737488351179 0
/proc/1305176/statm: 6727 3403 2098 555 0 1769 0
[pid=1305180] ppid=1305176 vsize=24476 memory=16440 CPUtime=0.13 cores=20-21
/proc/1305180/stat : 1305180 (clingo) R 1305176 1305176 1305133 0 -1 0 2316 0 0 0 13 0 0 0 20 0 1 0 923008366 25063424 4110 17179869184 93824992301056 93824992468925 140737488338416 0 0 0 134217728 4 25184771 0 0 0 17 20 0 0 0 0 0 93824992533936 93824992571272 93824992575488 140737488340183 140737488340354 140737488340354 140737488351170 0
/proc/1305180/statm: 6119 4110 2091 41 0 2198 0
Current children cumulated CPU time: 0.2 s
Current children cumulated vsize: 51384 KiB
Current children cumulated memory: 30052 KiB

[startup+0.334483 s]*
/proc/loadavg: 13.98 14.21 13.25 15/835 1305180
/proc/meminfo: memFree=365649696/528004516 swapFree=8388604/8388604
[pid=1305176] ppid=1305175 vsize=26908 memory=13612 CPUtime=0.07 cores=20-21
/proc/1305176/stat : 1305176 (perf) S 1305175 1305176 1305133 0 -1 0 1738 237 0 0 6 1 0 0 20 0 1 0 923008358 27553792 3403 17179869184 93824994299904 93824996572973 140737488338256 0 0 0 134217728 4 74274 1 0 0 17 20 0 0 0 0 0 93824998874888 93825001005840 93825001308160 140737488340073 140737488340470 140737488340470 140737488351179 0
/proc/1305176/statm: 6727 3403 2098 555 0 1769 0
[pid=1305180] ppid=1305176 vsize=26456 memory=18552 CPUtime=0.23 cores=20-21
/proc/1305180/stat : 1305180 (clingo) R 1305176 1305176 1305133 0 -1 0 2818 0 0 0 23 0 0 0 20 0 1 0 923008366 27090944 4638 17179869184 93824992301056 93824992468925 140737488338416 0 0 0 134217728 4 25184771 0 0 0 17 20 0 0 0 0 0 93824992533936 93824992571272 93824992575488 140737488340183 140737488340354 140737488340354 140737488351170 0
/proc/1305180/statm: 6614 4638 2091 41 0 2693 0
Current children cumulated CPU time: 0.3 s
Current children cumulated vsize: 53364 KiB
Current children cumulated memory: 32164 KiB

[startup+0.700338 s]
/proc/loadavg: 13.98 14.21 13.25 15/832 1305186
/proc/meminfo: memFree=365649192/528004516 swapFree=8388604/8388604
[pid=1305176] ppid=1305175 vsize=26908 memory=13612 CPUtime=0.07 cores=20-21
/proc/1305176/stat : 1305176 (perf) S 1305175 1305176 1305133 0 -1 0 1738 237 0 0 6 1 0 0 20 0 1 0 923008358 27553792 3403 17179869184 93824994299904 93824996572973 140737488338256 0 0 0 134217728 4 74274 1 0 0 17 20 0 0 0 0 0 93824998874888 93825001005840 93825001308160 140737488340073 140737488340470 140737488340470 140737488351179 0
/proc/1305176/statm: 6727 3403 2098 555 0 1769 0
[pid=1305180] ppid=1305176 vsize=28436 memory=20400 CPUtime=0.58 cores=20-21
/proc/1305180/stat : 1305180 (clingo) R 1305176 1305176 1305133 0 -1 0 3303 0 0 0 58 0 0 0 20 0 1 0 923008366 29118464 5100 17179869184 93824992301056 93824992468925 140737488338416 0 0 0 134217728 4 25184771 0 0 0 17 20 0 0 0 0 0 93824992533936 93824992571272 93824992575488 140737488340183 140737488340354 140737488340354 140737488351170 0
/proc/1305180/statm: 7109 5100 2091 41 0 3188 0
Current children cumulated CPU time: 0.65 s
Current children cumulated vsize: 55344 KiB
Current children cumulated memory: 34012 KiB

[startup+1.50027 s]
/proc/loadavg: 13.98 14.21 13.25 14/807 1305304
/proc/meminfo: memFree=365663480/528004516 swapFree=8388604/8388604
[pid=1305176] ppid=1305175 vsize=26908 memory=13612 CPUtime=0.07 cores=20-21
/proc/1305176/stat : 1305176 (perf) S 1305175 1305176 1305133 0 -1 0 1738 237 0 0 6 1 0 0 20 0 1 0 923008358 27553792 3403 17179869184 93824994299904 93824996572973 140737488338256 0 0 0 134217728 4 74274 1 0 0 17 20 0 0 0 0 0 93824998874888 93825001005840 93825001308160 140737488340073 140737488340470 140737488340470 140737488351179 0
/proc/1305176/statm: 6727 3403 2098 555 0 1769 0
[pid=1305180] ppid=1305176 vsize=30580 memory=22512 CPUtime=1.38 cores=20-21
/proc/1305180/stat : 1305180 (clingo) R 1305176 1305176 1305133 0 -1 0 3816 0 0 0 138 0 0 0 20 0 1 0 923008366 31313920 5628 17179869184 93824992301056 93824992468925 140737488338416 0 0 0 134217728 4 25184771 0 0 0 17 20 0 0 0 0 0 93824992533936 93824992571272 93824992575488 140737488340183 140737488340354 140737488340354 140737488351170 0
/proc/1305180/statm: 7645 5628 2091 41 0 3724 0
Current children cumulated CPU time: 1.45 s
Current children cumulated vsize: 57488 KiB
Current children cumulated memory: 36124 KiB

[startup+3.11845 s]
/proc/loadavg: 14.06 14.22 13.26 15/836 1305387
/proc/meminfo: memFree=365615588/528004516 swapFree=8388604/8388604
[pid=1305176] ppid=1305175 vsize=26908 memory=13612 CPUtime=0.07 cores=20-21
/proc/1305176/stat : 1305176 (perf) S 1305175 1305176 1305133 0 -1 0 1738 237 0 0 6 1 0 0 20 0 1 0 923008358 27553792 3403 17179869184 93824994299904 93824996572973 140737488338256 0 0 0 134217728 4 74274 1 0 0 17 20 0 0 0 0 0 93824998874888 93825001005840 93825001308160 140737488340073 140737488340470 140737488340470 140737488351179 0
/proc/1305176/statm: 6727 3403 2098 555 0 1769 0
[pid=1305180] ppid=1305176 vsize=32716 memory=24624 CPUtime=2.99 cores=20-21
/proc/1305180/stat : 1305180 (clingo) R 1305176 1305176 1305133 0 -1 0 4367 0 0 0 299 0 0 0 20 0 1 0 923008366 33501184 6156 17179869184 93824992301056 93824992468925 140737488338416 0 0 0 134217728 4 25184771 0 0 0 17 20 0 0 0 0 0 93824992533936 93824992571272 93824992575488 140737488340183 140737488340354 140737488340354 140737488351170 0
/proc/1305180/statm: 8179 6156 2091 41 0 4258 0
Current children cumulated CPU time: 3.06 s
Current children cumulated vsize: 59624 KiB
Current children cumulated memory: 38236 KiB

[startup+6.30028 s]
/proc/loadavg: 14.06 14.22 13.26 15/837 1305594
/proc/meminfo: memFree=365712820/528004516 swapFree=8388604/8388604
[pid=1305176] ppid=1305175 vsize=26908 memory=13612 CPUtime=0.07 cores=20-21
/proc/1305176/stat : 1305176 (perf) S 1305175 1305176 1305133 0 -1 0 1738 237 0 0 6 1 0 0 20 0 1 0 923008358 27553792 3403 17179869184 93824994299904 93824996572973 140737488338256 0 0 0 134217728 4 74274 1 0 0 17 20 0 0 0 0 0 93824998874888 93825001005840 93825001308160 140737488340073 140737488340470 140737488340470 140737488351179 0
/proc/1305176/statm: 6727 3403 2098 555 0 1769 0
[pid=1305180] ppid=1305176 vsize=35824 memory=27528 CPUtime=6.18 cores=20-21
/proc/1305180/stat : 1305180 (clingo) R 1305176 1305176 1305133 0 -1 0 5117 0 0 0 618 0 0 0 20 0 1 0 923008366 36683776 6882 17179869184 93824992301056 93824992468925 140737488338416 0 0 0 134217728 4 25184771 0 0 0 17 20 0 0 0 0 0 93824992533936 93824992571272 93824992575488 140737488340183 140737488340354 140737488340354 140737488351170 0
/proc/1305180/statm: 8956 6882 2091 41 0 5035 0
Current children cumulated CPU time: 6.25 s
Current children cumulated vsize: 62732 KiB
Current children cumulated memory: 41140 KiB

[startup+12.7002 s]
/proc/loadavg: 14.05 14.22 13.26 15/838 1305698
/proc/meminfo: memFree=365785052/528004516 swapFree=8388604/8388604
[pid=1305176] ppid=1305175 vsize=26908 memory=13612 CPUtime=0.07 cores=20-21
/proc/1305176/stat : 1305176 (perf) S 1305175 1305176 1305133 0 -1 0 1738 237 0 0 6 1 0 0 20 0 1 0 923008358 27553792 3403 17179869184 93824994299904 93824996572973 140737488338256 0 0 0 134217728 4 74274 1 0 0 17 20 0 0 0 0 0 93824998874888 93825001005840 93825001308160 140737488340073 140737488340470 140737488340470 140737488351179 0
/proc/1305176/statm: 6727 3403 2098 555 0 1769 0
[pid=1305180] ppid=1305176 vsize=40048 memory=31756 CPUtime=12.57 cores=20-21
/proc/1305180/stat : 1305180 (clingo) R 1305176 1305176 1305133 0 -1 0 6320 0 0 0 1257 0 0 0 20 0 1 0 923008366 41009152 7939 17179869184 93824992301056 93824992468925 140737488338416 0 0 0 134217728 4 25184771 0 0 0 17 20 0 0 0 0 0 93824992533936 93824992571272 93824992575488 140737488340183 140737488340354 140737488340354 140737488351170 0
/proc/1305180/statm: 10012 7939 2091 41 0 6091 0
Current children cumulated CPU time: 12.64 s
Current children cumulated vsize: 66956 KiB
Current children cumulated memory: 45368 KiB

[startup+25.5003 s]
/proc/loadavg: 14.04 14.20 13.27 15/838 1305698
/proc/meminfo: memFree=365708760/528004516 swapFree=8388604/8388604
[pid=1305176] ppid=1305175 vsize=26908 memory=13612 CPUtime=0.07 cores=20-21
/proc/1305176/stat : 1305176 (perf) S 1305175 1305176 1305133 0 -1 0 1738 237 0 0 6 1 0 0 20 0 1 0 923008358 27553792 3403 17179869184 93824994299904 93824996572973 140737488338256 0 0 0 134217728 4 74274 1 0 0 17 20 0 0 0 0 0 93824998874888 93825001005840 93825001308160 140737488340073 140737488340470 140737488340470 140737488351179 0
/proc/1305176/statm: 6727 3403 2098 555 0 1769 0
[pid=1305180] ppid=1305176 vsize=46076 memory=37300 CPUtime=25.38 cores=20-21
/proc/1305180/stat : 1305180 (clingo) R 1305176 1305176 1305133 0 -1 0 7708 0 0 0 2537 1 0 0 20 0 1 0 923008366 47181824 9325 17179869184 93824992301056 93824992468925 140737488338416 0 0 0 134217728 4 25184771 0 0 0 17 20 0 0 0 0 0 93824992533936 93824992571272 93824992575488 140737488340183 140737488340354 140737488340354 140737488351170 0
/proc/1305180/statm: 11519 9325 2091 41 0 7598 0
Current children cumulated CPU time: 25.45 s
Current children cumulated vsize: 72984 KiB
Current children cumulated memory: 50912 KiB

[startup+51.1184 s]
/proc/loadavg: 14.25 14.24 13.31 15/839 1305906
/proc/meminfo: memFree=365711496/528004516 swapFree=8388604/8388604
[pid=1305176] ppid=1305175 vsize=26908 memory=13612 CPUtime=0.07 cores=20-21
/proc/1305176/stat : 1305176 (perf) S 1305175 1305176 1305133 0 -1 0 1738 237 0 0 6 1 0 0 20 0 1 0 923008358 27553792 3403 17179869184 93824994299904 93824996572973 140737488338256 0 0 0 134217728 4 74274 1 0 0 17 20 0 0 0 0 0 93824998874888 93825001005840 93825001308160 140737488340073 140737488340470 140737488340470 140737488351179 0
/proc/1305176/statm: 6727 3403 2098 555 0 1769 0
[pid=1305180] ppid=1305176 vsize=53348 memory=43900 CPUtime=50.99 cores=20-21
/proc/1305180/stat : 1305180 (clingo) R 1305176 1305176 1305133 0 -1 0 9358 0 0 0 5098 1 0 0 20 0 1 0 923008366 54628352 10975 17179869184 93824992301056 93824992468925 140737488338416 0 0 0 134217728 4 25184771 0 0 0 17 20 0 0 0 0 0 93824992533936 93824992571272 93824992575488 140737488340183 140737488340354 140737488340354 140737488351170 0
/proc/1305180/statm: 13337 10975 2091 41 0 9416 0
Current children cumulated CPU time: 51.06 s
Current children cumulated vsize: 80256 KiB
Current children cumulated memory: 57512 KiB

[startup+102.3 s]
/proc/loadavg: 14.19 14.23 13.36 15/841 1305954
/proc/meminfo: memFree=365567640/528004516 swapFree=8388604/8388604
[pid=1305176] ppid=1305175 vsize=26908 memory=13612 CPUtime=0.07 cores=20-21
/proc/1305176/stat : 1305176 (perf) S 1305175 1305176 1305133 0 -1 0 1738 237 0 0 6 1 0 0 20 0 1 0 923008358 27553792 3403 17179869184 93824994299904 93824996572973 140737488338256 0 0 0 134217728 4 74274 1 0 0 17 20 0 0 0 0 0 93824998874888 93825001005840 93825001308160 140737488340073 140737488340470 140737488340470 140737488351179 0
/proc/1305176/statm: 6727 3403 2098 555 0 1769 0
[pid=1305180] ppid=1305176 vsize=65816 memory=55252 CPUtime=102.18 cores=20-21
/proc/1305180/stat : 1305180 (clingo) R 1305176 1305176 1305133 0 -1 0 12197 0 0 0 10216 2 0 0 20 0 1 0 923008366 67395584 13813 17179869184 93824992301056 93824992468925 140737488338416 0 0 0 134217728 4 25184771 0 0 0 17 20 0 0 0 0 0 93824992533936 93824992571272 93824992575488 140737488340183 140737488340354 140737488340354 140737488351170 0
/proc/1305180/statm: 16454 13813 2091 41 0 12533 0
Current children cumulated CPU time: 102.25 s
Current children cumulated vsize: 92724 KiB
Current children cumulated memory: 68864 KiB

[startup+162.3 s]
/proc/loadavg: 14.12 14.20 13.41 15/841 1305957
/proc/meminfo: memFree=365453936/528004516 swapFree=8388604/8388604
[pid=1305176] ppid=1305175 vsize=26908 memory=13612 CPUtime=0.07 cores=20-21
/proc/1305176/stat : 1305176 (perf) S 1305175 1305176 1305133 0 -1 0 1738 237 0 0 6 1 0 0 20 0 1 0 923008358 27553792 3403 17179869184 93824994299904 93824996572973 140737488338256 0 0 0 134217728 4 74274 1 0 0 17 20 0 0 0 0 0 93824998874888 93825001005840 93825001308160 140737488340073 140737488340470 140737488340470 140737488351179 0
/proc/1305176/statm: 6727 3403 2098 555 0 1769 0
[pid=1305180] ppid=1305176 vsize=77612 memory=66028 CPUtime=162.18 cores=20-21
/proc/1305180/stat : 1305180 (clingo) R 1305176 1305176 1305133 0 -1 0 15273 0 0 0 16215 3 0 0 20 0 1 0 923008366 79474688 16507 17179869184 93824992301056 93824992468925 140737488338416 0 0 0 134217728 4 25184771 0 0 0 17 20 0 0 0 0 0 93824992533936 93824992571272 93824992575488 140737488340183 140737488340354 140737488340354 140737488351170 0
/proc/1305180/statm: 19403 16507 2091 41 0 15482 0
Current children cumulated CPU time: 162.25 s
Current children cumulated vsize: 104520 KiB
Current children cumulated memory: 79640 KiB

[startup+222.3 s]
/proc/loadavg: 14.29 14.24 13.47 15/841 1305960
/proc/meminfo: memFree=365353908/528004516 swapFree=8388604/8388604
[pid=1305176] ppid=1305175 vsize=26908 memory=13612 CPUtime=0.07 cores=20-21
/proc/1305176/stat : 1305176 (perf) S 1305175 1305176 1305133 0 -1 0 1738 237 0 0 6 1 0 0 20 0 1 0 923008358 27553792 3403 17179869184 93824994299904 93824996572973 140737488338256 0 0 0 134217728 4 74274 1 0 0 17 20 0 0 0 0 0 93824998874888 93825001005840 93825001308160 140737488340073 140737488340470 140737488340470 140737488351179 0
/proc/1305176/statm: 6727 3403 2098 555 0 1769 0
[pid=1305180] ppid=1305176 vsize=88576 memory=75796 CPUtime=222.17 cores=20-21
/proc/1305180/stat : 1305180 (clingo) R 1305176 1305176 1305133 0 -1 0 17749 0 0 0 22214 3 0 0 20 0 1 0 923008366 90701824 18949 17179869184 93824992301056 93824992468925 140737488338416 0 0 0 134217728 4 25184771 0 0 0 17 20 0 0 0 0 0 93824992533936 93824992571272 93824992575488 140737488340183 140737488340354 140737488340354 140737488351170 0
/proc/1305180/statm: 22144 18949 2091 41 0 18223 0
Current children cumulated CPU time: 222.24 s
Current children cumulated vsize: 115484 KiB
Current children cumulated memory: 89408 KiB

[startup+282.3 s]
/proc/loadavg: 14.85 14.43 13.59 15/841 1305963
/proc/meminfo: memFree=365271780/528004516 swapFree=8388604/8388604
[pid=1305176] ppid=1305175 vsize=26908 memory=13612 CPUtime=0.07 cores=20-21
/proc/1305176/stat : 1305176 (perf) S 1305175 1305176 1305133 0 -1 0 1738 237 0 0 6 1 0 0 20 0 1 0 923008358 27553792 3403 17179869184 93824994299904 93824996572973 140737488338256 0 0 0 134217728 4 74274 1 0 0 17 20 0 0 0 0 0 93824998874888 93825001005840 93825001308160 140737488340073 140737488340470 140737488340470 140737488351179 0
/proc/1305176/statm: 6727 3403 2098 555 0 1769 0
[pid=1305180] ppid=1305176 vsize=93360 memory=80812 CPUtime=282.17 cores=20-21
/proc/1305180/stat : 1305180 (clingo) R 1305176 1305176 1305133 0 -1 0 18974 0 0 0 28214 3 0 0 20 0 1 0 923008366 95600640 20203 17179869184 93824992301056 93824992468925 140737488338416 0 0 0 134217728 4 25184771 0 0 0 17 20 0 0 0 0 0 93824992533936 93824992571272 93824992575488 140737488340183 140737488340354 140737488340354 140737488351170 0
/proc/1305180/statm: 23340 20203 2091 41 0 19419 0
Current children cumulated CPU time: 282.24 s
Current children cumulated vsize: 120268 KiB
Current children cumulated memory: 94424 KiB

[startup+342.3 s]
/proc/loadavg: 14.31 14.35 13.62 15/811 1305968
/proc/meminfo: memFree=365195752/528004516 swapFree=8388604/8388604
[pid=1305176] ppid=1305175 vsize=26908 memory=13612 CPUtime=0.07 cores=20-21
/proc/1305176/stat : 1305176 (perf) S 1305175 1305176 1305133 0 -1 0 1738 237 0 0 6 1 0 0 20 0 1 0 923008358 27553792 3403 17179869184 93824994299904 93824996572973 140737488338256 0 0 0 134217728 4 74274 1 0 0 17 20 0 0 0 0 0 93824998874888 93825001005840 93825001308160 140737488340073 140737488340470 140737488340470 140737488351179 0
/proc/1305176/statm: 6727 3403 2098 555 0 1769 0
[pid=1305180] ppid=1305176 vsize=100608 memory=87788 CPUtime=342.17 cores=20-21
/proc/1305180/stat : 1305180 (clingo) R 1305176 1305176 1305133 0 -1 0 20896 0 0 0 34212 5 0 0 20 0 1 0 923008366 103022592 21947 17179869184 93824992301056 93824992468925 140737488338416 0 0 0 134217728 4 25184771 0 0 0 17 20 0 0 0 0 0 93824992533936 93824992571272 93824992575488 140737488340183 140737488340354 140737488340354 140737488351170 0
/proc/1305180/statm: 25152 21947 2091 41 0 21231 0
Current children cumulated CPU time: 342.24 s
Current children cumulated vsize: 127516 KiB
Current children cumulated memory: 101400 KiB

[startup+402.3 s]
/proc/loadavg: 14.17 14.30 13.65 15/808 1305971
/proc/meminfo: memFree=365127980/528004516 swapFree=8388604/8388604
[pid=1305176] ppid=1305175 vsize=26908 memory=13612 CPUtime=0.07 cores=20-21
/proc/1305176/stat : 1305176 (perf) S 1305175 1305176 1305133 0 -1 0 1738 237 0 0 6 1 0 0 20 0 1 0 923008358 27553792 3403 17179869184 93824994299904 93824996572973 140737488338256 0 0 0 134217728 4 74274 1 0 0 17 20 0 0 0 0 0 93824998874888 93825001005840 93825001308160 140737488340073 140737488340470 140737488340470 140737488351179 0
/proc/1305176/statm: 6727 3403 2098 555 0 1769 0
[pid=1305180] ppid=1305176 vsize=106756 memory=93332 CPUtime=402.18 cores=20-21
/proc/1305180/stat : 1305180 (clingo) R 1305176 1305176 1305133 0 -1 0 22281 0 0 0 40212 6 0 0 20 0 1 0 923008366 109318144 23333 17179869184 93824992301056 93824992468925 140737488338416 0 0 0 134217728 4 25184771 0 0 0 17 20 0 0 0 0 0 93824992533936 93824992571272 93824992575488 140737488340183 140737488340354 140737488340354 140737488351170 0
/proc/1305180/statm: 26689 23333 2091 41 0 22768 0
Current children cumulated CPU time: 402.25 s
Current children cumulated vsize: 133664 KiB
Current children cumulated memory: 106944 KiB

[startup+462.3 s]
/proc/loadavg: 14.22 14.28 13.69 15/808 1305975
/proc/meminfo: memFree=365065468/528004516 swapFree=8388604/8388604
[pid=1305176] ppid=1305175 vsize=26908 memory=13612 CPUtime=0.07 cores=20-21
/proc/1305176/stat : 1305176 (perf) S 1305175 1305176 1305133 0 -1 0 1738 237 0 0 6 1 0 0 20 0 1 0 923008358 27553792 3403 17179869184 93824994299904 93824996572973 140737488338256 0 0 0 134217728 4 74274 1 0 0 17 20 0 0 0 0 0 93824998874888 93825001005840 93825001308160 140737488340073 140737488340470 140737488340470 140737488351179 0
/proc/1305176/statm: 6727 3403 2098 555 0 1769 0
[pid=1305180] ppid=1305176 vsize=112956 memory=98628 CPUtime=462.18 cores=20-21
/proc/1305180/stat : 1305180 (clingo) R 1305176 1305176 1305133 0 -1 0 23743 0 0 0 46212 6 0 0 20 0 1 0 923008366 115666944 24657 17179869184 93824992301056 93824992468925 140737488338416 0 0 0 134217728 4 25184771 0 0 0 17 20 0 0 0 0 0 93824992533936 93824992571272 93824992575488 140737488340183 140737488340354 140737488340354 140737488351170 0
/proc/1305180/statm: 28239 24657 2091 41 0 24318 0
Current children cumulated CPU time: 462.25 s
Current children cumulated vsize: 139864 KiB
Current children cumulated memory: 112240 KiB

[startup+522.3 s]
/proc/loadavg: 14.69 14.41 13.77 15/808 1305979
/proc/meminfo: memFree=365019148/528004516 swapFree=8388604/8388604
[pid=1305176] ppid=1305175 vsize=26908 memory=13612 CPUtime=0.07 cores=20-21
/proc/1305176/stat : 1305176 (perf) S 1305175 1305176 1305133 0 -1 0 1738 237 0 0 6 1 0 0 20 0 1 0 923008358 27553792 3403 17179869184 93824994299904 93824996572973 140737488338256 0 0 0 134217728 4 74274 1 0 0 17 20 0 0 0 0 0 93824998874888 93825001005840 93825001308160 140737488340073 140737488340470 140737488340470 140737488351179 0
/proc/1305176/statm: 6727 3403 2098 555 0 1769 0
[pid=1305180] ppid=1305176 vsize=121680 memory=106020 CPUtime=522.17 cores=20-21
/proc/1305180/stat : 1305180 (clingo) R 1305176 1305176 1305133 0 -1 0 25566 0 0 0 52211 6 0 0 20 0 1 0 923008366 124600320 26505 17179869184 93824992301056 93824992468925 140737488338416 0 0 0 134217728 4 25184771 0 0 0 17 20 0 0 0 0 0 93824992533936 93824992571272 93824992575488 140737488340183 140737488340354 140737488340354 140737488351170 0
/proc/1305180/statm: 30420 26505 2091 41 0 26499 0
Current children cumulated CPU time: 522.24 s
Current children cumulated vsize: 148588 KiB
Current children cumulated memory: 119632 KiB

[startup+582.3 s]
/proc/loadavg: 14.25 14.33 13.79 15/808 1305982
/proc/meminfo: memFree=364963456/528004516 swapFree=8388604/8388604
[pid=1305176] ppid=1305175 vsize=26908 memory=13612 CPUtime=0.07 cores=20-21
/proc/1305176/stat : 1305176 (perf) S 1305175 1305176 1305133 0 -1 0 1738 237 0 0 6 1 0 0 20 0 1 0 923008358 27553792 3403 17179869184 93824994299904 93824996572973 140737488338256 0 0 0 134217728 4 74274 1 0 0 17 20 0 0 0 0 0 93824998874888 93825001005840 93825001308160 140737488340073 140737488340470 140737488340470 140737488351179 0
/proc/1305176/statm: 6727 3403 2098 555 0 1769 0
[pid=1305180] ppid=1305176 vsize=125852 memory=109716 CPUtime=582.17 cores=20-21
/proc/1305180/stat : 1305180 (clingo) R 1305176 1305176 1305133 0 -1 0 26493 0 0 0 58211 6 0 0 20 0 1 0 923008366 128872448 27429 17179869184 93824992301056 93824992468925 140737488338416 0 0 0 134217728 4 25184771 0 0 0 17 20 0 0 0 0 0 93824992533936 93824992571272 93824992575488 140737488340183 140737488340354 140737488340354 140737488351170 0
/proc/1305180/statm: 31463 27429 2091 41 0 27542 0
Current children cumulated CPU time: 582.24 s
Current children cumulated vsize: 152760 KiB
Current children cumulated memory: 123328 KiB

[startup+642.3 s]
/proc/loadavg: 14.09 14.27 13.81 15/809 1305986
/proc/meminfo: memFree=364925404/528004516 swapFree=8388604/8388604
[pid=1305176] ppid=1305175 vsize=26908 memory=13612 CPUtime=0.07 cores=20-21
/proc/1305176/stat : 1305176 (perf) S 1305175 1305176 1305133 0 -1 0 1738 237 0 0 6 1 0 0 20 0 1 0 923008358 27553792 3403 17179869184 93824994299904 93824996572973 140737488338256 0 0 0 134217728 4 74274 1 0 0 17 20 0 0 0 0 0 93824998874888 93825001005840 93825001308160 140737488340073 140737488340470 140737488340470 140737488351179 0
/proc/1305176/statm: 6727 3403 2098 555 0 1769 0
[pid=1305180] ppid=1305176 vsize=129212 memory=112884 CPUtime=642.17 cores=20-21
/proc/1305180/stat : 1305180 (clingo) R 1305176 1305176 1305133 0 -1 0 27253 0 0 0 64211 6 0 0 20 0 1 0 923008366 132313088 28221 17179869184 93824992301056 93824992468925 140737488338416 0 0 0 134217728 4 25184771 0 0 0 17 20 0 0 0 0 0 93824992533936 93824992571272 93824992575488 140737488340183 140737488340354 140737488340354 140737488351170 0
/proc/1305180/statm: 32303 28221 2091 41 0 28382 0
Current children cumulated CPU time: 642.24 s
Current children cumulated vsize: 156120 KiB
Current children cumulated memory: 126496 KiB

[startup+702.3 s]
/proc/loadavg: 14.03 14.22 13.82 15/808 1305989
/proc/meminfo: memFree=364873040/528004516 swapFree=8388604/8388604
[pid=1305176] ppid=1305175 vsize=26908 memory=13612 CPUtime=0.07 cores=20-21
/proc/1305176/stat : 1305176 (perf) S 1305175 1305176 1305133 0 -1 0 1738 237 0 0 6 1 0 0 20 0 1 0 923008358 27553792 3403 17179869184 93824994299904 93824996572973 140737488338256 0 0 0 134217728 4 74274 1 0 0 17 20 0 0 0 0 0 93824998874888 93825001005840 93825001308160 140737488340073 140737488340470 140737488340470 140737488351179 0
/proc/1305176/statm: 6727 3403 2098 555 0 1769 0
[pid=1305180] ppid=1305176 vsize=132632 memory=116052 CPUtime=702.17 cores=20-21
/proc/1305180/stat : 1305180 (clingo) R 1305176 1305176 1305133 0 -1 0 28086 0 0 0 70211 6 0 0 20 0 1 0 923008366 135815168 29013 17179869184 93824992301056 93824992468925 140737488338416 0 0 0 134217728 4 25184771 0 0 0 17 20 0 0 0 0 0 93824992533936 93824992571272 93824992575488 140737488340183 140737488340354 140737488340354 140737488351170 0
/proc/1305180/statm: 33158 29013 2091 41 0 29237 0
Current children cumulated CPU time: 702.24 s
Current children cumulated vsize: 159540 KiB
Current children cumulated memory: 129664 KiB

[startup+762.3 s]
/proc/loadavg: 14.01 14.18 13.83 15/809 1305992
/proc/meminfo: memFree=364831948/528004516 swapFree=8388604/8388604
[pid=1305176] ppid=1305175 vsize=26908 memory=13612 CPUtime=0.07 cores=20-21
/proc/1305176/stat : 1305176 (perf) S 1305175 1305176 1305133 0 -1 0 1738 237 0 0 6 1 0 0 20 0 1 0 923008358 27553792 3403 17179869184 93824994299904 93824996572973 140737488338256 0 0 0 134217728 4 74274 1 0 0 17 20 0 0 0 0 0 93824998874888 93825001005840 93825001308160 140737488340073 140737488340470 140737488340470 140737488351179 0
/proc/1305176/statm: 6727 3403 2098 555 0 1769 0
[pid=1305180] ppid=1305176 vsize=135668 memory=119220 CPUtime=762.18 cores=20-21
/proc/1305180/stat : 1305180 (clingo) R 1305176 1305176 1305133 0 -1 0 28867 0 0 0 76211 7 0 0 20 0 1 0 923008366 138924032 29805 17179869184 93824992301056 93824992468925 140737488338416 0 0 0 134217728 4 25184771 0 0 0 17 20 0 0 0 0 0 93824992533936 93824992571272 93824992575488 140737488340183 140737488340354 140737488340354 140737488351170 0
/proc/1305180/statm: 33917 29805 2091 41 0 29996 0
Current children cumulated CPU time: 762.25 s
Current children cumulated vsize: 162576 KiB
Current children cumulated memory: 132832 KiB

[startup+822.3 s]
/proc/loadavg: 14.32 14.22 13.87 15/809 1305995
/proc/meminfo: memFree=364791880/528004516 swapFree=8388604/8388604
[pid=1305176] ppid=1305175 vsize=26908 memory=13612 CPUtime=0.07 cores=20-21
/proc/1305176/stat : 1305176 (perf) S 1305175 1305176 1305133 0 -1 0 1738 237 0 0 6 1 0 0 20 0 1 0 923008358 27553792 3403 17179869184 93824994299904 93824996572973 140737488338256 0 0 0 134217728 4 74274 1 0 0 17 20 0 0 0 0 0 93824998874888 93825001005840 93825001308160 140737488340073 140737488340470 140737488340470 140737488351179 0
/proc/1305176/statm: 6727 3403 2098 555 0 1769 0
[pid=1305180] ppid=1305176 vsize=141076 memory=123972 CPUtime=822.17 cores=20-21
/proc/1305180/stat : 1305180 (clingo) R 1305176 1305176 1305133 0 -1 0 30057 0 0 0 82210 7 0 0 20 0 1 0 923008366 144461824 30993 17179869184 93824992301056 93824992468925 140737488338416 0 0 0 134217728 4 25184771 0 0 0 17 20 0 0 0 0 0 93824992533936 93824992571272 93824992575488 140737488340183 140737488340354 140737488340354 140737488351170 0
/proc/1305180/statm: 35269 30993 2091 41 0 31348 0
Current children cumulated CPU time: 822.24 s
Current children cumulated vsize: 167984 KiB
Current children cumulated memory: 137584 KiB

[startup+882.3 s]
/proc/loadavg: 14.30 14.24 13.91 15/809 1305998
/proc/meminfo: memFree=364751072/528004516 swapFree=8388604/8388604
[pid=1305176] ppid=1305175 vsize=26908 memory=13612 CPUtime=0.07 cores=20-21
/proc/1305176/stat : 1305176 (perf) S 1305175 1305176 1305133 0 -1 0 1738 237 0 0 6 1 0 0 20 0 1 0 923008358 27553792 3403 17179869184 93824994299904 93824996572973 140737488338256 0 0 0 134217728 4 74274 1 0 0 17 20 0 0 0 0 0 93824998874888 93825001005840 93825001308160 140737488340073 140737488340470 140737488340470 140737488351179 0
/proc/1305176/statm: 6727 3403 2098 555 0 1769 0
[pid=1305180] ppid=1305176 vsize=144884 memory=127668 CPUtime=882.17 cores=20-21
/proc/1305180/stat : 1305180 (clingo) R 1305176 1305176 1305133 0 -1 0 30966 0 0 0 88210 7 0 0 20 0 1 0 923008366 148361216 31917 17179869184 93824992301056 93824992468925 140737488338416 0 0 0 134217728 4 25184771 0 0 0 17 20 0 0 0 0 0 93824992533936 93824992571272 93824992575488 140737488340183 140737488340354 140737488340354 140737488351170 0
/proc/1305180/statm: 36221 31917 2091 41 0 32300 0
Current children cumulated CPU time: 882.24 s
Current children cumulated vsize: 171792 KiB
Current children cumulated memory: 141280 KiB

[startup+942.3 s]
/proc/loadavg: 14.11 14.19 13.91 15/808 1306002
/proc/meminfo: memFree=364708532/528004516 swapFree=8388604/8388604
[pid=1305176] ppid=1305175 vsize=26908 memory=13612 CPUtime=0.07 cores=20-21
/proc/1305176/stat : 1305176 (perf) S 1305175 1305176 1305133 0 -1 0 1738 237 0 0 6 1 0 0 20 0 1 0 923008358 27553792 3403 17179869184 93824994299904 93824996572973 140737488338256 0 0 0 134217728 4 74274 1 0 0 17 20 0 0 0 0 0 93824998874888 93825001005840 93825001308160 140737488340073 140737488340470 140737488340470 140737488351179 0
/proc/1305176/statm: 6727 3403 2098 555 0 1769 0
[pid=1305180] ppid=1305176 vsize=147264 memory=130044 CPUtime=942.17 cores=20-21
/proc/1305180/stat : 1305180 (clingo) R 1305176 1305176 1305133 0 -1 0 31543 0 0 0 94210 7 0 0 20 0 1 0 923008366 150798336 32511 17179869184 93824992301056 93824992468925 140737488338416 0 0 0 134217728 4 25184771 0 0 0 17 20 0 0 0 0 0 93824992533936 93824992571272 93824992575488 140737488340183 140737488340354 140737488340354 140737488351170 0
/proc/1305180/statm: 36816 32511 2091 41 0 32895 0
Current children cumulated CPU time: 942.24 s
Current children cumulated vsize: 174172 KiB
Current children cumulated memory: 143656 KiB

[startup+1002.3 s]
/proc/loadavg: 14.04 14.16 13.92 15/808 1306005
/proc/meminfo: memFree=364671244/528004516 swapFree=8388604/8388604
[pid=1305176] ppid=1305175 vsize=26908 memory=13612 CPUtime=0.07 cores=20-21
/proc/1305176/stat : 1305176 (perf) S 1305175 1305176 1305133 0 -1 0 1738 237 0 0 6 1 0 0 20 0 1 0 923008358 27553792 3403 17179869184 93824994299904 93824996572973 140737488338256 0 0 0 134217728 4 74274 1 0 0 17 20 0 0 0 0 0 93824998874888 93825001005840 93825001308160 140737488340073 140737488340470 140737488340470 140737488351179 0
/proc/1305176/statm: 6727 3403 2098 555 0 1769 0
[pid=1305180] ppid=1305176 vsize=151744 memory=133740 CPUtime=1002.17 cores=20-21
/proc/1305180/stat : 1305180 (clingo) R 1305176 1305176 1305133 0 -1 0 32488 0 0 0 100209 8 0 0 20 0 1 0 923008366 155385856 33435 17179869184 93824992301056 93824992468925 140737488338416 0 0 0 134217728 4 25184771 0 0 0 17 20 0 0 0 0 0 93824992533936 93824992571272 93824992575488 140737488340183 140737488340354 140737488340354 140737488351170 0
/proc/1305180/statm: 37936 33435 2091 41 0 34015 0
Current children cumulated CPU time: 1002.24 s
Current children cumulated vsize: 178652 KiB
Current children cumulated memory: 147352 KiB

[startup+1062.3 s]
/proc/loadavg: 14.04 14.14 13.93 15/808 1306008
/proc/meminfo: memFree=364634452/528004516 swapFree=8388604/8388604
[pid=1305176] ppid=1305175 vsize=26908 memory=13612 CPUtime=0.07 cores=20-21
/proc/1305176/stat : 1305176 (perf) S 1305175 1305176 1305133 0 -1 0 1738 237 0 0 6 1 0 0 20 0 1 0 923008358 27553792 3403 17179869184 93824994299904 93824996572973 140737488338256 0 0 0 134217728 4 74274 1 0 0 17 20 0 0 0 0 0 93824998874888 93825001005840 93825001308160 140737488340073 140737488340470 140737488340470 140737488351179 0
/proc/1305176/statm: 6727 3403 2098 555 0 1769 0
[pid=1305180] ppid=1305176 vsize=153556 memory=135588 CPUtime=1062.17 cores=20-21
/proc/1305180/stat : 1305180 (clingo) R 1305176 1305176 1305133 0 -1 0 32938 0 0 0 106209 8 0 0 20 0 1 0 923008366 157241344 33897 17179869184 93824992301056 93824992468925 140737488338416 0 0 0 134217728 4 25184771 0 0 0 17 20 0 0 0 0 0 93824992533936 93824992571272 93824992575488 140737488340183 140737488340354 140737488340354 140737488351170 0
/proc/1305180/statm: 38389 33897 2091 41 0 34468 0
Current children cumulated CPU time: 1062.24 s
Current children cumulated vsize: 180464 KiB
Current children cumulated memory: 149200 KiB

[startup+1122.3 s]
/proc/loadavg: 14.01 14.11 13.94 15/808 1306011
/proc/meminfo: memFree=364609300/528004516 swapFree=8388604/8388604
[pid=1305176] ppid=1305175 vsize=26908 memory=13612 CPUtime=0.07 cores=20-21
/proc/1305176/stat : 1305176 (perf) S 1305175 1305176 1305133 0 -1 0 1738 237 0 0 6 1 0 0 20 0 1 0 923008358 27553792 3403 17179869184 93824994299904 93824996572973 140737488338256 0 0 0 134217728 4 74274 1 0 0 17 20 0 0 0 0 0 93824998874888 93825001005840 93825001308160 140737488340073 140737488340470 140737488340470 140737488351179 0
/proc/1305176/statm: 6727 3403 2098 555 0 1769 0
[pid=1305180] ppid=1305176 vsize=156520 memory=137964 CPUtime=1122.17 cores=20-21
/proc/1305180/stat : 1305180 (clingo) R 1305176 1305176 1305133 0 -1 0 33580 0 0 0 112209 8 0 0 20 0 1 0 923008366 160276480 34491 17179869184 93824992301056 93824992468925 140737488338416 0 0 0 134217728 4 25184771 0 0 0 17 20 0 0 0 0 0 93824992533936 93824992571272 93824992575488 140737488340183 140737488340354 140737488340354 140737488351170 0
/proc/1305180/statm: 39130 34491 2091 41 0 35209 0
Current children cumulated CPU time: 1122.24 s
Current children cumulated vsize: 183428 KiB
Current children cumulated memory: 151576 KiB

[startup+1182.3 s]
/proc/loadavg: 14.67 14.29 14.01 15/808 1306014
/proc/meminfo: memFree=364581328/528004516 swapFree=8388604/8388604
[pid=1305176] ppid=1305175 vsize=26908 memory=13612 CPUtime=0.07 cores=20-21
/proc/1305176/stat : 1305176 (perf) S 1305175 1305176 1305133 0 -1 0 1738 237 0 0 6 1 0 0 20 0 1 0 923008358 27553792 3403 17179869184 93824994299904 93824996572973 140737488338256 0 0 0 134217728 4 74274 1 0 0 17 20 0 0 0 0 0 93824998874888 93825001005840 93825001308160 140737488340073 140737488340470 140737488340470 140737488351179 0
/proc/1305176/statm: 6727 3403 2098 555 0 1769 0
[pid=1305180] ppid=1305176 vsize=160440 memory=141660 CPUtime=1182.17 cores=20-21
/proc/1305180/stat : 1305180 (clingo) R 1305176 1305176 1305133 0 -1 0 34456 0 0 0 118209 8 0 0 20 0 1 0 923008366 164290560 35415 17179869184 93824992301056 93824992468925 140737488338416 0 0 0 134217728 4 25184771 0 0 0 17 20 0 0 0 0 0 93824992533936 93824992571272 93824992575488 140737488340183 140737488340354 140737488340354 140737488351170 0
/proc/1305180/statm: 40110 35415 2091 41 0 36189 0
Current children cumulated CPU time: 1182.24 s
Current children cumulated vsize: 187348 KiB
Current children cumulated memory: 155272 KiB



Maximum wall clock time exceeded: sending SIGTERM then SIGKILL

[startup+1205 s]*
/proc/loadavg: 14.44 14.27 14.01 14/804 1306888
/proc/meminfo: memFree=365312876/528004516 swapFree=8388604/8388604
[pid=1305176] ppid=1305175 vsize=26908 memory=13612 CPUtime=0.07 cores=20-21
/proc/1305176/stat : 1305176 (perf) S 1305175 1305176 1305133 0 -1 0 1738 237 0 0 6 1 0 0 20 0 1 0 923008358 27553792 3403 17179869184 93824994299904 93824996572973 140737488338256 0 0 0 134217728 4 74274 1 0 0 17 20 0 0 0 0 0 93824998874888 93825001005840 93825001308160 140737488340073 140737488340470 140737488340470 140737488351179 0
/proc/1305176/statm: 6727 3403 2098 555 0 1769 0
[pid=1305180] ppid=1305176 vsize=161016 memory=142188 CPUtime=1204.88 cores=20-21
/proc/1305180/stat : 1305180 (clingo) R 1305176 1305176 1305133 0 -1 0 34595 0 0 0 120480 8 0 0 20 0 1 0 923008366 164880384 35547 17179869184 93824992301056 93824992468925 140737488338416 0 0 0 134217728 4 25184771 0 0 0 17 20 0 0 0 0 0 93824992533936 93824992571272 93824992575488 140737488340183 140737488340354 140737488340354 140737488351170 0
/proc/1305180/statm: 40254 35547 2091 41 0 36333 0
Current children cumulated CPU time: 1204.95 s
Current children cumulated vsize: 187924 KiB
Current children cumulated memory: 155800 KiB

Sending SIGINT to process tree (bottom up)
Sleeping 5 seconds

[startup+1205.03 s]
# the end of solver process 1305176 was just reported to runsolver
# cumulated CPU time of all completed processes:  user=1204.88 s, system=0.106972 s

Solver just ended.
??? end of watcher thread
Dumping a history of the last processes samples

Child status: 1
Real time (s): 1205.03
CPU time (s): 1204.99
CPU user time (s): 1204.88
CPU system time (s): 0.106972
CPU usage (%): 99.9966
Max. virtual memory (cumulated for all children) (KiB): 187924
Max. memory (cumulated for all children) (KiB): 155800

getrusage(RUSAGE_CHILDREN,...) data:
user time used= 1204.88
system time used= 0.106972
maximum resident set size= 142268
integral shared memory size= 0
integral unshared data size= 0
integral unshared stack size= 0
page reclaims= 36610
page faults= 0
swaps= 0
block input operations= 0
block output operations= 0
messages sent= 0
messages received= 0
signals received= 0
voluntary context switches= 18
involuntary context switches= 1073


# summary of solver processes directly reported to runsolver:
#   pid: 1305176
#   total CPU time (s): 1204.99
#   total CPU user time (s): 1204.88
#   total CPU system time (s): 0.106972

??? end of timestamper thread
runsolver used 8.13945 second user time and 15.0437 second system time

The end
