runsolver version 3.4.0 (svn: 3018) Copyright (C) 2010-2013 Olivier ROUSSEL

This program is distributed in the hope that it will be useful,
but WITHOUT ANY WARRANTY; without even the implied warranty of
MERCHANTABILITY or FITNESS FOR A PARTICULAR PURPOSE.  See the
GNU General Public License for more details.

NUMA information:
  number of nodes: 2
  memory of node 0: 257635 MiB (189170 MiB free)
  memory of node 1: 257994 MiB (189131 MiB free)
  node distances:
     10  20
     20  10

command line: /dev/shm/37713c82-2e81-11f1-ac62-000c298f4621/input/runsolver -w /dev/shm/37713c82-2e81-11f1-ac62-000c298f4621/output/runsolver.log -v /dev/shm/37713c82-2e81-11f1-ac62-000c298f4621/output/varfile.log -W 1205 --rss-swap-limit 16384 -d 5 --sigint /usr/bin/perf stat -B -e task-clock,cache-references,cache-misses,cycles,instructions,branches,faults,migrations,context-switches -o /dev/shm/37713c82-2e81-11f1-ac62-000c298f4621/output/perf.log clingo /home/guests/mmacri/AMOSUM/benchmarks/GraphColouring/encoding-plain-amo.asp /dev/shm/37713c82-2e81-11f1-ac62-000c298f4621/input/0037-graph_colouring-140-0_4032.asp 

running on 2 cores: 26-27

Enforcing wall clock limit (soft limit, will send SIGTERM then SIGKILL): 1205 seconds
Enforcing RSS+Swap limit (soft limit, will send SIGTERM then SIGKILL): 16777216 KiB
Linux 5.15.0-131-generic
solver pid=3336329, runsolver pid=3336328
Current StackSize limit: 8192 KiB


[startup+0.100069 s]*
/proc/loadavg: 14.18 14.15 13.27 15/839 3336333
/proc/meminfo: memFree=387378628/528004516 swapFree=8388604/8388604
[pid=3336329] ppid=3336328 vsize=26908 memory=13616 CPUtime=0.06 cores=26-27
/proc/3336329/stat : 3336329 (perf) S 3336328 3336329 3336287 0 -1 0 1738 237 0 0 6 0 0 0 20 0 1 0 922994214 27553792 3404 17179869184 93824994299904 93824996572973 140737488338256 0 0 0 134217728 4 74274 1 0 0 17 26 0 0 0 0 0 93824998874888 93825001005840 93825001308160 140737488340073 140737488340470 140737488340470 140737488351179 0
/proc/3336329/statm: 6727 3404 2099 555 0 1769 0
[pid=3336333] ppid=3336329 vsize=20380 memory=12220 CPUtime=0.03 cores=26-27
/proc/3336333/stat : 3336333 (clingo) R 3336329 3336329 3336287 0 -1 0 1279 0 0 0 3 0 0 0 20 0 1 0 922994222 20869120 3055 17179869184 93824992301056 93824992468925 140737488338416 0 0 0 134217728 4 25184771 0 0 0 17 27 0 0 0 0 0 93824992533936 93824992571272 93824992575488 140737488340183 140737488340354 140737488340354 140737488351170 0
/proc/3336333/statm: 5095 3055 2092 41 0 1174 0
Current children cumulated CPU time: 0.09 s
Current children cumulated vsize: 47288 KiB
Current children cumulated memory: 25836 KiB

[startup+0.235751 s]*
/proc/loadavg: 14.18 14.15 13.27 15/839 3336333
/proc/meminfo: memFree=387373080/528004516 swapFree=8388604/8388604
[pid=3336329] ppid=3336328 vsize=26908 memory=13616 CPUtime=0.06 cores=26-27
/proc/3336329/stat : 3336329 (perf) S 3336328 3336329 3336287 0 -1 0 1738 237 0 0 6 0 0 0 20 0 1 0 922994214 27553792 3404 17179869184 93824994299904 93824996572973 140737488338256 0 0 0 134217728 4 74274 1 0 0 17 26 0 0 0 0 0 93824998874888 93825001005840 93825001308160 140737488340073 140737488340470 140737488340470 140737488351179 0
/proc/3336329/statm: 6727 3404 2099 555 0 1769 0
[pid=3336333] ppid=3336329 vsize=25400 memory=17236 CPUtime=0.14 cores=26-27
/proc/3336333/stat : 3336333 (clingo) R 3336329 3336329 3336287 0 -1 0 2543 0 0 0 14 0 0 0 20 0 1 0 922994222 26009600 4309 17179869184 93824992301056 93824992468925 140737488338416 0 0 0 134217728 4 25184771 0 0 0 17 26 0 0 0 0 0 93824992533936 93824992571272 93824992575488 140737488340183 140737488340354 140737488340354 140737488351170 0
/proc/3336333/statm: 6350 4309 2092 41 0 2429 0
Current children cumulated CPU time: 0.2 s
Current children cumulated vsize: 52308 KiB
Current children cumulated memory: 30852 KiB

[startup+0.318225 s]*
/proc/loadavg: 14.18 14.15 13.27 15/839 3336333
/proc/meminfo: memFree=387372072/528004516 swapFree=8388604/8388604
[pid=3336329] ppid=3336328 vsize=26908 memory=13616 CPUtime=0.06 cores=26-27
/proc/3336329/stat : 3336329 (perf) S 3336328 3336329 3336287 0 -1 0 1738 237 0 0 6 0 0 0 20 0 1 0 922994214 27553792 3404 17179869184 93824994299904 93824996572973 140737488338256 0 0 0 134217728 4 74274 1 0 0 17 26 0 0 0 0 0 93824998874888 93825001005840 93825001308160 140737488340073 140737488340470 140737488340470 140737488351179 0
/proc/3336329/statm: 6727 3404 2099 555 0 1769 0
[pid=3336333] ppid=3336329 vsize=27384 memory=19348 CPUtime=0.22 cores=26-27
/proc/3336333/stat : 3336333 (clingo) R 3336329 3336329 3336287 0 -1 0 3046 0 0 0 22 0 0 0 20 0 1 0 922994222 28041216 4837 17179869184 93824992301056 93824992468925 140737488338416 0 0 0 134217728 4 25184771 0 0 0 17 26 0 0 0 0 0 93824992533936 93824992571272 93824992575488 140737488340183 140737488340354 140737488340354 140737488351170 0
/proc/3336333/statm: 6846 4837 2092 41 0 2925 0
Current children cumulated CPU time: 0.28 s
Current children cumulated vsize: 54292 KiB
Current children cumulated memory: 32964 KiB

[startup+0.700344 s]
/proc/loadavg: 14.18 14.15 13.27 15/825 3336348
/proc/meminfo: memFree=387365312/528004516 swapFree=8388604/8388604
[pid=3336329] ppid=3336328 vsize=26908 memory=13616 CPUtime=0.06 cores=26-27
/proc/3336329/stat : 3336329 (perf) S 3336328 3336329 3336287 0 -1 0 1738 237 0 0 6 0 0 0 20 0 1 0 922994214 27553792 3404 17179869184 93824994299904 93824996572973 140737488338256 0 0 0 134217728 4 74274 1 0 0 17 26 0 0 0 0 0 93824998874888 93825001005840 93825001308160 140737488340073 140737488340470 140737488340470 140737488351179 0
/proc/3336329/statm: 6727 3404 2099 555 0 1769 0
[pid=3336333] ppid=3336329 vsize=30156 memory=21988 CPUtime=0.59 cores=26-27
/proc/3336333/stat : 3336333 (clingo) R 3336329 3336329 3336287 0 -1 0 3715 0 0 0 59 0 0 0 20 0 1 0 922994222 30879744 5497 17179869184 93824992301056 93824992468925 140737488338416 0 0 0 134217728 4 25184771 0 0 0 17 26 0 0 0 0 0 93824992533936 93824992571272 93824992575488 140737488340183 140737488340354 140737488340354 140737488351170 0
/proc/3336333/statm: 7539 5497 2092 41 0 3618 0
Current children cumulated CPU time: 0.65 s
Current children cumulated vsize: 57064 KiB
Current children cumulated memory: 35604 KiB

[startup+1.50034 s]
/proc/loadavg: 14.18 14.15 13.27 15/829 3336491
/proc/meminfo: memFree=387475556/528004516 swapFree=8388604/8388604
[pid=3336329] ppid=3336328 vsize=26908 memory=13616 CPUtime=0.06 cores=26-27
/proc/3336329/stat : 3336329 (perf) S 3336328 3336329 3336287 0 -1 0 1738 237 0 0 6 0 0 0 20 0 1 0 922994214 27553792 3404 17179869184 93824994299904 93824996572973 140737488338256 0 0 0 134217728 4 74274 1 0 0 17 26 0 0 0 0 0 93824998874888 93825001005840 93825001308160 140737488340073 140737488340470 140737488340470 140737488351179 0
/proc/3336329/statm: 6727 3404 2099 555 0 1769 0
[pid=3336333] ppid=3336329 vsize=33376 memory=25156 CPUtime=1.39 cores=26-27
/proc/3336333/stat : 3336333 (clingo) R 3336329 3336329 3336287 0 -1 0 4527 0 0 0 138 1 0 0 20 0 1 0 922994222 34177024 6289 17179869184 93824992301056 93824992468925 140737488338416 0 0 0 134217728 4 25184771 0 0 0 17 26 0 0 0 0 0 93824992533936 93824992571272 93824992575488 140737488340183 140737488340354 140737488340354 140737488351170 0
/proc/3336333/statm: 8344 6289 2092 41 0 4423 0
Current children cumulated CPU time: 1.45 s
Current children cumulated vsize: 60284 KiB
Current children cumulated memory: 38772 KiB

[startup+3.11849 s]
/proc/loadavg: 14.18 14.15 13.27 15/840 3336643
/proc/meminfo: memFree=387544896/528004516 swapFree=8388604/8388604
[pid=3336329] ppid=3336328 vsize=26908 memory=13616 CPUtime=0.06 cores=26-27
/proc/3336329/stat : 3336329 (perf) S 3336328 3336329 3336287 0 -1 0 1738 237 0 0 6 0 0 0 20 0 1 0 922994214 27553792 3404 17179869184 93824994299904 93824996572973 140737488338256 0 0 0 134217728 4 74274 1 0 0 17 26 0 0 0 0 0 93824998874888 93825001005840 93825001308160 140737488340073 140737488340470 140737488340470 140737488351179 0
/proc/3336329/statm: 6727 3404 2099 555 0 1769 0
[pid=3336333] ppid=3336329 vsize=34240 memory=26352 CPUtime=3.01 cores=26-27
/proc/3336333/stat : 3336333 (clingo) R 3336329 3336329 3336287 0 -1 0 4852 0 0 0 300 1 0 0 20 0 1 0 922994222 35061760 6588 17179869184 93824992301056 93824992468925 140737488338416 0 0 0 134217728 4 25184771 0 0 0 17 26 0 0 0 0 0 93824992533936 93824992571272 93824992575488 140737488340183 140737488340354 140737488340354 140737488351170 0
/proc/3336333/statm: 8560 6588 2092 41 0 4639 0
Current children cumulated CPU time: 3.07 s
Current children cumulated vsize: 61148 KiB
Current children cumulated memory: 39968 KiB

[startup+6.30028 s]
/proc/loadavg: 14.33 14.18 13.29 15/841 3336747
/proc/meminfo: memFree=387510616/528004516 swapFree=8388604/8388604
[pid=3336329] ppid=3336328 vsize=26908 memory=13616 CPUtime=0.06 cores=26-27
/proc/3336329/stat : 3336329 (perf) S 3336328 3336329 3336287 0 -1 0 1738 237 0 0 6 0 0 0 20 0 1 0 922994214 27553792 3404 17179869184 93824994299904 93824996572973 140737488338256 0 0 0 134217728 4 74274 1 0 0 17 26 0 0 0 0 0 93824998874888 93825001005840 93825001308160 140737488340073 140737488340470 140737488340470 140737488351179 0
/proc/3336329/statm: 6727 3404 2099 555 0 1769 0
[pid=3336333] ppid=3336329 vsize=39988 memory=31892 CPUtime=6.18 cores=26-27
/proc/3336333/stat : 3336333 (clingo) R 3336329 3336329 3336287 0 -1 0 6270 0 0 0 617 1 0 0 20 0 1 0 922994222 40947712 7973 17179869184 93824992301056 93824992468925 140737488338416 0 0 0 134217728 4 25184771 0 0 0 17 26 0 0 0 0 0 93824992533936 93824992571272 93824992575488 140737488340183 140737488340354 140737488340354 140737488351170 0
/proc/3336333/statm: 9997 7973 2092 41 0 6076 0
Current children cumulated CPU time: 6.24 s
Current children cumulated vsize: 66896 KiB
Current children cumulated memory: 45508 KiB

[startup+12.7003 s]
/proc/loadavg: 14.30 14.18 13.29 15/841 3336747
/proc/meminfo: memFree=387448576/528004516 swapFree=8388604/8388604
[pid=3336329] ppid=3336328 vsize=26908 memory=13616 CPUtime=0.06 cores=26-27
/proc/3336329/stat : 3336329 (perf) S 3336328 3336329 3336287 0 -1 0 1738 237 0 0 6 0 0 0 20 0 1 0 922994214 27553792 3404 17179869184 93824994299904 93824996572973 140737488338256 0 0 0 134217728 4 74274 1 0 0 17 26 0 0 0 0 0 93824998874888 93825001005840 93825001308160 140737488340073 140737488340470 140737488340470 140737488351179 0
/proc/3336329/statm: 6727 3404 2099 555 0 1769 0
[pid=3336333] ppid=3336329 vsize=45500 memory=37152 CPUtime=12.58 cores=26-27
/proc/3336333/stat : 3336333 (clingo) R 3336329 3336329 3336287 0 -1 0 7712 0 0 0 1257 1 0 0 20 0 1 0 922994222 46592000 9288 17179869184 93824992301056 93824992468925 140737488338416 0 0 0 134217728 4 25184771 0 0 0 17 26 0 0 0 0 0 93824992533936 93824992571272 93824992575488 140737488340183 140737488340354 140737488340354 140737488351170 0
/proc/3336333/statm: 11375 9288 2092 41 0 7454 0
Current children cumulated CPU time: 12.64 s
Current children cumulated vsize: 72408 KiB
Current children cumulated memory: 50768 KiB

[startup+25.5004 s]
/proc/loadavg: 14.54 14.24 13.32 15/841 3336748
/proc/meminfo: memFree=387374728/528004516 swapFree=8388604/8388604
[pid=3336329] ppid=3336328 vsize=26908 memory=13616 CPUtime=0.06 cores=26-27
/proc/3336329/stat : 3336329 (perf) S 3336328 3336329 3336287 0 -1 0 1738 237 0 0 6 0 0 0 20 0 1 0 922994214 27553792 3404 17179869184 93824994299904 93824996572973 140737488338256 0 0 0 134217728 4 74274 1 0 0 17 26 0 0 0 0 0 93824998874888 93825001005840 93825001308160 140737488340073 140737488340470 140737488340470 140737488351179 0
/proc/3336329/statm: 6727 3404 2099 555 0 1769 0
[pid=3336333] ppid=3336329 vsize=52888 memory=44672 CPUtime=25.38 cores=26-27
/proc/3336333/stat : 3336333 (clingo) R 3336329 3336329 3336287 0 -1 0 10304 0 0 0 2537 1 0 0 20 0 1 0 922994222 54157312 11168 17179869184 93824992301056 93824992468925 140737488338416 0 0 0 134217728 4 25184771 0 0 0 17 26 0 0 0 0 0 93824992533936 93824992571272 93824992575488 140737488340183 140737488340354 140737488340354 140737488351170 0
/proc/3336333/statm: 13222 11168 2092 41 0 9301 0
Current children cumulated CPU time: 25.44 s
Current children cumulated vsize: 79796 KiB
Current children cumulated memory: 58288 KiB

[startup+51.1181 s]
/proc/loadavg: 14.47 14.25 13.35 15/841 3336748
/proc/meminfo: memFree=387279020/528004516 swapFree=8388604/8388604
[pid=3336329] ppid=3336328 vsize=26908 memory=13616 CPUtime=0.06 cores=26-27
/proc/3336329/stat : 3336329 (perf) S 3336328 3336329 3336287 0 -1 0 1738 237 0 0 6 0 0 0 20 0 1 0 922994214 27553792 3404 17179869184 93824994299904 93824996572973 140737488338256 0 0 0 134217728 4 74274 1 0 0 17 26 0 0 0 0 0 93824998874888 93825001005840 93825001308160 140737488340073 140737488340470 140737488340470 140737488351179 0
/proc/3336329/statm: 6727 3404 2099 555 0 1769 0
[pid=3336333] ppid=3336329 vsize=60648 memory=52260 CPUtime=51 cores=26-27
/proc/3336333/stat : 3336333 (clingo) R 3336329 3336329 3336287 0 -1 0 13549 0 0 0 5097 3 0 0 20 0 1 0 922994222 62103552 13065 17179869184 93824992301056 93824992468925 140737488338416 0 0 0 134217728 4 25184771 0 0 0 17 26 0 0 0 0 0 93824992533936 93824992571272 93824992575488 140737488340183 140737488340354 140737488340354 140737488351170 0
/proc/3336333/statm: 15162 13065 2092 41 0 11241 0
Current children cumulated CPU time: 51.06 s
Current children cumulated vsize: 87556 KiB
Current children cumulated memory: 65876 KiB

[startup+102.3 s]
/proc/loadavg: 14.20 14.21 13.39 15/843 3336899
/proc/meminfo: memFree=387214924/528004516 swapFree=8388604/8388604
[pid=3336329] ppid=3336328 vsize=26908 memory=13616 CPUtime=0.06 cores=26-27
/proc/3336329/stat : 3336329 (perf) S 3336328 3336329 3336287 0 -1 0 1738 237 0 0 6 0 0 0 20 0 1 0 922994214 27553792 3404 17179869184 93824994299904 93824996572973 140737488338256 0 0 0 134217728 4 74274 1 0 0 17 26 0 0 0 0 0 93824998874888 93825001005840 93825001308160 140737488340073 140737488340470 140737488340470 140737488351179 0
/proc/3336329/statm: 6727 3404 2099 555 0 1769 0
[pid=3336333] ppid=3336329 vsize=72164 memory=63720 CPUtime=102.19 cores=26-27
/proc/3336333/stat : 3336333 (clingo) R 3336329 3336329 3336287 0 -1 0 17571 0 0 0 10214 5 0 0 20 0 1 0 922994222 73895936 15930 17179869184 93824992301056 93824992468925 140737488338416 0 0 0 134217728 4 25184771 0 0 0 17 26 0 0 0 0 0 93824992533936 93824992571272 93824992575488 140737488340183 140737488340354 140737488340354 140737488351170 0
/proc/3336333/statm: 18041 15930 2092 41 0 14120 0
Current children cumulated CPU time: 102.25 s
Current children cumulated vsize: 99072 KiB
Current children cumulated memory: 77336 KiB

[startup+162.3 s]
/proc/loadavg: 14.52 14.29 13.47 15/843 3336904
/proc/meminfo: memFree=387087428/528004516 swapFree=8388604/8388604
[pid=3336329] ppid=3336328 vsize=26908 memory=13616 CPUtime=0.06 cores=26-27
/proc/3336329/stat : 3336329 (perf) S 3336328 3336329 3336287 0 -1 0 1738 237 0 0 6 0 0 0 20 0 1 0 922994214 27553792 3404 17179869184 93824994299904 93824996572973 140737488338256 0 0 0 134217728 4 74274 1 0 0 17 26 0 0 0 0 0 93824998874888 93825001005840 93825001308160 140737488340073 140737488340470 140737488340470 140737488351179 0
/proc/3336329/statm: 6727 3404 2099 555 0 1769 0
[pid=3336333] ppid=3336329 vsize=83308 memory=74608 CPUtime=162.19 cores=26-27
/proc/3336333/stat : 3336333 (clingo) R 3336329 3336329 3336287 0 -1 0 21401 0 0 0 16214 5 0 0 20 0 1 0 922994222 85307392 18652 17179869184 93824992301056 93824992468925 140737488338416 0 0 0 134217728 4 25184771 0 0 0 17 26 0 0 0 0 0 93824992533936 93824992571272 93824992575488 140737488340183 140737488340354 140737488340354 140737488351170 0
/proc/3336333/statm: 20827 18652 2092 41 0 16906 0
Current children cumulated CPU time: 162.25 s
Current children cumulated vsize: 110216 KiB
Current children cumulated memory: 88224 KiB

[startup+222.3 s]
/proc/loadavg: 14.26 14.27 13.52 15/843 3336907
/proc/meminfo: memFree=386987644/528004516 swapFree=8388604/8388604
[pid=3336329] ppid=3336328 vsize=26908 memory=13616 CPUtime=0.06 cores=26-27
/proc/3336329/stat : 3336329 (perf) S 3336328 3336329 3336287 0 -1 0 1738 237 0 0 6 0 0 0 20 0 1 0 922994214 27553792 3404 17179869184 93824994299904 93824996572973 140737488338256 0 0 0 134217728 4 74274 1 0 0 17 26 0 0 0 0 0 93824998874888 93825001005840 93825001308160 140737488340073 140737488340470 140737488340470 140737488351179 0
/proc/3336329/statm: 6727 3404 2099 555 0 1769 0
[pid=3336333] ppid=3336329 vsize=89208 memory=80696 CPUtime=222.18 cores=26-27
/proc/3336333/stat : 3336333 (clingo) R 3336329 3336329 3336287 0 -1 0 24123 0 0 0 22213 5 0 0 20 0 1 0 922994222 91348992 20174 17179869184 93824992301056 93824992468925 140737488338416 0 0 0 134217728 4 25184771 0 0 0 17 26 0 0 0 0 0 93824992533936 93824992571272 93824992575488 140737488340183 140737488340354 140737488340354 140737488351170 0
/proc/3336333/statm: 22302 20174 2092 41 0 18381 0
Current children cumulated CPU time: 222.24 s
Current children cumulated vsize: 116116 KiB
Current children cumulated memory: 94312 KiB

[startup+282.3 s]
/proc/loadavg: 14.28 14.29 13.58 15/843 3336910
/proc/meminfo: memFree=386912304/528004516 swapFree=8388604/8388604
[pid=3336329] ppid=3336328 vsize=26908 memory=13616 CPUtime=0.06 cores=26-27
/proc/3336329/stat : 3336329 (perf) S 3336328 3336329 3336287 0 -1 0 1738 237 0 0 6 0 0 0 20 0 1 0 922994214 27553792 3404 17179869184 93824994299904 93824996572973 140737488338256 0 0 0 134217728 4 74274 1 0 0 17 26 0 0 0 0 0 93824998874888 93825001005840 93825001308160 140737488340073 140737488340470 140737488340470 140737488351179 0
/proc/3336329/statm: 6727 3404 2099 555 0 1769 0
[pid=3336333] ppid=3336329 vsize=95200 memory=86588 CPUtime=282.18 cores=26-27
/proc/3336333/stat : 3336333 (clingo) R 3336329 3336329 3336287 0 -1 0 26035 0 0 0 28213 5 0 0 20 0 1 0 922994222 97484800 21647 17179869184 93824992301056 93824992468925 140737488338416 0 0 0 134217728 4 25184771 0 0 0 17 26 0 0 0 0 0 93824992533936 93824992571272 93824992575488 140737488340183 140737488340354 140737488340354 140737488351170 0
/proc/3336333/statm: 23800 21647 2092 41 0 19879 0
Current children cumulated CPU time: 282.24 s
Current children cumulated vsize: 122108 KiB
Current children cumulated memory: 100204 KiB

[startup+342.3 s]
/proc/loadavg: 14.45 14.32 13.63 15/820 3336915
/proc/meminfo: memFree=386840352/528004516 swapFree=8388604/8388604
[pid=3336329] ppid=3336328 vsize=26908 memory=13616 CPUtime=0.06 cores=26-27
/proc/3336329/stat : 3336329 (perf) S 3336328 3336329 3336287 0 -1 0 1738 237 0 0 6 0 0 0 20 0 1 0 922994214 27553792 3404 17179869184 93824994299904 93824996572973 140737488338256 0 0 0 134217728 4 74274 1 0 0 17 26 0 0 0 0 0 93824998874888 93825001005840 93825001308160 140737488340073 140737488340470 140737488340470 140737488351179 0
/proc/3336329/statm: 6727 3404 2099 555 0 1769 0
[pid=3336333] ppid=3336329 vsize=99556 memory=90576 CPUtime=342.19 cores=26-27
/proc/3336333/stat : 3336333 (clingo) R 3336329 3336329 3336287 0 -1 0 28212 0 0 0 34213 6 0 0 20 0 1 0 922994222 101945344 22644 17179869184 93824992301056 93824992468925 140737488338416 0 0 0 134217728 4 25184771 0 0 0 17 26 0 0 0 0 0 93824992533936 93824992571272 93824992575488 140737488340183 140737488340354 140737488340354 140737488351170 0
/proc/3336333/statm: 24889 22644 2092 41 0 20968 0
Current children cumulated CPU time: 342.25 s
Current children cumulated vsize: 126464 KiB
Current children cumulated memory: 104192 KiB

[startup+402.3 s]
/proc/loadavg: 14.24 14.27 13.66 15/819 3336917
/proc/meminfo: memFree=386767784/528004516 swapFree=8388604/8388604
[pid=3336329] ppid=3336328 vsize=26908 memory=13616 CPUtime=0.06 cores=26-27
/proc/3336329/stat : 3336329 (perf) S 3336328 3336329 3336287 0 -1 0 1738 237 0 0 6 0 0 0 20 0 1 0 922994214 27553792 3404 17179869184 93824994299904 93824996572973 140737488338256 0 0 0 134217728 4 74274 1 0 0 17 26 0 0 0 0 0 93824998874888 93825001005840 93825001308160 140737488340073 140737488340470 140737488340470 140737488351179 0
/proc/3336329/statm: 6727 3404 2099 555 0 1769 0
[pid=3336333] ppid=3336329 vsize=105656 memory=96584 CPUtime=402.19 cores=26-27
/proc/3336333/stat : 3336333 (clingo) R 3336329 3336329 3336287 0 -1 0 31772 0 0 0 40213 6 0 0 20 0 1 0 922994222 108191744 24146 17179869184 93824992301056 93824992468925 140737488338416 0 0 0 134217728 4 25184771 0 0 0 17 26 0 0 0 0 0 93824992533936 93824992571272 93824992575488 140737488340183 140737488340354 140737488340354 140737488351170 0
/proc/3336333/statm: 26414 24146 2092 41 0 22493 0
Current children cumulated CPU time: 402.25 s
Current children cumulated vsize: 132564 KiB
Current children cumulated memory: 110200 KiB

[startup+462.3 s]
/proc/loadavg: 14.26 14.28 13.71 15/816 3336920
/proc/meminfo: memFree=386707844/528004516 swapFree=8388604/8388604
[pid=3336329] ppid=3336328 vsize=26908 memory=13616 CPUtime=0.06 cores=26-27
/proc/3336329/stat : 3336329 (perf) S 3336328 3336329 3336287 0 -1 0 1738 237 0 0 6 0 0 0 20 0 1 0 922994214 27553792 3404 17179869184 93824994299904 93824996572973 140737488338256 0 0 0 134217728 4 74274 1 0 0 17 26 0 0 0 0 0 93824998874888 93825001005840 93825001308160 140737488340073 140737488340470 140737488340470 140737488351179 0
/proc/3336329/statm: 6727 3404 2099 555 0 1769 0
[pid=3336333] ppid=3336329 vsize=110176 memory=100928 CPUtime=462.19 cores=26-27
/proc/3336333/stat : 3336333 (clingo) R 3336329 3336329 3336287 0 -1 0 33431 0 0 0 46212 7 0 0 20 0 1 0 922994222 112820224 25232 17179869184 93824992301056 93824992468925 140737488338416 0 0 0 134217728 4 25184771 0 0 0 17 26 0 0 0 0 0 93824992533936 93824992571272 93824992575488 140737488340183 140737488340354 140737488340354 140737488351170 0
/proc/3336333/statm: 27544 25232 2092 41 0 23623 0
Current children cumulated CPU time: 462.25 s
Current children cumulated vsize: 137084 KiB
Current children cumulated memory: 114544 KiB

[startup+522.3 s]
/proc/loadavg: 14.09 14.23 13.73 15/816 3336924
/proc/meminfo: memFree=386656228/528004516 swapFree=8388604/8388604
[pid=3336329] ppid=3336328 vsize=26908 memory=13616 CPUtime=0.06 cores=26-27
/proc/3336329/stat : 3336329 (perf) S 3336328 3336329 3336287 0 -1 0 1738 237 0 0 6 0 0 0 20 0 1 0 922994214 27553792 3404 17179869184 93824994299904 93824996572973 140737488338256 0 0 0 134217728 4 74274 1 0 0 17 26 0 0 0 0 0 93824998874888 93825001005840 93825001308160 140737488340073 140737488340470 140737488340470 140737488351179 0
/proc/3336329/statm: 6727 3404 2099 555 0 1769 0
[pid=3336333] ppid=3336329 vsize=114256 memory=104264 CPUtime=522.19 cores=26-27
/proc/3336333/stat : 3336333 (clingo) R 3336329 3336329 3336287 0 -1 0 35150 0 0 0 52212 7 0 0 20 0 1 0 922994222 116998144 26066 17179869184 93824992301056 93824992468925 140737488338416 0 0 0 134217728 4 25184771 0 0 0 17 26 0 0 0 0 0 93824992533936 93824992571272 93824992575488 140737488340183 140737488340354 140737488340354 140737488351170 0
/proc/3336333/statm: 28564 26066 2092 41 0 24643 0
Current children cumulated CPU time: 522.25 s
Current children cumulated vsize: 141164 KiB
Current children cumulated memory: 117880 KiB

[startup+582.3 s]
/proc/loadavg: 15.62 14.63 13.90 15/816 3336928
/proc/meminfo: memFree=386603388/528004516 swapFree=8388604/8388604
[pid=3336329] ppid=3336328 vsize=26908 memory=13616 CPUtime=0.06 cores=26-27
/proc/3336329/stat : 3336329 (perf) S 3336328 3336329 3336287 0 -1 0 1738 237 0 0 6 0 0 0 20 0 1 0 922994214 27553792 3404 17179869184 93824994299904 93824996572973 140737488338256 0 0 0 134217728 4 74274 1 0 0 17 26 0 0 0 0 0 93824998874888 93825001005840 93825001308160 140737488340073 140737488340470 140737488340470 140737488351179 0
/proc/3336329/statm: 6727 3404 2099 555 0 1769 0
[pid=3336333] ppid=3336329 vsize=120812 memory=110456 CPUtime=582.18 cores=26-27
/proc/3336333/stat : 3336333 (clingo) R 3336329 3336329 3336287 0 -1 0 37837 0 0 0 58211 7 0 0 20 0 1 0 922994222 123711488 27614 17179869184 93824992301056 93824992468925 140737488338416 0 0 0 134217728 4 25184771 0 0 0 17 26 0 0 0 0 0 93824992533936 93824992571272 93824992575488 140737488340183 140737488340354 140737488340354 140737488351170 0
/proc/3336333/statm: 30203 27614 2092 41 0 26282 0
Current children cumulated CPU time: 582.24 s
Current children cumulated vsize: 147720 KiB
Current children cumulated memory: 124072 KiB

[startup+642.3 s]
/proc/loadavg: 14.59 14.51 13.91 15/817 3336932
/proc/meminfo: memFree=386560296/528004516 swapFree=8388604/8388604
[pid=3336329] ppid=3336328 vsize=26908 memory=13616 CPUtime=0.06 cores=26-27
/proc/3336329/stat : 3336329 (perf) S 3336328 3336329 3336287 0 -1 0 1738 237 0 0 6 0 0 0 20 0 1 0 922994214 27553792 3404 17179869184 93824994299904 93824996572973 140737488338256 0 0 0 134217728 4 74274 1 0 0 17 26 0 0 0 0 0 93824998874888 93825001005840 93825001308160 140737488340073 140737488340470 140737488340470 140737488351179 0
/proc/3336329/statm: 6727 3404 2099 555 0 1769 0
[pid=3336333] ppid=3336329 vsize=123936 memory=113580 CPUtime=642.19 cores=26-27
/proc/3336333/stat : 3336333 (clingo) R 3336329 3336329 3336287 0 -1 0 40107 0 0 0 64211 8 0 0 20 0 1 0 922994222 126910464 28395 17179869184 93824992301056 93824992468925 140737488338416 0 0 0 134217728 4 25184771 0 0 0 17 26 0 0 0 0 0 93824992533936 93824992571272 93824992575488 140737488340183 140737488340354 140737488340354 140737488351170 0
/proc/3336333/statm: 30984 28395 2092 41 0 27063 0
Current children cumulated CPU time: 642.25 s
Current children cumulated vsize: 150844 KiB
Current children cumulated memory: 127196 KiB

[startup+702.3 s]
/proc/loadavg: 14.25 14.43 13.92 15/817 3336935
/proc/meminfo: memFree=386511708/528004516 swapFree=8388604/8388604
[pid=3336329] ppid=3336328 vsize=26908 memory=13616 CPUtime=0.06 cores=26-27
/proc/3336329/stat : 3336329 (perf) S 3336328 3336329 3336287 0 -1 0 1738 237 0 0 6 0 0 0 20 0 1 0 922994214 27553792 3404 17179869184 93824994299904 93824996572973 140737488338256 0 0 0 134217728 4 74274 1 0 0 17 26 0 0 0 0 0 93824998874888 93825001005840 93825001308160 140737488340073 140737488340470 140737488340470 140737488351179 0
/proc/3336329/statm: 6727 3404 2099 555 0 1769 0
[pid=3336333] ppid=3336329 vsize=128616 memory=117272 CPUtime=702.18 cores=26-27
/proc/3336333/stat : 3336333 (clingo) R 3336329 3336329 3336287 0 -1 0 41032 0 0 0 70210 8 0 0 20 0 1 0 922994222 131702784 29318 17179869184 93824992301056 93824992468925 140737488338416 0 0 0 134217728 4 25184771 0 0 0 17 26 0 0 0 0 0 93824992533936 93824992571272 93824992575488 140737488340183 140737488340354 140737488340354 140737488351170 0
/proc/3336333/statm: 32154 29318 2092 41 0 28233 0
Current children cumulated CPU time: 702.24 s
Current children cumulated vsize: 155524 KiB
Current children cumulated memory: 130888 KiB

[startup+762.3 s]
/proc/loadavg: 14.38 14.42 13.95 15/817 3336937
/proc/meminfo: memFree=386468904/528004516 swapFree=8388604/8388604
[pid=3336329] ppid=3336328 vsize=26908 memory=13616 CPUtime=0.06 cores=26-27
/proc/3336329/stat : 3336329 (perf) S 3336328 3336329 3336287 0 -1 0 1738 237 0 0 6 0 0 0 20 0 1 0 922994214 27553792 3404 17179869184 93824994299904 93824996572973 140737488338256 0 0 0 134217728 4 74274 1 0 0 17 26 0 0 0 0 0 93824998874888 93825001005840 93825001308160 140737488340073 140737488340470 140737488340470 140737488351179 0
/proc/3336329/statm: 6727 3404 2099 555 0 1769 0
[pid=3336333] ppid=3336329 vsize=132976 memory=120968 CPUtime=762.19 cores=26-27
/proc/3336333/stat : 3336333 (clingo) R 3336329 3336329 3336287 0 -1 0 41976 0 0 0 76210 9 0 0 20 0 1 0 922994222 136167424 30242 17179869184 93824992301056 93824992468925 140737488338416 0 0 0 134217728 4 25184771 0 0 0 17 26 0 0 0 0 0 93824992533936 93824992571272 93824992575488 140737488340183 140737488340354 140737488340354 140737488351170 0
/proc/3336333/statm: 33244 30242 2092 41 0 29323 0
Current children cumulated CPU time: 762.25 s
Current children cumulated vsize: 159884 KiB
Current children cumulated memory: 134584 KiB

[startup+822.3 s]
/proc/loadavg: 14.21 14.37 13.97 15/817 3336940
/proc/meminfo: memFree=386432128/528004516 swapFree=8388604/8388604
[pid=3336329] ppid=3336328 vsize=26908 memory=13616 CPUtime=0.06 cores=26-27
/proc/3336329/stat : 3336329 (perf) S 3336328 3336329 3336287 0 -1 0 1738 237 0 0 6 0 0 0 20 0 1 0 922994214 27553792 3404 17179869184 93824994299904 93824996572973 140737488338256 0 0 0 134217728 4 74274 1 0 0 17 26 0 0 0 0 0 93824998874888 93825001005840 93825001308160 140737488340073 140737488340470 140737488340470 140737488351179 0
/proc/3336329/statm: 6727 3404 2099 555 0 1769 0
[pid=3336333] ppid=3336329 vsize=133872 memory=121756 CPUtime=822.19 cores=26-27
/proc/3336333/stat : 3336333 (clingo) R 3336329 3336329 3336287 0 -1 0 42544 0 0 0 82210 9 0 0 20 0 1 0 922994222 137084928 30439 17179869184 93824992301056 93824992468925 140737488338416 0 0 0 134217728 4 25184771 0 0 0 17 26 0 0 0 0 0 93824992533936 93824992571272 93824992575488 140737488340183 140737488340354 140737488340354 140737488351170 0
/proc/3336333/statm: 33468 30439 2092 41 0 29547 0
Current children cumulated CPU time: 822.25 s
Current children cumulated vsize: 160780 KiB
Current children cumulated memory: 135372 KiB

[startup+882.3 s]
/proc/loadavg: 14.07 14.30 13.97 15/817 3336943
/proc/meminfo: memFree=386396372/528004516 swapFree=8388604/8388604
[pid=3336329] ppid=3336328 vsize=26908 memory=13616 CPUtime=0.06 cores=26-27
/proc/3336329/stat : 3336329 (perf) S 3336328 3336329 3336287 0 -1 0 1738 237 0 0 6 0 0 0 20 0 1 0 922994214 27553792 3404 17179869184 93824994299904 93824996572973 140737488338256 0 0 0 134217728 4 74274 1 0 0 17 26 0 0 0 0 0 93824998874888 93825001005840 93825001308160 140737488340073 140737488340470 140737488340470 140737488351179 0
/proc/3336329/statm: 6727 3404 2099 555 0 1769 0
[pid=3336333] ppid=3336329 vsize=138964 memory=126380 CPUtime=882.19 cores=26-27
/proc/3336333/stat : 3336333 (clingo) R 3336329 3336329 3336287 0 -1 0 44585 0 0 0 88210 9 0 0 20 0 1 0 922994222 142299136 31595 17179869184 93824992301056 93824992468925 140737488338416 0 0 0 134217728 4 25184771 0 0 0 17 26 0 0 0 0 0 93824992533936 93824992571272 93824992575488 140737488340183 140737488340354 140737488340354 140737488351170 0
/proc/3336333/statm: 34741 31595 2092 41 0 30820 0
Current children cumulated CPU time: 882.25 s
Current children cumulated vsize: 165872 KiB
Current children cumulated memory: 139996 KiB

[startup+942.3 s]
/proc/loadavg: 14.07 14.26 13.98 15/816 3336947
/proc/meminfo: memFree=386359668/528004516 swapFree=8388604/8388604
[pid=3336329] ppid=3336328 vsize=26908 memory=13616 CPUtime=0.06 cores=26-27
/proc/3336329/stat : 3336329 (perf) S 3336328 3336329 3336287 0 -1 0 1738 237 0 0 6 0 0 0 20 0 1 0 922994214 27553792 3404 17179869184 93824994299904 93824996572973 140737488338256 0 0 0 134217728 4 74274 1 0 0 17 26 0 0 0 0 0 93824998874888 93825001005840 93825001308160 140737488340073 140737488340470 140737488340470 140737488351179 0
/proc/3336329/statm: 6727 3404 2099 555 0 1769 0
[pid=3336333] ppid=3336329 vsize=140580 memory=128252 CPUtime=942.18 cores=26-27
/proc/3336333/stat : 3336333 (clingo) R 3336329 3336329 3336287 0 -1 0 45334 0 0 0 94209 9 0 0 20 0 1 0 922994222 143953920 32063 17179869184 93824992301056 93824992468925 140737488338416 0 0 0 134217728 4 25184771 0 0 0 17 26 0 0 0 0 0 93824992533936 93824992571272 93824992575488 140737488340183 140737488340354 140737488340354 140737488351170 0
/proc/3336333/statm: 35145 32063 2092 41 0 31224 0
Current children cumulated CPU time: 942.24 s
Current children cumulated vsize: 167488 KiB
Current children cumulated memory: 141868 KiB

[startup+1002.3 s]
/proc/loadavg: 14.02 14.21 13.99 15/817 3336951
/proc/meminfo: memFree=386314320/528004516 swapFree=8388604/8388604
[pid=3336329] ppid=3336328 vsize=26908 memory=13616 CPUtime=0.06 cores=26-27
/proc/3336329/stat : 3336329 (perf) S 3336328 3336329 3336287 0 -1 0 1738 237 0 0 6 0 0 0 20 0 1 0 922994214 27553792 3404 17179869184 93824994299904 93824996572973 140737488338256 0 0 0 134217728 4 74274 1 0 0 17 26 0 0 0 0 0 93824998874888 93825001005840 93825001308160 140737488340073 140737488340470 140737488340470 140737488351179 0
/proc/3336329/statm: 6727 3404 2099 555 0 1769 0
[pid=3336333] ppid=3336329 vsize=142284 memory=129796 CPUtime=1002.18 cores=26-27
/proc/3336333/stat : 3336333 (clingo) R 3336329 3336329 3336287 0 -1 0 46931 0 0 0 100208 10 0 0 20 0 1 0 922994222 145698816 32449 17179869184 93824992301056 93824992468925 140737488338416 0 0 0 134217728 4 25184771 0 0 0 17 26 0 0 0 0 0 93824992533936 93824992571272 93824992575488 140737488340183 140737488340354 140737488340354 140737488351170 0
/proc/3336333/statm: 35571 32449 2092 41 0 31650 0
Current children cumulated CPU time: 1002.24 s
Current children cumulated vsize: 169192 KiB
Current children cumulated memory: 143412 KiB

[startup+1062.3 s]
/proc/loadavg: 14.05 14.18 14.00 15/818 3336954
/proc/meminfo: memFree=386283828/528004516 swapFree=8388604/8388604
[pid=3336329] ppid=3336328 vsize=26908 memory=13616 CPUtime=0.06 cores=26-27
/proc/3336329/stat : 3336329 (perf) S 3336328 3336329 3336287 0 -1 0 1738 237 0 0 6 0 0 0 20 0 1 0 922994214 27553792 3404 17179869184 93824994299904 93824996572973 140737488338256 0 0 0 134217728 4 74274 1 0 0 17 26 0 0 0 0 0 93824998874888 93825001005840 93825001308160 140737488340073 140737488340470 140737488340470 140737488351179 0
/proc/3336329/statm: 6727 3404 2099 555 0 1769 0
[pid=3336333] ppid=3336329 vsize=144564 memory=132100 CPUtime=1062.18 cores=26-27
/proc/3336333/stat : 3336333 (clingo) R 3336329 3336329 3336287 0 -1 0 48088 0 0 0 106207 11 0 0 20 0 1 0 922994222 148033536 33025 17179869184 93824992301056 93824992468925 140737488338416 0 0 0 134217728 4 25184771 0 0 0 17 26 0 0 0 0 0 93824992533936 93824992571272 93824992575488 140737488340183 140737488340354 140737488340354 140737488351170 0
/proc/3336333/statm: 36141 33025 2092 41 0 32220 0
Current children cumulated CPU time: 1062.24 s
Current children cumulated vsize: 171472 KiB
Current children cumulated memory: 145716 KiB

[startup+1122.3 s]
/proc/loadavg: 14.02 14.15 14.00 15/818 3336957
/proc/meminfo: memFree=386250108/528004516 swapFree=8388604/8388604
[pid=3336329] ppid=3336328 vsize=26908 memory=13616 CPUtime=0.06 cores=26-27
/proc/3336329/stat : 3336329 (perf) S 3336328 3336329 3336287 0 -1 0 1738 237 0 0 6 0 0 0 20 0 1 0 922994214 27553792 3404 17179869184 93824994299904 93824996572973 140737488338256 0 0 0 134217728 4 74274 1 0 0 17 26 0 0 0 0 0 93824998874888 93825001005840 93825001308160 140737488340073 140737488340470 140737488340470 140737488351179 0
/proc/3336329/statm: 6727 3404 2099 555 0 1769 0
[pid=3336333] ppid=3336329 vsize=146332 memory=133908 CPUtime=1122.19 cores=26-27
/proc/3336333/stat : 3336333 (clingo) R 3336329 3336329 3336287 0 -1 0 50281 0 0 0 112207 12 0 0 20 0 1 0 922994222 149843968 33477 17179869184 93824992301056 93824992468925 140737488338416 0 0 0 134217728 4 25184771 0 0 0 17 26 0 0 0 0 0 93824992533936 93824992571272 93824992575488 140737488340183 140737488340354 140737488340354 140737488351170 0
/proc/3336333/statm: 36583 33477 2092 41 0 32662 0
Current children cumulated CPU time: 1122.25 s
Current children cumulated vsize: 173240 KiB
Current children cumulated memory: 147524 KiB

[startup+1182.3 s]
/proc/loadavg: 14.12 14.15 14.01 15/818 3336961
/proc/meminfo: memFree=386218380/528004516 swapFree=8388604/8388604
[pid=3336329] ppid=3336328 vsize=26908 memory=13616 CPUtime=0.06 cores=26-27
/proc/3336329/stat : 3336329 (perf) S 3336328 3336329 3336287 0 -1 0 1738 237 0 0 6 0 0 0 20 0 1 0 922994214 27553792 3404 17179869184 93824994299904 93824996572973 140737488338256 0 0 0 134217728 4 74274 1 0 0 17 26 0 0 0 0 0 93824998874888 93825001005840 93825001308160 140737488340073 140737488340470 140737488340470 140737488351179 0
/proc/3336329/statm: 6727 3404 2099 555 0 1769 0
[pid=3336333] ppid=3336329 vsize=151720 memory=139188 CPUtime=1182.18 cores=26-27
/proc/3336333/stat : 3336333 (clingo) R 3336329 3336329 3336287 0 -1 0 52307 0 0 0 118206 12 0 0 20 0 1 0 922994222 155361280 34797 17179869184 93824992301056 93824992468925 140737488338416 0 0 0 134217728 4 25184771 0 0 0 17 26 0 0 0 0 0 93824992533936 93824992571272 93824992575488 140737488340183 140737488340354 140737488340354 140737488351170 0
/proc/3336333/statm: 37930 34797 2092 41 0 34009 0
Current children cumulated CPU time: 1182.24 s
Current children cumulated vsize: 178628 KiB
Current children cumulated memory: 152804 KiB



Maximum wall clock time exceeded: sending SIGTERM then SIGKILL

[startup+1205 s]*
/proc/loadavg: 14.36 14.20 14.03 16/838 3337911
/proc/meminfo: memFree=387121116/528004516 swapFree=8388604/8388604
[pid=3336329] ppid=3336328 vsize=26908 memory=13616 CPUtime=0.06 cores=26-27
/proc/3336329/stat : 3336329 (perf) S 3336328 3336329 3336287 0 -1 0 1738 237 0 0 6 0 0 0 20 0 1 0 922994214 27553792 3404 17179869184 93824994299904 93824996572973 140737488338256 0 0 0 134217728 4 74274 1 0 0 17 26 0 0 0 0 0 93824998874888 93825001005840 93825001308160 140737488340073 140737488340470 140737488340470 140737488351179 0
/proc/3336329/statm: 6727 3404 2099 555 0 1769 0
[pid=3336333] ppid=3336329 vsize=151852 memory=139188 CPUtime=1204.9 cores=26-27
/proc/3336333/stat : 3336333 (clingo) R 3336329 3336329 3336287 0 -1 0 52334 0 0 0 120478 12 0 0 20 0 1 0 922994222 155496448 34797 17179869184 93824992301056 93824992468925 140737488338416 0 0 0 134217728 4 25184771 0 0 0 17 26 0 0 0 0 0 93824992533936 93824992571272 93824992575488 140737488340183 140737488340354 140737488340354 140737488351170 0
/proc/3336333/statm: 37963 34797 2092 41 0 34042 0
Current children cumulated CPU time: 1204.96 s
Current children cumulated vsize: 178760 KiB
Current children cumulated memory: 152804 KiB

Sending SIGINT to process tree (bottom up)
Sleeping 5 seconds

[startup+1205.03 s]
# the end of solver process 3336329 was just reported to runsolver
# cumulated CPU time of all completed processes:  user=1204.86 s, system=0.144744 s

Solver just ended.
??? end of watcher thread
Dumping a history of the last processes samples

Child status: 1
Real time (s): 1205.03
CPU time (s): 1205
CPU user time (s): 1204.86
CPU system time (s): 0.144744
CPU usage (%): 99.9978
Max. virtual memory (cumulated for all children) (KiB): 179484
Max. memory (cumulated for all children) (KiB): 153564

getrusage(RUSAGE_CHILDREN,...) data:
user time used= 1204.86
system time used= 0.144744
maximum resident set size= 139948
integral shared memory size= 0
integral unshared data size= 0
integral unshared stack size= 0
page reclaims= 54349
page faults= 0
swaps= 0
block input operations= 0
block output operations= 0
messages sent= 0
messages received= 0
signals received= 0
voluntary context switches= 18
involuntary context switches= 855


# summary of solver processes directly reported to runsolver:
#   pid: 3336329
#   total CPU time (s): 1205
#   total CPU user time (s): 1204.86
#   total CPU system time (s): 0.144744

??? end of timestamper thread
runsolver used 8.30695 second user time and 14.5485 second system time

The end
