runsolver version 3.4.0 (svn: 3018) Copyright (C) 2010-2013 Olivier ROUSSEL

This program is distributed in the hope that it will be useful,
but WITHOUT ANY WARRANTY; without even the implied warranty of
MERCHANTABILITY or FITNESS FOR A PARTICULAR PURPOSE.  See the
GNU General Public License for more details.

NUMA information:
  number of nodes: 2
  memory of node 0: 257635 MiB (181396 MiB free)
  memory of node 1: 257994 MiB (175218 MiB free)
  node distances:
     10  20
     20  10

command line: /dev/shm/37860d92-2e81-11f1-ac62-000c298f4621/input/runsolver -w /dev/shm/37860d92-2e81-11f1-ac62-000c298f4621/output/runsolver.log -v /dev/shm/37860d92-2e81-11f1-ac62-000c298f4621/output/varfile.log -W 1205 --rss-swap-limit 16384 -d 5 --sigint /usr/bin/perf stat -B -e task-clock,cache-references,cache-misses,cycles,instructions,branches,faults,migrations,context-switches -o /dev/shm/37860d92-2e81-11f1-ac62-000c298f4621/output/perf.log clingo /home/guests/mmacri/AMOSUM/benchmarks/GraphColouring/encoding-plain-amo.asp /dev/shm/37860d92-2e81-11f1-ac62-000c298f4621/input/0049-graph_colouring-145-0_2784.asp 

running on 2 cores: 12-13

Enforcing wall clock limit (soft limit, will send SIGTERM then SIGKILL): 1205 seconds
Enforcing RSS+Swap limit (soft limit, will send SIGTERM then SIGKILL): 16777216 KiB
Linux 5.15.0-131-generic
solver pid=1306524, runsolver pid=1306521
Current StackSize limit: 8192 KiB


[startup+0.100068 s]*
/proc/loadavg: 14.48 14.27 14.01 11/784 1306561
/proc/meminfo: memFree=365261672/528004516 swapFree=8388604/8388604
[pid=1306524] ppid=1306521 vsize=26908 memory=13612 CPUtime=0.07 cores=12-13
/proc/1306524/stat : 1306524 (perf) S 1306521 1306524 1306175 0 -1 0 1738 237 0 0 6 1 0 0 20 0 1 0 923128659 27553792 3403 17179869184 93824994299904 93824996572973 140737488338256 0 0 0 134217728 4 74274 1 0 0 17 12 0 0 0 0 0 93824998874888 93825001005840 93825001308160 140737488340073 140737488340470 140737488340470 140737488351179 0
/proc/1306524/statm: 6727 3403 2098 555 0 1769 0
[pid=1306558] ppid=1306524 vsize=19744 memory=11544 CPUtime=0.03 cores=12-13
/proc/1306558/stat : 1306558 (clingo) R 1306524 1306524 1306175 0 -1 0 1151 0 0 0 3 0 0 0 20 0 1 0 923128667 20217856 2886 17179869184 93824992301056 93824992468925 140737488338416 0 0 0 134217728 4 25184771 0 0 0 17 13 0 0 0 0 0 93824992533936 93824992571272 93824992575488 140737488340183 140737488340354 140737488340354 140737488351170 0
/proc/1306558/statm: 4936 2886 2045 41 0 1015 0
Current children cumulated CPU time: 0.1 s
Current children cumulated vsize: 46652 KiB
Current children cumulated memory: 25156 KiB

[startup+0.234321 s]*
/proc/loadavg: 14.48 14.27 14.01 16/812 1306702
/proc/meminfo: memFree=365267800/528004516 swapFree=8388604/8388604
[pid=1306524] ppid=1306521 vsize=26908 memory=13612 CPUtime=0.07 cores=12-13
/proc/1306524/stat : 1306524 (perf) S 1306521 1306524 1306175 0 -1 0 1738 237 0 0 6 1 0 0 20 0 1 0 923128659 27553792 3403 17179869184 93824994299904 93824996572973 140737488338256 0 0 0 134217728 4 74274 1 0 0 17 12 0 0 0 0 0 93824998874888 93825001005840 93825001308160 140737488340073 140737488340470 140737488340470 140737488351179 0
/proc/1306524/statm: 6727 3403 2098 555 0 1769 0
[pid=1306558] ppid=1306524 vsize=26804 memory=18580 CPUtime=0.14 cores=12-13
/proc/1306558/stat : 1306558 (clingo) R 1306524 1306524 1306175 0 -1 0 2906 0 0 0 14 0 0 0 20 0 1 0 923128667 27447296 4645 17179869184 93824992301056 93824992468925 140737488338416 0 0 0 134217728 4 25184771 0 0 0 17 13 0 0 0 0 0 93824992533936 93824992571272 93824992575488 140737488340183 140737488340354 140737488340354 140737488351170 0
/proc/1306558/statm: 6701 4645 2091 41 0 2780 0
Current children cumulated CPU time: 0.21 s
Current children cumulated vsize: 53712 KiB
Current children cumulated memory: 32192 KiB

[startup+0.334934 s]*
/proc/loadavg: 14.48 14.27 14.01 19/820 1306713
/proc/meminfo: memFree=365249760/528004516 swapFree=8388604/8388604
[pid=1306524] ppid=1306521 vsize=26908 memory=13612 CPUtime=0.07 cores=12-13
/proc/1306524/stat : 1306524 (perf) S 1306521 1306524 1306175 0 -1 0 1738 237 0 0 6 1 0 0 20 0 1 0 923128659 27553792 3403 17179869184 93824994299904 93824996572973 140737488338256 0 0 0 134217728 4 74274 1 0 0 17 12 0 0 0 0 0 93824998874888 93825001005840 93825001308160 140737488340073 140737488340470 140737488340470 140737488351179 0
/proc/1306524/statm: 6727 3403 2098 555 0 1769 0
[pid=1306558] ppid=1306524 vsize=28164 memory=20164 CPUtime=0.21 cores=12-13
/proc/1306558/stat : 1306558 (clingo) R 1306524 1306524 1306175 0 -1 0 3275 0 0 0 21 0 0 0 20 0 1 0 923128667 28839936 5041 17179869184 93824992301056 93824992468925 140737488338416 0 0 0 134217728 4 25184771 0 0 0 17 13 0 0 0 0 0 93824992533936 93824992571272 93824992575488 140737488340183 140737488340354 140737488340354 140737488351170 0
/proc/1306558/statm: 7041 5041 2091 41 0 3120 0
Current children cumulated CPU time: 0.28 s
Current children cumulated vsize: 55072 KiB
Current children cumulated memory: 33776 KiB

[startup+0.700336 s]
/proc/loadavg: 14.44 14.27 14.01 16/821 1306749
/proc/meminfo: memFree=365228168/528004516 swapFree=8388604/8388604
[pid=1306524] ppid=1306521 vsize=26908 memory=13612 CPUtime=0.07 cores=12-13
/proc/1306524/stat : 1306524 (perf) S 1306521 1306524 1306175 0 -1 0 1738 237 0 0 6 1 0 0 20 0 1 0 923128659 27553792 3403 17179869184 93824994299904 93824996572973 140737488338256 0 0 0 134217728 4 74274 1 0 0 17 12 0 0 0 0 0 93824998874888 93825001005840 93825001308160 140737488340073 140737488340470 140737488340470 140737488351179 0
/proc/1306524/statm: 6727 3403 2098 555 0 1769 0
[pid=1306558] ppid=1306524 vsize=31616 memory=23596 CPUtime=0.53 cores=12-13
/proc/1306558/stat : 1306558 (clingo) R 1306524 1306524 1306175 0 -1 0 4133 0 0 0 53 0 0 0 20 0 1 0 923128667 32374784 5899 17179869184 93824992301056 93824992468925 140737488338416 0 0 0 134217728 4 25184771 0 0 0 17 12 0 0 0 0 0 93824992533936 93824992571272 93824992575488 140737488340183 140737488340354 140737488340354 140737488351170 0
/proc/1306558/statm: 7904 5899 2091 41 0 3983 0
Current children cumulated CPU time: 0.6 s
Current children cumulated vsize: 58524 KiB
Current children cumulated memory: 37208 KiB

[startup+1.50034 s]
/proc/loadavg: 14.44 14.27 14.01 16/821 1306749
/proc/meminfo: memFree=365205012/528004516 swapFree=8388604/8388604
[pid=1306524] ppid=1306521 vsize=26908 memory=13612 CPUtime=0.07 cores=12-13
/proc/1306524/stat : 1306524 (perf) S 1306521 1306524 1306175 0 -1 0 1738 237 0 0 6 1 0 0 20 0 1 0 923128659 27553792 3403 17179869184 93824994299904 93824996572973 140737488338256 0 0 0 134217728 4 74274 1 0 0 17 12 0 0 0 0 0 93824998874888 93825001005840 93825001308160 140737488340073 140737488340470 140737488340470 140737488351179 0
/proc/1306524/statm: 6727 3403 2098 555 0 1769 0
[pid=1306558] ppid=1306524 vsize=35972 memory=27820 CPUtime=1.33 cores=12-13
/proc/1306558/stat : 1306558 (clingo) R 1306524 1306524 1306175 0 -1 0 5197 0 0 0 133 0 0 0 20 0 1 0 923128667 36835328 6955 17179869184 93824992301056 93824992468925 140737488338416 0 0 0 134217728 4 25184771 0 0 0 17 12 0 0 0 0 0 93824992533936 93824992571272 93824992575488 140737488340183 140737488340354 140737488340354 140737488351170 0
/proc/1306558/statm: 8993 6955 2091 41 0 5072 0
Current children cumulated CPU time: 1.4 s
Current children cumulated vsize: 62880 KiB
Current children cumulated memory: 41432 KiB

[startup+3.11878 s]
/proc/loadavg: 14.44 14.27 14.01 14/809 1307105
/proc/meminfo: memFree=365506316/528004516 swapFree=8388604/8388604
[pid=1306524] ppid=1306521 vsize=26908 memory=13612 CPUtime=0.07 cores=12-13
/proc/1306524/stat : 1306524 (perf) S 1306521 1306524 1306175 0 -1 0 1738 237 0 0 6 1 0 0 20 0 1 0 923128659 27553792 3403 17179869184 93824994299904 93824996572973 140737488338256 0 0 0 134217728 4 74274 1 0 0 17 12 0 0 0 0 0 93824998874888 93825001005840 93825001308160 140737488340073 140737488340470 140737488340470 140737488351179 0
/proc/1306524/statm: 6727 3403 2098 555 0 1769 0
[pid=1306558] ppid=1306524 vsize=37432 memory=29404 CPUtime=2.94 cores=12-13
/proc/1306558/stat : 1306558 (clingo) R 1306524 1306524 1306175 0 -1 0 5561 0 0 0 294 0 0 0 20 0 1 0 923128667 38330368 7351 17179869184 93824992301056 93824992468925 140737488338416 0 0 0 134217728 4 25184771 0 0 0 17 12 0 0 0 0 0 93824992533936 93824992571272 93824992575488 140737488340183 140737488340354 140737488340354 140737488351170 0
/proc/1306558/statm: 9358 7351 2091 41 0 5437 0
Current children cumulated CPU time: 3.01 s
Current children cumulated vsize: 64340 KiB
Current children cumulated memory: 43016 KiB

[startup+6.30029 s]
/proc/loadavg: 14.41 14.26 14.01 14/812 1307651
/proc/meminfo: memFree=365397848/528004516 swapFree=8388604/8388604
[pid=1306524] ppid=1306521 vsize=26908 memory=13612 CPUtime=0.07 cores=12-13
/proc/1306524/stat : 1306524 (perf) S 1306521 1306524 1306175 0 -1 0 1738 237 0 0 6 1 0 0 20 0 1 0 923128659 27553792 3403 17179869184 93824994299904 93824996572973 140737488338256 0 0 0 134217728 4 74274 1 0 0 17 12 0 0 0 0 0 93824998874888 93825001005840 93825001308160 140737488340073 140737488340470 140737488340470 140737488351179 0
/proc/1306524/statm: 6727 3403 2098 555 0 1769 0
[pid=1306558] ppid=1306524 vsize=41392 memory=33444 CPUtime=6.12 cores=12-13
/proc/1306558/stat : 1306558 (clingo) R 1306524 1306524 1306175 0 -1 0 6678 0 0 0 612 0 0 0 20 0 1 0 923128667 42385408 8361 17179869184 93824992301056 93824992468925 140737488338416 0 0 0 134217728 4 25184771 0 0 0 17 12 0 0 0 0 0 93824992533936 93824992571272 93824992575488 140737488340183 140737488340354 140737488340354 140737488351170 0
/proc/1306558/statm: 10348 8361 2091 41 0 6427 0
Current children cumulated CPU time: 6.19 s
Current children cumulated vsize: 68300 KiB
Current children cumulated memory: 47056 KiB

[startup+12.7003 s]
/proc/loadavg: 14.37 14.26 14.01 15/861 1308062
/proc/meminfo: memFree=365088240/528004516 swapFree=8388604/8388604
[pid=1306524] ppid=1306521 vsize=26908 memory=13612 CPUtime=0.07 cores=12-13
/proc/1306524/stat : 1306524 (perf) S 1306521 1306524 1306175 0 -1 0 1738 237 0 0 6 1 0 0 20 0 1 0 923128659 27553792 3403 17179869184 93824994299904 93824996572973 140737488338256 0 0 0 134217728 4 74274 1 0 0 17 12 0 0 0 0 0 93824998874888 93825001005840 93825001308160 140737488340073 140737488340470 140737488340470 140737488351179 0
/proc/1306524/statm: 6727 3403 2098 555 0 1769 0
[pid=1306558] ppid=1306524 vsize=46796 memory=38812 CPUtime=12.52 cores=12-13
/proc/1306558/stat : 1306558 (clingo) R 1306524 1306524 1306175 0 -1 0 8318 0 0 0 1252 0 0 0 20 0 1 0 923128667 47919104 9703 17179869184 93824992301056 93824992468925 140737488338416 0 0 0 134217728 4 25184771 0 0 0 17 12 0 0 0 0 0 93824992533936 93824992571272 93824992575488 140737488340183 140737488340354 140737488340354 140737488351170 0
/proc/1306558/statm: 11699 9703 2091 41 0 7778 0
Current children cumulated CPU time: 12.59 s
Current children cumulated vsize: 73704 KiB
Current children cumulated memory: 52424 KiB

[startup+25.5004 s]
/proc/loadavg: 14.32 14.25 14.00 15/861 1308063
/proc/meminfo: memFree=364870816/528004516 swapFree=8388604/8388604
[pid=1306524] ppid=1306521 vsize=26908 memory=13612 CPUtime=0.07 cores=12-13
/proc/1306524/stat : 1306524 (perf) S 1306521 1306524 1306175 0 -1 0 1738 237 0 0 6 1 0 0 20 0 1 0 923128659 27553792 3403 17179869184 93824994299904 93824996572973 140737488338256 0 0 0 134217728 4 74274 1 0 0 17 12 0 0 0 0 0 93824998874888 93825001005840 93825001308160 140737488340073 140737488340470 140737488340470 140737488351179 0
/proc/1306524/statm: 6727 3403 2098 555 0 1769 0
[pid=1306558] ppid=1306524 vsize=56376 memory=48312 CPUtime=25.33 cores=12-13
/proc/1306558/stat : 1306558 (clingo) R 1306524 1306524 1306175 0 -1 0 11514 0 0 0 2532 1 0 0 20 0 1 0 923128667 57729024 12078 17179869184 93824992301056 93824992468925 140737488338416 0 0 0 134217728 4 25184771 0 0 0 17 12 0 0 0 0 0 93824992533936 93824992571272 93824992575488 140737488340183 140737488340354 140737488340354 140737488351170 0
/proc/1306558/statm: 14094 12078 2091 41 0 10173 0
Current children cumulated CPU time: 25.4 s
Current children cumulated vsize: 83284 KiB
Current children cumulated memory: 61924 KiB

[startup+51.1201 s]
/proc/loadavg: 14.25 14.24 14.01 15/865 1308172
/proc/meminfo: memFree=364513632/528004516 swapFree=8388604/8388604
[pid=1306524] ppid=1306521 vsize=26908 memory=13612 CPUtime=0.07 cores=12-13
/proc/1306524/stat : 1306524 (perf) S 1306521 1306524 1306175 0 -1 0 1738 237 0 0 6 1 0 0 20 0 1 0 923128659 27553792 3403 17179869184 93824994299904 93824996572973 140737488338256 0 0 0 134217728 4 74274 1 0 0 17 12 0 0 0 0 0 93824998874888 93825001005840 93825001308160 140737488340073 140737488340470 140737488340470 140737488351179 0
/proc/1306524/statm: 6727 3403 2098 555 0 1769 0
[pid=1306558] ppid=1306524 vsize=65100 memory=56724 CPUtime=50.94 cores=12-13
/proc/1306558/stat : 1306558 (clingo) R 1306524 1306524 1306175 0 -1 0 14273 0 0 0 5093 1 0 0 20 0 1 0 923128667 66662400 14181 17179869184 93824992301056 93824992468925 140737488338416 0 0 0 134217728 4 25184771 0 0 0 17 12 0 0 0 0 0 93824992533936 93824992571272 93824992575488 140737488340183 140737488340354 140737488340354 140737488351170 0
/proc/1306558/statm: 16275 14181 2091 41 0 12354 0
Current children cumulated CPU time: 51.01 s
Current children cumulated vsize: 92008 KiB
Current children cumulated memory: 70336 KiB

[startup+102.3 s]
/proc/loadavg: 14.16 14.22 14.01 15/866 1308176
/proc/meminfo: memFree=364145152/528004516 swapFree=8388604/8388604
[pid=1306524] ppid=1306521 vsize=26908 memory=13612 CPUtime=0.07 cores=12-13
/proc/1306524/stat : 1306524 (perf) S 1306521 1306524 1306175 0 -1 0 1738 237 0 0 6 1 0 0 20 0 1 0 923128659 27553792 3403 17179869184 93824994299904 93824996572973 140737488338256 0 0 0 134217728 4 74274 1 0 0 17 12 0 0 0 0 0 93824998874888 93825001005840 93825001308160 140737488340073 140737488340470 140737488340470 140737488351179 0
/proc/1306524/statm: 6727 3403 2098 555 0 1769 0
[pid=1306558] ppid=1306524 vsize=80152 memory=71960 CPUtime=102.13 cores=12-13
/proc/1306558/stat : 1306558 (clingo) R 1306524 1306524 1306175 0 -1 0 19875 0 0 0 10210 3 0 0 20 0 1 0 923128667 82075648 17990 17179869184 93824992301056 93824992468925 140737488338416 0 0 0 134217728 4 25184771 0 0 0 17 12 0 0 0 0 0 93824992533936 93824992571272 93824992575488 140737488340183 140737488340354 140737488340354 140737488351170 0
/proc/1306558/statm: 20038 17990 2091 41 0 16117 0
Current children cumulated CPU time: 102.2 s
Current children cumulated vsize: 107060 KiB
Current children cumulated memory: 85572 KiB

[startup+162.3 s]
/proc/loadavg: 14.55 14.34 14.07 15/866 1308179
/proc/meminfo: memFree=363766308/528004516 swapFree=8388604/8388604
[pid=1306524] ppid=1306521 vsize=26908 memory=13612 CPUtime=0.07 cores=12-13
/proc/1306524/stat : 1306524 (perf) S 1306521 1306524 1306175 0 -1 0 1738 237 0 0 6 1 0 0 20 0 1 0 923128659 27553792 3403 17179869184 93824994299904 93824996572973 140737488338256 0 0 0 134217728 4 74274 1 0 0 17 12 0 0 0 0 0 93824998874888 93825001005840 93825001308160 140737488340073 140737488340470 140737488340470 140737488351179 0
/proc/1306524/statm: 6727 3403 2098 555 0 1769 0
[pid=1306558] ppid=1306524 vsize=88296 memory=79916 CPUtime=162.12 cores=12-13
/proc/1306558/stat : 1306558 (clingo) R 1306524 1306524 1306175 0 -1 0 23582 0 0 0 16208 4 0 0 20 0 1 0 923128667 90415104 19979 17179869184 93824992301056 93824992468925 140737488338416 0 0 0 134217728 4 25184771 0 0 0 17 12 0 0 0 0 0 93824992533936 93824992571272 93824992575488 140737488340183 140737488340354 140737488340354 140737488351170 0
/proc/1306558/statm: 22074 19979 2091 41 0 18153 0
Current children cumulated CPU time: 162.19 s
Current children cumulated vsize: 115204 KiB
Current children cumulated memory: 93528 KiB

[startup+222.3 s]
/proc/loadavg: 14.26 14.29 14.07 15/866 1308183
/proc/meminfo: memFree=363615140/528004516 swapFree=8388604/8388604
[pid=1306524] ppid=1306521 vsize=26908 memory=13612 CPUtime=0.07 cores=12-13
/proc/1306524/stat : 1306524 (perf) S 1306521 1306524 1306175 0 -1 0 1738 237 0 0 6 1 0 0 20 0 1 0 923128659 27553792 3403 17179869184 93824994299904 93824996572973 140737488338256 0 0 0 134217728 4 74274 1 0 0 17 12 0 0 0 0 0 93824998874888 93825001005840 93825001308160 140737488340073 140737488340470 140737488340470 140737488351179 0
/proc/1306524/statm: 6727 3403 2098 555 0 1769 0
[pid=1306558] ppid=1306524 vsize=94800 memory=86704 CPUtime=222.12 cores=12-13
/proc/1306558/stat : 1306558 (clingo) R 1306524 1306524 1306175 0 -1 0 26186 0 0 0 22208 4 0 0 20 0 1 0 923128667 97075200 21676 17179869184 93824992301056 93824992468925 140737488338416 0 0 0 134217728 4 25184771 0 0 0 17 12 0 0 0 0 0 93824992533936 93824992571272 93824992575488 140737488340183 140737488340354 140737488340354 140737488351170 0
/proc/1306558/statm: 23700 21676 2091 41 0 19779 0
Current children cumulated CPU time: 222.19 s
Current children cumulated vsize: 121708 KiB
Current children cumulated memory: 100316 KiB

[startup+282.3 s]
/proc/loadavg: 14.17 14.25 14.07 15/866 1308184
/proc/meminfo: memFree=363399436/528004516 swapFree=8388604/8388604
[pid=1306524] ppid=1306521 vsize=26908 memory=13612 CPUtime=0.07 cores=12-13
/proc/1306524/stat : 1306524 (perf) S 1306521 1306524 1306175 0 -1 0 1738 237 0 0 6 1 0 0 20 0 1 0 923128659 27553792 3403 17179869184 93824994299904 93824996572973 140737488338256 0 0 0 134217728 4 74274 1 0 0 17 12 0 0 0 0 0 93824998874888 93825001005840 93825001308160 140737488340073 140737488340470 140737488340470 140737488351179 0
/proc/1306524/statm: 6727 3403 2098 555 0 1769 0
[pid=1306558] ppid=1306524 vsize=101828 memory=93672 CPUtime=282.12 cores=12-13
/proc/1306558/stat : 1306558 (clingo) R 1306524 1306524 1306175 0 -1 0 31420 0 0 0 28206 6 0 0 20 0 1 0 923128667 104271872 23418 17179869184 93824992301056 93824992468925 140737488338416 0 0 0 134217728 4 25184771 0 0 0 17 12 0 0 0 0 0 93824992533936 93824992571272 93824992575488 140737488340183 140737488340354 140737488340354 140737488351170 0
/proc/1306558/statm: 25457 23418 2091 41 0 21536 0
Current children cumulated CPU time: 282.19 s
Current children cumulated vsize: 128736 KiB
Current children cumulated memory: 107284 KiB

[startup+342.3 s]
/proc/loadavg: 14.12 14.22 14.07 15/842 1308189
/proc/meminfo: memFree=363296944/528004516 swapFree=8388604/8388604
[pid=1306524] ppid=1306521 vsize=26908 memory=13612 CPUtime=0.07 cores=12-13
/proc/1306524/stat : 1306524 (perf) S 1306521 1306524 1306175 0 -1 0 1738 237 0 0 6 1 0 0 20 0 1 0 923128659 27553792 3403 17179869184 93824994299904 93824996572973 140737488338256 0 0 0 134217728 4 74274 1 0 0 17 12 0 0 0 0 0 93824998874888 93825001005840 93825001308160 140737488340073 140737488340470 140737488340470 140737488351179 0
/proc/1306524/statm: 6727 3403 2098 555 0 1769 0
[pid=1306558] ppid=1306524 vsize=108840 memory=100460 CPUtime=342.13 cores=12-13
/proc/1306558/stat : 1306558 (clingo) R 1306524 1306524 1306175 0 -1 0 34753 0 0 0 34206 7 0 0 20 0 1 0 923128667 111452160 25115 17179869184 93824992301056 93824992468925 140737488338416 0 0 0 134217728 4 25184771 0 0 0 17 12 0 0 0 0 0 93824992533936 93824992571272 93824992575488 140737488340183 140737488340354 140737488340354 140737488351170 0
/proc/1306558/statm: 27210 25115 2091 41 0 23289 0
Current children cumulated CPU time: 342.2 s
Current children cumulated vsize: 135748 KiB
Current children cumulated memory: 114072 KiB

[startup+402.3 s]
/proc/loadavg: 14.04 14.18 14.06 15/834 1308193
/proc/meminfo: memFree=363173984/528004516 swapFree=8388604/8388604
[pid=1306524] ppid=1306521 vsize=26908 memory=13612 CPUtime=0.07 cores=12-13
/proc/1306524/stat : 1306524 (perf) S 1306521 1306524 1306175 0 -1 0 1738 237 0 0 6 1 0 0 20 0 1 0 923128659 27553792 3403 17179869184 93824994299904 93824996572973 140737488338256 0 0 0 134217728 4 74274 1 0 0 17 12 0 0 0 0 0 93824998874888 93825001005840 93825001308160 140737488340073 140737488340470 140737488340470 140737488351179 0
/proc/1306524/statm: 6727 3403 2098 555 0 1769 0
[pid=1306558] ppid=1306524 vsize=112480 memory=104192 CPUtime=402.13 cores=12-13
/proc/1306558/stat : 1306558 (clingo) R 1306524 1306524 1306175 0 -1 0 36451 0 0 0 40205 8 0 0 20 0 1 0 923128667 115179520 26048 17179869184 93824992301056 93824992468925 140737488338416 0 0 0 134217728 4 25184771 0 0 0 17 12 0 0 0 0 0 93824992533936 93824992571272 93824992575488 140737488340183 140737488340354 140737488340354 140737488351170 0
/proc/1306558/statm: 28120 26048 2091 41 0 24199 0
Current children cumulated CPU time: 402.2 s
Current children cumulated vsize: 139388 KiB
Current children cumulated memory: 117804 KiB

[startup+462.3 s]
/proc/loadavg: 14.27 14.21 14.08 15/835 1308198
/proc/meminfo: memFree=363064632/528004516 swapFree=8388604/8388604
[pid=1306524] ppid=1306521 vsize=26908 memory=13612 CPUtime=0.07 cores=12-13
/proc/1306524/stat : 1306524 (perf) S 1306521 1306524 1306175 0 -1 0 1738 237 0 0 6 1 0 0 20 0 1 0 923128659 27553792 3403 17179869184 93824994299904 93824996572973 140737488338256 0 0 0 134217728 4 74274 1 0 0 17 12 0 0 0 0 0 93824998874888 93825001005840 93825001308160 140737488340073 140737488340470 140737488340470 140737488351179 0
/proc/1306524/statm: 6727 3403 2098 555 0 1769 0
[pid=1306558] ppid=1306524 vsize=118336 memory=110044 CPUtime=462.12 cores=12-13
/proc/1306558/stat : 1306558 (clingo) R 1306524 1306524 1306175 0 -1 0 39262 0 0 0 46204 8 0 0 20 0 1 0 923128667 121176064 27511 17179869184 93824992301056 93824992468925 140737488338416 0 0 0 134217728 4 25184771 0 0 0 17 12 0 0 0 0 0 93824992533936 93824992571272 93824992575488 140737488340183 140737488340354 140737488340354 140737488351170 0
/proc/1306558/statm: 29584 27511 2091 41 0 25663 0
Current children cumulated CPU time: 462.19 s
Current children cumulated vsize: 145244 KiB
Current children cumulated memory: 123656 KiB

[startup+522.3 s]
/proc/loadavg: 14.16 14.19 14.08 15/836 1308202
/proc/meminfo: memFree=362978420/528004516 swapFree=8388604/8388604
[pid=1306524] ppid=1306521 vsize=26908 memory=13612 CPUtime=0.07 cores=12-13
/proc/1306524/stat : 1306524 (perf) S 1306521 1306524 1306175 0 -1 0 1738 237 0 0 6 1 0 0 20 0 1 0 923128659 27553792 3403 17179869184 93824994299904 93824996572973 140737488338256 0 0 0 134217728 4 74274 1 0 0 17 12 0 0 0 0 0 93824998874888 93825001005840 93825001308160 140737488340073 140737488340470 140737488340470 140737488351179 0
/proc/1306524/statm: 6727 3403 2098 555 0 1769 0
[pid=1306558] ppid=1306524 vsize=120960 memory=112660 CPUtime=522.12 cores=12-13
/proc/1306558/stat : 1306558 (clingo) R 1306524 1306524 1306175 0 -1 0 40947 0 0 0 52204 8 0 0 20 0 1 0 923128667 123863040 28165 17179869184 93824992301056 93824992468925 140737488338416 0 0 0 134217728 4 25184771 0 0 0 17 12 0 0 0 0 0 93824992533936 93824992571272 93824992575488 140737488340183 140737488340354 140737488340354 140737488351170 0
/proc/1306558/statm: 30240 28165 2091 41 0 26319 0
Current children cumulated CPU time: 522.19 s
Current children cumulated vsize: 147868 KiB
Current children cumulated memory: 126272 KiB

[startup+582.3 s]
/proc/loadavg: 14.32 14.22 14.10 15/836 1308206
/proc/meminfo: memFree=362918696/528004516 swapFree=8388604/8388604
[pid=1306524] ppid=1306521 vsize=26908 memory=13612 CPUtime=0.07 cores=12-13
/proc/1306524/stat : 1306524 (perf) S 1306521 1306524 1306175 0 -1 0 1738 237 0 0 6 1 0 0 20 0 1 0 923128659 27553792 3403 17179869184 93824994299904 93824996572973 140737488338256 0 0 0 134217728 4 74274 1 0 0 17 12 0 0 0 0 0 93824998874888 93825001005840 93825001308160 140737488340073 140737488340470 140737488340470 140737488351179 0
/proc/1306524/statm: 6727 3403 2098 555 0 1769 0
[pid=1306558] ppid=1306524 vsize=124416 memory=116124 CPUtime=582.13 cores=12-13
/proc/1306558/stat : 1306558 (clingo) R 1306524 1306524 1306175 0 -1 0 43451 0 0 0 58204 9 0 0 20 0 1 0 923128667 127401984 29031 17179869184 93824992301056 93824992468925 140737488338416 0 0 0 134217728 4 25184771 0 0 0 17 12 0 0 0 0 0 93824992533936 93824992571272 93824992575488 140737488340183 140737488340354 140737488340354 140737488351170 0
/proc/1306558/statm: 31104 29031 2091 41 0 27183 0
Current children cumulated CPU time: 582.2 s
Current children cumulated vsize: 151324 KiB
Current children cumulated memory: 129736 KiB

[startup+642.3 s]
/proc/loadavg: 14.37 14.26 14.12 15/836 1308207
/proc/meminfo: memFree=362741096/528004516 swapFree=8388604/8388604
[pid=1306524] ppid=1306521 vsize=26908 memory=13612 CPUtime=0.07 cores=12-13
/proc/1306524/stat : 1306524 (perf) S 1306521 1306524 1306175 0 -1 0 1738 237 0 0 6 1 0 0 20 0 1 0 923128659 27553792 3403 17179869184 93824994299904 93824996572973 140737488338256 0 0 0 134217728 4 74274 1 0 0 17 12 0 0 0 0 0 93824998874888 93825001005840 93825001308160 140737488340073 140737488340470 140737488340470 140737488351179 0
/proc/1306524/statm: 6727 3403 2098 555 0 1769 0
[pid=1306558] ppid=1306524 vsize=128636 memory=120280 CPUtime=642.12 cores=12-13
/proc/1306558/stat : 1306558 (clingo) R 1306524 1306524 1306175 0 -1 0 45955 0 0 0 64203 9 0 0 20 0 1 0 923128667 131723264 30070 17179869184 93824992301056 93824992468925 140737488338416 0 0 0 134217728 4 25184771 0 0 0 17 12 0 0 0 0 0 93824992533936 93824992571272 93824992575488 140737488340183 140737488340354 140737488340354 140737488351170 0
/proc/1306558/statm: 32159 30070 2091 41 0 28238 0
Current children cumulated CPU time: 642.19 s
Current children cumulated vsize: 155544 KiB
Current children cumulated memory: 133892 KiB

[startup+702.3 s]
/proc/loadavg: 14.46 14.31 14.15 15/836 1308209
/proc/meminfo: memFree=362721220/528004516 swapFree=8388604/8388604
[pid=1306524] ppid=1306521 vsize=26908 memory=13612 CPUtime=0.07 cores=12-13
/proc/1306524/stat : 1306524 (perf) S 1306521 1306524 1306175 0 -1 0 1738 237 0 0 6 1 0 0 20 0 1 0 923128659 27553792 3403 17179869184 93824994299904 93824996572973 140737488338256 0 0 0 134217728 4 74274 1 0 0 17 12 0 0 0 0 0 93824998874888 93825001005840 93825001308160 140737488340073 140737488340470 140737488340470 140737488351179 0
/proc/1306524/statm: 6727 3403 2098 555 0 1769 0
[pid=1306558] ppid=1306524 vsize=132368 memory=123932 CPUtime=702.13 cores=12-13
/proc/1306558/stat : 1306558 (clingo) R 1306524 1306524 1306175 0 -1 0 47898 0 0 0 70203 10 0 0 20 0 1 0 923128667 135544832 30983 17179869184 93824992301056 93824992468925 140737488338416 0 0 0 134217728 4 25184771 0 0 0 17 12 0 0 0 0 0 93824992533936 93824992571272 93824992575488 140737488340183 140737488340354 140737488340354 140737488351170 0
/proc/1306558/statm: 33092 30983 2091 41 0 29171 0
Current children cumulated CPU time: 702.2 s
Current children cumulated vsize: 159276 KiB
Current children cumulated memory: 137544 KiB

[startup+762.3 s]
/proc/loadavg: 14.17 14.25 14.14 15/841 1308323
/proc/meminfo: memFree=362837620/528004516 swapFree=8388604/8388604
[pid=1306524] ppid=1306521 vsize=26908 memory=13612 CPUtime=0.07 cores=12-13
/proc/1306524/stat : 1306524 (perf) S 1306521 1306524 1306175 0 -1 0 1738 237 0 0 6 1 0 0 20 0 1 0 923128659 27553792 3403 17179869184 93824994299904 93824996572973 140737488338256 0 0 0 134217728 4 74274 1 0 0 17 12 0 0 0 0 0 93824998874888 93825001005840 93825001308160 140737488340073 140737488340470 140737488340470 140737488351179 0
/proc/1306524/statm: 6727 3403 2098 555 0 1769 0
[pid=1306558] ppid=1306524 vsize=135864 memory=127592 CPUtime=762.12 cores=12-13
/proc/1306558/stat : 1306558 (clingo) R 1306524 1306524 1306175 0 -1 0 50383 0 0 0 76202 10 0 0 20 0 1 0 923128667 139124736 31898 17179869184 93824992301056 93824992468925 140737488338416 0 0 0 134217728 4 25184771 0 0 0 17 12 0 0 0 0 0 93824992533936 93824992571272 93824992575488 140737488340183 140737488340354 140737488340354 140737488351170 0
/proc/1306558/statm: 33966 31898 2091 41 0 30045 0
Current children cumulated CPU time: 762.19 s
Current children cumulated vsize: 162772 KiB
Current children cumulated memory: 141204 KiB

[startup+822.3 s]
/proc/loadavg: 14.06 14.20 14.12 15/846 1308330
/proc/meminfo: memFree=362777644/528004516 swapFree=8388604/8388604
[pid=1306524] ppid=1306521 vsize=26908 memory=13612 CPUtime=0.07 cores=12-13
/proc/1306524/stat : 1306524 (perf) S 1306521 1306524 1306175 0 -1 0 1738 237 0 0 6 1 0 0 20 0 1 0 923128659 27553792 3403 17179869184 93824994299904 93824996572973 140737488338256 0 0 0 134217728 4 74274 1 0 0 17 12 0 0 0 0 0 93824998874888 93825001005840 93825001308160 140737488340073 140737488340470 140737488340470 140737488351179 0
/proc/1306524/statm: 6727 3403 2098 555 0 1769 0
[pid=1306558] ppid=1306524 vsize=137564 memory=129304 CPUtime=822.12 cores=12-13
/proc/1306558/stat : 1306558 (clingo) R 1306524 1306524 1306175 0 -1 0 51916 0 0 0 82202 10 0 0 20 0 1 0 923128667 140865536 32326 17179869184 93824992301056 93824992468925 140737488338416 0 0 0 134217728 4 25184771 0 0 0 17 12 0 0 0 0 0 93824992533936 93824992571272 93824992575488 140737488340183 140737488340354 140737488340354 140737488351170 0
/proc/1306558/statm: 34391 32326 2091 41 0 30470 0
Current children cumulated CPU time: 822.19 s
Current children cumulated vsize: 164472 KiB
Current children cumulated memory: 142916 KiB

[startup+882.3 s]
/proc/loadavg: 14.10 14.18 14.12 15/846 1308374
/proc/meminfo: memFree=362718528/528004516 swapFree=8388604/8388604
[pid=1306524] ppid=1306521 vsize=26908 memory=13612 CPUtime=0.07 cores=12-13
/proc/1306524/stat : 1306524 (perf) S 1306521 1306524 1306175 0 -1 0 1738 237 0 0 6 1 0 0 20 0 1 0 923128659 27553792 3403 17179869184 93824994299904 93824996572973 140737488338256 0 0 0 134217728 4 74274 1 0 0 17 12 0 0 0 0 0 93824998874888 93825001005840 93825001308160 140737488340073 140737488340470 140737488340470 140737488351179 0
/proc/1306524/statm: 6727 3403 2098 555 0 1769 0
[pid=1306558] ppid=1306524 vsize=144124 memory=135820 CPUtime=882.12 cores=12-13
/proc/1306558/stat : 1306558 (clingo) R 1306524 1306524 1306175 0 -1 0 55617 0 0 0 88201 11 0 0 20 0 1 0 923128667 147582976 33955 17179869184 93824992301056 93824992468925 140737488338416 0 0 0 134217728 4 25184771 0 0 0 17 12 0 0 0 0 0 93824992533936 93824992571272 93824992575488 140737488340183 140737488340354 140737488340354 140737488351170 0
/proc/1306558/statm: 36031 33955 2091 41 0 32110 0
Current children cumulated CPU time: 882.19 s
Current children cumulated vsize: 171032 KiB
Current children cumulated memory: 149432 KiB

[startup+942.3 s]
/proc/loadavg: 14.34 14.26 14.15 15/846 1308375
/proc/meminfo: memFree=362573412/528004516 swapFree=8388604/8388604
[pid=1306524] ppid=1306521 vsize=26908 memory=13612 CPUtime=0.07 cores=12-13
/proc/1306524/stat : 1306524 (perf) S 1306521 1306524 1306175 0 -1 0 1738 237 0 0 6 1 0 0 20 0 1 0 923128659 27553792 3403 17179869184 93824994299904 93824996572973 140737488338256 0 0 0 134217728 4 74274 1 0 0 17 12 0 0 0 0 0 93824998874888 93825001005840 93825001308160 140737488340073 140737488340470 140737488340470 140737488351179 0
/proc/1306524/statm: 6727 3403 2098 555 0 1769 0
[pid=1306558] ppid=1306524 vsize=145324 memory=137048 CPUtime=942.12 cores=12-13
/proc/1306558/stat : 1306558 (clingo) R 1306524 1306524 1306175 0 -1 0 57029 0 0 0 94201 11 0 0 20 0 1 0 923128667 148811776 34262 17179869184 93824992301056 93824992468925 140737488338416 0 0 0 134217728 4 25184771 0 0 0 17 12 0 0 0 0 0 93824992533936 93824992571272 93824992575488 140737488340183 140737488340354 140737488340354 140737488351170 0
/proc/1306558/statm: 36331 34262 2091 41 0 32410 0
Current children cumulated CPU time: 942.19 s
Current children cumulated vsize: 172232 KiB
Current children cumulated memory: 150660 KiB

[startup+1002.3 s]
/proc/loadavg: 14.40 14.29 14.17 15/847 1308377
/proc/meminfo: memFree=362483956/528004516 swapFree=8388604/8388604
[pid=1306524] ppid=1306521 vsize=26908 memory=13612 CPUtime=0.07 cores=12-13
/proc/1306524/stat : 1306524 (perf) S 1306521 1306524 1306175 0 -1 0 1738 237 0 0 6 1 0 0 20 0 1 0 923128659 27553792 3403 17179869184 93824994299904 93824996572973 140737488338256 0 0 0 134217728 4 74274 1 0 0 17 12 0 0 0 0 0 93824998874888 93825001005840 93825001308160 140737488340073 140737488340470 140737488340470 140737488351179 0
/proc/1306524/statm: 6727 3403 2098 555 0 1769 0
[pid=1306558] ppid=1306524 vsize=145776 memory=137280 CPUtime=1002.12 cores=12-13
/proc/1306558/stat : 1306558 (clingo) R 1306524 1306524 1306175 0 -1 0 57824 0 0 0 100201 11 0 0 20 0 1 0 923128667 149274624 34320 17179869184 93824992301056 93824992468925 140737488338416 0 0 0 134217728 4 25184771 0 0 0 17 12 0 0 0 0 0 93824992533936 93824992571272 93824992575488 140737488340183 140737488340354 140737488340354 140737488351170 0
/proc/1306558/statm: 36444 34320 2091 41 0 32523 0
Current children cumulated CPU time: 1002.19 s
Current children cumulated vsize: 172684 KiB
Current children cumulated memory: 150892 KiB

[startup+1062.3 s]
/proc/loadavg: 14.41 14.31 14.18 15/843 1308382
/proc/meminfo: memFree=362374072/528004516 swapFree=8388604/8388604
[pid=1306524] ppid=1306521 vsize=26908 memory=13612 CPUtime=0.07 cores=12-13
/proc/1306524/stat : 1306524 (perf) S 1306521 1306524 1306175 0 -1 0 1738 237 0 0 6 1 0 0 20 0 1 0 923128659 27553792 3403 17179869184 93824994299904 93824996572973 140737488338256 0 0 0 134217728 4 74274 1 0 0 17 12 0 0 0 0 0 93824998874888 93825001005840 93825001308160 140737488340073 140737488340470 140737488340470 140737488351179 0
/proc/1306524/statm: 6727 3403 2098 555 0 1769 0
[pid=1306558] ppid=1306524 vsize=155244 memory=146988 CPUtime=1062.13 cores=12-13
/proc/1306558/stat : 1306558 (clingo) R 1306524 1306524 1306175 0 -1 0 61611 0 0 0 106201 12 0 0 20 0 1 0 923128667 158969856 36747 17179869184 93824992301056 93824992468925 140737488338416 0 0 0 134217728 4 25184771 0 0 0 17 12 0 0 0 0 0 93824992533936 93824992571272 93824992575488 140737488340183 140737488340354 140737488340354 140737488351170 0
/proc/1306558/statm: 38811 36747 2091 41 0 34890 0
Current children cumulated CPU time: 1062.2 s
Current children cumulated vsize: 182152 KiB
Current children cumulated memory: 160600 KiB

[startup+1122.3 s]
/proc/loadavg: 14.35 14.33 14.20 15/846 1308398
/proc/meminfo: memFree=362303044/528004516 swapFree=8388604/8388604
[pid=1306524] ppid=1306521 vsize=26908 memory=13612 CPUtime=0.07 cores=12-13
/proc/1306524/stat : 1306524 (perf) S 1306521 1306524 1306175 0 -1 0 1738 237 0 0 6 1 0 0 20 0 1 0 923128659 27553792 3403 17179869184 93824994299904 93824996572973 140737488338256 0 0 0 134217728 4 74274 1 0 0 17 12 0 0 0 0 0 93824998874888 93825001005840 93825001308160 140737488340073 140737488340470 140737488340470 140737488351179 0
/proc/1306524/statm: 6727 3403 2098 555 0 1769 0
[pid=1306558] ppid=1306524 vsize=155244 memory=146988 CPUtime=1122.13 cores=12-13
/proc/1306558/stat : 1306558 (clingo) R 1306524 1306524 1306175 0 -1 0 61617 0 0 0 112201 12 0 0 20 0 1 0 923128667 158969856 36747 17179869184 93824992301056 93824992468925 140737488338416 0 0 0 134217728 4 25184771 0 0 0 17 12 0 0 0 0 0 93824992533936 93824992571272 93824992575488 140737488340183 140737488340354 140737488340354 140737488351170 0
/proc/1306558/statm: 38811 36747 2091 41 0 34890 0
Current children cumulated CPU time: 1122.2 s
Current children cumulated vsize: 182152 KiB
Current children cumulated memory: 160600 KiB

[startup+1182.3 s]
/proc/loadavg: 14.92 14.45 14.24 15/845 1308400
/proc/meminfo: memFree=362234488/528004516 swapFree=8388604/8388604
[pid=1306524] ppid=1306521 vsize=26908 memory=13612 CPUtime=0.07 cores=12-13
/proc/1306524/stat : 1306524 (perf) S 1306521 1306524 1306175 0 -1 0 1738 237 0 0 6 1 0 0 20 0 1 0 923128659 27553792 3403 17179869184 93824994299904 93824996572973 140737488338256 0 0 0 134217728 4 74274 1 0 0 17 12 0 0 0 0 0 93824998874888 93825001005840 93825001308160 140737488340073 140737488340470 140737488340470 140737488351179 0
/proc/1306524/statm: 6727 3403 2098 555 0 1769 0
[pid=1306558] ppid=1306524 vsize=156168 memory=147776 CPUtime=1182.13 cores=12-13
/proc/1306558/stat : 1306558 (clingo) R 1306524 1306524 1306175 0 -1 0 61849 0 0 0 118201 12 0 0 20 0 1 0 923128667 159916032 36944 17179869184 93824992301056 93824992468925 140737488338416 0 0 0 134217728 4 25184771 0 0 0 17 12 0 0 0 0 0 93824992533936 93824992571272 93824992575488 140737488340183 140737488340354 140737488340354 140737488351170 0
/proc/1306558/statm: 39042 36944 2091 41 0 35121 0
Current children cumulated CPU time: 1182.2 s
Current children cumulated vsize: 183076 KiB
Current children cumulated memory: 161388 KiB



Maximum wall clock time exceeded: sending SIGTERM then SIGKILL

[startup+1205 s]*
/proc/loadavg: 15.06 14.51 14.27 15/845 1308400
/proc/meminfo: memFree=362198864/528004516 swapFree=8388604/8388604
[pid=1306524] ppid=1306521 vsize=26908 memory=13612 CPUtime=0.07 cores=12-13
/proc/1306524/stat : 1306524 (perf) S 1306521 1306524 1306175 0 -1 0 1738 237 0 0 6 1 0 0 20 0 1 0 923128659 27553792 3403 17179869184 93824994299904 93824996572973 140737488338256 0 0 0 134217728 4 74274 1 0 0 17 12 0 0 0 0 0 93824998874888 93825001005840 93825001308160 140737488340073 140737488340470 140737488340470 140737488351179 0
/proc/1306524/statm: 6727 3403 2098 555 0 1769 0
[pid=1306558] ppid=1306524 vsize=156168 memory=147776 CPUtime=1204.84 cores=12-13
/proc/1306558/stat : 1306558 (clingo) R 1306524 1306524 1306175 0 -1 0 61849 0 0 0 120472 12 0 0 20 0 1 0 923128667 159916032 36944 17179869184 93824992301056 93824992468925 140737488338416 0 0 0 134217728 4 25184771 0 0 0 17 12 0 0 0 0 0 93824992533936 93824992571272 93824992575488 140737488340183 140737488340354 140737488340354 140737488351170 0
/proc/1306558/statm: 39042 36944 2091 41 0 35121 0
Current children cumulated CPU time: 1204.91 s
Current children cumulated vsize: 183076 KiB
Current children cumulated memory: 161388 KiB

Sending SIGINT to process tree (bottom up)
Sleeping 5 seconds

[startup+1205.03 s]
# the end of solver process 1306524 was just reported to runsolver
# cumulated CPU time of all completed processes:  user=1204.8 s, system=0.144444 s

Solver just ended.
??? end of watcher thread
Dumping a history of the last processes samples

Child status: 1
Real time (s): 1205.03
CPU time (s): 1204.94
CPU user time (s): 1204.8
CPU system time (s): 0.144444
CPU usage (%): 99.9927
Max. virtual memory (cumulated for all children) (KiB): 184736
Max. memory (cumulated for all children) (KiB): 162972

getrusage(RUSAGE_CHILDREN,...) data:
user time used= 1204.8
system time used= 0.144444
maximum resident set size= 149360
integral shared memory size= 0
integral unshared data size= 0
integral unshared stack size= 0
page reclaims= 63864
page faults= 0
swaps= 0
block input operations= 0
block output operations= 0
messages sent= 0
messages received= 0
signals received= 0
voluntary context switches= 37
involuntary context switches= 773


# summary of solver processes directly reported to runsolver:
#   pid: 1306524
#   total CPU time (s): 1204.94
#   total CPU user time (s): 1204.8
#   total CPU system time (s): 0.144444

??? end of timestamper thread
runsolver used 8.64337 second user time and 16.8686 second system time

The end
