runsolver version 3.4.0 (svn: 3018) Copyright (C) 2010-2013 Olivier ROUSSEL

This program is distributed in the hope that it will be useful,
but WITHOUT ANY WARRANTY; without even the implied warranty of
MERCHANTABILITY or FITNESS FOR A PARTICULAR PURPOSE.  See the
GNU General Public License for more details.

NUMA information:
  number of nodes: 2
  memory of node 0: 257635 MiB (181662 MiB free)
  memory of node 1: 257994 MiB (175393 MiB free)
  node distances:
     10  20
     20  10

command line: /dev/shm/3754d77c-2e81-11f1-ac62-000c298f4621/input/runsolver -w /dev/shm/3754d77c-2e81-11f1-ac62-000c298f4621/output/runsolver.log -v /dev/shm/3754d77c-2e81-11f1-ac62-000c298f4621/output/varfile.log -W 1205 --rss-swap-limit 16384 -d 5 --sigint /usr/bin/perf stat -B -e task-clock,cache-references,cache-misses,cycles,instructions,branches,faults,migrations,context-switches -o /dev/shm/3754d77c-2e81-11f1-ac62-000c298f4621/output/perf.log clingo /home/guests/mmacri/AMOSUM/benchmarks/GraphColouring/encoding-plain-amo.asp /dev/shm/3754d77c-2e81-11f1-ac62-000c298f4621/input/0022-graph_colouring-135-0_5184.asp 

running on 2 cores: 24-25

Enforcing wall clock limit (soft limit, will send SIGTERM then SIGKILL): 1205 seconds
Enforcing RSS+Swap limit (soft limit, will send SIGTERM then SIGKILL): 16777216 KiB
Linux 5.15.0-131-generic
solver pid=1304759, runsolver pid=1304756
Current StackSize limit: 8192 KiB


[startup+0.100068 s]*
/proc/loadavg: 13.98 14.21 13.25 20/833 1304766
/proc/meminfo: memFree=365609612/528004516 swapFree=8388604/8388604
[pid=1304759] ppid=1304756 vsize=26908 memory=13536 CPUtime=0.07 cores=24-25
/proc/1304759/stat : 1304759 (perf) S 1304756 1304759 1304516 0 -1 0 1750 237 0 0 6 1 0 0 20 0 1 0 923008132 27553792 3384 17179869184 93824994299904 93824996572973 140737488338256 0 0 0 134217728 4 74274 1 0 0 17 24 0 0 0 0 0 93824998874888 93825001005840 93825001308160 140737488340073 140737488340470 140737488340470 140737488351179 0
/proc/1304759/statm: 6727 3384 2079 555 0 1769 0
[pid=1304765] ppid=1304759 vsize=20100 memory=11524 CPUtime=0.02 cores=24-25
/proc/1304765/stat : 1304765 (clingo) R 1304759 1304759 1304516 0 -1 0 1293 0 2 0 2 0 0 0 20 0 1 0 923008140 20582400 2881 17179869184 93824992301056 93824992468925 140737488338416 0 0 0 134217728 4 25184771 0 0 0 17 25 0 0 0 0 0 93824992533936 93824992571272 93824992575488 140737488340183 140737488340354 140737488340354 140737488351170 0
/proc/1304765/statm: 5025 2881 1989 41 0 1104 0
Current children cumulated CPU time: 0.09 s
Current children cumulated vsize: 47008 KiB
Current children cumulated memory: 25060 KiB

[startup+0.235589 s]*
/proc/loadavg: 13.98 14.21 13.25 18/831 1304766
/proc/meminfo: memFree=365593492/528004516 swapFree=8388604/8388604
[pid=1304759] ppid=1304756 vsize=26908 memory=13536 CPUtime=0.07 cores=24-25
/proc/1304759/stat : 1304759 (perf) S 1304756 1304759 1304516 0 -1 0 1750 237 0 0 6 1 0 0 20 0 1 0 923008132 27553792 3384 17179869184 93824994299904 93824996572973 140737488338256 0 0 0 134217728 4 74274 1 0 0 17 24 0 0 0 0 0 93824998874888 93825001005840 93825001308160 140737488340073 140737488340470 140737488340470 140737488351179 0
/proc/1304759/statm: 6727 3384 2079 555 0 1769 0
[pid=1304765] ppid=1304759 vsize=24912 memory=16664 CPUtime=0.14 cores=24-25
/proc/1304765/stat : 1304765 (clingo) R 1304759 1304759 1304516 0 -1 0 2511 0 2 0 14 0 0 0 20 0 1 0 923008140 25509888 4166 17179869184 93824992301056 93824992468925 140737488338416 0 0 0 134217728 4 25184771 0 0 0 17 25 0 0 0 0 0 93824992533936 93824992571272 93824992575488 140737488340183 140737488340354 140737488340354 140737488351170 0
/proc/1304765/statm: 6228 4166 2025 41 0 2307 0
Current children cumulated CPU time: 0.21 s
Current children cumulated vsize: 51820 KiB
Current children cumulated memory: 30200 KiB

[startup+0.33485 s]*
/proc/loadavg: 13.98 14.21 13.25 17/819 1304781
/proc/meminfo: memFree=365581144/528004516 swapFree=8388604/8388604
[pid=1304759] ppid=1304756 vsize=26908 memory=13536 CPUtime=0.07 cores=24-25
/proc/1304759/stat : 1304759 (perf) S 1304756 1304759 1304516 0 -1 0 1750 237 0 0 6 1 0 0 20 0 1 0 923008132 27553792 3384 17179869184 93824994299904 93824996572973 140737488338256 0 0 0 134217728 4 74274 1 0 0 17 24 0 0 0 0 0 93824998874888 93825001005840 93825001308160 140737488340073 140737488340470 140737488340470 140737488351179 0
/proc/1304759/statm: 6727 3384 2079 555 0 1769 0
[pid=1304765] ppid=1304759 vsize=25968 memory=17720 CPUtime=0.22 cores=24-25
/proc/1304765/stat : 1304765 (clingo) R 1304759 1304759 1304516 0 -1 0 2763 0 2 0 21 1 0 0 20 0 1 0 923008140 26591232 4430 17179869184 93824992301056 93824992468925 140737488338416 0 0 0 134217728 4 25184771 0 0 0 17 24 0 0 0 0 0 93824992533936 93824992571272 93824992575488 140737488340183 140737488340354 140737488340354 140737488351170 0
/proc/1304765/statm: 6492 4430 2025 41 0 2571 0
Current children cumulated CPU time: 0.29 s
Current children cumulated vsize: 52876 KiB
Current children cumulated memory: 31256 KiB

[startup+0.700319 s]
/proc/loadavg: 13.98 14.21 13.25 13/824 1304827
/proc/meminfo: memFree=365573584/528004516 swapFree=8388604/8388604
[pid=1304759] ppid=1304756 vsize=26908 memory=13536 CPUtime=0.07 cores=24-25
/proc/1304759/stat : 1304759 (perf) S 1304756 1304759 1304516 0 -1 0 1750 237 0 0 6 1 0 0 20 0 1 0 923008132 27553792 3384 17179869184 93824994299904 93824996572973 140737488338256 0 0 0 134217728 4 74274 1 0 0 17 24 0 0 0 0 0 93824998874888 93825001005840 93825001308160 140737488340073 140737488340470 140737488340470 140737488351179 0
/proc/1304759/statm: 6727 3384 2079 555 0 1769 0
[pid=1304765] ppid=1304759 vsize=28088 memory=19832 CPUtime=0.57 cores=24-25
/proc/1304765/stat : 1304765 (clingo) R 1304759 1304759 1304516 0 -1 0 3307 0 2 0 56 1 0 0 20 0 1 0 923008140 28762112 4958 17179869184 93824992301056 93824992468925 140737488338416 0 0 0 134217728 4 25184771 0 0 0 17 24 0 0 0 0 0 93824992533936 93824992571272 93824992575488 140737488340183 140737488340354 140737488340354 140737488351170 0
/proc/1304765/statm: 7022 4958 2025 41 0 3101 0
Current children cumulated CPU time: 0.64 s
Current children cumulated vsize: 54996 KiB
Current children cumulated memory: 33368 KiB

[startup+1.50035 s]
/proc/loadavg: 13.98 14.21 13.25 16/831 1304967
/proc/meminfo: memFree=365517904/528004516 swapFree=8388604/8388604
[pid=1304759] ppid=1304756 vsize=26908 memory=13536 CPUtime=0.07 cores=24-25
/proc/1304759/stat : 1304759 (perf) S 1304756 1304759 1304516 0 -1 0 1750 237 0 0 6 1 0 0 20 0 1 0 923008132 27553792 3384 17179869184 93824994299904 93824996572973 140737488338256 0 0 0 134217728 4 74274 1 0 0 17 24 0 0 0 0 0 93824998874888 93825001005840 93825001308160 140737488340073 140737488340470 140737488340470 140737488351179 0
/proc/1304759/statm: 6727 3384 2079 555 0 1769 0
[pid=1304765] ppid=1304759 vsize=30220 memory=21944 CPUtime=1.37 cores=24-25
/proc/1304765/stat : 1304765 (clingo) R 1304759 1304759 1304516 0 -1 0 3818 0 2 0 136 1 0 0 20 0 1 0 923008140 30945280 5486 17179869184 93824992301056 93824992468925 140737488338416 0 0 0 134217728 4 25184771 0 0 0 17 24 0 0 0 0 0 93824992533936 93824992571272 93824992575488 140737488340183 140737488340354 140737488340354 140737488351170 0
/proc/1304765/statm: 7555 5486 2025 41 0 3634 0
Current children cumulated CPU time: 1.44 s
Current children cumulated vsize: 57128 KiB
Current children cumulated memory: 35480 KiB

[startup+3.11818 s]
/proc/loadavg: 13.98 14.21 13.25 14/828 1305241
/proc/meminfo: memFree=365642176/528004516 swapFree=8388604/8388604
[pid=1304759] ppid=1304756 vsize=26908 memory=13536 CPUtime=0.07 cores=24-25
/proc/1304759/stat : 1304759 (perf) S 1304756 1304759 1304516 0 -1 0 1750 237 0 0 6 1 0 0 20 0 1 0 923008132 27553792 3384 17179869184 93824994299904 93824996572973 140737488338256 0 0 0 134217728 4 74274 1 0 0 17 24 0 0 0 0 0 93824998874888 93825001005840 93825001308160 140737488340073 140737488340470 140737488340470 140737488351179 0
/proc/1304759/statm: 6727 3384 2079 555 0 1769 0
[pid=1304765] ppid=1304759 vsize=31968 memory=23528 CPUtime=2.99 cores=24-25
/proc/1304765/stat : 1304765 (clingo) R 1304759 1304759 1304516 0 -1 0 4240 0 2 0 298 1 0 0 20 0 1 0 923008140 32735232 5882 17179869184 93824992301056 93824992468925 140737488338416 0 0 0 134217728 4 25184771 0 0 0 17 24 0 0 0 0 0 93824992533936 93824992571272 93824992575488 140737488340183 140737488340354 140737488340354 140737488351170 0
/proc/1304765/statm: 7992 5882 2025 41 0 4071 0
Current children cumulated CPU time: 3.06 s
Current children cumulated vsize: 58876 KiB
Current children cumulated memory: 37064 KiB

[startup+6.30028 s]
/proc/loadavg: 14.06 14.22 13.26 15/835 1305489
/proc/meminfo: memFree=365627976/528004516 swapFree=8388604/8388604
[pid=1304759] ppid=1304756 vsize=26908 memory=13536 CPUtime=0.07 cores=24-25
/proc/1304759/stat : 1304759 (perf) S 1304756 1304759 1304516 0 -1 0 1750 237 0 0 6 1 0 0 20 0 1 0 923008132 27553792 3384 17179869184 93824994299904 93824996572973 140737488338256 0 0 0 134217728 4 74274 1 0 0 17 24 0 0 0 0 0 93824998874888 93825001005840 93825001308160 140737488340073 140737488340470 140737488340470 140737488351179 0
/proc/1304759/statm: 6727 3384 2079 555 0 1769 0
[pid=1304765] ppid=1304759 vsize=35476 memory=26960 CPUtime=6.17 cores=24-25
/proc/1304765/stat : 1304765 (clingo) R 1304759 1304759 1304516 0 -1 0 5102 0 2 0 616 1 0 0 20 0 1 0 923008140 36327424 6740 17179869184 93824992301056 93824992468925 140737488338416 0 0 0 134217728 4 25184771 0 0 0 17 24 0 0 0 0 0 93824992533936 93824992571272 93824992575488 140737488340183 140737488340354 140737488340354 140737488351170 0
/proc/1304765/statm: 8869 6740 2025 41 0 4948 0
Current children cumulated CPU time: 6.24 s
Current children cumulated vsize: 62384 KiB
Current children cumulated memory: 40496 KiB

[startup+12.7003 s]
/proc/loadavg: 14.05 14.22 13.26 16/838 1305698
/proc/meminfo: memFree=365796848/528004516 swapFree=8388604/8388604
[pid=1304759] ppid=1304756 vsize=26908 memory=13536 CPUtime=0.07 cores=24-25
/proc/1304759/stat : 1304759 (perf) S 1304756 1304759 1304516 0 -1 0 1750 237 0 0 6 1 0 0 20 0 1 0 923008132 27553792 3384 17179869184 93824994299904 93824996572973 140737488338256 0 0 0 134217728 4 74274 1 0 0 17 24 0 0 0 0 0 93824998874888 93825001005840 93825001308160 140737488340073 140737488340470 140737488340470 140737488351179 0
/proc/1304759/statm: 6727 3384 2079 555 0 1769 0
[pid=1304765] ppid=1304759 vsize=39780 memory=31184 CPUtime=12.57 cores=24-25
/proc/1304765/stat : 1304765 (clingo) R 1304759 1304759 1304516 0 -1 0 6135 0 2 0 1256 1 0 0 20 0 1 0 923008140 40734720 7796 17179869184 93824992301056 93824992468925 140737488338416 0 0 0 134217728 4 25184771 0 0 0 17 24 0 0 0 0 0 93824992533936 93824992571272 93824992575488 140737488340183 140737488340354 140737488340354 140737488351170 0
/proc/1304765/statm: 9945 7796 2025 41 0 6024 0
Current children cumulated CPU time: 12.64 s
Current children cumulated vsize: 66688 KiB
Current children cumulated memory: 44720 KiB

[startup+25.5004 s]
/proc/loadavg: 14.04 14.20 13.27 16/838 1305698
/proc/meminfo: memFree=365717652/528004516 swapFree=8388604/8388604
[pid=1304759] ppid=1304756 vsize=26908 memory=13536 CPUtime=0.07 cores=24-25
/proc/1304759/stat : 1304759 (perf) S 1304756 1304759 1304516 0 -1 0 1750 237 0 0 6 1 0 0 20 0 1 0 923008132 27553792 3384 17179869184 93824994299904 93824996572973 140737488338256 0 0 0 134217728 4 74274 1 0 0 17 24 0 0 0 0 0 93824998874888 93825001005840 93825001308160 140737488340073 140737488340470 140737488340470 140737488351179 0
/proc/1304759/statm: 6727 3384 2079 555 0 1769 0
[pid=1304765] ppid=1304759 vsize=43756 memory=34880 CPUtime=25.37 cores=24-25
/proc/1304765/stat : 1304765 (clingo) R 1304759 1304759 1304516 0 -1 0 7061 0 2 0 2536 1 0 0 20 0 1 0 923008140 44806144 8720 17179869184 93824992301056 93824992468925 140737488338416 0 0 0 134217728 4 25184771 0 0 0 17 24 0 0 0 0 0 93824992533936 93824992571272 93824992575488 140737488340183 140737488340354 140737488340354 140737488351170 0
/proc/1304765/statm: 10939 8720 2025 41 0 7018 0
Current children cumulated CPU time: 25.44 s
Current children cumulated vsize: 70664 KiB
Current children cumulated memory: 48416 KiB

[startup+51.1184 s]
/proc/loadavg: 14.25 14.24 13.31 16/839 1305906
/proc/meminfo: memFree=365718300/528004516 swapFree=8388604/8388604
[pid=1304759] ppid=1304756 vsize=26908 memory=13536 CPUtime=0.07 cores=24-25
/proc/1304759/stat : 1304759 (perf) S 1304756 1304759 1304516 0 -1 0 1750 237 0 0 6 1 0 0 20 0 1 0 923008132 27553792 3384 17179869184 93824994299904 93824996572973 140737488338256 0 0 0 134217728 4 74274 1 0 0 17 24 0 0 0 0 0 93824998874888 93825001005840 93825001308160 140737488340073 140737488340470 140737488340470 140737488351179 0
/proc/1304759/statm: 6727 3384 2079 555 0 1769 0
[pid=1304765] ppid=1304759 vsize=51612 memory=42008 CPUtime=50.99 cores=24-25
/proc/1304765/stat : 1304765 (clingo) R 1304759 1304759 1304516 0 -1 0 8846 0 2 0 5097 2 0 0 20 0 1 0 923008140 52850688 10502 17179869184 93824992301056 93824992468925 140737488338416 0 0 0 134217728 4 25184771 0 0 0 17 24 0 0 0 0 0 93824992533936 93824992571272 93824992575488 140737488340183 140737488340354 140737488340354 140737488351170 0
/proc/1304765/statm: 12903 10502 2025 41 0 8982 0
Current children cumulated CPU time: 51.06 s
Current children cumulated vsize: 78520 KiB
Current children cumulated memory: 55544 KiB

[startup+102.3 s]
/proc/loadavg: 14.19 14.23 13.36 16/841 1305954
/proc/meminfo: memFree=365571420/528004516 swapFree=8388604/8388604
[pid=1304759] ppid=1304756 vsize=26908 memory=13536 CPUtime=0.07 cores=24-25
/proc/1304759/stat : 1304759 (perf) S 1304756 1304759 1304516 0 -1 0 1750 237 0 0 6 1 0 0 20 0 1 0 923008132 27553792 3384 17179869184 93824994299904 93824996572973 140737488338256 0 0 0 134217728 4 74274 1 0 0 17 24 0 0 0 0 0 93824998874888 93825001005840 93825001308160 140737488340073 140737488340470 140737488340470 140737488351179 0
/proc/1304759/statm: 6727 3384 2079 555 0 1769 0
[pid=1304765] ppid=1304759 vsize=62844 memory=52040 CPUtime=102.16 cores=24-25
/proc/1304765/stat : 1304765 (clingo) R 1304759 1304759 1304516 0 -1 0 11356 0 2 0 10214 2 0 0 20 0 1 0 923008140 64352256 13010 17179869184 93824992301056 93824992468925 140737488338416 0 0 0 134217728 4 25184771 0 0 0 17 24 0 0 0 0 0 93824992533936 93824992571272 93824992575488 140737488340183 140737488340354 140737488340354 140737488351170 0
/proc/1304765/statm: 15711 13010 2025 41 0 11790 0
Current children cumulated CPU time: 102.23 s
Current children cumulated vsize: 89752 KiB
Current children cumulated memory: 65576 KiB

[startup+162.3 s]
/proc/loadavg: 14.12 14.20 13.41 16/841 1305957
/proc/meminfo: memFree=365457968/528004516 swapFree=8388604/8388604
[pid=1304759] ppid=1304756 vsize=26908 memory=13536 CPUtime=0.07 cores=24-25
/proc/1304759/stat : 1304759 (perf) S 1304756 1304759 1304516 0 -1 0 1750 237 0 0 6 1 0 0 20 0 1 0 923008132 27553792 3384 17179869184 93824994299904 93824996572973 140737488338256 0 0 0 134217728 4 74274 1 0 0 17 24 0 0 0 0 0 93824998874888 93825001005840 93825001308160 140737488340073 140737488340470 140737488340470 140737488351179 0
/proc/1304759/statm: 6727 3384 2079 555 0 1769 0
[pid=1304765] ppid=1304759 vsize=71024 memory=59168 CPUtime=162.16 cores=24-25
/proc/1304765/stat : 1304765 (clingo) R 1304759 1304759 1304516 0 -1 0 13142 0 2 0 16214 2 0 0 20 0 1 0 923008140 72728576 14792 17179869184 93824992301056 93824992468925 140737488338416 0 0 0 134217728 4 25184771 0 0 0 17 24 0 0 0 0 0 93824992533936 93824992571272 93824992575488 140737488340183 140737488340354 140737488340354 140737488351170 0
/proc/1304765/statm: 17756 14792 2025 41 0 13835 0
Current children cumulated CPU time: 162.23 s
Current children cumulated vsize: 97932 KiB
Current children cumulated memory: 72704 KiB

[startup+222.3 s]
/proc/loadavg: 14.29 14.24 13.47 16/841 1305960
/proc/meminfo: memFree=365356176/528004516 swapFree=8388604/8388604
[pid=1304759] ppid=1304756 vsize=26908 memory=13536 CPUtime=0.07 cores=24-25
/proc/1304759/stat : 1304759 (perf) S 1304756 1304759 1304516 0 -1 0 1750 237 0 0 6 1 0 0 20 0 1 0 923008132 27553792 3384 17179869184 93824994299904 93824996572973 140737488338256 0 0 0 134217728 4 74274 1 0 0 17 24 0 0 0 0 0 93824998874888 93825001005840 93825001308160 140737488340073 140737488340470 140737488340470 140737488351179 0
/proc/1304759/statm: 6727 3384 2079 555 0 1769 0
[pid=1304765] ppid=1304759 vsize=77744 memory=65240 CPUtime=222.16 cores=24-25
/proc/1304765/stat : 1304765 (clingo) R 1304759 1304759 1304516 0 -1 0 14643 0 2 0 22213 3 0 0 20 0 1 0 923008140 79609856 16310 17179869184 93824992301056 93824992468925 140737488338416 0 0 0 134217728 4 25184771 0 0 0 17 24 0 0 0 0 0 93824992533936 93824992571272 93824992575488 140737488340183 140737488340354 140737488340354 140737488351170 0
/proc/1304765/statm: 19436 16310 2025 41 0 15515 0
Current children cumulated CPU time: 222.23 s
Current children cumulated vsize: 104652 KiB
Current children cumulated memory: 78776 KiB

[startup+282.3 s]
/proc/loadavg: 14.85 14.43 13.59 16/841 1305963
/proc/meminfo: memFree=365275812/528004516 swapFree=8388604/8388604
[pid=1304759] ppid=1304756 vsize=26908 memory=13536 CPUtime=0.07 cores=24-25
/proc/1304759/stat : 1304759 (perf) S 1304756 1304759 1304516 0 -1 0 1750 237 0 0 6 1 0 0 20 0 1 0 923008132 27553792 3384 17179869184 93824994299904 93824996572973 140737488338256 0 0 0 134217728 4 74274 1 0 0 17 24 0 0 0 0 0 93824998874888 93825001005840 93825001308160 140737488340073 140737488340470 140737488340470 140737488351179 0
/proc/1304759/statm: 6727 3384 2079 555 0 1769 0
[pid=1304765] ppid=1304759 vsize=80716 memory=68144 CPUtime=282.16 cores=24-25
/proc/1304765/stat : 1304765 (clingo) R 1304759 1304759 1304516 0 -1 0 15411 0 2 0 28213 3 0 0 20 0 1 0 923008140 82653184 17036 17179869184 93824992301056 93824992468925 140737488338416 0 0 0 134217728 4 25184771 0 0 0 17 24 0 0 0 0 0 93824992533936 93824992571272 93824992575488 140737488340183 140737488340354 140737488340354 140737488351170 0
/proc/1304765/statm: 20179 17036 2025 41 0 16258 0
Current children cumulated CPU time: 282.23 s
Current children cumulated vsize: 107624 KiB
Current children cumulated memory: 81680 KiB

[startup+342.3 s]
/proc/loadavg: 14.31 14.35 13.62 15/811 1305968
/proc/meminfo: memFree=365202808/528004516 swapFree=8388604/8388604
[pid=1304759] ppid=1304756 vsize=26908 memory=13536 CPUtime=0.07 cores=24-25
/proc/1304759/stat : 1304759 (perf) S 1304756 1304759 1304516 0 -1 0 1750 237 0 0 6 1 0 0 20 0 1 0 923008132 27553792 3384 17179869184 93824994299904 93824996572973 140737488338256 0 0 0 134217728 4 74274 1 0 0 17 24 0 0 0 0 0 93824998874888 93825001005840 93825001308160 140737488340073 140737488340470 140737488340470 140737488351179 0
/proc/1304759/statm: 6727 3384 2079 555 0 1769 0
[pid=1304765] ppid=1304759 vsize=88236 memory=75008 CPUtime=342.16 cores=24-25
/proc/1304765/stat : 1304765 (clingo) R 1304759 1304759 1304516 0 -1 0 17109 0 2 0 34213 3 0 0 20 0 1 0 923008140 90353664 18752 17179869184 93824992301056 93824992468925 140737488338416 0 0 0 134217728 4 25184771 0 0 0 17 24 0 0 0 0 0 93824992533936 93824992571272 93824992575488 140737488340183 140737488340354 140737488340354 140737488351170 0
/proc/1304765/statm: 22059 18752 2025 41 0 18138 0
Current children cumulated CPU time: 342.23 s
Current children cumulated vsize: 115144 KiB
Current children cumulated memory: 88544 KiB

[startup+402.3 s]
/proc/loadavg: 14.17 14.30 13.65 15/808 1305971
/proc/meminfo: memFree=365129492/528004516 swapFree=8388604/8388604
[pid=1304759] ppid=1304756 vsize=26908 memory=13536 CPUtime=0.07 cores=24-25
/proc/1304759/stat : 1304759 (perf) S 1304756 1304759 1304516 0 -1 0 1750 237 0 0 6 1 0 0 20 0 1 0 923008132 27553792 3384 17179869184 93824994299904 93824996572973 140737488338256 0 0 0 134217728 4 74274 1 0 0 17 24 0 0 0 0 0 93824998874888 93825001005840 93825001308160 140737488340073 140737488340470 140737488340470 140737488351179 0
/proc/1304759/statm: 6727 3384 2079 555 0 1769 0
[pid=1304765] ppid=1304759 vsize=94868 memory=81080 CPUtime=402.17 cores=24-25
/proc/1304765/stat : 1304765 (clingo) R 1304759 1304759 1304516 0 -1 0 18611 0 2 0 40213 4 0 0 20 0 1 0 923008140 97144832 20270 17179869184 93824992301056 93824992468925 140737488338416 0 0 0 134217728 4 25184771 0 0 0 17 24 0 0 0 0 0 93824992533936 93824992571272 93824992575488 140737488340183 140737488340354 140737488340354 140737488351170 0
/proc/1304765/statm: 23717 20270 2025 41 0 19796 0
Current children cumulated CPU time: 402.24 s
Current children cumulated vsize: 121776 KiB
Current children cumulated memory: 94616 KiB

[startup+462.3 s]
/proc/loadavg: 14.22 14.28 13.69 15/808 1305975
/proc/meminfo: memFree=365068744/528004516 swapFree=8388604/8388604
[pid=1304759] ppid=1304756 vsize=26908 memory=13536 CPUtime=0.07 cores=24-25
/proc/1304759/stat : 1304759 (perf) S 1304756 1304759 1304516 0 -1 0 1750 237 0 0 6 1 0 0 20 0 1 0 923008132 27553792 3384 17179869184 93824994299904 93824996572973 140737488338256 0 0 0 134217728 4 74274 1 0 0 17 24 0 0 0 0 0 93824998874888 93825001005840 93825001308160 140737488340073 140737488340470 140737488340470 140737488351179 0
/proc/1304759/statm: 6727 3384 2079 555 0 1769 0
[pid=1304765] ppid=1304759 vsize=101888 memory=87152 CPUtime=462.17 cores=24-25
/proc/1304765/stat : 1304765 (clingo) R 1304759 1304759 1304516 0 -1 0 20112 0 2 0 46212 5 0 0 20 0 1 0 923008140 104333312 21788 17179869184 93824992301056 93824992468925 140737488338416 0 0 0 134217728 4 25184771 0 0 0 17 24 0 0 0 0 0 93824992533936 93824992571272 93824992575488 140737488340183 140737488340354 140737488340354 140737488351170 0
/proc/1304765/statm: 25472 21788 2025 41 0 21551 0
Current children cumulated CPU time: 462.24 s
Current children cumulated vsize: 128796 KiB
Current children cumulated memory: 100688 KiB

[startup+522.3 s]
/proc/loadavg: 14.69 14.41 13.77 15/808 1305979
/proc/meminfo: memFree=365022172/528004516 swapFree=8388604/8388604
[pid=1304759] ppid=1304756 vsize=26908 memory=13536 CPUtime=0.07 cores=24-25
/proc/1304759/stat : 1304759 (perf) S 1304756 1304759 1304516 0 -1 0 1750 237 0 0 6 1 0 0 20 0 1 0 923008132 27553792 3384 17179869184 93824994299904 93824996572973 140737488338256 0 0 0 134217728 4 74274 1 0 0 17 24 0 0 0 0 0 93824998874888 93825001005840 93825001308160 140737488340073 140737488340470 140737488340470 140737488351179 0
/proc/1304759/statm: 6727 3384 2079 555 0 1769 0
[pid=1304765] ppid=1304759 vsize=107956 memory=92168 CPUtime=522.16 cores=24-25
/proc/1304765/stat : 1304765 (clingo) R 1304759 1304759 1304516 0 -1 0 21429 0 2 0 52211 5 0 0 20 0 1 0 923008140 110546944 23042 17179869184 93824992301056 93824992468925 140737488338416 0 0 0 134217728 4 25184771 0 0 0 17 24 0 0 0 0 0 93824992533936 93824992571272 93824992575488 140737488340183 140737488340354 140737488340354 140737488351170 0
/proc/1304765/statm: 26989 23042 2025 41 0 23068 0
Current children cumulated CPU time: 522.23 s
Current children cumulated vsize: 134864 KiB
Current children cumulated memory: 105704 KiB

[startup+582.3 s]
/proc/loadavg: 14.25 14.33 13.79 15/808 1305982
/proc/meminfo: memFree=364963708/528004516 swapFree=8388604/8388604
[pid=1304759] ppid=1304756 vsize=26908 memory=13536 CPUtime=0.07 cores=24-25
/proc/1304759/stat : 1304759 (perf) S 1304756 1304759 1304516 0 -1 0 1750 237 0 0 6 1 0 0 20 0 1 0 923008132 27553792 3384 17179869184 93824994299904 93824996572973 140737488338256 0 0 0 134217728 4 74274 1 0 0 17 24 0 0 0 0 0 93824998874888 93825001005840 93825001308160 140737488340073 140737488340470 140737488340470 140737488351179 0
/proc/1304759/statm: 6727 3384 2079 555 0 1769 0
[pid=1304765] ppid=1304759 vsize=111180 memory=95336 CPUtime=582.16 cores=24-25
/proc/1304765/stat : 1304765 (clingo) R 1304759 1304759 1304516 0 -1 0 22180 0 2 0 58211 5 0 0 20 0 1 0 923008140 113848320 23834 17179869184 93824992301056 93824992468925 140737488338416 0 0 0 134217728 4 25184771 0 0 0 17 24 0 0 0 0 0 93824992533936 93824992571272 93824992575488 140737488340183 140737488340354 140737488340354 140737488351170 0
/proc/1304765/statm: 27795 23834 2025 41 0 23874 0
Current children cumulated CPU time: 582.23 s
Current children cumulated vsize: 138088 KiB
Current children cumulated memory: 108872 KiB

[startup+642.3 s]
/proc/loadavg: 14.09 14.27 13.81 15/809 1305986
/proc/meminfo: memFree=364926144/528004516 swapFree=8388604/8388604
[pid=1304759] ppid=1304756 vsize=26908 memory=13536 CPUtime=0.07 cores=24-25
/proc/1304759/stat : 1304759 (perf) S 1304756 1304759 1304516 0 -1 0 1750 237 0 0 6 1 0 0 20 0 1 0 923008132 27553792 3384 17179869184 93824994299904 93824996572973 140737488338256 0 0 0 134217728 4 74274 1 0 0 17 24 0 0 0 0 0 93824998874888 93825001005840 93825001308160 140737488340073 140737488340470 140737488340470 140737488351179 0
/proc/1304759/statm: 6727 3384 2079 555 0 1769 0
[pid=1304765] ppid=1304759 vsize=113968 memory=97976 CPUtime=642.16 cores=24-25
/proc/1304765/stat : 1304765 (clingo) R 1304759 1304759 1304516 0 -1 0 22833 0 2 0 64211 5 0 0 20 0 1 0 923008140 116703232 24494 17179869184 93824992301056 93824992468925 140737488338416 0 0 0 134217728 4 25184771 0 0 0 17 24 0 0 0 0 0 93824992533936 93824992571272 93824992575488 140737488340183 140737488340354 140737488340354 140737488351170 0
/proc/1304765/statm: 28492 24494 2025 41 0 24571 0
Current children cumulated CPU time: 642.23 s
Current children cumulated vsize: 140876 KiB
Current children cumulated memory: 111512 KiB

[startup+702.3 s]
/proc/loadavg: 14.03 14.22 13.82 15/808 1305989
/proc/meminfo: memFree=364874300/528004516 swapFree=8388604/8388604
[pid=1304759] ppid=1304756 vsize=26908 memory=13536 CPUtime=0.07 cores=24-25
/proc/1304759/stat : 1304759 (perf) S 1304756 1304759 1304516 0 -1 0 1750 237 0 0 6 1 0 0 20 0 1 0 923008132 27553792 3384 17179869184 93824994299904 93824996572973 140737488338256 0 0 0 134217728 4 74274 1 0 0 17 24 0 0 0 0 0 93824998874888 93825001005840 93825001308160 140737488340073 140737488340470 140737488340470 140737488351179 0
/proc/1304759/statm: 6727 3384 2079 555 0 1769 0
[pid=1304765] ppid=1304759 vsize=117764 memory=101408 CPUtime=702.16 cores=24-25
/proc/1304765/stat : 1304765 (clingo) R 1304759 1304759 1304516 0 -1 0 23698 0 2 0 70210 6 0 0 20 0 1 0 923008140 120590336 25352 17179869184 93824992301056 93824992468925 140737488338416 0 0 0 134217728 4 25184771 0 0 0 17 24 0 0 0 0 0 93824992533936 93824992571272 93824992575488 140737488340183 140737488340354 140737488340354 140737488351170 0
/proc/1304765/statm: 29441 25352 2025 41 0 25520 0
Current children cumulated CPU time: 702.23 s
Current children cumulated vsize: 144672 KiB
Current children cumulated memory: 114944 KiB

[startup+762.3 s]
/proc/loadavg: 14.01 14.18 13.83 15/809 1305992
/proc/meminfo: memFree=364833208/528004516 swapFree=8388604/8388604
[pid=1304759] ppid=1304756 vsize=26908 memory=13536 CPUtime=0.07 cores=24-25
/proc/1304759/stat : 1304759 (perf) S 1304756 1304759 1304516 0 -1 0 1750 237 0 0 6 1 0 0 20 0 1 0 923008132 27553792 3384 17179869184 93824994299904 93824996572973 140737488338256 0 0 0 134217728 4 74274 1 0 0 17 24 0 0 0 0 0 93824998874888 93825001005840 93825001308160 140737488340073 140737488340470 140737488340470 140737488351179 0
/proc/1304759/statm: 6727 3384 2079 555 0 1769 0
[pid=1304765] ppid=1304759 vsize=121276 memory=104840 CPUtime=762.16 cores=24-25
/proc/1304765/stat : 1304765 (clingo) R 1304759 1304759 1304516 0 -1 0 24557 0 2 0 76210 6 0 0 20 0 1 0 923008140 124186624 26210 17179869184 93824992301056 93824992468925 140737488338416 0 0 0 134217728 4 25184771 0 0 0 17 24 0 0 0 0 0 93824992533936 93824992571272 93824992575488 140737488340183 140737488340354 140737488340354 140737488351170 0
/proc/1304765/statm: 30319 26210 2025 41 0 26398 0
Current children cumulated CPU time: 762.23 s
Current children cumulated vsize: 148184 KiB
Current children cumulated memory: 118376 KiB

[startup+822.3 s]
/proc/loadavg: 14.32 14.22 13.87 15/809 1305995
/proc/meminfo: memFree=364793140/528004516 swapFree=8388604/8388604
[pid=1304759] ppid=1304756 vsize=26908 memory=13536 CPUtime=0.07 cores=24-25
/proc/1304759/stat : 1304759 (perf) S 1304756 1304759 1304516 0 -1 0 1750 237 0 0 6 1 0 0 20 0 1 0 923008132 27553792 3384 17179869184 93824994299904 93824996572973 140737488338256 0 0 0 134217728 4 74274 1 0 0 17 24 0 0 0 0 0 93824998874888 93825001005840 93825001308160 140737488340073 140737488340470 140737488340470 140737488351179 0
/proc/1304759/statm: 6727 3384 2079 555 0 1769 0
[pid=1304765] ppid=1304759 vsize=124220 memory=107744 CPUtime=822.17 cores=24-25
/proc/1304765/stat : 1304765 (clingo) R 1304759 1304759 1304516 0 -1 0 25305 0 2 0 82210 7 0 0 20 0 1 0 923008140 127201280 26936 17179869184 93824992301056 93824992468925 140737488338416 0 0 0 134217728 4 25184771 0 0 0 17 24 0 0 0 0 0 93824992533936 93824992571272 93824992575488 140737488340183 140737488340354 140737488340354 140737488351170 0
/proc/1304765/statm: 31055 26936 2025 41 0 27134 0
Current children cumulated CPU time: 822.24 s
Current children cumulated vsize: 151128 KiB
Current children cumulated memory: 121280 KiB

[startup+882.3 s]
/proc/loadavg: 14.30 14.24 13.91 15/809 1305998
/proc/meminfo: memFree=364752836/528004516 swapFree=8388604/8388604
[pid=1304759] ppid=1304756 vsize=26908 memory=13536 CPUtime=0.07 cores=24-25
/proc/1304759/stat : 1304759 (perf) S 1304756 1304759 1304516 0 -1 0 1750 237 0 0 6 1 0 0 20 0 1 0 923008132 27553792 3384 17179869184 93824994299904 93824996572973 140737488338256 0 0 0 134217728 4 74274 1 0 0 17 24 0 0 0 0 0 93824998874888 93825001005840 93825001308160 140737488340073 140737488340470 140737488340470 140737488351179 0
/proc/1304759/statm: 6727 3384 2079 555 0 1769 0
[pid=1304765] ppid=1304759 vsize=126796 memory=110384 CPUtime=882.16 cores=24-25
/proc/1304765/stat : 1304765 (clingo) R 1304759 1304759 1304516 0 -1 0 25922 0 2 0 88209 7 0 0 20 0 1 0 923008140 129839104 27596 17179869184 93824992301056 93824992468925 140737488338416 0 0 0 134217728 4 25184771 0 0 0 17 24 0 0 0 0 0 93824992533936 93824992571272 93824992575488 140737488340183 140737488340354 140737488340354 140737488351170 0
/proc/1304765/statm: 31699 27596 2025 41 0 27778 0
Current children cumulated CPU time: 882.23 s
Current children cumulated vsize: 153704 KiB
Current children cumulated memory: 123920 KiB

[startup+942.3 s]
/proc/loadavg: 14.11 14.19 13.91 15/808 1306002
/proc/meminfo: memFree=364709540/528004516 swapFree=8388604/8388604
[pid=1304759] ppid=1304756 vsize=26908 memory=13536 CPUtime=0.07 cores=24-25
/proc/1304759/stat : 1304759 (perf) S 1304756 1304759 1304516 0 -1 0 1750 237 0 0 6 1 0 0 20 0 1 0 923008132 27553792 3384 17179869184 93824994299904 93824996572973 140737488338256 0 0 0 134217728 4 74274 1 0 0 17 24 0 0 0 0 0 93824998874888 93825001005840 93825001308160 140737488340073 140737488340470 140737488340470 140737488351179 0
/proc/1304759/statm: 6727 3384 2079 555 0 1769 0
[pid=1304765] ppid=1304759 vsize=130512 memory=113816 CPUtime=942.16 cores=24-25
/proc/1304765/stat : 1304765 (clingo) R 1304759 1304759 1304516 0 -1 0 26807 0 2 0 94209 7 0 0 20 0 1 0 923008140 133644288 28454 17179869184 93824992301056 93824992468925 140737488338416 0 0 0 134217728 4 25184771 0 0 0 17 24 0 0 0 0 0 93824992533936 93824992571272 93824992575488 140737488340183 140737488340354 140737488340354 140737488351170 0
/proc/1304765/statm: 32628 28454 2025 41 0 28707 0
Current children cumulated CPU time: 942.23 s
Current children cumulated vsize: 157420 KiB
Current children cumulated memory: 127352 KiB

[startup+1002.3 s]
/proc/loadavg: 14.04 14.16 13.92 15/808 1306005
/proc/meminfo: memFree=364672252/528004516 swapFree=8388604/8388604
[pid=1304759] ppid=1304756 vsize=26908 memory=13536 CPUtime=0.07 cores=24-25
/proc/1304759/stat : 1304759 (perf) S 1304756 1304759 1304516 0 -1 0 1750 237 0 0 6 1 0 0 20 0 1 0 923008132 27553792 3384 17179869184 93824994299904 93824996572973 140737488338256 0 0 0 134217728 4 74274 1 0 0 17 24 0 0 0 0 0 93824998874888 93825001005840 93825001308160 140737488340073 140737488340470 140737488340470 140737488351179 0
/proc/1304759/statm: 6727 3384 2079 555 0 1769 0
[pid=1304765] ppid=1304759 vsize=131952 memory=115400 CPUtime=1002.16 cores=24-25
/proc/1304765/stat : 1304765 (clingo) R 1304759 1304759 1304516 0 -1 0 27186 0 2 0 100209 7 0 0 20 0 1 0 923008140 135118848 28850 17179869184 93824992301056 93824992468925 140737488338416 0 0 0 134217728 4 25184771 0 0 0 17 24 0 0 0 0 0 93824992533936 93824992571272 93824992575488 140737488340183 140737488340354 140737488340354 140737488351170 0
/proc/1304765/statm: 32988 28850 2025 41 0 29067 0
Current children cumulated CPU time: 1002.23 s
Current children cumulated vsize: 158860 KiB
Current children cumulated memory: 128936 KiB

[startup+1062.3 s]
/proc/loadavg: 14.04 14.14 13.93 15/808 1306008
/proc/meminfo: memFree=364634956/528004516 swapFree=8388604/8388604
[pid=1304759] ppid=1304756 vsize=26908 memory=13536 CPUtime=0.07 cores=24-25
/proc/1304759/stat : 1304759 (perf) S 1304756 1304759 1304516 0 -1 0 1750 237 0 0 6 1 0 0 20 0 1 0 923008132 27553792 3384 17179869184 93824994299904 93824996572973 140737488338256 0 0 0 134217728 4 74274 1 0 0 17 24 0 0 0 0 0 93824998874888 93825001005840 93825001308160 140737488340073 140737488340470 140737488340470 140737488351179 0
/proc/1304759/statm: 6727 3384 2079 555 0 1769 0
[pid=1304765] ppid=1304759 vsize=134448 memory=117776 CPUtime=1062.16 cores=24-25
/proc/1304765/stat : 1304765 (clingo) R 1304759 1304759 1304516 0 -1 0 27766 0 2 0 106209 7 0 0 20 0 1 0 923008140 137674752 29444 17179869184 93824992301056 93824992468925 140737488338416 0 0 0 134217728 4 25184771 0 0 0 17 24 0 0 0 0 0 93824992533936 93824992571272 93824992575488 140737488340183 140737488340354 140737488340354 140737488351170 0
/proc/1304765/statm: 33612 29444 2025 41 0 29691 0
Current children cumulated CPU time: 1062.23 s
Current children cumulated vsize: 161356 KiB
Current children cumulated memory: 131312 KiB

[startup+1122.3 s]
/proc/loadavg: 14.01 14.11 13.94 15/808 1306011
/proc/meminfo: memFree=364609300/528004516 swapFree=8388604/8388604
[pid=1304759] ppid=1304756 vsize=26908 memory=13536 CPUtime=0.07 cores=24-25
/proc/1304759/stat : 1304759 (perf) S 1304756 1304759 1304516 0 -1 0 1750 237 0 0 6 1 0 0 20 0 1 0 923008132 27553792 3384 17179869184 93824994299904 93824996572973 140737488338256 0 0 0 134217728 4 74274 1 0 0 17 24 0 0 0 0 0 93824998874888 93825001005840 93825001308160 140737488340073 140737488340470 140737488340470 140737488351179 0
/proc/1304759/statm: 6727 3384 2079 555 0 1769 0
[pid=1304765] ppid=1304759 vsize=138456 memory=121208 CPUtime=1122.16 cores=24-25
/proc/1304765/stat : 1304765 (clingo) R 1304759 1304759 1304516 0 -1 0 28654 0 2 0 112208 8 0 0 20 0 1 0 923008140 141778944 30302 17179869184 93824992301056 93824992468925 140737488338416 0 0 0 134217728 4 25184771 0 0 0 17 24 0 0 0 0 0 93824992533936 93824992571272 93824992575488 140737488340183 140737488340354 140737488340354 140737488351170 0
/proc/1304765/statm: 34614 30302 2025 41 0 30693 0
Current children cumulated CPU time: 1122.23 s
Current children cumulated vsize: 165364 KiB
Current children cumulated memory: 134744 KiB

[startup+1182.3 s]
/proc/loadavg: 14.67 14.29 14.01 15/808 1306014
/proc/meminfo: memFree=364583596/528004516 swapFree=8388604/8388604
[pid=1304759] ppid=1304756 vsize=26908 memory=13536 CPUtime=0.07 cores=24-25
/proc/1304759/stat : 1304759 (perf) S 1304756 1304759 1304516 0 -1 0 1750 237 0 0 6 1 0 0 20 0 1 0 923008132 27553792 3384 17179869184 93824994299904 93824996572973 140737488338256 0 0 0 134217728 4 74274 1 0 0 17 24 0 0 0 0 0 93824998874888 93825001005840 93825001308160 140737488340073 140737488340470 140737488340470 140737488351179 0
/proc/1304759/statm: 6727 3384 2079 555 0 1769 0
[pid=1304765] ppid=1304759 vsize=140184 memory=122528 CPUtime=1182.16 cores=24-25
/proc/1304765/stat : 1304765 (clingo) R 1304759 1304759 1304516 0 -1 0 29003 0 2 0 118208 8 0 0 20 0 1 0 923008140 143548416 30632 17179869184 93824992301056 93824992468925 140737488338416 0 0 0 134217728 4 25184771 0 0 0 17 24 0 0 0 0 0 93824992533936 93824992571272 93824992575488 140737488340183 140737488340354 140737488340354 140737488351170 0
/proc/1304765/statm: 35046 30632 2025 41 0 31125 0
Current children cumulated CPU time: 1182.23 s
Current children cumulated vsize: 167092 KiB
Current children cumulated memory: 136064 KiB



Maximum wall clock time exceeded: sending SIGTERM then SIGKILL

[startup+1205 s]*
/proc/loadavg: 14.48 14.27 14.01 13/786 1306232
/proc/meminfo: memFree=365179064/528004516 swapFree=8388604/8388604
[pid=1304759] ppid=1304756 vsize=26908 memory=13536 CPUtime=0.07 cores=24-25
/proc/1304759/stat : 1304759 (perf) S 1304756 1304759 1304516 0 -1 0 1750 237 0 0 6 1 0 0 20 0 1 0 923008132 27553792 3384 17179869184 93824994299904 93824996572973 140737488338256 0 0 0 134217728 4 74274 1 0 0 17 24 0 0 0 0 0 93824998874888 93825001005840 93825001308160 140737488340073 140737488340470 140737488340470 140737488351179 0
/proc/1304759/statm: 6727 3384 2079 555 0 1769 0
[pid=1304765] ppid=1304759 vsize=141528 memory=123848 CPUtime=1204.87 cores=24-25
/proc/1304765/stat : 1304765 (clingo) R 1304759 1304759 1304516 0 -1 0 29307 0 2 0 120479 8 0 0 20 0 1 0 923008140 144924672 30962 17179869184 93824992301056 93824992468925 140737488338416 0 0 0 134217728 4 25184771 0 0 0 17 24 0 0 0 0 0 93824992533936 93824992571272 93824992575488 140737488340183 140737488340354 140737488340354 140737488351170 0
/proc/1304765/statm: 35382 30962 2025 41 0 31461 0
Current children cumulated CPU time: 1204.94 s
Current children cumulated vsize: 168436 KiB
Current children cumulated memory: 137384 KiB

Sending SIGINT to process tree (bottom up)
Sleeping 5 seconds

[startup+1205.03 s]
# the end of solver process 1304759 was just reported to runsolver
# cumulated CPU time of all completed processes:  user=1204.87 s, system=0.111598 s

Solver just ended.
??? end of watcher thread
Dumping a history of the last processes samples

Child status: 1
Real time (s): 1205.03
CPU time (s): 1204.98
CPU user time (s): 1204.87
CPU system time (s): 0.111598
CPU usage (%): 99.9959
Max. virtual memory (cumulated for all children) (KiB): 168436
Max. memory (cumulated for all children) (KiB): 137384

getrusage(RUSAGE_CHILDREN,...) data:
user time used= 1204.87
system time used= 0.111598
maximum resident set size= 123956
integral shared memory size= 0
integral unshared data size= 0
integral unshared stack size= 0
page reclaims= 31334
page faults= 2
swaps= 0
block input operations= 0
block output operations= 0
messages sent= 0
messages received= 0
signals received= 0
voluntary context switches= 19
involuntary context switches= 1019


# summary of solver processes directly reported to runsolver:
#   pid: 1304759
#   total CPU time (s): 1204.98
#   total CPU user time (s): 1204.87
#   total CPU system time (s): 0.111598

??? end of timestamper thread
runsolver used 8.19736 second user time and 15.0812 second system time

The end
