runsolver version 3.4.0 (svn: 3018) Copyright (C) 2010-2013 Olivier ROUSSEL

This program is distributed in the hope that it will be useful,
but WITHOUT ANY WARRANTY; without even the implied warranty of
MERCHANTABILITY or FITNESS FOR A PARTICULAR PURPOSE.  See the
GNU General Public License for more details.

NUMA information:
  number of nodes: 2
  memory of node 0: 257635 MiB (185616 MiB free)
  memory of node 1: 257994 MiB (191213 MiB free)
  node distances:
     10  20
     20  10

command line: /dev/shm/379265ce-2e81-11f1-ac62-000c298f4621/input/runsolver -w /dev/shm/379265ce-2e81-11f1-ac62-000c298f4621/output/runsolver.log -v /dev/shm/379265ce-2e81-11f1-ac62-000c298f4621/output/varfile.log -W 1205 --rss-swap-limit 16384 -d 5 --sigint /usr/bin/perf stat -B -e task-clock,cache-references,cache-misses,cycles,instructions,branches,faults,migrations,context-switches -o /dev/shm/379265ce-2e81-11f1-ac62-000c298f4621/output/perf.log clingo /home/guests/mmacri/AMOSUM/benchmarks/GraphColouring/encoding-plain-amo.asp /dev/shm/379265ce-2e81-11f1-ac62-000c298f4621/input/0056-graph_colouring-150-0_1440.asp 

running on 2 cores: 10-11

Enforcing wall clock limit (soft limit, will send SIGTERM then SIGKILL): 1205 seconds
Enforcing RSS+Swap limit (soft limit, will send SIGTERM then SIGKILL): 16777216 KiB
Linux 5.15.0-131-generic
Current StackSize limit: 8192 KiB

solver pid=3554021, runsolver pid=3554013

[startup+0.100065 s]*
/proc/loadavg: 14.65 14.62 14.15 18/818 3554083
/proc/meminfo: memFree=385890644/528004520 swapFree=8388604/8388604
[pid=3554021] ppid=3554013 vsize=26908 memory=13612 CPUtime=0.07 cores=10-11
/proc/3554021/stat : 3554021 (perf) S 3554013 3554021 3553607 0 -1 0 1738 237 0 0 5 2 0 0 20 0 1 0 923119173 27553792 3403 17179869184 93824994299904 93824996572973 140737488338256 0 0 0 134217728 4 74274 1 0 0 17 10 0 0 0 0 0 93824998874888 93825001005840 93825001308160 140737488340073 140737488340470 140737488340470 140737488351179 0
/proc/3554021/statm: 6727 3403 2098 555 0 1769 0
[pid=3554072] ppid=3554021 vsize=19684 memory=10936 CPUtime=0.03 cores=10-11
/proc/3554072/stat : 3554072 (clingo) R 3554021 3554021 3553607 0 -1 0 1148 0 4 0 3 0 0 0 20 0 1 0 923119182 20156416 2734 17179869184 93824992301056 93824992468925 140737488338416 0 0 0 134217728 4 25184771 0 0 0 17 11 0 0 0 0 0 93824992533936 93824992571272 93824992575488 140737488340183 140737488340354 140737488340354 140737488351170 0
/proc/3554072/statm: 4921 2734 1966 41 0 1000 0
Current children cumulated CPU time: 0.1 s
Current children cumulated vsize: 46592 KiB
Current children cumulated memory: 24548 KiB

[startup+0.234142 s]*
/proc/loadavg: 15.08 14.71 14.19 20/830 3554106
/proc/meminfo: memFree=385862616/528004520 swapFree=8388604/8388604
[pid=3554021] ppid=3554013 vsize=26908 memory=13612 CPUtime=0.07 cores=10-11
/proc/3554021/stat : 3554021 (perf) S 3554013 3554021 3553607 0 -1 0 1738 237 0 0 5 2 0 0 20 0 1 0 923119173 27553792 3403 17179869184 93824994299904 93824996572973 140737488338256 0 0 0 134217728 4 74274 1 0 0 17 10 0 0 0 0 0 93824998874888 93825001005840 93825001308160 140737488340073 140737488340470 140737488340470 140737488351179 0
/proc/3554021/statm: 6727 3403 2098 555 0 1769 0
[pid=3554072] ppid=3554021 vsize=26844 memory=18524 CPUtime=0.14 cores=10-11
/proc/3554072/stat : 3554072 (clingo) R 3554021 3554021 3553607 0 -1 0 2951 0 4 0 14 0 0 0 20 0 1 0 923119182 27488256 4631 17179869184 93824992301056 93824992468925 140737488338416 0 0 0 134217728 4 25184771 0 0 0 17 11 0 0 0 0 0 93824992533936 93824992571272 93824992575488 140737488340183 140737488340354 140737488340354 140737488351170 0
/proc/3554072/statm: 6711 4631 2022 41 0 2790 0
Current children cumulated CPU time: 0.21 s
Current children cumulated vsize: 53752 KiB
Current children cumulated memory: 32136 KiB

[startup+0.333433 s]*
/proc/loadavg: 15.08 14.71 14.19 17/836 3554116
/proc/meminfo: memFree=385839192/528004520 swapFree=8388604/8388604
[pid=3554021] ppid=3554013 vsize=26908 memory=13612 CPUtime=0.07 cores=10-11
/proc/3554021/stat : 3554021 (perf) S 3554013 3554021 3553607 0 -1 0 1738 237 0 0 5 2 0 0 20 0 1 0 923119173 27553792 3403 17179869184 93824994299904 93824996572973 140737488338256 0 0 0 134217728 4 74274 1 0 0 17 10 0 0 0 0 0 93824998874888 93825001005840 93825001308160 140737488340073 140737488340470 140737488340470 140737488351179 0
/proc/3554021/statm: 6727 3403 2098 555 0 1769 0
[pid=3554072] ppid=3554021 vsize=29484 memory=21164 CPUtime=0.22 cores=10-11
/proc/3554072/stat : 3554072 (clingo) R 3554021 3554021 3553607 0 -1 0 3623 0 4 0 22 0 0 0 20 0 1 0 923119182 30191616 5291 17179869184 93824992301056 93824992468925 140737488338416 0 0 0 134217728 4 25184771 0 0 0 17 11 0 0 0 0 0 93824992533936 93824992571272 93824992575488 140737488340183 140737488340354 140737488340354 140737488351170 0
/proc/3554072/statm: 7371 5291 2022 41 0 3450 0
Current children cumulated CPU time: 0.29 s
Current children cumulated vsize: 56392 KiB
Current children cumulated memory: 34776 KiB

[startup+0.700333 s]
/proc/loadavg: 15.08 14.71 14.19 16/838 3554149
/proc/meminfo: memFree=385823860/528004520 swapFree=8388604/8388604
[pid=3554021] ppid=3554013 vsize=26908 memory=13612 CPUtime=0.07 cores=10-11
/proc/3554021/stat : 3554021 (perf) S 3554013 3554021 3553607 0 -1 0 1738 237 0 0 5 2 0 0 20 0 1 0 923119173 27553792 3403 17179869184 93824994299904 93824996572973 140737488338256 0 0 0 134217728 4 74274 1 0 0 17 10 0 0 0 0 0 93824998874888 93825001005840 93825001308160 140737488340073 140737488340470 140737488340470 140737488351179 0
/proc/3554021/statm: 6727 3403 2098 555 0 1769 0
[pid=3554072] ppid=3554021 vsize=32520 memory=24068 CPUtime=0.54 cores=10-11
/proc/3554072/stat : 3554072 (clingo) R 3554021 3554021 3553607 0 -1 0 4382 0 4 0 54 0 0 0 20 0 1 0 923119182 33300480 6017 17179869184 93824992301056 93824992468925 140737488338416 0 0 0 134217728 4 25184771 0 0 0 17 10 0 0 0 0 0 93824992533936 93824992571272 93824992575488 140737488340183 140737488340354 140737488340354 140737488351170 0
/proc/3554072/statm: 8130 6017 2022 41 0 4209 0
Current children cumulated CPU time: 0.61 s
Current children cumulated vsize: 59428 KiB
Current children cumulated memory: 37680 KiB

[startup+1.50032 s]
/proc/loadavg: 15.08 14.71 14.19 17/832 3554211
/proc/meminfo: memFree=385905616/528004520 swapFree=8388604/8388604
[pid=3554021] ppid=3554013 vsize=26908 memory=13612 CPUtime=0.07 cores=10-11
/proc/3554021/stat : 3554021 (perf) S 3554013 3554021 3553607 0 -1 0 1738 237 0 0 5 2 0 0 20 0 1 0 923119173 27553792 3403 17179869184 93824994299904 93824996572973 140737488338256 0 0 0 134217728 4 74274 1 0 0 17 10 0 0 0 0 0 93824998874888 93825001005840 93825001308160 140737488340073 140737488340470 140737488340470 140737488351179 0
/proc/3554021/statm: 6727 3403 2098 555 0 1769 0
[pid=3554072] ppid=3554021 vsize=38064 memory=29612 CPUtime=1.34 cores=10-11
/proc/3554072/stat : 3554072 (clingo) R 3554021 3554021 3553607 0 -1 0 5764 0 4 0 134 0 0 0 20 0 1 0 923119182 38977536 7403 17179869184 93824992301056 93824992468925 140737488338416 0 0 0 134217728 4 25184771 0 0 0 17 10 0 0 0 0 0 93824992533936 93824992571272 93824992575488 140737488340183 140737488340354 140737488340354 140737488351170 0
/proc/3554072/statm: 9516 7403 2022 41 0 5595 0
Current children cumulated CPU time: 1.41 s
Current children cumulated vsize: 64972 KiB
Current children cumulated memory: 43224 KiB

[startup+1.56368 s]
# the end of solver process 3554021 was just reported to runsolver
# cumulated CPU time of all completed processes:  user=1.46337 s, system=0.035999 s

Solver just ended.
??? end of watcher thread
Dumping a history of the last processes samples

[startup+1.50032 s]
/proc/loadavg: 15.08 14.71 14.19 17/832 3554211
/proc/meminfo: memFree=385905616/528004520 swapFree=8388604/8388604
[pid=3554021] ppid=3554013 vsize=26908 memory=13612 CPUtime=0.07 cores=10-11
/proc/3554021/stat : 3554021 (perf) S 3554013 3554021 3553607 0 -1 0 1738 237 0 0 5 2 0 0 20 0 1 0 923119173 27553792 3403 17179869184 93824994299904 93824996572973 140737488338256 0 0 0 134217728 4 74274 1 0 0 17 10 0 0 0 0 0 93824998874888 93825001005840 93825001308160 140737488340073 140737488340470 140737488340470 140737488351179 0
/proc/3554021/statm: 6727 3403 2098 555 0 1769 0
[pid=3554072] ppid=3554021 vsize=38064 memory=29612 CPUtime=1.34 cores=10-11
/proc/3554072/stat : 3554072 (clingo) R 3554021 3554021 3553607 0 -1 0 5764 0 4 0 134 0 0 0 20 0 1 0 923119182 38977536 7403 17179869184 93824992301056 93824992468925 140737488338416 0 0 0 134217728 4 25184771 0 0 0 17 10 0 0 0 0 0 93824992533936 93824992571272 93824992575488 140737488340183 140737488340354 140737488340354 140737488351170 0
/proc/3554072/statm: 9516 7403 2022 41 0 5595 0
Current children cumulated CPU time: 1.41 s
Current children cumulated vsize: 64972 KiB
Current children cumulated memory: 43224 KiB

Child status: 10
Real time (s): 1.56369
CPU time (s): 1.49937
CPU user time (s): 1.46337
CPU system time (s): 0.035999
CPU usage (%): 95.8862
Max. virtual memory (cumulated for all children) (KiB): 64972
Max. memory (cumulated for all children) (KiB): 43224

getrusage(RUSAGE_CHILDREN,...) data:
user time used= 1.46337
system time used= 0.035999
maximum resident set size= 30404
integral shared memory size= 0
integral unshared data size= 0
integral unshared stack size= 0
page reclaims= 7992
page faults= 4
swaps= 0
block input operations= 0
block output operations= 0
messages sent= 0
messages received= 0
signals received= 0
voluntary context switches= 74
involuntary context switches= 20


# summary of solver processes directly reported to runsolver:
#   pid: 3554021
#   total CPU time (s): 1.49937
#   total CPU user time (s): 1.46337
#   total CPU system time (s): 0.035999

??? end of timestamper thread
runsolver used 0.071196 second user time and 0.079107 second system time

The end
