runsolver version 3.4.0 (svn: 3018) Copyright (C) 2010-2013 Olivier ROUSSEL

This program is distributed in the hope that it will be useful,
but WITHOUT ANY WARRANTY; without even the implied warranty of
MERCHANTABILITY or FITNESS FOR A PARTICULAR PURPOSE.  See the
GNU General Public License for more details.

NUMA information:
  number of nodes: 2
  memory of node 0: 257635 MiB (187690 MiB free)
  memory of node 1: 257994 MiB (191027 MiB free)
  node distances:
     10  20
     20  10

command line: /dev/shm/376e2970-2e81-11f1-ac62-000c298f4621/input/runsolver -w /dev/shm/376e2970-2e81-11f1-ac62-000c298f4621/output/runsolver.log -v /dev/shm/376e2970-2e81-11f1-ac62-000c298f4621/output/varfile.log -W 1205 --rss-swap-limit 16384 -d 5 --sigint /usr/bin/perf stat -B -e task-clock,cache-references,cache-misses,cycles,instructions,branches,faults,migrations,context-switches -o /dev/shm/376e2970-2e81-11f1-ac62-000c298f4621/output/perf.log clingo /home/guests/mmacri/AMOSUM/benchmarks/GraphColouring/encoding-plain-amo.asp /dev/shm/376e2970-2e81-11f1-ac62-000c298f4621/input/0035-graph_colouring-140-0_6720.asp 

running on 2 cores: 6-7

Enforcing wall clock limit (soft limit, will send SIGTERM then SIGKILL): 1205 seconds
Enforcing RSS+Swap limit (soft limit, will send SIGTERM then SIGKILL): 16777216 KiB
Linux 5.15.0-131-generic
Current StackSize limit: 8192 KiB

solver pid=1843112, runsolver pid=1843111

[startup+0.100069 s]*
/proc/loadavg: 14.06 14.18 13.22 15/833 1843182
/proc/meminfo: memFree=387810516/528004524 swapFree=8388604/8388604
[pid=1843112] ppid=1843111 vsize=26908 memory=13616 CPUtime=0.07 cores=6-7
/proc/1843112/stat : 1843112 (perf) S 1843111 1843112 1842982 0 -1 0 1738 237 0 0 6 1 0 0 20 0 1 0 922972420 27553792 3404 17179869184 93824994299904 93824996572973 140737488338256 0 0 0 134217728 4 74274 1 0 0 17 6 0 0 0 0 0 93824998874888 93825001005840 93825001308160 140737488340073 140737488340470 140737488340470 140737488351179 0
/proc/1843112/statm: 6727 3404 2099 555 0 1769 0
[pid=1843157] ppid=1843112 vsize=20304 memory=12196 CPUtime=0.03 cores=6-7
/proc/1843157/stat : 1843157 (clingo) R 1843112 1843112 1842982 0 -1 0 1304 0 0 0 3 0 0 0 20 0 1 0 922972428 20791296 3049 17179869184 93824992301056 93824992468925 140737488338416 0 0 0 134217728 4 25184771 0 0 0 17 7 0 0 0 0 0 93824992533936 93824992571272 93824992575488 140737488340183 140737488340354 140737488340354 140737488351170 0
/proc/1843157/statm: 5076 3049 2091 41 0 1155 0
Current children cumulated CPU time: 0.1 s
Current children cumulated vsize: 47212 KiB
Current children cumulated memory: 25812 KiB

[startup+0.235171 s]*
/proc/loadavg: 14.06 14.18 13.22 15/835 1843195
/proc/meminfo: memFree=387805772/528004524 swapFree=8388604/8388604
[pid=1843112] ppid=1843111 vsize=26908 memory=13616 CPUtime=0.07 cores=6-7
/proc/1843112/stat : 1843112 (perf) S 1843111 1843112 1842982 0 -1 0 1738 237 0 0 6 1 0 0 20 0 1 0 922972420 27553792 3404 17179869184 93824994299904 93824996572973 140737488338256 0 0 0 134217728 4 74274 1 0 0 17 6 0 0 0 0 0 93824998874888 93825001005840 93825001308160 140737488340073 140737488340470 140737488340470 140737488351179 0
/proc/1843112/statm: 6727 3404 2099 555 0 1769 0
[pid=1843157] ppid=1843112 vsize=24040 memory=15892 CPUtime=0.15 cores=6-7
/proc/1843157/stat : 1843157 (clingo) R 1843112 1843112 1842982 0 -1 0 2238 0 0 0 15 0 0 0 20 0 1 0 922972428 24616960 3973 17179869184 93824992301056 93824992468925 140737488338416 0 0 0 134217728 4 25184771 0 0 0 17 7 0 0 0 0 0 93824992533936 93824992571272 93824992575488 140737488340183 140737488340354 140737488340354 140737488351170 0
/proc/1843157/statm: 6010 3973 2091 41 0 2089 0
Current children cumulated CPU time: 0.22 s
Current children cumulated vsize: 50948 KiB
Current children cumulated memory: 29508 KiB

[startup+0.335007 s]*
/proc/loadavg: 14.06 14.18 13.22 16/835 1843195
/proc/meminfo: memFree=387797204/528004524 swapFree=8388604/8388604
[pid=1843112] ppid=1843111 vsize=26908 memory=13616 CPUtime=0.07 cores=6-7
/proc/1843112/stat : 1843112 (perf) S 1843111 1843112 1842982 0 -1 0 1738 237 0 0 6 1 0 0 20 0 1 0 922972420 27553792 3404 17179869184 93824994299904 93824996572973 140737488338256 0 0 0 134217728 4 74274 1 0 0 17 6 0 0 0 0 0 93824998874888 93825001005840 93825001308160 140737488340073 140737488340470 140737488340470 140737488351179 0
/proc/1843112/statm: 6727 3404 2099 555 0 1769 0
[pid=1843157] ppid=1843112 vsize=24964 memory=16948 CPUtime=0.21 cores=6-7
/proc/1843157/stat : 1843157 (clingo) R 1843112 1843112 1842982 0 -1 0 2462 0 0 0 21 0 0 0 20 0 1 0 922972428 25563136 4237 17179869184 93824992301056 93824992468925 140737488338416 0 0 0 134217728 4 25184771 0 0 0 17 7 0 0 0 0 0 93824992533936 93824992571272 93824992575488 140737488340183 140737488340354 140737488340354 140737488351170 0
/proc/1843157/statm: 6241 4237 2091 41 0 2320 0
Current children cumulated CPU time: 0.28 s
Current children cumulated vsize: 51872 KiB
Current children cumulated memory: 30564 KiB

[startup+0.700328 s]
/proc/loadavg: 14.06 14.18 13.22 16/835 1843195
/proc/meminfo: memFree=387788888/528004524 swapFree=8388604/8388604
[pid=1843112] ppid=1843111 vsize=26908 memory=13616 CPUtime=0.07 cores=6-7
/proc/1843112/stat : 1843112 (perf) S 1843111 1843112 1842982 0 -1 0 1738 237 0 0 6 1 0 0 20 0 1 0 922972420 27553792 3404 17179869184 93824994299904 93824996572973 140737488338256 0 0 0 134217728 4 74274 1 0 0 17 6 0 0 0 0 0 93824998874888 93825001005840 93825001308160 140737488340073 140737488340470 140737488340470 140737488351179 0
/proc/1843112/statm: 6727 3404 2099 555 0 1769 0
[pid=1843157] ppid=1843112 vsize=26688 memory=18532 CPUtime=0.52 cores=6-7
/proc/1843157/stat : 1843157 (clingo) R 1843112 1843112 1842982 0 -1 0 2907 0 0 0 52 0 0 0 20 0 1 0 922972428 27328512 4633 17179869184 93824992301056 93824992468925 140737488338416 0 0 0 134217728 4 25184771 0 0 0 17 7 0 0 0 0 0 93824992533936 93824992571272 93824992575488 140737488340183 140737488340354 140737488340354 140737488351170 0
/proc/1843157/statm: 6672 4633 2091 41 0 2751 0
Current children cumulated CPU time: 0.59 s
Current children cumulated vsize: 53596 KiB
Current children cumulated memory: 32148 KiB

[startup+1.50033 s]
/proc/loadavg: 14.06 14.18 13.22 15/835 1843195
/proc/meminfo: memFree=387775784/528004524 swapFree=8388604/8388604
[pid=1843112] ppid=1843111 vsize=26908 memory=13616 CPUtime=0.07 cores=6-7
/proc/1843112/stat : 1843112 (perf) S 1843111 1843112 1842982 0 -1 0 1738 237 0 0 6 1 0 0 20 0 1 0 922972420 27553792 3404 17179869184 93824994299904 93824996572973 140737488338256 0 0 0 134217728 4 74274 1 0 0 17 6 0 0 0 0 0 93824998874888 93825001005840 93825001308160 140737488340073 140737488340470 140737488340470 140737488351179 0
/proc/1843112/statm: 6727 3404 2099 555 0 1769 0
[pid=1843157] ppid=1843112 vsize=28040 memory=19852 CPUtime=1.3 cores=6-7
/proc/1843157/stat : 1843157 (clingo) R 1843112 1843112 1842982 0 -1 0 3226 0 0 0 130 0 0 0 20 0 1 0 922972428 28712960 4963 17179869184 93824992301056 93824992468925 140737488338416 0 0 0 134217728 4 25184771 0 0 0 17 7 0 0 0 0 0 93824992533936 93824992571272 93824992575488 140737488340183 140737488340354 140737488340354 140737488351170 0
/proc/1843157/statm: 7010 4963 2091 41 0 3089 0
Current children cumulated CPU time: 1.37 s
Current children cumulated vsize: 54948 KiB
Current children cumulated memory: 33468 KiB

[startup+3.13422 s]
/proc/loadavg: 14.05 14.18 13.23 14/835 1843286
/proc/meminfo: memFree=387850680/528004524 swapFree=8388604/8388604
[pid=1843112] ppid=1843111 vsize=26908 memory=13616 CPUtime=0.07 cores=6-7
/proc/1843112/stat : 1843112 (perf) S 1843111 1843112 1842982 0 -1 0 1738 237 0 0 6 1 0 0 20 0 1 0 922972420 27553792 3404 17179869184 93824994299904 93824996572973 140737488338256 0 0 0 134217728 4 74274 1 0 0 17 6 0 0 0 0 0 93824998874888 93825001005840 93825001308160 140737488340073 140737488340470 140737488340470 140737488351179 0
/proc/1843112/statm: 6727 3404 2099 555 0 1769 0
[pid=1843157] ppid=1843112 vsize=30660 memory=22492 CPUtime=2.89 cores=6-7
/proc/1843157/stat : 1843157 (clingo) R 1843112 1843112 1842982 0 -1 0 3869 0 0 0 289 0 0 0 20 0 1 0 922972428 31395840 5623 17179869184 93824992301056 93824992468925 140737488338416 0 0 0 134217728 4 25184771 0 0 0 17 7 0 0 0 0 0 93824992533936 93824992571272 93824992575488 140737488340183 140737488340354 140737488340354 140737488351170 0
/proc/1843157/statm: 7665 5623 2091 41 0 3744 0
Current children cumulated CPU time: 2.96 s
Current children cumulated vsize: 57568 KiB
Current children cumulated memory: 36108 KiB

[startup+6.30026 s]
/proc/loadavg: 14.05 14.18 13.23 15/835 1843298
/proc/meminfo: memFree=387813280/528004524 swapFree=8388604/8388604
[pid=1843112] ppid=1843111 vsize=26908 memory=13616 CPUtime=0.07 cores=6-7
/proc/1843112/stat : 1843112 (perf) S 1843111 1843112 1842982 0 -1 0 1738 237 0 0 6 1 0 0 20 0 1 0 922972420 27553792 3404 17179869184 93824994299904 93824996572973 140737488338256 0 0 0 134217728 4 74274 1 0 0 17 6 0 0 0 0 0 93824998874888 93825001005840 93825001308160 140737488340073 140737488340470 140737488340470 140737488351179 0
/proc/1843112/statm: 6727 3404 2099 555 0 1769 0
[pid=1843157] ppid=1843112 vsize=34392 memory=25924 CPUtime=6 cores=6-7
/proc/1843157/stat : 1843157 (clingo) R 1843112 1843112 1842982 0 -1 0 4727 0 0 0 600 0 0 0 20 0 1 0 922972428 35217408 6481 17179869184 93824992301056 93824992468925 140737488338416 0 0 0 134217728 4 25184771 0 0 0 17 7 0 0 0 0 0 93824992533936 93824992571272 93824992575488 140737488340183 140737488340354 140737488340354 140737488351170 0
/proc/1843157/statm: 8598 6481 2091 41 0 4677 0
Current children cumulated CPU time: 6.07 s
Current children cumulated vsize: 61300 KiB
Current children cumulated memory: 39540 KiB

[startup+12.7003 s]
/proc/loadavg: 14.04 14.17 13.23 15/837 1843403
/proc/meminfo: memFree=387849016/528004524 swapFree=8388604/8388604
[pid=1843112] ppid=1843111 vsize=26908 memory=13616 CPUtime=0.07 cores=6-7
/proc/1843112/stat : 1843112 (perf) S 1843111 1843112 1842982 0 -1 0 1738 237 0 0 6 1 0 0 20 0 1 0 922972420 27553792 3404 17179869184 93824994299904 93824996572973 140737488338256 0 0 0 134217728 4 74274 1 0 0 17 6 0 0 0 0 0 93824998874888 93825001005840 93825001308160 140737488340073 140737488340470 140737488340470 140737488351179 0
/proc/1843112/statm: 6727 3404 2099 555 0 1769 0
[pid=1843157] ppid=1843112 vsize=38172 memory=29356 CPUtime=12.28 cores=6-7
/proc/1843157/stat : 1843157 (clingo) R 1843112 1843112 1842982 0 -1 0 5575 0 0 0 1227 1 0 0 20 0 1 0 922972428 39088128 7339 17179869184 93824992301056 93824992468925 140737488338416 0 0 0 134217728 4 25184771 0 0 0 17 7 0 0 0 0 0 93824992533936 93824992571272 93824992575488 140737488340183 140737488340354 140737488340354 140737488351170 0
/proc/1843157/statm: 9543 7339 2091 41 0 5622 0
Current children cumulated CPU time: 12.35 s
Current children cumulated vsize: 65080 KiB
Current children cumulated memory: 42972 KiB

[startup+25.5003 s]
/proc/loadavg: 14.04 14.17 13.24 15/837 1843403
/proc/meminfo: memFree=387773204/528004524 swapFree=8388604/8388604
[pid=1843112] ppid=1843111 vsize=26908 memory=13616 CPUtime=0.07 cores=6-7
/proc/1843112/stat : 1843112 (perf) S 1843111 1843112 1842982 0 -1 0 1738 237 0 0 6 1 0 0 20 0 1 0 922972420 27553792 3404 17179869184 93824994299904 93824996572973 140737488338256 0 0 0 134217728 4 74274 1 0 0 17 6 0 0 0 0 0 93824998874888 93825001005840 93825001308160 140737488340073 140737488340470 140737488340470 140737488351179 0
/proc/1843112/statm: 6727 3404 2099 555 0 1769 0
[pid=1843157] ppid=1843112 vsize=42644 memory=33316 CPUtime=24.82 cores=6-7
/proc/1843157/stat : 1843157 (clingo) R 1843112 1843112 1842982 0 -1 0 6580 0 0 0 2481 1 0 0 20 0 1 0 922972428 43667456 8329 17179869184 93824992301056 93824992468925 140737488338416 0 0 0 134217728 4 25184771 0 0 0 17 7 0 0 0 0 0 93824992533936 93824992571272 93824992575488 140737488340183 140737488340354 140737488340354 140737488351170 0
/proc/1843157/statm: 10661 8329 2091 41 0 6740 0
Current children cumulated CPU time: 24.89 s
Current children cumulated vsize: 69552 KiB
Current children cumulated memory: 46932 KiB

[startup+51.1182 s]
/proc/loadavg: 14.02 14.15 13.27 15/837 1843404
/proc/meminfo: memFree=387676784/528004524 swapFree=8388604/8388604
[pid=1843112] ppid=1843111 vsize=26908 memory=13616 CPUtime=0.07 cores=6-7
/proc/1843112/stat : 1843112 (perf) S 1843111 1843112 1842982 0 -1 0 1738 237 0 0 6 1 0 0 20 0 1 0 922972420 27553792 3404 17179869184 93824994299904 93824996572973 140737488338256 0 0 0 134217728 4 74274 1 0 0 17 6 0 0 0 0 0 93824998874888 93825001005840 93825001308160 140737488340073 140737488340470 140737488340470 140737488351179 0
/proc/1843112/statm: 6727 3404 2099 555 0 1769 0
[pid=1843157] ppid=1843112 vsize=49108 memory=39388 CPUtime=50.39 cores=6-7
/proc/1843157/stat : 1843157 (clingo) R 1843112 1843112 1842982 0 -1 0 8088 0 0 0 5037 2 0 0 20 0 1 0 922972428 50286592 9847 17179869184 93824992301056 93824992468925 140737488338416 0 0 0 134217728 4 25184771 0 0 0 17 6 0 0 0 0 0 93824992533936 93824992571272 93824992575488 140737488340183 140737488340354 140737488340354 140737488351170 0
/proc/1843157/statm: 12277 9847 2091 41 0 8356 0
Current children cumulated CPU time: 50.46 s
Current children cumulated vsize: 76016 KiB
Current children cumulated memory: 53004 KiB

[startup+102.3 s]
/proc/loadavg: 14.01 14.12 13.31 15/838 1843451
/proc/meminfo: memFree=387539828/528004524 swapFree=8388604/8388604
[pid=1843112] ppid=1843111 vsize=26908 memory=13616 CPUtime=0.07 cores=6-7
/proc/1843112/stat : 1843112 (perf) S 1843111 1843112 1842982 0 -1 0 1738 237 0 0 6 1 0 0 20 0 1 0 922972420 27553792 3404 17179869184 93824994299904 93824996572973 140737488338256 0 0 0 134217728 4 74274 1 0 0 17 6 0 0 0 0 0 93824998874888 93825001005840 93825001308160 140737488340073 140737488340470 140737488340470 140737488351179 0
/proc/1843112/statm: 6727 3404 2099 555 0 1769 0
[pid=1843157] ppid=1843112 vsize=57160 memory=46516 CPUtime=101.57 cores=6-7
/proc/1843157/stat : 1843157 (clingo) R 1843112 1843112 1842982 0 -1 0 9870 0 0 0 10155 2 0 0 20 0 1 0 922972428 58531840 11629 17179869184 93824992301056 93824992468925 140737488338416 0 0 0 134217728 4 25184771 0 0 0 17 6 0 0 0 0 0 93824992533936 93824992571272 93824992575488 140737488340183 140737488340354 140737488340354 140737488351170 0
/proc/1843157/statm: 14290 11629 2091 41 0 10369 0
Current children cumulated CPU time: 101.64 s
Current children cumulated vsize: 84068 KiB
Current children cumulated memory: 60132 KiB

[startup+162.3 s]
/proc/loadavg: 14.00 14.10 13.36 15/838 1843454
/proc/meminfo: memFree=387433264/528004524 swapFree=8388604/8388604
[pid=1843112] ppid=1843111 vsize=26908 memory=13616 CPUtime=0.07 cores=6-7
/proc/1843112/stat : 1843112 (perf) S 1843111 1843112 1842982 0 -1 0 1738 237 0 0 6 1 0 0 20 0 1 0 922972420 27553792 3404 17179869184 93824994299904 93824996572973 140737488338256 0 0 0 134217728 4 74274 1 0 0 17 6 0 0 0 0 0 93824998874888 93825001005840 93825001308160 140737488340073 140737488340470 140737488340470 140737488351179 0
/proc/1843112/statm: 6727 3404 2099 555 0 1769 0
[pid=1843157] ppid=1843112 vsize=63188 memory=52588 CPUtime=161.57 cores=6-7
/proc/1843157/stat : 1843157 (clingo) R 1843112 1843112 1842982 0 -1 0 11374 0 0 0 16155 2 0 0 20 0 1 0 922972428 64704512 13147 17179869184 93824992301056 93824992468925 140737488338416 0 0 0 134217728 4 25184771 0 0 0 17 6 0 0 0 0 0 93824992533936 93824992571272 93824992575488 140737488340183 140737488340354 140737488340354 140737488351170 0
/proc/1843157/statm: 15797 13147 2091 41 0 11876 0
Current children cumulated CPU time: 161.64 s
Current children cumulated vsize: 90096 KiB
Current children cumulated memory: 66204 KiB

[startup+222.3 s]
/proc/loadavg: 14.26 14.14 13.42 15/838 1843457
/proc/meminfo: memFree=387333524/528004524 swapFree=8388604/8388604
[pid=1843112] ppid=1843111 vsize=26908 memory=13616 CPUtime=0.07 cores=6-7
/proc/1843112/stat : 1843112 (perf) S 1843111 1843112 1842982 0 -1 0 1738 237 0 0 6 1 0 0 20 0 1 0 922972420 27553792 3404 17179869184 93824994299904 93824996572973 140737488338256 0 0 0 134217728 4 74274 1 0 0 17 6 0 0 0 0 0 93824998874888 93825001005840 93825001308160 140737488340073 140737488340470 140737488340470 140737488351179 0
/proc/1843112/statm: 6727 3404 2099 555 0 1769 0
[pid=1843157] ppid=1843112 vsize=68752 memory=57604 CPUtime=221.57 cores=6-7
/proc/1843157/stat : 1843157 (clingo) R 1843112 1843112 1842982 0 -1 0 12632 0 0 0 22155 2 0 0 20 0 1 0 922972428 70402048 14401 17179869184 93824992301056 93824992468925 140737488338416 0 0 0 134217728 4 25184771 0 0 0 17 6 0 0 0 0 0 93824992533936 93824992571272 93824992575488 140737488340183 140737488340354 140737488340354 140737488351170 0
/proc/1843157/statm: 17188 14401 2091 41 0 13267 0
Current children cumulated CPU time: 221.64 s
Current children cumulated vsize: 95660 KiB
Current children cumulated memory: 71220 KiB

[startup+282.3 s]
/proc/loadavg: 14.36 14.19 13.48 15/837 1843460
/proc/meminfo: memFree=387259940/528004524 swapFree=8388604/8388604
[pid=1843112] ppid=1843111 vsize=26908 memory=13616 CPUtime=0.07 cores=6-7
/proc/1843112/stat : 1843112 (perf) S 1843111 1843112 1842982 0 -1 0 1738 237 0 0 6 1 0 0 20 0 1 0 922972420 27553792 3404 17179869184 93824994299904 93824996572973 140737488338256 0 0 0 134217728 4 74274 1 0 0 17 6 0 0 0 0 0 93824998874888 93825001005840 93825001308160 140737488340073 140737488340470 140737488340470 140737488351179 0
/proc/1843112/statm: 6727 3404 2099 555 0 1769 0
[pid=1843157] ppid=1843112 vsize=74252 memory=62356 CPUtime=281.57 cores=6-7
/proc/1843157/stat : 1843157 (clingo) R 1843112 1843112 1842982 0 -1 0 13844 0 0 0 28155 2 0 0 20 0 1 0 922972428 76034048 15589 17179869184 93824992301056 93824992468925 140737488338416 0 0 0 134217728 4 25184771 0 0 0 17 6 0 0 0 0 0 93824992533936 93824992571272 93824992575488 140737488340183 140737488340354 140737488340354 140737488351170 0
/proc/1843157/statm: 18563 15589 2091 41 0 14642 0
Current children cumulated CPU time: 281.64 s
Current children cumulated vsize: 101160 KiB
Current children cumulated memory: 75972 KiB

[startup+342.3 s]
/proc/loadavg: 14.68 14.36 13.59 15/816 1843466
/proc/meminfo: memFree=387183664/528004524 swapFree=8388604/8388604
[pid=1843112] ppid=1843111 vsize=26908 memory=13616 CPUtime=0.07 cores=6-7
/proc/1843112/stat : 1843112 (perf) S 1843111 1843112 1842982 0 -1 0 1738 237 0 0 6 1 0 0 20 0 1 0 922972420 27553792 3404 17179869184 93824994299904 93824996572973 140737488338256 0 0 0 134217728 4 74274 1 0 0 17 6 0 0 0 0 0 93824998874888 93825001005840 93825001308160 140737488340073 140737488340470 140737488340470 140737488351179 0
/proc/1843112/statm: 6727 3404 2099 555 0 1769 0
[pid=1843157] ppid=1843112 vsize=80892 memory=67900 CPUtime=341.56 cores=6-7
/proc/1843157/stat : 1843157 (clingo) R 1843112 1843112 1842982 0 -1 0 15241 0 0 0 34153 3 0 0 20 0 1 0 922972428 82833408 16975 17179869184 93824992301056 93824992468925 140737488338416 0 0 0 134217728 4 25184771 0 0 0 17 6 0 0 0 0 0 93824992533936 93824992571272 93824992575488 140737488340183 140737488340354 140737488340354 140737488351170 0
/proc/1843157/statm: 20223 16975 2091 41 0 16302 0
Current children cumulated CPU time: 341.63 s
Current children cumulated vsize: 107800 KiB
Current children cumulated memory: 81516 KiB

[startup+402.3 s]
/proc/loadavg: 14.48 14.37 13.65 15/814 1843468
/proc/meminfo: memFree=387112396/528004524 swapFree=8388604/8388604
[pid=1843112] ppid=1843111 vsize=26908 memory=13616 CPUtime=0.07 cores=6-7
/proc/1843112/stat : 1843112 (perf) S 1843111 1843112 1842982 0 -1 0 1738 237 0 0 6 1 0 0 20 0 1 0 922972420 27553792 3404 17179869184 93824994299904 93824996572973 140737488338256 0 0 0 134217728 4 74274 1 0 0 17 6 0 0 0 0 0 93824998874888 93825001005840 93825001308160 140737488340073 140737488340470 140737488340470 140737488351179 0
/proc/1843112/statm: 6727 3404 2099 555 0 1769 0
[pid=1843157] ppid=1843112 vsize=85632 memory=72124 CPUtime=401.56 cores=6-7
/proc/1843157/stat : 1843157 (clingo) R 1843112 1843112 1842982 0 -1 0 16253 0 0 0 40153 3 0 0 20 0 1 0 922972428 87687168 18031 17179869184 93824992301056 93824992468925 140737488338416 0 0 0 134217728 4 25184771 0 0 0 17 6 0 0 0 0 0 93824992533936 93824992571272 93824992575488 140737488340183 140737488340354 140737488340354 140737488351170 0
/proc/1843157/statm: 21408 18031 2091 41 0 17487 0
Current children cumulated CPU time: 401.63 s
Current children cumulated vsize: 112540 KiB
Current children cumulated memory: 85740 KiB

[startup+462.3 s]
/proc/loadavg: 14.17 14.30 13.67 15/814 1843471
/proc/meminfo: memFree=387046416/528004524 swapFree=8388604/8388604
[pid=1843112] ppid=1843111 vsize=26908 memory=13616 CPUtime=0.07 cores=6-7
/proc/1843112/stat : 1843112 (perf) S 1843111 1843112 1842982 0 -1 0 1738 237 0 0 6 1 0 0 20 0 1 0 922972420 27553792 3404 17179869184 93824994299904 93824996572973 140737488338256 0 0 0 134217728 4 74274 1 0 0 17 6 0 0 0 0 0 93824998874888 93825001005840 93825001308160 140737488340073 140737488340470 140737488340470 140737488351179 0
/proc/1843112/statm: 6727 3404 2099 555 0 1769 0
[pid=1843157] ppid=1843112 vsize=86960 memory=73708 CPUtime=461.56 cores=6-7
/proc/1843157/stat : 1843157 (clingo) R 1843112 1843112 1842982 0 -1 0 16659 0 0 0 46153 3 0 0 20 0 1 0 922972428 89047040 18427 17179869184 93824992301056 93824992468925 140737488338416 0 0 0 134217728 4 25184771 0 0 0 17 6 0 0 0 0 0 93824992533936 93824992571272 93824992575488 140737488340183 140737488340354 140737488340354 140737488351170 0
/proc/1843157/statm: 21740 18427 2091 41 0 17819 0
Current children cumulated CPU time: 461.63 s
Current children cumulated vsize: 113868 KiB
Current children cumulated memory: 87324 KiB

[startup+522.3 s]
/proc/loadavg: 14.35 14.31 13.71 15/814 1843475
/proc/meminfo: memFree=387004332/528004524 swapFree=8388604/8388604
[pid=1843112] ppid=1843111 vsize=26908 memory=13616 CPUtime=0.07 cores=6-7
/proc/1843112/stat : 1843112 (perf) S 1843111 1843112 1842982 0 -1 0 1738 237 0 0 6 1 0 0 20 0 1 0 922972420 27553792 3404 17179869184 93824994299904 93824996572973 140737488338256 0 0 0 134217728 4 74274 1 0 0 17 6 0 0 0 0 0 93824998874888 93825001005840 93825001308160 140737488340073 140737488340470 140737488340470 140737488351179 0
/proc/1843112/statm: 6727 3404 2099 555 0 1769 0
[pid=1843157] ppid=1843112 vsize=87528 memory=74500 CPUtime=521.56 cores=6-7
/proc/1843157/stat : 1843157 (clingo) R 1843112 1843112 1842982 0 -1 0 16900 0 0 0 52153 3 0 0 20 0 1 0 922972428 89628672 18625 17179869184 93824992301056 93824992468925 140737488338416 0 0 0 134217728 4 25184771 0 0 0 17 6 0 0 0 0 0 93824992533936 93824992571272 93824992575488 140737488340183 140737488340354 140737488340354 140737488351170 0
/proc/1843157/statm: 21882 18625 2091 41 0 17961 0
Current children cumulated CPU time: 521.63 s
Current children cumulated vsize: 114436 KiB
Current children cumulated memory: 88116 KiB

[startup+582.3 s]
/proc/loadavg: 14.13 14.25 13.73 15/814 1843479
/proc/meminfo: memFree=386954216/528004524 swapFree=8388604/8388604
[pid=1843112] ppid=1843111 vsize=26908 memory=13616 CPUtime=0.07 cores=6-7
/proc/1843112/stat : 1843112 (perf) S 1843111 1843112 1842982 0 -1 0 1738 237 0 0 6 1 0 0 20 0 1 0 922972420 27553792 3404 17179869184 93824994299904 93824996572973 140737488338256 0 0 0 134217728 4 74274 1 0 0 17 6 0 0 0 0 0 93824998874888 93825001005840 93825001308160 140737488340073 140737488340470 140737488340470 140737488351179 0
/proc/1843112/statm: 6727 3404 2099 555 0 1769 0
[pid=1843157] ppid=1843112 vsize=90896 memory=77668 CPUtime=581.56 cores=6-7
/proc/1843157/stat : 1843157 (clingo) R 1843112 1843112 1842982 0 -1 0 17672 0 0 0 58153 3 0 0 20 0 1 0 922972428 93077504 19417 17179869184 93824992301056 93824992468925 140737488338416 0 0 0 134217728 4 25184771 0 0 0 17 6 0 0 0 0 0 93824992533936 93824992571272 93824992575488 140737488340183 140737488340354 140737488340354 140737488351170 0
/proc/1843157/statm: 22724 19417 2091 41 0 18803 0
Current children cumulated CPU time: 581.63 s
Current children cumulated vsize: 117804 KiB
Current children cumulated memory: 91284 KiB

[startup+642.3 s]
/proc/loadavg: 14.05 14.20 13.75 15/813 1843482
/proc/meminfo: memFree=386912180/528004524 swapFree=8388604/8388604
[pid=1843112] ppid=1843111 vsize=26908 memory=13616 CPUtime=0.07 cores=6-7
/proc/1843112/stat : 1843112 (perf) S 1843111 1843112 1842982 0 -1 0 1738 237 0 0 6 1 0 0 20 0 1 0 922972420 27553792 3404 17179869184 93824994299904 93824996572973 140737488338256 0 0 0 134217728 4 74274 1 0 0 17 6 0 0 0 0 0 93824998874888 93825001005840 93825001308160 140737488340073 140737488340470 140737488340470 140737488351179 0
/proc/1843112/statm: 6727 3404 2099 555 0 1769 0
[pid=1843157] ppid=1843112 vsize=93556 memory=80572 CPUtime=641.56 cores=6-7
/proc/1843157/stat : 1843157 (clingo) R 1843112 1843112 1842982 0 -1 0 18398 0 0 0 64153 3 0 0 20 0 1 0 922972428 95801344 20143 17179869184 93824992301056 93824992468925 140737488338416 0 0 0 134217728 4 25184771 0 0 0 17 6 0 0 0 0 0 93824992533936 93824992571272 93824992575488 140737488340183 140737488340354 140737488340354 140737488351170 0
/proc/1843157/statm: 23389 20143 2091 41 0 19468 0
Current children cumulated CPU time: 641.63 s
Current children cumulated vsize: 120464 KiB
Current children cumulated memory: 94188 KiB

[startup+702.3 s]
/proc/loadavg: 14.30 14.23 13.79 15/813 1843485
/proc/meminfo: memFree=386867100/528004524 swapFree=8388604/8388604
[pid=1843112] ppid=1843111 vsize=26908 memory=13616 CPUtime=0.07 cores=6-7
/proc/1843112/stat : 1843112 (perf) S 1843111 1843112 1842982 0 -1 0 1738 237 0 0 6 1 0 0 20 0 1 0 922972420 27553792 3404 17179869184 93824994299904 93824996572973 140737488338256 0 0 0 134217728 4 74274 1 0 0 17 6 0 0 0 0 0 93824998874888 93825001005840 93825001308160 140737488340073 140737488340470 140737488340470 140737488351179 0
/proc/1843112/statm: 6727 3404 2099 555 0 1769 0
[pid=1843157] ppid=1843112 vsize=94036 memory=81628 CPUtime=701.56 cores=6-7
/proc/1843157/stat : 1843157 (clingo) R 1843112 1843112 1842982 0 -1 0 18628 0 0 0 70153 3 0 0 20 0 1 0 922972428 96292864 20407 17179869184 93824992301056 93824992468925 140737488338416 0 0 0 134217728 4 25184771 0 0 0 17 6 0 0 0 0 0 93824992533936 93824992571272 93824992575488 140737488340183 140737488340354 140737488340354 140737488351170 0
/proc/1843157/statm: 23509 20407 2091 41 0 19588 0
Current children cumulated CPU time: 701.63 s
Current children cumulated vsize: 120944 KiB
Current children cumulated memory: 95244 KiB

[startup+762.3 s]
/proc/loadavg: 14.38 14.26 13.83 15/813 1843487
/proc/meminfo: memFree=386825972/528004524 swapFree=8388604/8388604
[pid=1843112] ppid=1843111 vsize=26908 memory=13616 CPUtime=0.07 cores=6-7
/proc/1843112/stat : 1843112 (perf) S 1843111 1843112 1842982 0 -1 0 1738 237 0 0 6 1 0 0 20 0 1 0 922972420 27553792 3404 17179869184 93824994299904 93824996572973 140737488338256 0 0 0 134217728 4 74274 1 0 0 17 6 0 0 0 0 0 93824998874888 93825001005840 93825001308160 140737488340073 140737488340470 140737488340470 140737488351179 0
/proc/1843112/statm: 6727 3404 2099 555 0 1769 0
[pid=1843157] ppid=1843112 vsize=97196 memory=84532 CPUtime=761.56 cores=6-7
/proc/1843157/stat : 1843157 (clingo) R 1843112 1843112 1842982 0 -1 0 19362 0 0 0 76153 3 0 0 20 0 1 0 922972428 99528704 21133 17179869184 93824992301056 93824992468925 140737488338416 0 0 0 134217728 4 25184771 0 0 0 17 6 0 0 0 0 0 93824992533936 93824992571272 93824992575488 140737488340183 140737488340354 140737488340354 140737488351170 0
/proc/1843157/statm: 24299 21133 2091 41 0 20378 0
Current children cumulated CPU time: 761.63 s
Current children cumulated vsize: 124104 KiB
Current children cumulated memory: 98148 KiB

[startup+822.3 s]
/proc/loadavg: 14.80 14.41 13.91 15/813 1843490
/proc/meminfo: memFree=386781768/528004524 swapFree=8388604/8388604
[pid=1843112] ppid=1843111 vsize=26908 memory=13616 CPUtime=0.07 cores=6-7
/proc/1843112/stat : 1843112 (perf) S 1843111 1843112 1842982 0 -1 0 1738 237 0 0 6 1 0 0 20 0 1 0 922972420 27553792 3404 17179869184 93824994299904 93824996572973 140737488338256 0 0 0 134217728 4 74274 1 0 0 17 6 0 0 0 0 0 93824998874888 93825001005840 93825001308160 140737488340073 140737488340470 140737488340470 140737488351179 0
/proc/1843112/statm: 6727 3404 2099 555 0 1769 0
[pid=1843157] ppid=1843112 vsize=100076 memory=86908 CPUtime=821.56 cores=6-7
/proc/1843157/stat : 1843157 (clingo) R 1843112 1843112 1842982 0 -1 0 19956 0 0 0 82153 3 0 0 20 0 1 0 922972428 102477824 21727 17179869184 93824992301056 93824992468925 140737488338416 0 0 0 134217728 4 25184771 0 0 0 17 6 0 0 0 0 0 93824992533936 93824992571272 93824992575488 140737488340183 140737488340354 140737488340354 140737488351170 0
/proc/1843157/statm: 25019 21727 2091 41 0 21098 0
Current children cumulated CPU time: 821.63 s
Current children cumulated vsize: 126984 KiB
Current children cumulated memory: 100524 KiB

[startup+882.3 s]
/proc/loadavg: 14.56 14.40 13.94 15/813 1843493
/proc/meminfo: memFree=386738708/528004524 swapFree=8388604/8388604
[pid=1843112] ppid=1843111 vsize=26908 memory=13616 CPUtime=0.07 cores=6-7
/proc/1843112/stat : 1843112 (perf) S 1843111 1843112 1842982 0 -1 0 1738 237 0 0 6 1 0 0 20 0 1 0 922972420 27553792 3404 17179869184 93824994299904 93824996572973 140737488338256 0 0 0 134217728 4 74274 1 0 0 17 6 0 0 0 0 0 93824998874888 93825001005840 93825001308160 140737488340073 140737488340470 140737488340470 140737488351179 0
/proc/1843112/statm: 6727 3404 2099 555 0 1769 0
[pid=1843157] ppid=1843112 vsize=103244 memory=89548 CPUtime=881.56 cores=6-7
/proc/1843157/stat : 1843157 (clingo) R 1843112 1843112 1842982 0 -1 0 20622 0 0 0 88153 3 0 0 20 0 1 0 922972428 105721856 22387 17179869184 93824992301056 93824992468925 140737488338416 0 0 0 134217728 4 25184771 0 0 0 17 6 0 0 0 0 0 93824992533936 93824992571272 93824992575488 140737488340183 140737488340354 140737488340354 140737488351170 0
/proc/1843157/statm: 25811 22387 2091 41 0 21890 0
Current children cumulated CPU time: 881.63 s
Current children cumulated vsize: 130152 KiB
Current children cumulated memory: 103164 KiB

[startup+942.3 s]
/proc/loadavg: 14.20 14.33 13.95 15/813 1843497
/proc/meminfo: memFree=386694924/528004524 swapFree=8388604/8388604
[pid=1843112] ppid=1843111 vsize=26908 memory=13616 CPUtime=0.07 cores=6-7
/proc/1843112/stat : 1843112 (perf) S 1843111 1843112 1842982 0 -1 0 1738 237 0 0 6 1 0 0 20 0 1 0 922972420 27553792 3404 17179869184 93824994299904 93824996572973 140737488338256 0 0 0 134217728 4 74274 1 0 0 17 6 0 0 0 0 0 93824998874888 93825001005840 93825001308160 140737488340073 140737488340470 140737488340470 140737488351179 0
/proc/1843112/statm: 6727 3404 2099 555 0 1769 0
[pid=1843157] ppid=1843112 vsize=106988 memory=92716 CPUtime=941.57 cores=6-7
/proc/1843157/stat : 1843157 (clingo) R 1843112 1843112 1842982 0 -1 0 21414 0 0 0 94153 4 0 0 20 0 1 0 922972428 109555712 23179 17179869184 93824992301056 93824992468925 140737488338416 0 0 0 134217728 4 25184771 0 0 0 17 6 0 0 0 0 0 93824992533936 93824992571272 93824992575488 140737488340183 140737488340354 140737488340354 140737488351170 0
/proc/1843157/statm: 26747 23179 2091 41 0 22826 0
Current children cumulated CPU time: 941.64 s
Current children cumulated vsize: 133896 KiB
Current children cumulated memory: 106332 KiB

[startup+1002.3 s]
/proc/loadavg: 14.07 14.26 13.95 15/813 1843500
/proc/meminfo: memFree=386662968/528004524 swapFree=8388604/8388604
[pid=1843112] ppid=1843111 vsize=26908 memory=13616 CPUtime=0.07 cores=6-7
/proc/1843112/stat : 1843112 (perf) S 1843111 1843112 1842982 0 -1 0 1738 237 0 0 6 1 0 0 20 0 1 0 922972420 27553792 3404 17179869184 93824994299904 93824996572973 140737488338256 0 0 0 134217728 4 74274 1 0 0 17 6 0 0 0 0 0 93824998874888 93825001005840 93825001308160 140737488340073 140737488340470 140737488340470 140737488351179 0
/proc/1843112/statm: 6727 3404 2099 555 0 1769 0
[pid=1843157] ppid=1843112 vsize=109580 memory=94828 CPUtime=1001.57 cores=6-7
/proc/1843157/stat : 1843157 (clingo) R 1843112 1843112 1842982 0 -1 0 21953 0 0 0 100153 4 0 0 20 0 1 0 922972428 112209920 23707 17179869184 93824992301056 93824992468925 140737488338416 0 0 0 134217728 4 25184771 0 0 0 17 6 0 0 0 0 0 93824992533936 93824992571272 93824992575488 140737488340183 140737488340354 140737488340354 140737488351170 0
/proc/1843157/statm: 27395 23707 2091 41 0 23474 0
Current children cumulated CPU time: 1001.64 s
Current children cumulated vsize: 136488 KiB
Current children cumulated memory: 108444 KiB

[startup+1062.3 s]
/proc/loadavg: 14.02 14.21 13.96 15/812 1843502
/proc/meminfo: memFree=386621404/528004524 swapFree=8388604/8388604
[pid=1843112] ppid=1843111 vsize=26908 memory=13616 CPUtime=0.07 cores=6-7
/proc/1843112/stat : 1843112 (perf) S 1843111 1843112 1842982 0 -1 0 1738 237 0 0 6 1 0 0 20 0 1 0 922972420 27553792 3404 17179869184 93824994299904 93824996572973 140737488338256 0 0 0 134217728 4 74274 1 0 0 17 6 0 0 0 0 0 93824998874888 93825001005840 93825001308160 140737488340073 140737488340470 140737488340470 140737488351179 0
/proc/1843112/statm: 6727 3404 2099 555 0 1769 0
[pid=1843157] ppid=1843112 vsize=113036 memory=97468 CPUtime=1061.56 cores=6-7
/proc/1843157/stat : 1843157 (clingo) R 1843112 1843112 1842982 0 -1 0 22632 0 0 0 106152 4 0 0 20 0 1 0 922972428 115748864 24367 17179869184 93824992301056 93824992468925 140737488338416 0 0 0 134217728 4 25184771 0 0 0 17 6 0 0 0 0 0 93824992533936 93824992571272 93824992575488 140737488340183 140737488340354 140737488340354 140737488351170 0
/proc/1843157/statm: 28259 24367 2091 41 0 24338 0
Current children cumulated CPU time: 1061.63 s
Current children cumulated vsize: 139944 KiB
Current children cumulated memory: 111084 KiB

[startup+1122.3 s]
/proc/loadavg: 14.08 14.19 13.97 15/813 1843506
/proc/meminfo: memFree=386591496/528004524 swapFree=8388604/8388604
[pid=1843112] ppid=1843111 vsize=26908 memory=13616 CPUtime=0.07 cores=6-7
/proc/1843112/stat : 1843112 (perf) S 1843111 1843112 1842982 0 -1 0 1738 237 0 0 6 1 0 0 20 0 1 0 922972420 27553792 3404 17179869184 93824994299904 93824996572973 140737488338256 0 0 0 134217728 4 74274 1 0 0 17 6 0 0 0 0 0 93824998874888 93825001005840 93825001308160 140737488340073 140737488340470 140737488340470 140737488351179 0
/proc/1843112/statm: 6727 3404 2099 555 0 1769 0
[pid=1843157] ppid=1843112 vsize=115628 memory=99580 CPUtime=1121.56 cores=6-7
/proc/1843157/stat : 1843157 (clingo) R 1843112 1843112 1842982 0 -1 0 23120 0 0 0 112152 4 0 0 20 0 1 0 922972428 118403072 24895 17179869184 93824992301056 93824992468925 140737488338416 0 0 0 134217728 4 25184771 0 0 0 17 6 0 0 0 0 0 93824992533936 93824992571272 93824992575488 140737488340183 140737488340354 140737488340354 140737488351170 0
/proc/1843157/statm: 28907 24895 2091 41 0 24986 0
Current children cumulated CPU time: 1121.63 s
Current children cumulated vsize: 142536 KiB
Current children cumulated memory: 113196 KiB

[startup+1182.3 s]
/proc/loadavg: 14.07 14.17 13.98 15/814 1843511
/proc/meminfo: memFree=386557288/528004524 swapFree=8388604/8388604
[pid=1843112] ppid=1843111 vsize=26908 memory=13616 CPUtime=0.07 cores=6-7
/proc/1843112/stat : 1843112 (perf) S 1843111 1843112 1842982 0 -1 0 1738 237 0 0 6 1 0 0 20 0 1 0 922972420 27553792 3404 17179869184 93824994299904 93824996572973 140737488338256 0 0 0 134217728 4 74274 1 0 0 17 6 0 0 0 0 0 93824998874888 93825001005840 93825001308160 140737488340073 140737488340470 140737488340470 140737488351179 0
/proc/1843112/statm: 6727 3404 2099 555 0 1769 0
[pid=1843157] ppid=1843112 vsize=119084 memory=102220 CPUtime=1181.56 cores=6-7
/proc/1843157/stat : 1843157 (clingo) R 1843112 1843112 1842982 0 -1 0 23825 0 0 0 118152 4 0 0 20 0 1 0 922972428 121942016 25555 17179869184 93824992301056 93824992468925 140737488338416 0 0 0 134217728 4 25184771 0 0 0 17 6 0 0 0 0 0 93824992533936 93824992571272 93824992575488 140737488340183 140737488340354 140737488340354 140737488351170 0
/proc/1843157/statm: 29771 25555 2091 41 0 25850 0
Current children cumulated CPU time: 1181.63 s
Current children cumulated vsize: 145992 KiB
Current children cumulated memory: 115836 KiB



Maximum wall clock time exceeded: sending SIGTERM then SIGKILL

[startup+1205 s]*
/proc/loadavg: 14.04 14.15 13.98 19/768 1844241
/proc/meminfo: memFree=387472796/528004524 swapFree=8388604/8388604
[pid=1843112] ppid=1843111 vsize=26908 memory=13616 CPUtime=0.07 cores=6-7
/proc/1843112/stat : 1843112 (perf) S 1843111 1843112 1842982 0 -1 0 1738 237 0 0 6 1 0 0 20 0 1 0 922972420 27553792 3404 17179869184 93824994299904 93824996572973 140737488338256 0 0 0 134217728 4 74274 1 0 0 17 6 0 0 0 0 0 93824998874888 93825001005840 93825001308160 140737488340073 140737488340470 140737488340470 140737488351179 0
/proc/1843112/statm: 6727 3404 2099 555 0 1769 0
[pid=1843157] ppid=1843112 vsize=119084 memory=102484 CPUtime=1204.27 cores=6-7
/proc/1843157/stat : 1843157 (clingo) R 1843112 1843112 1842982 0 -1 0 23844 0 0 0 120423 4 0 0 20 0 1 0 922972428 121942016 25621 17179869184 93824992301056 93824992468925 140737488338416 0 0 0 134217728 4 25184771 0 0 0 17 6 0 0 0 0 0 93824992533936 93824992571272 93824992575488 140737488340183 140737488340354 140737488340354 140737488351170 0
/proc/1843157/statm: 29771 25621 2091 41 0 25850 0
Current children cumulated CPU time: 1204.34 s
Current children cumulated vsize: 145992 KiB
Current children cumulated memory: 116100 KiB

Sending SIGINT to process tree (bottom up)
Sleeping 5 seconds

[startup+1205.02 s]
# the end of solver process 1843112 was just reported to runsolver
# cumulated CPU time of all completed processes:  user=1204.31 s, system=0.064574 s

Solver just ended.
??? end of watcher thread
Dumping a history of the last processes samples

Child status: 1
Real time (s): 1205.02
CPU time (s): 1204.38
CPU user time (s): 1204.31
CPU system time (s): 0.064574
CPU usage (%): 99.9463
Max. virtual memory (cumulated for all children) (KiB): 145992
Max. memory (cumulated for all children) (KiB): 116100

getrusage(RUSAGE_CHILDREN,...) data:
user time used= 1204.31
system time used= 0.064574
maximum resident set size= 102552
integral shared memory size= 0
integral unshared data size= 0
integral unshared stack size= 0
page reclaims= 25859
page faults= 0
swaps= 0
block input operations= 0
block output operations= 0
messages sent= 0
messages received= 0
signals received= 0
voluntary context switches= 17
involuntary context switches= 1438


# summary of solver processes directly reported to runsolver:
#   pid: 1843112
#   total CPU time (s): 1204.38
#   total CPU user time (s): 1204.31
#   total CPU system time (s): 0.064574

??? end of timestamper thread
runsolver used 8.90761 second user time and 14.1378 second system time

The end
