runsolver version 3.4.0 (svn: 3018) Copyright (C) 2010-2013 Olivier ROUSSEL

This program is distributed in the hope that it will be useful,
but WITHOUT ANY WARRANTY; without even the implied warranty of
MERCHANTABILITY or FITNESS FOR A PARTICULAR PURPOSE.  See the
GNU General Public License for more details.

NUMA information:
  number of nodes: 2
  memory of node 0: 257635 MiB (182020 MiB free)
  memory of node 1: 257994 MiB (192865 MiB free)
  node distances:
     10  20
     20  10

command line: /dev/shm/3799aaf0-2e81-11f1-ac62-000c298f4621/input/runsolver -w /dev/shm/3799aaf0-2e81-11f1-ac62-000c298f4621/output/runsolver.log -v /dev/shm/3799aaf0-2e81-11f1-ac62-000c298f4621/output/varfile.log -W 1205 --rss-swap-limit 16384 -d 5 --sigint /usr/bin/perf stat -B -e task-clock,cache-references,cache-misses,cycles,instructions,branches,faults,migrations,context-switches -o /dev/shm/3799aaf0-2e81-11f1-ac62-000c298f4621/output/perf.log clingo /home/guests/mmacri/AMOSUM/benchmarks/GraphColouring/encoding-plain-amo.asp /dev/shm/3799aaf0-2e81-11f1-ac62-000c298f4621/input/0059-graph_colouring-150-0_7200.asp 

running on 2 cores: 24-25

Enforcing wall clock limit (soft limit, will send SIGTERM then SIGKILL): 1205 seconds
Enforcing RSS+Swap limit (soft limit, will send SIGTERM then SIGKILL): 16777216 KiB
Linux 5.15.0-131-generic
Current StackSize limit: 8192 KiB

solver pid=371543, runsolver pid=371541

[startup+0.100069 s]*
/proc/loadavg: 14.15 14.20 14.01 19/827 371556
/proc/meminfo: memFree=383865716/528004504 swapFree=8388604/8388604
[pid=371543] ppid=371541 vsize=26908 memory=13616 CPUtime=0.07 cores=24-25
/proc/371543/stat : 371543 (perf) S 371541 371543 371271 0 -1 0 1738 237 0 0 6 1 0 0 20 0 1 0 923097104 27553792 3404 17179869184 93824994299904 93824996572973 140737488338256 0 0 0 134217728 4 74274 1 0 0 17 24 0 0 0 0 0 93824998874888 93825001005840 93825001308160 140737488340074 140737488340471 140737488340471 140737488351179 0
/proc/371543/statm: 6727 3404 2099 555 0 1769 0
[pid=371555] ppid=371543 vsize=18900 memory=10672 CPUtime=0.02 cores=24-25
/proc/371555/stat : 371555 (clingo) R 371543 371543 371271 0 -1 0 872 0 0 0 2 0 0 0 20 0 1 0 923097112 19353600 2668 17179869184 93824992301056 93824992468925 140737488338416 0 0 0 134217728 4 25184771 0 0 0 17 25 0 0 0 0 0 93824992533936 93824992571272 93824992575488 140737488340184 140737488340355 140737488340355 140737488351170 0
/proc/371555/statm: 4725 2668 2043 41 0 804 0
Current children cumulated CPU time: 0.09 s
Current children cumulated vsize: 45808 KiB
Current children cumulated memory: 24288 KiB

[startup+0.22264 s]*
/proc/loadavg: 14.15 14.20 14.01 20/827 371556
/proc/meminfo: memFree=383847332/528004504 swapFree=8388604/8388604
[pid=371543] ppid=371541 vsize=26908 memory=13616 CPUtime=0.07 cores=24-25
/proc/371543/stat : 371543 (perf) S 371541 371543 371271 0 -1 0 1738 237 0 0 6 1 0 0 20 0 1 0 923097104 27553792 3404 17179869184 93824994299904 93824996572973 140737488338256 0 0 0 134217728 4 74274 1 0 0 17 24 0 0 0 0 0 93824998874888 93825001005840 93825001308160 140737488340074 140737488340471 140737488340471 140737488351179 0
/proc/371543/statm: 6727 3404 2099 555 0 1769 0
[pid=371555] ppid=371543 vsize=24492 memory=16456 CPUtime=0.13 cores=24-25
/proc/371555/stat : 371555 (clingo) R 371543 371543 371271 0 -1 0 2340 0 0 0 13 0 0 0 20 0 1 0 923097112 25079808 4114 17179869184 93824992301056 93824992468925 140737488338416 0 0 0 134217728 4 25184771 0 0 0 17 25 0 0 0 0 0 93824992533936 93824992571272 93824992575488 140737488340184 140737488340355 140737488340355 140737488351170 0
/proc/371555/statm: 6123 4114 2088 41 0 2202 0
Current children cumulated CPU time: 0.2 s
Current children cumulated vsize: 51400 KiB
Current children cumulated memory: 30072 KiB

[startup+0.334232 s]*
/proc/loadavg: 14.15 14.20 14.01 18/827 371556
/proc/meminfo: memFree=383832212/528004504 swapFree=8388604/8388604
[pid=371543] ppid=371541 vsize=26908 memory=13616 CPUtime=0.07 cores=24-25
/proc/371543/stat : 371543 (perf) S 371541 371543 371271 0 -1 0 1738 237 0 0 6 1 0 0 20 0 1 0 923097104 27553792 3404 17179869184 93824994299904 93824996572973 140737488338256 0 0 0 134217728 4 74274 1 0 0 17 24 0 0 0 0 0 93824998874888 93825001005840 93825001308160 140737488340074 140737488340471 140737488340471 140737488351179 0
/proc/371543/statm: 6727 3404 2099 555 0 1769 0
[pid=371555] ppid=371543 vsize=25416 memory=17248 CPUtime=0.22 cores=24-25
/proc/371555/stat : 371555 (clingo) R 371543 371543 371271 0 -1 0 2560 0 0 0 22 0 0 0 20 0 1 0 923097112 26025984 4312 17179869184 93824992301056 93824992468925 140737488338416 0 0 0 134217728 4 25184771 0 0 0 17 25 0 0 0 0 0 93824992533936 93824992571272 93824992575488 140737488340184 140737488340355 140737488340355 140737488351170 0
/proc/371555/statm: 6354 4312 2088 41 0 2433 0
Current children cumulated CPU time: 0.29 s
Current children cumulated vsize: 52324 KiB
Current children cumulated memory: 30864 KiB

[startup+0.700329 s]
/proc/loadavg: 14.15 14.20 14.01 15/827 371556
/proc/meminfo: memFree=383817092/528004504 swapFree=8388604/8388604
[pid=371543] ppid=371541 vsize=26908 memory=13616 CPUtime=0.07 cores=24-25
/proc/371543/stat : 371543 (perf) S 371541 371543 371271 0 -1 0 1738 237 0 0 6 1 0 0 20 0 1 0 923097104 27553792 3404 17179869184 93824994299904 93824996572973 140737488338256 0 0 0 134217728 4 74274 1 0 0 17 24 0 0 0 0 0 93824998874888 93825001005840 93825001308160 140737488340074 140737488340471 140737488340471 140737488351179 0
/proc/371543/statm: 6727 3404 2099 555 0 1769 0
[pid=371555] ppid=371543 vsize=26916 memory=18832 CPUtime=0.51 cores=24-25
/proc/371555/stat : 371555 (clingo) R 371543 371543 371271 0 -1 0 2950 0 0 0 51 0 0 0 20 0 1 0 923097112 27561984 4708 17179869184 93824992301056 93824992468925 140737488338416 0 0 0 134217728 4 25184771 0 0 0 17 25 0 0 0 0 0 93824992533936 93824992571272 93824992575488 140737488340184 140737488340355 140737488340355 140737488351170 0
/proc/371555/statm: 6729 4708 2088 41 0 2808 0
Current children cumulated CPU time: 0.58 s
Current children cumulated vsize: 53824 KiB
Current children cumulated memory: 32448 KiB

[startup+1.50033 s]
/proc/loadavg: 14.14 14.20 14.01 16/827 371556
/proc/meminfo: memFree=383799956/528004504 swapFree=8388604/8388604
[pid=371543] ppid=371541 vsize=26908 memory=13616 CPUtime=0.07 cores=24-25
/proc/371543/stat : 371543 (perf) S 371541 371543 371271 0 -1 0 1738 237 0 0 6 1 0 0 20 0 1 0 923097104 27553792 3404 17179869184 93824994299904 93824996572973 140737488338256 0 0 0 134217728 4 74274 1 0 0 17 24 0 0 0 0 0 93824998874888 93825001005840 93825001308160 140737488340074 140737488340471 140737488340471 140737488351179 0
/proc/371543/statm: 6727 3404 2099 555 0 1769 0
[pid=371555] ppid=371543 vsize=28500 memory=20416 CPUtime=1.3 cores=24-25
/proc/371555/stat : 371555 (clingo) R 371543 371543 371271 0 -1 0 3326 0 0 0 130 0 0 0 20 0 1 0 923097112 29184000 5104 17179869184 93824992301056 93824992468925 140737488338416 0 0 0 134217728 4 25184771 0 0 0 17 25 0 0 0 0 0 93824992533936 93824992571272 93824992575488 140737488340184 140737488340355 140737488340355 140737488351170 0
/proc/371555/statm: 7125 5104 2088 41 0 3204 0
Current children cumulated CPU time: 1.37 s
Current children cumulated vsize: 55408 KiB
Current children cumulated memory: 34032 KiB

[startup+3.13434 s]
/proc/loadavg: 14.14 14.20 14.01 15/824 371827
/proc/meminfo: memFree=383966124/528004504 swapFree=8388604/8388604
[pid=371543] ppid=371541 vsize=26908 memory=13616 CPUtime=0.07 cores=24-25
/proc/371543/stat : 371543 (perf) S 371541 371543 371271 0 -1 0 1738 237 0 0 6 1 0 0 20 0 1 0 923097104 27553792 3404 17179869184 93824994299904 93824996572973 140737488338256 0 0 0 134217728 4 74274 1 0 0 17 24 0 0 0 0 0 93824998874888 93825001005840 93825001308160 140737488340074 140737488340471 140737488340471 140737488351179 0
/proc/371543/statm: 6727 3404 2099 555 0 1769 0
[pid=371555] ppid=371543 vsize=31520 memory=23320 CPUtime=2.89 cores=24-25
/proc/371555/stat : 371555 (clingo) R 371543 371543 371271 0 -1 0 4068 0 0 0 289 0 0 0 20 0 1 0 923097112 32276480 5830 17179869184 93824992301056 93824992468925 140737488338416 0 0 0 134217728 4 25184771 0 0 0 17 24 0 0 0 0 0 93824992533936 93824992571272 93824992575488 140737488340184 140737488340355 140737488340355 140737488351170 0
/proc/371555/statm: 7880 5830 2088 41 0 3959 0
Current children cumulated CPU time: 2.96 s
Current children cumulated vsize: 58428 KiB
Current children cumulated memory: 36936 KiB

[startup+6.30028 s]
/proc/loadavg: 14.13 14.20 14.01 16/841 372101
/proc/meminfo: memFree=383720540/528004504 swapFree=8388604/8388604
[pid=371543] ppid=371541 vsize=26908 memory=13616 CPUtime=0.07 cores=24-25
/proc/371543/stat : 371543 (perf) S 371541 371543 371271 0 -1 0 1738 237 0 0 6 1 0 0 20 0 1 0 923097104 27553792 3404 17179869184 93824994299904 93824996572973 140737488338256 0 0 0 134217728 4 74274 1 0 0 17 24 0 0 0 0 0 93824998874888 93825001005840 93825001308160 140737488340074 140737488340471 140737488340471 140737488351179 0
/proc/371543/statm: 6727 3404 2099 555 0 1769 0
[pid=371555] ppid=371543 vsize=36032 memory=27280 CPUtime=6.05 cores=24-25
/proc/371555/stat : 371555 (clingo) R 371543 371543 371271 0 -1 0 5072 0 0 0 605 0 0 0 20 0 1 0 923097112 36896768 6820 17179869184 93824992301056 93824992468925 140737488338416 0 0 0 134217728 4 25184771 0 0 0 17 24 0 0 0 0 0 93824992533936 93824992571272 93824992575488 140737488340184 140737488340355 140737488340355 140737488351170 0
/proc/371555/statm: 9008 6820 2088 41 0 5087 0
Current children cumulated CPU time: 6.12 s
Current children cumulated vsize: 62940 KiB
Current children cumulated memory: 40896 KiB

[startup+12.7003 s]
/proc/loadavg: 14.12 14.19 14.01 16/846 372107
/proc/meminfo: memFree=383558084/528004504 swapFree=8388604/8388604
[pid=371543] ppid=371541 vsize=26908 memory=13616 CPUtime=0.07 cores=24-25
/proc/371543/stat : 371543 (perf) S 371541 371543 371271 0 -1 0 1738 237 0 0 6 1 0 0 20 0 1 0 923097104 27553792 3404 17179869184 93824994299904 93824996572973 140737488338256 0 0 0 134217728 4 74274 1 0 0 17 24 0 0 0 0 0 93824998874888 93825001005840 93825001308160 140737488340074 140737488340471 140737488340471 140737488351179 0
/proc/371543/statm: 6727 3404 2099 555 0 1769 0
[pid=371555] ppid=371543 vsize=39940 memory=30976 CPUtime=12.45 cores=24-25
/proc/371555/stat : 371555 (clingo) R 371543 371543 371271 0 -1 0 5969 0 0 0 1245 0 0 0 20 0 1 0 923097112 40898560 7744 17179869184 93824992301056 93824992468925 140737488338416 0 0 0 134217728 4 25184771 0 0 0 17 24 0 0 0 0 0 93824992533936 93824992571272 93824992575488 140737488340184 140737488340355 140737488340355 140737488351170 0
/proc/371555/statm: 9985 7744 2088 41 0 6064 0
Current children cumulated CPU time: 12.52 s
Current children cumulated vsize: 66848 KiB
Current children cumulated memory: 44592 KiB

[startup+25.5003 s]
/proc/loadavg: 14.10 14.19 14.01 16/852 372324
/proc/meminfo: memFree=383481852/528004504 swapFree=8388604/8388604
[pid=371543] ppid=371541 vsize=26908 memory=13616 CPUtime=0.07 cores=24-25
/proc/371543/stat : 371543 (perf) S 371541 371543 371271 0 -1 0 1738 237 0 0 6 1 0 0 20 0 1 0 923097104 27553792 3404 17179869184 93824994299904 93824996572973 140737488338256 0 0 0 134217728 4 74274 1 0 0 17 24 0 0 0 0 0 93824998874888 93825001005840 93825001308160 140737488340074 140737488340471 140737488340471 140737488351179 0
/proc/371543/statm: 6727 3404 2099 555 0 1769 0
[pid=371555] ppid=371543 vsize=44604 memory=35200 CPUtime=25.25 cores=24-25
/proc/371555/stat : 371555 (clingo) R 371543 371543 371271 0 -1 0 7017 0 0 0 2525 0 0 0 20 0 1 0 923097112 45674496 8800 17179869184 93824992301056 93824992468925 140737488338416 0 0 0 134217728 4 25184771 0 0 0 17 24 0 0 0 0 0 93824992533936 93824992571272 93824992575488 140737488340184 140737488340355 140737488340355 140737488351170 0
/proc/371555/statm: 11151 8800 2088 41 0 7230 0
Current children cumulated CPU time: 25.32 s
Current children cumulated vsize: 71512 KiB
Current children cumulated memory: 48816 KiB

[startup+51.1196 s]
/proc/loadavg: 14.06 14.17 14.01 17/860 372650
/proc/meminfo: memFree=383238436/528004504 swapFree=8388604/8388604
[pid=371543] ppid=371541 vsize=26908 memory=13616 CPUtime=0.07 cores=24-25
/proc/371543/stat : 371543 (perf) S 371541 371543 371271 0 -1 0 1738 237 0 0 6 1 0 0 20 0 1 0 923097104 27553792 3404 17179869184 93824994299904 93824996572973 140737488338256 0 0 0 134217728 4 74274 1 0 0 17 24 0 0 0 0 0 93824998874888 93825001005840 93825001308160 140737488340074 140737488340471 140737488340471 140737488351179 0
/proc/371543/statm: 6727 3404 2099 555 0 1769 0
[pid=371555] ppid=371543 vsize=50648 memory=40744 CPUtime=50.88 cores=24-25
/proc/371555/stat : 371555 (clingo) R 371543 371543 371271 0 -1 0 8451 0 0 0 5087 1 0 0 20 0 1 0 923097112 51863552 10186 17179869184 93824992301056 93824992468925 140737488338416 0 0 0 134217728 4 25184771 0 0 0 17 24 0 0 0 0 0 93824992533936 93824992571272 93824992575488 140737488340184 140737488340355 140737488340355 140737488351170 0
/proc/371555/statm: 12662 10186 2088 41 0 8741 0
Current children cumulated CPU time: 50.95 s
Current children cumulated vsize: 77556 KiB
Current children cumulated memory: 54360 KiB

[startup+102.3 s]
/proc/loadavg: 14.43 14.24 14.04 17/862 372656
/proc/meminfo: memFree=382946336/528004504 swapFree=8388604/8388604
[pid=371543] ppid=371541 vsize=26908 memory=13616 CPUtime=0.07 cores=24-25
/proc/371543/stat : 371543 (perf) S 371541 371543 371271 0 -1 0 1738 237 0 0 6 1 0 0 20 0 1 0 923097104 27553792 3404 17179869184 93824994299904 93824996572973 140737488338256 0 0 0 134217728 4 74274 1 0 0 17 24 0 0 0 0 0 93824998874888 93825001005840 93825001308160 140737488340074 140737488340471 140737488340471 140737488351179 0
/proc/371543/statm: 6727 3404 2099 555 0 1769 0
[pid=371555] ppid=371543 vsize=58404 memory=47872 CPUtime=102.05 cores=24-25
/proc/371555/stat : 371555 (clingo) R 371543 371543 371271 0 -1 0 10196 0 0 0 10204 1 0 0 20 0 1 0 923097112 59805696 11968 17179869184 93824992301056 93824992468925 140737488338416 0 0 0 134217728 4 25184771 0 0 0 17 24 0 0 0 0 0 93824992533936 93824992571272 93824992575488 140737488340184 140737488340355 140737488340355 140737488351170 0
/proc/371555/statm: 14601 11968 2088 41 0 10680 0
Current children cumulated CPU time: 102.12 s
Current children cumulated vsize: 85312 KiB
Current children cumulated memory: 61488 KiB

[startup+162.3 s]
/proc/loadavg: 14.44 14.28 14.07 16/863 372659
/proc/meminfo: memFree=382620060/528004504 swapFree=8388604/8388604
[pid=371543] ppid=371541 vsize=26908 memory=13616 CPUtime=0.07 cores=24-25
/proc/371543/stat : 371543 (perf) S 371541 371543 371271 0 -1 0 1738 237 0 0 6 1 0 0 20 0 1 0 923097104 27553792 3404 17179869184 93824994299904 93824996572973 140737488338256 0 0 0 134217728 4 74274 1 0 0 17 24 0 0 0 0 0 93824998874888 93825001005840 93825001308160 140737488340074 140737488340471 140737488340471 140737488351179 0
/proc/371543/statm: 6727 3404 2099 555 0 1769 0
[pid=371555] ppid=371543 vsize=65952 memory=55000 CPUtime=162.06 cores=24-25
/proc/371555/stat : 371555 (clingo) R 371543 371543 371271 0 -1 0 11977 0 0 0 16203 3 0 0 20 0 1 0 923097112 67534848 13750 17179869184 93824992301056 93824992468925 140737488338416 0 0 0 134217728 4 25184771 0 0 0 17 24 0 0 0 0 0 93824992533936 93824992571272 93824992575488 140737488340184 140737488340355 140737488340355 140737488351170 0
/proc/371555/statm: 16488 13750 2088 41 0 12567 0
Current children cumulated CPU time: 162.13 s
Current children cumulated vsize: 92860 KiB
Current children cumulated memory: 68616 KiB

[startup+222.3 s]
/proc/loadavg: 14.49 14.32 14.09 16/862 372663
/proc/meminfo: memFree=382439008/528004504 swapFree=8388604/8388604
[pid=371543] ppid=371541 vsize=26908 memory=13616 CPUtime=0.07 cores=24-25
/proc/371543/stat : 371543 (perf) S 371541 371543 371271 0 -1 0 1738 237 0 0 6 1 0 0 20 0 1 0 923097104 27553792 3404 17179869184 93824994299904 93824996572973 140737488338256 0 0 0 134217728 4 74274 1 0 0 17 24 0 0 0 0 0 93824998874888 93825001005840 93825001308160 140737488340074 140737488340471 140737488340471 140737488351179 0
/proc/371543/statm: 6727 3404 2099 555 0 1769 0
[pid=371555] ppid=371543 vsize=68860 memory=58168 CPUtime=222.06 cores=24-25
/proc/371555/stat : 371555 (clingo) R 371543 371543 371271 0 -1 0 12771 0 0 0 22203 3 0 0 20 0 1 0 923097112 70512640 14542 17179869184 93824992301056 93824992468925 140737488338416 0 0 0 134217728 4 25184771 0 0 0 17 24 0 0 0 0 0 93824992533936 93824992571272 93824992575488 140737488340184 140737488340355 140737488340355 140737488351170 0
/proc/371555/statm: 17215 14542 2088 41 0 13294 0
Current children cumulated CPU time: 222.13 s
Current children cumulated vsize: 95768 KiB
Current children cumulated memory: 71784 KiB

[startup+282.3 s]
/proc/loadavg: 14.26 14.28 14.09 16/862 372664
/proc/meminfo: memFree=382349920/528004504 swapFree=8388604/8388604
[pid=371543] ppid=371541 vsize=26908 memory=13616 CPUtime=0.07 cores=24-25
/proc/371543/stat : 371543 (perf) S 371541 371543 371271 0 -1 0 1738 237 0 0 6 1 0 0 20 0 1 0 923097104 27553792 3404 17179869184 93824994299904 93824996572973 140737488338256 0 0 0 134217728 4 74274 1 0 0 17 24 0 0 0 0 0 93824998874888 93825001005840 93825001308160 140737488340074 140737488340471 140737488340471 140737488351179 0
/proc/371543/statm: 6727 3404 2099 555 0 1769 0
[pid=371555] ppid=371543 vsize=74932 memory=63184 CPUtime=282.05 cores=24-25
/proc/371555/stat : 371555 (clingo) R 371543 371543 371271 0 -1 0 14073 0 0 0 28202 3 0 0 20 0 1 0 923097112 76730368 15796 17179869184 93824992301056 93824992468925 140737488338416 0 0 0 134217728 4 25184771 0 0 0 17 24 0 0 0 0 0 93824992533936 93824992571272 93824992575488 140737488340184 140737488340355 140737488340355 140737488351170 0
/proc/371555/statm: 18733 15796 2088 41 0 14812 0
Current children cumulated CPU time: 282.12 s
Current children cumulated vsize: 101840 KiB
Current children cumulated memory: 76800 KiB

[startup+342.3 s]
/proc/loadavg: 14.17 14.24 14.09 16/837 372669
/proc/meminfo: memFree=382242964/528004504 swapFree=8388604/8388604
[pid=371543] ppid=371541 vsize=26908 memory=13616 CPUtime=0.07 cores=24-25
/proc/371543/stat : 371543 (perf) S 371541 371543 371271 0 -1 0 1738 237 0 0 6 1 0 0 20 0 1 0 923097104 27553792 3404 17179869184 93824994299904 93824996572973 140737488338256 0 0 0 134217728 4 74274 1 0 0 17 24 0 0 0 0 0 93824998874888 93825001005840 93825001308160 140737488340074 140737488340471 140737488340471 140737488351179 0
/proc/371543/statm: 6727 3404 2099 555 0 1769 0
[pid=371555] ppid=371543 vsize=82328 memory=69520 CPUtime=342.05 cores=24-25
/proc/371555/stat : 371555 (clingo) R 371543 371543 371271 0 -1 0 15604 0 0 0 34202 3 0 0 20 0 1 0 923097112 84303872 17380 17179869184 93824992301056 93824992468925 140737488338416 0 0 0 134217728 4 25184771 0 0 0 17 24 0 0 0 0 0 93824992533936 93824992571272 93824992575488 140737488340184 140737488340355 140737488340355 140737488351170 0
/proc/371555/statm: 20582 17380 2088 41 0 16661 0
Current children cumulated CPU time: 342.12 s
Current children cumulated vsize: 109236 KiB
Current children cumulated memory: 83136 KiB

[startup+402.3 s]
/proc/loadavg: 14.06 14.20 14.08 16/829 372673
/proc/meminfo: memFree=382068640/528004504 swapFree=8388604/8388604
[pid=371543] ppid=371541 vsize=26908 memory=13616 CPUtime=0.07 cores=24-25
/proc/371543/stat : 371543 (perf) S 371541 371543 371271 0 -1 0 1738 237 0 0 6 1 0 0 20 0 1 0 923097104 27553792 3404 17179869184 93824994299904 93824996572973 140737488338256 0 0 0 134217728 4 74274 1 0 0 17 24 0 0 0 0 0 93824998874888 93825001005840 93825001308160 140737488340074 140737488340471 140737488340471 140737488351179 0
/proc/371543/statm: 6727 3404 2099 555 0 1769 0
[pid=371555] ppid=371543 vsize=86500 memory=73216 CPUtime=402.05 cores=24-25
/proc/371555/stat : 371555 (clingo) R 371543 371543 371271 0 -1 0 16536 0 0 0 40202 3 0 0 20 0 1 0 923097112 88576000 18304 17179869184 93824992301056 93824992468925 140737488338416 0 0 0 134217728 4 25184771 0 0 0 17 24 0 0 0 0 0 93824992533936 93824992571272 93824992575488 140737488340184 140737488340355 140737488340355 140737488351170 0
/proc/371555/statm: 21625 18304 2088 41 0 17704 0
Current children cumulated CPU time: 402.12 s
Current children cumulated vsize: 113408 KiB
Current children cumulated memory: 86832 KiB

[startup+462.3 s]
/proc/loadavg: 14.13 14.19 14.09 16/829 372676
/proc/meminfo: memFree=381973148/528004504 swapFree=8388604/8388604
[pid=371543] ppid=371541 vsize=26908 memory=13616 CPUtime=0.07 cores=24-25
/proc/371543/stat : 371543 (perf) S 371541 371543 371271 0 -1 0 1738 237 0 0 6 1 0 0 20 0 1 0 923097104 27553792 3404 17179869184 93824994299904 93824996572973 140737488338256 0 0 0 134217728 4 74274 1 0 0 17 24 0 0 0 0 0 93824998874888 93825001005840 93825001308160 140737488340074 140737488340471 140737488340471 140737488351179 0
/proc/371543/statm: 6727 3404 2099 555 0 1769 0
[pid=371555] ppid=371543 vsize=89348 memory=75856 CPUtime=462.05 cores=24-25
/proc/371555/stat : 371555 (clingo) R 371543 371543 371271 0 -1 0 17242 0 0 0 46202 3 0 0 20 0 1 0 923097112 91492352 18964 17179869184 93824992301056 93824992468925 140737488338416 0 0 0 134217728 4 25184771 0 0 0 17 24 0 0 0 0 0 93824992533936 93824992571272 93824992575488 140737488340184 140737488340355 140737488340355 140737488351170 0
/proc/371555/statm: 22337 18964 2088 41 0 18416 0
Current children cumulated CPU time: 462.12 s
Current children cumulated vsize: 116256 KiB
Current children cumulated memory: 89472 KiB

[startup+522.3 s]
/proc/loadavg: 15.25 14.47 14.19 16/829 372679
/proc/meminfo: memFree=381938412/528004504 swapFree=8388604/8388604
[pid=371543] ppid=371541 vsize=26908 memory=13616 CPUtime=0.07 cores=24-25
/proc/371543/stat : 371543 (perf) S 371541 371543 371271 0 -1 0 1738 237 0 0 6 1 0 0 20 0 1 0 923097104 27553792 3404 17179869184 93824994299904 93824996572973 140737488338256 0 0 0 134217728 4 74274 1 0 0 17 24 0 0 0 0 0 93824998874888 93825001005840 93825001308160 140737488340074 140737488340471 140737488340471 140737488351179 0
/proc/371543/statm: 6727 3404 2099 555 0 1769 0
[pid=371555] ppid=371543 vsize=92000 memory=78496 CPUtime=522.05 cores=24-25
/proc/371555/stat : 371555 (clingo) R 371543 371543 371271 0 -1 0 17884 0 0 0 52202 3 0 0 20 0 1 0 923097112 94208000 19624 17179869184 93824992301056 93824992468925 140737488338416 0 0 0 134217728 4 25184771 0 0 0 17 24 0 0 0 0 0 93824992533936 93824992571272 93824992575488 140737488340184 140737488340355 140737488340355 140737488351170 0
/proc/371555/statm: 23000 19624 2088 41 0 19079 0
Current children cumulated CPU time: 522.12 s
Current children cumulated vsize: 118908 KiB
Current children cumulated memory: 92112 KiB

[startup+582.3 s]
/proc/loadavg: 15.08 14.58 14.25 16/829 372683
/proc/meminfo: memFree=381799600/528004504 swapFree=8388604/8388604
[pid=371543] ppid=371541 vsize=26908 memory=13616 CPUtime=0.07 cores=24-25
/proc/371543/stat : 371543 (perf) S 371541 371543 371271 0 -1 0 1738 237 0 0 6 1 0 0 20 0 1 0 923097104 27553792 3404 17179869184 93824994299904 93824996572973 140737488338256 0 0 0 134217728 4 74274 1 0 0 17 24 0 0 0 0 0 93824998874888 93825001005840 93825001308160 140737488340074 140737488340471 140737488340471 140737488351179 0
/proc/371543/statm: 6727 3404 2099 555 0 1769 0
[pid=371555] ppid=371543 vsize=92380 memory=79024 CPUtime=582.06 cores=24-25
/proc/371555/stat : 371555 (clingo) R 371543 371543 371271 0 -1 0 18032 0 0 0 58202 4 0 0 20 0 1 0 923097112 94597120 19756 17179869184 93824992301056 93824992468925 140737488338416 0 0 0 134217728 4 25184771 0 0 0 17 24 0 0 0 0 0 93824992533936 93824992571272 93824992575488 140737488340184 140737488340355 140737488340355 140737488351170 0
/proc/371555/statm: 23095 19756 2088 41 0 19174 0
Current children cumulated CPU time: 582.13 s
Current children cumulated vsize: 119288 KiB
Current children cumulated memory: 92640 KiB

[startup+642.3 s]
/proc/loadavg: 15.00 14.69 14.31 16/829 372684
/proc/meminfo: memFree=381705352/528004504 swapFree=8388604/8388604
[pid=371543] ppid=371541 vsize=26908 memory=13616 CPUtime=0.07 cores=24-25
/proc/371543/stat : 371543 (perf) S 371541 371543 371271 0 -1 0 1738 237 0 0 6 1 0 0 20 0 1 0 923097104 27553792 3404 17179869184 93824994299904 93824996572973 140737488338256 0 0 0 134217728 4 74274 1 0 0 17 24 0 0 0 0 0 93824998874888 93825001005840 93825001308160 140737488340074 140737488340471 140737488340471 140737488351179 0
/proc/371543/statm: 6727 3404 2099 555 0 1769 0
[pid=371555] ppid=371543 vsize=94228 memory=81136 CPUtime=642.06 cores=24-25
/proc/371555/stat : 371555 (clingo) R 371543 371543 371271 0 -1 0 18540 0 0 0 64202 4 0 0 20 0 1 0 923097112 96489472 20284 17179869184 93824992301056 93824992468925 140737488338416 0 0 0 134217728 4 25184771 0 0 0 17 24 0 0 0 0 0 93824992533936 93824992571272 93824992575488 140737488340184 140737488340355 140737488340355 140737488351170 0
/proc/371555/statm: 23557 20284 2088 41 0 19636 0
Current children cumulated CPU time: 642.13 s
Current children cumulated vsize: 121136 KiB
Current children cumulated memory: 94752 KiB

[startup+702.3 s]
/proc/loadavg: 14.37 14.56 14.29 16/830 372687
/proc/meminfo: memFree=381667072/528004504 swapFree=8388604/8388604
[pid=371543] ppid=371541 vsize=26908 memory=13616 CPUtime=0.07 cores=24-25
/proc/371543/stat : 371543 (perf) S 371541 371543 371271 0 -1 0 1738 237 0 0 6 1 0 0 20 0 1 0 923097104 27553792 3404 17179869184 93824994299904 93824996572973 140737488338256 0 0 0 134217728 4 74274 1 0 0 17 24 0 0 0 0 0 93824998874888 93825001005840 93825001308160 140737488340074 140737488340471 140737488340471 140737488351179 0
/proc/371543/statm: 6727 3404 2099 555 0 1769 0
[pid=371555] ppid=371543 vsize=95656 memory=82984 CPUtime=702.06 cores=24-25
/proc/371555/stat : 371555 (clingo) R 371543 371543 371271 0 -1 0 18991 0 0 0 70202 4 0 0 20 0 1 0 923097112 97951744 20746 17179869184 93824992301056 93824992468925 140737488338416 0 0 0 134217728 4 25184771 0 0 0 17 24 0 0 0 0 0 93824992533936 93824992571272 93824992575488 140737488340184 140737488340355 140737488340355 140737488351170 0
/proc/371555/statm: 23914 20746 2088 41 0 19993 0
Current children cumulated CPU time: 702.13 s
Current children cumulated vsize: 122564 KiB
Current children cumulated memory: 96600 KiB

[startup+762.3 s]
/proc/loadavg: 14.13 14.46 14.27 16/831 372689
/proc/meminfo: memFree=381625748/528004504 swapFree=8388604/8388604
[pid=371543] ppid=371541 vsize=26908 memory=13616 CPUtime=0.07 cores=24-25
/proc/371543/stat : 371543 (perf) S 371541 371543 371271 0 -1 0 1738 237 0 0 6 1 0 0 20 0 1 0 923097104 27553792 3404 17179869184 93824994299904 93824996572973 140737488338256 0 0 0 134217728 4 74274 1 0 0 17 24 0 0 0 0 0 93824998874888 93825001005840 93825001308160 140737488340074 140737488340471 140737488340471 140737488351179 0
/proc/371543/statm: 6727 3404 2099 555 0 1769 0
[pid=371555] ppid=371543 vsize=97756 memory=85096 CPUtime=762.06 cores=24-25
/proc/371555/stat : 371555 (clingo) R 371543 371543 371271 0 -1 0 19515 0 0 0 76202 4 0 0 20 0 1 0 923097112 100102144 21274 17179869184 93824992301056 93824992468925 140737488338416 0 0 0 134217728 4 25184771 0 0 0 17 24 0 0 0 0 0 93824992533936 93824992571272 93824992575488 140737488340184 140737488340355 140737488340355 140737488351170 0
/proc/371555/statm: 24439 21274 2088 41 0 20518 0
Current children cumulated CPU time: 762.13 s
Current children cumulated vsize: 124664 KiB
Current children cumulated memory: 98712 KiB

[startup+822.3 s]
/proc/loadavg: 14.36 14.46 14.28 16/830 372691
/proc/meminfo: memFree=381574844/528004504 swapFree=8388604/8388604
[pid=371543] ppid=371541 vsize=26908 memory=13616 CPUtime=0.07 cores=24-25
/proc/371543/stat : 371543 (perf) S 371541 371543 371271 0 -1 0 1738 237 0 0 6 1 0 0 20 0 1 0 923097104 27553792 3404 17179869184 93824994299904 93824996572973 140737488338256 0 0 0 134217728 4 74274 1 0 0 17 24 0 0 0 0 0 93824998874888 93825001005840 93825001308160 140737488340074 140737488340471 140737488340471 140737488351179 0
/proc/371543/statm: 6727 3404 2099 555 0 1769 0
[pid=371555] ppid=371543 vsize=100636 memory=87472 CPUtime=822.06 cores=24-25
/proc/371555/stat : 371555 (clingo) R 371543 371543 371271 0 -1 0 20130 0 0 0 82202 4 0 0 20 0 1 0 923097112 103051264 21868 17179869184 93824992301056 93824992468925 140737488338416 0 0 0 134217728 4 25184771 0 0 0 17 24 0 0 0 0 0 93824992533936 93824992571272 93824992575488 140737488340184 140737488340355 140737488340355 140737488351170 0
/proc/371555/statm: 25159 21868 2088 41 0 21238 0
Current children cumulated CPU time: 822.13 s
Current children cumulated vsize: 127544 KiB
Current children cumulated memory: 101088 KiB

[startup+882.3 s]
/proc/loadavg: 14.17 14.39 14.27 16/830 372735
/proc/meminfo: memFree=381557716/528004504 swapFree=8388604/8388604
[pid=371543] ppid=371541 vsize=26908 memory=13616 CPUtime=0.07 cores=24-25
/proc/371543/stat : 371543 (perf) S 371541 371543 371271 0 -1 0 1738 237 0 0 6 1 0 0 20 0 1 0 923097104 27553792 3404 17179869184 93824994299904 93824996572973 140737488338256 0 0 0 134217728 4 74274 1 0 0 17 24 0 0 0 0 0 93824998874888 93825001005840 93825001308160 140737488340074 140737488340471 140737488340471 140737488351179 0
/proc/371543/statm: 6727 3404 2099 555 0 1769 0
[pid=371555] ppid=371543 vsize=103516 memory=90112 CPUtime=882.05 cores=24-25
/proc/371555/stat : 371555 (clingo) R 371543 371543 371271 0 -1 0 20759 0 0 0 88201 4 0 0 20 0 1 0 923097112 106000384 22528 17179869184 93824992301056 93824992468925 140737488338416 0 0 0 134217728 4 25184771 0 0 0 17 24 0 0 0 0 0 93824992533936 93824992571272 93824992575488 140737488340184 140737488340355 140737488340355 140737488351170 0
/proc/371555/statm: 25879 22528 2088 41 0 21958 0
Current children cumulated CPU time: 882.12 s
Current children cumulated vsize: 130424 KiB
Current children cumulated memory: 103728 KiB

[startup+942.3 s]
/proc/loadavg: 14.10 14.33 14.25 16/830 372736
/proc/meminfo: memFree=381479856/528004504 swapFree=8388604/8388604
[pid=371543] ppid=371541 vsize=26908 memory=13616 CPUtime=0.07 cores=24-25
/proc/371543/stat : 371543 (perf) S 371541 371543 371271 0 -1 0 1738 237 0 0 6 1 0 0 20 0 1 0 923097104 27553792 3404 17179869184 93824994299904 93824996572973 140737488338256 0 0 0 134217728 4 74274 1 0 0 17 24 0 0 0 0 0 93824998874888 93825001005840 93825001308160 140737488340074 140737488340471 140737488340471 140737488351179 0
/proc/371543/statm: 6727 3404 2099 555 0 1769 0
[pid=371555] ppid=371543 vsize=105820 memory=91960 CPUtime=942.05 cores=24-25
/proc/371555/stat : 371555 (clingo) R 371543 371543 371271 0 -1 0 21213 0 0 0 94201 4 0 0 20 0 1 0 923097112 108359680 22990 17179869184 93824992301056 93824992468925 140737488338416 0 0 0 134217728 4 25184771 0 0 0 17 24 0 0 0 0 0 93824992533936 93824992571272 93824992575488 140737488340184 140737488340355 140737488340355 140737488351170 0
/proc/371555/statm: 26455 22990 2088 41 0 22534 0
Current children cumulated CPU time: 942.12 s
Current children cumulated vsize: 132728 KiB
Current children cumulated memory: 105576 KiB

[startup+1002.3 s]
/proc/loadavg: 14.12 14.30 14.25 16/830 372737
/proc/meminfo: memFree=381427712/528004504 swapFree=8388604/8388604
[pid=371543] ppid=371541 vsize=26908 memory=13616 CPUtime=0.07 cores=24-25
/proc/371543/stat : 371543 (perf) S 371541 371543 371271 0 -1 0 1738 237 0 0 6 1 0 0 20 0 1 0 923097104 27553792 3404 17179869184 93824994299904 93824996572973 140737488338256 0 0 0 134217728 4 74274 1 0 0 17 24 0 0 0 0 0 93824998874888 93825001005840 93825001308160 140737488340074 140737488340471 140737488340471 140737488351179 0
/proc/371543/statm: 6727 3404 2099 555 0 1769 0
[pid=371555] ppid=371543 vsize=108700 memory=94336 CPUtime=1002.05 cores=24-25
/proc/371555/stat : 371555 (clingo) R 371543 371543 371271 0 -1 0 21807 0 0 0 100201 4 0 0 20 0 1 0 923097112 111308800 23584 17179869184 93824992301056 93824992468925 140737488338416 0 0 0 134217728 4 25184771 0 0 0 17 24 0 0 0 0 0 93824992533936 93824992571272 93824992575488 140737488340184 140737488340355 140737488340355 140737488351170 0
/proc/371555/statm: 27175 23584 2088 41 0 23254 0
Current children cumulated CPU time: 1002.12 s
Current children cumulated vsize: 135608 KiB
Current children cumulated memory: 107952 KiB

[startup+1062.3 s]
/proc/loadavg: 14.04 14.24 14.23 16/830 372738
/proc/meminfo: memFree=381374092/528004504 swapFree=8388604/8388604
[pid=371543] ppid=371541 vsize=26908 memory=13616 CPUtime=0.07 cores=24-25
/proc/371543/stat : 371543 (perf) S 371541 371543 371271 0 -1 0 1738 237 0 0 6 1 0 0 20 0 1 0 923097104 27553792 3404 17179869184 93824994299904 93824996572973 140737488338256 0 0 0 134217728 4 74274 1 0 0 17 24 0 0 0 0 0 93824998874888 93825001005840 93825001308160 140737488340074 140737488340471 140737488340471 140737488351179 0
/proc/371543/statm: 6727 3404 2099 555 0 1769 0
[pid=371555] ppid=371543 vsize=111868 memory=96976 CPUtime=1062.05 cores=24-25
/proc/371555/stat : 371555 (clingo) R 371543 371543 371271 0 -1 0 22494 0 0 0 106201 4 0 0 20 0 1 0 923097112 114552832 24244 17179869184 93824992301056 93824992468925 140737488338416 0 0 0 134217728 4 25184771 0 0 0 17 24 0 0 0 0 0 93824992533936 93824992571272 93824992575488 140737488340184 140737488340355 140737488340355 140737488351170 0
/proc/371555/statm: 27967 24244 2088 41 0 24046 0
Current children cumulated CPU time: 1062.12 s
Current children cumulated vsize: 138776 KiB
Current children cumulated memory: 110592 KiB

[startup+1122.3 s]
/proc/loadavg: 14.06 14.21 14.22 16/830 372740
/proc/meminfo: memFree=381334032/528004504 swapFree=8388604/8388604
[pid=371543] ppid=371541 vsize=26908 memory=13616 CPUtime=0.07 cores=24-25
/proc/371543/stat : 371543 (perf) S 371541 371543 371271 0 -1 0 1738 237 0 0 6 1 0 0 20 0 1 0 923097104 27553792 3404 17179869184 93824994299904 93824996572973 140737488338256 0 0 0 134217728 4 74274 1 0 0 17 24 0 0 0 0 0 93824998874888 93825001005840 93825001308160 140737488340074 140737488340471 140737488340471 140737488351179 0
/proc/371543/statm: 6727 3404 2099 555 0 1769 0
[pid=371555] ppid=371543 vsize=116188 memory=100672 CPUtime=1122.05 cores=24-25
/proc/371555/stat : 371555 (clingo) R 371543 371543 371271 0 -1 0 23381 0 0 0 112201 4 0 0 20 0 1 0 923097112 118976512 25168 17179869184 93824992301056 93824992468925 140737488338416 0 0 0 134217728 4 25184771 0 0 0 17 24 0 0 0 0 0 93824992533936 93824992571272 93824992575488 140737488340184 140737488340355 140737488340355 140737488351170 0
/proc/371555/statm: 29047 25168 2088 41 0 25126 0
Current children cumulated CPU time: 1122.12 s
Current children cumulated vsize: 143096 KiB
Current children cumulated memory: 114288 KiB

[startup+1182.3 s]
/proc/loadavg: 14.02 14.17 14.20 16/837 373073
/proc/meminfo: memFree=381476496/528004504 swapFree=8388604/8388604
[pid=371543] ppid=371541 vsize=26908 memory=13616 CPUtime=0.07 cores=24-25
/proc/371543/stat : 371543 (perf) S 371541 371543 371271 0 -1 0 1738 237 0 0 6 1 0 0 20 0 1 0 923097104 27553792 3404 17179869184 93824994299904 93824996572973 140737488338256 0 0 0 134217728 4 74274 1 0 0 17 24 0 0 0 0 0 93824998874888 93825001005840 93825001308160 140737488340074 140737488340471 140737488340471 140737488351179 0
/proc/371543/statm: 6727 3404 2099 555 0 1769 0
[pid=371555] ppid=371543 vsize=119356 memory=103048 CPUtime=1182.05 cores=24-25
/proc/371555/stat : 371555 (clingo) R 371543 371543 371271 0 -1 0 24015 0 0 0 118201 4 0 0 20 0 1 0 923097112 122220544 25762 17179869184 93824992301056 93824992468925 140737488338416 0 0 0 134217728 4 25184771 0 0 0 17 24 0 0 0 0 0 93824992533936 93824992571272 93824992575488 140737488340184 140737488340355 140737488340355 140737488351170 0
/proc/371555/statm: 29839 25762 2088 41 0 25918 0
Current children cumulated CPU time: 1182.12 s
Current children cumulated vsize: 146264 KiB
Current children cumulated memory: 116664 KiB



Maximum wall clock time exceeded: sending SIGTERM then SIGKILL

[startup+1205 s]*
/proc/loadavg: 14.01 14.16 14.20 18/800 373145
/proc/meminfo: memFree=381664736/528004504 swapFree=8388604/8388604
[pid=371543] ppid=371541 vsize=26908 memory=13616 CPUtime=0.07 cores=24-25
/proc/371543/stat : 371543 (perf) S 371541 371543 371271 0 -1 0 1738 237 0 0 6 1 0 0 20 0 1 0 923097104 27553792 3404 17179869184 93824994299904 93824996572973 140737488338256 0 0 0 134217728 4 74274 1 0 0 17 24 0 0 0 0 0 93824998874888 93825001005840 93825001308160 140737488340074 140737488340471 140737488340471 140737488351179 0
/proc/371543/statm: 6727 3404 2099 555 0 1769 0
[pid=371555] ppid=371543 vsize=119644 memory=103312 CPUtime=1204.77 cores=24-25
/proc/371555/stat : 371555 (clingo) R 371543 371543 371271 0 -1 0 24085 0 0 0 120473 4 0 0 20 0 1 0 923097112 122515456 25828 17179869184 93824992301056 93824992468925 140737488338416 0 0 0 134217728 4 25184771 0 0 0 17 24 0 0 0 0 0 93824992533936 93824992571272 93824992575488 140737488340184 140737488340355 140737488340355 140737488351170 0
/proc/371555/statm: 29911 25828 2088 41 0 25990 0
Current children cumulated CPU time: 1204.84 s
Current children cumulated vsize: 146552 KiB
Current children cumulated memory: 116928 KiB

Sending SIGINT to process tree (bottom up)
Sleeping 5 seconds

[startup+1205.03 s]
# the end of solver process 371543 was just reported to runsolver
# cumulated CPU time of all completed processes:  user=1204.8 s, system=0.068202 s

Solver just ended.
??? end of watcher thread
Dumping a history of the last processes samples

Child status: 1
Real time (s): 1205.03
CPU time (s): 1204.87
CPU user time (s): 1204.8
CPU system time (s): 0.068202
CPU usage (%): 99.9871
Max. virtual memory (cumulated for all children) (KiB): 146552
Max. memory (cumulated for all children) (KiB): 116928

getrusage(RUSAGE_CHILDREN,...) data:
user time used= 1204.8
system time used= 0.068202
maximum resident set size= 103504
integral shared memory size= 0
integral unshared data size= 0
integral unshared stack size= 0
page reclaims= 26100
page faults= 0
swaps= 0
block input operations= 0
block output operations= 0
messages sent= 0
messages received= 0
signals received= 0
voluntary context switches= 18
involuntary context switches= 979


# summary of solver processes directly reported to runsolver:
#   pid: 371543
#   total CPU time (s): 1204.87
#   total CPU user time (s): 1204.8
#   total CPU system time (s): 0.068202

??? end of timestamper thread
runsolver used 9.17871 second user time and 15.2548 second system time

The end
