runsolver version 3.4.0 (svn: 3018) Copyright (C) 2010-2013 Olivier ROUSSEL

This program is distributed in the hope that it will be useful,
but WITHOUT ANY WARRANTY; without even the implied warranty of
MERCHANTABILITY or FITNESS FOR A PARTICULAR PURPOSE.  See the
GNU General Public License for more details.

NUMA information:
  number of nodes: 2
  memory of node 0: 257634 MiB (187031 MiB free)
  memory of node 1: 257994 MiB (187344 MiB free)
  node distances:
     10  20
     20  10

command line: /dev/shm/3746a5f8-2e81-11f1-ac62-000c298f4621/input/runsolver -w /dev/shm/3746a5f8-2e81-11f1-ac62-000c298f4621/output/runsolver.log -v /dev/shm/3746a5f8-2e81-11f1-ac62-000c298f4621/output/varfile.log -W 1205 --rss-swap-limit 16384 -d 5 --sigint /usr/bin/perf stat -B -e task-clock,cache-references,cache-misses,cycles,instructions,branches,faults,migrations,context-switches -o /dev/shm/3746a5f8-2e81-11f1-ac62-000c298f4621/output/perf.log clingo /home/guests/mmacri/AMOSUM/benchmarks/GraphColouring/encoding-plain-amo.asp /dev/shm/3746a5f8-2e81-11f1-ac62-000c298f4621/input/0015-graph_colouring-130-0_4992.asp 

running on 2 cores: 26-27

Enforcing wall clock limit (soft limit, will send SIGTERM then SIGKILL): 1205 seconds
Enforcing RSS+Swap limit (soft limit, will send SIGTERM then SIGKILL): 16777216 KiB
Linux 5.15.0-131-generic
solver pid=385492, runsolver pid=385482
Current StackSize limit: 8192 KiB


[startup+0.100067 s]*
/proc/loadavg: 14.36 14.34 13.28 16/794 385523
/proc/meminfo: memFree=383436764/528004324 swapFree=8388604/8388604
[pid=385492] ppid=385482 vsize=26908 memory=13612 CPUtime=0.06 cores=26-27
/proc/385492/stat : 385492 (perf) S 385482 385492 385168 0 -1 0 1738 237 0 0 6 0 0 0 20 0 1 0 923013372 27553792 3403 17179869184 93824994299904 93824996572973 140737488338256 0 0 0 134217728 4 74274 1 0 0 17 26 0 0 0 0 0 93824998874888 93825001005840 93825001308160 140737488340074 140737488340471 140737488340471 140737488351179 0
/proc/385492/statm: 6727 3403 2098 555 0 1769 0
[pid=385514] ppid=385492 vsize=20152 memory=11816 CPUtime=0.03 cores=26-27
/proc/385514/stat : 385514 (clingo) R 385492 385492 385168 0 -1 0 1243 0 0 0 3 0 0 0 20 0 1 0 923013380 20635648 2954 17179869184 93824992301056 93824992468925 140737488338416 0 0 0 134217728 4 25184771 0 0 0 17 26 0 0 0 0 0 93824992533936 93824992571272 93824992575488 140737488340184 140737488340355 140737488340355 140737488351170 0
/proc/385514/statm: 5038 2954 2072 41 0 1117 0
Current children cumulated CPU time: 0.09 s
Current children cumulated vsize: 47060 KiB
Current children cumulated memory: 25428 KiB

[startup+0.233718 s]*
/proc/loadavg: 14.36 14.34 13.28 20/800 385603
/proc/meminfo: memFree=383424772/528004324 swapFree=8388604/8388604
[pid=385492] ppid=385482 vsize=26908 memory=13612 CPUtime=0.06 cores=26-27
/proc/385492/stat : 385492 (perf) S 385482 385492 385168 0 -1 0 1738 237 0 0 6 0 0 0 20 0 1 0 923013372 27553792 3403 17179869184 93824994299904 93824996572973 140737488338256 0 0 0 134217728 4 74274 1 0 0 17 26 0 0 0 0 0 93824998874888 93825001005840 93825001308160 140737488340074 140737488340471 140737488340471 140737488351179 0
/proc/385492/statm: 6727 3403 2098 555 0 1769 0
[pid=385514] ppid=385492 vsize=24648 memory=16628 CPUtime=0.14 cores=26-27
/proc/385514/stat : 385514 (clingo) R 385492 385492 385168 0 -1 0 2397 0 0 0 14 0 0 0 20 0 1 0 923013380 25239552 4157 17179869184 93824992301056 93824992468925 140737488338416 0 0 0 134217728 4 25184771 0 0 0 17 26 0 0 0 0 0 93824992533936 93824992571272 93824992575488 140737488340184 140737488340355 140737488340355 140737488351170 0
/proc/385514/statm: 6162 4157 2088 41 0 2241 0
Current children cumulated CPU time: 0.2 s
Current children cumulated vsize: 51556 KiB
Current children cumulated memory: 30240 KiB

[startup+0.318168 s]*
/proc/loadavg: 14.36 14.34 13.28 18/808 385699
/proc/meminfo: memFree=383544300/528004324 swapFree=8388604/8388604
[pid=385492] ppid=385482 vsize=26908 memory=13612 CPUtime=0.06 cores=26-27
/proc/385492/stat : 385492 (perf) S 385482 385492 385168 0 -1 0 1738 237 0 0 6 0 0 0 20 0 1 0 923013372 27553792 3403 17179869184 93824994299904 93824996572973 140737488338256 0 0 0 134217728 4 74274 1 0 0 17 26 0 0 0 0 0 93824998874888 93825001005840 93825001308160 140737488340074 140737488340471 140737488340471 140737488351179 0
/proc/385492/statm: 6727 3403 2098 555 0 1769 0
[pid=385514] ppid=385492 vsize=25704 memory=17684 CPUtime=0.22 cores=26-27
/proc/385514/stat : 385514 (clingo) R 385492 385492 385168 0 -1 0 2638 0 0 0 22 0 0 0 20 0 1 0 923013380 26320896 4421 17179869184 93824992301056 93824992468925 140737488338416 0 0 0 134217728 4 25184771 0 0 0 17 26 0 0 0 0 0 93824992533936 93824992571272 93824992575488 140737488340184 140737488340355 140737488340355 140737488351170 0
/proc/385514/statm: 6426 4421 2088 41 0 2505 0
Current children cumulated CPU time: 0.28 s
Current children cumulated vsize: 52612 KiB
Current children cumulated memory: 31296 KiB

[startup+0.700326 s]
/proc/loadavg: 14.36 14.34 13.28 16/797 385754
/proc/meminfo: memFree=383537912/528004324 swapFree=8388604/8388604
[pid=385492] ppid=385482 vsize=26908 memory=13612 CPUtime=0.06 cores=26-27
/proc/385492/stat : 385492 (perf) S 385482 385492 385168 0 -1 0 1738 237 0 0 6 0 0 0 20 0 1 0 923013372 27553792 3403 17179869184 93824994299904 93824996572973 140737488338256 0 0 0 134217728 4 74274 1 0 0 17 26 0 0 0 0 0 93824998874888 93825001005840 93825001308160 140737488340074 140737488340471 140737488340471 140737488351179 0
/proc/385492/statm: 6727 3403 2098 555 0 1769 0
[pid=385514] ppid=385492 vsize=27832 memory=19796 CPUtime=0.6 cores=26-27
/proc/385514/stat : 385514 (clingo) R 385492 385492 385168 0 -1 0 3177 0 0 0 59 1 0 0 20 0 1 0 923013380 28499968 4949 17179869184 93824992301056 93824992468925 140737488338416 0 0 0 134217728 4 25184771 0 0 0 17 26 0 0 0 0 0 93824992533936 93824992571272 93824992575488 140737488340184 140737488340355 140737488340355 140737488351170 0
/proc/385514/statm: 6958 4949 2088 41 0 3037 0
Current children cumulated CPU time: 0.66 s
Current children cumulated vsize: 54740 KiB
Current children cumulated memory: 33408 KiB

[startup+1.50033 s]
/proc/loadavg: 14.36 14.34 13.28 18/796 385923
/proc/meminfo: memFree=383611864/528004324 swapFree=8388604/8388604
[pid=385492] ppid=385482 vsize=26908 memory=13612 CPUtime=0.06 cores=26-27
/proc/385492/stat : 385492 (perf) S 385482 385492 385168 0 -1 0 1738 237 0 0 6 0 0 0 20 0 1 0 923013372 27553792 3403 17179869184 93824994299904 93824996572973 140737488338256 0 0 0 134217728 4 74274 1 0 0 17 26 0 0 0 0 0 93824998874888 93825001005840 93825001308160 140737488340074 140737488340471 140737488340471 140737488351179 0
/proc/385492/statm: 6727 3403 2098 555 0 1769 0
[pid=385514] ppid=385492 vsize=29548 memory=21644 CPUtime=1.4 cores=26-27
/proc/385514/stat : 385514 (clingo) R 385492 385492 385168 0 -1 0 3624 0 0 0 139 1 0 0 20 0 1 0 923013380 30257152 5411 17179869184 93824992301056 93824992468925 140737488338416 0 0 0 134217728 4 25184771 0 0 0 17 26 0 0 0 0 0 93824992533936 93824992571272 93824992575488 140737488340184 140737488340355 140737488340355 140737488351170 0
/proc/385514/statm: 7387 5411 2088 41 0 3466 0
Current children cumulated CPU time: 1.46 s
Current children cumulated vsize: 56456 KiB
Current children cumulated memory: 35256 KiB

[startup+3.11796 s]
/proc/loadavg: 14.33 14.34 13.28 18/835 386359
/proc/meminfo: memFree=383643624/528004324 swapFree=8388604/8388604
[pid=385492] ppid=385482 vsize=26908 memory=13612 CPUtime=0.06 cores=26-27
/proc/385492/stat : 385492 (perf) S 385482 385492 385168 0 -1 0 1738 237 0 0 6 0 0 0 20 0 1 0 923013372 27553792 3403 17179869184 93824994299904 93824996572973 140737488338256 0 0 0 134217728 4 74274 1 0 0 17 26 0 0 0 0 0 93824998874888 93825001005840 93825001308160 140737488340074 140737488340471 140737488340471 140737488351179 0
/proc/385492/statm: 6727 3403 2098 555 0 1769 0
[pid=385514] ppid=385492 vsize=31696 memory=23492 CPUtime=3.01 cores=26-27
/proc/385514/stat : 385514 (clingo) R 385492 385492 385168 0 -1 0 4140 0 0 0 300 1 0 0 20 0 1 0 923013380 32456704 5873 17179869184 93824992301056 93824992468925 140737488338416 0 0 0 134217728 4 25184771 0 0 0 17 26 0 0 0 0 0 93824992533936 93824992571272 93824992575488 140737488340184 140737488340355 140737488340355 140737488351170 0
/proc/385514/statm: 7924 5873 2088 41 0 4003 0
Current children cumulated CPU time: 3.07 s
Current children cumulated vsize: 58604 KiB
Current children cumulated memory: 37104 KiB

[startup+6.30028 s]
/proc/loadavg: 14.33 14.34 13.28 19/837 386499
/proc/meminfo: memFree=383614424/528004324 swapFree=8388604/8388604
[pid=385492] ppid=385482 vsize=26908 memory=13612 CPUtime=0.06 cores=26-27
/proc/385492/stat : 385492 (perf) S 385482 385492 385168 0 -1 0 1738 237 0 0 6 0 0 0 20 0 1 0 923013372 27553792 3403 17179869184 93824994299904 93824996572973 140737488338256 0 0 0 134217728 4 74274 1 0 0 17 26 0 0 0 0 0 93824998874888 93825001005840 93825001308160 140737488340074 140737488340471 140737488340471 140737488351179 0
/proc/385492/statm: 6727 3403 2098 555 0 1769 0
[pid=385514] ppid=385492 vsize=35480 memory=27452 CPUtime=6.19 cores=26-27
/proc/385514/stat : 385514 (clingo) R 385492 385492 385168 0 -1 0 5081 0 0 0 618 1 0 0 20 0 1 0 923013380 36331520 6863 17179869184 93824992301056 93824992468925 140737488338416 0 0 0 134217728 4 25184771 0 0 0 17 26 0 0 0 0 0 93824992533936 93824992571272 93824992575488 140737488340184 140737488340355 140737488340355 140737488351170 0
/proc/385514/statm: 8870 6863 2088 41 0 4949 0
Current children cumulated CPU time: 6.25 s
Current children cumulated vsize: 62388 KiB
Current children cumulated memory: 41064 KiB

[startup+12.7003 s]
/proc/loadavg: 14.31 14.33 13.29 19/837 386499
/proc/meminfo: memFree=383541244/528004324 swapFree=8388604/8388604
[pid=385492] ppid=385482 vsize=26908 memory=13612 CPUtime=0.06 cores=26-27
/proc/385492/stat : 385492 (perf) S 385482 385492 385168 0 -1 0 1738 237 0 0 6 0 0 0 20 0 1 0 923013372 27553792 3403 17179869184 93824994299904 93824996572973 140737488338256 0 0 0 134217728 4 74274 1 0 0 17 26 0 0 0 0 0 93824998874888 93825001005840 93825001308160 140737488340074 140737488340471 140737488340471 140737488351179 0
/proc/385492/statm: 6727 3403 2098 555 0 1769 0
[pid=385514] ppid=385492 vsize=39128 memory=30884 CPUtime=12.59 cores=26-27
/proc/385514/stat : 385514 (clingo) R 385492 385492 385168 0 -1 0 5958 0 0 0 1258 1 0 0 20 0 1 0 923013380 40067072 7721 17179869184 93824992301056 93824992468925 140737488338416 0 0 0 134217728 4 25184771 0 0 0 17 26 0 0 0 0 0 93824992533936 93824992571272 93824992575488 140737488340184 140737488340355 140737488340355 140737488351170 0
/proc/385514/statm: 9782 7721 2088 41 0 5861 0
Current children cumulated CPU time: 12.65 s
Current children cumulated vsize: 66036 KiB
Current children cumulated memory: 44496 KiB

[startup+25.5003 s]
/proc/loadavg: 14.24 14.31 13.30 19/837 386602
/proc/meminfo: memFree=383525848/528004324 swapFree=8388604/8388604
[pid=385492] ppid=385482 vsize=26908 memory=13612 CPUtime=0.06 cores=26-27
/proc/385492/stat : 385492 (perf) S 385482 385492 385168 0 -1 0 1738 237 0 0 6 0 0 0 20 0 1 0 923013372 27553792 3403 17179869184 93824994299904 93824996572973 140737488338256 0 0 0 134217728 4 74274 1 0 0 17 26 0 0 0 0 0 93824998874888 93825001005840 93825001308160 140737488340074 140737488340471 140737488340471 140737488351179 0
/proc/385492/statm: 6727 3403 2098 555 0 1769 0
[pid=385514] ppid=385492 vsize=44052 memory=35372 CPUtime=25.39 cores=26-27
/proc/385514/stat : 385514 (clingo) R 385492 385492 385168 0 -1 0 7067 0 0 0 2538 1 0 0 20 0 1 0 923013380 45109248 8843 17179869184 93824992301056 93824992468925 140737488338416 0 0 0 134217728 4 25184771 0 0 0 17 26 0 0 0 0 0 93824992533936 93824992571272 93824992575488 140737488340184 140737488340355 140737488340355 140737488351170 0
/proc/385514/statm: 11013 8843 2088 41 0 7092 0
Current children cumulated CPU time: 25.45 s
Current children cumulated vsize: 70960 KiB
Current children cumulated memory: 48984 KiB

[startup+51.1176 s]
/proc/loadavg: 14.50 14.37 13.34 19/837 386604
/proc/meminfo: memFree=383416904/528004324 swapFree=8388604/8388604
[pid=385492] ppid=385482 vsize=26908 memory=13612 CPUtime=0.06 cores=26-27
/proc/385492/stat : 385492 (perf) S 385482 385492 385168 0 -1 0 1738 237 0 0 6 0 0 0 20 0 1 0 923013372 27553792 3403 17179869184 93824994299904 93824996572973 140737488338256 0 0 0 134217728 4 74274 1 0 0 17 26 0 0 0 0 0 93824998874888 93825001005840 93825001308160 140737488340074 140737488340471 140737488340471 140737488351179 0
/proc/385492/statm: 6727 3403 2098 555 0 1769 0
[pid=385514] ppid=385492 vsize=51524 memory=41972 CPUtime=51 cores=26-27
/proc/385514/stat : 385514 (clingo) R 385492 385492 385168 0 -1 0 8761 0 0 0 5099 1 0 0 20 0 1 0 923013380 52760576 10493 17179869184 93824992301056 93824992468925 140737488338416 0 0 0 134217728 4 25184771 0 0 0 17 26 0 0 0 0 0 93824992533936 93824992571272 93824992575488 140737488340184 140737488340355 140737488340355 140737488351170 0
/proc/385514/statm: 12881 10493 2088 41 0 8960 0
Current children cumulated CPU time: 51.06 s
Current children cumulated vsize: 78432 KiB
Current children cumulated memory: 55584 KiB

[startup+102.3 s]
/proc/loadavg: 14.49 14.38 13.40 19/839 386652
/proc/meminfo: memFree=383266580/528004324 swapFree=8388604/8388604
[pid=385492] ppid=385482 vsize=26908 memory=13612 CPUtime=0.06 cores=26-27
/proc/385492/stat : 385492 (perf) S 385482 385492 385168 0 -1 0 1738 237 0 0 6 0 0 0 20 0 1 0 923013372 27553792 3403 17179869184 93824994299904 93824996572973 140737488338256 0 0 0 134217728 4 74274 1 0 0 17 26 0 0 0 0 0 93824998874888 93825001005840 93825001308160 140737488340074 140737488340471 140737488340471 140737488351179 0
/proc/385492/statm: 6727 3403 2098 555 0 1769 0
[pid=385514] ppid=385492 vsize=61776 memory=51476 CPUtime=102.19 cores=26-27
/proc/385514/stat : 385514 (clingo) R 385492 385492 385168 0 -1 0 11134 0 0 0 10217 2 0 0 20 0 1 0 923013380 63258624 12869 17179869184 93824992301056 93824992468925 140737488338416 0 0 0 134217728 4 25184771 0 0 0 17 26 0 0 0 0 0 93824992533936 93824992571272 93824992575488 140737488340184 140737488340355 140737488340355 140737488351170 0
/proc/385514/statm: 15444 12869 2088 41 0 11523 0
Current children cumulated CPU time: 102.25 s
Current children cumulated vsize: 88684 KiB
Current children cumulated memory: 65088 KiB

[startup+162.3 s]
/proc/loadavg: 14.43 14.41 13.48 19/839 386655
/proc/meminfo: memFree=383142600/528004324 swapFree=8388604/8388604
[pid=385492] ppid=385482 vsize=26908 memory=13612 CPUtime=0.06 cores=26-27
/proc/385492/stat : 385492 (perf) S 385482 385492 385168 0 -1 0 1738 237 0 0 6 0 0 0 20 0 1 0 923013372 27553792 3403 17179869184 93824994299904 93824996572973 140737488338256 0 0 0 134217728 4 74274 1 0 0 17 26 0 0 0 0 0 93824998874888 93825001005840 93825001308160 140737488340074 140737488340471 140737488340471 140737488351179 0
/proc/385492/statm: 6727 3403 2098 555 0 1769 0
[pid=385514] ppid=385492 vsize=71516 memory=60188 CPUtime=162.2 cores=26-27
/proc/385514/stat : 385514 (clingo) R 385492 385492 385168 0 -1 0 13321 0 0 0 16217 3 0 0 20 0 1 0 923013380 73232384 15047 17179869184 93824992301056 93824992468925 140737488338416 0 0 0 134217728 4 25184771 0 0 0 17 26 0 0 0 0 0 93824992533936 93824992571272 93824992575488 140737488340184 140737488340355 140737488340355 140737488351170 0
/proc/385514/statm: 17879 15047 2088 41 0 13958 0
Current children cumulated CPU time: 162.26 s
Current children cumulated vsize: 98424 KiB
Current children cumulated memory: 73800 KiB

[startup+222.3 s]
/proc/loadavg: 14.16 14.33 13.51 19/839 386658
/proc/meminfo: memFree=383041076/528004324 swapFree=8388604/8388604
[pid=385492] ppid=385482 vsize=26908 memory=13612 CPUtime=0.06 cores=26-27
/proc/385492/stat : 385492 (perf) S 385482 385492 385168 0 -1 0 1738 237 0 0 6 0 0 0 20 0 1 0 923013372 27553792 3403 17179869184 93824994299904 93824996572973 140737488338256 0 0 0 134217728 4 74274 1 0 0 17 26 0 0 0 0 0 93824998874888 93825001005840 93825001308160 140737488340074 140737488340471 140737488340471 140737488351179 0
/proc/385492/statm: 6727 3403 2098 555 0 1769 0
[pid=385514] ppid=385492 vsize=77956 memory=66524 CPUtime=222.19 cores=26-27
/proc/385514/stat : 385514 (clingo) R 385492 385492 385168 0 -1 0 14874 0 0 0 22216 3 0 0 20 0 1 0 923013380 79826944 16631 17179869184 93824992301056 93824992468925 140737488338416 0 0 0 134217728 4 25184771 0 0 0 17 26 0 0 0 0 0 93824992533936 93824992571272 93824992575488 140737488340184 140737488340355 140737488340355 140737488351170 0
/proc/385514/statm: 19489 16631 2088 41 0 15568 0
Current children cumulated CPU time: 222.25 s
Current children cumulated vsize: 104864 KiB
Current children cumulated memory: 80136 KiB

[startup+282.3 s]
/proc/loadavg: 14.06 14.27 13.55 19/839 386661
/proc/meminfo: memFree=382955916/528004324 swapFree=8388604/8388604
[pid=385492] ppid=385482 vsize=26908 memory=13612 CPUtime=0.06 cores=26-27
/proc/385492/stat : 385492 (perf) S 385482 385492 385168 0 -1 0 1738 237 0 0 6 0 0 0 20 0 1 0 923013372 27553792 3403 17179869184 93824994299904 93824996572973 140737488338256 0 0 0 134217728 4 74274 1 0 0 17 26 0 0 0 0 0 93824998874888 93825001005840 93825001308160 140737488340074 140737488340471 140737488340471 140737488351179 0
/proc/385492/statm: 6727 3403 2098 555 0 1769 0
[pid=385514] ppid=385492 vsize=82920 memory=71276 CPUtime=282.19 cores=26-27
/proc/385514/stat : 385514 (clingo) R 385492 385492 385168 0 -1 0 16097 0 0 0 28216 3 0 0 20 0 1 0 923013380 84910080 17819 17179869184 93824992301056 93824992468925 140737488338416 0 0 0 134217728 4 25184771 0 0 0 17 26 0 0 0 0 0 93824992533936 93824992571272 93824992575488 140737488340184 140737488340355 140737488340355 140737488351170 0
/proc/385514/statm: 20730 17819 2088 41 0 16809 0
Current children cumulated CPU time: 282.25 s
Current children cumulated vsize: 109828 KiB
Current children cumulated memory: 84888 KiB

[startup+342.3 s]
/proc/loadavg: 14.30 14.28 13.60 19/818 386665
/proc/meminfo: memFree=382881452/528004324 swapFree=8388604/8388604
[pid=385492] ppid=385482 vsize=26908 memory=13612 CPUtime=0.06 cores=26-27
/proc/385492/stat : 385492 (perf) S 385482 385492 385168 0 -1 0 1738 237 0 0 6 0 0 0 20 0 1 0 923013372 27553792 3403 17179869184 93824994299904 93824996572973 140737488338256 0 0 0 134217728 4 74274 1 0 0 17 26 0 0 0 0 0 93824998874888 93825001005840 93825001308160 140737488340074 140737488340471 140737488340471 140737488351179 0
/proc/385492/statm: 6727 3403 2098 555 0 1769 0
[pid=385514] ppid=385492 vsize=91212 memory=78852 CPUtime=342.19 cores=26-27
/proc/385514/stat : 385514 (clingo) R 385492 385492 385168 0 -1 0 18046 0 0 0 34215 4 0 0 20 0 1 0 923013380 93401088 19713 17179869184 93824992301056 93824992468925 140737488338416 0 0 0 134217728 4 25184771 0 0 0 17 26 0 0 0 0 0 93824992533936 93824992571272 93824992575488 140737488340184 140737488340355 140737488340355 140737488351170 0
/proc/385514/statm: 22803 19713 2088 41 0 18882 0
Current children cumulated CPU time: 342.25 s
Current children cumulated vsize: 118120 KiB
Current children cumulated memory: 92464 KiB

[startup+402.3 s]
/proc/loadavg: 14.37 14.31 13.65 19/814 386668
/proc/meminfo: memFree=382813700/528004324 swapFree=8388604/8388604
[pid=385492] ppid=385482 vsize=26908 memory=13612 CPUtime=0.06 cores=26-27
/proc/385492/stat : 385492 (perf) S 385482 385492 385168 0 -1 0 1738 237 0 0 6 0 0 0 20 0 1 0 923013372 27553792 3403 17179869184 93824994299904 93824996572973 140737488338256 0 0 0 134217728 4 74274 1 0 0 17 26 0 0 0 0 0 93824998874888 93825001005840 93825001308160 140737488340074 140737488340471 140737488340471 140737488351179 0
/proc/385492/statm: 6727 3403 2098 555 0 1769 0
[pid=385514] ppid=385492 vsize=94624 memory=82020 CPUtime=402.19 cores=26-27
/proc/385514/stat : 385514 (clingo) R 385492 385492 385168 0 -1 0 18828 0 0 0 40215 4 0 0 20 0 1 0 923013380 96894976 20505 17179869184 93824992301056 93824992468925 140737488338416 0 0 0 134217728 4 25184771 0 0 0 17 26 0 0 0 0 0 93824992533936 93824992571272 93824992575488 140737488340184 140737488340355 140737488340355 140737488351170 0
/proc/385514/statm: 23656 20505 2088 41 0 19735 0
Current children cumulated CPU time: 402.25 s
Current children cumulated vsize: 121532 KiB
Current children cumulated memory: 95632 KiB

[startup+462.3 s]
/proc/loadavg: 14.29 14.28 13.69 19/814 386671
/proc/meminfo: memFree=382748228/528004324 swapFree=8388604/8388604
[pid=385492] ppid=385482 vsize=26908 memory=13612 CPUtime=0.06 cores=26-27
/proc/385492/stat : 385492 (perf) S 385482 385492 385168 0 -1 0 1738 237 0 0 6 0 0 0 20 0 1 0 923013372 27553792 3403 17179869184 93824994299904 93824996572973 140737488338256 0 0 0 134217728 4 74274 1 0 0 17 26 0 0 0 0 0 93824998874888 93825001005840 93825001308160 140737488340074 140737488340471 140737488340471 140737488351179 0
/proc/385492/statm: 6727 3403 2098 555 0 1769 0
[pid=385514] ppid=385492 vsize=101464 memory=87828 CPUtime=462.19 cores=26-27
/proc/385514/stat : 385514 (clingo) R 385492 385492 385168 0 -1 0 20277 0 0 0 46214 5 0 0 20 0 1 0 923013380 103899136 21957 17179869184 93824992301056 93824992468925 140737488338416 0 0 0 134217728 4 25184771 0 0 0 17 26 0 0 0 0 0 93824992533936 93824992571272 93824992575488 140737488340184 140737488340355 140737488340355 140737488351170 0
/proc/385514/statm: 25366 21957 2088 41 0 21445 0
Current children cumulated CPU time: 462.25 s
Current children cumulated vsize: 128372 KiB
Current children cumulated memory: 101440 KiB

[startup+522.3 s]
/proc/loadavg: 14.17 14.26 13.72 19/814 386675
/proc/meminfo: memFree=382707460/528004324 swapFree=8388604/8388604
[pid=385492] ppid=385482 vsize=26908 memory=13612 CPUtime=0.06 cores=26-27
/proc/385492/stat : 385492 (perf) S 385482 385492 385168 0 -1 0 1738 237 0 0 6 0 0 0 20 0 1 0 923013372 27553792 3403 17179869184 93824994299904 93824996572973 140737488338256 0 0 0 134217728 4 74274 1 0 0 17 26 0 0 0 0 0 93824998874888 93825001005840 93825001308160 140737488340074 140737488340471 140737488340471 140737488351179 0
/proc/385492/statm: 6727 3403 2098 555 0 1769 0
[pid=385514] ppid=385492 vsize=111328 memory=95748 CPUtime=522.19 cores=26-27
/proc/385514/stat : 385514 (clingo) R 385492 385492 385168 0 -1 0 22314 0 0 0 52214 5 0 0 20 0 1 0 923013380 113999872 23937 17179869184 93824992301056 93824992468925 140737488338416 0 0 0 134217728 4 25184771 0 0 0 17 26 0 0 0 0 0 93824992533936 93824992571272 93824992575488 140737488340184 140737488340355 140737488340355 140737488351170 0
/proc/385514/statm: 27832 23937 2088 41 0 23911 0
Current children cumulated CPU time: 522.25 s
Current children cumulated vsize: 138236 KiB
Current children cumulated memory: 109360 KiB

[startup+582.3 s]
/proc/loadavg: 14.06 14.21 13.74 19/814 386678
/proc/meminfo: memFree=382654812/528004324 swapFree=8388604/8388604
[pid=385492] ppid=385482 vsize=26908 memory=13612 CPUtime=0.06 cores=26-27
/proc/385492/stat : 385492 (perf) S 385482 385492 385168 0 -1 0 1738 237 0 0 6 0 0 0 20 0 1 0 923013372 27553792 3403 17179869184 93824994299904 93824996572973 140737488338256 0 0 0 134217728 4 74274 1 0 0 17 26 0 0 0 0 0 93824998874888 93825001005840 93825001308160 140737488340074 140737488340471 140737488340471 140737488351179 0
/proc/385492/statm: 6727 3403 2098 555 0 1769 0
[pid=385514] ppid=385492 vsize=113604 memory=98124 CPUtime=582.19 cores=26-27
/proc/385514/stat : 385514 (clingo) R 385492 385492 385168 0 -1 0 22852 0 0 0 58214 5 0 0 20 0 1 0 923013380 116330496 24531 17179869184 93824992301056 93824992468925 140737488338416 0 0 0 134217728 4 25184771 0 0 0 17 26 0 0 0 0 0 93824992533936 93824992571272 93824992575488 140737488340184 140737488340355 140737488340355 140737488351170 0
/proc/385514/statm: 28401 24531 2088 41 0 24480 0
Current children cumulated CPU time: 582.25 s
Current children cumulated vsize: 140512 KiB
Current children cumulated memory: 111736 KiB

[startup+642.3 s]
/proc/loadavg: 14.02 14.17 13.76 19/815 386682
/proc/meminfo: memFree=382600424/528004324 swapFree=8388604/8388604
[pid=385492] ppid=385482 vsize=26908 memory=13612 CPUtime=0.06 cores=26-27
/proc/385492/stat : 385492 (perf) S 385482 385492 385168 0 -1 0 1738 237 0 0 6 0 0 0 20 0 1 0 923013372 27553792 3403 17179869184 93824994299904 93824996572973 140737488338256 0 0 0 134217728 4 74274 1 0 0 17 26 0 0 0 0 0 93824998874888 93825001005840 93825001308160 140737488340074 140737488340471 140737488340471 140737488351179 0
/proc/385492/statm: 6727 3403 2098 555 0 1769 0
[pid=385514] ppid=385492 vsize=117152 memory=101556 CPUtime=642.19 cores=26-27
/proc/385514/stat : 385514 (clingo) R 385492 385492 385168 0 -1 0 23745 0 0 0 64214 5 0 0 20 0 1 0 923013380 119963648 25389 17179869184 93824992301056 93824992468925 140737488338416 0 0 0 134217728 4 25184771 0 0 0 17 26 0 0 0 0 0 93824992533936 93824992571272 93824992575488 140737488340184 140737488340355 140737488340355 140737488351170 0
/proc/385514/statm: 29288 25389 2088 41 0 25367 0
Current children cumulated CPU time: 642.25 s
Current children cumulated vsize: 144060 KiB
Current children cumulated memory: 115168 KiB

[startup+702.3 s]
/proc/loadavg: 14.29 14.20 13.80 19/815 386686
/proc/meminfo: memFree=382561400/528004324 swapFree=8388604/8388604
[pid=385492] ppid=385482 vsize=26908 memory=13612 CPUtime=0.06 cores=26-27
/proc/385492/stat : 385492 (perf) S 385482 385492 385168 0 -1 0 1738 237 0 0 6 0 0 0 20 0 1 0 923013372 27553792 3403 17179869184 93824994299904 93824996572973 140737488338256 0 0 0 134217728 4 74274 1 0 0 17 26 0 0 0 0 0 93824998874888 93825001005840 93825001308160 140737488340074 140737488340471 140737488340471 140737488351179 0
/proc/385492/statm: 6727 3403 2098 555 0 1769 0
[pid=385514] ppid=385492 vsize=121044 memory=105252 CPUtime=702.19 cores=26-27
/proc/385514/stat : 385514 (clingo) R 385492 385492 385168 0 -1 0 24691 0 0 0 70214 5 0 0 20 0 1 0 923013380 123949056 26313 17179869184 93824992301056 93824992468925 140737488338416 0 0 0 134217728 4 25184771 0 0 0 17 26 0 0 0 0 0 93824992533936 93824992571272 93824992575488 140737488340184 140737488340355 140737488340355 140737488351170 0
/proc/385514/statm: 30261 26313 2088 41 0 26340 0
Current children cumulated CPU time: 702.25 s
Current children cumulated vsize: 147952 KiB
Current children cumulated memory: 118864 KiB

[startup+762.3 s]
/proc/loadavg: 14.31 14.24 13.84 19/815 386688
/proc/meminfo: memFree=382513556/528004324 swapFree=8388604/8388604
[pid=385492] ppid=385482 vsize=26908 memory=13612 CPUtime=0.06 cores=26-27
/proc/385492/stat : 385492 (perf) S 385482 385492 385168 0 -1 0 1738 237 0 0 6 0 0 0 20 0 1 0 923013372 27553792 3403 17179869184 93824994299904 93824996572973 140737488338256 0 0 0 134217728 4 74274 1 0 0 17 26 0 0 0 0 0 93824998874888 93825001005840 93825001308160 140737488340074 140737488340471 140737488340471 140737488351179 0
/proc/385492/statm: 6727 3403 2098 555 0 1769 0
[pid=385514] ppid=385492 vsize=124176 memory=108420 CPUtime=762.18 cores=26-27
/proc/385514/stat : 385514 (clingo) R 385492 385492 385168 0 -1 0 25465 0 0 0 76213 5 0 0 20 0 1 0 923013380 127156224 27105 17179869184 93824992301056 93824992468925 140737488338416 0 0 0 134217728 4 25184771 0 0 0 17 26 0 0 0 0 0 93824992533936 93824992571272 93824992575488 140737488340184 140737488340355 140737488340355 140737488351170 0
/proc/385514/statm: 31044 27105 2088 41 0 27123 0
Current children cumulated CPU time: 762.24 s
Current children cumulated vsize: 151084 KiB
Current children cumulated memory: 122032 KiB

[startup+822.3 s]
/proc/loadavg: 14.11 14.19 13.85 19/815 386691
/proc/meminfo: memFree=382470740/528004324 swapFree=8388604/8388604
[pid=385492] ppid=385482 vsize=26908 memory=13612 CPUtime=0.06 cores=26-27
/proc/385492/stat : 385492 (perf) S 385482 385492 385168 0 -1 0 1738 237 0 0 6 0 0 0 20 0 1 0 923013372 27553792 3403 17179869184 93824994299904 93824996572973 140737488338256 0 0 0 134217728 4 74274 1 0 0 17 26 0 0 0 0 0 93824998874888 93825001005840 93825001308160 140737488340074 140737488340471 140737488340471 140737488351179 0
/proc/385492/statm: 6727 3403 2098 555 0 1769 0
[pid=385514] ppid=385492 vsize=127128 memory=111324 CPUtime=822.19 cores=26-27
/proc/385514/stat : 385514 (clingo) R 385492 385492 385168 0 -1 0 26175 0 0 0 82213 6 0 0 20 0 1 0 923013380 130179072 27831 17179869184 93824992301056 93824992468925 140737488338416 0 0 0 134217728 4 25184771 0 0 0 17 26 0 0 0 0 0 93824992533936 93824992571272 93824992575488 140737488340184 140737488340355 140737488340355 140737488351170 0
/proc/385514/statm: 31782 27831 2088 41 0 27861 0
Current children cumulated CPU time: 822.25 s
Current children cumulated vsize: 154036 KiB
Current children cumulated memory: 124936 KiB

[startup+882.3 s]
/proc/loadavg: 14.04 14.15 13.86 19/815 386694
/proc/meminfo: memFree=382425656/528004324 swapFree=8388604/8388604
[pid=385492] ppid=385482 vsize=26908 memory=13612 CPUtime=0.06 cores=26-27
/proc/385492/stat : 385492 (perf) S 385482 385492 385168 0 -1 0 1738 237 0 0 6 0 0 0 20 0 1 0 923013372 27553792 3403 17179869184 93824994299904 93824996572973 140737488338256 0 0 0 134217728 4 74274 1 0 0 17 26 0 0 0 0 0 93824998874888 93825001005840 93825001308160 140737488340074 140737488340471 140737488340471 140737488351179 0
/proc/385492/statm: 6727 3403 2098 555 0 1769 0
[pid=385514] ppid=385492 vsize=129408 memory=113700 CPUtime=882.19 cores=26-27
/proc/385514/stat : 385514 (clingo) R 385492 385492 385168 0 -1 0 26776 0 0 0 88213 6 0 0 20 0 1 0 923013380 132513792 28425 17179869184 93824992301056 93824992468925 140737488338416 0 0 0 134217728 4 25184771 0 0 0 17 26 0 0 0 0 0 93824992533936 93824992571272 93824992575488 140737488340184 140737488340355 140737488340355 140737488351170 0
/proc/385514/statm: 32352 28425 2088 41 0 28431 0
Current children cumulated CPU time: 882.25 s
Current children cumulated vsize: 156316 KiB
Current children cumulated memory: 127312 KiB

[startup+942.3 s]
/proc/loadavg: 15.18 14.47 13.99 19/815 386698
/proc/meminfo: memFree=382377600/528004324 swapFree=8388604/8388604
[pid=385492] ppid=385482 vsize=26908 memory=13612 CPUtime=0.06 cores=26-27
/proc/385492/stat : 385492 (perf) S 385482 385492 385168 0 -1 0 1738 237 0 0 6 0 0 0 20 0 1 0 923013372 27553792 3403 17179869184 93824994299904 93824996572973 140737488338256 0 0 0 134217728 4 74274 1 0 0 17 26 0 0 0 0 0 93824998874888 93825001005840 93825001308160 140737488340074 140737488340471 140737488340471 140737488351179 0
/proc/385492/statm: 6727 3403 2098 555 0 1769 0
[pid=385514] ppid=385492 vsize=131804 memory=115812 CPUtime=942.19 cores=26-27
/proc/385514/stat : 385514 (clingo) R 385492 385492 385168 0 -1 0 27316 0 0 0 94213 6 0 0 20 0 1 0 923013380 134967296 28953 17179869184 93824992301056 93824992468925 140737488338416 0 0 0 134217728 4 25184771 0 0 0 17 26 0 0 0 0 0 93824992533936 93824992571272 93824992575488 140737488340184 140737488340355 140737488340355 140737488351170 0
/proc/385514/statm: 32951 28953 2088 41 0 29030 0
Current children cumulated CPU time: 942.25 s
Current children cumulated vsize: 158712 KiB
Current children cumulated memory: 129424 KiB

[startup+1002.3 s]
/proc/loadavg: 14.43 14.38 14.00 19/814 386701
/proc/meminfo: memFree=382342576/528004324 swapFree=8388604/8388604
[pid=385492] ppid=385482 vsize=26908 memory=13612 CPUtime=0.06 cores=26-27
/proc/385492/stat : 385492 (perf) S 385482 385492 385168 0 -1 0 1738 237 0 0 6 0 0 0 20 0 1 0 923013372 27553792 3403 17179869184 93824994299904 93824996572973 140737488338256 0 0 0 134217728 4 74274 1 0 0 17 26 0 0 0 0 0 93824998874888 93825001005840 93825001308160 140737488340074 140737488340471 140737488340471 140737488351179 0
/proc/385492/statm: 6727 3403 2098 555 0 1769 0
[pid=385514] ppid=385492 vsize=132948 memory=117132 CPUtime=1002.19 cores=26-27
/proc/385514/stat : 385514 (clingo) R 385492 385492 385168 0 -1 0 27618 0 0 0 100213 6 0 0 20 0 1 0 923013380 136138752 29283 17179869184 93824992301056 93824992468925 140737488338416 0 0 0 134217728 4 25184771 0 0 0 17 26 0 0 0 0 0 93824992533936 93824992571272 93824992575488 140737488340184 140737488340355 140737488340355 140737488351170 0
/proc/385514/statm: 33237 29283 2088 41 0 29316 0
Current children cumulated CPU time: 1002.25 s
Current children cumulated vsize: 159856 KiB
Current children cumulated memory: 130744 KiB

[startup+1062.3 s]
/proc/loadavg: 14.40 14.39 14.02 19/814 386703
/proc/meminfo: memFree=382299492/528004324 swapFree=8388604/8388604
[pid=385492] ppid=385482 vsize=26908 memory=13612 CPUtime=0.06 cores=26-27
/proc/385492/stat : 385492 (perf) S 385482 385492 385168 0 -1 0 1738 237 0 0 6 0 0 0 20 0 1 0 923013372 27553792 3403 17179869184 93824994299904 93824996572973 140737488338256 0 0 0 134217728 4 74274 1 0 0 17 26 0 0 0 0 0 93824998874888 93825001005840 93825001308160 140737488340074 140737488340471 140737488340471 140737488351179 0
/proc/385492/statm: 6727 3403 2098 555 0 1769 0
[pid=385514] ppid=385492 vsize=136116 memory=119772 CPUtime=1062.19 cores=26-27
/proc/385514/stat : 385514 (clingo) R 385492 385492 385168 0 -1 0 28311 0 0 0 106213 6 0 0 20 0 1 0 923013380 139382784 29943 17179869184 93824992301056 93824992468925 140737488338416 0 0 0 134217728 4 25184771 0 0 0 17 26 0 0 0 0 0 93824992533936 93824992571272 93824992575488 140737488340184 140737488340355 140737488340355 140737488351170 0
/proc/385514/statm: 34029 29943 2088 41 0 30108 0
Current children cumulated CPU time: 1062.25 s
Current children cumulated vsize: 163024 KiB
Current children cumulated memory: 133384 KiB

[startup+1122.3 s]
/proc/loadavg: 14.15 14.32 14.02 19/814 386706
/proc/meminfo: memFree=382279624/528004324 swapFree=8388604/8388604
[pid=385492] ppid=385482 vsize=26908 memory=13612 CPUtime=0.06 cores=26-27
/proc/385492/stat : 385492 (perf) S 385482 385492 385168 0 -1 0 1738 237 0 0 6 0 0 0 20 0 1 0 923013372 27553792 3403 17179869184 93824994299904 93824996572973 140737488338256 0 0 0 134217728 4 74274 1 0 0 17 26 0 0 0 0 0 93824998874888 93825001005840 93825001308160 140737488340074 140737488340471 140737488340471 140737488351179 0
/proc/385492/statm: 6727 3403 2098 555 0 1769 0
[pid=385514] ppid=385492 vsize=137844 memory=121620 CPUtime=1122.19 cores=26-27
/proc/385514/stat : 385514 (clingo) R 385492 385492 385168 0 -1 0 28733 0 0 0 112213 6 0 0 20 0 1 0 923013380 141152256 30405 17179869184 93824992301056 93824992468925 140737488338416 0 0 0 134217728 4 25184771 0 0 0 17 26 0 0 0 0 0 93824992533936 93824992571272 93824992575488 140737488340184 140737488340355 140737488340355 140737488351170 0
/proc/385514/statm: 34461 30405 2088 41 0 30540 0
Current children cumulated CPU time: 1122.25 s
Current children cumulated vsize: 164752 KiB
Current children cumulated memory: 135232 KiB

[startup+1182.3 s]
/proc/loadavg: 14.05 14.26 14.01 19/814 386709
/proc/meminfo: memFree=382254952/528004324 swapFree=8388604/8388604
[pid=385492] ppid=385482 vsize=26908 memory=13612 CPUtime=0.06 cores=26-27
/proc/385492/stat : 385492 (perf) S 385482 385492 385168 0 -1 0 1738 237 0 0 6 0 0 0 20 0 1 0 923013372 27553792 3403 17179869184 93824994299904 93824996572973 140737488338256 0 0 0 134217728 4 74274 1 0 0 17 26 0 0 0 0 0 93824998874888 93825001005840 93825001308160 140737488340074 140737488340471 140737488340471 140737488351179 0
/proc/385492/statm: 6727 3403 2098 555 0 1769 0
[pid=385514] ppid=385492 vsize=141776 memory=124856 CPUtime=1182.19 cores=26-27
/proc/385514/stat : 385514 (clingo) R 385492 385492 385168 0 -1 0 29975 0 0 0 118212 7 0 0 20 0 1 0 923013380 145178624 31214 17179869184 93824992301056 93824992468925 140737488338416 0 0 0 134217728 4 25184771 0 0 0 17 26 0 0 0 0 0 93824992533936 93824992571272 93824992575488 140737488340184 140737488340355 140737488340355 140737488351170 0
/proc/385514/statm: 35444 31214 2088 41 0 31523 0
Current children cumulated CPU time: 1182.25 s
Current children cumulated vsize: 168684 KiB
Current children cumulated memory: 138468 KiB



Maximum wall clock time exceeded: sending SIGTERM then SIGKILL

[startup+1205 s]*
/proc/loadavg: 14.09 14.25 14.02 19/811 386772
/proc/meminfo: memFree=382365276/528004324 swapFree=8388604/8388604
[pid=385492] ppid=385482 vsize=26908 memory=13612 CPUtime=0.06 cores=26-27
/proc/385492/stat : 385492 (perf) S 385482 385492 385168 0 -1 0 1738 237 0 0 6 0 0 0 20 0 1 0 923013372 27553792 3403 17179869184 93824994299904 93824996572973 140737488338256 0 0 0 134217728 4 74274 1 0 0 17 26 0 0 0 0 0 93824998874888 93825001005840 93825001308160 140737488340074 140737488340471 140737488340471 140737488351179 0
/proc/385492/statm: 6727 3403 2098 555 0 1769 0
[pid=385514] ppid=385492 vsize=144656 memory=127232 CPUtime=1204.9 cores=26-27
/proc/385514/stat : 385514 (clingo) R 385492 385492 385168 0 -1 0 30532 0 0 0 120483 7 0 0 20 0 1 0 923013380 148127744 31808 17179869184 93824992301056 93824992468925 140737488338416 0 0 0 134217728 4 25184771 0 0 0 17 26 0 0 0 0 0 93824992533936 93824992571272 93824992575488 140737488340184 140737488340355 140737488340355 140737488351170 0
/proc/385514/statm: 36164 31808 2088 41 0 32243 0
Current children cumulated CPU time: 1204.96 s
Current children cumulated vsize: 171564 KiB
Current children cumulated memory: 140844 KiB

Sending SIGINT to process tree (bottom up)
Sleeping 5 seconds

[startup+1205.03 s]
# the end of solver process 385492 was just reported to runsolver
# cumulated CPU time of all completed processes:  user=1204.92 s, system=0.087608 s

Solver just ended.
??? end of watcher thread
Dumping a history of the last processes samples

Child status: 1
Real time (s): 1205.03
CPU time (s): 1205
CPU user time (s): 1204.92
CPU system time (s): 0.087608
CPU usage (%): 99.9981
Max. virtual memory (cumulated for all children) (KiB): 171564
Max. memory (cumulated for all children) (KiB): 140844

getrusage(RUSAGE_CHILDREN,...) data:
user time used= 1204.92
system time used= 0.087608
maximum resident set size= 127304
integral shared memory size= 0
integral unshared data size= 0
integral unshared stack size= 0
page reclaims= 32547
page faults= 0
swaps= 0
block input operations= 0
block output operations= 0
messages sent= 0
messages received= 0
signals received= 0
voluntary context switches= 34
involuntary context switches= 1012


# summary of solver processes directly reported to runsolver:
#   pid: 385492
#   total CPU time (s): 1205
#   total CPU user time (s): 1204.92
#   total CPU system time (s): 0.087608

??? end of timestamper thread
runsolver used 8.60588 second user time and 13.9179 second system time

The end
