runsolver version 3.4.0 (svn: 3018) Copyright (C) 2010-2013 Olivier ROUSSEL

This program is distributed in the hope that it will be useful,
but WITHOUT ANY WARRANTY; without even the implied warranty of
MERCHANTABILITY or FITNESS FOR A PARTICULAR PURPOSE.  See the
GNU General Public License for more details.

NUMA information:
  number of nodes: 2
  memory of node 0: 257634 MiB (186053 MiB free)
  memory of node 1: 257994 MiB (187426 MiB free)
  node distances:
     10  20
     20  10

command line: /dev/shm/372a5f88-2e81-11f1-ac62-000c298f4621/input/runsolver -w /dev/shm/372a5f88-2e81-11f1-ac62-000c298f4621/output/runsolver.log -v /dev/shm/372a5f88-2e81-11f1-ac62-000c298f4621/output/varfile.log -W 1205 --rss-swap-limit 16384 -d 5 --sigint /usr/bin/perf stat -B -e task-clock,cache-references,cache-misses,cycles,instructions,branches,faults,migrations,context-switches -o /dev/shm/372a5f88-2e81-11f1-ac62-000c298f4621/output/perf.log clingo /home/guests/mmacri/AMOSUM/benchmarks/GraphColouring/encoding-plain-amo.asp /dev/shm/372a5f88-2e81-11f1-ac62-000c298f4621/input/0002-graph_colouring-125-0_2400.asp 

running on 2 cores: 28-29

Enforcing wall clock limit (soft limit, will send SIGTERM then SIGKILL): 1205 seconds
Enforcing RSS+Swap limit (soft limit, will send SIGTERM then SIGKILL): 16777216 KiB
Linux 5.15.0-131-generic
Current StackSize limit: 8192 KiB

solver pid=384368, runsolver pid=384367

[startup+0.10007 s]*
/proc/loadavg: 14.14 13.95 10.42 14/849 384372
/proc/meminfo: memFree=383583304/528004324 swapFree=8388604/8388604
[pid=384368] ppid=384367 vsize=26908 memory=13612 CPUtime=0.06 cores=28-29
/proc/384368/stat : 384368 (perf) S 384367 384368 384325 0 -1 0 1738 237 0 0 6 0 0 0 20 0 1 0 922892898 27553792 3403 17179869184 93824994299904 93824996572973 140737488338256 0 0 0 134217728 4 74274 1 0 0 17 28 0 0 0 0 0 93824998874888 93825001005840 93825001308160 140737488340074 140737488340471 140737488340471 140737488351179 0
/proc/384368/statm: 6727 3403 2098 555 0 1769 0
[pid=384372] ppid=384368 vsize=18892 memory=10616 CPUtime=0.01 cores=28-29
/proc/384372/stat : 384372 (clingo) R 384368 384368 384325 0 -1 0 890 0 0 0 1 0 0 0 20 0 1 0 922892905 19345408 2654 17179869184 93824992301056 93824992468925 140737488338416 0 0 0 134217728 4 25184771 0 0 0 17 29 0 0 0 0 0 93824992533936 93824992571272 93824992575488 140737488340184 140737488340355 140737488340355 140737488351170 0
/proc/384372/statm: 4723 2654 2042 41 0 802 0
Current children cumulated CPU time: 0.07 s
Current children cumulated vsize: 45800 KiB
Current children cumulated memory: 24228 KiB

[startup+0.219894 s]*
/proc/loadavg: 14.14 13.95 10.42 17/837 384387
/proc/meminfo: memFree=383558104/528004324 swapFree=8388604/8388604
[pid=384368] ppid=384367 vsize=26908 memory=13612 CPUtime=0.06 cores=28-29
/proc/384368/stat : 384368 (perf) S 384367 384368 384325 0 -1 0 1738 237 0 0 6 0 0 0 20 0 1 0 922892898 27553792 3403 17179869184 93824994299904 93824996572973 140737488338256 0 0 0 134217728 4 74274 1 0 0 17 28 0 0 0 0 0 93824998874888 93825001005840 93825001308160 140737488340074 140737488340471 140737488340471 140737488351179 0
/proc/384368/statm: 6727 3403 2098 555 0 1769 0
[pid=384372] ppid=384368 vsize=25232 memory=17120 CPUtime=0.13 cores=28-29
/proc/384372/stat : 384372 (clingo) R 384368 384368 384325 0 -1 0 2519 0 0 0 13 0 0 0 20 0 1 0 922892905 25837568 4280 17179869184 93824992301056 93824992468925 140737488338416 0 0 0 134217728 4 25184771 0 0 0 17 28 0 0 0 0 0 93824992533936 93824992571272 93824992575488 140737488340184 140737488340355 140737488340355 140737488351170 0
/proc/384372/statm: 6308 4280 2088 41 0 2387 0
Current children cumulated CPU time: 0.19 s
Current children cumulated vsize: 52140 KiB
Current children cumulated memory: 30732 KiB

[startup+0.330263 s]*
/proc/loadavg: 14.14 13.95 10.42 15/834 384412
/proc/meminfo: memFree=383538452/528004324 swapFree=8388604/8388604
[pid=384368] ppid=384367 vsize=26908 memory=13612 CPUtime=0.06 cores=28-29
/proc/384368/stat : 384368 (perf) S 384367 384368 384325 0 -1 0 1738 237 0 0 6 0 0 0 20 0 1 0 922892898 27553792 3403 17179869184 93824994299904 93824996572973 140737488338256 0 0 0 134217728 4 74274 1 0 0 17 28 0 0 0 0 0 93824998874888 93825001005840 93825001308160 140737488340074 140737488340471 140737488340471 140737488351179 0
/proc/384368/statm: 6727 3403 2098 555 0 1769 0
[pid=384372] ppid=384368 vsize=27352 memory=19232 CPUtime=0.22 cores=28-29
/proc/384372/stat : 384372 (clingo) R 384368 384368 384325 0 -1 0 3064 0 0 0 22 0 0 0 20 0 1 0 922892905 28008448 4808 17179869184 93824992301056 93824992468925 140737488338416 0 0 0 134217728 4 25184771 0 0 0 17 28 0 0 0 0 0 93824992533936 93824992571272 93824992575488 140737488340184 140737488340355 140737488340355 140737488351170 0
/proc/384372/statm: 6838 4808 2088 41 0 2917 0
Current children cumulated CPU time: 0.28 s
Current children cumulated vsize: 54260 KiB
Current children cumulated memory: 32844 KiB

[startup+0.700341 s]
/proc/loadavg: 14.14 13.95 10.42 15/846 384435
/proc/meminfo: memFree=383492112/528004324 swapFree=8388604/8388604
[pid=384368] ppid=384367 vsize=26908 memory=13612 CPUtime=0.06 cores=28-29
/proc/384368/stat : 384368 (perf) S 384367 384368 384325 0 -1 0 1738 237 0 0 6 0 0 0 20 0 1 0 922892898 27553792 3403 17179869184 93824994299904 93824996572973 140737488338256 0 0 0 134217728 4 74274 1 0 0 17 28 0 0 0 0 0 93824998874888 93825001005840 93825001308160 140737488340074 140737488340471 140737488340471 140737488351179 0
/proc/384368/statm: 6727 3403 2098 555 0 1769 0
[pid=384372] ppid=384368 vsize=30300 memory=22136 CPUtime=0.57 cores=28-29
/proc/384372/stat : 384372 (clingo) R 384368 384368 384325 0 -1 0 3799 0 0 0 57 0 0 0 20 0 1 0 922892905 31027200 5534 17179869184 93824992301056 93824992468925 140737488338416 0 0 0 134217728 4 25184771 0 0 0 17 28 0 0 0 0 0 93824992533936 93824992571272 93824992575488 140737488340184 140737488340355 140737488340355 140737488351170 0
/proc/384372/statm: 7575 5534 2088 41 0 3654 0
Current children cumulated CPU time: 0.63 s
Current children cumulated vsize: 57208 KiB
Current children cumulated memory: 35748 KiB

[startup+1.50035 s]
/proc/loadavg: 14.14 13.95 10.42 15/852 384476
/proc/meminfo: memFree=383384160/528004324 swapFree=8388604/8388604
[pid=384368] ppid=384367 vsize=26908 memory=13612 CPUtime=0.06 cores=28-29
/proc/384368/stat : 384368 (perf) S 384367 384368 384325 0 -1 0 1738 237 0 0 6 0 0 0 20 0 1 0 922892898 27553792 3403 17179869184 93824994299904 93824996572973 140737488338256 0 0 0 134217728 4 74274 1 0 0 17 28 0 0 0 0 0 93824998874888 93825001005840 93825001308160 140737488340074 140737488340471 140737488340471 140737488351179 0
/proc/384368/statm: 6727 3403 2098 555 0 1769 0
[pid=384372] ppid=384368 vsize=34804 memory=26624 CPUtime=1.37 cores=28-29
/proc/384372/stat : 384372 (clingo) R 384368 384368 384325 0 -1 0 4913 0 0 0 137 0 0 0 20 0 1 0 922892905 35639296 6656 17179869184 93824992301056 93824992468925 140737488338416 0 0 0 134217728 4 25184771 0 0 0 17 28 0 0 0 0 0 93824992533936 93824992571272 93824992575488 140737488340184 140737488340355 140737488340355 140737488351170 0
/proc/384372/statm: 8701 6656 2088 41 0 4780 0
Current children cumulated CPU time: 1.43 s
Current children cumulated vsize: 61712 KiB
Current children cumulated memory: 40236 KiB

[startup+3.11878 s]
/proc/loadavg: 14.12 13.95 10.44 15/851 384579
/proc/meminfo: memFree=383236328/528004324 swapFree=8388604/8388604
[pid=384368] ppid=384367 vsize=26908 memory=13612 CPUtime=0.06 cores=28-29
/proc/384368/stat : 384368 (perf) S 384367 384368 384325 0 -1 0 1738 237 0 0 6 0 0 0 20 0 1 0 922892898 27553792 3403 17179869184 93824994299904 93824996572973 140737488338256 0 0 0 134217728 4 74274 1 0 0 17 28 0 0 0 0 0 93824998874888 93825001005840 93825001308160 140737488340074 140737488340471 140737488340471 140737488351179 0
/proc/384368/statm: 6727 3403 2098 555 0 1769 0
[pid=384372] ppid=384368 vsize=36744 memory=28676 CPUtime=2.99 cores=28-29
/proc/384372/stat : 384372 (clingo) R 384368 384368 384325 0 -1 0 5560 0 0 0 299 0 0 0 20 0 1 0 922892905 37625856 7169 17179869184 93824992301056 93824992468925 140737488338416 0 0 0 134217728 4 25184771 0 0 0 17 28 0 0 0 0 0 93824992533936 93824992571272 93824992575488 140737488340184 140737488340355 140737488340355 140737488351170 0
/proc/384372/statm: 9186 7169 2088 41 0 5265 0
Current children cumulated CPU time: 3.05 s
Current children cumulated vsize: 63652 KiB
Current children cumulated memory: 42288 KiB

[startup+6.30029 s]
/proc/loadavg: 14.12 13.95 10.44 15/851 384579
/proc/meminfo: memFree=382842288/528004324 swapFree=8388604/8388604
[pid=384368] ppid=384367 vsize=26908 memory=13612 CPUtime=0.06 cores=28-29
/proc/384368/stat : 384368 (perf) S 384367 384368 384325 0 -1 0 1738 237 0 0 6 0 0 0 20 0 1 0 922892898 27553792 3403 17179869184 93824994299904 93824996572973 140737488338256 0 0 0 134217728 4 74274 1 0 0 17 28 0 0 0 0 0 93824998874888 93825001005840 93825001308160 140737488340074 140737488340471 140737488340471 140737488351179 0
/proc/384368/statm: 6727 3403 2098 555 0 1769 0
[pid=384372] ppid=384368 vsize=40588 memory=32372 CPUtime=6.17 cores=28-29
/proc/384372/stat : 384372 (clingo) R 384368 384368 384325 0 -1 0 6529 0 0 0 617 0 0 0 20 0 1 0 922892905 41562112 8093 17179869184 93824992301056 93824992468925 140737488338416 0 0 0 134217728 4 25184771 0 0 0 17 28 0 0 0 0 0 93824992533936 93824992571272 93824992575488 140737488340184 140737488340355 140737488340355 140737488351170 0
/proc/384372/statm: 10147 8093 2088 41 0 6226 0
Current children cumulated CPU time: 6.23 s
Current children cumulated vsize: 67496 KiB
Current children cumulated memory: 45984 KiB

[startup+12.7003 s]
/proc/loadavg: 14.10 13.95 10.48 15/851 384579
/proc/meminfo: memFree=382261800/528004324 swapFree=8388604/8388604
[pid=384368] ppid=384367 vsize=26908 memory=13612 CPUtime=0.06 cores=28-29
/proc/384368/stat : 384368 (perf) S 384367 384368 384325 0 -1 0 1738 237 0 0 6 0 0 0 20 0 1 0 922892898 27553792 3403 17179869184 93824994299904 93824996572973 140737488338256 0 0 0 134217728 4 74274 1 0 0 17 28 0 0 0 0 0 93824998874888 93825001005840 93825001308160 140737488340074 140737488340471 140737488340471 140737488351179 0
/proc/384368/statm: 6727 3403 2098 555 0 1769 0
[pid=384372] ppid=384368 vsize=47916 memory=39700 CPUtime=12.58 cores=28-29
/proc/384372/stat : 384372 (clingo) R 384368 384368 384325 0 -1 0 9005 0 0 0 1257 1 0 0 20 0 1 0 922892905 49065984 9925 17179869184 93824992301056 93824992468925 140737488338416 0 0 0 134217728 4 25184771 0 0 0 17 28 0 0 0 0 0 93824992533936 93824992571272 93824992575488 140737488340184 140737488340355 140737488340355 140737488351170 0
/proc/384372/statm: 11979 9925 2088 41 0 8058 0
Current children cumulated CPU time: 12.64 s
Current children cumulated vsize: 74824 KiB
Current children cumulated memory: 53312 KiB

[startup+25.5004 s]
/proc/loadavg: 14.09 13.96 10.52 15/850 384683
/proc/meminfo: memFree=381955940/528004324 swapFree=8388604/8388604
[pid=384368] ppid=384367 vsize=26908 memory=13612 CPUtime=0.06 cores=28-29
/proc/384368/stat : 384368 (perf) S 384367 384368 384325 0 -1 0 1738 237 0 0 6 0 0 0 20 0 1 0 922892898 27553792 3403 17179869184 93824994299904 93824996572973 140737488338256 0 0 0 134217728 4 74274 1 0 0 17 28 0 0 0 0 0 93824998874888 93825001005840 93825001308160 140737488340074 140737488340471 140737488340471 140737488351179 0
/proc/384368/statm: 6727 3403 2098 555 0 1769 0
[pid=384372] ppid=384368 vsize=54220 memory=46224 CPUtime=25.38 cores=28-29
/proc/384372/stat : 384372 (clingo) R 384368 384368 384325 0 -1 0 11054 0 0 0 2537 1 0 0 20 0 1 0 922892905 55521280 11556 17179869184 93824992301056 93824992468925 140737488338416 0 0 0 134217728 4 25184771 0 0 0 17 28 0 0 0 0 0 93824992533936 93824992571272 93824992575488 140737488340184 140737488340355 140737488340355 140737488351170 0
/proc/384372/statm: 13555 11556 2088 41 0 9634 0
Current children cumulated CPU time: 25.44 s
Current children cumulated vsize: 81128 KiB
Current children cumulated memory: 59836 KiB

[startup+51.1188 s]
/proc/loadavg: 14.06 13.96 10.61 15/850 384684
/proc/meminfo: memFree=380798272/528004324 swapFree=8388604/8388604
[pid=384368] ppid=384367 vsize=26908 memory=13612 CPUtime=0.06 cores=28-29
/proc/384368/stat : 384368 (perf) S 384367 384368 384325 0 -1 0 1738 237 0 0 6 0 0 0 20 0 1 0 922892898 27553792 3403 17179869184 93824994299904 93824996572973 140737488338256 0 0 0 134217728 4 74274 1 0 0 17 28 0 0 0 0 0 93824998874888 93825001005840 93825001308160 140737488340074 140737488340471 140737488340471 140737488351179 0
/proc/384368/statm: 6727 3403 2098 555 0 1769 0
[pid=384372] ppid=384368 vsize=63044 memory=54700 CPUtime=51 cores=28-29
/proc/384372/stat : 384372 (clingo) R 384368 384368 384325 0 -1 0 15185 0 0 0 5098 2 0 0 20 0 1 0 922892905 64557056 13675 17179869184 93824992301056 93824992468925 140737488338416 0 0 0 134217728 4 25184771 0 0 0 17 28 0 0 0 0 0 93824992533936 93824992571272 93824992575488 140737488340184 140737488340355 140737488340355 140737488351170 0
/proc/384372/statm: 15761 13675 2088 41 0 11840 0
Current children cumulated CPU time: 51.06 s
Current children cumulated vsize: 89952 KiB
Current children cumulated memory: 68312 KiB

[startup+102.3 s]
/proc/loadavg: 14.02 13.97 10.81 15/852 384687
/proc/meminfo: memFree=379198128/528004324 swapFree=8388604/8388604
[pid=384368] ppid=384367 vsize=26908 memory=13612 CPUtime=0.06 cores=28-29
/proc/384368/stat : 384368 (perf) S 384367 384368 384325 0 -1 0 1738 237 0 0 6 0 0 0 20 0 1 0 922892898 27553792 3403 17179869184 93824994299904 93824996572973 140737488338256 0 0 0 134217728 4 74274 1 0 0 17 28 0 0 0 0 0 93824998874888 93825001005840 93825001308160 140737488340074 140737488340471 140737488340471 140737488351179 0
/proc/384368/statm: 6727 3403 2098 555 0 1769 0
[pid=384372] ppid=384368 vsize=72000 memory=63820 CPUtime=102.18 cores=28-29
/proc/384372/stat : 384372 (clingo) R 384368 384368 384325 0 -1 0 19305 0 0 0 10215 3 0 0 20 0 1 0 922892905 73728000 15955 17179869184 93824992301056 93824992468925 140737488338416 0 0 0 134217728 4 25184771 0 0 0 17 28 0 0 0 0 0 93824992533936 93824992571272 93824992575488 140737488340184 140737488340355 140737488340355 140737488351170 0
/proc/384372/statm: 18000 15955 2088 41 0 14079 0
Current children cumulated CPU time: 102.24 s
Current children cumulated vsize: 98908 KiB
Current children cumulated memory: 77432 KiB

[startup+162.3 s]
/proc/loadavg: 14.30 14.06 11.04 15/852 384688
/proc/meminfo: memFree=378344552/528004324 swapFree=8388604/8388604
[pid=384368] ppid=384367 vsize=26908 memory=13612 CPUtime=0.06 cores=28-29
/proc/384368/stat : 384368 (perf) S 384367 384368 384325 0 -1 0 1738 237 0 0 6 0 0 0 20 0 1 0 922892898 27553792 3403 17179869184 93824994299904 93824996572973 140737488338256 0 0 0 134217728 4 74274 1 0 0 17 28 0 0 0 0 0 93824998874888 93825001005840 93825001308160 140737488340074 140737488340471 140737488340471 140737488351179 0
/proc/384368/statm: 6727 3403 2098 555 0 1769 0
[pid=384372] ppid=384368 vsize=80780 memory=72628 CPUtime=162.17 cores=28-29
/proc/384372/stat : 384372 (clingo) R 384368 384368 384325 0 -1 0 23439 0 0 0 16214 3 0 0 20 0 1 0 922892905 82718720 18157 17179869184 93824992301056 93824992468925 140737488338416 0 0 0 134217728 4 25184771 0 0 0 17 28 0 0 0 0 0 93824992533936 93824992571272 93824992575488 140737488340184 140737488340355 140737488340355 140737488351170 0
/proc/384372/statm: 20195 18157 2088 41 0 16274 0
Current children cumulated CPU time: 162.23 s
Current children cumulated vsize: 107688 KiB
Current children cumulated memory: 86240 KiB

[startup+222.3 s]
/proc/loadavg: 14.66 14.20 11.28 15/852 384691
/proc/meminfo: memFree=377300456/528004324 swapFree=8388604/8388604
[pid=384368] ppid=384367 vsize=26908 memory=13612 CPUtime=0.06 cores=28-29
/proc/384368/stat : 384368 (perf) S 384367 384368 384325 0 -1 0 1738 237 0 0 6 0 0 0 20 0 1 0 922892898 27553792 3403 17179869184 93824994299904 93824996572973 140737488338256 0 0 0 134217728 4 74274 1 0 0 17 28 0 0 0 0 0 93824998874888 93825001005840 93825001308160 140737488340074 140737488340471 140737488340471 140737488351179 0
/proc/384368/statm: 6727 3403 2098 555 0 1769 0
[pid=384372] ppid=384368 vsize=89588 memory=81304 CPUtime=222.18 cores=28-29
/proc/384372/stat : 384372 (clingo) R 384368 384368 384325 0 -1 0 27562 0 0 0 22214 4 0 0 20 0 1 0 922892905 91738112 20326 17179869184 93824992301056 93824992468925 140737488338416 0 0 0 134217728 4 25184771 0 0 0 17 28 0 0 0 0 0 93824992533936 93824992571272 93824992575488 140737488340184 140737488340355 140737488340355 140737488351170 0
/proc/384372/statm: 22397 20326 2088 41 0 18476 0
Current children cumulated CPU time: 222.24 s
Current children cumulated vsize: 116496 KiB
Current children cumulated memory: 94916 KiB

[startup+282.3 s]
/proc/loadavg: 14.24 14.16 11.45 15/852 384692
/proc/meminfo: memFree=375771320/528004324 swapFree=8388604/8388604
[pid=384368] ppid=384367 vsize=26908 memory=13612 CPUtime=0.06 cores=28-29
/proc/384368/stat : 384368 (perf) S 384367 384368 384325 0 -1 0 1738 237 0 0 6 0 0 0 20 0 1 0 922892898 27553792 3403 17179869184 93824994299904 93824996572973 140737488338256 0 0 0 134217728 4 74274 1 0 0 17 28 0 0 0 0 0 93824998874888 93825001005840 93825001308160 140737488340074 140737488340471 140737488340471 140737488351179 0
/proc/384368/statm: 6727 3403 2098 555 0 1769 0
[pid=384372] ppid=384368 vsize=95948 memory=87620 CPUtime=282.18 cores=28-29
/proc/384372/stat : 384372 (clingo) R 384368 384368 384325 0 -1 0 31311 0 0 0 28214 4 0 0 20 0 1 0 922892905 98250752 21905 17179869184 93824992301056 93824992468925 140737488338416 0 0 0 134217728 4 25184771 0 0 0 17 28 0 0 0 0 0 93824992533936 93824992571272 93824992575488 140737488340184 140737488340355 140737488340355 140737488351170 0
/proc/384372/statm: 23987 21905 2088 41 0 20066 0
Current children cumulated CPU time: 282.24 s
Current children cumulated vsize: 122856 KiB
Current children cumulated memory: 101232 KiB

[startup+342.3 s]
/proc/loadavg: 14.09 14.13 11.61 15/826 384695
/proc/meminfo: memFree=375036300/528004324 swapFree=8388604/8388604
[pid=384368] ppid=384367 vsize=26908 memory=13612 CPUtime=0.06 cores=28-29
/proc/384368/stat : 384368 (perf) S 384367 384368 384325 0 -1 0 1738 237 0 0 6 0 0 0 20 0 1 0 922892898 27553792 3403 17179869184 93824994299904 93824996572973 140737488338256 0 0 0 134217728 4 74274 1 0 0 17 28 0 0 0 0 0 93824998874888 93825001005840 93825001308160 140737488340074 140737488340471 140737488340471 140737488351179 0
/proc/384368/statm: 6727 3403 2098 555 0 1769 0
[pid=384372] ppid=384368 vsize=99344 memory=91072 CPUtime=342.18 cores=28-29
/proc/384372/stat : 384372 (clingo) R 384368 384368 384325 0 -1 0 33698 0 0 0 34214 4 0 0 20 0 1 0 922892905 101728256 22768 17179869184 93824992301056 93824992468925 140737488338416 0 0 0 134217728 4 25184771 0 0 0 17 28 0 0 0 0 0 93824992533936 93824992571272 93824992575488 140737488340184 140737488340355 140737488340355 140737488351170 0
/proc/384372/statm: 24836 22768 2088 41 0 20915 0
Current children cumulated CPU time: 342.24 s
Current children cumulated vsize: 126252 KiB
Current children cumulated memory: 104684 KiB

[startup+402.3 s]
/proc/loadavg: 14.09 14.12 11.77 15/823 384697
/proc/meminfo: memFree=374758220/528004324 swapFree=8388604/8388604
[pid=384368] ppid=384367 vsize=26908 memory=13612 CPUtime=0.06 cores=28-29
/proc/384368/stat : 384368 (perf) S 384367 384368 384325 0 -1 0 1738 237 0 0 6 0 0 0 20 0 1 0 922892898 27553792 3403 17179869184 93824994299904 93824996572973 140737488338256 0 0 0 134217728 4 74274 1 0 0 17 28 0 0 0 0 0 93824998874888 93825001005840 93825001308160 140737488340074 140737488340471 140737488340471 140737488351179 0
/proc/384368/statm: 6727 3403 2098 555 0 1769 0
[pid=384372] ppid=384368 vsize=106812 memory=98484 CPUtime=402.17 cores=28-29
/proc/384372/stat : 384372 (clingo) R 384368 384368 384325 0 -1 0 38448 0 0 0 40213 4 0 0 20 0 1 0 922892905 109375488 24621 17179869184 93824992301056 93824992468925 140737488338416 0 0 0 134217728 4 25184771 0 0 0 17 28 0 0 0 0 0 93824992533936 93824992571272 93824992575488 140737488340184 140737488340355 140737488340355 140737488351170 0
/proc/384372/statm: 26703 24621 2088 41 0 22782 0
Current children cumulated CPU time: 402.23 s
Current children cumulated vsize: 133720 KiB
Current children cumulated memory: 112096 KiB

[startup+462.3 s]
/proc/loadavg: 14.11 14.11 11.92 15/823 384698
/proc/meminfo: memFree=374508772/528004324 swapFree=8388604/8388604
[pid=384368] ppid=384367 vsize=26908 memory=13612 CPUtime=0.06 cores=28-29
/proc/384368/stat : 384368 (perf) S 384367 384368 384325 0 -1 0 1738 237 0 0 6 0 0 0 20 0 1 0 922892898 27553792 3403 17179869184 93824994299904 93824996572973 140737488338256 0 0 0 134217728 4 74274 1 0 0 17 28 0 0 0 0 0 93824998874888 93825001005840 93825001308160 140737488340074 140737488340471 140737488340471 140737488351179 0
/proc/384368/statm: 6727 3403 2098 555 0 1769 0
[pid=384372] ppid=384368 vsize=109432 memory=101076 CPUtime=462.17 cores=28-29
/proc/384372/stat : 384372 (clingo) R 384368 384368 384325 0 -1 0 40166 0 0 0 46213 4 0 0 20 0 1 0 922892905 112058368 25269 17179869184 93824992301056 93824992468925 140737488338416 0 0 0 134217728 4 25184771 0 0 0 17 28 0 0 0 0 0 93824992533936 93824992571272 93824992575488 140737488340184 140737488340355 140737488340355 140737488351170 0
/proc/384372/statm: 27358 25269 2088 41 0 23437 0
Current children cumulated CPU time: 462.23 s
Current children cumulated vsize: 136340 KiB
Current children cumulated memory: 114688 KiB

[startup+522.3 s]
/proc/loadavg: 14.19 14.15 12.07 15/823 384699
/proc/meminfo: memFree=373969500/528004324 swapFree=8388604/8388604
[pid=384368] ppid=384367 vsize=26908 memory=13612 CPUtime=0.06 cores=28-29
/proc/384368/stat : 384368 (perf) S 384367 384368 384325 0 -1 0 1738 237 0 0 6 0 0 0 20 0 1 0 922892898 27553792 3403 17179869184 93824994299904 93824996572973 140737488338256 0 0 0 134217728 4 74274 1 0 0 17 28 0 0 0 0 0 93824998874888 93825001005840 93825001308160 140737488340074 140737488340471 140737488340471 140737488351179 0
/proc/384368/statm: 6727 3403 2098 555 0 1769 0
[pid=384372] ppid=384368 vsize=112340 memory=103716 CPUtime=522.17 cores=28-29
/proc/384372/stat : 384372 (clingo) R 384368 384368 384325 0 -1 0 41793 0 0 0 52212 5 0 0 20 0 1 0 922892905 115036160 25929 17179869184 93824992301056 93824992468925 140737488338416 0 0 0 134217728 4 25184771 0 0 0 17 28 0 0 0 0 0 93824992533936 93824992571272 93824992575488 140737488340184 140737488340355 140737488340355 140737488351170 0
/proc/384372/statm: 28085 25929 2088 41 0 24164 0
Current children cumulated CPU time: 522.23 s
Current children cumulated vsize: 139248 KiB
Current children cumulated memory: 117328 KiB

[startup+582.3 s]
/proc/loadavg: 14.07 14.12 12.19 15/823 384703
/proc/meminfo: memFree=372858264/528004324 swapFree=8388604/8388604
[pid=384368] ppid=384367 vsize=26908 memory=13612 CPUtime=0.06 cores=28-29
/proc/384368/stat : 384368 (perf) S 384367 384368 384325 0 -1 0 1738 237 0 0 6 0 0 0 20 0 1 0 922892898 27553792 3403 17179869184 93824994299904 93824996572973 140737488338256 0 0 0 134217728 4 74274 1 0 0 17 28 0 0 0 0 0 93824998874888 93825001005840 93825001308160 140737488340074 140737488340471 140737488340471 140737488351179 0
/proc/384368/statm: 6727 3403 2098 555 0 1769 0
[pid=384372] ppid=384368 vsize=118048 memory=109708 CPUtime=582.18 cores=28-29
/proc/384372/stat : 384372 (clingo) R 384368 384368 384325 0 -1 0 44475 0 0 0 58212 6 0 0 20 0 1 0 922892905 120881152 27427 17179869184 93824992301056 93824992468925 140737488338416 0 0 0 134217728 4 25184771 0 0 0 17 28 0 0 0 0 0 93824992533936 93824992571272 93824992575488 140737488340184 140737488340355 140737488340355 140737488351170 0
/proc/384372/statm: 29512 27427 2088 41 0 25591 0
Current children cumulated CPU time: 582.24 s
Current children cumulated vsize: 144956 KiB
Current children cumulated memory: 123320 KiB

[startup+642.3 s]
/proc/loadavg: 14.07 14.11 12.31 15/824 384706
/proc/meminfo: memFree=371927408/528004324 swapFree=8388604/8388604
[pid=384368] ppid=384367 vsize=26908 memory=13612 CPUtime=0.06 cores=28-29
/proc/384368/stat : 384368 (perf) S 384367 384368 384325 0 -1 0 1738 237 0 0 6 0 0 0 20 0 1 0 922892898 27553792 3403 17179869184 93824994299904 93824996572973 140737488338256 0 0 0 134217728 4 74274 1 0 0 17 28 0 0 0 0 0 93824998874888 93825001005840 93825001308160 140737488340074 140737488340471 140737488340471 140737488351179 0
/proc/384368/statm: 6727 3403 2098 555 0 1769 0
[pid=384372] ppid=384368 vsize=118048 memory=109708 CPUtime=642.18 cores=28-29
/proc/384372/stat : 384372 (clingo) R 384368 384368 384325 0 -1 0 45304 0 0 0 64212 6 0 0 20 0 1 0 922892905 120881152 27427 17179869184 93824992301056 93824992468925 140737488338416 0 0 0 134217728 4 25184771 0 0 0 17 28 0 0 0 0 0 93824992533936 93824992571272 93824992575488 140737488340184 140737488340355 140737488340355 140737488351170 0
/proc/384372/statm: 29512 27427 2088 41 0 25591 0
Current children cumulated CPU time: 642.24 s
Current children cumulated vsize: 144956 KiB
Current children cumulated memory: 123320 KiB

[startup+702.3 s]
/proc/loadavg: 14.02 14.09 12.42 15/822 384707
/proc/meminfo: memFree=370922684/528004324 swapFree=8388604/8388604
[pid=384368] ppid=384367 vsize=26908 memory=13612 CPUtime=0.06 cores=28-29
/proc/384368/stat : 384368 (perf) S 384367 384368 384325 0 -1 0 1738 237 0 0 6 0 0 0 20 0 1 0 922892898 27553792 3403 17179869184 93824994299904 93824996572973 140737488338256 0 0 0 134217728 4 74274 1 0 0 17 28 0 0 0 0 0 93824998874888 93825001005840 93825001308160 140737488340074 140737488340471 140737488340471 140737488351179 0
/proc/384368/statm: 6727 3403 2098 555 0 1769 0
[pid=384372] ppid=384368 vsize=122196 memory=113840 CPUtime=702.18 cores=28-29
/proc/384372/stat : 384372 (clingo) R 384368 384368 384325 0 -1 0 47668 0 0 0 70212 6 0 0 20 0 1 0 922892905 125128704 28460 17179869184 93824992301056 93824992468925 140737488338416 0 0 0 134217728 4 25184771 0 0 0 17 28 0 0 0 0 0 93824992533936 93824992571272 93824992575488 140737488340184 140737488340355 140737488340355 140737488351170 0
/proc/384372/statm: 30549 28460 2088 41 0 26628 0
Current children cumulated CPU time: 702.24 s
Current children cumulated vsize: 149104 KiB
Current children cumulated memory: 127452 KiB

[startup+762.3 s]
/proc/loadavg: 14.15 14.13 12.55 15/822 384708
/proc/meminfo: memFree=370095872/528004324 swapFree=8388604/8388604
[pid=384368] ppid=384367 vsize=26908 memory=13612 CPUtime=0.06 cores=28-29
/proc/384368/stat : 384368 (perf) S 384367 384368 384325 0 -1 0 1738 237 0 0 6 0 0 0 20 0 1 0 922892898 27553792 3403 17179869184 93824994299904 93824996572973 140737488338256 0 0 0 134217728 4 74274 1 0 0 17 28 0 0 0 0 0 93824998874888 93825001005840 93825001308160 140737488340074 140737488340471 140737488340471 140737488351179 0
/proc/384368/statm: 6727 3403 2098 555 0 1769 0
[pid=384372] ppid=384368 vsize=122684 memory=114288 CPUtime=762.18 cores=28-29
/proc/384372/stat : 384372 (clingo) R 384368 384368 384325 0 -1 0 49828 0 0 0 76212 6 0 0 20 0 1 0 922892905 125628416 28572 17179869184 93824992301056 93824992468925 140737488338416 0 0 0 134217728 4 25184771 0 0 0 17 28 0 0 0 0 0 93824992533936 93824992571272 93824992575488 140737488340184 140737488340355 140737488340355 140737488351170 0
/proc/384372/statm: 30671 28572 2088 41 0 26750 0
Current children cumulated CPU time: 762.24 s
Current children cumulated vsize: 149592 KiB
Current children cumulated memory: 127900 KiB

[startup+822.3 s]
/proc/loadavg: 14.05 14.10 12.64 15/822 384710
/proc/meminfo: memFree=369221976/528004324 swapFree=8388604/8388604
[pid=384368] ppid=384367 vsize=26908 memory=13612 CPUtime=0.06 cores=28-29
/proc/384368/stat : 384368 (perf) S 384367 384368 384325 0 -1 0 1738 237 0 0 6 0 0 0 20 0 1 0 922892898 27553792 3403 17179869184 93824994299904 93824996572973 140737488338256 0 0 0 134217728 4 74274 1 0 0 17 28 0 0 0 0 0 93824998874888 93825001005840 93825001308160 140737488340074 140737488340471 140737488340471 140737488351179 0
/proc/384368/statm: 6727 3403 2098 555 0 1769 0
[pid=384372] ppid=384368 vsize=129252 memory=120908 CPUtime=822.17 cores=28-29
/proc/384372/stat : 384372 (clingo) R 384368 384368 384325 0 -1 0 52902 0 0 0 82211 6 0 0 20 0 1 0 922892905 132354048 30227 17179869184 93824992301056 93824992468925 140737488338416 0 0 0 134217728 4 25184771 0 0 0 17 28 0 0 0 0 0 93824992533936 93824992571272 93824992575488 140737488340184 140737488340355 140737488340355 140737488351170 0
/proc/384372/statm: 32313 30227 2088 41 0 28392 0
Current children cumulated CPU time: 822.23 s
Current children cumulated vsize: 156160 KiB
Current children cumulated memory: 134520 KiB

[startup+882.3 s]
/proc/loadavg: 14.19 14.14 12.75 15/822 384712
/proc/meminfo: memFree=368802428/528004324 swapFree=8388604/8388604
[pid=384368] ppid=384367 vsize=26908 memory=13612 CPUtime=0.06 cores=28-29
/proc/384368/stat : 384368 (perf) S 384367 384368 384325 0 -1 0 1738 237 0 0 6 0 0 0 20 0 1 0 922892898 27553792 3403 17179869184 93824994299904 93824996572973 140737488338256 0 0 0 134217728 4 74274 1 0 0 17 28 0 0 0 0 0 93824998874888 93825001005840 93825001308160 140737488340074 140737488340471 140737488340471 140737488351179 0
/proc/384368/statm: 6727 3403 2098 555 0 1769 0
[pid=384372] ppid=384368 vsize=133636 memory=125064 CPUtime=882.18 cores=28-29
/proc/384372/stat : 384372 (clingo) R 384368 384368 384325 0 -1 0 54704 0 0 0 88211 7 0 0 20 0 1 0 922892905 136843264 31266 17179869184 93824992301056 93824992468925 140737488338416 0 0 0 134217728 4 25184771 0 0 0 17 28 0 0 0 0 0 93824992533936 93824992571272 93824992575488 140737488340184 140737488340355 140737488340355 140737488351170 0
/proc/384372/statm: 33409 31266 2088 41 0 29488 0
Current children cumulated CPU time: 882.24 s
Current children cumulated vsize: 160544 KiB
Current children cumulated memory: 138676 KiB

[startup+942.3 s]
/proc/loadavg: 15.57 14.51 12.96 15/822 384713
/proc/meminfo: memFree=368626284/528004324 swapFree=8388604/8388604
[pid=384368] ppid=384367 vsize=26908 memory=13612 CPUtime=0.06 cores=28-29
/proc/384368/stat : 384368 (perf) S 384367 384368 384325 0 -1 0 1738 237 0 0 6 0 0 0 20 0 1 0 922892898 27553792 3403 17179869184 93824994299904 93824996572973 140737488338256 0 0 0 134217728 4 74274 1 0 0 17 28 0 0 0 0 0 93824998874888 93825001005840 93825001308160 140737488340074 140737488340471 140737488340471 140737488351179 0
/proc/384368/statm: 6727 3403 2098 555 0 1769 0
[pid=384372] ppid=384368 vsize=132496 memory=124204 CPUtime=942.18 cores=28-29
/proc/384372/stat : 384372 (clingo) R 384368 384368 384325 0 -1 0 56731 0 0 0 94211 7 0 0 20 0 1 0 922892905 135675904 31051 17179869184 93824992301056 93824992468925 140737488338416 0 0 0 134217728 4 25184771 0 0 0 17 28 0 0 0 0 0 93824992533936 93824992571272 93824992575488 140737488340184 140737488340355 140737488340355 140737488351170 0
/proc/384372/statm: 33124 31051 2088 41 0 29203 0
Current children cumulated CPU time: 942.24 s
Current children cumulated vsize: 159404 KiB
Current children cumulated memory: 137816 KiB

[startup+1002.3 s]
/proc/loadavg: 14.58 14.41 13.03 15/823 384716
/proc/meminfo: memFree=368522476/528004324 swapFree=8388604/8388604
[pid=384368] ppid=384367 vsize=26908 memory=13612 CPUtime=0.06 cores=28-29
/proc/384368/stat : 384368 (perf) S 384367 384368 384325 0 -1 0 1738 237 0 0 6 0 0 0 20 0 1 0 922892898 27553792 3403 17179869184 93824994299904 93824996572973 140737488338256 0 0 0 134217728 4 74274 1 0 0 17 28 0 0 0 0 0 93824998874888 93825001005840 93825001308160 140737488340074 140737488340471 140737488340471 140737488351179 0
/proc/384368/statm: 6727 3403 2098 555 0 1769 0
[pid=384372] ppid=384368 vsize=136156 memory=127892 CPUtime=1002.18 cores=28-29
/proc/384372/stat : 384372 (clingo) R 384368 384368 384325 0 -1 0 59539 0 0 0 100210 8 0 0 20 0 1 0 922892905 139423744 31973 17179869184 93824992301056 93824992468925 140737488338416 0 0 0 134217728 4 25184771 0 0 0 17 28 0 0 0 0 0 93824992533936 93824992571272 93824992575488 140737488340184 140737488340355 140737488340355 140737488351170 0
/proc/384372/statm: 34039 31973 2088 41 0 30118 0
Current children cumulated CPU time: 1002.24 s
Current children cumulated vsize: 163064 KiB
Current children cumulated memory: 141504 KiB

[startup+1062.3 s]
/proc/loadavg: 14.50 14.43 13.12 15/823 384718
/proc/meminfo: memFree=368428732/528004324 swapFree=8388604/8388604
[pid=384368] ppid=384367 vsize=26908 memory=13612 CPUtime=0.06 cores=28-29
/proc/384368/stat : 384368 (perf) S 384367 384368 384325 0 -1 0 1738 237 0 0 6 0 0 0 20 0 1 0 922892898 27553792 3403 17179869184 93824994299904 93824996572973 140737488338256 0 0 0 134217728 4 74274 1 0 0 17 28 0 0 0 0 0 93824998874888 93825001005840 93825001308160 140737488340074 140737488340471 140737488340471 140737488351179 0
/proc/384368/statm: 6727 3403 2098 555 0 1769 0
[pid=384372] ppid=384368 vsize=137724 memory=129112 CPUtime=1062.17 cores=28-29
/proc/384372/stat : 384372 (clingo) R 384368 384368 384325 0 -1 0 60384 0 0 0 106209 8 0 0 20 0 1 0 922892905 141029376 32278 17179869184 93824992301056 93824992468925 140737488338416 0 0 0 134217728 4 25184771 0 0 0 17 28 0 0 0 0 0 93824992533936 93824992571272 93824992575488 140737488340184 140737488340355 140737488340355 140737488351170 0
/proc/384372/statm: 34431 32278 2088 41 0 30510 0
Current children cumulated CPU time: 1062.23 s
Current children cumulated vsize: 164632 KiB
Current children cumulated memory: 142724 KiB

[startup+1122.3 s]
/proc/loadavg: 14.18 14.35 13.18 15/823 384720
/proc/meminfo: memFree=368323936/528004324 swapFree=8388604/8388604
[pid=384368] ppid=384367 vsize=26908 memory=13612 CPUtime=0.06 cores=28-29
/proc/384368/stat : 384368 (perf) S 384367 384368 384325 0 -1 0 1738 237 0 0 6 0 0 0 20 0 1 0 922892898 27553792 3403 17179869184 93824994299904 93824996572973 140737488338256 0 0 0 134217728 4 74274 1 0 0 17 28 0 0 0 0 0 93824998874888 93825001005840 93825001308160 140737488340074 140737488340471 140737488340471 140737488351179 0
/proc/384368/statm: 6727 3403 2098 555 0 1769 0
[pid=384372] ppid=384368 vsize=139812 memory=130960 CPUtime=1122.18 cores=28-29
/proc/384372/stat : 384372 (clingo) R 384368 384368 384325 0 -1 0 60841 0 0 0 112209 9 0 0 20 0 1 0 922892905 143167488 32740 17179869184 93824992301056 93824992468925 140737488338416 0 0 0 134217728 4 25184771 0 0 0 17 28 0 0 0 0 0 93824992533936 93824992571272 93824992575488 140737488340184 140737488340355 140737488340355 140737488351170 0
/proc/384372/statm: 34953 32740 2088 41 0 31032 0
Current children cumulated CPU time: 1122.24 s
Current children cumulated vsize: 166720 KiB
Current children cumulated memory: 144572 KiB

[startup+1182.3 s]
/proc/loadavg: 14.15 14.30 13.24 15/823 384722
/proc/meminfo: memFree=368164204/528004324 swapFree=8388604/8388604
[pid=384368] ppid=384367 vsize=26908 memory=13612 CPUtime=0.06 cores=28-29
/proc/384368/stat : 384368 (perf) S 384367 384368 384325 0 -1 0 1738 237 0 0 6 0 0 0 20 0 1 0 922892898 27553792 3403 17179869184 93824994299904 93824996572973 140737488338256 0 0 0 134217728 4 74274 1 0 0 17 28 0 0 0 0 0 93824998874888 93825001005840 93825001308160 140737488340074 140737488340471 140737488340471 140737488351179 0
/proc/384368/statm: 6727 3403 2098 555 0 1769 0
[pid=384372] ppid=384368 vsize=143836 memory=135120 CPUtime=1182.18 cores=28-29
/proc/384372/stat : 384372 (clingo) R 384368 384368 384325 0 -1 0 62388 0 0 0 118209 9 0 0 20 0 1 0 922892905 147288064 33780 17179869184 93824992301056 93824992468925 140737488338416 0 0 0 134217728 4 25184771 0 0 0 17 28 0 0 0 0 0 93824992533936 93824992571272 93824992575488 140737488340184 140737488340355 140737488340355 140737488351170 0
/proc/384372/statm: 35959 33780 2088 41 0 32038 0
Current children cumulated CPU time: 1182.24 s
Current children cumulated vsize: 170744 KiB
Current children cumulated memory: 148732 KiB



Maximum wall clock time exceeded: sending SIGTERM then SIGKILL

[startup+1205 s]*
/proc/loadavg: 14.36 14.34 13.28 17/801 385616
/proc/meminfo: memFree=383421748/528004324 swapFree=8388604/8388604
[pid=384368] ppid=384367 vsize=26908 memory=13612 CPUtime=0.06 cores=28-29
/proc/384368/stat : 384368 (perf) S 384367 384368 384325 0 -1 0 1738 237 0 0 6 0 0 0 20 0 1 0 922892898 27553792 3403 17179869184 93824994299904 93824996572973 140737488338256 0 0 0 134217728 4 74274 1 0 0 17 28 0 0 0 0 0 93824998874888 93825001005840 93825001308160 140737488340074 140737488340471 140737488340471 140737488351179 0
/proc/384368/statm: 6727 3403 2098 555 0 1769 0
[pid=384372] ppid=384368 vsize=145728 memory=136916 CPUtime=1204.89 cores=28-29
/proc/384372/stat : 384372 (clingo) R 384368 384368 384325 0 -1 0 63292 0 0 0 120480 9 0 0 20 0 1 0 922892905 149225472 34229 17179869184 93824992301056 93824992468925 140737488338416 0 0 0 134217728 4 25184771 0 0 0 17 28 0 0 0 0 0 93824992533936 93824992571272 93824992575488 140737488340184 140737488340355 140737488340355 140737488351170 0
/proc/384372/statm: 36432 34229 2088 41 0 32511 0
Current children cumulated CPU time: 1204.95 s
Current children cumulated vsize: 172636 KiB
Current children cumulated memory: 150528 KiB

Sending SIGINT to process tree (bottom up)
Sleeping 5 seconds

[startup+1205.03 s]
# the end of solver process 384368 was just reported to runsolver
# cumulated CPU time of all completed processes:  user=1204.88 s, system=0.108026 s

Solver just ended.
??? end of watcher thread
Dumping a history of the last processes samples

Child status: 1
Real time (s): 1205.03
CPU time (s): 1204.99
CPU user time (s): 1204.88
CPU system time (s): 0.108026
CPU usage (%): 99.9971
Max. virtual memory (cumulated for all children) (KiB): 174176
Max. memory (cumulated for all children) (KiB): 151896

getrusage(RUSAGE_CHILDREN,...) data:
user time used= 1204.88
system time used= 0.108026
maximum resident set size= 138284
integral shared memory size= 0
integral unshared data size= 0
integral unshared stack size= 0
page reclaims= 65307
page faults= 0
swaps= 0
block input operations= 0
block output operations= 0
messages sent= 0
messages received= 0
signals received= 0
voluntary context switches= 18
involuntary context switches= 738


# summary of solver processes directly reported to runsolver:
#   pid: 384368
#   total CPU time (s): 1204.99
#   total CPU user time (s): 1204.88
#   total CPU system time (s): 0.108026

??? end of timestamper thread
runsolver used 9.14746 second user time and 14.5265 second system time

The end
