runsolver version 3.4.0 (svn: 3018) Copyright (C) 2010-2013 Olivier ROUSSEL

This program is distributed in the hope that it will be useful,
but WITHOUT ANY WARRANTY; without even the implied warranty of
MERCHANTABILITY or FITNESS FOR A PARTICULAR PURPOSE.  See the
GNU General Public License for more details.

NUMA information:
  number of nodes: 2
  memory of node 0: 257635 MiB (187544 MiB free)
  memory of node 1: 257994 MiB (190970 MiB free)
  node distances:
     10  20
     20  10

command line: /dev/shm/3750b598-2e81-11f1-ac62-000c298f4621/input/runsolver -w /dev/shm/3750b598-2e81-11f1-ac62-000c298f4621/output/runsolver.log -v /dev/shm/3750b598-2e81-11f1-ac62-000c298f4621/output/varfile.log -W 1205 --rss-swap-limit 16384 -d 5 --sigint /usr/bin/perf stat -B -e task-clock,cache-references,cache-misses,cycles,instructions,branches,faults,migrations,context-switches -o /dev/shm/3750b598-2e81-11f1-ac62-000c298f4621/output/perf.log clingo /home/guests/mmacri/AMOSUM/benchmarks/GraphColouring/encoding-plain-amo.asp /dev/shm/3750b598-2e81-11f1-ac62-000c298f4621/input/0021-graph_colouring-135-0_1296.asp 

running on 2 cores: 20-21

Enforcing wall clock limit (soft limit, will send SIGTERM then SIGKILL): 1205 seconds
Enforcing RSS+Swap limit (soft limit, will send SIGTERM then SIGKILL): 16777216 KiB
Linux 5.15.0-131-generic
solver pid=1842193, runsolver pid=1842191
Current StackSize limit: 8192 KiB


[startup+0.100071 s]*
/proc/loadavg: 14.06 14.18 13.22 12/781 1842256
/proc/meminfo: memFree=387589976/528004524 swapFree=8388604/8388604
[pid=1842193] ppid=1842191 vsize=26908 memory=13616 CPUtime=0.07 cores=20-21
/proc/1842193/stat : 1842193 (perf) S 1842191 1842193 1841844 0 -1 0 1738 237 0 0 6 1 0 0 20 0 1 0 922972264 27553792 3404 17179869184 93824994299904 93824996572973 140737488338256 0 0 0 134217728 4 74274 1 0 0 17 20 0 0 0 0 0 93824998874888 93825001005840 93825001308160 140737488340073 140737488340470 140737488340470 140737488351179 0
/proc/1842193/statm: 6727 3404 2099 555 0 1769 0
[pid=1842247] ppid=1842193 vsize=20068 memory=11856 CPUtime=0.03 cores=20-21
/proc/1842247/stat : 1842247 (clingo) R 1842193 1842193 1841844 0 -1 0 1242 0 0 0 3 0 0 0 20 0 1 0 922972272 20549632 2964 17179869184 93824992301056 93824992468925 140737488338416 0 0 0 134217728 4 25184771 0 0 0 17 21 0 0 0 0 0 93824992533936 93824992571272 93824992575488 140737488340183 140737488340354 140737488340354 140737488351170 0
/proc/1842247/statm: 5017 2964 2076 41 0 1096 0
Current children cumulated CPU time: 0.1 s
Current children cumulated vsize: 46976 KiB
Current children cumulated memory: 25472 KiB

[startup+0.233567 s]*
/proc/loadavg: 14.06 14.18 13.22 13/794 1842398
/proc/meminfo: memFree=387598844/528004524 swapFree=8388604/8388604
[pid=1842193] ppid=1842191 vsize=26908 memory=13616 CPUtime=0.07 cores=20-21
/proc/1842193/stat : 1842193 (perf) S 1842191 1842193 1841844 0 -1 0 1738 237 0 0 6 1 0 0 20 0 1 0 922972264 27553792 3404 17179869184 93824994299904 93824996572973 140737488338256 0 0 0 134217728 4 74274 1 0 0 17 20 0 0 0 0 0 93824998874888 93825001005840 93825001308160 140737488340073 140737488340470 140737488340470 140737488351179 0
/proc/1842193/statm: 6727 3404 2099 555 0 1769 0
[pid=1842247] ppid=1842193 vsize=26740 memory=18776 CPUtime=0.14 cores=20-21
/proc/1842247/stat : 1842247 (clingo) R 1842193 1842193 1841844 0 -1 0 2915 0 0 0 14 0 0 0 20 0 1 0 922972272 27381760 4694 17179869184 93824992301056 93824992468925 140737488338416 0 0 0 134217728 4 25184771 0 0 0 17 21 0 0 0 0 0 93824992533936 93824992571272 93824992575488 140737488340183 140737488340354 140737488340354 140737488351170 0
/proc/1842247/statm: 6685 4694 2091 41 0 2764 0
Current children cumulated CPU time: 0.21 s
Current children cumulated vsize: 53648 KiB
Current children cumulated memory: 32392 KiB

[startup+0.333875 s]*
/proc/loadavg: 14.06 14.18 13.22 14/797 1842463
/proc/meminfo: memFree=387591380/528004524 swapFree=8388604/8388604
[pid=1842193] ppid=1842191 vsize=26908 memory=13616 CPUtime=0.07 cores=20-21
/proc/1842193/stat : 1842193 (perf) S 1842191 1842193 1841844 0 -1 0 1738 237 0 0 6 1 0 0 20 0 1 0 922972264 27553792 3404 17179869184 93824994299904 93824996572973 140737488338256 0 0 0 134217728 4 74274 1 0 0 17 20 0 0 0 0 0 93824998874888 93825001005840 93825001308160 140737488340073 140737488340470 140737488340470 140737488351179 0
/proc/1842193/statm: 6727 3404 2099 555 0 1769 0
[pid=1842247] ppid=1842193 vsize=28344 memory=20360 CPUtime=0.21 cores=20-21
/proc/1842247/stat : 1842247 (clingo) R 1842193 1842193 1841844 0 -1 0 3306 0 0 0 21 0 0 0 20 0 1 0 922972272 29024256 5090 17179869184 93824992301056 93824992468925 140737488338416 0 0 0 134217728 4 25184771 0 0 0 17 20 0 0 0 0 0 93824992533936 93824992571272 93824992575488 140737488340183 140737488340354 140737488340354 140737488351170 0
/proc/1842247/statm: 7086 5090 2091 41 0 3165 0
Current children cumulated CPU time: 0.28 s
Current children cumulated vsize: 55252 KiB
Current children cumulated memory: 33976 KiB

[startup+0.700337 s]
/proc/loadavg: 14.06 14.18 13.22 14/816 1842488
/proc/meminfo: memFree=387556536/528004524 swapFree=8388604/8388604
[pid=1842193] ppid=1842191 vsize=26908 memory=13616 CPUtime=0.07 cores=20-21
/proc/1842193/stat : 1842193 (perf) S 1842191 1842193 1841844 0 -1 0 1738 237 0 0 6 1 0 0 20 0 1 0 922972264 27553792 3404 17179869184 93824994299904 93824996572973 140737488338256 0 0 0 134217728 4 74274 1 0 0 17 20 0 0 0 0 0 93824998874888 93825001005840 93825001308160 140737488340073 140737488340470 140737488340470 140737488351179 0
/proc/1842193/statm: 6727 3404 2099 555 0 1769 0
[pid=1842247] ppid=1842193 vsize=31664 memory=23528 CPUtime=0.57 cores=20-21
/proc/1842247/stat : 1842247 (clingo) R 1842193 1842193 1841844 0 -1 0 4153 0 0 0 57 0 0 0 20 0 1 0 922972272 32423936 5882 17179869184 93824992301056 93824992468925 140737488338416 0 0 0 134217728 4 25184771 0 0 0 17 20 0 0 0 0 0 93824992533936 93824992571272 93824992575488 140737488340183 140737488340354 140737488340354 140737488351170 0
/proc/1842247/statm: 7916 5882 2091 41 0 3995 0
Current children cumulated CPU time: 0.64 s
Current children cumulated vsize: 58572 KiB
Current children cumulated memory: 37144 KiB

[startup+1.10352 s]
# the end of solver process 1842193 was just reported to runsolver
# cumulated CPU time of all completed processes:  user=1.0403 s, system=0.021852 s

Solver just ended.
??? end of watcher thread
Dumping a history of the last processes samples

[startup+0.800264 s]
/proc/loadavg: 14.06 14.18 13.22 14/816 1842488
/proc/meminfo: memFree=387556536/528004524 swapFree=8388604/8388604
[pid=1842193] ppid=1842191 vsize=26908 memory=13616 CPUtime=0.07 cores=20-21
/proc/1842193/stat : 1842193 (perf) S 1842191 1842193 1841844 0 -1 0 1738 237 0 0 6 1 0 0 20 0 1 0 922972264 27553792 3404 17179869184 93824994299904 93824996572973 140737488338256 0 0 0 134217728 4 74274 1 0 0 17 20 0 0 0 0 0 93824998874888 93825001005840 93825001308160 140737488340073 140737488340470 140737488340470 140737488351179 0
/proc/1842193/statm: 6727 3404 2099 555 0 1769 0
[pid=1842247] ppid=1842193 vsize=32324 memory=24320 CPUtime=0.67 cores=20-21
/proc/1842247/stat : 1842247 (clingo) R 1842193 1842193 1841844 0 -1 0 4294 0 0 0 67 0 0 0 20 0 1 0 922972272 33099776 6080 17179869184 93824992301056 93824992468925 140737488338416 0 0 0 134217728 4 25184771 0 0 0 17 20 0 0 0 0 0 93824992533936 93824992571272 93824992575488 140737488340183 140737488340354 140737488340354 140737488351170 0
/proc/1842247/statm: 8081 6080 2091 41 0 4160 0
Current children cumulated CPU time: 0.74 s
Current children cumulated vsize: 59232 KiB
Current children cumulated memory: 37936 KiB

[startup+1.00019 s]*
/proc/loadavg: 14.06 14.18 13.22 13/803 1842745
/proc/meminfo: memFree=387814884/528004524 swapFree=8388604/8388604
[pid=1842193] ppid=1842191 vsize=26908 memory=13616 CPUtime=0.07 cores=20-21
/proc/1842193/stat : 1842193 (perf) S 1842191 1842193 1841844 0 -1 0 1738 237 0 0 6 1 0 0 20 0 1 0 922972264 27553792 3404 17179869184 93824994299904 93824996572973 140737488338256 0 0 0 134217728 4 74274 1 0 0 17 20 0 0 0 0 0 93824998874888 93825001005840 93825001308160 140737488340073 140737488340470 140737488340470 140737488351179 0
/proc/1842193/statm: 6727 3404 2099 555 0 1769 0
[pid=1842247] ppid=1842193 vsize=33920 memory=25904 CPUtime=0.88 cores=20-21
/proc/1842247/stat : 1842247 (clingo) R 1842193 1842193 1841844 0 -1 0 4693 0 0 0 88 0 0 0 20 0 1 0 922972272 34734080 6476 17179869184 93824992301056 93824992468925 140737488338416 0 0 0 134217728 4 25184771 0 0 0 17 20 0 0 0 0 0 93824992533936 93824992571272 93824992575488 140737488340183 140737488340354 140737488340354 140737488351170 0
/proc/1842247/statm: 8480 6476 2091 41 0 4559 0
Current children cumulated CPU time: 0.95 s
Current children cumulated vsize: 60828 KiB
Current children cumulated memory: 39520 KiB

Child status: 10
Real time (s): 1.10354
CPU time (s): 1.06215
CPU user time (s): 1.0403
CPU system time (s): 0.021852
CPU usage (%): 96.2493
Max. virtual memory (cumulated for all children) (KiB): 60828
Max. memory (cumulated for all children) (KiB): 39520

getrusage(RUSAGE_CHILDREN,...) data:
user time used= 1.0403
system time used= 0.021852
maximum resident set size= 26696
integral shared memory size= 0
integral unshared data size= 0
integral unshared stack size= 0
page reclaims= 6910
page faults= 0
swaps= 0
block input operations= 0
block output operations= 0
messages sent= 0
messages received= 0
signals received= 0
voluntary context switches= 26
involuntary context switches= 15


# summary of solver processes directly reported to runsolver:
#   pid: 1842193
#   total CPU time (s): 1.06215
#   total CPU user time (s): 1.0403
#   total CPU system time (s): 0.021852

??? end of timestamper thread
runsolver used 0.035927 second user time and 0.110728 second system time

The end
