runsolver version 3.4.0 (svn: 3018) Copyright (C) 2010-2013 Olivier ROUSSEL

This program is distributed in the hope that it will be useful,
but WITHOUT ANY WARRANTY; without even the implied warranty of
MERCHANTABILITY or FITNESS FOR A PARTICULAR PURPOSE.  See the
GNU General Public License for more details.

NUMA information:
  number of nodes: 2
  memory of node 0: 257635 MiB (187700 MiB free)
  memory of node 1: 257994 MiB (191023 MiB free)
  node distances:
     10  20
     20  10

command line: /dev/shm/376f92a6-2e81-11f1-ac62-000c298f4621/input/runsolver -w /dev/shm/376f92a6-2e81-11f1-ac62-000c298f4621/output/runsolver.log -v /dev/shm/376f92a6-2e81-11f1-ac62-000c298f4621/output/varfile.log -W 1205 --rss-swap-limit 16384 -d 5 --sigint /usr/bin/perf stat -B -e task-clock,cache-references,cache-misses,cycles,instructions,branches,faults,migrations,context-switches -o /dev/shm/376f92a6-2e81-11f1-ac62-000c298f4621/output/perf.log clingo /home/guests/mmacri/AMOSUM/benchmarks/GraphColouring/encoding-plain-amo.asp /dev/shm/376f92a6-2e81-11f1-ac62-000c298f4621/input/0036-graph_colouring-140-0_5376.asp 

running on 2 cores: 2-3

Enforcing wall clock limit (soft limit, will send SIGTERM then SIGKILL): 1205 seconds
Enforcing RSS+Swap limit (soft limit, will send SIGTERM then SIGKILL): 16777216 KiB
Linux 5.15.0-131-generic
Current StackSize limit: 8192 KiB

solver pid=1843160, runsolver pid=1843158

[startup+0.100069 s]*
/proc/loadavg: 14.06 14.18 13.22 16/834 1843194
/proc/meminfo: memFree=387811288/528004524 swapFree=8388604/8388604
[pid=1843160] ppid=1843158 vsize=26908 memory=13616 CPUtime=0.07 cores=2-3
/proc/1843160/stat : 1843160 (perf) S 1843158 1843160 1843043 0 -1 0 1739 237 0 0 5 2 0 0 20 0 1 0 922972429 27553792 3404 17179869184 93824994299904 93824996572973 140737488338256 0 0 0 134217728 4 74274 1 0 0 17 2 0 0 0 0 0 93824998874888 93825001005840 93825001308160 140737488340073 140737488340470 140737488340470 140737488351179 0
/proc/1843160/statm: 6727 3404 2099 555 0 1769 0
[pid=1843194] ppid=1843160 vsize=19012 memory=10676 CPUtime=0.02 cores=2-3
/proc/1843194/stat : 1843194 (clingo) R 1843160 1843160 1843043 0 -1 0 917 0 0 0 2 0 0 0 20 0 1 0 922972436 19468288 2669 17179869184 93824992301056 93824992468925 140737488338416 0 0 0 134217728 4 25184771 0 0 0 17 3 0 0 0 0 0 93824992533936 93824992571272 93824992575488 140737488340183 140737488340354 140737488340354 140737488351170 0
/proc/1843194/statm: 4753 2669 2045 41 0 832 0
Current children cumulated CPU time: 0.09 s
Current children cumulated vsize: 45920 KiB
Current children cumulated memory: 24292 KiB

[startup+0.222472 s]*
/proc/loadavg: 14.06 14.18 13.22 15/835 1843195
/proc/meminfo: memFree=387799976/528004524 swapFree=8388604/8388604
[pid=1843160] ppid=1843158 vsize=26908 memory=13616 CPUtime=0.07 cores=2-3
/proc/1843160/stat : 1843160 (perf) S 1843158 1843160 1843043 0 -1 0 1739 237 0 0 5 2 0 0 20 0 1 0 922972429 27553792 3404 17179869184 93824994299904 93824996572973 140737488338256 0 0 0 134217728 4 74274 1 0 0 17 2 0 0 0 0 0 93824998874888 93825001005840 93825001308160 140737488340073 140737488340470 140737488340470 140737488351179 0
/proc/1843160/statm: 6727 3404 2099 555 0 1769 0
[pid=1843194] ppid=1843160 vsize=24644 memory=16708 CPUtime=0.13 cores=2-3
/proc/1843194/stat : 1843194 (clingo) R 1843160 1843160 1843043 0 -1 0 2401 0 0 0 13 0 0 0 20 0 1 0 922972436 25235456 4177 17179869184 93824992301056 93824992468925 140737488338416 0 0 0 134217728 4 25184771 0 0 0 17 3 0 0 0 0 0 93824992533936 93824992571272 93824992575488 140737488340183 140737488340354 140737488340354 140737488351170 0
/proc/1843194/statm: 6161 4177 2091 41 0 2240 0
Current children cumulated CPU time: 0.2 s
Current children cumulated vsize: 51552 KiB
Current children cumulated memory: 30324 KiB

[startup+0.33493 s]*
/proc/loadavg: 14.06 14.18 13.22 16/835 1843195
/proc/meminfo: memFree=387793424/528004524 swapFree=8388604/8388604
[pid=1843160] ppid=1843158 vsize=26908 memory=13616 CPUtime=0.07 cores=2-3
/proc/1843160/stat : 1843160 (perf) S 1843158 1843160 1843043 0 -1 0 1739 237 0 0 5 2 0 0 20 0 1 0 922972429 27553792 3404 17179869184 93824994299904 93824996572973 140737488338256 0 0 0 134217728 4 74274 1 0 0 17 2 0 0 0 0 0 93824998874888 93825001005840 93825001308160 140737488340073 140737488340470 140737488340470 140737488351179 0
/proc/1843160/statm: 6727 3404 2099 555 0 1769 0
[pid=1843194] ppid=1843160 vsize=26100 memory=18028 CPUtime=0.23 cores=2-3
/proc/1843194/stat : 1843194 (clingo) R 1843160 1843160 1843043 0 -1 0 2768 0 0 0 23 0 0 0 20 0 1 0 922972436 26726400 4507 17179869184 93824992301056 93824992468925 140737488338416 0 0 0 134217728 4 25184771 0 0 0 17 3 0 0 0 0 0 93824992533936 93824992571272 93824992575488 140737488340183 140737488340354 140737488340354 140737488351170 0
/proc/1843194/statm: 6525 4507 2091 41 0 2604 0
Current children cumulated CPU time: 0.3 s
Current children cumulated vsize: 53008 KiB
Current children cumulated memory: 31644 KiB

[startup+0.700326 s]
/proc/loadavg: 14.06 14.18 13.22 16/835 1843195
/proc/meminfo: memFree=387785360/528004524 swapFree=8388604/8388604
[pid=1843160] ppid=1843158 vsize=26908 memory=13616 CPUtime=0.07 cores=2-3
/proc/1843160/stat : 1843160 (perf) S 1843158 1843160 1843043 0 -1 0 1739 237 0 0 5 2 0 0 20 0 1 0 922972429 27553792 3404 17179869184 93824994299904 93824996572973 140737488338256 0 0 0 134217728 4 74274 1 0 0 17 2 0 0 0 0 0 93824998874888 93825001005840 93825001308160 140737488340073 140737488340470 140737488340470 140737488351179 0
/proc/1843160/statm: 6727 3404 2099 555 0 1769 0
[pid=1843194] ppid=1843160 vsize=27816 memory=19612 CPUtime=0.52 cores=2-3
/proc/1843194/stat : 1843194 (clingo) R 1843160 1843160 1843043 0 -1 0 3170 0 0 0 52 0 0 0 20 0 1 0 922972436 28483584 4903 17179869184 93824992301056 93824992468925 140737488338416 0 0 0 134217728 4 25184771 0 0 0 17 3 0 0 0 0 0 93824992533936 93824992571272 93824992575488 140737488340183 140737488340354 140737488340354 140737488351170 0
/proc/1843194/statm: 6954 4903 2091 41 0 3033 0
Current children cumulated CPU time: 0.59 s
Current children cumulated vsize: 54724 KiB
Current children cumulated memory: 33228 KiB

[startup+1.50032 s]
/proc/loadavg: 14.06 14.18 13.22 17/835 1843195
/proc/meminfo: memFree=387772508/528004524 swapFree=8388604/8388604
[pid=1843160] ppid=1843158 vsize=26908 memory=13616 CPUtime=0.07 cores=2-3
/proc/1843160/stat : 1843160 (perf) S 1843158 1843160 1843043 0 -1 0 1739 237 0 0 5 2 0 0 20 0 1 0 922972429 27553792 3404 17179869184 93824994299904 93824996572973 140737488338256 0 0 0 134217728 4 74274 1 0 0 17 2 0 0 0 0 0 93824998874888 93825001005840 93825001308160 140737488340073 140737488340470 140737488340470 140737488351179 0
/proc/1843160/statm: 6727 3404 2099 555 0 1769 0
[pid=1843194] ppid=1843160 vsize=29928 memory=21724 CPUtime=1.3 cores=2-3
/proc/1843194/stat : 1843194 (clingo) R 1843160 1843160 1843043 0 -1 0 3702 0 0 0 130 0 0 0 20 0 1 0 922972436 30646272 5431 17179869184 93824992301056 93824992468925 140737488338416 0 0 0 134217728 4 25184771 0 0 0 17 3 0 0 0 0 0 93824992533936 93824992571272 93824992575488 140737488340183 140737488340354 140737488340354 140737488351170 0
/proc/1843194/statm: 7482 5431 2091 41 0 3561 0
Current children cumulated CPU time: 1.37 s
Current children cumulated vsize: 56836 KiB
Current children cumulated memory: 35340 KiB

[startup+3.13459 s]
/proc/loadavg: 14.05 14.18 13.23 17/834 1843297
/proc/meminfo: memFree=387856768/528004524 swapFree=8388604/8388604
[pid=1843160] ppid=1843158 vsize=26908 memory=13616 CPUtime=0.07 cores=2-3
/proc/1843160/stat : 1843160 (perf) S 1843158 1843160 1843043 0 -1 0 1739 237 0 0 5 2 0 0 20 0 1 0 922972429 27553792 3404 17179869184 93824994299904 93824996572973 140737488338256 0 0 0 134217728 4 74274 1 0 0 17 2 0 0 0 0 0 93824998874888 93825001005840 93825001308160 140737488340073 140737488340470 140737488340470 140737488351179 0
/proc/1843160/statm: 6727 3404 2099 555 0 1769 0
[pid=1843194] ppid=1843160 vsize=32760 memory=24628 CPUtime=2.89 cores=2-3
/proc/1843194/stat : 1843194 (clingo) R 1843160 1843160 1843043 0 -1 0 4403 0 0 0 289 0 0 0 20 0 1 0 922972436 33546240 6157 17179869184 93824992301056 93824992468925 140737488338416 0 0 0 134217728 4 25184771 0 0 0 17 3 0 0 0 0 0 93824992533936 93824992571272 93824992575488 140737488340183 140737488340354 140737488340354 140737488351170 0
/proc/1843194/statm: 8190 6157 2091 41 0 4269 0
Current children cumulated CPU time: 2.96 s
Current children cumulated vsize: 59668 KiB
Current children cumulated memory: 38244 KiB

[startup+6.30026 s]
/proc/loadavg: 14.05 14.18 13.23 17/835 1843298
/proc/meminfo: memFree=387812996/528004524 swapFree=8388604/8388604
[pid=1843160] ppid=1843158 vsize=26908 memory=13616 CPUtime=0.07 cores=2-3
/proc/1843160/stat : 1843160 (perf) S 1843158 1843160 1843043 0 -1 0 1739 237 0 0 5 2 0 0 20 0 1 0 922972429 27553792 3404 17179869184 93824994299904 93824996572973 140737488338256 0 0 0 134217728 4 74274 1 0 0 17 2 0 0 0 0 0 93824998874888 93825001005840 93825001308160 140737488340073 140737488340470 140737488340470 140737488351179 0
/proc/1843160/statm: 6727 3404 2099 555 0 1769 0
[pid=1843194] ppid=1843160 vsize=36132 memory=28060 CPUtime=6 cores=2-3
/proc/1843194/stat : 1843194 (clingo) R 1843160 1843160 1843043 0 -1 0 5226 0 0 0 600 0 0 0 20 0 1 0 922972436 36999168 7015 17179869184 93824992301056 93824992468925 140737488338416 0 0 0 134217728 4 25184771 0 0 0 17 3 0 0 0 0 0 93824992533936 93824992571272 93824992575488 140737488340183 140737488340354 140737488340354 140737488351170 0
/proc/1843194/statm: 9033 7015 2091 41 0 5112 0
Current children cumulated CPU time: 6.07 s
Current children cumulated vsize: 63040 KiB
Current children cumulated memory: 41676 KiB

[startup+12.7003 s]
/proc/loadavg: 14.04 14.17 13.23 17/837 1843403
/proc/meminfo: memFree=387847504/528004524 swapFree=8388604/8388604
[pid=1843160] ppid=1843158 vsize=26908 memory=13616 CPUtime=0.07 cores=2-3
/proc/1843160/stat : 1843160 (perf) S 1843158 1843160 1843043 0 -1 0 1739 237 0 0 5 2 0 0 20 0 1 0 922972429 27553792 3404 17179869184 93824994299904 93824996572973 140737488338256 0 0 0 134217728 4 74274 1 0 0 17 2 0 0 0 0 0 93824998874888 93825001005840 93825001308160 140737488340073 140737488340470 140737488340470 140737488351179 0
/proc/1843160/statm: 6727 3404 2099 555 0 1769 0
[pid=1843194] ppid=1843160 vsize=40000 memory=31492 CPUtime=12.39 cores=2-3
/proc/1843194/stat : 1843194 (clingo) R 1843160 1843160 1843043 0 -1 0 6133 0 0 0 1238 1 0 0 20 0 1 0 922972436 40960000 7873 17179869184 93824992301056 93824992468925 140737488338416 0 0 0 134217728 4 25184771 0 0 0 17 2 0 0 0 0 0 93824992533936 93824992571272 93824992575488 140737488340183 140737488340354 140737488340354 140737488351170 0
/proc/1843194/statm: 10000 7873 2091 41 0 6079 0
Current children cumulated CPU time: 12.46 s
Current children cumulated vsize: 66908 KiB
Current children cumulated memory: 45108 KiB

[startup+25.5004 s]
/proc/loadavg: 14.04 14.17 13.24 17/837 1843403
/proc/meminfo: memFree=387772700/528004524 swapFree=8388604/8388604
[pid=1843160] ppid=1843158 vsize=26908 memory=13616 CPUtime=0.07 cores=2-3
/proc/1843160/stat : 1843160 (perf) S 1843158 1843160 1843043 0 -1 0 1739 237 0 0 5 2 0 0 20 0 1 0 922972429 27553792 3404 17179869184 93824994299904 93824996572973 140737488338256 0 0 0 134217728 4 74274 1 0 0 17 2 0 0 0 0 0 93824998874888 93825001005840 93825001308160 140737488340073 140737488340470 140737488340470 140737488351179 0
/proc/1843160/statm: 6727 3404 2099 555 0 1769 0
[pid=1843194] ppid=1843160 vsize=45108 memory=36360 CPUtime=25.19 cores=2-3
/proc/1843194/stat : 1843194 (clingo) R 1843160 1843160 1843043 0 -1 0 7419 0 0 0 2518 1 0 0 20 0 1 0 922972436 46190592 9090 17179869184 93824992301056 93824992468925 140737488338416 0 0 0 134217728 4 25184771 0 0 0 17 2 0 0 0 0 0 93824992533936 93824992571272 93824992575488 140737488340183 140737488340354 140737488340354 140737488351170 0
/proc/1843194/statm: 11277 9090 2091 41 0 7356 0
Current children cumulated CPU time: 25.26 s
Current children cumulated vsize: 72016 KiB
Current children cumulated memory: 49976 KiB

[startup+51.1185 s]
/proc/loadavg: 14.02 14.15 13.27 17/837 1843404
/proc/meminfo: memFree=387676784/528004524 swapFree=8388604/8388604
[pid=1843160] ppid=1843158 vsize=26908 memory=13616 CPUtime=0.07 cores=2-3
/proc/1843160/stat : 1843160 (perf) S 1843158 1843160 1843043 0 -1 0 1739 237 0 0 5 2 0 0 20 0 1 0 922972429 27553792 3404 17179869184 93824994299904 93824996572973 140737488338256 0 0 0 134217728 4 74274 1 0 0 17 2 0 0 0 0 0 93824998874888 93825001005840 93825001308160 140737488340073 140737488340470 140737488340470 140737488351179 0
/proc/1843160/statm: 6727 3404 2099 555 0 1769 0
[pid=1843194] ppid=1843160 vsize=53708 memory=44600 CPUtime=50.81 cores=2-3
/proc/1843194/stat : 1843194 (clingo) R 1843160 1843160 1843043 0 -1 0 9633 0 0 0 5079 2 0 0 20 0 1 0 922972436 54996992 11150 17179869184 93824992301056 93824992468925 140737488338416 0 0 0 134217728 4 25184771 0 0 0 17 2 0 0 0 0 0 93824992533936 93824992571272 93824992575488 140737488340183 140737488340354 140737488340354 140737488351170 0
/proc/1843194/statm: 13427 11150 2091 41 0 9506 0
Current children cumulated CPU time: 50.88 s
Current children cumulated vsize: 80616 KiB
Current children cumulated memory: 58216 KiB

[startup+102.3 s]
/proc/loadavg: 14.01 14.12 13.31 17/838 1843451
/proc/meminfo: memFree=387539828/528004524 swapFree=8388604/8388604
[pid=1843160] ppid=1843158 vsize=26908 memory=13616 CPUtime=0.07 cores=2-3
/proc/1843160/stat : 1843160 (perf) S 1843158 1843160 1843043 0 -1 0 1739 237 0 0 5 2 0 0 20 0 1 0 922972429 27553792 3404 17179869184 93824994299904 93824996572973 140737488338256 0 0 0 134217728 4 74274 1 0 0 17 2 0 0 0 0 0 93824998874888 93825001005840 93825001308160 140737488340073 140737488340470 140737488340470 140737488351179 0
/proc/1843160/statm: 6727 3404 2099 555 0 1769 0
[pid=1843194] ppid=1843160 vsize=67792 memory=57748 CPUtime=101.99 cores=2-3
/proc/1843194/stat : 1843194 (clingo) R 1843160 1843160 1843043 0 -1 0 13349 0 0 0 10196 3 0 0 20 0 1 0 922972436 69419008 14437 17179869184 93824992301056 93824992468925 140737488338416 0 0 0 134217728 4 25184771 0 0 0 17 2 0 0 0 0 0 93824992533936 93824992571272 93824992575488 140737488340183 140737488340354 140737488340354 140737488351170 0
/proc/1843194/statm: 16948 14437 2091 41 0 13027 0
Current children cumulated CPU time: 102.06 s
Current children cumulated vsize: 94700 KiB
Current children cumulated memory: 71364 KiB

[startup+162.3 s]
/proc/loadavg: 14.00 14.10 13.36 17/838 1843454
/proc/meminfo: memFree=387432760/528004524 swapFree=8388604/8388604
[pid=1843160] ppid=1843158 vsize=26908 memory=13616 CPUtime=0.07 cores=2-3
/proc/1843160/stat : 1843160 (perf) S 1843158 1843160 1843043 0 -1 0 1739 237 0 0 5 2 0 0 20 0 1 0 922972429 27553792 3404 17179869184 93824994299904 93824996572973 140737488338256 0 0 0 134217728 4 74274 1 0 0 17 2 0 0 0 0 0 93824998874888 93825001005840 93825001308160 140737488340073 140737488340470 140737488340470 140737488351179 0
/proc/1843160/statm: 6727 3404 2099 555 0 1769 0
[pid=1843194] ppid=1843160 vsize=79092 memory=67252 CPUtime=161.99 cores=2-3
/proc/1843194/stat : 1843194 (clingo) R 1843160 1843160 1843043 0 -1 0 15711 0 0 0 16196 3 0 0 20 0 1 0 922972436 80990208 16813 17179869184 93824992301056 93824992468925 140737488338416 0 0 0 134217728 4 25184771 0 0 0 17 2 0 0 0 0 0 93824992533936 93824992571272 93824992575488 140737488340183 140737488340354 140737488340354 140737488351170 0
/proc/1843194/statm: 19773 16813 2091 41 0 15852 0
Current children cumulated CPU time: 162.06 s
Current children cumulated vsize: 106000 KiB
Current children cumulated memory: 80868 KiB

[startup+222.3 s]
/proc/loadavg: 14.26 14.14 13.42 17/838 1843457
/proc/meminfo: memFree=387333524/528004524 swapFree=8388604/8388604
[pid=1843160] ppid=1843158 vsize=26908 memory=13616 CPUtime=0.07 cores=2-3
/proc/1843160/stat : 1843160 (perf) S 1843158 1843160 1843043 0 -1 0 1739 237 0 0 5 2 0 0 20 0 1 0 922972429 27553792 3404 17179869184 93824994299904 93824996572973 140737488338256 0 0 0 134217728 4 74274 1 0 0 17 2 0 0 0 0 0 93824998874888 93825001005840 93825001308160 140737488340073 140737488340470 140737488340470 140737488351179 0
/proc/1843160/statm: 6727 3404 2099 555 0 1769 0
[pid=1843194] ppid=1843160 vsize=87184 memory=74380 CPUtime=221.98 cores=2-3
/proc/1843194/stat : 1843194 (clingo) R 1843160 1843160 1843043 0 -1 0 17538 0 0 0 22195 3 0 0 20 0 1 0 922972436 89276416 18595 17179869184 93824992301056 93824992468925 140737488338416 0 0 0 134217728 4 25184771 0 0 0 17 2 0 0 0 0 0 93824992533936 93824992571272 93824992575488 140737488340183 140737488340354 140737488340354 140737488351170 0
/proc/1843194/statm: 21796 18595 2091 41 0 17875 0
Current children cumulated CPU time: 222.05 s
Current children cumulated vsize: 114092 KiB
Current children cumulated memory: 87996 KiB

[startup+282.3 s]
/proc/loadavg: 14.36 14.19 13.48 17/837 1843460
/proc/meminfo: memFree=387259940/528004524 swapFree=8388604/8388604
[pid=1843160] ppid=1843158 vsize=26908 memory=13616 CPUtime=0.07 cores=2-3
/proc/1843160/stat : 1843160 (perf) S 1843158 1843160 1843043 0 -1 0 1739 237 0 0 5 2 0 0 20 0 1 0 922972429 27553792 3404 17179869184 93824994299904 93824996572973 140737488338256 0 0 0 134217728 4 74274 1 0 0 17 2 0 0 0 0 0 93824998874888 93825001005840 93825001308160 140737488340073 140737488340470 140737488340470 140737488351179 0
/proc/1843160/statm: 6727 3404 2099 555 0 1769 0
[pid=1843194] ppid=1843160 vsize=94328 memory=80980 CPUtime=281.99 cores=2-3
/proc/1843194/stat : 1843194 (clingo) R 1843160 1843160 1843043 0 -1 0 19153 0 0 0 28194 5 0 0 20 0 1 0 922972436 96591872 20245 17179869184 93824992301056 93824992468925 140737488338416 0 0 0 134217728 4 25184771 0 0 0 17 2 0 0 0 0 0 93824992533936 93824992571272 93824992575488 140737488340183 140737488340354 140737488340354 140737488351170 0
/proc/1843194/statm: 23582 20245 2091 41 0 19661 0
Current children cumulated CPU time: 282.06 s
Current children cumulated vsize: 121236 KiB
Current children cumulated memory: 94596 KiB

[startup+342.3 s]
/proc/loadavg: 14.68 14.36 13.59 17/816 1843466
/proc/meminfo: memFree=387183160/528004524 swapFree=8388604/8388604
[pid=1843160] ppid=1843158 vsize=26908 memory=13616 CPUtime=0.07 cores=2-3
/proc/1843160/stat : 1843160 (perf) S 1843158 1843160 1843043 0 -1 0 1739 237 0 0 5 2 0 0 20 0 1 0 922972429 27553792 3404 17179869184 93824994299904 93824996572973 140737488338256 0 0 0 134217728 4 74274 1 0 0 17 2 0 0 0 0 0 93824998874888 93825001005840 93825001308160 140737488340073 140737488340470 140737488340470 140737488351179 0
/proc/1843160/statm: 6727 3404 2099 555 0 1769 0
[pid=1843194] ppid=1843160 vsize=100080 memory=86396 CPUtime=341.99 cores=2-3
/proc/1843194/stat : 1843194 (clingo) R 1843160 1843160 1843043 0 -1 0 20638 0 0 0 34194 5 0 0 20 0 1 0 922972436 102481920 21599 17179869184 93824992301056 93824992468925 140737488338416 0 0 0 134217728 4 25184771 0 0 0 17 2 0 0 0 0 0 93824992533936 93824992571272 93824992575488 140737488340183 140737488340354 140737488340354 140737488351170 0
/proc/1843194/statm: 25020 21599 2091 41 0 21099 0
Current children cumulated CPU time: 342.06 s
Current children cumulated vsize: 126988 KiB
Current children cumulated memory: 100012 KiB

[startup+402.3 s]
/proc/loadavg: 14.48 14.37 13.65 17/814 1843468
/proc/meminfo: memFree=387111892/528004524 swapFree=8388604/8388604
[pid=1843160] ppid=1843158 vsize=26908 memory=13616 CPUtime=0.07 cores=2-3
/proc/1843160/stat : 1843160 (perf) S 1843158 1843160 1843043 0 -1 0 1739 237 0 0 5 2 0 0 20 0 1 0 922972429 27553792 3404 17179869184 93824994299904 93824996572973 140737488338256 0 0 0 134217728 4 74274 1 0 0 17 2 0 0 0 0 0 93824998874888 93825001005840 93825001308160 140737488340073 140737488340470 140737488340470 140737488351179 0
/proc/1843160/statm: 6727 3404 2099 555 0 1769 0
[pid=1843194] ppid=1843160 vsize=107848 memory=93540 CPUtime=401.99 cores=2-3
/proc/1843194/stat : 1843194 (clingo) R 1843160 1843160 1843043 0 -1 0 22523 0 0 0 40193 6 0 0 20 0 1 0 922972436 110436352 23385 17179869184 93824992301056 93824992468925 140737488338416 0 0 0 134217728 4 25184771 0 0 0 17 2 0 0 0 0 0 93824992533936 93824992571272 93824992575488 140737488340183 140737488340354 140737488340354 140737488351170 0
/proc/1843194/statm: 26962 23385 2091 41 0 23041 0
Current children cumulated CPU time: 402.06 s
Current children cumulated vsize: 134756 KiB
Current children cumulated memory: 107156 KiB

[startup+462.3 s]
/proc/loadavg: 14.17 14.30 13.67 17/814 1843471
/proc/meminfo: memFree=387046416/528004524 swapFree=8388604/8388604
[pid=1843160] ppid=1843158 vsize=26908 memory=13616 CPUtime=0.07 cores=2-3
/proc/1843160/stat : 1843160 (perf) S 1843158 1843160 1843043 0 -1 0 1739 237 0 0 5 2 0 0 20 0 1 0 922972429 27553792 3404 17179869184 93824994299904 93824996572973 140737488338256 0 0 0 134217728 4 74274 1 0 0 17 2 0 0 0 0 0 93824998874888 93825001005840 93825001308160 140737488340073 140737488340470 140737488340470 140737488351179 0
/proc/1843160/statm: 6727 3404 2099 555 0 1769 0
[pid=1843194] ppid=1843160 vsize=116564 memory=100928 CPUtime=461.99 cores=2-3
/proc/1843194/stat : 1843194 (clingo) R 1843160 1843160 1843043 0 -1 0 24379 0 0 0 46192 7 0 0 20 0 1 0 922972436 119361536 25232 17179869184 93824992301056 93824992468925 140737488338416 0 0 0 134217728 4 25184771 0 0 0 17 2 0 0 0 0 0 93824992533936 93824992571272 93824992575488 140737488340183 140737488340354 140737488340354 140737488351170 0
/proc/1843194/statm: 29141 25232 2091 41 0 25220 0
Current children cumulated CPU time: 462.06 s
Current children cumulated vsize: 143472 KiB
Current children cumulated memory: 114544 KiB

[startup+522.3 s]
/proc/loadavg: 14.35 14.31 13.71 17/814 1843475
/proc/meminfo: memFree=387004332/528004524 swapFree=8388604/8388604
[pid=1843160] ppid=1843158 vsize=26908 memory=13616 CPUtime=0.07 cores=2-3
/proc/1843160/stat : 1843160 (perf) S 1843158 1843160 1843043 0 -1 0 1739 237 0 0 5 2 0 0 20 0 1 0 922972429 27553792 3404 17179869184 93824994299904 93824996572973 140737488338256 0 0 0 134217728 4 74274 1 0 0 17 2 0 0 0 0 0 93824998874888 93825001005840 93825001308160 140737488340073 140737488340470 140737488340470 140737488351179 0
/proc/1843160/statm: 6727 3404 2099 555 0 1769 0
[pid=1843194] ppid=1843160 vsize=121304 memory=105152 CPUtime=521.99 cores=2-3
/proc/1843194/stat : 1843194 (clingo) R 1843160 1843160 1843043 0 -1 0 25431 0 0 0 52192 7 0 0 20 0 1 0 922972436 124215296 26288 17179869184 93824992301056 93824992468925 140737488338416 0 0 0 134217728 4 25184771 0 0 0 17 2 0 0 0 0 0 93824992533936 93824992571272 93824992575488 140737488340183 140737488340354 140737488340354 140737488351170 0
/proc/1843194/statm: 30326 26288 2091 41 0 26405 0
Current children cumulated CPU time: 522.06 s
Current children cumulated vsize: 148212 KiB
Current children cumulated memory: 118768 KiB

[startup+582.3 s]
/proc/loadavg: 14.13 14.25 13.73 17/814 1843479
/proc/meminfo: memFree=386954216/528004524 swapFree=8388604/8388604
[pid=1843160] ppid=1843158 vsize=26908 memory=13616 CPUtime=0.07 cores=2-3
/proc/1843160/stat : 1843160 (perf) S 1843158 1843160 1843043 0 -1 0 1739 237 0 0 5 2 0 0 20 0 1 0 922972429 27553792 3404 17179869184 93824994299904 93824996572973 140737488338256 0 0 0 134217728 4 74274 1 0 0 17 2 0 0 0 0 0 93824998874888 93825001005840 93825001308160 140737488340073 140737488340470 140737488340470 140737488351179 0
/proc/1843160/statm: 6727 3404 2099 555 0 1769 0
[pid=1843194] ppid=1843160 vsize=126236 memory=109376 CPUtime=581.98 cores=2-3
/proc/1843194/stat : 1843194 (clingo) R 1843160 1843160 1843043 0 -1 0 26503 0 0 0 58191 7 0 0 20 0 1 0 922972436 129265664 27344 17179869184 93824992301056 93824992468925 140737488338416 0 0 0 134217728 4 25184771 0 0 0 17 2 0 0 0 0 0 93824992533936 93824992571272 93824992575488 140737488340183 140737488340354 140737488340354 140737488351170 0
/proc/1843194/statm: 31559 27344 2091 41 0 27638 0
Current children cumulated CPU time: 582.05 s
Current children cumulated vsize: 153144 KiB
Current children cumulated memory: 122992 KiB

[startup+642.3 s]
/proc/loadavg: 14.04 14.20 13.75 17/813 1843482
/proc/meminfo: memFree=386912180/528004524 swapFree=8388604/8388604
[pid=1843160] ppid=1843158 vsize=26908 memory=13616 CPUtime=0.07 cores=2-3
/proc/1843160/stat : 1843160 (perf) S 1843158 1843160 1843043 0 -1 0 1739 237 0 0 5 2 0 0 20 0 1 0 922972429 27553792 3404 17179869184 93824994299904 93824996572973 140737488338256 0 0 0 134217728 4 74274 1 0 0 17 2 0 0 0 0 0 93824998874888 93825001005840 93825001308160 140737488340073 140737488340470 140737488340470 140737488351179 0
/proc/1843160/statm: 6727 3404 2099 555 0 1769 0
[pid=1843194] ppid=1843160 vsize=127888 memory=110960 CPUtime=641.98 cores=2-3
/proc/1843194/stat : 1843194 (clingo) R 1843160 1843160 1843043 0 -1 0 26880 0 0 0 64191 7 0 0 20 0 1 0 922972436 130957312 27740 17179869184 93824992301056 93824992468925 140737488338416 0 0 0 134217728 4 25184771 0 0 0 17 2 0 0 0 0 0 93824992533936 93824992571272 93824992575488 140737488340183 140737488340354 140737488340354 140737488351170 0
/proc/1843194/statm: 31972 27740 2091 41 0 28051 0
Current children cumulated CPU time: 642.05 s
Current children cumulated vsize: 154796 KiB
Current children cumulated memory: 124576 KiB

[startup+702.3 s]
/proc/loadavg: 14.36 14.24 13.80 17/813 1843485
/proc/meminfo: memFree=386867100/528004524 swapFree=8388604/8388604
[pid=1843160] ppid=1843158 vsize=26908 memory=13616 CPUtime=0.07 cores=2-3
/proc/1843160/stat : 1843160 (perf) S 1843158 1843160 1843043 0 -1 0 1739 237 0 0 5 2 0 0 20 0 1 0 922972429 27553792 3404 17179869184 93824994299904 93824996572973 140737488338256 0 0 0 134217728 4 74274 1 0 0 17 2 0 0 0 0 0 93824998874888 93825001005840 93825001308160 140737488340073 140737488340470 140737488340470 140737488351179 0
/proc/1843160/statm: 6727 3404 2099 555 0 1769 0
[pid=1843194] ppid=1843160 vsize=135664 memory=117560 CPUtime=701.99 cores=2-3
/proc/1843194/stat : 1843194 (clingo) R 1843160 1843160 1843043 0 -1 0 28578 0 0 0 70191 8 0 0 20 0 1 0 922972436 138919936 29390 17179869184 93824992301056 93824992468925 140737488338416 0 0 0 134217728 4 25184771 0 0 0 17 2 0 0 0 0 0 93824992533936 93824992571272 93824992575488 140737488340183 140737488340354 140737488340354 140737488351170 0
/proc/1843194/statm: 33916 29390 2091 41 0 29995 0
Current children cumulated CPU time: 702.06 s
Current children cumulated vsize: 162572 KiB
Current children cumulated memory: 131176 KiB

[startup+762.3 s]
/proc/loadavg: 14.38 14.26 13.83 17/813 1843487
/proc/meminfo: memFree=386825468/528004524 swapFree=8388604/8388604
[pid=1843160] ppid=1843158 vsize=26908 memory=13616 CPUtime=0.07 cores=2-3
/proc/1843160/stat : 1843160 (perf) S 1843158 1843160 1843043 0 -1 0 1739 237 0 0 5 2 0 0 20 0 1 0 922972429 27553792 3404 17179869184 93824994299904 93824996572973 140737488338256 0 0 0 134217728 4 74274 1 0 0 17 2 0 0 0 0 0 93824998874888 93825001005840 93825001308160 140737488340073 140737488340470 140737488340470 140737488351179 0
/proc/1843160/statm: 6727 3404 2099 555 0 1769 0
[pid=1843194] ppid=1843160 vsize=138988 memory=121256 CPUtime=761.98 cores=2-3
/proc/1843194/stat : 1843194 (clingo) R 1843160 1843160 1843043 0 -1 0 29452 0 0 0 76190 8 0 0 20 0 1 0 922972436 142323712 30314 17179869184 93824992301056 93824992468925 140737488338416 0 0 0 134217728 4 25184771 0 0 0 17 2 0 0 0 0 0 93824992533936 93824992571272 93824992575488 140737488340183 140737488340354 140737488340354 140737488351170 0
/proc/1843194/statm: 34747 30314 2091 41 0 30826 0
Current children cumulated CPU time: 762.05 s
Current children cumulated vsize: 165896 KiB
Current children cumulated memory: 134872 KiB

[startup+822.3 s]
/proc/loadavg: 14.80 14.41 13.91 17/813 1843490
/proc/meminfo: memFree=386781768/528004524 swapFree=8388604/8388604
[pid=1843160] ppid=1843158 vsize=26908 memory=13616 CPUtime=0.07 cores=2-3
/proc/1843160/stat : 1843160 (perf) S 1843158 1843160 1843043 0 -1 0 1739 237 0 0 5 2 0 0 20 0 1 0 922972429 27553792 3404 17179869184 93824994299904 93824996572973 140737488338256 0 0 0 134217728 4 74274 1 0 0 17 2 0 0 0 0 0 93824998874888 93825001005840 93825001308160 140737488340073 140737488340470 140737488340470 140737488351179 0
/proc/1843160/statm: 6727 3404 2099 555 0 1769 0
[pid=1843194] ppid=1843160 vsize=141452 memory=123896 CPUtime=821.98 cores=2-3
/proc/1843194/stat : 1843194 (clingo) R 1843160 1843160 1843043 0 -1 0 30114 0 0 0 82190 8 0 0 20 0 1 0 922972436 144846848 30974 17179869184 93824992301056 93824992468925 140737488338416 0 0 0 134217728 4 25184771 0 0 0 17 2 0 0 0 0 0 93824992533936 93824992571272 93824992575488 140737488340183 140737488340354 140737488340354 140737488351170 0
/proc/1843194/statm: 35363 30974 2091 41 0 31442 0
Current children cumulated CPU time: 822.05 s
Current children cumulated vsize: 168360 KiB
Current children cumulated memory: 137512 KiB

[startup+882.3 s]
/proc/loadavg: 14.56 14.40 13.94 17/813 1843493
/proc/meminfo: memFree=386738708/528004524 swapFree=8388604/8388604
[pid=1843160] ppid=1843158 vsize=26908 memory=13616 CPUtime=0.07 cores=2-3
/proc/1843160/stat : 1843160 (perf) S 1843158 1843160 1843043 0 -1 0 1739 237 0 0 5 2 0 0 20 0 1 0 922972429 27553792 3404 17179869184 93824994299904 93824996572973 140737488338256 0 0 0 134217728 4 74274 1 0 0 17 2 0 0 0 0 0 93824998874888 93825001005840 93825001308160 140737488340073 140737488340470 140737488340470 140737488351179 0
/proc/1843160/statm: 6727 3404 2099 555 0 1769 0
[pid=1843194] ppid=1843160 vsize=144784 memory=126800 CPUtime=881.99 cores=2-3
/proc/1843194/stat : 1843194 (clingo) R 1843160 1843160 1843043 0 -1 0 30890 0 0 0 88190 9 0 0 20 0 1 0 922972436 148258816 31700 17179869184 93824992301056 93824992468925 140737488338416 0 0 0 134217728 4 25184771 0 0 0 17 2 0 0 0 0 0 93824992533936 93824992571272 93824992575488 140737488340183 140737488340354 140737488340354 140737488351170 0
/proc/1843194/statm: 36196 31700 2091 41 0 32275 0
Current children cumulated CPU time: 882.06 s
Current children cumulated vsize: 171692 KiB
Current children cumulated memory: 140416 KiB

[startup+942.3 s]
/proc/loadavg: 14.20 14.33 13.95 17/813 1843497
/proc/meminfo: memFree=386694924/528004524 swapFree=8388604/8388604
[pid=1843160] ppid=1843158 vsize=26908 memory=13616 CPUtime=0.07 cores=2-3
/proc/1843160/stat : 1843160 (perf) S 1843158 1843160 1843043 0 -1 0 1739 237 0 0 5 2 0 0 20 0 1 0 922972429 27553792 3404 17179869184 93824994299904 93824996572973 140737488338256 0 0 0 134217728 4 74274 1 0 0 17 2 0 0 0 0 0 93824998874888 93825001005840 93825001308160 140737488340073 140737488340470 140737488340470 140737488351179 0
/proc/1843160/statm: 6727 3404 2099 555 0 1769 0
[pid=1843194] ppid=1843160 vsize=147068 memory=129440 CPUtime=941.98 cores=2-3
/proc/1843194/stat : 1843194 (clingo) R 1843160 1843160 1843043 0 -1 0 31520 0 0 0 94189 9 0 0 20 0 1 0 922972436 150597632 32360 17179869184 93824992301056 93824992468925 140737488338416 0 0 0 134217728 4 25184771 0 0 0 17 2 0 0 0 0 0 93824992533936 93824992571272 93824992575488 140737488340183 140737488340354 140737488340354 140737488351170 0
/proc/1843194/statm: 36767 32360 2091 41 0 32846 0
Current children cumulated CPU time: 942.05 s
Current children cumulated vsize: 173976 KiB
Current children cumulated memory: 143056 KiB

[startup+1002.3 s]
/proc/loadavg: 14.07 14.26 13.95 17/813 1843500
/proc/meminfo: memFree=386662464/528004524 swapFree=8388604/8388604
[pid=1843160] ppid=1843158 vsize=26908 memory=13616 CPUtime=0.07 cores=2-3
/proc/1843160/stat : 1843160 (perf) S 1843158 1843160 1843043 0 -1 0 1739 237 0 0 5 2 0 0 20 0 1 0 922972429 27553792 3404 17179869184 93824994299904 93824996572973 140737488338256 0 0 0 134217728 4 74274 1 0 0 17 2 0 0 0 0 0 93824998874888 93825001005840 93825001308160 140737488340073 140737488340470 140737488340470 140737488351179 0
/proc/1843160/statm: 6727 3404 2099 555 0 1769 0
[pid=1843194] ppid=1843160 vsize=148880 memory=131552 CPUtime=1001.98 cores=2-3
/proc/1843194/stat : 1843194 (clingo) R 1843160 1843160 1843043 0 -1 0 32027 0 0 0 100189 9 0 0 20 0 1 0 922972436 152453120 32888 17179869184 93824992301056 93824992468925 140737488338416 0 0 0 134217728 4 25184771 0 0 0 17 2 0 0 0 0 0 93824992533936 93824992571272 93824992575488 140737488340183 140737488340354 140737488340354 140737488351170 0
/proc/1843194/statm: 37220 32888 2091 41 0 33299 0
Current children cumulated CPU time: 1002.05 s
Current children cumulated vsize: 175788 KiB
Current children cumulated memory: 145168 KiB

[startup+1062.3 s]
/proc/loadavg: 14.02 14.21 13.96 17/812 1843502
/proc/meminfo: memFree=386620900/528004524 swapFree=8388604/8388604
[pid=1843160] ppid=1843158 vsize=26908 memory=13616 CPUtime=0.07 cores=2-3
/proc/1843160/stat : 1843160 (perf) S 1843158 1843160 1843043 0 -1 0 1739 237 0 0 5 2 0 0 20 0 1 0 922972429 27553792 3404 17179869184 93824994299904 93824996572973 140737488338256 0 0 0 134217728 4 74274 1 0 0 17 2 0 0 0 0 0 93824998874888 93825001005840 93825001308160 140737488340073 140737488340470 140737488340470 140737488351179 0
/proc/1843160/statm: 6727 3404 2099 555 0 1769 0
[pid=1843194] ppid=1843160 vsize=152028 memory=134192 CPUtime=1061.98 cores=2-3
/proc/1843194/stat : 1843194 (clingo) R 1843160 1843160 1843043 0 -1 0 32732 0 0 0 106189 9 0 0 20 0 1 0 922972436 155676672 33548 17179869184 93824992301056 93824992468925 140737488338416 0 0 0 134217728 4 25184771 0 0 0 17 2 0 0 0 0 0 93824992533936 93824992571272 93824992575488 140737488340183 140737488340354 140737488340354 140737488351170 0
/proc/1843194/statm: 38007 33548 2091 41 0 34086 0
Current children cumulated CPU time: 1062.05 s
Current children cumulated vsize: 178936 KiB
Current children cumulated memory: 147808 KiB

[startup+1122.3 s]
/proc/loadavg: 14.08 14.19 13.97 17/813 1843506
/proc/meminfo: memFree=386591496/528004524 swapFree=8388604/8388604
[pid=1843160] ppid=1843158 vsize=26908 memory=13616 CPUtime=0.07 cores=2-3
/proc/1843160/stat : 1843160 (perf) S 1843158 1843160 1843043 0 -1 0 1739 237 0 0 5 2 0 0 20 0 1 0 922972429 27553792 3404 17179869184 93824994299904 93824996572973 140737488338256 0 0 0 134217728 4 74274 1 0 0 17 2 0 0 0 0 0 93824998874888 93825001005840 93825001308160 140737488340073 140737488340470 140737488340470 140737488351179 0
/proc/1843160/statm: 6727 3404 2099 555 0 1769 0
[pid=1843194] ppid=1843160 vsize=153892 memory=136040 CPUtime=1121.98 cores=2-3
/proc/1843194/stat : 1843194 (clingo) R 1843160 1843160 1843043 0 -1 0 33185 0 0 0 112189 9 0 0 20 0 1 0 922972436 157585408 34010 17179869184 93824992301056 93824992468925 140737488338416 0 0 0 134217728 4 25184771 0 0 0 17 2 0 0 0 0 0 93824992533936 93824992571272 93824992575488 140737488340183 140737488340354 140737488340354 140737488351170 0
/proc/1843194/statm: 38473 34010 2091 41 0 34552 0
Current children cumulated CPU time: 1122.05 s
Current children cumulated vsize: 180800 KiB
Current children cumulated memory: 149656 KiB

[startup+1182.3 s]
/proc/loadavg: 14.07 14.17 13.98 17/814 1843511
/proc/meminfo: memFree=386557288/528004524 swapFree=8388604/8388604
[pid=1843160] ppid=1843158 vsize=26908 memory=13616 CPUtime=0.07 cores=2-3
/proc/1843160/stat : 1843160 (perf) S 1843158 1843160 1843043 0 -1 0 1739 237 0 0 5 2 0 0 20 0 1 0 922972429 27553792 3404 17179869184 93824994299904 93824996572973 140737488338256 0 0 0 134217728 4 74274 1 0 0 17 2 0 0 0 0 0 93824998874888 93825001005840 93825001308160 140737488340073 140737488340470 140737488340470 140737488351179 0
/proc/1843160/statm: 6727 3404 2099 555 0 1769 0
[pid=1843194] ppid=1843160 vsize=156864 memory=138680 CPUtime=1181.98 cores=2-3
/proc/1843194/stat : 1843194 (clingo) R 1843160 1843160 1843043 0 -1 0 33845 0 0 0 118189 9 0 0 20 0 1 0 922972436 160628736 34670 17179869184 93824992301056 93824992468925 140737488338416 0 0 0 134217728 4 25184771 0 0 0 17 2 0 0 0 0 0 93824992533936 93824992571272 93824992575488 140737488340183 140737488340354 140737488340354 140737488351170 0
/proc/1843194/statm: 39216 34670 2091 41 0 35295 0
Current children cumulated CPU time: 1182.05 s
Current children cumulated vsize: 183772 KiB
Current children cumulated memory: 152296 KiB



Maximum wall clock time exceeded: sending SIGTERM then SIGKILL

[startup+1205 s]*
/proc/loadavg: 14.04 14.15 13.98 14/787 1844293
/proc/meminfo: memFree=387551816/528004524 swapFree=8388604/8388604
[pid=1843160] ppid=1843158 vsize=26908 memory=13616 CPUtime=0.07 cores=2-3
/proc/1843160/stat : 1843160 (perf) S 1843158 1843160 1843043 0 -1 0 1739 237 0 0 5 2 0 0 20 0 1 0 922972429 27553792 3404 17179869184 93824994299904 93824996572973 140737488338256 0 0 0 134217728 4 74274 1 0 0 17 2 0 0 0 0 0 93824998874888 93825001005840 93825001308160 140737488340073 140737488340470 140737488340470 140737488351179 0
/proc/1843160/statm: 6727 3404 2099 555 0 1769 0
[pid=1843194] ppid=1843160 vsize=157728 memory=139472 CPUtime=1204.69 cores=2-3
/proc/1843194/stat : 1843194 (clingo) R 1843160 1843160 1843043 0 -1 0 34024 0 0 0 120460 9 0 0 20 0 1 0 922972436 161513472 34868 17179869184 93824992301056 93824992468925 140737488338416 0 0 0 134217728 4 25184771 0 0 0 17 2 0 0 0 0 0 93824992533936 93824992571272 93824992575488 140737488340183 140737488340354 140737488340354 140737488351170 0
/proc/1843194/statm: 39432 34868 2091 41 0 35511 0
Current children cumulated CPU time: 1204.76 s
Current children cumulated vsize: 184636 KiB
Current children cumulated memory: 153088 KiB

Sending SIGINT to process tree (bottom up)
Sleeping 5 seconds

[startup+1205.03 s]
# the end of solver process 1843160 was just reported to runsolver
# cumulated CPU time of all completed processes:  user=1204.67 s, system=0.127901 s

Solver just ended.
??? end of watcher thread
Dumping a history of the last processes samples

Child status: 1
Real time (s): 1205.03
CPU time (s): 1204.8
CPU user time (s): 1204.67
CPU system time (s): 0.127901
CPU usage (%): 99.9807
Max. virtual memory (cumulated for all children) (KiB): 184636
Max. memory (cumulated for all children) (KiB): 153088

getrusage(RUSAGE_CHILDREN,...) data:
user time used= 1204.67
system time used= 0.127901
maximum resident set size= 139576
integral shared memory size= 0
integral unshared data size= 0
integral unshared stack size= 0
page reclaims= 36040
page faults= 0
swaps= 0
block input operations= 0
block output operations= 0
messages sent= 0
messages received= 0
signals received= 0
voluntary context switches= 18
involuntary context switches= 1959


# summary of solver processes directly reported to runsolver:
#   pid: 1843160
#   total CPU time (s): 1204.8
#   total CPU user time (s): 1204.67
#   total CPU system time (s): 0.127901

??? end of timestamper thread
runsolver used 8.6545 second user time and 14.9331 second system time

The end
