runsolver version 3.4.0 (svn: 3018) Copyright (C) 2010-2013 Olivier ROUSSEL

This program is distributed in the hope that it will be useful,
but WITHOUT ANY WARRANTY; without even the implied warranty of
MERCHANTABILITY or FITNESS FOR A PARTICULAR PURPOSE.  See the
GNU General Public License for more details.

NUMA information:
  number of nodes: 2
  memory of node 0: 257635 MiB (185546 MiB free)
  memory of node 1: 257994 MiB (191416 MiB free)
  node distances:
     10  20
     20  10

command line: /dev/shm/3751c190-2e81-11f1-ac62-000c298f4621/input/runsolver -w /dev/shm/3751c190-2e81-11f1-ac62-000c298f4621/output/runsolver.log -v /dev/shm/3751c190-2e81-11f1-ac62-000c298f4621/output/varfile.log -W 1205 --rss-swap-limit 16384 -d 5 --sigint /usr/bin/perf stat -B -e task-clock,cache-references,cache-misses,cycles,instructions,branches,faults,migrations,context-switches -o /dev/shm/3751c190-2e81-11f1-ac62-000c298f4621/output/perf.log clingo /home/guests/mmacri/AMOSUM/benchmarks/GraphColouring/encoding-plain-amo.asp /dev/shm/3751c190-2e81-11f1-ac62-000c298f4621/input/0021-graph_colouring-135-0_5184.asp 

running on 2 cores: 20-21

Enforcing wall clock limit (soft limit, will send SIGTERM then SIGKILL): 1205 seconds
Enforcing RSS+Swap limit (soft limit, will send SIGTERM then SIGKILL): 16777216 KiB
Linux 5.15.0-131-generic
solver pid=3552225, runsolver pid=3552207
Current StackSize limit: 8192 KiB


[startup+0.100063 s]*
/proc/loadavg: 14.20 14.41 13.32 22/838 3552258
/proc/meminfo: memFree=386063720/528004520 swapFree=8388604/8388604
[pid=3552225] ppid=3552207 vsize=26908 memory=13452 CPUtime=0.08 cores=20-21
/proc/3552225/stat : 3552225 (perf) S 3552207 3552225 3551810 0 -1 0 1756 255 9 0 5 3 0 0 20 0 1 0 922998576 27553792 3363 17179869184 93824994299904 93824996572973 140737488338256 0 0 0 134217728 4 74274 1 0 0 17 20 0 0 0 0 0 93824998874888 93825001005840 93825001308160 140737488340073 140737488340470 140737488340470 140737488351179 0
/proc/3552225/statm: 6727 3363 2058 555 0 1769 0
[pid=3552256] ppid=3552225 vsize=18952 memory=10640 CPUtime=0.02 cores=20-21
/proc/3552256/stat : 3552256 (clingo) R 3552225 3552225 3551810 0 -1 0 895 0 0 0 2 0 0 0 20 0 1 0 922998585 19406848 2660 17179869184 93824992301056 93824992468925 140737488338416 0 0 0 134217728 4 25184771 0 0 0 17 21 0 0 0 0 0 93824992533936 93824992571272 93824992575488 140737488340183 140737488340354 140737488340354 140737488351170 0
/proc/3552256/statm: 4738 2660 2042 41 0 817 0
Current children cumulated CPU time: 0.1 s
Current children cumulated vsize: 45860 KiB
Current children cumulated memory: 24092 KiB

[startup+0.234445 s]*
/proc/loadavg: 14.43 14.45 13.34 19/837 3552259
/proc/meminfo: memFree=386106856/528004520 swapFree=8388604/8388604
[pid=3552225] ppid=3552207 vsize=26908 memory=13452 CPUtime=0.08 cores=20-21
/proc/3552225/stat : 3552225 (perf) S 3552207 3552225 3551810 0 -1 0 1756 255 9 0 5 3 0 0 20 0 1 0 922998576 27553792 3363 17179869184 93824994299904 93824996572973 140737488338256 0 0 0 134217728 4 74274 1 0 0 17 20 0 0 0 0 0 93824998874888 93825001005840 93825001308160 140737488340073 140737488340470 140737488340470 140737488351179 0
/proc/3552225/statm: 6727 3363 2058 555 0 1769 0
[pid=3552256] ppid=3552225 vsize=24220 memory=16124 CPUtime=0.12 cores=20-21
/proc/3552256/stat : 3552256 (clingo) R 3552225 3552225 3551810 0 -1 0 2281 0 0 0 12 0 0 0 20 0 1 0 922998585 24801280 4031 17179869184 93824992301056 93824992468925 140737488338416 0 0 0 134217728 4 25184771 0 0 0 17 20 0 0 0 0 0 93824992533936 93824992571272 93824992575488 140737488340183 140737488340354 140737488340354 140737488351170 0
/proc/3552256/statm: 6055 4031 2088 41 0 2134 0
Current children cumulated CPU time: 0.2 s
Current children cumulated vsize: 51128 KiB
Current children cumulated memory: 29576 KiB

[startup+0.320975 s]*
/proc/loadavg: 14.43 14.45 13.34 19/836 3552263
/proc/meminfo: memFree=386093232/528004520 swapFree=8388604/8388604
[pid=3552225] ppid=3552207 vsize=26908 memory=13452 CPUtime=0.08 cores=20-21
/proc/3552225/stat : 3552225 (perf) S 3552207 3552225 3551810 0 -1 0 1756 255 9 0 5 3 0 0 20 0 1 0 922998576 27553792 3363 17179869184 93824994299904 93824996572973 140737488338256 0 0 0 134217728 4 74274 1 0 0 17 20 0 0 0 0 0 93824998874888 93825001005840 93825001308160 140737488340073 140737488340470 140737488340470 140737488351179 0
/proc/3552225/statm: 6727 3363 2058 555 0 1769 0
[pid=3552256] ppid=3552225 vsize=25540 memory=17444 CPUtime=0.2 cores=20-21
/proc/3552256/stat : 3552256 (clingo) R 3552225 3552225 3551810 0 -1 0 2622 0 0 0 20 0 0 0 20 0 1 0 922998585 26152960 4361 17179869184 93824992301056 93824992468925 140737488338416 0 0 0 134217728 4 25184771 0 0 0 17 20 0 0 0 0 0 93824992533936 93824992571272 93824992575488 140737488340183 140737488340354 140737488340354 140737488351170 0
/proc/3552256/statm: 6385 4361 2088 41 0 2464 0
Current children cumulated CPU time: 0.28 s
Current children cumulated vsize: 52448 KiB
Current children cumulated memory: 30896 KiB

[startup+0.700319 s]
/proc/loadavg: 14.43 14.45 13.34 25/825 3552310
/proc/meminfo: memFree=386077384/528004520 swapFree=8388604/8388604
[pid=3552225] ppid=3552207 vsize=26908 memory=13452 CPUtime=0.08 cores=20-21
/proc/3552225/stat : 3552225 (perf) S 3552207 3552225 3551810 0 -1 0 1756 255 9 0 5 3 0 0 20 0 1 0 922998576 27553792 3363 17179869184 93824994299904 93824996572973 140737488338256 0 0 0 134217728 4 74274 1 0 0 17 20 0 0 0 0 0 93824998874888 93825001005840 93825001308160 140737488340073 140737488340470 140737488340470 140737488351179 0
/proc/3552225/statm: 6727 3363 2058 555 0 1769 0
[pid=3552256] ppid=3552225 vsize=27792 memory=19820 CPUtime=0.57 cores=20-21
/proc/3552256/stat : 3552256 (clingo) R 3552225 3552225 3551810 0 -1 0 3176 0 0 0 56 1 0 0 20 0 1 0 922998585 28459008 4955 17179869184 93824992301056 93824992468925 140737488338416 0 0 0 134217728 4 25184771 0 0 0 17 20 0 0 0 0 0 93824992533936 93824992571272 93824992575488 140737488340183 140737488340354 140737488340354 140737488351170 0
/proc/3552256/statm: 6948 4955 2088 41 0 3027 0
Current children cumulated CPU time: 0.65 s
Current children cumulated vsize: 54700 KiB
Current children cumulated memory: 33272 KiB

[startup+1.50027 s]
/proc/loadavg: 14.43 14.45 13.34 20/831 3552424
/proc/meminfo: memFree=386155212/528004520 swapFree=8388604/8388604
[pid=3552225] ppid=3552207 vsize=26908 memory=13452 CPUtime=0.08 cores=20-21
/proc/3552225/stat : 3552225 (perf) S 3552207 3552225 3551810 0 -1 0 1756 255 9 0 5 3 0 0 20 0 1 0 922998576 27553792 3363 17179869184 93824994299904 93824996572973 140737488338256 0 0 0 134217728 4 74274 1 0 0 17 20 0 0 0 0 0 93824998874888 93825001005840 93825001308160 140737488340073 140737488340470 140737488340470 140737488351179 0
/proc/3552225/statm: 6727 3363 2058 555 0 1769 0
[pid=3552256] ppid=3552225 vsize=29776 memory=21668 CPUtime=1.37 cores=20-21
/proc/3552256/stat : 3552256 (clingo) R 3552225 3552225 3551810 0 -1 0 3661 0 0 0 136 1 0 0 20 0 1 0 922998585 30490624 5417 17179869184 93824992301056 93824992468925 140737488338416 0 0 0 134217728 4 25184771 0 0 0 17 20 0 0 0 0 0 93824992533936 93824992571272 93824992575488 140737488340183 140737488340354 140737488340354 140737488351170 0
/proc/3552256/statm: 7444 5417 2088 41 0 3523 0
Current children cumulated CPU time: 1.45 s
Current children cumulated vsize: 56684 KiB
Current children cumulated memory: 35120 KiB

[startup+3.11877 s]
/proc/loadavg: 14.43 14.45 13.34 22/843 3552684
/proc/meminfo: memFree=386164340/528004520 swapFree=8388604/8388604
[pid=3552225] ppid=3552207 vsize=26908 memory=13452 CPUtime=0.08 cores=20-21
/proc/3552225/stat : 3552225 (perf) S 3552207 3552225 3551810 0 -1 0 1756 255 9 0 5 3 0 0 20 0 1 0 922998576 27553792 3363 17179869184 93824994299904 93824996572973 140737488338256 0 0 0 134217728 4 74274 1 0 0 17 20 0 0 0 0 0 93824998874888 93825001005840 93825001308160 140737488340073 140737488340470 140737488340470 140737488351179 0
/proc/3552225/statm: 6727 3363 2058 555 0 1769 0
[pid=3552256] ppid=3552225 vsize=32748 memory=24572 CPUtime=2.99 cores=20-21
/proc/3552256/stat : 3552256 (clingo) R 3552225 3552225 3551810 0 -1 0 4412 0 0 0 298 1 0 0 20 0 1 0 922998585 33533952 6143 17179869184 93824992301056 93824992468925 140737488338416 0 0 0 134217728 4 25184771 0 0 0 17 20 0 0 0 0 0 93824992533936 93824992571272 93824992575488 140737488340183 140737488340354 140737488340354 140737488351170 0
/proc/3552256/statm: 8187 6143 2088 41 0 4266 0
Current children cumulated CPU time: 3.07 s
Current children cumulated vsize: 59656 KiB
Current children cumulated memory: 38024 KiB

[startup+6.30028 s]
/proc/loadavg: 14.39 14.45 13.34 21/845 3552986
/proc/meminfo: memFree=386234588/528004520 swapFree=8388604/8388604
[pid=3552225] ppid=3552207 vsize=26908 memory=13452 CPUtime=0.08 cores=20-21
/proc/3552225/stat : 3552225 (perf) S 3552207 3552225 3551810 0 -1 0 1756 255 9 0 5 3 0 0 20 0 1 0 922998576 27553792 3363 17179869184 93824994299904 93824996572973 140737488338256 0 0 0 134217728 4 74274 1 0 0 17 20 0 0 0 0 0 93824998874888 93825001005840 93825001308160 140737488340073 140737488340470 140737488340470 140737488351179 0
/proc/3552225/statm: 6727 3363 2058 555 0 1769 0
[pid=3552256] ppid=3552225 vsize=36272 memory=28132 CPUtime=6.17 cores=20-21
/proc/3552256/stat : 3552256 (clingo) R 3552225 3552225 3551810 0 -1 0 5352 0 0 0 616 1 0 0 20 0 1 0 922998585 37142528 7033 17179869184 93824992301056 93824992468925 140737488338416 0 0 0 134217728 4 25184771 0 0 0 17 20 0 0 0 0 0 93824992533936 93824992571272 93824992575488 140737488340183 140737488340354 140737488340354 140737488351170 0
/proc/3552256/statm: 9068 7033 2088 41 0 5147 0
Current children cumulated CPU time: 6.25 s
Current children cumulated vsize: 63180 KiB
Current children cumulated memory: 41584 KiB

[startup+12.7003 s]
/proc/loadavg: 14.36 14.44 13.35 21/845 3552986
/proc/meminfo: memFree=386153672/528004520 swapFree=8388604/8388604
[pid=3552225] ppid=3552207 vsize=26908 memory=13452 CPUtime=0.08 cores=20-21
/proc/3552225/stat : 3552225 (perf) S 3552207 3552225 3551810 0 -1 0 1756 255 9 0 5 3 0 0 20 0 1 0 922998576 27553792 3363 17179869184 93824994299904 93824996572973 140737488338256 0 0 0 134217728 4 74274 1 0 0 17 20 0 0 0 0 0 93824998874888 93825001005840 93825001308160 140737488340073 140737488340470 140737488340470 140737488351179 0
/proc/3552225/statm: 6727 3363 2058 555 0 1769 0
[pid=3552256] ppid=3552225 vsize=40432 memory=31828 CPUtime=12.57 cores=20-21
/proc/3552256/stat : 3552256 (clingo) R 3552225 3552225 3551810 0 -1 0 6296 0 0 0 1256 1 0 0 20 0 1 0 922998585 41402368 7957 17179869184 93824992301056 93824992468925 140737488338416 0 0 0 134217728 4 25184771 0 0 0 17 20 0 0 0 0 0 93824992533936 93824992571272 93824992575488 140737488340183 140737488340354 140737488340354 140737488351170 0
/proc/3552256/statm: 10108 7957 2088 41 0 6187 0
Current children cumulated CPU time: 12.65 s
Current children cumulated vsize: 67340 KiB
Current children cumulated memory: 45280 KiB

[startup+25.5003 s]
/proc/loadavg: 14.31 14.42 13.35 21/845 3552986
/proc/meminfo: memFree=386061032/528004520 swapFree=8388604/8388604
[pid=3552225] ppid=3552207 vsize=26908 memory=13452 CPUtime=0.08 cores=20-21
/proc/3552225/stat : 3552225 (perf) S 3552207 3552225 3551810 0 -1 0 1756 255 9 0 5 3 0 0 20 0 1 0 922998576 27553792 3363 17179869184 93824994299904 93824996572973 140737488338256 0 0 0 134217728 4 74274 1 0 0 17 20 0 0 0 0 0 93824998874888 93825001005840 93825001308160 140737488340073 140737488340470 140737488340470 140737488351179 0
/proc/3552225/statm: 6727 3363 2058 555 0 1769 0
[pid=3552256] ppid=3552225 vsize=45836 memory=36828 CPUtime=25.37 cores=20-21
/proc/3552256/stat : 3552256 (clingo) R 3552225 3552225 3551810 0 -1 0 7606 0 0 0 2536 1 0 0 20 0 1 0 922998585 46936064 9207 17179869184 93824992301056 93824992468925 140737488338416 0 0 0 134217728 4 25184771 0 0 0 17 20 0 0 0 0 0 93824992533936 93824992571272 93824992575488 140737488340183 140737488340354 140737488340354 140737488351170 0
/proc/3552256/statm: 11459 9207 2088 41 0 7538 0
Current children cumulated CPU time: 25.45 s
Current children cumulated vsize: 72744 KiB
Current children cumulated memory: 50280 KiB

[startup+51.1192 s]
/proc/loadavg: 14.24 14.40 13.38 21/845 3552987
/proc/meminfo: memFree=385950184/528004520 swapFree=8388604/8388604
[pid=3552225] ppid=3552207 vsize=26908 memory=13452 CPUtime=0.08 cores=20-21
/proc/3552225/stat : 3552225 (perf) S 3552207 3552225 3551810 0 -1 0 1756 255 9 0 5 3 0 0 20 0 1 0 922998576 27553792 3363 17179869184 93824994299904 93824996572973 140737488338256 0 0 0 134217728 4 74274 1 0 0 17 20 0 0 0 0 0 93824998874888 93825001005840 93825001308160 140737488340073 140737488340470 140737488340470 140737488351179 0
/proc/3552225/statm: 6727 3363 2058 555 0 1769 0
[pid=3552256] ppid=3552225 vsize=52808 memory=42900 CPUtime=50.99 cores=20-21
/proc/3552256/stat : 3552256 (clingo) R 3552225 3552225 3551810 0 -1 0 9144 0 0 0 5098 1 0 0 20 0 1 0 922998585 54075392 10725 17179869184 93824992301056 93824992468925 140737488338416 0 0 0 134217728 4 25184771 0 0 0 17 20 0 0 0 0 0 93824992533936 93824992571272 93824992575488 140737488340183 140737488340354 140737488340354 140737488351170 0
/proc/3552256/statm: 13202 10725 2088 41 0 9281 0
Current children cumulated CPU time: 51.07 s
Current children cumulated vsize: 79716 KiB
Current children cumulated memory: 56352 KiB

[startup+102.3 s]
/proc/loadavg: 14.10 14.33 13.41 21/846 3553034
/proc/meminfo: memFree=385806024/528004520 swapFree=8388604/8388604
[pid=3552225] ppid=3552207 vsize=26908 memory=13452 CPUtime=0.08 cores=20-21
/proc/3552225/stat : 3552225 (perf) S 3552207 3552225 3551810 0 -1 0 1756 255 9 0 5 3 0 0 20 0 1 0 922998576 27553792 3363 17179869184 93824994299904 93824996572973 140737488338256 0 0 0 134217728 4 74274 1 0 0 17 20 0 0 0 0 0 93824998874888 93825001005840 93825001308160 140737488340073 140737488340470 140737488340470 140737488351179 0
/proc/3552225/statm: 6727 3363 2058 555 0 1769 0
[pid=3552256] ppid=3552225 vsize=62460 memory=51876 CPUtime=102.17 cores=20-21
/proc/3552256/stat : 3552256 (clingo) R 3552225 3552225 3551810 0 -1 0 11386 0 0 0 10216 1 0 0 20 0 1 0 922998585 63959040 12969 17179869184 93824992301056 93824992468925 140737488338416 0 0 0 134217728 4 25184771 0 0 0 17 20 0 0 0 0 0 93824992533936 93824992571272 93824992575488 140737488340183 140737488340354 140737488340354 140737488351170 0
/proc/3552256/statm: 15615 12969 2088 41 0 11694 0
Current children cumulated CPU time: 102.25 s
Current children cumulated vsize: 89368 KiB
Current children cumulated memory: 65328 KiB

[startup+162.3 s]
/proc/loadavg: 14.11 14.29 13.46 21/846 3553037
/proc/meminfo: memFree=385684088/528004520 swapFree=8388604/8388604
[pid=3552225] ppid=3552207 vsize=26908 memory=13452 CPUtime=0.08 cores=20-21
/proc/3552225/stat : 3552225 (perf) S 3552207 3552225 3551810 0 -1 0 1756 255 9 0 5 3 0 0 20 0 1 0 922998576 27553792 3363 17179869184 93824994299904 93824996572973 140737488338256 0 0 0 134217728 4 74274 1 0 0 17 20 0 0 0 0 0 93824998874888 93825001005840 93825001308160 140737488340073 140737488340470 140737488340470 140737488351179 0
/proc/3552225/statm: 6727 3363 2058 555 0 1769 0
[pid=3552256] ppid=3552225 vsize=72540 memory=60588 CPUtime=162.16 cores=20-21
/proc/3552256/stat : 3552256 (clingo) R 3552225 3552225 3551810 0 -1 0 13529 0 0 0 16214 2 0 0 20 0 1 0 922998585 74280960 15147 17179869184 93824992301056 93824992468925 140737488338416 0 0 0 134217728 4 25184771 0 0 0 17 20 0 0 0 0 0 93824992533936 93824992571272 93824992575488 140737488340183 140737488340354 140737488340354 140737488351170 0
/proc/3552256/statm: 18135 15147 2088 41 0 14214 0
Current children cumulated CPU time: 162.24 s
Current children cumulated vsize: 99448 KiB
Current children cumulated memory: 74040 KiB

[startup+222.3 s]
/proc/loadavg: 14.04 14.23 13.50 21/846 3553040
/proc/meminfo: memFree=385582456/528004520 swapFree=8388604/8388604
[pid=3552225] ppid=3552207 vsize=26908 memory=13452 CPUtime=0.08 cores=20-21
/proc/3552225/stat : 3552225 (perf) S 3552207 3552225 3551810 0 -1 0 1756 255 9 0 5 3 0 0 20 0 1 0 922998576 27553792 3363 17179869184 93824994299904 93824996572973 140737488338256 0 0 0 134217728 4 74274 1 0 0 17 20 0 0 0 0 0 93824998874888 93825001005840 93825001308160 140737488340073 140737488340470 140737488340470 140737488351179 0
/proc/3552225/statm: 6727 3363 2058 555 0 1769 0
[pid=3552256] ppid=3552225 vsize=79684 memory=67188 CPUtime=222.17 cores=20-21
/proc/3552256/stat : 3552256 (clingo) R 3552225 3552225 3551810 0 -1 0 15196 0 0 0 22214 3 0 0 20 0 1 0 922998585 81596416 16797 17179869184 93824992301056 93824992468925 140737488338416 0 0 0 134217728 4 25184771 0 0 0 17 20 0 0 0 0 0 93824992533936 93824992571272 93824992575488 140737488340183 140737488340354 140737488340354 140737488351170 0
/proc/3552256/statm: 19921 16797 2088 41 0 16000 0
Current children cumulated CPU time: 222.25 s
Current children cumulated vsize: 106592 KiB
Current children cumulated memory: 80640 KiB

[startup+282.3 s]
/proc/loadavg: 14.09 14.20 13.54 21/846 3553043
/proc/meminfo: memFree=385493280/528004520 swapFree=8388604/8388604
[pid=3552225] ppid=3552207 vsize=26908 memory=13452 CPUtime=0.08 cores=20-21
/proc/3552225/stat : 3552225 (perf) S 3552207 3552225 3551810 0 -1 0 1756 255 9 0 5 3 0 0 20 0 1 0 922998576 27553792 3363 17179869184 93824994299904 93824996572973 140737488338256 0 0 0 134217728 4 74274 1 0 0 17 20 0 0 0 0 0 93824998874888 93825001005840 93825001308160 140737488340073 140737488340470 140737488340470 140737488351179 0
/proc/3552225/statm: 6727 3363 2058 555 0 1769 0
[pid=3552256] ppid=3552225 vsize=83792 memory=71676 CPUtime=282.16 cores=20-21
/proc/3552256/stat : 3552256 (clingo) R 3552225 3552225 3551810 0 -1 0 16293 0 0 0 28213 3 0 0 20 0 1 0 922998585 85803008 17919 17179869184 93824992301056 93824992468925 140737488338416 0 0 0 134217728 4 25184771 0 0 0 17 20 0 0 0 0 0 93824992533936 93824992571272 93824992575488 140737488340183 140737488340354 140737488340354 140737488351170 0
/proc/3552256/statm: 20948 17919 2088 41 0 17027 0
Current children cumulated CPU time: 282.24 s
Current children cumulated vsize: 110700 KiB
Current children cumulated memory: 85128 KiB

[startup+342.3 s]
/proc/loadavg: 14.03 14.16 13.57 21/820 3553048
/proc/meminfo: memFree=385423296/528004520 swapFree=8388604/8388604
[pid=3552225] ppid=3552207 vsize=26908 memory=13452 CPUtime=0.08 cores=20-21
/proc/3552225/stat : 3552225 (perf) S 3552207 3552225 3551810 0 -1 0 1756 255 9 0 5 3 0 0 20 0 1 0 922998576 27553792 3363 17179869184 93824994299904 93824996572973 140737488338256 0 0 0 134217728 4 74274 1 0 0 17 20 0 0 0 0 0 93824998874888 93825001005840 93825001308160 140737488340073 140737488340470 140737488340470 140737488351179 0
/proc/3552225/statm: 6727 3363 2058 555 0 1769 0
[pid=3552256] ppid=3552225 vsize=90368 memory=77484 CPUtime=342.16 cores=20-21
/proc/3552256/stat : 3552256 (clingo) R 3552225 3552225 3551810 0 -1 0 17797 0 0 0 34213 3 0 0 20 0 1 0 922998585 92536832 19371 17179869184 93824992301056 93824992468925 140737488338416 0 0 0 134217728 4 25184771 0 0 0 17 20 0 0 0 0 0 93824992533936 93824992571272 93824992575488 140737488340183 140737488340354 140737488340354 140737488351170 0
/proc/3552256/statm: 22592 19371 2088 41 0 18671 0
Current children cumulated CPU time: 342.24 s
Current children cumulated vsize: 117276 KiB
Current children cumulated memory: 90936 KiB

[startup+402.3 s]
/proc/loadavg: 14.16 14.17 13.61 21/818 3553052
/proc/meminfo: memFree=385351024/528004520 swapFree=8388604/8388604
[pid=3552225] ppid=3552207 vsize=26908 memory=13452 CPUtime=0.08 cores=20-21
/proc/3552225/stat : 3552225 (perf) S 3552207 3552225 3551810 0 -1 0 1756 255 9 0 5 3 0 0 20 0 1 0 922998576 27553792 3363 17179869184 93824994299904 93824996572973 140737488338256 0 0 0 134217728 4 74274 1 0 0 17 20 0 0 0 0 0 93824998874888 93825001005840 93825001308160 140737488340073 140737488340470 140737488340470 140737488351179 0
/proc/3552225/statm: 6727 3363 2058 555 0 1769 0
[pid=3552256] ppid=3552225 vsize=97196 memory=83292 CPUtime=402.15 cores=20-21
/proc/3552256/stat : 3552256 (clingo) R 3552225 3552225 3551810 0 -1 0 19230 0 0 0 40212 3 0 0 20 0 1 0 922998585 99528704 20823 17179869184 93824992301056 93824992468925 140737488338416 0 0 0 134217728 4 25184771 0 0 0 17 20 0 0 0 0 0 93824992533936 93824992571272 93824992575488 140737488340183 140737488340354 140737488340354 140737488351170 0
/proc/3552256/statm: 24299 20823 2088 41 0 20378 0
Current children cumulated CPU time: 402.23 s
Current children cumulated vsize: 124104 KiB
Current children cumulated memory: 96744 KiB

[startup+462.3 s]
/proc/loadavg: 14.20 14.19 13.65 21/818 3553055
/proc/meminfo: memFree=385292584/528004520 swapFree=8388604/8388604
[pid=3552225] ppid=3552207 vsize=26908 memory=13452 CPUtime=0.08 cores=20-21
/proc/3552225/stat : 3552225 (perf) S 3552207 3552225 3551810 0 -1 0 1756 255 9 0 5 3 0 0 20 0 1 0 922998576 27553792 3363 17179869184 93824994299904 93824996572973 140737488338256 0 0 0 134217728 4 74274 1 0 0 17 20 0 0 0 0 0 93824998874888 93825001005840 93825001308160 140737488340073 140737488340470 140737488340470 140737488351179 0
/proc/3552225/statm: 6727 3363 2058 555 0 1769 0
[pid=3552256] ppid=3552225 vsize=102128 memory=87780 CPUtime=462.16 cores=20-21
/proc/3552256/stat : 3552256 (clingo) R 3552225 3552225 3551810 0 -1 0 20317 0 0 0 46212 4 0 0 20 0 1 0 922998585 104579072 21945 17179869184 93824992301056 93824992468925 140737488338416 0 0 0 134217728 4 25184771 0 0 0 17 20 0 0 0 0 0 93824992533936 93824992571272 93824992575488 140737488340183 140737488340354 140737488340354 140737488351170 0
/proc/3552256/statm: 25532 21945 2088 41 0 21611 0
Current children cumulated CPU time: 462.24 s
Current children cumulated vsize: 129036 KiB
Current children cumulated memory: 101232 KiB

[startup+522.3 s]
/proc/loadavg: 14.63 14.31 13.73 21/818 3553059
/proc/meminfo: memFree=385250800/528004520 swapFree=8388604/8388604
[pid=3552225] ppid=3552207 vsize=26908 memory=13452 CPUtime=0.08 cores=20-21
/proc/3552225/stat : 3552225 (perf) S 3552207 3552225 3551810 0 -1 0 1756 255 9 0 5 3 0 0 20 0 1 0 922998576 27553792 3363 17179869184 93824994299904 93824996572973 140737488338256 0 0 0 134217728 4 74274 1 0 0 17 20 0 0 0 0 0 93824998874888 93825001005840 93825001308160 140737488340073 140737488340470 140737488340470 140737488351179 0
/proc/3552225/statm: 6727 3363 2058 555 0 1769 0
[pid=3552256] ppid=3552225 vsize=106868 memory=91740 CPUtime=522.16 cores=20-21
/proc/3552256/stat : 3552256 (clingo) R 3552225 3552225 3551810 0 -1 0 21318 0 0 0 52211 5 0 0 20 0 1 0 922998585 109432832 22935 17179869184 93824992301056 93824992468925 140737488338416 0 0 0 134217728 4 25184771 0 0 0 17 20 0 0 0 0 0 93824992533936 93824992571272 93824992575488 140737488340183 140737488340354 140737488340354 140737488351170 0
/proc/3552256/statm: 26717 22935 2088 41 0 22796 0
Current children cumulated CPU time: 522.24 s
Current children cumulated vsize: 133776 KiB
Current children cumulated memory: 105192 KiB

[startup+582.3 s]
/proc/loadavg: 14.35 14.28 13.76 21/818 3553063
/proc/meminfo: memFree=385197428/528004520 swapFree=8388604/8388604
[pid=3552225] ppid=3552207 vsize=26908 memory=13452 CPUtime=0.08 cores=20-21
/proc/3552225/stat : 3552225 (perf) S 3552207 3552225 3551810 0 -1 0 1756 255 9 0 5 3 0 0 20 0 1 0 922998576 27553792 3363 17179869184 93824994299904 93824996572973 140737488338256 0 0 0 134217728 4 74274 1 0 0 17 20 0 0 0 0 0 93824998874888 93825001005840 93825001308160 140737488340073 140737488340470 140737488340470 140737488351179 0
/proc/3552225/statm: 6727 3363 2058 555 0 1769 0
[pid=3552256] ppid=3552225 vsize=108956 memory=93588 CPUtime=582.16 cores=20-21
/proc/3552256/stat : 3552256 (clingo) R 3552225 3552225 3551810 0 -1 0 21812 0 0 0 58211 5 0 0 20 0 1 0 922998585 111570944 23397 17179869184 93824992301056 93824992468925 140737488338416 0 0 0 134217728 4 25184771 0 0 0 17 20 0 0 0 0 0 93824992533936 93824992571272 93824992575488 140737488340183 140737488340354 140737488340354 140737488351170 0
/proc/3552256/statm: 27239 23397 2088 41 0 23318 0
Current children cumulated CPU time: 582.24 s
Current children cumulated vsize: 135864 KiB
Current children cumulated memory: 107040 KiB

[startup+642.3 s]
/proc/loadavg: 14.12 14.23 13.78 21/818 3553066
/proc/meminfo: memFree=385145768/528004520 swapFree=8388604/8388604
[pid=3552225] ppid=3552207 vsize=26908 memory=13452 CPUtime=0.08 cores=20-21
/proc/3552225/stat : 3552225 (perf) S 3552207 3552225 3551810 0 -1 0 1756 255 9 0 5 3 0 0 20 0 1 0 922998576 27553792 3363 17179869184 93824994299904 93824996572973 140737488338256 0 0 0 134217728 4 74274 1 0 0 17 20 0 0 0 0 0 93824998874888 93825001005840 93825001308160 140737488340073 140737488340470 140737488340470 140737488351179 0
/proc/3552225/statm: 6727 3363 2058 555 0 1769 0
[pid=3552256] ppid=3552225 vsize=112884 memory=97284 CPUtime=642.15 cores=20-21
/proc/3552256/stat : 3552256 (clingo) R 3552225 3552225 3551810 0 -1 0 22715 0 0 0 64210 5 0 0 20 0 1 0 922998585 115593216 24321 17179869184 93824992301056 93824992468925 140737488338416 0 0 0 134217728 4 25184771 0 0 0 17 20 0 0 0 0 0 93824992533936 93824992571272 93824992575488 140737488340183 140737488340354 140737488340354 140737488351170 0
/proc/3552256/statm: 28221 24321 2088 41 0 24300 0
Current children cumulated CPU time: 642.23 s
Current children cumulated vsize: 139792 KiB
Current children cumulated memory: 110736 KiB

[startup+702.3 s]
/proc/loadavg: 14.08 14.20 13.80 21/816 3553069
/proc/meminfo: memFree=385099016/528004520 swapFree=8388604/8388604
[pid=3552225] ppid=3552207 vsize=26908 memory=13452 CPUtime=0.08 cores=20-21
/proc/3552225/stat : 3552225 (perf) S 3552207 3552225 3551810 0 -1 0 1756 255 9 0 5 3 0 0 20 0 1 0 922998576 27553792 3363 17179869184 93824994299904 93824996572973 140737488338256 0 0 0 134217728 4 74274 1 0 0 17 20 0 0 0 0 0 93824998874888 93825001005840 93825001308160 140737488340073 140737488340470 140737488340470 140737488351179 0
/proc/3552225/statm: 6727 3363 2058 555 0 1769 0
[pid=3552256] ppid=3552225 vsize=116112 memory=100452 CPUtime=702.14 cores=20-21
/proc/3552256/stat : 3552256 (clingo) R 3552225 3552225 3551810 0 -1 0 23503 0 0 0 70209 5 0 0 20 0 1 0 922998585 118898688 25113 17179869184 93824992301056 93824992468925 140737488338416 0 0 0 134217728 4 25184771 0 0 0 17 20 0 0 0 0 0 93824992533936 93824992571272 93824992575488 140737488340183 140737488340354 140737488340354 140737488351170 0
/proc/3552256/statm: 29028 25113 2088 41 0 25107 0
Current children cumulated CPU time: 702.22 s
Current children cumulated vsize: 143020 KiB
Current children cumulated memory: 113904 KiB

[startup+762.3 s]
/proc/loadavg: 14.03 14.16 13.82 21/817 3553072
/proc/meminfo: memFree=385055960/528004520 swapFree=8388604/8388604
[pid=3552225] ppid=3552207 vsize=26908 memory=13452 CPUtime=0.08 cores=20-21
/proc/3552225/stat : 3552225 (perf) S 3552207 3552225 3551810 0 -1 0 1756 255 9 0 5 3 0 0 20 0 1 0 922998576 27553792 3363 17179869184 93824994299904 93824996572973 140737488338256 0 0 0 134217728 4 74274 1 0 0 17 20 0 0 0 0 0 93824998874888 93825001005840 93825001308160 140737488340073 140737488340470 140737488340470 140737488351179 0
/proc/3552225/statm: 6727 3363 2058 555 0 1769 0
[pid=3552256] ppid=3552225 vsize=117160 memory=101772 CPUtime=762.14 cores=20-21
/proc/3552256/stat : 3552256 (clingo) R 3552225 3552225 3551810 0 -1 0 23854 0 0 0 76209 5 0 0 20 0 1 0 922998585 119971840 25443 17179869184 93824992301056 93824992468925 140737488338416 0 0 0 134217728 4 25184771 0 0 0 17 20 0 0 0 0 0 93824992533936 93824992571272 93824992575488 140737488340183 140737488340354 140737488340354 140737488351170 0
/proc/3552256/statm: 29290 25443 2088 41 0 25369 0
Current children cumulated CPU time: 762.22 s
Current children cumulated vsize: 144068 KiB
Current children cumulated memory: 115224 KiB

[startup+822.3 s]
/proc/loadavg: 14.25 14.20 13.86 21/817 3553075
/proc/meminfo: memFree=385017172/528004520 swapFree=8388604/8388604
[pid=3552225] ppid=3552207 vsize=26908 memory=13452 CPUtime=0.08 cores=20-21
/proc/3552225/stat : 3552225 (perf) S 3552207 3552225 3551810 0 -1 0 1756 255 9 0 5 3 0 0 20 0 1 0 922998576 27553792 3363 17179869184 93824994299904 93824996572973 140737488338256 0 0 0 134217728 4 74274 1 0 0 17 20 0 0 0 0 0 93824998874888 93825001005840 93825001308160 140737488340073 140737488340470 140737488340470 140737488351179 0
/proc/3552225/statm: 6727 3363 2058 555 0 1769 0
[pid=3552256] ppid=3552225 vsize=120016 memory=104676 CPUtime=822.14 cores=20-21
/proc/3552256/stat : 3552256 (clingo) R 3552225 3552225 3551810 0 -1 0 24593 0 0 0 82209 5 0 0 20 0 1 0 922998585 122896384 26169 17179869184 93824992301056 93824992468925 140737488338416 0 0 0 134217728 4 25184771 0 0 0 17 20 0 0 0 0 0 93824992533936 93824992571272 93824992575488 140737488340183 140737488340354 140737488340354 140737488351170 0
/proc/3552256/statm: 30004 26169 2088 41 0 26083 0
Current children cumulated CPU time: 822.22 s
Current children cumulated vsize: 146924 KiB
Current children cumulated memory: 118128 KiB

[startup+882.3 s]
/proc/loadavg: 14.13 14.18 13.87 21/817 3553078
/proc/meminfo: memFree=384972836/528004520 swapFree=8388604/8388604
[pid=3552225] ppid=3552207 vsize=26908 memory=13452 CPUtime=0.08 cores=20-21
/proc/3552225/stat : 3552225 (perf) S 3552207 3552225 3551810 0 -1 0 1756 255 9 0 5 3 0 0 20 0 1 0 922998576 27553792 3363 17179869184 93824994299904 93824996572973 140737488338256 0 0 0 134217728 4 74274 1 0 0 17 20 0 0 0 0 0 93824998874888 93825001005840 93825001308160 140737488340073 140737488340470 140737488340470 140737488351179 0
/proc/3552225/statm: 6727 3363 2058 555 0 1769 0
[pid=3552256] ppid=3552225 vsize=121260 memory=106260 CPUtime=882.14 cores=20-21
/proc/3552256/stat : 3552256 (clingo) R 3552225 3552225 3551810 0 -1 0 24938 0 0 0 88208 6 0 0 20 0 1 0 922998585 124170240 26565 17179869184 93824992301056 93824992468925 140737488338416 0 0 0 134217728 4 25184771 0 0 0 17 20 0 0 0 0 0 93824992533936 93824992571272 93824992575488 140737488340183 140737488340354 140737488340354 140737488351170 0
/proc/3552256/statm: 30315 26565 2088 41 0 26394 0
Current children cumulated CPU time: 882.22 s
Current children cumulated vsize: 148168 KiB
Current children cumulated memory: 119712 KiB

[startup+942.3 s]
/proc/loadavg: 14.04 14.14 13.89 21/817 3553082
/proc/meminfo: memFree=384943660/528004520 swapFree=8388604/8388604
[pid=3552225] ppid=3552207 vsize=26908 memory=13452 CPUtime=0.08 cores=20-21
/proc/3552225/stat : 3552225 (perf) S 3552207 3552225 3551810 0 -1 0 1756 255 9 0 5 3 0 0 20 0 1 0 922998576 27553792 3363 17179869184 93824994299904 93824996572973 140737488338256 0 0 0 134217728 4 74274 1 0 0 17 20 0 0 0 0 0 93824998874888 93825001005840 93825001308160 140737488340073 140737488340470 140737488340470 140737488351179 0
/proc/3552225/statm: 6727 3363 2058 555 0 1769 0
[pid=3552256] ppid=3552225 vsize=121260 memory=106524 CPUtime=942.14 cores=20-21
/proc/3552256/stat : 3552256 (clingo) R 3552225 3552225 3551810 0 -1 0 25019 0 0 0 94208 6 0 0 20 0 1 0 922998585 124170240 26631 17179869184 93824992301056 93824992468925 140737488338416 0 0 0 134217728 4 25184771 0 0 0 17 20 0 0 0 0 0 93824992533936 93824992571272 93824992575488 140737488340183 140737488340354 140737488340354 140737488351170 0
/proc/3552256/statm: 30315 26631 2088 41 0 26394 0
Current children cumulated CPU time: 942.22 s
Current children cumulated vsize: 148168 KiB
Current children cumulated memory: 119976 KiB

[startup+1002.3 s]
/proc/loadavg: 14.01 14.12 13.90 21/817 3553085
/proc/meminfo: memFree=384894796/528004520 swapFree=8388604/8388604
[pid=3552225] ppid=3552207 vsize=26908 memory=13452 CPUtime=0.08 cores=20-21
/proc/3552225/stat : 3552225 (perf) S 3552207 3552225 3551810 0 -1 0 1756 255 9 0 5 3 0 0 20 0 1 0 922998576 27553792 3363 17179869184 93824994299904 93824996572973 140737488338256 0 0 0 134217728 4 74274 1 0 0 17 20 0 0 0 0 0 93824998874888 93825001005840 93825001308160 140737488340073 140737488340470 140737488340470 140737488351179 0
/proc/3552225/statm: 6727 3363 2058 555 0 1769 0
[pid=3552256] ppid=3552225 vsize=123748 memory=108636 CPUtime=1002.14 cores=20-21
/proc/3552256/stat : 3552256 (clingo) R 3552225 3552225 3551810 0 -1 0 25591 0 0 0 100208 6 0 0 20 0 1 0 922998585 126717952 27159 17179869184 93824992301056 93824992468925 140737488338416 0 0 0 134217728 4 25184771 0 0 0 17 20 0 0 0 0 0 93824992533936 93824992571272 93824992575488 140737488340183 140737488340354 140737488340354 140737488351170 0
/proc/3552256/statm: 30937 27159 2088 41 0 27016 0
Current children cumulated CPU time: 1002.22 s
Current children cumulated vsize: 150656 KiB
Current children cumulated memory: 122088 KiB

[startup+1062.3 s]
/proc/loadavg: 14.22 14.17 13.93 21/817 3553087
/proc/meminfo: memFree=384860276/528004520 swapFree=8388604/8388604
[pid=3552225] ppid=3552207 vsize=26908 memory=13452 CPUtime=0.08 cores=20-21
/proc/3552225/stat : 3552225 (perf) S 3552207 3552225 3551810 0 -1 0 1756 255 9 0 5 3 0 0 20 0 1 0 922998576 27553792 3363 17179869184 93824994299904 93824996572973 140737488338256 0 0 0 134217728 4 74274 1 0 0 17 20 0 0 0 0 0 93824998874888 93825001005840 93825001308160 140737488340073 140737488340470 140737488340470 140737488351179 0
/proc/3552225/statm: 6727 3363 2058 555 0 1769 0
[pid=3552256] ppid=3552225 vsize=128584 memory=113436 CPUtime=1062.13 cores=20-21
/proc/3552256/stat : 3552256 (clingo) R 3552225 3552225 3551810 0 -1 0 26883 0 0 0 106207 6 0 0 20 0 1 0 922998585 131670016 28359 17179869184 93824992301056 93824992468925 140737488338416 0 0 0 134217728 4 25184771 0 0 0 17 20 0 0 0 0 0 93824992533936 93824992571272 93824992575488 140737488340183 140737488340354 140737488340354 140737488351170 0
/proc/3552256/statm: 32146 28359 2088 41 0 28225 0
Current children cumulated CPU time: 1062.21 s
Current children cumulated vsize: 155492 KiB
Current children cumulated memory: 126888 KiB

[startup+1122.3 s]
/proc/loadavg: 16.26 14.78 14.16 21/816 3553090
/proc/meminfo: memFree=384833604/528004520 swapFree=8388604/8388604
[pid=3552225] ppid=3552207 vsize=26908 memory=13452 CPUtime=0.08 cores=20-21
/proc/3552225/stat : 3552225 (perf) S 3552207 3552225 3551810 0 -1 0 1756 255 9 0 5 3 0 0 20 0 1 0 922998576 27553792 3363 17179869184 93824994299904 93824996572973 140737488338256 0 0 0 134217728 4 74274 1 0 0 17 20 0 0 0 0 0 93824998874888 93825001005840 93825001308160 140737488340073 140737488340470 140737488340470 140737488351179 0
/proc/3552225/statm: 6727 3363 2058 555 0 1769 0
[pid=3552256] ppid=3552225 vsize=134644 memory=118844 CPUtime=1122.14 cores=20-21
/proc/3552256/stat : 3552256 (clingo) R 3552225 3552225 3551810 0 -1 0 28674 0 0 0 112207 7 0 0 20 0 1 0 922998585 137875456 29711 17179869184 93824992301056 93824992468925 140737488338416 0 0 0 134217728 4 25184771 0 0 0 17 20 0 0 0 0 0 93824992533936 93824992571272 93824992575488 140737488340183 140737488340354 140737488340354 140737488351170 0
/proc/3552256/statm: 33661 29711 2088 41 0 29740 0
Current children cumulated CPU time: 1122.22 s
Current children cumulated vsize: 161552 KiB
Current children cumulated memory: 132296 KiB

[startup+1182.3 s]
/proc/loadavg: 14.91 14.66 14.16 21/817 3553095
/proc/meminfo: memFree=384802644/528004520 swapFree=8388604/8388604
[pid=3552225] ppid=3552207 vsize=26908 memory=13452 CPUtime=0.08 cores=20-21
/proc/3552225/stat : 3552225 (perf) S 3552207 3552225 3551810 0 -1 0 1756 255 9 0 5 3 0 0 20 0 1 0 922998576 27553792 3363 17179869184 93824994299904 93824996572973 140737488338256 0 0 0 134217728 4 74274 1 0 0 17 20 0 0 0 0 0 93824998874888 93825001005840 93825001308160 140737488340073 140737488340470 140737488340470 140737488351179 0
/proc/3552225/statm: 6727 3363 2058 555 0 1769 0
[pid=3552256] ppid=3552225 vsize=137340 memory=121220 CPUtime=1182.14 cores=20-21
/proc/3552256/stat : 3552256 (clingo) R 3552225 3552225 3551810 0 -1 0 29293 0 0 0 118207 7 0 0 20 0 1 0 922998585 140636160 30305 17179869184 93824992301056 93824992468925 140737488338416 0 0 0 134217728 4 25184771 0 0 0 17 20 0 0 0 0 0 93824992533936 93824992571272 93824992575488 140737488340183 140737488340354 140737488340354 140737488351170 0
/proc/3552256/statm: 34335 30305 2088 41 0 30414 0
Current children cumulated CPU time: 1182.22 s
Current children cumulated vsize: 164248 KiB
Current children cumulated memory: 134672 KiB



Maximum wall clock time exceeded: sending SIGTERM then SIGKILL

[startup+1205 s]*
/proc/loadavg: 14.65 14.62 14.15 21/817 3553096
/proc/meminfo: memFree=384791336/528004520 swapFree=8388604/8388604
[pid=3552225] ppid=3552207 vsize=26908 memory=13452 CPUtime=0.08 cores=20-21
/proc/3552225/stat : 3552225 (perf) S 3552207 3552225 3551810 0 -1 0 1756 255 9 0 5 3 0 0 20 0 1 0 922998576 27553792 3363 17179869184 93824994299904 93824996572973 140737488338256 0 0 0 134217728 4 74274 1 0 0 17 20 0 0 0 0 0 93824998874888 93825001005840 93825001308160 140737488340073 140737488340470 140737488340470 140737488351179 0
/proc/3552225/statm: 6727 3363 2058 555 0 1769 0
[pid=3552256] ppid=3552225 vsize=137916 memory=122012 CPUtime=1204.85 cores=20-21
/proc/3552256/stat : 3552256 (clingo) R 3552225 3552225 3551810 0 -1 0 29454 0 0 0 120478 7 0 0 20 0 1 0 922998585 141225984 30503 17179869184 93824992301056 93824992468925 140737488338416 0 0 0 134217728 4 25184771 0 0 0 17 20 0 0 0 0 0 93824992533936 93824992571272 93824992575488 140737488340183 140737488340354 140737488340354 140737488351170 0
/proc/3552256/statm: 34479 30503 2088 41 0 30558 0
Current children cumulated CPU time: 1204.93 s
Current children cumulated vsize: 164824 KiB
Current children cumulated memory: 135464 KiB

Sending SIGINT to process tree (bottom up)
Sleeping 5 seconds

[startup+1205.03 s]
# the end of solver process 3552225 was just reported to runsolver
# cumulated CPU time of all completed processes:  user=1204.85 s, system=0.112455 s

Solver just ended.
??? end of watcher thread
Dumping a history of the last processes samples

Child status: 1
Real time (s): 1205.03
CPU time (s): 1204.96
CPU user time (s): 1204.85
CPU system time (s): 0.112455
CPU usage (%): 99.9945
Max. virtual memory (cumulated for all children) (KiB): 164824
Max. memory (cumulated for all children) (KiB): 135464

getrusage(RUSAGE_CHILDREN,...) data:
user time used= 1204.85
system time used= 0.112455
maximum resident set size= 122140
integral shared memory size= 0
integral unshared data size= 0
integral unshared stack size= 0
page reclaims= 31505
page faults= 9
swaps= 0
block input operations= 0
block output operations= 0
messages sent= 0
messages received= 0
signals received= 0
voluntary context switches= 21
involuntary context switches= 2810


# summary of solver processes directly reported to runsolver:
#   pid: 3552225
#   total CPU time (s): 1204.96
#   total CPU user time (s): 1204.85
#   total CPU system time (s): 0.112455

??? end of timestamper thread
runsolver used 8.46289 second user time and 15.471 second system time

The end
