# WCTIME: wall clock time in seconds
WCTIME=1205.03
# CPUTIME: CPU time in seconds (USERTIME+SYSTEMTIME)
CPUTIME=1204.96
# USERTIME: CPU time spent in user mode in seconds
USERTIME=1204.85
# SYSTEMTIME: CPU time spent in system mode in seconds
SYSTEMTIME=0.112455
# CPUUSAGE: CPUTIME/WCTIME in percent
CPUUSAGE=99.9945
# MAXVM: maximum virtual memory used in KiB
MAXVM=164824
# TIMEOUT: did the solver exceed the time limit?
TIMEOUT=true
# MEMOUT: did the solver exceed the memory limit?
MEMOUT=false
# RETCODE: return code of the program.
RETCODE=1
# SIGNAL: signal the solver recieved.
SIGNAL=0
