runsolver version 3.4.0 (svn: 3018) Copyright (C) 2010-2013 Olivier ROUSSEL

This program is distributed in the hope that it will be useful,
but WITHOUT ANY WARRANTY; without even the implied warranty of
MERCHANTABILITY or FITNESS FOR A PARTICULAR PURPOSE.  See the
GNU General Public License for more details.

NUMA information:
  number of nodes: 2
  memory of node 0: 257635 MiB (187593 MiB free)
  memory of node 1: 257994 MiB (191036 MiB free)
  node distances:
     10  20
     20  10

command line: /dev/shm/3765fe1c-2e81-11f1-ac62-000c298f4621/input/runsolver -w /dev/shm/3765fe1c-2e81-11f1-ac62-000c298f4621/output/runsolver.log -v /dev/shm/3765fe1c-2e81-11f1-ac62-000c298f4621/output/varfile.log -W 1205 --rss-swap-limit 16384 -d 5 --sigint /usr/bin/perf stat -B -e task-clock,cache-references,cache-misses,cycles,instructions,branches,faults,migrations,context-switches -o /dev/shm/3765fe1c-2e81-11f1-ac62-000c298f4621/output/perf.log clingo /home/guests/mmacri/AMOSUM/benchmarks/GraphColouring/encoding-plain-amo.asp /dev/shm/3765fe1c-2e81-11f1-ac62-000c298f4621/input/0031-graph_colouring-140-0_5376.asp 

running on 2 cores: 14-15

Enforcing wall clock limit (soft limit, will send SIGTERM then SIGKILL): 1205 seconds
Enforcing RSS+Swap limit (soft limit, will send SIGTERM then SIGKILL): 16777216 KiB
Linux 5.15.0-131-generic
Current StackSize limit: 8192 KiB

solver pid=1842562, runsolver pid=1842560

[startup+0.100069 s]*
/proc/loadavg: 14.06 14.18 13.22 17/823 1842571
/proc/meminfo: memFree=387710812/528004524 swapFree=8388604/8388604
[pid=1842562] ppid=1842560 vsize=26908 memory=13616 CPUtime=0.07 cores=14-15
/proc/1842562/stat : 1842562 (perf) S 1842560 1842562 1842478 0 -1 0 1738 237 0 0 5 2 0 0 20 0 1 0 922972328 27553792 3404 17179869184 93824994299904 93824996572973 140737488338256 0 0 0 134217728 4 74274 1 0 0 17 14 0 0 0 0 0 93824998874888 93825001005840 93825001308160 140737488340073 140737488340470 140737488340470 140737488351179 0
/proc/1842562/statm: 6727 3404 2099 555 0 1769 0
[pid=1842570] ppid=1842562 vsize=20168 memory=11800 CPUtime=0.03 cores=14-15
/proc/1842570/stat : 1842570 (clingo) R 1842562 1842562 1842478 0 -1 0 1246 0 0 0 3 0 0 0 20 0 1 0 922972335 20652032 2950 17179869184 93824992301056 93824992468925 140737488338416 0 0 0 134217728 4 25184771 0 0 0 17 15 0 0 0 0 0 93824992533936 93824992571272 93824992575488 140737488340183 140737488340354 140737488340354 140737488351170 0
/proc/1842570/statm: 5042 2950 2058 41 0 1121 0
Current children cumulated CPU time: 0.1 s
Current children cumulated vsize: 47076 KiB
Current children cumulated memory: 25416 KiB

[startup+0.235308 s]*
/proc/loadavg: 14.06 14.18 13.22 13/746 1842638
/proc/meminfo: memFree=387710156/528004524 swapFree=8388604/8388604
[pid=1842562] ppid=1842560 vsize=26908 memory=13616 CPUtime=0.07 cores=14-15
/proc/1842562/stat : 1842562 (perf) S 1842560 1842562 1842478 0 -1 0 1738 237 0 0 5 2 0 0 20 0 1 0 922972328 27553792 3404 17179869184 93824994299904 93824996572973 140737488338256 0 0 0 134217728 4 74274 1 0 0 17 14 0 0 0 0 0 93824998874888 93825001005840 93825001308160 140737488340073 140737488340470 140737488340470 140737488351179 0
/proc/1842562/statm: 6727 3404 2099 555 0 1769 0
[pid=1842570] ppid=1842562 vsize=24988 memory=16928 CPUtime=0.14 cores=14-15
/proc/1842570/stat : 1842570 (clingo) R 1842562 1842562 1842478 0 -1 0 2466 0 0 0 13 1 0 0 20 0 1 0 922972335 25587712 4232 17179869184 93824992301056 93824992468925 140737488338416 0 0 0 134217728 4 25184771 0 0 0 17 15 0 0 0 0 0 93824992533936 93824992571272 93824992575488 140737488340183 140737488340354 140737488340354 140737488351170 0
/proc/1842570/statm: 6247 4232 2088 41 0 2326 0
Current children cumulated CPU time: 0.21 s
Current children cumulated vsize: 51896 KiB
Current children cumulated memory: 30544 KiB

[startup+0.327148 s]*
/proc/loadavg: 14.06 14.18 13.22 15/787 1842706
/proc/meminfo: memFree=387817424/528004524 swapFree=8388604/8388604
[pid=1842562] ppid=1842560 vsize=26908 memory=13616 CPUtime=0.07 cores=14-15
/proc/1842562/stat : 1842562 (perf) S 1842560 1842562 1842478 0 -1 0 1738 237 0 0 5 2 0 0 20 0 1 0 922972328 27553792 3404 17179869184 93824994299904 93824996572973 140737488338256 0 0 0 134217728 4 74274 1 0 0 17 14 0 0 0 0 0 93824998874888 93825001005840 93825001308160 140737488340073 140737488340470 140737488340470 140737488351179 0
/proc/1842562/statm: 6727 3404 2099 555 0 1769 0
[pid=1842570] ppid=1842562 vsize=26044 memory=17984 CPUtime=0.22 cores=14-15
/proc/1842570/stat : 1842570 (clingo) R 1842562 1842562 1842478 0 -1 0 2729 0 0 0 21 1 0 0 20 0 1 0 922972335 26669056 4496 17179869184 93824992301056 93824992468925 140737488338416 0 0 0 134217728 4 25184771 0 0 0 17 15 0 0 0 0 0 93824992533936 93824992571272 93824992575488 140737488340183 140737488340354 140737488340354 140737488351170 0
/proc/1842570/statm: 6511 4496 2088 41 0 2590 0
Current children cumulated CPU time: 0.29 s
Current children cumulated vsize: 52952 KiB
Current children cumulated memory: 31600 KiB

[startup+0.700318 s]
/proc/loadavg: 14.06 14.18 13.22 16/798 1842807
/proc/meminfo: memFree=387807408/528004524 swapFree=8388604/8388604
[pid=1842562] ppid=1842560 vsize=26908 memory=13616 CPUtime=0.07 cores=14-15
/proc/1842562/stat : 1842562 (perf) S 1842560 1842562 1842478 0 -1 0 1738 237 0 0 5 2 0 0 20 0 1 0 922972328 27553792 3404 17179869184 93824994299904 93824996572973 140737488338256 0 0 0 134217728 4 74274 1 0 0 17 14 0 0 0 0 0 93824998874888 93825001005840 93825001308160 140737488340073 140737488340470 140737488340470 140737488351179 0
/proc/1842562/statm: 6727 3404 2099 555 0 1769 0
[pid=1842570] ppid=1842562 vsize=27892 memory=19832 CPUtime=0.52 cores=14-15
/proc/1842570/stat : 1842570 (clingo) R 1842562 1842562 1842478 0 -1 0 3209 0 0 0 51 1 0 0 20 0 1 0 922972335 28561408 4958 17179869184 93824992301056 93824992468925 140737488338416 0 0 0 134217728 4 25184771 0 0 0 17 14 0 0 0 0 0 93824992533936 93824992571272 93824992575488 140737488340183 140737488340354 140737488340354 140737488351170 0
/proc/1842570/statm: 6973 4958 2088 41 0 3052 0
Current children cumulated CPU time: 0.59 s
Current children cumulated vsize: 54800 KiB
Current children cumulated memory: 33448 KiB

[startup+1.50035 s]
/proc/loadavg: 14.06 14.18 13.22 15/832 1843154
/proc/meminfo: memFree=387770580/528004524 swapFree=8388604/8388604
[pid=1842562] ppid=1842560 vsize=26908 memory=13616 CPUtime=0.07 cores=14-15
/proc/1842562/stat : 1842562 (perf) S 1842560 1842562 1842478 0 -1 0 1738 237 0 0 5 2 0 0 20 0 1 0 922972328 27553792 3404 17179869184 93824994299904 93824996572973 140737488338256 0 0 0 134217728 4 74274 1 0 0 17 14 0 0 0 0 0 93824998874888 93825001005840 93825001308160 140737488340073 140737488340470 140737488340470 140737488351179 0
/proc/1842562/statm: 6727 3404 2099 555 0 1769 0
[pid=1842570] ppid=1842562 vsize=30148 memory=21944 CPUtime=1.32 cores=14-15
/proc/1842570/stat : 1842570 (clingo) R 1842562 1842562 1842478 0 -1 0 3763 0 0 0 131 1 0 0 20 0 1 0 922972335 30871552 5486 17179869184 93824992301056 93824992468925 140737488338416 0 0 0 134217728 4 25184771 0 0 0 17 14 0 0 0 0 0 93824992533936 93824992571272 93824992575488 140737488340183 140737488340354 140737488340354 140737488351170 0
/proc/1842570/statm: 7537 5486 2088 41 0 3616 0
Current children cumulated CPU time: 1.39 s
Current children cumulated vsize: 57056 KiB
Current children cumulated memory: 35560 KiB

[startup+3.1193 s]
/proc/loadavg: 14.05 14.18 13.23 15/835 1843195
/proc/meminfo: memFree=387756908/528004524 swapFree=8388604/8388604
[pid=1842562] ppid=1842560 vsize=26908 memory=13616 CPUtime=0.07 cores=14-15
/proc/1842562/stat : 1842562 (perf) S 1842560 1842562 1842478 0 -1 0 1738 237 0 0 5 2 0 0 20 0 1 0 922972328 27553792 3404 17179869184 93824994299904 93824996572973 140737488338256 0 0 0 134217728 4 74274 1 0 0 17 14 0 0 0 0 0 93824998874888 93825001005840 93825001308160 140737488340073 140737488340470 140737488340470 140737488351179 0
/proc/1842562/statm: 6727 3404 2099 555 0 1769 0
[pid=1842570] ppid=1842562 vsize=33196 memory=25112 CPUtime=2.94 cores=14-15
/proc/1842570/stat : 1842570 (clingo) R 1842562 1842562 1842478 0 -1 0 4525 0 0 0 293 1 0 0 20 0 1 0 922972335 33992704 6278 17179869184 93824992301056 93824992468925 140737488338416 0 0 0 134217728 4 25184771 0 0 0 17 14 0 0 0 0 0 93824992533936 93824992571272 93824992575488 140737488340183 140737488340354 140737488340354 140737488351170 0
/proc/1842570/statm: 8299 6278 2088 41 0 4378 0
Current children cumulated CPU time: 3.01 s
Current children cumulated vsize: 60104 KiB
Current children cumulated memory: 38728 KiB

[startup+6.30029 s]
/proc/loadavg: 14.05 14.18 13.23 15/835 1843298
/proc/meminfo: memFree=387826996/528004524 swapFree=8388604/8388604
[pid=1842562] ppid=1842560 vsize=26908 memory=13616 CPUtime=0.07 cores=14-15
/proc/1842562/stat : 1842562 (perf) S 1842560 1842562 1842478 0 -1 0 1738 237 0 0 5 2 0 0 20 0 1 0 922972328 27553792 3404 17179869184 93824994299904 93824996572973 140737488338256 0 0 0 134217728 4 74274 1 0 0 17 14 0 0 0 0 0 93824998874888 93825001005840 93825001308160 140737488340073 140737488340470 140737488340470 140737488351179 0
/proc/1842562/statm: 6727 3404 2099 555 0 1769 0
[pid=1842570] ppid=1842562 vsize=36932 memory=28808 CPUtime=6.12 cores=14-15
/proc/1842570/stat : 1842570 (clingo) R 1842562 1842562 1842478 0 -1 0 5455 0 0 0 611 1 0 0 20 0 1 0 922972335 37818368 7202 17179869184 93824992301056 93824992468925 140737488338416 0 0 0 134217728 4 25184771 0 0 0 17 14 0 0 0 0 0 93824992533936 93824992571272 93824992575488 140737488340183 140737488340354 140737488340354 140737488351170 0
/proc/1842570/statm: 9233 7202 2088 41 0 5312 0
Current children cumulated CPU time: 6.19 s
Current children cumulated vsize: 63840 KiB
Current children cumulated memory: 42424 KiB

[startup+12.7003 s]
/proc/loadavg: 14.05 14.17 13.23 15/837 1843403
/proc/meminfo: memFree=387857332/528004524 swapFree=8388604/8388604
[pid=1842562] ppid=1842560 vsize=26908 memory=13616 CPUtime=0.07 cores=14-15
/proc/1842562/stat : 1842562 (perf) S 1842560 1842562 1842478 0 -1 0 1738 237 0 0 5 2 0 0 20 0 1 0 922972328 27553792 3404 17179869184 93824994299904 93824996572973 140737488338256 0 0 0 134217728 4 74274 1 0 0 17 14 0 0 0 0 0 93824998874888 93825001005840 93825001308160 140737488340073 140737488340470 140737488340470 140737488351179 0
/proc/1842562/statm: 6727 3404 2099 555 0 1769 0
[pid=1842570] ppid=1842562 vsize=40852 memory=32504 CPUtime=12.52 cores=14-15
/proc/1842570/stat : 1842570 (clingo) R 1842562 1842562 1842478 0 -1 0 6402 0 0 0 1251 1 0 0 20 0 1 0 922972335 41832448 8126 17179869184 93824992301056 93824992468925 140737488338416 0 0 0 134217728 4 25184771 0 0 0 17 14 0 0 0 0 0 93824992533936 93824992571272 93824992575488 140737488340183 140737488340354 140737488340354 140737488351170 0
/proc/1842570/statm: 10213 8126 2088 41 0 6292 0
Current children cumulated CPU time: 12.59 s
Current children cumulated vsize: 67760 KiB
Current children cumulated memory: 46120 KiB

[startup+25.5004 s]
/proc/loadavg: 14.04 14.17 13.24 15/837 1843403
/proc/meminfo: memFree=387779676/528004524 swapFree=8388604/8388604
[pid=1842562] ppid=1842560 vsize=26908 memory=13616 CPUtime=0.07 cores=14-15
/proc/1842562/stat : 1842562 (perf) S 1842560 1842562 1842478 0 -1 0 1738 237 0 0 5 2 0 0 20 0 1 0 922972328 27553792 3404 17179869184 93824994299904 93824996572973 140737488338256 0 0 0 134217728 4 74274 1 0 0 17 14 0 0 0 0 0 93824998874888 93825001005840 93825001308160 140737488340073 140737488340470 140737488340470 140737488351179 0
/proc/1842562/statm: 6727 3404 2099 555 0 1769 0
[pid=1842570] ppid=1842562 vsize=47168 memory=38312 CPUtime=25.33 cores=14-15
/proc/1842570/stat : 1842570 (clingo) R 1842562 1842562 1842478 0 -1 0 7826 0 0 0 2531 2 0 0 20 0 1 0 922972335 48300032 9578 17179869184 93824992301056 93824992468925 140737488338416 0 0 0 134217728 4 25184771 0 0 0 17 14 0 0 0 0 0 93824992533936 93824992571272 93824992575488 140737488340183 140737488340354 140737488340354 140737488351170 0
/proc/1842570/statm: 11792 9578 2088 41 0 7871 0
Current children cumulated CPU time: 25.4 s
Current children cumulated vsize: 74076 KiB
Current children cumulated memory: 51928 KiB

[startup+51.1194 s]
/proc/loadavg: 14.02 14.15 13.27 15/837 1843404
/proc/meminfo: memFree=387679052/528004524 swapFree=8388604/8388604
[pid=1842562] ppid=1842560 vsize=26908 memory=13616 CPUtime=0.07 cores=14-15
/proc/1842562/stat : 1842562 (perf) S 1842560 1842562 1842478 0 -1 0 1738 237 0 0 5 2 0 0 20 0 1 0 922972328 27553792 3404 17179869184 93824994299904 93824996572973 140737488338256 0 0 0 134217728 4 74274 1 0 0 17 14 0 0 0 0 0 93824998874888 93825001005840 93825001308160 140737488340073 140737488340470 140737488340470 140737488351179 0
/proc/1842562/statm: 6727 3404 2099 555 0 1769 0
[pid=1842570] ppid=1842562 vsize=55408 memory=46232 CPUtime=50.94 cores=14-15
/proc/1842570/stat : 1842570 (clingo) R 1842562 1842562 1842478 0 -1 0 9825 0 0 0 5091 3 0 0 20 0 1 0 922972335 56737792 11558 17179869184 93824992301056 93824992468925 140737488338416 0 0 0 134217728 4 25184771 0 0 0 17 14 0 0 0 0 0 93824992533936 93824992571272 93824992575488 140737488340183 140737488340354 140737488340354 140737488351170 0
/proc/1842570/statm: 13852 11558 2088 41 0 9931 0
Current children cumulated CPU time: 51.01 s
Current children cumulated vsize: 82316 KiB
Current children cumulated memory: 59848 KiB

[startup+102.3 s]
/proc/loadavg: 14.01 14.13 13.31 15/838 1843451
/proc/meminfo: memFree=387541592/528004524 swapFree=8388604/8388604
[pid=1842562] ppid=1842560 vsize=26908 memory=13616 CPUtime=0.07 cores=14-15
/proc/1842562/stat : 1842562 (perf) S 1842560 1842562 1842478 0 -1 0 1738 237 0 0 5 2 0 0 20 0 1 0 922972328 27553792 3404 17179869184 93824994299904 93824996572973 140737488338256 0 0 0 134217728 4 74274 1 0 0 17 14 0 0 0 0 0 93824998874888 93825001005840 93825001308160 140737488340073 140737488340470 140737488340470 140737488351179 0
/proc/1842562/statm: 6727 3404 2099 555 0 1769 0
[pid=1842570] ppid=1842562 vsize=68252 memory=58112 CPUtime=102.12 cores=14-15
/proc/1842570/stat : 1842570 (clingo) R 1842562 1842562 1842478 0 -1 0 12751 0 0 0 10208 4 0 0 20 0 1 0 922972335 69890048 14528 17179869184 93824992301056 93824992468925 140737488338416 0 0 0 134217728 4 25184771 0 0 0 17 14 0 0 0 0 0 93824992533936 93824992571272 93824992575488 140737488340183 140737488340354 140737488340354 140737488351170 0
/proc/1842570/statm: 17063 14528 2088 41 0 13142 0
Current children cumulated CPU time: 102.19 s
Current children cumulated vsize: 95160 KiB
Current children cumulated memory: 71728 KiB

[startup+162.3 s]
/proc/loadavg: 14.00 14.10 13.35 15/838 1843454
/proc/meminfo: memFree=387434020/528004524 swapFree=8388604/8388604
[pid=1842562] ppid=1842560 vsize=26908 memory=13616 CPUtime=0.07 cores=14-15
/proc/1842562/stat : 1842562 (perf) S 1842560 1842562 1842478 0 -1 0 1738 237 0 0 5 2 0 0 20 0 1 0 922972328 27553792 3404 17179869184 93824994299904 93824996572973 140737488338256 0 0 0 134217728 4 74274 1 0 0 17 14 0 0 0 0 0 93824998874888 93825001005840 93825001308160 140737488340073 140737488340470 140737488340470 140737488351179 0
/proc/1842562/statm: 6727 3404 2099 555 0 1769 0
[pid=1842570] ppid=1842562 vsize=76672 memory=65688 CPUtime=162.12 cores=14-15
/proc/1842570/stat : 1842570 (clingo) R 1842562 1842562 1842478 0 -1 0 14801 0 0 0 16207 5 0 0 20 0 1 0 922972335 78512128 16422 17179869184 93824992301056 93824992468925 140737488338416 0 0 0 134217728 4 25184771 0 0 0 17 14 0 0 0 0 0 93824992533936 93824992571272 93824992575488 140737488340183 140737488340354 140737488340354 140737488351170 0
/proc/1842570/statm: 19168 16422 2088 41 0 15247 0
Current children cumulated CPU time: 162.19 s
Current children cumulated vsize: 103580 KiB
Current children cumulated memory: 79304 KiB

[startup+222.3 s]
/proc/loadavg: 14.28 14.15 13.42 15/838 1843457
/proc/meminfo: memFree=387333776/528004524 swapFree=8388604/8388604
[pid=1842562] ppid=1842560 vsize=26908 memory=13616 CPUtime=0.07 cores=14-15
/proc/1842562/stat : 1842562 (perf) S 1842560 1842562 1842478 0 -1 0 1738 237 0 0 5 2 0 0 20 0 1 0 922972328 27553792 3404 17179869184 93824994299904 93824996572973 140737488338256 0 0 0 134217728 4 74274 1 0 0 17 14 0 0 0 0 0 93824998874888 93825001005840 93825001308160 140737488340073 140737488340470 140737488340470 140737488351179 0
/proc/1842562/statm: 6727 3404 2099 555 0 1769 0
[pid=1842570] ppid=1842562 vsize=87204 memory=74928 CPUtime=222.12 cores=14-15
/proc/1842570/stat : 1842570 (clingo) R 1842562 1842562 1842478 0 -1 0 17114 0 0 0 22207 5 0 0 20 0 1 0 922972335 89296896 18732 17179869184 93824992301056 93824992468925 140737488338416 0 0 0 134217728 4 25184771 0 0 0 17 14 0 0 0 0 0 93824992533936 93824992571272 93824992575488 140737488340183 140737488340354 140737488340354 140737488351170 0
/proc/1842570/statm: 21801 18732 2088 41 0 17880 0
Current children cumulated CPU time: 222.19 s
Current children cumulated vsize: 114112 KiB
Current children cumulated memory: 88544 KiB

[startup+282.3 s]
/proc/loadavg: 14.39 14.20 13.48 15/837 1843460
/proc/meminfo: memFree=387260696/528004524 swapFree=8388604/8388604
[pid=1842562] ppid=1842560 vsize=26908 memory=13616 CPUtime=0.07 cores=14-15
/proc/1842562/stat : 1842562 (perf) S 1842560 1842562 1842478 0 -1 0 1738 237 0 0 5 2 0 0 20 0 1 0 922972328 27553792 3404 17179869184 93824994299904 93824996572973 140737488338256 0 0 0 134217728 4 74274 1 0 0 17 14 0 0 0 0 0 93824998874888 93825001005840 93825001308160 140737488340073 140737488340470 140737488340470 140737488351179 0
/proc/1842562/statm: 6727 3404 2099 555 0 1769 0
[pid=1842570] ppid=1842562 vsize=90556 memory=78360 CPUtime=282.13 cores=14-15
/proc/1842570/stat : 1842570 (clingo) R 1842562 1842562 1842478 0 -1 0 17950 0 0 0 28207 6 0 0 20 0 1 0 922972335 92729344 19590 17179869184 93824992301056 93824992468925 140737488338416 0 0 0 134217728 4 25184771 0 0 0 17 14 0 0 0 0 0 93824992533936 93824992571272 93824992575488 140737488340183 140737488340354 140737488340354 140737488351170 0
/proc/1842570/statm: 22639 19590 2088 41 0 18718 0
Current children cumulated CPU time: 282.2 s
Current children cumulated vsize: 117464 KiB
Current children cumulated memory: 91976 KiB

[startup+342.3 s]
/proc/loadavg: 14.74 14.37 13.59 15/816 1843466
/proc/meminfo: memFree=387185176/528004524 swapFree=8388604/8388604
[pid=1842562] ppid=1842560 vsize=26908 memory=13616 CPUtime=0.07 cores=14-15
/proc/1842562/stat : 1842562 (perf) S 1842560 1842562 1842478 0 -1 0 1738 237 0 0 5 2 0 0 20 0 1 0 922972328 27553792 3404 17179869184 93824994299904 93824996572973 140737488338256 0 0 0 134217728 4 74274 1 0 0 17 14 0 0 0 0 0 93824998874888 93825001005840 93825001308160 140737488340073 140737488340470 140737488340470 140737488351179 0
/proc/1842562/statm: 6727 3404 2099 555 0 1769 0
[pid=1842570] ppid=1842562 vsize=97700 memory=84960 CPUtime=342.12 cores=14-15
/proc/1842570/stat : 1842570 (clingo) R 1842562 1842562 1842478 0 -1 0 19576 0 0 0 34206 6 0 0 20 0 1 0 922972335 100044800 21240 17179869184 93824992301056 93824992468925 140737488338416 0 0 0 134217728 4 25184771 0 0 0 17 14 0 0 0 0 0 93824992533936 93824992571272 93824992575488 140737488340183 140737488340354 140737488340354 140737488351170 0
/proc/1842570/statm: 24425 21240 2088 41 0 20504 0
Current children cumulated CPU time: 342.19 s
Current children cumulated vsize: 124608 KiB
Current children cumulated memory: 98576 KiB

[startup+402.3 s]
/proc/loadavg: 14.52 14.37 13.64 15/814 1843468
/proc/meminfo: memFree=387113388/528004524 swapFree=8388604/8388604
[pid=1842562] ppid=1842560 vsize=26908 memory=13616 CPUtime=0.07 cores=14-15
/proc/1842562/stat : 1842562 (perf) S 1842560 1842562 1842478 0 -1 0 1738 237 0 0 5 2 0 0 20 0 1 0 922972328 27553792 3404 17179869184 93824994299904 93824996572973 140737488338256 0 0 0 134217728 4 74274 1 0 0 17 14 0 0 0 0 0 93824998874888 93825001005840 93825001308160 140737488340073 140737488340470 140737488340470 140737488351179 0
/proc/1842562/statm: 6727 3404 2099 555 0 1769 0
[pid=1842570] ppid=1842562 vsize=104812 memory=91296 CPUtime=402.12 cores=14-15
/proc/1842570/stat : 1842570 (clingo) R 1842562 1842562 1842478 0 -1 0 21213 0 0 0 40205 7 0 0 20 0 1 0 922972335 107327488 22824 17179869184 93824992301056 93824992468925 140737488338416 0 0 0 134217728 4 25184771 0 0 0 17 14 0 0 0 0 0 93824992533936 93824992571272 93824992575488 140737488340183 140737488340354 140737488340354 140737488351170 0
/proc/1842570/statm: 26203 22824 2088 41 0 22282 0
Current children cumulated CPU time: 402.19 s
Current children cumulated vsize: 131720 KiB
Current children cumulated memory: 104912 KiB

[startup+462.3 s]
/proc/loadavg: 14.19 14.30 13.67 15/814 1843471
/proc/meminfo: memFree=387047928/528004524 swapFree=8388604/8388604
[pid=1842562] ppid=1842560 vsize=26908 memory=13616 CPUtime=0.07 cores=14-15
/proc/1842562/stat : 1842562 (perf) S 1842560 1842562 1842478 0 -1 0 1738 237 0 0 5 2 0 0 20 0 1 0 922972328 27553792 3404 17179869184 93824994299904 93824996572973 140737488338256 0 0 0 134217728 4 74274 1 0 0 17 14 0 0 0 0 0 93824998874888 93825001005840 93825001308160 140737488340073 140737488340470 140737488340470 140737488351179 0
/proc/1842562/statm: 6727 3404 2099 555 0 1769 0
[pid=1842570] ppid=1842562 vsize=111336 memory=97632 CPUtime=462.12 cores=14-15
/proc/1842570/stat : 1842570 (clingo) R 1842562 1842562 1842478 0 -1 0 22744 0 0 0 46204 8 0 0 20 0 1 0 922972335 114008064 24408 17179869184 93824992301056 93824992468925 140737488338416 0 0 0 134217728 4 25184771 0 0 0 17 14 0 0 0 0 0 93824992533936 93824992571272 93824992575488 140737488340183 140737488340354 140737488340354 140737488351170 0
/proc/1842570/statm: 27834 24408 2088 41 0 23913 0
Current children cumulated CPU time: 462.19 s
Current children cumulated vsize: 138244 KiB
Current children cumulated memory: 111248 KiB

[startup+522.3 s]
/proc/loadavg: 14.29 14.30 13.71 15/814 1843475
/proc/meminfo: memFree=387005088/528004524 swapFree=8388604/8388604
[pid=1842562] ppid=1842560 vsize=26908 memory=13616 CPUtime=0.07 cores=14-15
/proc/1842562/stat : 1842562 (perf) S 1842560 1842562 1842478 0 -1 0 1738 237 0 0 5 2 0 0 20 0 1 0 922972328 27553792 3404 17179869184 93824994299904 93824996572973 140737488338256 0 0 0 134217728 4 74274 1 0 0 17 14 0 0 0 0 0 93824998874888 93825001005840 93825001308160 140737488340073 140737488340470 140737488340470 140737488351179 0
/proc/1842562/statm: 6727 3404 2099 555 0 1769 0
[pid=1842570] ppid=1842562 vsize=115952 memory=101100 CPUtime=522.12 cores=14-15
/proc/1842570/stat : 1842570 (clingo) R 1842562 1842562 1842478 0 -1 0 23993 0 0 0 52204 8 0 0 20 0 1 0 922972335 118734848 25275 17179869184 93824992301056 93824992468925 140737488338416 0 0 0 134217728 4 25184771 0 0 0 17 14 0 0 0 0 0 93824992533936 93824992571272 93824992575488 140737488340183 140737488340354 140737488340354 140737488351170 0
/proc/1842570/statm: 28988 25275 2088 41 0 25067 0
Current children cumulated CPU time: 522.19 s
Current children cumulated vsize: 142860 KiB
Current children cumulated memory: 114716 KiB

[startup+582.3 s]
/proc/loadavg: 14.14 14.25 13.73 15/814 1843479
/proc/meminfo: memFree=386955728/528004524 swapFree=8388604/8388604
[pid=1842562] ppid=1842560 vsize=26908 memory=13616 CPUtime=0.07 cores=14-15
/proc/1842562/stat : 1842562 (perf) S 1842560 1842562 1842478 0 -1 0 1738 237 0 0 5 2 0 0 20 0 1 0 922972328 27553792 3404 17179869184 93824994299904 93824996572973 140737488338256 0 0 0 134217728 4 74274 1 0 0 17 14 0 0 0 0 0 93824998874888 93825001005840 93825001308160 140737488340073 140737488340470 140737488340470 140737488351179 0
/proc/1842562/statm: 6727 3404 2099 555 0 1769 0
[pid=1842570] ppid=1842562 vsize=122780 memory=106908 CPUtime=582.12 cores=14-15
/proc/1842570/stat : 1842570 (clingo) R 1842562 1842562 1842478 0 -1 0 25389 0 0 0 58204 8 0 0 20 0 1 0 922972335 125726720 26727 17179869184 93824992301056 93824992468925 140737488338416 0 0 0 134217728 4 25184771 0 0 0 17 14 0 0 0 0 0 93824992533936 93824992571272 93824992575488 140737488340183 140737488340354 140737488340354 140737488351170 0
/proc/1842570/statm: 30695 26727 2088 41 0 26774 0
Current children cumulated CPU time: 582.19 s
Current children cumulated vsize: 149688 KiB
Current children cumulated memory: 120524 KiB

[startup+642.3 s]
/proc/loadavg: 14.05 14.20 13.75 15/813 1843482
/proc/meminfo: memFree=386912936/528004524 swapFree=8388604/8388604
[pid=1842562] ppid=1842560 vsize=26908 memory=13616 CPUtime=0.07 cores=14-15
/proc/1842562/stat : 1842562 (perf) S 1842560 1842562 1842478 0 -1 0 1738 237 0 0 5 2 0 0 20 0 1 0 922972328 27553792 3404 17179869184 93824994299904 93824996572973 140737488338256 0 0 0 134217728 4 74274 1 0 0 17 14 0 0 0 0 0 93824998874888 93825001005840 93825001308160 140737488340073 140737488340470 140737488340470 140737488351179 0
/proc/1842562/statm: 6727 3404 2099 555 0 1769 0
[pid=1842570] ppid=1842562 vsize=125380 memory=109284 CPUtime=642.12 cores=14-15
/proc/1842570/stat : 1842570 (clingo) R 1842562 1842562 1842478 0 -1 0 25989 0 0 0 64204 8 0 0 20 0 1 0 922972335 128389120 27321 17179869184 93824992301056 93824992468925 140737488338416 0 0 0 134217728 4 25184771 0 0 0 17 14 0 0 0 0 0 93824992533936 93824992571272 93824992575488 140737488340183 140737488340354 140737488340354 140737488351170 0
/proc/1842570/statm: 31345 27321 2088 41 0 27424 0
Current children cumulated CPU time: 642.19 s
Current children cumulated vsize: 152288 KiB
Current children cumulated memory: 122900 KiB

[startup+702.3 s]
/proc/loadavg: 14.30 14.23 13.79 15/813 1843485
/proc/meminfo: memFree=386867856/528004524 swapFree=8388604/8388604
[pid=1842562] ppid=1842560 vsize=26908 memory=13616 CPUtime=0.07 cores=14-15
/proc/1842562/stat : 1842562 (perf) S 1842560 1842562 1842478 0 -1 0 1738 237 0 0 5 2 0 0 20 0 1 0 922972328 27553792 3404 17179869184 93824994299904 93824996572973 140737488338256 0 0 0 134217728 4 74274 1 0 0 17 14 0 0 0 0 0 93824998874888 93825001005840 93825001308160 140737488340073 140737488340470 140737488340470 140737488351179 0
/proc/1842562/statm: 6727 3404 2099 555 0 1769 0
[pid=1842570] ppid=1842562 vsize=130408 memory=113772 CPUtime=702.12 cores=14-15
/proc/1842570/stat : 1842570 (clingo) R 1842562 1842562 1842478 0 -1 0 27151 0 0 0 70204 8 0 0 20 0 1 0 922972335 133537792 28443 17179869184 93824992301056 93824992468925 140737488338416 0 0 0 134217728 4 25184771 0 0 0 17 14 0 0 0 0 0 93824992533936 93824992571272 93824992575488 140737488340183 140737488340354 140737488340354 140737488351170 0
/proc/1842570/statm: 32602 28443 2088 41 0 28681 0
Current children cumulated CPU time: 702.19 s
Current children cumulated vsize: 157316 KiB
Current children cumulated memory: 127388 KiB

[startup+762.3 s]
/proc/loadavg: 14.38 14.26 13.83 15/813 1843487
/proc/meminfo: memFree=386827484/528004524 swapFree=8388604/8388604
[pid=1842562] ppid=1842560 vsize=26908 memory=13616 CPUtime=0.07 cores=14-15
/proc/1842562/stat : 1842562 (perf) S 1842560 1842562 1842478 0 -1 0 1738 237 0 0 5 2 0 0 20 0 1 0 922972328 27553792 3404 17179869184 93824994299904 93824996572973 140737488338256 0 0 0 134217728 4 74274 1 0 0 17 14 0 0 0 0 0 93824998874888 93825001005840 93825001308160 140737488340073 140737488340470 140737488340470 140737488351179 0
/proc/1842562/statm: 6727 3404 2099 555 0 1769 0
[pid=1842570] ppid=1842562 vsize=133544 memory=116940 CPUtime=762.12 cores=14-15
/proc/1842570/stat : 1842570 (clingo) R 1842562 1842562 1842478 0 -1 0 27948 0 0 0 76203 9 0 0 20 0 1 0 922972335 136749056 29235 17179869184 93824992301056 93824992468925 140737488338416 0 0 0 134217728 4 25184771 0 0 0 17 14 0 0 0 0 0 93824992533936 93824992571272 93824992575488 140737488340183 140737488340354 140737488340354 140737488351170 0
/proc/1842570/statm: 33386 29235 2088 41 0 29465 0
Current children cumulated CPU time: 762.19 s
Current children cumulated vsize: 160452 KiB
Current children cumulated memory: 130556 KiB

[startup+822.3 s]
/proc/loadavg: 14.80 14.41 13.91 15/813 1843490
/proc/meminfo: memFree=386782256/528004524 swapFree=8388604/8388604
[pid=1842562] ppid=1842560 vsize=26908 memory=13616 CPUtime=0.07 cores=14-15
/proc/1842562/stat : 1842562 (perf) S 1842560 1842562 1842478 0 -1 0 1738 237 0 0 5 2 0 0 20 0 1 0 922972328 27553792 3404 17179869184 93824994299904 93824996572973 140737488338256 0 0 0 134217728 4 74274 1 0 0 17 14 0 0 0 0 0 93824998874888 93825001005840 93825001308160 140737488340073 140737488340470 140737488340470 140737488351179 0
/proc/1842562/statm: 6727 3404 2099 555 0 1769 0
[pid=1842570] ppid=1842562 vsize=137524 memory=120372 CPUtime=822.12 cores=14-15
/proc/1842570/stat : 1842570 (clingo) R 1842562 1842562 1842478 0 -1 0 28812 0 0 0 82203 9 0 0 20 0 1 0 922972335 140824576 30093 17179869184 93824992301056 93824992468925 140737488338416 0 0 0 134217728 4 25184771 0 0 0 17 14 0 0 0 0 0 93824992533936 93824992571272 93824992575488 140737488340183 140737488340354 140737488340354 140737488351170 0
/proc/1842570/statm: 34381 30093 2088 41 0 30460 0
Current children cumulated CPU time: 822.19 s
Current children cumulated vsize: 164432 KiB
Current children cumulated memory: 133988 KiB

[startup+882.3 s]
/proc/loadavg: 14.56 14.40 13.94 15/813 1843493
/proc/meminfo: memFree=386738708/528004524 swapFree=8388604/8388604
[pid=1842562] ppid=1842560 vsize=26908 memory=13616 CPUtime=0.07 cores=14-15
/proc/1842562/stat : 1842562 (perf) S 1842560 1842562 1842478 0 -1 0 1738 237 0 0 5 2 0 0 20 0 1 0 922972328 27553792 3404 17179869184 93824994299904 93824996572973 140737488338256 0 0 0 134217728 4 74274 1 0 0 17 14 0 0 0 0 0 93824998874888 93825001005840 93825001308160 140737488340073 140737488340470 140737488340470 140737488351179 0
/proc/1842562/statm: 6727 3404 2099 555 0 1769 0
[pid=1842570] ppid=1842562 vsize=142464 memory=125124 CPUtime=882.12 cores=14-15
/proc/1842570/stat : 1842570 (clingo) R 1842562 1842562 1842478 0 -1 0 29943 0 0 0 88202 10 0 0 20 0 1 0 922972335 145883136 31281 17179869184 93824992301056 93824992468925 140737488338416 0 0 0 134217728 4 25184771 0 0 0 17 14 0 0 0 0 0 93824992533936 93824992571272 93824992575488 140737488340183 140737488340354 140737488340354 140737488351170 0
/proc/1842570/statm: 35616 31281 2088 41 0 31695 0
Current children cumulated CPU time: 882.19 s
Current children cumulated vsize: 169372 KiB
Current children cumulated memory: 138740 KiB

[startup+942.3 s]
/proc/loadavg: 14.20 14.33 13.95 15/813 1843497
/proc/meminfo: memFree=386695680/528004524 swapFree=8388604/8388604
[pid=1842562] ppid=1842560 vsize=26908 memory=13616 CPUtime=0.07 cores=14-15
/proc/1842562/stat : 1842562 (perf) S 1842560 1842562 1842478 0 -1 0 1738 237 0 0 5 2 0 0 20 0 1 0 922972328 27553792 3404 17179869184 93824994299904 93824996572973 140737488338256 0 0 0 134217728 4 74274 1 0 0 17 14 0 0 0 0 0 93824998874888 93825001005840 93825001308160 140737488340073 140737488340470 140737488340470 140737488351179 0
/proc/1842562/statm: 6727 3404 2099 555 0 1769 0
[pid=1842570] ppid=1842562 vsize=145704 memory=128292 CPUtime=942.12 cores=14-15
/proc/1842570/stat : 1842570 (clingo) R 1842562 1842562 1842478 0 -1 0 30763 0 0 0 94202 10 0 0 20 0 1 0 922972335 149200896 32073 17179869184 93824992301056 93824992468925 140737488338416 0 0 0 134217728 4 25184771 0 0 0 17 14 0 0 0 0 0 93824992533936 93824992571272 93824992575488 140737488340183 140737488340354 140737488340354 140737488351170 0
/proc/1842570/statm: 36426 32073 2088 41 0 32505 0
Current children cumulated CPU time: 942.19 s
Current children cumulated vsize: 172612 KiB
Current children cumulated memory: 141908 KiB

[startup+1002.3 s]
/proc/loadavg: 14.07 14.26 13.95 15/813 1843500
/proc/meminfo: memFree=386662952/528004524 swapFree=8388604/8388604
[pid=1842562] ppid=1842560 vsize=26908 memory=13616 CPUtime=0.07 cores=14-15
/proc/1842562/stat : 1842562 (perf) S 1842560 1842562 1842478 0 -1 0 1738 237 0 0 5 2 0 0 20 0 1 0 922972328 27553792 3404 17179869184 93824994299904 93824996572973 140737488338256 0 0 0 134217728 4 74274 1 0 0 17 14 0 0 0 0 0 93824998874888 93825001005840 93825001308160 140737488340073 140737488340470 140737488340470 140737488351179 0
/proc/1842562/statm: 6727 3404 2099 555 0 1769 0
[pid=1842570] ppid=1842562 vsize=147808 memory=130404 CPUtime=1002.12 cores=14-15
/proc/1842570/stat : 1842570 (clingo) R 1842562 1842562 1842478 0 -1 0 31272 0 0 0 100201 11 0 0 20 0 1 0 922972335 151355392 32601 17179869184 93824992301056 93824992468925 140737488338416 0 0 0 134217728 4 25184771 0 0 0 17 14 0 0 0 0 0 93824992533936 93824992571272 93824992575488 140737488340183 140737488340354 140737488340354 140737488351170 0
/proc/1842570/statm: 36952 32601 2088 41 0 33031 0
Current children cumulated CPU time: 1002.19 s
Current children cumulated vsize: 174716 KiB
Current children cumulated memory: 144020 KiB

[startup+1062.3 s]
/proc/loadavg: 14.02 14.21 13.96 15/812 1843502
/proc/meminfo: memFree=386622664/528004524 swapFree=8388604/8388604
[pid=1842562] ppid=1842560 vsize=26908 memory=13616 CPUtime=0.07 cores=14-15
/proc/1842562/stat : 1842562 (perf) S 1842560 1842562 1842478 0 -1 0 1738 237 0 0 5 2 0 0 20 0 1 0 922972328 27553792 3404 17179869184 93824994299904 93824996572973 140737488338256 0 0 0 134217728 4 74274 1 0 0 17 14 0 0 0 0 0 93824998874888 93825001005840 93825001308160 140737488340073 140737488340470 140737488340470 140737488351179 0
/proc/1842562/statm: 6727 3404 2099 555 0 1769 0
[pid=1842570] ppid=1842562 vsize=151540 memory=133836 CPUtime=1062.12 cores=14-15
/proc/1842570/stat : 1842570 (clingo) R 1842562 1842562 1842478 0 -1 0 32145 0 0 0 106201 11 0 0 20 0 1 0 922972335 155176960 33459 17179869184 93824992301056 93824992468925 140737488338416 0 0 0 134217728 4 25184771 0 0 0 17 14 0 0 0 0 0 93824992533936 93824992571272 93824992575488 140737488340183 140737488340354 140737488340354 140737488351170 0
/proc/1842570/statm: 37885 33459 2088 41 0 33964 0
Current children cumulated CPU time: 1062.19 s
Current children cumulated vsize: 178448 KiB
Current children cumulated memory: 147452 KiB

[startup+1122.3 s]
/proc/loadavg: 14.08 14.19 13.97 15/813 1843506
/proc/meminfo: memFree=386592000/528004524 swapFree=8388604/8388604
[pid=1842562] ppid=1842560 vsize=26908 memory=13616 CPUtime=0.07 cores=14-15
/proc/1842562/stat : 1842562 (perf) S 1842560 1842562 1842478 0 -1 0 1738 237 0 0 5 2 0 0 20 0 1 0 922972328 27553792 3404 17179869184 93824994299904 93824996572973 140737488338256 0 0 0 134217728 4 74274 1 0 0 17 14 0 0 0 0 0 93824998874888 93825001005840 93825001308160 140737488340073 140737488340470 140737488340470 140737488351179 0
/proc/1842562/statm: 6727 3404 2099 555 0 1769 0
[pid=1842570] ppid=1842562 vsize=155368 memory=137532 CPUtime=1122.12 cores=14-15
/proc/1842570/stat : 1842570 (clingo) R 1842562 1842562 1842478 0 -1 0 33103 0 0 0 112201 11 0 0 20 0 1 0 922972335 159096832 34383 17179869184 93824992301056 93824992468925 140737488338416 0 0 0 134217728 4 25184771 0 0 0 17 14 0 0 0 0 0 93824992533936 93824992571272 93824992575488 140737488340183 140737488340354 140737488340354 140737488351170 0
/proc/1842570/statm: 38842 34383 2088 41 0 34921 0
Current children cumulated CPU time: 1122.19 s
Current children cumulated vsize: 182276 KiB
Current children cumulated memory: 151148 KiB

[startup+1182.3 s]
/proc/loadavg: 14.07 14.17 13.98 15/814 1843511
/proc/meminfo: memFree=386558296/528004524 swapFree=8388604/8388604
[pid=1842562] ppid=1842560 vsize=26908 memory=13616 CPUtime=0.07 cores=14-15
/proc/1842562/stat : 1842562 (perf) S 1842560 1842562 1842478 0 -1 0 1738 237 0 0 5 2 0 0 20 0 1 0 922972328 27553792 3404 17179869184 93824994299904 93824996572973 140737488338256 0 0 0 134217728 4 74274 1 0 0 17 14 0 0 0 0 0 93824998874888 93825001005840 93825001308160 140737488340073 140737488340470 140737488340470 140737488351179 0
/proc/1842562/statm: 6727 3404 2099 555 0 1769 0
[pid=1842570] ppid=1842562 vsize=157672 memory=139644 CPUtime=1182.12 cores=14-15
/proc/1842570/stat : 1842570 (clingo) R 1842562 1842562 1842478 0 -1 0 33595 0 0 0 118201 11 0 0 20 0 1 0 922972335 161456128 34911 17179869184 93824992301056 93824992468925 140737488338416 0 0 0 134217728 4 25184771 0 0 0 17 14 0 0 0 0 0 93824992533936 93824992571272 93824992575488 140737488340183 140737488340354 140737488340354 140737488351170 0
/proc/1842570/statm: 39418 34911 2088 41 0 35497 0
Current children cumulated CPU time: 1182.19 s
Current children cumulated vsize: 184580 KiB
Current children cumulated memory: 153260 KiB



Maximum wall clock time exceeded: sending SIGTERM then SIGKILL

[startup+1205 s]*
/proc/loadavg: 14.04 14.15 13.98 14/782 1843762
/proc/meminfo: memFree=386989072/528004524 swapFree=8388604/8388604
[pid=1842562] ppid=1842560 vsize=26908 memory=13616 CPUtime=0.07 cores=14-15
/proc/1842562/stat : 1842562 (perf) S 1842560 1842562 1842478 0 -1 0 1738 237 0 0 5 2 0 0 20 0 1 0 922972328 27553792 3404 17179869184 93824994299904 93824996572973 140737488338256 0 0 0 134217728 4 74274 1 0 0 17 14 0 0 0 0 0 93824998874888 93825001005840 93825001308160 140737488340073 140737488340470 140737488340470 140737488351179 0
/proc/1842562/statm: 6727 3404 2099 555 0 1769 0
[pid=1842570] ppid=1842562 vsize=157672 memory=139908 CPUtime=1204.83 cores=14-15
/proc/1842570/stat : 1842570 (clingo) R 1842562 1842562 1842478 0 -1 0 33659 0 0 0 120472 11 0 0 20 0 1 0 922972335 161456128 34977 17179869184 93824992301056 93824992468925 140737488338416 0 0 0 134217728 4 25184771 0 0 0 17 14 0 0 0 0 0 93824992533936 93824992571272 93824992575488 140737488340183 140737488340354 140737488340354 140737488351170 0
/proc/1842570/statm: 39418 34977 2088 41 0 35497 0
Current children cumulated CPU time: 1204.9 s
Current children cumulated vsize: 184580 KiB
Current children cumulated memory: 153524 KiB

Sending SIGINT to process tree (bottom up)
Sleeping 5 seconds

[startup+1205.03 s]
# the end of solver process 1842562 was just reported to runsolver
# cumulated CPU time of all completed processes:  user=1204.8 s, system=0.141595 s

Solver just ended.
??? end of watcher thread
Dumping a history of the last processes samples

Child status: 1
Real time (s): 1205.03
CPU time (s): 1204.94
CPU user time (s): 1204.8
CPU system time (s): 0.141595
CPU usage (%): 99.9923
Max. virtual memory (cumulated for all children) (KiB): 184580
Max. memory (cumulated for all children) (KiB): 153524

getrusage(RUSAGE_CHILDREN,...) data:
user time used= 1204.8
system time used= 0.141595
maximum resident set size= 140036
integral shared memory size= 0
integral unshared data size= 0
integral unshared stack size= 0
page reclaims= 35675
page faults= 0
swaps= 0
block input operations= 0
block output operations= 0
messages sent= 0
messages received= 0
signals received= 0
voluntary context switches= 16
involuntary context switches= 1143


# summary of solver processes directly reported to runsolver:
#   pid: 1842562
#   total CPU time (s): 1204.94
#   total CPU user time (s): 1204.8
#   total CPU system time (s): 0.141595

??? end of timestamper thread
runsolver used 8.84292 second user time and 15.6276 second system time

The end
