runsolver version 3.4.0 (svn: 3018) Copyright (C) 2010-2013 Olivier ROUSSEL

This program is distributed in the hope that it will be useful,
but WITHOUT ANY WARRANTY; without even the implied warranty of
MERCHANTABILITY or FITNESS FOR A PARTICULAR PURPOSE.  See the
GNU General Public License for more details.

NUMA information:
  number of nodes: 2
  memory of node 0: 257587 MiB (122777 MiB free)
  memory of node 1: 258041 MiB (152080 MiB free)
  node distances:
     10  20
     20  10

command line: /dev/shm/373ed1d4-2e81-11f1-ac62-000c298f4621/input/runsolver -w /dev/shm/373ed1d4-2e81-11f1-ac62-000c298f4621/output/runsolver.log -v /dev/shm/373ed1d4-2e81-11f1-ac62-000c298f4621/output/varfile.log -W 1205 --rss-swap-limit 16384 -d 5 --sigint /usr/bin/perf stat -B -e task-clock,cache-references,cache-misses,cycles,instructions,branches,faults,migrations,context-switches -o /dev/shm/373ed1d4-2e81-11f1-ac62-000c298f4621/output/perf.log clingo /home/guests/mmacri/AMOSUM/benchmarks/GraphColouring/encoding-plain-amo.asp /dev/shm/373ed1d4-2e81-11f1-ac62-000c298f4621/input/0011-graph_colouring-130-0_2496.asp 

running on 2 cores: 4-5

Enforcing wall clock limit (soft limit, will send SIGTERM then SIGKILL): 1205 seconds
Enforcing RSS+Swap limit (soft limit, will send SIGTERM then SIGKILL): 16777216 KiB
Linux 5.15.0-131-generic
solver pid=2927093, runsolver pid=2927081
Current StackSize limit: 8192 KiB


[startup+0.100063 s]*
/proc/loadavg: 14.00 14.20 13.25 16/773 2927165
/proc/meminfo: memFree=281436504/528004512 swapFree=8388604/8388604
[pid=2927093] ppid=2927081 vsize=26908 memory=13612 CPUtime=0.07 cores=4-5
/proc/2927093/stat : 2927093 (perf) S 2927081 2927093 2926671 0 -1 0 1738 238 0 0 5 2 0 0 20 0 1 0 912536195 27553792 3403 17179869184 93824994299904 93824996572973 140737488338256 0 0 0 134217728 4 74274 1 0 0 17 4 0 0 0 0 0 93824998874888 93825001005840 93825001308160 140737488340073 140737488340470 140737488340470 140737488351179 0
/proc/2927093/statm: 6727 3403 2098 555 0 1769 0
[pid=2927159] ppid=2927093 vsize=17952 memory=9516 CPUtime=0 cores=4-5
/proc/2927159/stat : 2927159 (clingo) R 2927093 2927093 2926671 0 -1 0 643 0 4 0 0 0 0 0 20 0 1 0 912536204 18382848 2379 17179869184 93824992301056 93824992468925 140737488338416 0 0 0 134217728 4 25184771 0 0 0 17 4 0 0 0 0 0 93824992533936 93824992571272 93824992575488 140737488340183 140737488340354 140737488340354 140737488351170 0
/proc/2927159/statm: 4488 2379 1968 41 0 567 0
Current children cumulated CPU time: 0.07 s
Current children cumulated vsize: 44860 KiB
Current children cumulated memory: 23128 KiB

[startup+0.219871 s]*
/proc/loadavg: 14.00 14.20 13.25 17/788 2927242
/proc/meminfo: memFree=284299284/528004512 swapFree=8388604/8388604
[pid=2927093] ppid=2927081 vsize=26908 memory=13612 CPUtime=0.07 cores=4-5
/proc/2927093/stat : 2927093 (perf) S 2927081 2927093 2926671 0 -1 0 1738 238 0 0 5 2 0 0 20 0 1 0 912536195 27553792 3403 17179869184 93824994299904 93824996572973 140737488338256 0 0 0 134217728 4 74274 1 0 0 17 4 0 0 0 0 0 93824998874888 93825001005840 93825001308160 140737488340073 140737488340470 140737488340470 140737488351179 0
/proc/2927093/statm: 6727 3403 2098 555 0 1769 0
[pid=2927159] ppid=2927093 vsize=25636 memory=17156 CPUtime=0.12 cores=4-5
/proc/2927159/stat : 2927159 (clingo) R 2927093 2927093 2926671 0 -1 0 2653 0 4 0 11 1 0 0 20 0 1 0 912536204 26251264 4289 17179869184 93824992301056 93824992468925 140737488338416 0 0 0 134217728 4 25184771 0 0 0 17 4 0 0 0 0 0 93824992533936 93824992571272 93824992575488 140737488340183 140737488340354 140737488340354 140737488351170 0
/proc/2927159/statm: 6409 4289 2029 41 0 2488 0
Current children cumulated CPU time: 0.19 s
Current children cumulated vsize: 52544 KiB
Current children cumulated memory: 30768 KiB

[startup+0.319016 s]*
/proc/loadavg: 14.00 14.20 13.25 15/778 2927323
/proc/meminfo: memFree=284277680/528004512 swapFree=8388604/8388604
[pid=2927093] ppid=2927081 vsize=26908 memory=13612 CPUtime=0.07 cores=4-5
/proc/2927093/stat : 2927093 (perf) S 2927081 2927093 2926671 0 -1 0 1738 238 0 0 5 2 0 0 20 0 1 0 912536195 27553792 3403 17179869184 93824994299904 93824996572973 140737488338256 0 0 0 134217728 4 74274 1 0 0 17 4 0 0 0 0 0 93824998874888 93825001005840 93825001308160 140737488340073 140737488340470 140737488340470 140737488351179 0
/proc/2927093/statm: 6727 3403 2098 555 0 1769 0
[pid=2927159] ppid=2927093 vsize=27648 memory=19268 CPUtime=0.22 cores=4-5
/proc/2927159/stat : 2927159 (clingo) R 2927093 2927093 2926671 0 -1 0 3183 0 4 0 21 1 0 0 20 0 1 0 912536204 28311552 4817 17179869184 93824992301056 93824992468925 140737488338416 0 0 0 134217728 4 25184771 0 0 0 17 4 0 0 0 0 0 93824992533936 93824992571272 93824992575488 140737488340183 140737488340354 140737488340354 140737488351170 0
/proc/2927159/statm: 6912 4817 2029 41 0 2991 0
Current children cumulated CPU time: 0.29 s
Current children cumulated vsize: 54556 KiB
Current children cumulated memory: 32880 KiB

[startup+0.70032 s]
/proc/loadavg: 14.00 14.19 13.25 17/803 2927490
/proc/meminfo: memFree=284269920/528004512 swapFree=8388604/8388604
[pid=2927093] ppid=2927081 vsize=26908 memory=13612 CPUtime=0.07 cores=4-5
/proc/2927093/stat : 2927093 (perf) S 2927081 2927093 2926671 0 -1 0 1738 238 0 0 5 2 0 0 20 0 1 0 912536195 27553792 3403 17179869184 93824994299904 93824996572973 140737488338256 0 0 0 134217728 4 74274 1 0 0 17 4 0 0 0 0 0 93824998874888 93825001005840 93825001308160 140737488340073 140737488340470 140737488340470 140737488351179 0
/proc/2927093/statm: 6727 3403 2098 555 0 1769 0
[pid=2927159] ppid=2927093 vsize=30816 memory=22436 CPUtime=0.59 cores=4-5
/proc/2927159/stat : 2927159 (clingo) R 2927093 2927093 2926671 0 -1 0 3944 0 4 0 58 1 0 0 20 0 1 0 912536204 31555584 5609 17179869184 93824992301056 93824992468925 140737488338416 0 0 0 134217728 4 25184771 0 0 0 17 4 0 0 0 0 0 93824992533936 93824992571272 93824992575488 140737488340183 140737488340354 140737488340354 140737488351170 0
/proc/2927159/statm: 7704 5609 2029 41 0 3783 0
Current children cumulated CPU time: 0.66 s
Current children cumulated vsize: 57724 KiB
Current children cumulated memory: 36048 KiB

[startup+1.50029 s]
/proc/loadavg: 14.00 14.19 13.25 19/812 2927692
/proc/meminfo: memFree=284239976/528004512 swapFree=8388604/8388604
[pid=2927093] ppid=2927081 vsize=26908 memory=13612 CPUtime=0.07 cores=4-5
/proc/2927093/stat : 2927093 (perf) S 2927081 2927093 2926671 0 -1 0 1738 238 0 0 5 2 0 0 20 0 1 0 912536195 27553792 3403 17179869184 93824994299904 93824996572973 140737488338256 0 0 0 134217728 4 74274 1 0 0 17 4 0 0 0 0 0 93824998874888 93825001005840 93825001308160 140737488340073 140737488340470 140737488340470 140737488351179 0
/proc/2927093/statm: 6727 3403 2098 555 0 1769 0
[pid=2927159] ppid=2927093 vsize=35204 memory=26924 CPUtime=1.39 cores=4-5
/proc/2927159/stat : 2927159 (clingo) R 2927093 2927093 2926671 0 -1 0 5048 0 4 0 138 1 0 0 20 0 1 0 912536204 36048896 6731 17179869184 93824992301056 93824992468925 140737488338416 0 0 0 134217728 4 25184771 0 0 0 17 4 0 0 0 0 0 93824992533936 93824992571272 93824992575488 140737488340183 140737488340354 140737488340354 140737488351170 0
/proc/2927159/statm: 8801 6731 2029 41 0 4880 0
Current children cumulated CPU time: 1.46 s
Current children cumulated vsize: 62112 KiB
Current children cumulated memory: 40536 KiB

[startup+3.11941 s]
/proc/loadavg: 14.00 14.19 13.25 17/823 2927998
/proc/meminfo: memFree=284346180/528004512 swapFree=8388604/8388604
[pid=2927093] ppid=2927081 vsize=26908 memory=13612 CPUtime=0.07 cores=4-5
/proc/2927093/stat : 2927093 (perf) S 2927081 2927093 2926671 0 -1 0 1738 238 0 0 5 2 0 0 20 0 1 0 912536195 27553792 3403 17179869184 93824994299904 93824996572973 140737488338256 0 0 0 134217728 4 74274 1 0 0 17 4 0 0 0 0 0 93824998874888 93825001005840 93825001308160 140737488340073 140737488340470 140737488340470 140737488351179 0
/proc/2927093/statm: 6727 3403 2098 555 0 1769 0
[pid=2927159] ppid=2927093 vsize=37056 memory=28772 CPUtime=3 cores=4-5
/proc/2927159/stat : 2927159 (clingo) R 2927093 2927093 2926671 0 -1 0 5515 0 4 0 299 1 0 0 20 0 1 0 912536204 37945344 7193 17179869184 93824992301056 93824992468925 140737488338416 0 0 0 134217728 4 25184771 0 0 0 17 4 0 0 0 0 0 93824992533936 93824992571272 93824992575488 140737488340183 140737488340354 140737488340354 140737488351170 0
/proc/2927159/statm: 9264 7193 2029 41 0 5343 0
Current children cumulated CPU time: 3.07 s
Current children cumulated vsize: 63964 KiB
Current children cumulated memory: 42384 KiB

[startup+6.30028 s]
/proc/loadavg: 14.00 14.19 13.25 17/823 2927998
/proc/meminfo: memFree=284294496/528004512 swapFree=8388604/8388604
[pid=2927093] ppid=2927081 vsize=26908 memory=13612 CPUtime=0.07 cores=4-5
/proc/2927093/stat : 2927093 (perf) S 2927081 2927093 2926671 0 -1 0 1738 238 0 0 5 2 0 0 20 0 1 0 912536195 27553792 3403 17179869184 93824994299904 93824996572973 140737488338256 0 0 0 134217728 4 74274 1 0 0 17 4 0 0 0 0 0 93824998874888 93825001005840 93825001308160 140737488340073 140737488340470 140737488340470 140737488351179 0
/proc/2927093/statm: 6727 3403 2098 555 0 1769 0
[pid=2927159] ppid=2927093 vsize=41348 memory=32996 CPUtime=6.18 cores=4-5
/proc/2927159/stat : 2927159 (clingo) R 2927093 2927093 2926671 0 -1 0 6566 0 4 0 617 1 0 0 20 0 1 0 912536204 42340352 8249 17179869184 93824992301056 93824992468925 140737488338416 0 0 0 134217728 4 25184771 0 0 0 17 4 0 0 0 0 0 93824992533936 93824992571272 93824992575488 140737488340183 140737488340354 140737488340354 140737488351170 0
/proc/2927159/statm: 10337 8249 2029 41 0 6416 0
Current children cumulated CPU time: 6.25 s
Current children cumulated vsize: 68256 KiB
Current children cumulated memory: 46608 KiB

[startup+12.7003 s]
/proc/loadavg: 14.00 14.18 13.26 17/823 2927998
/proc/meminfo: memFree=284238848/528004512 swapFree=8388604/8388604
[pid=2927093] ppid=2927081 vsize=26908 memory=13612 CPUtime=0.07 cores=4-5
/proc/2927093/stat : 2927093 (perf) S 2927081 2927093 2926671 0 -1 0 1738 238 0 0 5 2 0 0 20 0 1 0 912536195 27553792 3403 17179869184 93824994299904 93824996572973 140737488338256 0 0 0 134217728 4 74274 1 0 0 17 4 0 0 0 0 0 93824998874888 93825001005840 93825001308160 140737488340073 140737488340470 140737488340470 140737488351179 0
/proc/2927093/statm: 6727 3403 2098 555 0 1769 0
[pid=2927159] ppid=2927093 vsize=47960 memory=39332 CPUtime=12.58 cores=4-5
/proc/2927159/stat : 2927159 (clingo) R 2927093 2927093 2926671 0 -1 0 8201 0 4 0 1257 1 0 0 20 0 1 0 912536204 49111040 9833 17179869184 93824992301056 93824992468925 140737488338416 0 0 0 134217728 4 25184771 0 0 0 17 4 0 0 0 0 0 93824992533936 93824992571272 93824992575488 140737488340183 140737488340354 140737488340354 140737488351170 0
/proc/2927159/statm: 11990 9833 2029 41 0 8069 0
Current children cumulated CPU time: 12.65 s
Current children cumulated vsize: 74868 KiB
Current children cumulated memory: 52944 KiB

[startup+25.5004 s]
/proc/loadavg: 14.00 14.18 13.27 17/824 2928000
/proc/meminfo: memFree=284173520/528004512 swapFree=8388604/8388604
[pid=2927093] ppid=2927081 vsize=26908 memory=13612 CPUtime=0.07 cores=4-5
/proc/2927093/stat : 2927093 (perf) S 2927081 2927093 2926671 0 -1 0 1738 238 0 0 5 2 0 0 20 0 1 0 912536195 27553792 3403 17179869184 93824994299904 93824996572973 140737488338256 0 0 0 134217728 4 74274 1 0 0 17 4 0 0 0 0 0 93824998874888 93825001005840 93825001308160 140737488340073 140737488340470 140737488340470 140737488351179 0
/proc/2927093/statm: 6727 3403 2098 555 0 1769 0
[pid=2927159] ppid=2927093 vsize=54852 memory=46316 CPUtime=25.38 cores=4-5
/proc/2927159/stat : 2927159 (clingo) R 2927093 2927093 2926671 0 -1 0 10397 0 4 0 2536 2 0 0 20 0 1 0 912536204 56168448 11579 17179869184 93824992301056 93824992468925 140737488338416 0 0 0 134217728 4 25184771 0 0 0 17 4 0 0 0 0 0 93824992533936 93824992571272 93824992575488 140737488340183 140737488340354 140737488340354 140737488351170 0
/proc/2927159/statm: 13713 11579 2029 41 0 9792 0
Current children cumulated CPU time: 25.45 s
Current children cumulated vsize: 81760 KiB
Current children cumulated memory: 59928 KiB

[startup+51.1198 s]
/proc/loadavg: 14.07 14.18 13.30 17/823 2928000
/proc/meminfo: memFree=284085508/528004512 swapFree=8388604/8388604
[pid=2927093] ppid=2927081 vsize=26908 memory=13612 CPUtime=0.07 cores=4-5
/proc/2927093/stat : 2927093 (perf) S 2927081 2927093 2926671 0 -1 0 1738 238 0 0 5 2 0 0 20 0 1 0 912536195 27553792 3403 17179869184 93824994299904 93824996572973 140737488338256 0 0 0 134217728 4 74274 1 0 0 17 4 0 0 0 0 0 93824998874888 93825001005840 93825001308160 140737488340073 140737488340470 140737488340470 140737488351179 0
/proc/2927093/statm: 6727 3403 2098 555 0 1769 0
[pid=2927159] ppid=2927093 vsize=62176 memory=53892 CPUtime=51.01 cores=4-5
/proc/2927159/stat : 2927159 (clingo) R 2927093 2927093 2926671 0 -1 0 13476 0 4 0 5098 3 0 0 20 0 1 0 912536204 63668224 13473 17179869184 93824992301056 93824992468925 140737488338416 0 0 0 134217728 4 25184771 0 0 0 17 4 0 0 0 0 0 93824992533936 93824992571272 93824992575488 140737488340183 140737488340354 140737488340354 140737488351170 0
/proc/2927159/statm: 15544 13473 2029 41 0 11623 0
Current children cumulated CPU time: 51.08 s
Current children cumulated vsize: 89084 KiB
Current children cumulated memory: 67504 KiB

[startup+102.3 s]
/proc/loadavg: 14.03 14.15 13.34 17/824 2928047
/proc/meminfo: memFree=283956264/528004512 swapFree=8388604/8388604
[pid=2927093] ppid=2927081 vsize=26908 memory=13612 CPUtime=0.07 cores=4-5
/proc/2927093/stat : 2927093 (perf) S 2927081 2927093 2926671 0 -1 0 1738 238 0 0 5 2 0 0 20 0 1 0 912536195 27553792 3403 17179869184 93824994299904 93824996572973 140737488338256 0 0 0 134217728 4 74274 1 0 0 17 4 0 0 0 0 0 93824998874888 93825001005840 93825001308160 140737488340073 140737488340470 140737488340470 140737488351179 0
/proc/2927093/statm: 6727 3403 2098 555 0 1769 0
[pid=2927159] ppid=2927093 vsize=72052 memory=63660 CPUtime=102.18 cores=4-5
/proc/2927159/stat : 2927159 (clingo) R 2927093 2927093 2926671 0 -1 0 18178 0 4 0 10214 4 0 0 20 0 1 0 912536204 73781248 15915 17179869184 93824992301056 93824992468925 140737488338416 0 0 0 134217728 4 25184771 0 0 0 17 4 0 0 0 0 0 93824992533936 93824992571272 93824992575488 140737488340183 140737488340354 140737488340354 140737488351170 0
/proc/2927159/statm: 18013 15915 2029 41 0 14092 0
Current children cumulated CPU time: 102.25 s
Current children cumulated vsize: 98960 KiB
Current children cumulated memory: 77272 KiB

[startup+162.3 s]
/proc/loadavg: 14.27 14.18 13.40 17/823 2928050
/proc/meminfo: memFree=283855992/528004512 swapFree=8388604/8388604
[pid=2927093] ppid=2927081 vsize=26908 memory=13612 CPUtime=0.07 cores=4-5
/proc/2927093/stat : 2927093 (perf) S 2927081 2927093 2926671 0 -1 0 1738 238 0 0 5 2 0 0 20 0 1 0 912536195 27553792 3403 17179869184 93824994299904 93824996572973 140737488338256 0 0 0 134217728 4 74274 1 0 0 17 4 0 0 0 0 0 93824998874888 93825001005840 93825001308160 140737488340073 140737488340470 140737488340470 140737488351179 0
/proc/2927093/statm: 6727 3403 2098 555 0 1769 0
[pid=2927159] ppid=2927093 vsize=80880 memory=72468 CPUtime=162.18 cores=4-5
/proc/2927159/stat : 2927159 (clingo) R 2927093 2927093 2926671 0 -1 0 23864 0 4 0 16214 4 0 0 20 0 1 0 912536204 82821120 18117 17179869184 93824992301056 93824992468925 140737488338416 0 0 0 134217728 4 25184771 0 0 0 17 4 0 0 0 0 0 93824992533936 93824992571272 93824992575488 140737488340183 140737488340354 140737488340354 140737488351170 0
/proc/2927159/statm: 20220 18117 2029 41 0 16299 0
Current children cumulated CPU time: 162.25 s
Current children cumulated vsize: 107788 KiB
Current children cumulated memory: 86080 KiB

[startup+222.3 s]
/proc/loadavg: 14.10 14.15 13.44 17/823 2928053
/proc/meminfo: memFree=283773532/528004512 swapFree=8388604/8388604
[pid=2927093] ppid=2927081 vsize=26908 memory=13612 CPUtime=0.07 cores=4-5
/proc/2927093/stat : 2927093 (perf) S 2927081 2927093 2926671 0 -1 0 1738 238 0 0 5 2 0 0 20 0 1 0 912536195 27553792 3403 17179869184 93824994299904 93824996572973 140737488338256 0 0 0 134217728 4 74274 1 0 0 17 4 0 0 0 0 0 93824998874888 93825001005840 93825001308160 140737488340073 140737488340470 140737488340470 140737488351179 0
/proc/2927093/statm: 6727 3403 2098 555 0 1769 0
[pid=2927159] ppid=2927093 vsize=89600 memory=81220 CPUtime=222.18 cores=4-5
/proc/2927159/stat : 2927159 (clingo) R 2927093 2927093 2926671 0 -1 0 27654 0 4 0 22212 6 0 0 20 0 1 0 912536204 91750400 20305 17179869184 93824992301056 93824992468925 140737488338416 0 0 0 134217728 4 25184771 0 0 0 17 4 0 0 0 0 0 93824992533936 93824992571272 93824992575488 140737488340183 140737488340354 140737488340354 140737488351170 0
/proc/2927159/statm: 22400 20305 2029 41 0 18479 0
Current children cumulated CPU time: 222.25 s
Current children cumulated vsize: 116508 KiB
Current children cumulated memory: 94832 KiB

[startup+282.3 s]
/proc/loadavg: 14.10 14.13 13.49 17/823 2928056
/proc/meminfo: memFree=283693648/528004512 swapFree=8388604/8388604
[pid=2927093] ppid=2927081 vsize=26908 memory=13612 CPUtime=0.07 cores=4-5
/proc/2927093/stat : 2927093 (perf) S 2927081 2927093 2926671 0 -1 0 1738 238 0 0 5 2 0 0 20 0 1 0 912536195 27553792 3403 17179869184 93824994299904 93824996572973 140737488338256 0 0 0 134217728 4 74274 1 0 0 17 4 0 0 0 0 0 93824998874888 93825001005840 93825001308160 140737488340073 140737488340470 140737488340470 140737488351179 0
/proc/2927093/statm: 6727 3403 2098 555 0 1769 0
[pid=2927159] ppid=2927093 vsize=96644 memory=88252 CPUtime=282.18 cores=4-5
/proc/2927159/stat : 2927159 (clingo) R 2927093 2927093 2926671 0 -1 0 31324 0 4 0 28212 6 0 0 20 0 1 0 912536204 98963456 22063 17179869184 93824992301056 93824992468925 140737488338416 0 0 0 134217728 4 25184771 0 0 0 17 4 0 0 0 0 0 93824992533936 93824992571272 93824992575488 140737488340183 140737488340354 140737488340354 140737488351170 0
/proc/2927159/statm: 24161 22063 2029 41 0 20240 0
Current children cumulated CPU time: 282.25 s
Current children cumulated vsize: 123552 KiB
Current children cumulated memory: 101864 KiB

[startup+342.3 s]
/proc/loadavg: 14.35 14.22 13.56 17/808 2928060
/proc/meminfo: memFree=283620876/528004512 swapFree=8388604/8388604
[pid=2927093] ppid=2927081 vsize=26908 memory=13612 CPUtime=0.07 cores=4-5
/proc/2927093/stat : 2927093 (perf) S 2927081 2927093 2926671 0 -1 0 1738 238 0 0 5 2 0 0 20 0 1 0 912536195 27553792 3403 17179869184 93824994299904 93824996572973 140737488338256 0 0 0 134217728 4 74274 1 0 0 17 4 0 0 0 0 0 93824998874888 93825001005840 93825001308160 140737488340073 140737488340470 140737488340470 140737488351179 0
/proc/2927093/statm: 6727 3403 2098 555 0 1769 0
[pid=2927159] ppid=2927093 vsize=101904 memory=93196 CPUtime=342.19 cores=4-5
/proc/2927159/stat : 2927159 (clingo) R 2927093 2927093 2926671 0 -1 0 34058 0 4 0 34212 7 0 0 20 0 1 0 912536204 104349696 23299 17179869184 93824992301056 93824992468925 140737488338416 0 0 0 134217728 4 25184771 0 0 0 17 4 0 0 0 0 0 93824992533936 93824992571272 93824992575488 140737488340183 140737488340354 140737488340354 140737488351170 0
/proc/2927159/statm: 25476 23299 2029 41 0 21555 0
Current children cumulated CPU time: 342.26 s
Current children cumulated vsize: 128812 KiB
Current children cumulated memory: 106808 KiB

[startup+402.3 s]
/proc/loadavg: 14.35 14.23 13.61 17/803 2928063
/proc/meminfo: memFree=283563472/528004512 swapFree=8388604/8388604
[pid=2927093] ppid=2927081 vsize=26908 memory=13612 CPUtime=0.07 cores=4-5
/proc/2927093/stat : 2927093 (perf) S 2927081 2927093 2926671 0 -1 0 1738 238 0 0 5 2 0 0 20 0 1 0 912536195 27553792 3403 17179869184 93824994299904 93824996572973 140737488338256 0 0 0 134217728 4 74274 1 0 0 17 4 0 0 0 0 0 93824998874888 93825001005840 93825001308160 140737488340073 140737488340470 140737488340470 140737488351179 0
/proc/2927093/statm: 6727 3403 2098 555 0 1769 0
[pid=2927159] ppid=2927093 vsize=108748 memory=100160 CPUtime=402.18 cores=4-5
/proc/2927159/stat : 2927159 (clingo) R 2927093 2927093 2926671 0 -1 0 37247 0 4 0 40211 7 0 0 20 0 1 0 912536204 111357952 25040 17179869184 93824992301056 93824992468925 140737488338416 0 0 0 134217728 4 25184771 0 0 0 17 4 0 0 0 0 0 93824992533936 93824992571272 93824992575488 140737488340183 140737488340354 140737488340354 140737488351170 0
/proc/2927159/statm: 27187 25040 2029 41 0 23266 0
Current children cumulated CPU time: 402.25 s
Current children cumulated vsize: 135656 KiB
Current children cumulated memory: 113772 KiB

[startup+462.3 s]
/proc/loadavg: 14.16 14.20 13.64 17/803 2928118
/proc/meminfo: memFree=283478568/528004512 swapFree=8388604/8388604
[pid=2927093] ppid=2927081 vsize=26908 memory=13612 CPUtime=0.07 cores=4-5
/proc/2927093/stat : 2927093 (perf) S 2927081 2927093 2926671 0 -1 0 1738 238 0 0 5 2 0 0 20 0 1 0 912536195 27553792 3403 17179869184 93824994299904 93824996572973 140737488338256 0 0 0 134217728 4 74274 1 0 0 17 4 0 0 0 0 0 93824998874888 93825001005840 93825001308160 140737488340073 140737488340470 140737488340470 140737488351179 0
/proc/2927093/statm: 6727 3403 2098 555 0 1769 0
[pid=2927159] ppid=2927093 vsize=111264 memory=102832 CPUtime=462.18 cores=4-5
/proc/2927159/stat : 2927159 (clingo) R 2927093 2927093 2926671 0 -1 0 38309 0 4 0 46211 7 0 0 20 0 1 0 912536204 113934336 25708 17179869184 93824992301056 93824992468925 140737488338416 0 0 0 134217728 4 25184771 0 0 0 17 4 0 0 0 0 0 93824992533936 93824992571272 93824992575488 140737488340183 140737488340354 140737488340354 140737488351170 0
/proc/2927159/statm: 27816 25708 2029 41 0 23895 0
Current children cumulated CPU time: 462.25 s
Current children cumulated vsize: 138172 KiB
Current children cumulated memory: 116444 KiB

[startup+522.3 s]
/proc/loadavg: 14.13 14.18 13.67 17/804 2928123
/proc/meminfo: memFree=283450108/528004512 swapFree=8388604/8388604
[pid=2927093] ppid=2927081 vsize=26908 memory=13612 CPUtime=0.07 cores=4-5
/proc/2927093/stat : 2927093 (perf) S 2927081 2927093 2926671 0 -1 0 1738 238 0 0 5 2 0 0 20 0 1 0 912536195 27553792 3403 17179869184 93824994299904 93824996572973 140737488338256 0 0 0 134217728 4 74274 1 0 0 17 4 0 0 0 0 0 93824998874888 93825001005840 93825001308160 140737488340073 140737488340470 140737488340470 140737488351179 0
/proc/2927093/statm: 6727 3403 2098 555 0 1769 0
[pid=2927159] ppid=2927093 vsize=111296 memory=102908 CPUtime=522.18 cores=4-5
/proc/2927159/stat : 2927159 (clingo) R 2927093 2927093 2926671 0 -1 0 38424 0 4 0 52211 7 0 0 20 0 1 0 912536204 113967104 25727 17179869184 93824992301056 93824992468925 140737488338416 0 0 0 134217728 4 25184771 0 0 0 17 4 0 0 0 0 0 93824992533936 93824992571272 93824992575488 140737488340183 140737488340354 140737488340354 140737488351170 0
/proc/2927159/statm: 27824 25727 2029 41 0 23903 0
Current children cumulated CPU time: 522.25 s
Current children cumulated vsize: 138204 KiB
Current children cumulated memory: 116520 KiB

[startup+582.3 s]
/proc/loadavg: 14.05 14.14 13.69 17/804 2928126
/proc/meminfo: memFree=283406544/528004512 swapFree=8388604/8388604
[pid=2927093] ppid=2927081 vsize=26908 memory=13612 CPUtime=0.07 cores=4-5
/proc/2927093/stat : 2927093 (perf) S 2927081 2927093 2926671 0 -1 0 1738 238 0 0 5 2 0 0 20 0 1 0 912536195 27553792 3403 17179869184 93824994299904 93824996572973 140737488338256 0 0 0 134217728 4 74274 1 0 0 17 4 0 0 0 0 0 93824998874888 93825001005840 93825001308160 140737488340073 140737488340470 140737488340470 140737488351179 0
/proc/2927093/statm: 6727 3403 2098 555 0 1769 0
[pid=2927159] ppid=2927093 vsize=115844 memory=107320 CPUtime=582.18 cores=4-5
/proc/2927159/stat : 2927159 (clingo) R 2927093 2927093 2926671 0 -1 0 41224 0 4 0 58211 7 0 0 20 0 1 0 912536204 118624256 26830 17179869184 93824992301056 93824992468925 140737488338416 0 0 0 134217728 4 25184771 0 0 0 17 4 0 0 0 0 0 93824992533936 93824992571272 93824992575488 140737488340183 140737488340354 140737488340354 140737488351170 0
/proc/2927159/statm: 28961 26830 2029 41 0 25040 0
Current children cumulated CPU time: 582.25 s
Current children cumulated vsize: 142752 KiB
Current children cumulated memory: 120932 KiB

[startup+642.3 s]
/proc/loadavg: 14.55 14.28 13.77 17/804 2928130
/proc/meminfo: memFree=283365348/528004512 swapFree=8388604/8388604
[pid=2927093] ppid=2927081 vsize=26908 memory=13612 CPUtime=0.07 cores=4-5
/proc/2927093/stat : 2927093 (perf) S 2927081 2927093 2926671 0 -1 0 1738 238 0 0 5 2 0 0 20 0 1 0 912536195 27553792 3403 17179869184 93824994299904 93824996572973 140737488338256 0 0 0 134217728 4 74274 1 0 0 17 4 0 0 0 0 0 93824998874888 93825001005840 93825001308160 140737488340073 140737488340470 140737488340470 140737488351179 0
/proc/2927093/statm: 6727 3403 2098 555 0 1769 0
[pid=2927159] ppid=2927093 vsize=123536 memory=114708 CPUtime=642.18 cores=4-5
/proc/2927159/stat : 2927159 (clingo) R 2927093 2927093 2926671 0 -1 0 44229 0 4 0 64210 8 0 0 20 0 1 0 912536204 126500864 28677 17179869184 93824992301056 93824992468925 140737488338416 0 0 0 134217728 4 25184771 0 0 0 17 4 0 0 0 0 0 93824992533936 93824992571272 93824992575488 140737488340183 140737488340354 140737488340354 140737488351170 0
/proc/2927159/statm: 30884 28677 2029 41 0 26963 0
Current children cumulated CPU time: 642.25 s
Current children cumulated vsize: 150444 KiB
Current children cumulated memory: 128320 KiB

[startup+702.3 s]
/proc/loadavg: 14.20 14.23 13.79 17/804 2928133
/proc/meminfo: memFree=283320784/528004512 swapFree=8388604/8388604
[pid=2927093] ppid=2927081 vsize=26908 memory=13612 CPUtime=0.07 cores=4-5
/proc/2927093/stat : 2927093 (perf) S 2927081 2927093 2926671 0 -1 0 1738 238 0 0 5 2 0 0 20 0 1 0 912536195 27553792 3403 17179869184 93824994299904 93824996572973 140737488338256 0 0 0 134217728 4 74274 1 0 0 17 4 0 0 0 0 0 93824998874888 93825001005840 93825001308160 140737488340073 140737488340470 140737488340470 140737488351179 0
/proc/2927093/statm: 6727 3403 2098 555 0 1769 0
[pid=2927159] ppid=2927093 vsize=128860 memory=120124 CPUtime=702.18 cores=4-5
/proc/2927159/stat : 2927159 (clingo) R 2927093 2927093 2926671 0 -1 0 46261 0 4 0 70210 8 0 0 20 0 1 0 912536204 131952640 30031 17179869184 93824992301056 93824992468925 140737488338416 0 0 0 134217728 4 25184771 0 0 0 17 4 0 0 0 0 0 93824992533936 93824992571272 93824992575488 140737488340183 140737488340354 140737488340354 140737488351170 0
/proc/2927159/statm: 32215 30031 2029 41 0 28294 0
Current children cumulated CPU time: 702.25 s
Current children cumulated vsize: 155768 KiB
Current children cumulated memory: 133736 KiB

[startup+762.3 s]
/proc/loadavg: 14.07 14.18 13.81 17/804 2928136
/proc/meminfo: memFree=283279112/528004512 swapFree=8388604/8388604
[pid=2927093] ppid=2927081 vsize=26908 memory=13612 CPUtime=0.07 cores=4-5
/proc/2927093/stat : 2927093 (perf) S 2927081 2927093 2926671 0 -1 0 1738 238 0 0 5 2 0 0 20 0 1 0 912536195 27553792 3403 17179869184 93824994299904 93824996572973 140737488338256 0 0 0 134217728 4 74274 1 0 0 17 4 0 0 0 0 0 93824998874888 93825001005840 93825001308160 140737488340073 140737488340470 140737488340470 140737488351179 0
/proc/2927093/statm: 6727 3403 2098 555 0 1769 0
[pid=2927159] ppid=2927093 vsize=128316 memory=119740 CPUtime=762.18 cores=4-5
/proc/2927159/stat : 2927159 (clingo) R 2927093 2927093 2926671 0 -1 0 48364 0 4 0 76210 8 0 0 20 0 1 0 912536204 131395584 29935 17179869184 93824992301056 93824992468925 140737488338416 0 0 0 134217728 4 25184771 0 0 0 17 4 0 0 0 0 0 93824992533936 93824992571272 93824992575488 140737488340183 140737488340354 140737488340354 140737488351170 0
/proc/2927159/statm: 32079 29935 2029 41 0 28158 0
Current children cumulated CPU time: 762.25 s
Current children cumulated vsize: 155224 KiB
Current children cumulated memory: 133352 KiB

[startup+822.3 s]
/proc/loadavg: 14.23 14.22 13.85 17/803 2928139
/proc/meminfo: memFree=283237296/528004512 swapFree=8388604/8388604
[pid=2927093] ppid=2927081 vsize=26908 memory=13612 CPUtime=0.07 cores=4-5
/proc/2927093/stat : 2927093 (perf) S 2927081 2927093 2926671 0 -1 0 1738 238 0 0 5 2 0 0 20 0 1 0 912536195 27553792 3403 17179869184 93824994299904 93824996572973 140737488338256 0 0 0 134217728 4 74274 1 0 0 17 4 0 0 0 0 0 93824998874888 93825001005840 93825001308160 140737488340073 140737488340470 140737488340470 140737488351179 0
/proc/2927093/statm: 6727 3403 2098 555 0 1769 0
[pid=2927159] ppid=2927093 vsize=132332 memory=123816 CPUtime=822.18 cores=4-5
/proc/2927159/stat : 2927159 (clingo) R 2927093 2927093 2926671 0 -1 0 51460 0 4 0 82210 8 0 0 20 0 1 0 912536204 135507968 30954 17179869184 93824992301056 93824992468925 140737488338416 0 0 0 134217728 4 25184771 0 0 0 17 4 0 0 0 0 0 93824992533936 93824992571272 93824992575488 140737488340183 140737488340354 140737488340354 140737488351170 0
/proc/2927159/statm: 33083 30954 2029 41 0 29162 0
Current children cumulated CPU time: 822.25 s
Current children cumulated vsize: 159240 KiB
Current children cumulated memory: 137428 KiB

[startup+882.3 s]
/proc/loadavg: 14.08 14.18 13.86 17/803 2928142
/proc/meminfo: memFree=283199792/528004512 swapFree=8388604/8388604
[pid=2927093] ppid=2927081 vsize=26908 memory=13612 CPUtime=0.07 cores=4-5
/proc/2927093/stat : 2927093 (perf) S 2927081 2927093 2926671 0 -1 0 1738 238 0 0 5 2 0 0 20 0 1 0 912536195 27553792 3403 17179869184 93824994299904 93824996572973 140737488338256 0 0 0 134217728 4 74274 1 0 0 17 4 0 0 0 0 0 93824998874888 93825001005840 93825001308160 140737488340073 140737488340470 140737488340470 140737488351179 0
/proc/2927093/statm: 6727 3403 2098 555 0 1769 0
[pid=2927159] ppid=2927093 vsize=134304 memory=125780 CPUtime=882.19 cores=4-5
/proc/2927159/stat : 2927159 (clingo) R 2927093 2927093 2926671 0 -1 0 53511 0 4 0 88210 9 0 0 20 0 1 0 912536204 137527296 31445 17179869184 93824992301056 93824992468925 140737488338416 0 0 0 134217728 4 25184771 0 0 0 17 4 0 0 0 0 0 93824992533936 93824992571272 93824992575488 140737488340183 140737488340354 140737488340354 140737488351170 0
/proc/2927159/statm: 33576 31445 2029 41 0 29655 0
Current children cumulated CPU time: 882.26 s
Current children cumulated vsize: 161212 KiB
Current children cumulated memory: 139392 KiB

[startup+942.3 s]
/proc/loadavg: 15.22 14.53 14.00 17/804 2928147
/proc/meminfo: memFree=283170872/528004512 swapFree=8388604/8388604
[pid=2927093] ppid=2927081 vsize=26908 memory=13612 CPUtime=0.07 cores=4-5
/proc/2927093/stat : 2927093 (perf) S 2927081 2927093 2926671 0 -1 0 1738 238 0 0 5 2 0 0 20 0 1 0 912536195 27553792 3403 17179869184 93824994299904 93824996572973 140737488338256 0 0 0 134217728 4 74274 1 0 0 17 4 0 0 0 0 0 93824998874888 93825001005840 93825001308160 140737488340073 140737488340470 140737488340470 140737488351179 0
/proc/2927093/statm: 6727 3403 2098 555 0 1769 0
[pid=2927159] ppid=2927093 vsize=136428 memory=127884 CPUtime=942.18 cores=4-5
/proc/2927159/stat : 2927159 (clingo) R 2927093 2927093 2926671 0 -1 0 54467 0 4 0 94209 9 0 0 20 0 1 0 912536204 139702272 31971 17179869184 93824992301056 93824992468925 140737488338416 0 0 0 134217728 4 25184771 0 0 0 17 4 0 0 0 0 0 93824992533936 93824992571272 93824992575488 140737488340183 140737488340354 140737488340354 140737488351170 0
/proc/2927159/statm: 34107 31971 2029 41 0 30186 0
Current children cumulated CPU time: 942.25 s
Current children cumulated vsize: 163336 KiB
Current children cumulated memory: 141496 KiB

[startup+1002.3 s]
/proc/loadavg: 14.45 14.43 14.00 17/805 2928151
/proc/meminfo: memFree=283125528/528004512 swapFree=8388604/8388604
[pid=2927093] ppid=2927081 vsize=26908 memory=13612 CPUtime=0.07 cores=4-5
/proc/2927093/stat : 2927093 (perf) S 2927081 2927093 2926671 0 -1 0 1738 238 0 0 5 2 0 0 20 0 1 0 912536195 27553792 3403 17179869184 93824994299904 93824996572973 140737488338256 0 0 0 134217728 4 74274 1 0 0 17 4 0 0 0 0 0 93824998874888 93825001005840 93825001308160 140737488340073 140737488340470 140737488340470 140737488351179 0
/proc/2927093/statm: 6727 3403 2098 555 0 1769 0
[pid=2927159] ppid=2927093 vsize=142076 memory=133272 CPUtime=1002.18 cores=4-5
/proc/2927159/stat : 2927159 (clingo) R 2927093 2927093 2926671 0 -1 0 57764 0 4 0 100209 9 0 0 20 0 1 0 912536204 145485824 33318 17179869184 93824992301056 93824992468925 140737488338416 0 0 0 134217728 4 25184771 0 0 0 17 4 0 0 0 0 0 93824992533936 93824992571272 93824992575488 140737488340183 140737488340354 140737488340354 140737488351170 0
/proc/2927159/statm: 35519 33318 2029 41 0 31598 0
Current children cumulated CPU time: 1002.25 s
Current children cumulated vsize: 168984 KiB
Current children cumulated memory: 146884 KiB

[startup+1062.3 s]
/proc/loadavg: 14.16 14.35 14.00 17/805 2928153
/proc/meminfo: memFree=283082436/528004512 swapFree=8388604/8388604
[pid=2927093] ppid=2927081 vsize=26908 memory=13612 CPUtime=0.07 cores=4-5
/proc/2927093/stat : 2927093 (perf) S 2927081 2927093 2926671 0 -1 0 1738 238 0 0 5 2 0 0 20 0 1 0 912536195 27553792 3403 17179869184 93824994299904 93824996572973 140737488338256 0 0 0 134217728 4 74274 1 0 0 17 4 0 0 0 0 0 93824998874888 93825001005840 93825001308160 140737488340073 140737488340470 140737488340470 140737488351179 0
/proc/2927093/statm: 6727 3403 2098 555 0 1769 0
[pid=2927159] ppid=2927093 vsize=146252 memory=137496 CPUtime=1062.18 cores=4-5
/proc/2927159/stat : 2927159 (clingo) R 2927093 2927093 2926671 0 -1 0 58793 0 4 0 106209 9 0 0 20 0 1 0 912536204 149762048 34374 17179869184 93824992301056 93824992468925 140737488338416 0 0 0 134217728 4 25184771 0 0 0 17 4 0 0 0 0 0 93824992533936 93824992571272 93824992575488 140737488340183 140737488340354 140737488340354 140737488351170 0
/proc/2927159/statm: 36563 34374 2029 41 0 32642 0
Current children cumulated CPU time: 1062.25 s
Current children cumulated vsize: 173160 KiB
Current children cumulated memory: 151108 KiB

[startup+1122.3 s]
/proc/loadavg: 14.06 14.29 14.00 17/805 2928156
/proc/meminfo: memFree=283058292/528004512 swapFree=8388604/8388604
[pid=2927093] ppid=2927081 vsize=26908 memory=13612 CPUtime=0.07 cores=4-5
/proc/2927093/stat : 2927093 (perf) S 2927081 2927093 2926671 0 -1 0 1738 238 0 0 5 2 0 0 20 0 1 0 912536195 27553792 3403 17179869184 93824994299904 93824996572973 140737488338256 0 0 0 134217728 4 74274 1 0 0 17 4 0 0 0 0 0 93824998874888 93825001005840 93825001308160 140737488340073 140737488340470 140737488340470 140737488351179 0
/proc/2927093/statm: 6727 3403 2098 555 0 1769 0
[pid=2927159] ppid=2927093 vsize=146252 memory=137496 CPUtime=1122.18 cores=4-5
/proc/2927159/stat : 2927159 (clingo) R 2927093 2927093 2926671 0 -1 0 58808 0 4 0 112209 9 0 0 20 0 1 0 912536204 149762048 34374 17179869184 93824992301056 93824992468925 140737488338416 0 0 0 134217728 4 25184771 0 0 0 17 4 0 0 0 0 0 93824992533936 93824992571272 93824992575488 140737488340183 140737488340354 140737488340354 140737488351170 0
/proc/2927159/statm: 36563 34374 2029 41 0 32642 0
Current children cumulated CPU time: 1122.25 s
Current children cumulated vsize: 173160 KiB
Current children cumulated memory: 151108 KiB

[startup+1182.3 s]
/proc/loadavg: 14.02 14.23 14.00 17/805 2928159
/proc/meminfo: memFree=283029060/528004512 swapFree=8388604/8388604
[pid=2927093] ppid=2927081 vsize=26908 memory=13612 CPUtime=0.07 cores=4-5
/proc/2927093/stat : 2927093 (perf) S 2927081 2927093 2926671 0 -1 0 1738 238 0 0 5 2 0 0 20 0 1 0 912536195 27553792 3403 17179869184 93824994299904 93824996572973 140737488338256 0 0 0 134217728 4 74274 1 0 0 17 4 0 0 0 0 0 93824998874888 93825001005840 93825001308160 140737488340073 140737488340470 140737488340470 140737488351179 0
/proc/2927093/statm: 6727 3403 2098 555 0 1769 0
[pid=2927159] ppid=2927093 vsize=146252 memory=137496 CPUtime=1182.18 cores=4-5
/proc/2927159/stat : 2927159 (clingo) R 2927093 2927093 2926671 0 -1 0 58808 0 4 0 118209 9 0 0 20 0 1 0 912536204 149762048 34374 17179869184 93824992301056 93824992468925 140737488338416 0 0 0 134217728 4 25184771 0 0 0 17 4 0 0 0 0 0 93824992533936 93824992571272 93824992575488 140737488340183 140737488340354 140737488340354 140737488351170 0
/proc/2927159/statm: 36563 34374 2029 41 0 32642 0
Current children cumulated CPU time: 1182.25 s
Current children cumulated vsize: 173160 KiB
Current children cumulated memory: 151108 KiB



Maximum wall clock time exceeded: sending SIGTERM then SIGKILL

[startup+1205 s]*
/proc/loadavg: 14.01 14.22 14.00 17/805 2928160
/proc/meminfo: memFree=283014192/528004512 swapFree=8388604/8388604
[pid=2927093] ppid=2927081 vsize=26908 memory=13612 CPUtime=0.07 cores=4-5
/proc/2927093/stat : 2927093 (perf) S 2927081 2927093 2926671 0 -1 0 1738 238 0 0 5 2 0 0 20 0 1 0 912536195 27553792 3403 17179869184 93824994299904 93824996572973 140737488338256 0 0 0 134217728 4 74274 1 0 0 17 4 0 0 0 0 0 93824998874888 93825001005840 93825001308160 140737488340073 140737488340470 140737488340470 140737488351179 0
/proc/2927093/statm: 6727 3403 2098 555 0 1769 0
[pid=2927159] ppid=2927093 vsize=146440 memory=137932 CPUtime=1204.9 cores=4-5
/proc/2927159/stat : 2927159 (clingo) R 2927093 2927093 2926671 0 -1 0 59380 0 4 0 120481 9 0 0 20 0 1 0 912536204 149954560 34483 17179869184 93824992301056 93824992468925 140737488338416 0 0 0 134217728 4 25184771 0 0 0 17 4 0 0 0 0 0 93824992533936 93824992571272 93824992575488 140737488340183 140737488340354 140737488340354 140737488351170 0
/proc/2927159/statm: 36610 34483 2029 41 0 32689 0
Current children cumulated CPU time: 1204.97 s
Current children cumulated vsize: 173348 KiB
Current children cumulated memory: 151544 KiB

Sending SIGINT to process tree (bottom up)
Sleeping 5 seconds

[startup+1205.03 s]
# the end of solver process 2927093 was just reported to runsolver
# cumulated CPU time of all completed processes:  user=1204.88 s, system=0.132572 s

Solver just ended.
??? end of watcher thread
Dumping a history of the last processes samples

Child status: 1
Real time (s): 1205.03
CPU time (s): 1205.02
CPU user time (s): 1204.88
CPU system time (s): 0.132572
CPU usage (%): 99.9988
Max. virtual memory (cumulated for all children) (KiB): 175404
Max. memory (cumulated for all children) (KiB): 153484

getrusage(RUSAGE_CHILDREN,...) data:
user time used= 1204.88
system time used= 0.132572
maximum resident set size= 139872
integral shared memory size= 0
integral unshared data size= 0
integral unshared stack size= 0
page reclaims= 61397
page faults= 4
swaps= 0
block input operations= 0
block output operations= 0
messages sent= 0
messages received= 0
signals received= 0
voluntary context switches= 133
involuntary context switches= 792


# summary of solver processes directly reported to runsolver:
#   pid: 2927093
#   total CPU time (s): 1205.02
#   total CPU user time (s): 1204.88
#   total CPU system time (s): 0.132572

??? end of timestamper thread
runsolver used 8.82518 second user time and 16.4267 second system time

The end
