runsolver version 3.4.0 (svn: 3018) Copyright (C) 2010-2013 Olivier ROUSSEL

This program is distributed in the hope that it will be useful,
but WITHOUT ANY WARRANTY; without even the implied warranty of
MERCHANTABILITY or FITNESS FOR A PARTICULAR PURPOSE.  See the
GNU General Public License for more details.

NUMA information:
  number of nodes: 2
  memory of node 0: 257635 MiB (188757 MiB free)
  memory of node 1: 257994 MiB (176025 MiB free)
  node distances:
     10  20
     20  10

command line: /dev/shm/3795a22a-2e81-11f1-ac62-000c298f4621/input/runsolver -w /dev/shm/3795a22a-2e81-11f1-ac62-000c298f4621/output/runsolver.log -v /dev/shm/3795a22a-2e81-11f1-ac62-000c298f4621/output/varfile.log -W 1205 --rss-swap-limit 16384 -d 5 --sigint /usr/bin/perf stat -B -e task-clock,cache-references,cache-misses,cycles,instructions,branches,faults,migrations,context-switches -o /dev/shm/3795a22a-2e81-11f1-ac62-000c298f4621/output/perf.log clingo /home/guests/mmacri/AMOSUM/benchmarks/GraphColouring/encoding-plain-amo.asp /dev/shm/3795a22a-2e81-11f1-ac62-000c298f4621/input/0057-graph_colouring-150-0_7200.asp 

running on 2 cores: 18-19

Enforcing wall clock limit (soft limit, will send SIGTERM then SIGKILL): 1205 seconds
Enforcing RSS+Swap limit (soft limit, will send SIGTERM then SIGKILL): 16777216 KiB
Linux 5.15.0-131-generic
Current StackSize limit: 8192 KiB

solver pid=1608569, runsolver pid=1608566

[startup+0.100067 s]*
/proc/loadavg: 14.16 14.26 14.05 15/822 1608610
/proc/meminfo: memFree=373681248/528004520 swapFree=8388604/8388604
[pid=1608569] ppid=1608566 vsize=26908 memory=13608 CPUtime=0.07 cores=18-19
/proc/1608569/stat : 1608569 (perf) S 1608566 1608569 1608220 0 -1 0 1739 238 0 0 5 2 0 0 20 0 1 0 923124130 27553792 3402 17179869184 93824994299904 93824996572973 140737488338256 0 0 0 134217728 4 74274 1 0 0 17 18 0 0 0 0 0 93824998874888 93825001005840 93825001308160 140737488340073 140737488340470 140737488340470 140737488351179 0
/proc/1608569/statm: 6727 3402 2097 555 0 1769 0
[pid=1608601] ppid=1608569 vsize=19976 memory=11564 CPUtime=0.03 cores=18-19
/proc/1608601/stat : 1608601 (clingo) R 1608569 1608569 1608220 0 -1 0 1196 0 0 0 3 0 0 0 20 0 1 0 923124138 20455424 2891 17179869184 93824992301056 93824992468925 140737488338416 0 0 0 134217728 4 25184771 0 0 0 17 19 0 0 0 0 0 93824992533936 93824992571272 93824992575488 140737488340183 140737488340354 140737488340354 140737488351170 0
/proc/1608601/statm: 4994 2891 2044 41 0 1073 0
Current children cumulated CPU time: 0.1 s
Current children cumulated vsize: 46884 KiB
Current children cumulated memory: 25172 KiB

[startup+0.239495 s]*
/proc/loadavg: 14.16 14.26 14.05 20/825 1608648
/proc/meminfo: memFree=373658964/528004520 swapFree=8388604/8388604
[pid=1608569] ppid=1608566 vsize=26908 memory=13608 CPUtime=0.07 cores=18-19
/proc/1608569/stat : 1608569 (perf) S 1608566 1608569 1608220 0 -1 0 1739 238 0 0 5 2 0 0 20 0 1 0 923124130 27553792 3402 17179869184 93824994299904 93824996572973 140737488338256 0 0 0 134217728 4 74274 1 0 0 17 18 0 0 0 0 0 93824998874888 93825001005840 93825001308160 140737488340073 140737488340470 140737488340470 140737488351179 0
/proc/1608569/statm: 6727 3402 2097 555 0 1769 0
[pid=1608601] ppid=1608569 vsize=24512 memory=16484 CPUtime=0.13 cores=18-19
/proc/1608601/stat : 1608601 (clingo) R 1608569 1608569 1608220 0 -1 0 2362 0 0 0 13 0 0 0 20 0 1 0 923124138 25100288 4121 17179869184 93824992301056 93824992468925 140737488338416 0 0 0 134217728 4 25184771 0 0 0 17 18 0 0 0 0 0 93824992533936 93824992571272 93824992575488 140737488340183 140737488340354 140737488340354 140737488351170 0
/proc/1608601/statm: 6128 4121 2089 41 0 2207 0
Current children cumulated CPU time: 0.2 s
Current children cumulated vsize: 51420 KiB
Current children cumulated memory: 30092 KiB

[startup+0.31805 s]*
/proc/loadavg: 14.16 14.26 14.05 16/827 1608650
/proc/meminfo: memFree=373639388/528004520 swapFree=8388604/8388604
[pid=1608569] ppid=1608566 vsize=26908 memory=13608 CPUtime=0.07 cores=18-19
/proc/1608569/stat : 1608569 (perf) S 1608566 1608569 1608220 0 -1 0 1739 238 0 0 5 2 0 0 20 0 1 0 923124130 27553792 3402 17179869184 93824994299904 93824996572973 140737488338256 0 0 0 134217728 4 74274 1 0 0 17 18 0 0 0 0 0 93824998874888 93825001005840 93825001308160 140737488340073 140737488340470 140737488340470 140737488351179 0
/proc/1608569/statm: 6727 3402 2097 555 0 1769 0
[pid=1608601] ppid=1608569 vsize=25576 memory=17540 CPUtime=0.21 cores=18-19
/proc/1608601/stat : 1608601 (clingo) R 1608569 1608569 1608220 0 -1 0 2605 0 0 0 21 0 0 0 20 0 1 0 923124138 26189824 4385 17179869184 93824992301056 93824992468925 140737488338416 0 0 0 134217728 4 25184771 0 0 0 17 18 0 0 0 0 0 93824992533936 93824992571272 93824992575488 140737488340183 140737488340354 140737488340354 140737488351170 0
/proc/1608601/statm: 6394 4385 2089 41 0 2473 0
Current children cumulated CPU time: 0.28 s
Current children cumulated vsize: 52484 KiB
Current children cumulated memory: 31148 KiB

[startup+0.700337 s]
/proc/loadavg: 14.16 14.26 14.05 16/827 1608650
/proc/meminfo: memFree=373615344/528004520 swapFree=8388604/8388604
[pid=1608569] ppid=1608566 vsize=26908 memory=13608 CPUtime=0.07 cores=18-19
/proc/1608569/stat : 1608569 (perf) S 1608566 1608569 1608220 0 -1 0 1739 238 0 0 5 2 0 0 20 0 1 0 923124130 27553792 3402 17179869184 93824994299904 93824996572973 140737488338256 0 0 0 134217728 4 74274 1 0 0 17 18 0 0 0 0 0 93824998874888 93825001005840 93825001308160 140737488340073 140737488340470 140737488340470 140737488351179 0
/proc/1608569/statm: 6727 3402 2097 555 0 1769 0
[pid=1608601] ppid=1608569 vsize=27456 memory=19388 CPUtime=0.57 cores=18-19
/proc/1608601/stat : 1608601 (clingo) R 1608569 1608569 1608220 0 -1 0 3070 0 0 0 57 0 0 0 20 0 1 0 923124138 28114944 4847 17179869184 93824992301056 93824992468925 140737488338416 0 0 0 134217728 4 25184771 0 0 0 17 18 0 0 0 0 0 93824992533936 93824992571272 93824992575488 140737488340183 140737488340354 140737488340354 140737488351170 0
/proc/1608601/statm: 6864 4847 2089 41 0 2943 0
Current children cumulated CPU time: 0.64 s
Current children cumulated vsize: 54364 KiB
Current children cumulated memory: 32996 KiB

[startup+1.50035 s]
/proc/loadavg: 14.23 14.27 14.05 15/829 1608654
/proc/meminfo: memFree=373587464/528004520 swapFree=8388604/8388604
[pid=1608569] ppid=1608566 vsize=26908 memory=13608 CPUtime=0.07 cores=18-19
/proc/1608569/stat : 1608569 (perf) S 1608566 1608569 1608220 0 -1 0 1739 238 0 0 5 2 0 0 20 0 1 0 923124130 27553792 3402 17179869184 93824994299904 93824996572973 140737488338256 0 0 0 134217728 4 74274 1 0 0 17 18 0 0 0 0 0 93824998874888 93825001005840 93825001308160 140737488340073 140737488340470 140737488340470 140737488351179 0
/proc/1608569/statm: 6727 3402 2097 555 0 1769 0
[pid=1608601] ppid=1608569 vsize=28248 memory=20180 CPUtime=1.37 cores=18-19
/proc/1608601/stat : 1608601 (clingo) R 1608569 1608569 1608220 0 -1 0 3276 0 0 0 137 0 0 0 20 0 1 0 923124138 28925952 5045 17179869184 93824992301056 93824992468925 140737488338416 0 0 0 134217728 4 25184771 0 0 0 17 18 0 0 0 0 0 93824992533936 93824992571272 93824992575488 140737488340183 140737488340354 140737488340354 140737488351170 0
/proc/1608601/statm: 7062 5045 2089 41 0 3141 0
Current children cumulated CPU time: 1.44 s
Current children cumulated vsize: 55156 KiB
Current children cumulated memory: 33788 KiB

[startup+3.11978 s]
/proc/loadavg: 14.23 14.27 14.05 17/843 1609295
/proc/meminfo: memFree=373856592/528004520 swapFree=8388604/8388604
[pid=1608569] ppid=1608566 vsize=26908 memory=13608 CPUtime=0.07 cores=18-19
/proc/1608569/stat : 1608569 (perf) S 1608566 1608569 1608220 0 -1 0 1739 238 0 0 5 2 0 0 20 0 1 0 923124130 27553792 3402 17179869184 93824994299904 93824996572973 140737488338256 0 0 0 134217728 4 74274 1 0 0 17 18 0 0 0 0 0 93824998874888 93825001005840 93825001308160 140737488340073 140737488340470 140737488340470 140737488351179 0
/proc/1608569/statm: 6727 3402 2097 555 0 1769 0
[pid=1608601] ppid=1608569 vsize=31604 memory=23348 CPUtime=2.99 cores=18-19
/proc/1608601/stat : 1608601 (clingo) R 1608569 1608569 1608220 0 -1 0 4082 0 0 0 299 0 0 0 20 0 1 0 923124138 32362496 5837 17179869184 93824992301056 93824992468925 140737488338416 0 0 0 134217728 4 25184771 0 0 0 17 18 0 0 0 0 0 93824992533936 93824992571272 93824992575488 140737488340183 140737488340354 140737488340354 140737488351170 0
/proc/1608601/statm: 7901 5837 2089 41 0 3980 0
Current children cumulated CPU time: 3.06 s
Current children cumulated vsize: 58512 KiB
Current children cumulated memory: 36956 KiB

[startup+6.30028 s]
/proc/loadavg: 14.21 14.27 14.05 14/840 1609477
/proc/meminfo: memFree=373565588/528004520 swapFree=8388604/8388604
[pid=1608569] ppid=1608566 vsize=26908 memory=13608 CPUtime=0.07 cores=18-19
/proc/1608569/stat : 1608569 (perf) S 1608566 1608569 1608220 0 -1 0 1739 238 0 0 5 2 0 0 20 0 1 0 923124130 27553792 3402 17179869184 93824994299904 93824996572973 140737488338256 0 0 0 134217728 4 74274 1 0 0 17 18 0 0 0 0 0 93824998874888 93825001005840 93825001308160 140737488340073 140737488340470 140737488340470 140737488351179 0
/proc/1608569/statm: 6727 3402 2097 555 0 1769 0
[pid=1608601] ppid=1608569 vsize=35636 memory=27044 CPUtime=6.17 cores=18-19
/proc/1608601/stat : 1608601 (clingo) R 1608569 1608569 1608220 0 -1 0 4983 0 0 0 616 1 0 0 20 0 1 0 923124138 36491264 6761 17179869184 93824992301056 93824992468925 140737488338416 0 0 0 134217728 4 25184771 0 0 0 17 18 0 0 0 0 0 93824992533936 93824992571272 93824992575488 140737488340183 140737488340354 140737488340354 140737488351170 0
/proc/1608601/statm: 8909 6761 2089 41 0 4988 0
Current children cumulated CPU time: 6.24 s
Current children cumulated vsize: 62544 KiB
Current children cumulated memory: 40652 KiB

[startup+12.7003 s]
/proc/loadavg: 14.36 14.30 14.06 15/860 1609853
/proc/meminfo: memFree=373375024/528004520 swapFree=8388604/8388604
[pid=1608569] ppid=1608566 vsize=26908 memory=13608 CPUtime=0.07 cores=18-19
/proc/1608569/stat : 1608569 (perf) S 1608566 1608569 1608220 0 -1 0 1739 238 0 0 5 2 0 0 20 0 1 0 923124130 27553792 3402 17179869184 93824994299904 93824996572973 140737488338256 0 0 0 134217728 4 74274 1 0 0 17 18 0 0 0 0 0 93824998874888 93825001005840 93825001308160 140737488340073 140737488340470 140737488340470 140737488351179 0
/proc/1608569/statm: 6727 3402 2097 555 0 1769 0
[pid=1608601] ppid=1608569 vsize=39640 memory=30476 CPUtime=12.57 cores=18-19
/proc/1608601/stat : 1608601 (clingo) R 1608569 1608569 1608220 0 -1 0 5861 0 0 0 1256 1 0 0 20 0 1 0 923124138 40591360 7619 17179869184 93824992301056 93824992468925 140737488338416 0 0 0 134217728 4 25184771 0 0 0 17 18 0 0 0 0 0 93824992533936 93824992571272 93824992575488 140737488340183 140737488340354 140737488340354 140737488351170 0
/proc/1608601/statm: 9910 7619 2089 41 0 5989 0
Current children cumulated CPU time: 12.64 s
Current children cumulated vsize: 66548 KiB
Current children cumulated memory: 44084 KiB

[startup+25.5003 s]
/proc/loadavg: 14.53 14.33 14.08 15/862 1609964
/proc/meminfo: memFree=373191248/528004520 swapFree=8388604/8388604
[pid=1608569] ppid=1608566 vsize=26908 memory=13608 CPUtime=0.07 cores=18-19
/proc/1608569/stat : 1608569 (perf) S 1608566 1608569 1608220 0 -1 0 1739 238 0 0 5 2 0 0 20 0 1 0 923124130 27553792 3402 17179869184 93824994299904 93824996572973 140737488338256 0 0 0 134217728 4 74274 1 0 0 17 18 0 0 0 0 0 93824998874888 93825001005840 93825001308160 140737488340073 140737488340470 140737488340470 140737488351179 0
/proc/1608569/statm: 6727 3402 2097 555 0 1769 0
[pid=1608601] ppid=1608569 vsize=44276 memory=34436 CPUtime=25.37 cores=18-19
/proc/1608601/stat : 1608601 (clingo) R 1608569 1608569 1608220 0 -1 0 6876 0 0 0 2536 1 0 0 20 0 1 0 923124138 45338624 8609 17179869184 93824992301056 93824992468925 140737488338416 0 0 0 134217728 4 25184771 0 0 0 17 18 0 0 0 0 0 93824992533936 93824992571272 93824992575488 140737488340183 140737488340354 140737488340354 140737488351170 0
/proc/1608601/statm: 11069 8609 2089 41 0 7148 0
Current children cumulated CPU time: 25.44 s
Current children cumulated vsize: 71184 KiB
Current children cumulated memory: 48044 KiB

[startup+51.1205 s]
/proc/loadavg: 14.32 14.30 14.08 15/862 1610072
/proc/meminfo: memFree=372818260/528004520 swapFree=8388604/8388604
[pid=1608569] ppid=1608566 vsize=26908 memory=13608 CPUtime=0.07 cores=18-19
/proc/1608569/stat : 1608569 (perf) S 1608566 1608569 1608220 0 -1 0 1739 238 0 0 5 2 0 0 20 0 1 0 923124130 27553792 3402 17179869184 93824994299904 93824996572973 140737488338256 0 0 0 134217728 4 74274 1 0 0 17 18 0 0 0 0 0 93824998874888 93825001005840 93825001308160 140737488340073 140737488340470 140737488340470 140737488351179 0
/proc/1608569/statm: 6727 3402 2097 555 0 1769 0
[pid=1608601] ppid=1608569 vsize=49520 memory=39716 CPUtime=50.99 cores=18-19
/proc/1608601/stat : 1608601 (clingo) R 1608569 1608569 1608220 0 -1 0 8164 0 0 0 5098 1 0 0 20 0 1 0 923124138 50708480 9929 17179869184 93824992301056 93824992468925 140737488338416 0 0 0 134217728 4 25184771 0 0 0 17 18 0 0 0 0 0 93824992533936 93824992571272 93824992575488 140737488340183 140737488340354 140737488340354 140737488351170 0
/proc/1608601/statm: 12380 9929 2089 41 0 8459 0
Current children cumulated CPU time: 51.06 s
Current children cumulated vsize: 76428 KiB
Current children cumulated memory: 53324 KiB

[startup+102.3 s]
/proc/loadavg: 14.40 14.33 14.10 15/864 1610077
/proc/meminfo: memFree=372602876/528004520 swapFree=8388604/8388604
[pid=1608569] ppid=1608566 vsize=26908 memory=13608 CPUtime=0.07 cores=18-19
/proc/1608569/stat : 1608569 (perf) S 1608566 1608569 1608220 0 -1 0 1739 238 0 0 5 2 0 0 20 0 1 0 923124130 27553792 3402 17179869184 93824994299904 93824996572973 140737488338256 0 0 0 134217728 4 74274 1 0 0 17 18 0 0 0 0 0 93824998874888 93825001005840 93825001308160 140737488340073 140737488340470 140737488340470 140737488351179 0
/proc/1608569/statm: 6727 3402 2097 555 0 1769 0
[pid=1608601] ppid=1608569 vsize=57528 memory=46844 CPUtime=102.17 cores=18-19
/proc/1608601/stat : 1608601 (clingo) R 1608569 1608569 1608220 0 -1 0 9984 0 0 0 10216 1 0 0 20 0 1 0 923124138 58908672 11711 17179869184 93824992301056 93824992468925 140737488338416 0 0 0 134217728 4 25184771 0 0 0 17 18 0 0 0 0 0 93824992533936 93824992571272 93824992575488 140737488340183 140737488340354 140737488340354 140737488351170 0
/proc/1608601/statm: 14382 11711 2089 41 0 10461 0
Current children cumulated CPU time: 102.24 s
Current children cumulated vsize: 84436 KiB
Current children cumulated memory: 60452 KiB

[startup+162.3 s]
/proc/loadavg: 14.29 14.30 14.10 15/864 1610080
/proc/meminfo: memFree=372379640/528004520 swapFree=8388604/8388604
[pid=1608569] ppid=1608566 vsize=26908 memory=13608 CPUtime=0.07 cores=18-19
/proc/1608569/stat : 1608569 (perf) S 1608566 1608569 1608220 0 -1 0 1739 238 0 0 5 2 0 0 20 0 1 0 923124130 27553792 3402 17179869184 93824994299904 93824996572973 140737488338256 0 0 0 134217728 4 74274 1 0 0 17 18 0 0 0 0 0 93824998874888 93825001005840 93825001308160 140737488340073 140737488340470 140737488340470 140737488351179 0
/proc/1608569/statm: 6727 3402 2097 555 0 1769 0
[pid=1608601] ppid=1608569 vsize=64760 memory=53708 CPUtime=162.17 cores=18-19
/proc/1608601/stat : 1608601 (clingo) R 1608569 1608569 1608220 0 -1 0 11674 0 0 0 16216 1 0 0 20 0 1 0 923124138 66314240 13427 17179869184 93824992301056 93824992468925 140737488338416 0 0 0 134217728 4 25184771 0 0 0 17 18 0 0 0 0 0 93824992533936 93824992571272 93824992575488 140737488340183 140737488340354 140737488340354 140737488351170 0
/proc/1608601/statm: 16190 13427 2089 41 0 12269 0
Current children cumulated CPU time: 162.24 s
Current children cumulated vsize: 91668 KiB
Current children cumulated memory: 67316 KiB

[startup+222.3 s]
/proc/loadavg: 14.25 14.30 14.11 15/864 1610084
/proc/meminfo: memFree=372142812/528004520 swapFree=8388604/8388604
[pid=1608569] ppid=1608566 vsize=26908 memory=13608 CPUtime=0.07 cores=18-19
/proc/1608569/stat : 1608569 (perf) S 1608566 1608569 1608220 0 -1 0 1739 238 0 0 5 2 0 0 20 0 1 0 923124130 27553792 3402 17179869184 93824994299904 93824996572973 140737488338256 0 0 0 134217728 4 74274 1 0 0 17 18 0 0 0 0 0 93824998874888 93825001005840 93825001308160 140737488340073 140737488340470 140737488340470 140737488351179 0
/proc/1608569/statm: 6727 3402 2097 555 0 1769 0
[pid=1608601] ppid=1608569 vsize=69628 memory=58460 CPUtime=222.17 cores=18-19
/proc/1608601/stat : 1608601 (clingo) R 1608569 1608569 1608220 0 -1 0 12839 0 0 0 22216 1 0 0 20 0 1 0 923124138 71299072 14615 17179869184 93824992301056 93824992468925 140737488338416 0 0 0 134217728 4 25184771 0 0 0 17 18 0 0 0 0 0 93824992533936 93824992571272 93824992575488 140737488340183 140737488340354 140737488340354 140737488351170 0
/proc/1608601/statm: 17407 14615 2089 41 0 13486 0
Current children cumulated CPU time: 222.24 s
Current children cumulated vsize: 96536 KiB
Current children cumulated memory: 72068 KiB

[startup+282.3 s]
/proc/loadavg: 14.09 14.24 14.10 15/864 1610085
/proc/meminfo: memFree=371948536/528004520 swapFree=8388604/8388604
[pid=1608569] ppid=1608566 vsize=26908 memory=13608 CPUtime=0.07 cores=18-19
/proc/1608569/stat : 1608569 (perf) S 1608566 1608569 1608220 0 -1 0 1739 238 0 0 5 2 0 0 20 0 1 0 923124130 27553792 3402 17179869184 93824994299904 93824996572973 140737488338256 0 0 0 134217728 4 74274 1 0 0 17 18 0 0 0 0 0 93824998874888 93825001005840 93825001308160 140737488340073 140737488340470 140737488340470 140737488351179 0
/proc/1608569/statm: 6727 3402 2097 555 0 1769 0
[pid=1608601] ppid=1608569 vsize=75888 memory=63740 CPUtime=282.17 cores=18-19
/proc/1608601/stat : 1608601 (clingo) R 1608569 1608569 1608220 0 -1 0 14209 0 0 0 28216 1 0 0 20 0 1 0 923124138 77709312 15935 17179869184 93824992301056 93824992468925 140737488338416 0 0 0 134217728 4 25184771 0 0 0 17 18 0 0 0 0 0 93824992533936 93824992571272 93824992575488 140737488340183 140737488340354 140737488340354 140737488351170 0
/proc/1608601/statm: 18972 15935 2089 41 0 15051 0
Current children cumulated CPU time: 282.24 s
Current children cumulated vsize: 102796 KiB
Current children cumulated memory: 77348 KiB

[startup+342.3 s]
/proc/loadavg: 14.03 14.20 14.09 15/837 1610090
/proc/meminfo: memFree=371807976/528004520 swapFree=8388604/8388604
[pid=1608569] ppid=1608566 vsize=26908 memory=13608 CPUtime=0.07 cores=18-19
/proc/1608569/stat : 1608569 (perf) S 1608566 1608569 1608220 0 -1 0 1739 238 0 0 5 2 0 0 20 0 1 0 923124130 27553792 3402 17179869184 93824994299904 93824996572973 140737488338256 0 0 0 134217728 4 74274 1 0 0 17 18 0 0 0 0 0 93824998874888 93825001005840 93825001308160 140737488340073 140737488340470 140737488340470 140737488351179 0
/proc/1608569/statm: 6727 3402 2097 555 0 1769 0
[pid=1608601] ppid=1608569 vsize=80440 memory=67700 CPUtime=342.17 cores=18-19
/proc/1608601/stat : 1608601 (clingo) R 1608569 1608569 1608220 0 -1 0 15195 0 0 0 34216 1 0 0 20 0 1 0 923124138 82370560 16925 17179869184 93824992301056 93824992468925 140737488338416 0 0 0 134217728 4 25184771 0 0 0 17 18 0 0 0 0 0 93824992533936 93824992571272 93824992575488 140737488340183 140737488340354 140737488340354 140737488351170 0
/proc/1608601/statm: 20110 16925 2089 41 0 16189 0
Current children cumulated CPU time: 342.24 s
Current children cumulated vsize: 107348 KiB
Current children cumulated memory: 81308 KiB

[startup+402.3 s]
/proc/loadavg: 14.01 14.16 14.08 15/832 1610094
/proc/meminfo: memFree=371724388/528004520 swapFree=8388604/8388604
[pid=1608569] ppid=1608566 vsize=26908 memory=13608 CPUtime=0.07 cores=18-19
/proc/1608569/stat : 1608569 (perf) S 1608566 1608569 1608220 0 -1 0 1739 238 0 0 5 2 0 0 20 0 1 0 923124130 27553792 3402 17179869184 93824994299904 93824996572973 140737488338256 0 0 0 134217728 4 74274 1 0 0 17 18 0 0 0 0 0 93824998874888 93825001005840 93825001308160 140737488340073 140737488340470 140737488340470 140737488351179 0
/proc/1608569/statm: 6727 3402 2097 555 0 1769 0
[pid=1608601] ppid=1608569 vsize=83852 memory=70868 CPUtime=402.17 cores=18-19
/proc/1608601/stat : 1608601 (clingo) R 1608569 1608569 1608220 0 -1 0 15987 0 0 0 40216 1 0 0 20 0 1 0 923124138 85864448 17717 17179869184 93824992301056 93824992468925 140737488338416 0 0 0 134217728 4 25184771 0 0 0 17 18 0 0 0 0 0 93824992533936 93824992571272 93824992575488 140737488340183 140737488340354 140737488340354 140737488351170 0
/proc/1608601/statm: 20963 17717 2089 41 0 17042 0
Current children cumulated CPU time: 402.24 s
Current children cumulated vsize: 110760 KiB
Current children cumulated memory: 84476 KiB

[startup+462.3 s]
/proc/loadavg: 14.00 14.13 14.08 15/833 1610098
/proc/meminfo: memFree=371668476/528004520 swapFree=8388604/8388604
[pid=1608569] ppid=1608566 vsize=26908 memory=13608 CPUtime=0.07 cores=18-19
/proc/1608569/stat : 1608569 (perf) S 1608566 1608569 1608220 0 -1 0 1739 238 0 0 5 2 0 0 20 0 1 0 923124130 27553792 3402 17179869184 93824994299904 93824996572973 140737488338256 0 0 0 134217728 4 74274 1 0 0 17 18 0 0 0 0 0 93824998874888 93825001005840 93825001308160 140737488340073 140737488340470 140737488340470 140737488351179 0
/proc/1608569/statm: 6727 3402 2097 555 0 1769 0
[pid=1608601] ppid=1608569 vsize=86320 memory=73244 CPUtime=462.16 cores=18-19
/proc/1608601/stat : 1608601 (clingo) R 1608569 1608569 1608220 0 -1 0 16581 0 0 0 46215 1 0 0 20 0 1 0 923124138 88391680 18311 17179869184 93824992301056 93824992468925 140737488338416 0 0 0 134217728 4 25184771 0 0 0 17 18 0 0 0 0 0 93824992533936 93824992571272 93824992575488 140737488340183 140737488340354 140737488340354 140737488351170 0
/proc/1608601/statm: 21580 18311 2089 41 0 17659 0
Current children cumulated CPU time: 462.23 s
Current children cumulated vsize: 113228 KiB
Current children cumulated memory: 86852 KiB

[startup+522.3 s]
/proc/loadavg: 15.02 14.36 14.16 15/833 1610101
/proc/meminfo: memFree=371612580/528004520 swapFree=8388604/8388604
[pid=1608569] ppid=1608566 vsize=26908 memory=13608 CPUtime=0.07 cores=18-19
/proc/1608569/stat : 1608569 (perf) S 1608566 1608569 1608220 0 -1 0 1739 238 0 0 5 2 0 0 20 0 1 0 923124130 27553792 3402 17179869184 93824994299904 93824996572973 140737488338256 0 0 0 134217728 4 74274 1 0 0 17 18 0 0 0 0 0 93824998874888 93825001005840 93825001308160 140737488340073 140737488340470 140737488340470 140737488351179 0
/proc/1608569/statm: 6727 3402 2097 555 0 1769 0
[pid=1608601] ppid=1608569 vsize=89352 memory=76148 CPUtime=522.17 cores=18-19
/proc/1608601/stat : 1608601 (clingo) R 1608569 1608569 1608220 0 -1 0 17297 0 0 0 52215 2 0 0 20 0 1 0 923124138 91496448 19037 17179869184 93824992301056 93824992468925 140737488338416 0 0 0 134217728 4 25184771 0 0 0 17 18 0 0 0 0 0 93824992533936 93824992571272 93824992575488 140737488340183 140737488340354 140737488340354 140737488351170 0
/proc/1608601/statm: 22338 19037 2089 41 0 18417 0
Current children cumulated CPU time: 522.24 s
Current children cumulated vsize: 116260 KiB
Current children cumulated memory: 89756 KiB

[startup+582.3 s]
/proc/loadavg: 14.83 14.47 14.21 15/833 1610106
/proc/meminfo: memFree=371497464/528004520 swapFree=8388604/8388604
[pid=1608569] ppid=1608566 vsize=26908 memory=13608 CPUtime=0.07 cores=18-19
/proc/1608569/stat : 1608569 (perf) S 1608566 1608569 1608220 0 -1 0 1739 238 0 0 5 2 0 0 20 0 1 0 923124130 27553792 3402 17179869184 93824994299904 93824996572973 140737488338256 0 0 0 134217728 4 74274 1 0 0 17 18 0 0 0 0 0 93824998874888 93825001005840 93825001308160 140737488340073 140737488340470 140737488340470 140737488351179 0
/proc/1608569/statm: 6727 3402 2097 555 0 1769 0
[pid=1608601] ppid=1608569 vsize=89924 memory=76940 CPUtime=582.17 cores=18-19
/proc/1608601/stat : 1608601 (clingo) R 1608569 1608569 1608220 0 -1 0 17498 0 0 0 58215 2 0 0 20 0 1 0 923124138 92082176 19235 17179869184 93824992301056 93824992468925 140737488338416 0 0 0 134217728 4 25184771 0 0 0 17 18 0 0 0 0 0 93824992533936 93824992571272 93824992575488 140737488340183 140737488340354 140737488340354 140737488351170 0
/proc/1608601/statm: 22481 19235 2089 41 0 18560 0
Current children cumulated CPU time: 582.24 s
Current children cumulated vsize: 116832 KiB
Current children cumulated memory: 90548 KiB

[startup+642.3 s]
/proc/loadavg: 14.51 14.45 14.22 15/833 1610107
/proc/meminfo: memFree=371467252/528004520 swapFree=8388604/8388604
[pid=1608569] ppid=1608566 vsize=26908 memory=13608 CPUtime=0.07 cores=18-19
/proc/1608569/stat : 1608569 (perf) S 1608566 1608569 1608220 0 -1 0 1739 238 0 0 5 2 0 0 20 0 1 0 923124130 27553792 3402 17179869184 93824994299904 93824996572973 140737488338256 0 0 0 134217728 4 74274 1 0 0 17 18 0 0 0 0 0 93824998874888 93825001005840 93825001308160 140737488340073 140737488340470 140737488340470 140737488351179 0
/proc/1608569/statm: 6727 3402 2097 555 0 1769 0
[pid=1608601] ppid=1608569 vsize=92144 memory=79580 CPUtime=642.17 cores=18-19
/proc/1608601/stat : 1608601 (clingo) R 1608569 1608569 1608220 0 -1 0 18116 0 0 0 64215 2 0 0 20 0 1 0 923124138 94355456 19895 17179869184 93824992301056 93824992468925 140737488338416 0 0 0 134217728 4 25184771 0 0 0 17 18 0 0 0 0 0 93824992533936 93824992571272 93824992575488 140737488340183 140737488340354 140737488340354 140737488351170 0
/proc/1608601/statm: 23036 19895 2089 41 0 19115 0
Current children cumulated CPU time: 642.24 s
Current children cumulated vsize: 119052 KiB
Current children cumulated memory: 93188 KiB

[startup+702.3 s]
/proc/loadavg: 14.18 14.36 14.20 15/833 1610109
/proc/meminfo: memFree=371425200/528004520 swapFree=8388604/8388604
[pid=1608569] ppid=1608566 vsize=26908 memory=13608 CPUtime=0.07 cores=18-19
/proc/1608569/stat : 1608569 (perf) S 1608566 1608569 1608220 0 -1 0 1739 238 0 0 5 2 0 0 20 0 1 0 923124130 27553792 3402 17179869184 93824994299904 93824996572973 140737488338256 0 0 0 134217728 4 74274 1 0 0 17 18 0 0 0 0 0 93824998874888 93825001005840 93825001308160 140737488340073 140737488340470 140737488340470 140737488351179 0
/proc/1608569/statm: 6727 3402 2097 555 0 1769 0
[pid=1608601] ppid=1608569 vsize=93948 memory=81164 CPUtime=702.16 cores=18-19
/proc/1608601/stat : 1608601 (clingo) R 1608569 1608569 1608220 0 -1 0 18535 0 0 0 70214 2 0 0 20 0 1 0 923124138 96202752 20291 17179869184 93824992301056 93824992468925 140737488338416 0 0 0 134217728 4 25184771 0 0 0 17 18 0 0 0 0 0 93824992533936 93824992571272 93824992575488 140737488340183 140737488340354 140737488340354 140737488351170 0
/proc/1608601/statm: 23487 20291 2089 41 0 19566 0
Current children cumulated CPU time: 702.23 s
Current children cumulated vsize: 120856 KiB
Current children cumulated memory: 94772 KiB

[startup+762.3 s]
/proc/loadavg: 14.50 14.43 14.23 15/832 1610110
/proc/meminfo: memFree=371315336/528004520 swapFree=8388604/8388604
[pid=1608569] ppid=1608566 vsize=26908 memory=13608 CPUtime=0.07 cores=18-19
/proc/1608569/stat : 1608569 (perf) S 1608566 1608569 1608220 0 -1 0 1739 238 0 0 5 2 0 0 20 0 1 0 923124130 27553792 3402 17179869184 93824994299904 93824996572973 140737488338256 0 0 0 134217728 4 74274 1 0 0 17 18 0 0 0 0 0 93824998874888 93825001005840 93825001308160 140737488340073 140737488340470 140737488340470 140737488351179 0
/proc/1608569/statm: 6727 3402 2097 555 0 1769 0
[pid=1608601] ppid=1608569 vsize=95964 memory=83276 CPUtime=762.16 cores=18-19
/proc/1608601/stat : 1608601 (clingo) R 1608569 1608569 1608220 0 -1 0 19081 0 0 0 76214 2 0 0 20 0 1 0 923124138 98267136 20819 17179869184 93824992301056 93824992468925 140737488338416 0 0 0 134217728 4 25184771 0 0 0 17 18 0 0 0 0 0 93824992533936 93824992571272 93824992575488 140737488340183 140737488340354 140737488340354 140737488351170 0
/proc/1608601/statm: 23991 20819 2089 41 0 20070 0
Current children cumulated CPU time: 762.23 s
Current children cumulated vsize: 122872 KiB
Current children cumulated memory: 96884 KiB

[startup+822.3 s]
/proc/loadavg: 14.18 14.35 14.22 15/839 1610226
/proc/meminfo: memFree=371261332/528004520 swapFree=8388604/8388604
[pid=1608569] ppid=1608566 vsize=26908 memory=13608 CPUtime=0.07 cores=18-19
/proc/1608569/stat : 1608569 (perf) S 1608566 1608569 1608220 0 -1 0 1739 238 0 0 5 2 0 0 20 0 1 0 923124130 27553792 3402 17179869184 93824994299904 93824996572973 140737488338256 0 0 0 134217728 4 74274 1 0 0 17 18 0 0 0 0 0 93824998874888 93825001005840 93825001308160 140737488340073 140737488340470 140737488340470 140737488351179 0
/proc/1608569/statm: 6727 3402 2097 555 0 1769 0
[pid=1608601] ppid=1608569 vsize=98268 memory=85388 CPUtime=822.17 cores=18-19
/proc/1608601/stat : 1608601 (clingo) R 1608569 1608569 1608220 0 -1 0 19589 0 0 0 82214 3 0 0 20 0 1 0 923124138 100626432 21347 17179869184 93824992301056 93824992468925 140737488338416 0 0 0 134217728 4 25184771 0 0 0 17 18 0 0 0 0 0 93824992533936 93824992571272 93824992575488 140737488340183 140737488340354 140737488340354 140737488351170 0
/proc/1608601/statm: 24567 21347 2089 41 0 20646 0
Current children cumulated CPU time: 822.24 s
Current children cumulated vsize: 125176 KiB
Current children cumulated memory: 98996 KiB

[startup+882.3 s]
/proc/loadavg: 14.06 14.28 14.20 15/844 1610275
/proc/meminfo: memFree=370970320/528004520 swapFree=8388604/8388604
[pid=1608569] ppid=1608566 vsize=26908 memory=13608 CPUtime=0.07 cores=18-19
/proc/1608569/stat : 1608569 (perf) S 1608566 1608569 1608220 0 -1 0 1739 238 0 0 5 2 0 0 20 0 1 0 923124130 27553792 3402 17179869184 93824994299904 93824996572973 140737488338256 0 0 0 134217728 4 74274 1 0 0 17 18 0 0 0 0 0 93824998874888 93825001005840 93825001308160 140737488340073 140737488340470 140737488340470 140737488351179 0
/proc/1608569/statm: 6727 3402 2097 555 0 1769 0
[pid=1608601] ppid=1608569 vsize=101148 memory=87764 CPUtime=882.17 cores=18-19
/proc/1608601/stat : 1608601 (clingo) R 1608569 1608569 1608220 0 -1 0 20198 0 0 0 88214 3 0 0 20 0 1 0 923124138 103575552 21941 17179869184 93824992301056 93824992468925 140737488338416 0 0 0 134217728 4 25184771 0 0 0 17 18 0 0 0 0 0 93824992533936 93824992571272 93824992575488 140737488340183 140737488340354 140737488340354 140737488351170 0
/proc/1608601/statm: 25287 21941 2089 41 0 21366 0
Current children cumulated CPU time: 882.24 s
Current children cumulated vsize: 128056 KiB
Current children cumulated memory: 101372 KiB

[startup+942.3 s]
/proc/loadavg: 14.02 14.23 14.18 15/844 1610276
/proc/meminfo: memFree=370936268/528004520 swapFree=8388604/8388604
[pid=1608569] ppid=1608566 vsize=26908 memory=13608 CPUtime=0.07 cores=18-19
/proc/1608569/stat : 1608569 (perf) S 1608566 1608569 1608220 0 -1 0 1739 238 0 0 5 2 0 0 20 0 1 0 923124130 27553792 3402 17179869184 93824994299904 93824996572973 140737488338256 0 0 0 134217728 4 74274 1 0 0 17 18 0 0 0 0 0 93824998874888 93825001005840 93825001308160 140737488340073 140737488340470 140737488340470 140737488351179 0
/proc/1608569/statm: 6727 3402 2097 555 0 1769 0
[pid=1608601] ppid=1608569 vsize=103164 memory=89612 CPUtime=942.17 cores=18-19
/proc/1608601/stat : 1608601 (clingo) R 1608569 1608569 1608220 0 -1 0 20645 0 0 0 94214 3 0 0 20 0 1 0 923124138 105639936 22403 17179869184 93824992301056 93824992468925 140737488338416 0 0 0 134217728 4 25184771 0 0 0 17 18 0 0 0 0 0 93824992533936 93824992571272 93824992575488 140737488340183 140737488340354 140737488340354 140737488351170 0
/proc/1608601/statm: 25791 22403 2089 41 0 21870 0
Current children cumulated CPU time: 942.24 s
Current children cumulated vsize: 130072 KiB
Current children cumulated memory: 103220 KiB

[startup+1002.3 s]
/proc/loadavg: 14.01 14.19 14.17 15/845 1610386
/proc/meminfo: memFree=370863284/528004520 swapFree=8388604/8388604
[pid=1608569] ppid=1608566 vsize=26908 memory=13608 CPUtime=0.07 cores=18-19
/proc/1608569/stat : 1608569 (perf) S 1608566 1608569 1608220 0 -1 0 1739 238 0 0 5 2 0 0 20 0 1 0 923124130 27553792 3402 17179869184 93824994299904 93824996572973 140737488338256 0 0 0 134217728 4 74274 1 0 0 17 18 0 0 0 0 0 93824998874888 93825001005840 93825001308160 140737488340073 140737488340470 140737488340470 140737488351179 0
/proc/1608569/statm: 6727 3402 2097 555 0 1769 0
[pid=1608601] ppid=1608569 vsize=106908 memory=92780 CPUtime=1002.16 cores=18-19
/proc/1608601/stat : 1608601 (clingo) R 1608569 1608569 1608220 0 -1 0 21412 0 0 0 100213 3 0 0 20 0 1 0 923124138 109473792 23195 17179869184 93824992301056 93824992468925 140737488338416 0 0 0 134217728 4 25184771 0 0 0 17 18 0 0 0 0 0 93824992533936 93824992571272 93824992575488 140737488340183 140737488340354 140737488340354 140737488351170 0
/proc/1608601/statm: 26727 23195 2089 41 0 22806 0
Current children cumulated CPU time: 1002.23 s
Current children cumulated vsize: 133816 KiB
Current children cumulated memory: 106388 KiB

[startup+1062.3 s]
/proc/loadavg: 14.24 14.21 14.18 15/846 1610388
/proc/meminfo: memFree=370628932/528004520 swapFree=8388604/8388604
[pid=1608569] ppid=1608566 vsize=26908 memory=13608 CPUtime=0.07 cores=18-19
/proc/1608569/stat : 1608569 (perf) S 1608566 1608569 1608220 0 -1 0 1739 238 0 0 5 2 0 0 20 0 1 0 923124130 27553792 3402 17179869184 93824994299904 93824996572973 140737488338256 0 0 0 134217728 4 74274 1 0 0 17 18 0 0 0 0 0 93824998874888 93825001005840 93825001308160 140737488340073 140737488340470 140737488340470 140737488351179 0
/proc/1608569/statm: 6727 3402 2097 555 0 1769 0
[pid=1608601] ppid=1608569 vsize=111228 memory=96212 CPUtime=1062.16 cores=18-19
/proc/1608601/stat : 1608601 (clingo) R 1608569 1608569 1608220 0 -1 0 22288 0 0 0 106213 3 0 0 20 0 1 0 923124138 113897472 24053 17179869184 93824992301056 93824992468925 140737488338416 0 0 0 134217728 4 25184771 0 0 0 17 18 0 0 0 0 0 93824992533936 93824992571272 93824992575488 140737488340183 140737488340354 140737488340354 140737488351170 0
/proc/1608601/statm: 27807 24053 2089 41 0 23886 0
Current children cumulated CPU time: 1062.23 s
Current children cumulated vsize: 138136 KiB
Current children cumulated memory: 109820 KiB

[startup+1122.3 s]
/proc/loadavg: 14.09 14.17 14.17 15/840 1610392
/proc/meminfo: memFree=370573272/528004520 swapFree=8388604/8388604
[pid=1608569] ppid=1608566 vsize=26908 memory=13608 CPUtime=0.07 cores=18-19
/proc/1608569/stat : 1608569 (perf) S 1608566 1608569 1608220 0 -1 0 1739 238 0 0 5 2 0 0 20 0 1 0 923124130 27553792 3402 17179869184 93824994299904 93824996572973 140737488338256 0 0 0 134217728 4 74274 1 0 0 17 18 0 0 0 0 0 93824998874888 93825001005840 93825001308160 140737488340073 140737488340470 140737488340470 140737488351179 0
/proc/1608569/statm: 6727 3402 2097 555 0 1769 0
[pid=1608601] ppid=1608569 vsize=114108 memory=98588 CPUtime=1122.16 cores=18-19
/proc/1608601/stat : 1608601 (clingo) R 1608569 1608569 1608220 0 -1 0 22908 0 0 0 112213 3 0 0 20 0 1 0 923124138 116846592 24647 17179869184 93824992301056 93824992468925 140737488338416 0 0 0 134217728 4 25184771 0 0 0 17 18 0 0 0 0 0 93824992533936 93824992571272 93824992575488 140737488340183 140737488340354 140737488340354 140737488351170 0
/proc/1608601/statm: 28527 24647 2089 41 0 24606 0
Current children cumulated CPU time: 1122.23 s
Current children cumulated vsize: 141016 KiB
Current children cumulated memory: 112196 KiB

[startup+1182.3 s]
/proc/loadavg: 14.03 14.14 14.16 15/848 1610408
/proc/meminfo: memFree=370436244/528004520 swapFree=8388604/8388604
[pid=1608569] ppid=1608566 vsize=26908 memory=13608 CPUtime=0.07 cores=18-19
/proc/1608569/stat : 1608569 (perf) S 1608566 1608569 1608220 0 -1 0 1739 238 0 0 5 2 0 0 20 0 1 0 923124130 27553792 3402 17179869184 93824994299904 93824996572973 140737488338256 0 0 0 134217728 4 74274 1 0 0 17 18 0 0 0 0 0 93824998874888 93825001005840 93825001308160 140737488340073 140737488340470 140737488340470 140737488351179 0
/proc/1608569/statm: 6727 3402 2097 555 0 1769 0
[pid=1608601] ppid=1608569 vsize=117276 memory=100964 CPUtime=1182.16 cores=18-19
/proc/1608601/stat : 1608601 (clingo) R 1608569 1608569 1608220 0 -1 0 23509 0 0 0 118213 3 0 0 20 0 1 0 923124138 120090624 25241 17179869184 93824992301056 93824992468925 140737488338416 0 0 0 134217728 4 25184771 0 0 0 17 18 0 0 0 0 0 93824992533936 93824992571272 93824992575488 140737488340183 140737488340354 140737488340354 140737488351170 0
/proc/1608601/statm: 29319 25241 2089 41 0 25398 0
Current children cumulated CPU time: 1182.23 s
Current children cumulated vsize: 144184 KiB
Current children cumulated memory: 114572 KiB



Maximum wall clock time exceeded: sending SIGTERM then SIGKILL

[startup+1205 s]*
/proc/loadavg: 14.02 14.13 14.15 15/838 1610455
/proc/meminfo: memFree=370476076/528004520 swapFree=8388604/8388604
[pid=1608569] ppid=1608566 vsize=26908 memory=13608 CPUtime=0.07 cores=18-19
/proc/1608569/stat : 1608569 (perf) S 1608566 1608569 1608220 0 -1 0 1739 238 0 0 5 2 0 0 20 0 1 0 923124130 27553792 3402 17179869184 93824994299904 93824996572973 140737488338256 0 0 0 134217728 4 74274 1 0 0 17 18 0 0 0 0 0 93824998874888 93825001005840 93825001308160 140737488340073 140737488340470 140737488340470 140737488351179 0
/proc/1608569/statm: 6727 3402 2097 555 0 1769 0
[pid=1608601] ppid=1608569 vsize=118140 memory=101756 CPUtime=1204.88 cores=18-19
/proc/1608601/stat : 1608601 (clingo) R 1608569 1608569 1608220 0 -1 0 23696 0 0 0 120484 4 0 0 20 0 1 0 923124138 120975360 25439 17179869184 93824992301056 93824992468925 140737488338416 0 0 0 134217728 4 25184771 0 0 0 17 18 0 0 0 0 0 93824992533936 93824992571272 93824992575488 140737488340183 140737488340354 140737488340354 140737488351170 0
/proc/1608601/statm: 29535 25439 2089 41 0 25614 0
Current children cumulated CPU time: 1204.95 s
Current children cumulated vsize: 145048 KiB
Current children cumulated memory: 115364 KiB

Sending SIGINT to process tree (bottom up)
Sleeping 5 seconds

[startup+1205.03 s]
# the end of solver process 1608569 was just reported to runsolver
# cumulated CPU time of all completed processes:  user=1204.91 s, system=0.075227 s

Solver just ended.
??? end of watcher thread
Dumping a history of the last processes samples

Child status: 1
Real time (s): 1205.03
CPU time (s): 1204.99
CPU user time (s): 1204.91
CPU system time (s): 0.075227
CPU usage (%): 99.9965
Max. virtual memory (cumulated for all children) (KiB): 145048
Max. memory (cumulated for all children) (KiB): 115364

getrusage(RUSAGE_CHILDREN,...) data:
user time used= 1204.91
system time used= 0.075227
maximum resident set size= 101952
integral shared memory size= 0
integral unshared data size= 0
integral unshared stack size= 0
page reclaims= 25713
page faults= 0
swaps= 0
block input operations= 0
block output operations= 0
messages sent= 0
messages received= 0
signals received= 0
voluntary context switches= 19
involuntary context switches= 1756


# summary of solver processes directly reported to runsolver:
#   pid: 1608569
#   total CPU time (s): 1204.99
#   total CPU user time (s): 1204.91
#   total CPU system time (s): 0.075227

??? end of timestamper thread
runsolver used 9.20257 second user time and 16.6869 second system time

The end
