runsolver version 3.4.0 (svn: 3018) Copyright (C) 2010-2013 Olivier ROUSSEL

This program is distributed in the hope that it will be useful,
but WITHOUT ANY WARRANTY; without even the implied warranty of
MERCHANTABILITY or FITNESS FOR A PARTICULAR PURPOSE.  See the
GNU General Public License for more details.

NUMA information:
  number of nodes: 2
  memory of node 0: 257635 MiB (188927 MiB free)
  memory of node 1: 257994 MiB (188944 MiB free)
  node distances:
     10  20
     20  10

command line: /dev/shm/379542ee-2e81-11f1-ac62-000c298f4621/input/runsolver -w /dev/shm/379542ee-2e81-11f1-ac62-000c298f4621/output/runsolver.log -v /dev/shm/379542ee-2e81-11f1-ac62-000c298f4621/output/varfile.log -W 1205 --rss-swap-limit 16384 -d 5 --sigint /usr/bin/perf stat -B -e task-clock,cache-references,cache-misses,cycles,instructions,branches,faults,migrations,context-switches -o /dev/shm/379542ee-2e81-11f1-ac62-000c298f4621/output/perf.log clingo /home/guests/mmacri/AMOSUM/benchmarks/GraphColouring/encoding-plain-amo.asp /dev/shm/379542ee-2e81-11f1-ac62-000c298f4621/input/0057-graph_colouring-150-0_5760.asp 

running on 2 cores: 24-25

Enforcing wall clock limit (soft limit, will send SIGTERM then SIGKILL): 1205 seconds
Enforcing RSS+Swap limit (soft limit, will send SIGTERM then SIGKILL): 16777216 KiB
Linux 5.15.0-131-generic
solver pid=3337593, runsolver pid=3337589
Current StackSize limit: 8192 KiB


[startup+0.100068 s]*
/proc/loadavg: 14.31 14.19 14.02 18/814 3337635
/proc/meminfo: memFree=386953444/528004516 swapFree=8388604/8388604
[pid=3337593] ppid=3337589 vsize=26908 memory=13616 CPUtime=0.07 cores=24-25
/proc/3337593/stat : 3337593 (perf) S 3337589 3337593 3337381 0 -1 0 1738 237 0 0 6 1 0 0 20 0 1 0 923114607 27553792 3404 17179869184 93824994299904 93824996572973 140737488338256 0 0 0 134217728 4 74274 1 0 0 17 24 0 0 0 0 0 93824998874888 93825001005840 93825001308160 140737488340073 140737488340470 140737488340470 140737488351179 0
/proc/3337593/statm: 6727 3404 2099 555 0 1769 0
[pid=3337634] ppid=3337593 vsize=18904 memory=10684 CPUtime=0.01 cores=24-25
/proc/3337634/stat : 3337634 (clingo) R 3337593 3337593 3337381 0 -1 0 888 0 0 0 1 0 0 0 20 0 1 0 923114615 19357696 2671 17179869184 93824992301056 93824992468925 140737488338416 0 0 0 134217728 4 25184771 0 0 0 17 25 0 0 0 0 0 93824992533936 93824992571272 93824992575488 140737488340183 140737488340354 140737488340354 140737488351170 0
/proc/3337634/statm: 4726 2671 2045 41 0 805 0
Current children cumulated CPU time: 0.08 s
Current children cumulated vsize: 45812 KiB
Current children cumulated memory: 24300 KiB

[startup+0.226427 s]*
/proc/loadavg: 14.31 14.19 14.02 16/823 3337657
/proc/meminfo: memFree=387060884/528004516 swapFree=8388604/8388604
[pid=3337593] ppid=3337589 vsize=26908 memory=13616 CPUtime=0.07 cores=24-25
/proc/3337593/stat : 3337593 (perf) S 3337589 3337593 3337381 0 -1 0 1738 237 0 0 6 1 0 0 20 0 1 0 923114607 27553792 3404 17179869184 93824994299904 93824996572973 140737488338256 0 0 0 134217728 4 74274 1 0 0 17 24 0 0 0 0 0 93824998874888 93825001005840 93825001308160 140737488340073 140737488340470 140737488340470 140737488351179 0
/proc/3337593/statm: 6727 3404 2099 555 0 1769 0
[pid=3337634] ppid=3337593 vsize=24756 memory=16760 CPUtime=0.13 cores=24-25
/proc/3337634/stat : 3337634 (clingo) R 3337593 3337593 3337381 0 -1 0 2421 0 0 0 12 1 0 0 20 0 1 0 923114615 25350144 4190 17179869184 93824992301056 93824992468925 140737488338416 0 0 0 134217728 4 25184771 0 0 0 17 25 0 0 0 0 0 93824992533936 93824992571272 93824992575488 140737488340183 140737488340354 140737488340354 140737488351170 0
/proc/3337634/statm: 6189 4190 2092 41 0 2268 0
Current children cumulated CPU time: 0.2 s
Current children cumulated vsize: 51664 KiB
Current children cumulated memory: 30376 KiB

[startup+0.334466 s]*
/proc/loadavg: 14.31 14.19 14.02 18/827 3337693
/proc/meminfo: memFree=387031304/528004516 swapFree=8388604/8388604
[pid=3337593] ppid=3337589 vsize=26908 memory=13616 CPUtime=0.07 cores=24-25
/proc/3337593/stat : 3337593 (perf) S 3337589 3337593 3337381 0 -1 0 1738 237 0 0 6 1 0 0 20 0 1 0 923114607 27553792 3404 17179869184 93824994299904 93824996572973 140737488338256 0 0 0 134217728 4 74274 1 0 0 17 24 0 0 0 0 0 93824998874888 93825001005840 93825001308160 140737488340073 140737488340470 140737488340470 140737488351179 0
/proc/3337593/statm: 6727 3404 2099 555 0 1769 0
[pid=3337634] ppid=3337593 vsize=26616 memory=18608 CPUtime=0.22 cores=24-25
/proc/3337634/stat : 3337634 (clingo) R 3337593 3337593 3337381 0 -1 0 2865 0 0 0 21 1 0 0 20 0 1 0 923114615 27254784 4652 17179869184 93824992301056 93824992468925 140737488338416 0 0 0 134217728 4 25184771 0 0 0 17 25 0 0 0 0 0 93824992533936 93824992571272 93824992575488 140737488340183 140737488340354 140737488340354 140737488351170 0
/proc/3337634/statm: 6654 4652 2092 41 0 2733 0
Current children cumulated CPU time: 0.29 s
Current children cumulated vsize: 53524 KiB
Current children cumulated memory: 32224 KiB

[startup+0.700311 s]
/proc/loadavg: 14.31 14.19 14.02 15/819 3337752
/proc/meminfo: memFree=387163652/528004516 swapFree=8388604/8388604
[pid=3337593] ppid=3337589 vsize=26908 memory=13616 CPUtime=0.07 cores=24-25
/proc/3337593/stat : 3337593 (perf) S 3337589 3337593 3337381 0 -1 0 1738 237 0 0 6 1 0 0 20 0 1 0 923114607 27553792 3404 17179869184 93824994299904 93824996572973 140737488338256 0 0 0 134217728 4 74274 1 0 0 17 24 0 0 0 0 0 93824998874888 93825001005840 93825001308160 140737488340073 140737488340470 140737488340470 140737488351179 0
/proc/3337593/statm: 6727 3404 2099 555 0 1769 0
[pid=3337634] ppid=3337593 vsize=28892 memory=20720 CPUtime=0.51 cores=24-25
/proc/3337634/stat : 3337634 (clingo) R 3337593 3337593 3337381 0 -1 0 3425 0 0 0 50 1 0 0 20 0 1 0 923114615 29585408 5180 17179869184 93824992301056 93824992468925 140737488338416 0 0 0 134217728 4 25184771 0 0 0 17 25 0 0 0 0 0 93824992533936 93824992571272 93824992575488 140737488340183 140737488340354 140737488340354 140737488351170 0
/proc/3337634/statm: 7223 5180 2092 41 0 3302 0
Current children cumulated CPU time: 0.58 s
Current children cumulated vsize: 55800 KiB
Current children cumulated memory: 34336 KiB

[startup+1.50032 s]
/proc/loadavg: 14.36 14.20 14.03 18/834 3337904
/proc/meminfo: memFree=387121276/528004516 swapFree=8388604/8388604
[pid=3337593] ppid=3337589 vsize=26908 memory=13616 CPUtime=0.07 cores=24-25
/proc/3337593/stat : 3337593 (perf) S 3337589 3337593 3337381 0 -1 0 1738 237 0 0 6 1 0 0 20 0 1 0 923114607 27553792 3404 17179869184 93824994299904 93824996572973 140737488338256 0 0 0 134217728 4 74274 1 0 0 17 24 0 0 0 0 0 93824998874888 93825001005840 93825001308160 140737488340073 140737488340470 140737488340470 140737488351179 0
/proc/3337593/statm: 6727 3404 2099 555 0 1769 0
[pid=3337634] ppid=3337593 vsize=30760 memory=22568 CPUtime=1.29 cores=24-25
/proc/3337634/stat : 3337634 (clingo) R 3337593 3337593 3337381 0 -1 0 3895 0 0 0 127 2 0 0 20 0 1 0 923114615 31498240 5642 17179869184 93824992301056 93824992468925 140737488338416 0 0 0 134217728 4 25184771 0 0 0 17 25 0 0 0 0 0 93824992533936 93824992571272 93824992575488 140737488340183 140737488340354 140737488340354 140737488351170 0
/proc/3337634/statm: 7690 5642 2092 41 0 3769 0
Current children cumulated CPU time: 1.36 s
Current children cumulated vsize: 57668 KiB
Current children cumulated memory: 36184 KiB

[startup+3.11934 s]
/proc/loadavg: 14.36 14.20 14.03 17/841 3338406
/proc/meminfo: memFree=387127800/528004516 swapFree=8388604/8388604
[pid=3337593] ppid=3337589 vsize=26908 memory=13616 CPUtime=0.07 cores=24-25
/proc/3337593/stat : 3337593 (perf) S 3337589 3337593 3337381 0 -1 0 1738 237 0 0 6 1 0 0 20 0 1 0 923114607 27553792 3404 17179869184 93824994299904 93824996572973 140737488338256 0 0 0 134217728 4 74274 1 0 0 17 24 0 0 0 0 0 93824998874888 93825001005840 93825001308160 140737488340073 140737488340470 140737488340470 140737488351179 0
/proc/3337593/statm: 6727 3404 2099 555 0 1769 0
[pid=3337634] ppid=3337593 vsize=32880 memory=24680 CPUtime=2.91 cores=24-25
/proc/3337634/stat : 3337634 (clingo) R 3337593 3337593 3337381 0 -1 0 4437 0 0 0 289 2 0 0 20 0 1 0 923114615 33669120 6170 17179869184 93824992301056 93824992468925 140737488338416 0 0 0 134217728 4 25184771 0 0 0 17 24 0 0 0 0 0 93824992533936 93824992571272 93824992575488 140737488340183 140737488340354 140737488340354 140737488351170 0
/proc/3337634/statm: 8220 6170 2092 41 0 4299 0
Current children cumulated CPU time: 2.98 s
Current children cumulated vsize: 59788 KiB
Current children cumulated memory: 38296 KiB

[startup+6.3003 s]
/proc/loadavg: 14.26 14.18 14.02 15/847 3338914
/proc/meminfo: memFree=386990268/528004516 swapFree=8388604/8388604
[pid=3337593] ppid=3337589 vsize=26908 memory=13616 CPUtime=0.07 cores=24-25
/proc/3337593/stat : 3337593 (perf) S 3337589 3337593 3337381 0 -1 0 1738 237 0 0 6 1 0 0 20 0 1 0 923114607 27553792 3404 17179869184 93824994299904 93824996572973 140737488338256 0 0 0 134217728 4 74274 1 0 0 17 24 0 0 0 0 0 93824998874888 93825001005840 93825001308160 140737488340073 140737488340470 140737488340470 140737488351179 0
/proc/3337593/statm: 6727 3404 2099 555 0 1769 0
[pid=3337634] ppid=3337593 vsize=37316 memory=29168 CPUtime=6.09 cores=24-25
/proc/3337634/stat : 3337634 (clingo) R 3337593 3337593 3337381 0 -1 0 5509 0 0 0 607 2 0 0 20 0 1 0 923114615 38211584 7292 17179869184 93824992301056 93824992468925 140737488338416 0 0 0 134217728 4 25184771 0 0 0 17 24 0 0 0 0 0 93824992533936 93824992571272 93824992575488 140737488340183 140737488340354 140737488340354 140737488351170 0
/proc/3337634/statm: 9329 7292 2092 41 0 5408 0
Current children cumulated CPU time: 6.16 s
Current children cumulated vsize: 64224 KiB
Current children cumulated memory: 42784 KiB

[startup+12.7003 s]
/proc/loadavg: 14.32 14.20 14.03 17/874 3339124
/proc/meminfo: memFree=386649316/528004516 swapFree=8388604/8388604
[pid=3337593] ppid=3337589 vsize=26908 memory=13616 CPUtime=0.07 cores=24-25
/proc/3337593/stat : 3337593 (perf) S 3337589 3337593 3337381 0 -1 0 1738 237 0 0 6 1 0 0 20 0 1 0 923114607 27553792 3404 17179869184 93824994299904 93824996572973 140737488338256 0 0 0 134217728 4 74274 1 0 0 17 24 0 0 0 0 0 93824998874888 93825001005840 93825001308160 140737488340073 140737488340470 140737488340470 140737488351179 0
/proc/3337593/statm: 6727 3404 2099 555 0 1769 0
[pid=3337634] ppid=3337593 vsize=41740 memory=33316 CPUtime=12.49 cores=24-25
/proc/3337634/stat : 3337634 (clingo) R 3337593 3337593 3337381 0 -1 0 6769 0 0 0 1247 2 0 0 20 0 1 0 923114615 42741760 8329 17179869184 93824992301056 93824992468925 140737488338416 0 0 0 134217728 4 25184771 0 0 0 17 24 0 0 0 0 0 93824992533936 93824992571272 93824992575488 140737488340183 140737488340354 140737488340354 140737488351170 0
/proc/3337634/statm: 10435 8329 2092 41 0 6514 0
Current children cumulated CPU time: 12.56 s
Current children cumulated vsize: 68648 KiB
Current children cumulated memory: 46932 KiB

[startup+25.5004 s]
/proc/loadavg: 14.34 14.21 14.03 17/874 3339124
/proc/meminfo: memFree=386532984/528004516 swapFree=8388604/8388604
[pid=3337593] ppid=3337589 vsize=26908 memory=13616 CPUtime=0.07 cores=24-25
/proc/3337593/stat : 3337593 (perf) S 3337589 3337593 3337381 0 -1 0 1738 237 0 0 6 1 0 0 20 0 1 0 923114607 27553792 3404 17179869184 93824994299904 93824996572973 140737488338256 0 0 0 134217728 4 74274 1 0 0 17 24 0 0 0 0 0 93824998874888 93825001005840 93825001308160 140737488340073 140737488340470 140737488340470 140737488351179 0
/proc/3337593/statm: 6727 3404 2099 555 0 1769 0
[pid=3337634] ppid=3337593 vsize=47956 memory=39388 CPUtime=25.29 cores=24-25
/proc/3337634/stat : 3337634 (clingo) R 3337593 3337593 3337381 0 -1 0 8238 0 0 0 2527 2 0 0 20 0 1 0 923114615 49106944 9847 17179869184 93824992301056 93824992468925 140737488338416 0 0 0 134217728 4 25184771 0 0 0 17 24 0 0 0 0 0 93824992533936 93824992571272 93824992575488 140737488340183 140737488340354 140737488340354 140737488351170 0
/proc/3337634/statm: 11989 9847 2092 41 0 8068 0
Current children cumulated CPU time: 25.36 s
Current children cumulated vsize: 74864 KiB
Current children cumulated memory: 53004 KiB

[startup+51.1202 s]
/proc/loadavg: 14.21 14.18 14.03 17/869 3339127
/proc/meminfo: memFree=386298972/528004516 swapFree=8388604/8388604
[pid=3337593] ppid=3337589 vsize=26908 memory=13616 CPUtime=0.07 cores=24-25
/proc/3337593/stat : 3337593 (perf) S 3337589 3337593 3337381 0 -1 0 1738 237 0 0 6 1 0 0 20 0 1 0 923114607 27553792 3404 17179869184 93824994299904 93824996572973 140737488338256 0 0 0 134217728 4 74274 1 0 0 17 24 0 0 0 0 0 93824998874888 93825001005840 93825001308160 140737488340073 140737488340470 140737488340470 140737488351179 0
/proc/3337593/statm: 6727 3404 2099 555 0 1769 0
[pid=3337634] ppid=3337593 vsize=58496 memory=49296 CPUtime=50.9 cores=24-25
/proc/3337634/stat : 3337634 (clingo) R 3337593 3337593 3337381 0 -1 0 10940 0 0 0 5088 2 0 0 20 0 1 0 923114615 59899904 12324 17179869184 93824992301056 93824992468925 140737488338416 0 0 0 134217728 4 25184771 0 0 0 17 24 0 0 0 0 0 93824992533936 93824992571272 93824992575488 140737488340183 140737488340354 140737488340354 140737488351170 0
/proc/3337634/statm: 14624 12324 2092 41 0 10703 0
Current children cumulated CPU time: 50.97 s
Current children cumulated vsize: 85404 KiB
Current children cumulated memory: 62912 KiB

[startup+102.3 s]
/proc/loadavg: 14.13 14.17 14.03 17/874 3339241
/proc/meminfo: memFree=386085232/528004516 swapFree=8388604/8388604
[pid=3337593] ppid=3337589 vsize=26908 memory=13616 CPUtime=0.07 cores=24-25
/proc/3337593/stat : 3337593 (perf) S 3337589 3337593 3337381 0 -1 0 1738 237 0 0 6 1 0 0 20 0 1 0 923114607 27553792 3404 17179869184 93824994299904 93824996572973 140737488338256 0 0 0 134217728 4 74274 1 0 0 17 24 0 0 0 0 0 93824998874888 93825001005840 93825001308160 140737488340073 140737488340470 140737488340470 140737488351179 0
/proc/3337593/statm: 6727 3404 2099 555 0 1769 0
[pid=3337634] ppid=3337593 vsize=73236 memory=63424 CPUtime=102.09 cores=24-25
/proc/3337634/stat : 3337634 (clingo) R 3337593 3337593 3337381 0 -1 0 14955 0 0 0 10206 3 0 0 20 0 1 0 923114615 74993664 15856 17179869184 93824992301056 93824992468925 140737488338416 0 0 0 134217728 4 25184771 0 0 0 17 24 0 0 0 0 0 93824992533936 93824992571272 93824992575488 140737488340183 140737488340354 140737488340354 140737488351170 0
/proc/3337634/statm: 18309 15856 2092 41 0 14388 0
Current children cumulated CPU time: 102.16 s
Current children cumulated vsize: 100144 KiB
Current children cumulated memory: 77040 KiB

[startup+162.3 s]
/proc/loadavg: 14.05 14.14 14.03 17/875 3339245
/proc/meminfo: memFree=385928772/528004516 swapFree=8388604/8388604
[pid=3337593] ppid=3337589 vsize=26908 memory=13616 CPUtime=0.07 cores=24-25
/proc/3337593/stat : 3337593 (perf) S 3337589 3337593 3337381 0 -1 0 1738 237 0 0 6 1 0 0 20 0 1 0 923114607 27553792 3404 17179869184 93824994299904 93824996572973 140737488338256 0 0 0 134217728 4 74274 1 0 0 17 24 0 0 0 0 0 93824998874888 93825001005840 93825001308160 140737488340073 140737488340470 140737488340470 140737488351179 0
/proc/3337593/statm: 6727 3404 2099 555 0 1769 0
[pid=3337634] ppid=3337593 vsize=83608 memory=72400 CPUtime=162.09 cores=24-25
/proc/3337634/stat : 3337634 (clingo) R 3337593 3337593 3337381 0 -1 0 17198 0 0 0 16206 3 0 0 20 0 1 0 923114615 85614592 18100 17179869184 93824992301056 93824992468925 140737488338416 0 0 0 134217728 4 25184771 0 0 0 17 24 0 0 0 0 0 93824992533936 93824992571272 93824992575488 140737488340183 140737488340354 140737488340354 140737488351170 0
/proc/3337634/statm: 20902 18100 2092 41 0 16981 0
Current children cumulated CPU time: 162.16 s
Current children cumulated vsize: 110516 KiB
Current children cumulated memory: 86016 KiB

[startup+222.3 s]
/proc/loadavg: 14.06 14.12 14.03 17/875 3339248
/proc/meminfo: memFree=385783820/528004516 swapFree=8388604/8388604
[pid=3337593] ppid=3337589 vsize=26908 memory=13616 CPUtime=0.07 cores=24-25
/proc/3337593/stat : 3337593 (perf) S 3337589 3337593 3337381 0 -1 0 1738 237 0 0 6 1 0 0 20 0 1 0 923114607 27553792 3404 17179869184 93824994299904 93824996572973 140737488338256 0 0 0 134217728 4 74274 1 0 0 17 24 0 0 0 0 0 93824998874888 93825001005840 93825001308160 140737488340073 140737488340470 140737488340470 140737488351179 0
/proc/3337593/statm: 6727 3404 2099 555 0 1769 0
[pid=3337634] ppid=3337593 vsize=93708 memory=81376 CPUtime=222.08 cores=24-25
/proc/3337634/stat : 3337634 (clingo) R 3337593 3337593 3337381 0 -1 0 19502 0 0 0 22204 4 0 0 20 0 1 0 923114615 95956992 20344 17179869184 93824992301056 93824992468925 140737488338416 0 0 0 134217728 4 25184771 0 0 0 17 24 0 0 0 0 0 93824992533936 93824992571272 93824992575488 140737488340183 140737488340354 140737488340354 140737488351170 0
/proc/3337634/statm: 23427 20344 2092 41 0 19506 0
Current children cumulated CPU time: 222.15 s
Current children cumulated vsize: 120616 KiB
Current children cumulated memory: 94992 KiB

[startup+282.3 s]
/proc/loadavg: 14.29 14.18 14.05 17/875 3339250
/proc/meminfo: memFree=385498980/528004516 swapFree=8388604/8388604
[pid=3337593] ppid=3337589 vsize=26908 memory=13616 CPUtime=0.07 cores=24-25
/proc/3337593/stat : 3337593 (perf) S 3337589 3337593 3337381 0 -1 0 1738 237 0 0 6 1 0 0 20 0 1 0 923114607 27553792 3404 17179869184 93824994299904 93824996572973 140737488338256 0 0 0 134217728 4 74274 1 0 0 17 24 0 0 0 0 0 93824998874888 93825001005840 93825001308160 140737488340073 140737488340470 140737488340470 140737488351179 0
/proc/3337593/statm: 6727 3404 2099 555 0 1769 0
[pid=3337634] ppid=3337593 vsize=101296 memory=87976 CPUtime=282.09 cores=24-25
/proc/3337634/stat : 3337634 (clingo) R 3337593 3337593 3337381 0 -1 0 21139 0 0 0 28204 5 0 0 20 0 1 0 923114615 103727104 21994 17179869184 93824992301056 93824992468925 140737488338416 0 0 0 134217728 4 25184771 0 0 0 17 24 0 0 0 0 0 93824992533936 93824992571272 93824992575488 140737488340183 140737488340354 140737488340354 140737488351170 0
/proc/3337634/statm: 25324 21994 2092 41 0 21403 0
Current children cumulated CPU time: 282.16 s
Current children cumulated vsize: 128204 KiB
Current children cumulated memory: 101592 KiB

[startup+342.3 s]
/proc/loadavg: 14.15 14.16 14.05 17/854 3339255
/proc/meminfo: memFree=385284384/528004516 swapFree=8388604/8388604
[pid=3337593] ppid=3337589 vsize=26908 memory=13616 CPUtime=0.07 cores=24-25
/proc/3337593/stat : 3337593 (perf) S 3337589 3337593 3337381 0 -1 0 1738 237 0 0 6 1 0 0 20 0 1 0 923114607 27553792 3404 17179869184 93824994299904 93824996572973 140737488338256 0 0 0 134217728 4 74274 1 0 0 17 24 0 0 0 0 0 93824998874888 93825001005840 93825001308160 140737488340073 140737488340470 140737488340470 140737488351179 0
/proc/3337593/statm: 6727 3404 2099 555 0 1769 0
[pid=3337634] ppid=3337593 vsize=109772 memory=96000 CPUtime=342.09 cores=24-25
/proc/3337634/stat : 3337634 (clingo) R 3337593 3337593 3337381 0 -1 0 23301 0 0 0 34204 5 0 0 20 0 1 0 923114615 112406528 24000 17179869184 93824992301056 93824992468925 140737488338416 0 0 0 134217728 4 25184771 0 0 0 17 24 0 0 0 0 0 93824992533936 93824992571272 93824992575488 140737488340183 140737488340354 140737488340354 140737488351170 0
/proc/3337634/statm: 27443 24000 2092 41 0 23522 0
Current children cumulated CPU time: 342.16 s
Current children cumulated vsize: 136680 KiB
Current children cumulated memory: 109616 KiB

[startup+402.3 s]
/proc/loadavg: 15.17 14.44 14.15 17/854 3339258
/proc/meminfo: memFree=385198780/528004516 swapFree=8388604/8388604
[pid=3337593] ppid=3337589 vsize=26908 memory=13616 CPUtime=0.07 cores=24-25
/proc/3337593/stat : 3337593 (perf) S 3337589 3337593 3337381 0 -1 0 1738 237 0 0 6 1 0 0 20 0 1 0 923114607 27553792 3404 17179869184 93824994299904 93824996572973 140737488338256 0 0 0 134217728 4 74274 1 0 0 17 24 0 0 0 0 0 93824998874888 93825001005840 93825001308160 140737488340073 140737488340470 140737488340470 140737488351179 0
/proc/3337593/statm: 6727 3404 2099 555 0 1769 0
[pid=3337634] ppid=3337593 vsize=116204 memory=101808 CPUtime=402.08 cores=24-25
/proc/3337634/stat : 3337634 (clingo) R 3337593 3337593 3337381 0 -1 0 24748 0 0 0 40203 5 0 0 20 0 1 0 923114615 118992896 25452 17179869184 93824992301056 93824992468925 140737488338416 0 0 0 134217728 4 25184771 0 0 0 17 24 0 0 0 0 0 93824992533936 93824992571272 93824992575488 140737488340183 140737488340354 140737488340354 140737488351170 0
/proc/3337634/statm: 29051 25452 2092 41 0 25130 0
Current children cumulated CPU time: 402.15 s
Current children cumulated vsize: 143112 KiB
Current children cumulated memory: 115424 KiB

[startup+462.3 s]
/proc/loadavg: 14.82 14.45 14.17 17/841 3339261
/proc/meminfo: memFree=385169360/528004516 swapFree=8388604/8388604
[pid=3337593] ppid=3337589 vsize=26908 memory=13616 CPUtime=0.07 cores=24-25
/proc/3337593/stat : 3337593 (perf) S 3337589 3337593 3337381 0 -1 0 1738 237 0 0 6 1 0 0 20 0 1 0 923114607 27553792 3404 17179869184 93824994299904 93824996572973 140737488338256 0 0 0 134217728 4 74274 1 0 0 17 24 0 0 0 0 0 93824998874888 93825001005840 93825001308160 140737488340073 140737488340470 140737488340470 140737488351179 0
/proc/3337593/statm: 6727 3404 2099 555 0 1769 0
[pid=3337634] ppid=3337593 vsize=120884 memory=105768 CPUtime=462.08 cores=24-25
/proc/3337634/stat : 3337634 (clingo) R 3337593 3337593 3337381 0 -1 0 25784 0 0 0 46203 5 0 0 20 0 1 0 923114615 123785216 26442 17179869184 93824992301056 93824992468925 140737488338416 0 0 0 134217728 4 25184771 0 0 0 17 24 0 0 0 0 0 93824992533936 93824992571272 93824992575488 140737488340183 140737488340354 140737488340354 140737488351170 0
/proc/3337634/statm: 30221 26442 2092 41 0 26300 0
Current children cumulated CPU time: 462.15 s
Current children cumulated vsize: 147792 KiB
Current children cumulated memory: 119384 KiB

[startup+522.3 s]
/proc/loadavg: 14.30 14.37 14.16 17/842 3339266
/proc/meminfo: memFree=385081212/528004516 swapFree=8388604/8388604
[pid=3337593] ppid=3337589 vsize=26908 memory=13616 CPUtime=0.07 cores=24-25
/proc/3337593/stat : 3337593 (perf) S 3337589 3337593 3337381 0 -1 0 1738 237 0 0 6 1 0 0 20 0 1 0 923114607 27553792 3404 17179869184 93824994299904 93824996572973 140737488338256 0 0 0 134217728 4 74274 1 0 0 17 24 0 0 0 0 0 93824998874888 93825001005840 93825001308160 140737488340073 140737488340470 140737488340470 140737488351179 0
/proc/3337593/statm: 6727 3404 2099 555 0 1769 0
[pid=3337634] ppid=3337593 vsize=125624 memory=109992 CPUtime=522.08 cores=24-25
/proc/3337634/stat : 3337634 (clingo) R 3337593 3337593 3337381 0 -1 0 26847 0 0 0 52203 5 0 0 20 0 1 0 923114615 128638976 27498 17179869184 93824992301056 93824992468925 140737488338416 0 0 0 134217728 4 25184771 0 0 0 17 24 0 0 0 0 0 93824992533936 93824992571272 93824992575488 140737488340183 140737488340354 140737488340354 140737488351170 0
/proc/3337634/statm: 31406 27498 2092 41 0 27485 0
Current children cumulated CPU time: 522.15 s
Current children cumulated vsize: 152532 KiB
Current children cumulated memory: 123608 KiB

[startup+582.3 s]
/proc/loadavg: 14.45 14.38 14.18 17/842 3339270
/proc/meminfo: memFree=385018536/528004516 swapFree=8388604/8388604
[pid=3337593] ppid=3337589 vsize=26908 memory=13616 CPUtime=0.07 cores=24-25
/proc/3337593/stat : 3337593 (perf) S 3337589 3337593 3337381 0 -1 0 1738 237 0 0 6 1 0 0 20 0 1 0 923114607 27553792 3404 17179869184 93824994299904 93824996572973 140737488338256 0 0 0 134217728 4 74274 1 0 0 17 24 0 0 0 0 0 93824998874888 93825001005840 93825001308160 140737488340073 140737488340470 140737488340470 140737488351179 0
/proc/3337593/statm: 6727 3404 2099 555 0 1769 0
[pid=3337634] ppid=3337593 vsize=133416 memory=117120 CPUtime=582.09 cores=24-25
/proc/3337634/stat : 3337634 (clingo) R 3337593 3337593 3337381 0 -1 0 28622 0 0 0 58202 7 0 0 20 0 1 0 923114615 136617984 29280 17179869184 93824992301056 93824992468925 140737488338416 0 0 0 134217728 4 25184771 0 0 0 17 24 0 0 0 0 0 93824992533936 93824992571272 93824992575488 140737488340183 140737488340354 140737488340354 140737488351170 0
/proc/3337634/statm: 33354 29280 2092 41 0 29433 0
Current children cumulated CPU time: 582.16 s
Current children cumulated vsize: 160324 KiB
Current children cumulated memory: 130736 KiB

[startup+642.3 s]
/proc/loadavg: 14.43 14.39 14.20 17/842 3339271
/proc/meminfo: memFree=384887920/528004516 swapFree=8388604/8388604
[pid=3337593] ppid=3337589 vsize=26908 memory=13616 CPUtime=0.07 cores=24-25
/proc/3337593/stat : 3337593 (perf) S 3337589 3337593 3337381 0 -1 0 1738 237 0 0 6 1 0 0 20 0 1 0 923114607 27553792 3404 17179869184 93824994299904 93824996572973 140737488338256 0 0 0 134217728 4 74274 1 0 0 17 24 0 0 0 0 0 93824998874888 93825001005840 93825001308160 140737488340073 140737488340470 140737488340470 140737488351179 0
/proc/3337593/statm: 6727 3404 2099 555 0 1769 0
[pid=3337634] ppid=3337593 vsize=135120 memory=118968 CPUtime=642.09 cores=24-25
/proc/3337634/stat : 3337634 (clingo) R 3337593 3337593 3337381 0 -1 0 29056 0 0 0 64202 7 0 0 20 0 1 0 923114615 138362880 29742 17179869184 93824992301056 93824992468925 140737488338416 0 0 0 134217728 4 25184771 0 0 0 17 24 0 0 0 0 0 93824992533936 93824992571272 93824992575488 140737488340183 140737488340354 140737488340354 140737488351170 0
/proc/3337634/statm: 33780 29742 2092 41 0 29859 0
Current children cumulated CPU time: 642.16 s
Current children cumulated vsize: 162028 KiB
Current children cumulated memory: 132584 KiB

[startup+702.3 s]
/proc/loadavg: 14.49 14.40 14.21 17/842 3339274
/proc/meminfo: memFree=384857284/528004516 swapFree=8388604/8388604
[pid=3337593] ppid=3337589 vsize=26908 memory=13616 CPUtime=0.07 cores=24-25
/proc/3337593/stat : 3337593 (perf) S 3337589 3337593 3337381 0 -1 0 1738 237 0 0 6 1 0 0 20 0 1 0 923114607 27553792 3404 17179869184 93824994299904 93824996572973 140737488338256 0 0 0 134217728 4 74274 1 0 0 17 24 0 0 0 0 0 93824998874888 93825001005840 93825001308160 140737488340073 140737488340470 140737488340470 140737488351179 0
/proc/3337593/statm: 6727 3404 2099 555 0 1769 0
[pid=3337634] ppid=3337593 vsize=139240 memory=122400 CPUtime=702.09 cores=24-25
/proc/3337634/stat : 3337634 (clingo) R 3337593 3337593 3337381 0 -1 0 29947 0 0 0 70202 7 0 0 20 0 1 0 923114615 142581760 30600 17179869184 93824992301056 93824992468925 140737488338416 0 0 0 134217728 4 25184771 0 0 0 17 24 0 0 0 0 0 93824992533936 93824992571272 93824992575488 140737488340183 140737488340354 140737488340354 140737488351170 0
/proc/3337634/statm: 34810 30600 2092 41 0 30889 0
Current children cumulated CPU time: 702.16 s
Current children cumulated vsize: 166148 KiB
Current children cumulated memory: 136016 KiB

[startup+762.3 s]
/proc/loadavg: 14.25 14.34 14.20 17/842 3339275
/proc/meminfo: memFree=384824948/528004516 swapFree=8388604/8388604
[pid=3337593] ppid=3337589 vsize=26908 memory=13616 CPUtime=0.07 cores=24-25
/proc/3337593/stat : 3337593 (perf) S 3337589 3337593 3337381 0 -1 0 1738 237 0 0 6 1 0 0 20 0 1 0 923114607 27553792 3404 17179869184 93824994299904 93824996572973 140737488338256 0 0 0 134217728 4 74274 1 0 0 17 24 0 0 0 0 0 93824998874888 93825001005840 93825001308160 140737488340073 140737488340470 140737488340470 140737488351179 0
/proc/3337593/statm: 6727 3404 2099 555 0 1769 0
[pid=3337634] ppid=3337593 vsize=143132 memory=126096 CPUtime=762.09 cores=24-25
/proc/3337634/stat : 3337634 (clingo) R 3337593 3337593 3337381 0 -1 0 30822 0 0 0 76202 7 0 0 20 0 1 0 923114615 146567168 31524 17179869184 93824992301056 93824992468925 140737488338416 0 0 0 134217728 4 25184771 0 0 0 17 24 0 0 0 0 0 93824992533936 93824992571272 93824992575488 140737488340183 140737488340354 140737488340354 140737488351170 0
/proc/3337634/statm: 35783 31524 2092 41 0 31862 0
Current children cumulated CPU time: 762.16 s
Current children cumulated vsize: 170040 KiB
Current children cumulated memory: 139712 KiB

[startup+822.3 s]
/proc/loadavg: 14.44 14.36 14.21 17/842 3339276
/proc/meminfo: memFree=384760800/528004516 swapFree=8388604/8388604
[pid=3337593] ppid=3337589 vsize=26908 memory=13616 CPUtime=0.07 cores=24-25
/proc/3337593/stat : 3337593 (perf) S 3337589 3337593 3337381 0 -1 0 1738 237 0 0 6 1 0 0 20 0 1 0 923114607 27553792 3404 17179869184 93824994299904 93824996572973 140737488338256 0 0 0 134217728 4 74274 1 0 0 17 24 0 0 0 0 0 93824998874888 93825001005840 93825001308160 140737488340073 140737488340470 140737488340470 140737488351179 0
/proc/3337593/statm: 6727 3404 2099 555 0 1769 0
[pid=3337634] ppid=3337593 vsize=147592 memory=130024 CPUtime=822.08 cores=24-25
/proc/3337634/stat : 3337634 (clingo) R 3337593 3337593 3337381 0 -1 0 31898 0 0 0 82200 8 0 0 20 0 1 0 923114615 151134208 32506 17179869184 93824992301056 93824992468925 140737488338416 0 0 0 134217728 4 25184771 0 0 0 17 24 0 0 0 0 0 93824992533936 93824992571272 93824992575488 140737488340183 140737488340354 140737488340354 140737488351170 0
/proc/3337634/statm: 36898 32506 2092 41 0 32977 0
Current children cumulated CPU time: 822.15 s
Current children cumulated vsize: 174500 KiB
Current children cumulated memory: 143640 KiB

[startup+882.3 s]
/proc/loadavg: 14.57 14.40 14.23 17/842 3339320
/proc/meminfo: memFree=384682388/528004516 swapFree=8388604/8388604
[pid=3337593] ppid=3337589 vsize=26908 memory=13616 CPUtime=0.07 cores=24-25
/proc/3337593/stat : 3337593 (perf) S 3337589 3337593 3337381 0 -1 0 1738 237 0 0 6 1 0 0 20 0 1 0 923114607 27553792 3404 17179869184 93824994299904 93824996572973 140737488338256 0 0 0 134217728 4 74274 1 0 0 17 24 0 0 0 0 0 93824998874888 93825001005840 93825001308160 140737488340073 140737488340470 140737488340470 140737488351179 0
/proc/3337593/statm: 6727 3404 2099 555 0 1769 0
[pid=3337634] ppid=3337593 vsize=152528 memory=134512 CPUtime=882.08 cores=24-25
/proc/3337634/stat : 3337634 (clingo) R 3337593 3337593 3337381 0 -1 0 33031 0 0 0 88200 8 0 0 20 0 1 0 923114615 156188672 33628 17179869184 93824992301056 93824992468925 140737488338416 0 0 0 134217728 4 25184771 0 0 0 17 24 0 0 0 0 0 93824992533936 93824992571272 93824992575488 140737488340183 140737488340354 140737488340354 140737488351170 0
/proc/3337634/statm: 38132 33628 2092 41 0 34211 0
Current children cumulated CPU time: 882.15 s
Current children cumulated vsize: 179436 KiB
Current children cumulated memory: 148128 KiB

[startup+942.3 s]
/proc/loadavg: 14.28 14.34 14.22 17/842 3339321
/proc/meminfo: memFree=384640148/528004516 swapFree=8388604/8388604
[pid=3337593] ppid=3337589 vsize=26908 memory=13616 CPUtime=0.07 cores=24-25
/proc/3337593/stat : 3337593 (perf) S 3337589 3337593 3337381 0 -1 0 1738 237 0 0 6 1 0 0 20 0 1 0 923114607 27553792 3404 17179869184 93824994299904 93824996572973 140737488338256 0 0 0 134217728 4 74274 1 0 0 17 24 0 0 0 0 0 93824998874888 93825001005840 93825001308160 140737488340073 140737488340470 140737488340470 140737488351179 0
/proc/3337593/statm: 6727 3404 2099 555 0 1769 0
[pid=3337634] ppid=3337593 vsize=157376 memory=139000 CPUtime=942.08 cores=24-25
/proc/3337634/stat : 3337634 (clingo) R 3337593 3337593 3337381 0 -1 0 34140 0 0 0 94199 9 0 0 20 0 1 0 923114615 161153024 34750 17179869184 93824992301056 93824992468925 140737488338416 0 0 0 134217728 4 25184771 0 0 0 17 24 0 0 0 0 0 93824992533936 93824992571272 93824992575488 140737488340183 140737488340354 140737488340354 140737488351170 0
/proc/3337634/statm: 39344 34750 2092 41 0 35423 0
Current children cumulated CPU time: 942.15 s
Current children cumulated vsize: 184284 KiB
Current children cumulated memory: 152616 KiB

[startup+1002.3 s]
/proc/loadavg: 14.10 14.28 14.20 17/842 3339322
/proc/meminfo: memFree=384570312/528004516 swapFree=8388604/8388604
[pid=3337593] ppid=3337589 vsize=26908 memory=13616 CPUtime=0.07 cores=24-25
/proc/3337593/stat : 3337593 (perf) S 3337589 3337593 3337381 0 -1 0 1738 237 0 0 6 1 0 0 20 0 1 0 923114607 27553792 3404 17179869184 93824994299904 93824996572973 140737488338256 0 0 0 134217728 4 74274 1 0 0 17 24 0 0 0 0 0 93824998874888 93825001005840 93825001308160 140737488340073 140737488340470 140737488340470 140737488351179 0
/proc/3337593/statm: 6727 3404 2099 555 0 1769 0
[pid=3337634] ppid=3337593 vsize=158816 memory=140584 CPUtime=1002.08 cores=24-25
/proc/3337634/stat : 3337634 (clingo) R 3337593 3337593 3337381 0 -1 0 34523 0 0 0 100199 9 0 0 20 0 1 0 923114615 162627584 35146 17179869184 93824992301056 93824992468925 140737488338416 0 0 0 134217728 4 25184771 0 0 0 17 24 0 0 0 0 0 93824992533936 93824992571272 93824992575488 140737488340183 140737488340354 140737488340354 140737488351170 0
/proc/3337634/statm: 39704 35146 2092 41 0 35783 0
Current children cumulated CPU time: 1002.15 s
Current children cumulated vsize: 185724 KiB
Current children cumulated memory: 154200 KiB

[startup+1062.3 s]
/proc/loadavg: 14.26 14.30 14.21 17/842 3339323
/proc/meminfo: memFree=384537252/528004516 swapFree=8388604/8388604
[pid=3337593] ppid=3337589 vsize=26908 memory=13616 CPUtime=0.07 cores=24-25
/proc/3337593/stat : 3337593 (perf) S 3337589 3337593 3337381 0 -1 0 1738 237 0 0 6 1 0 0 20 0 1 0 923114607 27553792 3404 17179869184 93824994299904 93824996572973 140737488338256 0 0 0 134217728 4 74274 1 0 0 17 24 0 0 0 0 0 93824998874888 93825001005840 93825001308160 140737488340073 140737488340470 140737488340470 140737488351179 0
/proc/3337593/statm: 6727 3404 2099 555 0 1769 0
[pid=3337634] ppid=3337593 vsize=162048 memory=143488 CPUtime=1062.08 cores=24-25
/proc/3337634/stat : 3337634 (clingo) R 3337593 3337593 3337381 0 -1 0 35289 0 0 0 106199 9 0 0 20 0 1 0 923114615 165937152 35872 17179869184 93824992301056 93824992468925 140737488338416 0 0 0 134217728 4 25184771 0 0 0 17 24 0 0 0 0 0 93824992533936 93824992571272 93824992575488 140737488340183 140737488340354 140737488340354 140737488351170 0
/proc/3337634/statm: 40512 35872 2092 41 0 36591 0
Current children cumulated CPU time: 1062.15 s
Current children cumulated vsize: 188956 KiB
Current children cumulated memory: 157104 KiB

[startup+1122.3 s]
/proc/loadavg: 14.10 14.24 14.19 17/842 3339325
/proc/meminfo: memFree=384487328/528004516 swapFree=8388604/8388604
[pid=3337593] ppid=3337589 vsize=26908 memory=13616 CPUtime=0.07 cores=24-25
/proc/3337593/stat : 3337593 (perf) S 3337589 3337593 3337381 0 -1 0 1738 237 0 0 6 1 0 0 20 0 1 0 923114607 27553792 3404 17179869184 93824994299904 93824996572973 140737488338256 0 0 0 134217728 4 74274 1 0 0 17 24 0 0 0 0 0 93824998874888 93825001005840 93825001308160 140737488340073 140737488340470 140737488340470 140737488351179 0
/proc/3337593/statm: 6727 3404 2099 555 0 1769 0
[pid=3337634] ppid=3337593 vsize=164816 memory=146128 CPUtime=1122.08 cores=24-25
/proc/3337634/stat : 3337634 (clingo) R 3337593 3337593 3337381 0 -1 0 35958 0 0 0 112198 10 0 0 20 0 1 0 923114615 168771584 36532 17179869184 93824992301056 93824992468925 140737488338416 0 0 0 134217728 4 25184771 0 0 0 17 24 0 0 0 0 0 93824992533936 93824992571272 93824992575488 140737488340183 140737488340354 140737488340354 140737488351170 0
/proc/3337634/statm: 41204 36532 2092 41 0 37283 0
Current children cumulated CPU time: 1122.15 s
Current children cumulated vsize: 191724 KiB
Current children cumulated memory: 159744 KiB

[startup+1182.3 s]
/proc/loadavg: 14.30 14.27 14.21 17/841 3339327
/proc/meminfo: memFree=384441524/528004516 swapFree=8388604/8388604
[pid=3337593] ppid=3337589 vsize=26908 memory=13616 CPUtime=0.07 cores=24-25
/proc/3337593/stat : 3337593 (perf) S 3337589 3337593 3337381 0 -1 0 1738 237 0 0 6 1 0 0 20 0 1 0 923114607 27553792 3404 17179869184 93824994299904 93824996572973 140737488338256 0 0 0 134217728 4 74274 1 0 0 17 24 0 0 0 0 0 93824998874888 93825001005840 93825001308160 140737488340073 140737488340470 140737488340470 140737488351179 0
/proc/3337593/statm: 6727 3404 2099 555 0 1769 0
[pid=3337634] ppid=3337593 vsize=166960 memory=148112 CPUtime=1182.08 cores=24-25
/proc/3337634/stat : 3337634 (clingo) R 3337593 3337593 3337381 0 -1 0 36807 0 0 0 118198 10 0 0 20 0 1 0 923114615 170967040 37028 17179869184 93824992301056 93824992468925 140737488338416 0 0 0 134217728 4 25184771 0 0 0 17 24 0 0 0 0 0 93824992533936 93824992571272 93824992575488 140737488340183 140737488340354 140737488340354 140737488351170 0
/proc/3337634/statm: 41740 37028 2092 41 0 37819 0
Current children cumulated CPU time: 1182.15 s
Current children cumulated vsize: 193868 KiB
Current children cumulated memory: 161728 KiB



Maximum wall clock time exceeded: sending SIGTERM then SIGKILL

[startup+1205 s]*
/proc/loadavg: 14.21 14.26 14.20 17/841 3339327
/proc/meminfo: memFree=384435512/528004516 swapFree=8388604/8388604
[pid=3337593] ppid=3337589 vsize=26908 memory=13616 CPUtime=0.07 cores=24-25
/proc/3337593/stat : 3337593 (perf) S 3337589 3337593 3337381 0 -1 0 1738 237 0 0 6 1 0 0 20 0 1 0 923114607 27553792 3404 17179869184 93824994299904 93824996572973 140737488338256 0 0 0 134217728 4 74274 1 0 0 17 24 0 0 0 0 0 93824998874888 93825001005840 93825001308160 140737488340073 140737488340470 140737488340470 140737488351179 0
/proc/3337593/statm: 6727 3404 2099 555 0 1769 0
[pid=3337634] ppid=3337593 vsize=168864 memory=149960 CPUtime=1204.79 cores=24-25
/proc/3337634/stat : 3337634 (clingo) R 3337593 3337593 3337381 0 -1 0 37263 0 0 0 120469 10 0 0 20 0 1 0 923114615 172916736 37490 17179869184 93824992301056 93824992468925 140737488338416 0 0 0 134217728 4 25184771 0 0 0 17 24 0 0 0 0 0 93824992533936 93824992571272 93824992575488 140737488340183 140737488340354 140737488340354 140737488351170 0
/proc/3337634/statm: 42216 37490 2092 41 0 38295 0
Current children cumulated CPU time: 1204.86 s
Current children cumulated vsize: 195772 KiB
Current children cumulated memory: 163576 KiB

Sending SIGINT to process tree (bottom up)
Sleeping 5 seconds

[startup+1205.03 s]
# the end of solver process 3337593 was just reported to runsolver
# cumulated CPU time of all completed processes:  user=1204.77 s, system=0.13146 s

Solver just ended.
??? end of watcher thread
Dumping a history of the last processes samples

Child status: 1
Real time (s): 1205.03
CPU time (s): 1204.9
CPU user time (s): 1204.77
CPU system time (s): 0.13146
CPU usage (%): 99.9896
Max. virtual memory (cumulated for all children) (KiB): 195772
Max. memory (cumulated for all children) (KiB): 163576

getrusage(RUSAGE_CHILDREN,...) data:
user time used= 1204.77
system time used= 0.13146
maximum resident set size= 150064
integral shared memory size= 0
integral unshared data size= 0
integral unshared stack size= 0
page reclaims= 39278
page faults= 0
swaps= 0
block input operations= 0
block output operations= 0
messages sent= 0
messages received= 0
signals received= 0
voluntary context switches= 97
involuntary context switches= 1105


# summary of solver processes directly reported to runsolver:
#   pid: 3337593
#   total CPU time (s): 1204.9
#   total CPU user time (s): 1204.77
#   total CPU system time (s): 0.13146

??? end of timestamper thread
runsolver used 9.09971 second user time and 16.4938 second system time

The end
