runsolver version 3.4.0 (svn: 3018) Copyright (C) 2010-2013 Olivier ROUSSEL

This program is distributed in the hope that it will be useful,
but WITHOUT ANY WARRANTY; without even the implied warranty of
MERCHANTABILITY or FITNESS FOR A PARTICULAR PURPOSE.  See the
GNU General Public License for more details.

NUMA information:
  number of nodes: 2
  memory of node 0: 257635 MiB (178643 MiB free)
  memory of node 1: 257994 MiB (182875 MiB free)
  node distances:
     10  20
     20  10

command line: /dev/shm/37646868-2e81-11f1-ac62-000c298f4621/input/runsolver -w /dev/shm/37646868-2e81-11f1-ac62-000c298f4621/output/runsolver.log -v /dev/shm/37646868-2e81-11f1-ac62-000c298f4621/output/varfile.log -W 1205 --rss-swap-limit 16384 -d 5 --sigint /usr/bin/perf stat -B -e task-clock,cache-references,cache-misses,cycles,instructions,branches,faults,migrations,context-switches -o /dev/shm/37646868-2e81-11f1-ac62-000c298f4621/output/perf.log clingo /home/guests/mmacri/AMOSUM/benchmarks/GraphColouring/encoding-plain-amo.asp /dev/shm/37646868-2e81-11f1-ac62-000c298f4621/input/0030-graph_colouring-135-0_6480.asp 

running on 2 cores: 20-21

Enforcing wall clock limit (soft limit, will send SIGTERM then SIGKILL): 1205 seconds
Enforcing RSS+Swap limit (soft limit, will send SIGTERM then SIGKILL): 16777216 KiB
Linux 5.15.0-131-generic
Current StackSize limit: 8192 KiB

solver pid=328918, runsolver pid=328914

[startup+0.100067 s]*
/proc/loadavg: 14.34 14.25 13.26 17/783 328934
/proc/meminfo: memFree=370223620/528004516 swapFree=8388604/8388604
[pid=328918] ppid=328914 vsize=26908 memory=13616 CPUtime=0.07 cores=20-21
/proc/328918/stat : 328918 (perf) S 328914 328918 328582 0 -1 0 1738 237 0 0 6 1 0 0 20 0 1 0 922980398 27553792 3404 17179869184 93824994299904 93824996572973 140737488338256 0 0 0 134217728 4 74274 1 0 0 17 20 0 0 0 0 0 93824998874888 93825001005840 93825001308160 140737488340074 140737488340471 140737488340471 140737488351179 0
/proc/328918/statm: 6727 3404 2099 555 0 1769 0
[pid=328933] ppid=328918 vsize=20204 memory=12124 CPUtime=0.03 cores=20-21
/proc/328933/stat : 328933 (clingo) R 328918 328918 328582 0 -1 0 1260 0 0 0 3 0 0 0 20 0 1 0 922980406 20688896 3031 17179869184 93824992301056 93824992468925 140737488338416 0 0 0 134217728 4 25184771 0 0 0 17 21 0 0 0 0 0 93824992533936 93824992571272 93824992575488 140737488340184 140737488340355 140737488340355 140737488351170 0
/proc/328933/statm: 5051 3031 2091 41 0 1130 0
Current children cumulated CPU time: 0.1 s
Current children cumulated vsize: 47112 KiB
Current children cumulated memory: 25740 KiB

[startup+0.232933 s]*
/proc/loadavg: 14.34 14.25 13.26 17/807 328967
/proc/meminfo: memFree=370187300/528004516 swapFree=8388604/8388604
[pid=328918] ppid=328914 vsize=26908 memory=13616 CPUtime=0.07 cores=20-21
/proc/328918/stat : 328918 (perf) S 328914 328918 328582 0 -1 0 1738 237 0 0 6 1 0 0 20 0 1 0 922980398 27553792 3404 17179869184 93824994299904 93824996572973 140737488338256 0 0 0 134217728 4 74274 1 0 0 17 20 0 0 0 0 0 93824998874888 93825001005840 93825001308160 140737488340074 140737488340471 140737488340471 140737488351179 0
/proc/328918/statm: 6727 3404 2099 555 0 1769 0
[pid=328933] ppid=328918 vsize=24072 memory=16084 CPUtime=0.14 cores=20-21
/proc/328933/stat : 328933 (clingo) R 328918 328918 328582 0 -1 0 2235 0 0 0 14 0 0 0 20 0 1 0 922980406 24649728 4021 17179869184 93824992301056 93824992468925 140737488338416 0 0 0 134217728 4 25184771 0 0 0 17 21 0 0 0 0 0 93824992533936 93824992571272 93824992575488 140737488340184 140737488340355 140737488340355 140737488351170 0
/proc/328933/statm: 6018 4021 2091 41 0 2097 0
Current children cumulated CPU time: 0.21 s
Current children cumulated vsize: 50980 KiB
Current children cumulated memory: 29700 KiB

[startup+0.333714 s]*
/proc/loadavg: 14.34 14.25 13.26 19/825 329033
/proc/meminfo: memFree=370170236/528004516 swapFree=8388604/8388604
[pid=328918] ppid=328914 vsize=26908 memory=13616 CPUtime=0.07 cores=20-21
/proc/328918/stat : 328918 (perf) S 328914 328918 328582 0 -1 0 1738 237 0 0 6 1 0 0 20 0 1 0 922980398 27553792 3404 17179869184 93824994299904 93824996572973 140737488338256 0 0 0 134217728 4 74274 1 0 0 17 20 0 0 0 0 0 93824998874888 93825001005840 93825001308160 140737488340074 140737488340471 140737488340471 140737488351179 0
/proc/328918/statm: 6727 3404 2099 555 0 1769 0
[pid=328933] ppid=328918 vsize=24468 memory=16348 CPUtime=0.22 cores=20-21
/proc/328933/stat : 328933 (clingo) R 328918 328918 328582 0 -1 0 2354 0 0 0 22 0 0 0 20 0 1 0 922980406 25055232 4087 17179869184 93824992301056 93824992468925 140737488338416 0 0 0 134217728 4 25184771 0 0 0 17 21 0 0 0 0 0 93824992533936 93824992571272 93824992575488 140737488340184 140737488340355 140737488340355 140737488351170 0
/proc/328933/statm: 6117 4087 2091 41 0 2196 0
Current children cumulated CPU time: 0.29 s
Current children cumulated vsize: 51376 KiB
Current children cumulated memory: 29964 KiB

[startup+0.700313 s]
/proc/loadavg: 14.34 14.25 13.26 17/828 329093
/proc/meminfo: memFree=370174132/528004516 swapFree=8388604/8388604
[pid=328918] ppid=328914 vsize=26908 memory=13616 CPUtime=0.07 cores=20-21
/proc/328918/stat : 328918 (perf) S 328914 328918 328582 0 -1 0 1738 237 0 0 6 1 0 0 20 0 1 0 922980398 27553792 3404 17179869184 93824994299904 93824996572973 140737488338256 0 0 0 134217728 4 74274 1 0 0 17 20 0 0 0 0 0 93824998874888 93825001005840 93825001308160 140737488340074 140737488340471 140737488340471 140737488351179 0
/proc/328918/statm: 6727 3404 2099 555 0 1769 0
[pid=328933] ppid=328918 vsize=25936 memory=17932 CPUtime=0.52 cores=20-21
/proc/328933/stat : 328933 (clingo) R 328918 328918 328582 0 -1 0 2696 0 0 0 51 1 0 0 20 0 1 0 922980406 26558464 4483 17179869184 93824992301056 93824992468925 140737488338416 0 0 0 134217728 4 25184771 0 0 0 17 21 0 0 0 0 0 93824992533936 93824992571272 93824992575488 140737488340184 140737488340355 140737488340355 140737488351170 0
/proc/328933/statm: 6484 4483 2091 41 0 2563 0
Current children cumulated CPU time: 0.59 s
Current children cumulated vsize: 52844 KiB
Current children cumulated memory: 31548 KiB

[startup+1.50032 s]
/proc/loadavg: 14.34 14.25 13.26 18/821 329154
/proc/meminfo: memFree=370134636/528004516 swapFree=8388604/8388604
[pid=328918] ppid=328914 vsize=26908 memory=13616 CPUtime=0.07 cores=20-21
/proc/328918/stat : 328918 (perf) S 328914 328918 328582 0 -1 0 1738 237 0 0 6 1 0 0 20 0 1 0 922980398 27553792 3404 17179869184 93824994299904 93824996572973 140737488338256 0 0 0 134217728 4 74274 1 0 0 17 20 0 0 0 0 0 93824998874888 93825001005840 93825001308160 140737488340074 140737488340471 140737488340471 140737488351179 0
/proc/328918/statm: 6727 3404 2099 555 0 1769 0
[pid=328933] ppid=328918 vsize=27404 memory=19252 CPUtime=1.31 cores=20-21
/proc/328933/stat : 328933 (clingo) R 328918 328918 328582 0 -1 0 3065 0 0 0 130 1 0 0 20 0 1 0 922980406 28061696 4813 17179869184 93824992301056 93824992468925 140737488338416 0 0 0 134217728 4 25184771 0 0 0 17 21 0 0 0 0 0 93824992533936 93824992571272 93824992575488 140737488340184 140737488340355 140737488340355 140737488351170 0
/proc/328933/statm: 6851 4813 2091 41 0 2930 0
Current children cumulated CPU time: 1.38 s
Current children cumulated vsize: 54312 KiB
Current children cumulated memory: 32868 KiB

[startup+3.13333 s]
/proc/loadavg: 14.15 14.21 13.25 19/829 329403
/proc/meminfo: memFree=370290084/528004516 swapFree=8388604/8388604
[pid=328918] ppid=328914 vsize=26908 memory=13616 CPUtime=0.07 cores=20-21
/proc/328918/stat : 328918 (perf) S 328914 328918 328582 0 -1 0 1738 237 0 0 6 1 0 0 20 0 1 0 922980398 27553792 3404 17179869184 93824994299904 93824996572973 140737488338256 0 0 0 134217728 4 74274 1 0 0 17 20 0 0 0 0 0 93824998874888 93825001005840 93825001308160 140737488340074 140737488340471 140737488340471 140737488351179 0
/proc/328918/statm: 6727 3404 2099 555 0 1769 0
[pid=328933] ppid=328918 vsize=31020 memory=22684 CPUtime=2.9 cores=20-21
/proc/328933/stat : 328933 (clingo) R 328918 328918 328582 0 -1 0 3913 0 0 0 289 1 0 0 20 0 1 0 922980406 31764480 5671 17179869184 93824992301056 93824992468925 140737488338416 0 0 0 134217728 4 25184771 0 0 0 17 21 0 0 0 0 0 93824992533936 93824992571272 93824992575488 140737488340184 140737488340355 140737488340355 140737488351170 0
/proc/328933/statm: 7755 5671 2091 41 0 3834 0
Current children cumulated CPU time: 2.97 s
Current children cumulated vsize: 57928 KiB
Current children cumulated memory: 36300 KiB

[startup+6.30026 s]
/proc/loadavg: 14.15 14.21 13.25 19/829 329403
/proc/meminfo: memFree=370255324/528004516 swapFree=8388604/8388604
[pid=328918] ppid=328914 vsize=26908 memory=13616 CPUtime=0.07 cores=20-21
/proc/328918/stat : 328918 (perf) S 328914 328918 328582 0 -1 0 1738 237 0 0 6 1 0 0 20 0 1 0 922980398 27553792 3404 17179869184 93824994299904 93824996572973 140737488338256 0 0 0 134217728 4 74274 1 0 0 17 20 0 0 0 0 0 93824998874888 93825001005840 93825001308160 140737488340074 140737488340471 140737488340471 140737488351179 0
/proc/328918/statm: 6727 3404 2099 555 0 1769 0
[pid=328933] ppid=328918 vsize=33940 memory=25060 CPUtime=6.01 cores=20-21
/proc/328933/stat : 328933 (clingo) R 328918 328918 328582 0 -1 0 4530 0 0 0 600 1 0 0 20 0 1 0 922980406 34754560 6265 17179869184 93824992301056 93824992468925 140737488338416 0 0 0 134217728 4 25184771 0 0 0 17 21 0 0 0 0 0 93824992533936 93824992571272 93824992575488 140737488340184 140737488340355 140737488340355 140737488351170 0
/proc/328933/statm: 8485 6265 2091 41 0 4564 0
Current children cumulated CPU time: 6.08 s
Current children cumulated vsize: 60848 KiB
Current children cumulated memory: 38676 KiB

[startup+12.7003 s]
/proc/loadavg: 14.13 14.20 13.26 19/829 329403
/proc/meminfo: memFree=370197392/528004516 swapFree=8388604/8388604
[pid=328918] ppid=328914 vsize=26908 memory=13616 CPUtime=0.07 cores=20-21
/proc/328918/stat : 328918 (perf) S 328914 328918 328582 0 -1 0 1738 237 0 0 6 1 0 0 20 0 1 0 922980398 27553792 3404 17179869184 93824994299904 93824996572973 140737488338256 0 0 0 134217728 4 74274 1 0 0 17 20 0 0 0 0 0 93824998874888 93825001005840 93825001308160 140737488340074 140737488340471 140737488340471 140737488351179 0
/proc/328918/statm: 6727 3404 2099 555 0 1769 0
[pid=328933] ppid=328918 vsize=37296 memory=28228 CPUtime=12.3 cores=20-21
/proc/328933/stat : 328933 (clingo) R 328918 328918 328582 0 -1 0 5303 0 0 0 1229 1 0 0 20 0 1 0 922980406 38191104 7057 17179869184 93824992301056 93824992468925 140737488338416 0 0 0 134217728 4 25184771 0 0 0 17 21 0 0 0 0 0 93824992533936 93824992571272 93824992575488 140737488340184 140737488340355 140737488340355 140737488351170 0
/proc/328933/statm: 9324 7057 2091 41 0 5403 0
Current children cumulated CPU time: 12.37 s
Current children cumulated vsize: 64204 KiB
Current children cumulated memory: 41844 KiB

[startup+25.5004 s]
/proc/loadavg: 14.04 14.18 13.27 19/829 329506
/proc/meminfo: memFree=370227756/528004516 swapFree=8388604/8388604
[pid=328918] ppid=328914 vsize=26908 memory=13616 CPUtime=0.07 cores=20-21
/proc/328918/stat : 328918 (perf) S 328914 328918 328582 0 -1 0 1738 237 0 0 6 1 0 0 20 0 1 0 922980398 27553792 3404 17179869184 93824994299904 93824996572973 140737488338256 0 0 0 134217728 4 74274 1 0 0 17 20 0 0 0 0 0 93824998874888 93825001005840 93825001308160 140737488340074 140737488340471 140737488340471 140737488351179 0
/proc/328918/statm: 6727 3404 2099 555 0 1769 0
[pid=328933] ppid=328918 vsize=42636 memory=32980 CPUtime=25.04 cores=20-21
/proc/328933/stat : 328933 (clingo) R 328918 328918 328582 0 -1 0 6501 0 0 0 2503 1 0 0 20 0 1 0 922980406 43659264 8245 17179869184 93824992301056 93824992468925 140737488338416 0 0 0 134217728 4 25184771 0 0 0 17 20 0 0 0 0 0 93824992533936 93824992571272 93824992575488 140737488340184 140737488340355 140737488340355 140737488351170 0
/proc/328933/statm: 10659 8245 2091 41 0 6738 0
Current children cumulated CPU time: 25.11 s
Current children cumulated vsize: 69544 KiB
Current children cumulated memory: 46596 KiB

[startup+51.1174 s]
/proc/loadavg: 14.02 14.16 13.29 19/828 329507
/proc/meminfo: memFree=370118400/528004516 swapFree=8388604/8388604
[pid=328918] ppid=328914 vsize=26908 memory=13616 CPUtime=0.07 cores=20-21
/proc/328918/stat : 328918 (perf) S 328914 328918 328582 0 -1 0 1738 237 0 0 6 1 0 0 20 0 1 0 922980398 27553792 3404 17179869184 93824994299904 93824996572973 140737488338256 0 0 0 134217728 4 74274 1 0 0 17 20 0 0 0 0 0 93824998874888 93825001005840 93825001308160 140737488340074 140737488340471 140737488340471 140737488351179 0
/proc/328918/statm: 6727 3404 2099 555 0 1769 0
[pid=328933] ppid=328918 vsize=48216 memory=38260 CPUtime=50.65 cores=20-21
/proc/328933/stat : 328933 (clingo) R 328918 328918 328582 0 -1 0 7815 0 0 0 5064 1 0 0 20 0 1 0 922980406 49373184 9565 17179869184 93824992301056 93824992468925 140737488338416 0 0 0 134217728 4 25184771 0 0 0 17 20 0 0 0 0 0 93824992533936 93824992571272 93824992575488 140737488340184 140737488340355 140737488340355 140737488351170 0
/proc/328933/statm: 12054 9565 2091 41 0 8133 0
Current children cumulated CPU time: 50.72 s
Current children cumulated vsize: 75124 KiB
Current children cumulated memory: 51876 KiB

[startup+102.3 s]
/proc/loadavg: 14.22 14.21 13.36 19/829 329554
/proc/meminfo: memFree=369978132/528004516 swapFree=8388604/8388604
[pid=328918] ppid=328914 vsize=26908 memory=13616 CPUtime=0.07 cores=20-21
/proc/328918/stat : 328918 (perf) S 328914 328918 328582 0 -1 0 1738 237 0 0 6 1 0 0 20 0 1 0 922980398 27553792 3404 17179869184 93824994299904 93824996572973 140737488338256 0 0 0 134217728 4 74274 1 0 0 17 20 0 0 0 0 0 93824998874888 93825001005840 93825001308160 140737488340074 140737488340471 140737488340471 140737488351179 0
/proc/328918/statm: 6727 3404 2099 555 0 1769 0
[pid=328933] ppid=328918 vsize=55548 memory=44860 CPUtime=101.83 cores=20-21
/proc/328933/stat : 328933 (clingo) R 328918 328918 328582 0 -1 0 9476 0 0 0 10182 1 0 0 20 0 1 0 922980406 56881152 11215 17179869184 93824992301056 93824992468925 140737488338416 0 0 0 134217728 4 25184771 0 0 0 17 20 0 0 0 0 0 93824992533936 93824992571272 93824992575488 140737488340184 140737488340355 140737488340355 140737488351170 0
/proc/328933/statm: 13887 11215 2091 41 0 9966 0
Current children cumulated CPU time: 101.9 s
Current children cumulated vsize: 82456 KiB
Current children cumulated memory: 58476 KiB

[startup+162.3 s]
/proc/loadavg: 14.08 14.17 13.40 19/829 329557
/proc/meminfo: memFree=369875292/528004516 swapFree=8388604/8388604
[pid=328918] ppid=328914 vsize=26908 memory=13616 CPUtime=0.07 cores=20-21
/proc/328918/stat : 328918 (perf) S 328914 328918 328582 0 -1 0 1738 237 0 0 6 1 0 0 20 0 1 0 922980398 27553792 3404 17179869184 93824994299904 93824996572973 140737488338256 0 0 0 134217728 4 74274 1 0 0 17 20 0 0 0 0 0 93824998874888 93825001005840 93825001308160 140737488340074 140737488340471 140737488340471 140737488351179 0
/proc/328918/statm: 6727 3404 2099 555 0 1769 0
[pid=328933] ppid=328918 vsize=61264 memory=50668 CPUtime=161.83 cores=20-21
/proc/328933/stat : 328933 (clingo) R 328918 328918 328582 0 -1 0 10887 0 0 0 16181 2 0 0 20 0 1 0 922980406 62734336 12667 17179869184 93824992301056 93824992468925 140737488338416 0 0 0 134217728 4 25184771 0 0 0 17 20 0 0 0 0 0 93824992533936 93824992571272 93824992575488 140737488340184 140737488340355 140737488340355 140737488351170 0
/proc/328933/statm: 15316 12667 2091 41 0 11395 0
Current children cumulated CPU time: 161.9 s
Current children cumulated vsize: 88172 KiB
Current children cumulated memory: 64284 KiB

[startup+222.3 s]
/proc/loadavg: 14.03 14.14 13.44 19/829 329560
/proc/meminfo: memFree=369784276/528004516 swapFree=8388604/8388604
[pid=328918] ppid=328914 vsize=26908 memory=13616 CPUtime=0.07 cores=20-21
/proc/328918/stat : 328918 (perf) S 328914 328918 328582 0 -1 0 1738 237 0 0 6 1 0 0 20 0 1 0 922980398 27553792 3404 17179869184 93824994299904 93824996572973 140737488338256 0 0 0 134217728 4 74274 1 0 0 17 20 0 0 0 0 0 93824998874888 93825001005840 93825001308160 140737488340074 140737488340471 140737488340471 140737488351179 0
/proc/328918/statm: 6727 3404 2099 555 0 1769 0
[pid=328933] ppid=328918 vsize=66700 memory=55684 CPUtime=221.82 cores=20-21
/proc/328933/stat : 328933 (clingo) R 328918 328918 328582 0 -1 0 12175 0 0 0 22180 2 0 0 20 0 1 0 922980406 68300800 13921 17179869184 93824992301056 93824992468925 140737488338416 0 0 0 134217728 4 25184771 0 0 0 17 20 0 0 0 0 0 93824992533936 93824992571272 93824992575488 140737488340184 140737488340355 140737488340355 140737488351170 0
/proc/328933/statm: 16675 13921 2091 41 0 12754 0
Current children cumulated CPU time: 221.89 s
Current children cumulated vsize: 93608 KiB
Current children cumulated memory: 69300 KiB

[startup+282.3 s]
/proc/loadavg: 14.01 14.11 13.47 19/829 329563
/proc/meminfo: memFree=369707668/528004516 swapFree=8388604/8388604
[pid=328918] ppid=328914 vsize=26908 memory=13616 CPUtime=0.07 cores=20-21
/proc/328918/stat : 328918 (perf) S 328914 328918 328582 0 -1 0 1738 237 0 0 6 1 0 0 20 0 1 0 922980398 27553792 3404 17179869184 93824994299904 93824996572973 140737488338256 0 0 0 134217728 4 74274 1 0 0 17 20 0 0 0 0 0 93824998874888 93825001005840 93825001308160 140737488340074 140737488340471 140737488340471 140737488351179 0
/proc/328918/statm: 6727 3404 2099 555 0 1769 0
[pid=328933] ppid=328918 vsize=71632 memory=60172 CPUtime=281.82 cores=20-21
/proc/328933/stat : 328933 (clingo) R 328918 328918 328582 0 -1 0 13282 0 0 0 28180 2 0 0 20 0 1 0 922980406 73351168 15043 17179869184 93824992301056 93824992468925 140737488338416 0 0 0 134217728 4 25184771 0 0 0 17 20 0 0 0 0 0 93824992533936 93824992571272 93824992575488 140737488340184 140737488340355 140737488340355 140737488351170 0
/proc/328933/statm: 17908 15043 2091 41 0 13987 0
Current children cumulated CPU time: 281.89 s
Current children cumulated vsize: 98540 KiB
Current children cumulated memory: 73788 KiB

[startup+342.3 s]
/proc/loadavg: 15.64 14.53 13.66 19/810 329568
/proc/meminfo: memFree=369635000/528004516 swapFree=8388604/8388604
[pid=328918] ppid=328914 vsize=26908 memory=13616 CPUtime=0.07 cores=20-21
/proc/328918/stat : 328918 (perf) S 328914 328918 328582 0 -1 0 1738 237 0 0 6 1 0 0 20 0 1 0 922980398 27553792 3404 17179869184 93824994299904 93824996572973 140737488338256 0 0 0 134217728 4 74274 1 0 0 17 20 0 0 0 0 0 93824998874888 93825001005840 93825001308160 140737488340074 140737488340471 140737488340471 140737488351179 0
/proc/328918/statm: 6727 3404 2099 555 0 1769 0
[pid=328933] ppid=328918 vsize=78268 memory=65452 CPUtime=341.82 cores=20-21
/proc/328933/stat : 328933 (clingo) R 328918 328918 328582 0 -1 0 14621 0 0 0 34180 2 0 0 20 0 1 0 922980406 80146432 16363 17179869184 93824992301056 93824992468925 140737488338416 0 0 0 134217728 4 25184771 0 0 0 17 20 0 0 0 0 0 93824992533936 93824992571272 93824992575488 140737488340184 140737488340355 140737488340355 140737488351170 0
/proc/328933/statm: 19567 16363 2091 41 0 15646 0
Current children cumulated CPU time: 341.89 s
Current children cumulated vsize: 105176 KiB
Current children cumulated memory: 79068 KiB

[startup+402.3 s]
/proc/loadavg: 14.66 14.44 13.69 19/807 329570
/proc/meminfo: memFree=369571008/528004516 swapFree=8388604/8388604
[pid=328918] ppid=328914 vsize=26908 memory=13616 CPUtime=0.07 cores=20-21
/proc/328918/stat : 328918 (perf) S 328914 328918 328582 0 -1 0 1738 237 0 0 6 1 0 0 20 0 1 0 922980398 27553792 3404 17179869184 93824994299904 93824996572973 140737488338256 0 0 0 134217728 4 74274 1 0 0 17 20 0 0 0 0 0 93824998874888 93825001005840 93825001308160 140737488340074 140737488340471 140737488340471 140737488351179 0
/proc/328918/statm: 6727 3404 2099 555 0 1769 0
[pid=328933] ppid=328918 vsize=82820 memory=69412 CPUtime=401.82 cores=20-21
/proc/328933/stat : 328933 (clingo) R 328918 328918 328582 0 -1 0 15627 0 0 0 40179 3 0 0 20 0 1 0 922980406 84807680 17353 17179869184 93824992301056 93824992468925 140737488338416 0 0 0 134217728 4 25184771 0 0 0 17 20 0 0 0 0 0 93824992533936 93824992571272 93824992575488 140737488340184 140737488340355 140737488340355 140737488351170 0
/proc/328933/statm: 20705 17353 2091 41 0 16784 0
Current children cumulated CPU time: 401.89 s
Current children cumulated vsize: 109728 KiB
Current children cumulated memory: 83028 KiB

[startup+462.3 s]
/proc/loadavg: 14.24 14.36 13.71 19/808 329574
/proc/meminfo: memFree=369510832/528004516 swapFree=8388604/8388604
[pid=328918] ppid=328914 vsize=26908 memory=13616 CPUtime=0.07 cores=20-21
/proc/328918/stat : 328918 (perf) S 328914 328918 328582 0 -1 0 1738 237 0 0 6 1 0 0 20 0 1 0 922980398 27553792 3404 17179869184 93824994299904 93824996572973 140737488338256 0 0 0 134217728 4 74274 1 0 0 17 20 0 0 0 0 0 93824998874888 93825001005840 93825001308160 140737488340074 140737488340471 140737488340471 140737488351179 0
/proc/328918/statm: 6727 3404 2099 555 0 1769 0
[pid=328933] ppid=328918 vsize=85476 memory=72052 CPUtime=461.82 cores=20-21
/proc/328933/stat : 328933 (clingo) R 328918 328918 328582 0 -1 0 16283 0 0 0 46179 3 0 0 20 0 1 0 922980406 87527424 18013 17179869184 93824992301056 93824992468925 140737488338416 0 0 0 134217728 4 25184771 0 0 0 17 20 0 0 0 0 0 93824992533936 93824992571272 93824992575488 140737488340184 140737488340355 140737488340355 140737488351170 0
/proc/328933/statm: 21369 18013 2091 41 0 17448 0
Current children cumulated CPU time: 461.89 s
Current children cumulated vsize: 112384 KiB
Current children cumulated memory: 85668 KiB

[startup+522.3 s]
/proc/loadavg: 14.09 14.29 13.73 19/808 329578
/proc/meminfo: memFree=369469332/528004516 swapFree=8388604/8388604
[pid=328918] ppid=328914 vsize=26908 memory=13616 CPUtime=0.07 cores=20-21
/proc/328918/stat : 328918 (perf) S 328914 328918 328582 0 -1 0 1738 237 0 0 6 1 0 0 20 0 1 0 922980398 27553792 3404 17179869184 93824994299904 93824996572973 140737488338256 0 0 0 134217728 4 74274 1 0 0 17 20 0 0 0 0 0 93824998874888 93825001005840 93825001308160 140737488340074 140737488340471 140737488340471 140737488351179 0
/proc/328918/statm: 6727 3404 2099 555 0 1769 0
[pid=328933] ppid=328918 vsize=86996 memory=73636 CPUtime=521.82 cores=20-21
/proc/328933/stat : 328933 (clingo) R 328918 328918 328582 0 -1 0 16679 0 0 0 52179 3 0 0 20 0 1 0 922980406 89083904 18409 17179869184 93824992301056 93824992468925 140737488338416 0 0 0 134217728 4 25184771 0 0 0 17 20 0 0 0 0 0 93824992533936 93824992571272 93824992575488 140737488340184 140737488340355 140737488340355 140737488351170 0
/proc/328933/statm: 21749 18409 2091 41 0 17828 0
Current children cumulated CPU time: 521.89 s
Current children cumulated vsize: 113904 KiB
Current children cumulated memory: 87252 KiB

[startup+582.3 s]
/proc/loadavg: 14.32 14.30 13.77 19/809 329582
/proc/meminfo: memFree=369412920/528004516 swapFree=8388604/8388604
[pid=328918] ppid=328914 vsize=26908 memory=13616 CPUtime=0.07 cores=20-21
/proc/328918/stat : 328918 (perf) S 328914 328918 328582 0 -1 0 1738 237 0 0 6 1 0 0 20 0 1 0 922980398 27553792 3404 17179869184 93824994299904 93824996572973 140737488338256 0 0 0 134217728 4 74274 1 0 0 17 20 0 0 0 0 0 93824998874888 93825001005840 93825001308160 140737488340074 140737488340471 140737488340471 140737488351179 0
/proc/328918/statm: 6727 3404 2099 555 0 1769 0
[pid=328933] ppid=328918 vsize=89884 memory=76804 CPUtime=581.82 cores=20-21
/proc/328933/stat : 328933 (clingo) R 328918 328918 328582 0 -1 0 17412 0 0 0 58178 4 0 0 20 0 1 0 922980406 92041216 19201 17179869184 93824992301056 93824992468925 140737488338416 0 0 0 134217728 4 25184771 0 0 0 17 20 0 0 0 0 0 93824992533936 93824992571272 93824992575488 140737488340184 140737488340355 140737488340355 140737488351170 0
/proc/328933/statm: 22471 19201 2091 41 0 18550 0
Current children cumulated CPU time: 581.89 s
Current children cumulated vsize: 116792 KiB
Current children cumulated memory: 90420 KiB

[startup+642.3 s]
/proc/loadavg: 14.15 14.26 13.79 19/808 329585
/proc/meminfo: memFree=369372380/528004516 swapFree=8388604/8388604
[pid=328918] ppid=328914 vsize=26908 memory=13616 CPUtime=0.07 cores=20-21
/proc/328918/stat : 328918 (perf) S 328914 328918 328582 0 -1 0 1738 237 0 0 6 1 0 0 20 0 1 0 922980398 27553792 3404 17179869184 93824994299904 93824996572973 140737488338256 0 0 0 134217728 4 74274 1 0 0 17 20 0 0 0 0 0 93824998874888 93825001005840 93825001308160 140737488340074 140737488340471 140737488340471 140737488351179 0
/proc/328918/statm: 6727 3404 2099 555 0 1769 0
[pid=328933] ppid=328918 vsize=91500 memory=78652 CPUtime=641.81 cores=20-21
/proc/328933/stat : 328933 (clingo) R 328918 328918 328582 0 -1 0 17873 0 0 0 64177 4 0 0 20 0 1 0 922980406 93696000 19663 17179869184 93824992301056 93824992468925 140737488338416 0 0 0 134217728 4 25184771 0 0 0 17 20 0 0 0 0 0 93824992533936 93824992571272 93824992575488 140737488340184 140737488340355 140737488340355 140737488351170 0
/proc/328933/statm: 22875 19663 2091 41 0 18954 0
Current children cumulated CPU time: 641.88 s
Current children cumulated vsize: 118408 KiB
Current children cumulated memory: 92268 KiB

[startup+702.3 s]
/proc/loadavg: 14.05 14.21 13.81 19/809 329589
/proc/meminfo: memFree=369324028/528004516 swapFree=8388604/8388604
[pid=328918] ppid=328914 vsize=26908 memory=13616 CPUtime=0.07 cores=20-21
/proc/328918/stat : 328918 (perf) S 328914 328918 328582 0 -1 0 1738 237 0 0 6 1 0 0 20 0 1 0 922980398 27553792 3404 17179869184 93824994299904 93824996572973 140737488338256 0 0 0 134217728 4 74274 1 0 0 17 20 0 0 0 0 0 93824998874888 93825001005840 93825001308160 140737488340074 140737488340471 140737488340471 140737488351179 0
/proc/328918/statm: 6727 3404 2099 555 0 1769 0
[pid=328933] ppid=328918 vsize=92364 memory=79444 CPUtime=701.81 cores=20-21
/proc/328933/stat : 328933 (clingo) R 328918 328918 328582 0 -1 0 18136 0 0 0 70177 4 0 0 20 0 1 0 922980406 94580736 19861 17179869184 93824992301056 93824992468925 140737488338416 0 0 0 134217728 4 25184771 0 0 0 17 20 0 0 0 0 0 93824992533936 93824992571272 93824992575488 140737488340184 140737488340355 140737488340355 140737488351170 0
/proc/328933/statm: 23091 19861 2091 41 0 19170 0
Current children cumulated CPU time: 701.88 s
Current children cumulated vsize: 119272 KiB
Current children cumulated memory: 93060 KiB

[startup+762.3 s]
/proc/loadavg: 14.18 14.20 13.84 19/810 329592
/proc/meminfo: memFree=369278164/528004516 swapFree=8388604/8388604
[pid=328918] ppid=328914 vsize=26908 memory=13616 CPUtime=0.07 cores=20-21
/proc/328918/stat : 328918 (perf) S 328914 328918 328582 0 -1 0 1738 237 0 0 6 1 0 0 20 0 1 0 922980398 27553792 3404 17179869184 93824994299904 93824996572973 140737488338256 0 0 0 134217728 4 74274 1 0 0 17 20 0 0 0 0 0 93824998874888 93825001005840 93825001308160 140737488340074 140737488340471 140737488340471 140737488351179 0
/proc/328918/statm: 6727 3404 2099 555 0 1769 0
[pid=328933] ppid=328918 vsize=93804 memory=81028 CPUtime=761.81 cores=20-21
/proc/328933/stat : 328933 (clingo) R 328918 328918 328582 0 -1 0 18497 0 0 0 76177 4 0 0 20 0 1 0 922980406 96055296 20257 17179869184 93824992301056 93824992468925 140737488338416 0 0 0 134217728 4 25184771 0 0 0 17 20 0 0 0 0 0 93824992533936 93824992571272 93824992575488 140737488340184 140737488340355 140737488340355 140737488351170 0
/proc/328933/statm: 23451 20257 2091 41 0 19530 0
Current children cumulated CPU time: 761.88 s
Current children cumulated vsize: 120712 KiB
Current children cumulated memory: 94644 KiB

[startup+822.3 s]
/proc/loadavg: 15.30 14.52 13.97 19/810 329595
/proc/meminfo: memFree=369234836/528004516 swapFree=8388604/8388604
[pid=328918] ppid=328914 vsize=26908 memory=13616 CPUtime=0.07 cores=20-21
/proc/328918/stat : 328918 (perf) S 328914 328918 328582 0 -1 0 1738 237 0 0 6 1 0 0 20 0 1 0 922980398 27553792 3404 17179869184 93824994299904 93824996572973 140737488338256 0 0 0 134217728 4 74274 1 0 0 17 20 0 0 0 0 0 93824998874888 93825001005840 93825001308160 140737488340074 140737488340471 140737488340471 140737488351179 0
/proc/328918/statm: 6727 3404 2099 555 0 1769 0
[pid=328933] ppid=328918 vsize=97260 memory=84196 CPUtime=821.81 cores=20-21
/proc/328933/stat : 328933 (clingo) R 328918 328918 328582 0 -1 0 19287 0 0 0 82176 5 0 0 20 0 1 0 922980406 99594240 21049 17179869184 93824992301056 93824992468925 140737488338416 0 0 0 134217728 4 25184771 0 0 0 17 20 0 0 0 0 0 93824992533936 93824992571272 93824992575488 140737488340184 140737488340355 140737488340355 140737488351170 0
/proc/328933/statm: 24315 21049 2091 41 0 20394 0
Current children cumulated CPU time: 821.88 s
Current children cumulated vsize: 124168 KiB
Current children cumulated memory: 97812 KiB

[startup+882.3 s]
/proc/loadavg: 14.56 14.44 13.98 19/810 329598
/proc/meminfo: memFree=369193792/528004516 swapFree=8388604/8388604
[pid=328918] ppid=328914 vsize=26908 memory=13616 CPUtime=0.07 cores=20-21
/proc/328918/stat : 328918 (perf) S 328914 328918 328582 0 -1 0 1738 237 0 0 6 1 0 0 20 0 1 0 922980398 27553792 3404 17179869184 93824994299904 93824996572973 140737488338256 0 0 0 134217728 4 74274 1 0 0 17 20 0 0 0 0 0 93824998874888 93825001005840 93825001308160 140737488340074 140737488340471 140737488340471 140737488351179 0
/proc/328918/statm: 6727 3404 2099 555 0 1769 0
[pid=328933] ppid=328918 vsize=99852 memory=86308 CPUtime=881.8 cores=20-21
/proc/328933/stat : 328933 (clingo) R 328918 328918 328582 0 -1 0 19814 0 0 0 88175 5 0 0 20 0 1 0 922980406 102248448 21577 17179869184 93824992301056 93824992468925 140737488338416 0 0 0 134217728 4 25184771 0 0 0 17 20 0 0 0 0 0 93824992533936 93824992571272 93824992575488 140737488340184 140737488340355 140737488340355 140737488351170 0
/proc/328933/statm: 24963 21577 2091 41 0 21042 0
Current children cumulated CPU time: 881.87 s
Current children cumulated vsize: 126760 KiB
Current children cumulated memory: 99924 KiB

[startup+942.3 s]
/proc/loadavg: 14.31 14.40 14.00 19/810 329602
/proc/meminfo: memFree=369157032/528004516 swapFree=8388604/8388604
[pid=328918] ppid=328914 vsize=26908 memory=13616 CPUtime=0.07 cores=20-21
/proc/328918/stat : 328918 (perf) S 328914 328918 328582 0 -1 0 1738 237 0 0 6 1 0 0 20 0 1 0 922980398 27553792 3404 17179869184 93824994299904 93824996572973 140737488338256 0 0 0 134217728 4 74274 1 0 0 17 20 0 0 0 0 0 93824998874888 93825001005840 93825001308160 140737488340074 140737488340471 140737488340471 140737488351179 0
/proc/328918/statm: 6727 3404 2099 555 0 1769 0
[pid=328933] ppid=328918 vsize=103020 memory=88948 CPUtime=941.8 cores=20-21
/proc/328933/stat : 328933 (clingo) R 328918 328918 328582 0 -1 0 20487 0 0 0 94175 5 0 0 20 0 1 0 922980406 105492480 22237 17179869184 93824992301056 93824992468925 140737488338416 0 0 0 134217728 4 25184771 0 0 0 17 20 0 0 0 0 0 93824992533936 93824992571272 93824992575488 140737488340184 140737488340355 140737488340355 140737488351170 0
/proc/328933/statm: 25755 22237 2091 41 0 21834 0
Current children cumulated CPU time: 941.87 s
Current children cumulated vsize: 129928 KiB
Current children cumulated memory: 102564 KiB

[startup+1002.3 s]
/proc/loadavg: 14.11 14.32 14.00 19/809 329605
/proc/meminfo: memFree=369113184/528004516 swapFree=8388604/8388604
[pid=328918] ppid=328914 vsize=26908 memory=13616 CPUtime=0.07 cores=20-21
/proc/328918/stat : 328918 (perf) S 328914 328918 328582 0 -1 0 1738 237 0 0 6 1 0 0 20 0 1 0 922980398 27553792 3404 17179869184 93824994299904 93824996572973 140737488338256 0 0 0 134217728 4 74274 1 0 0 17 20 0 0 0 0 0 93824998874888 93825001005840 93825001308160 140737488340074 140737488340471 140737488340471 140737488351179 0
/proc/328918/statm: 6727 3404 2099 555 0 1769 0
[pid=328933] ppid=328918 vsize=107916 memory=92908 CPUtime=1001.8 cores=20-21
/proc/328933/stat : 328933 (clingo) R 328918 328918 328582 0 -1 0 21471 0 0 0 100175 5 0 0 20 0 1 0 922980406 110505984 23227 17179869184 93824992301056 93824992468925 140737488338416 0 0 0 134217728 4 25184771 0 0 0 17 20 0 0 0 0 0 93824992533936 93824992571272 93824992575488 140737488340184 140737488340355 140737488340355 140737488351170 0
/proc/328933/statm: 26979 23227 2091 41 0 23058 0
Current children cumulated CPU time: 1001.87 s
Current children cumulated vsize: 134824 KiB
Current children cumulated memory: 106524 KiB

[startup+1062.3 s]
/proc/loadavg: 14.04 14.26 14.00 19/808 329608
/proc/meminfo: memFree=369073888/528004516 swapFree=8388604/8388604
[pid=328918] ppid=328914 vsize=26908 memory=13616 CPUtime=0.07 cores=20-21
/proc/328918/stat : 328918 (perf) S 328914 328918 328582 0 -1 0 1738 237 0 0 6 1 0 0 20 0 1 0 922980398 27553792 3404 17179869184 93824994299904 93824996572973 140737488338256 0 0 0 134217728 4 74274 1 0 0 17 20 0 0 0 0 0 93824998874888 93825001005840 93825001308160 140737488340074 140737488340471 140737488340471 140737488351179 0
/proc/328918/statm: 6727 3404 2099 555 0 1769 0
[pid=328933] ppid=328918 vsize=112524 memory=96604 CPUtime=1061.8 cores=20-21
/proc/328933/stat : 328933 (clingo) R 328918 328918 328582 0 -1 0 22407 0 0 0 106175 5 0 0 20 0 1 0 922980406 115224576 24151 17179869184 93824992301056 93824992468925 140737488338416 0 0 0 134217728 4 25184771 0 0 0 17 20 0 0 0 0 0 93824992533936 93824992571272 93824992575488 140737488340184 140737488340355 140737488340355 140737488351170 0
/proc/328933/statm: 28131 24151 2091 41 0 24210 0
Current children cumulated CPU time: 1061.87 s
Current children cumulated vsize: 139432 KiB
Current children cumulated memory: 110220 KiB

[startup+1122.3 s]
/proc/loadavg: 14.04 14.23 14.00 19/809 329612
/proc/meminfo: memFree=369040676/528004516 swapFree=8388604/8388604
[pid=328918] ppid=328914 vsize=26908 memory=13616 CPUtime=0.07 cores=20-21
/proc/328918/stat : 328918 (perf) S 328914 328918 328582 0 -1 0 1738 237 0 0 6 1 0 0 20 0 1 0 922980398 27553792 3404 17179869184 93824994299904 93824996572973 140737488338256 0 0 0 134217728 4 74274 1 0 0 17 20 0 0 0 0 0 93824998874888 93825001005840 93825001308160 140737488340074 140737488340471 140737488340471 140737488351179 0
/proc/328918/statm: 6727 3404 2099 555 0 1769 0
[pid=328933] ppid=328918 vsize=115116 memory=98716 CPUtime=1121.8 cores=20-21
/proc/328933/stat : 328933 (clingo) R 328918 328918 328582 0 -1 0 22942 0 0 0 112174 6 0 0 20 0 1 0 922980406 117878784 24679 17179869184 93824992301056 93824992468925 140737488338416 0 0 0 134217728 4 25184771 0 0 0 17 20 0 0 0 0 0 93824992533936 93824992571272 93824992575488 140737488340184 140737488340355 140737488340355 140737488351170 0
/proc/328933/statm: 28779 24679 2091 41 0 24858 0
Current children cumulated CPU time: 1121.87 s
Current children cumulated vsize: 142024 KiB
Current children cumulated memory: 112332 KiB

[startup+1182.3 s]
/proc/loadavg: 14.01 14.18 14.00 19/810 329616
/proc/meminfo: memFree=369011444/528004516 swapFree=8388604/8388604
[pid=328918] ppid=328914 vsize=26908 memory=13616 CPUtime=0.07 cores=20-21
/proc/328918/stat : 328918 (perf) S 328914 328918 328582 0 -1 0 1738 237 0 0 6 1 0 0 20 0 1 0 922980398 27553792 3404 17179869184 93824994299904 93824996572973 140737488338256 0 0 0 134217728 4 74274 1 0 0 17 20 0 0 0 0 0 93824998874888 93825001005840 93825001308160 140737488340074 140737488340471 140737488340471 140737488351179 0
/proc/328918/statm: 6727 3404 2099 555 0 1769 0
[pid=328933] ppid=328918 vsize=117132 memory=100564 CPUtime=1181.8 cores=20-21
/proc/328933/stat : 328933 (clingo) R 328918 328918 328582 0 -1 0 23379 0 0 0 118174 6 0 0 20 0 1 0 922980406 119943168 25141 17179869184 93824992301056 93824992468925 140737488338416 0 0 0 134217728 4 25184771 0 0 0 17 20 0 0 0 0 0 93824992533936 93824992571272 93824992575488 140737488340184 140737488340355 140737488340355 140737488351170 0
/proc/328933/statm: 29283 25141 2091 41 0 25362 0
Current children cumulated CPU time: 1181.87 s
Current children cumulated vsize: 144040 KiB
Current children cumulated memory: 114180 KiB



Maximum wall clock time exceeded: sending SIGTERM then SIGKILL

[startup+1205 s]*
/proc/loadavg: 14.01 14.17 14.00 19/807 329624
/proc/meminfo: memFree=369152080/528004516 swapFree=8388604/8388604
[pid=328918] ppid=328914 vsize=26908 memory=13616 CPUtime=0.07 cores=20-21
/proc/328918/stat : 328918 (perf) S 328914 328918 328582 0 -1 0 1738 237 0 0 6 1 0 0 20 0 1 0 922980398 27553792 3404 17179869184 93824994299904 93824996572973 140737488338256 0 0 0 134217728 4 74274 1 0 0 17 20 0 0 0 0 0 93824998874888 93825001005840 93825001308160 140737488340074 140737488340471 140737488340471 140737488351179 0
/proc/328918/statm: 6727 3404 2099 555 0 1769 0
[pid=328933] ppid=328918 vsize=117996 memory=101356 CPUtime=1204.51 cores=20-21
/proc/328933/stat : 328933 (clingo) R 328918 328918 328582 0 -1 0 23553 0 0 0 120445 6 0 0 20 0 1 0 922980406 120827904 25339 17179869184 93824992301056 93824992468925 140737488338416 0 0 0 134217728 4 25184771 0 0 0 17 20 0 0 0 0 0 93824992533936 93824992571272 93824992575488 140737488340184 140737488340355 140737488340355 140737488351170 0
/proc/328933/statm: 29499 25339 2091 41 0 25578 0
Current children cumulated CPU time: 1204.58 s
Current children cumulated vsize: 144904 KiB
Current children cumulated memory: 114972 KiB

Sending SIGINT to process tree (bottom up)
Sleeping 5 seconds

[startup+1205.02 s]
# the end of solver process 328918 was just reported to runsolver
# cumulated CPU time of all completed processes:  user=1204.52 s, system=0.088144 s

Solver just ended.
??? end of watcher thread
Dumping a history of the last processes samples

Child status: 1
Real time (s): 1205.02
CPU time (s): 1204.61
CPU user time (s): 1204.52
CPU system time (s): 0.088144
CPU usage (%): 99.9658
Max. virtual memory (cumulated for all children) (KiB): 144904
Max. memory (cumulated for all children) (KiB): 114972

getrusage(RUSAGE_CHILDREN,...) data:
user time used= 1204.52
system time used= 0.088144
maximum resident set size= 101388
integral shared memory size= 0
integral unshared data size= 0
integral unshared stack size= 0
page reclaims= 25568
page faults= 0
swaps= 0
block input operations= 0
block output operations= 0
messages sent= 0
messages received= 0
signals received= 0
voluntary context switches= 18
involuntary context switches= 3160


# summary of solver processes directly reported to runsolver:
#   pid: 328918
#   total CPU time (s): 1204.61
#   total CPU user time (s): 1204.52
#   total CPU system time (s): 0.088144

??? end of timestamper thread
runsolver used 8.42776 second user time and 13.7915 second system time

The end
