runsolver version 3.4.0 (svn: 3018) Copyright (C) 2010-2013 Olivier ROUSSEL

This program is distributed in the hope that it will be useful,
but WITHOUT ANY WARRANTY; without even the implied warranty of
MERCHANTABILITY or FITNESS FOR A PARTICULAR PURPOSE.  See the
GNU General Public License for more details.

NUMA information:
  number of nodes: 2
  memory of node 0: 257635 MiB (188852 MiB free)
  memory of node 1: 257994 MiB (176035 MiB free)
  node distances:
     10  20
     20  10

command line: /dev/shm/3734f092-2e81-11f1-ac62-000c298f4621/input/runsolver -w /dev/shm/3734f092-2e81-11f1-ac62-000c298f4621/output/runsolver.log -v /dev/shm/3734f092-2e81-11f1-ac62-000c298f4621/output/varfile.log -W 1205 --rss-swap-limit 16384 -d 5 --sigint /usr/bin/perf stat -B -e task-clock,cache-references,cache-misses,cycles,instructions,branches,faults,migrations,context-switches -o /dev/shm/3734f092-2e81-11f1-ac62-000c298f4621/output/perf.log clingo /home/guests/mmacri/AMOSUM/benchmarks/GraphColouring/encoding-plain-amo.asp /dev/shm/3734f092-2e81-11f1-ac62-000c298f4621/input/0006-graph_colouring-125-0_2400.asp 

running on 2 cores: 14-15

Enforcing wall clock limit (soft limit, will send SIGTERM then SIGKILL): 1205 seconds
Enforcing RSS+Swap limit (soft limit, will send SIGTERM then SIGKILL): 16777216 KiB
Linux 5.15.0-131-generic
Current StackSize limit: 8192 KiB

solver pid=1605357, runsolver pid=1605356

[startup+0.10007 s]*
/proc/loadavg: 14.24 14.28 10.53 15/837 1605366
/proc/meminfo: memFree=373633920/528004520 swapFree=8388604/8388604
[pid=1605357] ppid=1605356 vsize=26908 memory=13612 CPUtime=0.06 cores=14-15
/proc/1605357/stat : 1605357 (perf) S 1605356 1605357 1605315 0 -1 0 1738 237 0 0 5 1 0 0 20 0 1 0 922883286 27553792 3403 17179869184 93824994299904 93824996572973 140737488338256 0 0 0 134217728 4 74274 1 0 0 17 14 0 0 0 0 0 93824998874888 93825001005840 93825001308160 140737488340073 140737488340470 140737488340470 140737488351179 0
/proc/1605357/statm: 6727 3403 2098 555 0 1769 0
[pid=1605361] ppid=1605357 vsize=18888 memory=10632 CPUtime=0.02 cores=14-15
/proc/1605361/stat : 1605361 (clingo) R 1605357 1605357 1605315 0 -1 0 890 0 0 0 2 0 0 0 20 0 1 0 922883294 19341312 2658 17179869184 93824992301056 93824992468925 140737488338416 0 0 0 134217728 4 25184771 0 0 0 17 15 0 0 0 0 0 93824992533936 93824992571272 93824992575488 140737488340183 140737488340354 140737488340354 140737488351170 0
/proc/1605361/statm: 4722 2658 2044 41 0 801 0
Current children cumulated CPU time: 0.08 s
Current children cumulated vsize: 45796 KiB
Current children cumulated memory: 24244 KiB

[startup+0.218846 s]*
/proc/loadavg: 14.24 14.28 10.53 15/822 1605397
/proc/meminfo: memFree=373617080/528004520 swapFree=8388604/8388604
[pid=1605357] ppid=1605356 vsize=26908 memory=13612 CPUtime=0.06 cores=14-15
/proc/1605357/stat : 1605357 (perf) S 1605356 1605357 1605315 0 -1 0 1738 237 0 0 5 1 0 0 20 0 1 0 922883286 27553792 3403 17179869184 93824994299904 93824996572973 140737488338256 0 0 0 134217728 4 74274 1 0 0 17 14 0 0 0 0 0 93824998874888 93825001005840 93825001308160 140737488340073 140737488340470 140737488340470 140737488351179 0
/proc/1605357/statm: 6727 3403 2098 555 0 1769 0
[pid=1605361] ppid=1605357 vsize=25220 memory=17116 CPUtime=0.13 cores=14-15
/proc/1605361/stat : 1605361 (clingo) R 1605357 1605357 1605315 0 -1 0 2529 0 0 0 13 0 0 0 20 0 1 0 922883294 25825280 4279 17179869184 93824992301056 93824992468925 140737488338416 0 0 0 134217728 4 25184771 0 0 0 17 15 0 0 0 0 0 93824992533936 93824992571272 93824992575488 140737488340183 140737488340354 140737488340354 140737488351170 0
/proc/1605361/statm: 6305 4279 2089 41 0 2384 0
Current children cumulated CPU time: 0.19 s
Current children cumulated vsize: 52128 KiB
Current children cumulated memory: 30728 KiB

[startup+0.3346 s]*
/proc/loadavg: 14.24 14.28 10.53 14/834 1605422
/proc/meminfo: memFree=373599956/528004520 swapFree=8388604/8388604
[pid=1605357] ppid=1605356 vsize=26908 memory=13612 CPUtime=0.06 cores=14-15
/proc/1605357/stat : 1605357 (perf) S 1605356 1605357 1605315 0 -1 0 1738 237 0 0 5 1 0 0 20 0 1 0 922883286 27553792 3403 17179869184 93824994299904 93824996572973 140737488338256 0 0 0 134217728 4 74274 1 0 0 17 14 0 0 0 0 0 93824998874888 93825001005840 93825001308160 140737488340073 140737488340470 140737488340470 140737488351179 0
/proc/1605357/statm: 6727 3403 2098 555 0 1769 0
[pid=1605361] ppid=1605357 vsize=27200 memory=19228 CPUtime=0.23 cores=14-15
/proc/1605361/stat : 1605361 (clingo) R 1605357 1605357 1605315 0 -1 0 3039 0 0 0 23 0 0 0 20 0 1 0 922883294 27852800 4807 17179869184 93824992301056 93824992468925 140737488338416 0 0 0 134217728 4 25184771 0 0 0 17 15 0 0 0 0 0 93824992533936 93824992571272 93824992575488 140737488340183 140737488340354 140737488340354 140737488351170 0
/proc/1605361/statm: 6800 4807 2089 41 0 2879 0
Current children cumulated CPU time: 0.29 s
Current children cumulated vsize: 54108 KiB
Current children cumulated memory: 32840 KiB

[startup+0.700354 s]
/proc/loadavg: 14.24 14.28 10.53 15/838 1605458
/proc/meminfo: memFree=373575232/528004520 swapFree=8388604/8388604
[pid=1605357] ppid=1605356 vsize=26908 memory=13612 CPUtime=0.06 cores=14-15
/proc/1605357/stat : 1605357 (perf) S 1605356 1605357 1605315 0 -1 0 1738 237 0 0 5 1 0 0 20 0 1 0 922883286 27553792 3403 17179869184 93824994299904 93824996572973 140737488338256 0 0 0 134217728 4 74274 1 0 0 17 14 0 0 0 0 0 93824998874888 93825001005840 93825001308160 140737488340073 140737488340470 140737488340470 140737488351179 0
/proc/1605357/statm: 6727 3403 2098 555 0 1769 0
[pid=1605361] ppid=1605357 vsize=29720 memory=21604 CPUtime=0.54 cores=14-15
/proc/1605361/stat : 1605361 (clingo) R 1605357 1605357 1605315 0 -1 0 3662 0 0 0 54 0 0 0 20 0 1 0 922883294 30433280 5401 17179869184 93824992301056 93824992468925 140737488338416 0 0 0 134217728 4 25184771 0 0 0 17 14 0 0 0 0 0 93824992533936 93824992571272 93824992575488 140737488340183 140737488340354 140737488340354 140737488351170 0
/proc/1605361/statm: 7430 5401 2089 41 0 3509 0
Current children cumulated CPU time: 0.6 s
Current children cumulated vsize: 56628 KiB
Current children cumulated memory: 35216 KiB

[startup+1.50036 s]
/proc/loadavg: 14.24 14.28 10.53 16/841 1605464
/proc/meminfo: memFree=373518132/528004520 swapFree=8388604/8388604
[pid=1605357] ppid=1605356 vsize=26908 memory=13612 CPUtime=0.06 cores=14-15
/proc/1605357/stat : 1605357 (perf) S 1605356 1605357 1605315 0 -1 0 1738 237 0 0 5 1 0 0 20 0 1 0 922883286 27553792 3403 17179869184 93824994299904 93824996572973 140737488338256 0 0 0 134217728 4 74274 1 0 0 17 14 0 0 0 0 0 93824998874888 93825001005840 93825001308160 140737488340073 140737488340470 140737488340470 140737488351179 0
/proc/1605357/statm: 6727 3403 2098 555 0 1769 0
[pid=1605361] ppid=1605357 vsize=34132 memory=25828 CPUtime=1.34 cores=14-15
/proc/1605361/stat : 1605361 (clingo) R 1605357 1605357 1605315 0 -1 0 4733 0 0 0 134 0 0 0 20 0 1 0 922883294 34951168 6457 17179869184 93824992301056 93824992468925 140737488338416 0 0 0 134217728 4 25184771 0 0 0 17 14 0 0 0 0 0 93824992533936 93824992571272 93824992575488 140737488340183 140737488340354 140737488340354 140737488351170 0
/proc/1605361/statm: 8533 6457 2089 41 0 4612 0
Current children cumulated CPU time: 1.4 s
Current children cumulated vsize: 61040 KiB
Current children cumulated memory: 39440 KiB

[startup+3.11865 s]
/proc/loadavg: 14.22 14.28 10.55 15/842 1605568
/proc/meminfo: memFree=373208456/528004520 swapFree=8388604/8388604
[pid=1605357] ppid=1605356 vsize=26908 memory=13612 CPUtime=0.06 cores=14-15
/proc/1605357/stat : 1605357 (perf) S 1605356 1605357 1605315 0 -1 0 1738 237 0 0 5 1 0 0 20 0 1 0 922883286 27553792 3403 17179869184 93824994299904 93824996572973 140737488338256 0 0 0 134217728 4 74274 1 0 0 17 14 0 0 0 0 0 93824998874888 93825001005840 93825001308160 140737488340073 140737488340470 140737488340470 140737488351179 0
/proc/1605357/statm: 6727 3403 2098 555 0 1769 0
[pid=1605361] ppid=1605357 vsize=36868 memory=28732 CPUtime=2.96 cores=14-15
/proc/1605361/stat : 1605361 (clingo) R 1605357 1605357 1605315 0 -1 0 5428 0 0 0 296 0 0 0 20 0 1 0 922883294 37752832 7183 17179869184 93824992301056 93824992468925 140737488338416 0 0 0 134217728 4 25184771 0 0 0 17 14 0 0 0 0 0 93824992533936 93824992571272 93824992575488 140737488340183 140737488340354 140737488340354 140737488351170 0
/proc/1605361/statm: 9217 7183 2089 41 0 5296 0
Current children cumulated CPU time: 3.02 s
Current children cumulated vsize: 63776 KiB
Current children cumulated memory: 42344 KiB

[startup+6.3003 s]
/proc/loadavg: 14.22 14.28 10.55 15/842 1605568
/proc/meminfo: memFree=373037140/528004520 swapFree=8388604/8388604
[pid=1605357] ppid=1605356 vsize=26908 memory=13612 CPUtime=0.06 cores=14-15
/proc/1605357/stat : 1605357 (perf) S 1605356 1605357 1605315 0 -1 0 1738 237 0 0 5 1 0 0 20 0 1 0 922883286 27553792 3403 17179869184 93824994299904 93824996572973 140737488338256 0 0 0 134217728 4 74274 1 0 0 17 14 0 0 0 0 0 93824998874888 93825001005840 93825001308160 140737488340073 140737488340470 140737488340470 140737488351179 0
/proc/1605357/statm: 6727 3403 2098 555 0 1769 0
[pid=1605361] ppid=1605357 vsize=40876 memory=32692 CPUtime=6.14 cores=14-15
/proc/1605361/stat : 1605361 (clingo) R 1605357 1605357 1605315 0 -1 0 6404 0 0 0 614 0 0 0 20 0 1 0 922883294 41857024 8173 17179869184 93824992301056 93824992468925 140737488338416 0 0 0 134217728 4 25184771 0 0 0 17 14 0 0 0 0 0 93824992533936 93824992571272 93824992575488 140737488340183 140737488340354 140737488340354 140737488351170 0
/proc/1605361/statm: 10219 8173 2089 41 0 6298 0
Current children cumulated CPU time: 6.2 s
Current children cumulated vsize: 67784 KiB
Current children cumulated memory: 46304 KiB

[startup+12.7003 s]
/proc/loadavg: 14.20 14.27 10.57 15/842 1605568
/proc/meminfo: memFree=372440948/528004520 swapFree=8388604/8388604
[pid=1605357] ppid=1605356 vsize=26908 memory=13612 CPUtime=0.06 cores=14-15
/proc/1605357/stat : 1605357 (perf) S 1605356 1605357 1605315 0 -1 0 1738 237 0 0 5 1 0 0 20 0 1 0 922883286 27553792 3403 17179869184 93824994299904 93824996572973 140737488338256 0 0 0 134217728 4 74274 1 0 0 17 14 0 0 0 0 0 93824998874888 93825001005840 93825001308160 140737488340073 140737488340470 140737488340470 140737488351179 0
/proc/1605357/statm: 6727 3403 2098 555 0 1769 0
[pid=1605361] ppid=1605357 vsize=48320 memory=40272 CPUtime=12.54 cores=14-15
/proc/1605361/stat : 1605361 (clingo) R 1605357 1605357 1605315 0 -1 0 8502 0 0 0 1253 1 0 0 20 0 1 0 922883294 49479680 10068 17179869184 93824992301056 93824992468925 140737488338416 0 0 0 134217728 4 25184771 0 0 0 17 14 0 0 0 0 0 93824992533936 93824992571272 93824992575488 140737488340183 140737488340354 140737488340354 140737488351170 0
/proc/1605361/statm: 12080 10068 2089 41 0 8159 0
Current children cumulated CPU time: 12.6 s
Current children cumulated vsize: 75228 KiB
Current children cumulated memory: 53884 KiB

[startup+25.5004 s]
/proc/loadavg: 14.16 14.26 10.63 15/842 1605569
/proc/meminfo: memFree=371910268/528004520 swapFree=8388604/8388604
[pid=1605357] ppid=1605356 vsize=26908 memory=13612 CPUtime=0.06 cores=14-15
/proc/1605357/stat : 1605357 (perf) S 1605356 1605357 1605315 0 -1 0 1738 237 0 0 5 1 0 0 20 0 1 0 922883286 27553792 3403 17179869184 93824994299904 93824996572973 140737488338256 0 0 0 134217728 4 74274 1 0 0 17 14 0 0 0 0 0 93824998874888 93825001005840 93825001308160 140737488340073 140737488340470 140737488340470 140737488351179 0
/proc/1605357/statm: 6727 3403 2098 555 0 1769 0
[pid=1605361] ppid=1605357 vsize=53692 memory=45596 CPUtime=25.34 cores=14-15
/proc/1605361/stat : 1605361 (clingo) R 1605357 1605357 1605315 0 -1 0 10151 0 0 0 2533 1 0 0 20 0 1 0 922883294 54980608 11399 17179869184 93824992301056 93824992468925 140737488338416 0 0 0 134217728 4 25184771 0 0 0 17 14 0 0 0 0 0 93824992533936 93824992571272 93824992575488 140737488340183 140737488340354 140737488340354 140737488351170 0
/proc/1605361/statm: 13423 11399 2089 41 0 9502 0
Current children cumulated CPU time: 25.4 s
Current children cumulated vsize: 80600 KiB
Current children cumulated memory: 59208 KiB

[startup+51.1188 s]
/proc/loadavg: 14.30 14.29 10.73 15/842 1605569
/proc/meminfo: memFree=370626808/528004520 swapFree=8388604/8388604
[pid=1605357] ppid=1605356 vsize=26908 memory=13612 CPUtime=0.06 cores=14-15
/proc/1605357/stat : 1605357 (perf) S 1605356 1605357 1605315 0 -1 0 1738 237 0 0 5 1 0 0 20 0 1 0 922883286 27553792 3403 17179869184 93824994299904 93824996572973 140737488338256 0 0 0 134217728 4 74274 1 0 0 17 14 0 0 0 0 0 93824998874888 93825001005840 93825001308160 140737488340073 140737488340470 140737488340470 140737488351179 0
/proc/1605357/statm: 6727 3403 2098 555 0 1769 0
[pid=1605361] ppid=1605357 vsize=62188 memory=53944 CPUtime=50.96 cores=14-15
/proc/1605361/stat : 1605361 (clingo) R 1605357 1605357 1605315 0 -1 0 12755 0 0 0 5094 2 0 0 20 0 1 0 922883294 63680512 13486 17179869184 93824992301056 93824992468925 140737488338416 0 0 0 134217728 4 25184771 0 0 0 17 14 0 0 0 0 0 93824992533936 93824992571272 93824992575488 140737488340183 140737488340354 140737488340354 140737488351170 0
/proc/1605361/statm: 15547 13486 2089 41 0 11626 0
Current children cumulated CPU time: 51.02 s
Current children cumulated vsize: 89096 KiB
Current children cumulated memory: 67556 KiB

[startup+102.3 s]
/proc/loadavg: 14.13 14.24 10.91 15/843 1605571
/proc/meminfo: memFree=368851836/528004520 swapFree=8388604/8388604
[pid=1605357] ppid=1605356 vsize=26908 memory=13612 CPUtime=0.06 cores=14-15
/proc/1605357/stat : 1605357 (perf) S 1605356 1605357 1605315 0 -1 0 1738 237 0 0 5 1 0 0 20 0 1 0 922883286 27553792 3403 17179869184 93824994299904 93824996572973 140737488338256 0 0 0 134217728 4 74274 1 0 0 17 14 0 0 0 0 0 93824998874888 93825001005840 93825001308160 140737488340073 140737488340470 140737488340470 140737488351179 0
/proc/1605357/statm: 6727 3403 2098 555 0 1769 0
[pid=1605361] ppid=1605357 vsize=73348 memory=65208 CPUtime=102.14 cores=14-15
/proc/1605361/stat : 1605361 (clingo) R 1605357 1605357 1605315 0 -1 0 16778 0 0 0 10212 2 0 0 20 0 1 0 922883294 75108352 16302 17179869184 93824992301056 93824992468925 140737488338416 0 0 0 134217728 4 25184771 0 0 0 17 14 0 0 0 0 0 93824992533936 93824992571272 93824992575488 140737488340183 140737488340354 140737488340354 140737488351170 0
/proc/1605361/statm: 18337 16302 2089 41 0 14416 0
Current children cumulated CPU time: 102.2 s
Current children cumulated vsize: 100256 KiB
Current children cumulated memory: 78820 KiB

[startup+162.3 s]
/proc/loadavg: 14.12 14.21 11.11 15/843 1605572
/proc/meminfo: memFree=367660200/528004520 swapFree=8388604/8388604
[pid=1605357] ppid=1605356 vsize=26908 memory=13612 CPUtime=0.06 cores=14-15
/proc/1605357/stat : 1605357 (perf) S 1605356 1605357 1605315 0 -1 0 1738 237 0 0 5 1 0 0 20 0 1 0 922883286 27553792 3403 17179869184 93824994299904 93824996572973 140737488338256 0 0 0 134217728 4 74274 1 0 0 17 14 0 0 0 0 0 93824998874888 93825001005840 93825001308160 140737488340073 140737488340470 140737488340470 140737488351179 0
/proc/1605357/statm: 6727 3403 2098 555 0 1769 0
[pid=1605361] ppid=1605357 vsize=80024 memory=71804 CPUtime=162.14 cores=14-15
/proc/1605361/stat : 1605361 (clingo) R 1605357 1605357 1605315 0 -1 0 21661 0 0 0 16210 4 0 0 20 0 1 0 922883294 81944576 17951 17179869184 93824992301056 93824992468925 140737488338416 0 0 0 134217728 4 25184771 0 0 0 17 14 0 0 0 0 0 93824992533936 93824992571272 93824992575488 140737488340183 140737488340354 140737488340354 140737488351170 0
/proc/1605361/statm: 20006 17951 2089 41 0 16085 0
Current children cumulated CPU time: 162.2 s
Current children cumulated vsize: 106932 KiB
Current children cumulated memory: 85416 KiB

[startup+222.3 s]
/proc/loadavg: 14.27 14.22 11.31 15/843 1605575
/proc/meminfo: memFree=366860924/528004520 swapFree=8388604/8388604
[pid=1605357] ppid=1605356 vsize=26908 memory=13612 CPUtime=0.06 cores=14-15
/proc/1605357/stat : 1605357 (perf) S 1605356 1605357 1605315 0 -1 0 1738 237 0 0 5 1 0 0 20 0 1 0 922883286 27553792 3403 17179869184 93824994299904 93824996572973 140737488338256 0 0 0 134217728 4 74274 1 0 0 17 14 0 0 0 0 0 93824998874888 93825001005840 93825001308160 140737488340073 140737488340470 140737488340470 140737488351179 0
/proc/1605357/statm: 6727 3403 2098 555 0 1769 0
[pid=1605361] ppid=1605357 vsize=88976 memory=80484 CPUtime=222.14 cores=14-15
/proc/1605361/stat : 1605361 (clingo) R 1605357 1605357 1605315 0 -1 0 26048 0 0 0 22209 5 0 0 20 0 1 0 922883294 91111424 20121 17179869184 93824992301056 93824992468925 140737488338416 0 0 0 134217728 4 25184771 0 0 0 17 14 0 0 0 0 0 93824992533936 93824992571272 93824992575488 140737488340183 140737488340354 140737488340354 140737488351170 0
/proc/1605361/statm: 22244 20121 2089 41 0 18323 0
Current children cumulated CPU time: 222.2 s
Current children cumulated vsize: 115884 KiB
Current children cumulated memory: 94096 KiB

[startup+282.3 s]
/proc/loadavg: 14.24 14.22 11.49 15/843 1605576
/proc/meminfo: memFree=364964644/528004520 swapFree=8388604/8388604
[pid=1605357] ppid=1605356 vsize=26908 memory=13612 CPUtime=0.06 cores=14-15
/proc/1605357/stat : 1605357 (perf) S 1605356 1605357 1605315 0 -1 0 1738 237 0 0 5 1 0 0 20 0 1 0 922883286 27553792 3403 17179869184 93824994299904 93824996572973 140737488338256 0 0 0 134217728 4 74274 1 0 0 17 14 0 0 0 0 0 93824998874888 93825001005840 93825001308160 140737488340073 140737488340470 140737488340470 140737488351179 0
/proc/1605357/statm: 6727 3403 2098 555 0 1769 0
[pid=1605361] ppid=1605357 vsize=92220 memory=84044 CPUtime=282.14 cores=14-15
/proc/1605361/stat : 1605361 (clingo) R 1605357 1605357 1605315 0 -1 0 29620 0 0 0 28209 5 0 0 20 0 1 0 922883294 94433280 21011 17179869184 93824992301056 93824992468925 140737488338416 0 0 0 134217728 4 25184771 0 0 0 17 14 0 0 0 0 0 93824992533936 93824992571272 93824992575488 140737488340183 140737488340354 140737488340354 140737488351170 0
/proc/1605361/statm: 23055 21011 2089 41 0 19134 0
Current children cumulated CPU time: 282.2 s
Current children cumulated vsize: 119128 KiB
Current children cumulated memory: 97656 KiB

[startup+342.3 s]
/proc/loadavg: 14.09 14.18 11.65 15/821 1605579
/proc/meminfo: memFree=363667936/528004520 swapFree=8388604/8388604
[pid=1605357] ppid=1605356 vsize=26908 memory=13612 CPUtime=0.06 cores=14-15
/proc/1605357/stat : 1605357 (perf) S 1605356 1605357 1605315 0 -1 0 1738 237 0 0 5 1 0 0 20 0 1 0 922883286 27553792 3403 17179869184 93824994299904 93824996572973 140737488338256 0 0 0 134217728 4 74274 1 0 0 17 14 0 0 0 0 0 93824998874888 93825001005840 93825001308160 140737488340073 140737488340470 140737488340470 140737488351179 0
/proc/1605357/statm: 6727 3403 2098 555 0 1769 0
[pid=1605361] ppid=1605357 vsize=98828 memory=90276 CPUtime=342.14 cores=14-15
/proc/1605361/stat : 1605361 (clingo) R 1605357 1605357 1605315 0 -1 0 33628 0 0 0 34208 6 0 0 20 0 1 0 922883294 101199872 22569 17179869184 93824992301056 93824992468925 140737488338416 0 0 0 134217728 4 25184771 0 0 0 17 14 0 0 0 0 0 93824992533936 93824992571272 93824992575488 140737488340183 140737488340354 140737488340354 140737488351170 0
/proc/1605361/statm: 24707 22569 2089 41 0 20786 0
Current children cumulated CPU time: 342.2 s
Current children cumulated vsize: 125736 KiB
Current children cumulated memory: 103888 KiB

[startup+402.3 s]
/proc/loadavg: 14.03 14.14 11.80 15/819 1605581
/proc/meminfo: memFree=363333292/528004520 swapFree=8388604/8388604
[pid=1605357] ppid=1605356 vsize=26908 memory=13612 CPUtime=0.06 cores=14-15
/proc/1605357/stat : 1605357 (perf) S 1605356 1605357 1605315 0 -1 0 1738 237 0 0 5 1 0 0 20 0 1 0 922883286 27553792 3403 17179869184 93824994299904 93824996572973 140737488338256 0 0 0 134217728 4 74274 1 0 0 17 14 0 0 0 0 0 93824998874888 93825001005840 93825001308160 140737488340073 140737488340470 140737488340470 140737488351179 0
/proc/1605357/statm: 6727 3403 2098 555 0 1769 0
[pid=1605361] ppid=1605357 vsize=103512 memory=95224 CPUtime=402.14 cores=14-15
/proc/1605361/stat : 1605361 (clingo) R 1605357 1605357 1605315 0 -1 0 36470 0 0 0 40208 6 0 0 20 0 1 0 922883294 105996288 23806 17179869184 93824992301056 93824992468925 140737488338416 0 0 0 134217728 4 25184771 0 0 0 17 14 0 0 0 0 0 93824992533936 93824992571272 93824992575488 140737488340183 140737488340354 140737488340354 140737488351170 0
/proc/1605361/statm: 25878 23806 2089 41 0 21957 0
Current children cumulated CPU time: 402.2 s
Current children cumulated vsize: 130420 KiB
Current children cumulated memory: 108836 KiB

[startup+462.3 s]
/proc/loadavg: 15.53 14.63 12.12 15/819 1605582
/proc/meminfo: memFree=363113804/528004520 swapFree=8388604/8388604
[pid=1605357] ppid=1605356 vsize=26908 memory=13612 CPUtime=0.06 cores=14-15
/proc/1605357/stat : 1605357 (perf) S 1605356 1605357 1605315 0 -1 0 1738 237 0 0 5 1 0 0 20 0 1 0 922883286 27553792 3403 17179869184 93824994299904 93824996572973 140737488338256 0 0 0 134217728 4 74274 1 0 0 17 14 0 0 0 0 0 93824998874888 93825001005840 93825001308160 140737488340073 140737488340470 140737488340470 140737488351179 0
/proc/1605357/statm: 6727 3403 2098 555 0 1769 0
[pid=1605361] ppid=1605357 vsize=106932 memory=98644 CPUtime=462.14 cores=14-15
/proc/1605361/stat : 1605361 (clingo) R 1605357 1605357 1605315 0 -1 0 40130 0 0 0 46206 8 0 0 20 0 1 0 922883294 109498368 24661 17179869184 93824992301056 93824992468925 140737488338416 0 0 0 134217728 4 25184771 0 0 0 17 14 0 0 0 0 0 93824992533936 93824992571272 93824992575488 140737488340183 140737488340354 140737488340354 140737488351170 0
/proc/1605361/statm: 26733 24661 2089 41 0 22812 0
Current children cumulated CPU time: 462.2 s
Current children cumulated vsize: 133840 KiB
Current children cumulated memory: 112256 KiB

[startup+522.3 s]
/proc/loadavg: 14.91 14.65 12.29 15/819 1605583
/proc/meminfo: memFree=362665500/528004520 swapFree=8388604/8388604
[pid=1605357] ppid=1605356 vsize=26908 memory=13612 CPUtime=0.06 cores=14-15
/proc/1605357/stat : 1605357 (perf) S 1605356 1605357 1605315 0 -1 0 1738 237 0 0 5 1 0 0 20 0 1 0 922883286 27553792 3403 17179869184 93824994299904 93824996572973 140737488338256 0 0 0 134217728 4 74274 1 0 0 17 14 0 0 0 0 0 93824998874888 93825001005840 93825001308160 140737488340073 140737488340470 140737488340470 140737488351179 0
/proc/1605357/statm: 6727 3403 2098 555 0 1769 0
[pid=1605361] ppid=1605357 vsize=109196 memory=100760 CPUtime=522.14 cores=14-15
/proc/1605361/stat : 1605361 (clingo) R 1605357 1605357 1605315 0 -1 0 41782 0 0 0 52206 8 0 0 20 0 1 0 922883294 111816704 25190 17179869184 93824992301056 93824992468925 140737488338416 0 0 0 134217728 4 25184771 0 0 0 17 14 0 0 0 0 0 93824992533936 93824992571272 93824992575488 140737488340183 140737488340354 140737488340354 140737488351170 0
/proc/1605361/statm: 27299 25190 2089 41 0 23378 0
Current children cumulated CPU time: 522.2 s
Current children cumulated vsize: 136104 KiB
Current children cumulated memory: 114372 KiB

[startup+582.3 s]
/proc/loadavg: 14.44 14.56 12.41 15/819 1605588
/proc/meminfo: memFree=361507012/528004520 swapFree=8388604/8388604
[pid=1605357] ppid=1605356 vsize=26908 memory=13612 CPUtime=0.06 cores=14-15
/proc/1605357/stat : 1605357 (perf) S 1605356 1605357 1605315 0 -1 0 1738 237 0 0 5 1 0 0 20 0 1 0 922883286 27553792 3403 17179869184 93824994299904 93824996572973 140737488338256 0 0 0 134217728 4 74274 1 0 0 17 14 0 0 0 0 0 93824998874888 93825001005840 93825001308160 140737488340073 140737488340470 140737488340470 140737488351179 0
/proc/1605357/statm: 6727 3403 2098 555 0 1769 0
[pid=1605361] ppid=1605357 vsize=111840 memory=102936 CPUtime=582.14 cores=14-15
/proc/1605361/stat : 1605361 (clingo) R 1605357 1605357 1605315 0 -1 0 42956 0 0 0 58206 8 0 0 20 0 1 0 922883294 114524160 25734 17179869184 93824992301056 93824992468925 140737488338416 0 0 0 134217728 4 25184771 0 0 0 17 14 0 0 0 0 0 93824992533936 93824992571272 93824992575488 140737488340183 140737488340354 140737488340354 140737488351170 0
/proc/1605361/statm: 27960 25734 2089 41 0 24039 0
Current children cumulated CPU time: 582.2 s
Current children cumulated vsize: 138748 KiB
Current children cumulated memory: 116548 KiB

[startup+642.3 s]
/proc/loadavg: 14.16 14.45 12.51 15/819 1605590
/proc/meminfo: memFree=360103736/528004520 swapFree=8388604/8388604
[pid=1605357] ppid=1605356 vsize=26908 memory=13612 CPUtime=0.06 cores=14-15
/proc/1605357/stat : 1605357 (perf) S 1605356 1605357 1605315 0 -1 0 1738 237 0 0 5 1 0 0 20 0 1 0 922883286 27553792 3403 17179869184 93824994299904 93824996572973 140737488338256 0 0 0 134217728 4 74274 1 0 0 17 14 0 0 0 0 0 93824998874888 93825001005840 93825001308160 140737488340073 140737488340470 140737488340470 140737488351179 0
/proc/1605357/statm: 6727 3403 2098 555 0 1769 0
[pid=1605361] ppid=1605357 vsize=117664 memory=108780 CPUtime=642.14 cores=14-15
/proc/1605361/stat : 1605361 (clingo) R 1605357 1605357 1605315 0 -1 0 45689 0 0 0 64206 8 0 0 20 0 1 0 922883294 120487936 27195 17179869184 93824992301056 93824992468925 140737488338416 0 0 0 134217728 4 25184771 0 0 0 17 14 0 0 0 0 0 93824992533936 93824992571272 93824992575488 140737488340183 140737488340354 140737488340354 140737488351170 0
/proc/1605361/statm: 29416 27195 2089 41 0 25495 0
Current children cumulated CPU time: 642.2 s
Current children cumulated vsize: 144572 KiB
Current children cumulated memory: 122392 KiB

[startup+702.3 s]
/proc/loadavg: 14.54 14.52 12.66 15/819 1605591
/proc/meminfo: memFree=358925640/528004520 swapFree=8388604/8388604
[pid=1605357] ppid=1605356 vsize=26908 memory=13612 CPUtime=0.06 cores=14-15
/proc/1605357/stat : 1605357 (perf) S 1605356 1605357 1605315 0 -1 0 1738 237 0 0 5 1 0 0 20 0 1 0 922883286 27553792 3403 17179869184 93824994299904 93824996572973 140737488338256 0 0 0 134217728 4 74274 1 0 0 17 14 0 0 0 0 0 93824998874888 93825001005840 93825001308160 140737488340073 140737488340470 140737488340470 140737488351179 0
/proc/1605357/statm: 6727 3403 2098 555 0 1769 0
[pid=1605361] ppid=1605357 vsize=120504 memory=111548 CPUtime=702.14 cores=14-15
/proc/1605361/stat : 1605361 (clingo) R 1605357 1605357 1605315 0 -1 0 47730 0 0 0 70206 8 0 0 20 0 1 0 922883294 123396096 27887 17179869184 93824992301056 93824992468925 140737488338416 0 0 0 134217728 4 25184771 0 0 0 17 14 0 0 0 0 0 93824992533936 93824992571272 93824992575488 140737488340183 140737488340354 140737488340354 140737488351170 0
/proc/1605361/statm: 30126 27887 2089 41 0 26205 0
Current children cumulated CPU time: 702.2 s
Current children cumulated vsize: 147412 KiB
Current children cumulated memory: 125160 KiB

[startup+762.3 s]
/proc/loadavg: 14.20 14.42 12.75 15/819 1605592
/proc/meminfo: memFree=357782860/528004520 swapFree=8388604/8388604
[pid=1605357] ppid=1605356 vsize=26908 memory=13612 CPUtime=0.06 cores=14-15
/proc/1605357/stat : 1605357 (perf) S 1605356 1605357 1605315 0 -1 0 1738 237 0 0 5 1 0 0 20 0 1 0 922883286 27553792 3403 17179869184 93824994299904 93824996572973 140737488338256 0 0 0 134217728 4 74274 1 0 0 17 14 0 0 0 0 0 93824998874888 93825001005840 93825001308160 140737488340073 140737488340470 140737488340470 140737488351179 0
/proc/1605357/statm: 6727 3403 2098 555 0 1769 0
[pid=1605361] ppid=1605357 vsize=125656 memory=116716 CPUtime=762.14 cores=14-15
/proc/1605361/stat : 1605361 (clingo) R 1605357 1605357 1605315 0 -1 0 50741 0 0 0 76206 8 0 0 20 0 1 0 922883294 128671744 29179 17179869184 93824992301056 93824992468925 140737488338416 0 0 0 134217728 4 25184771 0 0 0 17 14 0 0 0 0 0 93824992533936 93824992571272 93824992575488 140737488340183 140737488340354 140737488340354 140737488351170 0
/proc/1605361/statm: 31414 29179 2089 41 0 27493 0
Current children cumulated CPU time: 762.2 s
Current children cumulated vsize: 152564 KiB
Current children cumulated memory: 130328 KiB

[startup+822.3 s]
/proc/loadavg: 14.33 14.41 12.85 15/819 1605595
/proc/meminfo: memFree=356679868/528004520 swapFree=8388604/8388604
[pid=1605357] ppid=1605356 vsize=26908 memory=13612 CPUtime=0.06 cores=14-15
/proc/1605357/stat : 1605357 (perf) S 1605356 1605357 1605315 0 -1 0 1738 237 0 0 5 1 0 0 20 0 1 0 922883286 27553792 3403 17179869184 93824994299904 93824996572973 140737488338256 0 0 0 134217728 4 74274 1 0 0 17 14 0 0 0 0 0 93824998874888 93825001005840 93825001308160 140737488340073 140737488340470 140737488340470 140737488351179 0
/proc/1605357/statm: 6727 3403 2098 555 0 1769 0
[pid=1605361] ppid=1605357 vsize=130352 memory=121476 CPUtime=822.14 cores=14-15
/proc/1605361/stat : 1605361 (clingo) R 1605357 1605357 1605315 0 -1 0 53207 0 0 0 82206 8 0 0 20 0 1 0 922883294 133480448 30369 17179869184 93824992301056 93824992468925 140737488338416 0 0 0 134217728 4 25184771 0 0 0 17 14 0 0 0 0 0 93824992533936 93824992571272 93824992575488 140737488340183 140737488340354 140737488340354 140737488351170 0
/proc/1605361/statm: 32588 30369 2089 41 0 28667 0
Current children cumulated CPU time: 822.2 s
Current children cumulated vsize: 157260 KiB
Current children cumulated memory: 135088 KiB

[startup+882.3 s]
/proc/loadavg: 14.19 14.36 12.93 15/819 1605597
/proc/meminfo: memFree=356143616/528004520 swapFree=8388604/8388604
[pid=1605357] ppid=1605356 vsize=26908 memory=13612 CPUtime=0.06 cores=14-15
/proc/1605357/stat : 1605357 (perf) S 1605356 1605357 1605315 0 -1 0 1738 237 0 0 5 1 0 0 20 0 1 0 922883286 27553792 3403 17179869184 93824994299904 93824996572973 140737488338256 0 0 0 134217728 4 74274 1 0 0 17 14 0 0 0 0 0 93824998874888 93825001005840 93825001308160 140737488340073 140737488340470 140737488340470 140737488351179 0
/proc/1605357/statm: 6727 3403 2098 555 0 1769 0
[pid=1605361] ppid=1605357 vsize=131808 memory=122920 CPUtime=882.14 cores=14-15
/proc/1605361/stat : 1605361 (clingo) R 1605357 1605357 1605315 0 -1 0 54243 0 0 0 88205 9 0 0 20 0 1 0 922883294 134971392 30730 17179869184 93824992301056 93824992468925 140737488338416 0 0 0 134217728 4 25184771 0 0 0 17 14 0 0 0 0 0 93824992533936 93824992571272 93824992575488 140737488340183 140737488340354 140737488340354 140737488351170 0
/proc/1605361/statm: 32952 30730 2089 41 0 29031 0
Current children cumulated CPU time: 882.2 s
Current children cumulated vsize: 158716 KiB
Current children cumulated memory: 136532 KiB

[startup+942.3 s]
/proc/loadavg: 14.16 14.32 13.02 15/819 1605598
/proc/meminfo: memFree=355866920/528004520 swapFree=8388604/8388604
[pid=1605357] ppid=1605356 vsize=26908 memory=13612 CPUtime=0.06 cores=14-15
/proc/1605357/stat : 1605357 (perf) S 1605356 1605357 1605315 0 -1 0 1738 237 0 0 5 1 0 0 20 0 1 0 922883286 27553792 3403 17179869184 93824994299904 93824996572973 140737488338256 0 0 0 134217728 4 74274 1 0 0 17 14 0 0 0 0 0 93824998874888 93825001005840 93825001308160 140737488340073 140737488340470 140737488340470 140737488351179 0
/proc/1605357/statm: 6727 3403 2098 555 0 1769 0
[pid=1605361] ppid=1605357 vsize=134708 memory=125784 CPUtime=942.14 cores=14-15
/proc/1605361/stat : 1605361 (clingo) R 1605357 1605357 1605315 0 -1 0 55420 0 0 0 94205 9 0 0 20 0 1 0 922883294 137940992 31446 17179869184 93824992301056 93824992468925 140737488338416 0 0 0 134217728 4 25184771 0 0 0 17 14 0 0 0 0 0 93824992533936 93824992571272 93824992575488 140737488340183 140737488340354 140737488340354 140737488351170 0
/proc/1605361/statm: 33677 31446 2089 41 0 29756 0
Current children cumulated CPU time: 942.2 s
Current children cumulated vsize: 161616 KiB
Current children cumulated memory: 139396 KiB

[startup+1002.3 s]
/proc/loadavg: 14.06 14.26 13.08 15/819 1605600
/proc/meminfo: memFree=355728096/528004520 swapFree=8388604/8388604
[pid=1605357] ppid=1605356 vsize=26908 memory=13612 CPUtime=0.06 cores=14-15
/proc/1605357/stat : 1605357 (perf) S 1605356 1605357 1605315 0 -1 0 1738 237 0 0 5 1 0 0 20 0 1 0 922883286 27553792 3403 17179869184 93824994299904 93824996572973 140737488338256 0 0 0 134217728 4 74274 1 0 0 17 14 0 0 0 0 0 93824998874888 93825001005840 93825001308160 140737488340073 140737488340470 140737488340470 140737488351179 0
/proc/1605357/statm: 6727 3403 2098 555 0 1769 0
[pid=1605361] ppid=1605357 vsize=135096 memory=125936 CPUtime=1002.14 cores=14-15
/proc/1605361/stat : 1605361 (clingo) R 1605357 1605357 1605315 0 -1 0 56321 0 0 0 100205 9 0 0 20 0 1 0 922883294 138338304 31484 17179869184 93824992301056 93824992468925 140737488338416 0 0 0 134217728 4 25184771 0 0 0 17 14 0 0 0 0 0 93824992533936 93824992571272 93824992575488 140737488340183 140737488340354 140737488340354 140737488351170 0
/proc/1605361/statm: 33774 31484 2089 41 0 29853 0
Current children cumulated CPU time: 1002.2 s
Current children cumulated vsize: 162004 KiB
Current children cumulated memory: 139548 KiB

[startup+1062.3 s]
/proc/loadavg: 14.07 14.23 13.14 15/819 1605602
/proc/meminfo: memFree=355717292/528004520 swapFree=8388604/8388604
[pid=1605357] ppid=1605356 vsize=26908 memory=13612 CPUtime=0.06 cores=14-15
/proc/1605357/stat : 1605357 (perf) S 1605356 1605357 1605315 0 -1 0 1738 237 0 0 5 1 0 0 20 0 1 0 922883286 27553792 3403 17179869184 93824994299904 93824996572973 140737488338256 0 0 0 134217728 4 74274 1 0 0 17 14 0 0 0 0 0 93824998874888 93825001005840 93825001308160 140737488340073 140737488340470 140737488340470 140737488351179 0
/proc/1605357/statm: 6727 3403 2098 555 0 1769 0
[pid=1605361] ppid=1605357 vsize=138992 memory=130136 CPUtime=1062.14 cores=14-15
/proc/1605361/stat : 1605361 (clingo) R 1605357 1605357 1605315 0 -1 0 59321 0 0 0 106205 9 0 0 20 0 1 0 922883294 142327808 32534 17179869184 93824992301056 93824992468925 140737488338416 0 0 0 134217728 4 25184771 0 0 0 17 14 0 0 0 0 0 93824992533936 93824992571272 93824992575488 140737488340183 140737488340354 140737488340354 140737488351170 0
/proc/1605361/statm: 34748 32534 2089 41 0 30827 0
Current children cumulated CPU time: 1062.2 s
Current children cumulated vsize: 165900 KiB
Current children cumulated memory: 143748 KiB

[startup+1122.3 s]
/proc/loadavg: 14.02 14.18 13.20 15/819 1605604
/proc/meminfo: memFree=355599176/528004520 swapFree=8388604/8388604
[pid=1605357] ppid=1605356 vsize=26908 memory=13612 CPUtime=0.06 cores=14-15
/proc/1605357/stat : 1605357 (perf) S 1605356 1605357 1605315 0 -1 0 1738 237 0 0 5 1 0 0 20 0 1 0 922883286 27553792 3403 17179869184 93824994299904 93824996572973 140737488338256 0 0 0 134217728 4 74274 1 0 0 17 14 0 0 0 0 0 93824998874888 93825001005840 93825001308160 140737488340073 140737488340470 140737488340470 140737488351179 0
/proc/1605357/statm: 6727 3403 2098 555 0 1769 0
[pid=1605361] ppid=1605357 vsize=140252 memory=131196 CPUtime=1122.14 cores=14-15
/proc/1605361/stat : 1605361 (clingo) R 1605357 1605357 1605315 0 -1 0 60627 0 0 0 112205 9 0 0 20 0 1 0 922883294 143618048 32799 17179869184 93824992301056 93824992468925 140737488338416 0 0 0 134217728 4 25184771 0 0 0 17 14 0 0 0 0 0 93824992533936 93824992571272 93824992575488 140737488340183 140737488340354 140737488340354 140737488351170 0
/proc/1605361/statm: 35063 32799 2089 41 0 31142 0
Current children cumulated CPU time: 1122.2 s
Current children cumulated vsize: 167160 KiB
Current children cumulated memory: 144808 KiB

[startup+1182.3 s]
/proc/loadavg: 14.21 14.22 13.28 15/819 1605607
/proc/meminfo: memFree=355438196/528004520 swapFree=8388604/8388604
[pid=1605357] ppid=1605356 vsize=26908 memory=13612 CPUtime=0.06 cores=14-15
/proc/1605357/stat : 1605357 (perf) S 1605356 1605357 1605315 0 -1 0 1738 237 0 0 5 1 0 0 20 0 1 0 922883286 27553792 3403 17179869184 93824994299904 93824996572973 140737488338256 0 0 0 134217728 4 74274 1 0 0 17 14 0 0 0 0 0 93824998874888 93825001005840 93825001308160 140737488340073 140737488340470 140737488340470 140737488351179 0
/proc/1605357/statm: 6727 3403 2098 555 0 1769 0
[pid=1605361] ppid=1605357 vsize=141944 memory=132912 CPUtime=1182.14 cores=14-15
/proc/1605361/stat : 1605361 (clingo) R 1605357 1605357 1605315 0 -1 0 61448 0 0 0 118205 9 0 0 20 0 1 0 922883294 145350656 33228 17179869184 93824992301056 93824992468925 140737488338416 0 0 0 134217728 4 25184771 0 0 0 17 14 0 0 0 0 0 93824992533936 93824992571272 93824992575488 140737488340183 140737488340354 140737488340354 140737488351170 0
/proc/1605361/statm: 35486 33228 2089 41 0 31565 0
Current children cumulated CPU time: 1182.2 s
Current children cumulated vsize: 168852 KiB
Current children cumulated memory: 146524 KiB



Maximum wall clock time exceeded: sending SIGTERM then SIGKILL

[startup+1205 s]*
/proc/loadavg: 14.29 14.24 13.31 17/816 1607125
/proc/meminfo: memFree=373944064/528004520 swapFree=8388604/8388604
[pid=1605357] ppid=1605356 vsize=26908 memory=13612 CPUtime=0.06 cores=14-15
/proc/1605357/stat : 1605357 (perf) S 1605356 1605357 1605315 0 -1 0 1738 237 0 0 5 1 0 0 20 0 1 0 922883286 27553792 3403 17179869184 93824994299904 93824996572973 140737488338256 0 0 0 134217728 4 74274 1 0 0 17 14 0 0 0 0 0 93824998874888 93825001005840 93825001308160 140737488340073 140737488340470 140737488340470 140737488351179 0
/proc/1605357/statm: 6727 3403 2098 555 0 1769 0
[pid=1605361] ppid=1605357 vsize=142776 memory=133436 CPUtime=1204.85 cores=14-15
/proc/1605361/stat : 1605361 (clingo) R 1605357 1605357 1605315 0 -1 0 61612 0 0 0 120476 9 0 0 20 0 1 0 922883294 146202624 33359 17179869184 93824992301056 93824992468925 140737488338416 0 0 0 134217728 4 25184771 0 0 0 17 14 0 0 0 0 0 93824992533936 93824992571272 93824992575488 140737488340183 140737488340354 140737488340354 140737488351170 0
/proc/1605361/statm: 35694 33359 2089 41 0 31773 0
Current children cumulated CPU time: 1204.91 s
Current children cumulated vsize: 169684 KiB
Current children cumulated memory: 147048 KiB

Sending SIGINT to process tree (bottom up)
Sleeping 5 seconds

[startup+1205.03 s]
# the end of solver process 1605357 was just reported to runsolver
# cumulated CPU time of all completed processes:  user=1204.84 s, system=0.118947 s

Solver just ended.
??? end of watcher thread
Dumping a history of the last processes samples

Child status: 1
Real time (s): 1205.03
CPU time (s): 1204.95
CPU user time (s): 1204.84
CPU system time (s): 0.118947
CPU usage (%): 99.994
Max. virtual memory (cumulated for all children) (KiB): 169684
Max. memory (cumulated for all children) (KiB): 147048

getrusage(RUSAGE_CHILDREN,...) data:
user time used= 1204.84
system time used= 0.118947
maximum resident set size= 133580
integral shared memory size= 0
integral unshared data size= 0
integral unshared stack size= 0
page reclaims= 63627
page faults= 0
swaps= 0
block input operations= 0
block output operations= 0
messages sent= 0
messages received= 0
signals received= 0
voluntary context switches= 18
involuntary context switches= 802


# summary of solver processes directly reported to runsolver:
#   pid: 1605357
#   total CPU time (s): 1204.95
#   total CPU user time (s): 1204.84
#   total CPU system time (s): 0.118947

??? end of timestamper thread
runsolver used 8.17917 second user time and 15.558 second system time

The end
