runsolver version 3.4.0 (svn: 3018) Copyright (C) 2010-2013 Olivier ROUSSEL

This program is distributed in the hope that it will be useful,
but WITHOUT ANY WARRANTY; without even the implied warranty of
MERCHANTABILITY or FITNESS FOR A PARTICULAR PURPOSE.  See the
GNU General Public License for more details.

NUMA information:
  number of nodes: 2
  memory of node 0: 257634 MiB (187159 MiB free)
  memory of node 1: 257994 MiB (187499 MiB free)
  node distances:
     10  20
     20  10

command line: /dev/shm/377304e0-2e81-11f1-ac62-000c298f4621/input/runsolver -w /dev/shm/377304e0-2e81-11f1-ac62-000c298f4621/output/runsolver.log -v /dev/shm/377304e0-2e81-11f1-ac62-000c298f4621/output/varfile.log -W 1205 --rss-swap-limit 16384 -d 5 --sigint /usr/bin/perf stat -B -e task-clock,cache-references,cache-misses,cycles,instructions,branches,faults,migrations,context-switches -o /dev/shm/377304e0-2e81-11f1-ac62-000c298f4621/output/perf.log clingo /home/guests/mmacri/AMOSUM/benchmarks/GraphColouring/encoding-plain-amo.asp /dev/shm/377304e0-2e81-11f1-ac62-000c298f4621/input/0038-graph_colouring-140-0_4032.asp 

running on 2 cores: 22-23

Enforcing wall clock limit (soft limit, will send SIGTERM then SIGKILL): 1205 seconds
Enforcing RSS+Swap limit (soft limit, will send SIGTERM then SIGKILL): 16777216 KiB
Linux 5.15.0-131-generic
Current StackSize limit: 8192 KiB

solver pid=386392, runsolver pid=386391

[startup+0.100071 s]*
/proc/loadavg: 14.33 14.34 13.28 15/837 386396
/proc/meminfo: memFree=383646400/528004324 swapFree=8388604/8388604
[pid=386392] ppid=386391 vsize=26908 memory=13612 CPUtime=0.06 cores=22-23
/proc/386392/stat : 386392 (perf) S 386391 386392 386350 0 -1 0 1738 237 0 0 5 1 0 0 20 0 1 0 923013681 27553792 3403 17179869184 93824994299904 93824996572973 140737488338256 0 0 0 134217728 4 74274 1 0 0 17 22 0 0 0 0 0 93824998874888 93825001005840 93825001308160 140737488340074 140737488340471 140737488340471 140737488351179 0
/proc/386392/statm: 6727 3403 2098 555 0 1769 0
[pid=386396] ppid=386392 vsize=19940 memory=11808 CPUtime=0.03 cores=22-23
/proc/386396/stat : 386396 (clingo) R 386392 386392 386350 0 -1 0 1175 0 0 0 3 0 0 0 20 0 1 0 923013689 20418560 2952 17179869184 93824992301056 93824992468925 140737488338416 0 0 0 134217728 4 25184771 0 0 0 17 23 0 0 0 0 0 93824992533936 93824992571272 93824992575488 140737488340184 140737488340355 140737488340355 140737488351170 0
/proc/386396/statm: 4985 2952 2057 41 0 1064 0
Current children cumulated CPU time: 0.09 s
Current children cumulated vsize: 46848 KiB
Current children cumulated memory: 25420 KiB

[startup+0.230616 s]*
/proc/loadavg: 14.33 14.34 13.28 15/837 386396
/proc/meminfo: memFree=383644132/528004324 swapFree=8388604/8388604
[pid=386392] ppid=386391 vsize=26908 memory=13612 CPUtime=0.06 cores=22-23
/proc/386392/stat : 386392 (perf) S 386391 386392 386350 0 -1 0 1738 237 0 0 5 1 0 0 20 0 1 0 923013681 27553792 3403 17179869184 93824994299904 93824996572973 140737488338256 0 0 0 134217728 4 74274 1 0 0 17 22 0 0 0 0 0 93824998874888 93825001005840 93825001308160 140737488340074 140737488340471 140737488340471 140737488351179 0
/proc/386392/statm: 6727 3403 2098 555 0 1769 0
[pid=386396] ppid=386392 vsize=25260 memory=17204 CPUtime=0.14 cores=22-23
/proc/386396/stat : 386396 (clingo) R 386392 386392 386350 0 -1 0 2495 0 0 0 14 0 0 0 20 0 1 0 923013689 25866240 4301 17179869184 93824992301056 93824992468925 140737488338416 0 0 0 134217728 4 25184771 0 0 0 17 23 0 0 0 0 0 93824992533936 93824992571272 93824992575488 140737488340184 140737488340355 140737488340355 140737488351170 0
/proc/386396/statm: 6315 4301 2088 41 0 2394 0
Current children cumulated CPU time: 0.2 s
Current children cumulated vsize: 52168 KiB
Current children cumulated memory: 30816 KiB

[startup+0.334465 s]*
/proc/loadavg: 14.33 14.34 13.28 15/837 386396
/proc/meminfo: memFree=383642620/528004324 swapFree=8388604/8388604
[pid=386392] ppid=386391 vsize=26908 memory=13612 CPUtime=0.06 cores=22-23
/proc/386392/stat : 386392 (perf) S 386391 386392 386350 0 -1 0 1738 237 0 0 5 1 0 0 20 0 1 0 923013681 27553792 3403 17179869184 93824994299904 93824996572973 140737488338256 0 0 0 134217728 4 74274 1 0 0 17 22 0 0 0 0 0 93824998874888 93825001005840 93825001308160 140737488340074 140737488340471 140737488340471 140737488351179 0
/proc/386392/statm: 6727 3403 2098 555 0 1769 0
[pid=386396] ppid=386392 vsize=27240 memory=19052 CPUtime=0.22 cores=22-23
/proc/386396/stat : 386396 (clingo) R 386392 386392 386350 0 -1 0 2988 0 0 0 22 0 0 0 20 0 1 0 923013689 27893760 4763 17179869184 93824992301056 93824992468925 140737488338416 0 0 0 134217728 4 25184771 0 0 0 17 23 0 0 0 0 0 93824992533936 93824992571272 93824992575488 140737488340184 140737488340355 140737488340355 140737488351170 0
/proc/386396/statm: 6810 4763 2088 41 0 2889 0
Current children cumulated CPU time: 0.28 s
Current children cumulated vsize: 54148 KiB
Current children cumulated memory: 32664 KiB

[startup+0.700324 s]
/proc/loadavg: 14.33 14.34 13.28 15/823 386411
/proc/meminfo: memFree=383644808/528004324 swapFree=8388604/8388604
[pid=386392] ppid=386391 vsize=26908 memory=13612 CPUtime=0.06 cores=22-23
/proc/386392/stat : 386392 (perf) S 386391 386392 386350 0 -1 0 1738 237 0 0 5 1 0 0 20 0 1 0 923013681 27553792 3403 17179869184 93824994299904 93824996572973 140737488338256 0 0 0 134217728 4 74274 1 0 0 17 22 0 0 0 0 0 93824998874888 93825001005840 93825001308160 140737488340074 140737488340471 140737488340471 140737488351179 0
/proc/386392/statm: 6727 3403 2098 555 0 1769 0
[pid=386396] ppid=386392 vsize=29508 memory=21428 CPUtime=0.52 cores=22-23
/proc/386396/stat : 386396 (clingo) R 386392 386392 386350 0 -1 0 3559 0 0 0 52 0 0 0 20 0 1 0 923013689 30216192 5357 17179869184 93824992301056 93824992468925 140737488338416 0 0 0 134217728 4 25184771 0 0 0 17 23 0 0 0 0 0 93824992533936 93824992571272 93824992575488 140737488340184 140737488340355 140737488340355 140737488351170 0
/proc/386396/statm: 7377 5357 2088 41 0 3456 0
Current children cumulated CPU time: 0.58 s
Current children cumulated vsize: 56416 KiB
Current children cumulated memory: 35040 KiB

[startup+1.50035 s]
/proc/loadavg: 14.33 14.34 13.28 15/837 386499
/proc/meminfo: memFree=383647900/528004324 swapFree=8388604/8388604
[pid=386392] ppid=386391 vsize=26908 memory=13612 CPUtime=0.06 cores=22-23
/proc/386392/stat : 386392 (perf) S 386391 386392 386350 0 -1 0 1738 237 0 0 5 1 0 0 20 0 1 0 923013681 27553792 3403 17179869184 93824994299904 93824996572973 140737488338256 0 0 0 134217728 4 74274 1 0 0 17 22 0 0 0 0 0 93824998874888 93825001005840 93825001308160 140737488340074 140737488340471 140737488340471 140737488351179 0
/proc/386392/statm: 6727 3403 2098 555 0 1769 0
[pid=386396] ppid=386392 vsize=32816 memory=24860 CPUtime=1.32 cores=22-23
/proc/386396/stat : 386396 (clingo) R 386392 386392 386350 0 -1 0 4405 0 0 0 131 1 0 0 20 0 1 0 923013689 33603584 6215 17179869184 93824992301056 93824992468925 140737488338416 0 0 0 134217728 4 25184771 0 0 0 17 22 0 0 0 0 0 93824992533936 93824992571272 93824992575488 140737488340184 140737488340355 140737488340355 140737488351170 0
/proc/386396/statm: 8204 6215 2088 41 0 4283 0
Current children cumulated CPU time: 1.38 s
Current children cumulated vsize: 59724 KiB
Current children cumulated memory: 38472 KiB

[startup+3.1179 s]
/proc/loadavg: 14.33 14.34 13.28 15/837 386499
/proc/meminfo: memFree=383613920/528004324 swapFree=8388604/8388604
[pid=386392] ppid=386391 vsize=26908 memory=13612 CPUtime=0.06 cores=22-23
/proc/386392/stat : 386392 (perf) S 386391 386392 386350 0 -1 0 1738 237 0 0 5 1 0 0 20 0 1 0 923013681 27553792 3403 17179869184 93824994299904 93824996572973 140737488338256 0 0 0 134217728 4 74274 1 0 0 17 22 0 0 0 0 0 93824998874888 93825001005840 93825001308160 140737488340074 140737488340471 140737488340471 140737488351179 0
/proc/386392/statm: 6727 3403 2098 555 0 1769 0
[pid=386396] ppid=386392 vsize=34932 memory=26972 CPUtime=2.94 cores=22-23
/proc/386396/stat : 386396 (clingo) R 386392 386392 386350 0 -1 0 4927 0 0 0 293 1 0 0 20 0 1 0 923013689 35770368 6743 17179869184 93824992301056 93824992468925 140737488338416 0 0 0 134217728 4 25184771 0 0 0 17 22 0 0 0 0 0 93824992533936 93824992571272 93824992575488 140737488340184 140737488340355 140737488340355 140737488351170 0
/proc/386396/statm: 8733 6743 2088 41 0 4812 0
Current children cumulated CPU time: 3 s
Current children cumulated vsize: 61840 KiB
Current children cumulated memory: 40584 KiB

[startup+6.30028 s]
/proc/loadavg: 14.31 14.33 13.29 15/837 386499
/proc/meminfo: memFree=383571884/528004324 swapFree=8388604/8388604
[pid=386392] ppid=386391 vsize=26908 memory=13612 CPUtime=0.06 cores=22-23
/proc/386392/stat : 386392 (perf) S 386391 386392 386350 0 -1 0 1738 237 0 0 5 1 0 0 20 0 1 0 923013681 27553792 3403 17179869184 93824994299904 93824996572973 140737488338256 0 0 0 134217728 4 74274 1 0 0 17 22 0 0 0 0 0 93824998874888 93825001005840 93825001308160 140737488340074 140737488340471 140737488340471 140737488351179 0
/proc/386392/statm: 6727 3403 2098 555 0 1769 0
[pid=386396] ppid=386392 vsize=39452 memory=31344 CPUtime=6.12 cores=22-23
/proc/386396/stat : 386396 (clingo) R 386392 386392 386350 0 -1 0 6155 0 0 0 611 1 0 0 20 0 1 0 923013689 40398848 7836 17179869184 93824992301056 93824992468925 140737488338416 0 0 0 134217728 4 25184771 0 0 0 17 22 0 0 0 0 0 93824992533936 93824992571272 93824992575488 140737488340184 140737488340355 140737488340355 140737488351170 0
/proc/386396/statm: 9863 7836 2088 41 0 5942 0
Current children cumulated CPU time: 6.18 s
Current children cumulated vsize: 66360 KiB
Current children cumulated memory: 44956 KiB

[startup+12.7002 s]
/proc/loadavg: 14.28 14.33 13.29 15/837 386602
/proc/meminfo: memFree=383584168/528004324 swapFree=8388604/8388604
[pid=386392] ppid=386391 vsize=26908 memory=13612 CPUtime=0.06 cores=22-23
/proc/386392/stat : 386392 (perf) S 386391 386392 386350 0 -1 0 1738 237 0 0 5 1 0 0 20 0 1 0 923013681 27553792 3403 17179869184 93824994299904 93824996572973 140737488338256 0 0 0 134217728 4 74274 1 0 0 17 22 0 0 0 0 0 93824998874888 93825001005840 93825001308160 140737488340074 140737488340471 140737488340471 140737488351179 0
/proc/386392/statm: 6727 3403 2098 555 0 1769 0
[pid=386396] ppid=386392 vsize=46168 memory=37868 CPUtime=12.52 cores=22-23
/proc/386396/stat : 386396 (clingo) R 386392 386392 386350 0 -1 0 8191 0 0 0 1251 1 0 0 20 0 1 0 923013689 47276032 9467 17179869184 93824992301056 93824992468925 140737488338416 0 0 0 134217728 4 25184771 0 0 0 17 22 0 0 0 0 0 93824992533936 93824992571272 93824992575488 140737488340184 140737488340355 140737488340355 140737488351170 0
/proc/386396/statm: 11542 9467 2088 41 0 7621 0
Current children cumulated CPU time: 12.58 s
Current children cumulated vsize: 73076 KiB
Current children cumulated memory: 51480 KiB

[startup+25.5004 s]
/proc/loadavg: 14.30 14.33 13.31 15/837 386603
/proc/meminfo: memFree=383501612/528004324 swapFree=8388604/8388604
[pid=386392] ppid=386391 vsize=26908 memory=13612 CPUtime=0.06 cores=22-23
/proc/386392/stat : 386392 (perf) S 386391 386392 386350 0 -1 0 1738 237 0 0 5 1 0 0 20 0 1 0 923013681 27553792 3403 17179869184 93824994299904 93824996572973 140737488338256 0 0 0 134217728 4 74274 1 0 0 17 22 0 0 0 0 0 93824998874888 93825001005840 93825001308160 140737488340074 140737488340471 140737488340471 140737488351179 0
/proc/386392/statm: 6727 3403 2098 555 0 1769 0
[pid=386396] ppid=386392 vsize=53292 memory=45212 CPUtime=25.31 cores=22-23
/proc/386396/stat : 386396 (clingo) R 386392 386392 386350 0 -1 0 10799 0 0 0 2530 1 0 0 20 0 1 0 923013689 54571008 11303 17179869184 93824992301056 93824992468925 140737488338416 0 0 0 134217728 4 25184771 0 0 0 17 22 0 0 0 0 0 93824992533936 93824992571272 93824992575488 140737488340184 140737488340355 140737488340355 140737488351170 0
/proc/386396/statm: 13323 11303 2088 41 0 9402 0
Current children cumulated CPU time: 25.37 s
Current children cumulated vsize: 80200 KiB
Current children cumulated memory: 58824 KiB

[startup+51.118 s]
/proc/loadavg: 14.46 14.36 13.35 15/837 386604
/proc/meminfo: memFree=383406988/528004324 swapFree=8388604/8388604
[pid=386392] ppid=386391 vsize=26908 memory=13612 CPUtime=0.06 cores=22-23
/proc/386392/stat : 386392 (perf) S 386391 386392 386350 0 -1 0 1738 237 0 0 5 1 0 0 20 0 1 0 923013681 27553792 3403 17179869184 93824994299904 93824996572973 140737488338256 0 0 0 134217728 4 74274 1 0 0 17 22 0 0 0 0 0 93824998874888 93825001005840 93825001308160 140737488340074 140737488340471 140737488340471 140737488351179 0
/proc/386392/statm: 6727 3403 2098 555 0 1769 0
[pid=386396] ppid=386392 vsize=61100 memory=52668 CPUtime=50.93 cores=22-23
/proc/386396/stat : 386396 (clingo) R 386392 386392 386350 0 -1 0 13403 0 0 0 5092 1 0 0 20 0 1 0 923013689 62566400 13167 17179869184 93824992301056 93824992468925 140737488338416 0 0 0 134217728 4 25184771 0 0 0 17 22 0 0 0 0 0 93824992533936 93824992571272 93824992575488 140737488340184 140737488340355 140737488340355 140737488351170 0
/proc/386396/statm: 15275 13167 2088 41 0 11354 0
Current children cumulated CPU time: 50.99 s
Current children cumulated vsize: 88008 KiB
Current children cumulated memory: 66280 KiB

[startup+102.3 s]
/proc/loadavg: 14.61 14.40 13.42 15/839 386652
/proc/meminfo: memFree=383263052/528004324 swapFree=8388604/8388604
[pid=386392] ppid=386391 vsize=26908 memory=13612 CPUtime=0.06 cores=22-23
/proc/386392/stat : 386392 (perf) S 386391 386392 386350 0 -1 0 1738 237 0 0 5 1 0 0 20 0 1 0 923013681 27553792 3403 17179869184 93824994299904 93824996572973 140737488338256 0 0 0 134217728 4 74274 1 0 0 17 22 0 0 0 0 0 93824998874888 93825001005840 93825001308160 140737488340074 140737488340471 140737488340471 140737488351179 0
/proc/386392/statm: 6727 3403 2098 555 0 1769 0
[pid=386396] ppid=386392 vsize=73312 memory=64744 CPUtime=102.11 cores=22-23
/proc/386396/stat : 386396 (clingo) R 386392 386392 386350 0 -1 0 17461 0 0 0 10209 2 0 0 20 0 1 0 923013689 75071488 16186 17179869184 93824992301056 93824992468925 140737488338416 0 0 0 134217728 4 25184771 0 0 0 17 22 0 0 0 0 0 93824992533936 93824992571272 93824992575488 140737488340184 140737488340355 140737488340355 140737488351170 0
/proc/386396/statm: 18328 16186 2088 41 0 14407 0
Current children cumulated CPU time: 102.17 s
Current children cumulated vsize: 100220 KiB
Current children cumulated memory: 78356 KiB

[startup+162.3 s]
/proc/loadavg: 14.39 14.40 13.48 15/839 386655
/proc/meminfo: memFree=383138820/528004324 swapFree=8388604/8388604
[pid=386392] ppid=386391 vsize=26908 memory=13612 CPUtime=0.06 cores=22-23
/proc/386392/stat : 386392 (perf) S 386391 386392 386350 0 -1 0 1738 237 0 0 5 1 0 0 20 0 1 0 923013681 27553792 3403 17179869184 93824994299904 93824996572973 140737488338256 0 0 0 134217728 4 74274 1 0 0 17 22 0 0 0 0 0 93824998874888 93825001005840 93825001308160 140737488340074 140737488340471 140737488340471 140737488351179 0
/proc/386392/statm: 6727 3403 2098 555 0 1769 0
[pid=386396] ppid=386392 vsize=83592 memory=74928 CPUtime=162.11 cores=22-23
/proc/386396/stat : 386396 (clingo) R 386392 386392 386350 0 -1 0 21471 0 0 0 16209 2 0 0 20 0 1 0 923013689 85598208 18732 17179869184 93824992301056 93824992468925 140737488338416 0 0 0 134217728 4 25184771 0 0 0 17 22 0 0 0 0 0 93824992533936 93824992571272 93824992575488 140737488340184 140737488340355 140737488340355 140737488351170 0
/proc/386396/statm: 20898 18732 2088 41 0 16977 0
Current children cumulated CPU time: 162.17 s
Current children cumulated vsize: 110500 KiB
Current children cumulated memory: 88540 KiB

[startup+222.3 s]
/proc/loadavg: 14.14 14.32 13.52 15/839 386658
/proc/meminfo: memFree=383036792/528004324 swapFree=8388604/8388604
[pid=386392] ppid=386391 vsize=26908 memory=13612 CPUtime=0.06 cores=22-23
/proc/386392/stat : 386392 (perf) S 386391 386392 386350 0 -1 0 1738 237 0 0 5 1 0 0 20 0 1 0 923013681 27553792 3403 17179869184 93824994299904 93824996572973 140737488338256 0 0 0 134217728 4 74274 1 0 0 17 22 0 0 0 0 0 93824998874888 93825001005840 93825001308160 140737488340074 140737488340471 140737488340471 140737488351179 0
/proc/386392/statm: 6727 3403 2098 555 0 1769 0
[pid=386396] ppid=386392 vsize=90448 memory=81916 CPUtime=222.11 cores=22-23
/proc/386396/stat : 386396 (clingo) R 386392 386392 386350 0 -1 0 23766 0 0 0 22208 3 0 0 20 0 1 0 923013689 92618752 20479 17179869184 93824992301056 93824992468925 140737488338416 0 0 0 134217728 4 25184771 0 0 0 17 22 0 0 0 0 0 93824992533936 93824992571272 93824992575488 140737488340184 140737488340355 140737488340355 140737488351170 0
/proc/386396/statm: 22612 20479 2088 41 0 18691 0
Current children cumulated CPU time: 222.17 s
Current children cumulated vsize: 117356 KiB
Current children cumulated memory: 95528 KiB

[startup+282.3 s]
/proc/loadavg: 14.05 14.26 13.55 15/839 386661
/proc/meminfo: memFree=382953900/528004324 swapFree=8388604/8388604
[pid=386392] ppid=386391 vsize=26908 memory=13612 CPUtime=0.06 cores=22-23
/proc/386392/stat : 386392 (perf) S 386391 386392 386350 0 -1 0 1738 237 0 0 5 1 0 0 20 0 1 0 923013681 27553792 3403 17179869184 93824994299904 93824996572973 140737488338256 0 0 0 134217728 4 74274 1 0 0 17 22 0 0 0 0 0 93824998874888 93825001005840 93825001308160 140737488340074 140737488340471 140737488340471 140737488351179 0
/proc/386392/statm: 6727 3403 2098 555 0 1769 0
[pid=386396] ppid=386392 vsize=96700 memory=88080 CPUtime=282.11 cores=22-23
/proc/386396/stat : 386396 (clingo) R 386392 386392 386350 0 -1 0 26535 0 0 0 28208 3 0 0 20 0 1 0 923013689 99020800 22020 17179869184 93824992301056 93824992468925 140737488338416 0 0 0 134217728 4 25184771 0 0 0 17 22 0 0 0 0 0 93824992533936 93824992571272 93824992575488 140737488340184 140737488340355 140737488340355 140737488351170 0
/proc/386396/statm: 24175 22020 2088 41 0 20254 0
Current children cumulated CPU time: 282.17 s
Current children cumulated vsize: 123608 KiB
Current children cumulated memory: 101692 KiB

[startup+342.3 s]
/proc/loadavg: 14.28 14.28 13.60 15/818 386666
/proc/meminfo: memFree=382879940/528004324 swapFree=8388604/8388604
[pid=386392] ppid=386391 vsize=26908 memory=13612 CPUtime=0.06 cores=22-23
/proc/386392/stat : 386392 (perf) S 386391 386392 386350 0 -1 0 1738 237 0 0 5 1 0 0 20 0 1 0 923013681 27553792 3403 17179869184 93824994299904 93824996572973 140737488338256 0 0 0 134217728 4 74274 1 0 0 17 22 0 0 0 0 0 93824998874888 93825001005840 93825001308160 140737488340074 140737488340471 140737488340471 140737488351179 0
/proc/386392/statm: 6727 3403 2098 555 0 1769 0
[pid=386396] ppid=386392 vsize=102244 memory=92644 CPUtime=342.11 cores=22-23
/proc/386396/stat : 386396 (clingo) R 386392 386392 386350 0 -1 0 28109 0 0 0 34208 3 0 0 20 0 1 0 923013689 104697856 23161 17179869184 93824992301056 93824992468925 140737488338416 0 0 0 134217728 4 25184771 0 0 0 17 22 0 0 0 0 0 93824992533936 93824992571272 93824992575488 140737488340184 140737488340355 140737488340355 140737488351170 0
/proc/386396/statm: 25561 23161 2088 41 0 21640 0
Current children cumulated CPU time: 342.17 s
Current children cumulated vsize: 129152 KiB
Current children cumulated memory: 106256 KiB

[startup+402.3 s]
/proc/loadavg: 14.34 14.30 13.65 15/814 386668
/proc/meminfo: memFree=382807164/528004324 swapFree=8388604/8388604
[pid=386392] ppid=386391 vsize=26908 memory=13612 CPUtime=0.06 cores=22-23
/proc/386392/stat : 386392 (perf) S 386391 386392 386350 0 -1 0 1738 237 0 0 5 1 0 0 20 0 1 0 923013681 27553792 3403 17179869184 93824994299904 93824996572973 140737488338256 0 0 0 134217728 4 74274 1 0 0 17 22 0 0 0 0 0 93824998874888 93825001005840 93825001308160 140737488340074 140737488340471 140737488340471 140737488351179 0
/proc/386392/statm: 6727 3403 2098 555 0 1769 0
[pid=386396] ppid=386392 vsize=107748 memory=97872 CPUtime=402.11 cores=22-23
/proc/386396/stat : 386396 (clingo) R 386392 386392 386350 0 -1 0 30604 0 0 0 40207 4 0 0 20 0 1 0 923013689 110333952 24468 17179869184 93824992301056 93824992468925 140737488338416 0 0 0 134217728 4 25184771 0 0 0 17 22 0 0 0 0 0 93824992533936 93824992571272 93824992575488 140737488340184 140737488340355 140737488340355 140737488351170 0
/proc/386396/statm: 26937 24468 2088 41 0 23016 0
Current children cumulated CPU time: 402.17 s
Current children cumulated vsize: 134656 KiB
Current children cumulated memory: 111484 KiB

[startup+462.3 s]
/proc/loadavg: 14.34 14.29 13.69 15/814 386671
/proc/meminfo: memFree=382746228/528004324 swapFree=8388604/8388604
[pid=386392] ppid=386391 vsize=26908 memory=13612 CPUtime=0.06 cores=22-23
/proc/386392/stat : 386392 (perf) S 386391 386392 386350 0 -1 0 1738 237 0 0 5 1 0 0 20 0 1 0 923013681 27553792 3403 17179869184 93824994299904 93824996572973 140737488338256 0 0 0 134217728 4 74274 1 0 0 17 22 0 0 0 0 0 93824998874888 93825001005840 93825001308160 140737488340074 140737488340471 140737488340471 140737488351179 0
/proc/386392/statm: 6727 3403 2098 555 0 1769 0
[pid=386396] ppid=386392 vsize=112552 memory=102856 CPUtime=462.11 cores=22-23
/proc/386396/stat : 386396 (clingo) R 386392 386392 386350 0 -1 0 32969 0 0 0 46206 5 0 0 20 0 1 0 923013689 115253248 25714 17179869184 93824992301056 93824992468925 140737488338416 0 0 0 134217728 4 25184771 0 0 0 17 22 0 0 0 0 0 93824992533936 93824992571272 93824992575488 140737488340184 140737488340355 140737488340355 140737488351170 0
/proc/386396/statm: 28138 25714 2088 41 0 24217 0
Current children cumulated CPU time: 462.17 s
Current children cumulated vsize: 139460 KiB
Current children cumulated memory: 116468 KiB

[startup+522.3 s]
/proc/loadavg: 14.16 14.25 13.72 15/814 386675
/proc/meminfo: memFree=382702672/528004324 swapFree=8388604/8388604
[pid=386392] ppid=386391 vsize=26908 memory=13612 CPUtime=0.06 cores=22-23
/proc/386392/stat : 386392 (perf) S 386391 386392 386350 0 -1 0 1738 237 0 0 5 1 0 0 20 0 1 0 923013681 27553792 3403 17179869184 93824994299904 93824996572973 140737488338256 0 0 0 134217728 4 74274 1 0 0 17 22 0 0 0 0 0 93824998874888 93825001005840 93825001308160 140737488340074 140737488340471 140737488340471 140737488351179 0
/proc/386392/statm: 6727 3403 2098 555 0 1769 0
[pid=386396] ppid=386392 vsize=116796 memory=106636 CPUtime=522.11 cores=22-23
/proc/386396/stat : 386396 (clingo) R 386392 386392 386350 0 -1 0 34541 0 0 0 52205 6 0 0 20 0 1 0 923013689 119599104 26659 17179869184 93824992301056 93824992468925 140737488338416 0 0 0 134217728 4 25184771 0 0 0 17 22 0 0 0 0 0 93824992533936 93824992571272 93824992575488 140737488340184 140737488340355 140737488340355 140737488351170 0
/proc/386396/statm: 29199 26659 2088 41 0 25278 0
Current children cumulated CPU time: 522.17 s
Current children cumulated vsize: 143704 KiB
Current children cumulated memory: 120248 KiB

[startup+582.3 s]
/proc/loadavg: 14.06 14.20 13.74 15/814 386678
/proc/meminfo: memFree=382651040/528004324 swapFree=8388604/8388604
[pid=386392] ppid=386391 vsize=26908 memory=13612 CPUtime=0.06 cores=22-23
/proc/386392/stat : 386392 (perf) S 386391 386392 386350 0 -1 0 1738 237 0 0 5 1 0 0 20 0 1 0 923013681 27553792 3403 17179869184 93824994299904 93824996572973 140737488338256 0 0 0 134217728 4 74274 1 0 0 17 22 0 0 0 0 0 93824998874888 93825001005840 93825001308160 140737488340074 140737488340471 140737488340471 140737488351179 0
/proc/386392/statm: 6727 3403 2098 555 0 1769 0
[pid=386396] ppid=386392 vsize=122192 memory=111864 CPUtime=582.11 cores=22-23
/proc/386396/stat : 386396 (clingo) R 386392 386392 386350 0 -1 0 36308 0 0 0 58205 6 0 0 20 0 1 0 923013689 125124608 27966 17179869184 93824992301056 93824992468925 140737488338416 0 0 0 134217728 4 25184771 0 0 0 17 22 0 0 0 0 0 93824992533936 93824992571272 93824992575488 140737488340184 140737488340355 140737488340355 140737488351170 0
/proc/386396/statm: 30548 27966 2088 41 0 26627 0
Current children cumulated CPU time: 582.17 s
Current children cumulated vsize: 149100 KiB
Current children cumulated memory: 125476 KiB

[startup+642.3 s]
/proc/loadavg: 14.02 14.16 13.76 15/814 386682
/proc/meminfo: memFree=382597148/528004324 swapFree=8388604/8388604
[pid=386392] ppid=386391 vsize=26908 memory=13612 CPUtime=0.06 cores=22-23
/proc/386392/stat : 386392 (perf) S 386391 386392 386350 0 -1 0 1738 237 0 0 5 1 0 0 20 0 1 0 923013681 27553792 3403 17179869184 93824994299904 93824996572973 140737488338256 0 0 0 134217728 4 74274 1 0 0 17 22 0 0 0 0 0 93824998874888 93825001005840 93825001308160 140737488340074 140737488340471 140737488340471 140737488351179 0
/proc/386392/statm: 6727 3403 2098 555 0 1769 0
[pid=386396] ppid=386392 vsize=125520 memory=114996 CPUtime=642.11 cores=22-23
/proc/386396/stat : 386396 (clingo) R 386392 386392 386350 0 -1 0 38062 0 0 0 64205 6 0 0 20 0 1 0 923013689 128532480 28749 17179869184 93824992301056 93824992468925 140737488338416 0 0 0 134217728 4 25184771 0 0 0 17 22 0 0 0 0 0 93824992533936 93824992571272 93824992575488 140737488340184 140737488340355 140737488340355 140737488351170 0
/proc/386396/statm: 31380 28749 2088 41 0 27459 0
Current children cumulated CPU time: 642.17 s
Current children cumulated vsize: 152428 KiB
Current children cumulated memory: 128608 KiB

[startup+702.3 s]
/proc/loadavg: 14.35 14.21 13.80 15/815 386686
/proc/meminfo: memFree=382560392/528004324 swapFree=8388604/8388604
[pid=386392] ppid=386391 vsize=26908 memory=13612 CPUtime=0.06 cores=22-23
/proc/386392/stat : 386392 (perf) S 386391 386392 386350 0 -1 0 1738 237 0 0 5 1 0 0 20 0 1 0 923013681 27553792 3403 17179869184 93824994299904 93824996572973 140737488338256 0 0 0 134217728 4 74274 1 0 0 17 22 0 0 0 0 0 93824998874888 93825001005840 93825001308160 140737488340074 140737488340471 140737488340471 140737488351179 0
/proc/386392/statm: 6727 3403 2098 555 0 1769 0
[pid=386396] ppid=386392 vsize=128492 memory=117368 CPUtime=702.11 cores=22-23
/proc/386396/stat : 386396 (clingo) R 386392 386392 386350 0 -1 0 38683 0 0 0 70204 7 0 0 20 0 1 0 923013689 131575808 29342 17179869184 93824992301056 93824992468925 140737488338416 0 0 0 134217728 4 25184771 0 0 0 17 22 0 0 0 0 0 93824992533936 93824992571272 93824992575488 140737488340184 140737488340355 140737488340355 140737488351170 0
/proc/386396/statm: 32123 29342 2088 41 0 28202 0
Current children cumulated CPU time: 702.17 s
Current children cumulated vsize: 155400 KiB
Current children cumulated memory: 130980 KiB

[startup+762.3 s]
/proc/loadavg: 14.28 14.23 13.84 15/815 386688
/proc/meminfo: memFree=382512548/528004324 swapFree=8388604/8388604
[pid=386392] ppid=386391 vsize=26908 memory=13612 CPUtime=0.06 cores=22-23
/proc/386392/stat : 386392 (perf) S 386391 386392 386350 0 -1 0 1738 237 0 0 5 1 0 0 20 0 1 0 923013681 27553792 3403 17179869184 93824994299904 93824996572973 140737488338256 0 0 0 134217728 4 74274 1 0 0 17 22 0 0 0 0 0 93824998874888 93825001005840 93825001308160 140737488340074 140737488340471 140737488340471 140737488351179 0
/proc/386392/statm: 6727 3403 2098 555 0 1769 0
[pid=386396] ppid=386392 vsize=130580 memory=119216 CPUtime=762.11 cores=22-23
/proc/386396/stat : 386396 (clingo) R 386392 386392 386350 0 -1 0 39159 0 0 0 76204 7 0 0 20 0 1 0 923013689 133713920 29804 17179869184 93824992301056 93824992468925 140737488338416 0 0 0 134217728 4 25184771 0 0 0 17 22 0 0 0 0 0 93824992533936 93824992571272 93824992575488 140737488340184 140737488340355 140737488340355 140737488351170 0
/proc/386396/statm: 32645 29804 2088 41 0 28724 0
Current children cumulated CPU time: 762.17 s
Current children cumulated vsize: 157488 KiB
Current children cumulated memory: 132828 KiB

[startup+822.3 s]
/proc/loadavg: 14.10 14.19 13.85 15/815 386691
/proc/meminfo: memFree=382468220/528004324 swapFree=8388604/8388604
[pid=386392] ppid=386391 vsize=26908 memory=13612 CPUtime=0.06 cores=22-23
/proc/386392/stat : 386392 (perf) S 386391 386392 386350 0 -1 0 1738 237 0 0 5 1 0 0 20 0 1 0 923013681 27553792 3403 17179869184 93824994299904 93824996572973 140737488338256 0 0 0 134217728 4 74274 1 0 0 17 22 0 0 0 0 0 93824998874888 93825001005840 93825001308160 140737488340074 140737488340471 140737488340471 140737488351179 0
/proc/386392/statm: 6727 3403 2098 555 0 1769 0
[pid=386396] ppid=386392 vsize=133964 memory=122760 CPUtime=822.11 cores=22-23
/proc/386396/stat : 386396 (clingo) R 386392 386392 386350 0 -1 0 41843 0 0 0 82204 7 0 0 20 0 1 0 923013689 137179136 30690 17179869184 93824992301056 93824992468925 140737488338416 0 0 0 134217728 4 25184771 0 0 0 17 22 0 0 0 0 0 93824992533936 93824992571272 93824992575488 140737488340184 140737488340355 140737488340355 140737488351170 0
/proc/386396/statm: 33491 30690 2088 41 0 29570 0
Current children cumulated CPU time: 822.17 s
Current children cumulated vsize: 160872 KiB
Current children cumulated memory: 136372 KiB

[startup+882.3 s]
/proc/loadavg: 14.04 14.15 13.86 15/815 386694
/proc/meminfo: memFree=382424396/528004324 swapFree=8388604/8388604
[pid=386392] ppid=386391 vsize=26908 memory=13612 CPUtime=0.06 cores=22-23
/proc/386392/stat : 386392 (perf) S 386391 386392 386350 0 -1 0 1738 237 0 0 5 1 0 0 20 0 1 0 923013681 27553792 3403 17179869184 93824994299904 93824996572973 140737488338256 0 0 0 134217728 4 74274 1 0 0 17 22 0 0 0 0 0 93824998874888 93825001005840 93825001308160 140737488340074 140737488340471 140737488340471 140737488351179 0
/proc/386392/statm: 6727 3403 2098 555 0 1769 0
[pid=386396] ppid=386392 vsize=137360 memory=126164 CPUtime=882.11 cores=22-23
/proc/386396/stat : 386396 (clingo) R 386392 386392 386350 0 -1 0 43042 0 0 0 88203 8 0 0 20 0 1 0 923013689 140656640 31541 17179869184 93824992301056 93824992468925 140737488338416 0 0 0 134217728 4 25184771 0 0 0 17 22 0 0 0 0 0 93824992533936 93824992571272 93824992575488 140737488340184 140737488340355 140737488340355 140737488351170 0
/proc/386396/statm: 34340 31541 2088 41 0 30419 0
Current children cumulated CPU time: 882.17 s
Current children cumulated vsize: 164268 KiB
Current children cumulated memory: 139776 KiB

[startup+942.3 s]
/proc/loadavg: 15.08 14.46 13.99 15/815 386698
/proc/meminfo: memFree=382375584/528004324 swapFree=8388604/8388604
[pid=386392] ppid=386391 vsize=26908 memory=13612 CPUtime=0.06 cores=22-23
/proc/386392/stat : 386392 (perf) S 386391 386392 386350 0 -1 0 1738 237 0 0 5 1 0 0 20 0 1 0 923013681 27553792 3403 17179869184 93824994299904 93824996572973 140737488338256 0 0 0 134217728 4 74274 1 0 0 17 22 0 0 0 0 0 93824998874888 93825001005840 93825001308160 140737488340074 140737488340471 140737488340471 140737488351179 0
/proc/386392/statm: 6727 3403 2098 555 0 1769 0
[pid=386396] ppid=386392 vsize=138500 memory=127216 CPUtime=942.11 cores=22-23
/proc/386396/stat : 386396 (clingo) R 386392 386392 386350 0 -1 0 43915 0 0 0 94203 8 0 0 20 0 1 0 923013689 141824000 31804 17179869184 93824992301056 93824992468925 140737488338416 0 0 0 134217728 4 25184771 0 0 0 17 22 0 0 0 0 0 93824992533936 93824992571272 93824992575488 140737488340184 140737488340355 140737488340355 140737488351170 0
/proc/386396/statm: 34625 31804 2088 41 0 30704 0
Current children cumulated CPU time: 942.17 s
Current children cumulated vsize: 165408 KiB
Current children cumulated memory: 140828 KiB

[startup+1002.3 s]
/proc/loadavg: 14.40 14.38 14.00 15/814 386701
/proc/meminfo: memFree=382341064/528004324 swapFree=8388604/8388604
[pid=386392] ppid=386391 vsize=26908 memory=13612 CPUtime=0.06 cores=22-23
/proc/386392/stat : 386392 (perf) S 386391 386392 386350 0 -1 0 1738 237 0 0 5 1 0 0 20 0 1 0 923013681 27553792 3403 17179869184 93824994299904 93824996572973 140737488338256 0 0 0 134217728 4 74274 1 0 0 17 22 0 0 0 0 0 93824998874888 93825001005840 93825001308160 140737488340074 140737488340471 140737488340471 140737488351179 0
/proc/386392/statm: 6727 3403 2098 555 0 1769 0
[pid=386396] ppid=386392 vsize=141804 memory=130596 CPUtime=1002.11 cores=22-23
/proc/386396/stat : 386396 (clingo) R 386392 386392 386350 0 -1 0 45651 0 0 0 100202 9 0 0 20 0 1 0 923013689 145207296 32649 17179869184 93824992301056 93824992468925 140737488338416 0 0 0 134217728 4 25184771 0 0 0 17 22 0 0 0 0 0 93824992533936 93824992571272 93824992575488 140737488340184 140737488340355 140737488340355 140737488351170 0
/proc/386396/statm: 35451 32649 2088 41 0 31530 0
Current children cumulated CPU time: 1002.17 s
Current children cumulated vsize: 168712 KiB
Current children cumulated memory: 144208 KiB

[startup+1062.3 s]
/proc/loadavg: 14.37 14.38 14.02 15/814 386703
/proc/meminfo: memFree=382299240/528004324 swapFree=8388604/8388604
[pid=386392] ppid=386391 vsize=26908 memory=13612 CPUtime=0.06 cores=22-23
/proc/386392/stat : 386392 (perf) S 386391 386392 386350 0 -1 0 1738 237 0 0 5 1 0 0 20 0 1 0 923013681 27553792 3403 17179869184 93824994299904 93824996572973 140737488338256 0 0 0 134217728 4 74274 1 0 0 17 22 0 0 0 0 0 93824998874888 93825001005840 93825001308160 140737488340074 140737488340471 140737488340471 140737488351179 0
/proc/386392/statm: 6727 3403 2098 555 0 1769 0
[pid=386396] ppid=386392 vsize=145576 memory=134316 CPUtime=1062.1 cores=22-23
/proc/386396/stat : 386396 (clingo) R 386392 386392 386350 0 -1 0 46924 0 0 0 106201 9 0 0 20 0 1 0 923013689 149069824 33579 17179869184 93824992301056 93824992468925 140737488338416 0 0 0 134217728 4 25184771 0 0 0 17 22 0 0 0 0 0 93824992533936 93824992571272 93824992575488 140737488340184 140737488340355 140737488340355 140737488351170 0
/proc/386396/statm: 36394 33579 2088 41 0 32473 0
Current children cumulated CPU time: 1062.16 s
Current children cumulated vsize: 172484 KiB
Current children cumulated memory: 147928 KiB

[startup+1122.3 s]
/proc/loadavg: 14.13 14.31 14.02 15/814 386706
/proc/meminfo: memFree=382278112/528004324 swapFree=8388604/8388604
[pid=386392] ppid=386391 vsize=26908 memory=13612 CPUtime=0.06 cores=22-23
/proc/386392/stat : 386392 (perf) S 386391 386392 386350 0 -1 0 1738 237 0 0 5 1 0 0 20 0 1 0 923013681 27553792 3403 17179869184 93824994299904 93824996572973 140737488338256 0 0 0 134217728 4 74274 1 0 0 17 22 0 0 0 0 0 93824998874888 93825001005840 93825001308160 140737488340074 140737488340471 140737488340471 140737488351179 0
/proc/386392/statm: 6727 3403 2098 555 0 1769 0
[pid=386396] ppid=386392 vsize=149688 memory=138176 CPUtime=1122.1 cores=22-23
/proc/386396/stat : 386396 (clingo) R 386392 386392 386350 0 -1 0 49155 0 0 0 112201 9 0 0 20 0 1 0 923013689 153280512 34544 17179869184 93824992301056 93824992468925 140737488338416 0 0 0 134217728 4 25184771 0 0 0 17 22 0 0 0 0 0 93824992533936 93824992571272 93824992575488 140737488340184 140737488340355 140737488340355 140737488351170 0
/proc/386396/statm: 37422 34544 2088 41 0 33501 0
Current children cumulated CPU time: 1122.16 s
Current children cumulated vsize: 176596 KiB
Current children cumulated memory: 151788 KiB

[startup+1182.3 s]
/proc/loadavg: 14.13 14.27 14.02 15/814 386709
/proc/meminfo: memFree=382253944/528004324 swapFree=8388604/8388604
[pid=386392] ppid=386391 vsize=26908 memory=13612 CPUtime=0.06 cores=22-23
/proc/386392/stat : 386392 (perf) S 386391 386392 386350 0 -1 0 1738 237 0 0 5 1 0 0 20 0 1 0 923013681 27553792 3403 17179869184 93824994299904 93824996572973 140737488338256 0 0 0 134217728 4 74274 1 0 0 17 22 0 0 0 0 0 93824998874888 93825001005840 93825001308160 140737488340074 140737488340471 140737488340471 140737488351179 0
/proc/386392/statm: 6727 3403 2098 555 0 1769 0
[pid=386396] ppid=386392 vsize=150132 memory=138708 CPUtime=1182.1 cores=22-23
/proc/386396/stat : 386396 (clingo) R 386392 386392 386350 0 -1 0 49758 0 0 0 118201 9 0 0 20 0 1 0 923013689 153735168 34677 17179869184 93824992301056 93824992468925 140737488338416 0 0 0 134217728 4 25184771 0 0 0 17 22 0 0 0 0 0 93824992533936 93824992571272 93824992575488 140737488340184 140737488340355 140737488340355 140737488351170 0
/proc/386396/statm: 37533 34677 2088 41 0 33612 0
Current children cumulated CPU time: 1182.16 s
Current children cumulated vsize: 177040 KiB
Current children cumulated memory: 152320 KiB



Maximum wall clock time exceeded: sending SIGTERM then SIGKILL

[startup+1205 s]*
/proc/loadavg: 14.09 14.25 14.02 15/851 387993
/proc/meminfo: memFree=383286120/528004324 swapFree=8388604/8388604
[pid=386392] ppid=386391 vsize=26908 memory=13612 CPUtime=0.06 cores=22-23
/proc/386392/stat : 386392 (perf) S 386391 386392 386350 0 -1 0 1738 237 0 0 5 1 0 0 20 0 1 0 923013681 27553792 3403 17179869184 93824994299904 93824996572973 140737488338256 0 0 0 134217728 4 74274 1 0 0 17 22 0 0 0 0 0 93824998874888 93825001005840 93825001308160 140737488340074 140737488340471 140737488340471 140737488351179 0
/proc/386392/statm: 6727 3403 2098 555 0 1769 0
[pid=386396] ppid=386392 vsize=150132 memory=138756 CPUtime=1204.82 cores=22-23
/proc/386396/stat : 386396 (clingo) R 386392 386392 386350 0 -1 0 50770 0 0 0 120472 10 0 0 20 0 1 0 923013689 153735168 34689 17179869184 93824992301056 93824992468925 140737488338416 0 0 0 134217728 4 25184771 0 0 0 17 22 0 0 0 0 0 93824992533936 93824992571272 93824992575488 140737488340184 140737488340355 140737488340355 140737488351170 0
/proc/386396/statm: 37533 34689 2088 41 0 33612 0
Current children cumulated CPU time: 1204.88 s
Current children cumulated vsize: 177040 KiB
Current children cumulated memory: 152368 KiB

Sending SIGINT to process tree (bottom up)
Sleeping 5 seconds

[startup+1205.03 s]
# the end of solver process 386392 was just reported to runsolver
# cumulated CPU time of all completed processes:  user=1204.79 s, system=0.131842 s

Solver just ended.
??? end of watcher thread
Dumping a history of the last processes samples

Child status: 1
Real time (s): 1205.03
CPU time (s): 1204.93
CPU user time (s): 1204.79
CPU system time (s): 0.131842
CPU usage (%): 99.9915
Max. virtual memory (cumulated for all children) (KiB): 180032
Max. memory (cumulated for all children) (KiB): 155088

getrusage(RUSAGE_CHILDREN,...) data:
user time used= 1204.79
system time used= 0.131842
maximum resident set size= 141476
integral shared memory size= 0
integral unshared data size= 0
integral unshared stack size= 0
page reclaims= 52785
page faults= 0
swaps= 0
block input operations= 0
block output operations= 0
messages sent= 0
messages received= 0
signals received= 0
voluntary context switches= 18
involuntary context switches= 933


# summary of solver processes directly reported to runsolver:
#   pid: 386392
#   total CPU time (s): 1204.93
#   total CPU user time (s): 1204.79
#   total CPU system time (s): 0.131842

??? end of timestamper thread
runsolver used 8.71515 second user time and 14.2099 second system time

The end
