runsolver version 3.4.0 (svn: 3018) Copyright (C) 2010-2013 Olivier ROUSSEL

This program is distributed in the hope that it will be useful,
but WITHOUT ANY WARRANTY; without even the implied warranty of
MERCHANTABILITY or FITNESS FOR A PARTICULAR PURPOSE.  See the
GNU General Public License for more details.

NUMA information:
  number of nodes: 2
  memory of node 0: 257634 MiB (179973 MiB free)
  memory of node 1: 257994 MiB (185848 MiB free)
  node distances:
     10  20
     20  10

command line: /dev/shm/3787e6bc-2e81-11f1-ac62-000c298f4621/input/runsolver -w /dev/shm/3787e6bc-2e81-11f1-ac62-000c298f4621/output/runsolver.log -v /dev/shm/3787e6bc-2e81-11f1-ac62-000c298f4621/output/varfile.log -W 1205 --rss-swap-limit 16384 -d 5 --sigint /usr/bin/perf stat -B -e task-clock,cache-references,cache-misses,cycles,instructions,branches,faults,migrations,context-switches -o /dev/shm/3787e6bc-2e81-11f1-ac62-000c298f4621/output/perf.log clingo /home/guests/mmacri/AMOSUM/benchmarks/GraphColouring/encoding-plain-amo.asp /dev/shm/3787e6bc-2e81-11f1-ac62-000c298f4621/input/0050-graph_colouring-145-0_2784.asp 

running on 2 cores: 6-7

Enforcing wall clock limit (soft limit, will send SIGTERM then SIGKILL): 1205 seconds
Enforcing RSS+Swap limit (soft limit, will send SIGTERM then SIGKILL): 16777216 KiB
Linux 5.15.0-131-generic
Current StackSize limit: 8192 KiB

solver pid=4059217, runsolver pid=4059212

[startup+0.100068 s]*
/proc/loadavg: 14.08 14.21 14.03 16/828 4059253
/proc/meminfo: memFree=374625592/528004312 swapFree=8388604/8388604
[pid=4059217] ppid=4059212 vsize=26908 memory=13612 CPUtime=0.07 cores=6-7
/proc/4059217/stat : 4059217 (perf) S 4059212 4059217 4058815 0 -1 0 1737 238 0 0 5 2 0 0 20 0 1 0 923138588 27553792 3403 17179869184 93824994299904 93824996572973 140737488338256 0 0 0 134217728 4 74274 1 0 0 17 6 0 0 0 0 0 93824998874888 93825001005840 93825001308160 140737488340073 140737488340470 140737488340470 140737488351179 0
/proc/4059217/statm: 6727 3403 2098 555 0 1769 0
[pid=4059247] ppid=4059217 vsize=18740 memory=9996 CPUtime=0.01 cores=6-7
/proc/4059247/stat : 4059247 (clingo) R 4059217 4059217 4058815 0 -1 0 860 0 7 0 1 0 0 0 20 0 1 0 923138596 19189760 2499 17179869184 93824992301056 93824992468925 140737488338416 0 0 0 134217728 4 25184771 0 0 0 17 7 0 0 0 0 0 93824992533936 93824992571272 93824992575488 140737488340183 140737488340354 140737488340354 140737488351170 0
/proc/4059247/statm: 4685 2499 1940 41 0 764 0
Current children cumulated CPU time: 0.08 s
Current children cumulated vsize: 45648 KiB
Current children cumulated memory: 23608 KiB

[startup+0.223594 s]*
/proc/loadavg: 14.08 14.21 14.03 16/828 4059253
/proc/meminfo: memFree=374605000/528004312 swapFree=8388604/8388604
[pid=4059217] ppid=4059212 vsize=26908 memory=13612 CPUtime=0.07 cores=6-7
/proc/4059217/stat : 4059217 (perf) S 4059212 4059217 4058815 0 -1 0 1737 238 0 0 5 2 0 0 20 0 1 0 923138588 27553792 3403 17179869184 93824994299904 93824996572973 140737488338256 0 0 0 134217728 4 74274 1 0 0 17 6 0 0 0 0 0 93824998874888 93825001005840 93825001308160 140737488340073 140737488340470 140737488340470 140737488351179 0
/proc/4059217/statm: 6727 3403 2098 555 0 1769 0
[pid=4059247] ppid=4059217 vsize=26496 memory=17900 CPUtime=0.13 cores=6-7
/proc/4059247/stat : 4059247 (clingo) R 4059217 4059217 4058815 0 -1 0 2870 0 7 0 13 0 0 0 20 0 1 0 923138596 27131904 4475 17179869184 93824992301056 93824992468925 140737488338416 0 0 0 134217728 4 25184771 0 0 0 17 7 0 0 0 0 0 93824992533936 93824992571272 93824992575488 140737488340183 140737488340354 140737488340354 140737488351170 0
/proc/4059247/statm: 6624 4475 1991 41 0 2703 0
Current children cumulated CPU time: 0.2 s
Current children cumulated vsize: 53404 KiB
Current children cumulated memory: 31512 KiB

[startup+0.334526 s]*
/proc/loadavg: 14.08 14.21 14.03 17/828 4059253
/proc/meminfo: memFree=374584112/528004312 swapFree=8388604/8388604
[pid=4059217] ppid=4059212 vsize=26908 memory=13612 CPUtime=0.07 cores=6-7
/proc/4059217/stat : 4059217 (perf) S 4059212 4059217 4058815 0 -1 0 1737 238 0 0 5 2 0 0 20 0 1 0 923138588 27553792 3403 17179869184 93824994299904 93824996572973 140737488338256 0 0 0 134217728 4 74274 1 0 0 17 6 0 0 0 0 0 93824998874888 93825001005840 93825001308160 140737488340073 140737488340470 140737488340470 140737488351179 0
/proc/4059217/statm: 6727 3403 2098 555 0 1769 0
[pid=4059247] ppid=4059217 vsize=28212 memory=19748 CPUtime=0.22 cores=6-7
/proc/4059247/stat : 4059247 (clingo) R 4059217 4059217 4058815 0 -1 0 3305 0 7 0 22 0 0 0 20 0 1 0 923138596 28889088 4937 17179869184 93824992301056 93824992468925 140737488338416 0 0 0 134217728 4 25184771 0 0 0 17 7 0 0 0 0 0 93824992533936 93824992571272 93824992575488 140737488340183 140737488340354 140737488340354 140737488351170 0
/proc/4059247/statm: 7053 4937 1991 41 0 3132 0
Current children cumulated CPU time: 0.29 s
Current children cumulated vsize: 55120 KiB
Current children cumulated memory: 33360 KiB

[startup+0.700334 s]
/proc/loadavg: 14.08 14.21 14.03 19/828 4059253
/proc/meminfo: memFree=374563448/528004312 swapFree=8388604/8388604
[pid=4059217] ppid=4059212 vsize=26908 memory=13612 CPUtime=0.07 cores=6-7
/proc/4059217/stat : 4059217 (perf) S 4059212 4059217 4058815 0 -1 0 1737 238 0 0 5 2 0 0 20 0 1 0 923138588 27553792 3403 17179869184 93824994299904 93824996572973 140737488338256 0 0 0 134217728 4 74274 1 0 0 17 6 0 0 0 0 0 93824998874888 93825001005840 93825001308160 140737488340073 140737488340470 140737488340470 140737488351179 0
/proc/4059217/statm: 6727 3403 2098 555 0 1769 0
[pid=4059247] ppid=4059217 vsize=31276 memory=22652 CPUtime=0.51 cores=6-7
/proc/4059247/stat : 4059247 (clingo) R 4059217 4059217 4058815 0 -1 0 4050 0 7 0 50 1 0 0 20 0 1 0 923138596 32026624 5663 17179869184 93824992301056 93824992468925 140737488338416 0 0 0 134217728 4 25184771 0 0 0 17 7 0 0 0 0 0 93824992533936 93824992571272 93824992575488 140737488340183 140737488340354 140737488340354 140737488351170 0
/proc/4059247/statm: 7819 5663 1991 41 0 3898 0
Current children cumulated CPU time: 0.58 s
Current children cumulated vsize: 58184 KiB
Current children cumulated memory: 36264 KiB

[startup+1.50034 s]
/proc/loadavg: 14.08 14.21 14.03 15/814 4059268
/proc/meminfo: memFree=374534248/528004312 swapFree=8388604/8388604
[pid=4059217] ppid=4059212 vsize=26908 memory=13612 CPUtime=0.07 cores=6-7
/proc/4059217/stat : 4059217 (perf) S 4059212 4059217 4058815 0 -1 0 1737 238 0 0 5 2 0 0 20 0 1 0 923138588 27553792 3403 17179869184 93824994299904 93824996572973 140737488338256 0 0 0 134217728 4 74274 1 0 0 17 6 0 0 0 0 0 93824998874888 93825001005840 93825001308160 140737488340073 140737488340470 140737488340470 140737488351179 0
/proc/4059217/statm: 6727 3403 2098 555 0 1769 0
[pid=4059247] ppid=4059217 vsize=35568 memory=27140 CPUtime=1.29 cores=6-7
/proc/4059247/stat : 4059247 (clingo) R 4059217 4059217 4058815 0 -1 0 5135 0 7 0 128 1 0 0 20 0 1 0 923138596 36421632 6785 17179869184 93824992301056 93824992468925 140737488338416 0 0 0 134217728 4 25184771 0 0 0 17 6 0 0 0 0 0 93824992533936 93824992571272 93824992575488 140737488340183 140737488340354 140737488340354 140737488351170 0
/proc/4059247/statm: 8892 6785 1991 41 0 4971 0
Current children cumulated CPU time: 1.36 s
Current children cumulated vsize: 62476 KiB
Current children cumulated memory: 40752 KiB

[startup+3.11994 s]
/proc/loadavg: 14.07 14.21 14.03 15/831 4059361
/proc/meminfo: memFree=374458316/528004312 swapFree=8388604/8388604
[pid=4059217] ppid=4059212 vsize=26908 memory=13612 CPUtime=0.07 cores=6-7
/proc/4059217/stat : 4059217 (perf) S 4059212 4059217 4058815 0 -1 0 1737 238 0 0 5 2 0 0 20 0 1 0 923138588 27553792 3403 17179869184 93824994299904 93824996572973 140737488338256 0 0 0 134217728 4 74274 1 0 0 17 6 0 0 0 0 0 93824998874888 93825001005840 93825001308160 140737488340073 140737488340470 140737488340470 140737488351179 0
/proc/4059217/statm: 6727 3403 2098 555 0 1769 0
[pid=4059247] ppid=4059217 vsize=37356 memory=28896 CPUtime=2.91 cores=6-7
/proc/4059247/stat : 4059247 (clingo) R 4059217 4059217 4058815 0 -1 0 5886 0 7 0 290 1 0 0 20 0 1 0 923138596 38252544 7224 17179869184 93824992301056 93824992468925 140737488338416 0 0 0 134217728 4 25184771 0 0 0 17 6 0 0 0 0 0 93824992533936 93824992571272 93824992575488 140737488340183 140737488340354 140737488340354 140737488351170 0
/proc/4059247/statm: 9339 7224 1991 41 0 5418 0
Current children cumulated CPU time: 2.98 s
Current children cumulated vsize: 64264 KiB
Current children cumulated memory: 42508 KiB

[startup+6.30028 s]
/proc/loadavg: 14.07 14.21 14.03 15/837 4059577
/proc/meminfo: memFree=374429024/528004312 swapFree=8388604/8388604
[pid=4059217] ppid=4059212 vsize=26908 memory=13612 CPUtime=0.07 cores=6-7
/proc/4059217/stat : 4059217 (perf) S 4059212 4059217 4058815 0 -1 0 1737 238 0 0 5 2 0 0 20 0 1 0 923138588 27553792 3403 17179869184 93824994299904 93824996572973 140737488338256 0 0 0 134217728 4 74274 1 0 0 17 6 0 0 0 0 0 93824998874888 93825001005840 93825001308160 140737488340073 140737488340470 140737488340470 140737488351179 0
/proc/4059217/statm: 6727 3403 2098 555 0 1769 0
[pid=4059247] ppid=4059217 vsize=40832 memory=32472 CPUtime=6.09 cores=6-7
/proc/4059247/stat : 4059247 (clingo) R 4059217 4059217 4058815 0 -1 0 6931 0 7 0 608 1 0 0 20 0 1 0 923138596 41811968 8118 17179869184 93824992301056 93824992468925 140737488338416 0 0 0 134217728 4 25184771 0 0 0 17 6 0 0 0 0 0 93824992533936 93824992571272 93824992575488 140737488340183 140737488340354 140737488340354 140737488351170 0
/proc/4059247/statm: 10208 8118 1991 41 0 6287 0
Current children cumulated CPU time: 6.16 s
Current children cumulated vsize: 67740 KiB
Current children cumulated memory: 46084 KiB

[startup+12.7003 s]
/proc/loadavg: 14.14 14.22 14.03 15/841 4060014
/proc/meminfo: memFree=374278888/528004312 swapFree=8388604/8388604
[pid=4059217] ppid=4059212 vsize=26908 memory=13612 CPUtime=0.07 cores=6-7
/proc/4059217/stat : 4059217 (perf) S 4059212 4059217 4058815 0 -1 0 1737 238 0 0 5 2 0 0 20 0 1 0 923138588 27553792 3403 17179869184 93824994299904 93824996572973 140737488338256 0 0 0 134217728 4 74274 1 0 0 17 6 0 0 0 0 0 93824998874888 93825001005840 93825001308160 140737488340073 140737488340470 140737488340470 140737488351179 0
/proc/4059217/statm: 6727 3403 2098 555 0 1769 0
[pid=4059247] ppid=4059217 vsize=48916 memory=40476 CPUtime=12.49 cores=6-7
/proc/4059247/stat : 4059247 (clingo) R 4059217 4059217 4058815 0 -1 0 9368 0 7 0 1247 2 0 0 20 0 1 0 923138596 50089984 10119 17179869184 93824992301056 93824992468925 140737488338416 0 0 0 134217728 4 25184771 0 0 0 17 6 0 0 0 0 0 93824992533936 93824992571272 93824992575488 140737488340183 140737488340354 140737488340354 140737488351170 0
/proc/4059247/statm: 12229 10119 1991 41 0 8308 0
Current children cumulated CPU time: 12.56 s
Current children cumulated vsize: 75824 KiB
Current children cumulated memory: 54088 KiB

[startup+25.5004 s]
/proc/loadavg: 14.12 14.21 14.03 15/841 4060015
/proc/meminfo: memFree=374086964/528004312 swapFree=8388604/8388604
[pid=4059217] ppid=4059212 vsize=26908 memory=13612 CPUtime=0.07 cores=6-7
/proc/4059217/stat : 4059217 (perf) S 4059212 4059217 4058815 0 -1 0 1737 238 0 0 5 2 0 0 20 0 1 0 923138588 27553792 3403 17179869184 93824994299904 93824996572973 140737488338256 0 0 0 134217728 4 74274 1 0 0 17 6 0 0 0 0 0 93824998874888 93825001005840 93825001308160 140737488340073 140737488340470 140737488340470 140737488351179 0
/proc/4059217/statm: 6727 3403 2098 555 0 1769 0
[pid=4059247] ppid=4059217 vsize=56764 memory=48300 CPUtime=25.29 cores=6-7
/proc/4059247/stat : 4059247 (clingo) R 4059217 4059217 4058815 0 -1 0 11943 0 7 0 2527 2 0 0 20 0 1 0 923138596 58126336 12075 17179869184 93824992301056 93824992468925 140737488338416 0 0 0 134217728 4 25184771 0 0 0 17 6 0 0 0 0 0 93824992533936 93824992571272 93824992575488 140737488340183 140737488340354 140737488340354 140737488351170 0
/proc/4059247/statm: 14191 12075 1991 41 0 10270 0
Current children cumulated CPU time: 25.36 s
Current children cumulated vsize: 83672 KiB
Current children cumulated memory: 61912 KiB

[startup+51.12 s]
/proc/loadavg: 14.08 14.19 14.03 15/844 4060123
/proc/meminfo: memFree=374003296/528004312 swapFree=8388604/8388604
[pid=4059217] ppid=4059212 vsize=26908 memory=13612 CPUtime=0.07 cores=6-7
/proc/4059217/stat : 4059217 (perf) S 4059212 4059217 4058815 0 -1 0 1737 238 0 0 5 2 0 0 20 0 1 0 923138588 27553792 3403 17179869184 93824994299904 93824996572973 140737488338256 0 0 0 134217728 4 74274 1 0 0 17 6 0 0 0 0 0 93824998874888 93825001005840 93825001308160 140737488340073 140737488340470 140737488340470 140737488351179 0
/proc/4059217/statm: 6727 3403 2098 555 0 1769 0
[pid=4059247] ppid=4059217 vsize=64224 memory=55772 CPUtime=50.91 cores=6-7
/proc/4059247/stat : 4059247 (clingo) R 4059217 4059217 4058815 0 -1 0 16162 0 7 0 5088 3 0 0 20 0 1 0 923138596 65765376 13943 17179869184 93824992301056 93824992468925 140737488338416 0 0 0 134217728 4 25184771 0 0 0 17 6 0 0 0 0 0 93824992533936 93824992571272 93824992575488 140737488340183 140737488340354 140737488340354 140737488351170 0
/proc/4059247/statm: 16056 13943 1991 41 0 12135 0
Current children cumulated CPU time: 50.98 s
Current children cumulated vsize: 91132 KiB
Current children cumulated memory: 69384 KiB

[startup+102.3 s]
/proc/loadavg: 14.34 14.24 14.05 15/845 4060127
/proc/meminfo: memFree=373692556/528004312 swapFree=8388604/8388604
[pid=4059217] ppid=4059212 vsize=26908 memory=13612 CPUtime=0.07 cores=6-7
/proc/4059217/stat : 4059217 (perf) S 4059212 4059217 4058815 0 -1 0 1737 238 0 0 5 2 0 0 20 0 1 0 923138588 27553792 3403 17179869184 93824994299904 93824996572973 140737488338256 0 0 0 134217728 4 74274 1 0 0 17 6 0 0 0 0 0 93824998874888 93825001005840 93825001308160 140737488340073 140737488340470 140737488340470 140737488351179 0
/proc/4059217/statm: 6727 3403 2098 555 0 1769 0
[pid=4059247] ppid=4059217 vsize=76556 memory=68036 CPUtime=102.09 cores=6-7
/proc/4059247/stat : 4059247 (clingo) R 4059217 4059217 4058815 0 -1 0 21782 0 7 0 10205 4 0 0 20 0 1 0 923138596 78393344 17009 17179869184 93824992301056 93824992468925 140737488338416 0 0 0 134217728 4 25184771 0 0 0 17 6 0 0 0 0 0 93824992533936 93824992571272 93824992575488 140737488340183 140737488340354 140737488340354 140737488351170 0
/proc/4059247/statm: 19139 17009 1991 41 0 15218 0
Current children cumulated CPU time: 102.16 s
Current children cumulated vsize: 103464 KiB
Current children cumulated memory: 81648 KiB

[startup+162.3 s]
/proc/loadavg: 14.12 14.19 14.05 15/845 4060130
/proc/meminfo: memFree=373391084/528004312 swapFree=8388604/8388604
[pid=4059217] ppid=4059212 vsize=26908 memory=13612 CPUtime=0.07 cores=6-7
/proc/4059217/stat : 4059217 (perf) S 4059212 4059217 4058815 0 -1 0 1737 238 0 0 5 2 0 0 20 0 1 0 923138588 27553792 3403 17179869184 93824994299904 93824996572973 140737488338256 0 0 0 134217728 4 74274 1 0 0 17 6 0 0 0 0 0 93824998874888 93825001005840 93825001308160 140737488340073 140737488340470 140737488340470 140737488351179 0
/proc/4059217/statm: 6727 3403 2098 555 0 1769 0
[pid=4059247] ppid=4059217 vsize=87180 memory=78672 CPUtime=162.1 cores=6-7
/proc/4059247/stat : 4059247 (clingo) R 4059217 4059217 4058815 0 -1 0 25733 0 7 0 16205 5 0 0 20 0 1 0 923138596 89272320 19668 17179869184 93824992301056 93824992468925 140737488338416 0 0 0 134217728 4 25184771 0 0 0 17 6 0 0 0 0 0 93824992533936 93824992571272 93824992575488 140737488340183 140737488340354 140737488340354 140737488351170 0
/proc/4059247/statm: 21795 19668 1991 41 0 17874 0
Current children cumulated CPU time: 162.17 s
Current children cumulated vsize: 114088 KiB
Current children cumulated memory: 92284 KiB

[startup+222.3 s]
/proc/loadavg: 14.29 14.23 14.07 15/845 4060134
/proc/meminfo: memFree=373264888/528004312 swapFree=8388604/8388604
[pid=4059217] ppid=4059212 vsize=26908 memory=13612 CPUtime=0.07 cores=6-7
/proc/4059217/stat : 4059217 (perf) S 4059212 4059217 4058815 0 -1 0 1737 238 0 0 5 2 0 0 20 0 1 0 923138588 27553792 3403 17179869184 93824994299904 93824996572973 140737488338256 0 0 0 134217728 4 74274 1 0 0 17 6 0 0 0 0 0 93824998874888 93825001005840 93825001308160 140737488340073 140737488340470 140737488340470 140737488351179 0
/proc/4059217/statm: 6727 3403 2098 555 0 1769 0
[pid=4059247] ppid=4059217 vsize=96244 memory=87636 CPUtime=222.09 cores=6-7
/proc/4059247/stat : 4059247 (clingo) R 4059217 4059217 4058815 0 -1 0 29639 0 7 0 22204 5 0 0 20 0 1 0 923138596 98553856 21909 17179869184 93824992301056 93824992468925 140737488338416 0 0 0 134217728 4 25184771 0 0 0 17 6 0 0 0 0 0 93824992533936 93824992571272 93824992575488 140737488340183 140737488340354 140737488340354 140737488351170 0
/proc/4059247/statm: 24061 21909 1991 41 0 20140 0
Current children cumulated CPU time: 222.16 s
Current children cumulated vsize: 123152 KiB
Current children cumulated memory: 101248 KiB

[startup+282.3 s]
/proc/loadavg: 14.10 14.19 14.06 15/845 4060135
/proc/meminfo: memFree=373125296/528004312 swapFree=8388604/8388604
[pid=4059217] ppid=4059212 vsize=26908 memory=13612 CPUtime=0.07 cores=6-7
/proc/4059217/stat : 4059217 (perf) S 4059212 4059217 4058815 0 -1 0 1737 238 0 0 5 2 0 0 20 0 1 0 923138588 27553792 3403 17179869184 93824994299904 93824996572973 140737488338256 0 0 0 134217728 4 74274 1 0 0 17 6 0 0 0 0 0 93824998874888 93825001005840 93825001308160 140737488340073 140737488340470 140737488340470 140737488351179 0
/proc/4059217/statm: 6727 3403 2098 555 0 1769 0
[pid=4059247] ppid=4059217 vsize=100740 memory=92140 CPUtime=282.09 cores=6-7
/proc/4059247/stat : 4059247 (clingo) R 4059217 4059217 4058815 0 -1 0 32228 0 7 0 28204 5 0 0 20 0 1 0 923138596 103157760 23035 17179869184 93824992301056 93824992468925 140737488338416 0 0 0 134217728 4 25184771 0 0 0 17 6 0 0 0 0 0 93824992533936 93824992571272 93824992575488 140737488340183 140737488340354 140737488340354 140737488351170 0
/proc/4059247/statm: 25185 23035 1991 41 0 21264 0
Current children cumulated CPU time: 282.16 s
Current children cumulated vsize: 127648 KiB
Current children cumulated memory: 105752 KiB

[startup+342.3 s]
/proc/loadavg: 14.69 14.36 14.13 15/828 4060141
/proc/meminfo: memFree=373064876/528004312 swapFree=8388604/8388604
[pid=4059217] ppid=4059212 vsize=26908 memory=13612 CPUtime=0.07 cores=6-7
/proc/4059217/stat : 4059217 (perf) S 4059212 4059217 4058815 0 -1 0 1737 238 0 0 5 2 0 0 20 0 1 0 923138588 27553792 3403 17179869184 93824994299904 93824996572973 140737488338256 0 0 0 134217728 4 74274 1 0 0 17 6 0 0 0 0 0 93824998874888 93825001005840 93825001308160 140737488340073 140737488340470 140737488340470 140737488351179 0
/proc/4059217/statm: 6727 3403 2098 555 0 1769 0
[pid=4059247] ppid=4059217 vsize=105308 memory=96688 CPUtime=342.09 cores=6-7
/proc/4059247/stat : 4059247 (clingo) R 4059217 4059217 4058815 0 -1 0 35701 0 7 0 34203 6 0 0 20 0 1 0 923138596 107835392 24172 17179869184 93824992301056 93824992468925 140737488338416 0 0 0 134217728 4 25184771 0 0 0 17 6 0 0 0 0 0 93824992533936 93824992571272 93824992575488 140737488340183 140737488340354 140737488340354 140737488351170 0
/proc/4059247/statm: 26327 24172 1991 41 0 22406 0
Current children cumulated CPU time: 342.16 s
Current children cumulated vsize: 132216 KiB
Current children cumulated memory: 110300 KiB

[startup+402.3 s]
/proc/loadavg: 14.25 14.29 14.12 15/819 4060145
/proc/meminfo: memFree=372992620/528004312 swapFree=8388604/8388604
[pid=4059217] ppid=4059212 vsize=26908 memory=13612 CPUtime=0.07 cores=6-7
/proc/4059217/stat : 4059217 (perf) S 4059212 4059217 4058815 0 -1 0 1737 238 0 0 5 2 0 0 20 0 1 0 923138588 27553792 3403 17179869184 93824994299904 93824996572973 140737488338256 0 0 0 134217728 4 74274 1 0 0 17 6 0 0 0 0 0 93824998874888 93825001005840 93825001308160 140737488340073 140737488340470 140737488340470 140737488351179 0
/proc/4059217/statm: 6727 3403 2098 555 0 1769 0
[pid=4059247] ppid=4059217 vsize=111392 memory=102644 CPUtime=402.1 cores=6-7
/proc/4059247/stat : 4059247 (clingo) R 4059217 4059217 4058815 0 -1 0 39112 0 7 0 40203 7 0 0 20 0 1 0 923138596 114065408 25661 17179869184 93824992301056 93824992468925 140737488338416 0 0 0 134217728 4 25184771 0 0 0 17 6 0 0 0 0 0 93824992533936 93824992571272 93824992575488 140737488340183 140737488340354 140737488340354 140737488351170 0
/proc/4059247/statm: 27848 25661 1991 41 0 23927 0
Current children cumulated CPU time: 402.17 s
Current children cumulated vsize: 138300 KiB
Current children cumulated memory: 116256 KiB

[startup+462.3 s]
/proc/loadavg: 14.24 14.30 14.13 15/820 4060149
/proc/meminfo: memFree=372932676/528004312 swapFree=8388604/8388604
[pid=4059217] ppid=4059212 vsize=26908 memory=13612 CPUtime=0.07 cores=6-7
/proc/4059217/stat : 4059217 (perf) S 4059212 4059217 4058815 0 -1 0 1737 238 0 0 5 2 0 0 20 0 1 0 923138588 27553792 3403 17179869184 93824994299904 93824996572973 140737488338256 0 0 0 134217728 4 74274 1 0 0 17 6 0 0 0 0 0 93824998874888 93825001005840 93825001308160 140737488340073 140737488340470 140737488340470 140737488351179 0
/proc/4059217/statm: 6727 3403 2098 555 0 1769 0
[pid=4059247] ppid=4059217 vsize=119192 memory=110420 CPUtime=462.09 cores=6-7
/proc/4059247/stat : 4059247 (clingo) R 4059217 4059217 4058815 0 -1 0 41978 0 7 0 46201 8 0 0 20 0 1 0 923138596 122052608 27605 17179869184 93824992301056 93824992468925 140737488338416 0 0 0 134217728 4 25184771 0 0 0 17 6 0 0 0 0 0 93824992533936 93824992571272 93824992575488 140737488340183 140737488340354 140737488340354 140737488351170 0
/proc/4059247/statm: 29798 27605 1991 41 0 25877 0
Current children cumulated CPU time: 462.16 s
Current children cumulated vsize: 146100 KiB
Current children cumulated memory: 124032 KiB

[startup+522.3 s]
/proc/loadavg: 14.08 14.24 14.12 15/820 4060152
/proc/meminfo: memFree=372877008/528004312 swapFree=8388604/8388604
[pid=4059217] ppid=4059212 vsize=26908 memory=13612 CPUtime=0.07 cores=6-7
/proc/4059217/stat : 4059217 (perf) S 4059212 4059217 4058815 0 -1 0 1737 238 0 0 5 2 0 0 20 0 1 0 923138588 27553792 3403 17179869184 93824994299904 93824996572973 140737488338256 0 0 0 134217728 4 74274 1 0 0 17 6 0 0 0 0 0 93824998874888 93825001005840 93825001308160 140737488340073 140737488340470 140737488340470 140737488351179 0
/proc/4059217/statm: 6727 3403 2098 555 0 1769 0
[pid=4059247] ppid=4059217 vsize=119984 memory=110960 CPUtime=522.09 cores=6-7
/proc/4059247/stat : 4059247 (clingo) R 4059217 4059217 4058815 0 -1 0 43155 0 7 0 52201 8 0 0 20 0 1 0 923138596 122863616 27740 17179869184 93824992301056 93824992468925 140737488338416 0 0 0 134217728 4 25184771 0 0 0 17 6 0 0 0 0 0 93824992533936 93824992571272 93824992575488 140737488340183 140737488340354 140737488340354 140737488351170 0
/proc/4059247/statm: 29996 27740 1991 41 0 26075 0
Current children cumulated CPU time: 522.16 s
Current children cumulated vsize: 146892 KiB
Current children cumulated memory: 124572 KiB

[startup+582.3 s]
/proc/loadavg: 14.07 14.21 14.12 15/821 4060157
/proc/meminfo: memFree=372829160/528004312 swapFree=8388604/8388604
[pid=4059217] ppid=4059212 vsize=26908 memory=13612 CPUtime=0.07 cores=6-7
/proc/4059217/stat : 4059217 (perf) S 4059212 4059217 4058815 0 -1 0 1737 238 0 0 5 2 0 0 20 0 1 0 923138588 27553792 3403 17179869184 93824994299904 93824996572973 140737488338256 0 0 0 134217728 4 74274 1 0 0 17 6 0 0 0 0 0 93824998874888 93825001005840 93825001308160 140737488340073 140737488340470 140737488340470 140737488351179 0
/proc/4059217/statm: 6727 3403 2098 555 0 1769 0
[pid=4059247] ppid=4059217 vsize=122400 memory=113560 CPUtime=582.1 cores=6-7
/proc/4059247/stat : 4059247 (clingo) R 4059217 4059217 4058815 0 -1 0 46711 0 7 0 58201 9 0 0 20 0 1 0 923138596 125337600 28390 17179869184 93824992301056 93824992468925 140737488338416 0 0 0 134217728 4 25184771 0 0 0 17 6 0 0 0 0 0 93824992533936 93824992571272 93824992575488 140737488340183 140737488340354 140737488340354 140737488351170 0
/proc/4059247/statm: 30600 28390 1991 41 0 26679 0
Current children cumulated CPU time: 582.17 s
Current children cumulated vsize: 149308 KiB
Current children cumulated memory: 127172 KiB

[startup+642.3 s]
/proc/loadavg: 14.40 14.29 14.15 15/821 4060158
/proc/meminfo: memFree=372749576/528004312 swapFree=8388604/8388604
[pid=4059217] ppid=4059212 vsize=26908 memory=13612 CPUtime=0.07 cores=6-7
/proc/4059217/stat : 4059217 (perf) S 4059212 4059217 4058815 0 -1 0 1737 238 0 0 5 2 0 0 20 0 1 0 923138588 27553792 3403 17179869184 93824994299904 93824996572973 140737488338256 0 0 0 134217728 4 74274 1 0 0 17 6 0 0 0 0 0 93824998874888 93825001005840 93825001308160 140737488340073 140737488340470 140737488340470 140737488351179 0
/proc/4059217/statm: 6727 3403 2098 555 0 1769 0
[pid=4059247] ppid=4059217 vsize=125572 memory=116720 CPUtime=642.1 cores=6-7
/proc/4059247/stat : 4059247 (clingo) R 4059217 4059217 4058815 0 -1 0 50460 0 7 0 64199 11 0 0 20 0 1 0 923138596 128585728 29180 17179869184 93824992301056 93824992468925 140737488338416 0 0 0 134217728 4 25184771 0 0 0 17 6 0 0 0 0 0 93824992533936 93824992571272 93824992575488 140737488340183 140737488340354 140737488340354 140737488351170 0
/proc/4059247/statm: 31393 29180 1991 41 0 27472 0
Current children cumulated CPU time: 642.17 s
Current children cumulated vsize: 152480 KiB
Current children cumulated memory: 130332 KiB

[startup+702.3 s]
/proc/loadavg: 14.15 14.23 14.14 15/821 4060160
/proc/meminfo: memFree=372701700/528004312 swapFree=8388604/8388604
[pid=4059217] ppid=4059212 vsize=26908 memory=13612 CPUtime=0.07 cores=6-7
/proc/4059217/stat : 4059217 (perf) S 4059212 4059217 4058815 0 -1 0 1737 238 0 0 5 2 0 0 20 0 1 0 923138588 27553792 3403 17179869184 93824994299904 93824996572973 140737488338256 0 0 0 134217728 4 74274 1 0 0 17 6 0 0 0 0 0 93824998874888 93825001005840 93825001308160 140737488340073 140737488340470 140737488340470 140737488351179 0
/proc/4059217/statm: 6727 3403 2098 555 0 1769 0
[pid=4059247] ppid=4059217 vsize=131392 memory=122432 CPUtime=702.09 cores=6-7
/proc/4059247/stat : 4059247 (clingo) R 4059217 4059217 4058815 0 -1 0 52163 0 7 0 70198 11 0 0 20 0 1 0 923138596 134545408 30608 17179869184 93824992301056 93824992468925 140737488338416 0 0 0 134217728 4 25184771 0 0 0 17 6 0 0 0 0 0 93824992533936 93824992571272 93824992575488 140737488340183 140737488340354 140737488340354 140737488351170 0
/proc/4059247/statm: 32848 30608 1991 41 0 28927 0
Current children cumulated CPU time: 702.16 s
Current children cumulated vsize: 158300 KiB
Current children cumulated memory: 136044 KiB

[startup+762.3 s]
/proc/loadavg: 14.05 14.19 14.13 15/820 4060161
/proc/meminfo: memFree=372588056/528004312 swapFree=8388604/8388604
[pid=4059217] ppid=4059212 vsize=26908 memory=13612 CPUtime=0.07 cores=6-7
/proc/4059217/stat : 4059217 (perf) S 4059212 4059217 4058815 0 -1 0 1737 238 0 0 5 2 0 0 20 0 1 0 923138588 27553792 3403 17179869184 93824994299904 93824996572973 140737488338256 0 0 0 134217728 4 74274 1 0 0 17 6 0 0 0 0 0 93824998874888 93825001005840 93825001308160 140737488340073 140737488340470 140737488340470 140737488351179 0
/proc/4059217/statm: 6727 3403 2098 555 0 1769 0
[pid=4059247] ppid=4059217 vsize=134592 memory=125700 CPUtime=762.09 cores=6-7
/proc/4059247/stat : 4059247 (clingo) R 4059217 4059217 4058815 0 -1 0 54716 0 7 0 76197 12 0 0 20 0 1 0 923138596 137822208 31425 17179869184 93824992301056 93824992468925 140737488338416 0 0 0 134217728 4 25184771 0 0 0 17 6 0 0 0 0 0 93824992533936 93824992571272 93824992575488 140737488340183 140737488340354 140737488340354 140737488351170 0
/proc/4059247/statm: 33648 31425 1991 41 0 29727 0
Current children cumulated CPU time: 762.16 s
Current children cumulated vsize: 161500 KiB
Current children cumulated memory: 139312 KiB

[startup+822.3 s]
/proc/loadavg: 14.02 14.15 14.12 15/820 4060163
/proc/meminfo: memFree=372546300/528004312 swapFree=8388604/8388604
[pid=4059217] ppid=4059212 vsize=26908 memory=13612 CPUtime=0.07 cores=6-7
/proc/4059217/stat : 4059217 (perf) S 4059212 4059217 4058815 0 -1 0 1737 238 0 0 5 2 0 0 20 0 1 0 923138588 27553792 3403 17179869184 93824994299904 93824996572973 140737488338256 0 0 0 134217728 4 74274 1 0 0 17 6 0 0 0 0 0 93824998874888 93825001005840 93825001308160 140737488340073 140737488340470 140737488340470 140737488351179 0
/proc/4059217/statm: 6727 3403 2098 555 0 1769 0
[pid=4059247] ppid=4059217 vsize=138244 memory=129232 CPUtime=822.09 cores=6-7
/proc/4059247/stat : 4059247 (clingo) R 4059217 4059217 4058815 0 -1 0 56305 0 7 0 82197 12 0 0 20 0 1 0 923138596 141561856 32308 17179869184 93824992301056 93824992468925 140737488338416 0 0 0 134217728 4 25184771 0 0 0 17 6 0 0 0 0 0 93824992533936 93824992571272 93824992575488 140737488340183 140737488340354 140737488340354 140737488351170 0
/proc/4059247/statm: 34561 32308 1991 41 0 30640 0
Current children cumulated CPU time: 822.16 s
Current children cumulated vsize: 165152 KiB
Current children cumulated memory: 142844 KiB

[startup+882.3 s]
/proc/loadavg: 14.00 14.12 14.10 15/820 4060208
/proc/meminfo: memFree=372512040/528004312 swapFree=8388604/8388604
[pid=4059217] ppid=4059212 vsize=26908 memory=13612 CPUtime=0.07 cores=6-7
/proc/4059217/stat : 4059217 (perf) S 4059212 4059217 4058815 0 -1 0 1737 238 0 0 5 2 0 0 20 0 1 0 923138588 27553792 3403 17179869184 93824994299904 93824996572973 140737488338256 0 0 0 134217728 4 74274 1 0 0 17 6 0 0 0 0 0 93824998874888 93825001005840 93825001308160 140737488340073 140737488340470 140737488340470 140737488351179 0
/proc/4059217/statm: 6727 3403 2098 555 0 1769 0
[pid=4059247] ppid=4059217 vsize=138168 memory=129376 CPUtime=882.1 cores=6-7
/proc/4059247/stat : 4059247 (clingo) R 4059217 4059217 4058815 0 -1 0 57699 0 7 0 88198 12 0 0 20 0 1 0 923138596 141484032 32344 17179869184 93824992301056 93824992468925 140737488338416 0 0 0 134217728 4 25184771 0 0 0 17 6 0 0 0 0 0 93824992533936 93824992571272 93824992575488 140737488340183 140737488340354 140737488340354 140737488351170 0
/proc/4059247/statm: 34542 32344 1991 41 0 30621 0
Current children cumulated CPU time: 882.17 s
Current children cumulated vsize: 165076 KiB
Current children cumulated memory: 142988 KiB

[startup+942.3 s]
/proc/loadavg: 14.00 14.10 14.09 15/820 4060210
/proc/meminfo: memFree=372433176/528004312 swapFree=8388604/8388604
[pid=4059217] ppid=4059212 vsize=26908 memory=13612 CPUtime=0.07 cores=6-7
/proc/4059217/stat : 4059217 (perf) S 4059212 4059217 4058815 0 -1 0 1737 238 0 0 5 2 0 0 20 0 1 0 923138588 27553792 3403 17179869184 93824994299904 93824996572973 140737488338256 0 0 0 134217728 4 74274 1 0 0 17 6 0 0 0 0 0 93824998874888 93825001005840 93825001308160 140737488340073 140737488340470 140737488340470 140737488351179 0
/proc/4059217/statm: 6727 3403 2098 555 0 1769 0
[pid=4059247] ppid=4059217 vsize=144972 memory=135844 CPUtime=942.1 cores=6-7
/proc/4059247/stat : 4059247 (clingo) R 4059217 4059217 4058815 0 -1 0 59971 0 7 0 94198 12 0 0 20 0 1 0 923138596 148451328 33961 17179869184 93824992301056 93824992468925 140737488338416 0 0 0 134217728 4 25184771 0 0 0 17 6 0 0 0 0 0 93824992533936 93824992571272 93824992575488 140737488340183 140737488340354 140737488340354 140737488351170 0
/proc/4059247/statm: 36243 33961 1991 41 0 32322 0
Current children cumulated CPU time: 942.17 s
Current children cumulated vsize: 171880 KiB
Current children cumulated memory: 149456 KiB

[startup+1002.3 s]
/proc/loadavg: 14.00 14.08 14.09 15/820 4060211
/proc/meminfo: memFree=372369936/528004312 swapFree=8388604/8388604
[pid=4059217] ppid=4059212 vsize=26908 memory=13612 CPUtime=0.07 cores=6-7
/proc/4059217/stat : 4059217 (perf) S 4059212 4059217 4058815 0 -1 0 1737 238 0 0 5 2 0 0 20 0 1 0 923138588 27553792 3403 17179869184 93824994299904 93824996572973 140737488338256 0 0 0 134217728 4 74274 1 0 0 17 6 0 0 0 0 0 93824998874888 93825001005840 93825001308160 140737488340073 140737488340470 140737488340470 140737488351179 0
/proc/4059217/statm: 6727 3403 2098 555 0 1769 0
[pid=4059247] ppid=4059217 vsize=147544 memory=138712 CPUtime=1002.09 cores=6-7
/proc/4059247/stat : 4059247 (clingo) R 4059217 4059217 4058815 0 -1 0 61220 0 7 0 100197 12 0 0 20 0 1 0 923138596 151085056 34678 17179869184 93824992301056 93824992468925 140737488338416 0 0 0 134217728 4 25184771 0 0 0 17 6 0 0 0 0 0 93824992533936 93824992571272 93824992575488 140737488340183 140737488340354 140737488340354 140737488351170 0
/proc/4059247/statm: 36886 34678 1991 41 0 32965 0
Current children cumulated CPU time: 1002.16 s
Current children cumulated vsize: 174452 KiB
Current children cumulated memory: 152324 KiB

[startup+1062.3 s]
/proc/loadavg: 14.00 14.06 14.08 15/820 4060212
/proc/meminfo: memFree=372335420/528004312 swapFree=8388604/8388604
[pid=4059217] ppid=4059212 vsize=26908 memory=13612 CPUtime=0.07 cores=6-7
/proc/4059217/stat : 4059217 (perf) S 4059212 4059217 4058815 0 -1 0 1737 238 0 0 5 2 0 0 20 0 1 0 923138588 27553792 3403 17179869184 93824994299904 93824996572973 140737488338256 0 0 0 134217728 4 74274 1 0 0 17 6 0 0 0 0 0 93824998874888 93825001005840 93825001308160 140737488340073 140737488340470 140737488340470 140737488351179 0
/proc/4059217/statm: 6727 3403 2098 555 0 1769 0
[pid=4059247] ppid=4059217 vsize=151184 memory=141892 CPUtime=1062.1 cores=6-7
/proc/4059247/stat : 4059247 (clingo) R 4059217 4059217 4058815 0 -1 0 64574 0 7 0 106197 13 0 0 20 0 1 0 923138596 154812416 35473 17179869184 93824992301056 93824992468925 140737488338416 0 0 0 134217728 4 25184771 0 0 0 17 6 0 0 0 0 0 93824992533936 93824992571272 93824992575488 140737488340183 140737488340354 140737488340354 140737488351170 0
/proc/4059247/statm: 37796 35473 1991 41 0 33875 0
Current children cumulated CPU time: 1062.17 s
Current children cumulated vsize: 178092 KiB
Current children cumulated memory: 155504 KiB

[startup+1122.3 s]
/proc/loadavg: 14.32 14.12 14.10 15/820 4060214
/proc/meminfo: memFree=372304716/528004312 swapFree=8388604/8388604
[pid=4059217] ppid=4059212 vsize=26908 memory=13612 CPUtime=0.07 cores=6-7
/proc/4059217/stat : 4059217 (perf) S 4059212 4059217 4058815 0 -1 0 1737 238 0 0 5 2 0 0 20 0 1 0 923138588 27553792 3403 17179869184 93824994299904 93824996572973 140737488338256 0 0 0 134217728 4 74274 1 0 0 17 6 0 0 0 0 0 93824998874888 93825001005840 93825001308160 140737488340073 140737488340470 140737488340470 140737488351179 0
/proc/4059217/statm: 6727 3403 2098 555 0 1769 0
[pid=4059247] ppid=4059217 vsize=152852 memory=143596 CPUtime=1122.1 cores=6-7
/proc/4059247/stat : 4059247 (clingo) R 4059217 4059217 4058815 0 -1 0 65210 0 7 0 112197 13 0 0 20 0 1 0 923138596 156520448 35899 17179869184 93824992301056 93824992468925 140737488338416 0 0 0 134217728 4 25184771 0 0 0 17 6 0 0 0 0 0 93824992533936 93824992571272 93824992575488 140737488340183 140737488340354 140737488340354 140737488351170 0
/proc/4059247/statm: 38213 35899 1991 41 0 34292 0
Current children cumulated CPU time: 1122.17 s
Current children cumulated vsize: 179760 KiB
Current children cumulated memory: 157208 KiB

[startup+1182.3 s]
/proc/loadavg: 15.03 14.45 14.22 15/820 4060215
/proc/meminfo: memFree=372281536/528004312 swapFree=8388604/8388604
[pid=4059217] ppid=4059212 vsize=26908 memory=13612 CPUtime=0.07 cores=6-7
/proc/4059217/stat : 4059217 (perf) S 4059212 4059217 4058815 0 -1 0 1737 238 0 0 5 2 0 0 20 0 1 0 923138588 27553792 3403 17179869184 93824994299904 93824996572973 140737488338256 0 0 0 134217728 4 74274 1 0 0 17 6 0 0 0 0 0 93824998874888 93825001005840 93825001308160 140737488340073 140737488340470 140737488340470 140737488351179 0
/proc/4059217/statm: 6727 3403 2098 555 0 1769 0
[pid=4059247] ppid=4059217 vsize=155192 memory=145444 CPUtime=1182.09 cores=6-7
/proc/4059247/stat : 4059247 (clingo) R 4059217 4059217 4058815 0 -1 0 65660 0 7 0 118196 13 0 0 20 0 1 0 923138596 158916608 36361 17179869184 93824992301056 93824992468925 140737488338416 0 0 0 134217728 4 25184771 0 0 0 17 6 0 0 0 0 0 93824992533936 93824992571272 93824992575488 140737488340183 140737488340354 140737488340354 140737488351170 0
/proc/4059247/statm: 38798 36361 1991 41 0 34877 0
Current children cumulated CPU time: 1182.16 s
Current children cumulated vsize: 182100 KiB
Current children cumulated memory: 159056 KiB



Maximum wall clock time exceeded: sending SIGTERM then SIGKILL

[startup+1205 s]*
/proc/loadavg: 14.68 14.41 14.21 14/810 4060466
/proc/meminfo: memFree=372712532/528004312 swapFree=8388604/8388604
[pid=4059217] ppid=4059212 vsize=26908 memory=13612 CPUtime=0.07 cores=6-7
/proc/4059217/stat : 4059217 (perf) S 4059212 4059217 4058815 0 -1 0 1737 238 0 0 5 2 0 0 20 0 1 0 923138588 27553792 3403 17179869184 93824994299904 93824996572973 140737488338256 0 0 0 134217728 4 74274 1 0 0 17 6 0 0 0 0 0 93824998874888 93825001005840 93825001308160 140737488340073 140737488340470 140737488340470 140737488351179 0
/proc/4059217/statm: 6727 3403 2098 555 0 1769 0
[pid=4059247] ppid=4059217 vsize=155192 memory=145444 CPUtime=1204.81 cores=6-7
/proc/4059247/stat : 4059247 (clingo) R 4059217 4059217 4058815 0 -1 0 65669 0 7 0 120468 13 0 0 20 0 1 0 923138596 158916608 36361 17179869184 93824992301056 93824992468925 140737488338416 0 0 0 134217728 4 25184771 0 0 0 17 6 0 0 0 0 0 93824992533936 93824992571272 93824992575488 140737488340183 140737488340354 140737488340354 140737488351170 0
/proc/4059247/statm: 38798 36361 1991 41 0 34877 0
Current children cumulated CPU time: 1204.88 s
Current children cumulated vsize: 182100 KiB
Current children cumulated memory: 159056 KiB

Sending SIGINT to process tree (bottom up)
Sleeping 5 seconds

[startup+1205.03 s]
# the end of solver process 4059217 was just reported to runsolver
# cumulated CPU time of all completed processes:  user=1204.75 s, system=0.170274 s

Solver just ended.
??? end of watcher thread
Dumping a history of the last processes samples

Child status: 1
Real time (s): 1205.03
CPU time (s): 1204.92
CPU user time (s): 1204.75
CPU system time (s): 0.170274
CPU usage (%): 99.9909
Max. virtual memory (cumulated for all children) (KiB): 182100
Max. memory (cumulated for all children) (KiB): 159056

getrusage(RUSAGE_CHILDREN,...) data:
user time used= 1204.75
system time used= 0.170274
maximum resident set size= 145656
integral shared memory size= 0
integral unshared data size= 0
integral unshared stack size= 0
page reclaims= 67686
page faults= 7
swaps= 0
block input operations= 0
block output operations= 0
messages sent= 0
messages received= 0
signals received= 0
voluntary context switches= 19
involuntary context switches= 808


# summary of solver processes directly reported to runsolver:
#   pid: 4059217
#   total CPU time (s): 1204.92
#   total CPU user time (s): 1204.75
#   total CPU system time (s): 0.170274

??? end of timestamper thread
runsolver used 8.6942 second user time and 16.66 second system time

The end
