runsolver version 3.4.0 (svn: 3018) Copyright (C) 2010-2013 Olivier ROUSSEL

This program is distributed in the hope that it will be useful,
but WITHOUT ANY WARRANTY; without even the implied warranty of
MERCHANTABILITY or FITNESS FOR A PARTICULAR PURPOSE.  See the
GNU General Public License for more details.

NUMA information:
  number of nodes: 2
  memory of node 0: 257635 MiB (179863 MiB free)
  memory of node 1: 257994 MiB (175335 MiB free)
  node distances:
     10  20
     20  10

command line: /dev/shm/37323668-2e81-11f1-ac62-000c298f4621/input/runsolver -w /dev/shm/37323668-2e81-11f1-ac62-000c298f4621/output/runsolver.log -v /dev/shm/37323668-2e81-11f1-ac62-000c298f4621/output/varfile.log -W 1205 --rss-swap-limit 16384 -d 5 --sigint /usr/bin/perf stat -B -e task-clock,cache-references,cache-misses,cycles,instructions,branches,faults,migrations,context-switches -o /dev/shm/37323668-2e81-11f1-ac62-000c298f4621/output/perf.log clingo /home/guests/mmacri/AMOSUM/benchmarks/GraphColouring/encoding-plain-amo.asp /dev/shm/37323668-2e81-11f1-ac62-000c298f4621/input/0005-graph_colouring-125-0_2400.asp 

running on 2 cores: 20-21

Enforcing wall clock limit (soft limit, will send SIGTERM then SIGKILL): 1205 seconds
Enforcing RSS+Swap limit (soft limit, will send SIGTERM then SIGKILL): 16777216 KiB
Linux 5.15.0-131-generic
Current StackSize limit: 8192 KiB

solver pid=1303249, runsolver pid=1303248

[startup+0.100068 s]*
/proc/loadavg: 14.17 14.04 10.48 15/843 1303253
/proc/meminfo: memFree=363705956/528004516 swapFree=8388604/8388604
[pid=1303249] ppid=1303248 vsize=26908 memory=13612 CPUtime=0.07 cores=20-21
/proc/1303249/stat : 1303249 (perf) S 1303248 1303249 1303207 0 -1 0 1738 237 0 0 6 1 0 0 20 0 1 0 922887794 27553792 3403 17179869184 93824994299904 93824996572973 140737488338256 0 0 0 134217728 4 74274 1 0 0 17 20 0 0 0 0 0 93824998874888 93825001005840 93825001308160 140737488340073 140737488340470 140737488340470 140737488351179 0
/proc/1303249/statm: 6727 3403 2098 555 0 1769 0
[pid=1303253] ppid=1303249 vsize=18800 memory=10612 CPUtime=0.01 cores=20-21
/proc/1303253/stat : 1303253 (clingo) R 1303249 1303249 1303207 0 -1 0 874 0 0 0 1 0 0 0 20 0 1 0 922887802 19251200 2653 17179869184 93824992301056 93824992468925 140737488338416 0 0 0 134217728 4 25184771 0 0 0 17 21 0 0 0 0 0 93824992533936 93824992571272 93824992575488 140737488340183 140737488340354 140737488340354 140737488351170 0
/proc/1303253/statm: 4700 2653 2045 41 0 779 0
Current children cumulated CPU time: 0.08 s
Current children cumulated vsize: 45708 KiB
Current children cumulated memory: 24224 KiB

[startup+0.218868 s]*
/proc/loadavg: 14.17 14.04 10.48 15/843 1303253
/proc/meminfo: memFree=363691368/528004516 swapFree=8388604/8388604
[pid=1303249] ppid=1303248 vsize=26908 memory=13612 CPUtime=0.07 cores=20-21
/proc/1303249/stat : 1303249 (perf) S 1303248 1303249 1303207 0 -1 0 1738 237 0 0 6 1 0 0 20 0 1 0 922887794 27553792 3403 17179869184 93824994299904 93824996572973 140737488338256 0 0 0 134217728 4 74274 1 0 0 17 20 0 0 0 0 0 93824998874888 93825001005840 93825001308160 140737488340073 140737488340470 140737488340470 140737488351179 0
/proc/1303249/statm: 6727 3403 2098 555 0 1769 0
[pid=1303253] ppid=1303249 vsize=25184 memory=17100 CPUtime=0.13 cores=20-21
/proc/1303253/stat : 1303253 (clingo) R 1303249 1303249 1303207 0 -1 0 2529 0 0 0 13 0 0 0 20 0 1 0 922887802 25788416 4275 17179869184 93824992301056 93824992468925 140737488338416 0 0 0 134217728 4 25184771 0 0 0 17 21 0 0 0 0 0 93824992533936 93824992571272 93824992575488 140737488340183 140737488340354 140737488340354 140737488351170 0
/proc/1303253/statm: 6296 4275 2091 41 0 2375 0
Current children cumulated CPU time: 0.2 s
Current children cumulated vsize: 52092 KiB
Current children cumulated memory: 30712 KiB

[startup+0.334961 s]*
/proc/loadavg: 14.17 14.04 10.48 16/843 1303253
/proc/meminfo: memFree=363681288/528004516 swapFree=8388604/8388604
[pid=1303249] ppid=1303248 vsize=26908 memory=13612 CPUtime=0.07 cores=20-21
/proc/1303249/stat : 1303249 (perf) S 1303248 1303249 1303207 0 -1 0 1738 237 0 0 6 1 0 0 20 0 1 0 922887794 27553792 3403 17179869184 93824994299904 93824996572973 140737488338256 0 0 0 134217728 4 74274 1 0 0 17 20 0 0 0 0 0 93824998874888 93825001005840 93825001308160 140737488340073 140737488340470 140737488340470 140737488351179 0
/proc/1303249/statm: 6727 3403 2098 555 0 1769 0
[pid=1303253] ppid=1303249 vsize=27440 memory=19476 CPUtime=0.23 cores=20-21
/proc/1303253/stat : 1303253 (clingo) R 1303249 1303249 1303207 0 -1 0 3087 0 0 0 23 0 0 0 20 0 1 0 922887802 28098560 4869 17179869184 93824992301056 93824992468925 140737488338416 0 0 0 134217728 4 25184771 0 0 0 17 21 0 0 0 0 0 93824992533936 93824992571272 93824992575488 140737488340183 140737488340354 140737488340354 140737488351170 0
/proc/1303253/statm: 6860 4869 2091 41 0 2939 0
Current children cumulated CPU time: 0.3 s
Current children cumulated vsize: 54348 KiB
Current children cumulated memory: 33088 KiB

[startup+0.700339 s]
/proc/loadavg: 14.17 14.04 10.48 15/843 1303253
/proc/meminfo: memFree=363660364/528004516 swapFree=8388604/8388604
[pid=1303249] ppid=1303248 vsize=26908 memory=13612 CPUtime=0.07 cores=20-21
/proc/1303249/stat : 1303249 (perf) S 1303248 1303249 1303207 0 -1 0 1738 237 0 0 6 1 0 0 20 0 1 0 922887794 27553792 3403 17179869184 93824994299904 93824996572973 140737488338256 0 0 0 134217728 4 74274 1 0 0 17 20 0 0 0 0 0 93824998874888 93825001005840 93825001308160 140737488340073 140737488340470 140737488340470 140737488351179 0
/proc/1303249/statm: 6727 3403 2098 555 0 1769 0
[pid=1303253] ppid=1303249 vsize=30096 memory=22116 CPUtime=0.52 cores=20-21
/proc/1303253/stat : 1303253 (clingo) R 1303249 1303249 1303207 0 -1 0 3743 0 0 0 52 0 0 0 20 0 1 0 922887802 30818304 5529 17179869184 93824992301056 93824992468925 140737488338416 0 0 0 134217728 4 25184771 0 0 0 17 21 0 0 0 0 0 93824992533936 93824992571272 93824992575488 140737488340183 140737488340354 140737488340354 140737488351170 0
/proc/1303253/statm: 7524 5529 2091 41 0 3603 0
Current children cumulated CPU time: 0.59 s
Current children cumulated vsize: 57004 KiB
Current children cumulated memory: 35728 KiB

[startup+1.50034 s]
/proc/loadavg: 14.17 14.04 10.48 15/843 1303253
/proc/meminfo: memFree=363626600/528004516 swapFree=8388604/8388604
[pid=1303249] ppid=1303248 vsize=26908 memory=13612 CPUtime=0.07 cores=20-21
/proc/1303249/stat : 1303249 (perf) S 1303248 1303249 1303207 0 -1 0 1738 237 0 0 6 1 0 0 20 0 1 0 922887794 27553792 3403 17179869184 93824994299904 93824996572973 140737488338256 0 0 0 134217728 4 74274 1 0 0 17 20 0 0 0 0 0 93824998874888 93825001005840 93825001308160 140737488340073 140737488340470 140737488340470 140737488351179 0
/proc/1303249/statm: 6727 3403 2098 555 0 1769 0
[pid=1303253] ppid=1303249 vsize=34104 memory=26076 CPUtime=1.3 cores=20-21
/proc/1303253/stat : 1303253 (clingo) R 1303249 1303249 1303207 0 -1 0 4750 0 0 0 130 0 0 0 20 0 1 0 922887802 34922496 6519 17179869184 93824992301056 93824992468925 140737488338416 0 0 0 134217728 4 25184771 0 0 0 17 21 0 0 0 0 0 93824992533936 93824992571272 93824992575488 140737488340183 140737488340354 140737488340354 140737488351170 0
/proc/1303253/statm: 8526 6519 2091 41 0 4605 0
Current children cumulated CPU time: 1.37 s
Current children cumulated vsize: 61012 KiB
Current children cumulated memory: 39688 KiB

[startup+3.13467 s]
/proc/loadavg: 14.23 14.06 10.51 15/842 1303356
/proc/meminfo: memFree=363329300/528004516 swapFree=8388604/8388604
[pid=1303249] ppid=1303248 vsize=26908 memory=13612 CPUtime=0.07 cores=20-21
/proc/1303249/stat : 1303249 (perf) S 1303248 1303249 1303207 0 -1 0 1738 237 0 0 6 1 0 0 20 0 1 0 922887794 27553792 3403 17179869184 93824994299904 93824996572973 140737488338256 0 0 0 134217728 4 74274 1 0 0 17 20 0 0 0 0 0 93824998874888 93825001005840 93825001308160 140737488340073 140737488340470 140737488340470 140737488351179 0
/proc/1303249/statm: 6727 3403 2098 555 0 1769 0
[pid=1303253] ppid=1303249 vsize=36876 memory=28716 CPUtime=2.89 cores=20-21
/proc/1303253/stat : 1303253 (clingo) R 1303249 1303249 1303207 0 -1 0 5439 0 0 0 289 0 0 0 20 0 1 0 922887802 37761024 7179 17179869184 93824992301056 93824992468925 140737488338416 0 0 0 134217728 4 25184771 0 0 0 17 21 0 0 0 0 0 93824992533936 93824992571272 93824992575488 140737488340183 140737488340354 140737488340354 140737488351170 0
/proc/1303253/statm: 9219 7179 2091 41 0 5298 0
Current children cumulated CPU time: 2.96 s
Current children cumulated vsize: 63784 KiB
Current children cumulated memory: 42328 KiB

[startup+6.3003 s]
/proc/loadavg: 14.23 14.06 10.51 15/842 1303459
/proc/meminfo: memFree=363132956/528004516 swapFree=8388604/8388604
[pid=1303249] ppid=1303248 vsize=26908 memory=13612 CPUtime=0.07 cores=20-21
/proc/1303249/stat : 1303249 (perf) S 1303248 1303249 1303207 0 -1 0 1738 237 0 0 6 1 0 0 20 0 1 0 922887794 27553792 3403 17179869184 93824994299904 93824996572973 140737488338256 0 0 0 134217728 4 74274 1 0 0 17 20 0 0 0 0 0 93824998874888 93825001005840 93825001308160 140737488340073 140737488340470 140737488340470 140737488351179 0
/proc/1303249/statm: 6727 3403 2098 555 0 1769 0
[pid=1303253] ppid=1303249 vsize=40168 memory=32260 CPUtime=6.04 cores=20-21
/proc/1303253/stat : 1303253 (clingo) R 1303249 1303249 1303207 0 -1 0 6400 0 0 0 603 1 0 0 20 0 1 0 922887802 41132032 8065 17179869184 93824992301056 93824992468925 140737488338416 0 0 0 134217728 4 25184771 0 0 0 17 20 0 0 0 0 0 93824992533936 93824992571272 93824992575488 140737488340183 140737488340354 140737488340354 140737488351170 0
/proc/1303253/statm: 10042 8065 2091 41 0 6121 0
Current children cumulated CPU time: 6.11 s
Current children cumulated vsize: 67076 KiB
Current children cumulated memory: 45872 KiB

[startup+12.7003 s]
/proc/loadavg: 14.21 14.06 10.52 15/844 1303566
/proc/meminfo: memFree=364278172/528004516 swapFree=8388604/8388604
[pid=1303249] ppid=1303248 vsize=26908 memory=13612 CPUtime=0.07 cores=20-21
/proc/1303249/stat : 1303249 (perf) S 1303248 1303249 1303207 0 -1 0 1738 237 0 0 6 1 0 0 20 0 1 0 922887794 27553792 3403 17179869184 93824994299904 93824996572973 140737488338256 0 0 0 134217728 4 74274 1 0 0 17 20 0 0 0 0 0 93824998874888 93825001005840 93825001308160 140737488340073 140737488340470 140737488340470 140737488351179 0
/proc/1303249/statm: 6727 3403 2098 555 0 1769 0
[pid=1303253] ppid=1303249 vsize=46576 memory=38488 CPUtime=12.44 cores=20-21
/proc/1303253/stat : 1303253 (clingo) R 1303249 1303249 1303207 0 -1 0 8415 0 0 0 1243 1 0 0 20 0 1 0 922887802 47693824 9622 17179869184 93824992301056 93824992468925 140737488338416 0 0 0 134217728 4 25184771 0 0 0 17 20 0 0 0 0 0 93824992533936 93824992571272 93824992575488 140737488340183 140737488340354 140737488340354 140737488351170 0
/proc/1303253/statm: 11644 9622 2091 41 0 7723 0
Current children cumulated CPU time: 12.51 s
Current children cumulated vsize: 73484 KiB
Current children cumulated memory: 52100 KiB

[startup+25.5004 s]
/proc/loadavg: 14.17 14.06 10.58 15/844 1303566
/proc/meminfo: memFree=363527568/528004516 swapFree=8388604/8388604
[pid=1303249] ppid=1303248 vsize=26908 memory=13612 CPUtime=0.07 cores=20-21
/proc/1303249/stat : 1303249 (perf) S 1303248 1303249 1303207 0 -1 0 1738 237 0 0 6 1 0 0 20 0 1 0 922887794 27553792 3403 17179869184 93824994299904 93824996572973 140737488338256 0 0 0 134217728 4 74274 1 0 0 17 20 0 0 0 0 0 93824998874888 93825001005840 93825001308160 140737488340073 140737488340470 140737488340470 140737488351179 0
/proc/1303249/statm: 6727 3403 2098 555 0 1769 0
[pid=1303253] ppid=1303249 vsize=55288 memory=47056 CPUtime=25.24 cores=20-21
/proc/1303253/stat : 1303253 (clingo) R 1303249 1303249 1303207 0 -1 0 11080 0 0 0 2523 1 0 0 20 0 1 0 922887802 56614912 11764 17179869184 93824992301056 93824992468925 140737488338416 0 0 0 134217728 4 25184771 0 0 0 17 20 0 0 0 0 0 93824992533936 93824992571272 93824992575488 140737488340183 140737488340354 140737488340354 140737488351170 0
/proc/1303253/statm: 13822 11764 2091 41 0 9901 0
Current children cumulated CPU time: 25.31 s
Current children cumulated vsize: 82196 KiB
Current children cumulated memory: 60668 KiB

[startup+51.1187 s]
/proc/loadavg: 14.18 14.07 10.68 15/843 1303669
/proc/meminfo: memFree=362356256/528004516 swapFree=8388604/8388604
[pid=1303249] ppid=1303248 vsize=26908 memory=13612 CPUtime=0.07 cores=20-21
/proc/1303249/stat : 1303249 (perf) S 1303248 1303249 1303207 0 -1 0 1738 237 0 0 6 1 0 0 20 0 1 0 922887794 27553792 3403 17179869184 93824994299904 93824996572973 140737488338256 0 0 0 134217728 4 74274 1 0 0 17 20 0 0 0 0 0 93824998874888 93825001005840 93825001308160 140737488340073 140737488340470 140737488340470 140737488351179 0
/proc/1303249/statm: 6727 3403 2098 555 0 1769 0
[pid=1303253] ppid=1303249 vsize=60664 memory=52696 CPUtime=50.86 cores=20-21
/proc/1303253/stat : 1303253 (clingo) R 1303249 1303249 1303207 0 -1 0 14301 0 0 0 5083 3 0 0 20 0 1 0 922887802 62119936 13174 17179869184 93824992301056 93824992468925 140737488338416 0 0 0 134217728 4 25184771 0 0 0 17 20 0 0 0 0 0 93824992533936 93824992571272 93824992575488 140737488340183 140737488340354 140737488340354 140737488351170 0
/proc/1303253/statm: 15166 13174 2091 41 0 11245 0
Current children cumulated CPU time: 50.93 s
Current children cumulated vsize: 87572 KiB
Current children cumulated memory: 66308 KiB

[startup+102.3 s]
/proc/loadavg: 14.08 14.05 10.85 15/844 1303671
/proc/meminfo: memFree=360820096/528004516 swapFree=8388604/8388604
[pid=1303249] ppid=1303248 vsize=26908 memory=13612 CPUtime=0.07 cores=20-21
/proc/1303249/stat : 1303249 (perf) S 1303248 1303249 1303207 0 -1 0 1738 237 0 0 6 1 0 0 20 0 1 0 922887794 27553792 3403 17179869184 93824994299904 93824996572973 140737488338256 0 0 0 134217728 4 74274 1 0 0 17 20 0 0 0 0 0 93824998874888 93825001005840 93825001308160 140737488340073 140737488340470 140737488340470 140737488351179 0
/proc/1303249/statm: 6727 3403 2098 555 0 1769 0
[pid=1303253] ppid=1303249 vsize=72628 memory=64544 CPUtime=102.04 cores=20-21
/proc/1303253/stat : 1303253 (clingo) R 1303249 1303249 1303207 0 -1 0 19099 0 0 0 10201 3 0 0 20 0 1 0 922887802 74371072 16136 17179869184 93824992301056 93824992468925 140737488338416 0 0 0 134217728 4 25184771 0 0 0 17 20 0 0 0 0 0 93824992533936 93824992571272 93824992575488 140737488340183 140737488340354 140737488340354 140737488351170 0
/proc/1303253/statm: 18157 16136 2091 41 0 14236 0
Current children cumulated CPU time: 102.11 s
Current children cumulated vsize: 99536 KiB
Current children cumulated memory: 78156 KiB

[startup+162.3 s]
/proc/loadavg: 14.03 14.04 11.05 15/844 1303672
/proc/meminfo: memFree=359205724/528004516 swapFree=8388604/8388604
[pid=1303249] ppid=1303248 vsize=26908 memory=13612 CPUtime=0.07 cores=20-21
/proc/1303249/stat : 1303249 (perf) S 1303248 1303249 1303207 0 -1 0 1738 237 0 0 6 1 0 0 20 0 1 0 922887794 27553792 3403 17179869184 93824994299904 93824996572973 140737488338256 0 0 0 134217728 4 74274 1 0 0 17 20 0 0 0 0 0 93824998874888 93825001005840 93825001308160 140737488340073 140737488340470 140737488340470 140737488351179 0
/proc/1303249/statm: 6727 3403 2098 555 0 1769 0
[pid=1303253] ppid=1303249 vsize=83380 memory=75040 CPUtime=162.04 cores=20-21
/proc/1303253/stat : 1303253 (clingo) R 1303249 1303249 1303207 0 -1 0 23185 0 0 0 16200 4 0 0 20 0 1 0 922887802 85381120 18760 17179869184 93824992301056 93824992468925 140737488338416 0 0 0 134217728 4 25184771 0 0 0 17 20 0 0 0 0 0 93824992533936 93824992571272 93824992575488 140737488340183 140737488340354 140737488340354 140737488351170 0
/proc/1303253/statm: 20845 18760 2091 41 0 16924 0
Current children cumulated CPU time: 162.11 s
Current children cumulated vsize: 110288 KiB
Current children cumulated memory: 88652 KiB

[startup+222.3 s]
/proc/loadavg: 14.01 14.03 11.24 15/844 1303675
/proc/meminfo: memFree=358514868/528004516 swapFree=8388604/8388604
[pid=1303249] ppid=1303248 vsize=26908 memory=13612 CPUtime=0.07 cores=20-21
/proc/1303249/stat : 1303249 (perf) S 1303248 1303249 1303207 0 -1 0 1738 237 0 0 6 1 0 0 20 0 1 0 922887794 27553792 3403 17179869184 93824994299904 93824996572973 140737488338256 0 0 0 134217728 4 74274 1 0 0 17 20 0 0 0 0 0 93824998874888 93825001005840 93825001308160 140737488340073 140737488340470 140737488340470 140737488351179 0
/proc/1303249/statm: 6727 3403 2098 555 0 1769 0
[pid=1303253] ppid=1303249 vsize=87040 memory=78888 CPUtime=222.04 cores=20-21
/proc/1303253/stat : 1303253 (clingo) R 1303249 1303249 1303207 0 -1 0 26000 0 0 0 22199 5 0 0 20 0 1 0 922887802 89128960 19722 17179869184 93824992301056 93824992468925 140737488338416 0 0 0 134217728 4 25184771 0 0 0 17 20 0 0 0 0 0 93824992533936 93824992571272 93824992575488 140737488340183 140737488340354 140737488340354 140737488351170 0
/proc/1303253/statm: 21760 19722 2091 41 0 17839 0
Current children cumulated CPU time: 222.11 s
Current children cumulated vsize: 113948 KiB
Current children cumulated memory: 92500 KiB

[startup+282.3 s]
/proc/loadavg: 14.00 14.02 11.42 15/844 1303676
/proc/meminfo: memFree=356776572/528004516 swapFree=8388604/8388604
[pid=1303249] ppid=1303248 vsize=26908 memory=13612 CPUtime=0.07 cores=20-21
/proc/1303249/stat : 1303249 (perf) S 1303248 1303249 1303207 0 -1 0 1738 237 0 0 6 1 0 0 20 0 1 0 922887794 27553792 3403 17179869184 93824994299904 93824996572973 140737488338256 0 0 0 134217728 4 74274 1 0 0 17 20 0 0 0 0 0 93824998874888 93825001005840 93825001308160 140737488340073 140737488340470 140737488340470 140737488351179 0
/proc/1303249/statm: 6727 3403 2098 555 0 1769 0
[pid=1303253] ppid=1303249 vsize=94452 memory=86068 CPUtime=282.04 cores=20-21
/proc/1303253/stat : 1303253 (clingo) R 1303249 1303249 1303207 0 -1 0 30336 0 0 0 28199 5 0 0 20 0 1 0 922887802 96718848 21517 17179869184 93824992301056 93824992468925 140737488338416 0 0 0 134217728 4 25184771 0 0 0 17 20 0 0 0 0 0 93824992533936 93824992571272 93824992575488 140737488340183 140737488340354 140737488340354 140737488351170 0
/proc/1303253/statm: 23613 21517 2091 41 0 19692 0
Current children cumulated CPU time: 282.11 s
Current children cumulated vsize: 121360 KiB
Current children cumulated memory: 99680 KiB

[startup+342.3 s]
/proc/loadavg: 15.38 14.38 11.70 15/820 1303679
/proc/meminfo: memFree=355186224/528004516 swapFree=8388604/8388604
[pid=1303249] ppid=1303248 vsize=26908 memory=13612 CPUtime=0.07 cores=20-21
/proc/1303249/stat : 1303249 (perf) S 1303248 1303249 1303207 0 -1 0 1738 237 0 0 6 1 0 0 20 0 1 0 922887794 27553792 3403 17179869184 93824994299904 93824996572973 140737488338256 0 0 0 134217728 4 74274 1 0 0 17 20 0 0 0 0 0 93824998874888 93825001005840 93825001308160 140737488340073 140737488340470 140737488340470 140737488351179 0
/proc/1303249/statm: 6727 3403 2098 555 0 1769 0
[pid=1303253] ppid=1303249 vsize=97928 memory=89760 CPUtime=342.04 cores=20-21
/proc/1303253/stat : 1303253 (clingo) R 1303249 1303249 1303207 0 -1 0 34402 0 0 0 34197 7 0 0 20 0 1 0 922887802 100278272 22440 17179869184 93824992301056 93824992468925 140737488338416 0 0 0 134217728 4 25184771 0 0 0 17 20 0 0 0 0 0 93824992533936 93824992571272 93824992575488 140737488340183 140737488340354 140737488340354 140737488351170 0
/proc/1303253/statm: 24482 22440 2091 41 0 20561 0
Current children cumulated CPU time: 342.11 s
Current children cumulated vsize: 124836 KiB
Current children cumulated memory: 103372 KiB

[startup+402.3 s]
/proc/loadavg: 14.50 14.31 11.85 15/820 1303681
/proc/meminfo: memFree=354783816/528004516 swapFree=8388604/8388604
[pid=1303249] ppid=1303248 vsize=26908 memory=13612 CPUtime=0.07 cores=20-21
/proc/1303249/stat : 1303249 (perf) S 1303248 1303249 1303207 0 -1 0 1738 237 0 0 6 1 0 0 20 0 1 0 922887794 27553792 3403 17179869184 93824994299904 93824996572973 140737488338256 0 0 0 134217728 4 74274 1 0 0 17 20 0 0 0 0 0 93824998874888 93825001005840 93825001308160 140737488340073 140737488340470 140737488340470 140737488351179 0
/proc/1303249/statm: 6727 3403 2098 555 0 1769 0
[pid=1303253] ppid=1303249 vsize=103588 memory=95472 CPUtime=402.04 cores=20-21
/proc/1303253/stat : 1303253 (clingo) R 1303249 1303249 1303207 0 -1 0 37954 0 0 0 40196 8 0 0 20 0 1 0 922887802 106074112 23868 17179869184 93824992301056 93824992468925 140737488338416 0 0 0 134217728 4 25184771 0 0 0 17 20 0 0 0 0 0 93824992533936 93824992571272 93824992575488 140737488340183 140737488340354 140737488340354 140737488351170 0
/proc/1303253/statm: 25897 23868 2091 41 0 21976 0
Current children cumulated CPU time: 402.11 s
Current children cumulated vsize: 130496 KiB
Current children cumulated memory: 109084 KiB

[startup+462.3 s]
/proc/loadavg: 14.18 14.25 11.99 15/817 1303683
/proc/meminfo: memFree=354438828/528004516 swapFree=8388604/8388604
[pid=1303249] ppid=1303248 vsize=26908 memory=13612 CPUtime=0.07 cores=20-21
/proc/1303249/stat : 1303249 (perf) S 1303248 1303249 1303207 0 -1 0 1738 237 0 0 6 1 0 0 20 0 1 0 922887794 27553792 3403 17179869184 93824994299904 93824996572973 140737488338256 0 0 0 134217728 4 74274 1 0 0 17 20 0 0 0 0 0 93824998874888 93825001005840 93825001308160 140737488340073 140737488340470 140737488340470 140737488351179 0
/proc/1303249/statm: 6727 3403 2098 555 0 1769 0
[pid=1303253] ppid=1303249 vsize=110832 memory=102512 CPUtime=462.04 cores=20-21
/proc/1303253/stat : 1303253 (clingo) R 1303249 1303249 1303207 0 -1 0 41462 0 0 0 46196 8 0 0 20 0 1 0 922887802 113491968 25628 17179869184 93824992301056 93824992468925 140737488338416 0 0 0 134217728 4 25184771 0 0 0 17 20 0 0 0 0 0 93824992533936 93824992571272 93824992575488 140737488340183 140737488340354 140737488340354 140737488351170 0
/proc/1303253/statm: 27708 25628 2091 41 0 23787 0
Current children cumulated CPU time: 462.11 s
Current children cumulated vsize: 137740 KiB
Current children cumulated memory: 116124 KiB

[startup+522.3 s]
/proc/loadavg: 14.07 14.20 12.12 15/817 1303684
/proc/meminfo: memFree=353985232/528004516 swapFree=8388604/8388604
[pid=1303249] ppid=1303248 vsize=26908 memory=13612 CPUtime=0.07 cores=20-21
/proc/1303249/stat : 1303249 (perf) S 1303248 1303249 1303207 0 -1 0 1738 237 0 0 6 1 0 0 20 0 1 0 922887794 27553792 3403 17179869184 93824994299904 93824996572973 140737488338256 0 0 0 134217728 4 74274 1 0 0 17 20 0 0 0 0 0 93824998874888 93825001005840 93825001308160 140737488340073 140737488340470 140737488340470 140737488351179 0
/proc/1303249/statm: 6727 3403 2098 555 0 1769 0
[pid=1303253] ppid=1303249 vsize=110832 memory=102512 CPUtime=522.04 cores=20-21
/proc/1303253/stat : 1303253 (clingo) R 1303249 1303249 1303207 0 -1 0 41466 0 0 0 52196 8 0 0 20 0 1 0 922887802 113491968 25628 17179869184 93824992301056 93824992468925 140737488338416 0 0 0 134217728 4 25184771 0 0 0 17 20 0 0 0 0 0 93824992533936 93824992571272 93824992575488 140737488340183 140737488340354 140737488340354 140737488351170 0
/proc/1303253/statm: 27708 25628 2091 41 0 23787 0
Current children cumulated CPU time: 522.11 s
Current children cumulated vsize: 137740 KiB
Current children cumulated memory: 116124 KiB

[startup+582.3 s]
/proc/loadavg: 14.25 14.21 12.25 15/817 1303688
/proc/meminfo: memFree=353169392/528004516 swapFree=8388604/8388604
[pid=1303249] ppid=1303248 vsize=26908 memory=13612 CPUtime=0.07 cores=20-21
/proc/1303249/stat : 1303249 (perf) S 1303248 1303249 1303207 0 -1 0 1738 237 0 0 6 1 0 0 20 0 1 0 922887794 27553792 3403 17179869184 93824994299904 93824996572973 140737488338256 0 0 0 134217728 4 74274 1 0 0 17 20 0 0 0 0 0 93824998874888 93825001005840 93825001308160 140737488340073 140737488340470 140737488340470 140737488351179 0
/proc/1303249/statm: 6727 3403 2098 555 0 1769 0
[pid=1303253] ppid=1303249 vsize=115160 memory=106924 CPUtime=582.04 cores=20-21
/proc/1303253/stat : 1303253 (clingo) R 1303249 1303249 1303207 0 -1 0 43716 0 0 0 58196 8 0 0 20 0 1 0 922887802 117923840 26731 17179869184 93824992301056 93824992468925 140737488338416 0 0 0 134217728 4 25184771 0 0 0 17 20 0 0 0 0 0 93824992533936 93824992571272 93824992575488 140737488340183 140737488340354 140737488340354 140737488351170 0
/proc/1303253/statm: 28790 26731 2091 41 0 24869 0
Current children cumulated CPU time: 582.11 s
Current children cumulated vsize: 142068 KiB
Current children cumulated memory: 120536 KiB

[startup+642.3 s]
/proc/loadavg: 14.36 14.26 12.40 15/817 1303690
/proc/meminfo: memFree=352090868/528004516 swapFree=8388604/8388604
[pid=1303249] ppid=1303248 vsize=26908 memory=13612 CPUtime=0.07 cores=20-21
/proc/1303249/stat : 1303249 (perf) S 1303248 1303249 1303207 0 -1 0 1738 237 0 0 6 1 0 0 20 0 1 0 922887794 27553792 3403 17179869184 93824994299904 93824996572973 140737488338256 0 0 0 134217728 4 74274 1 0 0 17 20 0 0 0 0 0 93824998874888 93825001005840 93825001308160 140737488340073 140737488340470 140737488340470 140737488351179 0
/proc/1303249/statm: 6727 3403 2098 555 0 1769 0
[pid=1303253] ppid=1303249 vsize=120596 memory=112312 CPUtime=642.04 cores=20-21
/proc/1303253/stat : 1303253 (clingo) R 1303249 1303249 1303207 0 -1 0 45890 0 0 0 64196 8 0 0 20 0 1 0 922887802 123490304 28078 17179869184 93824992301056 93824992468925 140737488338416 0 0 0 134217728 4 25184771 0 0 0 17 20 0 0 0 0 0 93824992533936 93824992571272 93824992575488 140737488340183 140737488340354 140737488340354 140737488351170 0
/proc/1303253/statm: 30149 28078 2091 41 0 26228 0
Current children cumulated CPU time: 642.11 s
Current children cumulated vsize: 147504 KiB
Current children cumulated memory: 125924 KiB

[startup+702.3 s]
/proc/loadavg: 14.13 14.21 12.50 15/818 1303692
/proc/meminfo: memFree=351015076/528004516 swapFree=8388604/8388604
[pid=1303249] ppid=1303248 vsize=26908 memory=13612 CPUtime=0.07 cores=20-21
/proc/1303249/stat : 1303249 (perf) S 1303248 1303249 1303207 0 -1 0 1738 237 0 0 6 1 0 0 20 0 1 0 922887794 27553792 3403 17179869184 93824994299904 93824996572973 140737488338256 0 0 0 134217728 4 74274 1 0 0 17 20 0 0 0 0 0 93824998874888 93825001005840 93825001308160 140737488340073 140737488340470 140737488340470 140737488351179 0
/proc/1303249/statm: 6727 3403 2098 555 0 1769 0
[pid=1303253] ppid=1303249 vsize=120664 memory=112460 CPUtime=702.04 cores=20-21
/proc/1303253/stat : 1303253 (clingo) R 1303249 1303249 1303207 0 -1 0 46415 0 0 0 70196 8 0 0 20 0 1 0 922887802 123559936 28115 17179869184 93824992301056 93824992468925 140737488338416 0 0 0 134217728 4 25184771 0 0 0 17 20 0 0 0 0 0 93824992533936 93824992571272 93824992575488 140737488340183 140737488340354 140737488340354 140737488351170 0
/proc/1303253/statm: 30166 28115 2091 41 0 26245 0
Current children cumulated CPU time: 702.11 s
Current children cumulated vsize: 147572 KiB
Current children cumulated memory: 126072 KiB

[startup+762.3 s]
/proc/loadavg: 14.05 14.17 12.60 15/818 1303693
/proc/meminfo: memFree=349906544/528004516 swapFree=8388604/8388604
[pid=1303249] ppid=1303248 vsize=26908 memory=13612 CPUtime=0.07 cores=20-21
/proc/1303249/stat : 1303249 (perf) S 1303248 1303249 1303207 0 -1 0 1738 237 0 0 6 1 0 0 20 0 1 0 922887794 27553792 3403 17179869184 93824994299904 93824996572973 140737488338256 0 0 0 134217728 4 74274 1 0 0 17 20 0 0 0 0 0 93824998874888 93825001005840 93825001308160 140737488340073 140737488340470 140737488340470 140737488351179 0
/proc/1303249/statm: 6727 3403 2098 555 0 1769 0
[pid=1303253] ppid=1303249 vsize=121936 memory=113756 CPUtime=762.04 cores=20-21
/proc/1303253/stat : 1303253 (clingo) R 1303249 1303249 1303207 0 -1 0 47008 0 0 0 76196 8 0 0 20 0 1 0 922887802 124862464 28439 17179869184 93824992301056 93824992468925 140737488338416 0 0 0 134217728 4 25184771 0 0 0 17 20 0 0 0 0 0 93824992533936 93824992571272 93824992575488 140737488340183 140737488340354 140737488340354 140737488351170 0
/proc/1303253/statm: 30484 28439 2091 41 0 26563 0
Current children cumulated CPU time: 762.11 s
Current children cumulated vsize: 148844 KiB
Current children cumulated memory: 127368 KiB

[startup+822.3 s]
/proc/loadavg: 14.31 14.22 12.71 15/818 1303695
/proc/meminfo: memFree=348864532/528004516 swapFree=8388604/8388604
[pid=1303249] ppid=1303248 vsize=26908 memory=13612 CPUtime=0.07 cores=20-21
/proc/1303249/stat : 1303249 (perf) S 1303248 1303249 1303207 0 -1 0 1738 237 0 0 6 1 0 0 20 0 1 0 922887794 27553792 3403 17179869184 93824994299904 93824996572973 140737488338256 0 0 0 134217728 4 74274 1 0 0 17 20 0 0 0 0 0 93824998874888 93825001005840 93825001308160 140737488340073 140737488340470 140737488340470 140737488351179 0
/proc/1303249/statm: 6727 3403 2098 555 0 1769 0
[pid=1303253] ppid=1303249 vsize=126944 memory=118716 CPUtime=822.04 cores=20-21
/proc/1303253/stat : 1303253 (clingo) R 1303249 1303249 1303207 0 -1 0 49359 0 0 0 82195 9 0 0 20 0 1 0 922887802 129990656 29679 17179869184 93824992301056 93824992468925 140737488338416 0 0 0 134217728 4 25184771 0 0 0 17 20 0 0 0 0 0 93824992533936 93824992571272 93824992575488 140737488340183 140737488340354 140737488340354 140737488351170 0
/proc/1303253/statm: 31736 29679 2091 41 0 27815 0
Current children cumulated CPU time: 822.11 s
Current children cumulated vsize: 153852 KiB
Current children cumulated memory: 132328 KiB

[startup+882.3 s]
/proc/loadavg: 14.11 14.17 12.80 15/818 1303697
/proc/meminfo: memFree=347999180/528004516 swapFree=8388604/8388604
[pid=1303249] ppid=1303248 vsize=26908 memory=13612 CPUtime=0.07 cores=20-21
/proc/1303249/stat : 1303249 (perf) S 1303248 1303249 1303207 0 -1 0 1738 237 0 0 6 1 0 0 20 0 1 0 922887794 27553792 3403 17179869184 93824994299904 93824996572973 140737488338256 0 0 0 134217728 4 74274 1 0 0 17 20 0 0 0 0 0 93824998874888 93825001005840 93825001308160 140737488340073 140737488340470 140737488340470 140737488351179 0
/proc/1303249/statm: 6727 3403 2098 555 0 1769 0
[pid=1303253] ppid=1303249 vsize=130116 memory=121688 CPUtime=882.04 cores=20-21
/proc/1303253/stat : 1303253 (clingo) R 1303249 1303249 1303207 0 -1 0 51111 0 0 0 88194 10 0 0 20 0 1 0 922887802 133238784 30422 17179869184 93824992301056 93824992468925 140737488338416 0 0 0 134217728 4 25184771 0 0 0 17 20 0 0 0 0 0 93824992533936 93824992571272 93824992575488 140737488340183 140737488340354 140737488340354 140737488351170 0
/proc/1303253/statm: 32529 30422 2091 41 0 28608 0
Current children cumulated CPU time: 882.11 s
Current children cumulated vsize: 157024 KiB
Current children cumulated memory: 135300 KiB

[startup+942.3 s]
/proc/loadavg: 14.04 14.14 12.87 15/818 1303698
/proc/meminfo: memFree=347486864/528004516 swapFree=8388604/8388604
[pid=1303249] ppid=1303248 vsize=26908 memory=13612 CPUtime=0.07 cores=20-21
/proc/1303249/stat : 1303249 (perf) S 1303248 1303249 1303207 0 -1 0 1738 237 0 0 6 1 0 0 20 0 1 0 922887794 27553792 3403 17179869184 93824994299904 93824996572973 140737488338256 0 0 0 134217728 4 74274 1 0 0 17 20 0 0 0 0 0 93824998874888 93825001005840 93825001308160 140737488340073 140737488340470 140737488340470 140737488351179 0
/proc/1303249/statm: 6727 3403 2098 555 0 1769 0
[pid=1303253] ppid=1303249 vsize=134012 memory=125476 CPUtime=942.04 cores=20-21
/proc/1303253/stat : 1303253 (clingo) R 1303249 1303249 1303207 0 -1 0 54051 0 0 0 94193 11 0 0 20 0 1 0 922887802 137228288 31369 17179869184 93824992301056 93824992468925 140737488338416 0 0 0 134217728 4 25184771 0 0 0 17 20 0 0 0 0 0 93824992533936 93824992571272 93824992575488 140737488340183 140737488340354 140737488340354 140737488351170 0
/proc/1303253/statm: 33503 31369 2091 41 0 29582 0
Current children cumulated CPU time: 942.11 s
Current children cumulated vsize: 160920 KiB
Current children cumulated memory: 139088 KiB

[startup+1002.3 s]
/proc/loadavg: 14.80 14.29 13.01 15/817 1303700
/proc/meminfo: memFree=347271560/528004516 swapFree=8388604/8388604
[pid=1303249] ppid=1303248 vsize=26908 memory=13612 CPUtime=0.07 cores=20-21
/proc/1303249/stat : 1303249 (perf) S 1303248 1303249 1303207 0 -1 0 1738 237 0 0 6 1 0 0 20 0 1 0 922887794 27553792 3403 17179869184 93824994299904 93824996572973 140737488338256 0 0 0 134217728 4 74274 1 0 0 17 20 0 0 0 0 0 93824998874888 93825001005840 93825001308160 140737488340073 140737488340470 140737488340470 140737488351179 0
/proc/1303249/statm: 6727 3403 2098 555 0 1769 0
[pid=1303253] ppid=1303249 vsize=135596 memory=126796 CPUtime=1002.04 cores=20-21
/proc/1303253/stat : 1303253 (clingo) R 1303249 1303249 1303207 0 -1 0 56135 0 0 0 100192 12 0 0 20 0 1 0 922887802 138850304 31699 17179869184 93824992301056 93824992468925 140737488338416 0 0 0 134217728 4 25184771 0 0 0 17 20 0 0 0 0 0 93824992533936 93824992571272 93824992575488 140737488340183 140737488340354 140737488340354 140737488351170 0
/proc/1303253/statm: 33899 31699 2091 41 0 29978 0
Current children cumulated CPU time: 1002.11 s
Current children cumulated vsize: 162504 KiB
Current children cumulated memory: 140408 KiB

[startup+1062.3 s]
/proc/loadavg: 14.65 14.37 13.12 15/817 1303703
/proc/meminfo: memFree=347104052/528004516 swapFree=8388604/8388604
[pid=1303249] ppid=1303248 vsize=26908 memory=13612 CPUtime=0.07 cores=20-21
/proc/1303249/stat : 1303249 (perf) S 1303248 1303249 1303207 0 -1 0 1738 237 0 0 6 1 0 0 20 0 1 0 922887794 27553792 3403 17179869184 93824994299904 93824996572973 140737488338256 0 0 0 134217728 4 74274 1 0 0 17 20 0 0 0 0 0 93824998874888 93825001005840 93825001308160 140737488340073 140737488340470 140737488340470 140737488351179 0
/proc/1303249/statm: 6727 3403 2098 555 0 1769 0
[pid=1303253] ppid=1303249 vsize=137268 memory=128724 CPUtime=1062.04 cores=20-21
/proc/1303253/stat : 1303253 (clingo) R 1303249 1303249 1303207 0 -1 0 57157 0 0 0 106192 12 0 0 20 0 1 0 922887802 140562432 32181 17179869184 93824992301056 93824992468925 140737488338416 0 0 0 134217728 4 25184771 0 0 0 17 20 0 0 0 0 0 93824992533936 93824992571272 93824992575488 140737488340183 140737488340354 140737488340354 140737488351170 0
/proc/1303253/statm: 34317 32181 2091 41 0 30396 0
Current children cumulated CPU time: 1062.11 s
Current children cumulated vsize: 164176 KiB
Current children cumulated memory: 142336 KiB

[startup+1122.3 s]
/proc/loadavg: 14.24 14.30 13.18 15/818 1303706
/proc/meminfo: memFree=346901180/528004516 swapFree=8388604/8388604
[pid=1303249] ppid=1303248 vsize=26908 memory=13612 CPUtime=0.07 cores=20-21
/proc/1303249/stat : 1303249 (perf) S 1303248 1303249 1303207 0 -1 0 1738 237 0 0 6 1 0 0 20 0 1 0 922887794 27553792 3403 17179869184 93824994299904 93824996572973 140737488338256 0 0 0 134217728 4 74274 1 0 0 17 20 0 0 0 0 0 93824998874888 93825001005840 93825001308160 140737488340073 140737488340470 140737488340470 140737488351179 0
/proc/1303249/statm: 6727 3403 2098 555 0 1769 0
[pid=1303253] ppid=1303249 vsize=139480 memory=130624 CPUtime=1122.04 cores=20-21
/proc/1303253/stat : 1303253 (clingo) R 1303249 1303249 1303207 0 -1 0 58427 0 0 0 112191 13 0 0 20 0 1 0 922887802 142827520 32656 17179869184 93824992301056 93824992468925 140737488338416 0 0 0 134217728 4 25184771 0 0 0 17 20 0 0 0 0 0 93824992533936 93824992571272 93824992575488 140737488340183 140737488340354 140737488340354 140737488351170 0
/proc/1303253/statm: 34870 32656 2091 41 0 30949 0
Current children cumulated CPU time: 1122.11 s
Current children cumulated vsize: 166388 KiB
Current children cumulated memory: 144236 KiB

[startup+1182.3 s]
/proc/loadavg: 14.08 14.24 13.23 15/818 1303708
/proc/meminfo: memFree=346665564/528004516 swapFree=8388604/8388604
[pid=1303249] ppid=1303248 vsize=26908 memory=13612 CPUtime=0.07 cores=20-21
/proc/1303249/stat : 1303249 (perf) S 1303248 1303249 1303207 0 -1 0 1738 237 0 0 6 1 0 0 20 0 1 0 922887794 27553792 3403 17179869184 93824994299904 93824996572973 140737488338256 0 0 0 134217728 4 74274 1 0 0 17 20 0 0 0 0 0 93824998874888 93825001005840 93825001308160 140737488340073 140737488340470 140737488340470 140737488351179 0
/proc/1303249/statm: 6727 3403 2098 555 0 1769 0
[pid=1303253] ppid=1303249 vsize=141104 memory=132156 CPUtime=1182.04 cores=20-21
/proc/1303253/stat : 1303253 (clingo) R 1303249 1303249 1303207 0 -1 0 59178 0 0 0 118191 13 0 0 20 0 1 0 922887802 144490496 33039 17179869184 93824992301056 93824992468925 140737488338416 0 0 0 134217728 4 25184771 0 0 0 17 20 0 0 0 0 0 93824992533936 93824992571272 93824992575488 140737488340183 140737488340354 140737488340354 140737488351170 0
/proc/1303253/statm: 35276 33039 2091 41 0 31355 0
Current children cumulated CPU time: 1182.11 s
Current children cumulated vsize: 168012 KiB
Current children cumulated memory: 145768 KiB



Maximum wall clock time exceeded: sending SIGTERM then SIGKILL

[startup+1205 s]*
/proc/loadavg: 13.98 14.21 13.25 16/834 1305076
/proc/meminfo: memFree=365560484/528004516 swapFree=8388604/8388604
[pid=1303249] ppid=1303248 vsize=26908 memory=13612 CPUtime=0.07 cores=20-21
/proc/1303249/stat : 1303249 (perf) S 1303248 1303249 1303207 0 -1 0 1738 237 0 0 6 1 0 0 20 0 1 0 922887794 27553792 3403 17179869184 93824994299904 93824996572973 140737488338256 0 0 0 134217728 4 74274 1 0 0 17 20 0 0 0 0 0 93824998874888 93825001005840 93825001308160 140737488340073 140737488340470 140737488340470 140737488351179 0
/proc/1303249/statm: 6727 3403 2098 555 0 1769 0
[pid=1303253] ppid=1303249 vsize=140236 memory=131136 CPUtime=1204.76 cores=20-21
/proc/1303253/stat : 1303253 (clingo) R 1303249 1303249 1303207 0 -1 0 59295 0 0 0 120463 13 0 0 20 0 1 0 922887802 143601664 32784 17179869184 93824992301056 93824992468925 140737488338416 0 0 0 134217728 4 25184771 0 0 0 17 20 0 0 0 0 0 93824992533936 93824992571272 93824992575488 140737488340183 140737488340354 140737488340354 140737488351170 0
/proc/1303253/statm: 35059 32784 2091 41 0 31138 0
Current children cumulated CPU time: 1204.83 s
Current children cumulated vsize: 167144 KiB
Current children cumulated memory: 144748 KiB

Sending SIGINT to process tree (bottom up)
Sleeping 5 seconds

[startup+1205.03 s]
# the end of solver process 1303249 was just reported to runsolver
# cumulated CPU time of all completed processes:  user=1204.7 s, system=0.150865 s

Solver just ended.
??? end of watcher thread
Dumping a history of the last processes samples

Child status: 1
Real time (s): 1205.03
CPU time (s): 1204.85
CPU user time (s): 1204.7
CPU system time (s): 0.150865
CPU usage (%): 99.9857
Max. virtual memory (cumulated for all children) (KiB): 168704
Max. memory (cumulated for all children) (KiB): 146288

getrusage(RUSAGE_CHILDREN,...) data:
user time used= 1204.7
system time used= 0.150865
maximum resident set size= 132676
integral shared memory size= 0
integral unshared data size= 0
integral unshared stack size= 0
page reclaims= 61310
page faults= 0
swaps= 0
block input operations= 0
block output operations= 0
messages sent= 0
messages received= 0
signals received= 0
voluntary context switches= 17
involuntary context switches= 790


# summary of solver processes directly reported to runsolver:
#   pid: 1303249
#   total CPU time (s): 1204.85
#   total CPU user time (s): 1204.7
#   total CPU system time (s): 0.150865

??? end of timestamper thread
runsolver used 8.27638 second user time and 15.2802 second system time

The end
