runsolver version 3.4.0 (svn: 3018) Copyright (C) 2010-2013 Olivier ROUSSEL

This program is distributed in the hope that it will be useful,
but WITHOUT ANY WARRANTY; without even the implied warranty of
MERCHANTABILITY or FITNESS FOR A PARTICULAR PURPOSE.  See the
GNU General Public License for more details.

NUMA information:
  number of nodes: 2
  memory of node 0: 257635 MiB (188906 MiB free)
  memory of node 1: 257994 MiB (176179 MiB free)
  node distances:
     10  20
     20  10

command line: /dev/shm/375a8118-2e81-11f1-ac62-000c298f4621/input/runsolver -w /dev/shm/375a8118-2e81-11f1-ac62-000c298f4621/output/runsolver.log -v /dev/shm/375a8118-2e81-11f1-ac62-000c298f4621/output/varfile.log -W 1205 --rss-swap-limit 16384 -d 5 --sigint /usr/bin/perf stat -B -e task-clock,cache-references,cache-misses,cycles,instructions,branches,faults,migrations,context-switches -o /dev/shm/375a8118-2e81-11f1-ac62-000c298f4621/output/perf.log clingo /home/guests/mmacri/AMOSUM/benchmarks/GraphColouring/encoding-plain-amo.asp /dev/shm/375a8118-2e81-11f1-ac62-000c298f4621/input/0025-graph_colouring-135-0_5184.asp 

running on 2 cores: 10-11

Enforcing wall clock limit (soft limit, will send SIGTERM then SIGKILL): 1205 seconds
Enforcing RSS+Swap limit (soft limit, will send SIGTERM then SIGKILL): 16777216 KiB
Linux 5.15.0-131-generic
solver pid=1606680, runsolver pid=1606675
Current StackSize limit: 8192 KiB


[startup+0.100065 s]*
/proc/loadavg: 14.15 14.20 13.30 18/815 1606712
/proc/meminfo: memFree=373961304/528004520 swapFree=8388604/8388604
[pid=1606680] ppid=1606675 vsize=26908 memory=13612 CPUtime=0.07 cores=10-11
/proc/1606680/stat : 1606680 (perf) S 1606675 1606680 1606304 0 -1 0 1738 237 0 0 5 2 0 0 20 0 1 0 923003542 27553792 3403 17179869184 93824994299904 93824996572973 140737488338256 0 0 0 134217728 4 74274 1 0 0 17 10 0 0 0 0 0 93824998874888 93825001005840 93825001308160 140737488340073 140737488340470 140737488340470 140737488351179 0
/proc/1606680/statm: 6727 3403 2098 555 0 1769 0
[pid=1606708] ppid=1606680 vsize=18652 memory=10384 CPUtime=0.01 cores=10-11
/proc/1606708/stat : 1606708 (clingo) R 1606680 1606680 1606304 0 -1 0 815 0 0 0 1 0 0 0 20 0 1 0 923003550 19099648 2596 17179869184 93824992301056 93824992468925 140737488338416 0 0 0 134217728 4 25184771 0 0 0 17 11 0 0 0 0 0 93824992533936 93824992571272 93824992575488 140737488340183 140737488340354 140737488340354 140737488351170 0
/proc/1606708/statm: 4663 2596 2044 41 0 742 0
Current children cumulated CPU time: 0.08 s
Current children cumulated vsize: 45560 KiB
Current children cumulated memory: 23996 KiB

[startup+0.221903 s]*
/proc/loadavg: 14.15 14.20 13.30 20/823 1606720
/proc/meminfo: memFree=373914296/528004520 swapFree=8388604/8388604
[pid=1606680] ppid=1606675 vsize=26908 memory=13612 CPUtime=0.07 cores=10-11
/proc/1606680/stat : 1606680 (perf) S 1606675 1606680 1606304 0 -1 0 1738 237 0 0 5 2 0 0 20 0 1 0 923003542 27553792 3403 17179869184 93824994299904 93824996572973 140737488338256 0 0 0 134217728 4 74274 1 0 0 17 10 0 0 0 0 0 93824998874888 93825001005840 93825001308160 140737488340073 140737488340470 140737488340470 140737488351179 0
/proc/1606680/statm: 6727 3403 2098 555 0 1769 0
[pid=1606708] ppid=1606680 vsize=24256 memory=16120 CPUtime=0.13 cores=10-11
/proc/1606708/stat : 1606708 (clingo) R 1606680 1606680 1606304 0 -1 0 2283 0 0 0 13 0 0 0 20 0 1 0 923003550 24838144 4030 17179869184 93824992301056 93824992468925 140737488338416 0 0 0 134217728 4 25184771 0 0 0 17 11 0 0 0 0 0 93824992533936 93824992571272 93824992575488 140737488340183 140737488340354 140737488340354 140737488351170 0
/proc/1606708/statm: 6064 4030 2089 41 0 2143 0
Current children cumulated CPU time: 0.2 s
Current children cumulated vsize: 51164 KiB
Current children cumulated memory: 29732 KiB

[startup+0.334458 s]*
/proc/loadavg: 14.15 14.20 13.30 19/828 1606728
/proc/meminfo: memFree=373889124/528004520 swapFree=8388604/8388604
[pid=1606680] ppid=1606675 vsize=26908 memory=13612 CPUtime=0.07 cores=10-11
/proc/1606680/stat : 1606680 (perf) S 1606675 1606680 1606304 0 -1 0 1738 237 0 0 5 2 0 0 20 0 1 0 923003542 27553792 3403 17179869184 93824994299904 93824996572973 140737488338256 0 0 0 134217728 4 74274 1 0 0 17 10 0 0 0 0 0 93824998874888 93825001005840 93825001308160 140737488340073 140737488340470 140737488340470 140737488351179 0
/proc/1606680/statm: 6727 3403 2098 555 0 1769 0
[pid=1606708] ppid=1606680 vsize=25708 memory=17704 CPUtime=0.21 cores=10-11
/proc/1606708/stat : 1606708 (clingo) R 1606680 1606680 1606304 0 -1 0 2658 0 0 0 21 0 0 0 20 0 1 0 923003550 26324992 4426 17179869184 93824992301056 93824992468925 140737488338416 0 0 0 134217728 4 25184771 0 0 0 17 10 0 0 0 0 0 93824992533936 93824992571272 93824992575488 140737488340183 140737488340354 140737488340354 140737488351170 0
/proc/1606708/statm: 6427 4426 2089 41 0 2506 0
Current children cumulated CPU time: 0.28 s
Current children cumulated vsize: 52616 KiB
Current children cumulated memory: 31316 KiB

[startup+0.700335 s]
/proc/loadavg: 14.15 14.20 13.30 18/830 1606765
/proc/meminfo: memFree=373883616/528004520 swapFree=8388604/8388604
[pid=1606680] ppid=1606675 vsize=26908 memory=13612 CPUtime=0.07 cores=10-11
/proc/1606680/stat : 1606680 (perf) S 1606675 1606680 1606304 0 -1 0 1738 237 0 0 5 2 0 0 20 0 1 0 923003542 27553792 3403 17179869184 93824994299904 93824996572973 140737488338256 0 0 0 134217728 4 74274 1 0 0 17 10 0 0 0 0 0 93824998874888 93825001005840 93825001308160 140737488340073 140737488340470 140737488340470 140737488351179 0
/proc/1606680/statm: 6727 3403 2098 555 0 1769 0
[pid=1606708] ppid=1606680 vsize=28092 memory=20080 CPUtime=0.56 cores=10-11
/proc/1606708/stat : 1606708 (clingo) R 1606680 1606680 1606304 0 -1 0 3234 0 0 0 56 0 0 0 20 0 1 0 923003550 28766208 5020 17179869184 93824992301056 93824992468925 140737488338416 0 0 0 134217728 4 25184771 0 0 0 17 10 0 0 0 0 0 93824992533936 93824992571272 93824992575488 140737488340183 140737488340354 140737488340354 140737488351170 0
/proc/1606708/statm: 7023 5020 2089 41 0 3102 0
Current children cumulated CPU time: 0.63 s
Current children cumulated vsize: 55000 KiB
Current children cumulated memory: 33692 KiB

[startup+1.50033 s]
/proc/loadavg: 14.29 14.24 13.31 18/805 1606791
/proc/meminfo: memFree=373974628/528004520 swapFree=8388604/8388604
[pid=1606680] ppid=1606675 vsize=26908 memory=13612 CPUtime=0.07 cores=10-11
/proc/1606680/stat : 1606680 (perf) S 1606675 1606680 1606304 0 -1 0 1738 237 0 0 5 2 0 0 20 0 1 0 923003542 27553792 3403 17179869184 93824994299904 93824996572973 140737488338256 0 0 0 134217728 4 74274 1 0 0 17 10 0 0 0 0 0 93824998874888 93825001005840 93825001308160 140737488340073 140737488340470 140737488340470 140737488351179 0
/proc/1606680/statm: 6727 3403 2098 555 0 1769 0
[pid=1606708] ppid=1606680 vsize=30204 memory=22192 CPUtime=1.36 cores=10-11
/proc/1606708/stat : 1606708 (clingo) R 1606680 1606680 1606304 0 -1 0 3765 0 0 0 136 0 0 0 20 0 1 0 923003550 30928896 5548 17179869184 93824992301056 93824992468925 140737488338416 0 0 0 134217728 4 25184771 0 0 0 17 10 0 0 0 0 0 93824992533936 93824992571272 93824992575488 140737488340183 140737488340354 140737488340354 140737488351170 0
/proc/1606708/statm: 7551 5548 2089 41 0 3630 0
Current children cumulated CPU time: 1.43 s
Current children cumulated vsize: 57112 KiB
Current children cumulated memory: 35804 KiB

[startup+3.11936 s]
/proc/loadavg: 14.29 14.24 13.31 15/832 1607270
/proc/meminfo: memFree=374030532/528004520 swapFree=8388604/8388604
[pid=1606680] ppid=1606675 vsize=26908 memory=13612 CPUtime=0.07 cores=10-11
/proc/1606680/stat : 1606680 (perf) S 1606675 1606680 1606304 0 -1 0 1738 237 0 0 5 2 0 0 20 0 1 0 923003542 27553792 3403 17179869184 93824994299904 93824996572973 140737488338256 0 0 0 134217728 4 74274 1 0 0 17 10 0 0 0 0 0 93824998874888 93825001005840 93825001308160 140737488340073 140737488340470 140737488340470 140737488351179 0
/proc/1606680/statm: 6727 3403 2098 555 0 1769 0
[pid=1606708] ppid=1606680 vsize=32396 memory=24508 CPUtime=2.98 cores=10-11
/proc/1606708/stat : 1606708 (clingo) R 1606680 1606680 1606304 0 -1 0 4478 0 0 0 298 0 0 0 20 0 1 0 923003550 33173504 6127 17179869184 93824992301056 93824992468925 140737488338416 0 0 0 134217728 4 25184771 0 0 0 17 10 0 0 0 0 0 93824992533936 93824992571272 93824992575488 140737488340183 140737488340354 140737488340354 140737488351170 0
/proc/1606708/statm: 8099 6127 2089 41 0 4178 0
Current children cumulated CPU time: 3.05 s
Current children cumulated vsize: 59304 KiB
Current children cumulated memory: 38120 KiB

[startup+6.30029 s]
/proc/loadavg: 14.27 14.23 13.31 16/832 1607385
/proc/meminfo: memFree=374064628/528004520 swapFree=8388604/8388604
[pid=1606680] ppid=1606675 vsize=26908 memory=13612 CPUtime=0.07 cores=10-11
/proc/1606680/stat : 1606680 (perf) S 1606675 1606680 1606304 0 -1 0 1738 237 0 0 5 2 0 0 20 0 1 0 923003542 27553792 3403 17179869184 93824994299904 93824996572973 140737488338256 0 0 0 134217728 4 74274 1 0 0 17 10 0 0 0 0 0 93824998874888 93825001005840 93825001308160 140737488340073 140737488340470 140737488340470 140737488351179 0
/proc/1606680/statm: 6727 3403 2098 555 0 1769 0
[pid=1606708] ppid=1606680 vsize=36256 memory=27936 CPUtime=6.16 cores=10-11
/proc/1606708/stat : 1606708 (clingo) R 1606680 1606680 1606304 0 -1 0 5381 0 0 0 615 1 0 0 20 0 1 0 923003550 37126144 6984 17179869184 93824992301056 93824992468925 140737488338416 0 0 0 134217728 4 25184771 0 0 0 17 10 0 0 0 0 0 93824992533936 93824992571272 93824992575488 140737488340183 140737488340354 140737488340354 140737488351170 0
/proc/1606708/statm: 9064 6984 2089 41 0 5143 0
Current children cumulated CPU time: 6.23 s
Current children cumulated vsize: 63164 KiB
Current children cumulated memory: 41548 KiB

[startup+12.7003 s]
/proc/loadavg: 14.25 14.23 13.32 16/833 1607592
/proc/meminfo: memFree=374007920/528004520 swapFree=8388604/8388604
[pid=1606680] ppid=1606675 vsize=26908 memory=13612 CPUtime=0.07 cores=10-11
/proc/1606680/stat : 1606680 (perf) S 1606675 1606680 1606304 0 -1 0 1738 237 0 0 5 2 0 0 20 0 1 0 923003542 27553792 3403 17179869184 93824994299904 93824996572973 140737488338256 0 0 0 134217728 4 74274 1 0 0 17 10 0 0 0 0 0 93824998874888 93825001005840 93825001308160 140737488340073 140737488340470 140737488340470 140737488351179 0
/proc/1606680/statm: 6727 3403 2098 555 0 1769 0
[pid=1606708] ppid=1606680 vsize=40508 memory=31896 CPUtime=12.55 cores=10-11
/proc/1606708/stat : 1606708 (clingo) R 1606680 1606680 1606304 0 -1 0 6391 0 0 0 1254 1 0 0 20 0 1 0 923003550 41480192 7974 17179869184 93824992301056 93824992468925 140737488338416 0 0 0 134217728 4 25184771 0 0 0 17 10 0 0 0 0 0 93824992533936 93824992571272 93824992575488 140737488340183 140737488340354 140737488340354 140737488351170 0
/proc/1606708/statm: 10127 7974 2089 41 0 6206 0
Current children cumulated CPU time: 12.62 s
Current children cumulated vsize: 67416 KiB
Current children cumulated memory: 45508 KiB

[startup+25.5004 s]
/proc/loadavg: 14.21 14.22 13.33 16/833 1607592
/proc/meminfo: memFree=373923968/528004520 swapFree=8388604/8388604
[pid=1606680] ppid=1606675 vsize=26908 memory=13612 CPUtime=0.07 cores=10-11
/proc/1606680/stat : 1606680 (perf) S 1606675 1606680 1606304 0 -1 0 1738 237 0 0 5 2 0 0 20 0 1 0 923003542 27553792 3403 17179869184 93824994299904 93824996572973 140737488338256 0 0 0 134217728 4 74274 1 0 0 17 10 0 0 0 0 0 93824998874888 93825001005840 93825001308160 140737488340073 140737488340470 140737488340470 140737488351179 0
/proc/1606680/statm: 6727 3403 2098 555 0 1769 0
[pid=1606708] ppid=1606680 vsize=45444 memory=36648 CPUtime=25.35 cores=10-11
/proc/1606708/stat : 1606708 (clingo) R 1606680 1606680 1606304 0 -1 0 7518 0 0 0 2534 1 0 0 20 0 1 0 923003550 46534656 9162 17179869184 93824992301056 93824992468925 140737488338416 0 0 0 134217728 4 25184771 0 0 0 17 10 0 0 0 0 0 93824992533936 93824992571272 93824992575488 140737488340183 140737488340354 140737488340354 140737488351170 0
/proc/1606708/statm: 11361 9162 2089 41 0 7440 0
Current children cumulated CPU time: 25.42 s
Current children cumulated vsize: 72352 KiB
Current children cumulated memory: 50260 KiB

[startup+51.1194 s]
/proc/loadavg: 14.13 14.20 13.35 16/833 1607593
/proc/meminfo: memFree=373822984/528004520 swapFree=8388604/8388604
[pid=1606680] ppid=1606675 vsize=26908 memory=13612 CPUtime=0.07 cores=10-11
/proc/1606680/stat : 1606680 (perf) S 1606675 1606680 1606304 0 -1 0 1738 237 0 0 5 2 0 0 20 0 1 0 923003542 27553792 3403 17179869184 93824994299904 93824996572973 140737488338256 0 0 0 134217728 4 74274 1 0 0 17 10 0 0 0 0 0 93824998874888 93825001005840 93825001308160 140737488340073 140737488340470 140737488340470 140737488351179 0
/proc/1606680/statm: 6727 3403 2098 555 0 1769 0
[pid=1606708] ppid=1606680 vsize=51100 memory=41664 CPUtime=50.97 cores=10-11
/proc/1606708/stat : 1606708 (clingo) R 1606680 1606680 1606304 0 -1 0 8807 0 0 0 5096 1 0 0 20 0 1 0 923003550 52326400 10416 17179869184 93824992301056 93824992468925 140737488338416 0 0 0 134217728 4 25184771 0 0 0 17 10 0 0 0 0 0 93824992533936 93824992571272 93824992575488 140737488340183 140737488340354 140737488340354 140737488351170 0
/proc/1606708/statm: 12775 10416 2089 41 0 8854 0
Current children cumulated CPU time: 51.04 s
Current children cumulated vsize: 78008 KiB
Current children cumulated memory: 55276 KiB

[startup+102.3 s]
/proc/loadavg: 14.12 14.18 13.39 16/834 1607640
/proc/meminfo: memFree=373689420/528004520 swapFree=8388604/8388604
[pid=1606680] ppid=1606675 vsize=26908 memory=13612 CPUtime=0.07 cores=10-11
/proc/1606680/stat : 1606680 (perf) S 1606675 1606680 1606304 0 -1 0 1738 237 0 0 5 2 0 0 20 0 1 0 923003542 27553792 3403 17179869184 93824994299904 93824996572973 140737488338256 0 0 0 134217728 4 74274 1 0 0 17 10 0 0 0 0 0 93824998874888 93825001005840 93825001308160 140737488340073 140737488340470 140737488340470 140737488351179 0
/proc/1606680/statm: 6727 3403 2098 555 0 1769 0
[pid=1606708] ppid=1606680 vsize=61144 memory=50904 CPUtime=102.15 cores=10-11
/proc/1606708/stat : 1606708 (clingo) R 1606680 1606680 1606304 0 -1 0 11119 0 0 0 10213 2 0 0 20 0 1 0 923003550 62611456 12726 17179869184 93824992301056 93824992468925 140737488338416 0 0 0 134217728 4 25184771 0 0 0 17 10 0 0 0 0 0 93824992533936 93824992571272 93824992575488 140737488340183 140737488340354 140737488340354 140737488351170 0
/proc/1606708/statm: 15286 12726 2089 41 0 11365 0
Current children cumulated CPU time: 102.22 s
Current children cumulated vsize: 88052 KiB
Current children cumulated memory: 64516 KiB

[startup+162.3 s]
/proc/loadavg: 14.04 14.14 13.43 16/834 1607643
/proc/meminfo: memFree=373583172/528004520 swapFree=8388604/8388604
[pid=1606680] ppid=1606675 vsize=26908 memory=13612 CPUtime=0.07 cores=10-11
/proc/1606680/stat : 1606680 (perf) S 1606675 1606680 1606304 0 -1 0 1738 237 0 0 5 2 0 0 20 0 1 0 923003542 27553792 3403 17179869184 93824994299904 93824996572973 140737488338256 0 0 0 134217728 4 74274 1 0 0 17 10 0 0 0 0 0 93824998874888 93825001005840 93825001308160 140737488340073 140737488340470 140737488340470 140737488351179 0
/proc/1606680/statm: 6727 3403 2098 555 0 1769 0
[pid=1606708] ppid=1606680 vsize=71696 memory=60408 CPUtime=162.15 cores=10-11
/proc/1606708/stat : 1606708 (clingo) R 1606680 1606680 1606304 0 -1 0 13479 0 0 0 16213 2 0 0 20 0 1 0 923003550 73416704 15102 17179869184 93824992301056 93824992468925 140737488338416 0 0 0 134217728 4 25184771 0 0 0 17 10 0 0 0 0 0 93824992533936 93824992571272 93824992575488 140737488340183 140737488340354 140737488340354 140737488351170 0
/proc/1606708/statm: 17924 15102 2089 41 0 14003 0
Current children cumulated CPU time: 162.22 s
Current children cumulated vsize: 98604 KiB
Current children cumulated memory: 74020 KiB

[startup+222.3 s]
/proc/loadavg: 14.08 14.13 13.48 16/834 1607646
/proc/meminfo: memFree=373493384/528004520 swapFree=8388604/8388604
[pid=1606680] ppid=1606675 vsize=26908 memory=13612 CPUtime=0.07 cores=10-11
/proc/1606680/stat : 1606680 (perf) S 1606675 1606680 1606304 0 -1 0 1738 237 0 0 5 2 0 0 20 0 1 0 923003542 27553792 3403 17179869184 93824994299904 93824996572973 140737488338256 0 0 0 134217728 4 74274 1 0 0 17 10 0 0 0 0 0 93824998874888 93825001005840 93825001308160 140737488340073 140737488340470 140737488340470 140737488351179 0
/proc/1606680/statm: 6727 3403 2098 555 0 1769 0
[pid=1606708] ppid=1606680 vsize=78652 memory=67008 CPUtime=222.16 cores=10-11
/proc/1606708/stat : 1606708 (clingo) R 1606680 1606680 1606304 0 -1 0 15137 0 0 0 22213 3 0 0 20 0 1 0 923003550 80539648 16752 17179869184 93824992301056 93824992468925 140737488338416 0 0 0 134217728 4 25184771 0 0 0 17 10 0 0 0 0 0 93824992533936 93824992571272 93824992575488 140737488340183 140737488340354 140737488340354 140737488351170 0
/proc/1606708/statm: 19663 16752 2089 41 0 15742 0
Current children cumulated CPU time: 222.23 s
Current children cumulated vsize: 105560 KiB
Current children cumulated memory: 80620 KiB

[startup+282.3 s]
/proc/loadavg: 14.32 14.18 13.54 16/834 1607649
/proc/meminfo: memFree=373410244/528004520 swapFree=8388604/8388604
[pid=1606680] ppid=1606675 vsize=26908 memory=13612 CPUtime=0.07 cores=10-11
/proc/1606680/stat : 1606680 (perf) S 1606675 1606680 1606304 0 -1 0 1738 237 0 0 5 2 0 0 20 0 1 0 923003542 27553792 3403 17179869184 93824994299904 93824996572973 140737488338256 0 0 0 134217728 4 74274 1 0 0 17 10 0 0 0 0 0 93824998874888 93825001005840 93825001308160 140737488340073 140737488340470 140737488340470 140737488351179 0
/proc/1606680/statm: 6727 3403 2098 555 0 1769 0
[pid=1606708] ppid=1606680 vsize=82760 memory=70704 CPUtime=282.15 cores=10-11
/proc/1606708/stat : 1606708 (clingo) R 1606680 1606680 1606304 0 -1 0 16055 0 0 0 28212 3 0 0 20 0 1 0 923003550 84746240 17676 17179869184 93824992301056 93824992468925 140737488338416 0 0 0 134217728 4 25184771 0 0 0 17 10 0 0 0 0 0 93824992533936 93824992571272 93824992575488 140737488340183 140737488340354 140737488340354 140737488351170 0
/proc/1606708/statm: 20690 17676 2089 41 0 16769 0
Current children cumulated CPU time: 282.22 s
Current children cumulated vsize: 109668 KiB
Current children cumulated memory: 84316 KiB

[startup+342.3 s]
/proc/loadavg: 14.34 14.22 13.60 16/810 1607654
/proc/meminfo: memFree=373339528/528004520 swapFree=8388604/8388604
[pid=1606680] ppid=1606675 vsize=26908 memory=13612 CPUtime=0.07 cores=10-11
/proc/1606680/stat : 1606680 (perf) S 1606675 1606680 1606304 0 -1 0 1738 237 0 0 5 2 0 0 20 0 1 0 923003542 27553792 3403 17179869184 93824994299904 93824996572973 140737488338256 0 0 0 134217728 4 74274 1 0 0 17 10 0 0 0 0 0 93824998874888 93825001005840 93825001308160 140737488340073 140737488340470 140737488340470 140737488351179 0
/proc/1606680/statm: 6727 3403 2098 555 0 1769 0
[pid=1606708] ppid=1606680 vsize=87896 memory=75456 CPUtime=342.16 cores=10-11
/proc/1606708/stat : 1606708 (clingo) R 1606680 1606680 1606304 0 -1 0 17268 0 0 0 34212 4 0 0 20 0 1 0 923003550 90005504 18864 17179869184 93824992301056 93824992468925 140737488338416 0 0 0 134217728 4 25184771 0 0 0 17 10 0 0 0 0 0 93824992533936 93824992571272 93824992575488 140737488340183 140737488340354 140737488340354 140737488351170 0
/proc/1606708/statm: 21974 18864 2089 41 0 18053 0
Current children cumulated CPU time: 342.23 s
Current children cumulated vsize: 114804 KiB
Current children cumulated memory: 89068 KiB

[startup+402.3 s]
/proc/loadavg: 14.12 14.18 13.62 16/807 1607656
/proc/meminfo: memFree=373274828/528004520 swapFree=8388604/8388604
[pid=1606680] ppid=1606675 vsize=26908 memory=13612 CPUtime=0.07 cores=10-11
/proc/1606680/stat : 1606680 (perf) S 1606675 1606680 1606304 0 -1 0 1738 237 0 0 5 2 0 0 20 0 1 0 923003542 27553792 3403 17179869184 93824994299904 93824996572973 140737488338256 0 0 0 134217728 4 74274 1 0 0 17 10 0 0 0 0 0 93824998874888 93825001005840 93825001308160 140737488340073 140737488340470 140737488340470 140737488351179 0
/proc/1606680/statm: 6727 3403 2098 555 0 1769 0
[pid=1606708] ppid=1606680 vsize=91500 memory=78888 CPUtime=402.15 cores=10-11
/proc/1606708/stat : 1606708 (clingo) R 1606680 1606680 1606304 0 -1 0 18076 0 0 0 40211 4 0 0 20 0 1 0 923003550 93696000 19722 17179869184 93824992301056 93824992468925 140737488338416 0 0 0 134217728 4 25184771 0 0 0 17 10 0 0 0 0 0 93824992533936 93824992571272 93824992575488 140737488340183 140737488340354 140737488340354 140737488351170 0
/proc/1606708/statm: 22875 19722 2089 41 0 18954 0
Current children cumulated CPU time: 402.22 s
Current children cumulated vsize: 118408 KiB
Current children cumulated memory: 92500 KiB

[startup+462.3 s]
/proc/loadavg: 14.12 14.16 13.66 16/808 1607660
/proc/meminfo: memFree=373219672/528004520 swapFree=8388604/8388604
[pid=1606680] ppid=1606675 vsize=26908 memory=13612 CPUtime=0.07 cores=10-11
/proc/1606680/stat : 1606680 (perf) S 1606675 1606680 1606304 0 -1 0 1738 237 0 0 5 2 0 0 20 0 1 0 923003542 27553792 3403 17179869184 93824994299904 93824996572973 140737488338256 0 0 0 134217728 4 74274 1 0 0 17 10 0 0 0 0 0 93824998874888 93825001005840 93825001308160 140737488340073 140737488340470 140737488340470 140737488351179 0
/proc/1606680/statm: 6727 3403 2098 555 0 1769 0
[pid=1606708] ppid=1606680 vsize=99088 memory=85224 CPUtime=462.16 cores=10-11
/proc/1606708/stat : 1606708 (clingo) R 1606680 1606680 1606304 0 -1 0 19686 0 0 0 46211 5 0 0 20 0 1 0 923003550 101466112 21306 17179869184 93824992301056 93824992468925 140737488338416 0 0 0 134217728 4 25184771 0 0 0 17 10 0 0 0 0 0 93824992533936 93824992571272 93824992575488 140737488340183 140737488340354 140737488340354 140737488351170 0
/proc/1606708/statm: 24772 21306 2089 41 0 20851 0
Current children cumulated CPU time: 462.23 s
Current children cumulated vsize: 125996 KiB
Current children cumulated memory: 98836 KiB

[startup+522.3 s]
/proc/loadavg: 14.04 14.13 13.68 16/808 1607664
/proc/meminfo: memFree=373186216/528004520 swapFree=8388604/8388604
[pid=1606680] ppid=1606675 vsize=26908 memory=13612 CPUtime=0.07 cores=10-11
/proc/1606680/stat : 1606680 (perf) S 1606675 1606680 1606304 0 -1 0 1738 237 0 0 5 2 0 0 20 0 1 0 923003542 27553792 3403 17179869184 93824994299904 93824996572973 140737488338256 0 0 0 134217728 4 74274 1 0 0 17 10 0 0 0 0 0 93824998874888 93825001005840 93825001308160 140737488340073 140737488340470 140737488340470 140737488351179 0
/proc/1606680/statm: 6727 3403 2098 555 0 1769 0
[pid=1606708] ppid=1606680 vsize=105156 memory=90240 CPUtime=522.15 cores=10-11
/proc/1606708/stat : 1606708 (clingo) R 1606680 1606680 1606304 0 -1 0 20954 0 0 0 52210 5 0 0 20 0 1 0 923003550 107679744 22560 17179869184 93824992301056 93824992468925 140737488338416 0 0 0 134217728 4 25184771 0 0 0 17 10 0 0 0 0 0 93824992533936 93824992571272 93824992575488 140737488340183 140737488340354 140737488340354 140737488351170 0
/proc/1606708/statm: 26289 22560 2089 41 0 22368 0
Current children cumulated CPU time: 522.22 s
Current children cumulated vsize: 132064 KiB
Current children cumulated memory: 103852 KiB

[startup+582.3 s]
/proc/loadavg: 14.01 14.10 13.70 16/808 1607668
/proc/meminfo: memFree=373135352/528004520 swapFree=8388604/8388604
[pid=1606680] ppid=1606675 vsize=26908 memory=13612 CPUtime=0.07 cores=10-11
/proc/1606680/stat : 1606680 (perf) S 1606675 1606680 1606304 0 -1 0 1738 237 0 0 5 2 0 0 20 0 1 0 923003542 27553792 3403 17179869184 93824994299904 93824996572973 140737488338256 0 0 0 134217728 4 74274 1 0 0 17 10 0 0 0 0 0 93824998874888 93825001005840 93825001308160 140737488340073 140737488340470 140737488340470 140737488351179 0
/proc/1606680/statm: 6727 3403 2098 555 0 1769 0
[pid=1606708] ppid=1606680 vsize=105480 memory=90768 CPUtime=582.15 cores=10-11
/proc/1606708/stat : 1606708 (clingo) R 1606680 1606680 1606304 0 -1 0 21105 0 0 0 58210 5 0 0 20 0 1 0 923003550 108011520 22692 17179869184 93824992301056 93824992468925 140737488338416 0 0 0 134217728 4 25184771 0 0 0 17 10 0 0 0 0 0 93824992533936 93824992571272 93824992575488 140737488340183 140737488340354 140737488340354 140737488351170 0
/proc/1606708/statm: 26370 22692 2089 41 0 22449 0
Current children cumulated CPU time: 582.22 s
Current children cumulated vsize: 132388 KiB
Current children cumulated memory: 104380 KiB

[startup+642.3 s]
/proc/loadavg: 15.83 14.57 13.89 16/808 1607671
/proc/meminfo: memFree=373094320/528004520 swapFree=8388604/8388604
[pid=1606680] ppid=1606675 vsize=26908 memory=13612 CPUtime=0.07 cores=10-11
/proc/1606680/stat : 1606680 (perf) S 1606675 1606680 1606304 0 -1 0 1738 237 0 0 5 2 0 0 20 0 1 0 923003542 27553792 3403 17179869184 93824994299904 93824996572973 140737488338256 0 0 0 134217728 4 74274 1 0 0 17 10 0 0 0 0 0 93824998874888 93825001005840 93825001308160 140737488340073 140737488340470 140737488340470 140737488351179 0
/proc/1606680/statm: 6727 3403 2098 555 0 1769 0
[pid=1606708] ppid=1606680 vsize=108740 memory=94200 CPUtime=642.16 cores=10-11
/proc/1606708/stat : 1606708 (clingo) R 1606680 1606680 1606304 0 -1 0 21925 0 0 0 64210 6 0 0 20 0 1 0 923003550 111349760 23550 17179869184 93824992301056 93824992468925 140737488338416 0 0 0 134217728 4 25184771 0 0 0 17 10 0 0 0 0 0 93824992533936 93824992571272 93824992575488 140737488340183 140737488340354 140737488340354 140737488351170 0
/proc/1606708/statm: 27185 23550 2089 41 0 23264 0
Current children cumulated CPU time: 642.23 s
Current children cumulated vsize: 135648 KiB
Current children cumulated memory: 107812 KiB

[startup+702.3 s]
/proc/loadavg: 15.03 14.57 13.93 16/809 1607675
/proc/meminfo: memFree=373054488/528004520 swapFree=8388604/8388604
[pid=1606680] ppid=1606675 vsize=26908 memory=13612 CPUtime=0.07 cores=10-11
/proc/1606680/stat : 1606680 (perf) S 1606675 1606680 1606304 0 -1 0 1738 237 0 0 5 2 0 0 20 0 1 0 923003542 27553792 3403 17179869184 93824994299904 93824996572973 140737488338256 0 0 0 134217728 4 74274 1 0 0 17 10 0 0 0 0 0 93824998874888 93825001005840 93825001308160 140737488340073 140737488340470 140737488340470 140737488351179 0
/proc/1606680/statm: 6727 3403 2098 555 0 1769 0
[pid=1606708] ppid=1606680 vsize=115240 memory=100272 CPUtime=702.15 cores=10-11
/proc/1606708/stat : 1606708 (clingo) R 1606680 1606680 1606304 0 -1 0 23470 0 0 0 70209 6 0 0 20 0 1 0 923003550 118005760 25068 17179869184 93824992301056 93824992468925 140737488338416 0 0 0 134217728 4 25184771 0 0 0 17 10 0 0 0 0 0 93824992533936 93824992571272 93824992575488 140737488340183 140737488340354 140737488340354 140737488351170 0
/proc/1606708/statm: 28810 25068 2089 41 0 24889 0
Current children cumulated CPU time: 702.22 s
Current children cumulated vsize: 142148 KiB
Current children cumulated memory: 113884 KiB

[startup+762.3 s]
/proc/loadavg: 14.58 14.54 13.97 16/809 1607677
/proc/meminfo: memFree=373005380/528004520 swapFree=8388604/8388604
[pid=1606680] ppid=1606675 vsize=26908 memory=13612 CPUtime=0.07 cores=10-11
/proc/1606680/stat : 1606680 (perf) S 1606675 1606680 1606304 0 -1 0 1738 237 0 0 5 2 0 0 20 0 1 0 923003542 27553792 3403 17179869184 93824994299904 93824996572973 140737488338256 0 0 0 134217728 4 74274 1 0 0 17 10 0 0 0 0 0 93824998874888 93825001005840 93825001308160 140737488340073 140737488340470 140737488340470 140737488351179 0
/proc/1606680/statm: 6727 3403 2098 555 0 1769 0
[pid=1606708] ppid=1606680 vsize=118912 memory=103704 CPUtime=762.15 cores=10-11
/proc/1606708/stat : 1606708 (clingo) R 1606680 1606680 1606304 0 -1 0 24335 0 0 0 76209 6 0 0 20 0 1 0 923003550 121765888 25926 17179869184 93824992301056 93824992468925 140737488338416 0 0 0 134217728 4 25184771 0 0 0 17 10 0 0 0 0 0 93824992533936 93824992571272 93824992575488 140737488340183 140737488340354 140737488340354 140737488351170 0
/proc/1606708/statm: 29728 25926 2089 41 0 25807 0
Current children cumulated CPU time: 762.22 s
Current children cumulated vsize: 145820 KiB
Current children cumulated memory: 117316 KiB

[startup+822.3 s]
/proc/loadavg: 14.25 14.45 13.98 16/809 1607680
/proc/meminfo: memFree=372972196/528004520 swapFree=8388604/8388604
[pid=1606680] ppid=1606675 vsize=26908 memory=13612 CPUtime=0.07 cores=10-11
/proc/1606680/stat : 1606680 (perf) S 1606675 1606680 1606304 0 -1 0 1738 237 0 0 5 2 0 0 20 0 1 0 923003542 27553792 3403 17179869184 93824994299904 93824996572973 140737488338256 0 0 0 134217728 4 74274 1 0 0 17 10 0 0 0 0 0 93824998874888 93825001005840 93825001308160 140737488340073 140737488340470 140737488340470 140737488351179 0
/proc/1606680/statm: 6727 3403 2098 555 0 1769 0
[pid=1606708] ppid=1606680 vsize=122476 memory=107252 CPUtime=822.15 cores=10-11
/proc/1606708/stat : 1606708 (clingo) R 1606680 1606680 1606304 0 -1 0 25274 0 0 0 82209 6 0 0 20 0 1 0 923003550 125415424 26813 17179869184 93824992301056 93824992468925 140737488338416 0 0 0 134217728 4 25184771 0 0 0 17 10 0 0 0 0 0 93824992533936 93824992571272 93824992575488 140737488340183 140737488340354 140737488340354 140737488351170 0
/proc/1606708/statm: 30619 26813 2089 41 0 26698 0
Current children cumulated CPU time: 822.22 s
Current children cumulated vsize: 149384 KiB
Current children cumulated memory: 120864 KiB

[startup+882.3 s]
/proc/loadavg: 14.13 14.38 13.99 16/809 1607683
/proc/meminfo: memFree=372928128/528004520 swapFree=8388604/8388604
[pid=1606680] ppid=1606675 vsize=26908 memory=13612 CPUtime=0.07 cores=10-11
/proc/1606680/stat : 1606680 (perf) S 1606675 1606680 1606304 0 -1 0 1738 237 0 0 5 2 0 0 20 0 1 0 923003542 27553792 3403 17179869184 93824994299904 93824996572973 140737488338256 0 0 0 134217728 4 74274 1 0 0 17 10 0 0 0 0 0 93824998874888 93825001005840 93825001308160 140737488340073 140737488340470 140737488340470 140737488351179 0
/proc/1606680/statm: 6727 3403 2098 555 0 1769 0
[pid=1606708] ppid=1606680 vsize=126100 memory=110948 CPUtime=882.15 cores=10-11
/proc/1606708/stat : 1606708 (clingo) R 1606680 1606680 1606304 0 -1 0 26178 0 0 0 88208 7 0 0 20 0 1 0 923003550 129126400 27737 17179869184 93824992301056 93824992468925 140737488338416 0 0 0 134217728 4 25184771 0 0 0 17 10 0 0 0 0 0 93824992533936 93824992571272 93824992575488 140737488340183 140737488340354 140737488340354 140737488351170 0
/proc/1606708/statm: 31525 27737 2089 41 0 27604 0
Current children cumulated CPU time: 882.22 s
Current children cumulated vsize: 153008 KiB
Current children cumulated memory: 124560 KiB

[startup+942.3 s]
/proc/loadavg: 14.04 14.31 13.99 16/809 1607687
/proc/meminfo: memFree=372889352/528004520 swapFree=8388604/8388604
[pid=1606680] ppid=1606675 vsize=26908 memory=13612 CPUtime=0.07 cores=10-11
/proc/1606680/stat : 1606680 (perf) S 1606675 1606680 1606304 0 -1 0 1738 237 0 0 5 2 0 0 20 0 1 0 923003542 27553792 3403 17179869184 93824994299904 93824996572973 140737488338256 0 0 0 134217728 4 74274 1 0 0 17 10 0 0 0 0 0 93824998874888 93825001005840 93825001308160 140737488340073 140737488340470 140737488340470 140737488351179 0
/proc/1606680/statm: 6727 3403 2098 555 0 1769 0
[pid=1606708] ppid=1606680 vsize=127540 memory=112268 CPUtime=942.15 cores=10-11
/proc/1606708/stat : 1606708 (clingo) R 1606680 1606680 1606304 0 -1 0 26546 0 0 0 94208 7 0 0 20 0 1 0 923003550 130600960 28067 17179869184 93824992301056 93824992468925 140737488338416 0 0 0 134217728 4 25184771 0 0 0 17 10 0 0 0 0 0 93824992533936 93824992571272 93824992575488 140737488340183 140737488340354 140737488340354 140737488351170 0
/proc/1606708/statm: 31885 28067 2089 41 0 27964 0
Current children cumulated CPU time: 942.22 s
Current children cumulated vsize: 154448 KiB
Current children cumulated memory: 125880 KiB

[startup+1002.3 s]
/proc/loadavg: 14.26 14.33 14.02 16/807 1607690
/proc/meminfo: memFree=372846040/528004520 swapFree=8388604/8388604
[pid=1606680] ppid=1606675 vsize=26908 memory=13612 CPUtime=0.07 cores=10-11
/proc/1606680/stat : 1606680 (perf) S 1606675 1606680 1606304 0 -1 0 1738 237 0 0 5 2 0 0 20 0 1 0 923003542 27553792 3403 17179869184 93824994299904 93824996572973 140737488338256 0 0 0 134217728 4 74274 1 0 0 17 10 0 0 0 0 0 93824998874888 93825001005840 93825001308160 140737488340073 140737488340470 140737488340470 140737488351179 0
/proc/1606680/statm: 6727 3403 2098 555 0 1769 0
[pid=1606708] ppid=1606680 vsize=130224 memory=114908 CPUtime=1002.15 cores=10-11
/proc/1606708/stat : 1606708 (clingo) R 1606680 1606680 1606304 0 -1 0 27210 0 0 0 100208 7 0 0 20 0 1 0 923003550 133349376 28727 17179869184 93824992301056 93824992468925 140737488338416 0 0 0 134217728 4 25184771 0 0 0 17 10 0 0 0 0 0 93824992533936 93824992571272 93824992575488 140737488340183 140737488340354 140737488340354 140737488351170 0
/proc/1606708/statm: 32556 28727 2089 41 0 28635 0
Current children cumulated CPU time: 1002.22 s
Current children cumulated vsize: 157132 KiB
Current children cumulated memory: 128520 KiB

[startup+1062.3 s]
/proc/loadavg: 14.33 14.33 14.04 16/808 1607693
/proc/meminfo: memFree=372808732/528004520 swapFree=8388604/8388604
[pid=1606680] ppid=1606675 vsize=26908 memory=13612 CPUtime=0.07 cores=10-11
/proc/1606680/stat : 1606680 (perf) S 1606675 1606680 1606304 0 -1 0 1738 237 0 0 5 2 0 0 20 0 1 0 923003542 27553792 3403 17179869184 93824994299904 93824996572973 140737488338256 0 0 0 134217728 4 74274 1 0 0 17 10 0 0 0 0 0 93824998874888 93825001005840 93825001308160 140737488340073 140737488340470 140737488340470 140737488351179 0
/proc/1606680/statm: 6727 3403 2098 555 0 1769 0
[pid=1606708] ppid=1606680 vsize=134444 memory=118604 CPUtime=1062.15 cores=10-11
/proc/1606708/stat : 1606708 (clingo) R 1606680 1606680 1606304 0 -1 0 28123 0 0 0 106208 7 0 0 20 0 1 0 923003550 137670656 29651 17179869184 93824992301056 93824992468925 140737488338416 0 0 0 134217728 4 25184771 0 0 0 17 10 0 0 0 0 0 93824992533936 93824992571272 93824992575488 140737488340183 140737488340354 140737488340354 140737488351170 0
/proc/1606708/statm: 33611 29651 2089 41 0 29690 0
Current children cumulated CPU time: 1062.22 s
Current children cumulated vsize: 161352 KiB
Current children cumulated memory: 132216 KiB

[startup+1122.3 s]
/proc/loadavg: 14.12 14.27 14.03 16/808 1607696
/proc/meminfo: memFree=372786832/528004520 swapFree=8388604/8388604
[pid=1606680] ppid=1606675 vsize=26908 memory=13612 CPUtime=0.07 cores=10-11
/proc/1606680/stat : 1606680 (perf) S 1606675 1606680 1606304 0 -1 0 1738 237 0 0 5 2 0 0 20 0 1 0 923003542 27553792 3403 17179869184 93824994299904 93824996572973 140737488338256 0 0 0 134217728 4 74274 1 0 0 17 10 0 0 0 0 0 93824998874888 93825001005840 93825001308160 140737488340073 140737488340470 140737488340470 140737488351179 0
/proc/1606680/statm: 6727 3403 2098 555 0 1769 0
[pid=1606708] ppid=1606680 vsize=138476 memory=121772 CPUtime=1122.15 cores=10-11
/proc/1606708/stat : 1606708 (clingo) R 1606680 1606680 1606304 0 -1 0 28927 0 0 0 112208 7 0 0 20 0 1 0 923003550 141799424 30443 17179869184 93824992301056 93824992468925 140737488338416 0 0 0 134217728 4 25184771 0 0 0 17 10 0 0 0 0 0 93824992533936 93824992571272 93824992575488 140737488340183 140737488340354 140737488340354 140737488351170 0
/proc/1606708/statm: 34619 30443 2089 41 0 30698 0
Current children cumulated CPU time: 1122.22 s
Current children cumulated vsize: 165384 KiB
Current children cumulated memory: 135384 KiB

[startup+1182.3 s]
/proc/loadavg: 14.23 14.28 14.05 16/808 1607700
/proc/meminfo: memFree=372756120/528004520 swapFree=8388604/8388604
[pid=1606680] ppid=1606675 vsize=26908 memory=13612 CPUtime=0.07 cores=10-11
/proc/1606680/stat : 1606680 (perf) S 1606675 1606680 1606304 0 -1 0 1738 237 0 0 5 2 0 0 20 0 1 0 923003542 27553792 3403 17179869184 93824994299904 93824996572973 140737488338256 0 0 0 134217728 4 74274 1 0 0 17 10 0 0 0 0 0 93824998874888 93825001005840 93825001308160 140737488340073 140737488340470 140737488340470 140737488351179 0
/proc/1606680/statm: 6727 3403 2098 555 0 1769 0
[pid=1606708] ppid=1606680 vsize=141932 memory=124676 CPUtime=1182.15 cores=10-11
/proc/1606708/stat : 1606708 (clingo) R 1606680 1606680 1606304 0 -1 0 29664 0 0 0 118208 7 0 0 20 0 1 0 923003550 145338368 31169 17179869184 93824992301056 93824992468925 140737488338416 0 0 0 134217728 4 25184771 0 0 0 17 10 0 0 0 0 0 93824992533936 93824992571272 93824992575488 140737488340183 140737488340354 140737488340354 140737488351170 0
/proc/1606708/statm: 35483 31169 2089 41 0 31562 0
Current children cumulated CPU time: 1182.22 s
Current children cumulated vsize: 168840 KiB
Current children cumulated memory: 138288 KiB



Maximum wall clock time exceeded: sending SIGTERM then SIGKILL

[startup+1205 s]*
/proc/loadavg: 14.16 14.26 14.05 15/783 1607722
/proc/meminfo: memFree=372867732/528004520 swapFree=8388604/8388604
[pid=1606680] ppid=1606675 vsize=26908 memory=13612 CPUtime=0.07 cores=10-11
/proc/1606680/stat : 1606680 (perf) S 1606675 1606680 1606304 0 -1 0 1738 237 0 0 5 2 0 0 20 0 1 0 923003542 27553792 3403 17179869184 93824994299904 93824996572973 140737488338256 0 0 0 134217728 4 74274 1 0 0 17 10 0 0 0 0 0 93824998874888 93825001005840 93825001308160 140737488340073 140737488340470 140737488340470 140737488351179 0
/proc/1606680/statm: 6727 3403 2098 555 0 1769 0
[pid=1606708] ppid=1606680 vsize=142220 memory=125204 CPUtime=1204.87 cores=10-11
/proc/1606708/stat : 1606708 (clingo) R 1606680 1606680 1606304 0 -1 0 29745 0 0 0 120480 7 0 0 20 0 1 0 923003550 145633280 31301 17179869184 93824992301056 93824992468925 140737488338416 0 0 0 134217728 4 25184771 0 0 0 17 10 0 0 0 0 0 93824992533936 93824992571272 93824992575488 140737488340183 140737488340354 140737488340354 140737488351170 0
/proc/1606708/statm: 35555 31301 2089 41 0 31634 0
Current children cumulated CPU time: 1204.94 s
Current children cumulated vsize: 169128 KiB
Current children cumulated memory: 138816 KiB

Sending SIGINT to process tree (bottom up)
Sleeping 5 seconds

[startup+1205.03 s]
# the end of solver process 1606680 was just reported to runsolver
# cumulated CPU time of all completed processes:  user=1204.86 s, system=0.113588 s

Solver just ended.
??? end of watcher thread
Dumping a history of the last processes samples

Child status: 1
Real time (s): 1205.03
CPU time (s): 1204.98
CPU user time (s): 1204.86
CPU system time (s): 0.113588
CPU usage (%): 99.996
Max. virtual memory (cumulated for all children) (KiB): 169128
Max. memory (cumulated for all children) (KiB): 138816

getrusage(RUSAGE_CHILDREN,...) data:
user time used= 1204.86
system time used= 0.113588
maximum resident set size= 125248
integral shared memory size= 0
integral unshared data size= 0
integral unshared stack size= 0
page reclaims= 31760
page faults= 0
swaps= 0
block input operations= 0
block output operations= 0
messages sent= 0
messages received= 0
signals received= 0
voluntary context switches= 18
involuntary context switches= 1107


# summary of solver processes directly reported to runsolver:
#   pid: 1606680
#   total CPU time (s): 1204.98
#   total CPU user time (s): 1204.86
#   total CPU system time (s): 0.113588

??? end of timestamper thread
runsolver used 8.57663 second user time and 15.9101 second system time

The end
