runsolver version 3.4.0 (svn: 3018) Copyright (C) 2010-2013 Olivier ROUSSEL

This program is distributed in the hope that it will be useful,
but WITHOUT ANY WARRANTY; without even the implied warranty of
MERCHANTABILITY or FITNESS FOR A PARTICULAR PURPOSE.  See the
GNU General Public License for more details.

NUMA information:
  number of nodes: 2
  memory of node 0: 257635 MiB (181149 MiB free)
  memory of node 1: 257994 MiB (191843 MiB free)
  node distances:
     10  20
     20  10

command line: /dev/shm/373c4694-2e81-11f1-ac62-000c298f4621/input/runsolver -w /dev/shm/373c4694-2e81-11f1-ac62-000c298f4621/output/runsolver.log -v /dev/shm/373c4694-2e81-11f1-ac62-000c298f4621/output/varfile.log -W 1205 --rss-swap-limit 16384 -d 5 --sigint /usr/bin/perf stat -B -e task-clock,cache-references,cache-misses,cycles,instructions,branches,faults,migrations,context-switches -o /dev/shm/373c4694-2e81-11f1-ac62-000c298f4621/output/perf.log clingo /home/guests/mmacri/AMOSUM/benchmarks/GraphColouring/encoding-plain-amo.asp /dev/shm/373c4694-2e81-11f1-ac62-000c298f4621/input/0009-graph_colouring-125-0_6000.asp 

running on 2 cores: 10-11

Enforcing wall clock limit (soft limit, will send SIGTERM then SIGKILL): 1205 seconds
Enforcing RSS+Swap limit (soft limit, will send SIGTERM then SIGKILL): 16777216 KiB
Linux 5.15.0-131-generic
Current StackSize limit: 8192 KiB

solver pid=368781, runsolver pid=368780

[startup+0.100069 s]*
/proc/loadavg: 14.30 13.95 10.52 15/844 368785
/proc/meminfo: memFree=381936656/528004504 swapFree=8388604/8388604
[pid=368781] ppid=368780 vsize=26908 memory=13616 CPUtime=0.07 cores=10-11
/proc/368781/stat : 368781 (perf) S 368780 368781 368739 0 -1 0 1737 237 0 0 6 1 0 0 20 0 1 0 922859269 27553792 3404 17179869184 93824994299904 93824996572973 140737488338256 0 0 0 134217728 4 74274 1 0 0 17 10 0 0 0 0 0 93824998874888 93825001005840 93825001308160 140737488340074 140737488340471 140737488340471 140737488351179 0
/proc/368781/statm: 6727 3404 2099 555 0 1769 0
[pid=368785] ppid=368781 vsize=18872 memory=10624 CPUtime=0.02 cores=10-11
/proc/368785/stat : 368785 (clingo) R 368781 368781 368739 0 -1 0 891 0 0 0 2 0 0 0 20 0 1 0 922859277 19324928 2656 17179869184 93824992301056 93824992468925 140737488338416 0 0 0 134217728 4 25184771 0 0 0 17 11 0 0 0 0 0 93824992533936 93824992571272 93824992575488 140737488340184 140737488340355 140737488340355 140737488351170 0
/proc/368785/statm: 4718 2656 2043 41 0 797 0
Current children cumulated CPU time: 0.09 s
Current children cumulated vsize: 45780 KiB
Current children cumulated memory: 24240 KiB

[startup+0.218861 s]*
/proc/loadavg: 14.30 13.95 10.52 15/844 368785
/proc/meminfo: memFree=381926576/528004504 swapFree=8388604/8388604
[pid=368781] ppid=368780 vsize=26908 memory=13616 CPUtime=0.07 cores=10-11
/proc/368781/stat : 368781 (perf) S 368780 368781 368739 0 -1 0 1737 237 0 0 6 1 0 0 20 0 1 0 922859269 27553792 3404 17179869184 93824994299904 93824996572973 140737488338256 0 0 0 134217728 4 74274 1 0 0 17 10 0 0 0 0 0 93824998874888 93825001005840 93825001308160 140737488340074 140737488340471 140737488340471 140737488351179 0
/proc/368781/statm: 6727 3404 2099 555 0 1769 0
[pid=368785] ppid=368781 vsize=23376 memory=15260 CPUtime=0.13 cores=10-11
/proc/368785/stat : 368785 (clingo) R 368781 368781 368739 0 -1 0 2072 0 0 0 13 0 0 0 20 0 1 0 922859277 23937024 3815 17179869184 93824992301056 93824992468925 140737488338416 0 0 0 134217728 4 25184771 0 0 0 17 11 0 0 0 0 0 93824992533936 93824992571272 93824992575488 140737488340184 140737488340355 140737488340355 140737488351170 0
/proc/368785/statm: 5844 3815 2088 41 0 1923 0
Current children cumulated CPU time: 0.2 s
Current children cumulated vsize: 50284 KiB
Current children cumulated memory: 28876 KiB

[startup+0.335212 s]*
/proc/loadavg: 14.30 13.95 10.52 15/844 368785
/proc/meminfo: memFree=381919016/528004504 swapFree=8388604/8388604
[pid=368781] ppid=368780 vsize=26908 memory=13616 CPUtime=0.07 cores=10-11
/proc/368781/stat : 368781 (perf) S 368780 368781 368739 0 -1 0 1737 237 0 0 6 1 0 0 20 0 1 0 922859269 27553792 3404 17179869184 93824994299904 93824996572973 140737488338256 0 0 0 134217728 4 74274 1 0 0 17 10 0 0 0 0 0 93824998874888 93825001005840 93825001308160 140737488340074 140737488340471 140737488340471 140737488351179 0
/proc/368781/statm: 6727 3404 2099 555 0 1769 0
[pid=368785] ppid=368781 vsize=24568 memory=16580 CPUtime=0.23 cores=10-11
/proc/368785/stat : 368785 (clingo) R 368781 368781 368739 0 -1 0 2367 0 0 0 23 0 0 0 20 0 1 0 922859277 25157632 4145 17179869184 93824992301056 93824992468925 140737488338416 0 0 0 134217728 4 25184771 0 0 0 17 11 0 0 0 0 0 93824992533936 93824992571272 93824992575488 140737488340184 140737488340355 140737488340355 140737488351170 0
/proc/368785/statm: 6142 4145 2088 41 0 2221 0
Current children cumulated CPU time: 0.3 s
Current children cumulated vsize: 51476 KiB
Current children cumulated memory: 30196 KiB

[startup+0.70034 s]
/proc/loadavg: 14.30 13.95 10.52 15/844 368785
/proc/meminfo: memFree=381906416/528004504 swapFree=8388604/8388604
[pid=368781] ppid=368780 vsize=26908 memory=13616 CPUtime=0.07 cores=10-11
/proc/368781/stat : 368781 (perf) S 368780 368781 368739 0 -1 0 1737 237 0 0 6 1 0 0 20 0 1 0 922859269 27553792 3404 17179869184 93824994299904 93824996572973 140737488338256 0 0 0 134217728 4 74274 1 0 0 17 10 0 0 0 0 0 93824998874888 93825001005840 93825001308160 140737488340074 140737488340471 140737488340471 140737488351179 0
/proc/368781/statm: 6727 3404 2099 555 0 1769 0
[pid=368785] ppid=368781 vsize=26044 memory=17900 CPUtime=0.52 cores=10-11
/proc/368785/stat : 368785 (clingo) R 368781 368781 368739 0 -1 0 2728 0 0 0 52 0 0 0 20 0 1 0 922859277 26669056 4475 17179869184 93824992301056 93824992468925 140737488338416 0 0 0 134217728 4 25184771 0 0 0 17 11 0 0 0 0 0 93824992533936 93824992571272 93824992575488 140737488340184 140737488340355 140737488340355 140737488351170 0
/proc/368785/statm: 6511 4475 2088 41 0 2590 0
Current children cumulated CPU time: 0.59 s
Current children cumulated vsize: 52952 KiB
Current children cumulated memory: 31516 KiB

[startup+1.50034 s]
/proc/loadavg: 14.30 13.95 10.52 15/844 368785
/proc/meminfo: memFree=381880964/528004504 swapFree=8388604/8388604
[pid=368781] ppid=368780 vsize=26908 memory=13616 CPUtime=0.07 cores=10-11
/proc/368781/stat : 368781 (perf) S 368780 368781 368739 0 -1 0 1737 237 0 0 6 1 0 0 20 0 1 0 922859269 27553792 3404 17179869184 93824994299904 93824996572973 140737488338256 0 0 0 134217728 4 74274 1 0 0 17 10 0 0 0 0 0 93824998874888 93825001005840 93825001308160 140737488340074 140737488340471 140737488340471 140737488351179 0
/proc/368781/statm: 6727 3404 2099 555 0 1769 0
[pid=368785] ppid=368781 vsize=27528 memory=19484 CPUtime=1.3 cores=10-11
/proc/368785/stat : 368785 (clingo) R 368781 368781 368739 0 -1 0 3093 0 0 0 130 0 0 0 20 0 1 0 922859277 28188672 4871 17179869184 93824992301056 93824992468925 140737488338416 0 0 0 134217728 4 25184771 0 0 0 17 11 0 0 0 0 0 93824992533936 93824992571272 93824992575488 140737488340184 140737488340355 140737488340355 140737488351170 0
/proc/368785/statm: 6882 4871 2088 41 0 2961 0
Current children cumulated CPU time: 1.37 s
Current children cumulated vsize: 54436 KiB
Current children cumulated memory: 33100 KiB

[startup+3.11897 s]
/proc/loadavg: 14.28 13.95 10.54 15/844 368785
/proc/meminfo: memFree=381770356/528004504 swapFree=8388604/8388604
[pid=368781] ppid=368780 vsize=26908 memory=13616 CPUtime=0.07 cores=10-11
/proc/368781/stat : 368781 (perf) S 368780 368781 368739 0 -1 0 1737 237 0 0 6 1 0 0 20 0 1 0 922859269 27553792 3404 17179869184 93824994299904 93824996572973 140737488338256 0 0 0 134217728 4 74274 1 0 0 17 10 0 0 0 0 0 93824998874888 93825001005840 93825001308160 140737488340074 140737488340471 140737488340471 140737488351179 0
/proc/368781/statm: 6727 3404 2099 555 0 1769 0
[pid=368785] ppid=368781 vsize=30820 memory=22388 CPUtime=2.89 cores=10-11
/proc/368785/stat : 368785 (clingo) R 368781 368781 368739 0 -1 0 3843 0 0 0 289 0 0 0 20 0 1 0 922859277 31559680 5597 17179869184 93824992301056 93824992468925 140737488338416 0 0 0 134217728 4 25184771 0 0 0 17 10 0 0 0 0 0 93824992533936 93824992571272 93824992575488 140737488340184 140737488340355 140737488340355 140737488351170 0
/proc/368785/statm: 7705 5597 2088 41 0 3784 0
Current children cumulated CPU time: 2.96 s
Current children cumulated vsize: 57728 KiB
Current children cumulated memory: 36004 KiB

[startup+6.30029 s]
/proc/loadavg: 14.28 13.95 10.54 15/843 368888
/proc/meminfo: memFree=381894384/528004504 swapFree=8388604/8388604
[pid=368781] ppid=368780 vsize=26908 memory=13616 CPUtime=0.07 cores=10-11
/proc/368781/stat : 368781 (perf) S 368780 368781 368739 0 -1 0 1737 237 0 0 6 1 0 0 20 0 1 0 922859269 27553792 3404 17179869184 93824994299904 93824996572973 140737488338256 0 0 0 134217728 4 74274 1 0 0 17 10 0 0 0 0 0 93824998874888 93825001005840 93825001308160 140737488340074 140737488340471 140737488340471 140737488351179 0
/proc/368781/statm: 6727 3404 2099 555 0 1769 0
[pid=368785] ppid=368781 vsize=33864 memory=25292 CPUtime=6.07 cores=10-11
/proc/368785/stat : 368785 (clingo) R 368781 368781 368739 0 -1 0 4545 0 0 0 607 0 0 0 20 0 1 0 922859277 34676736 6323 17179869184 93824992301056 93824992468925 140737488338416 0 0 0 134217728 4 25184771 0 0 0 17 10 0 0 0 0 0 93824992533936 93824992571272 93824992575488 140737488340184 140737488340355 140737488340355 140737488351170 0
/proc/368785/statm: 8466 6323 2088 41 0 4545 0
Current children cumulated CPU time: 6.14 s
Current children cumulated vsize: 60772 KiB
Current children cumulated memory: 38908 KiB

[startup+12.7003 s]
/proc/loadavg: 14.26 13.95 10.56 15/843 368888
/proc/meminfo: memFree=381538876/528004504 swapFree=8388604/8388604
[pid=368781] ppid=368780 vsize=26908 memory=13616 CPUtime=0.07 cores=10-11
/proc/368781/stat : 368781 (perf) S 368780 368781 368739 0 -1 0 1737 237 0 0 6 1 0 0 20 0 1 0 922859269 27553792 3404 17179869184 93824994299904 93824996572973 140737488338256 0 0 0 134217728 4 74274 1 0 0 17 10 0 0 0 0 0 93824998874888 93825001005840 93825001308160 140737488340074 140737488340471 140737488340471 140737488351179 0
/proc/368781/statm: 6727 3404 2099 555 0 1769 0
[pid=368785] ppid=368781 vsize=37772 memory=28724 CPUtime=12.47 cores=10-11
/proc/368785/stat : 368785 (clingo) R 368781 368781 368739 0 -1 0 5397 0 0 0 1247 0 0 0 20 0 1 0 922859277 38678528 7181 17179869184 93824992301056 93824992468925 140737488338416 0 0 0 134217728 4 25184771 0 0 0 17 10 0 0 0 0 0 93824992533936 93824992571272 93824992575488 140737488340184 140737488340355 140737488340355 140737488351170 0
/proc/368785/statm: 9443 7181 2088 41 0 5522 0
Current children cumulated CPU time: 12.54 s
Current children cumulated vsize: 64680 KiB
Current children cumulated memory: 42340 KiB

[startup+25.5004 s]
/proc/loadavg: 14.20 13.95 10.61 15/843 368889
/proc/meminfo: memFree=381087068/528004504 swapFree=8388604/8388604
[pid=368781] ppid=368780 vsize=26908 memory=13616 CPUtime=0.07 cores=10-11
/proc/368781/stat : 368781 (perf) S 368780 368781 368739 0 -1 0 1737 237 0 0 6 1 0 0 20 0 1 0 922859269 27553792 3404 17179869184 93824994299904 93824996572973 140737488338256 0 0 0 134217728 4 74274 1 0 0 17 10 0 0 0 0 0 93824998874888 93825001005840 93825001308160 140737488340074 140737488340471 140737488340471 140737488351179 0
/proc/368781/statm: 6727 3404 2099 555 0 1769 0
[pid=368785] ppid=368781 vsize=41596 memory=32156 CPUtime=25.27 cores=10-11
/proc/368785/stat : 368785 (clingo) R 368781 368781 368739 0 -1 0 6272 0 0 0 2526 1 0 0 20 0 1 0 922859277 42594304 8039 17179869184 93824992301056 93824992468925 140737488338416 0 0 0 134217728 4 25184771 0 0 0 17 10 0 0 0 0 0 93824992533936 93824992571272 93824992575488 140737488340184 140737488340355 140737488340355 140737488351170 0
/proc/368785/statm: 10399 8039 2088 41 0 6478 0
Current children cumulated CPU time: 25.34 s
Current children cumulated vsize: 68504 KiB
Current children cumulated memory: 45772 KiB

[startup+51.119 s]
/proc/loadavg: 14.19 13.97 10.71 15/843 368889
/proc/meminfo: memFree=380666640/528004504 swapFree=8388604/8388604
[pid=368781] ppid=368780 vsize=26908 memory=13616 CPUtime=0.07 cores=10-11
/proc/368781/stat : 368781 (perf) S 368780 368781 368739 0 -1 0 1737 237 0 0 6 1 0 0 20 0 1 0 922859269 27553792 3404 17179869184 93824994299904 93824996572973 140737488338256 0 0 0 134217728 4 74274 1 0 0 17 10 0 0 0 0 0 93824998874888 93825001005840 93825001308160 140737488340074 140737488340471 140737488340471 140737488351179 0
/proc/368781/statm: 6727 3404 2099 555 0 1769 0
[pid=368785] ppid=368781 vsize=47260 memory=37700 CPUtime=50.89 cores=10-11
/proc/368785/stat : 368785 (clingo) R 368781 368781 368739 0 -1 0 7641 0 0 0 5088 1 0 0 20 0 1 0 922859277 48394240 9425 17179869184 93824992301056 93824992468925 140737488338416 0 0 0 134217728 4 25184771 0 0 0 17 10 0 0 0 0 0 93824992533936 93824992571272 93824992575488 140737488340184 140737488340355 140737488340355 140737488351170 0
/proc/368785/statm: 11815 9425 2088 41 0 7894 0
Current children cumulated CPU time: 50.96 s
Current children cumulated vsize: 74168 KiB
Current children cumulated memory: 51316 KiB

[startup+102.3 s]
/proc/loadavg: 14.08 13.98 10.88 15/844 368891
/proc/meminfo: memFree=378681092/528004504 swapFree=8388604/8388604
[pid=368781] ppid=368780 vsize=26908 memory=13616 CPUtime=0.07 cores=10-11
/proc/368781/stat : 368781 (perf) S 368780 368781 368739 0 -1 0 1737 237 0 0 6 1 0 0 20 0 1 0 922859269 27553792 3404 17179869184 93824994299904 93824996572973 140737488338256 0 0 0 134217728 4 74274 1 0 0 17 10 0 0 0 0 0 93824998874888 93825001005840 93825001308160 140737488340074 140737488340471 140737488340471 140737488351179 0
/proc/368781/statm: 6727 3404 2099 555 0 1769 0
[pid=368785] ppid=368781 vsize=55520 memory=45092 CPUtime=102.07 cores=10-11
/proc/368785/stat : 368785 (clingo) R 368781 368781 368739 0 -1 0 9520 0 0 0 10205 2 0 0 20 0 1 0 922859277 56852480 11273 17179869184 93824992301056 93824992468925 140737488338416 0 0 0 134217728 4 25184771 0 0 0 17 10 0 0 0 0 0 93824992533936 93824992571272 93824992575488 140737488340184 140737488340355 140737488340355 140737488351170 0
/proc/368785/statm: 13880 11273 2088 41 0 9959 0
Current children cumulated CPU time: 102.14 s
Current children cumulated vsize: 82428 KiB
Current children cumulated memory: 58708 KiB

[startup+162.3 s]
/proc/loadavg: 14.18 14.02 11.10 15/844 368894
/proc/meminfo: memFree=378263040/528004504 swapFree=8388604/8388604
[pid=368781] ppid=368780 vsize=26908 memory=13616 CPUtime=0.07 cores=10-11
/proc/368781/stat : 368781 (perf) S 368780 368781 368739 0 -1 0 1737 237 0 0 6 1 0 0 20 0 1 0 922859269 27553792 3404 17179869184 93824994299904 93824996572973 140737488338256 0 0 0 134217728 4 74274 1 0 0 17 10 0 0 0 0 0 93824998874888 93825001005840 93825001308160 140737488340074 140737488340471 140737488340471 140737488351179 0
/proc/368781/statm: 6727 3404 2099 555 0 1769 0
[pid=368785] ppid=368781 vsize=60032 memory=49580 CPUtime=162.07 cores=10-11
/proc/368785/stat : 368785 (clingo) R 368781 368781 368739 0 -1 0 10663 0 0 0 16205 2 0 0 20 0 1 0 922859277 61472768 12395 17179869184 93824992301056 93824992468925 140737488338416 0 0 0 134217728 4 25184771 0 0 0 17 10 0 0 0 0 0 93824992533936 93824992571272 93824992575488 140737488340184 140737488340355 140737488340355 140737488351170 0
/proc/368785/statm: 15008 12395 2088 41 0 11087 0
Current children cumulated CPU time: 162.14 s
Current children cumulated vsize: 86940 KiB
Current children cumulated memory: 63196 KiB

[startup+222.3 s]
/proc/loadavg: 14.07 14.02 11.28 15/844 368896
/proc/meminfo: memFree=377062040/528004504 swapFree=8388604/8388604
[pid=368781] ppid=368780 vsize=26908 memory=13616 CPUtime=0.07 cores=10-11
/proc/368781/stat : 368781 (perf) S 368780 368781 368739 0 -1 0 1737 237 0 0 6 1 0 0 20 0 1 0 922859269 27553792 3404 17179869184 93824994299904 93824996572973 140737488338256 0 0 0 134217728 4 74274 1 0 0 17 10 0 0 0 0 0 93824998874888 93825001005840 93825001308160 140737488340074 140737488340471 140737488340471 140737488351179 0
/proc/368781/statm: 6727 3404 2099 555 0 1769 0
[pid=368785] ppid=368781 vsize=63196 memory=52748 CPUtime=222.07 cores=10-11
/proc/368785/stat : 368785 (clingo) R 368781 368781 368739 0 -1 0 11420 0 0 0 22205 2 0 0 20 0 1 0 922859277 64712704 13187 17179869184 93824992301056 93824992468925 140737488338416 0 0 0 134217728 4 25184771 0 0 0 17 10 0 0 0 0 0 93824992533936 93824992571272 93824992575488 140737488340184 140737488340355 140737488340355 140737488351170 0
/proc/368785/statm: 15799 13187 2088 41 0 11878 0
Current children cumulated CPU time: 222.14 s
Current children cumulated vsize: 90104 KiB
Current children cumulated memory: 66364 KiB

[startup+282.3 s]
/proc/loadavg: 14.29 14.09 11.48 15/821 368899
/proc/meminfo: memFree=375388004/528004504 swapFree=8388604/8388604
[pid=368781] ppid=368780 vsize=26908 memory=13616 CPUtime=0.07 cores=10-11
/proc/368781/stat : 368781 (perf) S 368780 368781 368739 0 -1 0 1737 237 0 0 6 1 0 0 20 0 1 0 922859269 27553792 3404 17179869184 93824994299904 93824996572973 140737488338256 0 0 0 134217728 4 74274 1 0 0 17 10 0 0 0 0 0 93824998874888 93825001005840 93825001308160 140737488340074 140737488340471 140737488340471 140737488351179 0
/proc/368781/statm: 6727 3404 2099 555 0 1769 0
[pid=368785] ppid=368781 vsize=70404 memory=58556 CPUtime=282.07 cores=10-11
/proc/368785/stat : 368785 (clingo) R 368781 368781 368739 0 -1 0 12909 0 0 0 28205 2 0 0 20 0 1 0 922859277 72093696 14639 17179869184 93824992301056 93824992468925 140737488338416 0 0 0 134217728 4 25184771 0 0 0 17 10 0 0 0 0 0 93824992533936 93824992571272 93824992575488 140737488340184 140737488340355 140737488340355 140737488351170 0
/proc/368785/statm: 17601 14639 2088 41 0 13680 0
Current children cumulated CPU time: 282.14 s
Current children cumulated vsize: 97312 KiB
Current children cumulated memory: 72172 KiB

[startup+342.3 s]
/proc/loadavg: 14.33 14.16 11.67 15/819 368900
/proc/meminfo: memFree=374680152/528004504 swapFree=8388604/8388604
[pid=368781] ppid=368780 vsize=26908 memory=13616 CPUtime=0.07 cores=10-11
/proc/368781/stat : 368781 (perf) S 368780 368781 368739 0 -1 0 1737 237 0 0 6 1 0 0 20 0 1 0 922859269 27553792 3404 17179869184 93824994299904 93824996572973 140737488338256 0 0 0 134217728 4 74274 1 0 0 17 10 0 0 0 0 0 93824998874888 93825001005840 93825001308160 140737488340074 140737488340471 140737488340471 140737488351179 0
/proc/368781/statm: 6727 3404 2099 555 0 1769 0
[pid=368785] ppid=368781 vsize=72680 memory=60668 CPUtime=342.07 cores=10-11
/proc/368785/stat : 368785 (clingo) R 368781 368781 368739 0 -1 0 13432 0 0 0 34204 3 0 0 20 0 1 0 922859277 74424320 15167 17179869184 93824992301056 93824992468925 140737488338416 0 0 0 134217728 4 25184771 0 0 0 17 10 0 0 0 0 0 93824992533936 93824992571272 93824992575488 140737488340184 140737488340355 140737488340355 140737488351170 0
/proc/368785/statm: 18170 15167 2088 41 0 14249 0
Current children cumulated CPU time: 342.14 s
Current children cumulated vsize: 99588 KiB
Current children cumulated memory: 74284 KiB

[startup+402.3 s]
/proc/loadavg: 14.12 14.13 11.82 15/817 368902
/proc/meminfo: memFree=374505012/528004504 swapFree=8388604/8388604
[pid=368781] ppid=368780 vsize=26908 memory=13616 CPUtime=0.07 cores=10-11
/proc/368781/stat : 368781 (perf) S 368780 368781 368739 0 -1 0 1737 237 0 0 6 1 0 0 20 0 1 0 922859269 27553792 3404 17179869184 93824994299904 93824996572973 140737488338256 0 0 0 134217728 4 74274 1 0 0 17 10 0 0 0 0 0 93824998874888 93825001005840 93825001308160 140737488340074 140737488340471 140737488340471 140737488351179 0
/proc/368781/statm: 6727 3404 2099 555 0 1769 0
[pid=368785] ppid=368781 vsize=76472 memory=64364 CPUtime=402.07 cores=10-11
/proc/368785/stat : 368785 (clingo) R 368781 368781 368739 0 -1 0 14307 0 0 0 40204 3 0 0 20 0 1 0 922859277 78307328 16091 17179869184 93824992301056 93824992468925 140737488338416 0 0 0 134217728 4 25184771 0 0 0 17 10 0 0 0 0 0 93824992533936 93824992571272 93824992575488 140737488340184 140737488340355 140737488340355 140737488351170 0
/proc/368785/statm: 19118 16091 2088 41 0 15197 0
Current children cumulated CPU time: 402.14 s
Current children cumulated vsize: 103380 KiB
Current children cumulated memory: 77980 KiB

[startup+462.3 s]
/proc/loadavg: 14.08 14.12 11.97 15/817 368903
/proc/meminfo: memFree=374211936/528004504 swapFree=8388604/8388604
[pid=368781] ppid=368780 vsize=26908 memory=13616 CPUtime=0.07 cores=10-11
/proc/368781/stat : 368781 (perf) S 368780 368781 368739 0 -1 0 1737 237 0 0 6 1 0 0 20 0 1 0 922859269 27553792 3404 17179869184 93824994299904 93824996572973 140737488338256 0 0 0 134217728 4 74274 1 0 0 17 10 0 0 0 0 0 93824998874888 93825001005840 93825001308160 140737488340074 140737488340471 140737488340471 140737488351179 0
/proc/368781/statm: 6727 3404 2099 555 0 1769 0
[pid=368785] ppid=368781 vsize=79696 memory=67268 CPUtime=462.06 cores=10-11
/proc/368785/stat : 368785 (clingo) R 368781 368781 368739 0 -1 0 15048 0 0 0 46203 3 0 0 20 0 1 0 922859277 81608704 16817 17179869184 93824992301056 93824992468925 140737488338416 0 0 0 134217728 4 25184771 0 0 0 17 10 0 0 0 0 0 93824992533936 93824992571272 93824992575488 140737488340184 140737488340355 140737488340355 140737488351170 0
/proc/368785/statm: 19924 16817 2088 41 0 16003 0
Current children cumulated CPU time: 462.13 s
Current children cumulated vsize: 106604 KiB
Current children cumulated memory: 80884 KiB

[startup+522.3 s]
/proc/loadavg: 15.28 14.40 12.20 15/818 368905
/proc/meminfo: memFree=373409552/528004504 swapFree=8388604/8388604
[pid=368781] ppid=368780 vsize=26908 memory=13616 CPUtime=0.07 cores=10-11
/proc/368781/stat : 368781 (perf) S 368780 368781 368739 0 -1 0 1737 237 0 0 6 1 0 0 20 0 1 0 922859269 27553792 3404 17179869184 93824994299904 93824996572973 140737488338256 0 0 0 134217728 4 74274 1 0 0 17 10 0 0 0 0 0 93824998874888 93825001005840 93825001308160 140737488340074 140737488340471 140737488340471 140737488351179 0
/proc/368781/statm: 6727 3404 2099 555 0 1769 0
[pid=368785] ppid=368781 vsize=80264 memory=68060 CPUtime=522.06 cores=10-11
/proc/368785/stat : 368785 (clingo) R 368781 368781 368739 0 -1 0 15263 0 0 0 52203 3 0 0 20 0 1 0 922859277 82190336 17015 17179869184 93824992301056 93824992468925 140737488338416 0 0 0 134217728 4 25184771 0 0 0 17 10 0 0 0 0 0 93824992533936 93824992571272 93824992575488 140737488340184 140737488340355 140737488340355 140737488351170 0
/proc/368785/statm: 20066 17015 2088 41 0 16145 0
Current children cumulated CPU time: 522.13 s
Current children cumulated vsize: 107172 KiB
Current children cumulated memory: 81676 KiB

[startup+582.3 s]
/proc/loadavg: 15.31 14.62 12.41 15/818 368910
/proc/meminfo: memFree=372267592/528004504 swapFree=8388604/8388604
[pid=368781] ppid=368780 vsize=26908 memory=13616 CPUtime=0.07 cores=10-11
/proc/368781/stat : 368781 (perf) S 368780 368781 368739 0 -1 0 1737 237 0 0 6 1 0 0 20 0 1 0 922859269 27553792 3404 17179869184 93824994299904 93824996572973 140737488338256 0 0 0 134217728 4 74274 1 0 0 17 10 0 0 0 0 0 93824998874888 93825001005840 93825001308160 140737488340074 140737488340471 140737488340471 140737488351179 0
/proc/368781/statm: 6727 3404 2099 555 0 1769 0
[pid=368785] ppid=368781 vsize=83624 memory=71228 CPUtime=582.07 cores=10-11
/proc/368785/stat : 368785 (clingo) R 368781 368781 368739 0 -1 0 16065 0 0 0 58203 4 0 0 20 0 1 0 922859277 85630976 17807 17179869184 93824992301056 93824992468925 140737488338416 0 0 0 134217728 4 25184771 0 0 0 17 10 0 0 0 0 0 93824992533936 93824992571272 93824992575488 140737488340184 140737488340355 140737488340355 140737488351170 0
/proc/368785/statm: 20906 17807 2088 41 0 16985 0
Current children cumulated CPU time: 582.14 s
Current children cumulated vsize: 110532 KiB
Current children cumulated memory: 84844 KiB

[startup+642.3 s]
/proc/loadavg: 14.64 14.54 12.53 15/819 368912
/proc/meminfo: memFree=371302668/528004504 swapFree=8388604/8388604
[pid=368781] ppid=368780 vsize=26908 memory=13616 CPUtime=0.07 cores=10-11
/proc/368781/stat : 368781 (perf) S 368780 368781 368739 0 -1 0 1737 237 0 0 6 1 0 0 20 0 1 0 922859269 27553792 3404 17179869184 93824994299904 93824996572973 140737488338256 0 0 0 134217728 4 74274 1 0 0 17 10 0 0 0 0 0 93824998874888 93825001005840 93825001308160 140737488340074 140737488340471 140737488340471 140737488351179 0
/proc/368781/statm: 6727 3404 2099 555 0 1769 0
[pid=368785] ppid=368781 vsize=86484 memory=74132 CPUtime=642.06 cores=10-11
/proc/368785/stat : 368785 (clingo) R 368781 368781 368739 0 -1 0 16764 0 0 0 64202 4 0 0 20 0 1 0 922859277 88559616 18533 17179869184 93824992301056 93824992468925 140737488338416 0 0 0 134217728 4 25184771 0 0 0 17 10 0 0 0 0 0 93824992533936 93824992571272 93824992575488 140737488340184 140737488340355 140737488340355 140737488351170 0
/proc/368785/statm: 21621 18533 2088 41 0 17700 0
Current children cumulated CPU time: 642.13 s
Current children cumulated vsize: 113392 KiB
Current children cumulated memory: 87748 KiB

[startup+702.3 s]
/proc/loadavg: 14.34 14.48 12.64 15/819 368913
/proc/meminfo: memFree=370200420/528004504 swapFree=8388604/8388604
[pid=368781] ppid=368780 vsize=26908 memory=13616 CPUtime=0.07 cores=10-11
/proc/368781/stat : 368781 (perf) S 368780 368781 368739 0 -1 0 1737 237 0 0 6 1 0 0 20 0 1 0 922859269 27553792 3404 17179869184 93824994299904 93824996572973 140737488338256 0 0 0 134217728 4 74274 1 0 0 17 10 0 0 0 0 0 93824998874888 93825001005840 93825001308160 140737488340074 140737488340471 140737488340471 140737488351179 0
/proc/368781/statm: 6727 3404 2099 555 0 1769 0
[pid=368785] ppid=368781 vsize=88112 memory=75980 CPUtime=702.06 cores=10-11
/proc/368785/stat : 368785 (clingo) R 368781 368781 368739 0 -1 0 17228 0 0 0 70202 4 0 0 20 0 1 0 922859277 90226688 18995 17179869184 93824992301056 93824992468925 140737488338416 0 0 0 134217728 4 25184771 0 0 0 17 10 0 0 0 0 0 93824992533936 93824992571272 93824992575488 140737488340184 140737488340355 140737488340355 140737488351170 0
/proc/368785/statm: 22028 18995 2088 41 0 18107 0
Current children cumulated CPU time: 702.13 s
Current children cumulated vsize: 115020 KiB
Current children cumulated memory: 89596 KiB

[startup+762.3 s]
/proc/loadavg: 14.12 14.39 12.73 15/819 368916
/proc/meminfo: memFree=369124344/528004504 swapFree=8388604/8388604
[pid=368781] ppid=368780 vsize=26908 memory=13616 CPUtime=0.07 cores=10-11
/proc/368781/stat : 368781 (perf) S 368780 368781 368739 0 -1 0 1737 237 0 0 6 1 0 0 20 0 1 0 922859269 27553792 3404 17179869184 93824994299904 93824996572973 140737488338256 0 0 0 134217728 4 74274 1 0 0 17 10 0 0 0 0 0 93824998874888 93825001005840 93825001308160 140737488340074 140737488340471 140737488340471 140737488351179 0
/proc/368781/statm: 6727 3404 2099 555 0 1769 0
[pid=368785] ppid=368781 vsize=90704 memory=78452 CPUtime=762.06 cores=10-11
/proc/368785/stat : 368785 (clingo) R 368781 368781 368739 0 -1 0 17961 0 0 0 76202 4 0 0 20 0 1 0 922859277 92880896 19613 17179869184 93824992301056 93824992468925 140737488338416 0 0 0 134217728 4 25184771 0 0 0 17 10 0 0 0 0 0 93824992533936 93824992571272 93824992575488 140737488340184 140737488340355 140737488340355 140737488351170 0
/proc/368785/statm: 22676 19613 2088 41 0 18755 0
Current children cumulated CPU time: 762.13 s
Current children cumulated vsize: 117612 KiB
Current children cumulated memory: 92068 KiB

[startup+822.3 s]
/proc/loadavg: 14.09 14.33 12.81 15/818 368917
/proc/meminfo: memFree=368243620/528004504 swapFree=8388604/8388604
[pid=368781] ppid=368780 vsize=26908 memory=13616 CPUtime=0.07 cores=10-11
/proc/368781/stat : 368781 (perf) S 368780 368781 368739 0 -1 0 1737 237 0 0 6 1 0 0 20 0 1 0 922859269 27553792 3404 17179869184 93824994299904 93824996572973 140737488338256 0 0 0 134217728 4 74274 1 0 0 17 10 0 0 0 0 0 93824998874888 93825001005840 93825001308160 140737488340074 140737488340471 140737488340471 140737488351179 0
/proc/368781/statm: 6727 3404 2099 555 0 1769 0
[pid=368785] ppid=368781 vsize=94448 memory=81352 CPUtime=822.07 cores=10-11
/proc/368785/stat : 368785 (clingo) R 368781 368781 368739 0 -1 0 18687 0 0 0 82202 5 0 0 20 0 1 0 922859277 96714752 20338 17179869184 93824992301056 93824992468925 140737488338416 0 0 0 134217728 4 25184771 0 0 0 17 10 0 0 0 0 0 93824992533936 93824992571272 93824992575488 140737488340184 140737488340355 140737488340355 140737488351170 0
/proc/368785/statm: 23612 20338 2088 41 0 19691 0
Current children cumulated CPU time: 822.14 s
Current children cumulated vsize: 121356 KiB
Current children cumulated memory: 94968 KiB

[startup+882.3 s]
/proc/loadavg: 14.03 14.27 12.89 15/819 368920
/proc/meminfo: memFree=367894080/528004504 swapFree=8388604/8388604
[pid=368781] ppid=368780 vsize=26908 memory=13616 CPUtime=0.07 cores=10-11
/proc/368781/stat : 368781 (perf) S 368780 368781 368739 0 -1 0 1737 237 0 0 6 1 0 0 20 0 1 0 922859269 27553792 3404 17179869184 93824994299904 93824996572973 140737488338256 0 0 0 134217728 4 74274 1 0 0 17 10 0 0 0 0 0 93824998874888 93825001005840 93825001308160 140737488340074 140737488340471 140737488340471 140737488351179 0
/proc/368781/statm: 6727 3404 2099 555 0 1769 0
[pid=368785] ppid=368781 vsize=96752 memory=83200 CPUtime=882.06 cores=10-11
/proc/368785/stat : 368785 (clingo) R 368781 368781 368739 0 -1 0 19178 0 0 0 88201 5 0 0 20 0 1 0 922859277 99074048 20800 17179869184 93824992301056 93824992468925 140737488338416 0 0 0 134217728 4 25184771 0 0 0 17 10 0 0 0 0 0 93824992533936 93824992571272 93824992575488 140737488340184 140737488340355 140737488340355 140737488351170 0
/proc/368785/statm: 24188 20800 2088 41 0 20267 0
Current children cumulated CPU time: 882.13 s
Current children cumulated vsize: 123660 KiB
Current children cumulated memory: 96816 KiB

[startup+942.3 s]
/proc/loadavg: 14.06 14.23 12.97 15/818 368921
/proc/meminfo: memFree=367673076/528004504 swapFree=8388604/8388604
[pid=368781] ppid=368780 vsize=26908 memory=13616 CPUtime=0.07 cores=10-11
/proc/368781/stat : 368781 (perf) S 368780 368781 368739 0 -1 0 1737 237 0 0 6 1 0 0 20 0 1 0 922859269 27553792 3404 17179869184 93824994299904 93824996572973 140737488338256 0 0 0 134217728 4 74274 1 0 0 17 10 0 0 0 0 0 93824998874888 93825001005840 93825001308160 140737488340074 140737488340471 140737488340471 140737488351179 0
/proc/368781/statm: 6727 3404 2099 555 0 1769 0
[pid=368785] ppid=368781 vsize=99344 memory=85576 CPUtime=942.06 cores=10-11
/proc/368785/stat : 368785 (clingo) R 368781 368781 368739 0 -1 0 19755 0 0 0 94201 5 0 0 20 0 1 0 922859277 101728256 21394 17179869184 93824992301056 93824992468925 140737488338416 0 0 0 134217728 4 25184771 0 0 0 17 10 0 0 0 0 0 93824992533936 93824992571272 93824992575488 140737488340184 140737488340355 140737488340355 140737488351170 0
/proc/368785/statm: 24836 21394 2088 41 0 20915 0
Current children cumulated CPU time: 942.13 s
Current children cumulated vsize: 126252 KiB
Current children cumulated memory: 99192 KiB

[startup+1002.3 s]
/proc/loadavg: 14.02 14.19 13.04 15/818 368923
/proc/meminfo: memFree=367522384/528004504 swapFree=8388604/8388604
[pid=368781] ppid=368780 vsize=26908 memory=13616 CPUtime=0.07 cores=10-11
/proc/368781/stat : 368781 (perf) S 368780 368781 368739 0 -1 0 1737 237 0 0 6 1 0 0 20 0 1 0 922859269 27553792 3404 17179869184 93824994299904 93824996572973 140737488338256 0 0 0 134217728 4 74274 1 0 0 17 10 0 0 0 0 0 93824998874888 93825001005840 93825001308160 140737488340074 140737488340471 140737488340471 140737488351179 0
/proc/368781/statm: 6727 3404 2099 555 0 1769 0
[pid=368785] ppid=368781 vsize=102224 memory=87688 CPUtime=1002.06 cores=10-11
/proc/368785/stat : 368785 (clingo) R 368781 368781 368739 0 -1 0 20329 0 0 0 100201 5 0 0 20 0 1 0 922859277 104677376 21922 17179869184 93824992301056 93824992468925 140737488338416 0 0 0 134217728 4 25184771 0 0 0 17 10 0 0 0 0 0 93824992533936 93824992571272 93824992575488 140737488340184 140737488340355 140737488340355 140737488351170 0
/proc/368785/statm: 25556 21922 2088 41 0 21635 0
Current children cumulated CPU time: 1002.13 s
Current children cumulated vsize: 129132 KiB
Current children cumulated memory: 101304 KiB

[startup+1062.3 s]
/proc/loadavg: 14.37 14.25 13.13 15/818 368925
/proc/meminfo: memFree=367397660/528004504 swapFree=8388604/8388604
[pid=368781] ppid=368780 vsize=26908 memory=13616 CPUtime=0.07 cores=10-11
/proc/368781/stat : 368781 (perf) S 368780 368781 368739 0 -1 0 1737 237 0 0 6 1 0 0 20 0 1 0 922859269 27553792 3404 17179869184 93824994299904 93824996572973 140737488338256 0 0 0 134217728 4 74274 1 0 0 17 10 0 0 0 0 0 93824998874888 93825001005840 93825001308160 140737488340074 140737488340471 140737488340471 140737488351179 0
/proc/368781/statm: 6727 3404 2099 555 0 1769 0
[pid=368785] ppid=368781 vsize=104240 memory=89536 CPUtime=1062.06 cores=10-11
/proc/368785/stat : 368785 (clingo) R 368781 368781 368739 0 -1 0 20738 0 0 0 106201 5 0 0 20 0 1 0 922859277 106741760 22384 17179869184 93824992301056 93824992468925 140737488338416 0 0 0 134217728 4 25184771 0 0 0 17 10 0 0 0 0 0 93824992533936 93824992571272 93824992575488 140737488340184 140737488340355 140737488340355 140737488351170 0
/proc/368785/statm: 26060 22384 2088 41 0 22139 0
Current children cumulated CPU time: 1062.13 s
Current children cumulated vsize: 131148 KiB
Current children cumulated memory: 103152 KiB

[startup+1122.3 s]
/proc/loadavg: 14.14 14.20 13.19 15/818 368928
/proc/meminfo: memFree=367215212/528004504 swapFree=8388604/8388604
[pid=368781] ppid=368780 vsize=26908 memory=13616 CPUtime=0.07 cores=10-11
/proc/368781/stat : 368781 (perf) S 368780 368781 368739 0 -1 0 1737 237 0 0 6 1 0 0 20 0 1 0 922859269 27553792 3404 17179869184 93824994299904 93824996572973 140737488338256 0 0 0 134217728 4 74274 1 0 0 17 10 0 0 0 0 0 93824998874888 93825001005840 93825001308160 140737488340074 140737488340471 140737488340471 140737488351179 0
/proc/368781/statm: 6727 3404 2099 555 0 1769 0
[pid=368785] ppid=368781 vsize=107120 memory=91648 CPUtime=1122.06 cores=10-11
/proc/368785/stat : 368785 (clingo) R 368781 368781 368739 0 -1 0 21320 0 0 0 112201 5 0 0 20 0 1 0 922859277 109690880 22912 17179869184 93824992301056 93824992468925 140737488338416 0 0 0 134217728 4 25184771 0 0 0 17 10 0 0 0 0 0 93824992533936 93824992571272 93824992575488 140737488340184 140737488340355 140737488340355 140737488351170 0
/proc/368785/statm: 26780 22912 2088 41 0 22859 0
Current children cumulated CPU time: 1122.13 s
Current children cumulated vsize: 134028 KiB
Current children cumulated memory: 105264 KiB

[startup+1182.3 s]
/proc/loadavg: 14.05 14.16 13.24 15/827 370084
/proc/meminfo: memFree=384030316/528004504 swapFree=8388604/8388604
[pid=368781] ppid=368780 vsize=26908 memory=13616 CPUtime=0.07 cores=10-11
/proc/368781/stat : 368781 (perf) S 368780 368781 368739 0 -1 0 1737 237 0 0 6 1 0 0 20 0 1 0 922859269 27553792 3404 17179869184 93824994299904 93824996572973 140737488338256 0 0 0 134217728 4 74274 1 0 0 17 10 0 0 0 0 0 93824998874888 93825001005840 93825001308160 140737488340074 140737488340471 140737488340471 140737488351179 0
/proc/368781/statm: 6727 3404 2099 555 0 1769 0
[pid=368785] ppid=368781 vsize=108272 memory=92704 CPUtime=1182.06 cores=10-11
/proc/368785/stat : 368785 (clingo) R 368781 368781 368739 0 -1 0 21553 0 0 0 118201 5 0 0 20 0 1 0 922859277 110870528 23176 17179869184 93824992301056 93824992468925 140737488338416 0 0 0 134217728 4 25184771 0 0 0 17 10 0 0 0 0 0 93824992533936 93824992571272 93824992575488 140737488340184 140737488340355 140737488340355 140737488351170 0
/proc/368785/statm: 27068 23176 2088 41 0 23147 0
Current children cumulated CPU time: 1182.13 s
Current children cumulated vsize: 135180 KiB
Current children cumulated memory: 106320 KiB



Maximum wall clock time exceeded: sending SIGTERM then SIGKILL

[startup+1205 s]*
/proc/loadavg: 14.11 14.16 13.27 15/827 370394
/proc/meminfo: memFree=384111492/528004504 swapFree=8388604/8388604
[pid=368781] ppid=368780 vsize=26908 memory=13616 CPUtime=0.07 cores=10-11
/proc/368781/stat : 368781 (perf) S 368780 368781 368739 0 -1 0 1737 237 0 0 6 1 0 0 20 0 1 0 922859269 27553792 3404 17179869184 93824994299904 93824996572973 140737488338256 0 0 0 134217728 4 74274 1 0 0 17 10 0 0 0 0 0 93824998874888 93825001005840 93825001308160 140737488340074 140737488340471 140737488340471 140737488351179 0
/proc/368781/statm: 6727 3404 2099 555 0 1769 0
[pid=368785] ppid=368781 vsize=108272 memory=92704 CPUtime=1204.77 cores=10-11
/proc/368785/stat : 368785 (clingo) R 368781 368781 368739 0 -1 0 21575 0 0 0 120472 5 0 0 20 0 1 0 922859277 110870528 23176 17179869184 93824992301056 93824992468925 140737488338416 0 0 0 134217728 4 25184771 0 0 0 17 10 0 0 0 0 0 93824992533936 93824992571272 93824992575488 140737488340184 140737488340355 140737488340355 140737488351170 0
/proc/368785/statm: 27068 23176 2088 41 0 23147 0
Current children cumulated CPU time: 1204.84 s
Current children cumulated vsize: 135180 KiB
Current children cumulated memory: 106320 KiB

Sending SIGINT to process tree (bottom up)
Sleeping 5 seconds

[startup+1205.02 s]
# the end of solver process 368781 was just reported to runsolver
# cumulated CPU time of all completed processes:  user=1204.8 s, system=0.077392 s

Solver just ended.
??? end of watcher thread
Dumping a history of the last processes samples

Child status: 1
Real time (s): 1205.02
CPU time (s): 1204.88
CPU user time (s): 1204.8
CPU system time (s): 0.077392
CPU usage (%): 99.9877
Max. virtual memory (cumulated for all children) (KiB): 135180
Max. memory (cumulated for all children) (KiB): 106320

getrusage(RUSAGE_CHILDREN,...) data:
user time used= 1204.8
system time used= 0.077392
maximum resident set size= 92920
integral shared memory size= 0
integral unshared data size= 0
integral unshared stack size= 0
page reclaims= 23589
page faults= 0
swaps= 0
block input operations= 0
block output operations= 0
messages sent= 0
messages received= 0
signals received= 0
voluntary context switches= 17
involuntary context switches= 1036


# summary of solver processes directly reported to runsolver:
#   pid: 368781
#   total CPU time (s): 1204.88
#   total CPU user time (s): 1204.8
#   total CPU system time (s): 0.077392

??? end of timestamper thread
runsolver used 9.53245 second user time and 14.4263 second system time

The end
