runsolver version 3.4.0 (svn: 3018) Copyright (C) 2010-2013 Olivier ROUSSEL

This program is distributed in the hope that it will be useful,
but WITHOUT ANY WARRANTY; without even the implied warranty of
MERCHANTABILITY or FITNESS FOR A PARTICULAR PURPOSE.  See the
GNU General Public License for more details.

NUMA information:
  number of nodes: 2
  memory of node 0: 257635 MiB (185616 MiB free)
  memory of node 1: 257994 MiB (191235 MiB free)
  node distances:
     10  20
     20  10

command line: /dev/shm/3791b264-2e81-11f1-ac62-000c298f4621/input/runsolver -w /dev/shm/3791b264-2e81-11f1-ac62-000c298f4621/output/runsolver.log -v /dev/shm/3791b264-2e81-11f1-ac62-000c298f4621/output/varfile.log -W 1205 --rss-swap-limit 16384 -d 5 --sigint /usr/bin/perf stat -B -e task-clock,cache-references,cache-misses,cycles,instructions,branches,faults,migrations,context-switches -o /dev/shm/3791b264-2e81-11f1-ac62-000c298f4621/output/perf.log clingo /home/guests/mmacri/AMOSUM/benchmarks/GraphColouring/encoding-plain-amo.asp /dev/shm/3791b264-2e81-11f1-ac62-000c298f4621/input/0055-graph_colouring-150-0_5760.asp 

running on 2 cores: 8-9

Enforcing wall clock limit (soft limit, will send SIGTERM then SIGKILL): 1205 seconds
Enforcing RSS+Swap limit (soft limit, will send SIGTERM then SIGKILL): 16777216 KiB
Linux 5.15.0-131-generic
Current StackSize limit: 8192 KiB

solver pid=3554026, runsolver pid=3554017

[startup+0.100068 s]*
/proc/loadavg: 14.65 14.62 14.15 19/818 3554083
/proc/meminfo: memFree=385890644/528004520 swapFree=8388604/8388604
[pid=3554026] ppid=3554017 vsize=26908 memory=13612 CPUtime=0.07 cores=8-9
/proc/3554026/stat : 3554026 (perf) S 3554017 3554026 3553656 0 -1 0 1737 237 0 0 5 2 0 0 20 0 1 0 923119173 27553792 3403 17179869184 93824994299904 93824996572973 140737488338256 0 0 0 134217728 4 74274 1 0 0 17 8 0 0 0 0 0 93824998874888 93825001005840 93825001308160 140737488340073 140737488340470 140737488340470 140737488351179 0
/proc/3554026/statm: 6727 3403 2098 555 0 1769 0
[pid=3554075] ppid=3554026 vsize=18880 memory=10668 CPUtime=0.01 cores=8-9
/proc/3554075/stat : 3554075 (clingo) R 3554026 3554026 3553656 0 -1 0 870 0 0 0 1 0 0 0 20 0 1 0 923119182 19333120 2667 17179869184 93824992301056 93824992468925 140737488338416 0 0 0 134217728 4 25184771 0 0 0 17 9 0 0 0 0 0 93824992533936 93824992571272 93824992575488 140737488340183 140737488340354 140737488340354 140737488351170 0
/proc/3554075/statm: 4720 2667 2042 41 0 799 0
Current children cumulated CPU time: 0.08 s
Current children cumulated vsize: 45788 KiB
Current children cumulated memory: 24280 KiB

[startup+0.22577 s]*
/proc/loadavg: 15.08 14.71 14.19 17/830 3554106
/proc/meminfo: memFree=385864128/528004520 swapFree=8388604/8388604
[pid=3554026] ppid=3554017 vsize=26908 memory=13612 CPUtime=0.07 cores=8-9
/proc/3554026/stat : 3554026 (perf) S 3554017 3554026 3553656 0 -1 0 1737 237 0 0 5 2 0 0 20 0 1 0 923119173 27553792 3403 17179869184 93824994299904 93824996572973 140737488338256 0 0 0 134217728 4 74274 1 0 0 17 8 0 0 0 0 0 93824998874888 93825001005840 93825001308160 140737488340073 140737488340470 140737488340470 140737488351179 0
/proc/3554026/statm: 6727 3403 2098 555 0 1769 0
[pid=3554075] ppid=3554026 vsize=24880 memory=16704 CPUtime=0.13 cores=8-9
/proc/3554075/stat : 3554075 (clingo) R 3554026 3554026 3553656 0 -1 0 2445 0 0 0 13 0 0 0 20 0 1 0 923119182 25477120 4176 17179869184 93824992301056 93824992468925 140737488338416 0 0 0 134217728 4 25184771 0 0 0 17 9 0 0 0 0 0 93824992533936 93824992571272 93824992575488 140737488340183 140737488340354 140737488340354 140737488351170 0
/proc/3554075/statm: 6220 4176 2088 41 0 2299 0
Current children cumulated CPU time: 0.2 s
Current children cumulated vsize: 51788 KiB
Current children cumulated memory: 30316 KiB

[startup+0.334818 s]*
/proc/loadavg: 15.08 14.71 14.19 19/836 3554116
/proc/meminfo: memFree=385839192/528004520 swapFree=8388604/8388604
[pid=3554026] ppid=3554017 vsize=26908 memory=13612 CPUtime=0.07 cores=8-9
/proc/3554026/stat : 3554026 (perf) S 3554017 3554026 3553656 0 -1 0 1737 237 0 0 5 2 0 0 20 0 1 0 923119173 27553792 3403 17179869184 93824994299904 93824996572973 140737488338256 0 0 0 134217728 4 74274 1 0 0 17 8 0 0 0 0 0 93824998874888 93825001005840 93825001308160 140737488340073 140737488340470 140737488340470 140737488351179 0
/proc/3554026/statm: 6727 3403 2098 555 0 1769 0
[pid=3554075] ppid=3554026 vsize=26728 memory=18552 CPUtime=0.2 cores=8-9
/proc/3554075/stat : 3554075 (clingo) R 3554026 3554026 3553656 0 -1 0 2910 0 0 0 20 0 0 0 20 0 1 0 923119182 27369472 4638 17179869184 93824992301056 93824992468925 140737488338416 0 0 0 134217728 4 25184771 0 0 0 17 8 0 0 0 0 0 93824992533936 93824992571272 93824992575488 140737488340183 140737488340354 140737488340354 140737488351170 0
/proc/3554075/statm: 6682 4638 2088 41 0 2761 0
Current children cumulated CPU time: 0.27 s
Current children cumulated vsize: 53636 KiB
Current children cumulated memory: 32164 KiB

[startup+0.700327 s]
/proc/loadavg: 15.08 14.71 14.19 18/838 3554149
/proc/meminfo: memFree=385823860/528004520 swapFree=8388604/8388604
[pid=3554026] ppid=3554017 vsize=26908 memory=13612 CPUtime=0.07 cores=8-9
/proc/3554026/stat : 3554026 (perf) S 3554017 3554026 3553656 0 -1 0 1737 237 0 0 5 2 0 0 20 0 1 0 923119173 27553792 3403 17179869184 93824994299904 93824996572973 140737488338256 0 0 0 134217728 4 74274 1 0 0 17 8 0 0 0 0 0 93824998874888 93825001005840 93825001308160 140737488340073 140737488340470 140737488340470 140737488351179 0
/proc/3554026/statm: 6727 3403 2098 555 0 1769 0
[pid=3554075] ppid=3554026 vsize=29152 memory=21192 CPUtime=0.55 cores=8-9
/proc/3554075/stat : 3554075 (clingo) R 3554026 3554026 3553656 0 -1 0 3519 0 0 0 55 0 0 0 20 0 1 0 923119182 29851648 5298 17179869184 93824992301056 93824992468925 140737488338416 0 0 0 134217728 4 25184771 0 0 0 17 8 0 0 0 0 0 93824992533936 93824992571272 93824992575488 140737488340183 140737488340354 140737488340354 140737488351170 0
/proc/3554075/statm: 7288 5298 2088 41 0 3367 0
Current children cumulated CPU time: 0.62 s
Current children cumulated vsize: 56060 KiB
Current children cumulated memory: 34804 KiB

[startup+1.50033 s]
/proc/loadavg: 15.08 14.71 14.19 18/832 3554211
/proc/meminfo: memFree=385905616/528004520 swapFree=8388604/8388604
[pid=3554026] ppid=3554017 vsize=26908 memory=13612 CPUtime=0.07 cores=8-9
/proc/3554026/stat : 3554026 (perf) S 3554017 3554026 3553656 0 -1 0 1737 237 0 0 5 2 0 0 20 0 1 0 923119173 27553792 3403 17179869184 93824994299904 93824996572973 140737488338256 0 0 0 134217728 4 74274 1 0 0 17 8 0 0 0 0 0 93824998874888 93825001005840 93825001308160 140737488340073 140737488340470 140737488340470 140737488351179 0
/proc/3554026/statm: 6727 3403 2098 555 0 1769 0
[pid=3554075] ppid=3554026 vsize=31536 memory=23568 CPUtime=1.35 cores=8-9
/proc/3554075/stat : 3554075 (clingo) R 3554026 3554026 3553656 0 -1 0 4116 0 0 0 135 0 0 0 20 0 1 0 923119182 32292864 5892 17179869184 93824992301056 93824992468925 140737488338416 0 0 0 134217728 4 25184771 0 0 0 17 8 0 0 0 0 0 93824992533936 93824992571272 93824992575488 140737488340183 140737488340354 140737488340354 140737488351170 0
/proc/3554075/statm: 7884 5892 2088 41 0 3963 0
Current children cumulated CPU time: 1.42 s
Current children cumulated vsize: 58444 KiB
Current children cumulated memory: 37180 KiB

[startup+3.11823 s]
/proc/loadavg: 15.08 14.71 14.19 15/822 3554580
/proc/meminfo: memFree=386024228/528004520 swapFree=8388604/8388604
[pid=3554026] ppid=3554017 vsize=26908 memory=13612 CPUtime=0.07 cores=8-9
/proc/3554026/stat : 3554026 (perf) S 3554017 3554026 3553656 0 -1 0 1737 237 0 0 5 2 0 0 20 0 1 0 923119173 27553792 3403 17179869184 93824994299904 93824996572973 140737488338256 0 0 0 134217728 4 74274 1 0 0 17 8 0 0 0 0 0 93824998874888 93825001005840 93825001308160 140737488340073 140737488340470 140737488340470 140737488351179 0
/proc/3554026/statm: 6727 3403 2098 555 0 1769 0
[pid=3554075] ppid=3554026 vsize=32868 memory=24668 CPUtime=2.97 cores=8-9
/proc/3554075/stat : 3554075 (clingo) R 3554026 3554026 3553656 0 -1 0 4548 0 0 0 297 0 0 0 20 0 1 0 923119182 33656832 6167 17179869184 93824992301056 93824992468925 140737488338416 0 0 0 134217728 4 25184771 0 0 0 17 8 0 0 0 0 0 93824992533936 93824992571272 93824992575488 140737488340183 140737488340354 140737488340354 140737488351170 0
/proc/3554075/statm: 8217 6167 2088 41 0 4296 0
Current children cumulated CPU time: 3.04 s
Current children cumulated vsize: 59776 KiB
Current children cumulated memory: 38280 KiB

[startup+6.30027 s]
/proc/loadavg: 15.00 14.69 14.18 18/853 3555188
/proc/meminfo: memFree=385873276/528004520 swapFree=8388604/8388604
[pid=3554026] ppid=3554017 vsize=26908 memory=13612 CPUtime=0.07 cores=8-9
/proc/3554026/stat : 3554026 (perf) S 3554017 3554026 3553656 0 -1 0 1737 237 0 0 5 2 0 0 20 0 1 0 923119173 27553792 3403 17179869184 93824994299904 93824996572973 140737488338256 0 0 0 134217728 4 74274 1 0 0 17 8 0 0 0 0 0 93824998874888 93825001005840 93825001308160 140737488340073 140737488340470 140737488340470 140737488351179 0
/proc/3554026/statm: 6727 3403 2098 555 0 1769 0
[pid=3554075] ppid=3554026 vsize=36736 memory=28628 CPUtime=6.15 cores=8-9
/proc/3554075/stat : 3554075 (clingo) R 3554026 3554026 3553656 0 -1 0 5527 0 0 0 615 0 0 0 20 0 1 0 923119182 37617664 7157 17179869184 93824992301056 93824992468925 140737488338416 0 0 0 134217728 4 25184771 0 0 0 17 8 0 0 0 0 0 93824992533936 93824992571272 93824992575488 140737488340183 140737488340354 140737488340354 140737488351170 0
/proc/3554075/statm: 9184 7157 2088 41 0 5263 0
Current children cumulated CPU time: 6.22 s
Current children cumulated vsize: 63644 KiB
Current children cumulated memory: 42240 KiB

[startup+12.7003 s]
/proc/loadavg: 14.92 14.68 14.18 18/865 3555457
/proc/meminfo: memFree=385466100/528004520 swapFree=8388604/8388604
[pid=3554026] ppid=3554017 vsize=26908 memory=13612 CPUtime=0.07 cores=8-9
/proc/3554026/stat : 3554026 (perf) S 3554017 3554026 3553656 0 -1 0 1737 237 0 0 5 2 0 0 20 0 1 0 923119173 27553792 3403 17179869184 93824994299904 93824996572973 140737488338256 0 0 0 134217728 4 74274 1 0 0 17 8 0 0 0 0 0 93824998874888 93825001005840 93825001308160 140737488340073 140737488340470 140737488340470 140737488351179 0
/proc/3554026/statm: 6727 3403 2098 555 0 1769 0
[pid=3554075] ppid=3554026 vsize=41892 memory=33608 CPUtime=12.55 cores=8-9
/proc/3554075/stat : 3554075 (clingo) R 3554026 3554026 3553656 0 -1 0 6863 0 0 0 1254 1 0 0 20 0 1 0 923119182 42897408 8402 17179869184 93824992301056 93824992468925 140737488338416 0 0 0 134217728 4 25184771 0 0 0 17 8 0 0 0 0 0 93824992533936 93824992571272 93824992575488 140737488340183 140737488340354 140737488340354 140737488351170 0
/proc/3554075/statm: 10473 8402 2088 41 0 6552 0
Current children cumulated CPU time: 12.62 s
Current children cumulated vsize: 68800 KiB
Current children cumulated memory: 47220 KiB

[startup+25.5004 s]
/proc/loadavg: 14.77 14.66 14.18 18/865 3555566
/proc/meminfo: memFree=385382156/528004520 swapFree=8388604/8388604
[pid=3554026] ppid=3554017 vsize=26908 memory=13612 CPUtime=0.07 cores=8-9
/proc/3554026/stat : 3554026 (perf) S 3554017 3554026 3553656 0 -1 0 1737 237 0 0 5 2 0 0 20 0 1 0 923119173 27553792 3403 17179869184 93824994299904 93824996572973 140737488338256 0 0 0 134217728 4 74274 1 0 0 17 8 0 0 0 0 0 93824998874888 93825001005840 93825001308160 140737488340073 140737488340470 140737488340470 140737488351179 0
/proc/3554026/statm: 6727 3403 2098 555 0 1769 0
[pid=3554075] ppid=3554026 vsize=49248 memory=40472 CPUtime=25.36 cores=8-9
/proc/3554075/stat : 3554075 (clingo) R 3554026 3554026 3553656 0 -1 0 8604 0 0 0 2534 2 0 0 20 0 1 0 923119182 50429952 10118 17179869184 93824992301056 93824992468925 140737488338416 0 0 0 134217728 4 25184771 0 0 0 17 8 0 0 0 0 0 93824992533936 93824992571272 93824992575488 140737488340183 140737488340354 140737488340354 140737488351170 0
/proc/3554075/statm: 12312 10118 2088 41 0 8391 0
Current children cumulated CPU time: 25.43 s
Current children cumulated vsize: 76156 KiB
Current children cumulated memory: 54084 KiB

[startup+51.1196 s]
/proc/loadavg: 14.55 14.61 14.18 18/865 3555674
/proc/meminfo: memFree=385183944/528004520 swapFree=8388604/8388604
[pid=3554026] ppid=3554017 vsize=26908 memory=13612 CPUtime=0.07 cores=8-9
/proc/3554026/stat : 3554026 (perf) S 3554017 3554026 3553656 0 -1 0 1737 237 0 0 5 2 0 0 20 0 1 0 923119173 27553792 3403 17179869184 93824994299904 93824996572973 140737488338256 0 0 0 134217728 4 74274 1 0 0 17 8 0 0 0 0 0 93824998874888 93825001005840 93825001308160 140737488340073 140737488340470 140737488340470 140737488351179 0
/proc/3554026/statm: 6727 3403 2098 555 0 1769 0
[pid=3554075] ppid=3554026 vsize=57780 memory=48252 CPUtime=50.98 cores=8-9
/proc/3554075/stat : 3554075 (clingo) R 3554026 3554026 3553656 0 -1 0 10776 0 0 0 5095 3 0 0 20 0 1 0 923119182 59166720 12063 17179869184 93824992301056 93824992468925 140737488338416 0 0 0 134217728 4 25184771 0 0 0 17 8 0 0 0 0 0 93824992533936 93824992571272 93824992575488 140737488340183 140737488340354 140737488340354 140737488351170 0
/proc/3554075/statm: 14445 12063 2088 41 0 10524 0
Current children cumulated CPU time: 51.05 s
Current children cumulated vsize: 84688 KiB
Current children cumulated memory: 61864 KiB

[startup+102.3 s]
/proc/loadavg: 14.80 14.67 14.22 18/867 3555679
/proc/meminfo: memFree=384685824/528004520 swapFree=8388604/8388604
[pid=3554026] ppid=3554017 vsize=26908 memory=13612 CPUtime=0.07 cores=8-9
/proc/3554026/stat : 3554026 (perf) S 3554017 3554026 3553656 0 -1 0 1737 237 0 0 5 2 0 0 20 0 1 0 923119173 27553792 3403 17179869184 93824994299904 93824996572973 140737488338256 0 0 0 134217728 4 74274 1 0 0 17 8 0 0 0 0 0 93824998874888 93825001005840 93825001308160 140737488340073 140737488340470 140737488340470 140737488351179 0
/proc/3554026/statm: 6727 3403 2098 555 0 1769 0
[pid=3554075] ppid=3554026 vsize=72740 memory=62048 CPUtime=102.15 cores=8-9
/proc/3554075/stat : 3554075 (clingo) R 3554026 3554026 3553656 0 -1 0 14626 0 0 0 10212 3 0 0 20 0 1 0 923119182 74485760 15512 17179869184 93824992301056 93824992468925 140737488338416 0 0 0 134217728 4 25184771 0 0 0 17 8 0 0 0 0 0 93824992533936 93824992571272 93824992575488 140737488340183 140737488340354 140737488340354 140737488351170 0
/proc/3554075/statm: 18185 15512 2088 41 0 14264 0
Current children cumulated CPU time: 102.22 s
Current children cumulated vsize: 99648 KiB
Current children cumulated memory: 75660 KiB

[startup+162.3 s]
/proc/loadavg: 14.29 14.55 14.21 18/867 3555682
/proc/meminfo: memFree=384544320/528004520 swapFree=8388604/8388604
[pid=3554026] ppid=3554017 vsize=26908 memory=13612 CPUtime=0.07 cores=8-9
/proc/3554026/stat : 3554026 (perf) S 3554017 3554026 3553656 0 -1 0 1737 237 0 0 5 2 0 0 20 0 1 0 923119173 27553792 3403 17179869184 93824994299904 93824996572973 140737488338256 0 0 0 134217728 4 74274 1 0 0 17 8 0 0 0 0 0 93824998874888 93825001005840 93825001308160 140737488340073 140737488340470 140737488340470 140737488351179 0
/proc/3554026/statm: 6727 3403 2098 555 0 1769 0
[pid=3554075] ppid=3554026 vsize=81860 memory=70584 CPUtime=162.16 cores=8-9
/proc/3554075/stat : 3554075 (clingo) R 3554026 3554026 3553656 0 -1 0 17362 0 0 0 16211 5 0 0 20 0 1 0 923119182 83824640 17646 17179869184 93824992301056 93824992468925 140737488338416 0 0 0 134217728 4 25184771 0 0 0 17 8 0 0 0 0 0 93824992533936 93824992571272 93824992575488 140737488340183 140737488340354 140737488340354 140737488351170 0
/proc/3554075/statm: 20465 17646 2088 41 0 16544 0
Current children cumulated CPU time: 162.23 s
Current children cumulated vsize: 108768 KiB
Current children cumulated memory: 84196 KiB

[startup+222.3 s]
/proc/loadavg: 14.25 14.48 14.20 18/867 3555686
/proc/meminfo: memFree=384382096/528004520 swapFree=8388604/8388604
[pid=3554026] ppid=3554017 vsize=26908 memory=13612 CPUtime=0.07 cores=8-9
/proc/3554026/stat : 3554026 (perf) S 3554017 3554026 3553656 0 -1 0 1737 237 0 0 5 2 0 0 20 0 1 0 923119173 27553792 3403 17179869184 93824994299904 93824996572973 140737488338256 0 0 0 134217728 4 74274 1 0 0 17 8 0 0 0 0 0 93824998874888 93825001005840 93825001308160 140737488340073 140737488340470 140737488340470 140737488351179 0
/proc/3554026/statm: 6727 3403 2098 555 0 1769 0
[pid=3554075] ppid=3554026 vsize=94368 memory=82624 CPUtime=222.15 cores=8-9
/proc/3554075/stat : 3554075 (clingo) R 3554026 3554026 3553656 0 -1 0 20470 0 0 0 22209 6 0 0 20 0 1 0 923119182 96632832 20656 17179869184 93824992301056 93824992468925 140737488338416 0 0 0 134217728 4 25184771 0 0 0 17 8 0 0 0 0 0 93824992533936 93824992571272 93824992575488 140737488340183 140737488340354 140737488340354 140737488351170 0
/proc/3554075/statm: 23592 20656 2088 41 0 19671 0
Current children cumulated CPU time: 222.22 s
Current children cumulated vsize: 121276 KiB
Current children cumulated memory: 96236 KiB

[startup+282.3 s]
/proc/loadavg: 14.09 14.39 14.18 18/867 3555687
/proc/meminfo: memFree=384195268/528004520 swapFree=8388604/8388604
[pid=3554026] ppid=3554017 vsize=26908 memory=13612 CPUtime=0.07 cores=8-9
/proc/3554026/stat : 3554026 (perf) S 3554017 3554026 3553656 0 -1 0 1737 237 0 0 5 2 0 0 20 0 1 0 923119173 27553792 3403 17179869184 93824994299904 93824996572973 140737488338256 0 0 0 134217728 4 74274 1 0 0 17 8 0 0 0 0 0 93824998874888 93825001005840 93825001308160 140737488340073 140737488340470 140737488340470 140737488351179 0
/proc/3554026/statm: 6727 3403 2098 555 0 1769 0
[pid=3554075] ppid=3554026 vsize=103044 memory=90416 CPUtime=282.16 cores=8-9
/proc/3554075/stat : 3554075 (clingo) R 3554026 3554026 3553656 0 -1 0 22705 0 0 0 28209 7 0 0 20 0 1 0 923119182 105517056 22604 17179869184 93824992301056 93824992468925 140737488338416 0 0 0 134217728 4 25184771 0 0 0 17 8 0 0 0 0 0 93824992533936 93824992571272 93824992575488 140737488340183 140737488340354 140737488340354 140737488351170 0
/proc/3554075/statm: 25761 22604 2088 41 0 21840 0
Current children cumulated CPU time: 282.23 s
Current children cumulated vsize: 129952 KiB
Current children cumulated memory: 104028 KiB

[startup+342.3 s]
/proc/loadavg: 14.30 14.41 14.20 18/845 3555801
/proc/meminfo: memFree=384082472/528004520 swapFree=8388604/8388604
[pid=3554026] ppid=3554017 vsize=26908 memory=13612 CPUtime=0.07 cores=8-9
/proc/3554026/stat : 3554026 (perf) S 3554017 3554026 3553656 0 -1 0 1737 237 0 0 5 2 0 0 20 0 1 0 923119173 27553792 3403 17179869184 93824994299904 93824996572973 140737488338256 0 0 0 134217728 4 74274 1 0 0 17 8 0 0 0 0 0 93824998874888 93825001005840 93825001308160 140737488340073 140737488340470 140737488340470 140737488351179 0
/proc/3554026/statm: 6727 3403 2098 555 0 1769 0
[pid=3554075] ppid=3554026 vsize=111716 memory=98600 CPUtime=342.15 cores=8-9
/proc/3554075/stat : 3554075 (clingo) R 3554026 3554026 3553656 0 -1 0 24782 0 0 0 34208 7 0 0 20 0 1 0 923119182 114397184 24650 17179869184 93824992301056 93824992468925 140737488338416 0 0 0 134217728 4 25184771 0 0 0 17 8 0 0 0 0 0 93824992533936 93824992571272 93824992575488 140737488340183 140737488340354 140737488340354 140737488351170 0
/proc/3554075/statm: 27929 24650 2088 41 0 24008 0
Current children cumulated CPU time: 342.22 s
Current children cumulated vsize: 138624 KiB
Current children cumulated memory: 112212 KiB

[startup+402.3 s]
/proc/loadavg: 14.11 14.33 14.18 18/844 3555804
/proc/meminfo: memFree=383812816/528004520 swapFree=8388604/8388604
[pid=3554026] ppid=3554017 vsize=26908 memory=13612 CPUtime=0.07 cores=8-9
/proc/3554026/stat : 3554026 (perf) S 3554017 3554026 3553656 0 -1 0 1737 237 0 0 5 2 0 0 20 0 1 0 923119173 27553792 3403 17179869184 93824994299904 93824996572973 140737488338256 0 0 0 134217728 4 74274 1 0 0 17 8 0 0 0 0 0 93824998874888 93825001005840 93825001308160 140737488340073 140737488340470 140737488340470 140737488351179 0
/proc/3554026/statm: 6727 3403 2098 555 0 1769 0
[pid=3554075] ppid=3554026 vsize=116368 memory=102976 CPUtime=402.15 cores=8-9
/proc/3554075/stat : 3554075 (clingo) R 3554026 3554026 3553656 0 -1 0 26334 0 0 0 40208 7 0 0 20 0 1 0 923119182 119160832 25744 17179869184 93824992301056 93824992468925 140737488338416 0 0 0 134217728 4 25184771 0 0 0 17 8 0 0 0 0 0 93824992533936 93824992571272 93824992575488 140737488340183 140737488340354 140737488340354 140737488351170 0
/proc/3554075/statm: 29092 25744 2088 41 0 25171 0
Current children cumulated CPU time: 402.22 s
Current children cumulated vsize: 143276 KiB
Current children cumulated memory: 116588 KiB

[startup+462.3 s]
/proc/loadavg: 14.12 14.28 14.18 18/844 3555807
/proc/meminfo: memFree=383663632/528004520 swapFree=8388604/8388604
[pid=3554026] ppid=3554017 vsize=26908 memory=13612 CPUtime=0.07 cores=8-9
/proc/3554026/stat : 3554026 (perf) S 3554017 3554026 3553656 0 -1 0 1737 237 0 0 5 2 0 0 20 0 1 0 923119173 27553792 3403 17179869184 93824994299904 93824996572973 140737488338256 0 0 0 134217728 4 74274 1 0 0 17 8 0 0 0 0 0 93824998874888 93825001005840 93825001308160 140737488340073 140737488340470 140737488340470 140737488351179 0
/proc/3554026/statm: 6727 3403 2098 555 0 1769 0
[pid=3554075] ppid=3554026 vsize=121616 memory=107464 CPUtime=462.15 cores=8-9
/proc/3554075/stat : 3554075 (clingo) R 3554026 3554026 3553656 0 -1 0 27467 0 0 0 46207 8 0 0 20 0 1 0 923119182 124534784 26866 17179869184 93824992301056 93824992468925 140737488338416 0 0 0 134217728 4 25184771 0 0 0 17 8 0 0 0 0 0 93824992533936 93824992571272 93824992575488 140737488340183 140737488340354 140737488340354 140737488351170 0
/proc/3554075/statm: 30404 26866 2088 41 0 26483 0
Current children cumulated CPU time: 462.22 s
Current children cumulated vsize: 148524 KiB
Current children cumulated memory: 121076 KiB

[startup+522.3 s]
/proc/loadavg: 14.04 14.23 14.16 18/844 3555811
/proc/meminfo: memFree=383503816/528004520 swapFree=8388604/8388604
[pid=3554026] ppid=3554017 vsize=26908 memory=13612 CPUtime=0.07 cores=8-9
/proc/3554026/stat : 3554026 (perf) S 3554017 3554026 3553656 0 -1 0 1737 237 0 0 5 2 0 0 20 0 1 0 923119173 27553792 3403 17179869184 93824994299904 93824996572973 140737488338256 0 0 0 134217728 4 74274 1 0 0 17 8 0 0 0 0 0 93824998874888 93825001005840 93825001308160 140737488340073 140737488340470 140737488340470 140737488351179 0
/proc/3554026/statm: 6727 3403 2098 555 0 1769 0
[pid=3554075] ppid=3554026 vsize=127244 memory=112480 CPUtime=522.15 cores=8-9
/proc/3554075/stat : 3554075 (clingo) R 3554026 3554026 3553656 0 -1 0 28710 0 0 0 52206 9 0 0 20 0 1 0 923119182 130297856 28120 17179869184 93824992301056 93824992468925 140737488338416 0 0 0 134217728 4 25184771 0 0 0 17 8 0 0 0 0 0 93824992533936 93824992571272 93824992575488 140737488340183 140737488340354 140737488340354 140737488351170 0
/proc/3554075/statm: 31811 28120 2088 41 0 27890 0
Current children cumulated CPU time: 522.22 s
Current children cumulated vsize: 154152 KiB
Current children cumulated memory: 126092 KiB

[startup+582.3 s]
/proc/loadavg: 14.24 14.24 14.17 18/844 3555815
/proc/meminfo: memFree=383354188/528004520 swapFree=8388604/8388604
[pid=3554026] ppid=3554017 vsize=26908 memory=13612 CPUtime=0.07 cores=8-9
/proc/3554026/stat : 3554026 (perf) S 3554017 3554026 3553656 0 -1 0 1737 237 0 0 5 2 0 0 20 0 1 0 923119173 27553792 3403 17179869184 93824994299904 93824996572973 140737488338256 0 0 0 134217728 4 74274 1 0 0 17 8 0 0 0 0 0 93824998874888 93825001005840 93825001308160 140737488340073 140737488340470 140737488340470 140737488351179 0
/proc/3554026/statm: 6727 3403 2098 555 0 1769 0
[pid=3554075] ppid=3554026 vsize=132852 memory=117204 CPUtime=582.14 cores=8-9
/proc/3554075/stat : 3554075 (clingo) R 3554026 3554026 3553656 0 -1 0 30028 0 0 0 58205 9 0 0 20 0 1 0 923119182 136040448 29301 17179869184 93824992301056 93824992468925 140737488338416 0 0 0 134217728 4 25184771 0 0 0 17 8 0 0 0 0 0 93824992533936 93824992571272 93824992575488 140737488340183 140737488340354 140737488340354 140737488351170 0
/proc/3554075/statm: 33213 29301 2088 41 0 29292 0
Current children cumulated CPU time: 582.21 s
Current children cumulated vsize: 159760 KiB
Current children cumulated memory: 130816 KiB

[startup+642.3 s]
/proc/loadavg: 14.37 14.28 14.19 18/838 3555816
/proc/meminfo: memFree=383259404/528004520 swapFree=8388604/8388604
[pid=3554026] ppid=3554017 vsize=26908 memory=13612 CPUtime=0.07 cores=8-9
/proc/3554026/stat : 3554026 (perf) S 3554017 3554026 3553656 0 -1 0 1737 237 0 0 5 2 0 0 20 0 1 0 923119173 27553792 3403 17179869184 93824994299904 93824996572973 140737488338256 0 0 0 134217728 4 74274 1 0 0 17 8 0 0 0 0 0 93824998874888 93825001005840 93825001308160 140737488340073 140737488340470 140737488340470 140737488351179 0
/proc/3554026/statm: 6727 3403 2098 555 0 1769 0
[pid=3554075] ppid=3554026 vsize=135504 memory=119580 CPUtime=642.14 cores=8-9
/proc/3554075/stat : 3554075 (clingo) R 3554026 3554026 3553656 0 -1 0 30641 0 0 0 64205 9 0 0 20 0 1 0 923119182 138756096 29895 17179869184 93824992301056 93824992468925 140737488338416 0 0 0 134217728 4 25184771 0 0 0 17 8 0 0 0 0 0 93824992533936 93824992571272 93824992575488 140737488340183 140737488340354 140737488340354 140737488351170 0
/proc/3554075/statm: 33876 29895 2088 41 0 29955 0
Current children cumulated CPU time: 642.21 s
Current children cumulated vsize: 162412 KiB
Current children cumulated memory: 133192 KiB

[startup+702.3 s]
/proc/loadavg: 14.13 14.23 14.18 18/838 3555819
/proc/meminfo: memFree=383234488/528004520 swapFree=8388604/8388604
[pid=3554026] ppid=3554017 vsize=26908 memory=13612 CPUtime=0.07 cores=8-9
/proc/3554026/stat : 3554026 (perf) S 3554017 3554026 3553656 0 -1 0 1737 237 0 0 5 2 0 0 20 0 1 0 923119173 27553792 3403 17179869184 93824994299904 93824996572973 140737488338256 0 0 0 134217728 4 74274 1 0 0 17 8 0 0 0 0 0 93824998874888 93825001005840 93825001308160 140737488340073 140737488340470 140737488340470 140737488351179 0
/proc/3554026/statm: 6727 3403 2098 555 0 1769 0
[pid=3554075] ppid=3554026 vsize=140192 memory=123540 CPUtime=702.14 cores=8-9
/proc/3554075/stat : 3554075 (clingo) R 3554026 3554026 3553656 0 -1 0 31648 0 0 0 70205 9 0 0 20 0 1 0 923119182 143556608 30885 17179869184 93824992301056 93824992468925 140737488338416 0 0 0 134217728 4 25184771 0 0 0 17 8 0 0 0 0 0 93824992533936 93824992571272 93824992575488 140737488340183 140737488340354 140737488340354 140737488351170 0
/proc/3554075/statm: 35048 30885 2088 41 0 31127 0
Current children cumulated CPU time: 702.21 s
Current children cumulated vsize: 167100 KiB
Current children cumulated memory: 137152 KiB

[startup+762.3 s]
/proc/loadavg: 14.08 14.20 14.17 18/838 3555820
/proc/meminfo: memFree=383118740/528004520 swapFree=8388604/8388604
[pid=3554026] ppid=3554017 vsize=26908 memory=13612 CPUtime=0.07 cores=8-9
/proc/3554026/stat : 3554026 (perf) S 3554017 3554026 3553656 0 -1 0 1737 237 0 0 5 2 0 0 20 0 1 0 923119173 27553792 3403 17179869184 93824994299904 93824996572973 140737488338256 0 0 0 134217728 4 74274 1 0 0 17 8 0 0 0 0 0 93824998874888 93825001005840 93825001308160 140737488340073 140737488340470 140737488340470 140737488351179 0
/proc/3554026/statm: 6727 3403 2098 555 0 1769 0
[pid=3554075] ppid=3554026 vsize=147780 memory=130140 CPUtime=762.15 cores=8-9
/proc/3554075/stat : 3554075 (clingo) R 3554026 3554026 3553656 0 -1 0 33251 0 0 0 76205 10 0 0 20 0 1 0 923119182 151326720 32535 17179869184 93824992301056 93824992468925 140737488338416 0 0 0 134217728 4 25184771 0 0 0 17 8 0 0 0 0 0 93824992533936 93824992571272 93824992575488 140737488340183 140737488340354 140737488340354 140737488351170 0
/proc/3554075/statm: 36945 32535 2088 41 0 33024 0
Current children cumulated CPU time: 762.22 s
Current children cumulated vsize: 174688 KiB
Current children cumulated memory: 143752 KiB

[startup+822.3 s]
/proc/loadavg: 14.03 14.16 14.16 18/838 3555821
/proc/meminfo: memFree=383026124/528004520 swapFree=8388604/8388604
[pid=3554026] ppid=3554017 vsize=26908 memory=13612 CPUtime=0.07 cores=8-9
/proc/3554026/stat : 3554026 (perf) S 3554017 3554026 3553656 0 -1 0 1737 237 0 0 5 2 0 0 20 0 1 0 923119173 27553792 3403 17179869184 93824994299904 93824996572973 140737488338256 0 0 0 134217728 4 74274 1 0 0 17 8 0 0 0 0 0 93824998874888 93825001005840 93825001308160 140737488340073 140737488340470 140737488340470 140737488351179 0
/proc/3554026/statm: 6727 3403 2098 555 0 1769 0
[pid=3554075] ppid=3554026 vsize=151100 memory=132780 CPUtime=822.15 cores=8-9
/proc/3554075/stat : 3554075 (clingo) R 3554026 3554026 3553656 0 -1 0 33955 0 0 0 82205 10 0 0 20 0 1 0 923119182 154726400 33195 17179869184 93824992301056 93824992468925 140737488338416 0 0 0 134217728 4 25184771 0 0 0 17 8 0 0 0 0 0 93824992533936 93824992571272 93824992575488 140737488340183 140737488340354 140737488340354 140737488351170 0
/proc/3554075/statm: 37775 33195 2088 41 0 33854 0
Current children cumulated CPU time: 822.22 s
Current children cumulated vsize: 178008 KiB
Current children cumulated memory: 146392 KiB

[startup+882.3 s]
/proc/loadavg: 14.20 14.18 14.16 18/838 3555866
/proc/meminfo: memFree=382939540/528004520 swapFree=8388604/8388604
[pid=3554026] ppid=3554017 vsize=26908 memory=13612 CPUtime=0.07 cores=8-9
/proc/3554026/stat : 3554026 (perf) S 3554017 3554026 3553656 0 -1 0 1737 237 0 0 5 2 0 0 20 0 1 0 923119173 27553792 3403 17179869184 93824994299904 93824996572973 140737488338256 0 0 0 134217728 4 74274 1 0 0 17 8 0 0 0 0 0 93824998874888 93825001005840 93825001308160 140737488340073 140737488340470 140737488340470 140737488351179 0
/proc/3554026/statm: 6727 3403 2098 555 0 1769 0
[pid=3554075] ppid=3554026 vsize=154712 memory=136212 CPUtime=882.15 cores=8-9
/proc/3554075/stat : 3554075 (clingo) R 3554026 3554026 3553656 0 -1 0 34812 0 0 0 88204 11 0 0 20 0 1 0 923119182 158425088 34053 17179869184 93824992301056 93824992468925 140737488338416 0 0 0 134217728 4 25184771 0 0 0 17 8 0 0 0 0 0 93824992533936 93824992571272 93824992575488 140737488340183 140737488340354 140737488340354 140737488351170 0
/proc/3554075/statm: 38678 34053 2088 41 0 34757 0
Current children cumulated CPU time: 882.22 s
Current children cumulated vsize: 181620 KiB
Current children cumulated memory: 149824 KiB

[startup+942.3 s]
/proc/loadavg: 14.18 14.18 14.17 18/838 3555867
/proc/meminfo: memFree=382867840/528004520 swapFree=8388604/8388604
[pid=3554026] ppid=3554017 vsize=26908 memory=13612 CPUtime=0.07 cores=8-9
/proc/3554026/stat : 3554026 (perf) S 3554017 3554026 3553656 0 -1 0 1737 237 0 0 5 2 0 0 20 0 1 0 923119173 27553792 3403 17179869184 93824994299904 93824996572973 140737488338256 0 0 0 134217728 4 74274 1 0 0 17 8 0 0 0 0 0 93824998874888 93825001005840 93825001308160 140737488340073 140737488340470 140737488340470 140737488351179 0
/proc/3554026/statm: 6727 3403 2098 555 0 1769 0
[pid=3554075] ppid=3554026 vsize=158420 memory=139908 CPUtime=942.15 cores=8-9
/proc/3554075/stat : 3554075 (clingo) R 3554026 3554026 3553656 0 -1 0 35701 0 0 0 94204 11 0 0 20 0 1 0 923119182 162222080 34977 17179869184 93824992301056 93824992468925 140737488338416 0 0 0 134217728 4 25184771 0 0 0 17 8 0 0 0 0 0 93824992533936 93824992571272 93824992575488 140737488340183 140737488340354 140737488340354 140737488351170 0
/proc/3554075/statm: 39605 34977 2088 41 0 35684 0
Current children cumulated CPU time: 942.22 s
Current children cumulated vsize: 185328 KiB
Current children cumulated memory: 153520 KiB

[startup+1002.3 s]
/proc/loadavg: 14.10 14.16 14.16 18/838 3555868
/proc/meminfo: memFree=382816680/528004520 swapFree=8388604/8388604
[pid=3554026] ppid=3554017 vsize=26908 memory=13612 CPUtime=0.07 cores=8-9
/proc/3554026/stat : 3554026 (perf) S 3554017 3554026 3553656 0 -1 0 1737 237 0 0 5 2 0 0 20 0 1 0 923119173 27553792 3403 17179869184 93824994299904 93824996572973 140737488338256 0 0 0 134217728 4 74274 1 0 0 17 8 0 0 0 0 0 93824998874888 93825001005840 93825001308160 140737488340073 140737488340470 140737488340470 140737488351179 0
/proc/3554026/statm: 6727 3403 2098 555 0 1769 0
[pid=3554075] ppid=3554026 vsize=160144 memory=141756 CPUtime=1002.15 cores=8-9
/proc/3554075/stat : 3554075 (clingo) R 3554026 3554026 3553656 0 -1 0 36177 0 0 0 100204 11 0 0 20 0 1 0 923119182 163987456 35439 17179869184 93824992301056 93824992468925 140737488338416 0 0 0 134217728 4 25184771 0 0 0 17 8 0 0 0 0 0 93824992533936 93824992571272 93824992575488 140737488340183 140737488340354 140737488340354 140737488351170 0
/proc/3554075/statm: 40036 35439 2088 41 0 36115 0
Current children cumulated CPU time: 1002.22 s
Current children cumulated vsize: 187052 KiB
Current children cumulated memory: 155368 KiB

[startup+1062.3 s]
/proc/loadavg: 14.08 14.15 14.16 18/838 3555869
/proc/meminfo: memFree=382688452/528004520 swapFree=8388604/8388604
[pid=3554026] ppid=3554017 vsize=26908 memory=13612 CPUtime=0.07 cores=8-9
/proc/3554026/stat : 3554026 (perf) S 3554017 3554026 3553656 0 -1 0 1737 237 0 0 5 2 0 0 20 0 1 0 923119173 27553792 3403 17179869184 93824994299904 93824996572973 140737488338256 0 0 0 134217728 4 74274 1 0 0 17 8 0 0 0 0 0 93824998874888 93825001005840 93825001308160 140737488340073 140737488340470 140737488340470 140737488351179 0
/proc/3554026/statm: 6727 3403 2098 555 0 1769 0
[pid=3554075] ppid=3554026 vsize=162336 memory=144132 CPUtime=1062.14 cores=8-9
/proc/3554075/stat : 3554075 (clingo) R 3554026 3554026 3553656 0 -1 0 36757 0 0 0 106203 11 0 0 20 0 1 0 923119182 166232064 36033 17179869184 93824992301056 93824992468925 140737488338416 0 0 0 134217728 4 25184771 0 0 0 17 8 0 0 0 0 0 93824992533936 93824992571272 93824992575488 140737488340183 140737488340354 140737488340354 140737488351170 0
/proc/3554075/statm: 40584 36033 2088 41 0 36663 0
Current children cumulated CPU time: 1062.21 s
Current children cumulated vsize: 189244 KiB
Current children cumulated memory: 157744 KiB

[startup+1122.3 s]
/proc/loadavg: 15.84 14.56 14.30 18/838 3555871
/proc/meminfo: memFree=382667572/528004520 swapFree=8388604/8388604
[pid=3554026] ppid=3554017 vsize=26908 memory=13612 CPUtime=0.07 cores=8-9
/proc/3554026/stat : 3554026 (perf) S 3554017 3554026 3553656 0 -1 0 1737 237 0 0 5 2 0 0 20 0 1 0 923119173 27553792 3403 17179869184 93824994299904 93824996572973 140737488338256 0 0 0 134217728 4 74274 1 0 0 17 8 0 0 0 0 0 93824998874888 93825001005840 93825001308160 140737488340073 140737488340470 140737488340470 140737488351179 0
/proc/3554026/statm: 6727 3403 2098 555 0 1769 0
[pid=3554075] ppid=3554026 vsize=166036 memory=147564 CPUtime=1122.14 cores=8-9
/proc/3554075/stat : 3554075 (clingo) R 3554026 3554026 3553656 0 -1 0 37640 0 0 0 112203 11 0 0 20 0 1 0 923119182 170020864 36891 17179869184 93824992301056 93824992468925 140737488338416 0 0 0 134217728 4 25184771 0 0 0 17 8 0 0 0 0 0 93824992533936 93824992571272 93824992575488 140737488340183 140737488340354 140737488340354 140737488351170 0
/proc/3554075/statm: 41509 36891 2088 41 0 37588 0
Current children cumulated CPU time: 1122.21 s
Current children cumulated vsize: 192944 KiB
Current children cumulated memory: 161176 KiB

[startup+1182.3 s]
/proc/loadavg: 14.90 14.54 14.30 18/838 3555873
/proc/meminfo: memFree=382574796/528004520 swapFree=8388604/8388604
[pid=3554026] ppid=3554017 vsize=26908 memory=13612 CPUtime=0.07 cores=8-9
/proc/3554026/stat : 3554026 (perf) S 3554017 3554026 3553656 0 -1 0 1737 237 0 0 5 2 0 0 20 0 1 0 923119173 27553792 3403 17179869184 93824994299904 93824996572973 140737488338256 0 0 0 134217728 4 74274 1 0 0 17 8 0 0 0 0 0 93824998874888 93825001005840 93825001308160 140737488340073 140737488340470 140737488340470 140737488351179 0
/proc/3554026/statm: 6727 3403 2098 555 0 1769 0
[pid=3554075] ppid=3554026 vsize=169084 memory=150204 CPUtime=1182.14 cores=8-9
/proc/3554075/stat : 3554075 (clingo) R 3554026 3554026 3553656 0 -1 0 38319 0 0 0 118203 11 0 0 20 0 1 0 923119182 173142016 37551 17179869184 93824992301056 93824992468925 140737488338416 0 0 0 134217728 4 25184771 0 0 0 17 8 0 0 0 0 0 93824992533936 93824992571272 93824992575488 140737488340183 140737488340354 140737488340354 140737488351170 0
/proc/3554075/statm: 42271 37551 2088 41 0 38350 0
Current children cumulated CPU time: 1182.21 s
Current children cumulated vsize: 195992 KiB
Current children cumulated memory: 163816 KiB



Maximum wall clock time exceeded: sending SIGTERM then SIGKILL

[startup+1205 s]*
/proc/loadavg: 14.64 14.50 14.30 18/838 3555873
/proc/meminfo: memFree=382568420/528004520 swapFree=8388604/8388604
[pid=3554026] ppid=3554017 vsize=26908 memory=13612 CPUtime=0.07 cores=8-9
/proc/3554026/stat : 3554026 (perf) S 3554017 3554026 3553656 0 -1 0 1737 237 0 0 5 2 0 0 20 0 1 0 923119173 27553792 3403 17179869184 93824994299904 93824996572973 140737488338256 0 0 0 134217728 4 74274 1 0 0 17 8 0 0 0 0 0 93824998874888 93825001005840 93825001308160 140737488340073 140737488340470 140737488340470 140737488351179 0
/proc/3554026/statm: 6727 3403 2098 555 0 1769 0
[pid=3554075] ppid=3554026 vsize=170524 memory=151524 CPUtime=1204.86 cores=8-9
/proc/3554075/stat : 3554075 (clingo) R 3554026 3554026 3553656 0 -1 0 38636 0 0 0 120475 11 0 0 20 0 1 0 923119182 174616576 37881 17179869184 93824992301056 93824992468925 140737488338416 0 0 0 134217728 4 25184771 0 0 0 17 8 0 0 0 0 0 93824992533936 93824992571272 93824992575488 140737488340183 140737488340354 140737488340354 140737488351170 0
/proc/3554075/statm: 42631 37881 2088 41 0 38710 0
Current children cumulated CPU time: 1204.93 s
Current children cumulated vsize: 197432 KiB
Current children cumulated memory: 165136 KiB

Sending SIGINT to process tree (bottom up)
Sleeping 5 seconds

[startup+1205.03 s]
# the end of solver process 3554026 was just reported to runsolver
# cumulated CPU time of all completed processes:  user=1204.82 s, system=0.153606 s

Solver just ended.
??? end of watcher thread
Dumping a history of the last processes samples

Child status: 1
Real time (s): 1205.03
CPU time (s): 1204.97
CPU user time (s): 1204.82
CPU system time (s): 0.153606
CPU usage (%): 99.9951
Max. virtual memory (cumulated for all children) (KiB): 197432
Max. memory (cumulated for all children) (KiB): 165136

getrusage(RUSAGE_CHILDREN,...) data:
user time used= 1204.82
system time used= 0.153606
maximum resident set size= 151740
integral shared memory size= 0
integral unshared data size= 0
integral unshared stack size= 0
page reclaims= 40650
page faults= 0
swaps= 0
block input operations= 0
block output operations= 0
messages sent= 0
messages received= 0
signals received= 0
voluntary context switches= 126
involuntary context switches= 1210


# summary of solver processes directly reported to runsolver:
#   pid: 3554026
#   total CPU time (s): 1204.97
#   total CPU user time (s): 1204.82
#   total CPU system time (s): 0.153606

??? end of timestamper thread
runsolver used 8.87891 second user time and 16.0149 second system time

The end
